[2025-01-29 13:11:16,233][__main__][INFO] - In total, there are 1229 possible subgroups
[2025-01-29 13:11:16,262][__main__][INFO] - [0], []
[2025-01-29 13:11:16,445][__main__][INFO] - [1], []
[2025-01-29 13:11:16,676][__main__][INFO] - [2], []
[2025-01-29 13:11:16,895][__main__][INFO] - [3], []
[2025-01-29 13:11:17,070][__main__][INFO] - [4], []
[2025-01-29 13:11:17,282][__main__][INFO] - [5], []
[2025-01-29 13:11:17,466][__main__][INFO] - [6], []
[2025-01-29 13:11:17,546][__main__][INFO] - [7], []
[2025-01-29 13:11:17,583][__main__][INFO] - [8], []
[2025-01-29 13:11:17,604][__main__][INFO] - [9], []
[2025-01-29 13:11:17,622][__main__][INFO] - [10], []
[2025-01-29 13:11:18,480][__main__][INFO] - [11], []
[2025-01-29 13:11:18,519][__main__][INFO] - [12], []
[2025-01-29 13:11:18,672][__main__][INFO] - [13], []
[2025-01-29 13:11:18,694][__main__][INFO] - [14], []
[2025-01-29 13:11:18,713][__main__][INFO] - [15], []
[2025-01-29 13:11:18,897][__main__][INFO] - [16], []
[2025-01-29 13:11:19,463][__main__][INFO] - [], [16]
[2025-01-29 13:11:20,102][__main__][INFO] - [17], []
[2025-01-29 13:11:20,234][__main__][INFO] - [18], []
[2025-01-29 13:11:20,997][__main__][INFO] - [19], []
[2025-01-29 13:11:21,058][__main__][INFO] - [20], []
[2025-01-29 13:11:21,112][__main__][INFO] - [21], []
[2025-01-29 13:11:21,133][__main__][INFO] - [22], []
[2025-01-29 13:11:21,153][__main__][INFO] - [23], []
[2025-01-29 13:11:21,338][__main__][INFO] - [24], []
[2025-01-29 13:11:21,356][__main__][INFO] - [25], []
[2025-01-29 13:11:21,406][__main__][INFO] - [0, 10], []
[2025-01-29 13:11:21,566][__main__][INFO] - [0, 11], []
[2025-01-29 13:11:21,587][__main__][INFO] - [0, 12], []
[2025-01-29 13:11:21,613][__main__][INFO] - [0, 13], []
[2025-01-29 13:11:21,634][__main__][INFO] - [0, 14], []
[2025-01-29 13:11:21,654][__main__][INFO] - [0, 15], []
[2025-01-29 13:11:21,682][__main__][INFO] - [0, 16], []
[2025-01-29 13:11:21,775][__main__][INFO] - [0], [16]
[2025-01-29 13:11:21,871][__main__][INFO] - [0, 17], []
[2025-01-29 13:11:21,910][__main__][INFO] - [0, 18], []
[2025-01-29 13:11:22,020][__main__][INFO] - [0, 19], []
[2025-01-29 13:11:22,049][__main__][INFO] - [0, 20], []
[2025-01-29 13:11:22,074][__main__][INFO] - [0, 21], []
[2025-01-29 13:11:22,095][__main__][INFO] - [0, 22], []
[2025-01-29 13:11:22,118][__main__][INFO] - [0, 23], []
[2025-01-29 13:11:22,153][__main__][INFO] - [0, 24], []
[2025-01-29 13:11:22,202][__main__][INFO] - [1, 10], []
[2025-01-29 13:11:22,386][__main__][INFO] - [1, 11], []
[2025-01-29 13:11:22,409][__main__][INFO] - [1, 12], []
[2025-01-29 13:11:22,445][__main__][INFO] - [1, 13], []
[2025-01-29 13:11:22,465][__main__][INFO] - [1, 14], []
[2025-01-29 13:11:22,485][__main__][INFO] - [1, 15], []
[2025-01-29 13:11:22,523][__main__][INFO] - [1, 16], []
[2025-01-29 13:11:22,635][__main__][INFO] - [1], [16]
[2025-01-29 13:11:22,761][__main__][INFO] - [1, 17], []
[2025-01-29 13:11:22,805][__main__][INFO] - [1, 18], []
[2025-01-29 13:11:22,942][__main__][INFO] - [1, 19], []
[2025-01-29 13:11:22,970][__main__][INFO] - [1, 20], []
[2025-01-29 13:11:22,997][__main__][INFO] - [1, 21], []
[2025-01-29 13:11:23,017][__main__][INFO] - [1, 22], []
[2025-01-29 13:11:23,038][__main__][INFO] - [1, 23], []
[2025-01-29 13:11:23,085][__main__][INFO] - [1, 24], []
[2025-01-29 13:11:23,133][__main__][INFO] - [2, 10], []
[2025-01-29 13:11:23,281][__main__][INFO] - [2, 11], []
[2025-01-29 13:11:23,305][__main__][INFO] - [2, 12], []
[2025-01-29 13:11:23,347][__main__][INFO] - [2, 13], []
[2025-01-29 13:11:23,368][__main__][INFO] - [2, 14], []
[2025-01-29 13:11:23,389][__main__][INFO] - [2, 15], []
[2025-01-29 13:11:23,437][__main__][INFO] - [2, 16], []
[2025-01-29 13:11:23,553][__main__][INFO] - [2], [16]
[2025-01-29 13:11:23,674][__main__][INFO] - [2, 17], []
[2025-01-29 13:11:23,715][__main__][INFO] - [2, 18], []
[2025-01-29 13:11:23,847][__main__][INFO] - [2, 19], []
[2025-01-29 13:11:23,873][__main__][INFO] - [2, 20], []
[2025-01-29 13:11:23,898][__main__][INFO] - [2, 21], []
[2025-01-29 13:11:23,919][__main__][INFO] - [2, 22], []
[2025-01-29 13:11:23,939][__main__][INFO] - [2, 23], []
[2025-01-29 13:11:23,988][__main__][INFO] - [2, 24], []
[2025-01-29 13:11:24,037][__main__][INFO] - [3, 10], []
[2025-01-29 13:11:24,141][__main__][INFO] - [3, 11], []
[2025-01-29 13:11:24,165][__main__][INFO] - [3, 12], []
[2025-01-29 13:11:24,209][__main__][INFO] - [3, 13], []
[2025-01-29 13:11:24,230][__main__][INFO] - [3, 14], []
[2025-01-29 13:11:24,250][__main__][INFO] - [3, 15], []
[2025-01-29 13:11:24,300][__main__][INFO] - [3, 16], []
[2025-01-29 13:11:24,386][__main__][INFO] - [3], [16]
[2025-01-29 13:11:24,482][__main__][INFO] - [3, 17], []
[2025-01-29 13:11:24,517][__main__][INFO] - [3, 18], []
[2025-01-29 13:11:24,622][__main__][INFO] - [3, 19], []
[2025-01-29 13:11:24,646][__main__][INFO] - [3, 20], []
[2025-01-29 13:11:24,671][__main__][INFO] - [3, 21], []
[2025-01-29 13:11:24,691][__main__][INFO] - [3, 22], []
[2025-01-29 13:11:24,712][__main__][INFO] - [3, 23], []
[2025-01-29 13:11:24,756][__main__][INFO] - [3, 24], []
[2025-01-29 13:11:24,806][__main__][INFO] - [4, 10], []
[2025-01-29 13:11:24,935][__main__][INFO] - [4, 11], []
[2025-01-29 13:11:24,959][__main__][INFO] - [4, 12], []
[2025-01-29 13:11:25,007][__main__][INFO] - [4, 13], []
[2025-01-29 13:11:25,028][__main__][INFO] - [4, 14], []
[2025-01-29 13:11:25,048][__main__][INFO] - [4, 15], []
[2025-01-29 13:11:25,104][__main__][INFO] - [4, 16], []
[2025-01-29 13:11:25,208][__main__][INFO] - [4], [16]
[2025-01-29 13:11:25,324][__main__][INFO] - [4, 17], []
[2025-01-29 13:11:25,361][__main__][INFO] - [4, 18], []
[2025-01-29 13:11:25,500][__main__][INFO] - [4, 19], []
[2025-01-29 13:11:25,524][__main__][INFO] - [4, 20], []
[2025-01-29 13:11:25,550][__main__][INFO] - [4, 21], []
[2025-01-29 13:11:25,571][__main__][INFO] - [4, 22], []
[2025-01-29 13:11:25,591][__main__][INFO] - [4, 23], []
[2025-01-29 13:11:25,639][__main__][INFO] - [4, 24], []
[2025-01-29 13:11:25,688][__main__][INFO] - [5, 10], []
[2025-01-29 13:11:25,813][__main__][INFO] - [5, 11], []
[2025-01-29 13:11:25,837][__main__][INFO] - [5, 12], []
[2025-01-29 13:11:25,880][__main__][INFO] - [5, 13], []
[2025-01-29 13:11:25,901][__main__][INFO] - [5, 14], []
[2025-01-29 13:11:25,921][__main__][INFO] - [5, 15], []
[2025-01-29 13:11:25,964][__main__][INFO] - [5, 16], []
[2025-01-29 13:11:26,058][__main__][INFO] - [5], [16]
[2025-01-29 13:11:26,159][__main__][INFO] - [5, 17], []
[2025-01-29 13:11:26,189][__main__][INFO] - [5, 18], []
[2025-01-29 13:11:26,319][__main__][INFO] - [5, 19], []
[2025-01-29 13:11:26,341][__main__][INFO] - [5, 20], []
[2025-01-29 13:11:26,367][__main__][INFO] - [5, 21], []
[2025-01-29 13:11:26,387][__main__][INFO] - [5, 22], []
[2025-01-29 13:11:26,408][__main__][INFO] - [5, 23], []
[2025-01-29 13:11:26,450][__main__][INFO] - [5, 24], []
[2025-01-29 13:11:26,499][__main__][INFO] - [6, 10], []
[2025-01-29 13:11:26,561][__main__][INFO] - [6, 11], []
[2025-01-29 13:11:26,582][__main__][INFO] - [6, 12], []
[2025-01-29 13:11:26,610][__main__][INFO] - [6, 13], []
[2025-01-29 13:11:26,630][__main__][INFO] - [6, 14], []
[2025-01-29 13:11:26,650][__main__][INFO] - [6, 15], []
[2025-01-29 13:11:26,676][__main__][INFO] - [6, 16], []
[2025-01-29 13:11:26,723][__main__][INFO] - [6], [16]
[2025-01-29 13:11:26,775][__main__][INFO] - [6, 17], []
[2025-01-29 13:11:26,797][__main__][INFO] - [6, 18], []
[2025-01-29 13:11:26,861][__main__][INFO] - [6, 19], []
[2025-01-29 13:11:26,882][__main__][INFO] - [6, 20], []
[2025-01-29 13:11:26,904][__main__][INFO] - [6, 21], []
[2025-01-29 13:11:26,924][__main__][INFO] - [6, 22], []
[2025-01-29 13:11:26,944][__main__][INFO] - [6, 23], []
[2025-01-29 13:11:26,972][__main__][INFO] - [6, 24], []
[2025-01-29 13:11:27,021][__main__][INFO] - [7, 10], []
[2025-01-29 13:11:27,055][__main__][INFO] - [7, 11], []
[2025-01-29 13:11:27,075][__main__][INFO] - [7, 12], []
[2025-01-29 13:11:27,096][__main__][INFO] - [7, 13], []
[2025-01-29 13:11:27,116][__main__][INFO] - [7, 14], []
[2025-01-29 13:11:27,136][__main__][INFO] - [7, 15], []
[2025-01-29 13:11:27,157][__main__][INFO] - [7, 16], []
[2025-01-29 13:11:27,184][__main__][INFO] - [7], [16]
[2025-01-29 13:11:27,214][__main__][INFO] - [7, 17], []
[2025-01-29 13:11:27,235][__main__][INFO] - [7, 18], []
[2025-01-29 13:11:27,269][__main__][INFO] - [7, 19], []
[2025-01-29 13:11:27,290][__main__][INFO] - [7, 20], []
[2025-01-29 13:11:27,310][__main__][INFO] - [7, 21], []
[2025-01-29 13:11:27,345][__main__][INFO] - [7, 23], []
[2025-01-29 13:11:27,411][__main__][INFO] - [8, 10], []
[2025-01-29 13:11:27,433][__main__][INFO] - [8, 11], []
[2025-01-29 13:11:27,453][__main__][INFO] - [8, 12], []
[2025-01-29 13:11:27,502][__main__][INFO] - [8, 15], []
[2025-01-29 13:11:27,522][__main__][INFO] - [8, 16], []
[2025-01-29 13:11:27,543][__main__][INFO] - [8], [16]
[2025-01-29 13:11:27,565][__main__][INFO] - [8, 17], []
[2025-01-29 13:11:27,585][__main__][INFO] - [8, 18], []
[2025-01-29 13:11:27,608][__main__][INFO] - [8, 19], []
[2025-01-29 13:11:27,628][__main__][INFO] - [8, 20], []
[2025-01-29 13:11:27,677][__main__][INFO] - [8, 23], []
[2025-01-29 13:11:27,741][__main__][INFO] - [9, 10], []
[2025-01-29 13:11:27,776][__main__][INFO] - [9, 12], []
[2025-01-29 13:11:27,839][__main__][INFO] - [9, 16], []
[2025-01-29 13:11:27,859][__main__][INFO] - [9], [16]
[2025-01-29 13:11:27,894][__main__][INFO] - [9, 18], []
[2025-01-29 13:11:27,973][__main__][INFO] - [9, 23], []
[2025-01-29 13:11:28,036][__main__][INFO] - [10, 16], []
[2025-01-29 13:11:28,429][__main__][INFO] - [10], [16]
[2025-01-29 13:11:28,852][__main__][INFO] - [10, 17], []
[2025-01-29 13:11:28,926][__main__][INFO] - [10, 18], []
[2025-01-29 13:11:29,534][__main__][INFO] - [10, 19], []
[2025-01-29 13:11:29,582][__main__][INFO] - [10, 20], []
[2025-01-29 13:11:29,633][__main__][INFO] - [10, 21], []
[2025-01-29 13:11:29,657][__main__][INFO] - [10, 22], []
[2025-01-29 13:11:29,678][__main__][INFO] - [10, 23], []
[2025-01-29 13:11:29,738][__main__][INFO] - [10, 24], []
[2025-01-29 13:11:29,760][__main__][INFO] - [10, 25], []
[2025-01-29 13:11:29,794][__main__][INFO] - [11, 16], []
[2025-01-29 13:11:29,822][__main__][INFO] - [11], [16]
[2025-01-29 13:11:29,853][__main__][INFO] - [11, 17], []
[2025-01-29 13:11:29,873][__main__][INFO] - [11, 18], []
[2025-01-29 13:11:29,911][__main__][INFO] - [11, 19], []
[2025-01-29 13:11:29,931][__main__][INFO] - [11, 20], []
[2025-01-29 13:11:29,981][__main__][INFO] - [11, 23], []
[2025-01-29 13:11:30,045][__main__][INFO] - [12, 16], []
[2025-01-29 13:11:30,125][__main__][INFO] - [12], [16]
[2025-01-29 13:11:30,208][__main__][INFO] - [12, 17], []
[2025-01-29 13:11:30,229][__main__][INFO] - [12, 18], []
[2025-01-29 13:11:30,258][__main__][INFO] - [12, 19], []
[2025-01-29 13:11:30,280][__main__][INFO] - [12, 20], []
[2025-01-29 13:11:30,329][__main__][INFO] - [12, 23], []
[2025-01-29 13:11:30,508][__main__][INFO] - [13, 16], []
[2025-01-29 13:11:30,530][__main__][INFO] - [13], [16]
[2025-01-29 13:11:30,552][__main__][INFO] - [13, 17], []
[2025-01-29 13:11:30,572][__main__][INFO] - [13, 18], []
[2025-01-29 13:11:30,593][__main__][INFO] - [13, 19], []
[2025-01-29 13:11:30,613][__main__][INFO] - [13, 20], []
[2025-01-29 13:11:30,664][__main__][INFO] - [13, 23], []
[2025-01-29 13:11:30,727][__main__][INFO] - [14, 16], []
[2025-01-29 13:11:30,748][__main__][INFO] - [14], [16]
[2025-01-29 13:11:30,783][__main__][INFO] - [14, 18], []
[2025-01-29 13:11:30,804][__main__][INFO] - [14, 19], []
[2025-01-29 13:11:30,852][__main__][INFO] - [14, 22], []
[2025-01-29 13:11:30,873][__main__][INFO] - [14, 23], []
[2025-01-29 13:11:30,936][__main__][INFO] - [15, 16], []
[2025-01-29 13:11:31,019][__main__][INFO] - [15], [16]
[2025-01-29 13:11:31,124][__main__][INFO] - [15, 17], []
[2025-01-29 13:11:31,198][__main__][INFO] - [15, 18], []
[2025-01-29 13:11:31,303][__main__][INFO] - [15, 19], []
[2025-01-29 13:11:31,325][__main__][INFO] - [15, 20], []
[2025-01-29 13:11:31,346][__main__][INFO] - [15, 21], []
[2025-01-29 13:11:31,366][__main__][INFO] - [15, 22], []
[2025-01-29 13:11:31,386][__main__][INFO] - [15, 23], []
[2025-01-29 13:11:31,406][__main__][INFO] - [15, 24], []
[2025-01-29 13:11:31,456][__main__][INFO] - [16, 17], []
[2025-01-29 13:11:31,522][__main__][INFO] - [16, 18], []
[2025-01-29 13:11:31,854][__main__][INFO] - [16, 19], []
[2025-01-29 13:11:31,890][__main__][INFO] - [16, 20], []
[2025-01-29 13:11:31,926][__main__][INFO] - [16, 21], []
[2025-01-29 13:11:31,947][__main__][INFO] - [16, 22], []
[2025-01-29 13:11:31,968][__main__][INFO] - [16, 23], []
[2025-01-29 13:11:32,064][__main__][INFO] - [16, 24], []
[2025-01-29 13:11:32,115][__main__][INFO] - [17], [16]
[2025-01-29 13:11:32,192][__main__][INFO] - [18], [16]
[2025-01-29 13:11:32,579][__main__][INFO] - [19], [16]
[2025-01-29 13:11:32,615][__main__][INFO] - [20], [16]
[2025-01-29 13:11:32,651][__main__][INFO] - [21], [16]
[2025-01-29 13:11:32,672][__main__][INFO] - [22], [16]
[2025-01-29 13:11:32,692][__main__][INFO] - [23], [16]
[2025-01-29 13:11:32,786][__main__][INFO] - [24], [16]
[2025-01-29 13:11:32,865][__main__][INFO] - [0, 10, 16], []
[2025-01-29 13:11:32,952][__main__][INFO] - [0, 10], [16]
[2025-01-29 13:11:33,040][__main__][INFO] - [0, 10, 17], []
[2025-01-29 13:11:33,078][__main__][INFO] - [0, 10, 18], []
[2025-01-29 13:11:33,182][__main__][INFO] - [0, 10, 19], []
[2025-01-29 13:11:33,212][__main__][INFO] - [0, 10, 20], []
[2025-01-29 13:11:33,240][__main__][INFO] - [0, 10, 21], []
[2025-01-29 13:11:33,263][__main__][INFO] - [0, 10, 22], []
[2025-01-29 13:11:33,285][__main__][INFO] - [0, 10, 23], []
[2025-01-29 13:11:33,317][__main__][INFO] - [0, 10, 24], []
[2025-01-29 13:11:33,370][__main__][INFO] - [0, 11, 16], []
[2025-01-29 13:11:33,393][__main__][INFO] - [0, 11], [16]
[2025-01-29 13:11:33,431][__main__][INFO] - [0, 11, 18], []
[2025-01-29 13:11:33,454][__main__][INFO] - [0, 11, 19], []
[2025-01-29 13:11:33,521][__main__][INFO] - [0, 11, 23], []
[2025-01-29 13:11:33,589][__main__][INFO] - [0, 12, 16], []
[2025-01-29 13:11:33,614][__main__][INFO] - [0, 12], [16]
[2025-01-29 13:11:33,654][__main__][INFO] - [0, 12, 18], []
[2025-01-29 13:11:33,677][__main__][INFO] - [0, 12, 19], []
[2025-01-29 13:11:33,744][__main__][INFO] - [0, 12, 23], []
[2025-01-29 13:11:33,816][__main__][INFO] - [0, 13, 16], []
[2025-01-29 13:11:33,839][__main__][INFO] - [0, 13], [16]
[2025-01-29 13:11:33,876][__main__][INFO] - [0, 13, 18], []
[2025-01-29 13:11:33,913][__main__][INFO] - [0, 13, 20], []
[2025-01-29 13:11:34,025][__main__][INFO] - [0, 14, 16], []
[2025-01-29 13:11:34,047][__main__][INFO] - [0, 14], [16]
[2025-01-29 13:11:34,084][__main__][INFO] - [0, 14, 18], []
[2025-01-29 13:11:34,150][__main__][INFO] - [0, 14, 22], []
[2025-01-29 13:11:34,232][__main__][INFO] - [0, 15, 16], []
[2025-01-29 13:11:34,258][__main__][INFO] - [0, 15], [16]
[2025-01-29 13:11:34,284][__main__][INFO] - [0, 15, 17], []
[2025-01-29 13:11:34,309][__main__][INFO] - [0, 15, 18], []
[2025-01-29 13:11:34,335][__main__][INFO] - [0, 15, 19], []
[2025-01-29 13:11:34,357][__main__][INFO] - [0, 15, 20], []
[2025-01-29 13:11:34,380][__main__][INFO] - [0, 15, 21], []
[2025-01-29 13:11:34,416][__main__][INFO] - [0, 15, 23], []
[2025-01-29 13:11:34,483][__main__][INFO] - [0, 16, 17], []
[2025-01-29 13:11:34,514][__main__][INFO] - [0, 16, 18], []
[2025-01-29 13:11:34,576][__main__][INFO] - [0, 16, 19], []
[2025-01-29 13:11:34,602][__main__][INFO] - [0, 16, 20], []
[2025-01-29 13:11:34,627][__main__][INFO] - [0, 16, 21], []
[2025-01-29 13:11:34,649][__main__][INFO] - [0, 16, 22], []
[2025-01-29 13:11:34,671][__main__][INFO] - [0, 16, 23], []
[2025-01-29 13:11:34,700][__main__][INFO] - [0, 16, 24], []
[2025-01-29 13:11:34,752][__main__][INFO] - [0, 17], [16]
[2025-01-29 13:11:34,783][__main__][INFO] - [0, 18], [16]
[2025-01-29 13:11:34,848][__main__][INFO] - [0, 19], [16]
[2025-01-29 13:11:34,874][__main__][INFO] - [0, 20], [16]
[2025-01-29 13:11:34,898][__main__][INFO] - [0, 21], [16]
[2025-01-29 13:11:34,921][__main__][INFO] - [0, 22], [16]
[2025-01-29 13:11:34,943][__main__][INFO] - [0, 23], [16]
[2025-01-29 13:11:34,972][__main__][INFO] - [0, 24], [16]
[2025-01-29 13:11:35,039][__main__][INFO] - [1, 10, 16], []
[2025-01-29 13:11:35,134][__main__][INFO] - [1, 10], [16]
[2025-01-29 13:11:35,235][__main__][INFO] - [1, 10, 17], []
[2025-01-29 13:11:35,275][__main__][INFO] - [1, 10, 18], []
[2025-01-29 13:11:35,398][__main__][INFO] - [1, 10, 19], []
[2025-01-29 13:11:35,428][__main__][INFO] - [1, 10, 20], []
[2025-01-29 13:11:35,456][__main__][INFO] - [1, 10, 21], []
[2025-01-29 13:11:35,480][__main__][INFO] - [1, 10, 22], []
[2025-01-29 13:11:35,503][__main__][INFO] - [1, 10, 23], []
[2025-01-29 13:11:35,537][__main__][INFO] - [1, 10, 24], []
[2025-01-29 13:11:35,589][__main__][INFO] - [1, 11, 16], []
[2025-01-29 13:11:35,613][__main__][INFO] - [1, 11], [16]
[2025-01-29 13:11:35,652][__main__][INFO] - [1, 11, 18], []
[2025-01-29 13:11:35,677][__main__][INFO] - [1, 11, 19], []
[2025-01-29 13:11:35,700][__main__][INFO] - [1, 11, 20], []
[2025-01-29 13:11:35,753][__main__][INFO] - [1, 11, 23], []
[2025-01-29 13:11:35,820][__main__][INFO] - [1, 12, 16], []
[2025-01-29 13:11:35,849][__main__][INFO] - [1, 12], [16]
[2025-01-29 13:11:35,893][__main__][INFO] - [1, 12, 18], []
[2025-01-29 13:11:35,917][__main__][INFO] - [1, 12, 19], []
[2025-01-29 13:11:35,984][__main__][INFO] - [1, 12, 23], []
[2025-01-29 13:11:36,065][__main__][INFO] - [1, 13, 16], []
[2025-01-29 13:11:36,088][__main__][INFO] - [1, 13], [16]
[2025-01-29 13:11:36,125][__main__][INFO] - [1, 13, 18], []
[2025-01-29 13:11:36,163][__main__][INFO] - [1, 13, 20], []
[2025-01-29 13:11:36,275][__main__][INFO] - [1, 14, 16], []
[2025-01-29 13:11:36,297][__main__][INFO] - [1, 14], [16]
[2025-01-29 13:11:36,335][__main__][INFO] - [1, 14, 18], []
[2025-01-29 13:11:36,402][__main__][INFO] - [1, 14, 22], []
[2025-01-29 13:11:36,425][__main__][INFO] - [1, 14, 23], []
[2025-01-29 13:11:36,493][__main__][INFO] - [1, 15, 16], []
[2025-01-29 13:11:36,522][__main__][INFO] - [1, 15], [16]
[2025-01-29 13:11:36,554][__main__][INFO] - [1, 15, 17], []
[2025-01-29 13:11:36,582][__main__][INFO] - [1, 15, 18], []
[2025-01-29 13:11:36,614][__main__][INFO] - [1, 15, 19], []
[2025-01-29 13:11:36,636][__main__][INFO] - [1, 15, 20], []
[2025-01-29 13:11:36,659][__main__][INFO] - [1, 15, 21], []
[2025-01-29 13:11:36,697][__main__][INFO] - [1, 15, 23], []
[2025-01-29 13:11:36,720][__main__][INFO] - [1, 15, 24], []
[2025-01-29 13:11:36,772][__main__][INFO] - [1, 16, 17], []
[2025-01-29 13:11:36,804][__main__][INFO] - [1, 16, 18], []
[2025-01-29 13:11:36,876][__main__][INFO] - [1, 16, 19], []
[2025-01-29 13:11:36,902][__main__][INFO] - [1, 16, 20], []
[2025-01-29 13:11:36,928][__main__][INFO] - [1, 16, 21], []
[2025-01-29 13:11:36,951][__main__][INFO] - [1, 16, 22], []
[2025-01-29 13:11:36,973][__main__][INFO] - [1, 16, 23], []
[2025-01-29 13:11:37,008][__main__][INFO] - [1, 16, 24], []
[2025-01-29 13:11:37,060][__main__][INFO] - [1, 17], [16]
[2025-01-29 13:11:37,094][__main__][INFO] - [1, 18], [16]
[2025-01-29 13:11:37,175][__main__][INFO] - [1, 19], [16]
[2025-01-29 13:11:37,201][__main__][INFO] - [1, 20], [16]
[2025-01-29 13:11:37,226][__main__][INFO] - [1, 21], [16]
[2025-01-29 13:11:37,249][__main__][INFO] - [1, 22], [16]
[2025-01-29 13:11:37,271][__main__][INFO] - [1, 23], [16]
[2025-01-29 13:11:37,306][__main__][INFO] - [1, 24], [16]
[2025-01-29 13:11:37,372][__main__][INFO] - [2, 10, 16], []
[2025-01-29 13:11:37,450][__main__][INFO] - [2, 10], [16]
[2025-01-29 13:11:37,536][__main__][INFO] - [2, 10, 17], []
[2025-01-29 13:11:37,568][__main__][INFO] - [2, 10, 18], []
[2025-01-29 13:11:37,675][__main__][INFO] - [2, 10, 19], []
[2025-01-29 13:11:37,702][__main__][INFO] - [2, 10, 20], []
[2025-01-29 13:11:37,730][__main__][INFO] - [2, 10, 21], []
[2025-01-29 13:11:37,753][__main__][INFO] - [2, 10, 22], []
[2025-01-29 13:11:37,776][__main__][INFO] - [2, 10, 23], []
[2025-01-29 13:11:37,807][__main__][INFO] - [2, 10, 24], []
[2025-01-29 13:11:37,859][__main__][INFO] - [2, 11, 16], []
[2025-01-29 13:11:37,884][__main__][INFO] - [2, 11], [16]
[2025-01-29 13:11:37,923][__main__][INFO] - [2, 11, 18], []
[2025-01-29 13:11:37,950][__main__][INFO] - [2, 11, 19], []
[2025-01-29 13:11:38,017][__main__][INFO] - [2, 11, 23], []
[2025-01-29 13:11:38,085][__main__][INFO] - [2, 12, 16], []
[2025-01-29 13:11:38,117][__main__][INFO] - [2, 12], [16]
[2025-01-29 13:11:38,165][__main__][INFO] - [2, 12, 18], []
[2025-01-29 13:11:38,189][__main__][INFO] - [2, 12, 19], []
[2025-01-29 13:11:38,257][__main__][INFO] - [2, 12, 23], []
[2025-01-29 13:11:38,343][__main__][INFO] - [2, 13, 16], []
[2025-01-29 13:11:38,366][__main__][INFO] - [2, 13], [16]
[2025-01-29 13:11:38,404][__main__][INFO] - [2, 13, 18], []
[2025-01-29 13:11:38,442][__main__][INFO] - [2, 13, 20], []
[2025-01-29 13:11:38,499][__main__][INFO] - [2, 13, 23], []
[2025-01-29 13:11:38,567][__main__][INFO] - [2, 14, 16], []
[2025-01-29 13:11:38,589][__main__][INFO] - [2, 14], [16]
[2025-01-29 13:11:38,627][__main__][INFO] - [2, 14, 18], []
[2025-01-29 13:11:38,695][__main__][INFO] - [2, 14, 22], []
[2025-01-29 13:11:38,718][__main__][INFO] - [2, 14, 23], []
[2025-01-29 13:11:38,785][__main__][INFO] - [2, 15, 16], []
[2025-01-29 13:11:38,818][__main__][INFO] - [2, 15], [16]
[2025-01-29 13:11:38,857][__main__][INFO] - [2, 15, 17], []
[2025-01-29 13:11:38,889][__main__][INFO] - [2, 15, 18], []
[2025-01-29 13:11:38,926][__main__][INFO] - [2, 15, 19], []
[2025-01-29 13:11:38,949][__main__][INFO] - [2, 15, 20], []
[2025-01-29 13:11:38,972][__main__][INFO] - [2, 15, 21], []
[2025-01-29 13:11:39,009][__main__][INFO] - [2, 15, 23], []
[2025-01-29 13:11:39,032][__main__][INFO] - [2, 15, 24], []
[2025-01-29 13:11:39,085][__main__][INFO] - [2, 16, 17], []
[2025-01-29 13:11:39,115][__main__][INFO] - [2, 16, 18], []
[2025-01-29 13:11:39,183][__main__][INFO] - [2, 16, 19], []
[2025-01-29 13:11:39,208][__main__][INFO] - [2, 16, 20], []
[2025-01-29 13:11:39,233][__main__][INFO] - [2, 16, 21], []
[2025-01-29 13:11:39,255][__main__][INFO] - [2, 16, 22], []
[2025-01-29 13:11:39,278][__main__][INFO] - [2, 16, 23], []
[2025-01-29 13:11:39,314][__main__][INFO] - [2, 16, 24], []
[2025-01-29 13:11:39,367][__main__][INFO] - [2, 17], [16]
[2025-01-29 13:11:39,400][__main__][INFO] - [2, 18], [16]
[2025-01-29 13:11:39,479][__main__][INFO] - [2, 19], [16]
[2025-01-29 13:11:39,504][__main__][INFO] - [2, 20], [16]
[2025-01-29 13:11:39,529][__main__][INFO] - [2, 21], [16]
[2025-01-29 13:11:39,552][__main__][INFO] - [2, 22], [16]
[2025-01-29 13:11:39,575][__main__][INFO] - [2, 23], [16]
[2025-01-29 13:11:39,611][__main__][INFO] - [2, 24], [16]
[2025-01-29 13:11:39,677][__main__][INFO] - [3, 10, 16], []
[2025-01-29 13:11:39,737][__main__][INFO] - [3, 10], [16]
[2025-01-29 13:11:39,799][__main__][INFO] - [3, 10, 17], []
[2025-01-29 13:11:39,826][__main__][INFO] - [3, 10, 18], []
[2025-01-29 13:11:39,909][__main__][INFO] - [3, 10, 19], []
[2025-01-29 13:11:39,934][__main__][INFO] - [3, 10, 20], []
[2025-01-29 13:11:39,961][__main__][INFO] - [3, 10, 21], []
[2025-01-29 13:11:39,984][__main__][INFO] - [3, 10, 22], []
[2025-01-29 13:11:40,007][__main__][INFO] - [3, 10, 23], []
[2025-01-29 13:11:40,034][__main__][INFO] - [3, 10, 24], []
[2025-01-29 13:11:40,086][__main__][INFO] - [3, 11, 16], []
[2025-01-29 13:11:40,111][__main__][INFO] - [3, 11], [16]
[2025-01-29 13:11:40,150][__main__][INFO] - [3, 11, 18], []
[2025-01-29 13:11:40,176][__main__][INFO] - [3, 11, 19], []
[2025-01-29 13:11:40,243][__main__][INFO] - [3, 11, 23], []
[2025-01-29 13:11:40,310][__main__][INFO] - [3, 12, 16], []
[2025-01-29 13:11:40,343][__main__][INFO] - [3, 12], [16]
[2025-01-29 13:11:40,391][__main__][INFO] - [3, 12, 18], []
[2025-01-29 13:11:40,415][__main__][INFO] - [3, 12, 19], []
[2025-01-29 13:11:40,483][__main__][INFO] - [3, 12, 23], []
[2025-01-29 13:11:40,571][__main__][INFO] - [3, 13, 16], []
[2025-01-29 13:11:40,594][__main__][INFO] - [3, 13], [16]
[2025-01-29 13:11:40,632][__main__][INFO] - [3, 13, 18], []
[2025-01-29 13:11:40,670][__main__][INFO] - [3, 13, 20], []
[2025-01-29 13:11:40,724][__main__][INFO] - [3, 13, 23], []
[2025-01-29 13:11:40,791][__main__][INFO] - [3, 14, 16], []
[2025-01-29 13:11:40,814][__main__][INFO] - [3, 14], [16]
[2025-01-29 13:11:40,851][__main__][INFO] - [3, 14, 18], []
[2025-01-29 13:11:40,874][__main__][INFO] - [3, 14, 19], []
[2025-01-29 13:11:40,926][__main__][INFO] - [3, 14, 22], []
[2025-01-29 13:11:40,949][__main__][INFO] - [3, 14, 23], []
[2025-01-29 13:11:41,016][__main__][INFO] - [3, 15, 16], []
[2025-01-29 13:11:41,051][__main__][INFO] - [3, 15], [16]
[2025-01-29 13:11:41,088][__main__][INFO] - [3, 15, 17], []
[2025-01-29 13:11:41,121][__main__][INFO] - [3, 15, 18], []
[2025-01-29 13:11:41,159][__main__][INFO] - [3, 15, 19], []
[2025-01-29 13:11:41,182][__main__][INFO] - [3, 15, 20], []
[2025-01-29 13:11:41,205][__main__][INFO] - [3, 15, 21], []
[2025-01-29 13:11:41,242][__main__][INFO] - [3, 15, 23], []
[2025-01-29 13:11:41,265][__main__][INFO] - [3, 15, 24], []
[2025-01-29 13:11:41,318][__main__][INFO] - [3, 16, 17], []
[2025-01-29 13:11:41,346][__main__][INFO] - [3, 16, 18], []
[2025-01-29 13:11:41,404][__main__][INFO] - [3, 16, 19], []
[2025-01-29 13:11:41,428][__main__][INFO] - [3, 16, 20], []
[2025-01-29 13:11:41,453][__main__][INFO] - [3, 16, 21], []
[2025-01-29 13:11:41,475][__main__][INFO] - [3, 16, 22], []
[2025-01-29 13:11:41,498][__main__][INFO] - [3, 16, 23], []
[2025-01-29 13:11:41,532][__main__][INFO] - [3, 16, 24], []
[2025-01-29 13:11:41,584][__main__][INFO] - [3, 17], [16]
[2025-01-29 13:11:41,614][__main__][INFO] - [3, 18], [16]
[2025-01-29 13:11:41,679][__main__][INFO] - [3, 19], [16]
[2025-01-29 13:11:41,703][__main__][INFO] - [3, 20], [16]
[2025-01-29 13:11:41,727][__main__][INFO] - [3, 21], [16]
[2025-01-29 13:11:41,749][__main__][INFO] - [3, 22], [16]
[2025-01-29 13:11:41,772][__main__][INFO] - [3, 23], [16]
[2025-01-29 13:11:41,805][__main__][INFO] - [3, 24], [16]
[2025-01-29 13:11:41,872][__main__][INFO] - [4, 10, 16], []
[2025-01-29 13:11:41,942][__main__][INFO] - [4, 10], [16]
[2025-01-29 13:11:42,017][__main__][INFO] - [4, 10, 17], []
[2025-01-29 13:11:42,043][__main__][INFO] - [4, 10, 18], []
[2025-01-29 13:11:42,153][__main__][INFO] - [4, 10, 19], []
[2025-01-29 13:11:42,178][__main__][INFO] - [4, 10, 20], []
[2025-01-29 13:11:42,206][__main__][INFO] - [4, 10, 21], []
[2025-01-29 13:11:42,229][__main__][INFO] - [4, 10, 22], []
[2025-01-29 13:11:42,253][__main__][INFO] - [4, 10, 23], []
[2025-01-29 13:11:42,278][__main__][INFO] - [4, 10, 24], []
[2025-01-29 13:11:42,331][__main__][INFO] - [4, 11, 16], []
[2025-01-29 13:11:42,355][__main__][INFO] - [4, 11], [16]
[2025-01-29 13:11:42,394][__main__][INFO] - [4, 11, 18], []
[2025-01-29 13:11:42,421][__main__][INFO] - [4, 11, 19], []
[2025-01-29 13:11:42,443][__main__][INFO] - [4, 11, 20], []
[2025-01-29 13:11:42,496][__main__][INFO] - [4, 11, 23], []
[2025-01-29 13:11:42,563][__main__][INFO] - [4, 12, 16], []
[2025-01-29 13:11:42,599][__main__][INFO] - [4, 12], [16]
[2025-01-29 13:11:42,648][__main__][INFO] - [4, 12, 18], []
[2025-01-29 13:11:42,673][__main__][INFO] - [4, 12, 19], []
[2025-01-29 13:11:42,741][__main__][INFO] - [4, 12, 23], []
[2025-01-29 13:11:42,831][__main__][INFO] - [4, 13, 16], []
[2025-01-29 13:11:42,854][__main__][INFO] - [4, 13], [16]
[2025-01-29 13:11:42,892][__main__][INFO] - [4, 13, 18], []
[2025-01-29 13:11:42,930][__main__][INFO] - [4, 13, 20], []
[2025-01-29 13:11:42,983][__main__][INFO] - [4, 13, 23], []
[2025-01-29 13:11:43,051][__main__][INFO] - [4, 14, 16], []
[2025-01-29 13:11:43,074][__main__][INFO] - [4, 14], [16]
[2025-01-29 13:11:43,111][__main__][INFO] - [4, 14, 18], []
[2025-01-29 13:11:43,134][__main__][INFO] - [4, 14, 19], []
[2025-01-29 13:11:43,187][__main__][INFO] - [4, 14, 22], []
[2025-01-29 13:11:43,269][__main__][INFO] - [4, 15, 16], []
[2025-01-29 13:11:43,306][__main__][INFO] - [4, 15], [16]
[2025-01-29 13:11:43,348][__main__][INFO] - [4, 15, 17], []
[2025-01-29 13:11:43,384][__main__][INFO] - [4, 15, 18], []
[2025-01-29 13:11:43,425][__main__][INFO] - [4, 15, 19], []
[2025-01-29 13:11:43,448][__main__][INFO] - [4, 15, 20], []
[2025-01-29 13:11:43,471][__main__][INFO] - [4, 15, 21], []
[2025-01-29 13:11:43,537][__main__][INFO] - [4, 15, 23], []
[2025-01-29 13:11:43,577][__main__][INFO] - [4, 15, 24], []
[2025-01-29 13:11:43,685][__main__][INFO] - [4, 16, 17], []
[2025-01-29 13:11:43,732][__main__][INFO] - [4, 16, 18], []
[2025-01-29 13:11:43,853][__main__][INFO] - [4, 16, 19], []
[2025-01-29 13:11:43,892][__main__][INFO] - [4, 16, 20], []
[2025-01-29 13:11:43,931][__main__][INFO] - [4, 16, 21], []
[2025-01-29 13:11:43,976][__main__][INFO] - [4, 16, 22], []
[2025-01-29 13:11:44,010][__main__][INFO] - [4, 16, 23], []
[2025-01-29 13:11:44,074][__main__][INFO] - [4, 16, 24], []
[2025-01-29 13:11:44,172][__main__][INFO] - [4, 17], [16]
[2025-01-29 13:11:44,224][__main__][INFO] - [4, 18], [16]
[2025-01-29 13:11:44,348][__main__][INFO] - [4, 19], [16]
[2025-01-29 13:11:44,384][__main__][INFO] - [4, 20], [16]
[2025-01-29 13:11:44,421][__main__][INFO] - [4, 21], [16]
[2025-01-29 13:11:44,455][__main__][INFO] - [4, 22], [16]
[2025-01-29 13:11:44,495][__main__][INFO] - [4, 23], [16]
[2025-01-29 13:11:44,548][__main__][INFO] - [4, 24], [16]
[2025-01-29 13:11:44,664][__main__][INFO] - [5, 10, 16], []
[2025-01-29 13:11:44,780][__main__][INFO] - [5, 10], [16]
[2025-01-29 13:11:44,897][__main__][INFO] - [5, 10, 17], []
[2025-01-29 13:11:44,936][__main__][INFO] - [5, 10, 18], []
[2025-01-29 13:11:45,121][__main__][INFO] - [5, 10, 19], []
[2025-01-29 13:11:45,158][__main__][INFO] - [5, 10, 20], []
[2025-01-29 13:11:45,202][__main__][INFO] - [5, 10, 21], []
[2025-01-29 13:11:45,236][__main__][INFO] - [5, 10, 22], []
[2025-01-29 13:11:45,271][__main__][INFO] - [5, 10, 23], []
[2025-01-29 13:11:45,306][__main__][INFO] - [5, 10, 24], []
[2025-01-29 13:11:45,390][__main__][INFO] - [5, 11, 16], []
[2025-01-29 13:11:45,426][__main__][INFO] - [5, 11], [16]
[2025-01-29 13:11:45,493][__main__][INFO] - [5, 11, 18], []
[2025-01-29 13:11:45,534][__main__][INFO] - [5, 11, 19], []
[2025-01-29 13:11:45,758][__main__][INFO] - [5, 12, 16], []
[2025-01-29 13:11:45,810][__main__][INFO] - [5, 12], [16]
[2025-01-29 13:11:45,889][__main__][INFO] - [5, 12, 18], []
[2025-01-29 13:11:45,924][__main__][INFO] - [5, 12, 19], []
[2025-01-29 13:11:46,043][__main__][INFO] - [5, 12, 23], []
[2025-01-29 13:11:46,199][__main__][INFO] - [5, 13, 16], []
[2025-01-29 13:11:46,233][__main__][INFO] - [5, 13], [16]
[2025-01-29 13:11:46,297][__main__][INFO] - [5, 13, 18], []
[2025-01-29 13:11:46,361][__main__][INFO] - [5, 13, 20], []
[2025-01-29 13:11:46,457][__main__][INFO] - [5, 13, 23], []
[2025-01-29 13:11:46,580][__main__][INFO] - [5, 14, 16], []
[2025-01-29 13:11:46,614][__main__][INFO] - [5, 14], [16]
[2025-01-29 13:11:46,676][__main__][INFO] - [5, 14, 18], []
[2025-01-29 13:11:46,718][__main__][INFO] - [5, 14, 19], []
[2025-01-29 13:11:46,801][__main__][INFO] - [5, 14, 22], []
[2025-01-29 13:11:46,834][__main__][INFO] - [5, 14, 23], []
[2025-01-29 13:11:46,945][__main__][INFO] - [5, 15, 16], []
[2025-01-29 13:11:46,997][__main__][INFO] - [5, 15], [16]
[2025-01-29 13:11:47,053][__main__][INFO] - [5, 15, 17], []
[2025-01-29 13:11:47,100][__main__][INFO] - [5, 15, 18], []
[2025-01-29 13:11:47,163][__main__][INFO] - [5, 15, 19], []
[2025-01-29 13:11:47,203][__main__][INFO] - [5, 15, 20], []
[2025-01-29 13:11:47,239][__main__][INFO] - [5, 15, 21], []
[2025-01-29 13:11:47,304][__main__][INFO] - [5, 15, 23], []
[2025-01-29 13:11:47,338][__main__][INFO] - [5, 15, 24], []
[2025-01-29 13:11:47,425][__main__][INFO] - [5, 16, 17], []
[2025-01-29 13:11:47,465][__main__][INFO] - [5, 16, 18], []
[2025-01-29 13:11:47,578][__main__][INFO] - [5, 16, 19], []
[2025-01-29 13:11:47,613][__main__][INFO] - [5, 16, 20], []
[2025-01-29 13:11:47,653][__main__][INFO] - [5, 16, 21], []
[2025-01-29 13:11:47,694][__main__][INFO] - [5, 16, 22], []
[2025-01-29 13:11:47,725][__main__][INFO] - [5, 16, 23], []
[2025-01-29 13:11:47,772][__main__][INFO] - [5, 16, 24], []
[2025-01-29 13:11:47,858][__main__][INFO] - [5, 17], [16]
[2025-01-29 13:11:47,900][__main__][INFO] - [5, 18], [16]
[2025-01-29 13:11:48,033][__main__][INFO] - [5, 19], [16]
[2025-01-29 13:11:48,067][__main__][INFO] - [5, 20], [16]
[2025-01-29 13:11:48,105][__main__][INFO] - [5, 21], [16]
[2025-01-29 13:11:48,138][__main__][INFO] - [5, 22], [16]
[2025-01-29 13:11:48,172][__main__][INFO] - [5, 23], [16]
[2025-01-29 13:11:48,227][__main__][INFO] - [5, 24], [16]
[2025-01-29 13:11:48,340][__main__][INFO] - [6, 10, 16], []
[2025-01-29 13:11:48,404][__main__][INFO] - [6, 10], [16]
[2025-01-29 13:11:48,472][__main__][INFO] - [6, 10, 17], []
[2025-01-29 13:11:48,507][__main__][INFO] - [6, 10, 18], []
[2025-01-29 13:11:48,603][__main__][INFO] - [6, 10, 19], []
[2025-01-29 13:11:48,637][__main__][INFO] - [6, 10, 20], []
[2025-01-29 13:11:48,675][__main__][INFO] - [6, 10, 21], []
[2025-01-29 13:11:48,710][__main__][INFO] - [6, 10, 22], []
[2025-01-29 13:11:48,743][__main__][INFO] - [6, 10, 23], []
[2025-01-29 13:11:48,858][__main__][INFO] - [6, 11, 16], []
[2025-01-29 13:11:48,881][__main__][INFO] - [6, 11], [16]
[2025-01-29 13:11:48,919][__main__][INFO] - [6, 11, 18], []
[2025-01-29 13:11:49,062][__main__][INFO] - [6, 12, 16], []
[2025-01-29 13:11:49,088][__main__][INFO] - [6, 12], [16]
[2025-01-29 13:11:49,130][__main__][INFO] - [6, 12, 18], []
[2025-01-29 13:11:49,153][__main__][INFO] - [6, 12, 19], []
[2025-01-29 13:11:49,220][__main__][INFO] - [6, 12, 23], []
[2025-01-29 13:11:49,294][__main__][INFO] - [6, 13, 16], []
[2025-01-29 13:11:49,317][__main__][INFO] - [6, 13], [16]
[2025-01-29 13:11:49,354][__main__][INFO] - [6, 13, 18], []
[2025-01-29 13:11:49,392][__main__][INFO] - [6, 13, 20], []
[2025-01-29 13:11:49,519][__main__][INFO] - [6, 14], [16]
[2025-01-29 13:11:49,690][__main__][INFO] - [6, 15, 16], []
[2025-01-29 13:11:49,715][__main__][INFO] - [6, 15], [16]
[2025-01-29 13:11:49,740][__main__][INFO] - [6, 15, 17], []
[2025-01-29 13:11:49,764][__main__][INFO] - [6, 15, 18], []
[2025-01-29 13:11:49,790][__main__][INFO] - [6, 15, 19], []
[2025-01-29 13:11:49,812][__main__][INFO] - [6, 15, 20], []
[2025-01-29 13:11:49,865][__main__][INFO] - [6, 15, 23], []
[2025-01-29 13:11:49,932][__main__][INFO] - [6, 16, 17], []
[2025-01-29 13:11:49,955][__main__][INFO] - [6, 16, 18], []
[2025-01-29 13:11:49,995][__main__][INFO] - [6, 16, 19], []
[2025-01-29 13:11:50,018][__main__][INFO] - [6, 16, 20], []
[2025-01-29 13:11:50,041][__main__][INFO] - [6, 16, 21], []
[2025-01-29 13:11:50,063][__main__][INFO] - [6, 16, 22], []
[2025-01-29 13:11:50,086][__main__][INFO] - [6, 16, 23], []
[2025-01-29 13:11:50,156][__main__][INFO] - [6, 17], [16]
[2025-01-29 13:11:50,180][__main__][INFO] - [6, 18], [16]
[2025-01-29 13:11:50,225][__main__][INFO] - [6, 19], [16]
[2025-01-29 13:11:50,247][__main__][INFO] - [6, 20], [16]
[2025-01-29 13:11:50,270][__main__][INFO] - [6, 21], [16]
[2025-01-29 13:11:50,293][__main__][INFO] - [6, 22], [16]
[2025-01-29 13:11:50,315][__main__][INFO] - [6, 23], [16]
[2025-01-29 13:11:50,400][__main__][INFO] - [7, 10, 16], []
[2025-01-29 13:11:50,429][__main__][INFO] - [7, 10], [16]
[2025-01-29 13:11:50,459][__main__][INFO] - [7, 10, 17], []
[2025-01-29 13:11:50,481][__main__][INFO] - [7, 10, 18], []
[2025-01-29 13:11:50,516][__main__][INFO] - [7, 10, 19], []
[2025-01-29 13:11:50,539][__main__][INFO] - [7, 10, 20], []
[2025-01-29 13:11:50,562][__main__][INFO] - [7, 10, 21], []
[2025-01-29 13:11:50,600][__main__][INFO] - [7, 10, 23], []
[2025-01-29 13:11:50,668][__main__][INFO] - [7, 11, 16], []
[2025-01-29 13:11:50,691][__main__][INFO] - [7, 11], [16]
[2025-01-29 13:11:50,728][__main__][INFO] - [7, 11, 18], []
[2025-01-29 13:11:50,870][__main__][INFO] - [7, 12, 16], []
[2025-01-29 13:11:50,893][__main__][INFO] - [7, 12], [16]
[2025-01-29 13:11:50,931][__main__][INFO] - [7, 12, 18], []
[2025-01-29 13:11:50,954][__main__][INFO] - [7, 12, 19], []
[2025-01-29 13:11:51,022][__main__][INFO] - [7, 12, 23], []
[2025-01-29 13:11:51,105][__main__][INFO] - [7, 13], [16]
[2025-01-29 13:11:51,143][__main__][INFO] - [7, 13, 18], []
[2025-01-29 13:11:51,575][__main__][INFO] - [7, 15, 16], []
[2025-01-29 13:11:51,612][__main__][INFO] - [7, 15], [16]
[2025-01-29 13:11:51,648][__main__][INFO] - [7, 15, 17], []
[2025-01-29 13:11:51,691][__main__][INFO] - [7, 15, 18], []
[2025-01-29 13:11:51,726][__main__][INFO] - [7, 15, 19], []
[2025-01-29 13:11:51,959][__main__][INFO] - [7, 16, 17], []
[2025-01-29 13:11:51,997][__main__][INFO] - [7, 16, 18], []
[2025-01-29 13:11:52,040][__main__][INFO] - [7, 16, 19], []
[2025-01-29 13:11:52,073][__main__][INFO] - [7, 16, 20], []
[2025-01-29 13:11:52,107][__main__][INFO] - [7, 16, 21], []
[2025-01-29 13:11:52,175][__main__][INFO] - [7, 16, 23], []
[2025-01-29 13:11:52,298][__main__][INFO] - [7, 17], [16]
[2025-01-29 13:11:52,333][__main__][INFO] - [7, 18], [16]
[2025-01-29 13:11:52,380][__main__][INFO] - [7, 19], [16]
[2025-01-29 13:11:52,412][__main__][INFO] - [7, 20], [16]
[2025-01-29 13:11:52,446][__main__][INFO] - [7, 21], [16]
[2025-01-29 13:11:52,508][__main__][INFO] - [7, 23], [16]
[2025-01-29 13:11:52,646][__main__][INFO] - [8, 10, 16], []
[2025-01-29 13:11:52,687][__main__][INFO] - [8, 10], [16]
[2025-01-29 13:11:52,752][__main__][INFO] - [8, 10, 18], []
[2025-01-29 13:11:52,795][__main__][INFO] - [8, 10, 19], []
[2025-01-29 13:11:52,828][__main__][INFO] - [8, 10, 20], []
[2025-01-29 13:11:52,913][__main__][INFO] - [8, 10, 23], []
[2025-01-29 13:11:53,028][__main__][INFO] - [8, 11, 16], []
[2025-01-29 13:11:53,063][__main__][INFO] - [8, 11], [16]
[2025-01-29 13:11:53,128][__main__][INFO] - [8, 11, 18], []
[2025-01-29 13:11:53,388][__main__][INFO] - [8, 12, 16], []
[2025-01-29 13:11:53,423][__main__][INFO] - [8, 12], [16]
[2025-01-29 13:11:53,477][__main__][INFO] - [8, 12, 18], []
[2025-01-29 13:11:53,561][__main__][INFO] - [8, 12, 23], []
[2025-01-29 13:11:53,657][__main__][INFO] - [8, 15, 16], []
[2025-01-29 13:11:53,686][__main__][INFO] - [8, 15], [16]
[2025-01-29 13:11:53,724][__main__][INFO] - [8, 15, 18], []
[2025-01-29 13:11:53,880][__main__][INFO] - [8, 16, 18], []
[2025-01-29 13:11:53,904][__main__][INFO] - [8, 16, 19], []
[2025-01-29 13:11:53,926][__main__][INFO] - [8, 16, 20], []
[2025-01-29 13:11:53,978][__main__][INFO] - [8, 16, 23], []
[2025-01-29 13:11:54,045][__main__][INFO] - [8, 17], [16]
[2025-01-29 13:11:54,067][__main__][INFO] - [8, 18], [16]
[2025-01-29 13:11:54,091][__main__][INFO] - [8, 19], [16]
[2025-01-29 13:11:54,113][__main__][INFO] - [8, 20], [16]
[2025-01-29 13:11:54,165][__main__][INFO] - [8, 23], [16]
[2025-01-29 13:11:54,247][__main__][INFO] - [9, 10, 16], []
[2025-01-29 13:11:54,270][__main__][INFO] - [9, 10], [16]
[2025-01-29 13:11:54,307][__main__][INFO] - [9, 10, 18], []
[2025-01-29 13:11:54,699][__main__][INFO] - [9, 16, 18], []
[2025-01-29 13:11:54,854][__main__][INFO] - [9, 18], [16]
[2025-01-29 13:11:55,010][__main__][INFO] - [10, 16, 17], []
[2025-01-29 13:11:55,055][__main__][INFO] - [10, 16, 18], []
[2025-01-29 13:11:55,334][__main__][INFO] - [10, 16, 19], []
[2025-01-29 13:11:55,369][__main__][INFO] - [10, 16, 20], []
[2025-01-29 13:11:55,405][__main__][INFO] - [10, 16, 21], []
[2025-01-29 13:11:55,429][__main__][INFO] - [10, 16, 22], []
[2025-01-29 13:11:55,452][__main__][INFO] - [10, 16, 23], []
[2025-01-29 13:11:55,492][__main__][INFO] - [10, 16, 24], []
[2025-01-29 13:11:55,545][__main__][INFO] - [10, 17], [16]
[2025-01-29 13:11:55,592][__main__][INFO] - [10, 18], [16]
[2025-01-29 13:11:55,901][__main__][INFO] - [10, 19], [16]
[2025-01-29 13:11:55,936][__main__][INFO] - [10, 20], [16]
[2025-01-29 13:11:55,972][__main__][INFO] - [10, 21], [16]
[2025-01-29 13:11:55,995][__main__][INFO] - [10, 22], [16]
[2025-01-29 13:11:56,018][__main__][INFO] - [10, 23], [16]
[2025-01-29 13:11:56,059][__main__][INFO] - [10, 24], [16]
[2025-01-29 13:11:56,126][__main__][INFO] - [11, 16, 17], []
[2025-01-29 13:11:56,148][__main__][INFO] - [11, 16, 18], []
[2025-01-29 13:11:56,177][__main__][INFO] - [11, 16, 19], []
[2025-01-29 13:11:56,199][__main__][INFO] - [11, 16, 20], []
[2025-01-29 13:11:56,251][__main__][INFO] - [11, 16, 23], []
[2025-01-29 13:11:56,318][__main__][INFO] - [11, 17], [16]
[2025-01-29 13:11:56,341][__main__][INFO] - [11, 18], [16]
[2025-01-29 13:11:56,372][__main__][INFO] - [11, 19], [16]
[2025-01-29 13:11:56,394][__main__][INFO] - [11, 20], [16]
[2025-01-29 13:11:56,446][__main__][INFO] - [11, 23], [16]
[2025-01-29 13:11:56,527][__main__][INFO] - [12, 16, 17], []
[2025-01-29 13:11:56,549][__main__][INFO] - [12, 16, 18], []
[2025-01-29 13:11:56,574][__main__][INFO] - [12, 16, 19], []
[2025-01-29 13:11:56,641][__main__][INFO] - [12, 16, 23], []
[2025-01-29 13:11:56,762][__main__][INFO] - [12, 17], [16]
[2025-01-29 13:11:56,785][__main__][INFO] - [12, 18], [16]
[2025-01-29 13:11:56,811][__main__][INFO] - [12, 19], [16]
[2025-01-29 13:11:56,878][__main__][INFO] - [12, 23], [16]
[2025-01-29 13:11:57,024][__main__][INFO] - [13, 16, 18], []
[2025-01-29 13:11:57,047][__main__][INFO] - [13, 16, 19], []
[2025-01-29 13:11:57,069][__main__][INFO] - [13, 16, 20], []
[2025-01-29 13:11:57,121][__main__][INFO] - [13, 16, 23], []
[2025-01-29 13:11:57,202][__main__][INFO] - [13, 18], [16]
[2025-01-29 13:11:57,225][__main__][INFO] - [13, 19], [16]
[2025-01-29 13:11:57,247][__main__][INFO] - [13, 20], [16]
[2025-01-29 13:11:57,299][__main__][INFO] - [13, 23], [16]
[2025-01-29 13:11:57,394][__main__][INFO] - [14, 16, 18], []
[2025-01-29 13:11:57,416][__main__][INFO] - [14, 16, 19], []
[2025-01-29 13:11:57,467][__main__][INFO] - [14, 16, 22], []
[2025-01-29 13:11:57,490][__main__][INFO] - [14, 16, 23], []
[2025-01-29 13:11:57,570][__main__][INFO] - [14, 18], [16]
[2025-01-29 13:11:57,592][__main__][INFO] - [14, 19], [16]
[2025-01-29 13:11:57,643][__main__][INFO] - [14, 22], [16]
[2025-01-29 13:11:57,665][__main__][INFO] - [14, 23], [16]
[2025-01-29 13:11:57,746][__main__][INFO] - [15, 16, 17], []
[2025-01-29 13:11:57,787][__main__][INFO] - [15, 16, 18], []
[2025-01-29 13:11:57,841][__main__][INFO] - [15, 16, 19], []
[2025-01-29 13:11:57,863][__main__][INFO] - [15, 16, 20], []
[2025-01-29 13:11:57,885][__main__][INFO] - [15, 16, 21], []
[2025-01-29 13:11:57,922][__main__][INFO] - [15, 16, 23], []
[2025-01-29 13:11:57,945][__main__][INFO] - [15, 16, 24], []
[2025-01-29 13:11:57,997][__main__][INFO] - [15, 17], [16]
[2025-01-29 13:11:58,048][__main__][INFO] - [15, 18], [16]
[2025-01-29 13:11:58,113][__main__][INFO] - [15, 19], [16]
[2025-01-29 13:11:58,136][__main__][INFO] - [15, 20], [16]
[2025-01-29 13:11:58,158][__main__][INFO] - [15, 21], [16]
[2025-01-29 13:11:58,194][__main__][INFO] - [15, 23], [16]
[2025-01-29 13:11:58,217][__main__][INFO] - [15, 24], [16]
[2025-01-29 23:41:17,140][__main__][INFO] - In total, there are 1229 possible subgroups
[2025-01-29 23:41:17,169][__main__][INFO] - [0], []
[2025-01-29 23:41:17,342][__main__][INFO] - [1], []
[2025-01-29 23:41:17,564][__main__][INFO] - [2], []
[2025-01-29 23:41:17,774][__main__][INFO] - [3], []
[2025-01-29 23:41:17,942][__main__][INFO] - [4], []
[2025-01-29 23:41:18,144][__main__][INFO] - [5], []
[2025-01-29 23:41:18,321][__main__][INFO] - [6], []
[2025-01-29 23:41:18,399][__main__][INFO] - [7], []
[2025-01-29 23:41:18,435][__main__][INFO] - [8], []
[2025-01-29 23:41:18,456][__main__][INFO] - [9], []
[2025-01-29 23:41:18,474][__main__][INFO] - [10], []
[2025-01-29 23:41:19,298][__main__][INFO] - [11], []
[2025-01-29 23:41:19,336][__main__][INFO] - [12], []
[2025-01-29 23:41:19,483][__main__][INFO] - [13], []
[2025-01-29 23:41:19,505][__main__][INFO] - [14], []
[2025-01-29 23:41:19,524][__main__][INFO] - [15], []
[2025-01-29 23:41:19,701][__main__][INFO] - [16], []
[2025-01-29 23:41:20,243][__main__][INFO] - [], [16]
[2025-01-29 23:41:20,866][__main__][INFO] - [17], []
[2025-01-29 23:41:20,993][__main__][INFO] - [18], []
[2025-01-29 23:41:21,723][__main__][INFO] - [19], []
[2025-01-29 23:41:21,774][__main__][INFO] - [20], []
[2025-01-29 23:41:21,826][__main__][INFO] - [21], []
[2025-01-29 23:41:21,848][__main__][INFO] - [22], []
[2025-01-29 23:41:21,868][__main__][INFO] - [23], []
[2025-01-29 23:41:22,045][__main__][INFO] - [24], []
[2025-01-29 23:41:22,063][__main__][INFO] - [25], []
[2025-01-29 23:41:22,113][__main__][INFO] - [0, 10], []
[2025-01-29 23:41:22,271][__main__][INFO] - [0, 11], []
[2025-01-29 23:41:22,293][__main__][INFO] - [0, 12], []
[2025-01-29 23:41:22,319][__main__][INFO] - [0, 13], []
[2025-01-29 23:41:22,339][__main__][INFO] - [0, 14], []
[2025-01-29 23:41:22,359][__main__][INFO] - [0, 15], []
[2025-01-29 23:41:22,387][__main__][INFO] - [0, 16], []
[2025-01-29 23:41:22,477][__main__][INFO] - [0], [16]
[2025-01-29 23:41:22,569][__main__][INFO] - [0, 17], []
[2025-01-29 23:41:22,608][__main__][INFO] - [0, 18], []
[2025-01-29 23:41:22,714][__main__][INFO] - [0, 19], []
[2025-01-29 23:41:22,742][__main__][INFO] - [0, 20], []
[2025-01-29 23:41:22,768][__main__][INFO] - [0, 21], []
[2025-01-29 23:41:22,788][__main__][INFO] - [0, 22], []
[2025-01-29 23:41:22,812][__main__][INFO] - [0, 23], []
[2025-01-29 23:41:22,846][__main__][INFO] - [0, 24], []
[2025-01-29 23:41:22,895][__main__][INFO] - [1, 10], []
[2025-01-29 23:41:23,072][__main__][INFO] - [1, 11], []
[2025-01-29 23:41:23,095][__main__][INFO] - [1, 12], []
[2025-01-29 23:41:23,130][__main__][INFO] - [1, 13], []
[2025-01-29 23:41:23,150][__main__][INFO] - [1, 14], []
[2025-01-29 23:41:23,171][__main__][INFO] - [1, 15], []
[2025-01-29 23:41:23,208][__main__][INFO] - [1, 16], []
[2025-01-29 23:41:23,316][__main__][INFO] - [1], [16]
[2025-01-29 23:41:23,437][__main__][INFO] - [1, 17], []
[2025-01-29 23:41:23,480][__main__][INFO] - [1, 18], []
[2025-01-29 23:41:23,614][__main__][INFO] - [1, 19], []
[2025-01-29 23:41:23,643][__main__][INFO] - [1, 20], []
[2025-01-29 23:41:23,669][__main__][INFO] - [1, 21], []
[2025-01-29 23:41:23,690][__main__][INFO] - [1, 22], []
[2025-01-29 23:41:23,711][__main__][INFO] - [1, 23], []
[2025-01-29 23:41:23,756][__main__][INFO] - [1, 24], []
[2025-01-29 23:41:23,805][__main__][INFO] - [2, 10], []
[2025-01-29 23:41:23,948][__main__][INFO] - [2, 11], []
[2025-01-29 23:41:23,972][__main__][INFO] - [2, 12], []
[2025-01-29 23:41:24,014][__main__][INFO] - [2, 13], []
[2025-01-29 23:41:24,035][__main__][INFO] - [2, 14], []
[2025-01-29 23:41:24,055][__main__][INFO] - [2, 15], []
[2025-01-29 23:41:24,103][__main__][INFO] - [2, 16], []
[2025-01-29 23:41:24,203][__main__][INFO] - [2], [16]
[2025-01-29 23:41:24,320][__main__][INFO] - [2, 17], []
[2025-01-29 23:41:24,360][__main__][INFO] - [2, 18], []
[2025-01-29 23:41:24,487][__main__][INFO] - [2, 19], []
[2025-01-29 23:41:24,513][__main__][INFO] - [2, 20], []
[2025-01-29 23:41:24,539][__main__][INFO] - [2, 21], []
[2025-01-29 23:41:24,560][__main__][INFO] - [2, 22], []
[2025-01-29 23:41:24,580][__main__][INFO] - [2, 23], []
[2025-01-29 23:41:24,628][__main__][INFO] - [2, 24], []
[2025-01-29 23:41:24,677][__main__][INFO] - [3, 10], []
[2025-01-29 23:41:24,779][__main__][INFO] - [3, 11], []
[2025-01-29 23:41:24,802][__main__][INFO] - [3, 12], []
[2025-01-29 23:41:24,845][__main__][INFO] - [3, 13], []
[2025-01-29 23:41:24,866][__main__][INFO] - [3, 14], []
[2025-01-29 23:41:24,886][__main__][INFO] - [3, 15], []
[2025-01-29 23:41:24,935][__main__][INFO] - [3, 16], []
[2025-01-29 23:41:25,018][__main__][INFO] - [3], [16]
[2025-01-29 23:41:25,111][__main__][INFO] - [3, 17], []
[2025-01-29 23:41:25,145][__main__][INFO] - [3, 18], []
[2025-01-29 23:41:25,247][__main__][INFO] - [3, 19], []
[2025-01-29 23:41:25,271][__main__][INFO] - [3, 20], []
[2025-01-29 23:41:25,296][__main__][INFO] - [3, 21], []
[2025-01-29 23:41:25,317][__main__][INFO] - [3, 22], []
[2025-01-29 23:41:25,337][__main__][INFO] - [3, 23], []
[2025-01-29 23:41:25,380][__main__][INFO] - [3, 24], []
[2025-01-29 23:41:25,430][__main__][INFO] - [4, 10], []
[2025-01-29 23:41:25,555][__main__][INFO] - [4, 11], []
[2025-01-29 23:41:25,580][__main__][INFO] - [4, 12], []
[2025-01-29 23:41:25,626][__main__][INFO] - [4, 13], []
[2025-01-29 23:41:25,647][__main__][INFO] - [4, 14], []
[2025-01-29 23:41:25,668][__main__][INFO] - [4, 15], []
[2025-01-29 23:41:25,723][__main__][INFO] - [4, 16], []
[2025-01-29 23:41:25,824][__main__][INFO] - [4], [16]
[2025-01-29 23:41:25,937][__main__][INFO] - [4, 17], []
[2025-01-29 23:41:25,974][__main__][INFO] - [4, 18], []
[2025-01-29 23:41:26,109][__main__][INFO] - [4, 19], []
[2025-01-29 23:41:26,133][__main__][INFO] - [4, 20], []
[2025-01-29 23:41:26,158][__main__][INFO] - [4, 21], []
[2025-01-29 23:41:26,179][__main__][INFO] - [4, 22], []
[2025-01-29 23:41:26,200][__main__][INFO] - [4, 23], []
[2025-01-29 23:41:26,247][__main__][INFO] - [4, 24], []
[2025-01-29 23:41:26,296][__main__][INFO] - [5, 10], []
[2025-01-29 23:41:26,417][__main__][INFO] - [5, 11], []
[2025-01-29 23:41:26,441][__main__][INFO] - [5, 12], []
[2025-01-29 23:41:26,483][__main__][INFO] - [5, 13], []
[2025-01-29 23:41:26,504][__main__][INFO] - [5, 14], []
[2025-01-29 23:41:26,524][__main__][INFO] - [5, 15], []
[2025-01-29 23:41:26,567][__main__][INFO] - [5, 16], []
[2025-01-29 23:41:26,658][__main__][INFO] - [5], [16]
[2025-01-29 23:41:26,756][__main__][INFO] - [5, 17], []
[2025-01-29 23:41:26,786][__main__][INFO] - [5, 18], []
[2025-01-29 23:41:26,913][__main__][INFO] - [5, 19], []
[2025-01-29 23:41:26,936][__main__][INFO] - [5, 20], []
[2025-01-29 23:41:26,961][__main__][INFO] - [5, 21], []
[2025-01-29 23:41:26,982][__main__][INFO] - [5, 22], []
[2025-01-29 23:41:27,002][__main__][INFO] - [5, 23], []
[2025-01-29 23:41:27,044][__main__][INFO] - [5, 24], []
[2025-01-29 23:41:27,093][__main__][INFO] - [6, 10], []
[2025-01-29 23:41:27,154][__main__][INFO] - [6, 11], []
[2025-01-29 23:41:27,176][__main__][INFO] - [6, 12], []
[2025-01-29 23:41:27,203][__main__][INFO] - [6, 13], []
[2025-01-29 23:41:27,224][__main__][INFO] - [6, 14], []
[2025-01-29 23:41:27,244][__main__][INFO] - [6, 15], []
[2025-01-29 23:41:27,270][__main__][INFO] - [6, 16], []
[2025-01-29 23:41:27,316][__main__][INFO] - [6], [16]
[2025-01-29 23:41:27,366][__main__][INFO] - [6, 17], []
[2025-01-29 23:41:27,389][__main__][INFO] - [6, 18], []
[2025-01-29 23:41:27,451][__main__][INFO] - [6, 19], []
[2025-01-29 23:41:27,473][__main__][INFO] - [6, 20], []
[2025-01-29 23:41:27,494][__main__][INFO] - [6, 21], []
[2025-01-29 23:41:27,515][__main__][INFO] - [6, 22], []
[2025-01-29 23:41:27,535][__main__][INFO] - [6, 23], []
[2025-01-29 23:41:27,563][__main__][INFO] - [6, 24], []
[2025-01-29 23:41:27,612][__main__][INFO] - [7, 10], []
[2025-01-29 23:41:27,645][__main__][INFO] - [7, 11], []
[2025-01-29 23:41:27,666][__main__][INFO] - [7, 12], []
[2025-01-29 23:41:27,687][__main__][INFO] - [7, 13], []
[2025-01-29 23:41:27,708][__main__][INFO] - [7, 14], []
[2025-01-29 23:41:27,728][__main__][INFO] - [7, 15], []
[2025-01-29 23:41:27,749][__main__][INFO] - [7, 16], []
[2025-01-29 23:41:27,776][__main__][INFO] - [7], [16]
[2025-01-29 23:41:27,806][__main__][INFO] - [7, 17], []
[2025-01-29 23:41:27,826][__main__][INFO] - [7, 18], []
[2025-01-29 23:41:27,860][__main__][INFO] - [7, 19], []
[2025-01-29 23:41:27,880][__main__][INFO] - [7, 20], []
[2025-01-29 23:41:27,901][__main__][INFO] - [7, 21], []
[2025-01-29 23:41:27,936][__main__][INFO] - [7, 23], []
[2025-01-29 23:41:28,001][__main__][INFO] - [8, 10], []
[2025-01-29 23:41:28,024][__main__][INFO] - [8, 11], []
[2025-01-29 23:41:28,043][__main__][INFO] - [8, 12], []
[2025-01-29 23:41:28,093][__main__][INFO] - [8, 15], []
[2025-01-29 23:41:28,113][__main__][INFO] - [8, 16], []
[2025-01-29 23:41:28,134][__main__][INFO] - [8], [16]
[2025-01-29 23:41:28,156][__main__][INFO] - [8, 17], []
[2025-01-29 23:41:28,176][__main__][INFO] - [8, 18], []
[2025-01-29 23:41:28,199][__main__][INFO] - [8, 19], []
[2025-01-29 23:41:28,219][__main__][INFO] - [8, 20], []
[2025-01-29 23:41:28,269][__main__][INFO] - [8, 23], []
[2025-01-29 23:41:28,333][__main__][INFO] - [9, 10], []
[2025-01-29 23:41:28,367][__main__][INFO] - [9, 12], []
[2025-01-29 23:41:28,431][__main__][INFO] - [9, 16], []
[2025-01-29 23:41:28,451][__main__][INFO] - [9], [16]
[2025-01-29 23:41:28,486][__main__][INFO] - [9, 18], []
[2025-01-29 23:41:28,565][__main__][INFO] - [9, 23], []
[2025-01-29 23:41:28,629][__main__][INFO] - [10, 16], []
[2025-01-29 23:41:29,010][__main__][INFO] - [10], [16]
[2025-01-29 23:41:29,419][__main__][INFO] - [10, 17], []
[2025-01-29 23:41:29,491][__main__][INFO] - [10, 18], []
[2025-01-29 23:41:30,077][__main__][INFO] - [10, 19], []
[2025-01-29 23:41:30,125][__main__][INFO] - [10, 20], []
[2025-01-29 23:41:30,176][__main__][INFO] - [10, 21], []
[2025-01-29 23:41:30,199][__main__][INFO] - [10, 22], []
[2025-01-29 23:41:30,221][__main__][INFO] - [10, 23], []
[2025-01-29 23:41:30,279][__main__][INFO] - [10, 24], []
[2025-01-29 23:41:30,301][__main__][INFO] - [10, 25], []
[2025-01-29 23:41:30,335][__main__][INFO] - [11, 16], []
[2025-01-29 23:41:30,363][__main__][INFO] - [11], [16]
[2025-01-29 23:41:30,394][__main__][INFO] - [11, 17], []
[2025-01-29 23:41:30,414][__main__][INFO] - [11, 18], []
[2025-01-29 23:41:30,452][__main__][INFO] - [11, 19], []
[2025-01-29 23:41:30,472][__main__][INFO] - [11, 20], []
[2025-01-29 23:41:30,522][__main__][INFO] - [11, 23], []
[2025-01-29 23:41:30,586][__main__][INFO] - [12, 16], []
[2025-01-29 23:41:30,665][__main__][INFO] - [12], [16]
[2025-01-29 23:41:30,745][__main__][INFO] - [12, 17], []
[2025-01-29 23:41:30,765][__main__][INFO] - [12, 18], []
[2025-01-29 23:41:30,794][__main__][INFO] - [12, 19], []
[2025-01-29 23:41:30,816][__main__][INFO] - [12, 20], []
[2025-01-29 23:41:30,865][__main__][INFO] - [12, 23], []
[2025-01-29 23:41:31,041][__main__][INFO] - [13, 16], []
[2025-01-29 23:41:31,063][__main__][INFO] - [13], [16]
[2025-01-29 23:41:31,085][__main__][INFO] - [13, 17], []
[2025-01-29 23:41:31,105][__main__][INFO] - [13, 18], []
[2025-01-29 23:41:31,126][__main__][INFO] - [13, 19], []
[2025-01-29 23:41:31,146][__main__][INFO] - [13, 20], []
[2025-01-29 23:41:31,197][__main__][INFO] - [13, 23], []
[2025-01-29 23:41:31,261][__main__][INFO] - [14, 16], []
[2025-01-29 23:41:31,282][__main__][INFO] - [14], [16]
[2025-01-29 23:41:31,317][__main__][INFO] - [14, 18], []
[2025-01-29 23:41:31,337][__main__][INFO] - [14, 19], []
[2025-01-29 23:41:31,386][__main__][INFO] - [14, 22], []
[2025-01-29 23:41:31,407][__main__][INFO] - [14, 23], []
[2025-01-29 23:41:31,471][__main__][INFO] - [15, 16], []
[2025-01-29 23:41:31,551][__main__][INFO] - [15], [16]
[2025-01-29 23:41:31,653][__main__][INFO] - [15, 17], []
[2025-01-29 23:41:31,725][__main__][INFO] - [15, 18], []
[2025-01-29 23:41:31,827][__main__][INFO] - [15, 19], []
[2025-01-29 23:41:31,849][__main__][INFO] - [15, 20], []
[2025-01-29 23:41:31,870][__main__][INFO] - [15, 21], []
[2025-01-29 23:41:31,891][__main__][INFO] - [15, 22], []
[2025-01-29 23:41:31,911][__main__][INFO] - [15, 23], []
[2025-01-29 23:41:31,931][__main__][INFO] - [15, 24], []
[2025-01-29 23:41:31,981][__main__][INFO] - [16, 17], []
[2025-01-29 23:41:32,046][__main__][INFO] - [16, 18], []
[2025-01-29 23:41:32,368][__main__][INFO] - [16, 19], []
[2025-01-29 23:41:32,404][__main__][INFO] - [16, 20], []
[2025-01-29 23:41:32,440][__main__][INFO] - [16, 21], []
[2025-01-29 23:41:32,462][__main__][INFO] - [16, 22], []
[2025-01-29 23:41:32,483][__main__][INFO] - [16, 23], []
[2025-01-29 23:41:32,577][__main__][INFO] - [16, 24], []
[2025-01-29 23:41:32,627][__main__][INFO] - [17], [16]
[2025-01-29 23:41:32,702][__main__][INFO] - [18], [16]
[2025-01-29 23:41:33,076][__main__][INFO] - [19], [16]
[2025-01-29 23:41:33,112][__main__][INFO] - [20], [16]
[2025-01-29 23:41:33,147][__main__][INFO] - [21], [16]
[2025-01-29 23:41:33,168][__main__][INFO] - [22], [16]
[2025-01-29 23:41:33,189][__main__][INFO] - [23], [16]
[2025-01-29 23:41:33,280][__main__][INFO] - [24], [16]
[2025-01-29 23:41:33,359][__main__][INFO] - [0, 10, 16], []
[2025-01-29 23:41:33,443][__main__][INFO] - [0, 10], [16]
[2025-01-29 23:41:33,528][__main__][INFO] - [0, 10, 17], []
[2025-01-29 23:41:33,566][__main__][INFO] - [0, 10, 18], []
[2025-01-29 23:41:33,667][__main__][INFO] - [0, 10, 19], []
[2025-01-29 23:41:33,698][__main__][INFO] - [0, 10, 20], []
[2025-01-29 23:41:33,726][__main__][INFO] - [0, 10, 21], []
[2025-01-29 23:41:33,749][__main__][INFO] - [0, 10, 22], []
[2025-01-29 23:41:33,771][__main__][INFO] - [0, 10, 23], []
[2025-01-29 23:41:33,804][__main__][INFO] - [0, 10, 24], []
[2025-01-29 23:41:33,856][__main__][INFO] - [0, 11, 16], []
[2025-01-29 23:41:33,880][__main__][INFO] - [0, 11], [16]
[2025-01-29 23:41:33,918][__main__][INFO] - [0, 11, 18], []
[2025-01-29 23:41:33,942][__main__][INFO] - [0, 11, 19], []
[2025-01-29 23:41:34,014][__main__][INFO] - [0, 11, 23], []
[2025-01-29 23:41:34,088][__main__][INFO] - [0, 12, 16], []
[2025-01-29 23:41:34,113][__main__][INFO] - [0, 12], [16]
[2025-01-29 23:41:34,154][__main__][INFO] - [0, 12, 18], []
[2025-01-29 23:41:34,177][__main__][INFO] - [0, 12, 19], []
[2025-01-29 23:41:34,245][__main__][INFO] - [0, 12, 23], []
[2025-01-29 23:41:34,317][__main__][INFO] - [0, 13, 16], []
[2025-01-29 23:41:34,340][__main__][INFO] - [0, 13], [16]
[2025-01-29 23:41:34,378][__main__][INFO] - [0, 13, 18], []
[2025-01-29 23:41:34,415][__main__][INFO] - [0, 13, 20], []
[2025-01-29 23:41:34,527][__main__][INFO] - [0, 14, 16], []
[2025-01-29 23:41:34,549][__main__][INFO] - [0, 14], [16]
[2025-01-29 23:41:34,586][__main__][INFO] - [0, 14, 18], []
[2025-01-29 23:41:34,653][__main__][INFO] - [0, 14, 22], []
[2025-01-29 23:41:34,735][__main__][INFO] - [0, 15, 16], []
[2025-01-29 23:41:34,761][__main__][INFO] - [0, 15], [16]
[2025-01-29 23:41:34,787][__main__][INFO] - [0, 15, 17], []
[2025-01-29 23:41:34,813][__main__][INFO] - [0, 15, 18], []
[2025-01-29 23:41:34,839][__main__][INFO] - [0, 15, 19], []
[2025-01-29 23:41:34,862][__main__][INFO] - [0, 15, 20], []
[2025-01-29 23:41:34,885][__main__][INFO] - [0, 15, 21], []
[2025-01-29 23:41:34,921][__main__][INFO] - [0, 15, 23], []
[2025-01-29 23:41:34,989][__main__][INFO] - [0, 16, 17], []
[2025-01-29 23:41:35,019][__main__][INFO] - [0, 16, 18], []
[2025-01-29 23:41:35,081][__main__][INFO] - [0, 16, 19], []
[2025-01-29 23:41:35,107][__main__][INFO] - [0, 16, 20], []
[2025-01-29 23:41:35,132][__main__][INFO] - [0, 16, 21], []
[2025-01-29 23:41:35,155][__main__][INFO] - [0, 16, 22], []
[2025-01-29 23:41:35,177][__main__][INFO] - [0, 16, 23], []
[2025-01-29 23:41:35,207][__main__][INFO] - [0, 16, 24], []
[2025-01-29 23:41:35,258][__main__][INFO] - [0, 17], [16]
[2025-01-29 23:41:35,290][__main__][INFO] - [0, 18], [16]
[2025-01-29 23:41:35,353][__main__][INFO] - [0, 19], [16]
[2025-01-29 23:41:35,379][__main__][INFO] - [0, 20], [16]
[2025-01-29 23:41:35,404][__main__][INFO] - [0, 21], [16]
[2025-01-29 23:41:35,427][__main__][INFO] - [0, 22], [16]
[2025-01-29 23:41:35,450][__main__][INFO] - [0, 23], [16]
[2025-01-29 23:41:35,479][__main__][INFO] - [0, 24], [16]
[2025-01-29 23:41:35,546][__main__][INFO] - [1, 10, 16], []
[2025-01-29 23:41:35,640][__main__][INFO] - [1, 10], [16]
[2025-01-29 23:41:35,745][__main__][INFO] - [1, 10, 17], []
[2025-01-29 23:41:35,785][__main__][INFO] - [1, 10, 18], []
[2025-01-29 23:41:35,908][__main__][INFO] - [1, 10, 19], []
[2025-01-29 23:41:35,938][__main__][INFO] - [1, 10, 20], []
[2025-01-29 23:41:35,967][__main__][INFO] - [1, 10, 21], []
[2025-01-29 23:41:35,990][__main__][INFO] - [1, 10, 22], []
[2025-01-29 23:41:36,014][__main__][INFO] - [1, 10, 23], []
[2025-01-29 23:41:36,048][__main__][INFO] - [1, 10, 24], []
[2025-01-29 23:41:36,101][__main__][INFO] - [1, 11, 16], []
[2025-01-29 23:41:36,125][__main__][INFO] - [1, 11], [16]
[2025-01-29 23:41:36,164][__main__][INFO] - [1, 11, 18], []
[2025-01-29 23:41:36,190][__main__][INFO] - [1, 11, 19], []
[2025-01-29 23:41:36,213][__main__][INFO] - [1, 11, 20], []
[2025-01-29 23:41:36,266][__main__][INFO] - [1, 11, 23], []
[2025-01-29 23:41:36,334][__main__][INFO] - [1, 12, 16], []
[2025-01-29 23:41:36,363][__main__][INFO] - [1, 12], [16]
[2025-01-29 23:41:36,408][__main__][INFO] - [1, 12, 18], []
[2025-01-29 23:41:36,431][__main__][INFO] - [1, 12, 19], []
[2025-01-29 23:41:36,499][__main__][INFO] - [1, 12, 23], []
[2025-01-29 23:41:36,579][__main__][INFO] - [1, 13, 16], []
[2025-01-29 23:41:36,602][__main__][INFO] - [1, 13], [16]
[2025-01-29 23:41:36,640][__main__][INFO] - [1, 13, 18], []
[2025-01-29 23:41:36,678][__main__][INFO] - [1, 13, 20], []
[2025-01-29 23:41:36,790][__main__][INFO] - [1, 14, 16], []
[2025-01-29 23:41:36,813][__main__][INFO] - [1, 14], [16]
[2025-01-29 23:41:36,851][__main__][INFO] - [1, 14, 18], []
[2025-01-29 23:41:36,918][__main__][INFO] - [1, 14, 22], []
[2025-01-29 23:41:36,941][__main__][INFO] - [1, 14, 23], []
[2025-01-29 23:41:37,009][__main__][INFO] - [1, 15, 16], []
[2025-01-29 23:41:37,038][__main__][INFO] - [1, 15], [16]
[2025-01-29 23:41:37,070][__main__][INFO] - [1, 15, 17], []
[2025-01-29 23:41:37,098][__main__][INFO] - [1, 15, 18], []
[2025-01-29 23:41:37,130][__main__][INFO] - [1, 15, 19], []
[2025-01-29 23:41:37,153][__main__][INFO] - [1, 15, 20], []
[2025-01-29 23:41:37,176][__main__][INFO] - [1, 15, 21], []
[2025-01-29 23:41:37,214][__main__][INFO] - [1, 15, 23], []
[2025-01-29 23:41:37,237][__main__][INFO] - [1, 15, 24], []
[2025-01-29 23:41:37,289][__main__][INFO] - [1, 16, 17], []
[2025-01-29 23:41:37,321][__main__][INFO] - [1, 16, 18], []
[2025-01-29 23:41:37,393][__main__][INFO] - [1, 16, 19], []
[2025-01-29 23:41:37,419][__main__][INFO] - [1, 16, 20], []
[2025-01-29 23:41:37,445][__main__][INFO] - [1, 16, 21], []
[2025-01-29 23:41:37,467][__main__][INFO] - [1, 16, 22], []
[2025-01-29 23:41:37,490][__main__][INFO] - [1, 16, 23], []
[2025-01-29 23:41:37,525][__main__][INFO] - [1, 16, 24], []
[2025-01-29 23:41:37,577][__main__][INFO] - [1, 17], [16]
[2025-01-29 23:41:37,611][__main__][INFO] - [1, 18], [16]
[2025-01-29 23:41:37,691][__main__][INFO] - [1, 19], [16]
[2025-01-29 23:41:37,717][__main__][INFO] - [1, 20], [16]
[2025-01-29 23:41:37,743][__main__][INFO] - [1, 21], [16]
[2025-01-29 23:41:37,766][__main__][INFO] - [1, 22], [16]
[2025-01-29 23:41:37,789][__main__][INFO] - [1, 23], [16]
[2025-01-29 23:41:37,823][__main__][INFO] - [1, 24], [16]
[2025-01-29 23:41:37,890][__main__][INFO] - [2, 10, 16], []
[2025-01-29 23:41:37,966][__main__][INFO] - [2, 10], [16]
[2025-01-29 23:41:38,050][__main__][INFO] - [2, 10, 17], []
[2025-01-29 23:41:38,081][__main__][INFO] - [2, 10, 18], []
[2025-01-29 23:41:38,185][__main__][INFO] - [2, 10, 19], []
[2025-01-29 23:41:38,213][__main__][INFO] - [2, 10, 20], []
[2025-01-29 23:41:38,240][__main__][INFO] - [2, 10, 21], []
[2025-01-29 23:41:38,264][__main__][INFO] - [2, 10, 22], []
[2025-01-29 23:41:38,287][__main__][INFO] - [2, 10, 23], []
[2025-01-29 23:41:38,318][__main__][INFO] - [2, 10, 24], []
[2025-01-29 23:41:38,371][__main__][INFO] - [2, 11, 16], []
[2025-01-29 23:41:38,395][__main__][INFO] - [2, 11], [16]
[2025-01-29 23:41:38,435][__main__][INFO] - [2, 11, 18], []
[2025-01-29 23:41:38,461][__main__][INFO] - [2, 11, 19], []
[2025-01-29 23:41:38,529][__main__][INFO] - [2, 11, 23], []
[2025-01-29 23:41:38,597][__main__][INFO] - [2, 12, 16], []
[2025-01-29 23:41:38,629][__main__][INFO] - [2, 12], [16]
[2025-01-29 23:41:38,677][__main__][INFO] - [2, 12, 18], []
[2025-01-29 23:41:38,701][__main__][INFO] - [2, 12, 19], []
[2025-01-29 23:41:38,769][__main__][INFO] - [2, 12, 23], []
[2025-01-29 23:41:38,855][__main__][INFO] - [2, 13, 16], []
[2025-01-29 23:41:38,879][__main__][INFO] - [2, 13], [16]
[2025-01-29 23:41:38,916][__main__][INFO] - [2, 13, 18], []
[2025-01-29 23:41:38,954][__main__][INFO] - [2, 13, 20], []
[2025-01-29 23:41:39,008][__main__][INFO] - [2, 13, 23], []
[2025-01-29 23:41:39,075][__main__][INFO] - [2, 14, 16], []
[2025-01-29 23:41:39,099][__main__][INFO] - [2, 14], [16]
[2025-01-29 23:41:39,136][__main__][INFO] - [2, 14, 18], []
[2025-01-29 23:41:39,204][__main__][INFO] - [2, 14, 22], []
[2025-01-29 23:41:39,227][__main__][INFO] - [2, 14, 23], []
[2025-01-29 23:41:39,294][__main__][INFO] - [2, 15, 16], []
[2025-01-29 23:41:39,327][__main__][INFO] - [2, 15], [16]
[2025-01-29 23:41:39,365][__main__][INFO] - [2, 15, 17], []
[2025-01-29 23:41:39,398][__main__][INFO] - [2, 15, 18], []
[2025-01-29 23:41:39,434][__main__][INFO] - [2, 15, 19], []
[2025-01-29 23:41:39,457][__main__][INFO] - [2, 15, 20], []
[2025-01-29 23:41:39,480][__main__][INFO] - [2, 15, 21], []
[2025-01-29 23:41:39,518][__main__][INFO] - [2, 15, 23], []
[2025-01-29 23:41:39,541][__main__][INFO] - [2, 15, 24], []
[2025-01-29 23:41:39,594][__main__][INFO] - [2, 16, 17], []
[2025-01-29 23:41:39,624][__main__][INFO] - [2, 16, 18], []
[2025-01-29 23:41:39,690][__main__][INFO] - [2, 16, 19], []
[2025-01-29 23:41:39,715][__main__][INFO] - [2, 16, 20], []
[2025-01-29 23:41:39,740][__main__][INFO] - [2, 16, 21], []
[2025-01-29 23:41:39,763][__main__][INFO] - [2, 16, 22], []
[2025-01-29 23:41:39,786][__main__][INFO] - [2, 16, 23], []
[2025-01-29 23:41:39,822][__main__][INFO] - [2, 16, 24], []
[2025-01-29 23:41:39,875][__main__][INFO] - [2, 17], [16]
[2025-01-29 23:41:39,907][__main__][INFO] - [2, 18], [16]
[2025-01-29 23:41:39,985][__main__][INFO] - [2, 19], [16]
[2025-01-29 23:41:40,010][__main__][INFO] - [2, 20], [16]
[2025-01-29 23:41:40,035][__main__][INFO] - [2, 21], [16]
[2025-01-29 23:41:40,058][__main__][INFO] - [2, 22], [16]
[2025-01-29 23:41:40,081][__main__][INFO] - [2, 23], [16]
[2025-01-29 23:41:40,117][__main__][INFO] - [2, 24], [16]
[2025-01-29 23:41:40,184][__main__][INFO] - [3, 10, 16], []
[2025-01-29 23:41:40,242][__main__][INFO] - [3, 10], [16]
[2025-01-29 23:41:40,303][__main__][INFO] - [3, 10, 17], []
[2025-01-29 23:41:40,330][__main__][INFO] - [3, 10, 18], []
[2025-01-29 23:41:40,411][__main__][INFO] - [3, 10, 19], []
[2025-01-29 23:41:40,437][__main__][INFO] - [3, 10, 20], []
[2025-01-29 23:41:40,464][__main__][INFO] - [3, 10, 21], []
[2025-01-29 23:41:40,487][__main__][INFO] - [3, 10, 22], []
[2025-01-29 23:41:40,510][__main__][INFO] - [3, 10, 23], []
[2025-01-29 23:41:40,537][__main__][INFO] - [3, 10, 24], []
[2025-01-29 23:41:40,589][__main__][INFO] - [3, 11, 16], []
[2025-01-29 23:41:40,614][__main__][INFO] - [3, 11], [16]
[2025-01-29 23:41:40,653][__main__][INFO] - [3, 11, 18], []
[2025-01-29 23:41:40,679][__main__][INFO] - [3, 11, 19], []
[2025-01-29 23:41:40,747][__main__][INFO] - [3, 11, 23], []
[2025-01-29 23:41:40,814][__main__][INFO] - [3, 12, 16], []
[2025-01-29 23:41:40,847][__main__][INFO] - [3, 12], [16]
[2025-01-29 23:41:40,895][__main__][INFO] - [3, 12, 18], []
[2025-01-29 23:41:40,919][__main__][INFO] - [3, 12, 19], []
[2025-01-29 23:41:40,987][__main__][INFO] - [3, 12, 23], []
[2025-01-29 23:41:41,074][__main__][INFO] - [3, 13, 16], []
[2025-01-29 23:41:41,097][__main__][INFO] - [3, 13], [16]
[2025-01-29 23:41:41,135][__main__][INFO] - [3, 13, 18], []
[2025-01-29 23:41:41,173][__main__][INFO] - [3, 13, 20], []
[2025-01-29 23:41:41,226][__main__][INFO] - [3, 13, 23], []
[2025-01-29 23:41:41,294][__main__][INFO] - [3, 14, 16], []
[2025-01-29 23:41:41,317][__main__][INFO] - [3, 14], [16]
[2025-01-29 23:41:41,354][__main__][INFO] - [3, 14, 18], []
[2025-01-29 23:41:41,377][__main__][INFO] - [3, 14, 19], []
[2025-01-29 23:41:41,430][__main__][INFO] - [3, 14, 22], []
[2025-01-29 23:41:41,453][__main__][INFO] - [3, 14, 23], []
[2025-01-29 23:41:41,520][__main__][INFO] - [3, 15, 16], []
[2025-01-29 23:41:41,554][__main__][INFO] - [3, 15], [16]
[2025-01-29 23:41:41,592][__main__][INFO] - [3, 15, 17], []
[2025-01-29 23:41:41,624][__main__][INFO] - [3, 15, 18], []
[2025-01-29 23:41:41,662][__main__][INFO] - [3, 15, 19], []
[2025-01-29 23:41:41,685][__main__][INFO] - [3, 15, 20], []
[2025-01-29 23:41:41,708][__main__][INFO] - [3, 15, 21], []
[2025-01-29 23:41:41,746][__main__][INFO] - [3, 15, 23], []
[2025-01-29 23:41:41,769][__main__][INFO] - [3, 15, 24], []
[2025-01-29 23:41:41,822][__main__][INFO] - [3, 16, 17], []
[2025-01-29 23:41:41,850][__main__][INFO] - [3, 16, 18], []
[2025-01-29 23:41:41,907][__main__][INFO] - [3, 16, 19], []
[2025-01-29 23:41:41,931][__main__][INFO] - [3, 16, 20], []
[2025-01-29 23:41:41,956][__main__][INFO] - [3, 16, 21], []
[2025-01-29 23:41:41,979][__main__][INFO] - [3, 16, 22], []
[2025-01-29 23:41:42,002][__main__][INFO] - [3, 16, 23], []
[2025-01-29 23:41:42,036][__main__][INFO] - [3, 16, 24], []
[2025-01-29 23:41:42,089][__main__][INFO] - [3, 17], [16]
[2025-01-29 23:41:42,118][__main__][INFO] - [3, 18], [16]
[2025-01-29 23:41:42,182][__main__][INFO] - [3, 19], [16]
[2025-01-29 23:41:42,206][__main__][INFO] - [3, 20], [16]
[2025-01-29 23:41:42,231][__main__][INFO] - [3, 21], [16]
[2025-01-29 23:41:42,253][__main__][INFO] - [3, 22], [16]
[2025-01-29 23:41:42,276][__main__][INFO] - [3, 23], [16]
[2025-01-29 23:41:42,310][__main__][INFO] - [3, 24], [16]
[2025-01-29 23:41:42,377][__main__][INFO] - [4, 10, 16], []
[2025-01-29 23:41:42,445][__main__][INFO] - [4, 10], [16]
[2025-01-29 23:41:42,519][__main__][INFO] - [4, 10, 17], []
[2025-01-29 23:41:42,545][__main__][INFO] - [4, 10, 18], []
[2025-01-29 23:41:42,651][__main__][INFO] - [4, 10, 19], []
[2025-01-29 23:41:42,676][__main__][INFO] - [4, 10, 20], []
[2025-01-29 23:41:42,704][__main__][INFO] - [4, 10, 21], []
[2025-01-29 23:41:42,728][__main__][INFO] - [4, 10, 22], []
[2025-01-29 23:41:42,751][__main__][INFO] - [4, 10, 23], []
[2025-01-29 23:41:42,777][__main__][INFO] - [4, 10, 24], []
[2025-01-29 23:41:42,829][__main__][INFO] - [4, 11, 16], []
[2025-01-29 23:41:42,854][__main__][INFO] - [4, 11], [16]
[2025-01-29 23:41:42,894][__main__][INFO] - [4, 11, 18], []
[2025-01-29 23:41:42,920][__main__][INFO] - [4, 11, 19], []
[2025-01-29 23:41:42,943][__main__][INFO] - [4, 11, 20], []
[2025-01-29 23:41:42,996][__main__][INFO] - [4, 11, 23], []
[2025-01-29 23:41:43,063][__main__][INFO] - [4, 12, 16], []
[2025-01-29 23:41:43,099][__main__][INFO] - [4, 12], [16]
[2025-01-29 23:41:43,148][__main__][INFO] - [4, 12, 18], []
[2025-01-29 23:41:43,173][__main__][INFO] - [4, 12, 19], []
[2025-01-29 23:41:43,241][__main__][INFO] - [4, 12, 23], []
[2025-01-29 23:41:43,331][__main__][INFO] - [4, 13, 16], []
[2025-01-29 23:41:43,354][__main__][INFO] - [4, 13], [16]
[2025-01-29 23:41:43,392][__main__][INFO] - [4, 13, 18], []
[2025-01-29 23:41:43,430][__main__][INFO] - [4, 13, 20], []
[2025-01-29 23:41:43,484][__main__][INFO] - [4, 13, 23], []
[2025-01-29 23:41:43,551][__main__][INFO] - [4, 14, 16], []
[2025-01-29 23:41:43,574][__main__][INFO] - [4, 14], [16]
[2025-01-29 23:41:43,612][__main__][INFO] - [4, 14, 18], []
[2025-01-29 23:41:43,634][__main__][INFO] - [4, 14, 19], []
[2025-01-29 23:41:43,687][__main__][INFO] - [4, 14, 22], []
[2025-01-29 23:41:43,769][__main__][INFO] - [4, 15, 16], []
[2025-01-29 23:41:43,806][__main__][INFO] - [4, 15], [16]
[2025-01-29 23:41:43,847][__main__][INFO] - [4, 15, 17], []
[2025-01-29 23:41:43,883][__main__][INFO] - [4, 15, 18], []
[2025-01-29 23:41:43,924][__main__][INFO] - [4, 15, 19], []
[2025-01-29 23:41:43,947][__main__][INFO] - [4, 15, 20], []
[2025-01-29 23:41:43,970][__main__][INFO] - [4, 15, 21], []
[2025-01-29 23:41:44,008][__main__][INFO] - [4, 15, 23], []
[2025-01-29 23:41:44,031][__main__][INFO] - [4, 15, 24], []
[2025-01-29 23:41:44,084][__main__][INFO] - [4, 16, 17], []
[2025-01-29 23:41:44,113][__main__][INFO] - [4, 16, 18], []
[2025-01-29 23:41:44,182][__main__][INFO] - [4, 16, 19], []
[2025-01-29 23:41:44,207][__main__][INFO] - [4, 16, 20], []
[2025-01-29 23:41:44,232][__main__][INFO] - [4, 16, 21], []
[2025-01-29 23:41:44,255][__main__][INFO] - [4, 16, 22], []
[2025-01-29 23:41:44,278][__main__][INFO] - [4, 16, 23], []
[2025-01-29 23:41:44,314][__main__][INFO] - [4, 16, 24], []
[2025-01-29 23:41:44,367][__main__][INFO] - [4, 17], [16]
[2025-01-29 23:41:44,398][__main__][INFO] - [4, 18], [16]
[2025-01-29 23:41:44,476][__main__][INFO] - [4, 19], [16]
[2025-01-29 23:41:44,500][__main__][INFO] - [4, 20], [16]
[2025-01-29 23:41:44,525][__main__][INFO] - [4, 21], [16]
[2025-01-29 23:41:44,548][__main__][INFO] - [4, 22], [16]
[2025-01-29 23:41:44,571][__main__][INFO] - [4, 23], [16]
[2025-01-29 23:41:44,606][__main__][INFO] - [4, 24], [16]
[2025-01-29 23:41:44,673][__main__][INFO] - [5, 10, 16], []
[2025-01-29 23:41:44,740][__main__][INFO] - [5, 10], [16]
[2025-01-29 23:41:44,812][__main__][INFO] - [5, 10, 17], []
[2025-01-29 23:41:44,837][__main__][INFO] - [5, 10, 18], []
[2025-01-29 23:41:44,943][__main__][INFO] - [5, 10, 19], []
[2025-01-29 23:41:44,968][__main__][INFO] - [5, 10, 20], []
[2025-01-29 23:41:44,996][__main__][INFO] - [5, 10, 21], []
[2025-01-29 23:41:45,019][__main__][INFO] - [5, 10, 22], []
[2025-01-29 23:41:45,042][__main__][INFO] - [5, 10, 23], []
[2025-01-29 23:41:45,067][__main__][INFO] - [5, 10, 24], []
[2025-01-29 23:41:45,120][__main__][INFO] - [5, 11, 16], []
[2025-01-29 23:41:45,144][__main__][INFO] - [5, 11], [16]
[2025-01-29 23:41:45,184][__main__][INFO] - [5, 11, 18], []
[2025-01-29 23:41:45,210][__main__][INFO] - [5, 11, 19], []
[2025-01-29 23:41:45,337][__main__][INFO] - [5, 12, 16], []
[2025-01-29 23:41:45,370][__main__][INFO] - [5, 12], [16]
[2025-01-29 23:41:45,417][__main__][INFO] - [5, 12, 18], []
[2025-01-29 23:41:45,442][__main__][INFO] - [5, 12, 19], []
[2025-01-29 23:41:45,509][__main__][INFO] - [5, 12, 23], []
[2025-01-29 23:41:45,595][__main__][INFO] - [5, 13, 16], []
[2025-01-29 23:41:45,619][__main__][INFO] - [5, 13], [16]
[2025-01-29 23:41:45,657][__main__][INFO] - [5, 13, 18], []
[2025-01-29 23:41:45,697][__main__][INFO] - [5, 13, 20], []
[2025-01-29 23:41:45,750][__main__][INFO] - [5, 13, 23], []
[2025-01-29 23:41:45,818][__main__][INFO] - [5, 14, 16], []
[2025-01-29 23:41:45,840][__main__][INFO] - [5, 14], [16]
[2025-01-29 23:41:45,878][__main__][INFO] - [5, 14, 18], []
[2025-01-29 23:41:45,901][__main__][INFO] - [5, 14, 19], []
[2025-01-29 23:41:45,953][__main__][INFO] - [5, 14, 22], []
[2025-01-29 23:41:45,977][__main__][INFO] - [5, 14, 23], []
[2025-01-29 23:41:46,044][__main__][INFO] - [5, 15, 16], []
[2025-01-29 23:41:46,076][__main__][INFO] - [5, 15], [16]
[2025-01-29 23:41:46,110][__main__][INFO] - [5, 15, 17], []
[2025-01-29 23:41:46,140][__main__][INFO] - [5, 15, 18], []
[2025-01-29 23:41:46,175][__main__][INFO] - [5, 15, 19], []
[2025-01-29 23:41:46,198][__main__][INFO] - [5, 15, 20], []
[2025-01-29 23:41:46,221][__main__][INFO] - [5, 15, 21], []
[2025-01-29 23:41:46,259][__main__][INFO] - [5, 15, 23], []
[2025-01-29 23:41:46,282][__main__][INFO] - [5, 15, 24], []
[2025-01-29 23:41:46,335][__main__][INFO] - [5, 16, 17], []
[2025-01-29 23:41:46,361][__main__][INFO] - [5, 16, 18], []
[2025-01-29 23:41:46,428][__main__][INFO] - [5, 16, 19], []
[2025-01-29 23:41:46,452][__main__][INFO] - [5, 16, 20], []
[2025-01-29 23:41:46,477][__main__][INFO] - [5, 16, 21], []
[2025-01-29 23:41:46,500][__main__][INFO] - [5, 16, 22], []
[2025-01-29 23:41:46,523][__main__][INFO] - [5, 16, 23], []
[2025-01-29 23:41:46,556][__main__][INFO] - [5, 16, 24], []
[2025-01-29 23:41:46,608][__main__][INFO] - [5, 17], [16]
[2025-01-29 23:41:46,636][__main__][INFO] - [5, 18], [16]
[2025-01-29 23:41:46,711][__main__][INFO] - [5, 19], [16]
[2025-01-29 23:41:46,735][__main__][INFO] - [5, 20], [16]
[2025-01-29 23:41:46,759][__main__][INFO] - [5, 21], [16]
[2025-01-29 23:41:46,782][__main__][INFO] - [5, 22], [16]
[2025-01-29 23:41:46,805][__main__][INFO] - [5, 23], [16]
[2025-01-29 23:41:46,837][__main__][INFO] - [5, 24], [16]
[2025-01-29 23:41:46,904][__main__][INFO] - [6, 10, 16], []
[2025-01-29 23:41:46,945][__main__][INFO] - [6, 10], [16]
[2025-01-29 23:41:46,988][__main__][INFO] - [6, 10, 17], []
[2025-01-29 23:41:47,011][__main__][INFO] - [6, 10, 18], []
[2025-01-29 23:41:47,070][__main__][INFO] - [6, 10, 19], []
[2025-01-29 23:41:47,093][__main__][INFO] - [6, 10, 20], []
[2025-01-29 23:41:47,118][__main__][INFO] - [6, 10, 21], []
[2025-01-29 23:41:47,141][__main__][INFO] - [6, 10, 22], []
[2025-01-29 23:41:47,164][__main__][INFO] - [6, 10, 23], []
[2025-01-29 23:41:47,232][__main__][INFO] - [6, 11, 16], []
[2025-01-29 23:41:47,255][__main__][INFO] - [6, 11], [16]
[2025-01-29 23:41:47,294][__main__][INFO] - [6, 11, 18], []
[2025-01-29 23:41:47,436][__main__][INFO] - [6, 12, 16], []
[2025-01-29 23:41:47,462][__main__][INFO] - [6, 12], [16]
[2025-01-29 23:41:47,504][__main__][INFO] - [6, 12, 18], []
[2025-01-29 23:41:47,527][__main__][INFO] - [6, 12, 19], []
[2025-01-29 23:41:47,595][__main__][INFO] - [6, 12, 23], []
[2025-01-29 23:41:47,669][__main__][INFO] - [6, 13, 16], []
[2025-01-29 23:41:47,692][__main__][INFO] - [6, 13], [16]
[2025-01-29 23:41:47,729][__main__][INFO] - [6, 13, 18], []
[2025-01-29 23:41:47,767][__main__][INFO] - [6, 13, 20], []
[2025-01-29 23:41:47,894][__main__][INFO] - [6, 14], [16]
[2025-01-29 23:41:48,065][__main__][INFO] - [6, 15, 16], []
[2025-01-29 23:41:48,090][__main__][INFO] - [6, 15], [16]
[2025-01-29 23:41:48,116][__main__][INFO] - [6, 15, 17], []
[2025-01-29 23:41:48,140][__main__][INFO] - [6, 15, 18], []
[2025-01-29 23:41:48,166][__main__][INFO] - [6, 15, 19], []
[2025-01-29 23:41:48,189][__main__][INFO] - [6, 15, 20], []
[2025-01-29 23:41:48,242][__main__][INFO] - [6, 15, 23], []
[2025-01-29 23:41:48,309][__main__][INFO] - [6, 16, 17], []
[2025-01-29 23:41:48,333][__main__][INFO] - [6, 16, 18], []
[2025-01-29 23:41:48,373][__main__][INFO] - [6, 16, 19], []
[2025-01-29 23:41:48,395][__main__][INFO] - [6, 16, 20], []
[2025-01-29 23:41:48,419][__main__][INFO] - [6, 16, 21], []
[2025-01-29 23:41:48,441][__main__][INFO] - [6, 16, 22], []
[2025-01-29 23:41:48,464][__main__][INFO] - [6, 16, 23], []
[2025-01-29 23:41:48,535][__main__][INFO] - [6, 17], [16]
[2025-01-29 23:41:48,559][__main__][INFO] - [6, 18], [16]
[2025-01-29 23:41:48,603][__main__][INFO] - [6, 19], [16]
[2025-01-29 23:41:48,625][__main__][INFO] - [6, 20], [16]
[2025-01-29 23:41:48,649][__main__][INFO] - [6, 21], [16]
[2025-01-29 23:41:48,671][__main__][INFO] - [6, 22], [16]
[2025-01-29 23:41:48,694][__main__][INFO] - [6, 23], [16]
[2025-01-29 23:41:48,779][__main__][INFO] - [7, 10, 16], []
[2025-01-29 23:41:48,808][__main__][INFO] - [7, 10], [16]
[2025-01-29 23:41:48,838][__main__][INFO] - [7, 10, 17], []
[2025-01-29 23:41:48,860][__main__][INFO] - [7, 10, 18], []
[2025-01-29 23:41:48,895][__main__][INFO] - [7, 10, 19], []
[2025-01-29 23:41:48,918][__main__][INFO] - [7, 10, 20], []
[2025-01-29 23:41:48,941][__main__][INFO] - [7, 10, 21], []
[2025-01-29 23:41:48,979][__main__][INFO] - [7, 10, 23], []
[2025-01-29 23:41:49,047][__main__][INFO] - [7, 11, 16], []
[2025-01-29 23:41:49,070][__main__][INFO] - [7, 11], [16]
[2025-01-29 23:41:49,108][__main__][INFO] - [7, 11, 18], []
[2025-01-29 23:41:49,250][__main__][INFO] - [7, 12, 16], []
[2025-01-29 23:41:49,273][__main__][INFO] - [7, 12], [16]
[2025-01-29 23:41:49,311][__main__][INFO] - [7, 12, 18], []
[2025-01-29 23:41:49,334][__main__][INFO] - [7, 12, 19], []
[2025-01-29 23:41:49,402][__main__][INFO] - [7, 12, 23], []
[2025-01-29 23:41:49,485][__main__][INFO] - [7, 13], [16]
[2025-01-29 23:41:49,523][__main__][INFO] - [7, 13, 18], []
[2025-01-29 23:41:49,843][__main__][INFO] - [7, 15, 16], []
[2025-01-29 23:41:49,866][__main__][INFO] - [7, 15], [16]
[2025-01-29 23:41:49,889][__main__][INFO] - [7, 15, 17], []
[2025-01-29 23:41:49,911][__main__][INFO] - [7, 15, 18], []
[2025-01-29 23:41:49,935][__main__][INFO] - [7, 15, 19], []
[2025-01-29 23:41:50,061][__main__][INFO] - [7, 16, 17], []
[2025-01-29 23:41:50,084][__main__][INFO] - [7, 16, 18], []
[2025-01-29 23:41:50,111][__main__][INFO] - [7, 16, 19], []
[2025-01-29 23:41:50,134][__main__][INFO] - [7, 16, 20], []
[2025-01-29 23:41:50,157][__main__][INFO] - [7, 16, 21], []
[2025-01-29 23:41:50,194][__main__][INFO] - [7, 16, 23], []
[2025-01-29 23:41:50,262][__main__][INFO] - [7, 17], [16]
[2025-01-29 23:41:50,285][__main__][INFO] - [7, 18], [16]
[2025-01-29 23:41:50,315][__main__][INFO] - [7, 19], [16]
[2025-01-29 23:41:50,337][__main__][INFO] - [7, 20], [16]
[2025-01-29 23:41:50,360][__main__][INFO] - [7, 21], [16]
[2025-01-29 23:41:50,398][__main__][INFO] - [7, 23], [16]
[2025-01-29 23:41:50,480][__main__][INFO] - [8, 10, 16], []
[2025-01-29 23:41:50,504][__main__][INFO] - [8, 10], [16]
[2025-01-29 23:41:50,543][__main__][INFO] - [8, 10, 18], []
[2025-01-29 23:41:50,568][__main__][INFO] - [8, 10, 19], []
[2025-01-29 23:41:50,591][__main__][INFO] - [8, 10, 20], []
[2025-01-29 23:41:50,656][__main__][INFO] - [8, 10, 23], []
[2025-01-29 23:41:50,725][__main__][INFO] - [8, 11, 16], []
[2025-01-29 23:41:50,748][__main__][INFO] - [8, 11], [16]
[2025-01-29 23:41:50,786][__main__][INFO] - [8, 11, 18], []
[2025-01-29 23:41:50,928][__main__][INFO] - [8, 12, 16], []
[2025-01-29 23:41:50,950][__main__][INFO] - [8, 12], [16]
[2025-01-29 23:41:50,988][__main__][INFO] - [8, 12, 18], []
[2025-01-29 23:41:51,071][__main__][INFO] - [8, 12, 23], []
[2025-01-29 23:41:51,167][__main__][INFO] - [8, 15, 16], []
[2025-01-29 23:41:51,190][__main__][INFO] - [8, 15], [16]
[2025-01-29 23:41:51,228][__main__][INFO] - [8, 15, 18], []
[2025-01-29 23:41:51,384][__main__][INFO] - [8, 16, 18], []
[2025-01-29 23:41:51,408][__main__][INFO] - [8, 16, 19], []
[2025-01-29 23:41:51,430][__main__][INFO] - [8, 16, 20], []
[2025-01-29 23:41:51,483][__main__][INFO] - [8, 16, 23], []
[2025-01-29 23:41:51,550][__main__][INFO] - [8, 17], [16]
[2025-01-29 23:41:51,573][__main__][INFO] - [8, 18], [16]
[2025-01-29 23:41:51,597][__main__][INFO] - [8, 19], [16]
[2025-01-29 23:41:51,619][__main__][INFO] - [8, 20], [16]
[2025-01-29 23:41:51,672][__main__][INFO] - [8, 23], [16]
[2025-01-29 23:41:51,753][__main__][INFO] - [9, 10, 16], []
[2025-01-29 23:41:51,776][__main__][INFO] - [9, 10], [16]
[2025-01-29 23:41:51,814][__main__][INFO] - [9, 10, 18], []
[2025-01-29 23:41:52,207][__main__][INFO] - [9, 16, 18], []
[2025-01-29 23:41:52,364][__main__][INFO] - [9, 18], [16]
[2025-01-29 23:41:52,520][__main__][INFO] - [10, 16, 17], []
[2025-01-29 23:41:52,564][__main__][INFO] - [10, 16, 18], []
[2025-01-29 23:41:52,836][__main__][INFO] - [10, 16, 19], []
[2025-01-29 23:41:52,872][__main__][INFO] - [10, 16, 20], []
[2025-01-29 23:41:52,908][__main__][INFO] - [10, 16, 21], []
[2025-01-29 23:41:52,932][__main__][INFO] - [10, 16, 22], []
[2025-01-29 23:41:52,955][__main__][INFO] - [10, 16, 23], []
[2025-01-29 23:41:52,995][__main__][INFO] - [10, 16, 24], []
[2025-01-29 23:41:53,048][__main__][INFO] - [10, 17], [16]
[2025-01-29 23:41:53,094][__main__][INFO] - [10, 18], [16]
[2025-01-29 23:41:53,394][__main__][INFO] - [10, 19], [16]
[2025-01-29 23:41:53,429][__main__][INFO] - [10, 20], [16]
[2025-01-29 23:41:53,465][__main__][INFO] - [10, 21], [16]
[2025-01-29 23:41:53,488][__main__][INFO] - [10, 22], [16]
[2025-01-29 23:41:53,512][__main__][INFO] - [10, 23], [16]
[2025-01-29 23:41:53,552][__main__][INFO] - [10, 24], [16]
[2025-01-29 23:41:53,619][__main__][INFO] - [11, 16, 17], []
[2025-01-29 23:41:53,641][__main__][INFO] - [11, 16, 18], []
[2025-01-29 23:41:53,670][__main__][INFO] - [11, 16, 19], []
[2025-01-29 23:41:53,693][__main__][INFO] - [11, 16, 20], []
[2025-01-29 23:41:53,745][__main__][INFO] - [11, 16, 23], []
[2025-01-29 23:41:53,813][__main__][INFO] - [11, 17], [16]
[2025-01-29 23:41:53,835][__main__][INFO] - [11, 18], [16]
[2025-01-29 23:41:53,866][__main__][INFO] - [11, 19], [16]
[2025-01-29 23:41:53,889][__main__][INFO] - [11, 20], [16]
[2025-01-29 23:41:53,941][__main__][INFO] - [11, 23], [16]
[2025-01-29 23:41:54,022][__main__][INFO] - [12, 16, 17], []
[2025-01-29 23:41:54,044][__main__][INFO] - [12, 16, 18], []
[2025-01-29 23:41:54,069][__main__][INFO] - [12, 16, 19], []
[2025-01-29 23:41:54,137][__main__][INFO] - [12, 16, 23], []
[2025-01-29 23:41:54,256][__main__][INFO] - [12, 17], [16]
[2025-01-29 23:41:54,278][__main__][INFO] - [12, 18], [16]
[2025-01-29 23:41:54,305][__main__][INFO] - [12, 19], [16]
[2025-01-29 23:41:54,372][__main__][INFO] - [12, 23], [16]
[2025-01-29 23:41:54,518][__main__][INFO] - [13, 16, 18], []
[2025-01-29 23:41:54,541][__main__][INFO] - [13, 16, 19], []
[2025-01-29 23:41:54,564][__main__][INFO] - [13, 16, 20], []
[2025-01-29 23:41:54,616][__main__][INFO] - [13, 16, 23], []
[2025-01-29 23:41:54,698][__main__][INFO] - [13, 18], [16]
[2025-01-29 23:41:54,722][__main__][INFO] - [13, 19], [16]
[2025-01-29 23:41:54,744][__main__][INFO] - [13, 20], [16]
[2025-01-29 23:41:54,796][__main__][INFO] - [13, 23], [16]
[2025-01-29 23:41:54,893][__main__][INFO] - [14, 16, 18], []
[2025-01-29 23:41:54,915][__main__][INFO] - [14, 16, 19], []
[2025-01-29 23:41:54,966][__main__][INFO] - [14, 16, 22], []
[2025-01-29 23:41:54,989][__main__][INFO] - [14, 16, 23], []
[2025-01-29 23:41:55,071][__main__][INFO] - [14, 18], [16]
[2025-01-29 23:41:55,093][__main__][INFO] - [14, 19], [16]
[2025-01-29 23:41:55,145][__main__][INFO] - [14, 22], [16]
[2025-01-29 23:41:55,167][__main__][INFO] - [14, 23], [16]
[2025-01-29 23:41:55,248][__main__][INFO] - [15, 16, 17], []
[2025-01-29 23:41:55,289][__main__][INFO] - [15, 16, 18], []
[2025-01-29 23:41:55,342][__main__][INFO] - [15, 16, 19], []
[2025-01-29 23:41:55,365][__main__][INFO] - [15, 16, 20], []
[2025-01-29 23:41:55,388][__main__][INFO] - [15, 16, 21], []
[2025-01-29 23:41:55,425][__main__][INFO] - [15, 16, 23], []
[2025-01-29 23:41:55,447][__main__][INFO] - [15, 16, 24], []
[2025-01-29 23:41:55,500][__main__][INFO] - [15, 17], [16]
[2025-01-29 23:41:55,550][__main__][INFO] - [15, 18], [16]
[2025-01-29 23:41:55,614][__main__][INFO] - [15, 19], [16]
[2025-01-29 23:41:55,637][__main__][INFO] - [15, 20], [16]
[2025-01-29 23:41:55,659][__main__][INFO] - [15, 21], [16]
[2025-01-29 23:41:55,696][__main__][INFO] - [15, 23], [16]
[2025-01-29 23:41:55,719][__main__][INFO] - [15, 24], [16]
