[2025-01-29 13:09:31,719][__main__][INFO] - In total, there are 1229 possible subgroups
[2025-01-29 13:09:31,748][__main__][INFO] - [0], []
[2025-01-29 13:09:31,935][__main__][INFO] - [1], []
[2025-01-29 13:09:32,172][__main__][INFO] - [2], []
[2025-01-29 13:09:32,391][__main__][INFO] - [3], []
[2025-01-29 13:09:32,570][__main__][INFO] - [4], []
[2025-01-29 13:09:32,787][__main__][INFO] - [5], []
[2025-01-29 13:09:32,978][__main__][INFO] - [6], []
[2025-01-29 13:09:33,060][__main__][INFO] - [7], []
[2025-01-29 13:09:33,096][__main__][INFO] - [8], []
[2025-01-29 13:09:33,117][__main__][INFO] - [9], []
[2025-01-29 13:09:33,136][__main__][INFO] - [10], []
[2025-01-29 13:09:34,022][__main__][INFO] - [11], []
[2025-01-29 13:09:34,062][__main__][INFO] - [12], []
[2025-01-29 13:09:34,218][__main__][INFO] - [13], []
[2025-01-29 13:09:34,240][__main__][INFO] - [14], []
[2025-01-29 13:09:34,260][__main__][INFO] - [15], []
[2025-01-29 13:09:34,448][__main__][INFO] - [16], []
[2025-01-29 13:09:35,025][__main__][INFO] - [], [16]
[2025-01-29 13:09:35,671][__main__][INFO] - [17], []
[2025-01-29 13:09:35,804][__main__][INFO] - [18], []
[2025-01-29 13:09:36,582][__main__][INFO] - [19], []
[2025-01-29 13:09:36,635][__main__][INFO] - [20], []
[2025-01-29 13:09:36,690][__main__][INFO] - [21], []
[2025-01-29 13:09:36,712][__main__][INFO] - [22], []
[2025-01-29 13:09:36,731][__main__][INFO] - [23], []
[2025-01-29 13:09:36,921][__main__][INFO] - [24], []
[2025-01-29 13:09:36,940][__main__][INFO] - [25], []
[2025-01-29 13:09:36,989][__main__][INFO] - [0, 10], []
[2025-01-29 13:09:37,153][__main__][INFO] - [0, 11], []
[2025-01-29 13:09:37,175][__main__][INFO] - [0, 12], []
[2025-01-29 13:09:37,201][__main__][INFO] - [0, 13], []
[2025-01-29 13:09:37,222][__main__][INFO] - [0, 14], []
[2025-01-29 13:09:37,242][__main__][INFO] - [0, 15], []
[2025-01-29 13:09:37,270][__main__][INFO] - [0, 16], []
[2025-01-29 13:09:37,363][__main__][INFO] - [0], [16]
[2025-01-29 13:09:37,459][__main__][INFO] - [0, 17], []
[2025-01-29 13:09:37,500][__main__][INFO] - [0, 18], []
[2025-01-29 13:09:37,609][__main__][INFO] - [0, 19], []
[2025-01-29 13:09:37,638][__main__][INFO] - [0, 20], []
[2025-01-29 13:09:37,663][__main__][INFO] - [0, 21], []
[2025-01-29 13:09:37,684][__main__][INFO] - [0, 22], []
[2025-01-29 13:09:37,708][__main__][INFO] - [0, 23], []
[2025-01-29 13:09:37,743][__main__][INFO] - [0, 24], []
[2025-01-29 13:09:37,792][__main__][INFO] - [1, 10], []
[2025-01-29 13:09:37,984][__main__][INFO] - [1, 11], []
[2025-01-29 13:09:38,007][__main__][INFO] - [1, 12], []
[2025-01-29 13:09:38,043][__main__][INFO] - [1, 13], []
[2025-01-29 13:09:38,064][__main__][INFO] - [1, 14], []
[2025-01-29 13:09:38,084][__main__][INFO] - [1, 15], []
[2025-01-29 13:09:38,122][__main__][INFO] - [1, 16], []
[2025-01-29 13:09:38,236][__main__][INFO] - [1], [16]
[2025-01-29 13:09:38,360][__main__][INFO] - [1, 17], []
[2025-01-29 13:09:38,405][__main__][INFO] - [1, 18], []
[2025-01-29 13:09:38,558][__main__][INFO] - [1, 19], []
[2025-01-29 13:09:38,587][__main__][INFO] - [1, 20], []
[2025-01-29 13:09:38,614][__main__][INFO] - [1, 21], []
[2025-01-29 13:09:38,635][__main__][INFO] - [1, 22], []
[2025-01-29 13:09:38,656][__main__][INFO] - [1, 23], []
[2025-01-29 13:09:38,703][__main__][INFO] - [1, 24], []
[2025-01-29 13:09:38,752][__main__][INFO] - [2, 10], []
[2025-01-29 13:09:38,905][__main__][INFO] - [2, 11], []
[2025-01-29 13:09:38,929][__main__][INFO] - [2, 12], []
[2025-01-29 13:09:38,973][__main__][INFO] - [2, 13], []
[2025-01-29 13:09:38,994][__main__][INFO] - [2, 14], []
[2025-01-29 13:09:39,015][__main__][INFO] - [2, 15], []
[2025-01-29 13:09:39,064][__main__][INFO] - [2, 16], []
[2025-01-29 13:09:39,170][__main__][INFO] - [2], [16]
[2025-01-29 13:09:39,290][__main__][INFO] - [2, 17], []
[2025-01-29 13:09:39,331][__main__][INFO] - [2, 18], []
[2025-01-29 13:09:39,467][__main__][INFO] - [2, 19], []
[2025-01-29 13:09:39,493][__main__][INFO] - [2, 20], []
[2025-01-29 13:09:39,519][__main__][INFO] - [2, 21], []
[2025-01-29 13:09:39,540][__main__][INFO] - [2, 22], []
[2025-01-29 13:09:39,560][__main__][INFO] - [2, 23], []
[2025-01-29 13:09:39,610][__main__][INFO] - [2, 24], []
[2025-01-29 13:09:39,660][__main__][INFO] - [3, 10], []
[2025-01-29 13:09:39,767][__main__][INFO] - [3, 11], []
[2025-01-29 13:09:39,790][__main__][INFO] - [3, 12], []
[2025-01-29 13:09:39,834][__main__][INFO] - [3, 13], []
[2025-01-29 13:09:39,855][__main__][INFO] - [3, 14], []
[2025-01-29 13:09:39,876][__main__][INFO] - [3, 15], []
[2025-01-29 13:09:39,925][__main__][INFO] - [3, 16], []
[2025-01-29 13:09:40,013][__main__][INFO] - [3], [16]
[2025-01-29 13:09:40,110][__main__][INFO] - [3, 17], []
[2025-01-29 13:09:40,146][__main__][INFO] - [3, 18], []
[2025-01-29 13:09:40,253][__main__][INFO] - [3, 19], []
[2025-01-29 13:09:40,278][__main__][INFO] - [3, 20], []
[2025-01-29 13:09:40,302][__main__][INFO] - [3, 21], []
[2025-01-29 13:09:40,323][__main__][INFO] - [3, 22], []
[2025-01-29 13:09:40,344][__main__][INFO] - [3, 23], []
[2025-01-29 13:09:40,389][__main__][INFO] - [3, 24], []
[2025-01-29 13:09:40,438][__main__][INFO] - [4, 10], []
[2025-01-29 13:09:40,578][__main__][INFO] - [4, 11], []
[2025-01-29 13:09:40,602][__main__][INFO] - [4, 12], []
[2025-01-29 13:09:40,650][__main__][INFO] - [4, 13], []
[2025-01-29 13:09:40,671][__main__][INFO] - [4, 14], []
[2025-01-29 13:09:40,692][__main__][INFO] - [4, 15], []
[2025-01-29 13:09:40,750][__main__][INFO] - [4, 16], []
[2025-01-29 13:09:40,857][__main__][INFO] - [4], [16]
[2025-01-29 13:09:40,975][__main__][INFO] - [4, 17], []
[2025-01-29 13:09:41,014][__main__][INFO] - [4, 18], []
[2025-01-29 13:09:41,155][__main__][INFO] - [4, 19], []
[2025-01-29 13:09:41,179][__main__][INFO] - [4, 20], []
[2025-01-29 13:09:41,205][__main__][INFO] - [4, 21], []
[2025-01-29 13:09:41,226][__main__][INFO] - [4, 22], []
[2025-01-29 13:09:41,246][__main__][INFO] - [4, 23], []
[2025-01-29 13:09:41,295][__main__][INFO] - [4, 24], []
[2025-01-29 13:09:41,345][__main__][INFO] - [5, 10], []
[2025-01-29 13:09:41,473][__main__][INFO] - [5, 11], []
[2025-01-29 13:09:41,497][__main__][INFO] - [5, 12], []
[2025-01-29 13:09:41,541][__main__][INFO] - [5, 13], []
[2025-01-29 13:09:41,561][__main__][INFO] - [5, 14], []
[2025-01-29 13:09:41,582][__main__][INFO] - [5, 15], []
[2025-01-29 13:09:41,626][__main__][INFO] - [5, 16], []
[2025-01-29 13:09:41,722][__main__][INFO] - [5], [16]
[2025-01-29 13:09:41,826][__main__][INFO] - [5, 17], []
[2025-01-29 13:09:41,856][__main__][INFO] - [5, 18], []
[2025-01-29 13:09:41,991][__main__][INFO] - [5, 19], []
[2025-01-29 13:09:42,014][__main__][INFO] - [5, 20], []
[2025-01-29 13:09:42,040][__main__][INFO] - [5, 21], []
[2025-01-29 13:09:42,061][__main__][INFO] - [5, 22], []
[2025-01-29 13:09:42,087][__main__][INFO] - [5, 23], []
[2025-01-29 13:09:42,130][__main__][INFO] - [5, 24], []
[2025-01-29 13:09:42,180][__main__][INFO] - [6, 10], []
[2025-01-29 13:09:42,244][__main__][INFO] - [6, 11], []
[2025-01-29 13:09:42,266][__main__][INFO] - [6, 12], []
[2025-01-29 13:09:42,294][__main__][INFO] - [6, 13], []
[2025-01-29 13:09:42,315][__main__][INFO] - [6, 14], []
[2025-01-29 13:09:42,335][__main__][INFO] - [6, 15], []
[2025-01-29 13:09:42,361][__main__][INFO] - [6, 16], []
[2025-01-29 13:09:42,408][__main__][INFO] - [6], [16]
[2025-01-29 13:09:42,461][__main__][INFO] - [6, 17], []
[2025-01-29 13:09:42,483][__main__][INFO] - [6, 18], []
[2025-01-29 13:09:42,549][__main__][INFO] - [6, 19], []
[2025-01-29 13:09:42,571][__main__][INFO] - [6, 20], []
[2025-01-29 13:09:42,593][__main__][INFO] - [6, 21], []
[2025-01-29 13:09:42,613][__main__][INFO] - [6, 22], []
[2025-01-29 13:09:42,633][__main__][INFO] - [6, 23], []
[2025-01-29 13:09:42,661][__main__][INFO] - [6, 24], []
[2025-01-29 13:09:42,711][__main__][INFO] - [7, 10], []
[2025-01-29 13:09:42,748][__main__][INFO] - [7, 11], []
[2025-01-29 13:09:42,769][__main__][INFO] - [7, 12], []
[2025-01-29 13:09:42,790][__main__][INFO] - [7, 13], []
[2025-01-29 13:09:42,810][__main__][INFO] - [7, 14], []
[2025-01-29 13:09:42,831][__main__][INFO] - [7, 15], []
[2025-01-29 13:09:42,852][__main__][INFO] - [7, 16], []
[2025-01-29 13:09:42,879][__main__][INFO] - [7], [16]
[2025-01-29 13:09:42,910][__main__][INFO] - [7, 17], []
[2025-01-29 13:09:42,930][__main__][INFO] - [7, 18], []
[2025-01-29 13:09:42,965][__main__][INFO] - [7, 19], []
[2025-01-29 13:09:42,986][__main__][INFO] - [7, 20], []
[2025-01-29 13:09:43,006][__main__][INFO] - [7, 21], []
[2025-01-29 13:09:43,041][__main__][INFO] - [7, 23], []
[2025-01-29 13:09:43,107][__main__][INFO] - [8, 10], []
[2025-01-29 13:09:43,130][__main__][INFO] - [8, 11], []
[2025-01-29 13:09:43,150][__main__][INFO] - [8, 12], []
[2025-01-29 13:09:43,200][__main__][INFO] - [8, 15], []
[2025-01-29 13:09:43,220][__main__][INFO] - [8, 16], []
[2025-01-29 13:09:43,242][__main__][INFO] - [8], [16]
[2025-01-29 13:09:43,264][__main__][INFO] - [8, 17], []
[2025-01-29 13:09:43,284][__main__][INFO] - [8, 18], []
[2025-01-29 13:09:43,307][__main__][INFO] - [8, 19], []
[2025-01-29 13:09:43,327][__main__][INFO] - [8, 20], []
[2025-01-29 13:09:43,377][__main__][INFO] - [8, 23], []
[2025-01-29 13:09:43,441][__main__][INFO] - [9, 10], []
[2025-01-29 13:09:43,476][__main__][INFO] - [9, 12], []
[2025-01-29 13:09:43,540][__main__][INFO] - [9, 16], []
[2025-01-29 13:09:43,560][__main__][INFO] - [9], [16]
[2025-01-29 13:09:43,602][__main__][INFO] - [9, 18], []
[2025-01-29 13:09:43,681][__main__][INFO] - [9, 23], []
[2025-01-29 13:09:43,745][__main__][INFO] - [10, 16], []
[2025-01-29 13:09:44,142][__main__][INFO] - [10], [16]
[2025-01-29 13:09:44,578][__main__][INFO] - [10, 17], []
[2025-01-29 13:09:44,652][__main__][INFO] - [10, 18], []
[2025-01-29 13:09:45,274][__main__][INFO] - [10, 19], []
[2025-01-29 13:09:45,322][__main__][INFO] - [10, 20], []
[2025-01-29 13:09:45,375][__main__][INFO] - [10, 21], []
[2025-01-29 13:09:45,399][__main__][INFO] - [10, 22], []
[2025-01-29 13:09:45,420][__main__][INFO] - [10, 23], []
[2025-01-29 13:09:45,482][__main__][INFO] - [10, 24], []
[2025-01-29 13:09:45,503][__main__][INFO] - [10, 25], []
[2025-01-29 13:09:45,538][__main__][INFO] - [11, 16], []
[2025-01-29 13:09:45,566][__main__][INFO] - [11], [16]
[2025-01-29 13:09:45,597][__main__][INFO] - [11, 17], []
[2025-01-29 13:09:45,618][__main__][INFO] - [11, 18], []
[2025-01-29 13:09:45,657][__main__][INFO] - [11, 19], []
[2025-01-29 13:09:45,678][__main__][INFO] - [11, 20], []
[2025-01-29 13:09:45,727][__main__][INFO] - [11, 23], []
[2025-01-29 13:09:45,792][__main__][INFO] - [12, 16], []
[2025-01-29 13:09:45,874][__main__][INFO] - [12], [16]
[2025-01-29 13:09:45,958][__main__][INFO] - [12, 17], []
[2025-01-29 13:09:45,978][__main__][INFO] - [12, 18], []
[2025-01-29 13:09:46,007][__main__][INFO] - [12, 19], []
[2025-01-29 13:09:46,029][__main__][INFO] - [12, 20], []
[2025-01-29 13:09:46,079][__main__][INFO] - [12, 23], []
[2025-01-29 13:09:46,260][__main__][INFO] - [13, 16], []
[2025-01-29 13:09:46,282][__main__][INFO] - [13], [16]
[2025-01-29 13:09:46,305][__main__][INFO] - [13, 17], []
[2025-01-29 13:09:46,325][__main__][INFO] - [13, 18], []
[2025-01-29 13:09:46,346][__main__][INFO] - [13, 19], []
[2025-01-29 13:09:46,366][__main__][INFO] - [13, 20], []
[2025-01-29 13:09:46,417][__main__][INFO] - [13, 23], []
[2025-01-29 13:09:46,481][__main__][INFO] - [14, 16], []
[2025-01-29 13:09:46,502][__main__][INFO] - [14], [16]
[2025-01-29 13:09:46,537][__main__][INFO] - [14, 18], []
[2025-01-29 13:09:46,558][__main__][INFO] - [14, 19], []
[2025-01-29 13:09:46,607][__main__][INFO] - [14, 22], []
[2025-01-29 13:09:46,627][__main__][INFO] - [14, 23], []
[2025-01-29 13:09:46,691][__main__][INFO] - [15, 16], []
[2025-01-29 13:09:46,776][__main__][INFO] - [15], [16]
[2025-01-29 13:09:46,884][__main__][INFO] - [15, 17], []
[2025-01-29 13:09:46,959][__main__][INFO] - [15, 18], []
[2025-01-29 13:09:47,064][__main__][INFO] - [15, 19], []
[2025-01-29 13:09:47,087][__main__][INFO] - [15, 20], []
[2025-01-29 13:09:47,108][__main__][INFO] - [15, 21], []
[2025-01-29 13:09:47,129][__main__][INFO] - [15, 22], []
[2025-01-29 13:09:47,149][__main__][INFO] - [15, 23], []
[2025-01-29 13:09:47,169][__main__][INFO] - [15, 24], []
[2025-01-29 13:09:47,219][__main__][INFO] - [16, 17], []
[2025-01-29 13:09:47,285][__main__][INFO] - [16, 18], []
[2025-01-29 13:09:47,625][__main__][INFO] - [16, 19], []
[2025-01-29 13:09:47,662][__main__][INFO] - [16, 20], []
[2025-01-29 13:09:47,699][__main__][INFO] - [16, 21], []
[2025-01-29 13:09:47,721][__main__][INFO] - [16, 22], []
[2025-01-29 13:09:47,742][__main__][INFO] - [16, 23], []
[2025-01-29 13:09:47,839][__main__][INFO] - [16, 24], []
[2025-01-29 13:09:47,889][__main__][INFO] - [17], [16]
[2025-01-29 13:09:47,967][__main__][INFO] - [18], [16]
[2025-01-29 13:09:48,362][__main__][INFO] - [19], [16]
[2025-01-29 13:09:48,399][__main__][INFO] - [20], [16]
[2025-01-29 13:09:48,434][__main__][INFO] - [21], [16]
[2025-01-29 13:09:48,456][__main__][INFO] - [22], [16]
[2025-01-29 13:09:48,476][__main__][INFO] - [23], [16]
[2025-01-29 13:09:48,572][__main__][INFO] - [24], [16]
[2025-01-29 13:09:48,651][__main__][INFO] - [0, 10, 16], []
[2025-01-29 13:09:48,738][__main__][INFO] - [0, 10], [16]
[2025-01-29 13:09:48,827][__main__][INFO] - [0, 10, 17], []
[2025-01-29 13:09:48,865][__main__][INFO] - [0, 10, 18], []
[2025-01-29 13:09:48,971][__main__][INFO] - [0, 10, 19], []
[2025-01-29 13:09:49,001][__main__][INFO] - [0, 10, 20], []
[2025-01-29 13:09:49,029][__main__][INFO] - [0, 10, 21], []
[2025-01-29 13:09:49,053][__main__][INFO] - [0, 10, 22], []
[2025-01-29 13:09:49,075][__main__][INFO] - [0, 10, 23], []
[2025-01-29 13:09:49,108][__main__][INFO] - [0, 10, 24], []
[2025-01-29 13:09:49,161][__main__][INFO] - [0, 11, 16], []
[2025-01-29 13:09:49,184][__main__][INFO] - [0, 11], [16]
[2025-01-29 13:09:49,222][__main__][INFO] - [0, 11, 18], []
[2025-01-29 13:09:49,246][__main__][INFO] - [0, 11, 19], []
[2025-01-29 13:09:49,313][__main__][INFO] - [0, 11, 23], []
[2025-01-29 13:09:49,381][__main__][INFO] - [0, 12, 16], []
[2025-01-29 13:09:49,407][__main__][INFO] - [0, 12], [16]
[2025-01-29 13:09:49,447][__main__][INFO] - [0, 12, 18], []
[2025-01-29 13:09:49,470][__main__][INFO] - [0, 12, 19], []
[2025-01-29 13:09:49,538][__main__][INFO] - [0, 12, 23], []
[2025-01-29 13:09:49,611][__main__][INFO] - [0, 13, 16], []
[2025-01-29 13:09:49,634][__main__][INFO] - [0, 13], [16]
[2025-01-29 13:09:49,672][__main__][INFO] - [0, 13, 18], []
[2025-01-29 13:09:49,712][__main__][INFO] - [0, 13, 20], []
[2025-01-29 13:09:49,835][__main__][INFO] - [0, 14, 16], []
[2025-01-29 13:09:49,857][__main__][INFO] - [0, 14], [16]
[2025-01-29 13:09:49,894][__main__][INFO] - [0, 14, 18], []
[2025-01-29 13:09:49,961][__main__][INFO] - [0, 14, 22], []
[2025-01-29 13:09:50,044][__main__][INFO] - [0, 15, 16], []
[2025-01-29 13:09:50,070][__main__][INFO] - [0, 15], [16]
[2025-01-29 13:09:50,096][__main__][INFO] - [0, 15, 17], []
[2025-01-29 13:09:50,121][__main__][INFO] - [0, 15, 18], []
[2025-01-29 13:09:50,154][__main__][INFO] - [0, 15, 19], []
[2025-01-29 13:09:50,176][__main__][INFO] - [0, 15, 20], []
[2025-01-29 13:09:50,199][__main__][INFO] - [0, 15, 21], []
[2025-01-29 13:09:50,236][__main__][INFO] - [0, 15, 23], []
[2025-01-29 13:09:50,304][__main__][INFO] - [0, 16, 17], []
[2025-01-29 13:09:50,335][__main__][INFO] - [0, 16, 18], []
[2025-01-29 13:09:50,399][__main__][INFO] - [0, 16, 19], []
[2025-01-29 13:09:50,426][__main__][INFO] - [0, 16, 20], []
[2025-01-29 13:09:50,451][__main__][INFO] - [0, 16, 21], []
[2025-01-29 13:09:50,474][__main__][INFO] - [0, 16, 22], []
[2025-01-29 13:09:50,495][__main__][INFO] - [0, 16, 23], []
[2025-01-29 13:09:50,525][__main__][INFO] - [0, 16, 24], []
[2025-01-29 13:09:50,577][__main__][INFO] - [0, 17], [16]
[2025-01-29 13:09:50,608][__main__][INFO] - [0, 18], [16]
[2025-01-29 13:09:50,674][__main__][INFO] - [0, 19], [16]
[2025-01-29 13:09:50,701][__main__][INFO] - [0, 20], [16]
[2025-01-29 13:09:50,726][__main__][INFO] - [0, 21], [16]
[2025-01-29 13:09:50,748][__main__][INFO] - [0, 22], [16]
[2025-01-29 13:09:50,771][__main__][INFO] - [0, 23], [16]
[2025-01-29 13:09:50,801][__main__][INFO] - [0, 24], [16]
[2025-01-29 13:09:50,868][__main__][INFO] - [1, 10, 16], []
[2025-01-29 13:09:50,963][__main__][INFO] - [1, 10], [16]
[2025-01-29 13:09:51,068][__main__][INFO] - [1, 10, 17], []
[2025-01-29 13:09:51,108][__main__][INFO] - [1, 10, 18], []
[2025-01-29 13:09:51,234][__main__][INFO] - [1, 10, 19], []
[2025-01-29 13:09:51,264][__main__][INFO] - [1, 10, 20], []
[2025-01-29 13:09:51,294][__main__][INFO] - [1, 10, 21], []
[2025-01-29 13:09:51,317][__main__][INFO] - [1, 10, 22], []
[2025-01-29 13:09:51,341][__main__][INFO] - [1, 10, 23], []
[2025-01-29 13:09:51,376][__main__][INFO] - [1, 10, 24], []
[2025-01-29 13:09:51,429][__main__][INFO] - [1, 11, 16], []
[2025-01-29 13:09:51,453][__main__][INFO] - [1, 11], [16]
[2025-01-29 13:09:51,492][__main__][INFO] - [1, 11, 18], []
[2025-01-29 13:09:51,517][__main__][INFO] - [1, 11, 19], []
[2025-01-29 13:09:51,541][__main__][INFO] - [1, 11, 20], []
[2025-01-29 13:09:51,594][__main__][INFO] - [1, 11, 23], []
[2025-01-29 13:09:51,662][__main__][INFO] - [1, 12, 16], []
[2025-01-29 13:09:51,691][__main__][INFO] - [1, 12], [16]
[2025-01-29 13:09:51,737][__main__][INFO] - [1, 12, 18], []
[2025-01-29 13:09:51,761][__main__][INFO] - [1, 12, 19], []
[2025-01-29 13:09:51,829][__main__][INFO] - [1, 12, 23], []
[2025-01-29 13:09:51,911][__main__][INFO] - [1, 13, 16], []
[2025-01-29 13:09:51,934][__main__][INFO] - [1, 13], [16]
[2025-01-29 13:09:51,972][__main__][INFO] - [1, 13, 18], []
[2025-01-29 13:09:52,010][__main__][INFO] - [1, 13, 20], []
[2025-01-29 13:09:52,124][__main__][INFO] - [1, 14, 16], []
[2025-01-29 13:09:52,146][__main__][INFO] - [1, 14], [16]
[2025-01-29 13:09:52,190][__main__][INFO] - [1, 14, 18], []
[2025-01-29 13:09:52,258][__main__][INFO] - [1, 14, 22], []
[2025-01-29 13:09:52,281][__main__][INFO] - [1, 14, 23], []
[2025-01-29 13:09:52,349][__main__][INFO] - [1, 15, 16], []
[2025-01-29 13:09:52,378][__main__][INFO] - [1, 15], [16]
[2025-01-29 13:09:52,411][__main__][INFO] - [1, 15, 17], []
[2025-01-29 13:09:52,439][__main__][INFO] - [1, 15, 18], []
[2025-01-29 13:09:52,471][__main__][INFO] - [1, 15, 19], []
[2025-01-29 13:09:52,494][__main__][INFO] - [1, 15, 20], []
[2025-01-29 13:09:52,517][__main__][INFO] - [1, 15, 21], []
[2025-01-29 13:09:52,555][__main__][INFO] - [1, 15, 23], []
[2025-01-29 13:09:52,578][__main__][INFO] - [1, 15, 24], []
[2025-01-29 13:09:52,631][__main__][INFO] - [1, 16, 17], []
[2025-01-29 13:09:52,669][__main__][INFO] - [1, 16, 18], []
[2025-01-29 13:09:52,743][__main__][INFO] - [1, 16, 19], []
[2025-01-29 13:09:52,770][__main__][INFO] - [1, 16, 20], []
[2025-01-29 13:09:52,795][__main__][INFO] - [1, 16, 21], []
[2025-01-29 13:09:52,818][__main__][INFO] - [1, 16, 22], []
[2025-01-29 13:09:52,841][__main__][INFO] - [1, 16, 23], []
[2025-01-29 13:09:52,876][__main__][INFO] - [1, 16, 24], []
[2025-01-29 13:09:52,929][__main__][INFO] - [1, 17], [16]
[2025-01-29 13:09:52,964][__main__][INFO] - [1, 18], [16]
[2025-01-29 13:09:53,045][__main__][INFO] - [1, 19], [16]
[2025-01-29 13:09:53,072][__main__][INFO] - [1, 20], [16]
[2025-01-29 13:09:53,097][__main__][INFO] - [1, 21], [16]
[2025-01-29 13:09:53,120][__main__][INFO] - [1, 22], [16]
[2025-01-29 13:09:53,143][__main__][INFO] - [1, 23], [16]
[2025-01-29 13:09:53,178][__main__][INFO] - [1, 24], [16]
[2025-01-29 13:09:53,246][__main__][INFO] - [2, 10, 16], []
[2025-01-29 13:09:53,325][__main__][INFO] - [2, 10], [16]
[2025-01-29 13:09:53,412][__main__][INFO] - [2, 10, 17], []
[2025-01-29 13:09:53,444][__main__][INFO] - [2, 10, 18], []
[2025-01-29 13:09:53,560][__main__][INFO] - [2, 10, 19], []
[2025-01-29 13:09:53,588][__main__][INFO] - [2, 10, 20], []
[2025-01-29 13:09:53,616][__main__][INFO] - [2, 10, 21], []
[2025-01-29 13:09:53,640][__main__][INFO] - [2, 10, 22], []
[2025-01-29 13:09:53,663][__main__][INFO] - [2, 10, 23], []
[2025-01-29 13:09:53,698][__main__][INFO] - [2, 10, 24], []
[2025-01-29 13:09:53,751][__main__][INFO] - [2, 11, 16], []
[2025-01-29 13:09:53,776][__main__][INFO] - [2, 11], [16]
[2025-01-29 13:09:53,816][__main__][INFO] - [2, 11, 18], []
[2025-01-29 13:09:53,843][__main__][INFO] - [2, 11, 19], []
[2025-01-29 13:09:53,911][__main__][INFO] - [2, 11, 23], []
[2025-01-29 13:09:53,979][__main__][INFO] - [2, 12, 16], []
[2025-01-29 13:09:54,012][__main__][INFO] - [2, 12], [16]
[2025-01-29 13:09:54,061][__main__][INFO] - [2, 12, 18], []
[2025-01-29 13:09:54,085][__main__][INFO] - [2, 12, 19], []
[2025-01-29 13:09:54,154][__main__][INFO] - [2, 12, 23], []
[2025-01-29 13:09:54,246][__main__][INFO] - [2, 13, 16], []
[2025-01-29 13:09:54,269][__main__][INFO] - [2, 13], [16]
[2025-01-29 13:09:54,307][__main__][INFO] - [2, 13, 18], []
[2025-01-29 13:09:54,346][__main__][INFO] - [2, 13, 20], []
[2025-01-29 13:09:54,399][__main__][INFO] - [2, 13, 23], []
[2025-01-29 13:09:54,468][__main__][INFO] - [2, 14, 16], []
[2025-01-29 13:09:54,491][__main__][INFO] - [2, 14], [16]
[2025-01-29 13:09:54,528][__main__][INFO] - [2, 14, 18], []
[2025-01-29 13:09:54,596][__main__][INFO] - [2, 14, 22], []
[2025-01-29 13:09:54,619][__main__][INFO] - [2, 14, 23], []
[2025-01-29 13:09:54,693][__main__][INFO] - [2, 15, 16], []
[2025-01-29 13:09:54,727][__main__][INFO] - [2, 15], [16]
[2025-01-29 13:09:54,765][__main__][INFO] - [2, 15, 17], []
[2025-01-29 13:09:54,798][__main__][INFO] - [2, 15, 18], []
[2025-01-29 13:09:54,835][__main__][INFO] - [2, 15, 19], []
[2025-01-29 13:09:54,858][__main__][INFO] - [2, 15, 20], []
[2025-01-29 13:09:54,882][__main__][INFO] - [2, 15, 21], []
[2025-01-29 13:09:54,920][__main__][INFO] - [2, 15, 23], []
[2025-01-29 13:09:54,943][__main__][INFO] - [2, 15, 24], []
[2025-01-29 13:09:54,996][__main__][INFO] - [2, 16, 17], []
[2025-01-29 13:09:55,027][__main__][INFO] - [2, 16, 18], []
[2025-01-29 13:09:55,095][__main__][INFO] - [2, 16, 19], []
[2025-01-29 13:09:55,120][__main__][INFO] - [2, 16, 20], []
[2025-01-29 13:09:55,145][__main__][INFO] - [2, 16, 21], []
[2025-01-29 13:09:55,168][__main__][INFO] - [2, 16, 22], []
[2025-01-29 13:09:55,197][__main__][INFO] - [2, 16, 23], []
[2025-01-29 13:09:55,234][__main__][INFO] - [2, 16, 24], []
[2025-01-29 13:09:55,287][__main__][INFO] - [2, 17], [16]
[2025-01-29 13:09:55,320][__main__][INFO] - [2, 18], [16]
[2025-01-29 13:09:55,401][__main__][INFO] - [2, 19], [16]
[2025-01-29 13:09:55,426][__main__][INFO] - [2, 20], [16]
[2025-01-29 13:09:55,451][__main__][INFO] - [2, 21], [16]
[2025-01-29 13:09:55,474][__main__][INFO] - [2, 22], [16]
[2025-01-29 13:09:55,497][__main__][INFO] - [2, 23], [16]
[2025-01-29 13:09:55,534][__main__][INFO] - [2, 24], [16]
[2025-01-29 13:09:55,601][__main__][INFO] - [3, 10, 16], []
[2025-01-29 13:09:55,662][__main__][INFO] - [3, 10], [16]
[2025-01-29 13:09:55,726][__main__][INFO] - [3, 10, 17], []
[2025-01-29 13:09:55,753][__main__][INFO] - [3, 10, 18], []
[2025-01-29 13:09:55,839][__main__][INFO] - [3, 10, 19], []
[2025-01-29 13:09:55,865][__main__][INFO] - [3, 10, 20], []
[2025-01-29 13:09:55,892][__main__][INFO] - [3, 10, 21], []
[2025-01-29 13:09:55,915][__main__][INFO] - [3, 10, 22], []
[2025-01-29 13:09:55,938][__main__][INFO] - [3, 10, 23], []
[2025-01-29 13:09:55,965][__main__][INFO] - [3, 10, 24], []
[2025-01-29 13:09:56,018][__main__][INFO] - [3, 11, 16], []
[2025-01-29 13:09:56,042][__main__][INFO] - [3, 11], [16]
[2025-01-29 13:09:56,082][__main__][INFO] - [3, 11, 18], []
[2025-01-29 13:09:56,108][__main__][INFO] - [3, 11, 19], []
[2025-01-29 13:09:56,176][__main__][INFO] - [3, 11, 23], []
[2025-01-29 13:09:56,244][__main__][INFO] - [3, 12, 16], []
[2025-01-29 13:09:56,278][__main__][INFO] - [3, 12], [16]
[2025-01-29 13:09:56,326][__main__][INFO] - [3, 12, 18], []
[2025-01-29 13:09:56,351][__main__][INFO] - [3, 12, 19], []
[2025-01-29 13:09:56,419][__main__][INFO] - [3, 12, 23], []
[2025-01-29 13:09:56,507][__main__][INFO] - [3, 13, 16], []
[2025-01-29 13:09:56,530][__main__][INFO] - [3, 13], [16]
[2025-01-29 13:09:56,568][__main__][INFO] - [3, 13, 18], []
[2025-01-29 13:09:56,606][__main__][INFO] - [3, 13, 20], []
[2025-01-29 13:09:56,660][__main__][INFO] - [3, 13, 23], []
[2025-01-29 13:09:56,730][__main__][INFO] - [3, 14, 16], []
[2025-01-29 13:09:56,753][__main__][INFO] - [3, 14], [16]
[2025-01-29 13:09:56,791][__main__][INFO] - [3, 14, 18], []
[2025-01-29 13:09:56,813][__main__][INFO] - [3, 14, 19], []
[2025-01-29 13:09:56,866][__main__][INFO] - [3, 14, 22], []
[2025-01-29 13:09:56,889][__main__][INFO] - [3, 14, 23], []
[2025-01-29 13:09:56,957][__main__][INFO] - [3, 15, 16], []
[2025-01-29 13:09:56,992][__main__][INFO] - [3, 15], [16]
[2025-01-29 13:09:57,029][__main__][INFO] - [3, 15, 17], []
[2025-01-29 13:09:57,062][__main__][INFO] - [3, 15, 18], []
[2025-01-29 13:09:57,101][__main__][INFO] - [3, 15, 19], []
[2025-01-29 13:09:57,124][__main__][INFO] - [3, 15, 20], []
[2025-01-29 13:09:57,147][__main__][INFO] - [3, 15, 21], []
[2025-01-29 13:09:57,184][__main__][INFO] - [3, 15, 23], []
[2025-01-29 13:09:57,208][__main__][INFO] - [3, 15, 24], []
[2025-01-29 13:09:57,261][__main__][INFO] - [3, 16, 17], []
[2025-01-29 13:09:57,289][__main__][INFO] - [3, 16, 18], []
[2025-01-29 13:09:57,349][__main__][INFO] - [3, 16, 19], []
[2025-01-29 13:09:57,373][__main__][INFO] - [3, 16, 20], []
[2025-01-29 13:09:57,398][__main__][INFO] - [3, 16, 21], []
[2025-01-29 13:09:57,420][__main__][INFO] - [3, 16, 22], []
[2025-01-29 13:09:57,443][__main__][INFO] - [3, 16, 23], []
[2025-01-29 13:09:57,478][__main__][INFO] - [3, 16, 24], []
[2025-01-29 13:09:57,531][__main__][INFO] - [3, 17], [16]
[2025-01-29 13:09:57,561][__main__][INFO] - [3, 18], [16]
[2025-01-29 13:09:57,626][__main__][INFO] - [3, 19], [16]
[2025-01-29 13:09:57,651][__main__][INFO] - [3, 20], [16]
[2025-01-29 13:09:57,675][__main__][INFO] - [3, 21], [16]
[2025-01-29 13:09:57,698][__main__][INFO] - [3, 22], [16]
[2025-01-29 13:09:57,721][__main__][INFO] - [3, 23], [16]
[2025-01-29 13:09:57,755][__main__][INFO] - [3, 24], [16]
[2025-01-29 13:09:57,823][__main__][INFO] - [4, 10, 16], []
[2025-01-29 13:09:57,894][__main__][INFO] - [4, 10], [16]
[2025-01-29 13:09:57,971][__main__][INFO] - [4, 10, 17], []
[2025-01-29 13:09:57,997][__main__][INFO] - [4, 10, 18], []
[2025-01-29 13:09:58,108][__main__][INFO] - [4, 10, 19], []
[2025-01-29 13:09:58,134][__main__][INFO] - [4, 10, 20], []
[2025-01-29 13:09:58,162][__main__][INFO] - [4, 10, 21], []
[2025-01-29 13:09:58,185][__main__][INFO] - [4, 10, 22], []
[2025-01-29 13:09:58,208][__main__][INFO] - [4, 10, 23], []
[2025-01-29 13:09:58,234][__main__][INFO] - [4, 10, 24], []
[2025-01-29 13:09:58,287][__main__][INFO] - [4, 11, 16], []
[2025-01-29 13:09:58,312][__main__][INFO] - [4, 11], [16]
[2025-01-29 13:09:58,351][__main__][INFO] - [4, 11, 18], []
[2025-01-29 13:09:58,378][__main__][INFO] - [4, 11, 19], []
[2025-01-29 13:09:58,401][__main__][INFO] - [4, 11, 20], []
[2025-01-29 13:09:58,454][__main__][INFO] - [4, 11, 23], []
[2025-01-29 13:09:58,522][__main__][INFO] - [4, 12, 16], []
[2025-01-29 13:09:58,558][__main__][INFO] - [4, 12], [16]
[2025-01-29 13:09:58,609][__main__][INFO] - [4, 12, 18], []
[2025-01-29 13:09:58,633][__main__][INFO] - [4, 12, 19], []
[2025-01-29 13:09:58,702][__main__][INFO] - [4, 12, 23], []
[2025-01-29 13:09:58,794][__main__][INFO] - [4, 13, 16], []
[2025-01-29 13:09:58,817][__main__][INFO] - [4, 13], [16]
[2025-01-29 13:09:58,855][__main__][INFO] - [4, 13, 18], []
[2025-01-29 13:09:58,894][__main__][INFO] - [4, 13, 20], []
[2025-01-29 13:09:58,947][__main__][INFO] - [4, 13, 23], []
[2025-01-29 13:09:59,015][__main__][INFO] - [4, 14, 16], []
[2025-01-29 13:09:59,038][__main__][INFO] - [4, 14], [16]
[2025-01-29 13:09:59,076][__main__][INFO] - [4, 14, 18], []
[2025-01-29 13:09:59,098][__main__][INFO] - [4, 14, 19], []
[2025-01-29 13:09:59,151][__main__][INFO] - [4, 14, 22], []
[2025-01-29 13:09:59,234][__main__][INFO] - [4, 15, 16], []
[2025-01-29 13:09:59,272][__main__][INFO] - [4, 15], [16]
[2025-01-29 13:09:59,315][__main__][INFO] - [4, 15, 17], []
[2025-01-29 13:09:59,351][__main__][INFO] - [4, 15, 18], []
[2025-01-29 13:09:59,392][__main__][INFO] - [4, 15, 19], []
[2025-01-29 13:09:59,415][__main__][INFO] - [4, 15, 20], []
[2025-01-29 13:09:59,438][__main__][INFO] - [4, 15, 21], []
[2025-01-29 13:09:59,476][__main__][INFO] - [4, 15, 23], []
[2025-01-29 13:09:59,500][__main__][INFO] - [4, 15, 24], []
[2025-01-29 13:09:59,553][__main__][INFO] - [4, 16, 17], []
[2025-01-29 13:09:59,582][__main__][INFO] - [4, 16, 18], []
[2025-01-29 13:09:59,654][__main__][INFO] - [4, 16, 19], []
[2025-01-29 13:09:59,678][__main__][INFO] - [4, 16, 20], []
[2025-01-29 13:09:59,703][__main__][INFO] - [4, 16, 21], []
[2025-01-29 13:09:59,726][__main__][INFO] - [4, 16, 22], []
[2025-01-29 13:09:59,749][__main__][INFO] - [4, 16, 23], []
[2025-01-29 13:09:59,786][__main__][INFO] - [4, 16, 24], []
[2025-01-29 13:09:59,838][__main__][INFO] - [4, 17], [16]
[2025-01-29 13:09:59,870][__main__][INFO] - [4, 18], [16]
[2025-01-29 13:09:59,953][__main__][INFO] - [4, 19], [16]
[2025-01-29 13:09:59,978][__main__][INFO] - [4, 20], [16]
[2025-01-29 13:10:00,003][__main__][INFO] - [4, 21], [16]
[2025-01-29 13:10:00,026][__main__][INFO] - [4, 22], [16]
[2025-01-29 13:10:00,049][__main__][INFO] - [4, 23], [16]
[2025-01-29 13:10:00,084][__main__][INFO] - [4, 24], [16]
[2025-01-29 13:10:00,151][__main__][INFO] - [5, 10, 16], []
[2025-01-29 13:10:00,222][__main__][INFO] - [5, 10], [16]
[2025-01-29 13:10:00,297][__main__][INFO] - [5, 10, 17], []
[2025-01-29 13:10:00,322][__main__][INFO] - [5, 10, 18], []
[2025-01-29 13:10:00,432][__main__][INFO] - [5, 10, 19], []
[2025-01-29 13:10:00,457][__main__][INFO] - [5, 10, 20], []
[2025-01-29 13:10:00,484][__main__][INFO] - [5, 10, 21], []
[2025-01-29 13:10:00,508][__main__][INFO] - [5, 10, 22], []
[2025-01-29 13:10:00,531][__main__][INFO] - [5, 10, 23], []
[2025-01-29 13:10:00,556][__main__][INFO] - [5, 10, 24], []
[2025-01-29 13:10:00,609][__main__][INFO] - [5, 11, 16], []
[2025-01-29 13:10:00,633][__main__][INFO] - [5, 11], [16]
[2025-01-29 13:10:00,673][__main__][INFO] - [5, 11, 18], []
[2025-01-29 13:10:00,700][__main__][INFO] - [5, 11, 19], []
[2025-01-29 13:10:00,827][__main__][INFO] - [5, 12, 16], []
[2025-01-29 13:10:00,861][__main__][INFO] - [5, 12], [16]
[2025-01-29 13:10:00,909][__main__][INFO] - [5, 12, 18], []
[2025-01-29 13:10:00,934][__main__][INFO] - [5, 12, 19], []
[2025-01-29 13:10:01,002][__main__][INFO] - [5, 12, 23], []
[2025-01-29 13:10:01,089][__main__][INFO] - [5, 13, 16], []
[2025-01-29 13:10:01,113][__main__][INFO] - [5, 13], [16]
[2025-01-29 13:10:01,151][__main__][INFO] - [5, 13, 18], []
[2025-01-29 13:10:01,189][__main__][INFO] - [5, 13, 20], []
[2025-01-29 13:10:01,246][__main__][INFO] - [5, 13, 23], []
[2025-01-29 13:10:01,315][__main__][INFO] - [5, 14, 16], []
[2025-01-29 13:10:01,338][__main__][INFO] - [5, 14], [16]
[2025-01-29 13:10:01,376][__main__][INFO] - [5, 14, 18], []
[2025-01-29 13:10:01,399][__main__][INFO] - [5, 14, 19], []
[2025-01-29 13:10:01,451][__main__][INFO] - [5, 14, 22], []
[2025-01-29 13:10:01,474][__main__][INFO] - [5, 14, 23], []
[2025-01-29 13:10:01,542][__main__][INFO] - [5, 15, 16], []
[2025-01-29 13:10:01,575][__main__][INFO] - [5, 15], [16]
[2025-01-29 13:10:01,610][__main__][INFO] - [5, 15, 17], []
[2025-01-29 13:10:01,639][__main__][INFO] - [5, 15, 18], []
[2025-01-29 13:10:01,675][__main__][INFO] - [5, 15, 19], []
[2025-01-29 13:10:01,698][__main__][INFO] - [5, 15, 20], []
[2025-01-29 13:10:01,721][__main__][INFO] - [5, 15, 21], []
[2025-01-29 13:10:01,765][__main__][INFO] - [5, 15, 23], []
[2025-01-29 13:10:01,788][__main__][INFO] - [5, 15, 24], []
[2025-01-29 13:10:01,841][__main__][INFO] - [5, 16, 17], []
[2025-01-29 13:10:01,868][__main__][INFO] - [5, 16, 18], []
[2025-01-29 13:10:01,938][__main__][INFO] - [5, 16, 19], []
[2025-01-29 13:10:01,962][__main__][INFO] - [5, 16, 20], []
[2025-01-29 13:10:01,987][__main__][INFO] - [5, 16, 21], []
[2025-01-29 13:10:02,010][__main__][INFO] - [5, 16, 22], []
[2025-01-29 13:10:02,032][__main__][INFO] - [5, 16, 23], []
[2025-01-29 13:10:02,066][__main__][INFO] - [5, 16, 24], []
[2025-01-29 13:10:02,119][__main__][INFO] - [5, 17], [16]
[2025-01-29 13:10:02,147][__main__][INFO] - [5, 18], [16]
[2025-01-29 13:10:02,226][__main__][INFO] - [5, 19], [16]
[2025-01-29 13:10:02,250][__main__][INFO] - [5, 20], [16]
[2025-01-29 13:10:02,274][__main__][INFO] - [5, 21], [16]
[2025-01-29 13:10:02,297][__main__][INFO] - [5, 22], [16]
[2025-01-29 13:10:02,320][__main__][INFO] - [5, 23], [16]
[2025-01-29 13:10:02,353][__main__][INFO] - [5, 24], [16]
[2025-01-29 13:10:02,420][__main__][INFO] - [6, 10, 16], []
[2025-01-29 13:10:02,462][__main__][INFO] - [6, 10], [16]
[2025-01-29 13:10:02,506][__main__][INFO] - [6, 10, 17], []
[2025-01-29 13:10:02,530][__main__][INFO] - [6, 10, 18], []
[2025-01-29 13:10:02,589][__main__][INFO] - [6, 10, 19], []
[2025-01-29 13:10:02,613][__main__][INFO] - [6, 10, 20], []
[2025-01-29 13:10:02,637][__main__][INFO] - [6, 10, 21], []
[2025-01-29 13:10:02,660][__main__][INFO] - [6, 10, 22], []
[2025-01-29 13:10:02,683][__main__][INFO] - [6, 10, 23], []
[2025-01-29 13:10:02,752][__main__][INFO] - [6, 11, 16], []
[2025-01-29 13:10:02,775][__main__][INFO] - [6, 11], [16]
[2025-01-29 13:10:02,814][__main__][INFO] - [6, 11, 18], []
[2025-01-29 13:10:02,958][__main__][INFO] - [6, 12, 16], []
[2025-01-29 13:10:02,984][__main__][INFO] - [6, 12], [16]
[2025-01-29 13:10:03,026][__main__][INFO] - [6, 12, 18], []
[2025-01-29 13:10:03,049][__main__][INFO] - [6, 12, 19], []
[2025-01-29 13:10:03,118][__main__][INFO] - [6, 12, 23], []
[2025-01-29 13:10:03,192][__main__][INFO] - [6, 13, 16], []
[2025-01-29 13:10:03,215][__main__][INFO] - [6, 13], [16]
[2025-01-29 13:10:03,253][__main__][INFO] - [6, 13, 18], []
[2025-01-29 13:10:03,291][__main__][INFO] - [6, 13, 20], []
[2025-01-29 13:10:03,419][__main__][INFO] - [6, 14], [16]
[2025-01-29 13:10:03,592][__main__][INFO] - [6, 15, 16], []
[2025-01-29 13:10:03,618][__main__][INFO] - [6, 15], [16]
[2025-01-29 13:10:03,644][__main__][INFO] - [6, 15, 17], []
[2025-01-29 13:10:03,668][__main__][INFO] - [6, 15, 18], []
[2025-01-29 13:10:03,694][__main__][INFO] - [6, 15, 19], []
[2025-01-29 13:10:03,717][__main__][INFO] - [6, 15, 20], []
[2025-01-29 13:10:03,770][__main__][INFO] - [6, 15, 23], []
[2025-01-29 13:10:03,837][__main__][INFO] - [6, 16, 17], []
[2025-01-29 13:10:03,861][__main__][INFO] - [6, 16, 18], []
[2025-01-29 13:10:03,902][__main__][INFO] - [6, 16, 19], []
[2025-01-29 13:10:03,925][__main__][INFO] - [6, 16, 20], []
[2025-01-29 13:10:03,948][__main__][INFO] - [6, 16, 21], []
[2025-01-29 13:10:03,971][__main__][INFO] - [6, 16, 22], []
[2025-01-29 13:10:03,993][__main__][INFO] - [6, 16, 23], []
[2025-01-29 13:10:04,064][__main__][INFO] - [6, 17], [16]
[2025-01-29 13:10:04,088][__main__][INFO] - [6, 18], [16]
[2025-01-29 13:10:04,134][__main__][INFO] - [6, 19], [16]
[2025-01-29 13:10:04,157][__main__][INFO] - [6, 20], [16]
[2025-01-29 13:10:04,180][__main__][INFO] - [6, 21], [16]
[2025-01-29 13:10:04,203][__main__][INFO] - [6, 22], [16]
[2025-01-29 13:10:04,226][__main__][INFO] - [6, 23], [16]
[2025-01-29 13:10:04,312][__main__][INFO] - [7, 10, 16], []
[2025-01-29 13:10:04,340][__main__][INFO] - [7, 10], [16]
[2025-01-29 13:10:04,370][__main__][INFO] - [7, 10, 17], []
[2025-01-29 13:10:04,393][__main__][INFO] - [7, 10, 18], []
[2025-01-29 13:10:04,429][__main__][INFO] - [7, 10, 19], []
[2025-01-29 13:10:04,452][__main__][INFO] - [7, 10, 20], []
[2025-01-29 13:10:04,475][__main__][INFO] - [7, 10, 21], []
[2025-01-29 13:10:04,513][__main__][INFO] - [7, 10, 23], []
[2025-01-29 13:10:04,581][__main__][INFO] - [7, 11, 16], []
[2025-01-29 13:10:04,604][__main__][INFO] - [7, 11], [16]
[2025-01-29 13:10:04,642][__main__][INFO] - [7, 11, 18], []
[2025-01-29 13:10:04,785][__main__][INFO] - [7, 12, 16], []
[2025-01-29 13:10:04,809][__main__][INFO] - [7, 12], [16]
[2025-01-29 13:10:04,847][__main__][INFO] - [7, 12, 18], []
[2025-01-29 13:10:04,870][__main__][INFO] - [7, 12, 19], []
[2025-01-29 13:10:04,938][__main__][INFO] - [7, 12, 23], []
[2025-01-29 13:10:05,022][__main__][INFO] - [7, 13], [16]
[2025-01-29 13:10:05,061][__main__][INFO] - [7, 13, 18], []
[2025-01-29 13:10:05,384][__main__][INFO] - [7, 15, 16], []
[2025-01-29 13:10:05,408][__main__][INFO] - [7, 15], [16]
[2025-01-29 13:10:05,431][__main__][INFO] - [7, 15, 17], []
[2025-01-29 13:10:05,454][__main__][INFO] - [7, 15, 18], []
[2025-01-29 13:10:05,477][__main__][INFO] - [7, 15, 19], []
[2025-01-29 13:10:05,605][__main__][INFO] - [7, 16, 17], []
[2025-01-29 13:10:05,627][__main__][INFO] - [7, 16, 18], []
[2025-01-29 13:10:05,655][__main__][INFO] - [7, 16, 19], []
[2025-01-29 13:10:05,677][__main__][INFO] - [7, 16, 20], []
[2025-01-29 13:10:05,700][__main__][INFO] - [7, 16, 21], []
[2025-01-29 13:10:05,738][__main__][INFO] - [7, 16, 23], []
[2025-01-29 13:10:05,807][__main__][INFO] - [7, 17], [16]
[2025-01-29 13:10:05,829][__main__][INFO] - [7, 18], [16]
[2025-01-29 13:10:05,860][__main__][INFO] - [7, 19], [16]
[2025-01-29 13:10:05,882][__main__][INFO] - [7, 20], [16]
[2025-01-29 13:10:05,905][__main__][INFO] - [7, 21], [16]
[2025-01-29 13:10:05,942][__main__][INFO] - [7, 23], [16]
[2025-01-29 13:10:06,025][__main__][INFO] - [8, 10, 16], []
[2025-01-29 13:10:06,050][__main__][INFO] - [8, 10], [16]
[2025-01-29 13:10:06,089][__main__][INFO] - [8, 10, 18], []
[2025-01-29 13:10:06,114][__main__][INFO] - [8, 10, 19], []
[2025-01-29 13:10:06,137][__main__][INFO] - [8, 10, 20], []
[2025-01-29 13:10:06,190][__main__][INFO] - [8, 10, 23], []
[2025-01-29 13:10:06,258][__main__][INFO] - [8, 11, 16], []
[2025-01-29 13:10:06,281][__main__][INFO] - [8, 11], [16]
[2025-01-29 13:10:06,318][__main__][INFO] - [8, 11, 18], []
[2025-01-29 13:10:06,461][__main__][INFO] - [8, 12, 16], []
[2025-01-29 13:10:06,484][__main__][INFO] - [8, 12], [16]
[2025-01-29 13:10:06,521][__main__][INFO] - [8, 12, 18], []
[2025-01-29 13:10:06,604][__main__][INFO] - [8, 12, 23], []
[2025-01-29 13:10:06,701][__main__][INFO] - [8, 15, 16], []
[2025-01-29 13:10:06,724][__main__][INFO] - [8, 15], [16]
[2025-01-29 13:10:06,761][__main__][INFO] - [8, 15, 18], []
[2025-01-29 13:10:06,919][__main__][INFO] - [8, 16, 18], []
[2025-01-29 13:10:06,943][__main__][INFO] - [8, 16, 19], []
[2025-01-29 13:10:06,965][__main__][INFO] - [8, 16, 20], []
[2025-01-29 13:10:07,018][__main__][INFO] - [8, 16, 23], []
[2025-01-29 13:10:07,086][__main__][INFO] - [8, 17], [16]
[2025-01-29 13:10:07,108][__main__][INFO] - [8, 18], [16]
[2025-01-29 13:10:07,132][__main__][INFO] - [8, 19], [16]
[2025-01-29 13:10:07,155][__main__][INFO] - [8, 20], [16]
[2025-01-29 13:10:07,207][__main__][INFO] - [8, 23], [16]
[2025-01-29 13:10:07,290][__main__][INFO] - [9, 10, 16], []
[2025-01-29 13:10:07,313][__main__][INFO] - [9, 10], [16]
[2025-01-29 13:10:07,351][__main__][INFO] - [9, 10, 18], []
[2025-01-29 13:10:07,748][__main__][INFO] - [9, 16, 18], []
[2025-01-29 13:10:07,906][__main__][INFO] - [9, 18], [16]
[2025-01-29 13:10:08,062][__main__][INFO] - [10, 16, 17], []
[2025-01-29 13:10:08,108][__main__][INFO] - [10, 16, 18], []
[2025-01-29 13:10:08,394][__main__][INFO] - [10, 16, 19], []
[2025-01-29 13:10:08,429][__main__][INFO] - [10, 16, 20], []
[2025-01-29 13:10:08,471][__main__][INFO] - [10, 16, 21], []
[2025-01-29 13:10:08,496][__main__][INFO] - [10, 16, 22], []
[2025-01-29 13:10:08,519][__main__][INFO] - [10, 16, 23], []
[2025-01-29 13:10:08,560][__main__][INFO] - [10, 16, 24], []
[2025-01-29 13:10:08,613][__main__][INFO] - [10, 17], [16]
[2025-01-29 13:10:08,660][__main__][INFO] - [10, 18], [16]
[2025-01-29 13:10:08,984][__main__][INFO] - [10, 19], [16]
[2025-01-29 13:10:09,019][__main__][INFO] - [10, 20], [16]
[2025-01-29 13:10:09,056][__main__][INFO] - [10, 21], [16]
[2025-01-29 13:10:09,080][__main__][INFO] - [10, 22], [16]
[2025-01-29 13:10:09,103][__main__][INFO] - [10, 23], [16]
[2025-01-29 13:10:09,144][__main__][INFO] - [10, 24], [16]
[2025-01-29 13:10:09,212][__main__][INFO] - [11, 16, 17], []
[2025-01-29 13:10:09,235][__main__][INFO] - [11, 16, 18], []
[2025-01-29 13:10:09,264][__main__][INFO] - [11, 16, 19], []
[2025-01-29 13:10:09,287][__main__][INFO] - [11, 16, 20], []
[2025-01-29 13:10:09,339][__main__][INFO] - [11, 16, 23], []
[2025-01-29 13:10:09,407][__main__][INFO] - [11, 17], [16]
[2025-01-29 13:10:09,430][__main__][INFO] - [11, 18], [16]
[2025-01-29 13:10:09,462][__main__][INFO] - [11, 19], [16]
[2025-01-29 13:10:09,484][__main__][INFO] - [11, 20], [16]
[2025-01-29 13:10:09,537][__main__][INFO] - [11, 23], [16]
[2025-01-29 13:10:09,619][__main__][INFO] - [12, 16, 17], []
[2025-01-29 13:10:09,641][__main__][INFO] - [12, 16, 18], []
[2025-01-29 13:10:09,666][__main__][INFO] - [12, 16, 19], []
[2025-01-29 13:10:09,734][__main__][INFO] - [12, 16, 23], []
[2025-01-29 13:10:09,856][__main__][INFO] - [12, 17], [16]
[2025-01-29 13:10:09,878][__main__][INFO] - [12, 18], [16]
[2025-01-29 13:10:09,905][__main__][INFO] - [12, 19], [16]
[2025-01-29 13:10:09,973][__main__][INFO] - [12, 23], [16]
[2025-01-29 13:10:10,123][__main__][INFO] - [13, 16, 18], []
[2025-01-29 13:10:10,146][__main__][INFO] - [13, 16, 19], []
[2025-01-29 13:10:10,168][__main__][INFO] - [13, 16, 20], []
[2025-01-29 13:10:10,221][__main__][INFO] - [13, 16, 23], []
[2025-01-29 13:10:10,304][__main__][INFO] - [13, 18], [16]
[2025-01-29 13:10:10,327][__main__][INFO] - [13, 19], [16]
[2025-01-29 13:10:10,349][__main__][INFO] - [13, 20], [16]
[2025-01-29 13:10:10,402][__main__][INFO] - [13, 23], [16]
[2025-01-29 13:10:10,498][__main__][INFO] - [14, 16, 18], []
[2025-01-29 13:10:10,521][__main__][INFO] - [14, 16, 19], []
[2025-01-29 13:10:10,573][__main__][INFO] - [14, 16, 22], []
[2025-01-29 13:10:10,595][__main__][INFO] - [14, 16, 23], []
[2025-01-29 13:10:10,677][__main__][INFO] - [14, 18], [16]
[2025-01-29 13:10:10,700][__main__][INFO] - [14, 19], [16]
[2025-01-29 13:10:10,752][__main__][INFO] - [14, 22], [16]
[2025-01-29 13:10:10,774][__main__][INFO] - [14, 23], [16]
[2025-01-29 13:10:10,862][__main__][INFO] - [15, 16, 17], []
[2025-01-29 13:10:10,904][__main__][INFO] - [15, 16, 18], []
[2025-01-29 13:10:10,958][__main__][INFO] - [15, 16, 19], []
[2025-01-29 13:10:10,981][__main__][INFO] - [15, 16, 20], []
[2025-01-29 13:10:11,003][__main__][INFO] - [15, 16, 21], []
[2025-01-29 13:10:11,040][__main__][INFO] - [15, 16, 23], []
[2025-01-29 13:10:11,063][__main__][INFO] - [15, 16, 24], []
[2025-01-29 13:10:11,115][__main__][INFO] - [15, 17], [16]
[2025-01-29 13:10:11,167][__main__][INFO] - [15, 18], [16]
[2025-01-29 13:10:11,233][__main__][INFO] - [15, 19], [16]
[2025-01-29 13:10:11,256][__main__][INFO] - [15, 20], [16]
[2025-01-29 13:10:11,278][__main__][INFO] - [15, 21], [16]
[2025-01-29 13:10:11,316][__main__][INFO] - [15, 23], [16]
[2025-01-29 13:10:11,339][__main__][INFO] - [15, 24], [16]
[2025-01-29 23:39:41,049][__main__][INFO] - In total, there are 1229 possible subgroups
[2025-01-29 23:39:41,078][__main__][INFO] - [0], []
[2025-01-29 23:39:41,264][__main__][INFO] - [1], []
[2025-01-29 23:39:41,497][__main__][INFO] - [2], []
[2025-01-29 23:39:41,712][__main__][INFO] - [3], []
[2025-01-29 23:39:41,885][__main__][INFO] - [4], []
[2025-01-29 23:39:42,097][__main__][INFO] - [5], []
[2025-01-29 23:39:42,286][__main__][INFO] - [6], []
[2025-01-29 23:39:42,367][__main__][INFO] - [7], []
[2025-01-29 23:39:42,404][__main__][INFO] - [8], []
[2025-01-29 23:39:42,426][__main__][INFO] - [9], []
[2025-01-29 23:39:42,445][__main__][INFO] - [10], []
[2025-01-29 23:39:43,307][__main__][INFO] - [11], []
[2025-01-29 23:39:43,346][__main__][INFO] - [12], []
[2025-01-29 23:39:43,500][__main__][INFO] - [13], []
[2025-01-29 23:39:43,522][__main__][INFO] - [14], []
[2025-01-29 23:39:43,543][__main__][INFO] - [15], []
[2025-01-29 23:39:43,728][__main__][INFO] - [16], []
[2025-01-29 23:39:44,295][__main__][INFO] - [], [16]
[2025-01-29 23:39:44,936][__main__][INFO] - [17], []
[2025-01-29 23:39:45,068][__main__][INFO] - [18], []
[2025-01-29 23:39:45,824][__main__][INFO] - [19], []
[2025-01-29 23:39:45,877][__main__][INFO] - [20], []
[2025-01-29 23:39:45,931][__main__][INFO] - [21], []
[2025-01-29 23:39:45,954][__main__][INFO] - [22], []
[2025-01-29 23:39:45,975][__main__][INFO] - [23], []
[2025-01-29 23:39:46,161][__main__][INFO] - [24], []
[2025-01-29 23:39:46,181][__main__][INFO] - [25], []
[2025-01-29 23:39:46,232][__main__][INFO] - [0, 10], []
[2025-01-29 23:39:46,393][__main__][INFO] - [0, 11], []
[2025-01-29 23:39:46,415][__main__][INFO] - [0, 12], []
[2025-01-29 23:39:46,443][__main__][INFO] - [0, 13], []
[2025-01-29 23:39:46,465][__main__][INFO] - [0, 14], []
[2025-01-29 23:39:46,487][__main__][INFO] - [0, 15], []
[2025-01-29 23:39:46,516][__main__][INFO] - [0, 16], []
[2025-01-29 23:39:46,609][__main__][INFO] - [0], [16]
[2025-01-29 23:39:46,707][__main__][INFO] - [0, 17], []
[2025-01-29 23:39:46,748][__main__][INFO] - [0, 18], []
[2025-01-29 23:39:46,858][__main__][INFO] - [0, 19], []
[2025-01-29 23:39:46,887][__main__][INFO] - [0, 20], []
[2025-01-29 23:39:46,914][__main__][INFO] - [0, 21], []
[2025-01-29 23:39:46,936][__main__][INFO] - [0, 22], []
[2025-01-29 23:39:46,961][__main__][INFO] - [0, 23], []
[2025-01-29 23:39:46,998][__main__][INFO] - [0, 24], []
[2025-01-29 23:39:47,050][__main__][INFO] - [1, 10], []
[2025-01-29 23:39:47,238][__main__][INFO] - [1, 11], []
[2025-01-29 23:39:47,262][__main__][INFO] - [1, 12], []
[2025-01-29 23:39:47,298][__main__][INFO] - [1, 13], []
[2025-01-29 23:39:47,321][__main__][INFO] - [1, 14], []
[2025-01-29 23:39:47,343][__main__][INFO] - [1, 15], []
[2025-01-29 23:39:47,382][__main__][INFO] - [1, 16], []
[2025-01-29 23:39:47,495][__main__][INFO] - [1], [16]
[2025-01-29 23:39:47,618][__main__][INFO] - [1, 17], []
[2025-01-29 23:39:47,664][__main__][INFO] - [1, 18], []
[2025-01-29 23:39:47,800][__main__][INFO] - [1, 19], []
[2025-01-29 23:39:47,830][__main__][INFO] - [1, 20], []
[2025-01-29 23:39:47,858][__main__][INFO] - [1, 21], []
[2025-01-29 23:39:47,880][__main__][INFO] - [1, 22], []
[2025-01-29 23:39:47,902][__main__][INFO] - [1, 23], []
[2025-01-29 23:39:47,950][__main__][INFO] - [1, 24], []
[2025-01-29 23:39:48,002][__main__][INFO] - [2, 10], []
[2025-01-29 23:39:48,152][__main__][INFO] - [2, 11], []
[2025-01-29 23:39:48,177][__main__][INFO] - [2, 12], []
[2025-01-29 23:39:48,221][__main__][INFO] - [2, 13], []
[2025-01-29 23:39:48,243][__main__][INFO] - [2, 14], []
[2025-01-29 23:39:48,265][__main__][INFO] - [2, 15], []
[2025-01-29 23:39:48,316][__main__][INFO] - [2, 16], []
[2025-01-29 23:39:48,421][__main__][INFO] - [2], [16]
[2025-01-29 23:39:48,540][__main__][INFO] - [2, 17], []
[2025-01-29 23:39:48,582][__main__][INFO] - [2, 18], []
[2025-01-29 23:39:48,714][__main__][INFO] - [2, 19], []
[2025-01-29 23:39:48,741][__main__][INFO] - [2, 20], []
[2025-01-29 23:39:48,768][__main__][INFO] - [2, 21], []
[2025-01-29 23:39:48,791][__main__][INFO] - [2, 22], []
[2025-01-29 23:39:48,813][__main__][INFO] - [2, 23], []
[2025-01-29 23:39:48,863][__main__][INFO] - [2, 24], []
[2025-01-29 23:39:48,915][__main__][INFO] - [3, 10], []
[2025-01-29 23:39:49,021][__main__][INFO] - [3, 11], []
[2025-01-29 23:39:49,046][__main__][INFO] - [3, 12], []
[2025-01-29 23:39:49,091][__main__][INFO] - [3, 13], []
[2025-01-29 23:39:49,113][__main__][INFO] - [3, 14], []
[2025-01-29 23:39:49,135][__main__][INFO] - [3, 15], []
[2025-01-29 23:39:49,186][__main__][INFO] - [3, 16], []
[2025-01-29 23:39:49,274][__main__][INFO] - [3], [16]
[2025-01-29 23:39:49,370][__main__][INFO] - [3, 17], []
[2025-01-29 23:39:49,406][__main__][INFO] - [3, 18], []
[2025-01-29 23:39:49,513][__main__][INFO] - [3, 19], []
[2025-01-29 23:39:49,538][__main__][INFO] - [3, 20], []
[2025-01-29 23:39:49,564][__main__][INFO] - [3, 21], []
[2025-01-29 23:39:49,586][__main__][INFO] - [3, 22], []
[2025-01-29 23:39:49,608][__main__][INFO] - [3, 23], []
[2025-01-29 23:39:49,654][__main__][INFO] - [3, 24], []
[2025-01-29 23:39:49,705][__main__][INFO] - [4, 10], []
[2025-01-29 23:39:49,836][__main__][INFO] - [4, 11], []
[2025-01-29 23:39:49,862][__main__][INFO] - [4, 12], []
[2025-01-29 23:39:49,910][__main__][INFO] - [4, 13], []
[2025-01-29 23:39:49,936][__main__][INFO] - [4, 14], []
[2025-01-29 23:39:49,958][__main__][INFO] - [4, 15], []
[2025-01-29 23:39:50,016][__main__][INFO] - [4, 16], []
[2025-01-29 23:39:50,123][__main__][INFO] - [4], [16]
[2025-01-29 23:39:50,239][__main__][INFO] - [4, 17], []
[2025-01-29 23:39:50,278][__main__][INFO] - [4, 18], []
[2025-01-29 23:39:50,417][__main__][INFO] - [4, 19], []
[2025-01-29 23:39:50,442][__main__][INFO] - [4, 20], []
[2025-01-29 23:39:50,469][__main__][INFO] - [4, 21], []
[2025-01-29 23:39:50,491][__main__][INFO] - [4, 22], []
[2025-01-29 23:39:50,513][__main__][INFO] - [4, 23], []
[2025-01-29 23:39:50,563][__main__][INFO] - [4, 24], []
[2025-01-29 23:39:50,615][__main__][INFO] - [5, 10], []
[2025-01-29 23:39:50,741][__main__][INFO] - [5, 11], []
[2025-01-29 23:39:50,766][__main__][INFO] - [5, 12], []
[2025-01-29 23:39:50,810][__main__][INFO] - [5, 13], []
[2025-01-29 23:39:50,833][__main__][INFO] - [5, 14], []
[2025-01-29 23:39:50,855][__main__][INFO] - [5, 15], []
[2025-01-29 23:39:50,899][__main__][INFO] - [5, 16], []
[2025-01-29 23:39:50,995][__main__][INFO] - [5], [16]
[2025-01-29 23:39:51,098][__main__][INFO] - [5, 17], []
[2025-01-29 23:39:51,129][__main__][INFO] - [5, 18], []
[2025-01-29 23:39:51,261][__main__][INFO] - [5, 19], []
[2025-01-29 23:39:51,285][__main__][INFO] - [5, 20], []
[2025-01-29 23:39:51,312][__main__][INFO] - [5, 21], []
[2025-01-29 23:39:51,334][__main__][INFO] - [5, 22], []
[2025-01-29 23:39:51,356][__main__][INFO] - [5, 23], []
[2025-01-29 23:39:51,400][__main__][INFO] - [5, 24], []
[2025-01-29 23:39:51,452][__main__][INFO] - [6, 10], []
[2025-01-29 23:39:51,515][__main__][INFO] - [6, 11], []
[2025-01-29 23:39:51,538][__main__][INFO] - [6, 12], []
[2025-01-29 23:39:51,568][__main__][INFO] - [6, 13], []
[2025-01-29 23:39:51,590][__main__][INFO] - [6, 14], []
[2025-01-29 23:39:51,612][__main__][INFO] - [6, 15], []
[2025-01-29 23:39:51,639][__main__][INFO] - [6, 16], []
[2025-01-29 23:39:51,688][__main__][INFO] - [6], [16]
[2025-01-29 23:39:51,741][__main__][INFO] - [6, 17], []
[2025-01-29 23:39:51,764][__main__][INFO] - [6, 18], []
[2025-01-29 23:39:51,830][__main__][INFO] - [6, 19], []
[2025-01-29 23:39:51,853][__main__][INFO] - [6, 20], []
[2025-01-29 23:39:51,876][__main__][INFO] - [6, 21], []
[2025-01-29 23:39:51,898][__main__][INFO] - [6, 22], []
[2025-01-29 23:39:51,920][__main__][INFO] - [6, 23], []
[2025-01-29 23:39:51,949][__main__][INFO] - [6, 24], []
[2025-01-29 23:39:52,000][__main__][INFO] - [7, 10], []
[2025-01-29 23:39:52,036][__main__][INFO] - [7, 11], []
[2025-01-29 23:39:52,058][__main__][INFO] - [7, 12], []
[2025-01-29 23:39:52,081][__main__][INFO] - [7, 13], []
[2025-01-29 23:39:52,103][__main__][INFO] - [7, 14], []
[2025-01-29 23:39:52,125][__main__][INFO] - [7, 15], []
[2025-01-29 23:39:52,148][__main__][INFO] - [7, 16], []
[2025-01-29 23:39:52,176][__main__][INFO] - [7], [16]
[2025-01-29 23:39:52,208][__main__][INFO] - [7, 17], []
[2025-01-29 23:39:52,230][__main__][INFO] - [7, 18], []
[2025-01-29 23:39:52,266][__main__][INFO] - [7, 19], []
[2025-01-29 23:39:52,288][__main__][INFO] - [7, 20], []
[2025-01-29 23:39:52,310][__main__][INFO] - [7, 21], []
[2025-01-29 23:39:52,347][__main__][INFO] - [7, 23], []
[2025-01-29 23:39:52,415][__main__][INFO] - [8, 10], []
[2025-01-29 23:39:52,439][__main__][INFO] - [8, 11], []
[2025-01-29 23:39:52,461][__main__][INFO] - [8, 12], []
[2025-01-29 23:39:52,513][__main__][INFO] - [8, 15], []
[2025-01-29 23:39:52,535][__main__][INFO] - [8, 16], []
[2025-01-29 23:39:52,558][__main__][INFO] - [8], [16]
[2025-01-29 23:39:52,581][__main__][INFO] - [8, 17], []
[2025-01-29 23:39:52,603][__main__][INFO] - [8, 18], []
[2025-01-29 23:39:52,627][__main__][INFO] - [8, 19], []
[2025-01-29 23:39:52,649][__main__][INFO] - [8, 20], []
[2025-01-29 23:39:52,700][__main__][INFO] - [8, 23], []
[2025-01-29 23:39:52,767][__main__][INFO] - [9, 10], []
[2025-01-29 23:39:52,804][__main__][INFO] - [9, 12], []
[2025-01-29 23:39:52,871][__main__][INFO] - [9, 16], []
[2025-01-29 23:39:52,893][__main__][INFO] - [9], [16]
[2025-01-29 23:39:52,930][__main__][INFO] - [9, 18], []
[2025-01-29 23:39:53,013][__main__][INFO] - [9, 23], []
[2025-01-29 23:39:53,079][__main__][INFO] - [10, 16], []
[2025-01-29 23:39:53,480][__main__][INFO] - [10], [16]
[2025-01-29 23:39:53,932][__main__][INFO] - [10, 17], []
[2025-01-29 23:39:54,005][__main__][INFO] - [10, 18], []
[2025-01-29 23:39:54,617][__main__][INFO] - [10, 19], []
[2025-01-29 23:39:54,666][__main__][INFO] - [10, 20], []
[2025-01-29 23:39:54,718][__main__][INFO] - [10, 21], []
[2025-01-29 23:39:54,743][__main__][INFO] - [10, 22], []
[2025-01-29 23:39:54,766][__main__][INFO] - [10, 23], []
[2025-01-29 23:39:54,827][__main__][INFO] - [10, 24], []
[2025-01-29 23:39:54,849][__main__][INFO] - [10, 25], []
[2025-01-29 23:39:54,886][__main__][INFO] - [11, 16], []
[2025-01-29 23:39:54,916][__main__][INFO] - [11], [16]
[2025-01-29 23:39:54,948][__main__][INFO] - [11, 17], []
[2025-01-29 23:39:54,969][__main__][INFO] - [11, 18], []
[2025-01-29 23:39:55,010][__main__][INFO] - [11, 19], []
[2025-01-29 23:39:55,032][__main__][INFO] - [11, 20], []
[2025-01-29 23:39:55,084][__main__][INFO] - [11, 23], []
[2025-01-29 23:39:55,151][__main__][INFO] - [12, 16], []
[2025-01-29 23:39:55,234][__main__][INFO] - [12], [16]
[2025-01-29 23:39:55,318][__main__][INFO] - [12, 17], []
[2025-01-29 23:39:55,340][__main__][INFO] - [12, 18], []
[2025-01-29 23:39:55,370][__main__][INFO] - [12, 19], []
[2025-01-29 23:39:55,393][__main__][INFO] - [12, 20], []
[2025-01-29 23:39:55,446][__main__][INFO] - [12, 23], []
[2025-01-29 23:39:55,627][__main__][INFO] - [13, 16], []
[2025-01-29 23:39:55,650][__main__][INFO] - [13], [16]
[2025-01-29 23:39:55,674][__main__][INFO] - [13, 17], []
[2025-01-29 23:39:55,695][__main__][INFO] - [13, 18], []
[2025-01-29 23:39:55,718][__main__][INFO] - [13, 19], []
[2025-01-29 23:39:55,740][__main__][INFO] - [13, 20], []
[2025-01-29 23:39:55,794][__main__][INFO] - [13, 23], []
[2025-01-29 23:39:55,861][__main__][INFO] - [14, 16], []
[2025-01-29 23:39:55,883][__main__][INFO] - [14], [16]
[2025-01-29 23:39:55,921][__main__][INFO] - [14, 18], []
[2025-01-29 23:39:55,943][__main__][INFO] - [14, 19], []
[2025-01-29 23:39:55,995][__main__][INFO] - [14, 22], []
[2025-01-29 23:39:56,018][__main__][INFO] - [14, 23], []
[2025-01-29 23:39:56,085][__main__][INFO] - [15, 16], []
[2025-01-29 23:39:56,170][__main__][INFO] - [15], [16]
[2025-01-29 23:39:56,278][__main__][INFO] - [15, 17], []
[2025-01-29 23:39:56,353][__main__][INFO] - [15, 18], []
[2025-01-29 23:39:56,458][__main__][INFO] - [15, 19], []
[2025-01-29 23:39:56,481][__main__][INFO] - [15, 20], []
[2025-01-29 23:39:56,503][__main__][INFO] - [15, 21], []
[2025-01-29 23:39:56,526][__main__][INFO] - [15, 22], []
[2025-01-29 23:39:56,547][__main__][INFO] - [15, 23], []
[2025-01-29 23:39:56,570][__main__][INFO] - [15, 24], []
[2025-01-29 23:39:56,621][__main__][INFO] - [16, 17], []
[2025-01-29 23:39:56,688][__main__][INFO] - [16, 18], []
[2025-01-29 23:39:57,022][__main__][INFO] - [16, 19], []
[2025-01-29 23:39:57,059][__main__][INFO] - [16, 20], []
[2025-01-29 23:39:57,097][__main__][INFO] - [16, 21], []
[2025-01-29 23:39:57,121][__main__][INFO] - [16, 22], []
[2025-01-29 23:39:57,143][__main__][INFO] - [16, 23], []
[2025-01-29 23:39:57,241][__main__][INFO] - [16, 24], []
[2025-01-29 23:39:57,293][__main__][INFO] - [17], [16]
[2025-01-29 23:39:57,372][__main__][INFO] - [18], [16]
[2025-01-29 23:39:57,758][__main__][INFO] - [19], [16]
[2025-01-29 23:39:57,795][__main__][INFO] - [20], [16]
[2025-01-29 23:39:57,832][__main__][INFO] - [21], [16]
[2025-01-29 23:39:57,855][__main__][INFO] - [22], [16]
[2025-01-29 23:39:57,878][__main__][INFO] - [23], [16]
[2025-01-29 23:39:57,974][__main__][INFO] - [24], [16]
[2025-01-29 23:39:58,056][__main__][INFO] - [0, 10, 16], []
[2025-01-29 23:39:58,142][__main__][INFO] - [0, 10], [16]
[2025-01-29 23:39:58,230][__main__][INFO] - [0, 10, 17], []
[2025-01-29 23:39:58,270][__main__][INFO] - [0, 10, 18], []
[2025-01-29 23:39:58,374][__main__][INFO] - [0, 10, 19], []
[2025-01-29 23:39:58,406][__main__][INFO] - [0, 10, 20], []
[2025-01-29 23:39:58,435][__main__][INFO] - [0, 10, 21], []
[2025-01-29 23:39:58,459][__main__][INFO] - [0, 10, 22], []
[2025-01-29 23:39:58,483][__main__][INFO] - [0, 10, 23], []
[2025-01-29 23:39:58,516][__main__][INFO] - [0, 10, 24], []
[2025-01-29 23:39:58,571][__main__][INFO] - [0, 11, 16], []
[2025-01-29 23:39:58,595][__main__][INFO] - [0, 11], [16]
[2025-01-29 23:39:58,635][__main__][INFO] - [0, 11, 18], []
[2025-01-29 23:39:58,660][__main__][INFO] - [0, 11, 19], []
[2025-01-29 23:39:58,731][__main__][INFO] - [0, 11, 23], []
[2025-01-29 23:39:58,801][__main__][INFO] - [0, 12, 16], []
[2025-01-29 23:39:58,827][__main__][INFO] - [0, 12], [16]
[2025-01-29 23:39:58,870][__main__][INFO] - [0, 12, 18], []
[2025-01-29 23:39:58,894][__main__][INFO] - [0, 12, 19], []
[2025-01-29 23:39:58,964][__main__][INFO] - [0, 12, 23], []
[2025-01-29 23:39:59,039][__main__][INFO] - [0, 13, 16], []
[2025-01-29 23:39:59,063][__main__][INFO] - [0, 13], [16]
[2025-01-29 23:39:59,103][__main__][INFO] - [0, 13, 18], []
[2025-01-29 23:39:59,142][__main__][INFO] - [0, 13, 20], []
[2025-01-29 23:39:59,259][__main__][INFO] - [0, 14, 16], []
[2025-01-29 23:39:59,282][__main__][INFO] - [0, 14], [16]
[2025-01-29 23:39:59,322][__main__][INFO] - [0, 14, 18], []
[2025-01-29 23:39:59,391][__main__][INFO] - [0, 14, 22], []
[2025-01-29 23:39:59,477][__main__][INFO] - [0, 15, 16], []
[2025-01-29 23:39:59,505][__main__][INFO] - [0, 15], [16]
[2025-01-29 23:39:59,532][__main__][INFO] - [0, 15, 17], []
[2025-01-29 23:39:59,559][__main__][INFO] - [0, 15, 18], []
[2025-01-29 23:39:59,587][__main__][INFO] - [0, 15, 19], []
[2025-01-29 23:39:59,611][__main__][INFO] - [0, 15, 20], []
[2025-01-29 23:39:59,635][__main__][INFO] - [0, 15, 21], []
[2025-01-29 23:39:59,674][__main__][INFO] - [0, 15, 23], []
[2025-01-29 23:39:59,744][__main__][INFO] - [0, 16, 17], []
[2025-01-29 23:39:59,776][__main__][INFO] - [0, 16, 18], []
[2025-01-29 23:39:59,841][__main__][INFO] - [0, 16, 19], []
[2025-01-29 23:39:59,868][__main__][INFO] - [0, 16, 20], []
[2025-01-29 23:39:59,894][__main__][INFO] - [0, 16, 21], []
[2025-01-29 23:39:59,919][__main__][INFO] - [0, 16, 22], []
[2025-01-29 23:39:59,942][__main__][INFO] - [0, 16, 23], []
[2025-01-29 23:39:59,973][__main__][INFO] - [0, 16, 24], []
[2025-01-29 23:40:00,028][__main__][INFO] - [0, 17], [16]
[2025-01-29 23:40:00,061][__main__][INFO] - [0, 18], [16]
[2025-01-29 23:40:00,127][__main__][INFO] - [0, 19], [16]
[2025-01-29 23:40:00,155][__main__][INFO] - [0, 20], [16]
[2025-01-29 23:40:00,182][__main__][INFO] - [0, 21], [16]
[2025-01-29 23:40:00,206][__main__][INFO] - [0, 22], [16]
[2025-01-29 23:40:00,231][__main__][INFO] - [0, 23], [16]
[2025-01-29 23:40:00,262][__main__][INFO] - [0, 24], [16]
[2025-01-29 23:40:00,332][__main__][INFO] - [1, 10, 16], []
[2025-01-29 23:40:00,427][__main__][INFO] - [1, 10], [16]
[2025-01-29 23:40:00,531][__main__][INFO] - [1, 10, 17], []
[2025-01-29 23:40:00,572][__main__][INFO] - [1, 10, 18], []
[2025-01-29 23:40:00,696][__main__][INFO] - [1, 10, 19], []
[2025-01-29 23:40:00,727][__main__][INFO] - [1, 10, 20], []
[2025-01-29 23:40:00,757][__main__][INFO] - [1, 10, 21], []
[2025-01-29 23:40:00,782][__main__][INFO] - [1, 10, 22], []
[2025-01-29 23:40:00,807][__main__][INFO] - [1, 10, 23], []
[2025-01-29 23:40:00,843][__main__][INFO] - [1, 10, 24], []
[2025-01-29 23:40:00,897][__main__][INFO] - [1, 11, 16], []
[2025-01-29 23:40:00,923][__main__][INFO] - [1, 11], [16]
[2025-01-29 23:40:00,964][__main__][INFO] - [1, 11, 18], []
[2025-01-29 23:40:00,990][__main__][INFO] - [1, 11, 19], []
[2025-01-29 23:40:01,014][__main__][INFO] - [1, 11, 20], []
[2025-01-29 23:40:01,073][__main__][INFO] - [1, 11, 23], []
[2025-01-29 23:40:01,154][__main__][INFO] - [1, 12, 16], []
[2025-01-29 23:40:01,184][__main__][INFO] - [1, 12], [16]
[2025-01-29 23:40:01,231][__main__][INFO] - [1, 12, 18], []
[2025-01-29 23:40:01,256][__main__][INFO] - [1, 12, 19], []
[2025-01-29 23:40:01,327][__main__][INFO] - [1, 12, 23], []
[2025-01-29 23:40:01,410][__main__][INFO] - [1, 13, 16], []
[2025-01-29 23:40:01,434][__main__][INFO] - [1, 13], [16]
[2025-01-29 23:40:01,474][__main__][INFO] - [1, 13, 18], []
[2025-01-29 23:40:01,514][__main__][INFO] - [1, 13, 20], []
[2025-01-29 23:40:01,631][__main__][INFO] - [1, 14, 16], []
[2025-01-29 23:40:01,655][__main__][INFO] - [1, 14], [16]
[2025-01-29 23:40:01,695][__main__][INFO] - [1, 14, 18], []
[2025-01-29 23:40:01,766][__main__][INFO] - [1, 14, 22], []
[2025-01-29 23:40:01,791][__main__][INFO] - [1, 14, 23], []
[2025-01-29 23:40:01,861][__main__][INFO] - [1, 15, 16], []
[2025-01-29 23:40:01,892][__main__][INFO] - [1, 15], [16]
[2025-01-29 23:40:01,926][__main__][INFO] - [1, 15, 17], []
[2025-01-29 23:40:01,956][__main__][INFO] - [1, 15, 18], []
[2025-01-29 23:40:01,989][__main__][INFO] - [1, 15, 19], []
[2025-01-29 23:40:02,014][__main__][INFO] - [1, 15, 20], []
[2025-01-29 23:40:02,038][__main__][INFO] - [1, 15, 21], []
[2025-01-29 23:40:02,078][__main__][INFO] - [1, 15, 23], []
[2025-01-29 23:40:02,102][__main__][INFO] - [1, 15, 24], []
[2025-01-29 23:40:02,157][__main__][INFO] - [1, 16, 17], []
[2025-01-29 23:40:02,191][__main__][INFO] - [1, 16, 18], []
[2025-01-29 23:40:02,265][__main__][INFO] - [1, 16, 19], []
[2025-01-29 23:40:02,293][__main__][INFO] - [1, 16, 20], []
[2025-01-29 23:40:02,320][__main__][INFO] - [1, 16, 21], []
[2025-01-29 23:40:02,344][__main__][INFO] - [1, 16, 22], []
[2025-01-29 23:40:02,369][__main__][INFO] - [1, 16, 23], []
[2025-01-29 23:40:02,405][__main__][INFO] - [1, 16, 24], []
[2025-01-29 23:40:02,460][__main__][INFO] - [1, 17], [16]
[2025-01-29 23:40:02,496][__main__][INFO] - [1, 18], [16]
[2025-01-29 23:40:02,578][__main__][INFO] - [1, 19], [16]
[2025-01-29 23:40:02,606][__main__][INFO] - [1, 20], [16]
[2025-01-29 23:40:02,633][__main__][INFO] - [1, 21], [16]
[2025-01-29 23:40:02,657][__main__][INFO] - [1, 22], [16]
[2025-01-29 23:40:02,682][__main__][INFO] - [1, 23], [16]
[2025-01-29 23:40:02,718][__main__][INFO] - [1, 24], [16]
[2025-01-29 23:40:02,788][__main__][INFO] - [2, 10, 16], []
[2025-01-29 23:40:02,867][__main__][INFO] - [2, 10], [16]
[2025-01-29 23:40:02,953][__main__][INFO] - [2, 10, 17], []
[2025-01-29 23:40:02,986][__main__][INFO] - [2, 10, 18], []
[2025-01-29 23:40:03,096][__main__][INFO] - [2, 10, 19], []
[2025-01-29 23:40:03,125][__main__][INFO] - [2, 10, 20], []
[2025-01-29 23:40:03,153][__main__][INFO] - [2, 10, 21], []
[2025-01-29 23:40:03,178][__main__][INFO] - [2, 10, 22], []
[2025-01-29 23:40:03,202][__main__][INFO] - [2, 10, 23], []
[2025-01-29 23:40:03,234][__main__][INFO] - [2, 10, 24], []
[2025-01-29 23:40:03,289][__main__][INFO] - [2, 11, 16], []
[2025-01-29 23:40:03,314][__main__][INFO] - [2, 11], [16]
[2025-01-29 23:40:03,356][__main__][INFO] - [2, 11, 18], []
[2025-01-29 23:40:03,383][__main__][INFO] - [2, 11, 19], []
[2025-01-29 23:40:03,454][__main__][INFO] - [2, 11, 23], []
[2025-01-29 23:40:03,524][__main__][INFO] - [2, 12, 16], []
[2025-01-29 23:40:03,558][__main__][INFO] - [2, 12], [16]
[2025-01-29 23:40:03,608][__main__][INFO] - [2, 12, 18], []
[2025-01-29 23:40:03,634][__main__][INFO] - [2, 12, 19], []
[2025-01-29 23:40:03,705][__main__][INFO] - [2, 12, 23], []
[2025-01-29 23:40:03,794][__main__][INFO] - [2, 13, 16], []
[2025-01-29 23:40:03,818][__main__][INFO] - [2, 13], [16]
[2025-01-29 23:40:03,858][__main__][INFO] - [2, 13, 18], []
[2025-01-29 23:40:03,898][__main__][INFO] - [2, 13, 20], []
[2025-01-29 23:40:03,953][__main__][INFO] - [2, 13, 23], []
[2025-01-29 23:40:04,024][__main__][INFO] - [2, 14, 16], []
[2025-01-29 23:40:04,048][__main__][INFO] - [2, 14], [16]
[2025-01-29 23:40:04,088][__main__][INFO] - [2, 14, 18], []
[2025-01-29 23:40:04,159][__main__][INFO] - [2, 14, 22], []
[2025-01-29 23:40:04,183][__main__][INFO] - [2, 14, 23], []
[2025-01-29 23:40:04,253][__main__][INFO] - [2, 15, 16], []
[2025-01-29 23:40:04,287][__main__][INFO] - [2, 15], [16]
[2025-01-29 23:40:04,327][__main__][INFO] - [2, 15, 17], []
[2025-01-29 23:40:04,361][__main__][INFO] - [2, 15, 18], []
[2025-01-29 23:40:04,400][__main__][INFO] - [2, 15, 19], []
[2025-01-29 23:40:04,424][__main__][INFO] - [2, 15, 20], []
[2025-01-29 23:40:04,449][__main__][INFO] - [2, 15, 21], []
[2025-01-29 23:40:04,488][__main__][INFO] - [2, 15, 23], []
[2025-01-29 23:40:04,513][__main__][INFO] - [2, 15, 24], []
[2025-01-29 23:40:04,568][__main__][INFO] - [2, 16, 17], []
[2025-01-29 23:40:04,600][__main__][INFO] - [2, 16, 18], []
[2025-01-29 23:40:04,669][__main__][INFO] - [2, 16, 19], []
[2025-01-29 23:40:04,695][__main__][INFO] - [2, 16, 20], []
[2025-01-29 23:40:04,722][__main__][INFO] - [2, 16, 21], []
[2025-01-29 23:40:04,746][__main__][INFO] - [2, 16, 22], []
[2025-01-29 23:40:04,770][__main__][INFO] - [2, 16, 23], []
[2025-01-29 23:40:04,808][__main__][INFO] - [2, 16, 24], []
[2025-01-29 23:40:04,863][__main__][INFO] - [2, 17], [16]
[2025-01-29 23:40:04,897][__main__][INFO] - [2, 18], [16]
[2025-01-29 23:40:04,978][__main__][INFO] - [2, 19], [16]
[2025-01-29 23:40:05,005][__main__][INFO] - [2, 20], [16]
[2025-01-29 23:40:05,032][__main__][INFO] - [2, 21], [16]
[2025-01-29 23:40:05,056][__main__][INFO] - [2, 22], [16]
[2025-01-29 23:40:05,080][__main__][INFO] - [2, 23], [16]
[2025-01-29 23:40:05,118][__main__][INFO] - [2, 24], [16]
[2025-01-29 23:40:05,188][__main__][INFO] - [3, 10, 16], []
[2025-01-29 23:40:05,249][__main__][INFO] - [3, 10], [16]
[2025-01-29 23:40:05,313][__main__][INFO] - [3, 10, 17], []
[2025-01-29 23:40:05,341][__main__][INFO] - [3, 10, 18], []
[2025-01-29 23:40:05,426][__main__][INFO] - [3, 10, 19], []
[2025-01-29 23:40:05,453][__main__][INFO] - [3, 10, 20], []
[2025-01-29 23:40:05,480][__main__][INFO] - [3, 10, 21], []
[2025-01-29 23:40:05,505][__main__][INFO] - [3, 10, 22], []
[2025-01-29 23:40:05,529][__main__][INFO] - [3, 10, 23], []
[2025-01-29 23:40:05,557][__main__][INFO] - [3, 10, 24], []
[2025-01-29 23:40:05,612][__main__][INFO] - [3, 11, 16], []
[2025-01-29 23:40:05,637][__main__][INFO] - [3, 11], [16]
[2025-01-29 23:40:05,679][__main__][INFO] - [3, 11, 18], []
[2025-01-29 23:40:05,706][__main__][INFO] - [3, 11, 19], []
[2025-01-29 23:40:05,777][__main__][INFO] - [3, 11, 23], []
[2025-01-29 23:40:05,847][__main__][INFO] - [3, 12, 16], []
[2025-01-29 23:40:05,882][__main__][INFO] - [3, 12], [16]
[2025-01-29 23:40:05,932][__main__][INFO] - [3, 12, 18], []
[2025-01-29 23:40:05,957][__main__][INFO] - [3, 12, 19], []
[2025-01-29 23:40:06,028][__main__][INFO] - [3, 12, 23], []
[2025-01-29 23:40:06,118][__main__][INFO] - [3, 13, 16], []
[2025-01-29 23:40:06,143][__main__][INFO] - [3, 13], [16]
[2025-01-29 23:40:06,183][__main__][INFO] - [3, 13, 18], []
[2025-01-29 23:40:06,223][__main__][INFO] - [3, 13, 20], []
[2025-01-29 23:40:06,278][__main__][INFO] - [3, 13, 23], []
[2025-01-29 23:40:06,349][__main__][INFO] - [3, 14, 16], []
[2025-01-29 23:40:06,373][__main__][INFO] - [3, 14], [16]
[2025-01-29 23:40:06,412][__main__][INFO] - [3, 14, 18], []
[2025-01-29 23:40:06,436][__main__][INFO] - [3, 14, 19], []
[2025-01-29 23:40:06,492][__main__][INFO] - [3, 14, 22], []
[2025-01-29 23:40:06,516][__main__][INFO] - [3, 14, 23], []
[2025-01-29 23:40:06,586][__main__][INFO] - [3, 15, 16], []
[2025-01-29 23:40:06,622][__main__][INFO] - [3, 15], [16]
[2025-01-29 23:40:06,661][__main__][INFO] - [3, 15, 17], []
[2025-01-29 23:40:06,696][__main__][INFO] - [3, 15, 18], []
[2025-01-29 23:40:06,735][__main__][INFO] - [3, 15, 19], []
[2025-01-29 23:40:06,759][__main__][INFO] - [3, 15, 20], []
[2025-01-29 23:40:06,784][__main__][INFO] - [3, 15, 21], []
[2025-01-29 23:40:06,824][__main__][INFO] - [3, 15, 23], []
[2025-01-29 23:40:06,848][__main__][INFO] - [3, 15, 24], []
[2025-01-29 23:40:06,903][__main__][INFO] - [3, 16, 17], []
[2025-01-29 23:40:06,933][__main__][INFO] - [3, 16, 18], []
[2025-01-29 23:40:06,993][__main__][INFO] - [3, 16, 19], []
[2025-01-29 23:40:07,019][__main__][INFO] - [3, 16, 20], []
[2025-01-29 23:40:07,045][__main__][INFO] - [3, 16, 21], []
[2025-01-29 23:40:07,069][__main__][INFO] - [3, 16, 22], []
[2025-01-29 23:40:07,093][__main__][INFO] - [3, 16, 23], []
[2025-01-29 23:40:07,129][__main__][INFO] - [3, 16, 24], []
[2025-01-29 23:40:07,184][__main__][INFO] - [3, 17], [16]
[2025-01-29 23:40:07,215][__main__][INFO] - [3, 18], [16]
[2025-01-29 23:40:07,281][__main__][INFO] - [3, 19], [16]
[2025-01-29 23:40:07,307][__main__][INFO] - [3, 20], [16]
[2025-01-29 23:40:07,333][__main__][INFO] - [3, 21], [16]
[2025-01-29 23:40:07,357][__main__][INFO] - [3, 22], [16]
[2025-01-29 23:40:07,381][__main__][INFO] - [3, 23], [16]
[2025-01-29 23:40:07,416][__main__][INFO] - [3, 24], [16]
[2025-01-29 23:40:07,485][__main__][INFO] - [4, 10, 16], []
[2025-01-29 23:40:07,556][__main__][INFO] - [4, 10], [16]
[2025-01-29 23:40:07,633][__main__][INFO] - [4, 10, 17], []
[2025-01-29 23:40:07,660][__main__][INFO] - [4, 10, 18], []
[2025-01-29 23:40:07,771][__main__][INFO] - [4, 10, 19], []
[2025-01-29 23:40:07,797][__main__][INFO] - [4, 10, 20], []
[2025-01-29 23:40:07,826][__main__][INFO] - [4, 10, 21], []
[2025-01-29 23:40:07,851][__main__][INFO] - [4, 10, 22], []
[2025-01-29 23:40:07,875][__main__][INFO] - [4, 10, 23], []
[2025-01-29 23:40:07,902][__main__][INFO] - [4, 10, 24], []
[2025-01-29 23:40:07,957][__main__][INFO] - [4, 11, 16], []
[2025-01-29 23:40:07,983][__main__][INFO] - [4, 11], [16]
[2025-01-29 23:40:08,025][__main__][INFO] - [4, 11, 18], []
[2025-01-29 23:40:08,052][__main__][INFO] - [4, 11, 19], []
[2025-01-29 23:40:08,077][__main__][INFO] - [4, 11, 20], []
[2025-01-29 23:40:08,132][__main__][INFO] - [4, 11, 23], []
[2025-01-29 23:40:08,203][__main__][INFO] - [4, 12, 16], []
[2025-01-29 23:40:08,240][__main__][INFO] - [4, 12], [16]
[2025-01-29 23:40:08,291][__main__][INFO] - [4, 12, 18], []
[2025-01-29 23:40:08,317][__main__][INFO] - [4, 12, 19], []
[2025-01-29 23:40:08,388][__main__][INFO] - [4, 12, 23], []
[2025-01-29 23:40:08,492][__main__][INFO] - [4, 13, 16], []
[2025-01-29 23:40:08,516][__main__][INFO] - [4, 13], [16]
[2025-01-29 23:40:08,556][__main__][INFO] - [4, 13, 18], []
[2025-01-29 23:40:08,596][__main__][INFO] - [4, 13, 20], []
[2025-01-29 23:40:08,651][__main__][INFO] - [4, 13, 23], []
[2025-01-29 23:40:08,722][__main__][INFO] - [4, 14, 16], []
[2025-01-29 23:40:08,746][__main__][INFO] - [4, 14], [16]
[2025-01-29 23:40:08,786][__main__][INFO] - [4, 14, 18], []
[2025-01-29 23:40:08,810][__main__][INFO] - [4, 14, 19], []
[2025-01-29 23:40:08,865][__main__][INFO] - [4, 14, 22], []
[2025-01-29 23:40:08,951][__main__][INFO] - [4, 15, 16], []
[2025-01-29 23:40:08,990][__main__][INFO] - [4, 15], [16]
[2025-01-29 23:40:09,033][__main__][INFO] - [4, 15, 17], []
[2025-01-29 23:40:09,070][__main__][INFO] - [4, 15, 18], []
[2025-01-29 23:40:09,113][__main__][INFO] - [4, 15, 19], []
[2025-01-29 23:40:09,137][__main__][INFO] - [4, 15, 20], []
[2025-01-29 23:40:09,162][__main__][INFO] - [4, 15, 21], []
[2025-01-29 23:40:09,202][__main__][INFO] - [4, 15, 23], []
[2025-01-29 23:40:09,226][__main__][INFO] - [4, 15, 24], []
[2025-01-29 23:40:09,281][__main__][INFO] - [4, 16, 17], []
[2025-01-29 23:40:09,311][__main__][INFO] - [4, 16, 18], []
[2025-01-29 23:40:09,383][__main__][INFO] - [4, 16, 19], []
[2025-01-29 23:40:09,409][__main__][INFO] - [4, 16, 20], []
[2025-01-29 23:40:09,441][__main__][INFO] - [4, 16, 21], []
[2025-01-29 23:40:09,468][__main__][INFO] - [4, 16, 22], []
[2025-01-29 23:40:09,495][__main__][INFO] - [4, 16, 23], []
[2025-01-29 23:40:09,538][__main__][INFO] - [4, 16, 24], []
[2025-01-29 23:40:09,603][__main__][INFO] - [4, 17], [16]
[2025-01-29 23:40:09,641][__main__][INFO] - [4, 18], [16]
[2025-01-29 23:40:09,740][__main__][INFO] - [4, 19], [16]
[2025-01-29 23:40:09,768][__main__][INFO] - [4, 20], [16]
[2025-01-29 23:40:09,798][__main__][INFO] - [4, 21], [16]
[2025-01-29 23:40:09,825][__main__][INFO] - [4, 22], [16]
[2025-01-29 23:40:09,853][__main__][INFO] - [4, 23], [16]
[2025-01-29 23:40:09,894][__main__][INFO] - [4, 24], [16]
[2025-01-29 23:40:09,976][__main__][INFO] - [5, 10, 16], []
[2025-01-29 23:40:10,058][__main__][INFO] - [5, 10], [16]
[2025-01-29 23:40:10,147][__main__][INFO] - [5, 10, 17], []
[2025-01-29 23:40:10,176][__main__][INFO] - [5, 10, 18], []
[2025-01-29 23:40:10,304][__main__][INFO] - [5, 10, 19], []
[2025-01-29 23:40:10,334][__main__][INFO] - [5, 10, 20], []
[2025-01-29 23:40:10,365][__main__][INFO] - [5, 10, 21], []
[2025-01-29 23:40:10,393][__main__][INFO] - [5, 10, 22], []
[2025-01-29 23:40:10,420][__main__][INFO] - [5, 10, 23], []
[2025-01-29 23:40:10,449][__main__][INFO] - [5, 10, 24], []
[2025-01-29 23:40:10,513][__main__][INFO] - [5, 11, 16], []
[2025-01-29 23:40:10,542][__main__][INFO] - [5, 11], [16]
[2025-01-29 23:40:10,590][__main__][INFO] - [5, 11, 18], []
[2025-01-29 23:40:10,624][__main__][INFO] - [5, 11, 19], []
[2025-01-29 23:40:10,781][__main__][INFO] - [5, 12, 16], []
[2025-01-29 23:40:10,820][__main__][INFO] - [5, 12], [16]
[2025-01-29 23:40:10,876][__main__][INFO] - [5, 12, 18], []
[2025-01-29 23:40:10,905][__main__][INFO] - [5, 12, 19], []
[2025-01-29 23:40:10,989][__main__][INFO] - [5, 12, 23], []
[2025-01-29 23:40:11,094][__main__][INFO] - [5, 13, 16], []
[2025-01-29 23:40:11,121][__main__][INFO] - [5, 13], [16]
[2025-01-29 23:40:11,167][__main__][INFO] - [5, 13, 18], []
[2025-01-29 23:40:11,212][__main__][INFO] - [5, 13, 20], []
[2025-01-29 23:40:11,277][__main__][INFO] - [5, 13, 23], []
[2025-01-29 23:40:11,360][__main__][INFO] - [5, 14, 16], []
[2025-01-29 23:40:11,387][__main__][INFO] - [5, 14], [16]
[2025-01-29 23:40:11,433][__main__][INFO] - [5, 14, 18], []
[2025-01-29 23:40:11,460][__main__][INFO] - [5, 14, 19], []
[2025-01-29 23:40:11,526][__main__][INFO] - [5, 14, 22], []
[2025-01-29 23:40:11,553][__main__][INFO] - [5, 14, 23], []
[2025-01-29 23:40:11,636][__main__][INFO] - [5, 15, 16], []
[2025-01-29 23:40:11,675][__main__][INFO] - [5, 15], [16]
[2025-01-29 23:40:11,713][__main__][INFO] - [5, 15, 17], []
[2025-01-29 23:40:11,744][__main__][INFO] - [5, 15, 18], []
[2025-01-29 23:40:11,780][__main__][INFO] - [5, 15, 19], []
[2025-01-29 23:40:11,804][__main__][INFO] - [5, 15, 20], []
[2025-01-29 23:40:11,829][__main__][INFO] - [5, 15, 21], []
[2025-01-29 23:40:11,868][__main__][INFO] - [5, 15, 23], []
[2025-01-29 23:40:11,892][__main__][INFO] - [5, 15, 24], []
[2025-01-29 23:40:11,947][__main__][INFO] - [5, 16, 17], []
[2025-01-29 23:40:11,975][__main__][INFO] - [5, 16, 18], []
[2025-01-29 23:40:12,045][__main__][INFO] - [5, 16, 19], []
[2025-01-29 23:40:12,070][__main__][INFO] - [5, 16, 20], []
[2025-01-29 23:40:12,097][__main__][INFO] - [5, 16, 21], []
[2025-01-29 23:40:12,121][__main__][INFO] - [5, 16, 22], []
[2025-01-29 23:40:12,147][__main__][INFO] - [5, 16, 23], []
[2025-01-29 23:40:12,182][__main__][INFO] - [5, 16, 24], []
[2025-01-29 23:40:12,237][__main__][INFO] - [5, 17], [16]
[2025-01-29 23:40:12,266][__main__][INFO] - [5, 18], [16]
[2025-01-29 23:40:12,344][__main__][INFO] - [5, 19], [16]
[2025-01-29 23:40:12,369][__main__][INFO] - [5, 20], [16]
[2025-01-29 23:40:12,395][__main__][INFO] - [5, 21], [16]
[2025-01-29 23:40:12,419][__main__][INFO] - [5, 22], [16]
[2025-01-29 23:40:12,444][__main__][INFO] - [5, 23], [16]
[2025-01-29 23:40:12,478][__main__][INFO] - [5, 24], [16]
[2025-01-29 23:40:12,547][__main__][INFO] - [6, 10, 16], []
[2025-01-29 23:40:12,590][__main__][INFO] - [6, 10], [16]
[2025-01-29 23:40:12,635][__main__][INFO] - [6, 10, 17], []
[2025-01-29 23:40:12,659][__main__][INFO] - [6, 10, 18], []
[2025-01-29 23:40:12,719][__main__][INFO] - [6, 10, 19], []
[2025-01-29 23:40:12,743][__main__][INFO] - [6, 10, 20], []
[2025-01-29 23:40:12,769][__main__][INFO] - [6, 10, 21], []
[2025-01-29 23:40:12,794][__main__][INFO] - [6, 10, 22], []
[2025-01-29 23:40:12,818][__main__][INFO] - [6, 10, 23], []
[2025-01-29 23:40:12,889][__main__][INFO] - [6, 11, 16], []
[2025-01-29 23:40:12,914][__main__][INFO] - [6, 11], [16]
[2025-01-29 23:40:12,954][__main__][INFO] - [6, 11, 18], []
[2025-01-29 23:40:13,104][__main__][INFO] - [6, 12, 16], []
[2025-01-29 23:40:13,131][__main__][INFO] - [6, 12], [16]
[2025-01-29 23:40:13,174][__main__][INFO] - [6, 12, 18], []
[2025-01-29 23:40:13,199][__main__][INFO] - [6, 12, 19], []
[2025-01-29 23:40:13,270][__main__][INFO] - [6, 12, 23], []
[2025-01-29 23:40:13,347][__main__][INFO] - [6, 13, 16], []
[2025-01-29 23:40:13,374][__main__][INFO] - [6, 13], [16]
[2025-01-29 23:40:13,420][__main__][INFO] - [6, 13, 18], []
[2025-01-29 23:40:13,466][__main__][INFO] - [6, 13, 20], []
[2025-01-29 23:40:13,620][__main__][INFO] - [6, 14], [16]
[2025-01-29 23:40:13,829][__main__][INFO] - [6, 15, 16], []
[2025-01-29 23:40:13,859][__main__][INFO] - [6, 15], [16]
[2025-01-29 23:40:13,892][__main__][INFO] - [6, 15, 17], []
[2025-01-29 23:40:13,920][__main__][INFO] - [6, 15, 18], []
[2025-01-29 23:40:13,951][__main__][INFO] - [6, 15, 19], []
[2025-01-29 23:40:13,978][__main__][INFO] - [6, 15, 20], []
[2025-01-29 23:40:14,042][__main__][INFO] - [6, 15, 23], []
[2025-01-29 23:40:14,123][__main__][INFO] - [6, 16, 17], []
[2025-01-29 23:40:14,151][__main__][INFO] - [6, 16, 18], []
[2025-01-29 23:40:14,199][__main__][INFO] - [6, 16, 19], []
[2025-01-29 23:40:14,227][__main__][INFO] - [6, 16, 20], []
[2025-01-29 23:40:14,254][__main__][INFO] - [6, 16, 21], []
[2025-01-29 23:40:14,281][__main__][INFO] - [6, 16, 22], []
[2025-01-29 23:40:14,308][__main__][INFO] - [6, 16, 23], []
[2025-01-29 23:40:14,394][__main__][INFO] - [6, 17], [16]
[2025-01-29 23:40:14,424][__main__][INFO] - [6, 18], [16]
[2025-01-29 23:40:14,475][__main__][INFO] - [6, 19], [16]
[2025-01-29 23:40:14,503][__main__][INFO] - [6, 20], [16]
[2025-01-29 23:40:14,532][__main__][INFO] - [6, 21], [16]
[2025-01-29 23:40:14,559][__main__][INFO] - [6, 22], [16]
[2025-01-29 23:40:14,586][__main__][INFO] - [6, 23], [16]
[2025-01-29 23:40:14,691][__main__][INFO] - [7, 10, 16], []
[2025-01-29 23:40:14,727][__main__][INFO] - [7, 10], [16]
[2025-01-29 23:40:14,764][__main__][INFO] - [7, 10, 17], []
[2025-01-29 23:40:14,788][__main__][INFO] - [7, 10, 18], []
[2025-01-29 23:40:14,832][__main__][INFO] - [7, 10, 19], []
[2025-01-29 23:40:14,860][__main__][INFO] - [7, 10, 20], []
[2025-01-29 23:40:14,887][__main__][INFO] - [7, 10, 21], []
[2025-01-29 23:40:14,934][__main__][INFO] - [7, 10, 23], []
[2025-01-29 23:40:15,017][__main__][INFO] - [7, 11, 16], []
[2025-01-29 23:40:15,044][__main__][INFO] - [7, 11], [16]
[2025-01-29 23:40:15,090][__main__][INFO] - [7, 11, 18], []
[2025-01-29 23:40:15,267][__main__][INFO] - [7, 12, 16], []
[2025-01-29 23:40:15,295][__main__][INFO] - [7, 12], [16]
[2025-01-29 23:40:15,341][__main__][INFO] - [7, 12, 18], []
[2025-01-29 23:40:15,367][__main__][INFO] - [7, 12, 19], []
[2025-01-29 23:40:15,450][__main__][INFO] - [7, 12, 23], []
[2025-01-29 23:40:15,550][__main__][INFO] - [7, 13], [16]
[2025-01-29 23:40:15,596][__main__][INFO] - [7, 13, 18], []
[2025-01-29 23:40:15,996][__main__][INFO] - [7, 15, 16], []
[2025-01-29 23:40:16,022][__main__][INFO] - [7, 15], [16]
[2025-01-29 23:40:16,050][__main__][INFO] - [7, 15, 17], []
[2025-01-29 23:40:16,078][__main__][INFO] - [7, 15, 18], []
[2025-01-29 23:40:16,106][__main__][INFO] - [7, 15, 19], []
[2025-01-29 23:40:16,261][__main__][INFO] - [7, 16, 17], []
[2025-01-29 23:40:16,287][__main__][INFO] - [7, 16, 18], []
[2025-01-29 23:40:16,319][__main__][INFO] - [7, 16, 19], []
[2025-01-29 23:40:16,346][__main__][INFO] - [7, 16, 20], []
[2025-01-29 23:40:16,374][__main__][INFO] - [7, 16, 21], []
[2025-01-29 23:40:16,420][__main__][INFO] - [7, 16, 23], []
[2025-01-29 23:40:16,503][__main__][INFO] - [7, 17], [16]
[2025-01-29 23:40:16,531][__main__][INFO] - [7, 18], [16]
[2025-01-29 23:40:16,568][__main__][INFO] - [7, 19], [16]
[2025-01-29 23:40:16,594][__main__][INFO] - [7, 20], [16]
[2025-01-29 23:40:16,622][__main__][INFO] - [7, 21], [16]
[2025-01-29 23:40:16,666][__main__][INFO] - [7, 23], [16]
[2025-01-29 23:40:16,769][__main__][INFO] - [8, 10, 16], []
[2025-01-29 23:40:16,797][__main__][INFO] - [8, 10], [16]
[2025-01-29 23:40:16,845][__main__][INFO] - [8, 10, 18], []
[2025-01-29 23:40:16,876][__main__][INFO] - [8, 10, 19], []
[2025-01-29 23:40:16,904][__main__][INFO] - [8, 10, 20], []
[2025-01-29 23:40:16,969][__main__][INFO] - [8, 10, 23], []
[2025-01-29 23:40:17,051][__main__][INFO] - [8, 11, 16], []
[2025-01-29 23:40:17,078][__main__][INFO] - [8, 11], [16]
[2025-01-29 23:40:17,125][__main__][INFO] - [8, 11, 18], []
[2025-01-29 23:40:17,299][__main__][INFO] - [8, 12, 16], []
[2025-01-29 23:40:17,326][__main__][INFO] - [8, 12], [16]
[2025-01-29 23:40:17,370][__main__][INFO] - [8, 12, 18], []
[2025-01-29 23:40:17,473][__main__][INFO] - [8, 12, 23], []
[2025-01-29 23:40:17,593][__main__][INFO] - [8, 15, 16], []
[2025-01-29 23:40:17,620][__main__][INFO] - [8, 15], [16]
[2025-01-29 23:40:17,666][__main__][INFO] - [8, 15, 18], []
[2025-01-29 23:40:17,857][__main__][INFO] - [8, 16, 18], []
[2025-01-29 23:40:17,885][__main__][INFO] - [8, 16, 19], []
[2025-01-29 23:40:17,912][__main__][INFO] - [8, 16, 20], []
[2025-01-29 23:40:17,977][__main__][INFO] - [8, 16, 23], []
[2025-01-29 23:40:18,059][__main__][INFO] - [8, 17], [16]
[2025-01-29 23:40:18,087][__main__][INFO] - [8, 18], [16]
[2025-01-29 23:40:18,115][__main__][INFO] - [8, 19], [16]
[2025-01-29 23:40:18,142][__main__][INFO] - [8, 20], [16]
[2025-01-29 23:40:18,206][__main__][INFO] - [8, 23], [16]
[2025-01-29 23:40:18,304][__main__][INFO] - [9, 10, 16], []
[2025-01-29 23:40:18,332][__main__][INFO] - [9, 10], [16]
[2025-01-29 23:40:18,376][__main__][INFO] - [9, 10, 18], []
[2025-01-29 23:40:18,843][__main__][INFO] - [9, 16, 18], []
[2025-01-29 23:40:19,006][__main__][INFO] - [9, 18], [16]
[2025-01-29 23:40:19,169][__main__][INFO] - [10, 16, 17], []
[2025-01-29 23:40:19,216][__main__][INFO] - [10, 16, 18], []
[2025-01-29 23:40:19,499][__main__][INFO] - [10, 16, 19], []
[2025-01-29 23:40:19,535][__main__][INFO] - [10, 16, 20], []
[2025-01-29 23:40:19,574][__main__][INFO] - [10, 16, 21], []
[2025-01-29 23:40:19,599][__main__][INFO] - [10, 16, 22], []
[2025-01-29 23:40:19,624][__main__][INFO] - [10, 16, 23], []
[2025-01-29 23:40:19,666][__main__][INFO] - [10, 16, 24], []
[2025-01-29 23:40:19,721][__main__][INFO] - [10, 17], [16]
[2025-01-29 23:40:19,770][__main__][INFO] - [10, 18], [16]
[2025-01-29 23:40:20,083][__main__][INFO] - [10, 19], [16]
[2025-01-29 23:40:20,119][__main__][INFO] - [10, 20], [16]
[2025-01-29 23:40:20,157][__main__][INFO] - [10, 21], [16]
[2025-01-29 23:40:20,183][__main__][INFO] - [10, 22], [16]
[2025-01-29 23:40:20,207][__main__][INFO] - [10, 23], [16]
[2025-01-29 23:40:20,249][__main__][INFO] - [10, 24], [16]
[2025-01-29 23:40:20,319][__main__][INFO] - [11, 16, 17], []
[2025-01-29 23:40:20,343][__main__][INFO] - [11, 16, 18], []
[2025-01-29 23:40:20,374][__main__][INFO] - [11, 16, 19], []
[2025-01-29 23:40:20,398][__main__][INFO] - [11, 16, 20], []
[2025-01-29 23:40:20,453][__main__][INFO] - [11, 16, 23], []
[2025-01-29 23:40:20,524][__main__][INFO] - [11, 17], [16]
[2025-01-29 23:40:20,548][__main__][INFO] - [11, 18], [16]
[2025-01-29 23:40:20,582][__main__][INFO] - [11, 19], [16]
[2025-01-29 23:40:20,606][__main__][INFO] - [11, 20], [16]
[2025-01-29 23:40:20,661][__main__][INFO] - [11, 23], [16]
[2025-01-29 23:40:20,746][__main__][INFO] - [12, 16, 17], []
[2025-01-29 23:40:20,770][__main__][INFO] - [12, 16, 18], []
[2025-01-29 23:40:20,797][__main__][INFO] - [12, 16, 19], []
[2025-01-29 23:40:20,867][__main__][INFO] - [12, 16, 23], []
[2025-01-29 23:40:20,989][__main__][INFO] - [12, 17], [16]
[2025-01-29 23:40:21,013][__main__][INFO] - [12, 18], [16]
[2025-01-29 23:40:21,042][__main__][INFO] - [12, 19], [16]
[2025-01-29 23:40:21,113][__main__][INFO] - [12, 23], [16]
[2025-01-29 23:40:21,266][__main__][INFO] - [13, 16, 18], []
[2025-01-29 23:40:21,290][__main__][INFO] - [13, 16, 19], []
[2025-01-29 23:40:21,314][__main__][INFO] - [13, 16, 20], []
[2025-01-29 23:40:21,370][__main__][INFO] - [13, 16, 23], []
[2025-01-29 23:40:21,456][__main__][INFO] - [13, 18], [16]
[2025-01-29 23:40:21,480][__main__][INFO] - [13, 19], [16]
[2025-01-29 23:40:21,504][__main__][INFO] - [13, 20], [16]
[2025-01-29 23:40:21,560][__main__][INFO] - [13, 23], [16]
[2025-01-29 23:40:21,661][__main__][INFO] - [14, 16, 18], []
[2025-01-29 23:40:21,685][__main__][INFO] - [14, 16, 19], []
[2025-01-29 23:40:21,739][__main__][INFO] - [14, 16, 22], []
[2025-01-29 23:40:21,764][__main__][INFO] - [14, 16, 23], []
[2025-01-29 23:40:21,850][__main__][INFO] - [14, 18], [16]
[2025-01-29 23:40:21,874][__main__][INFO] - [14, 19], [16]
[2025-01-29 23:40:21,929][__main__][INFO] - [14, 22], [16]
[2025-01-29 23:40:21,953][__main__][INFO] - [14, 23], [16]
[2025-01-29 23:40:22,038][__main__][INFO] - [15, 16, 17], []
[2025-01-29 23:40:22,081][__main__][INFO] - [15, 16, 18], []
[2025-01-29 23:40:22,137][__main__][INFO] - [15, 16, 19], []
[2025-01-29 23:40:22,162][__main__][INFO] - [15, 16, 20], []
[2025-01-29 23:40:22,186][__main__][INFO] - [15, 16, 21], []
[2025-01-29 23:40:22,226][__main__][INFO] - [15, 16, 23], []
[2025-01-29 23:40:22,250][__main__][INFO] - [15, 16, 24], []
[2025-01-29 23:40:22,305][__main__][INFO] - [15, 17], [16]
[2025-01-29 23:40:22,358][__main__][INFO] - [15, 18], [16]
[2025-01-29 23:40:22,426][__main__][INFO] - [15, 19], [16]
[2025-01-29 23:40:22,451][__main__][INFO] - [15, 20], [16]
[2025-01-29 23:40:22,475][__main__][INFO] - [15, 21], [16]
[2025-01-29 23:40:22,515][__main__][INFO] - [15, 23], [16]
[2025-01-29 23:40:22,539][__main__][INFO] - [15, 24], [16]
