[2025-01-29 09:17:13,752][gurobipy][INFO] - Set parameter TokenServer to value "147.32.84.36"
[2025-01-29 09:17:15,969][gurobipy][INFO] - Set parameter TimeLimit to value 600
[2025-01-29 09:17:15,980][gurobipy][INFO] - Gurobi Optimizer version 11.0.2 build v11.0.2rc0 (linux64)
[2025-01-29 09:17:15,980][gurobipy][INFO] - 
[2025-01-29 09:17:15,980][gurobipy][INFO] - CPU model: AMD EPYC 7543 32-Core Processor, instruction set [SSE2|AVX|AVX2]
[2025-01-29 09:17:15,980][gurobipy][INFO] - Thread count: 64 physical cores, 128 logical processors, using up to 32 threads
[2025-01-29 09:17:15,980][gurobipy][INFO] - 
[2025-01-29 09:17:15,980][gurobipy][INFO] - Optimize a model with 52077 rows, 856 columns and 134923 nonzeros
[2025-01-29 09:17:15,981][gurobipy][INFO] - Model fingerprint: 0x3df97de7
[2025-01-29 09:17:15,981][gurobipy][INFO] - Variable types: 790 continuous, 66 integer (66 binary)
[2025-01-29 09:17:15,981][gurobipy][INFO] - Coefficient statistics:
[2025-01-29 09:17:15,981][gurobipy][INFO] -   Matrix range     [1e-03, 2e+00]
[2025-01-29 09:17:15,982][gurobipy][INFO] -   Objective range  [1e+00, 1e+00]
[2025-01-29 09:17:15,982][gurobipy][INFO] -   Bounds range     [1e+00, 1e+00]
[2025-01-29 09:17:15,982][gurobipy][INFO] -   RHS range        [1e+00, 1e+01]
[2025-01-29 09:17:15,989][gurobipy][INFO] - Found heuristic solution: objective -0.0000000
[2025-01-29 09:17:16,236][gurobipy][INFO] - Presolve removed 18119 rows and 9 columns
[2025-01-29 09:17:16,237][gurobipy][INFO] - Presolve time: 0.25s
[2025-01-29 09:17:16,237][gurobipy][INFO] - Presolved: 33958 rows, 847 columns, 102658 nonzeros
[2025-01-29 09:17:16,259][gurobipy][INFO] - Variable types: 790 continuous, 57 integer (57 binary)
[2025-01-29 09:17:16,289][gurobipy][INFO] - Root relaxation presolved: 847 rows, 34805 columns, 103505 nonzeros
[2025-01-29 09:17:16,289][gurobipy][INFO] - 
[2025-01-29 09:17:16,420][gurobipy][INFO] - 
[2025-01-29 09:17:16,420][gurobipy][INFO] - Root relaxation: objective 1.000000e+00, 829 iterations, 0.16 seconds (0.47 work units)
[2025-01-29 09:17:16,429][gurobipy][INFO] - 
[2025-01-29 09:17:16,429][gurobipy][INFO] -     Nodes    |    Current Node    |     Objective Bounds      |     Work
[2025-01-29 09:17:16,429][gurobipy][INFO] -  Expl Unexpl |  Obj  Depth IntInf | Incumbent    BestBd   Gap | It/Node Time
[2025-01-29 09:17:16,429][gurobipy][INFO] - 
[2025-01-29 09:17:16,429][gurobipy][INFO] -      0     0    1.00000    0    2   -0.00000    1.00000      -     -    0s
[2025-01-29 09:17:16,435][gurobipy][INFO] - H    0     0                       0.0602724    1.00000  1559%     -    0s
[2025-01-29 09:17:16,449][gurobipy][INFO] - H    0     0                       0.0623008    1.00000  1505%     -    0s
[2025-01-29 09:17:16,604][gurobipy][INFO] -      0     0    1.00000    0   25    0.06230    1.00000  1505%     -    0s
[2025-01-29 09:17:16,661][gurobipy][INFO] -      0     0    1.00000    0   24    0.06230    1.00000  1505%     -    0s
[2025-01-29 09:17:16,746][gurobipy][INFO] - H    0     0                       0.0715735    1.00000  1297%     -    0s
[2025-01-29 09:17:16,919][gurobipy][INFO] - H    0     0                       0.2552883    1.00000   292%     -    0s
[2025-01-29 09:17:18,027][gurobipy][INFO] - H    0     0                       0.3049841    1.00000   228%     -    2s
[2025-01-29 09:17:18,028][gurobipy][INFO] - H    0     0                       0.3141119    1.00000   218%     -    2s
[2025-01-29 09:17:18,029][gurobipy][INFO] - H    0     0                       0.3739496    1.00000   167%     -    2s
[2025-01-29 09:17:18,029][gurobipy][INFO] -      0     0    0.37395    0    1    0.37395    0.37395  0.00%     -    2s
[2025-01-29 09:17:18,030][gurobipy][INFO] - 
[2025-01-29 09:17:18,030][gurobipy][INFO] - Cutting planes:
[2025-01-29 09:17:18,030][gurobipy][INFO] -   MIR: 1
[2025-01-29 09:17:18,030][gurobipy][INFO] -   RLT: 6
[2025-01-29 09:17:18,031][gurobipy][INFO] - 
[2025-01-29 09:17:18,031][gurobipy][INFO] - Explored 1 nodes (4763 simplex iterations) in 2.05 seconds (4.55 work units)
[2025-01-29 09:17:18,031][gurobipy][INFO] - Thread count was 32 (of 128 available processors)
[2025-01-29 09:17:18,031][gurobipy][INFO] - 
[2025-01-29 09:17:18,031][gurobipy][INFO] - Solution count 8: 0.37395 0.314112 0.304984 ... -0
[2025-01-29 09:17:18,031][gurobipy][INFO] - No other solutions better than 0.37395
[2025-01-29 09:17:18,031][gurobipy][INFO] - 
[2025-01-29 09:17:18,031][gurobipy][INFO] - Optimal solution found (tolerance 1.00e-04)
[2025-01-29 09:17:18,031][gurobipy][INFO] - Best objective 3.739495798320e-01, best bound 3.739495798320e-01, gap 0.0000%
[2025-01-29 09:17:18,059][__main__][INFO] - Finished size 1000 (1/5)
[2025-01-29 09:17:29,312][gurobipy][INFO] - Set parameter TimeLimit to value 600
[2025-01-29 09:17:29,341][gurobipy][INFO] - Gurobi Optimizer version 11.0.2 build v11.0.2rc0 (linux64)
[2025-01-29 09:17:29,341][gurobipy][INFO] - 
[2025-01-29 09:17:29,353][gurobipy][INFO] - CPU model: AMD EPYC 7543 32-Core Processor, instruction set [SSE2|AVX|AVX2]
[2025-01-29 09:17:29,353][gurobipy][INFO] - Thread count: 64 physical cores, 128 logical processors, using up to 32 threads
[2025-01-29 09:17:29,353][gurobipy][INFO] - 
[2025-01-29 09:17:29,353][gurobipy][INFO] - Optimize a model with 142563 rows, 2227 columns and 369364 nonzeros
[2025-01-29 09:17:29,356][gurobipy][INFO] - Model fingerprint: 0x6aff4d66
[2025-01-29 09:17:29,356][gurobipy][INFO] - Variable types: 2161 continuous, 66 integer (66 binary)
[2025-01-29 09:17:29,356][gurobipy][INFO] - Coefficient statistics:
[2025-01-29 09:17:29,356][gurobipy][INFO] -   Matrix range     [3e-04, 2e+00]
[2025-01-29 09:17:29,356][gurobipy][INFO] -   Objective range  [1e+00, 1e+00]
[2025-01-29 09:17:29,356][gurobipy][INFO] -   Bounds range     [1e+00, 1e+00]
[2025-01-29 09:17:29,356][gurobipy][INFO] -   RHS range        [1e+00, 1e+01]
[2025-01-29 09:17:29,377][gurobipy][INFO] - Found heuristic solution: objective -0.0000000
[2025-01-29 09:17:30,234][gurobipy][INFO] - Presolve removed 36706 rows and 3 columns
[2025-01-29 09:17:30,234][gurobipy][INFO] - Presolve time: 0.86s
[2025-01-29 09:17:30,234][gurobipy][INFO] - Presolved: 105857 rows, 2224 columns, 319726 nonzeros
[2025-01-29 09:17:30,305][gurobipy][INFO] - Variable types: 2161 continuous, 63 integer (63 binary)
[2025-01-29 09:17:30,416][gurobipy][INFO] - Root relaxation presolved: 2224 rows, 108081 columns, 321950 nonzeros
[2025-01-29 09:17:30,416][gurobipy][INFO] - 
[2025-01-29 09:17:30,455][gurobipy][INFO] - 
[2025-01-29 09:17:30,456][gurobipy][INFO] - Root relaxation: objective 1.000000e+00, 37 iterations, 0.15 seconds (0.26 work units)
[2025-01-29 09:17:30,483][gurobipy][INFO] - 
[2025-01-29 09:17:30,483][gurobipy][INFO] -     Nodes    |    Current Node    |     Objective Bounds      |     Work
[2025-01-29 09:17:30,483][gurobipy][INFO] -  Expl Unexpl |  Obj  Depth IntInf | Incumbent    BestBd   Gap | It/Node Time
[2025-01-29 09:17:30,483][gurobipy][INFO] - 
[2025-01-29 09:17:30,483][gurobipy][INFO] -      0     0    1.00000    0    6   -0.00000    1.00000      -     -    1s
[2025-01-29 09:17:30,502][gurobipy][INFO] - H    0     0                       0.0119891    1.00000  8241%     -    1s
[2025-01-29 09:17:30,584][gurobipy][INFO] - H    0     0                       0.0231608    1.00000  4218%     -    1s
[2025-01-29 09:17:31,626][gurobipy][INFO] -      0     0    1.00000    0   59    0.02316    1.00000  4218%     -    2s
[2025-01-29 09:17:31,706][gurobipy][INFO] -      0     0    1.00000    0   51    0.02316    1.00000  4218%     -    2s
[2025-01-29 09:17:32,016][gurobipy][INFO] - H    0     0                       0.2498638    1.00000   300%     -    2s
[2025-01-29 09:17:36,577][gurobipy][INFO] -      0     0    1.00000    0   39    0.24986    1.00000   300%     -    7s
[2025-01-29 09:17:40,092][gurobipy][INFO] -      0     0    1.00000    0   27    0.24986    1.00000   300%     -   10s
[2025-01-29 09:17:40,201][gurobipy][INFO] - H    0     0                       0.2626703    1.00000   281%     -   10s
[2025-01-29 09:17:40,376][gurobipy][INFO] -      0     0    1.00000    0   28    0.26267    1.00000   281%     -   11s
[2025-01-29 09:17:45,037][gurobipy][INFO] -      0     0    1.00000    0   28    0.26267    1.00000   281%     -   15s
[2025-01-29 09:17:45,413][gurobipy][INFO] -      0     0    1.00000    0   27    0.26267    1.00000   281%     -   16s
[2025-01-29 09:17:48,325][gurobipy][INFO] -      0     0    1.00000    0    1    0.26267    1.00000   281%     -   18s
[2025-01-29 09:17:48,735][gurobipy][INFO] -      0     0    1.00000    0   29    0.26267    1.00000   281%     -   19s
[2025-01-29 09:17:52,736][gurobipy][INFO] -      0     0    1.00000    0    1    0.26267    1.00000   281%     -   23s
[2025-01-29 09:17:53,286][gurobipy][INFO] -      0     0    1.00000    0   19    0.26267    1.00000   281%     -   23s
[2025-01-29 09:17:56,980][gurobipy][INFO] -      0     0    1.00000    0   32    0.26267    1.00000   281%     -   27s
[2025-01-29 09:17:57,681][gurobipy][INFO] -      0     0    1.00000    0   30    0.26267    1.00000   281%     -   28s
[2025-01-29 09:18:01,916][gurobipy][INFO] -      0     0    1.00000    0   30    0.26267    1.00000   281%     -   32s
[2025-01-29 09:18:05,421][gurobipy][INFO] -      0     0    1.00000    0   30    0.26267    1.00000   281%     -   36s
[2025-01-29 09:18:06,339][gurobipy][INFO] - H    0     0                       0.3760823    1.00000   166%     -   36s
[2025-01-29 09:18:16,958][gurobipy][INFO] -      0     2    1.00000    0   30    0.37608    1.00000   166%     -   47s
[2025-01-29 09:18:19,422][gurobipy][INFO] -     13     2    1.00000    7   23    0.37608    1.00000   166%   364   50s
[2025-01-29 09:18:24,836][gurobipy][INFO] -     33     4    0.90909   17   17    0.37608    1.00000   166%   323   55s
[2025-01-29 09:18:29,705][gurobipy][INFO] -     51    10    0.87500   21   14    0.37608    0.88913   136%   306   60s
[2025-01-29 09:18:35,075][gurobipy][INFO] -    111    10    0.72222   27    9    0.37608    0.77010   105%   194   65s
[2025-01-29 09:18:38,189][gurobipy][INFO] - 
[2025-01-29 09:18:38,189][gurobipy][INFO] - Cutting planes:
[2025-01-29 09:18:38,192][gurobipy][INFO] -   MIR: 2
[2025-01-29 09:18:38,192][gurobipy][INFO] -   RLT: 2
[2025-01-29 09:18:38,196][gurobipy][INFO] - 
[2025-01-29 09:18:38,196][gurobipy][INFO] - Explored 171 nodes (72651 simplex iterations) in 68.84 seconds (213.01 work units)
[2025-01-29 09:18:38,197][gurobipy][INFO] - Thread count was 32 (of 128 available processors)
[2025-01-29 09:18:38,197][gurobipy][INFO] - 
[2025-01-29 09:18:38,197][gurobipy][INFO] - Solution count 6: 0.376082 0.26267 0.249864 ... -0
[2025-01-29 09:18:38,197][gurobipy][INFO] - No other solutions better than 0.376082
[2025-01-29 09:18:38,197][gurobipy][INFO] - 
[2025-01-29 09:18:38,197][gurobipy][INFO] - Optimal solution found (tolerance 1.00e-04)
[2025-01-29 09:18:38,198][gurobipy][INFO] - Best objective 3.760823493794e-01, best bound 3.760823493794e-01, gap 0.0000%
[2025-01-29 09:18:38,314][__main__][INFO] - Finished size 3724 (2/5)
[2025-01-29 09:19:06,472][gurobipy][INFO] - Set parameter TimeLimit to value 600
[2025-01-29 09:19:06,550][gurobipy][INFO] - Gurobi Optimizer version 11.0.2 build v11.0.2rc0 (linux64)
[2025-01-29 09:19:06,550][gurobipy][INFO] - 
[2025-01-29 09:19:06,563][gurobipy][INFO] - CPU model: AMD EPYC 7543 32-Core Processor, instruction set [SSE2|AVX|AVX2]
[2025-01-29 09:19:06,563][gurobipy][INFO] - Thread count: 64 physical cores, 128 logical processors, using up to 32 threads
[2025-01-29 09:19:06,563][gurobipy][INFO] - 
[2025-01-29 09:19:06,563][gurobipy][INFO] - Optimize a model with 363729 rows, 5578 columns and 942385 nonzeros
[2025-01-29 09:19:06,571][gurobipy][INFO] - Model fingerprint: 0xa089f019
[2025-01-29 09:19:06,571][gurobipy][INFO] - Variable types: 5512 continuous, 66 integer (66 binary)
[2025-01-29 09:19:06,571][gurobipy][INFO] - Coefficient statistics:
[2025-01-29 09:19:06,571][gurobipy][INFO] -   Matrix range     [7e-05, 2e+00]
[2025-01-29 09:19:06,571][gurobipy][INFO] -   Objective range  [1e+00, 1e+00]
[2025-01-29 09:19:06,571][gurobipy][INFO] -   Bounds range     [1e+00, 1e+00]
[2025-01-29 09:19:06,572][gurobipy][INFO] -   RHS range        [1e+00, 1e+01]
[2025-01-29 09:19:06,624][gurobipy][INFO] - Found heuristic solution: objective -0.0000000
[2025-01-29 09:19:08,597][gurobipy][INFO] - Presolve removed 82664 rows and 1 columns
[2025-01-29 09:19:08,597][gurobipy][INFO] - Presolve time: 1.97s
[2025-01-29 09:19:08,597][gurobipy][INFO] - Presolved: 281065 rows, 5577 columns, 848701 nonzeros
[2025-01-29 09:19:08,777][gurobipy][INFO] - Variable types: 5512 continuous, 65 integer (65 binary)
[2025-01-29 09:19:09,081][gurobipy][INFO] - Root relaxation presolved: 5577 rows, 286642 columns, 854278 nonzeros
[2025-01-29 09:19:09,082][gurobipy][INFO] - 
[2025-01-29 09:19:09,183][gurobipy][INFO] - 
[2025-01-29 09:19:09,183][gurobipy][INFO] - Root relaxation: objective 1.000000e+00, 108 iterations, 0.40 seconds (0.71 work units)
[2025-01-29 09:19:09,208][gurobipy][INFO] - 
[2025-01-29 09:19:09,208][gurobipy][INFO] -     Nodes    |    Current Node    |     Objective Bounds      |     Work
[2025-01-29 09:19:09,208][gurobipy][INFO] -  Expl Unexpl |  Obj  Depth IntInf | Incumbent    BestBd   Gap | It/Node Time
[2025-01-29 09:19:09,208][gurobipy][INFO] - 
[2025-01-29 09:19:09,208][gurobipy][INFO] -      0     0    1.00000    0    1   -0.00000    1.00000      -     -    2s
[2025-01-29 09:19:09,220][gurobipy][INFO] - H    0     0                       0.0140172    1.00000  7034%     -    2s
[2025-01-29 09:19:09,263][gurobipy][INFO] - H    0     0                       0.0147508    1.00000  6679%     -    2s
[2025-01-29 09:19:09,364][gurobipy][INFO] - H    0     0                       0.0168606    1.00000  5831%     -    2s
[2025-01-29 09:19:09,536][gurobipy][INFO] - H    0     0                       0.0508170    1.00000  1868%     -    2s
[2025-01-29 09:19:13,424][gurobipy][INFO] -      0     0    1.00000    0   65    0.05082    1.00000  1868%     -    6s
[2025-01-29 09:19:15,299][gurobipy][INFO] -      0     0    1.00000    0   42    0.05082    1.00000  1868%     -    8s
[2025-01-29 09:19:15,589][gurobipy][INFO] - H    0     0                       0.1069798    1.00000   835%     -    9s
[2025-01-29 09:19:16,407][gurobipy][INFO] -      0     0    1.00000    0   34    0.10698    1.00000   835%     -    9s
[2025-01-29 09:19:20,913][gurobipy][INFO] -      0     0    1.00000    0    7    0.10698    1.00000   835%     -   14s
[2025-01-29 09:19:27,570][gurobipy][INFO] -      0     0    1.00000    0   27    0.10698    1.00000   835%     -   21s
[2025-01-29 09:19:28,171][gurobipy][INFO] -      0     0    1.00000    0   23    0.10698    1.00000   835%     -   21s
[2025-01-29 09:19:31,133][gurobipy][INFO] -      0     0    1.00000    0   27    0.10698    1.00000   835%     -   24s
[2025-01-29 09:19:32,697][gurobipy][INFO] -      0     0    1.00000    0    5    0.10698    1.00000   835%     -   26s
[2025-01-29 09:19:35,034][gurobipy][INFO] -      0     0    1.00000    0   27    0.10698    1.00000   835%     -   28s
[2025-01-29 09:19:36,373][gurobipy][INFO] -      0     0    1.00000    0   26    0.10698    1.00000   835%     -   29s
[2025-01-29 09:19:43,887][gurobipy][INFO] - H    0     0                       0.1470355    1.00000   580%     -   37s
[2025-01-29 09:19:47,542][gurobipy][INFO] -      0     0    1.00000    0   21    0.14704    1.00000   580%     -   40s
[2025-01-29 09:19:47,937][gurobipy][INFO] - H    0     0                       0.2542886    1.00000   293%     -   41s
[2025-01-29 09:19:48,966][gurobipy][INFO] -      0     0    0.94118    0   22    0.25429    0.94118   270%     -   42s
[2025-01-29 09:19:56,347][gurobipy][INFO] -      0     0    0.74829    0   21    0.25429    0.74829   194%     -   49s
[2025-01-29 09:19:57,308][gurobipy][INFO] -      0     0    0.74104    0   20    0.25429    0.74104   191%     -   50s
[2025-01-29 09:20:03,298][gurobipy][INFO] - H    0     0                       0.2874915    0.71132   147%     -   56s
[2025-01-29 09:20:03,302][gurobipy][INFO] - H    0     0                       0.3821996    0.41943  9.74%     -   56s
[2025-01-29 09:20:03,306][gurobipy][INFO] - H    0     0                       0.3827511    0.41943  9.58%     -   56s
[2025-01-29 09:20:06,503][gurobipy][INFO] -      0     0    0.41943    0   20    0.38275    0.41943  9.58%     -   59s
[2025-01-29 09:20:07,158][gurobipy][INFO] -      0     0    0.38275    0   20    0.38275    0.38275  0.00%     -   60s
[2025-01-29 09:20:07,158][gurobipy][INFO] - 
[2025-01-29 09:20:07,158][gurobipy][INFO] - Cutting planes:
[2025-01-29 09:20:07,158][gurobipy][INFO] -   Implied bound: 4
[2025-01-29 09:20:07,158][gurobipy][INFO] -   MIR: 29
[2025-01-29 09:20:07,158][gurobipy][INFO] -   Inf proof: 1
[2025-01-29 09:20:07,159][gurobipy][INFO] -   RLT: 12
[2025-01-29 09:20:07,159][gurobipy][INFO] -   Relax-and-lift: 11
[2025-01-29 09:20:07,167][gurobipy][INFO] - 
[2025-01-29 09:20:07,167][gurobipy][INFO] - Explored 1 nodes (39886 simplex iterations) in 60.60 seconds (123.27 work units)
[2025-01-29 09:20:07,167][gurobipy][INFO] - Thread count was 32 (of 128 available processors)
[2025-01-29 09:20:07,167][gurobipy][INFO] - 
[2025-01-29 09:20:07,167][gurobipy][INFO] - Solution count 10: 0.382751 0.3822 0.287491 ... 0.0147508
[2025-01-29 09:20:07,167][gurobipy][INFO] - No other solutions better than 0.382751
[2025-01-29 09:20:07,167][gurobipy][INFO] - 
[2025-01-29 09:20:07,167][gurobipy][INFO] - Optimal solution found (tolerance 1.00e-04)
[2025-01-29 09:20:07,169][gurobipy][INFO] - Best objective 3.827510572237e-01, best bound 3.827510572237e-01, gap 0.0000%
[2025-01-29 09:20:07,450][__main__][INFO] - Finished size 13867 (3/5)
[2025-01-29 09:21:12,458][gurobipy][INFO] - Set parameter TimeLimit to value 600
[2025-01-29 09:21:12,633][gurobipy][INFO] - Gurobi Optimizer version 11.0.2 build v11.0.2rc0 (linux64)
[2025-01-29 09:21:12,633][gurobipy][INFO] - 
[2025-01-29 09:21:12,646][gurobipy][INFO] - CPU model: AMD EPYC 7543 32-Core Processor, instruction set [SSE2|AVX|AVX2]
[2025-01-29 09:21:12,646][gurobipy][INFO] - Thread count: 64 physical cores, 128 logical processors, using up to 32 threads
[2025-01-29 09:21:12,646][gurobipy][INFO] - 
[2025-01-29 09:21:12,646][gurobipy][INFO] - Optimize a model with 814509 rows, 12408 columns and 2110315 nonzeros
[2025-01-29 09:21:12,663][gurobipy][INFO] - Model fingerprint: 0xcdb51f1a
[2025-01-29 09:21:12,663][gurobipy][INFO] - Variable types: 12342 continuous, 66 integer (66 binary)
[2025-01-29 09:21:12,664][gurobipy][INFO] - Coefficient statistics:
[2025-01-29 09:21:12,664][gurobipy][INFO] -   Matrix range     [2e-05, 2e+00]
[2025-01-29 09:21:12,664][gurobipy][INFO] -   Objective range  [1e+00, 1e+00]
[2025-01-29 09:21:12,664][gurobipy][INFO] -   Bounds range     [1e+00, 1e+00]
[2025-01-29 09:21:12,664][gurobipy][INFO] -   RHS range        [1e+00, 1e+01]
[2025-01-29 09:21:12,800][gurobipy][INFO] - Found heuristic solution: objective 0.0000000
[2025-01-29 09:21:16,028][gurobipy][INFO] - Presolve removed 185112 rows and 1 columns
[2025-01-29 09:21:16,029][gurobipy][INFO] - Presolve time: 3.23s
[2025-01-29 09:21:16,029][gurobipy][INFO] - Presolved: 629397 rows, 12407 columns, 1900527 nonzeros
[2025-01-29 09:21:16,436][gurobipy][INFO] - Variable types: 12342 continuous, 65 integer (65 binary)
[2025-01-29 09:21:17,262][gurobipy][INFO] - Root relaxation presolved: 12407 rows, 641804 columns, 1912934 nonzeros
[2025-01-29 09:21:17,262][gurobipy][INFO] - 
[2025-01-29 09:21:17,265][gurobipy][INFO] - Deterministic concurrent LP optimizer: primal and dual simplex
[2025-01-29 09:21:17,266][gurobipy][INFO] - Showing primal log only...
[2025-01-29 09:21:17,266][gurobipy][INFO] - 
[2025-01-29 09:21:17,447][gurobipy][INFO] - Concurrent spin time: 0.01s
[2025-01-29 09:21:17,447][gurobipy][INFO] - 
[2025-01-29 09:21:17,447][gurobipy][INFO] - Solved with dual simplex
[2025-01-29 09:21:17,512][gurobipy][INFO] - 
[2025-01-29 09:21:17,512][gurobipy][INFO] - Root relaxation: objective 1.000000e+00, 181 iterations, 1.05 seconds (1.58 work units)
[2025-01-29 09:21:17,647][gurobipy][INFO] - 
[2025-01-29 09:21:17,647][gurobipy][INFO] -     Nodes    |    Current Node    |     Objective Bounds      |     Work
[2025-01-29 09:21:17,647][gurobipy][INFO] -  Expl Unexpl |  Obj  Depth IntInf | Incumbent    BestBd   Gap | It/Node Time
[2025-01-29 09:21:17,647][gurobipy][INFO] - 
[2025-01-29 09:21:17,648][gurobipy][INFO] -      0     0    1.00000    0    5    0.00000    1.00000      -     -    5s
[2025-01-29 09:21:17,779][gurobipy][INFO] - H    0     0                       0.0018488    1.00000      -     -    5s
[2025-01-29 09:21:44,401][gurobipy][INFO] -      0     0    1.00000    0   65    0.00185    1.00000      -     -   31s
[2025-01-29 09:21:45,910][gurobipy][INFO] - H    0     0                       0.2566783    1.00000   290%     -   33s
[2025-01-29 09:22:29,886][gurobipy][INFO] -      0     0    1.00000    0   60    0.25668    1.00000   290%     -   77s
[2025-01-29 09:23:07,734][gurobipy][INFO] -      0     0    1.00000    0   60    0.25668    1.00000   290%     -  115s
[2025-01-29 09:23:31,953][gurobipy][INFO] -      0     0    1.00000    0   60    0.25668    1.00000   290%     -  139s
[2025-01-29 09:23:36,429][gurobipy][INFO] -      0     0    1.00000    0   60    0.25668    1.00000   290%     -  143s
[2025-01-29 09:23:56,511][gurobipy][INFO] -      0     0    1.00000    0   60    0.25668    1.00000   290%     -  163s
[2025-01-29 09:24:21,215][gurobipy][INFO] -      0     0    1.00000    0   58    0.25668    1.00000   290%     -  188s
[2025-01-29 09:24:39,576][gurobipy][INFO] -      0     0    1.00000    0   58    0.25668    1.00000   290%     -  206s
[2025-01-29 09:24:44,033][gurobipy][INFO] - H    0     0                       0.2585664    1.00000   287%     -  211s
[2025-01-29 09:26:25,630][gurobipy][INFO] -      0     2    1.00000    0   58    0.25857    1.00000   287%     -  312s
[2025-01-29 09:26:28,756][gurobipy][INFO] -      1     2    1.00000    1   57    0.25857    1.00000   287%  1081  316s
[2025-01-29 09:26:33,741][gurobipy][INFO] -      5     2    1.00000    3   55    0.25857    1.00000   287%   223  321s
[2025-01-29 09:26:37,854][gurobipy][INFO] -      7     2    1.00000    4   54    0.25857    1.00000   287%   175  325s
[2025-01-29 09:26:43,396][gurobipy][INFO] -     11     2    1.00000    6   48    0.25857    1.00000   287%   126  330s
[2025-01-29 09:26:49,428][gurobipy][INFO] -     15     2    1.00000    8   46    0.25857    1.00000   287%   105  336s
[2025-01-29 09:26:53,123][gurobipy][INFO] -     17     2    1.00000    9   45    0.25857    1.00000   287%   103  340s
[2025-01-29 09:27:28,983][gurobipy][INFO] -     21     2    1.00000   11   35    0.25857    1.00000   287%   221  376s
[2025-01-29 09:27:39,289][gurobipy][INFO] -     23     2    1.00000   12   31    0.25857    1.00000   287%   250  386s
[2025-01-29 09:27:43,259][gurobipy][INFO] -     25     2    1.00000   13   40    0.25857    1.00000   287%   241  390s
[2025-01-29 09:27:49,535][gurobipy][INFO] -     33     2    1.00000   17   41    0.25857    1.00000   287%   192  396s
[2025-01-29 09:28:04,446][gurobipy][INFO] -     37     2    1.00000   19   31    0.25857    1.00000   287%   258  411s
[2025-01-29 09:28:07,989][gurobipy][INFO] -     39     2    1.00000   20   38    0.25857    1.00000   287%   245  415s
[2025-01-29 09:28:12,751][gurobipy][INFO] -     53     2    1.00000   27   28    0.25857    1.00000   287%   210  420s
[2025-01-29 09:28:26,989][gurobipy][INFO] -     57     2    1.00000   29   21    0.25857    1.00000   287%   264  434s
[2025-01-29 09:28:30,027][gurobipy][INFO] -     59     2    1.00000   30   25    0.25857    1.00000   287%   267  437s
[2025-01-29 09:28:38,291][gurobipy][INFO] -     61     2    1.00000   31   24    0.25857    1.00000   287%   262  445s
[2025-01-29 09:28:44,889][gurobipy][INFO] -     67     2    1.00000   34   20    0.25857    1.00000   287%   369  452s
[2025-01-29 09:28:49,860][gurobipy][INFO] -     71     2    1.00000   36   18    0.25857    1.00000   287%   371  457s
[2025-01-29 09:29:54,454][gurobipy][INFO] -     73     4    0.88889   37   15    0.25857    1.00000   287%   720  521s
[2025-01-29 09:30:20,310][gurobipy][INFO] -     75     4    0.87526   38   19    0.25857    0.89316   245%   794  547s
[2025-01-29 09:30:30,517][gurobipy][INFO] -     79     4    0.86015   39   15    0.25857    0.88192   241%   788  557s
[2025-01-29 09:30:43,968][gurobipy][INFO] -     83     4    0.84251   40   14    0.25857    0.86795   236%   785  571s
[2025-01-29 09:30:57,916][gurobipy][INFO] -     87     4    0.81943   41   13    0.25857    0.84956   229%   777  585s
[2025-01-29 09:31:12,648][gurobipy][INFO] -     91     3    0.79774   42   17    0.25857    0.82478   219%   752  600s
[2025-01-29 09:31:12,668][gurobipy][INFO] - 
[2025-01-29 09:31:12,668][gurobipy][INFO] - Cutting planes:
[2025-01-29 09:31:12,668][gurobipy][INFO] -   MIR: 3
[2025-01-29 09:31:12,668][gurobipy][INFO] -   RLT: 5
[2025-01-29 09:31:12,694][gurobipy][INFO] - 
[2025-01-29 09:31:12,694][gurobipy][INFO] - Explored 94 nodes (92638 simplex iterations) in 600.05 seconds (2090.42 work units)
[2025-01-29 09:31:12,694][gurobipy][INFO] - Thread count was 32 (of 128 available processors)
[2025-01-29 09:31:12,694][gurobipy][INFO] - 
[2025-01-29 09:31:12,694][gurobipy][INFO] - Solution count 4: 0.258566 0.256678 0.00184876 3.31957e-13 
[2025-01-29 09:31:12,694][gurobipy][INFO] - 
[2025-01-29 09:31:12,694][gurobipy][INFO] - Time limit reached
[2025-01-29 09:31:12,702][gurobipy][INFO] - Best objective 2.585664097239e-01, best bound 8.193807336170e-01, gap 216.8937%
[2025-01-29 09:31:12,738][pyomo.core][WARNING] - Loading a SolverResults object with an 'aborted' status, but containing a solution
[2025-01-29 09:31:13,256][one_rule][INFO] - Solver did not find an optimal sollution
[2025-01-29 09:31:13,258][__main__][INFO] - Finished size 51636 (4/5)
[2025-01-29 09:33:31,648][gurobipy][INFO] - Set parameter TimeLimit to value 600
[2025-01-29 09:33:32,013][gurobipy][INFO] - Gurobi Optimizer version 11.0.2 build v11.0.2rc0 (linux64)
[2025-01-29 09:33:32,013][gurobipy][INFO] - 
[2025-01-29 09:33:32,025][gurobipy][INFO] - CPU model: AMD EPYC 7543 32-Core Processor, instruction set [SSE2|AVX|AVX2]
[2025-01-29 09:33:32,025][gurobipy][INFO] - Thread count: 64 physical cores, 128 logical processors, using up to 32 threads
[2025-01-29 09:33:32,025][gurobipy][INFO] - 
[2025-01-29 09:33:32,025][gurobipy][INFO] - Optimize a model with 1728477 rows, 26256 columns and 4478323 nonzeros
[2025-01-29 09:33:32,061][gurobipy][INFO] - Model fingerprint: 0x131f43d9
[2025-01-29 09:33:32,061][gurobipy][INFO] - Variable types: 26190 continuous, 66 integer (66 binary)
[2025-01-29 09:33:32,064][gurobipy][INFO] - Coefficient statistics:
[2025-01-29 09:33:32,064][gurobipy][INFO] -   Matrix range     [5e-06, 2e+00]
[2025-01-29 09:33:32,064][gurobipy][INFO] -   Objective range  [1e+00, 1e+00]
[2025-01-29 09:33:32,064][gurobipy][INFO] -   Bounds range     [1e+00, 1e+00]
[2025-01-29 09:33:32,064][gurobipy][INFO] -   RHS range        [1e+00, 1e+01]
[2025-01-29 09:33:32,442][gurobipy][INFO] - Found heuristic solution: objective 0.0000000
[2025-01-29 09:33:37,458][gurobipy][INFO] - Presolve removed 366646 rows and 0 columns (presolve time = 5s) ...
[2025-01-29 09:33:39,290][gurobipy][INFO] - Presolve removed 366646 rows and 0 columns
[2025-01-29 09:33:39,290][gurobipy][INFO] - Presolve time: 6.85s
[2025-01-29 09:33:39,291][gurobipy][INFO] - Presolved: 1361831 rows, 26256 columns, 4111677 nonzeros
[2025-01-29 09:33:40,182][gurobipy][INFO] - Variable types: 26190 continuous, 66 integer (66 binary)
[2025-01-29 09:33:42,111][gurobipy][INFO] - Root relaxation presolved: 26256 rows, 1388087 columns, 4137933 nonzeros
[2025-01-29 09:33:42,111][gurobipy][INFO] - 
[2025-01-29 09:33:42,115][gurobipy][INFO] - Deterministic concurrent LP optimizer: primal simplex, dual simplex, and barrier
[2025-01-29 09:33:42,115][gurobipy][INFO] - Showing barrier log only...
[2025-01-29 09:33:42,115][gurobipy][INFO] - 
[2025-01-29 09:33:42,724][gurobipy][INFO] - Concurrent spin time: 0.00s
[2025-01-29 09:33:42,724][gurobipy][INFO] - 
[2025-01-29 09:33:42,724][gurobipy][INFO] - Solved with primal simplex
[2025-01-29 09:33:42,865][gurobipy][INFO] - 
[2025-01-29 09:33:42,865][gurobipy][INFO] - Root simplex log...
[2025-01-29 09:33:42,865][gurobipy][INFO] - 
[2025-01-29 09:33:42,865][gurobipy][INFO] - Iteration    Objective       Primal Inf.    Dual Inf.      Time
[2025-01-29 09:33:42,865][gurobipy][INFO] -      357    1.0000000e+00   0.000000e+00   0.000000e+00     11s
[2025-01-29 09:33:42,865][gurobipy][INFO] - 
[2025-01-29 09:33:42,865][gurobipy][INFO] - Root relaxation: objective 1.000000e+00, 357 iterations, 2.64 seconds (3.95 work units)
[2025-01-29 09:33:42,978][gurobipy][INFO] - 
[2025-01-29 09:33:42,978][gurobipy][INFO] -     Nodes    |    Current Node    |     Objective Bounds      |     Work
[2025-01-29 09:33:42,978][gurobipy][INFO] -  Expl Unexpl |  Obj  Depth IntInf | Incumbent    BestBd   Gap | It/Node Time
[2025-01-29 09:33:42,978][gurobipy][INFO] - 
[2025-01-29 09:33:42,978][gurobipy][INFO] -      0     0    1.00000    0    1    0.00000    1.00000      -     -   10s
[2025-01-29 09:33:43,055][gurobipy][INFO] - H    0     0                       0.0041220    1.00000      -     -   11s
[2025-01-29 09:33:44,126][gurobipy][INFO] - H    0     0                       0.0056929    1.00000      -     -   12s
[2025-01-29 09:33:46,160][gurobipy][INFO] -      0     0    1.00000    0    2    0.00569    1.00000      -     -   14s
[2025-01-29 09:33:47,291][gurobipy][INFO] - H    0     0                       0.0069516    1.00000      -     -   15s
[2025-01-29 09:33:47,633][gurobipy][INFO] - H    0     0                       0.0103026    1.00000  9606%     -   15s
[2025-01-29 09:35:46,623][gurobipy][INFO] -      0     0    1.00000    0   66    0.01030    1.00000  9606%     -  134s
[2025-01-29 09:35:52,936][gurobipy][INFO] -      0     0    1.00000    0   59    0.01030    1.00000  9606%     -  140s
[2025-01-29 09:37:51,650][gurobipy][INFO] -      0     0    1.00000    0   58    0.01030    1.00000  9606%     -  259s
[2025-01-29 09:39:06,027][gurobipy][INFO] -      0     0    1.00000    0   58    0.01030    1.00000  9606%     -  334s
[2025-01-29 09:41:28,276][gurobipy][INFO] -      0     0    1.00000    0   57    0.01030    1.00000  9606%     -  476s
[2025-01-29 09:42:10,825][gurobipy][INFO] -      0     0    1.00000    0   57    0.01030    1.00000  9606%     -  518s
[2025-01-29 09:43:32,029][gurobipy][INFO] -      0     0          -    0         0.01030    1.00000  9606%     -  600s
[2025-01-29 09:43:32,031][gurobipy][INFO] - 
[2025-01-29 09:43:32,031][gurobipy][INFO] - Cutting planes:
[2025-01-29 09:43:32,031][gurobipy][INFO] -   Implied bound: 3
[2025-01-29 09:43:32,031][gurobipy][INFO] -   MIR: 4
[2025-01-29 09:43:32,031][gurobipy][INFO] -   RLT: 8
[2025-01-29 09:43:32,063][gurobipy][INFO] - 
[2025-01-29 09:43:32,063][gurobipy][INFO] - Explored 1 nodes (29815 simplex iterations) in 600.04 seconds (1030.34 work units)
[2025-01-29 09:43:32,063][gurobipy][INFO] - Thread count was 32 (of 128 available processors)
[2025-01-29 09:43:32,063][gurobipy][INFO] - 
[2025-01-29 09:43:32,063][gurobipy][INFO] - Solution count 5: 0.0103026 0.00695159 0.00569285 ... 8.35554e-13
[2025-01-29 09:43:32,063][gurobipy][INFO] - 
[2025-01-29 09:43:32,063][gurobipy][INFO] - Time limit reached
[2025-01-29 09:43:32,074][gurobipy][INFO] - Best objective 1.030263817050e-02, best bound 1.000000000005e+00, gap 9606.2518%
[2025-01-29 09:43:32,152][pyomo.core][WARNING] - Loading a SolverResults object with an 'aborted' status, but containing a solution
[2025-01-29 09:43:33,178][one_rule][INFO] - Solver did not find an optimal sollution
[2025-01-29 09:43:33,180][__main__][INFO] - Finished size 192278 (5/5)
