[2025-01-29 09:33:15,743][gurobipy][INFO] - Set parameter TimeLimit to value 600
[2025-01-29 09:33:15,749][gurobipy][INFO] - Gurobi Optimizer version 11.0.2 build v11.0.2rc0 (linux64)
[2025-01-29 09:33:15,749][gurobipy][INFO] - 
[2025-01-29 09:33:15,761][gurobipy][INFO] - CPU model: Intel(R) Xeon(R) Gold 6136 CPU @ 3.00GHz, instruction set [SSE2|AVX|AVX2|AVX512]
[2025-01-29 09:33:15,762][gurobipy][INFO] - Thread count: 24 physical cores, 48 logical processors, using up to 24 threads
[2025-01-29 09:33:15,762][gurobipy][INFO] - 
[2025-01-29 09:33:15,762][gurobipy][INFO] - Optimize a model with 22584 rows, 619 columns and 61378 nonzeros
[2025-01-29 09:33:15,762][gurobipy][INFO] - Model fingerprint: 0x2f1909b1
[2025-01-29 09:33:15,762][gurobipy][INFO] - Variable types: 580 continuous, 39 integer (39 binary)
[2025-01-29 09:33:15,762][gurobipy][INFO] - Coefficient statistics:
[2025-01-29 09:33:15,762][gurobipy][INFO] -   Matrix range     [2e-03, 2e+00]
[2025-01-29 09:33:15,762][gurobipy][INFO] -   Objective range  [1e+00, 1e+00]
[2025-01-29 09:33:15,762][gurobipy][INFO] -   Bounds range     [1e+00, 1e+00]
[2025-01-29 09:33:15,762][gurobipy][INFO] -   RHS range        [1e+00, 1e+01]
[2025-01-29 09:33:15,766][gurobipy][INFO] - Found heuristic solution: objective 0.0000000
[2025-01-29 09:33:15,905][gurobipy][INFO] - Presolve removed 7503 rows and 7 columns
[2025-01-29 09:33:15,905][gurobipy][INFO] - Presolve time: 0.14s
[2025-01-29 09:33:15,905][gurobipy][INFO] - Presolved: 15081 rows, 612 columns, 45817 nonzeros
[2025-01-29 09:33:15,915][gurobipy][INFO] - Variable types: 580 continuous, 32 integer (32 binary)
[2025-01-29 09:33:15,932][gurobipy][INFO] - Root relaxation presolved: 15081 rows, 612 columns, 45817 nonzeros
[2025-01-29 09:33:15,933][gurobipy][INFO] - 
[2025-01-29 09:33:15,962][gurobipy][INFO] - 
[2025-01-29 09:33:15,962][gurobipy][INFO] - Root relaxation: objective 1.000000e+00, 319 iterations, 0.05 seconds (0.07 work units)
[2025-01-29 09:33:16,200][gurobipy][INFO] - 
[2025-01-29 09:33:16,200][gurobipy][INFO] -     Nodes    |    Current Node    |     Objective Bounds      |     Work
[2025-01-29 09:33:16,200][gurobipy][INFO] -  Expl Unexpl |  Obj  Depth IntInf | Incumbent    BestBd   Gap | It/Node Time
[2025-01-29 09:33:16,200][gurobipy][INFO] - 
[2025-01-29 09:33:16,201][gurobipy][INFO] -      0     0    1.00000    0    1    0.00000    1.00000      -     -    0s
[2025-01-29 09:33:16,226][gurobipy][INFO] - H    0     0                       0.0319370    1.00000  3031%     -    0s
[2025-01-29 09:33:16,346][gurobipy][INFO] -      0     0    1.00000    0   23    0.03194    1.00000  3031%     -    0s
[2025-01-29 09:33:16,389][gurobipy][INFO] -      0     0    1.00000    0   24    0.03194    1.00000  3031%     -    0s
[2025-01-29 09:33:16,502][gurobipy][INFO] - H    0     0                       0.0412163    1.00000  2326%     -    0s
[2025-01-29 09:33:16,943][gurobipy][INFO] - H    0     0                       0.0757954    1.00000  1219%     -    1s
[2025-01-29 09:33:17,401][gurobipy][INFO] -      0     0    0.95232    0    2    0.07580    0.95232  1156%     -    1s
[2025-01-29 09:33:17,483][gurobipy][INFO] -      0     0    0.95204    0    3    0.07580    0.95204  1156%     -    1s
[2025-01-29 09:33:17,566][gurobipy][INFO] -      0     0    0.94906    0    5    0.07580    0.94906  1152%     -    1s
[2025-01-29 09:33:17,594][gurobipy][INFO] -      0     0    0.94730    0    5    0.07580    0.94730  1150%     -    1s
[2025-01-29 09:33:17,707][gurobipy][INFO] -      0     0    0.94689    0    4    0.07580    0.94689  1149%     -    1s
[2025-01-29 09:33:17,741][gurobipy][INFO] -      0     0    0.94553    0    4    0.07580    0.94553  1147%     -    1s
[2025-01-29 09:33:17,782][gurobipy][INFO] - H    0     0                       0.0783975    0.94553  1106%     -    2s
[2025-01-29 09:33:17,783][gurobipy][INFO] - H    0     0                       0.0877168    0.94553   978%     -    2s
[2025-01-29 09:33:17,837][gurobipy][INFO] -      0     0    0.94434    0    4    0.08772    0.94434   977%     -    2s
[2025-01-29 09:33:17,944][gurobipy][INFO] -      0     0    0.94381    0    4    0.08772    0.94381   976%     -    2s
[2025-01-29 09:33:18,099][gurobipy][INFO] -      0     2    0.94381    0    4    0.08772    0.94381   976%     -    2s
[2025-01-29 09:33:20,945][gurobipy][INFO] -    224    36    0.74125   19    7    0.08772    0.74746   752%  67.5    5s
[2025-01-29 09:33:21,432][gurobipy][INFO] - 
[2025-01-29 09:33:21,432][gurobipy][INFO] - Cutting planes:
[2025-01-29 09:33:21,432][gurobipy][INFO] -   Cover: 1
[2025-01-29 09:33:21,432][gurobipy][INFO] -   MIR: 11
[2025-01-29 09:33:21,433][gurobipy][INFO] - 
[2025-01-29 09:33:21,433][gurobipy][INFO] - Explored 461 nodes (29736 simplex iterations) in 5.67 seconds (7.37 work units)
[2025-01-29 09:33:21,433][gurobipy][INFO] - Thread count was 24 (of 48 available processors)
[2025-01-29 09:33:21,433][gurobipy][INFO] - 
[2025-01-29 09:33:21,433][gurobipy][INFO] - Solution count 6: 0.0877168 0.0783975 0.0757954 ... 7.10543e-15
[2025-01-29 09:33:21,433][gurobipy][INFO] - No other solutions better than 0.0877168
[2025-01-29 09:33:21,433][gurobipy][INFO] - 
[2025-01-29 09:33:21,433][gurobipy][INFO] - Optimal solution found (tolerance 1.00e-04)
[2025-01-29 09:33:21,433][gurobipy][INFO] - Best objective 8.771676994764e-02, best bound 8.771676994764e-02, gap 0.0000%
[2025-01-29 09:33:21,469][__main__][INFO] - Finished size 1000 (1/5)
[2025-01-29 09:33:26,492][gurobipy][INFO] - Set parameter TimeLimit to value 600
[2025-01-29 09:33:26,505][gurobipy][INFO] - Gurobi Optimizer version 11.0.2 build v11.0.2rc0 (linux64)
[2025-01-29 09:33:26,505][gurobipy][INFO] - 
[2025-01-29 09:33:26,516][gurobipy][INFO] - CPU model: Intel(R) Xeon(R) Gold 6136 CPU @ 3.00GHz, instruction set [SSE2|AVX|AVX2|AVX512]
[2025-01-29 09:33:26,517][gurobipy][INFO] - Thread count: 24 physical cores, 48 logical processors, using up to 24 threads
[2025-01-29 09:33:26,517][gurobipy][INFO] - 
[2025-01-29 09:33:26,517][gurobipy][INFO] - Optimize a model with 54993 rows, 1450 columns and 149464 nonzeros
[2025-01-29 09:33:26,518][gurobipy][INFO] - Model fingerprint: 0xe0116b42
[2025-01-29 09:33:26,518][gurobipy][INFO] - Variable types: 1411 continuous, 39 integer (39 binary)
[2025-01-29 09:33:26,518][gurobipy][INFO] - Coefficient statistics:
[2025-01-29 09:33:26,518][gurobipy][INFO] -   Matrix range     [5e-04, 2e+00]
[2025-01-29 09:33:26,518][gurobipy][INFO] -   Objective range  [1e+00, 1e+00]
[2025-01-29 09:33:26,518][gurobipy][INFO] -   Bounds range     [1e+00, 1e+00]
[2025-01-29 09:33:26,518][gurobipy][INFO] -   RHS range        [1e+00, 1e+01]
[2025-01-29 09:33:26,528][gurobipy][INFO] - Found heuristic solution: objective 0.0000000
[2025-01-29 09:33:26,953][gurobipy][INFO] - Presolve removed 12682 rows and 3 columns
[2025-01-29 09:33:26,954][gurobipy][INFO] - Presolve time: 0.42s
[2025-01-29 09:33:26,954][gurobipy][INFO] - Presolved: 42311 rows, 1447 columns, 128338 nonzeros
[2025-01-29 09:33:26,984][gurobipy][INFO] - Variable types: 1411 continuous, 36 integer (36 binary)
[2025-01-29 09:33:27,039][gurobipy][INFO] - Root relaxation presolved: 1447 rows, 43758 columns, 129785 nonzeros
[2025-01-29 09:33:27,039][gurobipy][INFO] - 
[2025-01-29 09:33:27,312][gurobipy][INFO] - 
[2025-01-29 09:33:27,312][gurobipy][INFO] - Root relaxation: objective 1.000000e+00, 2191 iterations, 0.33 seconds (0.79 work units)
[2025-01-29 09:33:27,321][gurobipy][INFO] - 
[2025-01-29 09:33:27,321][gurobipy][INFO] -     Nodes    |    Current Node    |     Objective Bounds      |     Work
[2025-01-29 09:33:27,321][gurobipy][INFO] -  Expl Unexpl |  Obj  Depth IntInf | Incumbent    BestBd   Gap | It/Node Time
[2025-01-29 09:33:27,321][gurobipy][INFO] - 
[2025-01-29 09:33:27,321][gurobipy][INFO] -      0     0    1.00000    0    1    0.00000    1.00000      -     -    0s
[2025-01-29 09:33:27,331][gurobipy][INFO] - H    0     0                       0.0012705    1.00000      -     -    0s
[2025-01-29 09:33:27,378][gurobipy][INFO] - H    0     0                       0.0168196    1.00000  5845%     -    0s
[2025-01-29 09:33:27,799][gurobipy][INFO] -      0     0    1.00000    0   27    0.01682    1.00000  5845%     -    1s
[2025-01-29 09:33:27,837][gurobipy][INFO] -      0     0    1.00000    0   22    0.01682    1.00000  5845%     -    1s
[2025-01-29 09:33:28,204][gurobipy][INFO] -      0     0    1.00000    0   17    0.01682    1.00000  5845%     -    1s
[2025-01-29 09:33:31,031][gurobipy][INFO] - H    0     0                       0.0449971    1.00000  2122%     -    4s
[2025-01-29 09:33:31,974][gurobipy][INFO] - H    0     0                       0.0837280    0.96295  1050%     -    5s
[2025-01-29 09:33:31,988][gurobipy][INFO] -      0     0    0.96295    0    3    0.08373    0.96295  1050%     -    5s
[2025-01-29 09:33:32,301][gurobipy][INFO] -      0     0    0.96295    0    3    0.08373    0.96295  1050%     -    5s
[2025-01-29 09:33:36,545][gurobipy][INFO] -      0     0    0.94440    0   12    0.08373    0.94440  1028%     -   10s
[2025-01-29 09:33:36,683][gurobipy][INFO] -      0     0    0.94440    0    9    0.08373    0.94440  1028%     -   10s
[2025-01-29 09:33:37,162][gurobipy][INFO] -      0     0    0.94116    0    7    0.08373    0.94116  1024%     -   10s
[2025-01-29 09:33:45,728][gurobipy][INFO] -      0     0    0.08373    0   12    0.08373    0.08373  0.00%     -   19s
[2025-01-29 09:33:45,730][gurobipy][INFO] - 
[2025-01-29 09:33:45,730][gurobipy][INFO] - Cutting planes:
[2025-01-29 09:33:45,730][gurobipy][INFO] -   MIR: 7
[2025-01-29 09:33:45,730][gurobipy][INFO] -   Inf proof: 1
[2025-01-29 09:33:45,731][gurobipy][INFO] - 
[2025-01-29 09:33:45,731][gurobipy][INFO] - Explored 1 nodes (23006 simplex iterations) in 19.21 seconds (30.19 work units)
[2025-01-29 09:33:45,731][gurobipy][INFO] - Thread count was 24 (of 48 available processors)
[2025-01-29 09:33:45,731][gurobipy][INFO] - 
[2025-01-29 09:33:45,731][gurobipy][INFO] - Solution count 5: 0.083728 0.0449971 0.0168196 ... 3.13083e-14
[2025-01-29 09:33:45,731][gurobipy][INFO] - No other solutions better than 0.083728
[2025-01-29 09:33:45,731][gurobipy][INFO] - 
[2025-01-29 09:33:45,731][gurobipy][INFO] - Optimal solution found (tolerance 1.00e-04)
[2025-01-29 09:33:45,732][gurobipy][INFO] - Best objective 8.372803978834e-02, best bound 8.372803978834e-02, gap 0.0000%
[2025-01-29 09:33:45,788][__main__][INFO] - Finished size 3625 (2/5)
[2025-01-29 09:33:56,371][gurobipy][INFO] - Set parameter TimeLimit to value 600
[2025-01-29 09:33:56,398][gurobipy][INFO] - Gurobi Optimizer version 11.0.2 build v11.0.2rc0 (linux64)
[2025-01-29 09:33:56,398][gurobipy][INFO] - 
[2025-01-29 09:33:56,409][gurobipy][INFO] - CPU model: Intel(R) Xeon(R) Gold 6136 CPU @ 3.00GHz, instruction set [SSE2|AVX|AVX2|AVX512]
[2025-01-29 09:33:56,410][gurobipy][INFO] - Thread count: 24 physical cores, 48 logical processors, using up to 24 threads
[2025-01-29 09:33:56,410][gurobipy][INFO] - 
[2025-01-29 09:33:56,410][gurobipy][INFO] - Optimize a model with 113337 rows, 2946 columns and 308040 nonzeros
[2025-01-29 09:33:56,412][gurobipy][INFO] - Model fingerprint: 0xc4193552
[2025-01-29 09:33:56,412][gurobipy][INFO] - Variable types: 2907 continuous, 39 integer (39 binary)
[2025-01-29 09:33:56,413][gurobipy][INFO] - Coefficient statistics:
[2025-01-29 09:33:56,413][gurobipy][INFO] -   Matrix range     [1e-04, 2e+00]
[2025-01-29 09:33:56,413][gurobipy][INFO] -   Objective range  [1e+00, 1e+00]
[2025-01-29 09:33:56,413][gurobipy][INFO] -   Bounds range     [1e+00, 1e+00]
[2025-01-29 09:33:56,413][gurobipy][INFO] -   RHS range        [1e+00, 1e+01]
[2025-01-29 09:33:56,436][gurobipy][INFO] - Found heuristic solution: objective -0.0000000
[2025-01-29 09:33:57,413][gurobipy][INFO] - Presolve removed 23239 rows and 2 columns
[2025-01-29 09:33:57,413][gurobipy][INFO] - Presolve time: 0.98s
[2025-01-29 09:33:57,413][gurobipy][INFO] - Presolved: 90098 rows, 2944 columns, 273195 nonzeros
[2025-01-29 09:33:57,490][gurobipy][INFO] - Variable types: 2907 continuous, 37 integer (37 binary)
[2025-01-29 09:33:57,633][gurobipy][INFO] - Root relaxation presolved: 2944 rows, 93042 columns, 276139 nonzeros
[2025-01-29 09:33:57,634][gurobipy][INFO] - 
[2025-01-29 09:33:57,691][gurobipy][INFO] - 
[2025-01-29 09:33:57,691][gurobipy][INFO] - Root relaxation: objective 1.000000e+00, 46 iterations, 0.20 seconds (0.22 work units)
[2025-01-29 09:33:57,715][gurobipy][INFO] - 
[2025-01-29 09:33:57,715][gurobipy][INFO] -     Nodes    |    Current Node    |     Objective Bounds      |     Work
[2025-01-29 09:33:57,715][gurobipy][INFO] -  Expl Unexpl |  Obj  Depth IntInf | Incumbent    BestBd   Gap | It/Node Time
[2025-01-29 09:33:57,715][gurobipy][INFO] - 
[2025-01-29 09:33:57,715][gurobipy][INFO] -      0     0    1.00000    0    5   -0.00000    1.00000      -     -    1s
[2025-01-29 09:33:57,745][gurobipy][INFO] - H    0     0                       0.0065743    1.00000      -     -    1s
[2025-01-29 09:33:57,810][gurobipy][INFO] - H    0     0                       0.0087954    1.00000      -     -    1s
[2025-01-29 09:33:59,277][gurobipy][INFO] -      0     0    1.00000    0   37    0.00880    1.00000      -     -    2s
[2025-01-29 09:33:59,904][gurobipy][INFO] -      0     0    1.00000    0   29    0.00880    1.00000      -     -    3s
[2025-01-29 09:34:00,148][gurobipy][INFO] - H    0     0                       0.0568903    1.00000  1658%     -    3s
[2025-01-29 09:34:00,782][gurobipy][INFO] -      0     0    1.00000    0   32    0.05689    1.00000  1658%     -    4s
[2025-01-29 09:34:06,040][gurobipy][INFO] -      0     0    1.00000    0   30    0.05689    1.00000  1658%     -    9s
[2025-01-29 09:34:06,494][gurobipy][INFO] - H    0     0                       0.0616265    1.00000  1523%     -   10s
[2025-01-29 09:34:06,553][gurobipy][INFO] -      0     0    1.00000    0   29    0.06163    1.00000  1523%     -   10s
[2025-01-29 09:34:13,617][gurobipy][INFO] -      0     0    1.00000    0   29    0.06163    1.00000  1523%     -   17s
[2025-01-29 09:34:18,002][gurobipy][INFO] -      0     0    1.00000    0   32    0.06163    1.00000  1523%     -   21s
[2025-01-29 09:34:24,915][gurobipy][INFO] -      0     0    1.00000    0   30    0.06163    1.00000  1523%     -   28s
[2025-01-29 09:34:25,481][gurobipy][INFO] -      0     0    1.00000    0   28    0.06163    1.00000  1523%     -   29s
[2025-01-29 09:34:33,188][gurobipy][INFO] -      0     0    1.00000    0   32    0.06163    1.00000  1523%     -   36s
[2025-01-29 09:34:34,386][gurobipy][INFO] -      0     0    1.00000    0   31    0.06163    1.00000  1523%     -   37s
[2025-01-29 09:34:41,896][gurobipy][INFO] -      0     0    1.00000    0   32    0.06163    1.00000  1523%     -   45s
[2025-01-29 09:34:48,762][gurobipy][INFO] -      0     0    1.00000    0   32    0.06163    1.00000  1523%     -   52s
[2025-01-29 09:35:09,953][gurobipy][INFO] -      0     2    1.00000    0   32    0.06163    1.00000  1523%     -   73s
[2025-01-29 09:35:11,840][gurobipy][INFO] -      3     2    1.00000    2   30    0.06163    1.00000  1523%  1510   75s
[2025-01-29 09:35:17,678][gurobipy][INFO] -     11     4    1.00000    6   26    0.06163    1.00000  1523%   592   81s
[2025-01-29 09:35:22,730][gurobipy][INFO] -     21     6    0.94118    9   23    0.06163    1.00000  1523%   717   86s
[2025-01-29 09:35:26,894][gurobipy][INFO] -     47    10    0.92308   13   19    0.06163    0.92846  1407%   544   90s
[2025-01-29 09:35:32,718][gurobipy][INFO] -     91    21    0.88889   17   14    0.06163    0.89982  1360%   432   96s
[2025-01-29 09:35:36,537][gurobipy][INFO] -    153    32    0.83939   20   12    0.06163    0.85762  1292%   333  100s
[2025-01-29 09:35:41,929][gurobipy][INFO] -    242    61    0.75000   23    7    0.06163    0.82274  1235%   262  105s
[2025-01-29 09:35:46,650][gurobipy][INFO] -    427    16     cutoff   27         0.06163    0.38570   526%   217  110s
[2025-01-29 09:35:47,546][gurobipy][INFO] - *  471     4              30       0.0649368    0.19465   200%   225  111s
[2025-01-29 09:35:47,549][gurobipy][INFO] - *  480     4              30       0.0693751    0.12808  84.6%   227  111s
[2025-01-29 09:35:47,639][gurobipy][INFO] - 
[2025-01-29 09:35:47,639][gurobipy][INFO] - Cutting planes:
[2025-01-29 09:35:47,639][gurobipy][INFO] -   MIR: 6
[2025-01-29 09:35:47,639][gurobipy][INFO] -   RLT: 4
[2025-01-29 09:35:47,651][gurobipy][INFO] - 
[2025-01-29 09:35:47,651][gurobipy][INFO] - Explored 485 nodes (143688 simplex iterations) in 111.24 seconds (220.71 work units)
[2025-01-29 09:35:47,651][gurobipy][INFO] - Thread count was 24 (of 48 available processors)
[2025-01-29 09:35:47,651][gurobipy][INFO] - 
[2025-01-29 09:35:47,651][gurobipy][INFO] - Solution count 7: 0.0693751 0.0649368 0.0616265 ... -0
[2025-01-29 09:35:47,651][gurobipy][INFO] - No other solutions better than 0.0693751
[2025-01-29 09:35:47,651][gurobipy][INFO] - 
[2025-01-29 09:35:47,651][gurobipy][INFO] - Optimal solution found (tolerance 1.00e-04)
[2025-01-29 09:35:47,652][gurobipy][INFO] - Best objective 6.937511599851e-02, best bound 6.937511599851e-02, gap 0.0000%
[2025-01-29 09:35:47,839][__main__][INFO] - Finished size 13135 (3/5)
[2025-01-29 09:36:06,574][gurobipy][INFO] - Set parameter TimeLimit to value 600
[2025-01-29 09:36:06,621][gurobipy][INFO] - Gurobi Optimizer version 11.0.2 build v11.0.2rc0 (linux64)
[2025-01-29 09:36:06,621][gurobipy][INFO] - 
[2025-01-29 09:36:06,632][gurobipy][INFO] - CPU model: Intel(R) Xeon(R) Gold 6136 CPU @ 3.00GHz, instruction set [SSE2|AVX|AVX2|AVX512]
[2025-01-29 09:36:06,632][gurobipy][INFO] - Thread count: 24 physical cores, 48 logical processors, using up to 24 threads
[2025-01-29 09:36:06,633][gurobipy][INFO] - 
[2025-01-29 09:36:06,633][gurobipy][INFO] - Optimize a model with 198006 rows, 5117 columns and 538166 nonzeros
[2025-01-29 09:36:06,637][gurobipy][INFO] - Model fingerprint: 0x6d4b8d92
[2025-01-29 09:36:06,637][gurobipy][INFO] - Variable types: 5078 continuous, 39 integer (39 binary)
[2025-01-29 09:36:06,638][gurobipy][INFO] - Coefficient statistics:
[2025-01-29 09:36:06,638][gurobipy][INFO] -   Matrix range     [4e-05, 2e+00]
[2025-01-29 09:36:06,638][gurobipy][INFO] -   Objective range  [1e+00, 1e+00]
[2025-01-29 09:36:06,638][gurobipy][INFO] -   Bounds range     [1e+00, 1e+00]
[2025-01-29 09:36:06,638][gurobipy][INFO] -   RHS range        [1e+00, 1e+01]
[2025-01-29 09:36:06,689][gurobipy][INFO] - Found heuristic solution: objective -0.0000000
[2025-01-29 09:36:08,603][gurobipy][INFO] - Presolve removed 35539 rows and 1 columns
[2025-01-29 09:36:08,603][gurobipy][INFO] - Presolve time: 1.91s
[2025-01-29 09:36:08,603][gurobipy][INFO] - Presolved: 162467 rows, 5116 columns, 492473 nonzeros
[2025-01-29 09:36:08,732][gurobipy][INFO] - Variable types: 5078 continuous, 38 integer (38 binary)
[2025-01-29 09:36:09,048][gurobipy][INFO] - Root relaxation presolved: 5116 rows, 167583 columns, 497589 nonzeros
[2025-01-29 09:36:09,048][gurobipy][INFO] - 
[2025-01-29 09:36:09,145][gurobipy][INFO] - 
[2025-01-29 09:36:09,145][gurobipy][INFO] - Root relaxation: objective 1.000000e+00, 23 iterations, 0.40 seconds (0.41 work units)
[2025-01-29 09:36:09,223][gurobipy][INFO] - 
[2025-01-29 09:36:09,223][gurobipy][INFO] -     Nodes    |    Current Node    |     Objective Bounds      |     Work
[2025-01-29 09:36:09,223][gurobipy][INFO] -  Expl Unexpl |  Obj  Depth IntInf | Incumbent    BestBd   Gap | It/Node Time
[2025-01-29 09:36:09,223][gurobipy][INFO] - 
[2025-01-29 09:36:09,223][gurobipy][INFO] -      0     0    1.00000    0    3   -0.00000    1.00000      -     -    2s
[2025-01-29 09:36:09,268][gurobipy][INFO] - H    0     0                       0.0002299    1.00000      -     -    2s
[2025-01-29 09:36:09,386][gurobipy][INFO] - H    0     0                       0.0002299    1.00000      -     -    2s
[2025-01-29 09:36:10,029][gurobipy][INFO] -      0     0    1.00000    0    4    0.00023    1.00000      -     -    3s
[2025-01-29 09:36:10,484][gurobipy][INFO] - H    0     0                       0.0065919    1.00000      -     -    3s
[2025-01-29 09:36:14,717][gurobipy][INFO] -      0     0    1.00000    0   38    0.00659    1.00000      -     -    8s
[2025-01-29 09:36:15,714][gurobipy][INFO] -      0     0    1.00000    0   34    0.00659    1.00000      -     -    9s
[2025-01-29 09:36:22,099][gurobipy][INFO] -      0     0    1.00000    0   32    0.00659    1.00000      -     -   15s
[2025-01-29 09:36:23,025][gurobipy][INFO] - H    0     0                       0.0505872    1.00000  1877%     -   16s
[2025-01-29 09:36:23,325][gurobipy][INFO] -      0     0    1.00000    0   32    0.05059    1.00000  1877%     -   16s
[2025-01-29 09:36:32,699][gurobipy][INFO] -      0     0    1.00000    0   32    0.05059    1.00000  1877%     -   26s
[2025-01-29 09:36:34,606][gurobipy][INFO] -      0     0    1.00000    0   32    0.05059    1.00000  1877%     -   27s
[2025-01-29 09:36:43,505][gurobipy][INFO] -      0     0    1.00000    0   32    0.05059    1.00000  1877%     -   36s
[2025-01-29 09:36:44,602][gurobipy][INFO] -      0     0    1.00000    0   32    0.05059    1.00000  1877%     -   37s
[2025-01-29 09:36:50,965][gurobipy][INFO] -      0     0    1.00000    0   31    0.05059    1.00000  1877%     -   44s
[2025-01-29 09:36:51,980][gurobipy][INFO] -      0     0    1.00000    0   30    0.05059    1.00000  1877%     -   45s
[2025-01-29 09:36:58,408][gurobipy][INFO] -      0     0    1.00000    0   28    0.05059    1.00000  1877%     -   51s
[2025-01-29 09:37:06,539][gurobipy][INFO] -      0     0    1.00000    0   28    0.05059    1.00000  1877%     -   59s
[2025-01-29 09:37:07,332][gurobipy][INFO] - H    0     0                       0.0746531    1.00000  1240%     -   60s
[2025-01-29 09:37:21,741][gurobipy][INFO] -      0     2    1.00000    0   28    0.07465    1.00000  1240%     -   75s
[2025-01-29 09:37:26,813][gurobipy][INFO] -      7     4    1.00000    4   19    0.07465    1.00000  1240%   766   80s
[2025-01-29 09:37:39,384][gurobipy][INFO] -      9     4    1.00000    5   17    0.07465    1.00000  1240%   720   92s
[2025-01-29 09:37:50,847][gurobipy][INFO] -     17     8    1.00000    7   17    0.07465    1.00000  1240%   919  104s
[2025-01-29 09:37:56,491][gurobipy][INFO] -     21    10    1.00000    8   24    0.07465    1.00000  1240%  1404  109s
[2025-01-29 09:38:08,318][gurobipy][INFO] -     29    12    0.94737    9   24    0.07465    1.00000  1240%  1547  121s
[2025-01-29 09:38:12,163][gurobipy][INFO] -     51    12    0.94118   11   22    0.07465    0.94443  1165%  1027  125s
[2025-01-29 09:38:18,683][gurobipy][INFO] -     63    14    0.93750   12   21    0.07465    0.94117  1161%   857  132s
[2025-01-29 09:38:24,597][gurobipy][INFO] -     89    16    0.92857   14   19    0.07465    0.93332  1150%   676  137s
[2025-01-29 09:38:24,602][gurobipy][INFO] - H   97    16                       0.0812073    0.93264  1048%   634  137s
[2025-01-29 09:38:27,607][gurobipy][INFO] -    119    16    0.91667   16   17    0.08121    0.92306  1037%   557  140s
[2025-01-29 09:38:31,846][gurobipy][INFO] -    135    20    0.90909   17   16    0.08121    0.91665  1029%   504  145s
[2025-01-29 09:38:37,090][gurobipy][INFO] -    175    20    0.88889   19   13    0.08121    0.89996  1008%   443  150s
[2025-01-29 09:38:47,957][gurobipy][INFO] -    220    29    0.85714   21   11    0.08121    0.87492   977%   397  161s
[2025-01-29 09:38:52,619][gurobipy][INFO] -    280    40    0.80761   23   10    0.08121    0.83333   926%   380  165s
[2025-01-29 09:38:57,247][gurobipy][INFO] -    391    29    0.14359   26    7    0.08121    0.72242   790%   355  170s
[2025-01-29 09:39:02,078][gurobipy][INFO] -    480    15    0.10152   29    4    0.08121    0.36476   349%   369  175s
[2025-01-29 09:39:04,351][gurobipy][INFO] - 
[2025-01-29 09:39:04,351][gurobipy][INFO] - Cutting planes:
[2025-01-29 09:39:04,351][gurobipy][INFO] -   Gomory: 1
[2025-01-29 09:39:04,351][gurobipy][INFO] -   Cover: 1
[2025-01-29 09:39:04,351][gurobipy][INFO] -   Implied bound: 1
[2025-01-29 09:39:04,351][gurobipy][INFO] -   MIR: 13
[2025-01-29 09:39:04,351][gurobipy][INFO] -   RLT: 2
[2025-01-29 09:39:04,351][gurobipy][INFO] -   Relax-and-lift: 1
[2025-01-29 09:39:04,357][gurobipy][INFO] - 
[2025-01-29 09:39:04,357][gurobipy][INFO] - Explored 516 nodes (226111 simplex iterations) in 177.72 seconds (342.46 work units)
[2025-01-29 09:39:04,357][gurobipy][INFO] - Thread count was 24 (of 48 available processors)
[2025-01-29 09:39:04,357][gurobipy][INFO] - 
[2025-01-29 09:39:04,357][gurobipy][INFO] - Solution count 6: 0.0812073 0.0746531 0.0505872 ... -0
[2025-01-29 09:39:04,357][gurobipy][INFO] - No other solutions better than 0.0812073
[2025-01-29 09:39:04,357][gurobipy][INFO] - 
[2025-01-29 09:39:04,357][gurobipy][INFO] - Optimal solution found (tolerance 1.00e-04)
[2025-01-29 09:39:04,359][gurobipy][INFO] - Best objective 8.120726331317e-02, best bound 8.120726331317e-02, gap 0.0000%
[2025-01-29 09:39:04,643][__main__][INFO] - Finished size 47600 (4/5)
[2025-01-29 09:39:34,816][gurobipy][INFO] - Set parameter TimeLimit to value 600
[2025-01-29 09:39:34,894][gurobipy][INFO] - Gurobi Optimizer version 11.0.2 build v11.0.2rc0 (linux64)
[2025-01-29 09:39:34,894][gurobipy][INFO] - 
[2025-01-29 09:39:34,906][gurobipy][INFO] - CPU model: Intel(R) Xeon(R) Gold 6136 CPU @ 3.00GHz, instruction set [SSE2|AVX|AVX2|AVX512]
[2025-01-29 09:39:34,906][gurobipy][INFO] - Thread count: 24 physical cores, 48 logical processors, using up to 24 threads
[2025-01-29 09:39:34,907][gurobipy][INFO] - 
[2025-01-29 09:39:34,907][gurobipy][INFO] - Optimize a model with 315708 rows, 8135 columns and 858074 nonzeros
[2025-01-29 09:39:34,914][gurobipy][INFO] - Model fingerprint: 0xa053b0c1
[2025-01-29 09:39:34,914][gurobipy][INFO] - Variable types: 8096 continuous, 39 integer (39 binary)
[2025-01-29 09:39:34,915][gurobipy][INFO] - Coefficient statistics:
[2025-01-29 09:39:34,915][gurobipy][INFO] -   Matrix range     [1e-05, 2e+00]
[2025-01-29 09:39:34,915][gurobipy][INFO] -   Objective range  [1e+00, 1e+00]
[2025-01-29 09:39:34,915][gurobipy][INFO] -   Bounds range     [1e+00, 1e+00]
[2025-01-29 09:39:34,915][gurobipy][INFO] -   RHS range        [1e+00, 1e+01]
[2025-01-29 09:39:34,998][gurobipy][INFO] - Found heuristic solution: objective 0.0000000
[2025-01-29 09:39:38,796][gurobipy][INFO] - Presolve removed 56657 rows and 1 columns
[2025-01-29 09:39:38,796][gurobipy][INFO] - Presolve time: 3.80s
[2025-01-29 09:39:38,796][gurobipy][INFO] - Presolved: 259051 rows, 8134 columns, 785243 nonzeros
[2025-01-29 09:39:39,002][gurobipy][INFO] - Variable types: 8096 continuous, 38 integer (38 binary)
[2025-01-29 09:39:39,511][gurobipy][INFO] - Root relaxation presolved: 8134 rows, 267185 columns, 793377 nonzeros
[2025-01-29 09:39:39,512][gurobipy][INFO] - 
[2025-01-29 09:39:39,709][gurobipy][INFO] - 
[2025-01-29 09:39:39,710][gurobipy][INFO] - Root relaxation: objective 1.000000e+00, 158 iterations, 0.69 seconds (0.74 work units)
[2025-01-29 09:39:39,823][gurobipy][INFO] - 
[2025-01-29 09:39:39,824][gurobipy][INFO] -     Nodes    |    Current Node    |     Objective Bounds      |     Work
[2025-01-29 09:39:39,824][gurobipy][INFO] -  Expl Unexpl |  Obj  Depth IntInf | Incumbent    BestBd   Gap | It/Node Time
[2025-01-29 09:39:39,824][gurobipy][INFO] - 
[2025-01-29 09:39:39,824][gurobipy][INFO] -      0     0    1.00000    0    7    0.00000    1.00000      -     -    4s
[2025-01-29 09:39:39,911][gurobipy][INFO] - H    0     0                       0.0020627    1.00000      -     -    5s
[2025-01-29 09:39:41,036][gurobipy][INFO] -      0     0    1.00000    0    7    0.00206    1.00000      -     -    6s
[2025-01-29 09:39:41,779][gurobipy][INFO] - H    0     0                       0.0045467    1.00000      -     -    6s
[2025-01-29 09:39:49,211][gurobipy][INFO] -      0     0    1.00000    0   38    0.00455    1.00000      -     -   14s
[2025-01-29 09:39:52,271][gurobipy][INFO] -      0     0    1.00000    0   29    0.00455    1.00000      -     -   17s
[2025-01-29 09:40:01,197][gurobipy][INFO] -      0     0    1.00000    0   27    0.00455    1.00000      -     -   26s
[2025-01-29 09:40:03,538][gurobipy][INFO] - H    0     0                       0.0076953    1.00000      -     -   28s
[2025-01-29 09:40:04,365][gurobipy][INFO] - H    0     0                       0.0190456    1.00000  5151%     -   29s
[2025-01-29 09:40:21,179][gurobipy][INFO] -      0     0    1.00000    0   34    0.01905    1.00000  5151%     -   46s
[2025-01-29 09:40:34,268][gurobipy][INFO] -      0     0    1.00000    0   34    0.01905    1.00000  5151%     -   59s
[2025-01-29 09:40:38,548][gurobipy][INFO] - H    0     0                       0.0597002    1.00000  1575%     -   63s
[2025-01-29 09:40:43,787][gurobipy][INFO] -      0     0    1.00000    0   34    0.05970    1.00000  1575%     -   68s
[2025-01-29 09:41:01,006][gurobipy][INFO] -      0     0    1.00000    0   34    0.05970    1.00000  1575%     -   86s
[2025-01-29 09:41:02,666][gurobipy][INFO] - H    0     0                       0.0680345    1.00000  1370%     -   87s
[2025-01-29 09:41:10,316][gurobipy][INFO] -      0     0    1.00000    0   33    0.06803    1.00000  1370%     -   95s
[2025-01-29 09:41:19,204][gurobipy][INFO] -      0     0    1.00000    0   33    0.06803    1.00000  1370%     -  104s
[2025-01-29 09:41:23,459][gurobipy][INFO] -      0     0    1.00000    0   14    0.06803    1.00000  1370%     -  108s
[2025-01-29 09:41:29,303][gurobipy][INFO] -      0     0    1.00000    0   13    0.06803    1.00000  1370%     -  114s
[2025-01-29 09:41:42,620][gurobipy][INFO] -      0     0    1.00000    0   13    0.06803    1.00000  1370%     -  127s
[2025-01-29 09:42:08,541][gurobipy][INFO] -      0     2    1.00000    0   13    0.06803    1.00000  1370%     -  153s
[2025-01-29 09:42:11,153][gurobipy][INFO] -      5     2    1.00000    3   15    0.06803    1.00000  1370%   571  156s
[2025-01-29 09:42:15,572][gurobipy][INFO] -     15     3    1.00000    8    9    0.06803    1.00000  1370%   230  160s
[2025-01-29 09:43:27,262][gurobipy][INFO] -     20     6    1.00000   10   20    0.06803    1.00000  1370%  1156  232s
[2025-01-29 09:44:32,460][gurobipy][INFO] -     24    12    0.94118   11   23    0.06803    1.00000  1370%  1576  297s
[2025-01-29 09:44:45,966][gurobipy][INFO] -     30    16    0.93750   12   22    0.06803    0.94118  1283%  2267  311s
[2025-01-29 09:45:02,350][gurobipy][INFO] -     42    22    0.93333   13   21    0.06803    0.93750  1278%  1900  327s
[2025-01-29 09:45:16,557][gurobipy][INFO] -     58    30    0.93094   14   20    0.06803    0.93333  1272%  1634  341s
[2025-01-29 09:45:34,273][gurobipy][INFO] -     80    40    0.92649   15   19    0.06803    0.93079  1268%  1417  359s
[2025-01-29 09:45:41,995][gurobipy][INFO] -    104    54    0.92092   16   18    0.06803    0.92627  1261%  1263  367s
[2025-01-29 09:45:53,773][gurobipy][INFO] -    128    72    0.91462   17   17    0.06803    0.92615  1261%  1115  378s
[2025-01-29 09:45:59,701][gurobipy][INFO] -    156   107 infeasible   17         0.06803    0.92065  1253%   999  384s
[2025-01-29 09:46:01,779][gurobipy][INFO] -    199   125    0.90476   19   15    0.06803    0.91457  1244%   824  386s
[2025-01-29 09:46:08,234][gurobipy][INFO] -    304   173 infeasible   20         0.06803    0.91457  1244%   574  393s
[2025-01-29 09:46:11,109][gurobipy][INFO] -    365   214    0.87150   22   12    0.06803    0.91457  1244%   506  396s
[2025-01-29 09:46:18,431][gurobipy][INFO] -    502   192    0.83065   24   10    0.06803    0.91457  1244%   409  403s
[2025-01-29 09:46:55,310][gurobipy][INFO] -    580   189    0.80344   25    9    0.06803    0.91457  1244%   382  440s
[2025-01-29 09:47:17,821][gurobipy][INFO] -    749   205 infeasible   26         0.06803    0.91457  1244%   346  462s
[2025-01-29 09:47:38,363][gurobipy][INFO] -    856   145 infeasible   27         0.06803    0.91457  1244%   327  483s
[2025-01-29 09:47:38,373][gurobipy][INFO] - *  932   145              32       0.0681528    0.91457  1242%   315  483s
[2025-01-29 09:47:41,746][gurobipy][INFO] -   1003    67 infeasible   28         0.06815    0.91457  1242%   300  486s
[2025-01-29 09:47:50,744][gurobipy][INFO] -   1124    32    0.49750   29    5    0.06815    0.91457  1242%   276  495s
[2025-01-29 09:47:55,048][gurobipy][INFO] -   1189    29    0.32698   30    4    0.06815    0.91457  1242%   279  500s
[2025-01-29 09:48:01,278][gurobipy][INFO] -   1230    20    0.16380   31    3    0.06815    0.91457  1242%   280  506s
[2025-01-29 09:48:05,115][gurobipy][INFO] -   1259    15 infeasible   32         0.06815    0.91457  1242%   282  510s
[2025-01-29 09:48:11,340][gurobipy][INFO] -   1301    12    0.36613   27    7    0.06815    0.91457  1242%   288  516s
[2025-01-29 09:48:18,700][gurobipy][INFO] -   1329     4 infeasible   28         0.06815    0.48241   608%   288  523s
[2025-01-29 09:48:18,706][gurobipy][INFO] - * 1338     4              31       0.0770981    0.48235   526%   292  523s
[2025-01-29 09:48:19,978][gurobipy][INFO] -   1345    10    0.47831   19   15    0.07710    0.48149   525%   292  525s
[2025-01-29 09:48:23,135][gurobipy][INFO] - 
[2025-01-29 09:48:23,135][gurobipy][INFO] - Cutting planes:
[2025-01-29 09:48:23,135][gurobipy][INFO] -   Cover: 2
[2025-01-29 09:48:23,135][gurobipy][INFO] -   MIR: 2
[2025-01-29 09:48:23,153][gurobipy][INFO] - 
[2025-01-29 09:48:23,153][gurobipy][INFO] - Explored 1397 nodes (428218 simplex iterations) in 528.25 seconds (1022.44 work units)
[2025-01-29 09:48:23,153][gurobipy][INFO] - Thread count was 24 (of 48 available processors)
[2025-01-29 09:48:23,153][gurobipy][INFO] - 
[2025-01-29 09:48:23,153][gurobipy][INFO] - Solution count 9: 0.0770981 0.0681528 0.0680345 ... 6.39488e-14
[2025-01-29 09:48:23,153][gurobipy][INFO] - No other solutions better than 0.0770981
[2025-01-29 09:48:23,153][gurobipy][INFO] - 
[2025-01-29 09:48:23,153][gurobipy][INFO] - Optimal solution found (tolerance 1.00e-04)
[2025-01-29 09:48:23,157][gurobipy][INFO] - Best objective 7.709806150814e-02, best bound 7.709806150814e-02, gap 0.0000%
[2025-01-29 09:48:23,694][__main__][INFO] - Finished size 172508 (5/5)
