[2025-01-29 09:38:01,943][gurobipy][INFO] - Set parameter TimeLimit to value 600
[2025-01-29 09:38:01,954][gurobipy][INFO] - Gurobi Optimizer version 11.0.2 build v11.0.2rc0 (linux64)
[2025-01-29 09:38:01,954][gurobipy][INFO] - 
[2025-01-29 09:38:01,966][gurobipy][INFO] - CPU model: AMD EPYC 7543 32-Core Processor, instruction set [SSE2|AVX|AVX2]
[2025-01-29 09:38:01,966][gurobipy][INFO] - Thread count: 64 physical cores, 128 logical processors, using up to 32 threads
[2025-01-29 09:38:01,966][gurobipy][INFO] - 
[2025-01-29 09:38:01,966][gurobipy][INFO] - Optimize a model with 50823 rows, 837 columns and 131674 nonzeros
[2025-01-29 09:38:01,967][gurobipy][INFO] - Model fingerprint: 0x45723eb6
[2025-01-29 09:38:01,967][gurobipy][INFO] - Variable types: 771 continuous, 66 integer (66 binary)
[2025-01-29 09:38:01,967][gurobipy][INFO] - Coefficient statistics:
[2025-01-29 09:38:01,967][gurobipy][INFO] -   Matrix range     [1e-03, 2e+00]
[2025-01-29 09:38:01,967][gurobipy][INFO] -   Objective range  [1e+00, 1e+00]
[2025-01-29 09:38:01,967][gurobipy][INFO] -   Bounds range     [1e+00, 1e+00]
[2025-01-29 09:38:01,967][gurobipy][INFO] -   RHS range        [1e+00, 1e+01]
[2025-01-29 09:38:01,974][gurobipy][INFO] - Found heuristic solution: objective 0.0000000
[2025-01-29 09:38:02,212][gurobipy][INFO] - Presolve removed 18454 rows and 10 columns
[2025-01-29 09:38:02,212][gurobipy][INFO] - Presolve time: 0.24s
[2025-01-29 09:38:02,212][gurobipy][INFO] - Presolved: 32369 rows, 827 columns, 97872 nonzeros
[2025-01-29 09:38:02,232][gurobipy][INFO] - Variable types: 771 continuous, 56 integer (56 binary)
[2025-01-29 09:38:02,261][gurobipy][INFO] - Root relaxation presolved: 827 rows, 33196 columns, 98699 nonzeros
[2025-01-29 09:38:02,261][gurobipy][INFO] - 
[2025-01-29 09:38:02,345][gurobipy][INFO] - 
[2025-01-29 09:38:02,345][gurobipy][INFO] - Root relaxation: objective 1.000000e+00, 1260 iterations, 0.11 seconds (0.34 work units)
[2025-01-29 09:38:02,351][gurobipy][INFO] - 
[2025-01-29 09:38:02,351][gurobipy][INFO] -     Nodes    |    Current Node    |     Objective Bounds      |     Work
[2025-01-29 09:38:02,351][gurobipy][INFO] -  Expl Unexpl |  Obj  Depth IntInf | Incumbent    BestBd   Gap | It/Node Time
[2025-01-29 09:38:02,351][gurobipy][INFO] - 
[2025-01-29 09:38:02,351][gurobipy][INFO] -      0     0    1.00000    0    1    0.00000    1.00000      -     -    0s
[2025-01-29 09:38:02,362][gurobipy][INFO] - H    0     0                       0.0101687    1.00000  9734%     -    0s
[2025-01-29 09:38:02,378][gurobipy][INFO] - H    0     0                       0.0272449    1.00000  3570%     -    0s
[2025-01-29 09:38:02,502][gurobipy][INFO] - H    0     0                       0.0272449    1.00000  3570%     -    0s
[2025-01-29 09:38:02,534][gurobipy][INFO] -      0     0    1.00000    0   26    0.02724    1.00000  3570%     -    0s
[2025-01-29 09:38:02,555][gurobipy][INFO] -      0     0    1.00000    0   21    0.02724    1.00000  3570%     -    0s
[2025-01-29 09:38:02,587][gurobipy][INFO] -      0     0    1.00000    0   20    0.02724    1.00000  3570%     -    0s
[2025-01-29 09:38:02,666][gurobipy][INFO] - H    0     0                       0.0741311    1.00000  1249%     -    0s
[2025-01-29 09:38:03,283][gurobipy][INFO] -      0     0    1.00000    0   29    0.07413    1.00000  1249%     -    1s
[2025-01-29 09:38:03,322][gurobipy][INFO] -      0     0    1.00000    0   29    0.07413    1.00000  1249%     -    1s
[2025-01-29 09:38:05,290][gurobipy][INFO] - H    0     0                       0.0954671    0.96428   910%     -    3s
[2025-01-29 09:38:05,291][gurobipy][INFO] - H    0     0                       0.2211015    0.96428   336%     -    3s
[2025-01-29 09:38:05,297][gurobipy][INFO] -      0     0    0.96428    0    3    0.22110    0.96428   336%     -    3s
[2025-01-29 09:38:05,491][gurobipy][INFO] -      0     0    0.96428    0   22    0.22110    0.96428   336%     -    3s
[2025-01-29 09:38:05,518][gurobipy][INFO] -      0     0    0.96428    0   20    0.22110    0.96428   336%     -    3s
[2025-01-29 09:38:05,525][gurobipy][INFO] -      0     0    0.96428    0   19    0.22110    0.96428   336%     -    3s
[2025-01-29 09:38:06,407][gurobipy][INFO] - H    0     0                       0.3382895    0.95999   184%     -    4s
[2025-01-29 09:38:07,071][gurobipy][INFO] - H    0     0                       0.3402408    0.95194   180%     -    5s
[2025-01-29 09:38:07,071][gurobipy][INFO] -      0     0    0.34024    0    3    0.34024    0.34024  0.00%     -    5s
[2025-01-29 09:38:07,072][gurobipy][INFO] - 
[2025-01-29 09:38:07,072][gurobipy][INFO] - Cutting planes:
[2025-01-29 09:38:07,072][gurobipy][INFO] -   Implied bound: 2
[2025-01-29 09:38:07,072][gurobipy][INFO] -   MIR: 8
[2025-01-29 09:38:07,072][gurobipy][INFO] -   RLT: 2
[2025-01-29 09:38:07,073][gurobipy][INFO] - 
[2025-01-29 09:38:07,073][gurobipy][INFO] - Explored 1 nodes (12512 simplex iterations) in 5.11 seconds (10.75 work units)
[2025-01-29 09:38:07,073][gurobipy][INFO] - Thread count was 32 (of 128 available processors)
[2025-01-29 09:38:07,073][gurobipy][INFO] - 
[2025-01-29 09:38:07,073][gurobipy][INFO] - Solution count 8: 0.340241 0.338289 0.221102 ... 8.43769e-15
[2025-01-29 09:38:07,073][gurobipy][INFO] - No other solutions better than 0.340241
[2025-01-29 09:38:07,073][gurobipy][INFO] - 
[2025-01-29 09:38:07,073][gurobipy][INFO] - Optimal solution found (tolerance 1.00e-04)
[2025-01-29 09:38:07,073][gurobipy][INFO] - Best objective 3.402407519376e-01, best bound 3.402407519376e-01, gap 0.0000%
[2025-01-29 09:38:07,102][__main__][INFO] - Finished size 1000 (1/5)
[2025-01-29 09:38:14,695][gurobipy][INFO] - Set parameter TimeLimit to value 600
[2025-01-29 09:38:14,714][gurobipy][INFO] - Gurobi Optimizer version 11.0.2 build v11.0.2rc0 (linux64)
[2025-01-29 09:38:14,714][gurobipy][INFO] - 
[2025-01-29 09:38:14,726][gurobipy][INFO] - CPU model: AMD EPYC 7543 32-Core Processor, instruction set [SSE2|AVX|AVX2]
[2025-01-29 09:38:14,726][gurobipy][INFO] - Thread count: 64 physical cores, 128 logical processors, using up to 32 threads
[2025-01-29 09:38:14,726][gurobipy][INFO] - 
[2025-01-29 09:38:14,726][gurobipy][INFO] - Optimize a model with 94119 rows, 1493 columns and 243850 nonzeros
[2025-01-29 09:38:14,728][gurobipy][INFO] - Model fingerprint: 0x283e7488
[2025-01-29 09:38:14,728][gurobipy][INFO] - Variable types: 1427 continuous, 66 integer (66 binary)
[2025-01-29 09:38:14,728][gurobipy][INFO] - Coefficient statistics:
[2025-01-29 09:38:14,728][gurobipy][INFO] -   Matrix range     [7e-04, 2e+00]
[2025-01-29 09:38:14,728][gurobipy][INFO] -   Objective range  [1e+00, 1e+00]
[2025-01-29 09:38:14,728][gurobipy][INFO] -   Bounds range     [1e+00, 1e+00]
[2025-01-29 09:38:14,728][gurobipy][INFO] -   RHS range        [1e+00, 1e+01]
[2025-01-29 09:38:14,741][gurobipy][INFO] - Found heuristic solution: objective -0.0000000
[2025-01-29 09:38:15,173][gurobipy][INFO] - Presolve removed 31342 rows and 8 columns
[2025-01-29 09:38:15,174][gurobipy][INFO] - Presolve time: 0.43s
[2025-01-29 09:38:15,174][gurobipy][INFO] - Presolved: 62777 rows, 1485 columns, 189752 nonzeros
[2025-01-29 09:38:15,214][gurobipy][INFO] - Variable types: 1427 continuous, 58 integer (58 binary)
[2025-01-29 09:38:15,273][gurobipy][INFO] - Root relaxation presolved: 1485 rows, 64262 columns, 191237 nonzeros
[2025-01-29 09:38:15,273][gurobipy][INFO] - 
[2025-01-29 09:38:15,333][gurobipy][INFO] - 
[2025-01-29 09:38:15,333][gurobipy][INFO] - Root relaxation: objective 1.000000e+00, 1421 iterations, 0.12 seconds (0.31 work units)
[2025-01-29 09:38:15,350][gurobipy][INFO] - 
[2025-01-29 09:38:15,350][gurobipy][INFO] -     Nodes    |    Current Node    |     Objective Bounds      |     Work
[2025-01-29 09:38:15,350][gurobipy][INFO] -  Expl Unexpl |  Obj  Depth IntInf | Incumbent    BestBd   Gap | It/Node Time
[2025-01-29 09:38:15,350][gurobipy][INFO] - 
[2025-01-29 09:38:15,350][gurobipy][INFO] -      0     0    1.00000    0    4   -0.00000    1.00000      -     -    0s
[2025-01-29 09:38:15,361][gurobipy][INFO] - H    0     0                       0.0021120    1.00000      -     -    0s
[2025-01-29 09:38:15,387][gurobipy][INFO] - H    0     0                       0.0028079    1.00000      -     -    0s
[2025-01-29 09:38:15,400][gurobipy][INFO] - H    0     0                       0.0035038    1.00000      -     -    0s
[2025-01-29 09:38:16,970][gurobipy][INFO] - H    0     0                       0.0035038    1.00000      -     -    2s
[2025-01-29 09:38:16,971][gurobipy][INFO] - H    0     0                       0.0279621    1.00000  3476%     -    2s
[2025-01-29 09:38:17,110][gurobipy][INFO] -      0     0    1.00000    0   58    0.02796    1.00000  3476%     -    2s
[2025-01-29 09:38:17,474][gurobipy][INFO] -      0     0    1.00000    0   46    0.02796    1.00000  3476%     -    2s
[2025-01-29 09:38:17,617][gurobipy][INFO] - H    0     0                       0.0412862    1.00000  2322%     -    2s
[2025-01-29 09:38:23,117][gurobipy][INFO] - H    0     0                       0.0604310    1.00000  1555%     -    8s
[2025-01-29 09:38:24,032][gurobipy][INFO] - H    0     0                       0.2937723    0.97297   231%     -    9s
[2025-01-29 09:38:27,306][gurobipy][INFO] -      0     0    0.97297    0   30    0.29377    0.97297   231%     -   12s
[2025-01-29 09:38:27,606][gurobipy][INFO] - H    0     0                       0.3242478    0.97297   200%     -   12s
[2025-01-29 09:38:27,655][gurobipy][INFO] - H    0     0                       0.3277467    0.97297   197%     -   12s
[2025-01-29 09:38:30,151][gurobipy][INFO] -      0     0    0.94670    0   42    0.32775    0.94670   189%     -   15s
[2025-01-29 09:38:34,859][gurobipy][INFO] - H    0     0                       0.3310172    0.93883   184%     -   20s
[2025-01-29 09:38:38,409][gurobipy][INFO] -      0     0    0.33102    0    2    0.33102    0.33102  0.00%     -   23s
[2025-01-29 09:38:38,411][gurobipy][INFO] - 
[2025-01-29 09:38:38,411][gurobipy][INFO] - Cutting planes:
[2025-01-29 09:38:38,411][gurobipy][INFO] -   Implied bound: 1
[2025-01-29 09:38:38,411][gurobipy][INFO] -   MIR: 17
[2025-01-29 09:38:38,411][gurobipy][INFO] -   RLT: 4
[2025-01-29 09:38:38,413][gurobipy][INFO] - 
[2025-01-29 09:38:38,413][gurobipy][INFO] - Explored 1 nodes (25848 simplex iterations) in 23.69 seconds (47.51 work units)
[2025-01-29 09:38:38,413][gurobipy][INFO] - Thread count was 32 (of 128 available processors)
[2025-01-29 09:38:38,413][gurobipy][INFO] - 
[2025-01-29 09:38:38,413][gurobipy][INFO] - Solution count 10: 0.331017 0.327747 0.324248 ... 0.00280787
[2025-01-29 09:38:38,413][gurobipy][INFO] - No other solutions better than 0.331017
[2025-01-29 09:38:38,413][gurobipy][INFO] - 
[2025-01-29 09:38:38,413][gurobipy][INFO] - Optimal solution found (tolerance 1.00e-04)
[2025-01-29 09:38:38,414][gurobipy][INFO] - Best objective 3.310172496239e-01, best bound 3.310172496239e-01, gap 0.0000%
[2025-01-29 09:38:38,481][__main__][INFO] - Finished size 2153 (2/5)
[2025-01-29 09:38:52,104][gurobipy][INFO] - Set parameter TimeLimit to value 600
[2025-01-29 09:38:52,138][gurobipy][INFO] - Gurobi Optimizer version 11.0.2 build v11.0.2rc0 (linux64)
[2025-01-29 09:38:52,138][gurobipy][INFO] - 
[2025-01-29 09:38:52,150][gurobipy][INFO] - CPU model: AMD EPYC 7543 32-Core Processor, instruction set [SSE2|AVX|AVX2]
[2025-01-29 09:38:52,150][gurobipy][INFO] - Thread count: 64 physical cores, 128 logical processors, using up to 32 threads
[2025-01-29 09:38:52,150][gurobipy][INFO] - 
[2025-01-29 09:38:52,150][gurobipy][INFO] - Optimize a model with 163749 rows, 2548 columns and 424255 nonzeros
[2025-01-29 09:38:52,153][gurobipy][INFO] - Model fingerprint: 0x8e2a28f7
[2025-01-29 09:38:52,153][gurobipy][INFO] - Variable types: 2482 continuous, 66 integer (66 binary)
[2025-01-29 09:38:52,154][gurobipy][INFO] - Coefficient statistics:
[2025-01-29 09:38:52,154][gurobipy][INFO] -   Matrix range     [3e-04, 2e+00]
[2025-01-29 09:38:52,154][gurobipy][INFO] -   Objective range  [1e+00, 1e+00]
[2025-01-29 09:38:52,154][gurobipy][INFO] -   Bounds range     [1e+00, 1e+00]
[2025-01-29 09:38:52,154][gurobipy][INFO] -   RHS range        [1e+00, 1e+01]
[2025-01-29 09:38:52,177][gurobipy][INFO] - Found heuristic solution: objective -0.0000000
[2025-01-29 09:38:52,943][gurobipy][INFO] - Presolve removed 52078 rows and 7 columns
[2025-01-29 09:38:52,943][gurobipy][INFO] - Presolve time: 0.77s
[2025-01-29 09:38:52,943][gurobipy][INFO] - Presolved: 111671 rows, 2541 columns, 337489 nonzeros
[2025-01-29 09:38:53,016][gurobipy][INFO] - Variable types: 2482 continuous, 59 integer (59 binary)
[2025-01-29 09:38:53,128][gurobipy][INFO] - Root relaxation presolved: 2541 rows, 114212 columns, 340030 nonzeros
[2025-01-29 09:38:53,128][gurobipy][INFO] - 
[2025-01-29 09:38:53,190][gurobipy][INFO] - 
[2025-01-29 09:38:53,190][gurobipy][INFO] - Root relaxation: objective 1.000000e+00, 290 iterations, 0.17 seconds (0.35 work units)
[2025-01-29 09:38:55,304][gurobipy][INFO] - 
[2025-01-29 09:38:55,304][gurobipy][INFO] -     Nodes    |    Current Node    |     Objective Bounds      |     Work
[2025-01-29 09:38:55,304][gurobipy][INFO] -  Expl Unexpl |  Obj  Depth IntInf | Incumbent    BestBd   Gap | It/Node Time
[2025-01-29 09:38:55,304][gurobipy][INFO] - 
[2025-01-29 09:38:55,305][gurobipy][INFO] -      0     0    1.00000    0    1   -0.00000    1.00000      -     -    3s
[2025-01-29 09:38:55,309][gurobipy][INFO] - H    0     0                       0.0059688    1.00000      -     -    3s
[2025-01-29 09:38:55,389][gurobipy][INFO] - H    0     0                       0.0093381    1.00000      -     -    3s
[2025-01-29 09:38:56,291][gurobipy][INFO] -      0     0    1.00000    0   13    0.00934    1.00000      -     -    4s
[2025-01-29 09:38:56,607][gurobipy][INFO] - H    0     0                       0.0105967    1.00000  9337%     -    4s
[2025-01-29 09:38:57,243][gurobipy][INFO] - H    0     0                       0.0315376    1.00000  3071%     -    5s
[2025-01-29 09:39:03,047][gurobipy][INFO] -      0     0    1.00000    0   40    0.03154    1.00000  3071%     -   10s
[2025-01-29 09:39:03,407][gurobipy][INFO] -      0     0    1.00000    0   33    0.03154    1.00000  3071%     -   11s
[2025-01-29 09:39:03,940][gurobipy][INFO] - H    0     0                       0.0485004    1.00000  1962%     -   11s
[2025-01-29 09:39:13,476][gurobipy][INFO] -      0     0    1.00000    0   46    0.04850    1.00000  1962%     -   21s
[2025-01-29 09:39:13,880][gurobipy][INFO] -      0     0    1.00000    0   43    0.04850    1.00000  1962%     -   21s
[2025-01-29 09:39:24,771][gurobipy][INFO] -      0     0    1.00000    0   41    0.04850    1.00000  1962%     -   32s
[2025-01-29 09:39:26,043][gurobipy][INFO] -      0     0    1.00000    0   41    0.04850    1.00000  1962%     -   33s
[2025-01-29 09:39:31,300][gurobipy][INFO] -      0     0    1.00000    0   35    0.04850    1.00000  1962%     -   39s
[2025-01-29 09:39:33,090][gurobipy][INFO] -      0     0    1.00000    0   37    0.04850    1.00000  1962%     -   40s
[2025-01-29 09:39:39,813][gurobipy][INFO] -      0     0    1.00000    0   37    0.04850    1.00000  1962%     -   47s
[2025-01-29 09:39:45,016][gurobipy][INFO] -      0     0    1.00000    0   37    0.04850    1.00000  1962%     -   52s
[2025-01-29 09:39:46,467][gurobipy][INFO] - H    0     0                       0.1545173    1.00000   547%     -   54s
[2025-01-29 09:39:47,648][gurobipy][INFO] - H    0     0                       0.1567512    1.00000   538%     -   55s
[2025-01-29 09:39:56,527][gurobipy][INFO] - H    0     0                       0.3285199    1.00000   204%     -   64s
[2025-01-29 09:40:05,108][gurobipy][INFO] -      0     2    1.00000    0   37    0.32852    1.00000   204%     -   72s
[2025-01-29 09:40:07,951][gurobipy][INFO] -      5     2    1.00000    3   34    0.32852    1.00000   204%   784   75s
[2025-01-29 09:40:12,218][gurobipy][INFO] -     13     2    1.00000    7   27    0.32852    1.00000   204%   599   80s
[2025-01-29 09:40:18,487][gurobipy][INFO] -     21     2    1.00000   11   28    0.32852    1.00000   204%   670   86s
[2025-01-29 09:40:22,870][gurobipy][INFO] -     35     2    1.00000   18   16    0.32852    1.00000   204%   525   90s
[2025-01-29 09:40:27,542][gurobipy][INFO] -     53     2    1.00000   27   10    0.32852    1.00000   204%   546   95s
[2025-01-29 09:40:34,837][gurobipy][INFO] -     63     6    0.99464   31   13    0.32852    1.00000   204%   787  102s
[2025-01-29 09:40:37,472][gurobipy][INFO] -     75     2 infeasible   33         0.32852    0.99298   202%   937  105s
[2025-01-29 09:40:38,258][gurobipy][INFO] - 
[2025-01-29 09:40:38,259][gurobipy][INFO] - Cutting planes:
[2025-01-29 09:40:38,259][gurobipy][INFO] -   Implied bound: 3
[2025-01-29 09:40:38,259][gurobipy][INFO] -   MIR: 19
[2025-01-29 09:40:38,268][gurobipy][INFO] - 
[2025-01-29 09:40:38,268][gurobipy][INFO] - Explored 87 nodes (119709 simplex iterations) in 106.11 seconds (310.21 work units)
[2025-01-29 09:40:38,268][gurobipy][INFO] - Thread count was 32 (of 128 available processors)
[2025-01-29 09:40:38,269][gurobipy][INFO] - 
[2025-01-29 09:40:38,269][gurobipy][INFO] - Solution count 9: 0.32852 0.156751 0.154517 ... -0
[2025-01-29 09:40:38,269][gurobipy][INFO] - No other solutions better than 0.32852
[2025-01-29 09:40:38,269][gurobipy][INFO] - 
[2025-01-29 09:40:38,269][gurobipy][INFO] - Optimal solution found (tolerance 1.00e-04)
[2025-01-29 09:40:38,272][gurobipy][INFO] - Best objective 3.285198834155e-01, best bound 3.285198834155e-01, gap 0.0000%
[2025-01-29 09:40:38,391][__main__][INFO] - Finished size 4632 (3/5)
[2025-01-29 09:41:00,249][gurobipy][INFO] - Set parameter TimeLimit to value 600
[2025-01-29 09:41:00,304][gurobipy][INFO] - Gurobi Optimizer version 11.0.2 build v11.0.2rc0 (linux64)
[2025-01-29 09:41:00,304][gurobipy][INFO] - 
[2025-01-29 09:41:00,316][gurobipy][INFO] - CPU model: AMD EPYC 7543 32-Core Processor, instruction set [SSE2|AVX|AVX2]
[2025-01-29 09:41:00,316][gurobipy][INFO] - Thread count: 64 physical cores, 128 logical processors, using up to 32 threads
[2025-01-29 09:41:00,316][gurobipy][INFO] - 
[2025-01-29 09:41:00,316][gurobipy][INFO] - Optimize a model with 268887 rows, 4141 columns and 696658 nonzeros
[2025-01-29 09:41:00,322][gurobipy][INFO] - Model fingerprint: 0x7ed24c89
[2025-01-29 09:41:00,322][gurobipy][INFO] - Variable types: 4075 continuous, 66 integer (66 binary)
[2025-01-29 09:41:00,322][gurobipy][INFO] - Coefficient statistics:
[2025-01-29 09:41:00,322][gurobipy][INFO] -   Matrix range     [1e-04, 2e+00]
[2025-01-29 09:41:00,322][gurobipy][INFO] -   Objective range  [1e+00, 1e+00]
[2025-01-29 09:41:00,322][gurobipy][INFO] -   Bounds range     [1e+00, 1e+00]
[2025-01-29 09:41:00,322][gurobipy][INFO] -   RHS range        [1e+00, 1e+01]
[2025-01-29 09:41:00,362][gurobipy][INFO] - Found heuristic solution: objective 0.0000000
[2025-01-29 09:41:01,676][gurobipy][INFO] - Presolve removed 73320 rows and 4 columns
[2025-01-29 09:41:01,676][gurobipy][INFO] - Presolve time: 1.31s
[2025-01-29 09:41:01,676][gurobipy][INFO] - Presolved: 195567 rows, 4137 columns, 590770 nonzeros
[2025-01-29 09:41:01,803][gurobipy][INFO] - Variable types: 4075 continuous, 62 integer (62 binary)
[2025-01-29 09:41:02,001][gurobipy][INFO] - Root relaxation presolved: 4137 rows, 199704 columns, 594907 nonzeros
[2025-01-29 09:41:02,001][gurobipy][INFO] - 
[2025-01-29 09:41:02,067][gurobipy][INFO] - 
[2025-01-29 09:41:02,067][gurobipy][INFO] - Root relaxation: objective 1.000000e+00, 187 iterations, 0.26 seconds (0.49 work units)
[2025-01-29 09:41:02,080][gurobipy][INFO] - 
[2025-01-29 09:41:02,080][gurobipy][INFO] -     Nodes    |    Current Node    |     Objective Bounds      |     Work
[2025-01-29 09:41:02,080][gurobipy][INFO] -  Expl Unexpl |  Obj  Depth IntInf | Incumbent    BestBd   Gap | It/Node Time
[2025-01-29 09:41:02,080][gurobipy][INFO] - 
[2025-01-29 09:41:02,080][gurobipy][INFO] -      0     0    1.00000    0    1    0.00000    1.00000      -     -    1s
[2025-01-29 09:41:02,160][gurobipy][INFO] - H    0     0                       0.0094332    1.00000      -     -    1s
[2025-01-29 09:41:02,250][gurobipy][INFO] - H    0     0                       0.0134343    1.00000  7344%     -    1s
[2025-01-29 09:41:02,313][gurobipy][INFO] - H    0     0                       0.0342152    1.00000  2823%     -    1s
[2025-01-29 09:41:02,627][gurobipy][INFO] -      0     0    1.00000    0    2    0.03422    1.00000  2823%     -    2s
[2025-01-29 09:41:03,283][gurobipy][INFO] -      0     0    1.00000    0    3    0.03422    1.00000  2823%     -    2s
[2025-01-29 09:41:03,606][gurobipy][INFO] -      0     0    1.00000    0    2    0.03422    1.00000  2823%     -    3s
[2025-01-29 09:41:03,892][gurobipy][INFO] -      0     0    1.00000    0    3    0.03422    1.00000  2823%     -    3s
[2025-01-29 09:41:04,307][gurobipy][INFO] -      0     0    1.00000    0    6    0.03422    1.00000  2823%     -    3s
[2025-01-29 09:41:15,520][gurobipy][INFO] -      0     0    1.00000    0   61    0.03422    1.00000  2823%     -   15s
[2025-01-29 09:41:18,189][gurobipy][INFO] -      0     0    1.00000    0   43    0.03422    1.00000  2823%     -   17s
[2025-01-29 09:41:19,065][gurobipy][INFO] -      0     0    1.00000    0   43    0.03422    1.00000  2823%     -   18s
[2025-01-29 09:41:22,165][gurobipy][INFO] -      0     0    1.00000    0    2    0.03422    1.00000  2823%     -   21s
[2025-01-29 09:41:23,279][gurobipy][INFO] -      0     0    1.00000    0    3    0.03422    1.00000  2823%     -   22s
[2025-01-29 09:41:24,321][gurobipy][INFO] -      0     0    1.00000    0    4    0.03422    1.00000  2823%     -   24s
[2025-01-29 09:41:24,497][gurobipy][INFO] -      0     0    1.00000    0    4    0.03422    1.00000  2823%     -   24s
[2025-01-29 09:41:25,511][gurobipy][INFO] -      0     0    1.00000    0    4    0.03422    1.00000  2823%     -   25s
[2025-01-29 09:41:25,703][gurobipy][INFO] -      0     0    1.00000    0    5    0.03422    1.00000  2823%     -   25s
[2025-01-29 09:41:31,364][gurobipy][INFO] -      0     0    1.00000    0   40    0.03422    1.00000  2823%     -   31s
[2025-01-29 09:41:42,416][gurobipy][INFO] -      0     0    1.00000    0   39    0.03422    1.00000  2823%     -   42s
[2025-01-29 09:41:42,869][gurobipy][INFO] -      0     0    1.00000    0   39    0.03422    1.00000  2823%     -   42s
[2025-01-29 09:41:51,542][gurobipy][INFO] -      0     0    1.00000    0   37    0.03422    1.00000  2823%     -   51s
[2025-01-29 09:41:51,881][gurobipy][INFO] - H    0     0                       0.2707239    1.00000   269%     -   51s
[2025-01-29 09:41:51,918][gurobipy][INFO] - H    0     0                       0.3101573    1.00000   222%     -   51s
[2025-01-29 09:41:52,106][gurobipy][INFO] -      0     0    1.00000    0   37    0.31016    1.00000   222%     -   51s
[2025-01-29 09:41:58,536][gurobipy][INFO] -      0     0    1.00000    0   33    0.31016    1.00000   222%     -   58s
[2025-01-29 09:42:03,868][gurobipy][INFO] -      0     0    1.00000    0   33    0.31016    1.00000   222%     -   63s
[2025-01-29 09:42:15,874][gurobipy][INFO] - H    0     2                       0.3157110    1.00000   217%     -   75s
[2025-01-29 09:42:15,874][gurobipy][INFO] -      0     2    1.00000    0   33    0.31571    1.00000   217%     -   75s
[2025-01-29 09:42:20,805][gurobipy][INFO] -     33     4    1.00000   17   12    0.31571    1.00000   217%   228   80s
[2025-01-29 09:42:28,789][gurobipy][INFO] -     89    12    0.73262   28   10    0.31571    1.00000   217%   257   88s
[2025-01-29 09:42:32,862][gurobipy][INFO] -    107    20    0.62883   30    9    0.31571    1.00000   217%   480   92s
[2025-01-29 09:42:32,867][gurobipy][INFO] - *  124    20              30       0.3288805    0.65355  98.7%   625   92s
[2025-01-29 09:42:34,525][gurobipy][INFO] - H  125    12                       0.3299226    0.65355  98.1%   620   94s
[2025-01-29 09:42:35,807][gurobipy][INFO] -    144    18    0.49000   32   10    0.32992    0.58809  78.3%   577   95s
[2025-01-29 09:42:39,235][gurobipy][INFO] - 
[2025-01-29 09:42:39,235][gurobipy][INFO] - Cutting planes:
[2025-01-29 09:42:39,235][gurobipy][INFO] -   Cover: 1
[2025-01-29 09:42:39,235][gurobipy][INFO] -   Implied bound: 1
[2025-01-29 09:42:39,235][gurobipy][INFO] -   MIR: 22
[2025-01-29 09:42:39,251][gurobipy][INFO] - 
[2025-01-29 09:42:39,251][gurobipy][INFO] - Explored 190 nodes (143763 simplex iterations) in 98.94 seconds (231.20 work units)
[2025-01-29 09:42:39,251][gurobipy][INFO] - Thread count was 32 (of 128 available processors)
[2025-01-29 09:42:39,251][gurobipy][INFO] - 
[2025-01-29 09:42:39,251][gurobipy][INFO] - Solution count 9: 0.329923 0.32888 0.315711 ... 1.26121e-13
[2025-01-29 09:42:39,251][gurobipy][INFO] - No other solutions better than 0.329923
[2025-01-29 09:42:39,251][gurobipy][INFO] - 
[2025-01-29 09:42:39,251][gurobipy][INFO] - Optimal solution found (tolerance 1.00e-04)
[2025-01-29 09:42:39,253][gurobipy][INFO] - Best objective 3.299226032626e-01, best bound 3.299226032626e-01, gap 0.0000%
[2025-01-29 09:42:39,482][__main__][INFO] - Finished size 9968 (4/5)
[2025-01-29 09:43:14,865][gurobipy][INFO] - Set parameter TimeLimit to value 600
[2025-01-29 09:43:14,953][gurobipy][INFO] - Gurobi Optimizer version 11.0.2 build v11.0.2rc0 (linux64)
[2025-01-29 09:43:14,953][gurobipy][INFO] - 
[2025-01-29 09:43:14,965][gurobipy][INFO] - CPU model: AMD EPYC 7543 32-Core Processor, instruction set [SSE2|AVX|AVX2]
[2025-01-29 09:43:14,965][gurobipy][INFO] - Thread count: 64 physical cores, 128 logical processors, using up to 32 threads
[2025-01-29 09:43:14,965][gurobipy][INFO] - 
[2025-01-29 09:43:14,965][gurobipy][INFO] - Optimize a model with 424977 rows, 6506 columns and 1101073 nonzeros
[2025-01-29 09:43:14,974][gurobipy][INFO] - Model fingerprint: 0x43088ea8
[2025-01-29 09:43:14,974][gurobipy][INFO] - Variable types: 6440 continuous, 66 integer (66 binary)
[2025-01-29 09:43:14,975][gurobipy][INFO] - Coefficient statistics:
[2025-01-29 09:43:14,975][gurobipy][INFO] -   Matrix range     [7e-05, 2e+00]
[2025-01-29 09:43:14,975][gurobipy][INFO] -   Objective range  [1e+00, 1e+00]
[2025-01-29 09:43:14,975][gurobipy][INFO] -   Bounds range     [1e+00, 1e+00]
[2025-01-29 09:43:14,975][gurobipy][INFO] -   RHS range        [1e+00, 1e+01]
[2025-01-29 09:43:15,036][gurobipy][INFO] - Found heuristic solution: objective 0.0000000
[2025-01-29 09:43:17,336][gurobipy][INFO] - Presolve removed 109453 rows and 3 columns
[2025-01-29 09:43:17,336][gurobipy][INFO] - Presolve time: 2.30s
[2025-01-29 09:43:17,336][gurobipy][INFO] - Presolved: 315524 rows, 6503 columns, 953006 nonzeros
[2025-01-29 09:43:17,539][gurobipy][INFO] - Variable types: 6440 continuous, 63 integer (63 binary)
[2025-01-29 09:43:17,881][gurobipy][INFO] - Root relaxation presolved: 6503 rows, 322027 columns, 959509 nonzeros
[2025-01-29 09:43:17,881][gurobipy][INFO] - 
[2025-01-29 09:43:18,180][gurobipy][INFO] - 
[2025-01-29 09:43:18,180][gurobipy][INFO] - Root relaxation: objective 1.000000e+00, 873 iterations, 0.63 seconds (1.50 work units)
[2025-01-29 09:43:18,241][gurobipy][INFO] - 
[2025-01-29 09:43:18,241][gurobipy][INFO] -     Nodes    |    Current Node    |     Objective Bounds      |     Work
[2025-01-29 09:43:18,241][gurobipy][INFO] -  Expl Unexpl |  Obj  Depth IntInf | Incumbent    BestBd   Gap | It/Node Time
[2025-01-29 09:43:18,241][gurobipy][INFO] - 
[2025-01-29 09:43:18,241][gurobipy][INFO] -      0     0    1.00000    0    7    0.00000    1.00000      -     -    3s
[2025-01-29 09:43:18,299][gurobipy][INFO] - H    0     0                       0.0036811    1.00000      -     -    3s
[2025-01-29 09:43:18,463][gurobipy][INFO] - H    0     0                       0.0091144    1.00000      -     -    3s
[2025-01-29 09:43:19,607][gurobipy][INFO] -      0     0    1.00000    0    6    0.00911    1.00000      -     -    4s
[2025-01-29 09:43:20,231][gurobipy][INFO] - H    0     0                       0.0318945    1.00000  3035%     -    5s
[2025-01-29 09:43:35,079][gurobipy][INFO] -      0     0    1.00000    0   63    0.03189    1.00000  3035%     -   20s
[2025-01-29 09:43:37,131][gurobipy][INFO] -      0     0    1.00000    0   48    0.03189    1.00000  3035%     -   22s
[2025-01-29 09:43:46,356][gurobipy][INFO] -      0     0    1.00000    0    1    0.03189    1.00000  3035%     -   31s
[2025-01-29 09:43:46,553][gurobipy][INFO] - H    0     0                       0.0371347    1.00000  2593%     -   31s
[2025-01-29 09:43:47,041][gurobipy][INFO] -      0     0    1.00000    0    6    0.03713    1.00000  2593%     -   32s
[2025-01-29 09:43:47,323][gurobipy][INFO] - H    0     0                       0.0405604    1.00000  2365%     -   32s
[2025-01-29 09:43:47,371][gurobipy][INFO] -      0     0    1.00000    0    6    0.04056    1.00000  2365%     -   32s
[2025-01-29 09:43:47,945][gurobipy][INFO] -      0     0    1.00000    0    6    0.04056    1.00000  2365%     -   32s
[2025-01-29 09:43:55,070][gurobipy][INFO] -      0     0    1.00000    0   44    0.04056    1.00000  2365%     -   40s
[2025-01-29 09:44:07,632][gurobipy][INFO] -      0     0    1.00000    0   43    0.04056    1.00000  2365%     -   52s
[2025-01-29 09:44:08,842][gurobipy][INFO] - H    0     0                       0.0468683    1.00000  2034%     -   53s
[2025-01-29 09:44:09,111][gurobipy][INFO] -      0     0    1.00000    0   43    0.04687    1.00000  2034%     -   54s
[2025-01-29 09:44:19,559][gurobipy][INFO] -      0     0    1.00000    0   40    0.04687    1.00000  2034%     -   64s
[2025-01-29 09:44:20,811][gurobipy][INFO] - H    0     0                       0.3140782    1.00000   218%     -   65s
[2025-01-29 09:44:30,963][gurobipy][INFO] -      0     0    1.00000    0   40    0.31408    1.00000   218%     -   75s
[2025-01-29 09:44:38,960][gurobipy][INFO] -      0     0    1.00000    0   38    0.31408    1.00000   218%     -   83s
[2025-01-29 09:44:43,510][gurobipy][INFO] -      0     0    1.00000    0   31    0.31408    1.00000   218%     -   88s
[2025-01-29 09:44:47,645][gurobipy][INFO] -      0     0    1.00000    0   31    0.31408    1.00000   218%     -   92s
[2025-01-29 09:44:54,210][gurobipy][INFO] -      0     0    1.00000    0   31    0.31408    1.00000   218%     -   99s
[2025-01-29 09:45:12,860][gurobipy][INFO] -      0     2    1.00000    0   31    0.31408    1.00000   218%     -  117s
[2025-01-29 09:45:15,817][gurobipy][INFO] -      3     2    1.00000    2   29    0.31408    1.00000   218%   953  120s
[2025-01-29 09:45:21,225][gurobipy][INFO] -      9     2    1.00000    5   27    0.31408    1.00000   218%   523  126s
[2025-01-29 09:45:25,179][gurobipy][INFO] -     13     2    1.00000    7   23    0.31408    1.00000   218%   487  130s
[2025-01-29 09:45:50,202][gurobipy][INFO] -     23     4    0.93750   12   24    0.31408    1.00000   218%   739  155s
[2025-01-29 09:45:59,864][gurobipy][INFO] - H   29     6                       0.3172651    0.93332   194%   889  164s
[2025-01-29 09:46:02,033][gurobipy][INFO] -     33     6    0.92308   15   20    0.31727    0.92854   193%  1107  167s
[2025-01-29 09:46:02,038][gurobipy][INFO] - *   38     6              15       0.3298052    0.92308   180%   975  167s
[2025-01-29 09:46:05,879][gurobipy][INFO] -     39     4    0.91667   16   19    0.32981    0.92304   180%   976  170s
[2025-01-29 09:46:05,884][gurobipy][INFO] - *   44     4              16       0.3299191    0.91667   178%   881  170s
[2025-01-29 09:46:10,293][gurobipy][INFO] -     49     4    0.90000   18   16    0.32992    0.90907   176%   836  175s
[2025-01-29 09:46:16,197][gurobipy][INFO] -     61     4    0.86484   21   16    0.32992    0.88130   167%   725  181s
[2025-01-29 09:46:21,487][gurobipy][INFO] -     69     6    0.82443   23   14    0.32992    0.85336   159%   686  186s
[2025-01-29 09:46:25,803][gurobipy][INFO] -     79     4    0.76485   25   13    0.32992    0.80926   145%   682  190s
[2025-01-29 09:46:31,617][gurobipy][INFO] -     87     4    0.62980   27   10    0.32992    0.72990   121%   691  196s
[2025-01-29 09:46:37,849][gurobipy][INFO] -     95     4    0.42593   29   13    0.32992    0.57642  74.7%   690  202s
[2025-01-29 09:46:40,789][gurobipy][INFO] -     99     2 infeasible   30         0.32992    0.48225  46.2%   757  205s
[2025-01-29 09:46:42,779][gurobipy][INFO] - 
[2025-01-29 09:46:42,779][gurobipy][INFO] - Cutting planes:
[2025-01-29 09:46:42,779][gurobipy][INFO] -   Gomory: 1
[2025-01-29 09:46:42,779][gurobipy][INFO] -   Cover: 1
[2025-01-29 09:46:42,779][gurobipy][INFO] -   Implied bound: 3
[2025-01-29 09:46:42,779][gurobipy][INFO] -   MIR: 3
[2025-01-29 09:46:42,779][gurobipy][INFO] -   RLT: 5
[2025-01-29 09:46:42,806][gurobipy][INFO] - 
[2025-01-29 09:46:42,806][gurobipy][INFO] - Explored 111 nodes (116075 simplex iterations) in 207.84 seconds (610.01 work units)
[2025-01-29 09:46:42,806][gurobipy][INFO] - Thread count was 32 (of 128 available processors)
[2025-01-29 09:46:42,806][gurobipy][INFO] - 
[2025-01-29 09:46:42,806][gurobipy][INFO] - Solution count 10: 0.329919 0.329805 0.317265 ... 0.00368111
[2025-01-29 09:46:42,806][gurobipy][INFO] - No other solutions better than 0.329919
[2025-01-29 09:46:42,806][gurobipy][INFO] - 
[2025-01-29 09:46:42,806][gurobipy][INFO] - Optimal solution found (tolerance 1.00e-04)
[2025-01-29 09:46:42,809][gurobipy][INFO] - Best objective 3.299191146848e-01, best bound 3.299191146848e-01, gap 0.0000%
[2025-01-29 09:46:43,116][__main__][INFO] - Finished size 21452 (5/5)
