[2025-01-29 13:09:32,995][__main__][INFO] - In total, there are 1229 possible subgroups
[2025-01-29 13:09:33,025][__main__][INFO] - [0], []
[2025-01-29 13:09:33,214][__main__][INFO] - [1], []
[2025-01-29 13:09:33,452][__main__][INFO] - [2], []
[2025-01-29 13:09:33,674][__main__][INFO] - [3], []
[2025-01-29 13:09:33,850][__main__][INFO] - [4], []
[2025-01-29 13:09:34,073][__main__][INFO] - [5], []
[2025-01-29 13:09:34,265][__main__][INFO] - [6], []
[2025-01-29 13:09:34,349][__main__][INFO] - [7], []
[2025-01-29 13:09:34,387][__main__][INFO] - [8], []
[2025-01-29 13:09:34,409][__main__][INFO] - [9], []
[2025-01-29 13:09:34,427][__main__][INFO] - [10], []
[2025-01-29 13:09:35,304][__main__][INFO] - [11], []
[2025-01-29 13:09:35,347][__main__][INFO] - [12], []
[2025-01-29 13:09:35,505][__main__][INFO] - [13], []
[2025-01-29 13:09:35,529][__main__][INFO] - [14], []
[2025-01-29 13:09:35,552][__main__][INFO] - [15], []
[2025-01-29 13:09:35,760][__main__][INFO] - [16], []
[2025-01-29 13:09:36,461][__main__][INFO] - [], [16]
[2025-01-29 13:09:37,236][__main__][INFO] - [17], []
[2025-01-29 13:09:37,397][__main__][INFO] - [18], []
[2025-01-29 13:09:38,301][__main__][INFO] - [19], []
[2025-01-29 13:09:38,370][__main__][INFO] - [20], []
[2025-01-29 13:09:38,435][__main__][INFO] - [21], []
[2025-01-29 13:09:38,462][__main__][INFO] - [22], []
[2025-01-29 13:09:38,487][__main__][INFO] - [23], []
[2025-01-29 13:09:38,714][__main__][INFO] - [24], []
[2025-01-29 13:09:38,737][__main__][INFO] - [25], []
[2025-01-29 13:09:38,792][__main__][INFO] - [0, 10], []
[2025-01-29 13:09:38,983][__main__][INFO] - [0, 11], []
[2025-01-29 13:09:39,007][__main__][INFO] - [0, 12], []
[2025-01-29 13:09:39,037][__main__][INFO] - [0, 13], []
[2025-01-29 13:09:39,063][__main__][INFO] - [0, 14], []
[2025-01-29 13:09:39,086][__main__][INFO] - [0, 15], []
[2025-01-29 13:09:39,117][__main__][INFO] - [0, 16], []
[2025-01-29 13:09:39,226][__main__][INFO] - [0], [16]
[2025-01-29 13:09:39,340][__main__][INFO] - [0, 17], []
[2025-01-29 13:09:39,385][__main__][INFO] - [0, 18], []
[2025-01-29 13:09:39,514][__main__][INFO] - [0, 19], []
[2025-01-29 13:09:39,548][__main__][INFO] - [0, 20], []
[2025-01-29 13:09:39,577][__main__][INFO] - [0, 21], []
[2025-01-29 13:09:39,600][__main__][INFO] - [0, 22], []
[2025-01-29 13:09:39,624][__main__][INFO] - [0, 23], []
[2025-01-29 13:09:39,664][__main__][INFO] - [0, 24], []
[2025-01-29 13:09:39,721][__main__][INFO] - [1, 10], []
[2025-01-29 13:09:39,943][__main__][INFO] - [1, 11], []
[2025-01-29 13:09:39,970][__main__][INFO] - [1, 12], []
[2025-01-29 13:09:40,011][__main__][INFO] - [1, 13], []
[2025-01-29 13:09:40,034][__main__][INFO] - [1, 14], []
[2025-01-29 13:09:40,057][__main__][INFO] - [1, 15], []
[2025-01-29 13:09:40,101][__main__][INFO] - [1, 16], []
[2025-01-29 13:09:40,235][__main__][INFO] - [1], [16]
[2025-01-29 13:09:40,382][__main__][INFO] - [1, 17], []
[2025-01-29 13:09:40,432][__main__][INFO] - [1, 18], []
[2025-01-29 13:09:40,596][__main__][INFO] - [1, 19], []
[2025-01-29 13:09:40,630][__main__][INFO] - [1, 20], []
[2025-01-29 13:09:40,660][__main__][INFO] - [1, 21], []
[2025-01-29 13:09:40,683][__main__][INFO] - [1, 22], []
[2025-01-29 13:09:40,706][__main__][INFO] - [1, 23], []
[2025-01-29 13:09:40,762][__main__][INFO] - [1, 24], []
[2025-01-29 13:09:40,820][__main__][INFO] - [2, 10], []
[2025-01-29 13:09:40,998][__main__][INFO] - [2, 11], []
[2025-01-29 13:09:41,027][__main__][INFO] - [2, 12], []
[2025-01-29 13:09:41,075][__main__][INFO] - [2, 13], []
[2025-01-29 13:09:41,100][__main__][INFO] - [2, 14], []
[2025-01-29 13:09:41,123][__main__][INFO] - [2, 15], []
[2025-01-29 13:09:41,181][__main__][INFO] - [2, 16], []
[2025-01-29 13:09:41,304][__main__][INFO] - [2], [16]
[2025-01-29 13:09:41,447][__main__][INFO] - [2, 17], []
[2025-01-29 13:09:41,493][__main__][INFO] - [2, 18], []
[2025-01-29 13:09:41,652][__main__][INFO] - [2, 19], []
[2025-01-29 13:09:41,681][__main__][INFO] - [2, 20], []
[2025-01-29 13:09:41,711][__main__][INFO] - [2, 21], []
[2025-01-29 13:09:41,735][__main__][INFO] - [2, 22], []
[2025-01-29 13:09:41,758][__main__][INFO] - [2, 23], []
[2025-01-29 13:09:41,814][__main__][INFO] - [2, 24], []
[2025-01-29 13:09:41,870][__main__][INFO] - [3, 10], []
[2025-01-29 13:09:41,996][__main__][INFO] - [3, 11], []
[2025-01-29 13:09:42,023][__main__][INFO] - [3, 12], []
[2025-01-29 13:09:42,074][__main__][INFO] - [3, 13], []
[2025-01-29 13:09:42,097][__main__][INFO] - [3, 14], []
[2025-01-29 13:09:42,120][__main__][INFO] - [3, 15], []
[2025-01-29 13:09:42,177][__main__][INFO] - [3, 16], []
[2025-01-29 13:09:42,280][__main__][INFO] - [3], [16]
[2025-01-29 13:09:42,395][__main__][INFO] - [3, 17], []
[2025-01-29 13:09:42,437][__main__][INFO] - [3, 18], []
[2025-01-29 13:09:42,563][__main__][INFO] - [3, 19], []
[2025-01-29 13:09:42,590][__main__][INFO] - [3, 20], []
[2025-01-29 13:09:42,618][__main__][INFO] - [3, 21], []
[2025-01-29 13:09:42,642][__main__][INFO] - [3, 22], []
[2025-01-29 13:09:42,665][__main__][INFO] - [3, 23], []
[2025-01-29 13:09:42,717][__main__][INFO] - [3, 24], []
[2025-01-29 13:09:42,775][__main__][INFO] - [4, 10], []
[2025-01-29 13:09:42,931][__main__][INFO] - [4, 11], []
[2025-01-29 13:09:42,959][__main__][INFO] - [4, 12], []
[2025-01-29 13:09:43,016][__main__][INFO] - [4, 13], []
[2025-01-29 13:09:43,039][__main__][INFO] - [4, 14], []
[2025-01-29 13:09:43,063][__main__][INFO] - [4, 15], []
[2025-01-29 13:09:43,131][__main__][INFO] - [4, 16], []
[2025-01-29 13:09:43,256][__main__][INFO] - [4], [16]
[2025-01-29 13:09:43,395][__main__][INFO] - [4, 17], []
[2025-01-29 13:09:43,439][__main__][INFO] - [4, 18], []
[2025-01-29 13:09:43,604][__main__][INFO] - [4, 19], []
[2025-01-29 13:09:43,631][__main__][INFO] - [4, 20], []
[2025-01-29 13:09:43,663][__main__][INFO] - [4, 21], []
[2025-01-29 13:09:43,686][__main__][INFO] - [4, 22], []
[2025-01-29 13:09:43,710][__main__][INFO] - [4, 23], []
[2025-01-29 13:09:43,765][__main__][INFO] - [4, 24], []
[2025-01-29 13:09:43,822][__main__][INFO] - [5, 10], []
[2025-01-29 13:09:43,972][__main__][INFO] - [5, 11], []
[2025-01-29 13:09:44,000][__main__][INFO] - [5, 12], []
[2025-01-29 13:09:44,049][__main__][INFO] - [5, 13], []
[2025-01-29 13:09:44,072][__main__][INFO] - [5, 14], []
[2025-01-29 13:09:44,096][__main__][INFO] - [5, 15], []
[2025-01-29 13:09:44,145][__main__][INFO] - [5, 16], []
[2025-01-29 13:09:44,257][__main__][INFO] - [5], [16]
[2025-01-29 13:09:44,380][__main__][INFO] - [5, 17], []
[2025-01-29 13:09:44,415][__main__][INFO] - [5, 18], []
[2025-01-29 13:09:44,575][__main__][INFO] - [5, 19], []
[2025-01-29 13:09:44,601][__main__][INFO] - [5, 20], []
[2025-01-29 13:09:44,631][__main__][INFO] - [5, 21], []
[2025-01-29 13:09:44,654][__main__][INFO] - [5, 22], []
[2025-01-29 13:09:44,676][__main__][INFO] - [5, 23], []
[2025-01-29 13:09:44,726][__main__][INFO] - [5, 24], []
[2025-01-29 13:09:44,784][__main__][INFO] - [6, 10], []
[2025-01-29 13:09:44,859][__main__][INFO] - [6, 11], []
[2025-01-29 13:09:44,883][__main__][INFO] - [6, 12], []
[2025-01-29 13:09:44,915][__main__][INFO] - [6, 13], []
[2025-01-29 13:09:44,938][__main__][INFO] - [6, 14], []
[2025-01-29 13:09:44,961][__main__][INFO] - [6, 15], []
[2025-01-29 13:09:44,991][__main__][INFO] - [6, 16], []
[2025-01-29 13:09:45,047][__main__][INFO] - [6], [16]
[2025-01-29 13:09:45,109][__main__][INFO] - [6, 17], []
[2025-01-29 13:09:45,135][__main__][INFO] - [6, 18], []
[2025-01-29 13:09:45,213][__main__][INFO] - [6, 19], []
[2025-01-29 13:09:45,238][__main__][INFO] - [6, 20], []
[2025-01-29 13:09:45,262][__main__][INFO] - [6, 21], []
[2025-01-29 13:09:45,285][__main__][INFO] - [6, 22], []
[2025-01-29 13:09:45,308][__main__][INFO] - [6, 23], []
[2025-01-29 13:09:45,342][__main__][INFO] - [6, 24], []
[2025-01-29 13:09:45,400][__main__][INFO] - [7, 10], []
[2025-01-29 13:09:45,440][__main__][INFO] - [7, 11], []
[2025-01-29 13:09:45,464][__main__][INFO] - [7, 12], []
[2025-01-29 13:09:45,489][__main__][INFO] - [7, 13], []
[2025-01-29 13:09:45,515][__main__][INFO] - [7, 14], []
[2025-01-29 13:09:45,537][__main__][INFO] - [7, 15], []
[2025-01-29 13:09:45,561][__main__][INFO] - [7, 16], []
[2025-01-29 13:09:45,594][__main__][INFO] - [7], [16]
[2025-01-29 13:09:45,630][__main__][INFO] - [7, 17], []
[2025-01-29 13:09:45,653][__main__][INFO] - [7, 18], []
[2025-01-29 13:09:45,692][__main__][INFO] - [7, 19], []
[2025-01-29 13:09:45,715][__main__][INFO] - [7, 20], []
[2025-01-29 13:09:45,739][__main__][INFO] - [7, 21], []
[2025-01-29 13:09:45,780][__main__][INFO] - [7, 23], []
[2025-01-29 13:09:45,857][__main__][INFO] - [8, 10], []
[2025-01-29 13:09:45,884][__main__][INFO] - [8, 11], []
[2025-01-29 13:09:45,907][__main__][INFO] - [8, 12], []
[2025-01-29 13:09:45,965][__main__][INFO] - [8, 15], []
[2025-01-29 13:09:45,988][__main__][INFO] - [8, 16], []
[2025-01-29 13:09:46,013][__main__][INFO] - [8], [16]
[2025-01-29 13:09:46,038][__main__][INFO] - [8, 17], []
[2025-01-29 13:09:46,061][__main__][INFO] - [8, 18], []
[2025-01-29 13:09:46,087][__main__][INFO] - [8, 19], []
[2025-01-29 13:09:46,110][__main__][INFO] - [8, 20], []
[2025-01-29 13:09:46,170][__main__][INFO] - [8, 23], []
[2025-01-29 13:09:46,246][__main__][INFO] - [9, 10], []
[2025-01-29 13:09:46,287][__main__][INFO] - [9, 12], []
[2025-01-29 13:09:46,362][__main__][INFO] - [9, 16], []
[2025-01-29 13:09:46,385][__main__][INFO] - [9], [16]
[2025-01-29 13:09:46,426][__main__][INFO] - [9, 18], []
[2025-01-29 13:09:46,518][__main__][INFO] - [9, 23], []
[2025-01-29 13:09:46,594][__main__][INFO] - [10, 16], []
[2025-01-29 13:09:47,063][__main__][INFO] - [10], [16]
[2025-01-29 13:09:47,573][__main__][INFO] - [10, 17], []
[2025-01-29 13:09:47,658][__main__][INFO] - [10, 18], []
[2025-01-29 13:09:48,384][__main__][INFO] - [10, 19], []
[2025-01-29 13:09:48,441][__main__][INFO] - [10, 20], []
[2025-01-29 13:09:48,501][__main__][INFO] - [10, 21], []
[2025-01-29 13:09:48,529][__main__][INFO] - [10, 22], []
[2025-01-29 13:09:48,554][__main__][INFO] - [10, 23], []
[2025-01-29 13:09:48,624][__main__][INFO] - [10, 24], []
[2025-01-29 13:09:48,648][__main__][INFO] - [10, 25], []
[2025-01-29 13:09:48,687][__main__][INFO] - [11, 16], []
[2025-01-29 13:09:48,720][__main__][INFO] - [11], [16]
[2025-01-29 13:09:48,758][__main__][INFO] - [11, 17], []
[2025-01-29 13:09:48,780][__main__][INFO] - [11, 18], []
[2025-01-29 13:09:48,826][__main__][INFO] - [11, 19], []
[2025-01-29 13:09:48,850][__main__][INFO] - [11, 20], []
[2025-01-29 13:09:48,907][__main__][INFO] - [11, 23], []
[2025-01-29 13:09:48,982][__main__][INFO] - [12, 16], []
[2025-01-29 13:09:49,081][__main__][INFO] - [12], [16]
[2025-01-29 13:09:49,178][__main__][INFO] - [12, 17], []
[2025-01-29 13:09:49,202][__main__][INFO] - [12, 18], []
[2025-01-29 13:09:49,233][__main__][INFO] - [12, 19], []
[2025-01-29 13:09:49,259][__main__][INFO] - [12, 20], []
[2025-01-29 13:09:49,321][__main__][INFO] - [12, 23], []
[2025-01-29 13:09:49,534][__main__][INFO] - [13, 16], []
[2025-01-29 13:09:49,561][__main__][INFO] - [13], [16]
[2025-01-29 13:09:49,587][__main__][INFO] - [13, 17], []
[2025-01-29 13:09:49,609][__main__][INFO] - [13, 18], []
[2025-01-29 13:09:49,634][__main__][INFO] - [13, 19], []
[2025-01-29 13:09:49,657][__main__][INFO] - [13, 20], []
[2025-01-29 13:09:49,717][__main__][INFO] - [13, 23], []
[2025-01-29 13:09:49,792][__main__][INFO] - [14, 16], []
[2025-01-29 13:09:49,816][__main__][INFO] - [14], [16]
[2025-01-29 13:09:49,859][__main__][INFO] - [14, 18], []
[2025-01-29 13:09:49,883][__main__][INFO] - [14, 19], []
[2025-01-29 13:09:49,941][__main__][INFO] - [14, 22], []
[2025-01-29 13:09:49,964][__main__][INFO] - [14, 23], []
[2025-01-29 13:09:50,039][__main__][INFO] - [15, 16], []
[2025-01-29 13:09:50,140][__main__][INFO] - [15], [16]
[2025-01-29 13:09:50,268][__main__][INFO] - [15, 17], []
[2025-01-29 13:09:50,356][__main__][INFO] - [15, 18], []
[2025-01-29 13:09:50,478][__main__][INFO] - [15, 19], []
[2025-01-29 13:09:50,504][__main__][INFO] - [15, 20], []
[2025-01-29 13:09:50,528][__main__][INFO] - [15, 21], []
[2025-01-29 13:09:50,552][__main__][INFO] - [15, 22], []
[2025-01-29 13:09:50,574][__main__][INFO] - [15, 23], []
[2025-01-29 13:09:50,599][__main__][INFO] - [15, 24], []
[2025-01-29 13:09:50,660][__main__][INFO] - [16, 17], []
[2025-01-29 13:09:50,727][__main__][INFO] - [16, 18], []
[2025-01-29 13:09:51,068][__main__][INFO] - [16, 19], []
[2025-01-29 13:09:51,106][__main__][INFO] - [16, 20], []
[2025-01-29 13:09:51,144][__main__][INFO] - [16, 21], []
[2025-01-29 13:09:51,166][__main__][INFO] - [16, 22], []
[2025-01-29 13:09:51,188][__main__][INFO] - [16, 23], []
[2025-01-29 13:09:51,287][__main__][INFO] - [16, 24], []
[2025-01-29 13:09:51,337][__main__][INFO] - [17], [16]
[2025-01-29 13:09:51,415][__main__][INFO] - [18], [16]
[2025-01-29 13:09:51,809][__main__][INFO] - [19], [16]
[2025-01-29 13:09:51,847][__main__][INFO] - [20], [16]
[2025-01-29 13:09:51,884][__main__][INFO] - [21], [16]
[2025-01-29 13:09:51,905][__main__][INFO] - [22], [16]
[2025-01-29 13:09:51,926][__main__][INFO] - [23], [16]
[2025-01-29 13:09:52,023][__main__][INFO] - [24], [16]
[2025-01-29 13:09:52,102][__main__][INFO] - [0, 10, 16], []
[2025-01-29 13:09:52,190][__main__][INFO] - [0, 10], [16]
[2025-01-29 13:09:52,279][__main__][INFO] - [0, 10, 17], []
[2025-01-29 13:09:52,317][__main__][INFO] - [0, 10, 18], []
[2025-01-29 13:09:52,421][__main__][INFO] - [0, 10, 19], []
[2025-01-29 13:09:52,451][__main__][INFO] - [0, 10, 20], []
[2025-01-29 13:09:52,479][__main__][INFO] - [0, 10, 21], []
[2025-01-29 13:09:52,502][__main__][INFO] - [0, 10, 22], []
[2025-01-29 13:09:52,524][__main__][INFO] - [0, 10, 23], []
[2025-01-29 13:09:52,556][__main__][INFO] - [0, 10, 24], []
[2025-01-29 13:09:52,608][__main__][INFO] - [0, 11, 16], []
[2025-01-29 13:09:52,631][__main__][INFO] - [0, 11], [16]
[2025-01-29 13:09:52,669][__main__][INFO] - [0, 11, 18], []
[2025-01-29 13:09:52,693][__main__][INFO] - [0, 11, 19], []
[2025-01-29 13:09:52,759][__main__][INFO] - [0, 11, 23], []
[2025-01-29 13:09:52,826][__main__][INFO] - [0, 12, 16], []
[2025-01-29 13:09:52,851][__main__][INFO] - [0, 12], [16]
[2025-01-29 13:09:52,891][__main__][INFO] - [0, 12, 18], []
[2025-01-29 13:09:52,914][__main__][INFO] - [0, 12, 19], []
[2025-01-29 13:09:52,982][__main__][INFO] - [0, 12, 23], []
[2025-01-29 13:09:53,054][__main__][INFO] - [0, 13, 16], []
[2025-01-29 13:09:53,077][__main__][INFO] - [0, 13], [16]
[2025-01-29 13:09:53,114][__main__][INFO] - [0, 13, 18], []
[2025-01-29 13:09:53,151][__main__][INFO] - [0, 13, 20], []
[2025-01-29 13:09:53,263][__main__][INFO] - [0, 14, 16], []
[2025-01-29 13:09:53,285][__main__][INFO] - [0, 14], [16]
[2025-01-29 13:09:53,322][__main__][INFO] - [0, 14, 18], []
[2025-01-29 13:09:53,389][__main__][INFO] - [0, 14, 22], []
[2025-01-29 13:09:53,470][__main__][INFO] - [0, 15, 16], []
[2025-01-29 13:09:53,496][__main__][INFO] - [0, 15], [16]
[2025-01-29 13:09:53,522][__main__][INFO] - [0, 15, 17], []
[2025-01-29 13:09:53,547][__main__][INFO] - [0, 15, 18], []
[2025-01-29 13:09:53,573][__main__][INFO] - [0, 15, 19], []
[2025-01-29 13:09:53,595][__main__][INFO] - [0, 15, 20], []
[2025-01-29 13:09:53,618][__main__][INFO] - [0, 15, 21], []
[2025-01-29 13:09:53,654][__main__][INFO] - [0, 15, 23], []
[2025-01-29 13:09:53,721][__main__][INFO] - [0, 16, 17], []
[2025-01-29 13:09:53,751][__main__][INFO] - [0, 16, 18], []
[2025-01-29 13:09:53,814][__main__][INFO] - [0, 16, 19], []
[2025-01-29 13:09:53,840][__main__][INFO] - [0, 16, 20], []
[2025-01-29 13:09:53,864][__main__][INFO] - [0, 16, 21], []
[2025-01-29 13:09:53,887][__main__][INFO] - [0, 16, 22], []
[2025-01-29 13:09:53,908][__main__][INFO] - [0, 16, 23], []
[2025-01-29 13:09:53,938][__main__][INFO] - [0, 16, 24], []
[2025-01-29 13:09:53,989][__main__][INFO] - [0, 17], [16]
[2025-01-29 13:09:54,020][__main__][INFO] - [0, 18], [16]
[2025-01-29 13:09:54,085][__main__][INFO] - [0, 19], [16]
[2025-01-29 13:09:54,110][__main__][INFO] - [0, 20], [16]
[2025-01-29 13:09:54,135][__main__][INFO] - [0, 21], [16]
[2025-01-29 13:09:54,157][__main__][INFO] - [0, 22], [16]
[2025-01-29 13:09:54,179][__main__][INFO] - [0, 23], [16]
[2025-01-29 13:09:54,209][__main__][INFO] - [0, 24], [16]
[2025-01-29 13:09:54,276][__main__][INFO] - [1, 10, 16], []
[2025-01-29 13:09:54,372][__main__][INFO] - [1, 10], [16]
[2025-01-29 13:09:54,475][__main__][INFO] - [1, 10, 17], []
[2025-01-29 13:09:54,515][__main__][INFO] - [1, 10, 18], []
[2025-01-29 13:09:54,638][__main__][INFO] - [1, 10, 19], []
[2025-01-29 13:09:54,668][__main__][INFO] - [1, 10, 20], []
[2025-01-29 13:09:54,697][__main__][INFO] - [1, 10, 21], []
[2025-01-29 13:09:54,720][__main__][INFO] - [1, 10, 22], []
[2025-01-29 13:09:54,742][__main__][INFO] - [1, 10, 23], []
[2025-01-29 13:09:54,777][__main__][INFO] - [1, 10, 24], []
[2025-01-29 13:09:54,829][__main__][INFO] - [1, 11, 16], []
[2025-01-29 13:09:54,853][__main__][INFO] - [1, 11], [16]
[2025-01-29 13:09:54,892][__main__][INFO] - [1, 11, 18], []
[2025-01-29 13:09:54,917][__main__][INFO] - [1, 11, 19], []
[2025-01-29 13:09:54,939][__main__][INFO] - [1, 11, 20], []
[2025-01-29 13:09:54,992][__main__][INFO] - [1, 11, 23], []
[2025-01-29 13:09:55,059][__main__][INFO] - [1, 12, 16], []
[2025-01-29 13:09:55,088][__main__][INFO] - [1, 12], [16]
[2025-01-29 13:09:55,133][__main__][INFO] - [1, 12, 18], []
[2025-01-29 13:09:55,156][__main__][INFO] - [1, 12, 19], []
[2025-01-29 13:09:55,223][__main__][INFO] - [1, 12, 23], []
[2025-01-29 13:09:55,303][__main__][INFO] - [1, 13, 16], []
[2025-01-29 13:09:55,326][__main__][INFO] - [1, 13], [16]
[2025-01-29 13:09:55,363][__main__][INFO] - [1, 13, 18], []
[2025-01-29 13:09:55,401][__main__][INFO] - [1, 13, 20], []
[2025-01-29 13:09:55,513][__main__][INFO] - [1, 14, 16], []
[2025-01-29 13:09:55,535][__main__][INFO] - [1, 14], [16]
[2025-01-29 13:09:55,572][__main__][INFO] - [1, 14, 18], []
[2025-01-29 13:09:55,639][__main__][INFO] - [1, 14, 22], []
[2025-01-29 13:09:55,662][__main__][INFO] - [1, 14, 23], []
[2025-01-29 13:09:55,729][__main__][INFO] - [1, 15, 16], []
[2025-01-29 13:09:55,758][__main__][INFO] - [1, 15], [16]
[2025-01-29 13:09:55,791][__main__][INFO] - [1, 15, 17], []
[2025-01-29 13:09:55,819][__main__][INFO] - [1, 15, 18], []
[2025-01-29 13:09:55,850][__main__][INFO] - [1, 15, 19], []
[2025-01-29 13:09:55,873][__main__][INFO] - [1, 15, 20], []
[2025-01-29 13:09:55,895][__main__][INFO] - [1, 15, 21], []
[2025-01-29 13:09:55,933][__main__][INFO] - [1, 15, 23], []
[2025-01-29 13:09:55,955][__main__][INFO] - [1, 15, 24], []
[2025-01-29 13:09:56,007][__main__][INFO] - [1, 16, 17], []
[2025-01-29 13:09:56,039][__main__][INFO] - [1, 16, 18], []
[2025-01-29 13:09:56,112][__main__][INFO] - [1, 16, 19], []
[2025-01-29 13:09:56,138][__main__][INFO] - [1, 16, 20], []
[2025-01-29 13:09:56,163][__main__][INFO] - [1, 16, 21], []
[2025-01-29 13:09:56,188][__main__][INFO] - [1, 16, 22], []
[2025-01-29 13:09:56,214][__main__][INFO] - [1, 16, 23], []
[2025-01-29 13:09:56,254][__main__][INFO] - [1, 16, 24], []
[2025-01-29 13:09:56,314][__main__][INFO] - [1, 17], [16]
[2025-01-29 13:09:56,354][__main__][INFO] - [1, 18], [16]
[2025-01-29 13:09:56,450][__main__][INFO] - [1, 19], [16]
[2025-01-29 13:09:56,479][__main__][INFO] - [1, 20], [16]
[2025-01-29 13:09:56,506][__main__][INFO] - [1, 21], [16]
[2025-01-29 13:09:56,531][__main__][INFO] - [1, 22], [16]
[2025-01-29 13:09:56,557][__main__][INFO] - [1, 23], [16]
[2025-01-29 13:09:56,598][__main__][INFO] - [1, 24], [16]
[2025-01-29 13:09:56,675][__main__][INFO] - [2, 10, 16], []
[2025-01-29 13:09:56,766][__main__][INFO] - [2, 10], [16]
[2025-01-29 13:09:56,865][__main__][INFO] - [2, 10, 17], []
[2025-01-29 13:09:56,901][__main__][INFO] - [2, 10, 18], []
[2025-01-29 13:09:57,029][__main__][INFO] - [2, 10, 19], []
[2025-01-29 13:09:57,061][__main__][INFO] - [2, 10, 20], []
[2025-01-29 13:09:57,091][__main__][INFO] - [2, 10, 21], []
[2025-01-29 13:09:57,118][__main__][INFO] - [2, 10, 22], []
[2025-01-29 13:09:57,143][__main__][INFO] - [2, 10, 23], []
[2025-01-29 13:09:57,180][__main__][INFO] - [2, 10, 24], []
[2025-01-29 13:09:57,240][__main__][INFO] - [2, 11, 16], []
[2025-01-29 13:09:57,267][__main__][INFO] - [2, 11], [16]
[2025-01-29 13:09:57,314][__main__][INFO] - [2, 11, 18], []
[2025-01-29 13:09:57,343][__main__][INFO] - [2, 11, 19], []
[2025-01-29 13:09:57,423][__main__][INFO] - [2, 11, 23], []
[2025-01-29 13:09:57,501][__main__][INFO] - [2, 12, 16], []
[2025-01-29 13:09:57,537][__main__][INFO] - [2, 12], [16]
[2025-01-29 13:09:57,592][__main__][INFO] - [2, 12, 18], []
[2025-01-29 13:09:57,620][__main__][INFO] - [2, 12, 19], []
[2025-01-29 13:09:57,700][__main__][INFO] - [2, 12, 23], []
[2025-01-29 13:09:57,801][__main__][INFO] - [2, 13, 16], []
[2025-01-29 13:09:57,827][__main__][INFO] - [2, 13], [16]
[2025-01-29 13:09:57,871][__main__][INFO] - [2, 13, 18], []
[2025-01-29 13:09:57,913][__main__][INFO] - [2, 13, 20], []
[2025-01-29 13:09:57,972][__main__][INFO] - [2, 13, 23], []
[2025-01-29 13:09:58,051][__main__][INFO] - [2, 14, 16], []
[2025-01-29 13:09:58,077][__main__][INFO] - [2, 14], [16]
[2025-01-29 13:09:58,119][__main__][INFO] - [2, 14, 18], []
[2025-01-29 13:09:58,196][__main__][INFO] - [2, 14, 22], []
[2025-01-29 13:09:58,222][__main__][INFO] - [2, 14, 23], []
[2025-01-29 13:09:58,302][__main__][INFO] - [2, 15, 16], []
[2025-01-29 13:09:58,340][__main__][INFO] - [2, 15], [16]
[2025-01-29 13:09:58,383][__main__][INFO] - [2, 15, 17], []
[2025-01-29 13:09:58,419][__main__][INFO] - [2, 15, 18], []
[2025-01-29 13:09:58,464][__main__][INFO] - [2, 15, 19], []
[2025-01-29 13:09:58,490][__main__][INFO] - [2, 15, 20], []
[2025-01-29 13:09:58,515][__main__][INFO] - [2, 15, 21], []
[2025-01-29 13:09:58,559][__main__][INFO] - [2, 15, 23], []
[2025-01-29 13:09:58,585][__main__][INFO] - [2, 15, 24], []
[2025-01-29 13:09:58,644][__main__][INFO] - [2, 16, 17], []
[2025-01-29 13:09:58,678][__main__][INFO] - [2, 16, 18], []
[2025-01-29 13:09:58,755][__main__][INFO] - [2, 16, 19], []
[2025-01-29 13:09:58,784][__main__][INFO] - [2, 16, 20], []
[2025-01-29 13:09:58,812][__main__][INFO] - [2, 16, 21], []
[2025-01-29 13:09:58,838][__main__][INFO] - [2, 16, 22], []
[2025-01-29 13:09:58,863][__main__][INFO] - [2, 16, 23], []
[2025-01-29 13:09:58,903][__main__][INFO] - [2, 16, 24], []
[2025-01-29 13:09:58,964][__main__][INFO] - [2, 17], [16]
[2025-01-29 13:09:59,002][__main__][INFO] - [2, 18], [16]
[2025-01-29 13:09:59,095][__main__][INFO] - [2, 19], [16]
[2025-01-29 13:09:59,124][__main__][INFO] - [2, 20], [16]
[2025-01-29 13:09:59,153][__main__][INFO] - [2, 21], [16]
[2025-01-29 13:09:59,179][__main__][INFO] - [2, 22], [16]
[2025-01-29 13:09:59,204][__main__][INFO] - [2, 23], [16]
[2025-01-29 13:09:59,245][__main__][INFO] - [2, 24], [16]
[2025-01-29 13:09:59,325][__main__][INFO] - [3, 10, 16], []
[2025-01-29 13:09:59,396][__main__][INFO] - [3, 10], [16]
[2025-01-29 13:09:59,469][__main__][INFO] - [3, 10, 17], []
[2025-01-29 13:09:59,499][__main__][INFO] - [3, 10, 18], []
[2025-01-29 13:09:59,597][__main__][INFO] - [3, 10, 19], []
[2025-01-29 13:09:59,626][__main__][INFO] - [3, 10, 20], []
[2025-01-29 13:09:59,657][__main__][INFO] - [3, 10, 21], []
[2025-01-29 13:09:59,683][__main__][INFO] - [3, 10, 22], []
[2025-01-29 13:09:59,709][__main__][INFO] - [3, 10, 23], []
[2025-01-29 13:09:59,738][__main__][INFO] - [3, 10, 24], []
[2025-01-29 13:09:59,799][__main__][INFO] - [3, 11, 16], []
[2025-01-29 13:09:59,827][__main__][INFO] - [3, 11], [16]
[2025-01-29 13:09:59,873][__main__][INFO] - [3, 11, 18], []
[2025-01-29 13:09:59,903][__main__][INFO] - [3, 11, 19], []
[2025-01-29 13:09:59,982][__main__][INFO] - [3, 11, 23], []
[2025-01-29 13:10:00,059][__main__][INFO] - [3, 12, 16], []
[2025-01-29 13:10:00,097][__main__][INFO] - [3, 12], [16]
[2025-01-29 13:10:00,153][__main__][INFO] - [3, 12, 18], []
[2025-01-29 13:10:00,179][__main__][INFO] - [3, 12, 19], []
[2025-01-29 13:10:00,260][__main__][INFO] - [3, 12, 23], []
[2025-01-29 13:10:00,364][__main__][INFO] - [3, 13, 16], []
[2025-01-29 13:10:00,391][__main__][INFO] - [3, 13], [16]
[2025-01-29 13:10:00,433][__main__][INFO] - [3, 13, 18], []
[2025-01-29 13:10:00,477][__main__][INFO] - [3, 13, 20], []
[2025-01-29 13:10:00,540][__main__][INFO] - [3, 13, 23], []
[2025-01-29 13:10:00,619][__main__][INFO] - [3, 14, 16], []
[2025-01-29 13:10:00,643][__main__][INFO] - [3, 14], [16]
[2025-01-29 13:10:00,687][__main__][INFO] - [3, 14, 18], []
[2025-01-29 13:10:00,712][__main__][INFO] - [3, 14, 19], []
[2025-01-29 13:10:00,771][__main__][INFO] - [3, 14, 22], []
[2025-01-29 13:10:00,796][__main__][INFO] - [3, 14, 23], []
[2025-01-29 13:10:00,876][__main__][INFO] - [3, 15, 16], []
[2025-01-29 13:10:00,916][__main__][INFO] - [3, 15], [16]
[2025-01-29 13:10:00,959][__main__][INFO] - [3, 15, 17], []
[2025-01-29 13:10:00,995][__main__][INFO] - [3, 15, 18], []
[2025-01-29 13:10:01,036][__main__][INFO] - [3, 15, 19], []
[2025-01-29 13:10:01,062][__main__][INFO] - [3, 15, 20], []
[2025-01-29 13:10:01,087][__main__][INFO] - [3, 15, 21], []
[2025-01-29 13:10:01,129][__main__][INFO] - [3, 15, 23], []
[2025-01-29 13:10:01,154][__main__][INFO] - [3, 15, 24], []
[2025-01-29 13:10:01,216][__main__][INFO] - [3, 16, 17], []
[2025-01-29 13:10:01,250][__main__][INFO] - [3, 16, 18], []
[2025-01-29 13:10:01,316][__main__][INFO] - [3, 16, 19], []
[2025-01-29 13:10:01,344][__main__][INFO] - [3, 16, 20], []
[2025-01-29 13:10:01,371][__main__][INFO] - [3, 16, 21], []
[2025-01-29 13:10:01,397][__main__][INFO] - [3, 16, 22], []
[2025-01-29 13:10:01,423][__main__][INFO] - [3, 16, 23], []
[2025-01-29 13:10:01,461][__main__][INFO] - [3, 16, 24], []
[2025-01-29 13:10:01,522][__main__][INFO] - [3, 17], [16]
[2025-01-29 13:10:01,555][__main__][INFO] - [3, 18], [16]
[2025-01-29 13:10:01,629][__main__][INFO] - [3, 19], [16]
[2025-01-29 13:10:01,657][__main__][INFO] - [3, 20], [16]
[2025-01-29 13:10:01,684][__main__][INFO] - [3, 21], [16]
[2025-01-29 13:10:01,710][__main__][INFO] - [3, 22], [16]
[2025-01-29 13:10:01,736][__main__][INFO] - [3, 23], [16]
[2025-01-29 13:10:01,775][__main__][INFO] - [3, 24], [16]
[2025-01-29 13:10:01,855][__main__][INFO] - [4, 10, 16], []
[2025-01-29 13:10:01,949][__main__][INFO] - [4, 10], [16]
[2025-01-29 13:10:02,038][__main__][INFO] - [4, 10, 17], []
[2025-01-29 13:10:02,069][__main__][INFO] - [4, 10, 18], []
[2025-01-29 13:10:02,197][__main__][INFO] - [4, 10, 19], []
[2025-01-29 13:10:02,225][__main__][INFO] - [4, 10, 20], []
[2025-01-29 13:10:02,258][__main__][INFO] - [4, 10, 21], []
[2025-01-29 13:10:02,284][__main__][INFO] - [4, 10, 22], []
[2025-01-29 13:10:02,310][__main__][INFO] - [4, 10, 23], []
[2025-01-29 13:10:02,338][__main__][INFO] - [4, 10, 24], []
[2025-01-29 13:10:02,398][__main__][INFO] - [4, 11, 16], []
[2025-01-29 13:10:02,426][__main__][INFO] - [4, 11], [16]
[2025-01-29 13:10:02,472][__main__][INFO] - [4, 11, 18], []
[2025-01-29 13:10:02,502][__main__][INFO] - [4, 11, 19], []
[2025-01-29 13:10:02,527][__main__][INFO] - [4, 11, 20], []
[2025-01-29 13:10:02,586][__main__][INFO] - [4, 11, 23], []
[2025-01-29 13:10:02,666][__main__][INFO] - [4, 12, 16], []
[2025-01-29 13:10:02,708][__main__][INFO] - [4, 12], [16]
[2025-01-29 13:10:02,766][__main__][INFO] - [4, 12, 18], []
[2025-01-29 13:10:02,794][__main__][INFO] - [4, 12, 19], []
[2025-01-29 13:10:02,874][__main__][INFO] - [4, 12, 23], []
[2025-01-29 13:10:02,981][__main__][INFO] - [4, 13, 16], []
[2025-01-29 13:10:03,008][__main__][INFO] - [4, 13], [16]
[2025-01-29 13:10:03,052][__main__][INFO] - [4, 13, 18], []
[2025-01-29 13:10:03,095][__main__][INFO] - [4, 13, 20], []
[2025-01-29 13:10:03,158][__main__][INFO] - [4, 13, 23], []
[2025-01-29 13:10:03,238][__main__][INFO] - [4, 14, 16], []
[2025-01-29 13:10:03,263][__main__][INFO] - [4, 14], [16]
[2025-01-29 13:10:03,306][__main__][INFO] - [4, 14, 18], []
[2025-01-29 13:10:03,331][__main__][INFO] - [4, 14, 19], []
[2025-01-29 13:10:03,391][__main__][INFO] - [4, 14, 22], []
[2025-01-29 13:10:03,486][__main__][INFO] - [4, 15, 16], []
[2025-01-29 13:10:03,530][__main__][INFO] - [4, 15], [16]
[2025-01-29 13:10:03,578][__main__][INFO] - [4, 15, 17], []
[2025-01-29 13:10:03,617][__main__][INFO] - [4, 15, 18], []
[2025-01-29 13:10:03,665][__main__][INFO] - [4, 15, 19], []
[2025-01-29 13:10:03,691][__main__][INFO] - [4, 15, 20], []
[2025-01-29 13:10:03,716][__main__][INFO] - [4, 15, 21], []
[2025-01-29 13:10:03,760][__main__][INFO] - [4, 15, 23], []
[2025-01-29 13:10:03,786][__main__][INFO] - [4, 15, 24], []
[2025-01-29 13:10:03,847][__main__][INFO] - [4, 16, 17], []
[2025-01-29 13:10:03,879][__main__][INFO] - [4, 16, 18], []
[2025-01-29 13:10:03,963][__main__][INFO] - [4, 16, 19], []
[2025-01-29 13:10:03,990][__main__][INFO] - [4, 16, 20], []
[2025-01-29 13:10:04,019][__main__][INFO] - [4, 16, 21], []
[2025-01-29 13:10:04,044][__main__][INFO] - [4, 16, 22], []
[2025-01-29 13:10:04,069][__main__][INFO] - [4, 16, 23], []
[2025-01-29 13:10:04,112][__main__][INFO] - [4, 16, 24], []
[2025-01-29 13:10:04,172][__main__][INFO] - [4, 17], [16]
[2025-01-29 13:10:04,207][__main__][INFO] - [4, 18], [16]
[2025-01-29 13:10:04,304][__main__][INFO] - [4, 19], [16]
[2025-01-29 13:10:04,331][__main__][INFO] - [4, 20], [16]
[2025-01-29 13:10:04,360][__main__][INFO] - [4, 21], [16]
[2025-01-29 13:10:04,385][__main__][INFO] - [4, 22], [16]
[2025-01-29 13:10:04,411][__main__][INFO] - [4, 23], [16]
[2025-01-29 13:10:04,451][__main__][INFO] - [4, 24], [16]
[2025-01-29 13:10:04,529][__main__][INFO] - [5, 10, 16], []
[2025-01-29 13:10:04,608][__main__][INFO] - [5, 10], [16]
[2025-01-29 13:10:04,696][__main__][INFO] - [5, 10, 17], []
[2025-01-29 13:10:04,725][__main__][INFO] - [5, 10, 18], []
[2025-01-29 13:10:04,853][__main__][INFO] - [5, 10, 19], []
[2025-01-29 13:10:04,880][__main__][INFO] - [5, 10, 20], []
[2025-01-29 13:10:04,910][__main__][INFO] - [5, 10, 21], []
[2025-01-29 13:10:04,936][__main__][INFO] - [5, 10, 22], []
[2025-01-29 13:10:04,962][__main__][INFO] - [5, 10, 23], []
[2025-01-29 13:10:04,990][__main__][INFO] - [5, 10, 24], []
[2025-01-29 13:10:05,051][__main__][INFO] - [5, 11, 16], []
[2025-01-29 13:10:05,079][__main__][INFO] - [5, 11], [16]
[2025-01-29 13:10:05,125][__main__][INFO] - [5, 11, 18], []
[2025-01-29 13:10:05,154][__main__][INFO] - [5, 11, 19], []
[2025-01-29 13:10:05,301][__main__][INFO] - [5, 12, 16], []
[2025-01-29 13:10:05,339][__main__][INFO] - [5, 12], [16]
[2025-01-29 13:10:05,393][__main__][INFO] - [5, 12, 18], []
[2025-01-29 13:10:05,421][__main__][INFO] - [5, 12, 19], []
[2025-01-29 13:10:05,504][__main__][INFO] - [5, 12, 23], []
[2025-01-29 13:10:05,605][__main__][INFO] - [5, 13, 16], []
[2025-01-29 13:10:05,632][__main__][INFO] - [5, 13], [16]
[2025-01-29 13:10:05,671][__main__][INFO] - [5, 13, 18], []
[2025-01-29 13:10:05,708][__main__][INFO] - [5, 13, 20], []
[2025-01-29 13:10:05,761][__main__][INFO] - [5, 13, 23], []
[2025-01-29 13:10:05,828][__main__][INFO] - [5, 14, 16], []
[2025-01-29 13:10:05,851][__main__][INFO] - [5, 14], [16]
[2025-01-29 13:10:05,889][__main__][INFO] - [5, 14, 18], []
[2025-01-29 13:10:05,911][__main__][INFO] - [5, 14, 19], []
[2025-01-29 13:10:05,963][__main__][INFO] - [5, 14, 22], []
[2025-01-29 13:10:05,986][__main__][INFO] - [5, 14, 23], []
[2025-01-29 13:10:06,053][__main__][INFO] - [5, 15, 16], []
[2025-01-29 13:10:06,084][__main__][INFO] - [5, 15], [16]
[2025-01-29 13:10:06,119][__main__][INFO] - [5, 15, 17], []
[2025-01-29 13:10:06,148][__main__][INFO] - [5, 15, 18], []
[2025-01-29 13:10:06,184][__main__][INFO] - [5, 15, 19], []
[2025-01-29 13:10:06,206][__main__][INFO] - [5, 15, 20], []
[2025-01-29 13:10:06,229][__main__][INFO] - [5, 15, 21], []
[2025-01-29 13:10:06,266][__main__][INFO] - [5, 15, 23], []
[2025-01-29 13:10:06,289][__main__][INFO] - [5, 15, 24], []
[2025-01-29 13:10:06,341][__main__][INFO] - [5, 16, 17], []
[2025-01-29 13:10:06,367][__main__][INFO] - [5, 16, 18], []
[2025-01-29 13:10:06,437][__main__][INFO] - [5, 16, 19], []
[2025-01-29 13:10:06,460][__main__][INFO] - [5, 16, 20], []
[2025-01-29 13:10:06,485][__main__][INFO] - [5, 16, 21], []
[2025-01-29 13:10:06,508][__main__][INFO] - [5, 16, 22], []
[2025-01-29 13:10:06,530][__main__][INFO] - [5, 16, 23], []
[2025-01-29 13:10:06,563][__main__][INFO] - [5, 16, 24], []
[2025-01-29 13:10:06,615][__main__][INFO] - [5, 17], [16]
[2025-01-29 13:10:06,642][__main__][INFO] - [5, 18], [16]
[2025-01-29 13:10:06,721][__main__][INFO] - [5, 19], [16]
[2025-01-29 13:10:06,745][__main__][INFO] - [5, 20], [16]
[2025-01-29 13:10:06,769][__main__][INFO] - [5, 21], [16]
[2025-01-29 13:10:06,792][__main__][INFO] - [5, 22], [16]
[2025-01-29 13:10:06,814][__main__][INFO] - [5, 23], [16]
[2025-01-29 13:10:06,846][__main__][INFO] - [5, 24], [16]
[2025-01-29 13:10:06,913][__main__][INFO] - [6, 10, 16], []
[2025-01-29 13:10:06,954][__main__][INFO] - [6, 10], [16]
[2025-01-29 13:10:06,998][__main__][INFO] - [6, 10, 17], []
[2025-01-29 13:10:07,021][__main__][INFO] - [6, 10, 18], []
[2025-01-29 13:10:07,080][__main__][INFO] - [6, 10, 19], []
[2025-01-29 13:10:07,103][__main__][INFO] - [6, 10, 20], []
[2025-01-29 13:10:07,127][__main__][INFO] - [6, 10, 21], []
[2025-01-29 13:10:07,150][__main__][INFO] - [6, 10, 22], []
[2025-01-29 13:10:07,172][__main__][INFO] - [6, 10, 23], []
[2025-01-29 13:10:07,240][__main__][INFO] - [6, 11, 16], []
[2025-01-29 13:10:07,263][__main__][INFO] - [6, 11], [16]
[2025-01-29 13:10:07,301][__main__][INFO] - [6, 11, 18], []
[2025-01-29 13:10:07,443][__main__][INFO] - [6, 12, 16], []
[2025-01-29 13:10:07,469][__main__][INFO] - [6, 12], [16]
[2025-01-29 13:10:07,510][__main__][INFO] - [6, 12, 18], []
[2025-01-29 13:10:07,533][__main__][INFO] - [6, 12, 19], []
[2025-01-29 13:10:07,600][__main__][INFO] - [6, 12, 23], []
[2025-01-29 13:10:07,674][__main__][INFO] - [6, 13, 16], []
[2025-01-29 13:10:07,697][__main__][INFO] - [6, 13], [16]
[2025-01-29 13:10:07,734][__main__][INFO] - [6, 13, 18], []
[2025-01-29 13:10:07,772][__main__][INFO] - [6, 13, 20], []
[2025-01-29 13:10:07,898][__main__][INFO] - [6, 14], [16]
[2025-01-29 13:10:08,069][__main__][INFO] - [6, 15, 16], []
[2025-01-29 13:10:08,093][__main__][INFO] - [6, 15], [16]
[2025-01-29 13:10:08,119][__main__][INFO] - [6, 15, 17], []
[2025-01-29 13:10:08,142][__main__][INFO] - [6, 15, 18], []
[2025-01-29 13:10:08,168][__main__][INFO] - [6, 15, 19], []
[2025-01-29 13:10:08,190][__main__][INFO] - [6, 15, 20], []
[2025-01-29 13:10:08,243][__main__][INFO] - [6, 15, 23], []
[2025-01-29 13:10:08,310][__main__][INFO] - [6, 16, 17], []
[2025-01-29 13:10:08,333][__main__][INFO] - [6, 16, 18], []
[2025-01-29 13:10:08,374][__main__][INFO] - [6, 16, 19], []
[2025-01-29 13:10:08,397][__main__][INFO] - [6, 16, 20], []
[2025-01-29 13:10:08,420][__main__][INFO] - [6, 16, 21], []
[2025-01-29 13:10:08,442][__main__][INFO] - [6, 16, 22], []
[2025-01-29 13:10:08,464][__main__][INFO] - [6, 16, 23], []
[2025-01-29 13:10:08,534][__main__][INFO] - [6, 17], [16]
[2025-01-29 13:10:08,558][__main__][INFO] - [6, 18], [16]
[2025-01-29 13:10:08,602][__main__][INFO] - [6, 19], [16]
[2025-01-29 13:10:08,625][__main__][INFO] - [6, 20], [16]
[2025-01-29 13:10:08,648][__main__][INFO] - [6, 21], [16]
[2025-01-29 13:10:08,670][__main__][INFO] - [6, 22], [16]
[2025-01-29 13:10:08,692][__main__][INFO] - [6, 23], [16]
[2025-01-29 13:10:08,777][__main__][INFO] - [7, 10, 16], []
[2025-01-29 13:10:08,805][__main__][INFO] - [7, 10], [16]
[2025-01-29 13:10:08,836][__main__][INFO] - [7, 10, 17], []
[2025-01-29 13:10:08,858][__main__][INFO] - [7, 10, 18], []
[2025-01-29 13:10:08,893][__main__][INFO] - [7, 10, 19], []
[2025-01-29 13:10:08,916][__main__][INFO] - [7, 10, 20], []
[2025-01-29 13:10:08,939][__main__][INFO] - [7, 10, 21], []
[2025-01-29 13:10:08,977][__main__][INFO] - [7, 10, 23], []
[2025-01-29 13:10:09,044][__main__][INFO] - [7, 11, 16], []
[2025-01-29 13:10:09,067][__main__][INFO] - [7, 11], [16]
[2025-01-29 13:10:09,104][__main__][INFO] - [7, 11, 18], []
[2025-01-29 13:10:09,247][__main__][INFO] - [7, 12, 16], []
[2025-01-29 13:10:09,270][__main__][INFO] - [7, 12], [16]
[2025-01-29 13:10:09,309][__main__][INFO] - [7, 12, 18], []
[2025-01-29 13:10:09,331][__main__][INFO] - [7, 12, 19], []
[2025-01-29 13:10:09,399][__main__][INFO] - [7, 12, 23], []
[2025-01-29 13:10:09,482][__main__][INFO] - [7, 13], [16]
[2025-01-29 13:10:09,519][__main__][INFO] - [7, 13, 18], []
[2025-01-29 13:10:09,838][__main__][INFO] - [7, 15, 16], []
[2025-01-29 13:10:09,861][__main__][INFO] - [7, 15], [16]
[2025-01-29 13:10:09,884][__main__][INFO] - [7, 15, 17], []
[2025-01-29 13:10:09,907][__main__][INFO] - [7, 15, 18], []
[2025-01-29 13:10:09,930][__main__][INFO] - [7, 15, 19], []
[2025-01-29 13:10:10,056][__main__][INFO] - [7, 16, 17], []
[2025-01-29 13:10:10,078][__main__][INFO] - [7, 16, 18], []
[2025-01-29 13:10:10,105][__main__][INFO] - [7, 16, 19], []
[2025-01-29 13:10:10,127][__main__][INFO] - [7, 16, 20], []
[2025-01-29 13:10:10,149][__main__][INFO] - [7, 16, 21], []
[2025-01-29 13:10:10,186][__main__][INFO] - [7, 16, 23], []
[2025-01-29 13:10:10,254][__main__][INFO] - [7, 17], [16]
[2025-01-29 13:10:10,276][__main__][INFO] - [7, 18], [16]
[2025-01-29 13:10:10,306][__main__][INFO] - [7, 19], [16]
[2025-01-29 13:10:10,328][__main__][INFO] - [7, 20], [16]
[2025-01-29 13:10:10,351][__main__][INFO] - [7, 21], [16]
[2025-01-29 13:10:10,388][__main__][INFO] - [7, 23], [16]
[2025-01-29 13:10:10,469][__main__][INFO] - [8, 10, 16], []
[2025-01-29 13:10:10,493][__main__][INFO] - [8, 10], [16]
[2025-01-29 13:10:10,531][__main__][INFO] - [8, 10, 18], []
[2025-01-29 13:10:10,556][__main__][INFO] - [8, 10, 19], []
[2025-01-29 13:10:10,578][__main__][INFO] - [8, 10, 20], []
[2025-01-29 13:10:10,630][__main__][INFO] - [8, 10, 23], []
[2025-01-29 13:10:10,697][__main__][INFO] - [8, 11, 16], []
[2025-01-29 13:10:10,720][__main__][INFO] - [8, 11], [16]
[2025-01-29 13:10:10,756][__main__][INFO] - [8, 11, 18], []
[2025-01-29 13:10:10,897][__main__][INFO] - [8, 12, 16], []
[2025-01-29 13:10:10,920][__main__][INFO] - [8, 12], [16]
[2025-01-29 13:10:10,957][__main__][INFO] - [8, 12, 18], []
[2025-01-29 13:10:11,039][__main__][INFO] - [8, 12, 23], []
[2025-01-29 13:10:11,135][__main__][INFO] - [8, 15, 16], []
[2025-01-29 13:10:11,157][__main__][INFO] - [8, 15], [16]
[2025-01-29 13:10:11,194][__main__][INFO] - [8, 15, 18], []
[2025-01-29 13:10:11,350][__main__][INFO] - [8, 16, 18], []
[2025-01-29 13:10:11,373][__main__][INFO] - [8, 16, 19], []
[2025-01-29 13:10:11,395][__main__][INFO] - [8, 16, 20], []
[2025-01-29 13:10:11,447][__main__][INFO] - [8, 16, 23], []
[2025-01-29 13:10:11,514][__main__][INFO] - [8, 17], [16]
[2025-01-29 13:10:11,536][__main__][INFO] - [8, 18], [16]
[2025-01-29 13:10:11,560][__main__][INFO] - [8, 19], [16]
[2025-01-29 13:10:11,581][__main__][INFO] - [8, 20], [16]
[2025-01-29 13:10:11,633][__main__][INFO] - [8, 23], [16]
[2025-01-29 13:10:11,714][__main__][INFO] - [9, 10, 16], []
[2025-01-29 13:10:11,737][__main__][INFO] - [9, 10], [16]
[2025-01-29 13:10:11,774][__main__][INFO] - [9, 10, 18], []
[2025-01-29 13:10:12,167][__main__][INFO] - [9, 16, 18], []
[2025-01-29 13:10:12,323][__main__][INFO] - [9, 18], [16]
[2025-01-29 13:10:12,478][__main__][INFO] - [10, 16, 17], []
[2025-01-29 13:10:12,524][__main__][INFO] - [10, 16, 18], []
[2025-01-29 13:10:12,813][__main__][INFO] - [10, 16, 19], []
[2025-01-29 13:10:12,848][__main__][INFO] - [10, 16, 20], []
[2025-01-29 13:10:12,885][__main__][INFO] - [10, 16, 21], []
[2025-01-29 13:10:12,909][__main__][INFO] - [10, 16, 22], []
[2025-01-29 13:10:12,932][__main__][INFO] - [10, 16, 23], []
[2025-01-29 13:10:12,972][__main__][INFO] - [10, 16, 24], []
[2025-01-29 13:10:13,025][__main__][INFO] - [10, 17], [16]
[2025-01-29 13:10:13,072][__main__][INFO] - [10, 18], [16]
[2025-01-29 13:10:13,390][__main__][INFO] - [10, 19], [16]
[2025-01-29 13:10:13,425][__main__][INFO] - [10, 20], [16]
[2025-01-29 13:10:13,461][__main__][INFO] - [10, 21], [16]
[2025-01-29 13:10:13,485][__main__][INFO] - [10, 22], [16]
[2025-01-29 13:10:13,508][__main__][INFO] - [10, 23], [16]
[2025-01-29 13:10:13,549][__main__][INFO] - [10, 24], [16]
[2025-01-29 13:10:13,616][__main__][INFO] - [11, 16, 17], []
[2025-01-29 13:10:13,638][__main__][INFO] - [11, 16, 18], []
[2025-01-29 13:10:13,668][__main__][INFO] - [11, 16, 19], []
[2025-01-29 13:10:13,690][__main__][INFO] - [11, 16, 20], []
[2025-01-29 13:10:13,742][__main__][INFO] - [11, 16, 23], []
[2025-01-29 13:10:13,809][__main__][INFO] - [11, 17], [16]
[2025-01-29 13:10:13,831][__main__][INFO] - [11, 18], [16]
[2025-01-29 13:10:13,863][__main__][INFO] - [11, 19], [16]
[2025-01-29 13:10:13,885][__main__][INFO] - [11, 20], [16]
[2025-01-29 13:10:13,937][__main__][INFO] - [11, 23], [16]
[2025-01-29 13:10:14,018][__main__][INFO] - [12, 16, 17], []
[2025-01-29 13:10:14,040][__main__][INFO] - [12, 16, 18], []
[2025-01-29 13:10:14,064][__main__][INFO] - [12, 16, 19], []
[2025-01-29 13:10:14,131][__main__][INFO] - [12, 16, 23], []
[2025-01-29 13:10:14,252][__main__][INFO] - [12, 17], [16]
[2025-01-29 13:10:14,275][__main__][INFO] - [12, 18], [16]
[2025-01-29 13:10:14,301][__main__][INFO] - [12, 19], [16]
[2025-01-29 13:10:14,368][__main__][INFO] - [12, 23], [16]
[2025-01-29 13:10:14,518][__main__][INFO] - [13, 16, 18], []
[2025-01-29 13:10:14,541][__main__][INFO] - [13, 16, 19], []
[2025-01-29 13:10:14,562][__main__][INFO] - [13, 16, 20], []
[2025-01-29 13:10:14,615][__main__][INFO] - [13, 16, 23], []
[2025-01-29 13:10:14,696][__main__][INFO] - [13, 18], [16]
[2025-01-29 13:10:14,719][__main__][INFO] - [13, 19], [16]
[2025-01-29 13:10:14,741][__main__][INFO] - [13, 20], [16]
[2025-01-29 13:10:14,793][__main__][INFO] - [13, 23], [16]
[2025-01-29 13:10:14,889][__main__][INFO] - [14, 16, 18], []
[2025-01-29 13:10:14,911][__main__][INFO] - [14, 16, 19], []
[2025-01-29 13:10:14,962][__main__][INFO] - [14, 16, 22], []
[2025-01-29 13:10:14,984][__main__][INFO] - [14, 16, 23], []
[2025-01-29 13:10:15,066][__main__][INFO] - [14, 18], [16]
[2025-01-29 13:10:15,088][__main__][INFO] - [14, 19], [16]
[2025-01-29 13:10:15,139][__main__][INFO] - [14, 22], [16]
[2025-01-29 13:10:15,161][__main__][INFO] - [14, 23], [16]
[2025-01-29 13:10:15,242][__main__][INFO] - [15, 16, 17], []
[2025-01-29 13:10:15,284][__main__][INFO] - [15, 16, 18], []
[2025-01-29 13:10:15,338][__main__][INFO] - [15, 16, 19], []
[2025-01-29 13:10:15,361][__main__][INFO] - [15, 16, 20], []
[2025-01-29 13:10:15,383][__main__][INFO] - [15, 16, 21], []
[2025-01-29 13:10:15,420][__main__][INFO] - [15, 16, 23], []
[2025-01-29 13:10:15,442][__main__][INFO] - [15, 16, 24], []
[2025-01-29 13:10:15,494][__main__][INFO] - [15, 17], [16]
[2025-01-29 13:10:15,546][__main__][INFO] - [15, 18], [16]
[2025-01-29 13:10:15,612][__main__][INFO] - [15, 19], [16]
[2025-01-29 13:10:15,634][__main__][INFO] - [15, 20], [16]
[2025-01-29 13:10:15,656][__main__][INFO] - [15, 21], [16]
[2025-01-29 13:10:15,693][__main__][INFO] - [15, 23], [16]
[2025-01-29 13:10:15,715][__main__][INFO] - [15, 24], [16]
[2025-01-29 23:39:40,831][__main__][INFO] - In total, there are 1229 possible subgroups
[2025-01-29 23:39:40,860][__main__][INFO] - [0], []
[2025-01-29 23:39:41,043][__main__][INFO] - [1], []
[2025-01-29 23:39:41,275][__main__][INFO] - [2], []
[2025-01-29 23:39:41,491][__main__][INFO] - [3], []
[2025-01-29 23:39:41,664][__main__][INFO] - [4], []
[2025-01-29 23:39:41,882][__main__][INFO] - [5], []
[2025-01-29 23:39:42,070][__main__][INFO] - [6], []
[2025-01-29 23:39:42,151][__main__][INFO] - [7], []
[2025-01-29 23:39:42,189][__main__][INFO] - [8], []
[2025-01-29 23:39:42,210][__main__][INFO] - [9], []
[2025-01-29 23:39:42,228][__main__][INFO] - [10], []
[2025-01-29 23:39:43,082][__main__][INFO] - [11], []
[2025-01-29 23:39:43,124][__main__][INFO] - [12], []
[2025-01-29 23:39:43,282][__main__][INFO] - [13], []
[2025-01-29 23:39:43,306][__main__][INFO] - [14], []
[2025-01-29 23:39:43,328][__main__][INFO] - [15], []
[2025-01-29 23:39:43,511][__main__][INFO] - [16], []
[2025-01-29 23:39:44,087][__main__][INFO] - [], [16]
[2025-01-29 23:39:44,729][__main__][INFO] - [17], []
[2025-01-29 23:39:44,862][__main__][INFO] - [18], []
[2025-01-29 23:39:45,618][__main__][INFO] - [19], []
[2025-01-29 23:39:45,674][__main__][INFO] - [20], []
[2025-01-29 23:39:45,730][__main__][INFO] - [21], []
[2025-01-29 23:39:45,753][__main__][INFO] - [22], []
[2025-01-29 23:39:45,774][__main__][INFO] - [23], []
[2025-01-29 23:39:45,963][__main__][INFO] - [24], []
[2025-01-29 23:39:45,983][__main__][INFO] - [25], []
[2025-01-29 23:39:46,029][__main__][INFO] - [0, 10], []
[2025-01-29 23:39:46,186][__main__][INFO] - [0, 11], []
[2025-01-29 23:39:46,208][__main__][INFO] - [0, 12], []
[2025-01-29 23:39:46,233][__main__][INFO] - [0, 13], []
[2025-01-29 23:39:46,257][__main__][INFO] - [0, 14], []
[2025-01-29 23:39:46,277][__main__][INFO] - [0, 15], []
[2025-01-29 23:39:46,305][__main__][INFO] - [0, 16], []
[2025-01-29 23:39:46,395][__main__][INFO] - [0], [16]
[2025-01-29 23:39:46,490][__main__][INFO] - [0, 17], []
[2025-01-29 23:39:46,529][__main__][INFO] - [0, 18], []
[2025-01-29 23:39:46,635][__main__][INFO] - [0, 19], []
[2025-01-29 23:39:46,664][__main__][INFO] - [0, 20], []
[2025-01-29 23:39:46,689][__main__][INFO] - [0, 21], []
[2025-01-29 23:39:46,709][__main__][INFO] - [0, 22], []
[2025-01-29 23:39:46,729][__main__][INFO] - [0, 23], []
[2025-01-29 23:39:46,764][__main__][INFO] - [0, 24], []
[2025-01-29 23:39:46,812][__main__][INFO] - [1, 10], []
[2025-01-29 23:39:46,998][__main__][INFO] - [1, 11], []
[2025-01-29 23:39:47,022][__main__][INFO] - [1, 12], []
[2025-01-29 23:39:47,057][__main__][INFO] - [1, 13], []
[2025-01-29 23:39:47,077][__main__][INFO] - [1, 14], []
[2025-01-29 23:39:47,098][__main__][INFO] - [1, 15], []
[2025-01-29 23:39:47,135][__main__][INFO] - [1, 16], []
[2025-01-29 23:39:47,247][__main__][INFO] - [1], [16]
[2025-01-29 23:39:47,368][__main__][INFO] - [1, 17], []
[2025-01-29 23:39:47,412][__main__][INFO] - [1, 18], []
[2025-01-29 23:39:47,559][__main__][INFO] - [1, 19], []
[2025-01-29 23:39:47,588][__main__][INFO] - [1, 20], []
[2025-01-29 23:39:47,615][__main__][INFO] - [1, 21], []
[2025-01-29 23:39:47,636][__main__][INFO] - [1, 22], []
[2025-01-29 23:39:47,657][__main__][INFO] - [1, 23], []
[2025-01-29 23:39:47,703][__main__][INFO] - [1, 24], []
[2025-01-29 23:39:47,751][__main__][INFO] - [2, 10], []
[2025-01-29 23:39:47,901][__main__][INFO] - [2, 11], []
[2025-01-29 23:39:47,926][__main__][INFO] - [2, 12], []
[2025-01-29 23:39:47,968][__main__][INFO] - [2, 13], []
[2025-01-29 23:39:47,989][__main__][INFO] - [2, 14], []
[2025-01-29 23:39:48,010][__main__][INFO] - [2, 15], []
[2025-01-29 23:39:48,059][__main__][INFO] - [2, 16], []
[2025-01-29 23:39:48,163][__main__][INFO] - [2], [16]
[2025-01-29 23:39:48,282][__main__][INFO] - [2, 17], []
[2025-01-29 23:39:48,322][__main__][INFO] - [2, 18], []
[2025-01-29 23:39:48,454][__main__][INFO] - [2, 19], []
[2025-01-29 23:39:48,481][__main__][INFO] - [2, 20], []
[2025-01-29 23:39:48,506][__main__][INFO] - [2, 21], []
[2025-01-29 23:39:48,527][__main__][INFO] - [2, 22], []
[2025-01-29 23:39:48,547][__main__][INFO] - [2, 23], []
[2025-01-29 23:39:48,596][__main__][INFO] - [2, 24], []
[2025-01-29 23:39:48,645][__main__][INFO] - [3, 10], []
[2025-01-29 23:39:48,749][__main__][INFO] - [3, 11], []
[2025-01-29 23:39:48,772][__main__][INFO] - [3, 12], []
[2025-01-29 23:39:48,815][__main__][INFO] - [3, 13], []
[2025-01-29 23:39:48,836][__main__][INFO] - [3, 14], []
[2025-01-29 23:39:48,856][__main__][INFO] - [3, 15], []
[2025-01-29 23:39:48,905][__main__][INFO] - [3, 16], []
[2025-01-29 23:39:48,992][__main__][INFO] - [3], [16]
[2025-01-29 23:39:49,087][__main__][INFO] - [3, 17], []
[2025-01-29 23:39:49,122][__main__][INFO] - [3, 18], []
[2025-01-29 23:39:49,227][__main__][INFO] - [3, 19], []
[2025-01-29 23:39:49,251][__main__][INFO] - [3, 20], []
[2025-01-29 23:39:49,275][__main__][INFO] - [3, 21], []
[2025-01-29 23:39:49,296][__main__][INFO] - [3, 22], []
[2025-01-29 23:39:49,316][__main__][INFO] - [3, 23], []
[2025-01-29 23:39:49,360][__main__][INFO] - [3, 24], []
[2025-01-29 23:39:49,410][__main__][INFO] - [4, 10], []
[2025-01-29 23:39:49,542][__main__][INFO] - [4, 11], []
[2025-01-29 23:39:49,566][__main__][INFO] - [4, 12], []
[2025-01-29 23:39:49,613][__main__][INFO] - [4, 13], []
[2025-01-29 23:39:49,634][__main__][INFO] - [4, 14], []
[2025-01-29 23:39:49,654][__main__][INFO] - [4, 15], []
[2025-01-29 23:39:49,711][__main__][INFO] - [4, 16], []
[2025-01-29 23:39:49,816][__main__][INFO] - [4], [16]
[2025-01-29 23:39:49,932][__main__][INFO] - [4, 17], []
[2025-01-29 23:39:49,970][__main__][INFO] - [4, 18], []
[2025-01-29 23:39:50,111][__main__][INFO] - [4, 19], []
[2025-01-29 23:39:50,140][__main__][INFO] - [4, 20], []
[2025-01-29 23:39:50,166][__main__][INFO] - [4, 21], []
[2025-01-29 23:39:50,187][__main__][INFO] - [4, 22], []
[2025-01-29 23:39:50,207][__main__][INFO] - [4, 23], []
[2025-01-29 23:39:50,255][__main__][INFO] - [4, 24], []
[2025-01-29 23:39:50,304][__main__][INFO] - [5, 10], []
[2025-01-29 23:39:50,431][__main__][INFO] - [5, 11], []
[2025-01-29 23:39:50,455][__main__][INFO] - [5, 12], []
[2025-01-29 23:39:50,498][__main__][INFO] - [5, 13], []
[2025-01-29 23:39:50,519][__main__][INFO] - [5, 14], []
[2025-01-29 23:39:50,539][__main__][INFO] - [5, 15], []
[2025-01-29 23:39:50,582][__main__][INFO] - [5, 16], []
[2025-01-29 23:39:50,677][__main__][INFO] - [5], [16]
[2025-01-29 23:39:50,779][__main__][INFO] - [5, 17], []
[2025-01-29 23:39:50,809][__main__][INFO] - [5, 18], []
[2025-01-29 23:39:50,940][__main__][INFO] - [5, 19], []
[2025-01-29 23:39:50,963][__main__][INFO] - [5, 20], []
[2025-01-29 23:39:50,988][__main__][INFO] - [5, 21], []
[2025-01-29 23:39:51,009][__main__][INFO] - [5, 22], []
[2025-01-29 23:39:51,029][__main__][INFO] - [5, 23], []
[2025-01-29 23:39:51,072][__main__][INFO] - [5, 24], []
[2025-01-29 23:39:51,121][__main__][INFO] - [6, 10], []
[2025-01-29 23:39:51,183][__main__][INFO] - [6, 11], []
[2025-01-29 23:39:51,205][__main__][INFO] - [6, 12], []
[2025-01-29 23:39:51,232][__main__][INFO] - [6, 13], []
[2025-01-29 23:39:51,253][__main__][INFO] - [6, 14], []
[2025-01-29 23:39:51,273][__main__][INFO] - [6, 15], []
[2025-01-29 23:39:51,299][__main__][INFO] - [6, 16], []
[2025-01-29 23:39:51,346][__main__][INFO] - [6], [16]
[2025-01-29 23:39:51,398][__main__][INFO] - [6, 17], []
[2025-01-29 23:39:51,420][__main__][INFO] - [6, 18], []
[2025-01-29 23:39:51,485][__main__][INFO] - [6, 19], []
[2025-01-29 23:39:51,506][__main__][INFO] - [6, 20], []
[2025-01-29 23:39:51,528][__main__][INFO] - [6, 21], []
[2025-01-29 23:39:51,548][__main__][INFO] - [6, 22], []
[2025-01-29 23:39:51,568][__main__][INFO] - [6, 23], []
[2025-01-29 23:39:51,596][__main__][INFO] - [6, 24], []
[2025-01-29 23:39:51,645][__main__][INFO] - [7, 10], []
[2025-01-29 23:39:51,679][__main__][INFO] - [7, 11], []
[2025-01-29 23:39:51,699][__main__][INFO] - [7, 12], []
[2025-01-29 23:39:51,721][__main__][INFO] - [7, 13], []
[2025-01-29 23:39:51,744][__main__][INFO] - [7, 14], []
[2025-01-29 23:39:51,763][__main__][INFO] - [7, 15], []
[2025-01-29 23:39:51,785][__main__][INFO] - [7, 16], []
[2025-01-29 23:39:51,812][__main__][INFO] - [7], [16]
[2025-01-29 23:39:51,842][__main__][INFO] - [7, 17], []
[2025-01-29 23:39:51,863][__main__][INFO] - [7, 18], []
[2025-01-29 23:39:51,897][__main__][INFO] - [7, 19], []
[2025-01-29 23:39:51,917][__main__][INFO] - [7, 20], []
[2025-01-29 23:39:51,938][__main__][INFO] - [7, 21], []
[2025-01-29 23:39:51,972][__main__][INFO] - [7, 23], []
[2025-01-29 23:39:52,037][__main__][INFO] - [8, 10], []
[2025-01-29 23:39:52,059][__main__][INFO] - [8, 11], []
[2025-01-29 23:39:52,079][__main__][INFO] - [8, 12], []
[2025-01-29 23:39:52,128][__main__][INFO] - [8, 15], []
[2025-01-29 23:39:52,148][__main__][INFO] - [8, 16], []
[2025-01-29 23:39:52,169][__main__][INFO] - [8], [16]
[2025-01-29 23:39:52,191][__main__][INFO] - [8, 17], []
[2025-01-29 23:39:52,211][__main__][INFO] - [8, 18], []
[2025-01-29 23:39:52,234][__main__][INFO] - [8, 19], []
[2025-01-29 23:39:52,254][__main__][INFO] - [8, 20], []
[2025-01-29 23:39:52,303][__main__][INFO] - [8, 23], []
[2025-01-29 23:39:52,366][__main__][INFO] - [9, 10], []
[2025-01-29 23:39:52,401][__main__][INFO] - [9, 12], []
[2025-01-29 23:39:52,464][__main__][INFO] - [9, 16], []
[2025-01-29 23:39:52,484][__main__][INFO] - [9], [16]
[2025-01-29 23:39:52,519][__main__][INFO] - [9, 18], []
[2025-01-29 23:39:52,597][__main__][INFO] - [9, 23], []
[2025-01-29 23:39:52,661][__main__][INFO] - [10, 16], []
[2025-01-29 23:39:53,049][__main__][INFO] - [10], [16]
[2025-01-29 23:39:53,471][__main__][INFO] - [10, 17], []
[2025-01-29 23:39:53,544][__main__][INFO] - [10, 18], []
[2025-01-29 23:39:54,144][__main__][INFO] - [10, 19], []
[2025-01-29 23:39:54,192][__main__][INFO] - [10, 20], []
[2025-01-29 23:39:54,244][__main__][INFO] - [10, 21], []
[2025-01-29 23:39:54,268][__main__][INFO] - [10, 22], []
[2025-01-29 23:39:54,290][__main__][INFO] - [10, 23], []
[2025-01-29 23:39:54,350][__main__][INFO] - [10, 24], []
[2025-01-29 23:39:54,371][__main__][INFO] - [10, 25], []
[2025-01-29 23:39:54,405][__main__][INFO] - [11, 16], []
[2025-01-29 23:39:54,434][__main__][INFO] - [11], [16]
[2025-01-29 23:39:54,466][__main__][INFO] - [11, 17], []
[2025-01-29 23:39:54,486][__main__][INFO] - [11, 18], []
[2025-01-29 23:39:54,526][__main__][INFO] - [11, 19], []
[2025-01-29 23:39:54,546][__main__][INFO] - [11, 20], []
[2025-01-29 23:39:54,595][__main__][INFO] - [11, 23], []
[2025-01-29 23:39:54,659][__main__][INFO] - [12, 16], []
[2025-01-29 23:39:54,742][__main__][INFO] - [12], [16]
[2025-01-29 23:39:54,825][__main__][INFO] - [12, 17], []
[2025-01-29 23:39:54,845][__main__][INFO] - [12, 18], []
[2025-01-29 23:39:54,874][__main__][INFO] - [12, 19], []
[2025-01-29 23:39:54,896][__main__][INFO] - [12, 20], []
[2025-01-29 23:39:54,949][__main__][INFO] - [12, 23], []
[2025-01-29 23:39:55,127][__main__][INFO] - [13, 16], []
[2025-01-29 23:39:55,150][__main__][INFO] - [13], [16]
[2025-01-29 23:39:55,172][__main__][INFO] - [13, 17], []
[2025-01-29 23:39:55,192][__main__][INFO] - [13, 18], []
[2025-01-29 23:39:55,214][__main__][INFO] - [13, 19], []
[2025-01-29 23:39:55,233][__main__][INFO] - [13, 20], []
[2025-01-29 23:39:55,285][__main__][INFO] - [13, 23], []
[2025-01-29 23:39:55,349][__main__][INFO] - [14, 16], []
[2025-01-29 23:39:55,371][__main__][INFO] - [14], [16]
[2025-01-29 23:39:55,407][__main__][INFO] - [14, 18], []
[2025-01-29 23:39:55,427][__main__][INFO] - [14, 19], []
[2025-01-29 23:39:55,477][__main__][INFO] - [14, 22], []
[2025-01-29 23:39:55,497][__main__][INFO] - [14, 23], []
[2025-01-29 23:39:55,561][__main__][INFO] - [15, 16], []
[2025-01-29 23:39:55,646][__main__][INFO] - [15], [16]
[2025-01-29 23:39:55,753][__main__][INFO] - [15, 17], []
[2025-01-29 23:39:55,826][__main__][INFO] - [15, 18], []
[2025-01-29 23:39:55,929][__main__][INFO] - [15, 19], []
[2025-01-29 23:39:55,951][__main__][INFO] - [15, 20], []
[2025-01-29 23:39:55,972][__main__][INFO] - [15, 21], []
[2025-01-29 23:39:55,993][__main__][INFO] - [15, 22], []
[2025-01-29 23:39:56,013][__main__][INFO] - [15, 23], []
[2025-01-29 23:39:56,033][__main__][INFO] - [15, 24], []
[2025-01-29 23:39:56,083][__main__][INFO] - [16, 17], []
[2025-01-29 23:39:56,148][__main__][INFO] - [16, 18], []
[2025-01-29 23:39:56,483][__main__][INFO] - [16, 19], []
[2025-01-29 23:39:56,521][__main__][INFO] - [16, 20], []
[2025-01-29 23:39:56,558][__main__][INFO] - [16, 21], []
[2025-01-29 23:39:56,580][__main__][INFO] - [16, 22], []
[2025-01-29 23:39:56,601][__main__][INFO] - [16, 23], []
[2025-01-29 23:39:56,699][__main__][INFO] - [16, 24], []
[2025-01-29 23:39:56,750][__main__][INFO] - [17], [16]
[2025-01-29 23:39:56,826][__main__][INFO] - [18], [16]
[2025-01-29 23:39:57,224][__main__][INFO] - [19], [16]
[2025-01-29 23:39:57,261][__main__][INFO] - [20], [16]
[2025-01-29 23:39:57,298][__main__][INFO] - [21], [16]
[2025-01-29 23:39:57,320][__main__][INFO] - [22], [16]
[2025-01-29 23:39:57,341][__main__][INFO] - [23], [16]
[2025-01-29 23:39:57,436][__main__][INFO] - [24], [16]
[2025-01-29 23:39:57,515][__main__][INFO] - [0, 10, 16], []
[2025-01-29 23:39:57,600][__main__][INFO] - [0, 10], [16]
[2025-01-29 23:39:57,686][__main__][INFO] - [0, 10, 17], []
[2025-01-29 23:39:57,724][__main__][INFO] - [0, 10, 18], []
[2025-01-29 23:39:57,825][__main__][INFO] - [0, 10, 19], []
[2025-01-29 23:39:57,856][__main__][INFO] - [0, 10, 20], []
[2025-01-29 23:39:57,883][__main__][INFO] - [0, 10, 21], []
[2025-01-29 23:39:57,907][__main__][INFO] - [0, 10, 22], []
[2025-01-29 23:39:57,928][__main__][INFO] - [0, 10, 23], []
[2025-01-29 23:39:57,960][__main__][INFO] - [0, 10, 24], []
[2025-01-29 23:39:58,013][__main__][INFO] - [0, 11, 16], []
[2025-01-29 23:39:58,036][__main__][INFO] - [0, 11], [16]
[2025-01-29 23:39:58,074][__main__][INFO] - [0, 11, 18], []
[2025-01-29 23:39:58,097][__main__][INFO] - [0, 11, 19], []
[2025-01-29 23:39:58,164][__main__][INFO] - [0, 11, 23], []
[2025-01-29 23:39:58,232][__main__][INFO] - [0, 12, 16], []
[2025-01-29 23:39:58,257][__main__][INFO] - [0, 12], [16]
[2025-01-29 23:39:58,297][__main__][INFO] - [0, 12, 18], []
[2025-01-29 23:39:58,320][__main__][INFO] - [0, 12, 19], []
[2025-01-29 23:39:58,387][__main__][INFO] - [0, 12, 23], []
[2025-01-29 23:39:58,459][__main__][INFO] - [0, 13, 16], []
[2025-01-29 23:39:58,481][__main__][INFO] - [0, 13], [16]
[2025-01-29 23:39:58,519][__main__][INFO] - [0, 13, 18], []
[2025-01-29 23:39:58,556][__main__][INFO] - [0, 13, 20], []
[2025-01-29 23:39:58,669][__main__][INFO] - [0, 14, 16], []
[2025-01-29 23:39:58,690][__main__][INFO] - [0, 14], [16]
[2025-01-29 23:39:58,728][__main__][INFO] - [0, 14, 18], []
[2025-01-29 23:39:58,794][__main__][INFO] - [0, 14, 22], []
[2025-01-29 23:39:58,876][__main__][INFO] - [0, 15, 16], []
[2025-01-29 23:39:58,902][__main__][INFO] - [0, 15], [16]
[2025-01-29 23:39:58,928][__main__][INFO] - [0, 15, 17], []
[2025-01-29 23:39:58,953][__main__][INFO] - [0, 15, 18], []
[2025-01-29 23:39:58,978][__main__][INFO] - [0, 15, 19], []
[2025-01-29 23:39:59,001][__main__][INFO] - [0, 15, 20], []
[2025-01-29 23:39:59,023][__main__][INFO] - [0, 15, 21], []
[2025-01-29 23:39:59,060][__main__][INFO] - [0, 15, 23], []
[2025-01-29 23:39:59,128][__main__][INFO] - [0, 16, 17], []
[2025-01-29 23:39:59,158][__main__][INFO] - [0, 16, 18], []
[2025-01-29 23:39:59,220][__main__][INFO] - [0, 16, 19], []
[2025-01-29 23:39:59,246][__main__][INFO] - [0, 16, 20], []
[2025-01-29 23:39:59,271][__main__][INFO] - [0, 16, 21], []
[2025-01-29 23:39:59,293][__main__][INFO] - [0, 16, 22], []
[2025-01-29 23:39:59,315][__main__][INFO] - [0, 16, 23], []
[2025-01-29 23:39:59,344][__main__][INFO] - [0, 16, 24], []
[2025-01-29 23:39:59,396][__main__][INFO] - [0, 17], [16]
[2025-01-29 23:39:59,427][__main__][INFO] - [0, 18], [16]
[2025-01-29 23:39:59,491][__main__][INFO] - [0, 19], [16]
[2025-01-29 23:39:59,516][__main__][INFO] - [0, 20], [16]
[2025-01-29 23:39:59,541][__main__][INFO] - [0, 21], [16]
[2025-01-29 23:39:59,563][__main__][INFO] - [0, 22], [16]
[2025-01-29 23:39:59,585][__main__][INFO] - [0, 23], [16]
[2025-01-29 23:39:59,615][__main__][INFO] - [0, 24], [16]
[2025-01-29 23:39:59,681][__main__][INFO] - [1, 10, 16], []
[2025-01-29 23:39:59,774][__main__][INFO] - [1, 10], [16]
[2025-01-29 23:39:59,875][__main__][INFO] - [1, 10, 17], []
[2025-01-29 23:39:59,914][__main__][INFO] - [1, 10, 18], []
[2025-01-29 23:40:00,035][__main__][INFO] - [1, 10, 19], []
[2025-01-29 23:40:00,065][__main__][INFO] - [1, 10, 20], []
[2025-01-29 23:40:00,093][__main__][INFO] - [1, 10, 21], []
[2025-01-29 23:40:00,116][__main__][INFO] - [1, 10, 22], []
[2025-01-29 23:40:00,139][__main__][INFO] - [1, 10, 23], []
[2025-01-29 23:40:00,174][__main__][INFO] - [1, 10, 24], []
[2025-01-29 23:40:00,226][__main__][INFO] - [1, 11, 16], []
[2025-01-29 23:40:00,250][__main__][INFO] - [1, 11], [16]
[2025-01-29 23:40:00,289][__main__][INFO] - [1, 11, 18], []
[2025-01-29 23:40:00,314][__main__][INFO] - [1, 11, 19], []
[2025-01-29 23:40:00,337][__main__][INFO] - [1, 11, 20], []
[2025-01-29 23:40:00,390][__main__][INFO] - [1, 11, 23], []
[2025-01-29 23:40:00,457][__main__][INFO] - [1, 12, 16], []
[2025-01-29 23:40:00,486][__main__][INFO] - [1, 12], [16]
[2025-01-29 23:40:00,531][__main__][INFO] - [1, 12, 18], []
[2025-01-29 23:40:00,554][__main__][INFO] - [1, 12, 19], []
[2025-01-29 23:40:00,622][__main__][INFO] - [1, 12, 23], []
[2025-01-29 23:40:00,702][__main__][INFO] - [1, 13, 16], []
[2025-01-29 23:40:00,725][__main__][INFO] - [1, 13], [16]
[2025-01-29 23:40:00,762][__main__][INFO] - [1, 13, 18], []
[2025-01-29 23:40:00,800][__main__][INFO] - [1, 13, 20], []
[2025-01-29 23:40:00,913][__main__][INFO] - [1, 14, 16], []
[2025-01-29 23:40:00,936][__main__][INFO] - [1, 14], [16]
[2025-01-29 23:40:00,973][__main__][INFO] - [1, 14, 18], []
[2025-01-29 23:40:01,041][__main__][INFO] - [1, 14, 22], []
[2025-01-29 23:40:01,063][__main__][INFO] - [1, 14, 23], []
[2025-01-29 23:40:01,130][__main__][INFO] - [1, 15, 16], []
[2025-01-29 23:40:01,160][__main__][INFO] - [1, 15], [16]
[2025-01-29 23:40:01,192][__main__][INFO] - [1, 15, 17], []
[2025-01-29 23:40:01,219][__main__][INFO] - [1, 15, 18], []
[2025-01-29 23:40:01,251][__main__][INFO] - [1, 15, 19], []
[2025-01-29 23:40:01,273][__main__][INFO] - [1, 15, 20], []
[2025-01-29 23:40:01,296][__main__][INFO] - [1, 15, 21], []
[2025-01-29 23:40:01,333][__main__][INFO] - [1, 15, 23], []
[2025-01-29 23:40:01,356][__main__][INFO] - [1, 15, 24], []
[2025-01-29 23:40:01,408][__main__][INFO] - [1, 16, 17], []
[2025-01-29 23:40:01,440][__main__][INFO] - [1, 16, 18], []
[2025-01-29 23:40:01,511][__main__][INFO] - [1, 16, 19], []
[2025-01-29 23:40:01,537][__main__][INFO] - [1, 16, 20], []
[2025-01-29 23:40:01,563][__main__][INFO] - [1, 16, 21], []
[2025-01-29 23:40:01,585][__main__][INFO] - [1, 16, 22], []
[2025-01-29 23:40:01,608][__main__][INFO] - [1, 16, 23], []
[2025-01-29 23:40:01,642][__main__][INFO] - [1, 16, 24], []
[2025-01-29 23:40:01,694][__main__][INFO] - [1, 17], [16]
[2025-01-29 23:40:01,728][__main__][INFO] - [1, 18], [16]
[2025-01-29 23:40:01,808][__main__][INFO] - [1, 19], [16]
[2025-01-29 23:40:01,834][__main__][INFO] - [1, 20], [16]
[2025-01-29 23:40:01,859][__main__][INFO] - [1, 21], [16]
[2025-01-29 23:40:01,881][__main__][INFO] - [1, 22], [16]
[2025-01-29 23:40:01,904][__main__][INFO] - [1, 23], [16]
[2025-01-29 23:40:01,939][__main__][INFO] - [1, 24], [16]
[2025-01-29 23:40:02,006][__main__][INFO] - [2, 10, 16], []
[2025-01-29 23:40:02,083][__main__][INFO] - [2, 10], [16]
[2025-01-29 23:40:02,168][__main__][INFO] - [2, 10, 17], []
[2025-01-29 23:40:02,199][__main__][INFO] - [2, 10, 18], []
[2025-01-29 23:40:02,307][__main__][INFO] - [2, 10, 19], []
[2025-01-29 23:40:02,335][__main__][INFO] - [2, 10, 20], []
[2025-01-29 23:40:02,362][__main__][INFO] - [2, 10, 21], []
[2025-01-29 23:40:02,385][__main__][INFO] - [2, 10, 22], []
[2025-01-29 23:40:02,408][__main__][INFO] - [2, 10, 23], []
[2025-01-29 23:40:02,439][__main__][INFO] - [2, 10, 24], []
[2025-01-29 23:40:02,491][__main__][INFO] - [2, 11, 16], []
[2025-01-29 23:40:02,516][__main__][INFO] - [2, 11], [16]
[2025-01-29 23:40:02,559][__main__][INFO] - [2, 11, 18], []
[2025-01-29 23:40:02,585][__main__][INFO] - [2, 11, 19], []
[2025-01-29 23:40:02,653][__main__][INFO] - [2, 11, 23], []
[2025-01-29 23:40:02,721][__main__][INFO] - [2, 12, 16], []
[2025-01-29 23:40:02,752][__main__][INFO] - [2, 12], [16]
[2025-01-29 23:40:02,801][__main__][INFO] - [2, 12, 18], []
[2025-01-29 23:40:02,825][__main__][INFO] - [2, 12, 19], []
[2025-01-29 23:40:02,892][__main__][INFO] - [2, 12, 23], []
[2025-01-29 23:40:02,978][__main__][INFO] - [2, 13, 16], []
[2025-01-29 23:40:03,001][__main__][INFO] - [2, 13], [16]
[2025-01-29 23:40:03,039][__main__][INFO] - [2, 13, 18], []
[2025-01-29 23:40:03,076][__main__][INFO] - [2, 13, 20], []
[2025-01-29 23:40:03,129][__main__][INFO] - [2, 13, 23], []
[2025-01-29 23:40:03,196][__main__][INFO] - [2, 14, 16], []
[2025-01-29 23:40:03,219][__main__][INFO] - [2, 14], [16]
[2025-01-29 23:40:03,256][__main__][INFO] - [2, 14, 18], []
[2025-01-29 23:40:03,323][__main__][INFO] - [2, 14, 22], []
[2025-01-29 23:40:03,346][__main__][INFO] - [2, 14, 23], []
[2025-01-29 23:40:03,413][__main__][INFO] - [2, 15, 16], []
[2025-01-29 23:40:03,445][__main__][INFO] - [2, 15], [16]
[2025-01-29 23:40:03,483][__main__][INFO] - [2, 15, 17], []
[2025-01-29 23:40:03,515][__main__][INFO] - [2, 15, 18], []
[2025-01-29 23:40:03,552][__main__][INFO] - [2, 15, 19], []
[2025-01-29 23:40:03,574][__main__][INFO] - [2, 15, 20], []
[2025-01-29 23:40:03,597][__main__][INFO] - [2, 15, 21], []
[2025-01-29 23:40:03,634][__main__][INFO] - [2, 15, 23], []
[2025-01-29 23:40:03,657][__main__][INFO] - [2, 15, 24], []
[2025-01-29 23:40:03,709][__main__][INFO] - [2, 16, 17], []
[2025-01-29 23:40:03,740][__main__][INFO] - [2, 16, 18], []
[2025-01-29 23:40:03,807][__main__][INFO] - [2, 16, 19], []
[2025-01-29 23:40:03,832][__main__][INFO] - [2, 16, 20], []
[2025-01-29 23:40:03,856][__main__][INFO] - [2, 16, 21], []
[2025-01-29 23:40:03,879][__main__][INFO] - [2, 16, 22], []
[2025-01-29 23:40:03,901][__main__][INFO] - [2, 16, 23], []
[2025-01-29 23:40:03,937][__main__][INFO] - [2, 16, 24], []
[2025-01-29 23:40:03,989][__main__][INFO] - [2, 17], [16]
[2025-01-29 23:40:04,022][__main__][INFO] - [2, 18], [16]
[2025-01-29 23:40:04,101][__main__][INFO] - [2, 19], [16]
[2025-01-29 23:40:04,127][__main__][INFO] - [2, 20], [16]
[2025-01-29 23:40:04,151][__main__][INFO] - [2, 21], [16]
[2025-01-29 23:40:04,174][__main__][INFO] - [2, 22], [16]
[2025-01-29 23:40:04,196][__main__][INFO] - [2, 23], [16]
[2025-01-29 23:40:04,232][__main__][INFO] - [2, 24], [16]
[2025-01-29 23:40:04,299][__main__][INFO] - [3, 10, 16], []
[2025-01-29 23:40:04,359][__main__][INFO] - [3, 10], [16]
[2025-01-29 23:40:04,421][__main__][INFO] - [3, 10, 17], []
[2025-01-29 23:40:04,448][__main__][INFO] - [3, 10, 18], []
[2025-01-29 23:40:04,530][__main__][INFO] - [3, 10, 19], []
[2025-01-29 23:40:04,555][__main__][INFO] - [3, 10, 20], []
[2025-01-29 23:40:04,582][__main__][INFO] - [3, 10, 21], []
[2025-01-29 23:40:04,605][__main__][INFO] - [3, 10, 22], []
[2025-01-29 23:40:04,628][__main__][INFO] - [3, 10, 23], []
[2025-01-29 23:40:04,654][__main__][INFO] - [3, 10, 24], []
[2025-01-29 23:40:04,706][__main__][INFO] - [3, 11, 16], []
[2025-01-29 23:40:04,730][__main__][INFO] - [3, 11], [16]
[2025-01-29 23:40:04,769][__main__][INFO] - [3, 11, 18], []
[2025-01-29 23:40:04,795][__main__][INFO] - [3, 11, 19], []
[2025-01-29 23:40:04,862][__main__][INFO] - [3, 11, 23], []
[2025-01-29 23:40:04,929][__main__][INFO] - [3, 12, 16], []
[2025-01-29 23:40:04,962][__main__][INFO] - [3, 12], [16]
[2025-01-29 23:40:05,010][__main__][INFO] - [3, 12, 18], []
[2025-01-29 23:40:05,034][__main__][INFO] - [3, 12, 19], []
[2025-01-29 23:40:05,101][__main__][INFO] - [3, 12, 23], []
[2025-01-29 23:40:05,189][__main__][INFO] - [3, 13, 16], []
[2025-01-29 23:40:05,212][__main__][INFO] - [3, 13], [16]
[2025-01-29 23:40:05,250][__main__][INFO] - [3, 13, 18], []
[2025-01-29 23:40:05,288][__main__][INFO] - [3, 13, 20], []
[2025-01-29 23:40:05,340][__main__][INFO] - [3, 13, 23], []
[2025-01-29 23:40:05,407][__main__][INFO] - [3, 14, 16], []
[2025-01-29 23:40:05,430][__main__][INFO] - [3, 14], [16]
[2025-01-29 23:40:05,467][__main__][INFO] - [3, 14, 18], []
[2025-01-29 23:40:05,490][__main__][INFO] - [3, 14, 19], []
[2025-01-29 23:40:05,542][__main__][INFO] - [3, 14, 22], []
[2025-01-29 23:40:05,565][__main__][INFO] - [3, 14, 23], []
[2025-01-29 23:40:05,632][__main__][INFO] - [3, 15, 16], []
[2025-01-29 23:40:05,666][__main__][INFO] - [3, 15], [16]
[2025-01-29 23:40:05,703][__main__][INFO] - [3, 15, 17], []
[2025-01-29 23:40:05,735][__main__][INFO] - [3, 15, 18], []
[2025-01-29 23:40:05,772][__main__][INFO] - [3, 15, 19], []
[2025-01-29 23:40:05,795][__main__][INFO] - [3, 15, 20], []
[2025-01-29 23:40:05,818][__main__][INFO] - [3, 15, 21], []
[2025-01-29 23:40:05,855][__main__][INFO] - [3, 15, 23], []
[2025-01-29 23:40:05,878][__main__][INFO] - [3, 15, 24], []
[2025-01-29 23:40:05,930][__main__][INFO] - [3, 16, 17], []
[2025-01-29 23:40:05,958][__main__][INFO] - [3, 16, 18], []
[2025-01-29 23:40:06,020][__main__][INFO] - [3, 16, 19], []
[2025-01-29 23:40:06,051][__main__][INFO] - [3, 16, 20], []
[2025-01-29 23:40:06,076][__main__][INFO] - [3, 16, 21], []
[2025-01-29 23:40:06,099][__main__][INFO] - [3, 16, 22], []
[2025-01-29 23:40:06,122][__main__][INFO] - [3, 16, 23], []
[2025-01-29 23:40:06,156][__main__][INFO] - [3, 16, 24], []
[2025-01-29 23:40:06,209][__main__][INFO] - [3, 17], [16]
[2025-01-29 23:40:06,239][__main__][INFO] - [3, 18], [16]
[2025-01-29 23:40:06,304][__main__][INFO] - [3, 19], [16]
[2025-01-29 23:40:06,328][__main__][INFO] - [3, 20], [16]
[2025-01-29 23:40:06,352][__main__][INFO] - [3, 21], [16]
[2025-01-29 23:40:06,375][__main__][INFO] - [3, 22], [16]
[2025-01-29 23:40:06,397][__main__][INFO] - [3, 23], [16]
[2025-01-29 23:40:06,431][__main__][INFO] - [3, 24], [16]
[2025-01-29 23:40:06,498][__main__][INFO] - [4, 10, 16], []
[2025-01-29 23:40:06,568][__main__][INFO] - [4, 10], [16]
[2025-01-29 23:40:06,644][__main__][INFO] - [4, 10, 17], []
[2025-01-29 23:40:06,670][__main__][INFO] - [4, 10, 18], []
[2025-01-29 23:40:06,778][__main__][INFO] - [4, 10, 19], []
[2025-01-29 23:40:06,803][__main__][INFO] - [4, 10, 20], []
[2025-01-29 23:40:06,830][__main__][INFO] - [4, 10, 21], []
[2025-01-29 23:40:06,853][__main__][INFO] - [4, 10, 22], []
[2025-01-29 23:40:06,876][__main__][INFO] - [4, 10, 23], []
[2025-01-29 23:40:06,901][__main__][INFO] - [4, 10, 24], []
[2025-01-29 23:40:06,953][__main__][INFO] - [4, 11, 16], []
[2025-01-29 23:40:06,977][__main__][INFO] - [4, 11], [16]
[2025-01-29 23:40:07,017][__main__][INFO] - [4, 11, 18], []
[2025-01-29 23:40:07,043][__main__][INFO] - [4, 11, 19], []
[2025-01-29 23:40:07,066][__main__][INFO] - [4, 11, 20], []
[2025-01-29 23:40:07,118][__main__][INFO] - [4, 11, 23], []
[2025-01-29 23:40:07,185][__main__][INFO] - [4, 12, 16], []
[2025-01-29 23:40:07,221][__main__][INFO] - [4, 12], [16]
[2025-01-29 23:40:07,270][__main__][INFO] - [4, 12, 18], []
[2025-01-29 23:40:07,295][__main__][INFO] - [4, 12, 19], []
[2025-01-29 23:40:07,362][__main__][INFO] - [4, 12, 23], []
[2025-01-29 23:40:07,453][__main__][INFO] - [4, 13, 16], []
[2025-01-29 23:40:07,476][__main__][INFO] - [4, 13], [16]
[2025-01-29 23:40:07,514][__main__][INFO] - [4, 13, 18], []
[2025-01-29 23:40:07,552][__main__][INFO] - [4, 13, 20], []
[2025-01-29 23:40:07,605][__main__][INFO] - [4, 13, 23], []
[2025-01-29 23:40:07,673][__main__][INFO] - [4, 14, 16], []
[2025-01-29 23:40:07,696][__main__][INFO] - [4, 14], [16]
[2025-01-29 23:40:07,733][__main__][INFO] - [4, 14, 18], []
[2025-01-29 23:40:07,755][__main__][INFO] - [4, 14, 19], []
[2025-01-29 23:40:07,808][__main__][INFO] - [4, 14, 22], []
[2025-01-29 23:40:07,890][__main__][INFO] - [4, 15, 16], []
[2025-01-29 23:40:07,927][__main__][INFO] - [4, 15], [16]
[2025-01-29 23:40:07,969][__main__][INFO] - [4, 15, 17], []
[2025-01-29 23:40:08,004][__main__][INFO] - [4, 15, 18], []
[2025-01-29 23:40:08,044][__main__][INFO] - [4, 15, 19], []
[2025-01-29 23:40:08,067][__main__][INFO] - [4, 15, 20], []
[2025-01-29 23:40:08,089][__main__][INFO] - [4, 15, 21], []
[2025-01-29 23:40:08,127][__main__][INFO] - [4, 15, 23], []
[2025-01-29 23:40:08,150][__main__][INFO] - [4, 15, 24], []
[2025-01-29 23:40:08,202][__main__][INFO] - [4, 16, 17], []
[2025-01-29 23:40:08,231][__main__][INFO] - [4, 16, 18], []
[2025-01-29 23:40:08,301][__main__][INFO] - [4, 16, 19], []
[2025-01-29 23:40:08,325][__main__][INFO] - [4, 16, 20], []
[2025-01-29 23:40:08,350][__main__][INFO] - [4, 16, 21], []
[2025-01-29 23:40:08,372][__main__][INFO] - [4, 16, 22], []
[2025-01-29 23:40:08,395][__main__][INFO] - [4, 16, 23], []
[2025-01-29 23:40:08,431][__main__][INFO] - [4, 16, 24], []
[2025-01-29 23:40:08,483][__main__][INFO] - [4, 17], [16]
[2025-01-29 23:40:08,514][__main__][INFO] - [4, 18], [16]
[2025-01-29 23:40:08,597][__main__][INFO] - [4, 19], [16]
[2025-01-29 23:40:08,621][__main__][INFO] - [4, 20], [16]
[2025-01-29 23:40:08,646][__main__][INFO] - [4, 21], [16]
[2025-01-29 23:40:08,668][__main__][INFO] - [4, 22], [16]
[2025-01-29 23:40:08,691][__main__][INFO] - [4, 23], [16]
[2025-01-29 23:40:08,725][__main__][INFO] - [4, 24], [16]
[2025-01-29 23:40:08,792][__main__][INFO] - [5, 10, 16], []
[2025-01-29 23:40:08,861][__main__][INFO] - [5, 10], [16]
[2025-01-29 23:40:08,935][__main__][INFO] - [5, 10, 17], []
[2025-01-29 23:40:08,960][__main__][INFO] - [5, 10, 18], []
[2025-01-29 23:40:09,068][__main__][INFO] - [5, 10, 19], []
[2025-01-29 23:40:09,093][__main__][INFO] - [5, 10, 20], []
[2025-01-29 23:40:09,120][__main__][INFO] - [5, 10, 21], []
[2025-01-29 23:40:09,143][__main__][INFO] - [5, 10, 22], []
[2025-01-29 23:40:09,165][__main__][INFO] - [5, 10, 23], []
[2025-01-29 23:40:09,190][__main__][INFO] - [5, 10, 24], []
[2025-01-29 23:40:09,242][__main__][INFO] - [5, 11, 16], []
[2025-01-29 23:40:09,266][__main__][INFO] - [5, 11], [16]
[2025-01-29 23:40:09,306][__main__][INFO] - [5, 11, 18], []
[2025-01-29 23:40:09,332][__main__][INFO] - [5, 11, 19], []
[2025-01-29 23:40:09,459][__main__][INFO] - [5, 12, 16], []
[2025-01-29 23:40:09,492][__main__][INFO] - [5, 12], [16]
[2025-01-29 23:40:09,539][__main__][INFO] - [5, 12, 18], []
[2025-01-29 23:40:09,563][__main__][INFO] - [5, 12, 19], []
[2025-01-29 23:40:09,631][__main__][INFO] - [5, 12, 23], []
[2025-01-29 23:40:09,717][__main__][INFO] - [5, 13, 16], []
[2025-01-29 23:40:09,740][__main__][INFO] - [5, 13], [16]
[2025-01-29 23:40:09,777][__main__][INFO] - [5, 13, 18], []
[2025-01-29 23:40:09,815][__main__][INFO] - [5, 13, 20], []
[2025-01-29 23:40:09,867][__main__][INFO] - [5, 13, 23], []
[2025-01-29 23:40:09,935][__main__][INFO] - [5, 14, 16], []
[2025-01-29 23:40:09,958][__main__][INFO] - [5, 14], [16]
[2025-01-29 23:40:09,995][__main__][INFO] - [5, 14, 18], []
[2025-01-29 23:40:10,017][__main__][INFO] - [5, 14, 19], []
[2025-01-29 23:40:10,070][__main__][INFO] - [5, 14, 22], []
[2025-01-29 23:40:10,092][__main__][INFO] - [5, 14, 23], []
[2025-01-29 23:40:10,160][__main__][INFO] - [5, 15, 16], []
[2025-01-29 23:40:10,191][__main__][INFO] - [5, 15], [16]
[2025-01-29 23:40:10,225][__main__][INFO] - [5, 15, 17], []
[2025-01-29 23:40:10,254][__main__][INFO] - [5, 15, 18], []
[2025-01-29 23:40:10,289][__main__][INFO] - [5, 15, 19], []
[2025-01-29 23:40:10,312][__main__][INFO] - [5, 15, 20], []
[2025-01-29 23:40:10,334][__main__][INFO] - [5, 15, 21], []
[2025-01-29 23:40:10,372][__main__][INFO] - [5, 15, 23], []
[2025-01-29 23:40:10,395][__main__][INFO] - [5, 15, 24], []
[2025-01-29 23:40:10,447][__main__][INFO] - [5, 16, 17], []
[2025-01-29 23:40:10,473][__main__][INFO] - [5, 16, 18], []
[2025-01-29 23:40:10,541][__main__][INFO] - [5, 16, 19], []
[2025-01-29 23:40:10,565][__main__][INFO] - [5, 16, 20], []
[2025-01-29 23:40:10,590][__main__][INFO] - [5, 16, 21], []
[2025-01-29 23:40:10,612][__main__][INFO] - [5, 16, 22], []
[2025-01-29 23:40:10,635][__main__][INFO] - [5, 16, 23], []
[2025-01-29 23:40:10,667][__main__][INFO] - [5, 16, 24], []
[2025-01-29 23:40:10,720][__main__][INFO] - [5, 17], [16]
[2025-01-29 23:40:10,747][__main__][INFO] - [5, 18], [16]
[2025-01-29 23:40:10,824][__main__][INFO] - [5, 19], [16]
[2025-01-29 23:40:10,848][__main__][INFO] - [5, 20], [16]
[2025-01-29 23:40:10,872][__main__][INFO] - [5, 21], [16]
[2025-01-29 23:40:10,895][__main__][INFO] - [5, 22], [16]
[2025-01-29 23:40:10,918][__main__][INFO] - [5, 23], [16]
[2025-01-29 23:40:10,950][__main__][INFO] - [5, 24], [16]
[2025-01-29 23:40:11,016][__main__][INFO] - [6, 10, 16], []
[2025-01-29 23:40:11,057][__main__][INFO] - [6, 10], [16]
[2025-01-29 23:40:11,102][__main__][INFO] - [6, 10, 17], []
[2025-01-29 23:40:11,124][__main__][INFO] - [6, 10, 18], []
[2025-01-29 23:40:11,183][__main__][INFO] - [6, 10, 19], []
[2025-01-29 23:40:11,206][__main__][INFO] - [6, 10, 20], []
[2025-01-29 23:40:11,230][__main__][INFO] - [6, 10, 21], []
[2025-01-29 23:40:11,253][__main__][INFO] - [6, 10, 22], []
[2025-01-29 23:40:11,275][__main__][INFO] - [6, 10, 23], []
[2025-01-29 23:40:11,343][__main__][INFO] - [6, 11, 16], []
[2025-01-29 23:40:11,366][__main__][INFO] - [6, 11], [16]
[2025-01-29 23:40:11,404][__main__][INFO] - [6, 11, 18], []
[2025-01-29 23:40:11,548][__main__][INFO] - [6, 12, 16], []
[2025-01-29 23:40:11,574][__main__][INFO] - [6, 12], [16]
[2025-01-29 23:40:11,615][__main__][INFO] - [6, 12, 18], []
[2025-01-29 23:40:11,638][__main__][INFO] - [6, 12, 19], []
[2025-01-29 23:40:11,705][__main__][INFO] - [6, 12, 23], []
[2025-01-29 23:40:11,779][__main__][INFO] - [6, 13, 16], []
[2025-01-29 23:40:11,802][__main__][INFO] - [6, 13], [16]
[2025-01-29 23:40:11,839][__main__][INFO] - [6, 13, 18], []
[2025-01-29 23:40:11,876][__main__][INFO] - [6, 13, 20], []
[2025-01-29 23:40:12,003][__main__][INFO] - [6, 14], [16]
[2025-01-29 23:40:12,177][__main__][INFO] - [6, 15, 16], []
[2025-01-29 23:40:12,202][__main__][INFO] - [6, 15], [16]
[2025-01-29 23:40:12,227][__main__][INFO] - [6, 15, 17], []
[2025-01-29 23:40:12,251][__main__][INFO] - [6, 15, 18], []
[2025-01-29 23:40:12,277][__main__][INFO] - [6, 15, 19], []
[2025-01-29 23:40:12,299][__main__][INFO] - [6, 15, 20], []
[2025-01-29 23:40:12,351][__main__][INFO] - [6, 15, 23], []
[2025-01-29 23:40:12,418][__main__][INFO] - [6, 16, 17], []
[2025-01-29 23:40:12,441][__main__][INFO] - [6, 16, 18], []
[2025-01-29 23:40:12,482][__main__][INFO] - [6, 16, 19], []
[2025-01-29 23:40:12,504][__main__][INFO] - [6, 16, 20], []
[2025-01-29 23:40:12,527][__main__][INFO] - [6, 16, 21], []
[2025-01-29 23:40:12,550][__main__][INFO] - [6, 16, 22], []
[2025-01-29 23:40:12,572][__main__][INFO] - [6, 16, 23], []
[2025-01-29 23:40:12,642][__main__][INFO] - [6, 17], [16]
[2025-01-29 23:40:12,666][__main__][INFO] - [6, 18], [16]
[2025-01-29 23:40:12,710][__main__][INFO] - [6, 19], [16]
[2025-01-29 23:40:12,733][__main__][INFO] - [6, 20], [16]
[2025-01-29 23:40:12,756][__main__][INFO] - [6, 21], [16]
[2025-01-29 23:40:12,778][__main__][INFO] - [6, 22], [16]
[2025-01-29 23:40:12,800][__main__][INFO] - [6, 23], [16]
[2025-01-29 23:40:12,886][__main__][INFO] - [7, 10, 16], []
[2025-01-29 23:40:12,914][__main__][INFO] - [7, 10], [16]
[2025-01-29 23:40:12,944][__main__][INFO] - [7, 10, 17], []
[2025-01-29 23:40:12,966][__main__][INFO] - [7, 10, 18], []
[2025-01-29 23:40:13,001][__main__][INFO] - [7, 10, 19], []
[2025-01-29 23:40:13,024][__main__][INFO] - [7, 10, 20], []
[2025-01-29 23:40:13,047][__main__][INFO] - [7, 10, 21], []
[2025-01-29 23:40:13,084][__main__][INFO] - [7, 10, 23], []
[2025-01-29 23:40:13,152][__main__][INFO] - [7, 11, 16], []
[2025-01-29 23:40:13,175][__main__][INFO] - [7, 11], [16]
[2025-01-29 23:40:13,212][__main__][INFO] - [7, 11, 18], []
[2025-01-29 23:40:13,354][__main__][INFO] - [7, 12, 16], []
[2025-01-29 23:40:13,377][__main__][INFO] - [7, 12], [16]
[2025-01-29 23:40:13,415][__main__][INFO] - [7, 12, 18], []
[2025-01-29 23:40:13,438][__main__][INFO] - [7, 12, 19], []
[2025-01-29 23:40:13,505][__main__][INFO] - [7, 12, 23], []
[2025-01-29 23:40:13,589][__main__][INFO] - [7, 13], [16]
[2025-01-29 23:40:13,627][__main__][INFO] - [7, 13, 18], []
[2025-01-29 23:40:13,950][__main__][INFO] - [7, 15, 16], []
[2025-01-29 23:40:13,972][__main__][INFO] - [7, 15], [16]
[2025-01-29 23:40:13,995][__main__][INFO] - [7, 15, 17], []
[2025-01-29 23:40:14,017][__main__][INFO] - [7, 15, 18], []
[2025-01-29 23:40:14,040][__main__][INFO] - [7, 15, 19], []
[2025-01-29 23:40:14,166][__main__][INFO] - [7, 16, 17], []
[2025-01-29 23:40:14,188][__main__][INFO] - [7, 16, 18], []
[2025-01-29 23:40:14,216][__main__][INFO] - [7, 16, 19], []
[2025-01-29 23:40:14,238][__main__][INFO] - [7, 16, 20], []
[2025-01-29 23:40:14,261][__main__][INFO] - [7, 16, 21], []
[2025-01-29 23:40:14,298][__main__][INFO] - [7, 16, 23], []
[2025-01-29 23:40:14,366][__main__][INFO] - [7, 17], [16]
[2025-01-29 23:40:14,388][__main__][INFO] - [7, 18], [16]
[2025-01-29 23:40:14,418][__main__][INFO] - [7, 19], [16]
[2025-01-29 23:40:14,440][__main__][INFO] - [7, 20], [16]
[2025-01-29 23:40:14,463][__main__][INFO] - [7, 21], [16]
[2025-01-29 23:40:14,500][__main__][INFO] - [7, 23], [16]
[2025-01-29 23:40:14,583][__main__][INFO] - [8, 10, 16], []
[2025-01-29 23:40:14,606][__main__][INFO] - [8, 10], [16]
[2025-01-29 23:40:14,645][__main__][INFO] - [8, 10, 18], []
[2025-01-29 23:40:14,670][__main__][INFO] - [8, 10, 19], []
[2025-01-29 23:40:14,692][__main__][INFO] - [8, 10, 20], []
[2025-01-29 23:40:14,745][__main__][INFO] - [8, 10, 23], []
[2025-01-29 23:40:14,812][__main__][INFO] - [8, 11, 16], []
[2025-01-29 23:40:14,835][__main__][INFO] - [8, 11], [16]
[2025-01-29 23:40:14,872][__main__][INFO] - [8, 11, 18], []
[2025-01-29 23:40:15,013][__main__][INFO] - [8, 12, 16], []
[2025-01-29 23:40:15,036][__main__][INFO] - [8, 12], [16]
[2025-01-29 23:40:15,073][__main__][INFO] - [8, 12, 18], []
[2025-01-29 23:40:15,155][__main__][INFO] - [8, 12, 23], []
[2025-01-29 23:40:15,252][__main__][INFO] - [8, 15, 16], []
[2025-01-29 23:40:15,274][__main__][INFO] - [8, 15], [16]
[2025-01-29 23:40:15,311][__main__][INFO] - [8, 15, 18], []
[2025-01-29 23:40:15,467][__main__][INFO] - [8, 16, 18], []
[2025-01-29 23:40:15,490][__main__][INFO] - [8, 16, 19], []
[2025-01-29 23:40:15,512][__main__][INFO] - [8, 16, 20], []
[2025-01-29 23:40:15,564][__main__][INFO] - [8, 16, 23], []
[2025-01-29 23:40:15,632][__main__][INFO] - [8, 17], [16]
[2025-01-29 23:40:15,654][__main__][INFO] - [8, 18], [16]
[2025-01-29 23:40:15,678][__main__][INFO] - [8, 19], [16]
[2025-01-29 23:40:15,700][__main__][INFO] - [8, 20], [16]
[2025-01-29 23:40:15,752][__main__][INFO] - [8, 23], [16]
[2025-01-29 23:40:15,833][__main__][INFO] - [9, 10, 16], []
[2025-01-29 23:40:15,856][__main__][INFO] - [9, 10], [16]
[2025-01-29 23:40:15,893][__main__][INFO] - [9, 10, 18], []
[2025-01-29 23:40:16,289][__main__][INFO] - [9, 16, 18], []
[2025-01-29 23:40:16,445][__main__][INFO] - [9, 18], [16]
[2025-01-29 23:40:16,601][__main__][INFO] - [10, 16, 17], []
[2025-01-29 23:40:16,646][__main__][INFO] - [10, 16, 18], []
[2025-01-29 23:40:16,926][__main__][INFO] - [10, 16, 19], []
[2025-01-29 23:40:16,961][__main__][INFO] - [10, 16, 20], []
[2025-01-29 23:40:16,997][__main__][INFO] - [10, 16, 21], []
[2025-01-29 23:40:17,021][__main__][INFO] - [10, 16, 22], []
[2025-01-29 23:40:17,044][__main__][INFO] - [10, 16, 23], []
[2025-01-29 23:40:17,084][__main__][INFO] - [10, 16, 24], []
[2025-01-29 23:40:17,137][__main__][INFO] - [10, 17], [16]
[2025-01-29 23:40:17,183][__main__][INFO] - [10, 18], [16]
[2025-01-29 23:40:17,500][__main__][INFO] - [10, 19], [16]
[2025-01-29 23:40:17,535][__main__][INFO] - [10, 20], [16]
[2025-01-29 23:40:17,578][__main__][INFO] - [10, 21], [16]
[2025-01-29 23:40:17,602][__main__][INFO] - [10, 22], [16]
[2025-01-29 23:40:17,626][__main__][INFO] - [10, 23], [16]
[2025-01-29 23:40:17,666][__main__][INFO] - [10, 24], [16]
[2025-01-29 23:40:17,734][__main__][INFO] - [11, 16, 17], []
[2025-01-29 23:40:17,756][__main__][INFO] - [11, 16, 18], []
[2025-01-29 23:40:17,786][__main__][INFO] - [11, 16, 19], []
[2025-01-29 23:40:17,808][__main__][INFO] - [11, 16, 20], []
[2025-01-29 23:40:17,860][__main__][INFO] - [11, 16, 23], []
[2025-01-29 23:40:17,927][__main__][INFO] - [11, 17], [16]
[2025-01-29 23:40:17,950][__main__][INFO] - [11, 18], [16]
[2025-01-29 23:40:17,981][__main__][INFO] - [11, 19], [16]
[2025-01-29 23:40:18,003][__main__][INFO] - [11, 20], [16]
[2025-01-29 23:40:18,056][__main__][INFO] - [11, 23], [16]
[2025-01-29 23:40:18,138][__main__][INFO] - [12, 16, 17], []
[2025-01-29 23:40:18,160][__main__][INFO] - [12, 16, 18], []
[2025-01-29 23:40:18,184][__main__][INFO] - [12, 16, 19], []
[2025-01-29 23:40:18,252][__main__][INFO] - [12, 16, 23], []
[2025-01-29 23:40:18,373][__main__][INFO] - [12, 17], [16]
[2025-01-29 23:40:18,395][__main__][INFO] - [12, 18], [16]
[2025-01-29 23:40:18,421][__main__][INFO] - [12, 19], [16]
[2025-01-29 23:40:18,489][__main__][INFO] - [12, 23], [16]
[2025-01-29 23:40:18,638][__main__][INFO] - [13, 16, 18], []
[2025-01-29 23:40:18,661][__main__][INFO] - [13, 16, 19], []
[2025-01-29 23:40:18,683][__main__][INFO] - [13, 16, 20], []
[2025-01-29 23:40:18,736][__main__][INFO] - [13, 16, 23], []
[2025-01-29 23:40:18,818][__main__][INFO] - [13, 18], [16]
[2025-01-29 23:40:18,841][__main__][INFO] - [13, 19], [16]
[2025-01-29 23:40:18,863][__main__][INFO] - [13, 20], [16]
[2025-01-29 23:40:18,915][__main__][INFO] - [13, 23], [16]
[2025-01-29 23:40:19,012][__main__][INFO] - [14, 16, 18], []
[2025-01-29 23:40:19,034][__main__][INFO] - [14, 16, 19], []
[2025-01-29 23:40:19,086][__main__][INFO] - [14, 16, 22], []
[2025-01-29 23:40:19,108][__main__][INFO] - [14, 16, 23], []
[2025-01-29 23:40:19,190][__main__][INFO] - [14, 18], [16]
[2025-01-29 23:40:19,212][__main__][INFO] - [14, 19], [16]
[2025-01-29 23:40:19,264][__main__][INFO] - [14, 22], [16]
[2025-01-29 23:40:19,286][__main__][INFO] - [14, 23], [16]
[2025-01-29 23:40:19,368][__main__][INFO] - [15, 16, 17], []
[2025-01-29 23:40:19,409][__main__][INFO] - [15, 16, 18], []
[2025-01-29 23:40:19,463][__main__][INFO] - [15, 16, 19], []
[2025-01-29 23:40:19,485][__main__][INFO] - [15, 16, 20], []
[2025-01-29 23:40:19,508][__main__][INFO] - [15, 16, 21], []
[2025-01-29 23:40:19,545][__main__][INFO] - [15, 16, 23], []
[2025-01-29 23:40:19,567][__main__][INFO] - [15, 16, 24], []
[2025-01-29 23:40:19,619][__main__][INFO] - [15, 17], [16]
[2025-01-29 23:40:19,670][__main__][INFO] - [15, 18], [16]
[2025-01-29 23:40:19,735][__main__][INFO] - [15, 19], [16]
[2025-01-29 23:40:19,758][__main__][INFO] - [15, 20], [16]
[2025-01-29 23:40:19,780][__main__][INFO] - [15, 21], [16]
[2025-01-29 23:40:19,817][__main__][INFO] - [15, 23], [16]
[2025-01-29 23:40:19,839][__main__][INFO] - [15, 24], [16]
