[2025-01-29 09:18:40,500][gurobipy][INFO] - Set parameter TimeLimit to value 600
[2025-01-29 09:18:40,502][gurobipy][INFO] - Gurobi Optimizer version 11.0.2 build v11.0.2rc0 (linux64)
[2025-01-29 09:18:40,502][gurobipy][INFO] - 
[2025-01-29 09:18:40,514][gurobipy][INFO] - CPU model: Intel(R) Xeon(R) Gold 6136 CPU @ 3.00GHz, instruction set [SSE2|AVX|AVX2|AVX512]
[2025-01-29 09:18:40,514][gurobipy][INFO] - Thread count: 24 physical cores, 48 logical processors, using up to 24 threads
[2025-01-29 09:18:40,514][gurobipy][INFO] - 
[2025-01-29 09:18:40,514][gurobipy][INFO] - Optimize a model with 6499 rows, 261 columns and 17868 nonzeros
[2025-01-29 09:18:40,515][gurobipy][INFO] - Model fingerprint: 0xac70fe41
[2025-01-29 09:18:40,515][gurobipy][INFO] - Variable types: 233 continuous, 28 integer (28 binary)
[2025-01-29 09:18:40,515][gurobipy][INFO] - Coefficient statistics:
[2025-01-29 09:18:40,515][gurobipy][INFO] -   Matrix range     [2e-03, 2e+00]
[2025-01-29 09:18:40,515][gurobipy][INFO] -   Objective range  [1e+00, 1e+00]
[2025-01-29 09:18:40,515][gurobipy][INFO] -   Bounds range     [1e+00, 1e+00]
[2025-01-29 09:18:40,515][gurobipy][INFO] -   RHS range        [1e+00, 1e+01]
[2025-01-29 09:18:40,516][gurobipy][INFO] - Found heuristic solution: objective 0.0000000
[2025-01-29 09:18:40,544][gurobipy][INFO] - Presolve removed 2986 rows and 9 columns
[2025-01-29 09:18:40,544][gurobipy][INFO] - Presolve time: 0.03s
[2025-01-29 09:18:40,544][gurobipy][INFO] - Presolved: 3513 rows, 252 columns, 10766 nonzeros
[2025-01-29 09:18:40,546][gurobipy][INFO] - Variable types: 233 continuous, 19 integer (19 binary)
[2025-01-29 09:18:40,554][gurobipy][INFO] - 
[2025-01-29 09:18:40,554][gurobipy][INFO] - Root relaxation: objective 1.000000e+00, 184 iterations, 0.01 seconds (0.01 work units)
[2025-01-29 09:18:40,556][gurobipy][INFO] - 
[2025-01-29 09:18:40,556][gurobipy][INFO] -     Nodes    |    Current Node    |     Objective Bounds      |     Work
[2025-01-29 09:18:40,556][gurobipy][INFO] -  Expl Unexpl |  Obj  Depth IntInf | Incumbent    BestBd   Gap | It/Node Time
[2025-01-29 09:18:40,556][gurobipy][INFO] - 
[2025-01-29 09:18:40,556][gurobipy][INFO] -      0     0    1.00000    0    6    0.00000    1.00000      -     -    0s
[2025-01-29 09:18:40,595][gurobipy][INFO] - H    0     0                       0.0049007    1.00000      -     -    0s
[2025-01-29 09:18:40,595][gurobipy][INFO] - H    0     0                       0.1798126    1.00000   456%     -    0s
[2025-01-29 09:18:40,595][gurobipy][INFO] - H    0     0                       0.1874543    1.00000   433%     -    0s
[2025-01-29 09:18:40,607][gurobipy][INFO] -      0     0    1.00000    0   12    0.18745    1.00000   433%     -    0s
[2025-01-29 09:18:40,611][gurobipy][INFO] -      0     0    1.00000    0    9    0.18745    1.00000   433%     -    0s
[2025-01-29 09:18:40,702][gurobipy][INFO] - H    0     0                       0.2065586    0.78141   278%     -    0s
[2025-01-29 09:18:40,704][gurobipy][INFO] -      0     0    0.20656    0    8    0.20656    0.20656  0.00%     -    0s
[2025-01-29 09:18:40,705][gurobipy][INFO] - 
[2025-01-29 09:18:40,705][gurobipy][INFO] - Cutting planes:
[2025-01-29 09:18:40,705][gurobipy][INFO] -   Gomory: 2
[2025-01-29 09:18:40,705][gurobipy][INFO] -   Implied bound: 1
[2025-01-29 09:18:40,705][gurobipy][INFO] -   MIR: 16
[2025-01-29 09:18:40,705][gurobipy][INFO] - 
[2025-01-29 09:18:40,705][gurobipy][INFO] - Explored 1 nodes (1039 simplex iterations) in 0.19 seconds (0.23 work units)
[2025-01-29 09:18:40,705][gurobipy][INFO] - Thread count was 24 (of 48 available processors)
[2025-01-29 09:18:40,705][gurobipy][INFO] - 
[2025-01-29 09:18:40,705][gurobipy][INFO] - Solution count 5: 0.206559 0.187454 0.179813 ... 2.22045e-15
[2025-01-29 09:18:40,705][gurobipy][INFO] - No other solutions better than 0.206559
[2025-01-29 09:18:40,706][gurobipy][INFO] - 
[2025-01-29 09:18:40,706][gurobipy][INFO] - Optimal solution found (tolerance 1.00e-04)
[2025-01-29 09:18:40,706][gurobipy][INFO] - Best objective 2.065585753206e-01, best bound 2.065585753206e-01, gap 0.0000%
[2025-01-29 09:18:40,712][__main__][INFO] - Finished size 1000 (1/5)
[2025-01-29 09:18:41,985][gurobipy][INFO] - Set parameter TimeLimit to value 600
[2025-01-29 09:18:41,988][gurobipy][INFO] - Gurobi Optimizer version 11.0.2 build v11.0.2rc0 (linux64)
[2025-01-29 09:18:41,988][gurobipy][INFO] - 
[2025-01-29 09:18:42,000][gurobipy][INFO] - CPU model: Intel(R) Xeon(R) Gold 6136 CPU @ 3.00GHz, instruction set [SSE2|AVX|AVX2|AVX512]
[2025-01-29 09:18:42,000][gurobipy][INFO] - Thread count: 24 physical cores, 48 logical processors, using up to 24 threads
[2025-01-29 09:18:42,000][gurobipy][INFO] - 
[2025-01-29 09:18:42,000][gurobipy][INFO] - Optimize a model with 10279 rows, 396 columns and 28263 nonzeros
[2025-01-29 09:18:42,001][gurobipy][INFO] - Model fingerprint: 0x4fd7dd4d
[2025-01-29 09:18:42,001][gurobipy][INFO] - Variable types: 368 continuous, 28 integer (28 binary)
[2025-01-29 09:18:42,001][gurobipy][INFO] - Coefficient statistics:
[2025-01-29 09:18:42,001][gurobipy][INFO] -   Matrix range     [4e-04, 2e+00]
[2025-01-29 09:18:42,001][gurobipy][INFO] -   Objective range  [1e+00, 1e+00]
[2025-01-29 09:18:42,001][gurobipy][INFO] -   Bounds range     [1e+00, 1e+00]
[2025-01-29 09:18:42,001][gurobipy][INFO] -   RHS range        [1e+00, 1e+01]
[2025-01-29 09:18:42,003][gurobipy][INFO] - Found heuristic solution: objective -0.0000000
[2025-01-29 09:18:42,058][gurobipy][INFO] - Presolve removed 3285 rows and 5 columns
[2025-01-29 09:18:42,058][gurobipy][INFO] - Presolve time: 0.05s
[2025-01-29 09:18:42,058][gurobipy][INFO] - Presolved: 6994 rows, 391 columns, 21344 nonzeros
[2025-01-29 09:18:42,062][gurobipy][INFO] - Variable types: 368 continuous, 23 integer (23 binary)
[2025-01-29 09:18:42,076][gurobipy][INFO] - 
[2025-01-29 09:18:42,076][gurobipy][INFO] - Root relaxation: objective 1.000000e+00, 213 iterations, 0.01 seconds (0.02 work units)
[2025-01-29 09:18:42,079][gurobipy][INFO] - 
[2025-01-29 09:18:42,079][gurobipy][INFO] -     Nodes    |    Current Node    |     Objective Bounds      |     Work
[2025-01-29 09:18:42,079][gurobipy][INFO] -  Expl Unexpl |  Obj  Depth IntInf | Incumbent    BestBd   Gap | It/Node Time
[2025-01-29 09:18:42,079][gurobipy][INFO] - 
[2025-01-29 09:18:42,079][gurobipy][INFO] -      0     0    1.00000    0    8   -0.00000    1.00000      -     -    0s
[2025-01-29 09:18:42,109][gurobipy][INFO] - H    0     0                       0.0065091    1.00000      -     -    0s
[2025-01-29 09:18:42,109][gurobipy][INFO] - H    0     0                       0.1116750    1.00000   795%     -    0s
[2025-01-29 09:18:42,165][gurobipy][INFO] - H    0     0                       0.2059734    1.00000   385%     -    0s
[2025-01-29 09:18:42,176][gurobipy][INFO] -      0     0    1.00000    0   17    0.20597    1.00000   385%     -    0s
[2025-01-29 09:18:42,188][gurobipy][INFO] -      0     0    1.00000    0    8    0.20597    1.00000   385%     -    0s
[2025-01-29 09:18:42,256][gurobipy][INFO] -      0     0    1.00000    0    9    0.20597    1.00000   385%     -    0s
[2025-01-29 09:18:42,535][gurobipy][INFO] -      0     0    0.20597    0    7    0.20597    0.20597  0.00%     -    0s
[2025-01-29 09:18:42,535][gurobipy][INFO] - 
[2025-01-29 09:18:42,535][gurobipy][INFO] - Cutting planes:
[2025-01-29 09:18:42,535][gurobipy][INFO] -   Gomory: 5
[2025-01-29 09:18:42,535][gurobipy][INFO] -   MIR: 19
[2025-01-29 09:18:42,535][gurobipy][INFO] -   RLT: 2
[2025-01-29 09:18:42,536][gurobipy][INFO] - 
[2025-01-29 09:18:42,536][gurobipy][INFO] - Explored 1 nodes (2144 simplex iterations) in 0.54 seconds (0.74 work units)
[2025-01-29 09:18:42,536][gurobipy][INFO] - Thread count was 24 (of 48 available processors)
[2025-01-29 09:18:42,536][gurobipy][INFO] - 
[2025-01-29 09:18:42,536][gurobipy][INFO] - Solution count 4: 0.205973 0.111675 0.00650909 -0 
[2025-01-29 09:18:42,536][gurobipy][INFO] - No other solutions better than 0.205973
[2025-01-29 09:18:42,536][gurobipy][INFO] - 
[2025-01-29 09:18:42,536][gurobipy][INFO] - Optimal solution found (tolerance 1.00e-04)
[2025-01-29 09:18:42,536][gurobipy][INFO] - Best objective 2.059734217492e-01, best bound 2.059734217492e-01, gap 0.0000%
[2025-01-29 09:18:42,546][__main__][INFO] - Finished size 3741 (2/5)
[2025-01-29 09:18:44,270][gurobipy][INFO] - Set parameter TimeLimit to value 600
[2025-01-29 09:18:44,274][gurobipy][INFO] - Gurobi Optimizer version 11.0.2 build v11.0.2rc0 (linux64)
[2025-01-29 09:18:44,275][gurobipy][INFO] - 
[2025-01-29 09:18:44,286][gurobipy][INFO] - CPU model: Intel(R) Xeon(R) Gold 6136 CPU @ 3.00GHz, instruction set [SSE2|AVX|AVX2|AVX512]
[2025-01-29 09:18:44,286][gurobipy][INFO] - Thread count: 24 physical cores, 48 logical processors, using up to 24 threads
[2025-01-29 09:18:44,286][gurobipy][INFO] - 
[2025-01-29 09:18:44,286][gurobipy][INFO] - Optimize a model with 16271 rows, 610 columns and 44741 nonzeros
[2025-01-29 09:18:44,287][gurobipy][INFO] - Model fingerprint: 0x07aada83
[2025-01-29 09:18:44,287][gurobipy][INFO] - Variable types: 582 continuous, 28 integer (28 binary)
[2025-01-29 09:18:44,287][gurobipy][INFO] - Coefficient statistics:
[2025-01-29 09:18:44,287][gurobipy][INFO] -   Matrix range     [1e-04, 2e+00]
[2025-01-29 09:18:44,287][gurobipy][INFO] -   Objective range  [1e+00, 1e+00]
[2025-01-29 09:18:44,287][gurobipy][INFO] -   Bounds range     [1e+00, 1e+00]
[2025-01-29 09:18:44,287][gurobipy][INFO] -   RHS range        [1e+00, 1e+01]
[2025-01-29 09:18:44,290][gurobipy][INFO] - Found heuristic solution: objective -0.0000000
[2025-01-29 09:18:44,397][gurobipy][INFO] - Presolve removed 3480 rows and 2 columns
[2025-01-29 09:18:44,397][gurobipy][INFO] - Presolve time: 0.11s
[2025-01-29 09:18:44,397][gurobipy][INFO] - Presolved: 12791 rows, 608 columns, 38949 nonzeros
[2025-01-29 09:18:44,406][gurobipy][INFO] - Variable types: 582 continuous, 26 integer (26 binary)
[2025-01-29 09:18:44,421][gurobipy][INFO] - Root relaxation presolved: 12791 rows, 608 columns, 38949 nonzeros
[2025-01-29 09:18:44,422][gurobipy][INFO] - 
[2025-01-29 09:18:44,444][gurobipy][INFO] - 
[2025-01-29 09:18:44,444][gurobipy][INFO] - Root relaxation: objective 1.000000e+00, 298 iterations, 0.04 seconds (0.05 work units)
[2025-01-29 09:18:44,541][gurobipy][INFO] - 
[2025-01-29 09:18:44,541][gurobipy][INFO] -     Nodes    |    Current Node    |     Objective Bounds      |     Work
[2025-01-29 09:18:44,541][gurobipy][INFO] -  Expl Unexpl |  Obj  Depth IntInf | Incumbent    BestBd   Gap | It/Node Time
[2025-01-29 09:18:44,541][gurobipy][INFO] - 
[2025-01-29 09:18:44,541][gurobipy][INFO] -      0     0    1.00000    0    1   -0.00000    1.00000      -     -    0s
[2025-01-29 09:18:44,542][gurobipy][INFO] - H    0     0                       0.0144454    1.00000  6823%     -    0s
[2025-01-29 09:18:44,554][gurobipy][INFO] - H    0     0                       0.0152678    1.00000  6450%     -    0s
[2025-01-29 09:18:44,611][gurobipy][INFO] -      0     0    1.00000    0   11    0.01527    1.00000  6450%     -    0s
[2025-01-29 09:18:44,628][gurobipy][INFO] -      0     0    1.00000    0    9    0.01527    1.00000  6450%     -    0s
[2025-01-29 09:18:44,678][gurobipy][INFO] - H    0     0                       0.1237212    1.00000   708%     -    0s
[2025-01-29 09:18:45,298][gurobipy][INFO] -      0     0    0.92851    0    2    0.12372    0.92851   650%     -    1s
[2025-01-29 09:18:45,551][gurobipy][INFO] -      0     0    0.92851    0   17    0.12372    0.92851   650%     -    1s
[2025-01-29 09:18:45,569][gurobipy][INFO] -      0     0    0.92851    0   15    0.12372    0.92851   650%     -    1s
[2025-01-29 09:18:45,599][gurobipy][INFO] - H    0     0                       0.1967598    0.92851   372%     -    1s
[2025-01-29 09:18:45,649][gurobipy][INFO] -      0     0    0.88828    0   13    0.19676    0.88828   351%     -    1s
[2025-01-29 09:18:46,109][gurobipy][INFO] -      0     0    0.19676    0    1    0.19676    0.19676  0.00%     -    1s
[2025-01-29 09:18:46,109][gurobipy][INFO] - 
[2025-01-29 09:18:46,109][gurobipy][INFO] - Cutting planes:
[2025-01-29 09:18:46,109][gurobipy][INFO] -   Implied bound: 1
[2025-01-29 09:18:46,109][gurobipy][INFO] -   MIR: 4
[2025-01-29 09:18:46,109][gurobipy][INFO] -   Inf proof: 2
[2025-01-29 09:18:46,109][gurobipy][INFO] -   RLT: 6
[2025-01-29 09:18:46,110][gurobipy][INFO] - 
[2025-01-29 09:18:46,110][gurobipy][INFO] - Explored 1 nodes (7955 simplex iterations) in 1.82 seconds (2.74 work units)
[2025-01-29 09:18:46,110][gurobipy][INFO] - Thread count was 24 (of 48 available processors)
[2025-01-29 09:18:46,110][gurobipy][INFO] - 
[2025-01-29 09:18:46,110][gurobipy][INFO] - Solution count 5: 0.19676 0.123721 0.0152678 ... -0
[2025-01-29 09:18:46,110][gurobipy][INFO] - No other solutions better than 0.19676
[2025-01-29 09:18:46,110][gurobipy][INFO] - 
[2025-01-29 09:18:46,110][gurobipy][INFO] - Optimal solution found (tolerance 1.00e-04)
[2025-01-29 09:18:46,110][gurobipy][INFO] - Best objective 1.967597504099e-01, best bound 1.967597504099e-01, gap 0.0000%
[2025-01-29 09:18:46,124][__main__][INFO] - Finished size 13989 (3/5)
[2025-01-29 09:18:48,631][gurobipy][INFO] - Set parameter TimeLimit to value 600
[2025-01-29 09:18:48,637][gurobipy][INFO] - Gurobi Optimizer version 11.0.2 build v11.0.2rc0 (linux64)
[2025-01-29 09:18:48,638][gurobipy][INFO] - 
[2025-01-29 09:18:48,649][gurobipy][INFO] - CPU model: Intel(R) Xeon(R) Gold 6136 CPU @ 3.00GHz, instruction set [SSE2|AVX|AVX2|AVX512]
[2025-01-29 09:18:48,649][gurobipy][INFO] - Thread count: 24 physical cores, 48 logical processors, using up to 24 threads
[2025-01-29 09:18:48,649][gurobipy][INFO] - 
[2025-01-29 09:18:48,649][gurobipy][INFO] - Optimize a model with 22375 rows, 828 columns and 61527 nonzeros
[2025-01-29 09:18:48,650][gurobipy][INFO] - Model fingerprint: 0xb4feff5e
[2025-01-29 09:18:48,650][gurobipy][INFO] - Variable types: 800 continuous, 28 integer (28 binary)
[2025-01-29 09:18:48,650][gurobipy][INFO] - Coefficient statistics:
[2025-01-29 09:18:48,650][gurobipy][INFO] -   Matrix range     [3e-05, 2e+00]
[2025-01-29 09:18:48,650][gurobipy][INFO] -   Objective range  [1e+00, 1e+00]
[2025-01-29 09:18:48,650][gurobipy][INFO] -   Bounds range     [1e+00, 1e+00]
[2025-01-29 09:18:48,650][gurobipy][INFO] -   RHS range        [1e+00, 1e+01]
[2025-01-29 09:18:48,654][gurobipy][INFO] - Found heuristic solution: objective 0.0000000
[2025-01-29 09:18:48,803][gurobipy][INFO] - Presolve removed 3992 rows and 1 columns
[2025-01-29 09:18:48,804][gurobipy][INFO] - Presolve time: 0.15s
[2025-01-29 09:18:48,804][gurobipy][INFO] - Presolved: 18383 rows, 827 columns, 55943 nonzeros
[2025-01-29 09:18:48,816][gurobipy][INFO] - Variable types: 800 continuous, 27 integer (27 binary)
[2025-01-29 09:18:48,839][gurobipy][INFO] - Root relaxation presolved: 18383 rows, 827 columns, 55943 nonzeros
[2025-01-29 09:18:48,839][gurobipy][INFO] - 
[2025-01-29 09:18:48,870][gurobipy][INFO] - 
[2025-01-29 09:18:48,870][gurobipy][INFO] - Root relaxation: objective 1.000000e+00, 333 iterations, 0.05 seconds (0.08 work units)
[2025-01-29 09:18:49,421][gurobipy][INFO] - 
[2025-01-29 09:18:49,421][gurobipy][INFO] -     Nodes    |    Current Node    |     Objective Bounds      |     Work
[2025-01-29 09:18:49,421][gurobipy][INFO] -  Expl Unexpl |  Obj  Depth IntInf | Incumbent    BestBd   Gap | It/Node Time
[2025-01-29 09:18:49,421][gurobipy][INFO] - 
[2025-01-29 09:18:49,421][gurobipy][INFO] -      0     0    1.00000    0    1    0.00000    1.00000      -     -    0s
[2025-01-29 09:18:49,611][gurobipy][INFO] -      0     0    1.00000    0   24    0.00000    1.00000      -     -    0s
[2025-01-29 09:18:51,018][gurobipy][INFO] - H    0     0                       0.0853612    0.95454  1018%     -    2s
[2025-01-29 09:18:51,021][gurobipy][INFO] -      0     0    0.95454    0    3    0.08536    0.95454  1018%     -    2s
[2025-01-29 09:18:51,101][gurobipy][INFO] - H    0     0                       0.1354745    0.95454   605%     -    2s
[2025-01-29 09:18:51,190][gurobipy][INFO] -      0     0    0.95334    0    5    0.13547    0.95334   604%     -    2s
[2025-01-29 09:18:51,333][gurobipy][INFO] - H    0     0                       0.1432749    0.95115   564%     -    2s
[2025-01-29 09:18:51,369][gurobipy][INFO] -      0     0    0.95115    0    8    0.14327    0.95115   564%     -    2s
[2025-01-29 09:18:51,506][gurobipy][INFO] -      0     0    0.94993    0   11    0.14327    0.94993   563%     -    2s
[2025-01-29 09:18:52,302][gurobipy][INFO] - H    0     0                       0.1939268    0.94986   390%     -    3s
[2025-01-29 09:18:52,302][gurobipy][INFO] -      0     0    0.19393    0    3    0.19393    0.19393  0.00%     -    3s
[2025-01-29 09:18:52,303][gurobipy][INFO] - 
[2025-01-29 09:18:52,303][gurobipy][INFO] - Cutting planes:
[2025-01-29 09:18:52,303][gurobipy][INFO] -   Implied bound: 1
[2025-01-29 09:18:52,303][gurobipy][INFO] -   MIR: 15
[2025-01-29 09:18:52,303][gurobipy][INFO] -   RLT: 3
[2025-01-29 09:18:52,303][gurobipy][INFO] - 
[2025-01-29 09:18:52,304][gurobipy][INFO] - Explored 1 nodes (9424 simplex iterations) in 3.65 seconds (6.04 work units)
[2025-01-29 09:18:52,304][gurobipy][INFO] - Thread count was 24 (of 48 available processors)
[2025-01-29 09:18:52,304][gurobipy][INFO] - 
[2025-01-29 09:18:52,304][gurobipy][INFO] - Solution count 5: 0.193927 0.143275 0.135474 ... 2.88658e-15
[2025-01-29 09:18:52,304][gurobipy][INFO] - No other solutions better than 0.193927
[2025-01-29 09:18:52,304][gurobipy][INFO] - 
[2025-01-29 09:18:52,304][gurobipy][INFO] - Optimal solution found (tolerance 1.00e-04)
[2025-01-29 09:18:52,304][gurobipy][INFO] - Best objective 1.939267974323e-01, best bound 1.939267974323e-01, gap 0.0000%
[2025-01-29 09:18:52,325][__main__][INFO] - Finished size 52317 (4/5)
[2025-01-29 09:18:56,841][gurobipy][INFO] - Set parameter TimeLimit to value 600
[2025-01-29 09:18:56,849][gurobipy][INFO] - Gurobi Optimizer version 11.0.2 build v11.0.2rc0 (linux64)
[2025-01-29 09:18:56,849][gurobipy][INFO] - 
[2025-01-29 09:18:56,860][gurobipy][INFO] - CPU model: Intel(R) Xeon(R) Gold 6136 CPU @ 3.00GHz, instruction set [SSE2|AVX|AVX2|AVX512]
[2025-01-29 09:18:56,860][gurobipy][INFO] - Thread count: 24 physical cores, 48 logical processors, using up to 24 threads
[2025-01-29 09:18:56,860][gurobipy][INFO] - 
[2025-01-29 09:18:56,860][gurobipy][INFO] - Optimize a model with 29319 rows, 1076 columns and 80623 nonzeros
[2025-01-29 09:18:56,861][gurobipy][INFO] - Model fingerprint: 0xdf29cd0d
[2025-01-29 09:18:56,861][gurobipy][INFO] - Variable types: 1048 continuous, 28 integer (28 binary)
[2025-01-29 09:18:56,861][gurobipy][INFO] - Coefficient statistics:
[2025-01-29 09:18:56,861][gurobipy][INFO] -   Matrix range     [9e-06, 2e+00]
[2025-01-29 09:18:56,861][gurobipy][INFO] -   Objective range  [1e+00, 1e+00]
[2025-01-29 09:18:56,861][gurobipy][INFO] -   Bounds range     [1e+00, 1e+00]
[2025-01-29 09:18:56,861][gurobipy][INFO] -   RHS range        [1e+00, 1e+01]
[2025-01-29 09:18:56,867][gurobipy][INFO] - Found heuristic solution: objective 0.0000000
[2025-01-29 09:18:57,005][gurobipy][INFO] - Presolve removed 4188 rows and 0 columns
[2025-01-29 09:18:57,005][gurobipy][INFO] - Presolve time: 0.14s
[2025-01-29 09:18:57,005][gurobipy][INFO] - Presolved: 25131 rows, 1076 columns, 76435 nonzeros
[2025-01-29 09:18:57,022][gurobipy][INFO] - Variable types: 1048 continuous, 28 integer (28 binary)
[2025-01-29 09:18:57,055][gurobipy][INFO] - Root relaxation presolved: 1076 rows, 26207 columns, 77511 nonzeros
[2025-01-29 09:18:57,055][gurobipy][INFO] - 
[2025-01-29 09:18:57,095][gurobipy][INFO] - 
[2025-01-29 09:18:57,095][gurobipy][INFO] - Root relaxation: objective 1.000000e+00, 1096 iterations, 0.07 seconds (0.11 work units)
[2025-01-29 09:18:57,100][gurobipy][INFO] - 
[2025-01-29 09:18:57,100][gurobipy][INFO] -     Nodes    |    Current Node    |     Objective Bounds      |     Work
[2025-01-29 09:18:57,100][gurobipy][INFO] -  Expl Unexpl |  Obj  Depth IntInf | Incumbent    BestBd   Gap | It/Node Time
[2025-01-29 09:18:57,100][gurobipy][INFO] - 
[2025-01-29 09:18:57,100][gurobipy][INFO] -      0     0    1.00000    0    1    0.00000    1.00000      -     -    0s
[2025-01-29 09:18:57,101][gurobipy][INFO] - H    0     0                       0.0000071    1.00000      -     -    0s
[2025-01-29 09:18:57,272][gurobipy][INFO] -      0     0    1.00000    0   18    0.00001    1.00000      -     -    0s
[2025-01-29 09:18:57,387][gurobipy][INFO] - H    0     0                       0.0838000    1.00000  1093%     -    0s
[2025-01-29 09:19:00,258][gurobipy][INFO] - H    0     0                       0.1938762    0.94400   387%     -    3s
[2025-01-29 09:19:00,434][gurobipy][INFO] -      0     0    0.94400    0   15    0.19388    0.94400   387%     -    3s
[2025-01-29 09:19:00,971][gurobipy][INFO] -      0     0    0.94400    0   20    0.19388    0.94400   387%     -    4s
[2025-01-29 09:19:01,289][gurobipy][INFO] -      0     0    0.19388    0   20    0.19388    0.19388  0.00%     -    4s
[2025-01-29 09:19:01,290][gurobipy][INFO] - 
[2025-01-29 09:19:01,290][gurobipy][INFO] - Cutting planes:
[2025-01-29 09:19:01,290][gurobipy][INFO] -   MIR: 4
[2025-01-29 09:19:01,291][gurobipy][INFO] - 
[2025-01-29 09:19:01,291][gurobipy][INFO] - Explored 1 nodes (8732 simplex iterations) in 4.43 seconds (6.73 work units)
[2025-01-29 09:19:01,291][gurobipy][INFO] - Thread count was 24 (of 48 available processors)
[2025-01-29 09:19:01,291][gurobipy][INFO] - 
[2025-01-29 09:19:01,291][gurobipy][INFO] - Solution count 4: 0.193876 0.0838 7.12679e-06 8.21565e-15 
[2025-01-29 09:19:01,291][gurobipy][INFO] - No other solutions better than 0.193876
[2025-01-29 09:19:01,291][gurobipy][INFO] - 
[2025-01-29 09:19:01,291][gurobipy][INFO] - Optimal solution found (tolerance 1.00e-04)
[2025-01-29 09:19:01,291][gurobipy][INFO] - Best objective 1.938762318093e-01, best bound 1.938762318093e-01, gap 0.0000%
[2025-01-29 09:19:01,319][__main__][INFO] - Finished size 195665 (5/5)
