[2025-01-29 13:12:06,656][__main__][INFO] - In total, there are 1229 possible subgroups
[2025-01-29 13:12:06,685][__main__][INFO] - [0], []
[2025-01-29 13:12:06,869][__main__][INFO] - [1], []
[2025-01-29 13:12:07,102][__main__][INFO] - [2], []
[2025-01-29 13:12:07,322][__main__][INFO] - [3], []
[2025-01-29 13:12:07,499][__main__][INFO] - [4], []
[2025-01-29 13:12:07,713][__main__][INFO] - [5], []
[2025-01-29 13:12:07,900][__main__][INFO] - [6], []
[2025-01-29 13:12:07,982][__main__][INFO] - [7], []
[2025-01-29 13:12:08,019][__main__][INFO] - [8], []
[2025-01-29 13:12:08,040][__main__][INFO] - [9], []
[2025-01-29 13:12:08,058][__main__][INFO] - [10], []
[2025-01-29 13:12:08,947][__main__][INFO] - [11], []
[2025-01-29 13:12:08,987][__main__][INFO] - [12], []
[2025-01-29 13:12:09,143][__main__][INFO] - [13], []
[2025-01-29 13:12:09,165][__main__][INFO] - [14], []
[2025-01-29 13:12:09,185][__main__][INFO] - [15], []
[2025-01-29 13:12:09,375][__main__][INFO] - [16], []
[2025-01-29 13:12:09,958][__main__][INFO] - [], [16]
[2025-01-29 13:12:10,611][__main__][INFO] - [17], []
[2025-01-29 13:12:10,746][__main__][INFO] - [18], []
[2025-01-29 13:12:11,511][__main__][INFO] - [19], []
[2025-01-29 13:12:11,564][__main__][INFO] - [20], []
[2025-01-29 13:12:11,619][__main__][INFO] - [21], []
[2025-01-29 13:12:11,641][__main__][INFO] - [22], []
[2025-01-29 13:12:11,661][__main__][INFO] - [23], []
[2025-01-29 13:12:11,846][__main__][INFO] - [24], []
[2025-01-29 13:12:11,865][__main__][INFO] - [25], []
[2025-01-29 13:12:11,914][__main__][INFO] - [0, 10], []
[2025-01-29 13:12:12,075][__main__][INFO] - [0, 11], []
[2025-01-29 13:12:12,097][__main__][INFO] - [0, 12], []
[2025-01-29 13:12:12,123][__main__][INFO] - [0, 13], []
[2025-01-29 13:12:12,144][__main__][INFO] - [0, 14], []
[2025-01-29 13:12:12,164][__main__][INFO] - [0, 15], []
[2025-01-29 13:12:12,193][__main__][INFO] - [0, 16], []
[2025-01-29 13:12:12,286][__main__][INFO] - [0], [16]
[2025-01-29 13:12:12,385][__main__][INFO] - [0, 17], []
[2025-01-29 13:12:12,426][__main__][INFO] - [0, 18], []
[2025-01-29 13:12:12,538][__main__][INFO] - [0, 19], []
[2025-01-29 13:12:12,567][__main__][INFO] - [0, 20], []
[2025-01-29 13:12:12,592][__main__][INFO] - [0, 21], []
[2025-01-29 13:12:12,613][__main__][INFO] - [0, 22], []
[2025-01-29 13:12:12,636][__main__][INFO] - [0, 23], []
[2025-01-29 13:12:12,671][__main__][INFO] - [0, 24], []
[2025-01-29 13:12:12,720][__main__][INFO] - [1, 10], []
[2025-01-29 13:12:12,910][__main__][INFO] - [1, 11], []
[2025-01-29 13:12:12,933][__main__][INFO] - [1, 12], []
[2025-01-29 13:12:12,969][__main__][INFO] - [1, 13], []
[2025-01-29 13:12:12,990][__main__][INFO] - [1, 14], []
[2025-01-29 13:12:13,010][__main__][INFO] - [1, 15], []
[2025-01-29 13:12:13,049][__main__][INFO] - [1, 16], []
[2025-01-29 13:12:13,162][__main__][INFO] - [1], [16]
[2025-01-29 13:12:13,286][__main__][INFO] - [1, 17], []
[2025-01-29 13:12:13,331][__main__][INFO] - [1, 18], []
[2025-01-29 13:12:13,470][__main__][INFO] - [1, 19], []
[2025-01-29 13:12:13,498][__main__][INFO] - [1, 20], []
[2025-01-29 13:12:13,525][__main__][INFO] - [1, 21], []
[2025-01-29 13:12:13,546][__main__][INFO] - [1, 22], []
[2025-01-29 13:12:13,567][__main__][INFO] - [1, 23], []
[2025-01-29 13:12:13,614][__main__][INFO] - [1, 24], []
[2025-01-29 13:12:13,663][__main__][INFO] - [2, 10], []
[2025-01-29 13:12:13,812][__main__][INFO] - [2, 11], []
[2025-01-29 13:12:13,836][__main__][INFO] - [2, 12], []
[2025-01-29 13:12:13,880][__main__][INFO] - [2, 13], []
[2025-01-29 13:12:13,901][__main__][INFO] - [2, 14], []
[2025-01-29 13:12:13,921][__main__][INFO] - [2, 15], []
[2025-01-29 13:12:13,970][__main__][INFO] - [2, 16], []
[2025-01-29 13:12:14,076][__main__][INFO] - [2], [16]
[2025-01-29 13:12:14,197][__main__][INFO] - [2, 17], []
[2025-01-29 13:12:14,238][__main__][INFO] - [2, 18], []
[2025-01-29 13:12:14,369][__main__][INFO] - [2, 19], []
[2025-01-29 13:12:14,395][__main__][INFO] - [2, 20], []
[2025-01-29 13:12:14,421][__main__][INFO] - [2, 21], []
[2025-01-29 13:12:14,442][__main__][INFO] - [2, 22], []
[2025-01-29 13:12:14,462][__main__][INFO] - [2, 23], []
[2025-01-29 13:12:14,512][__main__][INFO] - [2, 24], []
[2025-01-29 13:12:14,562][__main__][INFO] - [3, 10], []
[2025-01-29 13:12:14,666][__main__][INFO] - [3, 11], []
[2025-01-29 13:12:14,690][__main__][INFO] - [3, 12], []
[2025-01-29 13:12:14,733][__main__][INFO] - [3, 13], []
[2025-01-29 13:12:14,754][__main__][INFO] - [3, 14], []
[2025-01-29 13:12:14,775][__main__][INFO] - [3, 15], []
[2025-01-29 13:12:14,825][__main__][INFO] - [3, 16], []
[2025-01-29 13:12:14,913][__main__][INFO] - [3], [16]
[2025-01-29 13:12:15,009][__main__][INFO] - [3, 17], []
[2025-01-29 13:12:15,045][__main__][INFO] - [3, 18], []
[2025-01-29 13:12:15,151][__main__][INFO] - [3, 19], []
[2025-01-29 13:12:15,175][__main__][INFO] - [3, 20], []
[2025-01-29 13:12:15,200][__main__][INFO] - [3, 21], []
[2025-01-29 13:12:15,221][__main__][INFO] - [3, 22], []
[2025-01-29 13:12:15,241][__main__][INFO] - [3, 23], []
[2025-01-29 13:12:15,286][__main__][INFO] - [3, 24], []
[2025-01-29 13:12:15,335][__main__][INFO] - [4, 10], []
[2025-01-29 13:12:15,466][__main__][INFO] - [4, 11], []
[2025-01-29 13:12:15,491][__main__][INFO] - [4, 12], []
[2025-01-29 13:12:15,538][__main__][INFO] - [4, 13], []
[2025-01-29 13:12:15,560][__main__][INFO] - [4, 14], []
[2025-01-29 13:12:15,580][__main__][INFO] - [4, 15], []
[2025-01-29 13:12:15,638][__main__][INFO] - [4, 16], []
[2025-01-29 13:12:15,745][__main__][INFO] - [4], [16]
[2025-01-29 13:12:15,863][__main__][INFO] - [4, 17], []
[2025-01-29 13:12:15,901][__main__][INFO] - [4, 18], []
[2025-01-29 13:12:16,039][__main__][INFO] - [4, 19], []
[2025-01-29 13:12:16,064][__main__][INFO] - [4, 20], []
[2025-01-29 13:12:16,090][__main__][INFO] - [4, 21], []
[2025-01-29 13:12:16,110][__main__][INFO] - [4, 22], []
[2025-01-29 13:12:16,131][__main__][INFO] - [4, 23], []
[2025-01-29 13:12:16,179][__main__][INFO] - [4, 24], []
[2025-01-29 13:12:16,229][__main__][INFO] - [5, 10], []
[2025-01-29 13:12:16,353][__main__][INFO] - [5, 11], []
[2025-01-29 13:12:16,377][__main__][INFO] - [5, 12], []
[2025-01-29 13:12:16,420][__main__][INFO] - [5, 13], []
[2025-01-29 13:12:16,441][__main__][INFO] - [5, 14], []
[2025-01-29 13:12:16,462][__main__][INFO] - [5, 15], []
[2025-01-29 13:12:16,506][__main__][INFO] - [5, 16], []
[2025-01-29 13:12:16,600][__main__][INFO] - [5], [16]
[2025-01-29 13:12:16,702][__main__][INFO] - [5, 17], []
[2025-01-29 13:12:16,733][__main__][INFO] - [5, 18], []
[2025-01-29 13:12:16,863][__main__][INFO] - [5, 19], []
[2025-01-29 13:12:16,886][__main__][INFO] - [5, 20], []
[2025-01-29 13:12:16,911][__main__][INFO] - [5, 21], []
[2025-01-29 13:12:16,932][__main__][INFO] - [5, 22], []
[2025-01-29 13:12:16,953][__main__][INFO] - [5, 23], []
[2025-01-29 13:12:16,995][__main__][INFO] - [5, 24], []
[2025-01-29 13:12:17,045][__main__][INFO] - [6, 10], []
[2025-01-29 13:12:17,110][__main__][INFO] - [6, 11], []
[2025-01-29 13:12:17,131][__main__][INFO] - [6, 12], []
[2025-01-29 13:12:17,160][__main__][INFO] - [6, 13], []
[2025-01-29 13:12:17,180][__main__][INFO] - [6, 14], []
[2025-01-29 13:12:17,200][__main__][INFO] - [6, 15], []
[2025-01-29 13:12:17,227][__main__][INFO] - [6, 16], []
[2025-01-29 13:12:17,274][__main__][INFO] - [6], [16]
[2025-01-29 13:12:17,326][__main__][INFO] - [6, 17], []
[2025-01-29 13:12:17,348][__main__][INFO] - [6, 18], []
[2025-01-29 13:12:17,412][__main__][INFO] - [6, 19], []
[2025-01-29 13:12:17,433][__main__][INFO] - [6, 20], []
[2025-01-29 13:12:17,455][__main__][INFO] - [6, 21], []
[2025-01-29 13:12:17,476][__main__][INFO] - [6, 22], []
[2025-01-29 13:12:17,496][__main__][INFO] - [6, 23], []
[2025-01-29 13:12:17,524][__main__][INFO] - [6, 24], []
[2025-01-29 13:12:17,573][__main__][INFO] - [7, 10], []
[2025-01-29 13:12:17,607][__main__][INFO] - [7, 11], []
[2025-01-29 13:12:17,628][__main__][INFO] - [7, 12], []
[2025-01-29 13:12:17,649][__main__][INFO] - [7, 13], []
[2025-01-29 13:12:17,669][__main__][INFO] - [7, 14], []
[2025-01-29 13:12:17,689][__main__][INFO] - [7, 15], []
[2025-01-29 13:12:17,711][__main__][INFO] - [7, 16], []
[2025-01-29 13:12:17,738][__main__][INFO] - [7], [16]
[2025-01-29 13:12:17,768][__main__][INFO] - [7, 17], []
[2025-01-29 13:12:17,789][__main__][INFO] - [7, 18], []
[2025-01-29 13:12:17,823][__main__][INFO] - [7, 19], []
[2025-01-29 13:12:17,843][__main__][INFO] - [7, 20], []
[2025-01-29 13:12:17,864][__main__][INFO] - [7, 21], []
[2025-01-29 13:12:17,899][__main__][INFO] - [7, 23], []
[2025-01-29 13:12:17,964][__main__][INFO] - [8, 10], []
[2025-01-29 13:12:17,987][__main__][INFO] - [8, 11], []
[2025-01-29 13:12:18,007][__main__][INFO] - [8, 12], []
[2025-01-29 13:12:18,056][__main__][INFO] - [8, 15], []
[2025-01-29 13:12:18,076][__main__][INFO] - [8, 16], []
[2025-01-29 13:12:18,097][__main__][INFO] - [8], [16]
[2025-01-29 13:12:18,119][__main__][INFO] - [8, 17], []
[2025-01-29 13:12:18,140][__main__][INFO] - [8, 18], []
[2025-01-29 13:12:18,162][__main__][INFO] - [8, 19], []
[2025-01-29 13:12:18,183][__main__][INFO] - [8, 20], []
[2025-01-29 13:12:18,233][__main__][INFO] - [8, 23], []
[2025-01-29 13:12:18,297][__main__][INFO] - [9, 10], []
[2025-01-29 13:12:18,332][__main__][INFO] - [9, 12], []
[2025-01-29 13:12:18,396][__main__][INFO] - [9, 16], []
[2025-01-29 13:12:18,416][__main__][INFO] - [9], [16]
[2025-01-29 13:12:18,452][__main__][INFO] - [9, 18], []
[2025-01-29 13:12:18,531][__main__][INFO] - [9, 23], []
[2025-01-29 13:12:18,595][__main__][INFO] - [10, 16], []
[2025-01-29 13:12:18,994][__main__][INFO] - [10], [16]
[2025-01-29 13:12:19,435][__main__][INFO] - [10, 17], []
[2025-01-29 13:12:19,510][__main__][INFO] - [10, 18], []
[2025-01-29 13:12:20,126][__main__][INFO] - [10, 19], []
[2025-01-29 13:12:20,175][__main__][INFO] - [10, 20], []
[2025-01-29 13:12:20,227][__main__][INFO] - [10, 21], []
[2025-01-29 13:12:20,251][__main__][INFO] - [10, 22], []
[2025-01-29 13:12:20,273][__main__][INFO] - [10, 23], []
[2025-01-29 13:12:20,333][__main__][INFO] - [10, 24], []
[2025-01-29 13:12:20,354][__main__][INFO] - [10, 25], []
[2025-01-29 13:12:20,389][__main__][INFO] - [11, 16], []
[2025-01-29 13:12:20,417][__main__][INFO] - [11], [16]
[2025-01-29 13:12:20,448][__main__][INFO] - [11, 17], []
[2025-01-29 13:12:20,468][__main__][INFO] - [11, 18], []
[2025-01-29 13:12:20,507][__main__][INFO] - [11, 19], []
[2025-01-29 13:12:20,528][__main__][INFO] - [11, 20], []
[2025-01-29 13:12:20,577][__main__][INFO] - [11, 23], []
[2025-01-29 13:12:20,642][__main__][INFO] - [12, 16], []
[2025-01-29 13:12:20,725][__main__][INFO] - [12], [16]
[2025-01-29 13:12:20,818][__main__][INFO] - [12, 17], []
[2025-01-29 13:12:20,839][__main__][INFO] - [12, 18], []
[2025-01-29 13:12:20,868][__main__][INFO] - [12, 19], []
[2025-01-29 13:12:20,890][__main__][INFO] - [12, 20], []
[2025-01-29 13:12:20,939][__main__][INFO] - [12, 23], []
[2025-01-29 13:12:21,121][__main__][INFO] - [13, 16], []
[2025-01-29 13:12:21,143][__main__][INFO] - [13], [16]
[2025-01-29 13:12:21,165][__main__][INFO] - [13, 17], []
[2025-01-29 13:12:21,186][__main__][INFO] - [13, 18], []
[2025-01-29 13:12:21,207][__main__][INFO] - [13, 19], []
[2025-01-29 13:12:21,227][__main__][INFO] - [13, 20], []
[2025-01-29 13:12:21,279][__main__][INFO] - [13, 23], []
[2025-01-29 13:12:21,343][__main__][INFO] - [14, 16], []
[2025-01-29 13:12:21,364][__main__][INFO] - [14], [16]
[2025-01-29 13:12:21,399][__main__][INFO] - [14, 18], []
[2025-01-29 13:12:21,419][__main__][INFO] - [14, 19], []
[2025-01-29 13:12:21,469][__main__][INFO] - [14, 22], []
[2025-01-29 13:12:21,489][__main__][INFO] - [14, 23], []
[2025-01-29 13:12:21,553][__main__][INFO] - [15, 16], []
[2025-01-29 13:12:21,637][__main__][INFO] - [15], [16]
[2025-01-29 13:12:21,745][__main__][INFO] - [15, 17], []
[2025-01-29 13:12:21,821][__main__][INFO] - [15, 18], []
[2025-01-29 13:12:21,928][__main__][INFO] - [15, 19], []
[2025-01-29 13:12:21,950][__main__][INFO] - [15, 20], []
[2025-01-29 13:12:21,971][__main__][INFO] - [15, 21], []
[2025-01-29 13:12:21,991][__main__][INFO] - [15, 22], []
[2025-01-29 13:12:22,012][__main__][INFO] - [15, 23], []
[2025-01-29 13:12:22,032][__main__][INFO] - [15, 24], []
[2025-01-29 13:12:22,082][__main__][INFO] - [16, 17], []
[2025-01-29 13:12:22,148][__main__][INFO] - [16, 18], []
[2025-01-29 13:12:22,487][__main__][INFO] - [16, 19], []
[2025-01-29 13:12:22,523][__main__][INFO] - [16, 20], []
[2025-01-29 13:12:22,560][__main__][INFO] - [16, 21], []
[2025-01-29 13:12:22,582][__main__][INFO] - [16, 22], []
[2025-01-29 13:12:22,602][__main__][INFO] - [16, 23], []
[2025-01-29 13:12:22,700][__main__][INFO] - [16, 24], []
[2025-01-29 13:12:22,751][__main__][INFO] - [17], [16]
[2025-01-29 13:12:22,829][__main__][INFO] - [18], [16]
[2025-01-29 13:12:23,218][__main__][INFO] - [19], [16]
[2025-01-29 13:12:23,254][__main__][INFO] - [20], [16]
[2025-01-29 13:12:23,290][__main__][INFO] - [21], [16]
[2025-01-29 13:12:23,311][__main__][INFO] - [22], [16]
[2025-01-29 13:12:23,332][__main__][INFO] - [23], [16]
[2025-01-29 13:12:23,427][__main__][INFO] - [24], [16]
[2025-01-29 13:12:23,519][__main__][INFO] - [0, 10, 16], []
[2025-01-29 13:12:23,619][__main__][INFO] - [0, 10], [16]
[2025-01-29 13:12:23,717][__main__][INFO] - [0, 10, 17], []
[2025-01-29 13:12:23,759][__main__][INFO] - [0, 10, 18], []
[2025-01-29 13:12:23,866][__main__][INFO] - [0, 10, 19], []
[2025-01-29 13:12:23,897][__main__][INFO] - [0, 10, 20], []
[2025-01-29 13:12:23,924][__main__][INFO] - [0, 10, 21], []
[2025-01-29 13:12:23,948][__main__][INFO] - [0, 10, 22], []
[2025-01-29 13:12:23,970][__main__][INFO] - [0, 10, 23], []
[2025-01-29 13:12:24,003][__main__][INFO] - [0, 10, 24], []
[2025-01-29 13:12:24,055][__main__][INFO] - [0, 11, 16], []
[2025-01-29 13:12:24,079][__main__][INFO] - [0, 11], [16]
[2025-01-29 13:12:24,117][__main__][INFO] - [0, 11, 18], []
[2025-01-29 13:12:24,141][__main__][INFO] - [0, 11, 19], []
[2025-01-29 13:12:24,208][__main__][INFO] - [0, 11, 23], []
[2025-01-29 13:12:24,276][__main__][INFO] - [0, 12, 16], []
[2025-01-29 13:12:24,302][__main__][INFO] - [0, 12], [16]
[2025-01-29 13:12:24,342][__main__][INFO] - [0, 12, 18], []
[2025-01-29 13:12:24,365][__main__][INFO] - [0, 12, 19], []
[2025-01-29 13:12:24,433][__main__][INFO] - [0, 12, 23], []
[2025-01-29 13:12:24,506][__main__][INFO] - [0, 13, 16], []
[2025-01-29 13:12:24,529][__main__][INFO] - [0, 13], [16]
[2025-01-29 13:12:24,566][__main__][INFO] - [0, 13, 18], []
[2025-01-29 13:12:24,603][__main__][INFO] - [0, 13, 20], []
[2025-01-29 13:12:24,725][__main__][INFO] - [0, 14, 16], []
[2025-01-29 13:12:24,750][__main__][INFO] - [0, 14], [16]
[2025-01-29 13:12:24,793][__main__][INFO] - [0, 14, 18], []
[2025-01-29 13:12:24,873][__main__][INFO] - [0, 14, 22], []
[2025-01-29 13:12:24,972][__main__][INFO] - [0, 15, 16], []
[2025-01-29 13:12:25,001][__main__][INFO] - [0, 15], [16]
[2025-01-29 13:12:25,031][__main__][INFO] - [0, 15, 17], []
[2025-01-29 13:12:25,056][__main__][INFO] - [0, 15, 18], []
[2025-01-29 13:12:25,083][__main__][INFO] - [0, 15, 19], []
[2025-01-29 13:12:25,105][__main__][INFO] - [0, 15, 20], []
[2025-01-29 13:12:25,128][__main__][INFO] - [0, 15, 21], []
[2025-01-29 13:12:25,165][__main__][INFO] - [0, 15, 23], []
[2025-01-29 13:12:25,233][__main__][INFO] - [0, 16, 17], []
[2025-01-29 13:12:25,263][__main__][INFO] - [0, 16, 18], []
[2025-01-29 13:12:25,327][__main__][INFO] - [0, 16, 19], []
[2025-01-29 13:12:25,353][__main__][INFO] - [0, 16, 20], []
[2025-01-29 13:12:25,378][__main__][INFO] - [0, 16, 21], []
[2025-01-29 13:12:25,401][__main__][INFO] - [0, 16, 22], []
[2025-01-29 13:12:25,423][__main__][INFO] - [0, 16, 23], []
[2025-01-29 13:12:25,458][__main__][INFO] - [0, 16, 24], []
[2025-01-29 13:12:25,519][__main__][INFO] - [0, 17], [16]
[2025-01-29 13:12:25,554][__main__][INFO] - [0, 18], [16]
[2025-01-29 13:12:25,631][__main__][INFO] - [0, 19], [16]
[2025-01-29 13:12:25,657][__main__][INFO] - [0, 20], [16]
[2025-01-29 13:12:25,682][__main__][INFO] - [0, 21], [16]
[2025-01-29 13:12:25,705][__main__][INFO] - [0, 22], [16]
[2025-01-29 13:12:25,727][__main__][INFO] - [0, 23], [16]
[2025-01-29 13:12:25,757][__main__][INFO] - [0, 24], [16]
[2025-01-29 13:12:25,824][__main__][INFO] - [1, 10, 16], []
[2025-01-29 13:12:25,920][__main__][INFO] - [1, 10], [16]
[2025-01-29 13:12:26,023][__main__][INFO] - [1, 10, 17], []
[2025-01-29 13:12:26,062][__main__][INFO] - [1, 10, 18], []
[2025-01-29 13:12:26,189][__main__][INFO] - [1, 10, 19], []
[2025-01-29 13:12:26,224][__main__][INFO] - [1, 10, 20], []
[2025-01-29 13:12:26,259][__main__][INFO] - [1, 10, 21], []
[2025-01-29 13:12:26,285][__main__][INFO] - [1, 10, 22], []
[2025-01-29 13:12:26,311][__main__][INFO] - [1, 10, 23], []
[2025-01-29 13:12:26,352][__main__][INFO] - [1, 10, 24], []
[2025-01-29 13:12:26,413][__main__][INFO] - [1, 11, 16], []
[2025-01-29 13:12:26,443][__main__][INFO] - [1, 11], [16]
[2025-01-29 13:12:26,488][__main__][INFO] - [1, 11, 18], []
[2025-01-29 13:12:26,517][__main__][INFO] - [1, 11, 19], []
[2025-01-29 13:12:26,544][__main__][INFO] - [1, 11, 20], []
[2025-01-29 13:12:26,604][__main__][INFO] - [1, 11, 23], []
[2025-01-29 13:12:26,687][__main__][INFO] - [1, 12, 16], []
[2025-01-29 13:12:26,723][__main__][INFO] - [1, 12], [16]
[2025-01-29 13:12:26,774][__main__][INFO] - [1, 12, 18], []
[2025-01-29 13:12:26,801][__main__][INFO] - [1, 12, 19], []
[2025-01-29 13:12:26,881][__main__][INFO] - [1, 12, 23], []
[2025-01-29 13:12:26,976][__main__][INFO] - [1, 13, 16], []
[2025-01-29 13:12:27,002][__main__][INFO] - [1, 13], [16]
[2025-01-29 13:12:27,047][__main__][INFO] - [1, 13, 18], []
[2025-01-29 13:12:27,090][__main__][INFO] - [1, 13, 20], []
[2025-01-29 13:12:27,222][__main__][INFO] - [1, 14, 16], []
[2025-01-29 13:12:27,249][__main__][INFO] - [1, 14], [16]
[2025-01-29 13:12:27,292][__main__][INFO] - [1, 14, 18], []
[2025-01-29 13:12:27,370][__main__][INFO] - [1, 14, 22], []
[2025-01-29 13:12:27,393][__main__][INFO] - [1, 14, 23], []
[2025-01-29 13:12:27,468][__main__][INFO] - [1, 15, 16], []
[2025-01-29 13:12:27,501][__main__][INFO] - [1, 15], [16]
[2025-01-29 13:12:27,538][__main__][INFO] - [1, 15, 17], []
[2025-01-29 13:12:27,571][__main__][INFO] - [1, 15, 18], []
[2025-01-29 13:12:27,610][__main__][INFO] - [1, 15, 19], []
[2025-01-29 13:12:27,635][__main__][INFO] - [1, 15, 20], []
[2025-01-29 13:12:27,661][__main__][INFO] - [1, 15, 21], []
[2025-01-29 13:12:27,706][__main__][INFO] - [1, 15, 23], []
[2025-01-29 13:12:27,731][__main__][INFO] - [1, 15, 24], []
[2025-01-29 13:12:27,792][__main__][INFO] - [1, 16, 17], []
[2025-01-29 13:12:27,831][__main__][INFO] - [1, 16, 18], []
[2025-01-29 13:12:27,916][__main__][INFO] - [1, 16, 19], []
[2025-01-29 13:12:27,942][__main__][INFO] - [1, 16, 20], []
[2025-01-29 13:12:27,968][__main__][INFO] - [1, 16, 21], []
[2025-01-29 13:12:27,990][__main__][INFO] - [1, 16, 22], []
[2025-01-29 13:12:28,013][__main__][INFO] - [1, 16, 23], []
[2025-01-29 13:12:28,048][__main__][INFO] - [1, 16, 24], []
[2025-01-29 13:12:28,100][__main__][INFO] - [1, 17], [16]
[2025-01-29 13:12:28,135][__main__][INFO] - [1, 18], [16]
[2025-01-29 13:12:28,224][__main__][INFO] - [1, 19], [16]
[2025-01-29 13:12:28,253][__main__][INFO] - [1, 20], [16]
[2025-01-29 13:12:28,282][__main__][INFO] - [1, 21], [16]
[2025-01-29 13:12:28,306][__main__][INFO] - [1, 22], [16]
[2025-01-29 13:12:28,332][__main__][INFO] - [1, 23], [16]
[2025-01-29 13:12:28,373][__main__][INFO] - [1, 24], [16]
[2025-01-29 13:12:28,453][__main__][INFO] - [2, 10, 16], []
[2025-01-29 13:12:28,544][__main__][INFO] - [2, 10], [16]
[2025-01-29 13:12:28,645][__main__][INFO] - [2, 10, 17], []
[2025-01-29 13:12:28,681][__main__][INFO] - [2, 10, 18], []
[2025-01-29 13:12:28,809][__main__][INFO] - [2, 10, 19], []
[2025-01-29 13:12:28,841][__main__][INFO] - [2, 10, 20], []
[2025-01-29 13:12:28,872][__main__][INFO] - [2, 10, 21], []
[2025-01-29 13:12:28,899][__main__][INFO] - [2, 10, 22], []
[2025-01-29 13:12:28,926][__main__][INFO] - [2, 10, 23], []
[2025-01-29 13:12:28,961][__main__][INFO] - [2, 10, 24], []
[2025-01-29 13:12:29,021][__main__][INFO] - [2, 11, 16], []
[2025-01-29 13:12:29,048][__main__][INFO] - [2, 11], [16]
[2025-01-29 13:12:29,095][__main__][INFO] - [2, 11, 18], []
[2025-01-29 13:12:29,125][__main__][INFO] - [2, 11, 19], []
[2025-01-29 13:12:29,193][__main__][INFO] - [2, 11, 23], []
[2025-01-29 13:12:29,261][__main__][INFO] - [2, 12, 16], []
[2025-01-29 13:12:29,294][__main__][INFO] - [2, 12], [16]
[2025-01-29 13:12:29,342][__main__][INFO] - [2, 12, 18], []
[2025-01-29 13:12:29,366][__main__][INFO] - [2, 12, 19], []
[2025-01-29 13:12:29,438][__main__][INFO] - [2, 12, 23], []
[2025-01-29 13:12:29,540][__main__][INFO] - [2, 13, 16], []
[2025-01-29 13:12:29,566][__main__][INFO] - [2, 13], [16]
[2025-01-29 13:12:29,610][__main__][INFO] - [2, 13, 18], []
[2025-01-29 13:12:29,654][__main__][INFO] - [2, 13, 20], []
[2025-01-29 13:12:29,717][__main__][INFO] - [2, 13, 23], []
[2025-01-29 13:12:29,785][__main__][INFO] - [2, 14, 16], []
[2025-01-29 13:12:29,808][__main__][INFO] - [2, 14], [16]
[2025-01-29 13:12:29,845][__main__][INFO] - [2, 14, 18], []
[2025-01-29 13:12:29,913][__main__][INFO] - [2, 14, 22], []
[2025-01-29 13:12:29,936][__main__][INFO] - [2, 14, 23], []
[2025-01-29 13:12:30,003][__main__][INFO] - [2, 15, 16], []
[2025-01-29 13:12:30,037][__main__][INFO] - [2, 15], [16]
[2025-01-29 13:12:30,076][__main__][INFO] - [2, 15, 17], []
[2025-01-29 13:12:30,109][__main__][INFO] - [2, 15, 18], []
[2025-01-29 13:12:30,146][__main__][INFO] - [2, 15, 19], []
[2025-01-29 13:12:30,169][__main__][INFO] - [2, 15, 20], []
[2025-01-29 13:12:30,192][__main__][INFO] - [2, 15, 21], []
[2025-01-29 13:12:30,230][__main__][INFO] - [2, 15, 23], []
[2025-01-29 13:12:30,253][__main__][INFO] - [2, 15, 24], []
[2025-01-29 13:12:30,306][__main__][INFO] - [2, 16, 17], []
[2025-01-29 13:12:30,337][__main__][INFO] - [2, 16, 18], []
[2025-01-29 13:12:30,405][__main__][INFO] - [2, 16, 19], []
[2025-01-29 13:12:30,434][__main__][INFO] - [2, 16, 20], []
[2025-01-29 13:12:30,463][__main__][INFO] - [2, 16, 21], []
[2025-01-29 13:12:30,489][__main__][INFO] - [2, 16, 22], []
[2025-01-29 13:12:30,515][__main__][INFO] - [2, 16, 23], []
[2025-01-29 13:12:30,558][__main__][INFO] - [2, 16, 24], []
[2025-01-29 13:12:30,619][__main__][INFO] - [2, 17], [16]
[2025-01-29 13:12:30,655][__main__][INFO] - [2, 18], [16]
[2025-01-29 13:12:30,750][__main__][INFO] - [2, 19], [16]
[2025-01-29 13:12:30,779][__main__][INFO] - [2, 20], [16]
[2025-01-29 13:12:30,807][__main__][INFO] - [2, 21], [16]
[2025-01-29 13:12:30,833][__main__][INFO] - [2, 22], [16]
[2025-01-29 13:12:30,859][__main__][INFO] - [2, 23], [16]
[2025-01-29 13:12:30,901][__main__][INFO] - [2, 24], [16]
[2025-01-29 13:12:30,969][__main__][INFO] - [3, 10, 16], []
[2025-01-29 13:12:31,028][__main__][INFO] - [3, 10], [16]
[2025-01-29 13:12:31,092][__main__][INFO] - [3, 10, 17], []
[2025-01-29 13:12:31,119][__main__][INFO] - [3, 10, 18], []
[2025-01-29 13:12:31,205][__main__][INFO] - [3, 10, 19], []
[2025-01-29 13:12:31,235][__main__][INFO] - [3, 10, 20], []
[2025-01-29 13:12:31,265][__main__][INFO] - [3, 10, 21], []
[2025-01-29 13:12:31,291][__main__][INFO] - [3, 10, 22], []
[2025-01-29 13:12:31,318][__main__][INFO] - [3, 10, 23], []
[2025-01-29 13:12:31,347][__main__][INFO] - [3, 10, 24], []
[2025-01-29 13:12:31,410][__main__][INFO] - [3, 11, 16], []
[2025-01-29 13:12:31,436][__main__][INFO] - [3, 11], [16]
[2025-01-29 13:12:31,482][__main__][INFO] - [3, 11, 18], []
[2025-01-29 13:12:31,513][__main__][INFO] - [3, 11, 19], []
[2025-01-29 13:12:31,581][__main__][INFO] - [3, 11, 23], []
[2025-01-29 13:12:31,649][__main__][INFO] - [3, 12, 16], []
[2025-01-29 13:12:31,682][__main__][INFO] - [3, 12], [16]
[2025-01-29 13:12:31,731][__main__][INFO] - [3, 12, 18], []
[2025-01-29 13:12:31,755][__main__][INFO] - [3, 12, 19], []
[2025-01-29 13:12:31,823][__main__][INFO] - [3, 12, 23], []
[2025-01-29 13:12:31,911][__main__][INFO] - [3, 13, 16], []
[2025-01-29 13:12:31,934][__main__][INFO] - [3, 13], [16]
[2025-01-29 13:12:31,972][__main__][INFO] - [3, 13, 18], []
[2025-01-29 13:12:32,010][__main__][INFO] - [3, 13, 20], []
[2025-01-29 13:12:32,064][__main__][INFO] - [3, 13, 23], []
[2025-01-29 13:12:32,131][__main__][INFO] - [3, 14, 16], []
[2025-01-29 13:12:32,154][__main__][INFO] - [3, 14], [16]
[2025-01-29 13:12:32,192][__main__][INFO] - [3, 14, 18], []
[2025-01-29 13:12:32,215][__main__][INFO] - [3, 14, 19], []
[2025-01-29 13:12:32,267][__main__][INFO] - [3, 14, 22], []
[2025-01-29 13:12:32,290][__main__][INFO] - [3, 14, 23], []
[2025-01-29 13:12:32,358][__main__][INFO] - [3, 15, 16], []
[2025-01-29 13:12:32,393][__main__][INFO] - [3, 15], [16]
[2025-01-29 13:12:32,430][__main__][INFO] - [3, 15, 17], []
[2025-01-29 13:12:32,463][__main__][INFO] - [3, 15, 18], []
[2025-01-29 13:12:32,501][__main__][INFO] - [3, 15, 19], []
[2025-01-29 13:12:32,524][__main__][INFO] - [3, 15, 20], []
[2025-01-29 13:12:32,547][__main__][INFO] - [3, 15, 21], []
[2025-01-29 13:12:32,584][__main__][INFO] - [3, 15, 23], []
[2025-01-29 13:12:32,607][__main__][INFO] - [3, 15, 24], []
[2025-01-29 13:12:32,660][__main__][INFO] - [3, 16, 17], []
[2025-01-29 13:12:32,689][__main__][INFO] - [3, 16, 18], []
[2025-01-29 13:12:32,755][__main__][INFO] - [3, 16, 19], []
[2025-01-29 13:12:32,785][__main__][INFO] - [3, 16, 20], []
[2025-01-29 13:12:32,812][__main__][INFO] - [3, 16, 21], []
[2025-01-29 13:12:32,835][__main__][INFO] - [3, 16, 22], []
[2025-01-29 13:12:32,858][__main__][INFO] - [3, 16, 23], []
[2025-01-29 13:12:32,892][__main__][INFO] - [3, 16, 24], []
[2025-01-29 13:12:32,945][__main__][INFO] - [3, 17], [16]
[2025-01-29 13:12:32,975][__main__][INFO] - [3, 18], [16]
[2025-01-29 13:12:33,040][__main__][INFO] - [3, 19], [16]
[2025-01-29 13:12:33,065][__main__][INFO] - [3, 20], [16]
[2025-01-29 13:12:33,089][__main__][INFO] - [3, 21], [16]
[2025-01-29 13:12:33,112][__main__][INFO] - [3, 22], [16]
[2025-01-29 13:12:33,134][__main__][INFO] - [3, 23], [16]
[2025-01-29 13:12:33,168][__main__][INFO] - [3, 24], [16]
[2025-01-29 13:12:33,242][__main__][INFO] - [4, 10, 16], []
[2025-01-29 13:12:33,323][__main__][INFO] - [4, 10], [16]
[2025-01-29 13:12:33,413][__main__][INFO] - [4, 10, 17], []
[2025-01-29 13:12:33,443][__main__][INFO] - [4, 10, 18], []
[2025-01-29 13:12:33,552][__main__][INFO] - [4, 10, 19], []
[2025-01-29 13:12:33,577][__main__][INFO] - [4, 10, 20], []
[2025-01-29 13:12:33,605][__main__][INFO] - [4, 10, 21], []
[2025-01-29 13:12:33,628][__main__][INFO] - [4, 10, 22], []
[2025-01-29 13:12:33,651][__main__][INFO] - [4, 10, 23], []
[2025-01-29 13:12:33,677][__main__][INFO] - [4, 10, 24], []
[2025-01-29 13:12:33,730][__main__][INFO] - [4, 11, 16], []
[2025-01-29 13:12:33,754][__main__][INFO] - [4, 11], [16]
[2025-01-29 13:12:33,794][__main__][INFO] - [4, 11, 18], []
[2025-01-29 13:12:33,820][__main__][INFO] - [4, 11, 19], []
[2025-01-29 13:12:33,843][__main__][INFO] - [4, 11, 20], []
[2025-01-29 13:12:33,896][__main__][INFO] - [4, 11, 23], []
[2025-01-29 13:12:33,964][__main__][INFO] - [4, 12, 16], []
[2025-01-29 13:12:34,000][__main__][INFO] - [4, 12], [16]
[2025-01-29 13:12:34,050][__main__][INFO] - [4, 12, 18], []
[2025-01-29 13:12:34,075][__main__][INFO] - [4, 12, 19], []
[2025-01-29 13:12:34,143][__main__][INFO] - [4, 12, 23], []
[2025-01-29 13:12:34,235][__main__][INFO] - [4, 13, 16], []
[2025-01-29 13:12:34,258][__main__][INFO] - [4, 13], [16]
[2025-01-29 13:12:34,296][__main__][INFO] - [4, 13, 18], []
[2025-01-29 13:12:34,334][__main__][INFO] - [4, 13, 20], []
[2025-01-29 13:12:34,387][__main__][INFO] - [4, 13, 23], []
[2025-01-29 13:12:34,455][__main__][INFO] - [4, 14, 16], []
[2025-01-29 13:12:34,478][__main__][INFO] - [4, 14], [16]
[2025-01-29 13:12:34,516][__main__][INFO] - [4, 14, 18], []
[2025-01-29 13:12:34,538][__main__][INFO] - [4, 14, 19], []
[2025-01-29 13:12:34,591][__main__][INFO] - [4, 14, 22], []
[2025-01-29 13:12:34,674][__main__][INFO] - [4, 15, 16], []
[2025-01-29 13:12:34,711][__main__][INFO] - [4, 15], [16]
[2025-01-29 13:12:34,753][__main__][INFO] - [4, 15, 17], []
[2025-01-29 13:12:34,789][__main__][INFO] - [4, 15, 18], []
[2025-01-29 13:12:34,831][__main__][INFO] - [4, 15, 19], []
[2025-01-29 13:12:34,854][__main__][INFO] - [4, 15, 20], []
[2025-01-29 13:12:34,877][__main__][INFO] - [4, 15, 21], []
[2025-01-29 13:12:34,915][__main__][INFO] - [4, 15, 23], []
[2025-01-29 13:12:34,940][__main__][INFO] - [4, 15, 24], []
[2025-01-29 13:12:35,002][__main__][INFO] - [4, 16, 17], []
[2025-01-29 13:12:35,036][__main__][INFO] - [4, 16, 18], []
[2025-01-29 13:12:35,120][__main__][INFO] - [4, 16, 19], []
[2025-01-29 13:12:35,149][__main__][INFO] - [4, 16, 20], []
[2025-01-29 13:12:35,178][__main__][INFO] - [4, 16, 21], []
[2025-01-29 13:12:35,201][__main__][INFO] - [4, 16, 22], []
[2025-01-29 13:12:35,223][__main__][INFO] - [4, 16, 23], []
[2025-01-29 13:12:35,260][__main__][INFO] - [4, 16, 24], []
[2025-01-29 13:12:35,313][__main__][INFO] - [4, 17], [16]
[2025-01-29 13:12:35,344][__main__][INFO] - [4, 18], [16]
[2025-01-29 13:12:35,426][__main__][INFO] - [4, 19], [16]
[2025-01-29 13:12:35,454][__main__][INFO] - [4, 20], [16]
[2025-01-29 13:12:35,482][__main__][INFO] - [4, 21], [16]
[2025-01-29 13:12:35,508][__main__][INFO] - [4, 22], [16]
[2025-01-29 13:12:35,534][__main__][INFO] - [4, 23], [16]
[2025-01-29 13:12:35,573][__main__][INFO] - [4, 24], [16]
[2025-01-29 13:12:35,653][__main__][INFO] - [5, 10, 16], []
[2025-01-29 13:12:35,733][__main__][INFO] - [5, 10], [16]
[2025-01-29 13:12:35,820][__main__][INFO] - [5, 10, 17], []
[2025-01-29 13:12:35,848][__main__][INFO] - [5, 10, 18], []
[2025-01-29 13:12:35,978][__main__][INFO] - [5, 10, 19], []
[2025-01-29 13:12:36,005][__main__][INFO] - [5, 10, 20], []
[2025-01-29 13:12:36,037][__main__][INFO] - [5, 10, 21], []
[2025-01-29 13:12:36,063][__main__][INFO] - [5, 10, 22], []
[2025-01-29 13:12:36,089][__main__][INFO] - [5, 10, 23], []
[2025-01-29 13:12:36,117][__main__][INFO] - [5, 10, 24], []
[2025-01-29 13:12:36,177][__main__][INFO] - [5, 11, 16], []
[2025-01-29 13:12:36,204][__main__][INFO] - [5, 11], [16]
[2025-01-29 13:12:36,249][__main__][INFO] - [5, 11, 18], []
[2025-01-29 13:12:36,279][__main__][INFO] - [5, 11, 19], []
[2025-01-29 13:12:36,430][__main__][INFO] - [5, 12, 16], []
[2025-01-29 13:12:36,469][__main__][INFO] - [5, 12], [16]
[2025-01-29 13:12:36,526][__main__][INFO] - [5, 12, 18], []
[2025-01-29 13:12:36,554][__main__][INFO] - [5, 12, 19], []
[2025-01-29 13:12:36,634][__main__][INFO] - [5, 12, 23], []
[2025-01-29 13:12:36,735][__main__][INFO] - [5, 13, 16], []
[2025-01-29 13:12:36,761][__main__][INFO] - [5, 13], [16]
[2025-01-29 13:12:36,805][__main__][INFO] - [5, 13, 18], []
[2025-01-29 13:12:36,848][__main__][INFO] - [5, 13, 20], []
[2025-01-29 13:12:36,909][__main__][INFO] - [5, 13, 23], []
[2025-01-29 13:12:36,990][__main__][INFO] - [5, 14, 16], []
[2025-01-29 13:12:37,015][__main__][INFO] - [5, 14], [16]
[2025-01-29 13:12:37,058][__main__][INFO] - [5, 14, 18], []
[2025-01-29 13:12:37,086][__main__][INFO] - [5, 14, 19], []
[2025-01-29 13:12:37,147][__main__][INFO] - [5, 14, 22], []
[2025-01-29 13:12:37,172][__main__][INFO] - [5, 14, 23], []
[2025-01-29 13:12:37,253][__main__][INFO] - [5, 15, 16], []
[2025-01-29 13:12:37,291][__main__][INFO] - [5, 15], [16]
[2025-01-29 13:12:37,331][__main__][INFO] - [5, 15, 17], []
[2025-01-29 13:12:37,366][__main__][INFO] - [5, 15, 18], []
[2025-01-29 13:12:37,406][__main__][INFO] - [5, 15, 19], []
[2025-01-29 13:12:37,433][__main__][INFO] - [5, 15, 20], []
[2025-01-29 13:12:37,459][__main__][INFO] - [5, 15, 21], []
[2025-01-29 13:12:37,502][__main__][INFO] - [5, 15, 23], []
[2025-01-29 13:12:37,528][__main__][INFO] - [5, 15, 24], []
[2025-01-29 13:12:37,590][__main__][INFO] - [5, 16, 17], []
[2025-01-29 13:12:37,620][__main__][INFO] - [5, 16, 18], []
[2025-01-29 13:12:37,701][__main__][INFO] - [5, 16, 19], []
[2025-01-29 13:12:37,728][__main__][INFO] - [5, 16, 20], []
[2025-01-29 13:12:37,756][__main__][INFO] - [5, 16, 21], []
[2025-01-29 13:12:37,783][__main__][INFO] - [5, 16, 22], []
[2025-01-29 13:12:37,809][__main__][INFO] - [5, 16, 23], []
[2025-01-29 13:12:37,848][__main__][INFO] - [5, 16, 24], []
[2025-01-29 13:12:37,909][__main__][INFO] - [5, 17], [16]
[2025-01-29 13:12:37,941][__main__][INFO] - [5, 18], [16]
[2025-01-29 13:12:38,032][__main__][INFO] - [5, 19], [16]
[2025-01-29 13:12:38,058][__main__][INFO] - [5, 20], [16]
[2025-01-29 13:12:38,087][__main__][INFO] - [5, 21], [16]
[2025-01-29 13:12:38,112][__main__][INFO] - [5, 22], [16]
[2025-01-29 13:12:38,137][__main__][INFO] - [5, 23], [16]
[2025-01-29 13:12:38,174][__main__][INFO] - [5, 24], [16]
[2025-01-29 13:12:38,253][__main__][INFO] - [6, 10, 16], []
[2025-01-29 13:12:38,301][__main__][INFO] - [6, 10], [16]
[2025-01-29 13:12:38,352][__main__][INFO] - [6, 10, 17], []
[2025-01-29 13:12:38,378][__main__][INFO] - [6, 10, 18], []
[2025-01-29 13:12:38,447][__main__][INFO] - [6, 10, 19], []
[2025-01-29 13:12:38,477][__main__][INFO] - [6, 10, 20], []
[2025-01-29 13:12:38,502][__main__][INFO] - [6, 10, 21], []
[2025-01-29 13:12:38,525][__main__][INFO] - [6, 10, 22], []
[2025-01-29 13:12:38,548][__main__][INFO] - [6, 10, 23], []
[2025-01-29 13:12:38,616][__main__][INFO] - [6, 11, 16], []
[2025-01-29 13:12:38,639][__main__][INFO] - [6, 11], [16]
[2025-01-29 13:12:38,678][__main__][INFO] - [6, 11, 18], []
[2025-01-29 13:12:38,822][__main__][INFO] - [6, 12, 16], []
[2025-01-29 13:12:38,849][__main__][INFO] - [6, 12], [16]
[2025-01-29 13:12:38,897][__main__][INFO] - [6, 12, 18], []
[2025-01-29 13:12:38,923][__main__][INFO] - [6, 12, 19], []
[2025-01-29 13:12:39,002][__main__][INFO] - [6, 12, 23], []
[2025-01-29 13:12:39,089][__main__][INFO] - [6, 13, 16], []
[2025-01-29 13:12:39,114][__main__][INFO] - [6, 13], [16]
[2025-01-29 13:12:39,158][__main__][INFO] - [6, 13, 18], []
[2025-01-29 13:12:39,202][__main__][INFO] - [6, 13, 20], []
[2025-01-29 13:12:39,353][__main__][INFO] - [6, 14], [16]
[2025-01-29 13:12:39,559][__main__][INFO] - [6, 15, 16], []
[2025-01-29 13:12:39,586][__main__][INFO] - [6, 15], [16]
[2025-01-29 13:12:39,616][__main__][INFO] - [6, 15, 17], []
[2025-01-29 13:12:39,642][__main__][INFO] - [6, 15, 18], []
[2025-01-29 13:12:39,672][__main__][INFO] - [6, 15, 19], []
[2025-01-29 13:12:39,696][__main__][INFO] - [6, 15, 20], []
[2025-01-29 13:12:39,758][__main__][INFO] - [6, 15, 23], []
[2025-01-29 13:12:39,839][__main__][INFO] - [6, 16, 17], []
[2025-01-29 13:12:39,864][__main__][INFO] - [6, 16, 18], []
[2025-01-29 13:12:39,911][__main__][INFO] - [6, 16, 19], []
[2025-01-29 13:12:39,937][__main__][INFO] - [6, 16, 20], []
[2025-01-29 13:12:39,963][__main__][INFO] - [6, 16, 21], []
[2025-01-29 13:12:39,989][__main__][INFO] - [6, 16, 22], []
[2025-01-29 13:12:40,013][__main__][INFO] - [6, 16, 23], []
[2025-01-29 13:12:40,097][__main__][INFO] - [6, 17], [16]
[2025-01-29 13:12:40,123][__main__][INFO] - [6, 18], [16]
[2025-01-29 13:12:40,175][__main__][INFO] - [6, 19], [16]
[2025-01-29 13:12:40,199][__main__][INFO] - [6, 20], [16]
[2025-01-29 13:12:40,226][__main__][INFO] - [6, 21], [16]
[2025-01-29 13:12:40,251][__main__][INFO] - [6, 22], [16]
[2025-01-29 13:12:40,277][__main__][INFO] - [6, 23], [16]
[2025-01-29 13:12:40,386][__main__][INFO] - [7, 10, 16], []
[2025-01-29 13:12:40,420][__main__][INFO] - [7, 10], [16]
[2025-01-29 13:12:40,456][__main__][INFO] - [7, 10, 17], []
[2025-01-29 13:12:40,482][__main__][INFO] - [7, 10, 18], []
[2025-01-29 13:12:40,521][__main__][INFO] - [7, 10, 19], []
[2025-01-29 13:12:40,547][__main__][INFO] - [7, 10, 20], []
[2025-01-29 13:12:40,573][__main__][INFO] - [7, 10, 21], []
[2025-01-29 13:12:40,616][__main__][INFO] - [7, 10, 23], []
[2025-01-29 13:12:40,695][__main__][INFO] - [7, 11, 16], []
[2025-01-29 13:12:40,721][__main__][INFO] - [7, 11], [16]
[2025-01-29 13:12:40,765][__main__][INFO] - [7, 11, 18], []
[2025-01-29 13:12:40,933][__main__][INFO] - [7, 12, 16], []
[2025-01-29 13:12:40,958][__main__][INFO] - [7, 12], [16]
[2025-01-29 13:12:41,003][__main__][INFO] - [7, 12, 18], []
[2025-01-29 13:12:41,029][__main__][INFO] - [7, 12, 19], []
[2025-01-29 13:12:41,112][__main__][INFO] - [7, 12, 23], []
[2025-01-29 13:12:41,212][__main__][INFO] - [7, 13], [16]
[2025-01-29 13:12:41,257][__main__][INFO] - [7, 13, 18], []
[2025-01-29 13:12:41,639][__main__][INFO] - [7, 15, 16], []
[2025-01-29 13:12:41,665][__main__][INFO] - [7, 15], [16]
[2025-01-29 13:12:41,690][__main__][INFO] - [7, 15, 17], []
[2025-01-29 13:12:41,716][__main__][INFO] - [7, 15, 18], []
[2025-01-29 13:12:41,743][__main__][INFO] - [7, 15, 19], []
[2025-01-29 13:12:41,896][__main__][INFO] - [7, 16, 17], []
[2025-01-29 13:12:41,921][__main__][INFO] - [7, 16, 18], []
[2025-01-29 13:12:41,952][__main__][INFO] - [7, 16, 19], []
[2025-01-29 13:12:41,976][__main__][INFO] - [7, 16, 20], []
[2025-01-29 13:12:41,999][__main__][INFO] - [7, 16, 21], []
[2025-01-29 13:12:42,037][__main__][INFO] - [7, 16, 23], []
[2025-01-29 13:12:42,105][__main__][INFO] - [7, 17], [16]
[2025-01-29 13:12:42,127][__main__][INFO] - [7, 18], [16]
[2025-01-29 13:12:42,157][__main__][INFO] - [7, 19], [16]
[2025-01-29 13:12:42,180][__main__][INFO] - [7, 20], [16]
[2025-01-29 13:12:42,203][__main__][INFO] - [7, 21], [16]
[2025-01-29 13:12:42,240][__main__][INFO] - [7, 23], [16]
[2025-01-29 13:12:42,323][__main__][INFO] - [8, 10, 16], []
[2025-01-29 13:12:42,347][__main__][INFO] - [8, 10], [16]
[2025-01-29 13:12:42,386][__main__][INFO] - [8, 10, 18], []
[2025-01-29 13:12:42,411][__main__][INFO] - [8, 10, 19], []
[2025-01-29 13:12:42,434][__main__][INFO] - [8, 10, 20], []
[2025-01-29 13:12:42,486][__main__][INFO] - [8, 10, 23], []
[2025-01-29 13:12:42,554][__main__][INFO] - [8, 11, 16], []
[2025-01-29 13:12:42,577][__main__][INFO] - [8, 11], [16]
[2025-01-29 13:12:42,614][__main__][INFO] - [8, 11, 18], []
[2025-01-29 13:12:42,757][__main__][INFO] - [8, 12, 16], []
[2025-01-29 13:12:42,780][__main__][INFO] - [8, 12], [16]
[2025-01-29 13:12:42,817][__main__][INFO] - [8, 12, 18], []
[2025-01-29 13:12:42,900][__main__][INFO] - [8, 12, 23], []
[2025-01-29 13:12:42,997][__main__][INFO] - [8, 15, 16], []
[2025-01-29 13:12:43,020][__main__][INFO] - [8, 15], [16]
[2025-01-29 13:12:43,057][__main__][INFO] - [8, 15, 18], []
[2025-01-29 13:12:43,215][__main__][INFO] - [8, 16, 18], []
[2025-01-29 13:12:43,239][__main__][INFO] - [8, 16, 19], []
[2025-01-29 13:12:43,261][__main__][INFO] - [8, 16, 20], []
[2025-01-29 13:12:43,314][__main__][INFO] - [8, 16, 23], []
[2025-01-29 13:12:43,381][__main__][INFO] - [8, 17], [16]
[2025-01-29 13:12:43,404][__main__][INFO] - [8, 18], [16]
[2025-01-29 13:12:43,428][__main__][INFO] - [8, 19], [16]
[2025-01-29 13:12:43,450][__main__][INFO] - [8, 20], [16]
[2025-01-29 13:12:43,502][__main__][INFO] - [8, 23], [16]
[2025-01-29 13:12:43,584][__main__][INFO] - [9, 10, 16], []
[2025-01-29 13:12:43,607][__main__][INFO] - [9, 10], [16]
[2025-01-29 13:12:43,645][__main__][INFO] - [9, 10, 18], []
[2025-01-29 13:12:44,042][__main__][INFO] - [9, 16, 18], []
[2025-01-29 13:12:44,200][__main__][INFO] - [9, 18], [16]
[2025-01-29 13:12:44,357][__main__][INFO] - [10, 16, 17], []
[2025-01-29 13:12:44,402][__main__][INFO] - [10, 16, 18], []
[2025-01-29 13:12:44,687][__main__][INFO] - [10, 16, 19], []
[2025-01-29 13:12:44,722][__main__][INFO] - [10, 16, 20], []
[2025-01-29 13:12:44,759][__main__][INFO] - [10, 16, 21], []
[2025-01-29 13:12:44,783][__main__][INFO] - [10, 16, 22], []
[2025-01-29 13:12:44,806][__main__][INFO] - [10, 16, 23], []
[2025-01-29 13:12:44,847][__main__][INFO] - [10, 16, 24], []
[2025-01-29 13:12:44,901][__main__][INFO] - [10, 17], [16]
[2025-01-29 13:12:44,949][__main__][INFO] - [10, 18], [16]
[2025-01-29 13:12:45,268][__main__][INFO] - [10, 19], [16]
[2025-01-29 13:12:45,304][__main__][INFO] - [10, 20], [16]
[2025-01-29 13:12:45,340][__main__][INFO] - [10, 21], [16]
[2025-01-29 13:12:45,364][__main__][INFO] - [10, 22], [16]
[2025-01-29 13:12:45,387][__main__][INFO] - [10, 23], [16]
[2025-01-29 13:12:45,427][__main__][INFO] - [10, 24], [16]
[2025-01-29 13:12:45,495][__main__][INFO] - [11, 16, 17], []
[2025-01-29 13:12:45,517][__main__][INFO] - [11, 16, 18], []
[2025-01-29 13:12:45,547][__main__][INFO] - [11, 16, 19], []
[2025-01-29 13:12:45,569][__main__][INFO] - [11, 16, 20], []
[2025-01-29 13:12:45,621][__main__][INFO] - [11, 16, 23], []
[2025-01-29 13:12:45,689][__main__][INFO] - [11, 17], [16]
[2025-01-29 13:12:45,711][__main__][INFO] - [11, 18], [16]
[2025-01-29 13:12:45,743][__main__][INFO] - [11, 19], [16]
[2025-01-29 13:12:45,765][__main__][INFO] - [11, 20], [16]
[2025-01-29 13:12:45,818][__main__][INFO] - [11, 23], [16]
[2025-01-29 13:12:45,900][__main__][INFO] - [12, 16, 17], []
[2025-01-29 13:12:45,921][__main__][INFO] - [12, 16, 18], []
[2025-01-29 13:12:45,946][__main__][INFO] - [12, 16, 19], []
[2025-01-29 13:12:46,014][__main__][INFO] - [12, 16, 23], []
[2025-01-29 13:12:46,135][__main__][INFO] - [12, 17], [16]
[2025-01-29 13:12:46,157][__main__][INFO] - [12, 18], [16]
[2025-01-29 13:12:46,184][__main__][INFO] - [12, 19], [16]
[2025-01-29 13:12:46,252][__main__][INFO] - [12, 23], [16]
[2025-01-29 13:12:46,402][__main__][INFO] - [13, 16, 18], []
[2025-01-29 13:12:46,425][__main__][INFO] - [13, 16, 19], []
[2025-01-29 13:12:46,447][__main__][INFO] - [13, 16, 20], []
[2025-01-29 13:12:46,500][__main__][INFO] - [13, 16, 23], []
[2025-01-29 13:12:46,582][__main__][INFO] - [13, 18], [16]
[2025-01-29 13:12:46,605][__main__][INFO] - [13, 19], [16]
[2025-01-29 13:12:46,627][__main__][INFO] - [13, 20], [16]
[2025-01-29 13:12:46,680][__main__][INFO] - [13, 23], [16]
[2025-01-29 13:12:46,777][__main__][INFO] - [14, 16, 18], []
[2025-01-29 13:12:46,800][__main__][INFO] - [14, 16, 19], []
[2025-01-29 13:12:46,851][__main__][INFO] - [14, 16, 22], []
[2025-01-29 13:12:46,874][__main__][INFO] - [14, 16, 23], []
[2025-01-29 13:12:46,956][__main__][INFO] - [14, 18], [16]
[2025-01-29 13:12:46,978][__main__][INFO] - [14, 19], [16]
[2025-01-29 13:12:47,030][__main__][INFO] - [14, 22], [16]
[2025-01-29 13:12:47,052][__main__][INFO] - [14, 23], [16]
[2025-01-29 13:12:47,134][__main__][INFO] - [15, 16, 17], []
[2025-01-29 13:12:47,176][__main__][INFO] - [15, 16, 18], []
[2025-01-29 13:12:47,231][__main__][INFO] - [15, 16, 19], []
[2025-01-29 13:12:47,254][__main__][INFO] - [15, 16, 20], []
[2025-01-29 13:12:47,276][__main__][INFO] - [15, 16, 21], []
[2025-01-29 13:12:47,313][__main__][INFO] - [15, 16, 23], []
[2025-01-29 13:12:47,336][__main__][INFO] - [15, 16, 24], []
[2025-01-29 13:12:47,388][__main__][INFO] - [15, 17], [16]
[2025-01-29 13:12:47,440][__main__][INFO] - [15, 18], [16]
[2025-01-29 13:12:47,506][__main__][INFO] - [15, 19], [16]
[2025-01-29 13:12:47,529][__main__][INFO] - [15, 20], [16]
[2025-01-29 13:12:47,551][__main__][INFO] - [15, 21], [16]
[2025-01-29 13:12:47,588][__main__][INFO] - [15, 23], [16]
[2025-01-29 13:12:47,610][__main__][INFO] - [15, 24], [16]
[2025-01-29 23:42:04,113][__main__][INFO] - In total, there are 1229 possible subgroups
[2025-01-29 23:42:04,142][__main__][INFO] - [0], []
[2025-01-29 23:42:04,314][__main__][INFO] - [1], []
[2025-01-29 23:42:04,537][__main__][INFO] - [2], []
[2025-01-29 23:42:04,745][__main__][INFO] - [3], []
[2025-01-29 23:42:04,914][__main__][INFO] - [4], []
[2025-01-29 23:42:05,117][__main__][INFO] - [5], []
[2025-01-29 23:42:05,295][__main__][INFO] - [6], []
[2025-01-29 23:42:05,373][__main__][INFO] - [7], []
[2025-01-29 23:42:05,409][__main__][INFO] - [8], []
[2025-01-29 23:42:05,430][__main__][INFO] - [9], []
[2025-01-29 23:42:05,448][__main__][INFO] - [10], []
[2025-01-29 23:42:06,276][__main__][INFO] - [11], []
[2025-01-29 23:42:06,314][__main__][INFO] - [12], []
[2025-01-29 23:42:06,462][__main__][INFO] - [13], []
[2025-01-29 23:42:06,483][__main__][INFO] - [14], []
[2025-01-29 23:42:06,503][__main__][INFO] - [15], []
[2025-01-29 23:42:06,682][__main__][INFO] - [16], []
[2025-01-29 23:42:07,234][__main__][INFO] - [], [16]
[2025-01-29 23:42:07,851][__main__][INFO] - [17], []
[2025-01-29 23:42:07,978][__main__][INFO] - [18], []
[2025-01-29 23:42:08,716][__main__][INFO] - [19], []
[2025-01-29 23:42:08,768][__main__][INFO] - [20], []
[2025-01-29 23:42:08,820][__main__][INFO] - [21], []
[2025-01-29 23:42:08,841][__main__][INFO] - [22], []
[2025-01-29 23:42:08,861][__main__][INFO] - [23], []
[2025-01-29 23:42:09,038][__main__][INFO] - [24], []
[2025-01-29 23:42:09,057][__main__][INFO] - [25], []
[2025-01-29 23:42:09,106][__main__][INFO] - [0, 10], []
[2025-01-29 23:42:09,260][__main__][INFO] - [0, 11], []
[2025-01-29 23:42:09,282][__main__][INFO] - [0, 12], []
[2025-01-29 23:42:09,308][__main__][INFO] - [0, 13], []
[2025-01-29 23:42:09,328][__main__][INFO] - [0, 14], []
[2025-01-29 23:42:09,348][__main__][INFO] - [0, 15], []
[2025-01-29 23:42:09,376][__main__][INFO] - [0, 16], []
[2025-01-29 23:42:09,466][__main__][INFO] - [0], [16]
[2025-01-29 23:42:09,560][__main__][INFO] - [0, 17], []
[2025-01-29 23:42:09,599][__main__][INFO] - [0, 18], []
[2025-01-29 23:42:09,706][__main__][INFO] - [0, 19], []
[2025-01-29 23:42:09,734][__main__][INFO] - [0, 20], []
[2025-01-29 23:42:09,759][__main__][INFO] - [0, 21], []
[2025-01-29 23:42:09,780][__main__][INFO] - [0, 22], []
[2025-01-29 23:42:09,803][__main__][INFO] - [0, 23], []
[2025-01-29 23:42:09,837][__main__][INFO] - [0, 24], []
[2025-01-29 23:42:09,886][__main__][INFO] - [1, 10], []
[2025-01-29 23:42:10,066][__main__][INFO] - [1, 11], []
[2025-01-29 23:42:10,090][__main__][INFO] - [1, 12], []
[2025-01-29 23:42:10,124][__main__][INFO] - [1, 13], []
[2025-01-29 23:42:10,145][__main__][INFO] - [1, 14], []
[2025-01-29 23:42:10,166][__main__][INFO] - [1, 15], []
[2025-01-29 23:42:10,203][__main__][INFO] - [1, 16], []
[2025-01-29 23:42:10,312][__main__][INFO] - [1], [16]
[2025-01-29 23:42:10,429][__main__][INFO] - [1, 17], []
[2025-01-29 23:42:10,473][__main__][INFO] - [1, 18], []
[2025-01-29 23:42:10,605][__main__][INFO] - [1, 19], []
[2025-01-29 23:42:10,633][__main__][INFO] - [1, 20], []
[2025-01-29 23:42:10,660][__main__][INFO] - [1, 21], []
[2025-01-29 23:42:10,680][__main__][INFO] - [1, 22], []
[2025-01-29 23:42:10,701][__main__][INFO] - [1, 23], []
[2025-01-29 23:42:10,746][__main__][INFO] - [1, 24], []
[2025-01-29 23:42:10,801][__main__][INFO] - [2, 10], []
[2025-01-29 23:42:10,946][__main__][INFO] - [2, 11], []
[2025-01-29 23:42:10,970][__main__][INFO] - [2, 12], []
[2025-01-29 23:42:11,013][__main__][INFO] - [2, 13], []
[2025-01-29 23:42:11,034][__main__][INFO] - [2, 14], []
[2025-01-29 23:42:11,055][__main__][INFO] - [2, 15], []
[2025-01-29 23:42:11,102][__main__][INFO] - [2, 16], []
[2025-01-29 23:42:11,204][__main__][INFO] - [2], [16]
[2025-01-29 23:42:11,320][__main__][INFO] - [2, 17], []
[2025-01-29 23:42:11,361][__main__][INFO] - [2, 18], []
[2025-01-29 23:42:11,488][__main__][INFO] - [2, 19], []
[2025-01-29 23:42:11,514][__main__][INFO] - [2, 20], []
[2025-01-29 23:42:11,539][__main__][INFO] - [2, 21], []
[2025-01-29 23:42:11,560][__main__][INFO] - [2, 22], []
[2025-01-29 23:42:11,581][__main__][INFO] - [2, 23], []
[2025-01-29 23:42:11,629][__main__][INFO] - [2, 24], []
[2025-01-29 23:42:11,678][__main__][INFO] - [3, 10], []
[2025-01-29 23:42:11,779][__main__][INFO] - [3, 11], []
[2025-01-29 23:42:11,803][__main__][INFO] - [3, 12], []
[2025-01-29 23:42:11,845][__main__][INFO] - [3, 13], []
[2025-01-29 23:42:11,866][__main__][INFO] - [3, 14], []
[2025-01-29 23:42:11,886][__main__][INFO] - [3, 15], []
[2025-01-29 23:42:11,935][__main__][INFO] - [3, 16], []
[2025-01-29 23:42:12,019][__main__][INFO] - [3], [16]
[2025-01-29 23:42:12,112][__main__][INFO] - [3, 17], []
[2025-01-29 23:42:12,147][__main__][INFO] - [3, 18], []
[2025-01-29 23:42:12,249][__main__][INFO] - [3, 19], []
[2025-01-29 23:42:12,272][__main__][INFO] - [3, 20], []
[2025-01-29 23:42:12,297][__main__][INFO] - [3, 21], []
[2025-01-29 23:42:12,317][__main__][INFO] - [3, 22], []
[2025-01-29 23:42:12,338][__main__][INFO] - [3, 23], []
[2025-01-29 23:42:12,381][__main__][INFO] - [3, 24], []
[2025-01-29 23:42:12,431][__main__][INFO] - [4, 10], []
[2025-01-29 23:42:12,556][__main__][INFO] - [4, 11], []
[2025-01-29 23:42:12,580][__main__][INFO] - [4, 12], []
[2025-01-29 23:42:12,627][__main__][INFO] - [4, 13], []
[2025-01-29 23:42:12,648][__main__][INFO] - [4, 14], []
[2025-01-29 23:42:12,669][__main__][INFO] - [4, 15], []
[2025-01-29 23:42:12,724][__main__][INFO] - [4, 16], []
[2025-01-29 23:42:12,828][__main__][INFO] - [4], [16]
[2025-01-29 23:42:12,940][__main__][INFO] - [4, 17], []
[2025-01-29 23:42:12,978][__main__][INFO] - [4, 18], []
[2025-01-29 23:42:13,111][__main__][INFO] - [4, 19], []
[2025-01-29 23:42:13,135][__main__][INFO] - [4, 20], []
[2025-01-29 23:42:13,160][__main__][INFO] - [4, 21], []
[2025-01-29 23:42:13,181][__main__][INFO] - [4, 22], []
[2025-01-29 23:42:13,202][__main__][INFO] - [4, 23], []
[2025-01-29 23:42:13,249][__main__][INFO] - [4, 24], []
[2025-01-29 23:42:13,298][__main__][INFO] - [5, 10], []
[2025-01-29 23:42:13,417][__main__][INFO] - [5, 11], []
[2025-01-29 23:42:13,441][__main__][INFO] - [5, 12], []
[2025-01-29 23:42:13,484][__main__][INFO] - [5, 13], []
[2025-01-29 23:42:13,504][__main__][INFO] - [5, 14], []
[2025-01-29 23:42:13,525][__main__][INFO] - [5, 15], []
[2025-01-29 23:42:13,568][__main__][INFO] - [5, 16], []
[2025-01-29 23:42:13,659][__main__][INFO] - [5], [16]
[2025-01-29 23:42:13,756][__main__][INFO] - [5, 17], []
[2025-01-29 23:42:13,786][__main__][INFO] - [5, 18], []
[2025-01-29 23:42:13,911][__main__][INFO] - [5, 19], []
[2025-01-29 23:42:13,934][__main__][INFO] - [5, 20], []
[2025-01-29 23:42:13,959][__main__][INFO] - [5, 21], []
[2025-01-29 23:42:13,980][__main__][INFO] - [5, 22], []
[2025-01-29 23:42:14,000][__main__][INFO] - [5, 23], []
[2025-01-29 23:42:14,042][__main__][INFO] - [5, 24], []
[2025-01-29 23:42:14,091][__main__][INFO] - [6, 10], []
[2025-01-29 23:42:14,154][__main__][INFO] - [6, 11], []
[2025-01-29 23:42:14,175][__main__][INFO] - [6, 12], []
[2025-01-29 23:42:14,203][__main__][INFO] - [6, 13], []
[2025-01-29 23:42:14,223][__main__][INFO] - [6, 14], []
[2025-01-29 23:42:14,244][__main__][INFO] - [6, 15], []
[2025-01-29 23:42:14,269][__main__][INFO] - [6, 16], []
[2025-01-29 23:42:14,315][__main__][INFO] - [6], [16]
[2025-01-29 23:42:14,366][__main__][INFO] - [6, 17], []
[2025-01-29 23:42:14,388][__main__][INFO] - [6, 18], []
[2025-01-29 23:42:14,450][__main__][INFO] - [6, 19], []
[2025-01-29 23:42:14,471][__main__][INFO] - [6, 20], []
[2025-01-29 23:42:14,493][__main__][INFO] - [6, 21], []
[2025-01-29 23:42:14,513][__main__][INFO] - [6, 22], []
[2025-01-29 23:42:14,534][__main__][INFO] - [6, 23], []
[2025-01-29 23:42:14,561][__main__][INFO] - [6, 24], []
[2025-01-29 23:42:14,610][__main__][INFO] - [7, 10], []
[2025-01-29 23:42:14,644][__main__][INFO] - [7, 11], []
[2025-01-29 23:42:14,664][__main__][INFO] - [7, 12], []
[2025-01-29 23:42:14,686][__main__][INFO] - [7, 13], []
[2025-01-29 23:42:14,706][__main__][INFO] - [7, 14], []
[2025-01-29 23:42:14,726][__main__][INFO] - [7, 15], []
[2025-01-29 23:42:14,747][__main__][INFO] - [7, 16], []
[2025-01-29 23:42:14,774][__main__][INFO] - [7], [16]
[2025-01-29 23:42:14,804][__main__][INFO] - [7, 17], []
[2025-01-29 23:42:14,824][__main__][INFO] - [7, 18], []
[2025-01-29 23:42:14,858][__main__][INFO] - [7, 19], []
[2025-01-29 23:42:14,878][__main__][INFO] - [7, 20], []
[2025-01-29 23:42:14,899][__main__][INFO] - [7, 21], []
[2025-01-29 23:42:14,934][__main__][INFO] - [7, 23], []
[2025-01-29 23:42:14,999][__main__][INFO] - [8, 10], []
[2025-01-29 23:42:15,021][__main__][INFO] - [8, 11], []
[2025-01-29 23:42:15,041][__main__][INFO] - [8, 12], []
[2025-01-29 23:42:15,090][__main__][INFO] - [8, 15], []
[2025-01-29 23:42:15,110][__main__][INFO] - [8, 16], []
[2025-01-29 23:42:15,132][__main__][INFO] - [8], [16]
[2025-01-29 23:42:15,154][__main__][INFO] - [8, 17], []
[2025-01-29 23:42:15,174][__main__][INFO] - [8, 18], []
[2025-01-29 23:42:15,196][__main__][INFO] - [8, 19], []
[2025-01-29 23:42:15,217][__main__][INFO] - [8, 20], []
[2025-01-29 23:42:15,266][__main__][INFO] - [8, 23], []
[2025-01-29 23:42:15,330][__main__][INFO] - [9, 10], []
[2025-01-29 23:42:15,365][__main__][INFO] - [9, 12], []
[2025-01-29 23:42:15,428][__main__][INFO] - [9, 16], []
[2025-01-29 23:42:15,449][__main__][INFO] - [9], [16]
[2025-01-29 23:42:15,484][__main__][INFO] - [9, 18], []
[2025-01-29 23:42:15,562][__main__][INFO] - [9, 23], []
[2025-01-29 23:42:15,626][__main__][INFO] - [10, 16], []
[2025-01-29 23:42:16,009][__main__][INFO] - [10], [16]
[2025-01-29 23:42:16,432][__main__][INFO] - [10, 17], []
[2025-01-29 23:42:16,503][__main__][INFO] - [10, 18], []
[2025-01-29 23:42:17,091][__main__][INFO] - [10, 19], []
[2025-01-29 23:42:17,139][__main__][INFO] - [10, 20], []
[2025-01-29 23:42:17,190][__main__][INFO] - [10, 21], []
[2025-01-29 23:42:17,214][__main__][INFO] - [10, 22], []
[2025-01-29 23:42:17,235][__main__][INFO] - [10, 23], []
[2025-01-29 23:42:17,294][__main__][INFO] - [10, 24], []
[2025-01-29 23:42:17,315][__main__][INFO] - [10, 25], []
[2025-01-29 23:42:17,350][__main__][INFO] - [11, 16], []
[2025-01-29 23:42:17,379][__main__][INFO] - [11], [16]
[2025-01-29 23:42:17,409][__main__][INFO] - [11, 17], []
[2025-01-29 23:42:17,429][__main__][INFO] - [11, 18], []
[2025-01-29 23:42:17,468][__main__][INFO] - [11, 19], []
[2025-01-29 23:42:17,488][__main__][INFO] - [11, 20], []
[2025-01-29 23:42:17,538][__main__][INFO] - [11, 23], []
[2025-01-29 23:42:17,606][__main__][INFO] - [12, 16], []
[2025-01-29 23:42:17,685][__main__][INFO] - [12], [16]
[2025-01-29 23:42:17,765][__main__][INFO] - [12, 17], []
[2025-01-29 23:42:17,786][__main__][INFO] - [12, 18], []
[2025-01-29 23:42:17,814][__main__][INFO] - [12, 19], []
[2025-01-29 23:42:17,836][__main__][INFO] - [12, 20], []
[2025-01-29 23:42:17,885][__main__][INFO] - [12, 23], []
[2025-01-29 23:42:18,059][__main__][INFO] - [13, 16], []
[2025-01-29 23:42:18,081][__main__][INFO] - [13], [16]
[2025-01-29 23:42:18,104][__main__][INFO] - [13, 17], []
[2025-01-29 23:42:18,124][__main__][INFO] - [13, 18], []
[2025-01-29 23:42:18,145][__main__][INFO] - [13, 19], []
[2025-01-29 23:42:18,165][__main__][INFO] - [13, 20], []
[2025-01-29 23:42:18,215][__main__][INFO] - [13, 23], []
[2025-01-29 23:42:18,279][__main__][INFO] - [14, 16], []
[2025-01-29 23:42:18,300][__main__][INFO] - [14], [16]
[2025-01-29 23:42:18,335][__main__][INFO] - [14, 18], []
[2025-01-29 23:42:18,356][__main__][INFO] - [14, 19], []
[2025-01-29 23:42:18,405][__main__][INFO] - [14, 22], []
[2025-01-29 23:42:18,425][__main__][INFO] - [14, 23], []
[2025-01-29 23:42:18,488][__main__][INFO] - [15, 16], []
[2025-01-29 23:42:18,569][__main__][INFO] - [15], [16]
[2025-01-29 23:42:18,673][__main__][INFO] - [15, 17], []
[2025-01-29 23:42:18,745][__main__][INFO] - [15, 18], []
[2025-01-29 23:42:18,848][__main__][INFO] - [15, 19], []
[2025-01-29 23:42:18,870][__main__][INFO] - [15, 20], []
[2025-01-29 23:42:18,891][__main__][INFO] - [15, 21], []
[2025-01-29 23:42:18,912][__main__][INFO] - [15, 22], []
[2025-01-29 23:42:18,932][__main__][INFO] - [15, 23], []
[2025-01-29 23:42:18,952][__main__][INFO] - [15, 24], []
[2025-01-29 23:42:19,002][__main__][INFO] - [16, 17], []
[2025-01-29 23:42:19,065][__main__][INFO] - [16, 18], []
[2025-01-29 23:42:19,393][__main__][INFO] - [16, 19], []
[2025-01-29 23:42:19,429][__main__][INFO] - [16, 20], []
[2025-01-29 23:42:19,465][__main__][INFO] - [16, 21], []
[2025-01-29 23:42:19,486][__main__][INFO] - [16, 22], []
[2025-01-29 23:42:19,507][__main__][INFO] - [16, 23], []
[2025-01-29 23:42:19,601][__main__][INFO] - [16, 24], []
[2025-01-29 23:42:19,651][__main__][INFO] - [17], [16]
[2025-01-29 23:42:19,726][__main__][INFO] - [18], [16]
[2025-01-29 23:42:20,102][__main__][INFO] - [19], [16]
[2025-01-29 23:42:20,138][__main__][INFO] - [20], [16]
[2025-01-29 23:42:20,173][__main__][INFO] - [21], [16]
[2025-01-29 23:42:20,194][__main__][INFO] - [22], [16]
[2025-01-29 23:42:20,214][__main__][INFO] - [23], [16]
[2025-01-29 23:42:20,306][__main__][INFO] - [24], [16]
[2025-01-29 23:42:20,385][__main__][INFO] - [0, 10, 16], []
[2025-01-29 23:42:20,468][__main__][INFO] - [0, 10], [16]
[2025-01-29 23:42:20,554][__main__][INFO] - [0, 10, 17], []
[2025-01-29 23:42:20,592][__main__][INFO] - [0, 10, 18], []
[2025-01-29 23:42:20,696][__main__][INFO] - [0, 10, 19], []
[2025-01-29 23:42:20,727][__main__][INFO] - [0, 10, 20], []
[2025-01-29 23:42:20,755][__main__][INFO] - [0, 10, 21], []
[2025-01-29 23:42:20,778][__main__][INFO] - [0, 10, 22], []
[2025-01-29 23:42:20,800][__main__][INFO] - [0, 10, 23], []
[2025-01-29 23:42:20,833][__main__][INFO] - [0, 10, 24], []
[2025-01-29 23:42:20,885][__main__][INFO] - [0, 11, 16], []
[2025-01-29 23:42:20,909][__main__][INFO] - [0, 11], [16]
[2025-01-29 23:42:20,947][__main__][INFO] - [0, 11, 18], []
[2025-01-29 23:42:20,971][__main__][INFO] - [0, 11, 19], []
[2025-01-29 23:42:21,038][__main__][INFO] - [0, 11, 23], []
[2025-01-29 23:42:21,106][__main__][INFO] - [0, 12, 16], []
[2025-01-29 23:42:21,131][__main__][INFO] - [0, 12], [16]
[2025-01-29 23:42:21,171][__main__][INFO] - [0, 12, 18], []
[2025-01-29 23:42:21,194][__main__][INFO] - [0, 12, 19], []
[2025-01-29 23:42:21,262][__main__][INFO] - [0, 12, 23], []
[2025-01-29 23:42:21,334][__main__][INFO] - [0, 13, 16], []
[2025-01-29 23:42:21,357][__main__][INFO] - [0, 13], [16]
[2025-01-29 23:42:21,395][__main__][INFO] - [0, 13, 18], []
[2025-01-29 23:42:21,431][__main__][INFO] - [0, 13, 20], []
[2025-01-29 23:42:21,543][__main__][INFO] - [0, 14, 16], []
[2025-01-29 23:42:21,565][__main__][INFO] - [0, 14], [16]
[2025-01-29 23:42:21,602][__main__][INFO] - [0, 14, 18], []
[2025-01-29 23:42:21,669][__main__][INFO] - [0, 14, 22], []
[2025-01-29 23:42:21,751][__main__][INFO] - [0, 15, 16], []
[2025-01-29 23:42:21,777][__main__][INFO] - [0, 15], [16]
[2025-01-29 23:42:21,803][__main__][INFO] - [0, 15, 17], []
[2025-01-29 23:42:21,828][__main__][INFO] - [0, 15, 18], []
[2025-01-29 23:42:21,854][__main__][INFO] - [0, 15, 19], []
[2025-01-29 23:42:21,877][__main__][INFO] - [0, 15, 20], []
[2025-01-29 23:42:21,900][__main__][INFO] - [0, 15, 21], []
[2025-01-29 23:42:21,937][__main__][INFO] - [0, 15, 23], []
[2025-01-29 23:42:22,004][__main__][INFO] - [0, 16, 17], []
[2025-01-29 23:42:22,034][__main__][INFO] - [0, 16, 18], []
[2025-01-29 23:42:22,096][__main__][INFO] - [0, 16, 19], []
[2025-01-29 23:42:22,123][__main__][INFO] - [0, 16, 20], []
[2025-01-29 23:42:22,147][__main__][INFO] - [0, 16, 21], []
[2025-01-29 23:42:22,170][__main__][INFO] - [0, 16, 22], []
[2025-01-29 23:42:22,192][__main__][INFO] - [0, 16, 23], []
[2025-01-29 23:42:22,222][__main__][INFO] - [0, 16, 24], []
[2025-01-29 23:42:22,273][__main__][INFO] - [0, 17], [16]
[2025-01-29 23:42:22,304][__main__][INFO] - [0, 18], [16]
[2025-01-29 23:42:22,368][__main__][INFO] - [0, 19], [16]
[2025-01-29 23:42:22,394][__main__][INFO] - [0, 20], [16]
[2025-01-29 23:42:22,419][__main__][INFO] - [0, 21], [16]
[2025-01-29 23:42:22,441][__main__][INFO] - [0, 22], [16]
[2025-01-29 23:42:22,464][__main__][INFO] - [0, 23], [16]
[2025-01-29 23:42:22,493][__main__][INFO] - [0, 24], [16]
[2025-01-29 23:42:22,560][__main__][INFO] - [1, 10, 16], []
[2025-01-29 23:42:22,652][__main__][INFO] - [1, 10], [16]
[2025-01-29 23:42:22,751][__main__][INFO] - [1, 10, 17], []
[2025-01-29 23:42:22,790][__main__][INFO] - [1, 10, 18], []
[2025-01-29 23:42:22,909][__main__][INFO] - [1, 10, 19], []
[2025-01-29 23:42:22,938][__main__][INFO] - [1, 10, 20], []
[2025-01-29 23:42:22,967][__main__][INFO] - [1, 10, 21], []
[2025-01-29 23:42:22,991][__main__][INFO] - [1, 10, 22], []
[2025-01-29 23:42:23,014][__main__][INFO] - [1, 10, 23], []
[2025-01-29 23:42:23,048][__main__][INFO] - [1, 10, 24], []
[2025-01-29 23:42:23,101][__main__][INFO] - [1, 11, 16], []
[2025-01-29 23:42:23,125][__main__][INFO] - [1, 11], [16]
[2025-01-29 23:42:23,164][__main__][INFO] - [1, 11, 18], []
[2025-01-29 23:42:23,190][__main__][INFO] - [1, 11, 19], []
[2025-01-29 23:42:23,213][__main__][INFO] - [1, 11, 20], []
[2025-01-29 23:42:23,266][__main__][INFO] - [1, 11, 23], []
[2025-01-29 23:42:23,333][__main__][INFO] - [1, 12, 16], []
[2025-01-29 23:42:23,362][__main__][INFO] - [1, 12], [16]
[2025-01-29 23:42:23,407][__main__][INFO] - [1, 12, 18], []
[2025-01-29 23:42:23,431][__main__][INFO] - [1, 12, 19], []
[2025-01-29 23:42:23,499][__main__][INFO] - [1, 12, 23], []
[2025-01-29 23:42:23,578][__main__][INFO] - [1, 13, 16], []
[2025-01-29 23:42:23,601][__main__][INFO] - [1, 13], [16]
[2025-01-29 23:42:23,639][__main__][INFO] - [1, 13, 18], []
[2025-01-29 23:42:23,677][__main__][INFO] - [1, 13, 20], []
[2025-01-29 23:42:23,789][__main__][INFO] - [1, 14, 16], []
[2025-01-29 23:42:23,812][__main__][INFO] - [1, 14], [16]
[2025-01-29 23:42:23,849][__main__][INFO] - [1, 14, 18], []
[2025-01-29 23:42:23,916][__main__][INFO] - [1, 14, 22], []
[2025-01-29 23:42:23,939][__main__][INFO] - [1, 14, 23], []
[2025-01-29 23:42:24,007][__main__][INFO] - [1, 15, 16], []
[2025-01-29 23:42:24,035][__main__][INFO] - [1, 15], [16]
[2025-01-29 23:42:24,068][__main__][INFO] - [1, 15, 17], []
[2025-01-29 23:42:24,096][__main__][INFO] - [1, 15, 18], []
[2025-01-29 23:42:24,127][__main__][INFO] - [1, 15, 19], []
[2025-01-29 23:42:24,150][__main__][INFO] - [1, 15, 20], []
[2025-01-29 23:42:24,173][__main__][INFO] - [1, 15, 21], []
[2025-01-29 23:42:24,211][__main__][INFO] - [1, 15, 23], []
[2025-01-29 23:42:24,234][__main__][INFO] - [1, 15, 24], []
[2025-01-29 23:42:24,286][__main__][INFO] - [1, 16, 17], []
[2025-01-29 23:42:24,319][__main__][INFO] - [1, 16, 18], []
[2025-01-29 23:42:24,393][__main__][INFO] - [1, 16, 19], []
[2025-01-29 23:42:24,429][__main__][INFO] - [1, 16, 20], []
[2025-01-29 23:42:24,455][__main__][INFO] - [1, 16, 21], []
[2025-01-29 23:42:24,478][__main__][INFO] - [1, 16, 22], []
[2025-01-29 23:42:24,500][__main__][INFO] - [1, 16, 23], []
[2025-01-29 23:42:24,535][__main__][INFO] - [1, 16, 24], []
[2025-01-29 23:42:24,587][__main__][INFO] - [1, 17], [16]
[2025-01-29 23:42:24,621][__main__][INFO] - [1, 18], [16]
[2025-01-29 23:42:24,700][__main__][INFO] - [1, 19], [16]
[2025-01-29 23:42:24,726][__main__][INFO] - [1, 20], [16]
[2025-01-29 23:42:24,752][__main__][INFO] - [1, 21], [16]
[2025-01-29 23:42:24,774][__main__][INFO] - [1, 22], [16]
[2025-01-29 23:42:24,797][__main__][INFO] - [1, 23], [16]
[2025-01-29 23:42:24,832][__main__][INFO] - [1, 24], [16]
[2025-01-29 23:42:24,899][__main__][INFO] - [2, 10, 16], []
[2025-01-29 23:42:24,975][__main__][INFO] - [2, 10], [16]
[2025-01-29 23:42:25,059][__main__][INFO] - [2, 10, 17], []
[2025-01-29 23:42:25,091][__main__][INFO] - [2, 10, 18], []
[2025-01-29 23:42:25,196][__main__][INFO] - [2, 10, 19], []
[2025-01-29 23:42:25,223][__main__][INFO] - [2, 10, 20], []
[2025-01-29 23:42:25,250][__main__][INFO] - [2, 10, 21], []
[2025-01-29 23:42:25,274][__main__][INFO] - [2, 10, 22], []
[2025-01-29 23:42:25,297][__main__][INFO] - [2, 10, 23], []
[2025-01-29 23:42:25,328][__main__][INFO] - [2, 10, 24], []
[2025-01-29 23:42:25,381][__main__][INFO] - [2, 11, 16], []
[2025-01-29 23:42:25,405][__main__][INFO] - [2, 11], [16]
[2025-01-29 23:42:25,445][__main__][INFO] - [2, 11, 18], []
[2025-01-29 23:42:25,471][__main__][INFO] - [2, 11, 19], []
[2025-01-29 23:42:25,538][__main__][INFO] - [2, 11, 23], []
[2025-01-29 23:42:25,606][__main__][INFO] - [2, 12, 16], []
[2025-01-29 23:42:25,638][__main__][INFO] - [2, 12], [16]
[2025-01-29 23:42:25,686][__main__][INFO] - [2, 12, 18], []
[2025-01-29 23:42:25,711][__main__][INFO] - [2, 12, 19], []
[2025-01-29 23:42:25,779][__main__][INFO] - [2, 12, 23], []
[2025-01-29 23:42:25,865][__main__][INFO] - [2, 13, 16], []
[2025-01-29 23:42:25,888][__main__][INFO] - [2, 13], [16]
[2025-01-29 23:42:25,926][__main__][INFO] - [2, 13, 18], []
[2025-01-29 23:42:25,964][__main__][INFO] - [2, 13, 20], []
[2025-01-29 23:42:26,017][__main__][INFO] - [2, 13, 23], []
[2025-01-29 23:42:26,084][__main__][INFO] - [2, 14, 16], []
[2025-01-29 23:42:26,107][__main__][INFO] - [2, 14], [16]
[2025-01-29 23:42:26,145][__main__][INFO] - [2, 14, 18], []
[2025-01-29 23:42:26,212][__main__][INFO] - [2, 14, 22], []
[2025-01-29 23:42:26,235][__main__][INFO] - [2, 14, 23], []
[2025-01-29 23:42:26,303][__main__][INFO] - [2, 15, 16], []
[2025-01-29 23:42:26,335][__main__][INFO] - [2, 15], [16]
[2025-01-29 23:42:26,373][__main__][INFO] - [2, 15, 17], []
[2025-01-29 23:42:26,405][__main__][INFO] - [2, 15, 18], []
[2025-01-29 23:42:26,442][__main__][INFO] - [2, 15, 19], []
[2025-01-29 23:42:26,465][__main__][INFO] - [2, 15, 20], []
[2025-01-29 23:42:26,488][__main__][INFO] - [2, 15, 21], []
[2025-01-29 23:42:26,525][__main__][INFO] - [2, 15, 23], []
[2025-01-29 23:42:26,549][__main__][INFO] - [2, 15, 24], []
[2025-01-29 23:42:26,601][__main__][INFO] - [2, 16, 17], []
[2025-01-29 23:42:26,631][__main__][INFO] - [2, 16, 18], []
[2025-01-29 23:42:26,698][__main__][INFO] - [2, 16, 19], []
[2025-01-29 23:42:26,723][__main__][INFO] - [2, 16, 20], []
[2025-01-29 23:42:26,748][__main__][INFO] - [2, 16, 21], []
[2025-01-29 23:42:26,771][__main__][INFO] - [2, 16, 22], []
[2025-01-29 23:42:26,793][__main__][INFO] - [2, 16, 23], []
[2025-01-29 23:42:26,829][__main__][INFO] - [2, 16, 24], []
[2025-01-29 23:42:26,881][__main__][INFO] - [2, 17], [16]
[2025-01-29 23:42:26,914][__main__][INFO] - [2, 18], [16]
[2025-01-29 23:42:26,991][__main__][INFO] - [2, 19], [16]
[2025-01-29 23:42:27,017][__main__][INFO] - [2, 20], [16]
[2025-01-29 23:42:27,042][__main__][INFO] - [2, 21], [16]
[2025-01-29 23:42:27,065][__main__][INFO] - [2, 22], [16]
[2025-01-29 23:42:27,088][__main__][INFO] - [2, 23], [16]
[2025-01-29 23:42:27,124][__main__][INFO] - [2, 24], [16]
[2025-01-29 23:42:27,190][__main__][INFO] - [3, 10, 16], []
[2025-01-29 23:42:27,248][__main__][INFO] - [3, 10], [16]
[2025-01-29 23:42:27,310][__main__][INFO] - [3, 10, 17], []
[2025-01-29 23:42:27,337][__main__][INFO] - [3, 10, 18], []
[2025-01-29 23:42:27,418][__main__][INFO] - [3, 10, 19], []
[2025-01-29 23:42:27,444][__main__][INFO] - [3, 10, 20], []
[2025-01-29 23:42:27,470][__main__][INFO] - [3, 10, 21], []
[2025-01-29 23:42:27,494][__main__][INFO] - [3, 10, 22], []
[2025-01-29 23:42:27,517][__main__][INFO] - [3, 10, 23], []
[2025-01-29 23:42:27,543][__main__][INFO] - [3, 10, 24], []
[2025-01-29 23:42:27,595][__main__][INFO] - [3, 11, 16], []
[2025-01-29 23:42:27,619][__main__][INFO] - [3, 11], [16]
[2025-01-29 23:42:27,659][__main__][INFO] - [3, 11, 18], []
[2025-01-29 23:42:27,685][__main__][INFO] - [3, 11, 19], []
[2025-01-29 23:42:27,752][__main__][INFO] - [3, 11, 23], []
[2025-01-29 23:42:27,820][__main__][INFO] - [3, 12, 16], []
[2025-01-29 23:42:27,853][__main__][INFO] - [3, 12], [16]
[2025-01-29 23:42:27,901][__main__][INFO] - [3, 12, 18], []
[2025-01-29 23:42:27,925][__main__][INFO] - [3, 12, 19], []
[2025-01-29 23:42:27,993][__main__][INFO] - [3, 12, 23], []
[2025-01-29 23:42:28,079][__main__][INFO] - [3, 13, 16], []
[2025-01-29 23:42:28,102][__main__][INFO] - [3, 13], [16]
[2025-01-29 23:42:28,140][__main__][INFO] - [3, 13, 18], []
[2025-01-29 23:42:28,178][__main__][INFO] - [3, 13, 20], []
[2025-01-29 23:42:28,231][__main__][INFO] - [3, 13, 23], []
[2025-01-29 23:42:28,299][__main__][INFO] - [3, 14, 16], []
[2025-01-29 23:42:28,322][__main__][INFO] - [3, 14], [16]
[2025-01-29 23:42:28,359][__main__][INFO] - [3, 14, 18], []
[2025-01-29 23:42:28,382][__main__][INFO] - [3, 14, 19], []
[2025-01-29 23:42:28,434][__main__][INFO] - [3, 14, 22], []
[2025-01-29 23:42:28,457][__main__][INFO] - [3, 14, 23], []
[2025-01-29 23:42:28,525][__main__][INFO] - [3, 15, 16], []
[2025-01-29 23:42:28,559][__main__][INFO] - [3, 15], [16]
[2025-01-29 23:42:28,596][__main__][INFO] - [3, 15, 17], []
[2025-01-29 23:42:28,628][__main__][INFO] - [3, 15, 18], []
[2025-01-29 23:42:28,665][__main__][INFO] - [3, 15, 19], []
[2025-01-29 23:42:28,688][__main__][INFO] - [3, 15, 20], []
[2025-01-29 23:42:28,711][__main__][INFO] - [3, 15, 21], []
[2025-01-29 23:42:28,749][__main__][INFO] - [3, 15, 23], []
[2025-01-29 23:42:28,772][__main__][INFO] - [3, 15, 24], []
[2025-01-29 23:42:28,825][__main__][INFO] - [3, 16, 17], []
[2025-01-29 23:42:28,853][__main__][INFO] - [3, 16, 18], []
[2025-01-29 23:42:28,911][__main__][INFO] - [3, 16, 19], []
[2025-01-29 23:42:28,935][__main__][INFO] - [3, 16, 20], []
[2025-01-29 23:42:28,960][__main__][INFO] - [3, 16, 21], []
[2025-01-29 23:42:28,983][__main__][INFO] - [3, 16, 22], []
[2025-01-29 23:42:29,006][__main__][INFO] - [3, 16, 23], []
[2025-01-29 23:42:29,039][__main__][INFO] - [3, 16, 24], []
[2025-01-29 23:42:29,092][__main__][INFO] - [3, 17], [16]
[2025-01-29 23:42:29,121][__main__][INFO] - [3, 18], [16]
[2025-01-29 23:42:29,185][__main__][INFO] - [3, 19], [16]
[2025-01-29 23:42:29,210][__main__][INFO] - [3, 20], [16]
[2025-01-29 23:42:29,234][__main__][INFO] - [3, 21], [16]
[2025-01-29 23:42:29,257][__main__][INFO] - [3, 22], [16]
[2025-01-29 23:42:29,280][__main__][INFO] - [3, 23], [16]
[2025-01-29 23:42:29,313][__main__][INFO] - [3, 24], [16]
[2025-01-29 23:42:29,380][__main__][INFO] - [4, 10, 16], []
[2025-01-29 23:42:29,448][__main__][INFO] - [4, 10], [16]
[2025-01-29 23:42:29,524][__main__][INFO] - [4, 10, 17], []
[2025-01-29 23:42:29,550][__main__][INFO] - [4, 10, 18], []
[2025-01-29 23:42:29,655][__main__][INFO] - [4, 10, 19], []
[2025-01-29 23:42:29,680][__main__][INFO] - [4, 10, 20], []
[2025-01-29 23:42:29,708][__main__][INFO] - [4, 10, 21], []
[2025-01-29 23:42:29,732][__main__][INFO] - [4, 10, 22], []
[2025-01-29 23:42:29,755][__main__][INFO] - [4, 10, 23], []
[2025-01-29 23:42:29,781][__main__][INFO] - [4, 10, 24], []
[2025-01-29 23:42:29,833][__main__][INFO] - [4, 11, 16], []
[2025-01-29 23:42:29,858][__main__][INFO] - [4, 11], [16]
[2025-01-29 23:42:29,897][__main__][INFO] - [4, 11, 18], []
[2025-01-29 23:42:29,924][__main__][INFO] - [4, 11, 19], []
[2025-01-29 23:42:29,947][__main__][INFO] - [4, 11, 20], []
[2025-01-29 23:42:29,999][__main__][INFO] - [4, 11, 23], []
[2025-01-29 23:42:30,067][__main__][INFO] - [4, 12, 16], []
[2025-01-29 23:42:30,102][__main__][INFO] - [4, 12], [16]
[2025-01-29 23:42:30,152][__main__][INFO] - [4, 12, 18], []
[2025-01-29 23:42:30,176][__main__][INFO] - [4, 12, 19], []
[2025-01-29 23:42:30,244][__main__][INFO] - [4, 12, 23], []
[2025-01-29 23:42:30,334][__main__][INFO] - [4, 13, 16], []
[2025-01-29 23:42:30,357][__main__][INFO] - [4, 13], [16]
[2025-01-29 23:42:30,395][__main__][INFO] - [4, 13, 18], []
[2025-01-29 23:42:30,433][__main__][INFO] - [4, 13, 20], []
[2025-01-29 23:42:30,486][__main__][INFO] - [4, 13, 23], []
[2025-01-29 23:42:30,554][__main__][INFO] - [4, 14, 16], []
[2025-01-29 23:42:30,577][__main__][INFO] - [4, 14], [16]
[2025-01-29 23:42:30,614][__main__][INFO] - [4, 14, 18], []
[2025-01-29 23:42:30,637][__main__][INFO] - [4, 14, 19], []
[2025-01-29 23:42:30,690][__main__][INFO] - [4, 14, 22], []
[2025-01-29 23:42:30,773][__main__][INFO] - [4, 15, 16], []
[2025-01-29 23:42:30,810][__main__][INFO] - [4, 15], [16]
[2025-01-29 23:42:30,851][__main__][INFO] - [4, 15, 17], []
[2025-01-29 23:42:30,886][__main__][INFO] - [4, 15, 18], []
[2025-01-29 23:42:30,927][__main__][INFO] - [4, 15, 19], []
[2025-01-29 23:42:30,950][__main__][INFO] - [4, 15, 20], []
[2025-01-29 23:42:30,973][__main__][INFO] - [4, 15, 21], []
[2025-01-29 23:42:31,011][__main__][INFO] - [4, 15, 23], []
[2025-01-29 23:42:31,034][__main__][INFO] - [4, 15, 24], []
[2025-01-29 23:42:31,087][__main__][INFO] - [4, 16, 17], []
[2025-01-29 23:42:31,116][__main__][INFO] - [4, 16, 18], []
[2025-01-29 23:42:31,188][__main__][INFO] - [4, 16, 19], []
[2025-01-29 23:42:31,213][__main__][INFO] - [4, 16, 20], []
[2025-01-29 23:42:31,238][__main__][INFO] - [4, 16, 21], []
[2025-01-29 23:42:31,261][__main__][INFO] - [4, 16, 22], []
[2025-01-29 23:42:31,284][__main__][INFO] - [4, 16, 23], []
[2025-01-29 23:42:31,319][__main__][INFO] - [4, 16, 24], []
[2025-01-29 23:42:31,372][__main__][INFO] - [4, 17], [16]
[2025-01-29 23:42:31,403][__main__][INFO] - [4, 18], [16]
[2025-01-29 23:42:31,482][__main__][INFO] - [4, 19], [16]
[2025-01-29 23:42:31,506][__main__][INFO] - [4, 20], [16]
[2025-01-29 23:42:31,531][__main__][INFO] - [4, 21], [16]
[2025-01-29 23:42:31,554][__main__][INFO] - [4, 22], [16]
[2025-01-29 23:42:31,577][__main__][INFO] - [4, 23], [16]
[2025-01-29 23:42:31,612][__main__][INFO] - [4, 24], [16]
[2025-01-29 23:42:31,679][__main__][INFO] - [5, 10, 16], []
[2025-01-29 23:42:31,746][__main__][INFO] - [5, 10], [16]
[2025-01-29 23:42:31,818][__main__][INFO] - [5, 10, 17], []
[2025-01-29 23:42:31,843][__main__][INFO] - [5, 10, 18], []
[2025-01-29 23:42:31,949][__main__][INFO] - [5, 10, 19], []
[2025-01-29 23:42:31,973][__main__][INFO] - [5, 10, 20], []
[2025-01-29 23:42:32,001][__main__][INFO] - [5, 10, 21], []
[2025-01-29 23:42:32,024][__main__][INFO] - [5, 10, 22], []
[2025-01-29 23:42:32,047][__main__][INFO] - [5, 10, 23], []
[2025-01-29 23:42:32,072][__main__][INFO] - [5, 10, 24], []
[2025-01-29 23:42:32,125][__main__][INFO] - [5, 11, 16], []
[2025-01-29 23:42:32,149][__main__][INFO] - [5, 11], [16]
[2025-01-29 23:42:32,189][__main__][INFO] - [5, 11, 18], []
[2025-01-29 23:42:32,215][__main__][INFO] - [5, 11, 19], []
[2025-01-29 23:42:32,342][__main__][INFO] - [5, 12, 16], []
[2025-01-29 23:42:32,374][__main__][INFO] - [5, 12], [16]
[2025-01-29 23:42:32,422][__main__][INFO] - [5, 12, 18], []
[2025-01-29 23:42:32,446][__main__][INFO] - [5, 12, 19], []
[2025-01-29 23:42:32,514][__main__][INFO] - [5, 12, 23], []
[2025-01-29 23:42:32,600][__main__][INFO] - [5, 13, 16], []
[2025-01-29 23:42:32,623][__main__][INFO] - [5, 13], [16]
[2025-01-29 23:42:32,661][__main__][INFO] - [5, 13, 18], []
[2025-01-29 23:42:32,699][__main__][INFO] - [5, 13, 20], []
[2025-01-29 23:42:32,752][__main__][INFO] - [5, 13, 23], []
[2025-01-29 23:42:32,820][__main__][INFO] - [5, 14, 16], []
[2025-01-29 23:42:32,843][__main__][INFO] - [5, 14], [16]
[2025-01-29 23:42:32,880][__main__][INFO] - [5, 14, 18], []
[2025-01-29 23:42:32,903][__main__][INFO] - [5, 14, 19], []
[2025-01-29 23:42:32,955][__main__][INFO] - [5, 14, 22], []
[2025-01-29 23:42:32,978][__main__][INFO] - [5, 14, 23], []
[2025-01-29 23:42:33,046][__main__][INFO] - [5, 15, 16], []
[2025-01-29 23:42:33,077][__main__][INFO] - [5, 15], [16]
[2025-01-29 23:42:33,112][__main__][INFO] - [5, 15, 17], []
[2025-01-29 23:42:33,141][__main__][INFO] - [5, 15, 18], []
[2025-01-29 23:42:33,175][__main__][INFO] - [5, 15, 19], []
[2025-01-29 23:42:33,198][__main__][INFO] - [5, 15, 20], []
[2025-01-29 23:42:33,221][__main__][INFO] - [5, 15, 21], []
[2025-01-29 23:42:33,259][__main__][INFO] - [5, 15, 23], []
[2025-01-29 23:42:33,282][__main__][INFO] - [5, 15, 24], []
[2025-01-29 23:42:33,335][__main__][INFO] - [5, 16, 17], []
[2025-01-29 23:42:33,361][__main__][INFO] - [5, 16, 18], []
[2025-01-29 23:42:33,429][__main__][INFO] - [5, 16, 19], []
[2025-01-29 23:42:33,452][__main__][INFO] - [5, 16, 20], []
[2025-01-29 23:42:33,477][__main__][INFO] - [5, 16, 21], []
[2025-01-29 23:42:33,500][__main__][INFO] - [5, 16, 22], []
[2025-01-29 23:42:33,523][__main__][INFO] - [5, 16, 23], []
[2025-01-29 23:42:33,556][__main__][INFO] - [5, 16, 24], []
[2025-01-29 23:42:33,608][__main__][INFO] - [5, 17], [16]
[2025-01-29 23:42:33,636][__main__][INFO] - [5, 18], [16]
[2025-01-29 23:42:33,711][__main__][INFO] - [5, 19], [16]
[2025-01-29 23:42:33,735][__main__][INFO] - [5, 20], [16]
[2025-01-29 23:42:33,760][__main__][INFO] - [5, 21], [16]
[2025-01-29 23:42:33,782][__main__][INFO] - [5, 22], [16]
[2025-01-29 23:42:33,805][__main__][INFO] - [5, 23], [16]
[2025-01-29 23:42:33,838][__main__][INFO] - [5, 24], [16]
[2025-01-29 23:42:33,905][__main__][INFO] - [6, 10, 16], []
[2025-01-29 23:42:33,945][__main__][INFO] - [6, 10], [16]
[2025-01-29 23:42:33,988][__main__][INFO] - [6, 10, 17], []
[2025-01-29 23:42:34,012][__main__][INFO] - [6, 10, 18], []
[2025-01-29 23:42:34,069][__main__][INFO] - [6, 10, 19], []
[2025-01-29 23:42:34,093][__main__][INFO] - [6, 10, 20], []
[2025-01-29 23:42:34,117][__main__][INFO] - [6, 10, 21], []
[2025-01-29 23:42:34,140][__main__][INFO] - [6, 10, 22], []
[2025-01-29 23:42:34,163][__main__][INFO] - [6, 10, 23], []
[2025-01-29 23:42:34,231][__main__][INFO] - [6, 11, 16], []
[2025-01-29 23:42:34,255][__main__][INFO] - [6, 11], [16]
[2025-01-29 23:42:34,293][__main__][INFO] - [6, 11, 18], []
[2025-01-29 23:42:34,435][__main__][INFO] - [6, 12, 16], []
[2025-01-29 23:42:34,461][__main__][INFO] - [6, 12], [16]
[2025-01-29 23:42:34,503][__main__][INFO] - [6, 12, 18], []
[2025-01-29 23:42:34,526][__main__][INFO] - [6, 12, 19], []
[2025-01-29 23:42:34,594][__main__][INFO] - [6, 12, 23], []
[2025-01-29 23:42:34,667][__main__][INFO] - [6, 13, 16], []
[2025-01-29 23:42:34,690][__main__][INFO] - [6, 13], [16]
[2025-01-29 23:42:34,728][__main__][INFO] - [6, 13, 18], []
[2025-01-29 23:42:34,766][__main__][INFO] - [6, 13, 20], []
[2025-01-29 23:42:34,893][__main__][INFO] - [6, 14], [16]
[2025-01-29 23:42:35,064][__main__][INFO] - [6, 15, 16], []
[2025-01-29 23:42:35,089][__main__][INFO] - [6, 15], [16]
[2025-01-29 23:42:35,114][__main__][INFO] - [6, 15, 17], []
[2025-01-29 23:42:35,138][__main__][INFO] - [6, 15, 18], []
[2025-01-29 23:42:35,164][__main__][INFO] - [6, 15, 19], []
[2025-01-29 23:42:35,187][__main__][INFO] - [6, 15, 20], []
[2025-01-29 23:42:35,239][__main__][INFO] - [6, 15, 23], []
[2025-01-29 23:42:35,307][__main__][INFO] - [6, 16, 17], []
[2025-01-29 23:42:35,330][__main__][INFO] - [6, 16, 18], []
[2025-01-29 23:42:35,370][__main__][INFO] - [6, 16, 19], []
[2025-01-29 23:42:35,393][__main__][INFO] - [6, 16, 20], []
[2025-01-29 23:42:35,416][__main__][INFO] - [6, 16, 21], []
[2025-01-29 23:42:35,439][__main__][INFO] - [6, 16, 22], []
[2025-01-29 23:42:35,461][__main__][INFO] - [6, 16, 23], []
[2025-01-29 23:42:35,532][__main__][INFO] - [6, 17], [16]
[2025-01-29 23:42:35,556][__main__][INFO] - [6, 18], [16]
[2025-01-29 23:42:35,600][__main__][INFO] - [6, 19], [16]
[2025-01-29 23:42:35,622][__main__][INFO] - [6, 20], [16]
[2025-01-29 23:42:35,647][__main__][INFO] - [6, 21], [16]
[2025-01-29 23:42:35,670][__main__][INFO] - [6, 22], [16]
[2025-01-29 23:42:35,693][__main__][INFO] - [6, 23], [16]
[2025-01-29 23:42:35,778][__main__][INFO] - [7, 10, 16], []
[2025-01-29 23:42:35,807][__main__][INFO] - [7, 10], [16]
[2025-01-29 23:42:35,837][__main__][INFO] - [7, 10, 17], []
[2025-01-29 23:42:35,859][__main__][INFO] - [7, 10, 18], []
[2025-01-29 23:42:35,894][__main__][INFO] - [7, 10, 19], []
[2025-01-29 23:42:35,917][__main__][INFO] - [7, 10, 20], []
[2025-01-29 23:42:35,941][__main__][INFO] - [7, 10, 21], []
[2025-01-29 23:42:35,979][__main__][INFO] - [7, 10, 23], []
[2025-01-29 23:42:36,046][__main__][INFO] - [7, 11, 16], []
[2025-01-29 23:42:36,070][__main__][INFO] - [7, 11], [16]
[2025-01-29 23:42:36,107][__main__][INFO] - [7, 11, 18], []
[2025-01-29 23:42:36,250][__main__][INFO] - [7, 12, 16], []
[2025-01-29 23:42:36,273][__main__][INFO] - [7, 12], [16]
[2025-01-29 23:42:36,311][__main__][INFO] - [7, 12, 18], []
[2025-01-29 23:42:36,334][__main__][INFO] - [7, 12, 19], []
[2025-01-29 23:42:36,401][__main__][INFO] - [7, 12, 23], []
[2025-01-29 23:42:36,485][__main__][INFO] - [7, 13], [16]
[2025-01-29 23:42:36,523][__main__][INFO] - [7, 13, 18], []
[2025-01-29 23:42:36,842][__main__][INFO] - [7, 15, 16], []
[2025-01-29 23:42:36,865][__main__][INFO] - [7, 15], [16]
[2025-01-29 23:42:36,888][__main__][INFO] - [7, 15, 17], []
[2025-01-29 23:42:36,911][__main__][INFO] - [7, 15, 18], []
[2025-01-29 23:42:36,934][__main__][INFO] - [7, 15, 19], []
[2025-01-29 23:42:37,060][__main__][INFO] - [7, 16, 17], []
[2025-01-29 23:42:37,083][__main__][INFO] - [7, 16, 18], []
[2025-01-29 23:42:37,110][__main__][INFO] - [7, 16, 19], []
[2025-01-29 23:42:37,133][__main__][INFO] - [7, 16, 20], []
[2025-01-29 23:42:37,156][__main__][INFO] - [7, 16, 21], []
[2025-01-29 23:42:37,193][__main__][INFO] - [7, 16, 23], []
[2025-01-29 23:42:37,261][__main__][INFO] - [7, 17], [16]
[2025-01-29 23:42:37,284][__main__][INFO] - [7, 18], [16]
[2025-01-29 23:42:37,314][__main__][INFO] - [7, 19], [16]
[2025-01-29 23:42:37,336][__main__][INFO] - [7, 20], [16]
[2025-01-29 23:42:37,359][__main__][INFO] - [7, 21], [16]
[2025-01-29 23:42:37,396][__main__][INFO] - [7, 23], [16]
[2025-01-29 23:42:37,479][__main__][INFO] - [8, 10, 16], []
[2025-01-29 23:42:37,503][__main__][INFO] - [8, 10], [16]
[2025-01-29 23:42:37,541][__main__][INFO] - [8, 10, 18], []
[2025-01-29 23:42:37,566][__main__][INFO] - [8, 10, 19], []
[2025-01-29 23:42:37,589][__main__][INFO] - [8, 10, 20], []
[2025-01-29 23:42:37,642][__main__][INFO] - [8, 10, 23], []
[2025-01-29 23:42:37,709][__main__][INFO] - [8, 11, 16], []
[2025-01-29 23:42:37,732][__main__][INFO] - [8, 11], [16]
[2025-01-29 23:42:37,769][__main__][INFO] - [8, 11, 18], []
[2025-01-29 23:42:37,911][__main__][INFO] - [8, 12, 16], []
[2025-01-29 23:42:37,935][__main__][INFO] - [8, 12], [16]
[2025-01-29 23:42:37,972][__main__][INFO] - [8, 12, 18], []
[2025-01-29 23:42:38,054][__main__][INFO] - [8, 12, 23], []
[2025-01-29 23:42:38,151][__main__][INFO] - [8, 15, 16], []
[2025-01-29 23:42:38,174][__main__][INFO] - [8, 15], [16]
[2025-01-29 23:42:38,211][__main__][INFO] - [8, 15, 18], []
[2025-01-29 23:42:38,367][__main__][INFO] - [8, 16, 18], []
[2025-01-29 23:42:38,391][__main__][INFO] - [8, 16, 19], []
[2025-01-29 23:42:38,413][__main__][INFO] - [8, 16, 20], []
[2025-01-29 23:42:38,465][__main__][INFO] - [8, 16, 23], []
[2025-01-29 23:42:38,533][__main__][INFO] - [8, 17], [16]
[2025-01-29 23:42:38,555][__main__][INFO] - [8, 18], [16]
[2025-01-29 23:42:38,579][__main__][INFO] - [8, 19], [16]
[2025-01-29 23:42:38,601][__main__][INFO] - [8, 20], [16]
[2025-01-29 23:42:38,654][__main__][INFO] - [8, 23], [16]
[2025-01-29 23:42:38,735][__main__][INFO] - [9, 10, 16], []
[2025-01-29 23:42:38,758][__main__][INFO] - [9, 10], [16]
[2025-01-29 23:42:38,796][__main__][INFO] - [9, 10, 18], []
[2025-01-29 23:42:39,189][__main__][INFO] - [9, 16, 18], []
[2025-01-29 23:42:39,345][__main__][INFO] - [9, 18], [16]
[2025-01-29 23:42:39,501][__main__][INFO] - [10, 16, 17], []
[2025-01-29 23:42:39,546][__main__][INFO] - [10, 16, 18], []
[2025-01-29 23:42:39,818][__main__][INFO] - [10, 16, 19], []
[2025-01-29 23:42:39,853][__main__][INFO] - [10, 16, 20], []
[2025-01-29 23:42:39,890][__main__][INFO] - [10, 16, 21], []
[2025-01-29 23:42:39,914][__main__][INFO] - [10, 16, 22], []
[2025-01-29 23:42:39,937][__main__][INFO] - [10, 16, 23], []
[2025-01-29 23:42:39,977][__main__][INFO] - [10, 16, 24], []
[2025-01-29 23:42:40,030][__main__][INFO] - [10, 17], [16]
[2025-01-29 23:42:40,077][__main__][INFO] - [10, 18], [16]
[2025-01-29 23:42:40,382][__main__][INFO] - [10, 19], [16]
[2025-01-29 23:42:40,417][__main__][INFO] - [10, 20], [16]
[2025-01-29 23:42:40,453][__main__][INFO] - [10, 21], [16]
[2025-01-29 23:42:40,476][__main__][INFO] - [10, 22], [16]
[2025-01-29 23:42:40,500][__main__][INFO] - [10, 23], [16]
[2025-01-29 23:42:40,539][__main__][INFO] - [10, 24], [16]
[2025-01-29 23:42:40,607][__main__][INFO] - [11, 16, 17], []
[2025-01-29 23:42:40,629][__main__][INFO] - [11, 16, 18], []
[2025-01-29 23:42:40,658][__main__][INFO] - [11, 16, 19], []
[2025-01-29 23:42:40,681][__main__][INFO] - [11, 16, 20], []
[2025-01-29 23:42:40,733][__main__][INFO] - [11, 16, 23], []
[2025-01-29 23:42:40,800][__main__][INFO] - [11, 17], [16]
[2025-01-29 23:42:40,823][__main__][INFO] - [11, 18], [16]
[2025-01-29 23:42:40,854][__main__][INFO] - [11, 19], [16]
[2025-01-29 23:42:40,876][__main__][INFO] - [11, 20], [16]
[2025-01-29 23:42:40,928][__main__][INFO] - [11, 23], [16]
[2025-01-29 23:42:41,010][__main__][INFO] - [12, 16, 17], []
[2025-01-29 23:42:41,032][__main__][INFO] - [12, 16, 18], []
[2025-01-29 23:42:41,057][__main__][INFO] - [12, 16, 19], []
[2025-01-29 23:42:41,124][__main__][INFO] - [12, 16, 23], []
[2025-01-29 23:42:41,242][__main__][INFO] - [12, 17], [16]
[2025-01-29 23:42:41,265][__main__][INFO] - [12, 18], [16]
[2025-01-29 23:42:41,291][__main__][INFO] - [12, 19], [16]
[2025-01-29 23:42:41,359][__main__][INFO] - [12, 23], [16]
[2025-01-29 23:42:41,506][__main__][INFO] - [13, 16, 18], []
[2025-01-29 23:42:41,529][__main__][INFO] - [13, 16, 19], []
[2025-01-29 23:42:41,551][__main__][INFO] - [13, 16, 20], []
[2025-01-29 23:42:41,604][__main__][INFO] - [13, 16, 23], []
[2025-01-29 23:42:41,685][__main__][INFO] - [13, 18], [16]
[2025-01-29 23:42:41,709][__main__][INFO] - [13, 19], [16]
[2025-01-29 23:42:41,731][__main__][INFO] - [13, 20], [16]
[2025-01-29 23:42:41,783][__main__][INFO] - [13, 23], [16]
[2025-01-29 23:42:41,879][__main__][INFO] - [14, 16, 18], []
[2025-01-29 23:42:41,902][__main__][INFO] - [14, 16, 19], []
[2025-01-29 23:42:41,953][__main__][INFO] - [14, 16, 22], []
[2025-01-29 23:42:41,976][__main__][INFO] - [14, 16, 23], []
[2025-01-29 23:42:42,057][__main__][INFO] - [14, 18], [16]
[2025-01-29 23:42:42,080][__main__][INFO] - [14, 19], [16]
[2025-01-29 23:42:42,131][__main__][INFO] - [14, 22], [16]
[2025-01-29 23:42:42,154][__main__][INFO] - [14, 23], [16]
[2025-01-29 23:42:42,235][__main__][INFO] - [15, 16, 17], []
[2025-01-29 23:42:42,276][__main__][INFO] - [15, 16, 18], []
[2025-01-29 23:42:42,330][__main__][INFO] - [15, 16, 19], []
[2025-01-29 23:42:42,352][__main__][INFO] - [15, 16, 20], []
[2025-01-29 23:42:42,375][__main__][INFO] - [15, 16, 21], []
[2025-01-29 23:42:42,412][__main__][INFO] - [15, 16, 23], []
[2025-01-29 23:42:42,435][__main__][INFO] - [15, 16, 24], []
[2025-01-29 23:42:42,487][__main__][INFO] - [15, 17], [16]
[2025-01-29 23:42:42,537][__main__][INFO] - [15, 18], [16]
[2025-01-29 23:42:42,601][__main__][INFO] - [15, 19], [16]
[2025-01-29 23:42:42,624][__main__][INFO] - [15, 20], [16]
[2025-01-29 23:42:42,646][__main__][INFO] - [15, 21], [16]
[2025-01-29 23:42:42,683][__main__][INFO] - [15, 23], [16]
[2025-01-29 23:42:42,706][__main__][INFO] - [15, 24], [16]
