[2025-01-29 09:23:11,053][gurobipy][INFO] - Set parameter TimeLimit to value 600
[2025-01-29 09:23:11,064][gurobipy][INFO] - Gurobi Optimizer version 11.0.2 build v11.0.2rc0 (linux64)
[2025-01-29 09:23:11,064][gurobipy][INFO] - 
[2025-01-29 09:23:11,076][gurobipy][INFO] - CPU model: AMD EPYC 7543 32-Core Processor, instruction set [SSE2|AVX|AVX2]
[2025-01-29 09:23:11,076][gurobipy][INFO] - Thread count: 64 physical cores, 128 logical processors, using up to 32 threads
[2025-01-29 09:23:11,076][gurobipy][INFO] - 
[2025-01-29 09:23:11,076][gurobipy][INFO] - Optimize a model with 52935 rows, 869 columns and 137146 nonzeros
[2025-01-29 09:23:11,077][gurobipy][INFO] - Model fingerprint: 0x3d576255
[2025-01-29 09:23:11,077][gurobipy][INFO] - Variable types: 803 continuous, 66 integer (66 binary)
[2025-01-29 09:23:11,077][gurobipy][INFO] - Coefficient statistics:
[2025-01-29 09:23:11,077][gurobipy][INFO] -   Matrix range     [1e-03, 2e+00]
[2025-01-29 09:23:11,077][gurobipy][INFO] -   Objective range  [1e+00, 1e+00]
[2025-01-29 09:23:11,078][gurobipy][INFO] -   Bounds range     [1e+00, 1e+00]
[2025-01-29 09:23:11,078][gurobipy][INFO] -   RHS range        [1e+00, 1e+01]
[2025-01-29 09:23:11,084][gurobipy][INFO] - Found heuristic solution: objective -0.0000000
[2025-01-29 09:23:11,332][gurobipy][INFO] - Presolve removed 19220 rows and 10 columns
[2025-01-29 09:23:11,333][gurobipy][INFO] - Presolve time: 0.25s
[2025-01-29 09:23:11,333][gurobipy][INFO] - Presolved: 33715 rows, 859 columns, 101942 nonzeros
[2025-01-29 09:23:11,354][gurobipy][INFO] - Variable types: 803 continuous, 56 integer (56 binary)
[2025-01-29 09:23:11,384][gurobipy][INFO] - Root relaxation presolved: 859 rows, 34574 columns, 102801 nonzeros
[2025-01-29 09:23:11,384][gurobipy][INFO] - 
[2025-01-29 09:23:11,472][gurobipy][INFO] - 
[2025-01-29 09:23:11,472][gurobipy][INFO] - Root relaxation: objective 1.000000e+00, 1302 iterations, 0.12 seconds (0.36 work units)
[2025-01-29 09:23:11,477][gurobipy][INFO] - 
[2025-01-29 09:23:11,477][gurobipy][INFO] -     Nodes    |    Current Node    |     Objective Bounds      |     Work
[2025-01-29 09:23:11,477][gurobipy][INFO] -  Expl Unexpl |  Obj  Depth IntInf | Incumbent    BestBd   Gap | It/Node Time
[2025-01-29 09:23:11,477][gurobipy][INFO] - 
[2025-01-29 09:23:11,477][gurobipy][INFO] -      0     0    1.00000    0    1   -0.00000    1.00000      -     -    0s
[2025-01-29 09:23:11,490][gurobipy][INFO] - H    0     0                       0.0094057    1.00000      -     -    0s
[2025-01-29 09:23:11,807][gurobipy][INFO] - H    0     0                       0.0156250    1.00000  6300%     -    0s
[2025-01-29 09:23:11,841][gurobipy][INFO] -      0     0    1.00000    0   41    0.01563    1.00000  6300%     -    0s
[2025-01-29 09:23:11,923][gurobipy][INFO] - H    0     0                       0.0238406    1.00000  4095%     -    0s
[2025-01-29 09:23:12,371][gurobipy][INFO] -      0     0    1.00000    0   31    0.02384    1.00000  4095%     -    1s
[2025-01-29 09:23:14,101][gurobipy][INFO] - H    0     0                       0.0443028    0.97408  2099%     -    3s
[2025-01-29 09:23:14,102][gurobipy][INFO] - H    0     0                       0.2789850    0.97408   249%     -    3s
[2025-01-29 09:23:15,332][gurobipy][INFO] -      0     0    0.97408    0    3    0.27898    0.97408   249%     -    4s
[2025-01-29 09:23:15,397][gurobipy][INFO] -      0     0    0.97408    0   21    0.27898    0.97408   249%     -    4s
[2025-01-29 09:23:15,418][gurobipy][INFO] -      0     0    0.97408    0   17    0.27898    0.97408   249%     -    4s
[2025-01-29 09:23:15,425][gurobipy][INFO] -      0     0    0.97408    0   15    0.27898    0.97408   249%     -    4s
[2025-01-29 09:23:15,531][gurobipy][INFO] - H    0     0                       0.2944180    0.97408   231%     -    4s
[2025-01-29 09:23:16,153][gurobipy][INFO] - H    0     0                       0.3658246    0.96211   163%     -    5s
[2025-01-29 09:23:16,154][gurobipy][INFO] - H    0     0                       0.3710842    0.96211   159%     -    5s
[2025-01-29 09:23:16,155][gurobipy][INFO] -      0     0    0.37108    0   15    0.37108    0.37108  0.00%     -    5s
[2025-01-29 09:23:16,155][gurobipy][INFO] - 
[2025-01-29 09:23:16,155][gurobipy][INFO] - Cutting planes:
[2025-01-29 09:23:16,155][gurobipy][INFO] -   Implied bound: 1
[2025-01-29 09:23:16,155][gurobipy][INFO] -   MIR: 3
[2025-01-29 09:23:16,157][gurobipy][INFO] - 
[2025-01-29 09:23:16,157][gurobipy][INFO] - Explored 1 nodes (12252 simplex iterations) in 5.08 seconds (10.50 work units)
[2025-01-29 09:23:16,157][gurobipy][INFO] - Thread count was 32 (of 128 available processors)
[2025-01-29 09:23:16,157][gurobipy][INFO] - 
[2025-01-29 09:23:16,157][gurobipy][INFO] - Solution count 9: 0.371084 0.365825 0.294418 ... -0
[2025-01-29 09:23:16,157][gurobipy][INFO] - No other solutions better than 0.371084
[2025-01-29 09:23:16,157][gurobipy][INFO] - 
[2025-01-29 09:23:16,157][gurobipy][INFO] - Optimal solution found (tolerance 1.00e-04)
[2025-01-29 09:23:16,157][gurobipy][INFO] - Best objective 3.710841523342e-01, best bound 3.710841523342e-01, gap 0.0000%
[2025-01-29 09:23:16,185][__main__][INFO] - Finished size 1000 (1/5)
[2025-01-29 09:23:23,546][gurobipy][INFO] - Set parameter TimeLimit to value 600
[2025-01-29 09:23:23,566][gurobipy][INFO] - Gurobi Optimizer version 11.0.2 build v11.0.2rc0 (linux64)
[2025-01-29 09:23:23,566][gurobipy][INFO] - 
[2025-01-29 09:23:23,579][gurobipy][INFO] - CPU model: AMD EPYC 7543 32-Core Processor, instruction set [SSE2|AVX|AVX2]
[2025-01-29 09:23:23,579][gurobipy][INFO] - Thread count: 64 physical cores, 128 logical processors, using up to 32 threads
[2025-01-29 09:23:23,579][gurobipy][INFO] - 
[2025-01-29 09:23:23,579][gurobipy][INFO] - Optimize a model with 92997 rows, 1476 columns and 240943 nonzeros
[2025-01-29 09:23:23,581][gurobipy][INFO] - Model fingerprint: 0xf87a7191
[2025-01-29 09:23:23,581][gurobipy][INFO] - Variable types: 1410 continuous, 66 integer (66 binary)
[2025-01-29 09:23:23,581][gurobipy][INFO] - Coefficient statistics:
[2025-01-29 09:23:23,581][gurobipy][INFO] -   Matrix range     [7e-04, 2e+00]
[2025-01-29 09:23:23,581][gurobipy][INFO] -   Objective range  [1e+00, 1e+00]
[2025-01-29 09:23:23,581][gurobipy][INFO] -   Bounds range     [1e+00, 1e+00]
[2025-01-29 09:23:23,581][gurobipy][INFO] -   RHS range        [1e+00, 1e+01]
[2025-01-29 09:23:23,593][gurobipy][INFO] - Found heuristic solution: objective -0.0000000
[2025-01-29 09:23:24,104][gurobipy][INFO] - Presolve removed 29574 rows and 7 columns
[2025-01-29 09:23:24,104][gurobipy][INFO] - Presolve time: 0.51s
[2025-01-29 09:23:24,104][gurobipy][INFO] - Presolved: 63423 rows, 1469 columns, 191673 nonzeros
[2025-01-29 09:23:24,146][gurobipy][INFO] - Variable types: 1410 continuous, 59 integer (59 binary)
[2025-01-29 09:23:24,204][gurobipy][INFO] - Root relaxation presolved: 1469 rows, 64892 columns, 193142 nonzeros
[2025-01-29 09:23:24,204][gurobipy][INFO] - 
[2025-01-29 09:23:24,477][gurobipy][INFO] - 
[2025-01-29 09:23:24,478][gurobipy][INFO] - Root relaxation: objective 1.000000e+00, 2229 iterations, 0.33 seconds (1.10 work units)
[2025-01-29 09:23:24,488][gurobipy][INFO] - 
[2025-01-29 09:23:24,488][gurobipy][INFO] -     Nodes    |    Current Node    |     Objective Bounds      |     Work
[2025-01-29 09:23:24,488][gurobipy][INFO] -  Expl Unexpl |  Obj  Depth IntInf | Incumbent    BestBd   Gap | It/Node Time
[2025-01-29 09:23:24,488][gurobipy][INFO] - 
[2025-01-29 09:23:24,488][gurobipy][INFO] -      0     0    1.00000    0    1   -0.00000    1.00000      -     -    0s
[2025-01-29 09:23:24,498][gurobipy][INFO] - H    0     0                       0.0001731    1.00000      -     -    0s
[2025-01-29 09:23:24,530][gurobipy][INFO] - H    0     0                       0.0096399    1.00000      -     -    0s
[2025-01-29 09:23:24,545][gurobipy][INFO] - H    0     0                       0.0199895    1.00000  4903%     -    0s
[2025-01-29 09:23:25,101][gurobipy][INFO] -      0     0    1.00000    0   42    0.01999    1.00000  4903%     -    1s
[2025-01-29 09:23:25,550][gurobipy][INFO] -      0     0    1.00000    0   34    0.01999    1.00000  4903%     -    1s
[2025-01-29 09:23:26,807][gurobipy][INFO] -      0     0    1.00000    0   25    0.01999    1.00000  4903%     -    3s
[2025-01-29 09:23:27,901][gurobipy][INFO] - H    0     0                       0.0487109    1.00000  1953%     -    4s
[2025-01-29 09:23:31,412][gurobipy][INFO] - H    0     0                       0.0513954    1.00000  1846%     -    7s
[2025-01-29 09:23:31,413][gurobipy][INFO] - H    0     0                       0.0514005    1.00000  1846%     -    7s
[2025-01-29 09:23:31,420][gurobipy][INFO] -      0     0    1.00000    0    1    0.05140    1.00000  1846%     -    7s
[2025-01-29 09:23:31,606][gurobipy][INFO] - H    0     0                       0.0654661    1.00000  1428%     -    8s
[2025-01-29 09:23:33,614][gurobipy][INFO] - H    0     0                       0.2992195    0.97727   227%     -   10s
[2025-01-29 09:23:33,616][gurobipy][INFO] - H    0     0                       0.3057862    0.97434   219%     -   10s
[2025-01-29 09:23:33,622][gurobipy][INFO] -      0     0    0.97434    0    1    0.30579    0.97434   219%     -   10s
[2025-01-29 09:23:35,397][gurobipy][INFO] -      0     0    0.97434    0   45    0.30579    0.97434   219%     -   11s
[2025-01-29 09:23:35,473][gurobipy][INFO] -      0     0    0.97434    0   37    0.30579    0.97434   219%     -   11s
[2025-01-29 09:23:44,625][gurobipy][INFO] -      0     0    0.30579    0   13    0.30579    0.30579  0.00%     -   21s
[2025-01-29 09:23:44,626][gurobipy][INFO] - 
[2025-01-29 09:23:44,626][gurobipy][INFO] - Cutting planes:
[2025-01-29 09:23:44,626][gurobipy][INFO] -   Implied bound: 1
[2025-01-29 09:23:44,626][gurobipy][INFO] -   MIR: 8
[2025-01-29 09:23:44,626][gurobipy][INFO] -   RLT: 3
[2025-01-29 09:23:44,628][gurobipy][INFO] - 
[2025-01-29 09:23:44,628][gurobipy][INFO] - Explored 1 nodes (30228 simplex iterations) in 21.05 seconds (48.25 work units)
[2025-01-29 09:23:44,628][gurobipy][INFO] - Thread count was 32 (of 128 available processors)
[2025-01-29 09:23:44,628][gurobipy][INFO] - 
[2025-01-29 09:23:44,628][gurobipy][INFO] - Solution count 10: 0.305786 0.29922 0.0654661 ... -0
[2025-01-29 09:23:44,628][gurobipy][INFO] - No other solutions better than 0.305786
[2025-01-29 09:23:44,628][gurobipy][INFO] - 
[2025-01-29 09:23:44,628][gurobipy][INFO] - Optimal solution found (tolerance 1.00e-04)
[2025-01-29 09:23:44,628][gurobipy][INFO] - Best objective 3.057861864415e-01, best bound 3.057861864415e-01, gap 0.0000%
[2025-01-29 09:23:44,689][__main__][INFO] - Finished size 2153 (2/5)
[2025-01-29 09:23:57,670][gurobipy][INFO] - Set parameter TimeLimit to value 600
[2025-01-29 09:23:57,704][gurobipy][INFO] - Gurobi Optimizer version 11.0.2 build v11.0.2rc0 (linux64)
[2025-01-29 09:23:57,704][gurobipy][INFO] - 
[2025-01-29 09:23:57,717][gurobipy][INFO] - CPU model: AMD EPYC 7543 32-Core Processor, instruction set [SSE2|AVX|AVX2]
[2025-01-29 09:23:57,717][gurobipy][INFO] - Thread count: 64 physical cores, 128 logical processors, using up to 32 threads
[2025-01-29 09:23:57,717][gurobipy][INFO] - 
[2025-01-29 09:23:57,717][gurobipy][INFO] - Optimize a model with 159921 rows, 2490 columns and 414337 nonzeros
[2025-01-29 09:23:57,720][gurobipy][INFO] - Model fingerprint: 0xccb7283f
[2025-01-29 09:23:57,720][gurobipy][INFO] - Variable types: 2424 continuous, 66 integer (66 binary)
[2025-01-29 09:23:57,721][gurobipy][INFO] - Coefficient statistics:
[2025-01-29 09:23:57,721][gurobipy][INFO] -   Matrix range     [3e-04, 2e+00]
[2025-01-29 09:23:57,721][gurobipy][INFO] -   Objective range  [1e+00, 1e+00]
[2025-01-29 09:23:57,721][gurobipy][INFO] -   Bounds range     [1e+00, 1e+00]
[2025-01-29 09:23:57,721][gurobipy][INFO] -   RHS range        [1e+00, 1e+01]
[2025-01-29 09:23:57,742][gurobipy][INFO] - Found heuristic solution: objective -0.0000000
[2025-01-29 09:23:58,506][gurobipy][INFO] - Presolve removed 48448 rows and 6 columns
[2025-01-29 09:23:58,506][gurobipy][INFO] - Presolve time: 0.76s
[2025-01-29 09:23:58,506][gurobipy][INFO] - Presolved: 111473 rows, 2484 columns, 336837 nonzeros
[2025-01-29 09:23:58,581][gurobipy][INFO] - Variable types: 2424 continuous, 60 integer (60 binary)
[2025-01-29 09:23:58,690][gurobipy][INFO] - Root relaxation presolved: 2484 rows, 113957 columns, 339321 nonzeros
[2025-01-29 09:23:58,690][gurobipy][INFO] - 
[2025-01-29 09:23:58,727][gurobipy][INFO] - 
[2025-01-29 09:23:58,727][gurobipy][INFO] - Root relaxation: objective 1.000000e+00, 70 iterations, 0.14 seconds (0.27 work units)
[2025-01-29 09:23:58,734][gurobipy][INFO] - 
[2025-01-29 09:23:58,734][gurobipy][INFO] -     Nodes    |    Current Node    |     Objective Bounds      |     Work
[2025-01-29 09:23:58,734][gurobipy][INFO] -  Expl Unexpl |  Obj  Depth IntInf | Incumbent    BestBd   Gap | It/Node Time
[2025-01-29 09:23:58,734][gurobipy][INFO] - 
[2025-01-29 09:23:58,734][gurobipy][INFO] -      0     0    1.00000    0    1   -0.00000    1.00000      -     -    1s
[2025-01-29 09:23:58,739][gurobipy][INFO] - H    0     0                       0.0200855    1.00000  4879%     -    1s
[2025-01-29 09:23:58,810][gurobipy][INFO] - H    0     0                       0.0300856    1.00000  3224%     -    1s
[2025-01-29 09:23:58,846][gurobipy][INFO] - H    0     0                       0.1115160    1.00000   797%     -    1s
[2025-01-29 09:24:02,939][gurobipy][INFO] -      0     0    1.00000    0   60    0.11152    1.00000   797%     -    5s
[2025-01-29 09:24:03,933][gurobipy][INFO] -      0     0    1.00000    0   22    0.11152    1.00000   797%     -    6s
[2025-01-29 09:24:03,980][gurobipy][INFO] - H    0     0                       0.2440854    1.00000   310%     -    6s
[2025-01-29 09:24:04,685][gurobipy][INFO] -      0     0    1.00000    0   20    0.24409    1.00000   310%     -    6s
[2025-01-29 09:24:05,430][gurobipy][INFO] -      0     0    1.00000    0    9    0.24409    1.00000   310%     -    7s
[2025-01-29 09:24:06,262][gurobipy][INFO] - H    0     0                       0.2640244    1.00000   279%     -    8s
[2025-01-29 09:24:06,263][gurobipy][INFO] - H    0     0                       0.2799943    1.00000   257%     -    8s
[2025-01-29 09:24:06,264][gurobipy][INFO] - H    0     0                       0.3180355    1.00000   214%     -    8s
[2025-01-29 09:24:06,266][gurobipy][INFO] -      0     0    1.00000    0   11    0.31804    1.00000   214%     -    8s
[2025-01-29 09:24:06,325][gurobipy][INFO] -      0     0    1.00000    0   11    0.31804    1.00000   214%     -    8s
[2025-01-29 09:24:06,414][gurobipy][INFO] -      0     0    1.00000    0    5    0.31804    1.00000   214%     -    8s
[2025-01-29 09:24:06,671][gurobipy][INFO] -      0     0    0.58604    0   12    0.31804    0.58604  84.3%     -    8s
[2025-01-29 09:24:07,288][gurobipy][INFO] - H    0     0                       0.3263391    0.51271  57.1%     -    9s
[2025-01-29 09:24:07,289][gurobipy][INFO] - H    0     0                       0.3310515    0.51271  54.9%     -    9s
[2025-01-29 09:24:07,289][gurobipy][INFO] -      0     0    0.33105    0    1    0.33105    0.33105  0.00%     -    9s
[2025-01-29 09:24:07,289][gurobipy][INFO] - 
[2025-01-29 09:24:07,289][gurobipy][INFO] - Cutting planes:
[2025-01-29 09:24:07,289][gurobipy][INFO] -   Implied bound: 1
[2025-01-29 09:24:07,289][gurobipy][INFO] -   MIR: 158
[2025-01-29 09:24:07,289][gurobipy][INFO] -   RLT: 29
[2025-01-29 09:24:07,292][gurobipy][INFO] - 
[2025-01-29 09:24:07,292][gurobipy][INFO] - Explored 1 nodes (16380 simplex iterations) in 9.57 seconds (19.78 work units)
[2025-01-29 09:24:07,292][gurobipy][INFO] - Thread count was 32 (of 128 available processors)
[2025-01-29 09:24:07,292][gurobipy][INFO] - 
[2025-01-29 09:24:07,292][gurobipy][INFO] - Solution count 10: 0.331051 0.326339 0.318035 ... -0
[2025-01-29 09:24:07,292][gurobipy][INFO] - No other solutions better than 0.331051
[2025-01-29 09:24:07,292][gurobipy][INFO] - 
[2025-01-29 09:24:07,292][gurobipy][INFO] - Optimal solution found (tolerance 1.00e-04)
[2025-01-29 09:24:07,293][gurobipy][INFO] - Best objective 3.310514748688e-01, best bound 3.310514748688e-01, gap 0.0000%
[2025-01-29 09:24:07,389][__main__][INFO] - Finished size 4632 (3/5)
[2025-01-29 09:24:28,899][gurobipy][INFO] - Set parameter TimeLimit to value 600
[2025-01-29 09:24:28,959][gurobipy][INFO] - Gurobi Optimizer version 11.0.2 build v11.0.2rc0 (linux64)
[2025-01-29 09:24:28,959][gurobipy][INFO] - 
[2025-01-29 09:24:28,971][gurobipy][INFO] - CPU model: AMD EPYC 7543 32-Core Processor, instruction set [SSE2|AVX|AVX2]
[2025-01-29 09:24:28,971][gurobipy][INFO] - Thread count: 64 physical cores, 128 logical processors, using up to 32 threads
[2025-01-29 09:24:28,971][gurobipy][INFO] - 
[2025-01-29 09:24:28,971][gurobipy][INFO] - Optimize a model with 267171 rows, 4115 columns and 692212 nonzeros
[2025-01-29 09:24:28,977][gurobipy][INFO] - Model fingerprint: 0x29e71a5a
[2025-01-29 09:24:28,977][gurobipy][INFO] - Variable types: 4049 continuous, 66 integer (66 binary)
[2025-01-29 09:24:28,977][gurobipy][INFO] - Coefficient statistics:
[2025-01-29 09:24:28,977][gurobipy][INFO] -   Matrix range     [1e-04, 2e+00]
[2025-01-29 09:24:28,977][gurobipy][INFO] -   Objective range  [1e+00, 1e+00]
[2025-01-29 09:24:28,977][gurobipy][INFO] -   Bounds range     [1e+00, 1e+00]
[2025-01-29 09:24:28,977][gurobipy][INFO] -   RHS range        [1e+00, 1e+01]
[2025-01-29 09:24:29,014][gurobipy][INFO] - Found heuristic solution: objective -0.0000000
[2025-01-29 09:24:30,327][gurobipy][INFO] - Presolve removed 72850 rows and 4 columns
[2025-01-29 09:24:30,327][gurobipy][INFO] - Presolve time: 1.31s
[2025-01-29 09:24:30,327][gurobipy][INFO] - Presolved: 194321 rows, 4111 columns, 587006 nonzeros
[2025-01-29 09:24:30,452][gurobipy][INFO] - Variable types: 4049 continuous, 62 integer (62 binary)
[2025-01-29 09:24:30,652][gurobipy][INFO] - Root relaxation presolved: 4111 rows, 198432 columns, 591117 nonzeros
[2025-01-29 09:24:30,652][gurobipy][INFO] - 
[2025-01-29 09:24:30,720][gurobipy][INFO] - 
[2025-01-29 09:24:30,720][gurobipy][INFO] - Root relaxation: objective 1.000000e+00, 47 iterations, 0.26 seconds (0.48 work units)
[2025-01-29 09:24:30,732][gurobipy][INFO] - 
[2025-01-29 09:24:30,732][gurobipy][INFO] -     Nodes    |    Current Node    |     Objective Bounds      |     Work
[2025-01-29 09:24:30,732][gurobipy][INFO] -  Expl Unexpl |  Obj  Depth IntInf | Incumbent    BestBd   Gap | It/Node Time
[2025-01-29 09:24:30,732][gurobipy][INFO] - 
[2025-01-29 09:24:30,732][gurobipy][INFO] -      0     0    1.00000    0    1   -0.00000    1.00000      -     -    1s
[2025-01-29 09:24:30,763][gurobipy][INFO] - H    0     0                       0.0038720    1.00000      -     -    1s
[2025-01-29 09:24:30,853][gurobipy][INFO] - H    0     0                       0.0076429    1.00000      -     -    1s
[2025-01-29 09:24:30,901][gurobipy][INFO] - H    0     0                       0.0078075    1.00000      -     -    1s
[2025-01-29 09:24:31,159][gurobipy][INFO] -      0     0    1.00000    0    2    0.00781    1.00000      -     -    2s
[2025-01-29 09:24:31,350][gurobipy][INFO] - H    0     0                       0.0234759    1.00000  4160%     -    2s
[2025-01-29 09:24:31,383][gurobipy][INFO] - H    0     0                       0.0248876    1.00000  3918%     -    2s
[2025-01-29 09:24:40,727][gurobipy][INFO] -      0     0    1.00000    0   62    0.02489    1.00000  3918%     -   11s
[2025-01-29 09:24:42,535][gurobipy][INFO] -      0     0    1.00000    0   46    0.02489    1.00000  3918%     -   13s
[2025-01-29 09:24:43,028][gurobipy][INFO] -      0     0    1.00000    0   46    0.02489    1.00000  3918%     -   14s
[2025-01-29 09:24:46,980][gurobipy][INFO] -      0     0    1.00000    0    1    0.02489    1.00000  3918%     -   18s
[2025-01-29 09:24:48,057][gurobipy][INFO] -      0     0    1.00000    0    2    0.02489    1.00000  3918%     -   19s
[2025-01-29 09:24:48,237][gurobipy][INFO] -      0     0    1.00000    0    2    0.02489    1.00000  3918%     -   19s
[2025-01-29 09:24:51,866][gurobipy][INFO] -      0     0    1.00000    0   14    0.02489    1.00000  3918%     -   22s
[2025-01-29 09:24:52,506][gurobipy][INFO] - H    0     0                       0.1102323    1.00000   807%     -   23s
[2025-01-29 09:24:52,539][gurobipy][INFO] - H    0     0                       0.1163235    1.00000   760%     -   23s
[2025-01-29 09:24:52,609][gurobipy][INFO] - H    0     0                       0.1304594    1.00000   667%     -   23s
[2025-01-29 09:24:55,409][gurobipy][INFO] -      0     0    1.00000    0   40    0.13046    1.00000   667%     -   26s
[2025-01-29 09:24:56,408][gurobipy][INFO] -      0     0    1.00000    0   26    0.13046    1.00000   667%     -   27s
[2025-01-29 09:25:09,180][gurobipy][INFO] -      0     0    1.00000    0   25    0.13046    1.00000   667%     -   40s
[2025-01-29 09:25:12,796][gurobipy][INFO] -      0     0    1.00000    0   25    0.13046    1.00000   667%     -   43s
[2025-01-29 09:25:24,235][gurobipy][INFO] -      0     0    1.00000    0   23    0.13046    1.00000   667%     -   55s
[2025-01-29 09:25:25,916][gurobipy][INFO] -      0     0    1.00000    0   22    0.13046    1.00000   667%     -   56s
[2025-01-29 09:25:29,621][gurobipy][INFO] -      0     0    1.00000    0   21    0.13046    1.00000   667%     -   60s
[2025-01-29 09:25:30,102][gurobipy][INFO] - H    0     0                       0.2465329    1.00000   306%     -   61s
[2025-01-29 09:25:30,565][gurobipy][INFO] - H    0     0                       0.2952299    1.00000   239%     -   61s
[2025-01-29 09:25:30,622][gurobipy][INFO] - H    0     0                       0.3070735    1.00000   226%     -   61s
[2025-01-29 09:25:30,659][gurobipy][INFO] -      0     0    1.00000    0   21    0.30707    1.00000   226%     -   61s
[2025-01-29 09:25:34,397][gurobipy][INFO] -      0     0    1.00000    0   20    0.30707    1.00000   226%     -   65s
[2025-01-29 09:25:39,593][gurobipy][INFO] -      0     0    1.00000    0   20    0.30707    1.00000   226%     -   70s
[2025-01-29 09:25:56,573][gurobipy][INFO] - H    0     2                       0.3089467    1.00000   224%     -   87s
[2025-01-29 09:25:56,573][gurobipy][INFO] -      0     2    1.00000    0   20    0.30895    1.00000   224%     -   87s
[2025-01-29 09:25:59,143][gurobipy][INFO] -      7     2    1.00000    4   15    0.30895    1.00000   224%   900   90s
[2025-01-29 09:26:04,685][gurobipy][INFO] -     21     2    1.00000   11   11    0.30895    1.00000   224%   749   95s
[2025-01-29 09:26:09,235][gurobipy][INFO] -     27     4    1.00000   14   11    0.30895    1.00000   224%   710  100s
[2025-01-29 09:26:15,512][gurobipy][INFO] -     33     4    1.00000   16   11    0.30895    1.00000   224%   960  106s
[2025-01-29 09:26:19,107][gurobipy][INFO] -     41     8    1.00000   18    9    0.30895    1.00000   224%  1088  110s
[2025-01-29 09:26:25,910][gurobipy][INFO] -     55    10    0.95826   20   11    0.30895    1.00000   224%  1198  116s
[2025-01-29 09:26:29,165][gurobipy][INFO] -     63    12    0.38238   21    8    0.30895    0.95931   211%  1396  120s
[2025-01-29 09:26:29,885][gurobipy][INFO] - *   86     4              23       0.3216798    0.32184  0.05%  1400  120s
[2025-01-29 09:26:30,009][gurobipy][INFO] - 
[2025-01-29 09:26:30,009][gurobipy][INFO] - Cutting planes:
[2025-01-29 09:26:30,009][gurobipy][INFO] -   Gomory: 1
[2025-01-29 09:26:30,009][gurobipy][INFO] -   Implied bound: 3
[2025-01-29 09:26:30,009][gurobipy][INFO] -   MIR: 5
[2025-01-29 09:26:30,009][gurobipy][INFO] -   Inf proof: 2
[2025-01-29 09:26:30,009][gurobipy][INFO] -   RLT: 6
[2025-01-29 09:26:30,067][gurobipy][INFO] - 
[2025-01-29 09:26:30,067][gurobipy][INFO] - Explored 92 nodes (162136 simplex iterations) in 121.10 seconds (342.92 work units)
[2025-01-29 09:26:30,067][gurobipy][INFO] - Thread count was 32 (of 128 available processors)
[2025-01-29 09:26:30,067][gurobipy][INFO] - 
[2025-01-29 09:26:30,067][gurobipy][INFO] - Solution count 10: 0.32168 0.308947 0.307074 ... 0.0234759
[2025-01-29 09:26:30,067][gurobipy][INFO] - No other solutions better than 0.32168
[2025-01-29 09:26:30,067][gurobipy][INFO] - 
[2025-01-29 09:26:30,067][gurobipy][INFO] - Optimal solution found (tolerance 1.00e-04)
[2025-01-29 09:26:30,090][gurobipy][INFO] - Best objective 3.216798060788e-01, best bound 3.216798060788e-01, gap 0.0000%
[2025-01-29 09:26:30,281][__main__][INFO] - Finished size 9968 (4/5)
[2025-01-29 09:27:05,579][gurobipy][INFO] - Set parameter TimeLimit to value 600
[2025-01-29 09:27:05,684][gurobipy][INFO] - Gurobi Optimizer version 11.0.2 build v11.0.2rc0 (linux64)
[2025-01-29 09:27:05,685][gurobipy][INFO] - 
[2025-01-29 09:27:05,696][gurobipy][INFO] - CPU model: AMD EPYC 7543 32-Core Processor, instruction set [SSE2|AVX|AVX2]
[2025-01-29 09:27:05,696][gurobipy][INFO] - Thread count: 64 physical cores, 128 logical processors, using up to 32 threads
[2025-01-29 09:27:05,696][gurobipy][INFO] - 
[2025-01-29 09:27:05,696][gurobipy][INFO] - Optimize a model with 421149 rows, 6448 columns and 1091155 nonzeros
[2025-01-29 09:27:05,704][gurobipy][INFO] - Model fingerprint: 0xdcd0bb44
[2025-01-29 09:27:05,704][gurobipy][INFO] - Variable types: 6382 continuous, 66 integer (66 binary)
[2025-01-29 09:27:05,705][gurobipy][INFO] - Coefficient statistics:
[2025-01-29 09:27:05,705][gurobipy][INFO] -   Matrix range     [7e-05, 2e+00]
[2025-01-29 09:27:05,705][gurobipy][INFO] -   Objective range  [1e+00, 1e+00]
[2025-01-29 09:27:05,705][gurobipy][INFO] -   Bounds range     [1e+00, 1e+00]
[2025-01-29 09:27:05,705][gurobipy][INFO] -   RHS range        [1e+00, 1e+01]
[2025-01-29 09:27:05,768][gurobipy][INFO] - Found heuristic solution: objective 0.0000000
[2025-01-29 09:27:08,012][gurobipy][INFO] - Presolve removed 108465 rows and 3 columns
[2025-01-29 09:27:08,013][gurobipy][INFO] - Presolve time: 2.24s
[2025-01-29 09:27:08,013][gurobipy][INFO] - Presolved: 312684 rows, 6445 columns, 944428 nonzeros
[2025-01-29 09:27:08,213][gurobipy][INFO] - Variable types: 6382 continuous, 63 integer (63 binary)
[2025-01-29 09:27:08,564][gurobipy][INFO] - Root relaxation presolved: 6445 rows, 319129 columns, 950873 nonzeros
[2025-01-29 09:27:08,564][gurobipy][INFO] - 
[2025-01-29 09:27:08,694][gurobipy][INFO] - 
[2025-01-29 09:27:08,694][gurobipy][INFO] - Root relaxation: objective 1.000000e+00, 167 iterations, 0.47 seconds (0.79 work units)
[2025-01-29 09:27:08,723][gurobipy][INFO] - 
[2025-01-29 09:27:08,723][gurobipy][INFO] -     Nodes    |    Current Node    |     Objective Bounds      |     Work
[2025-01-29 09:27:08,724][gurobipy][INFO] -  Expl Unexpl |  Obj  Depth IntInf | Incumbent    BestBd   Gap | It/Node Time
[2025-01-29 09:27:08,724][gurobipy][INFO] - 
[2025-01-29 09:27:08,724][gurobipy][INFO] -      0     0    1.00000    0    1    0.00000    1.00000      -     -    3s
[2025-01-29 09:27:08,739][gurobipy][INFO] - H    0     0                       0.0221351    1.00000  4418%     -    3s
[2025-01-29 09:27:08,954][gurobipy][INFO] - H    0     0                       0.0282383    1.00000  3441%     -    3s
[2025-01-29 09:27:09,645][gurobipy][INFO] -      0     0    1.00000    0    5    0.02824    1.00000  3441%     -    3s
[2025-01-29 09:27:10,296][gurobipy][INFO] - H    0     0                       0.0930554    1.00000   975%     -    4s
[2025-01-29 09:27:10,827][gurobipy][INFO] -      0     0    1.00000    0    7    0.09306    1.00000   975%     -    5s
[2025-01-29 09:27:10,996][gurobipy][INFO] -      0     0    1.00000    0    8    0.09306    1.00000   975%     -    5s
[2025-01-29 09:27:11,576][gurobipy][INFO] -      0     0    1.00000    0    7    0.09306    1.00000   975%     -    5s
[2025-01-29 09:27:13,660][gurobipy][INFO] -      0     0    1.00000    0    7    0.09306    1.00000   975%     -    7s
[2025-01-29 09:27:14,134][gurobipy][INFO] -      0     0    1.00000    0    7    0.09306    1.00000   975%     -    8s
[2025-01-29 09:27:28,139][gurobipy][INFO] -      0     0    1.00000    0   60    0.09306    1.00000   975%     -   22s
[2025-01-29 09:27:31,440][gurobipy][INFO] -      0     0    1.00000    0   29    0.09306    1.00000   975%     -   25s
[2025-01-29 09:27:33,337][gurobipy][INFO] -      0     0    1.00000    0   27    0.09306    1.00000   975%     -   27s
[2025-01-29 09:27:40,550][gurobipy][INFO] -      0     0    1.00000    0    1    0.09306    1.00000   975%     -   34s
[2025-01-29 09:27:42,991][gurobipy][INFO] - H    0     0                       0.0936140    1.00000   968%     -   37s
[2025-01-29 09:27:43,292][gurobipy][INFO] -      0     0    1.00000    0    5    0.09361    1.00000   968%     -   37s
[2025-01-29 09:27:49,345][gurobipy][INFO] -      0     0    1.00000    0   29    0.09361    1.00000   968%     -   43s
[2025-01-29 09:28:01,735][gurobipy][INFO] -      0     0    1.00000    0   28    0.09361    1.00000   968%     -   56s
[2025-01-29 09:28:02,434][gurobipy][INFO] - H    0     0                       0.0972117    1.00000   929%     -   56s
[2025-01-29 09:28:02,692][gurobipy][INFO] -      0     0    1.00000    0   28    0.09721    1.00000   929%     -   56s
[2025-01-29 09:28:13,658][gurobipy][INFO] -      0     0    1.00000    0   27    0.09721    1.00000   929%     -   67s
[2025-01-29 09:28:14,767][gurobipy][INFO] - H    0     0                       0.2483044    1.00000   303%     -   69s
[2025-01-29 09:28:14,790][gurobipy][INFO] - H    0     0                       0.2580794    1.00000   287%     -   69s
[2025-01-29 09:28:15,264][gurobipy][INFO] -      0     0    1.00000    0   23    0.25808    1.00000   287%     -   69s
[2025-01-29 09:28:22,694][gurobipy][INFO] -      0     0    1.00000    0   25    0.25808    1.00000   287%     -   76s
[2025-01-29 09:28:23,258][gurobipy][INFO] -      0     0    1.00000    0   26    0.25808    1.00000   287%     -   77s
[2025-01-29 09:28:27,936][gurobipy][INFO] -      0     0    1.00000    0   20    0.25808    1.00000   287%     -   82s
[2025-01-29 09:28:28,340][gurobipy][INFO] -      0     0    1.00000    0   20    0.25808    1.00000   287%     -   82s
[2025-01-29 09:28:32,896][gurobipy][INFO] -      0     0    1.00000    0   24    0.25808    1.00000   287%     -   87s
[2025-01-29 09:28:37,594][gurobipy][INFO] -      0     0    1.00000    0   24    0.25808    1.00000   287%     -   91s
[2025-01-29 09:28:41,569][gurobipy][INFO] - H    0     0                       0.2636943    1.00000   279%     -   95s
[2025-01-29 09:28:50,367][gurobipy][INFO] -      0     2    1.00000    0   24    0.26369    1.00000   279%     -  104s
[2025-01-29 09:28:50,797][gurobipy][INFO] -      7     2    1.00000    4   14    0.26369    1.00000   279%  1254  105s
[2025-01-29 09:28:56,360][gurobipy][INFO] -     29    12    1.00000   12    1    0.26369    1.00000   279%   866  110s
[2025-01-29 09:29:01,155][gurobipy][INFO] -     37    12    0.65639   13   15    0.26369    1.00000   279%   889  115s
[2025-01-29 09:29:06,665][gurobipy][INFO] -     61    16    0.48825   15   13    0.26369    0.64909   146%   995  120s
[2025-01-29 09:29:08,299][gurobipy][INFO] - H   77    18                       0.3123985    0.55647  78.1%   861  122s
[2025-01-29 09:29:08,305][gurobipy][INFO] - H   82    18                       0.3228474    0.55646  72.4%   833  122s
[2025-01-29 09:29:08,309][gurobipy][INFO] - *   87    18              16       0.3230690    0.52668  63.0%   815  122s
[2025-01-29 09:29:10,038][gurobipy][INFO] - *   98    10              17       0.3231143    0.52668  63.0%   771  124s
[2025-01-29 09:29:11,283][gurobipy][INFO] -    107     6 infeasible   18         0.32311    0.51600  59.7%   732  125s
[2025-01-29 09:29:13,385][gurobipy][INFO] - 
[2025-01-29 09:29:13,386][gurobipy][INFO] - Cutting planes:
[2025-01-29 09:29:13,386][gurobipy][INFO] -   Implied bound: 3
[2025-01-29 09:29:13,386][gurobipy][INFO] -   MIR: 40
[2025-01-29 09:29:13,386][gurobipy][INFO] -   RLT: 8
[2025-01-29 09:29:13,386][gurobipy][INFO] -   Relax-and-lift: 12
[2025-01-29 09:29:13,403][gurobipy][INFO] - 
[2025-01-29 09:29:13,403][gurobipy][INFO] - Explored 131 nodes (139047 simplex iterations) in 127.71 seconds (311.46 work units)
[2025-01-29 09:29:13,403][gurobipy][INFO] - Thread count was 32 (of 128 available processors)
[2025-01-29 09:29:13,403][gurobipy][INFO] - 
[2025-01-29 09:29:13,403][gurobipy][INFO] - Solution count 10: 0.323114 0.323069 0.322847 ... 0.0930554
[2025-01-29 09:29:13,403][gurobipy][INFO] - No other solutions better than 0.323114
[2025-01-29 09:29:13,403][gurobipy][INFO] - 
[2025-01-29 09:29:13,403][gurobipy][INFO] - Optimal solution found (tolerance 1.00e-04)
[2025-01-29 09:29:13,406][gurobipy][INFO] - Best objective 3.231142789881e-01, best bound 3.231142789881e-01, gap 0.0000%
[2025-01-29 09:29:13,710][__main__][INFO] - Finished size 21452 (5/5)
