[2025-01-29 09:17:06,153][gurobipy][INFO] - Set parameter TokenServer to value "147.32.84.36"
[2025-01-29 09:17:08,383][gurobipy][INFO] - Set parameter TimeLimit to value 600
[2025-01-29 09:17:08,395][gurobipy][INFO] - Gurobi Optimizer version 11.0.2 build v11.0.2rc0 (linux64)
[2025-01-29 09:17:08,395][gurobipy][INFO] - 
[2025-01-29 09:17:08,407][gurobipy][INFO] - CPU model: AMD EPYC 7543 32-Core Processor, instruction set [SSE2|AVX|AVX2]
[2025-01-29 09:17:08,407][gurobipy][INFO] - Thread count: 64 physical cores, 128 logical processors, using up to 32 threads
[2025-01-29 09:17:08,407][gurobipy][INFO] - 
[2025-01-29 09:17:08,407][gurobipy][INFO] - Optimize a model with 52605 rows, 864 columns and 136291 nonzeros
[2025-01-29 09:17:08,409][gurobipy][INFO] - Model fingerprint: 0xddea2015
[2025-01-29 09:17:08,409][gurobipy][INFO] - Variable types: 798 continuous, 66 integer (66 binary)
[2025-01-29 09:17:08,409][gurobipy][INFO] - Coefficient statistics:
[2025-01-29 09:17:08,409][gurobipy][INFO] -   Matrix range     [2e-03, 2e+00]
[2025-01-29 09:17:08,409][gurobipy][INFO] -   Objective range  [1e+00, 1e+00]
[2025-01-29 09:17:08,409][gurobipy][INFO] -   Bounds range     [1e+00, 1e+00]
[2025-01-29 09:17:08,409][gurobipy][INFO] -   RHS range        [1e+00, 1e+01]
[2025-01-29 09:17:08,417][gurobipy][INFO] - Found heuristic solution: objective 0.0000000
[2025-01-29 09:17:08,678][gurobipy][INFO] - Presolve removed 16715 rows and 7 columns
[2025-01-29 09:17:08,678][gurobipy][INFO] - Presolve time: 0.26s
[2025-01-29 09:17:08,678][gurobipy][INFO] - Presolved: 35890 rows, 857 columns, 108462 nonzeros
[2025-01-29 09:17:08,703][gurobipy][INFO] - Variable types: 798 continuous, 59 integer (59 binary)
[2025-01-29 09:17:08,740][gurobipy][INFO] - Root relaxation presolved: 857 rows, 36747 columns, 109319 nonzeros
[2025-01-29 09:17:08,740][gurobipy][INFO] - 
[2025-01-29 09:17:08,749][gurobipy][INFO] - 
[2025-01-29 09:17:08,749][gurobipy][INFO] - Root relaxation: objective 1.000000e+00, 53 iterations, 0.05 seconds (0.07 work units)
[2025-01-29 09:17:08,760][gurobipy][INFO] - 
[2025-01-29 09:17:08,760][gurobipy][INFO] -     Nodes    |    Current Node    |     Objective Bounds      |     Work
[2025-01-29 09:17:08,760][gurobipy][INFO] -  Expl Unexpl |  Obj  Depth IntInf | Incumbent    BestBd   Gap | It/Node Time
[2025-01-29 09:17:08,760][gurobipy][INFO] - 
[2025-01-29 09:17:08,760][gurobipy][INFO] -      0     0    1.00000    0    1    0.00000    1.00000      -     -    0s
[2025-01-29 09:17:08,767][gurobipy][INFO] - H    0     0                       0.0027595    1.00000      -     -    0s
[2025-01-29 09:17:08,792][gurobipy][INFO] - H    0     0                       0.0048692    1.00000      -     -    0s
[2025-01-29 09:17:09,554][gurobipy][INFO] - H    0     0                       0.1497730    1.00000   568%     -    1s
[2025-01-29 09:17:09,608][gurobipy][INFO] -      0     0    1.00000    0   59    0.14977    1.00000   568%     -    1s
[2025-01-29 09:17:09,886][gurobipy][INFO] -      0     0    1.00000    0   20    0.14977    1.00000   568%     -    1s
[2025-01-29 09:17:09,964][gurobipy][INFO] - H    0     0                       0.6806806    1.00000  46.9%     -    1s
[2025-01-29 09:17:10,619][gurobipy][INFO] -      0     0    1.00000    0   15    0.68068    1.00000  46.9%     -    2s
[2025-01-29 09:17:10,771][gurobipy][INFO] - 
[2025-01-29 09:17:10,771][gurobipy][INFO] - Cutting planes:
[2025-01-29 09:17:10,771][gurobipy][INFO] -   MIR: 5
[2025-01-29 09:17:10,773][gurobipy][INFO] - 
[2025-01-29 09:17:10,773][gurobipy][INFO] - Explored 1 nodes (4027 simplex iterations) in 2.37 seconds (3.34 work units)
[2025-01-29 09:17:10,773][gurobipy][INFO] - Thread count was 32 (of 128 available processors)
[2025-01-29 09:17:10,773][gurobipy][INFO] - 
[2025-01-29 09:17:10,773][gurobipy][INFO] - Solution count 5: 0.680681 0.149773 0.00486917 ... 8.88178e-16
[2025-01-29 09:17:10,773][gurobipy][INFO] - No other solutions better than 0.680681
[2025-01-29 09:17:10,773][gurobipy][INFO] - 
[2025-01-29 09:17:10,773][gurobipy][INFO] - Optimal solution found (tolerance 1.00e-04)
[2025-01-29 09:17:10,774][gurobipy][INFO] - Best objective 6.806805602349e-01, best bound 6.806805602349e-01, gap 0.0000%
[2025-01-29 09:17:10,810][__main__][INFO] - Finished size 1000 (1/5)
[2025-01-29 09:17:18,098][gurobipy][INFO] - Set parameter TimeLimit to value 600
[2025-01-29 09:17:18,117][gurobipy][INFO] - Gurobi Optimizer version 11.0.2 build v11.0.2rc0 (linux64)
[2025-01-29 09:17:18,117][gurobipy][INFO] - 
[2025-01-29 09:17:18,129][gurobipy][INFO] - CPU model: AMD EPYC 7543 32-Core Processor, instruction set [SSE2|AVX|AVX2]
[2025-01-29 09:17:18,129][gurobipy][INFO] - Thread count: 64 physical cores, 128 logical processors, using up to 32 threads
[2025-01-29 09:17:18,129][gurobipy][INFO] - 
[2025-01-29 09:17:18,129][gurobipy][INFO] - Optimize a model with 92205 rows, 1464 columns and 238891 nonzeros
[2025-01-29 09:17:18,131][gurobipy][INFO] - Model fingerprint: 0xc793ef3a
[2025-01-29 09:17:18,131][gurobipy][INFO] - Variable types: 1398 continuous, 66 integer (66 binary)
[2025-01-29 09:17:18,132][gurobipy][INFO] - Coefficient statistics:
[2025-01-29 09:17:18,132][gurobipy][INFO] -   Matrix range     [1e-03, 2e+00]
[2025-01-29 09:17:18,132][gurobipy][INFO] -   Objective range  [1e+00, 1e+00]
[2025-01-29 09:17:18,132][gurobipy][INFO] -   Bounds range     [1e+00, 1e+00]
[2025-01-29 09:17:18,132][gurobipy][INFO] -   RHS range        [1e+00, 1e+01]
[2025-01-29 09:17:18,145][gurobipy][INFO] - Found heuristic solution: objective 0.0000000
[2025-01-29 09:17:18,585][gurobipy][INFO] - Presolve removed 26523 rows and 5 columns
[2025-01-29 09:17:18,585][gurobipy][INFO] - Presolve time: 0.44s
[2025-01-29 09:17:18,585][gurobipy][INFO] - Presolved: 65682 rows, 1459 columns, 198438 nonzeros
[2025-01-29 09:17:18,628][gurobipy][INFO] - Variable types: 1398 continuous, 61 integer (61 binary)
[2025-01-29 09:17:18,690][gurobipy][INFO] - Root relaxation presolved: 1459 rows, 67141 columns, 199897 nonzeros
[2025-01-29 09:17:18,691][gurobipy][INFO] - 
[2025-01-29 09:17:18,707][gurobipy][INFO] - 
[2025-01-29 09:17:18,707][gurobipy][INFO] - Root relaxation: objective 1.000000e+00, 61 iterations, 0.08 seconds (0.14 work units)
[2025-01-29 09:17:18,729][gurobipy][INFO] - 
[2025-01-29 09:17:18,729][gurobipy][INFO] -     Nodes    |    Current Node    |     Objective Bounds      |     Work
[2025-01-29 09:17:18,729][gurobipy][INFO] -  Expl Unexpl |  Obj  Depth IntInf | Incumbent    BestBd   Gap | It/Node Time
[2025-01-29 09:17:18,729][gurobipy][INFO] - 
[2025-01-29 09:17:18,729][gurobipy][INFO] -      0     0    1.00000    0    8    0.00000    1.00000      -     -    0s
[2025-01-29 09:17:18,777][gurobipy][INFO] - H    0     0                       0.0537416    1.00000  1761%     -    0s
[2025-01-29 09:17:18,819][gurobipy][INFO] - H    0     0                       0.0547538    1.00000  1726%     -    0s
[2025-01-29 09:17:20,433][gurobipy][INFO] - H    0     0                       0.6849237    1.00000  46.0%     -    2s
[2025-01-29 09:17:20,524][gurobipy][INFO] -      0     0    1.00000    0   60    0.68492    1.00000  46.0%     -    2s
[2025-01-29 09:17:21,069][gurobipy][INFO] -      0     0    1.00000    0   15    0.68492    1.00000  46.0%     -    2s
[2025-01-29 09:17:21,462][gurobipy][INFO] - 
[2025-01-29 09:17:21,462][gurobipy][INFO] - Explored 1 nodes (4173 simplex iterations) in 3.33 seconds (6.19 work units)
[2025-01-29 09:17:21,462][gurobipy][INFO] - Thread count was 32 (of 128 available processors)
[2025-01-29 09:17:21,462][gurobipy][INFO] - 
[2025-01-29 09:17:21,463][gurobipy][INFO] - Solution count 4: 0.684924 0.0547538 0.0537416 5.77316e-15 
[2025-01-29 09:17:21,463][gurobipy][INFO] - No other solutions better than 0.684924
[2025-01-29 09:17:21,463][gurobipy][INFO] - 
[2025-01-29 09:17:21,463][gurobipy][INFO] - Optimal solution found (tolerance 1.00e-04)
[2025-01-29 09:17:21,464][gurobipy][INFO] - Best objective 6.849236534482e-01, best bound 6.849236534482e-01, gap 0.0000%
[2025-01-29 09:17:21,516][__main__][INFO] - Finished size 1929 (2/5)
[2025-01-29 09:17:33,920][gurobipy][INFO] - Set parameter TimeLimit to value 600
[2025-01-29 09:17:33,953][gurobipy][INFO] - Gurobi Optimizer version 11.0.2 build v11.0.2rc0 (linux64)
[2025-01-29 09:17:33,953][gurobipy][INFO] - 
[2025-01-29 09:17:33,965][gurobipy][INFO] - CPU model: AMD EPYC 7543 32-Core Processor, instruction set [SSE2|AVX|AVX2]
[2025-01-29 09:17:33,965][gurobipy][INFO] - Thread count: 64 physical cores, 128 logical processors, using up to 32 threads
[2025-01-29 09:17:33,965][gurobipy][INFO] - 
[2025-01-29 09:17:33,965][gurobipy][INFO] - Optimize a model with 154113 rows, 2402 columns and 399289 nonzeros
[2025-01-29 09:17:33,969][gurobipy][INFO] - Model fingerprint: 0x5f32cd06
[2025-01-29 09:17:33,969][gurobipy][INFO] - Variable types: 2336 continuous, 66 integer (66 binary)
[2025-01-29 09:17:33,969][gurobipy][INFO] - Coefficient statistics:
[2025-01-29 09:17:33,969][gurobipy][INFO] -   Matrix range     [5e-04, 2e+00]
[2025-01-29 09:17:33,969][gurobipy][INFO] -   Objective range  [1e+00, 1e+00]
[2025-01-29 09:17:33,969][gurobipy][INFO] -   Bounds range     [1e+00, 1e+00]
[2025-01-29 09:17:33,969][gurobipy][INFO] -   RHS range        [1e+00, 1e+01]
[2025-01-29 09:17:33,992][gurobipy][INFO] - Found heuristic solution: objective -0.0000000
[2025-01-29 09:17:34,758][gurobipy][INFO] - Presolve removed 42013 rows and 4 columns
[2025-01-29 09:17:34,759][gurobipy][INFO] - Presolve time: 0.77s
[2025-01-29 09:17:34,759][gurobipy][INFO] - Presolved: 112100 rows, 2398 columns, 338630 nonzeros
[2025-01-29 09:17:34,833][gurobipy][INFO] - Variable types: 2336 continuous, 62 integer (62 binary)
[2025-01-29 09:17:34,950][gurobipy][INFO] - Root relaxation presolved: 2398 rows, 114498 columns, 341028 nonzeros
[2025-01-29 09:17:34,950][gurobipy][INFO] - 
[2025-01-29 09:17:35,002][gurobipy][INFO] - 
[2025-01-29 09:17:35,002][gurobipy][INFO] - Root relaxation: objective 1.000000e+00, 130 iterations, 0.17 seconds (0.30 work units)
[2025-01-29 09:17:35,020][gurobipy][INFO] - 
[2025-01-29 09:17:35,020][gurobipy][INFO] -     Nodes    |    Current Node    |     Objective Bounds      |     Work
[2025-01-29 09:17:35,020][gurobipy][INFO] -  Expl Unexpl |  Obj  Depth IntInf | Incumbent    BestBd   Gap | It/Node Time
[2025-01-29 09:17:35,020][gurobipy][INFO] - 
[2025-01-29 09:17:35,020][gurobipy][INFO] -      0     0    1.00000    0    6   -0.00000    1.00000      -     -    1s
[2025-01-29 09:17:35,071][gurobipy][INFO] - H    0     0                       0.0139829    1.00000  7052%     -    1s
[2025-01-29 09:17:35,199][gurobipy][INFO] - H    0     0                       0.0464361    1.00000  2053%     -    1s
[2025-01-29 09:17:40,369][gurobipy][INFO] -      0     0    1.00000    0   62    0.04644    1.00000  2053%     -    6s
[2025-01-29 09:17:41,157][gurobipy][INFO] -      0     0    1.00000    0   48    0.04644    1.00000  2053%     -    7s
[2025-01-29 09:17:41,316][gurobipy][INFO] - H    0     0                       0.7073426    1.00000  41.4%     -    7s
[2025-01-29 09:17:42,263][gurobipy][INFO] -      0     0    1.00000    0   36    0.70734    1.00000  41.4%     -    8s
[2025-01-29 09:17:43,358][gurobipy][INFO] - 
[2025-01-29 09:17:43,358][gurobipy][INFO] - Explored 1 nodes (6739 simplex iterations) in 9.39 seconds (20.72 work units)
[2025-01-29 09:17:43,359][gurobipy][INFO] - Thread count was 32 (of 128 available processors)
[2025-01-29 09:17:43,359][gurobipy][INFO] - 
[2025-01-29 09:17:43,359][gurobipy][INFO] - Solution count 4: 0.707343 0.0464361 0.0139829 -0 
[2025-01-29 09:17:43,359][gurobipy][INFO] - No other solutions better than 0.707343
[2025-01-29 09:17:43,359][gurobipy][INFO] - 
[2025-01-29 09:17:43,359][gurobipy][INFO] - Optimal solution found (tolerance 1.00e-04)
[2025-01-29 09:17:43,360][gurobipy][INFO] - Best objective 7.073426459883e-01, best bound 7.073426459883e-01, gap 0.0000%
[2025-01-29 09:17:43,457][__main__][INFO] - Finished size 3720 (3/5)
[2025-01-29 09:18:03,941][gurobipy][INFO] - Set parameter TimeLimit to value 600
[2025-01-29 09:18:03,995][gurobipy][INFO] - Gurobi Optimizer version 11.0.2 build v11.0.2rc0 (linux64)
[2025-01-29 09:18:03,995][gurobipy][INFO] - 
[2025-01-29 09:18:04,007][gurobipy][INFO] - CPU model: AMD EPYC 7543 32-Core Processor, instruction set [SSE2|AVX|AVX2]
[2025-01-29 09:18:04,007][gurobipy][INFO] - Thread count: 64 physical cores, 128 logical processors, using up to 32 threads
[2025-01-29 09:18:04,007][gurobipy][INFO] - 
[2025-01-29 09:18:04,007][gurobipy][INFO] - Optimize a model with 248823 rows, 3837 columns and 644674 nonzeros
[2025-01-29 09:18:04,012][gurobipy][INFO] - Model fingerprint: 0xf34200ac
[2025-01-29 09:18:04,012][gurobipy][INFO] - Variable types: 3771 continuous, 66 integer (66 binary)
[2025-01-29 09:18:04,013][gurobipy][INFO] - Coefficient statistics:
[2025-01-29 09:18:04,013][gurobipy][INFO] -   Matrix range     [3e-04, 2e+00]
[2025-01-29 09:18:04,013][gurobipy][INFO] -   Objective range  [1e+00, 1e+00]
[2025-01-29 09:18:04,013][gurobipy][INFO] -   Bounds range     [1e+00, 1e+00]
[2025-01-29 09:18:04,013][gurobipy][INFO] -   RHS range        [1e+00, 1e+01]
[2025-01-29 09:18:04,048][gurobipy][INFO] - Found heuristic solution: objective 0.0000000
[2025-01-29 09:18:05,303][gurobipy][INFO] - Presolve removed 60317 rows and 2 columns
[2025-01-29 09:18:05,303][gurobipy][INFO] - Presolve time: 1.25s
[2025-01-29 09:18:05,303][gurobipy][INFO] - Presolved: 188506 rows, 3835 columns, 569283 nonzeros
[2025-01-29 09:18:05,424][gurobipy][INFO] - Variable types: 3771 continuous, 64 integer (64 binary)
[2025-01-29 09:18:05,636][gurobipy][INFO] - Root relaxation presolved: 3835 rows, 192341 columns, 573118 nonzeros
[2025-01-29 09:18:05,636][gurobipy][INFO] - 
[2025-01-29 09:18:05,737][gurobipy][INFO] - 
[2025-01-29 09:18:05,737][gurobipy][INFO] - Root relaxation: objective 1.000000e+00, 94 iterations, 0.31 seconds (0.51 work units)
[2025-01-29 09:18:05,778][gurobipy][INFO] - 
[2025-01-29 09:18:05,778][gurobipy][INFO] -     Nodes    |    Current Node    |     Objective Bounds      |     Work
[2025-01-29 09:18:05,778][gurobipy][INFO] -  Expl Unexpl |  Obj  Depth IntInf | Incumbent    BestBd   Gap | It/Node Time
[2025-01-29 09:18:05,778][gurobipy][INFO] - 
[2025-01-29 09:18:05,778][gurobipy][INFO] -      0     0    1.00000    0    8    0.00000    1.00000      -     -    1s
[2025-01-29 09:18:05,814][gurobipy][INFO] - H    0     0                       0.0190426    1.00000  5151%     -    1s
[2025-01-29 09:18:06,150][gurobipy][INFO] - H    0     0                       0.0738266    1.00000  1255%     -    2s
[2025-01-29 09:18:06,552][gurobipy][INFO] -      0     0    1.00000    0    8    0.07383    1.00000  1255%     -    2s
[2025-01-29 09:18:08,359][gurobipy][INFO] -      0     0    1.00000    0    7    0.07383    1.00000  1255%     -    4s
[2025-01-29 09:18:08,658][gurobipy][INFO] -      0     0    1.00000    0    7    0.07383    1.00000  1255%     -    4s
[2025-01-29 09:18:10,509][gurobipy][INFO] -      0     0    1.00000    0    7    0.07383    1.00000  1255%     -    6s
[2025-01-29 09:18:10,783][gurobipy][INFO] -      0     0    1.00000    0    6    0.07383    1.00000  1255%     -    6s
[2025-01-29 09:18:25,121][gurobipy][INFO] -      0     0    1.00000    0   64    0.07383    1.00000  1255%     -   21s
[2025-01-29 09:18:27,998][gurobipy][INFO] -      0     0    1.00000    0   40    0.07383    1.00000  1255%     -   23s
[2025-01-29 09:18:28,135][gurobipy][INFO] -      0     0    1.00000    0   40    0.07383    1.00000  1255%     -   24s
[2025-01-29 09:18:32,030][gurobipy][INFO] -      0     0    1.00000    0    1    0.07383    1.00000  1255%     -   28s
[2025-01-29 09:18:33,979][gurobipy][INFO] -      0     0    1.00000    0    2    0.07383    1.00000  1255%     -   29s
[2025-01-29 09:18:35,605][gurobipy][INFO] - H    0     0                       0.0755408    1.00000  1224%     -   31s
[2025-01-29 09:18:38,453][gurobipy][INFO] -      0     0    1.00000    0   35    0.07554    1.00000  1224%     -   34s
[2025-01-29 09:18:53,393][gurobipy][INFO] -      0     0    1.00000    0   34    0.07554    1.00000  1224%     -   49s
[2025-01-29 09:18:54,145][gurobipy][INFO] - H    0     0                       0.0778238    1.00000  1185%     -   50s
[2025-01-29 09:18:56,878][gurobipy][INFO] -      0     0    1.00000    0   35    0.07782    1.00000  1185%     -   52s
[2025-01-29 09:19:08,819][gurobipy][INFO] -      0     0    1.00000    0   34    0.07782    1.00000  1185%     -   64s
[2025-01-29 09:19:09,508][gurobipy][INFO] - H    0     0                       0.1476198    1.00000   577%     -   65s
[2025-01-29 09:19:11,596][gurobipy][INFO] -      0     0    1.00000    0   27    0.14762    1.00000   577%     -   67s
[2025-01-29 09:19:21,422][gurobipy][INFO] -      0     0    1.00000    0   26    0.14762    1.00000   577%     -   77s
[2025-01-29 09:19:22,817][gurobipy][INFO] -      0     0    1.00000    0   26    0.14762    1.00000   577%     -   78s
[2025-01-29 09:19:27,235][gurobipy][INFO] -      0     0    1.00000    0   25    0.14762    1.00000   577%     -   83s
[2025-01-29 09:19:28,238][gurobipy][INFO] -      0     0    1.00000    0   25    0.14762    1.00000   577%     -   84s
[2025-01-29 09:19:32,267][gurobipy][INFO] -      0     0    1.00000    0   24    0.14762    1.00000   577%     -   88s
[2025-01-29 09:19:37,213][gurobipy][INFO] -      0     0    1.00000    0   24    0.14762    1.00000   577%     -   93s
[2025-01-29 09:19:54,314][gurobipy][INFO] -      0     2    1.00000    0   24    0.14762    1.00000   577%     -  110s
[2025-01-29 09:20:00,089][gurobipy][INFO] -     11     6    1.00000    6   16    0.14762    1.00000   577%   976  116s
[2025-01-29 09:20:10,022][gurobipy][INFO] -     29    12    0.89594    9   20    0.14762    1.00000   577%  1089  126s
[2025-01-29 09:20:11,735][gurobipy][INFO] - *   45    12              10       0.3539977    0.88521   150%   947  127s
[2025-01-29 09:20:14,942][gurobipy][INFO] -     61     4    0.79676   13   13    0.35400    0.84152   138%   755  130s
[2025-01-29 09:20:19,149][gurobipy][INFO] -     77     6    0.55490   17   13    0.35400    0.71921   103%   660  135s
[2025-01-29 09:20:20,319][gurobipy][INFO] - *   83     6              18       0.6987229    0.71511  2.35%   667  136s
[2025-01-29 09:20:20,599][gurobipy][INFO] - *   90     0              19       0.7047918    0.70479  0.00%   620  136s
[2025-01-29 09:20:20,625][gurobipy][INFO] - 
[2025-01-29 09:20:20,625][gurobipy][INFO] - Cutting planes:
[2025-01-29 09:20:20,625][gurobipy][INFO] -   Implied bound: 5
[2025-01-29 09:20:20,625][gurobipy][INFO] -   MIR: 14
[2025-01-29 09:20:20,625][gurobipy][INFO] -   RLT: 8
[2025-01-29 09:20:20,675][gurobipy][INFO] - 
[2025-01-29 09:20:20,676][gurobipy][INFO] - Explored 91 nodes (106532 simplex iterations) in 136.67 seconds (313.26 work units)
[2025-01-29 09:20:20,676][gurobipy][INFO] - Thread count was 32 (of 128 available processors)
[2025-01-29 09:20:20,676][gurobipy][INFO] - 
[2025-01-29 09:20:20,676][gurobipy][INFO] - Solution count 9: 0.704792 0.698723 0.353998 ... 4.39648e-14
[2025-01-29 09:20:20,676][gurobipy][INFO] - No other solutions better than 0.704792
[2025-01-29 09:20:20,676][gurobipy][INFO] - 
[2025-01-29 09:20:20,676][gurobipy][INFO] - Optimal solution found (tolerance 1.00e-04)
[2025-01-29 09:20:20,681][gurobipy][INFO] - Best objective 7.047917533268e-01, best bound 7.047917533268e-01, gap 0.0000%
[2025-01-29 09:20:20,885][__main__][INFO] - Finished size 7175 (4/5)
[2025-01-29 09:20:50,666][gurobipy][INFO] - Set parameter TimeLimit to value 600
[2025-01-29 09:20:50,745][gurobipy][INFO] - Gurobi Optimizer version 11.0.2 build v11.0.2rc0 (linux64)
[2025-01-29 09:20:50,745][gurobipy][INFO] - 
[2025-01-29 09:20:50,757][gurobipy][INFO] - CPU model: AMD EPYC 7543 32-Core Processor, instruction set [SSE2|AVX|AVX2]
[2025-01-29 09:20:50,757][gurobipy][INFO] - Thread count: 64 physical cores, 128 logical processors, using up to 32 threads
[2025-01-29 09:20:50,757][gurobipy][INFO] - 
[2025-01-29 09:20:50,757][gurobipy][INFO] - Optimize a model with 383067 rows, 5871 columns and 992488 nonzeros
[2025-01-29 09:20:50,765][gurobipy][INFO] - Model fingerprint: 0xf4a04ed0
[2025-01-29 09:20:50,765][gurobipy][INFO] - Variable types: 5805 continuous, 66 integer (66 binary)
[2025-01-29 09:20:50,766][gurobipy][INFO] - Coefficient statistics:
[2025-01-29 09:20:50,766][gurobipy][INFO] -   Matrix range     [1e-04, 2e+00]
[2025-01-29 09:20:50,766][gurobipy][INFO] -   Objective range  [1e+00, 1e+00]
[2025-01-29 09:20:50,766][gurobipy][INFO] -   Bounds range     [1e+00, 1e+00]
[2025-01-29 09:20:50,766][gurobipy][INFO] -   RHS range        [1e+00, 1e+01]
[2025-01-29 09:20:50,823][gurobipy][INFO] - Found heuristic solution: objective -0.0000000
[2025-01-29 09:20:52,885][gurobipy][INFO] - Presolve removed 92859 rows and 2 columns
[2025-01-29 09:20:52,885][gurobipy][INFO] - Presolve time: 2.06s
[2025-01-29 09:20:52,885][gurobipy][INFO] - Presolved: 290208 rows, 5869 columns, 876423 nonzeros
[2025-01-29 09:20:53,074][gurobipy][INFO] - Variable types: 5805 continuous, 64 integer (64 binary)
[2025-01-29 09:20:53,405][gurobipy][INFO] - Root relaxation presolved: 5869 rows, 296077 columns, 882292 nonzeros
[2025-01-29 09:20:53,405][gurobipy][INFO] - 
[2025-01-29 09:20:53,585][gurobipy][INFO] - 
[2025-01-29 09:20:53,586][gurobipy][INFO] - Root relaxation: objective 1.000000e+00, 159 iterations, 0.50 seconds (0.84 work units)
[2025-01-29 09:20:57,207][gurobipy][INFO] - 
[2025-01-29 09:20:57,207][gurobipy][INFO] -     Nodes    |    Current Node    |     Objective Bounds      |     Work
[2025-01-29 09:20:57,207][gurobipy][INFO] -  Expl Unexpl |  Obj  Depth IntInf | Incumbent    BestBd   Gap | It/Node Time
[2025-01-29 09:20:57,207][gurobipy][INFO] - 
[2025-01-29 09:20:57,207][gurobipy][INFO] -      0     0    1.00000    0   14   -0.00000    1.00000      -     -    6s
[2025-01-29 09:20:57,274][gurobipy][INFO] - H    0     0                       0.0063189    1.00000      -     -    6s
[2025-01-29 09:20:57,531][gurobipy][INFO] - H    0     0                       0.0073971    1.00000      -     -    6s
[2025-01-29 09:20:58,258][gurobipy][INFO] -      0     0    1.00000    0   14    0.00740    1.00000      -     -    7s
[2025-01-29 09:20:58,806][gurobipy][INFO] - H    0     0                       0.0255169    1.00000  3819%     -    8s
[2025-01-29 09:21:17,601][gurobipy][INFO] -      0     0    1.00000    0   64    0.02552    1.00000  3819%     -   26s
[2025-01-29 09:21:21,299][gurobipy][INFO] -      0     0    1.00000    0   52    0.02552    1.00000  3819%     -   30s
[2025-01-29 09:21:28,910][gurobipy][INFO] -      0     0    1.00000    0   51    0.02552    1.00000  3819%     -   38s
[2025-01-29 09:21:30,456][gurobipy][INFO] - H    0     0                       0.1507946    1.00000   563%     -   39s
[2025-01-29 09:21:56,504][gurobipy][INFO] -      0     0    1.00000    0   45    0.15079    1.00000   563%     -   65s
[2025-01-29 09:22:13,629][gurobipy][INFO] -      0     0    1.00000    0   44    0.15079    1.00000   563%     -   82s
[2025-01-29 09:22:17,515][gurobipy][INFO] -      0     0    1.00000    0   30    0.15079    1.00000   563%     -   86s
[2025-01-29 09:22:22,655][gurobipy][INFO] -      0     0    1.00000    0   30    0.15079    1.00000   563%     -   91s
[2025-01-29 09:22:27,307][gurobipy][INFO] -      0     0    1.00000    0   44    0.15079    1.00000   563%     -   96s
[2025-01-29 09:22:39,199][gurobipy][INFO] -      0     0    1.00000    0   43    0.15079    1.00000   563%     -  108s
[2025-01-29 09:22:47,696][gurobipy][INFO] -      0     0    1.00000    0   43    0.15079    1.00000   563%     -  116s
[2025-01-29 09:22:56,110][gurobipy][INFO] -      0     0    1.00000    0   43    0.15079    1.00000   563%     -  125s
[2025-01-29 09:23:04,892][gurobipy][INFO] -      0     0    1.00000    0   43    0.15079    1.00000   563%     -  134s
[2025-01-29 09:23:42,337][gurobipy][INFO] -      0     2    1.00000    0   43    0.15079    1.00000   563%     -  171s
[2025-01-29 09:23:47,020][gurobipy][INFO] -      5     2    1.00000    3   40    0.15079    1.00000   563%   479  176s
[2025-01-29 09:23:52,011][gurobipy][INFO] -      9     2    1.00000    5   37    0.15079    1.00000   563%   377  181s
[2025-01-29 09:23:56,834][gurobipy][INFO] -     13     2    1.00000    7   26    0.15079    1.00000   563%   409  186s
[2025-01-29 09:24:02,056][gurobipy][INFO] -     19     2    1.00000   10   20    0.15079    1.00000   563%   405  191s
[2025-01-29 09:24:10,282][gurobipy][INFO] -     21     4    1.00000   11   30    0.15079    1.00000   563%   752  199s
[2025-01-29 09:24:12,856][gurobipy][INFO] -     23     4    1.00000   12   29    0.15079    1.00000   563%   865  202s
[2025-01-29 09:24:30,538][gurobipy][INFO] -     31     6    0.94737   14   30    0.15079    1.00000   563%  1199  219s
[2025-01-29 09:24:35,319][gurobipy][INFO] -     35     8    0.94444   15   29    0.15079    0.94737   528%  1464  224s
[2025-01-29 09:24:39,575][gurobipy][INFO] -     41     8    0.94118   16   27    0.15079    0.94437   526%  1449  228s
[2025-01-29 09:24:39,581][gurobipy][INFO] - *   45     8              16       0.3657148    0.94116   157%  1495  228s
[2025-01-29 09:24:42,171][gurobipy][INFO] -     49     4    0.93750   17   26    0.36571    0.94112   157%  1385  231s
[2025-01-29 09:24:48,031][gurobipy][INFO] -     59     4    0.92857   19   23    0.36571    0.93330   155%  1203  237s
[2025-01-29 09:24:51,606][gurobipy][INFO] -     63     4    0.92308   20   21    0.36571    0.92870   154%  1150  240s
[2025-01-29 09:24:56,454][gurobipy][INFO] -     71     4    0.90909   22   17    0.36571    0.91849   151%  1054  245s
[2025-01-29 09:25:01,184][gurobipy][INFO] -     79     4    0.88889   24   14    0.36571    0.90458   147%   983  250s
[2025-01-29 09:25:05,896][gurobipy][INFO] -     87     4    0.85933   26   16    0.36571    0.88444   142%   925  255s
[2025-01-29 09:25:11,831][gurobipy][INFO] -     99     4    0.78469   29   13    0.36571    0.83301   128%   860  261s
[2025-01-29 09:25:15,860][gurobipy][INFO] -    107     4    0.68879   31   15    0.36571    0.78518   115%   830  265s
[2025-01-29 09:25:20,817][gurobipy][INFO] -    115     4    0.53578   33   13    0.36571    0.71643  95.9%   806  270s
[2025-01-29 09:25:23,516][gurobipy][INFO] - *  120     4              34       0.6942214    0.71247  2.63%   812  272s
[2025-01-29 09:25:24,150][gurobipy][INFO] - *  125     0              35       0.7046804    0.70468  0.00%   800  273s
[2025-01-29 09:25:24,180][gurobipy][INFO] - 
[2025-01-29 09:25:24,180][gurobipy][INFO] - Cutting planes:
[2025-01-29 09:25:24,180][gurobipy][INFO] -   Implied bound: 3
[2025-01-29 09:25:24,180][gurobipy][INFO] -   MIR: 11
[2025-01-29 09:25:24,180][gurobipy][INFO] -   RLT: 5
[2025-01-29 09:25:24,198][gurobipy][INFO] - 
[2025-01-29 09:25:24,198][gurobipy][INFO] - Explored 126 nodes (154035 simplex iterations) in 273.44 seconds (821.11 work units)
[2025-01-29 09:25:24,198][gurobipy][INFO] - Thread count was 32 (of 128 available processors)
[2025-01-29 09:25:24,198][gurobipy][INFO] - 
[2025-01-29 09:25:24,198][gurobipy][INFO] - Solution count 8: 0.70468 0.694221 0.365715 ... -0
[2025-01-29 09:25:24,198][gurobipy][INFO] - No other solutions better than 0.70468
[2025-01-29 09:25:24,198][gurobipy][INFO] - 
[2025-01-29 09:25:24,198][gurobipy][INFO] - Optimal solution found (tolerance 1.00e-04)
[2025-01-29 09:25:24,210][gurobipy][INFO] - Best objective 7.046803693101e-01, best bound 7.046803693101e-01, gap 0.0000%
[2025-01-29 09:25:24,506][__main__][INFO] - Finished size 13837 (5/5)
