[2025-01-29 10:16:03,801][gurobipy][INFO] - Set parameter TimeLimit to value 600
[2025-01-29 10:16:03,811][gurobipy][INFO] - Gurobi Optimizer version 11.0.2 build v11.0.2rc0 (linux64)
[2025-01-29 10:16:03,811][gurobipy][INFO] - 
[2025-01-29 10:16:03,823][gurobipy][INFO] - CPU model: AMD EPYC 7543 32-Core Processor, instruction set [SSE2|AVX|AVX2]
[2025-01-29 10:16:03,823][gurobipy][INFO] - Thread count: 64 physical cores, 128 logical processors, using up to 32 threads
[2025-01-29 10:16:03,823][gurobipy][INFO] - 
[2025-01-29 10:16:03,823][gurobipy][INFO] - Optimize a model with 50427 rows, 831 columns and 130648 nonzeros
[2025-01-29 10:16:03,824][gurobipy][INFO] - Model fingerprint: 0x4321038c
[2025-01-29 10:16:03,824][gurobipy][INFO] - Variable types: 765 continuous, 66 integer (66 binary)
[2025-01-29 10:16:03,825][gurobipy][INFO] - Coefficient statistics:
[2025-01-29 10:16:03,825][gurobipy][INFO] -   Matrix range     [1e-03, 2e+00]
[2025-01-29 10:16:03,825][gurobipy][INFO] -   Objective range  [1e+00, 1e+00]
[2025-01-29 10:16:03,825][gurobipy][INFO] -   Bounds range     [1e+00, 1e+00]
[2025-01-29 10:16:03,825][gurobipy][INFO] -   RHS range        [1e+00, 1e+01]
[2025-01-29 10:16:03,831][gurobipy][INFO] - Found heuristic solution: objective 0.0000000
[2025-01-29 10:16:04,070][gurobipy][INFO] - Presolve removed 16037 rows and 7 columns
[2025-01-29 10:16:04,070][gurobipy][INFO] - Presolve time: 0.24s
[2025-01-29 10:16:04,070][gurobipy][INFO] - Presolved: 34390 rows, 824 columns, 103929 nonzeros
[2025-01-29 10:16:04,093][gurobipy][INFO] - Variable types: 765 continuous, 59 integer (59 binary)
[2025-01-29 10:16:04,123][gurobipy][INFO] - Root relaxation presolved: 824 rows, 35214 columns, 104753 nonzeros
[2025-01-29 10:16:04,123][gurobipy][INFO] - 
[2025-01-29 10:16:04,140][gurobipy][INFO] - 
[2025-01-29 10:16:04,140][gurobipy][INFO] - Root relaxation: objective 1.000000e+00, 412 iterations, 0.05 seconds (0.10 work units)
[2025-01-29 10:16:04,149][gurobipy][INFO] - 
[2025-01-29 10:16:04,149][gurobipy][INFO] -     Nodes    |    Current Node    |     Objective Bounds      |     Work
[2025-01-29 10:16:04,149][gurobipy][INFO] -  Expl Unexpl |  Obj  Depth IntInf | Incumbent    BestBd   Gap | It/Node Time
[2025-01-29 10:16:04,150][gurobipy][INFO] - 
[2025-01-29 10:16:04,150][gurobipy][INFO] -      0     0    1.00000    0    3    0.00000    1.00000      -     -    0s
[2025-01-29 10:16:04,157][gurobipy][INFO] - H    0     0                       0.0029399    1.00000      -     -    0s
[2025-01-29 10:16:05,137][gurobipy][INFO] - H    0     0                       0.1466164    1.00000   582%     -    1s
[2025-01-29 10:16:05,184][gurobipy][INFO] -      0     0    1.00000    0   59    0.14662    1.00000   582%     -    1s
[2025-01-29 10:16:05,360][gurobipy][INFO] -      0     0    1.00000    0   17    0.14662    1.00000   582%     -    1s
[2025-01-29 10:16:05,810][gurobipy][INFO] -      0     0    1.00000    0   17    0.14662    1.00000   582%     -    1s
[2025-01-29 10:16:05,939][gurobipy][INFO] -      0     0    1.00000    0    5    0.14662    1.00000   582%     -    2s
[2025-01-29 10:16:06,149][gurobipy][INFO] -      0     0    1.00000    0   12    0.14662    1.00000   582%     -    2s
[2025-01-29 10:16:06,266][gurobipy][INFO] -      0     0    1.00000    0   12    0.14662    1.00000   582%     -    2s
[2025-01-29 10:16:06,607][gurobipy][INFO] -      0     0    0.45704    0    6    0.14662    0.45704   212%     -    2s
[2025-01-29 10:16:06,624][gurobipy][INFO] - H    0     0                       0.2770002    0.45704  65.0%     -    2s
[2025-01-29 10:16:06,645][gurobipy][INFO] -      0     0    0.37357    0    6    0.27700    0.37357  34.9%     -    2s
[2025-01-29 10:16:06,706][gurobipy][INFO] -      0     0    0.27700    0    6    0.27700    0.27700  0.00%     -    2s
[2025-01-29 10:16:06,706][gurobipy][INFO] - 
[2025-01-29 10:16:06,706][gurobipy][INFO] - Cutting planes:
[2025-01-29 10:16:06,707][gurobipy][INFO] -   Cover: 1
[2025-01-29 10:16:06,707][gurobipy][INFO] -   Implied bound: 2
[2025-01-29 10:16:06,707][gurobipy][INFO] -   MIR: 4
[2025-01-29 10:16:06,707][gurobipy][INFO] -   RLT: 10
[2025-01-29 10:16:06,707][gurobipy][INFO] -   Relax-and-lift: 1
[2025-01-29 10:16:06,708][gurobipy][INFO] - 
[2025-01-29 10:16:06,708][gurobipy][INFO] - Explored 1 nodes (7386 simplex iterations) in 2.88 seconds (4.01 work units)
[2025-01-29 10:16:06,708][gurobipy][INFO] - Thread count was 32 (of 128 available processors)
[2025-01-29 10:16:06,708][gurobipy][INFO] - 
[2025-01-29 10:16:06,708][gurobipy][INFO] - Solution count 4: 0.277 0.146616 0.0029399 1.95399e-14 
[2025-01-29 10:16:06,709][gurobipy][INFO] - No other solutions better than 0.277
[2025-01-29 10:16:06,709][gurobipy][INFO] - 
[2025-01-29 10:16:06,709][gurobipy][INFO] - Optimal solution found (tolerance 1.00e-04)
[2025-01-29 10:16:06,709][gurobipy][INFO] - Best objective 2.770002164348e-01, best bound 2.770002164348e-01, gap 0.0000%
[2025-01-29 10:16:06,745][__main__][INFO] - Finished size 1000 (1/5)
[2025-01-29 10:16:20,095][gurobipy][INFO] - Set parameter TimeLimit to value 600
[2025-01-29 10:16:20,120][gurobipy][INFO] - Gurobi Optimizer version 11.0.2 build v11.0.2rc0 (linux64)
[2025-01-29 10:16:20,120][gurobipy][INFO] - 
[2025-01-29 10:16:20,133][gurobipy][INFO] - CPU model: AMD EPYC 7543 32-Core Processor, instruction set [SSE2|AVX|AVX2]
[2025-01-29 10:16:20,133][gurobipy][INFO] - Thread count: 64 physical cores, 128 logical processors, using up to 32 threads
[2025-01-29 10:16:20,133][gurobipy][INFO] - 
[2025-01-29 10:16:20,133][gurobipy][INFO] - Optimize a model with 113391 rows, 1785 columns and 293782 nonzeros
[2025-01-29 10:16:20,135][gurobipy][INFO] - Model fingerprint: 0x2a177597
[2025-01-29 10:16:20,135][gurobipy][INFO] - Variable types: 1719 continuous, 66 integer (66 binary)
[2025-01-29 10:16:20,136][gurobipy][INFO] - Coefficient statistics:
[2025-01-29 10:16:20,136][gurobipy][INFO] -   Matrix range     [6e-04, 2e+00]
[2025-01-29 10:16:20,136][gurobipy][INFO] -   Objective range  [1e+00, 1e+00]
[2025-01-29 10:16:20,136][gurobipy][INFO] -   Bounds range     [1e+00, 1e+00]
[2025-01-29 10:16:20,136][gurobipy][INFO] -   RHS range        [1e+00, 1e+01]
[2025-01-29 10:16:20,151][gurobipy][INFO] - Found heuristic solution: objective -0.0000000
[2025-01-29 10:16:20,676][gurobipy][INFO] - Presolve removed 34345 rows and 6 columns
[2025-01-29 10:16:20,676][gurobipy][INFO] - Presolve time: 0.52s
[2025-01-29 10:16:20,676][gurobipy][INFO] - Presolved: 79046 rows, 1779 columns, 238851 nonzeros
[2025-01-29 10:16:20,728][gurobipy][INFO] - Variable types: 1719 continuous, 60 integer (60 binary)
[2025-01-29 10:16:20,803][gurobipy][INFO] - Root relaxation presolved: 1779 rows, 80825 columns, 240630 nonzeros
[2025-01-29 10:16:20,803][gurobipy][INFO] - 
[2025-01-29 10:16:21,606][gurobipy][INFO] - 
[2025-01-29 10:16:21,606][gurobipy][INFO] - Root relaxation: objective 1.000000e+00, 1772 iterations, 0.88 seconds (3.27 work units)
[2025-01-29 10:16:21,613][gurobipy][INFO] - 
[2025-01-29 10:16:21,613][gurobipy][INFO] -     Nodes    |    Current Node    |     Objective Bounds      |     Work
[2025-01-29 10:16:21,613][gurobipy][INFO] -  Expl Unexpl |  Obj  Depth IntInf | Incumbent    BestBd   Gap | It/Node Time
[2025-01-29 10:16:21,613][gurobipy][INFO] - 
[2025-01-29 10:16:21,613][gurobipy][INFO] -      0     0    1.00000    0    2   -0.00000    1.00000      -     -    1s
[2025-01-29 10:16:21,626][gurobipy][INFO] - H    0     0                       0.0037756    1.00000      -     -    1s
[2025-01-29 10:16:21,660][gurobipy][INFO] - H    0     0                       0.0038459    1.00000      -     -    1s
[2025-01-29 10:16:24,323][gurobipy][INFO] -      0     0    1.00000    0   60    0.00385    1.00000      -     -    4s
[2025-01-29 10:16:24,777][gurobipy][INFO] - H    0     0                       0.0516006    1.00000  1838%     -    4s
[2025-01-29 10:16:33,973][gurobipy][INFO] -      0     0    1.00000    0   11    0.05160    1.00000  1838%     -   13s
[2025-01-29 10:16:34,168][gurobipy][INFO] - H    0     0                       0.0738220    1.00000  1255%     -   14s
[2025-01-29 10:16:34,206][gurobipy][INFO] - H    0     0                       0.1357612    1.00000   637%     -   14s
[2025-01-29 10:16:38,033][gurobipy][INFO] -      0     0    1.00000    0    2    0.13576    1.00000   637%     -   17s
[2025-01-29 10:16:41,529][gurobipy][INFO] -      0     0    1.00000    0    2    0.13576    1.00000   637%     -   21s
[2025-01-29 10:16:42,379][gurobipy][INFO] -      0     0    1.00000    0    1    0.13576    1.00000   637%     -   22s
[2025-01-29 10:16:42,700][gurobipy][INFO] -      0     0    1.00000    0   21    0.13576    1.00000   637%     -   22s
[2025-01-29 10:16:48,087][gurobipy][INFO] -      0     0    1.00000    0    2    0.13576    1.00000   637%     -   27s
[2025-01-29 10:16:48,519][gurobipy][INFO] -      0     0    1.00000    0   18    0.13576    1.00000   637%     -   28s
[2025-01-29 10:16:51,266][gurobipy][INFO] -      0     0    1.00000    0    9    0.13576    1.00000   637%     -   31s
[2025-01-29 10:16:52,930][gurobipy][INFO] -      0     2    1.00000    0    9    0.13576    1.00000   637%     -   32s
[2025-01-29 10:16:55,477][gurobipy][INFO] -     15     2    1.00000    8    3    0.13576    1.00000   637%  83.7   35s
[2025-01-29 10:17:05,731][gurobipy][INFO] -     25    10    0.96552   12   38    0.13576    1.00000   637%   603   45s
[2025-01-29 10:17:10,769][gurobipy][INFO] -     64    14    0.96000   16   33    0.13576    0.96152   608%   414   50s
[2025-01-29 10:17:15,233][gurobipy][INFO] -    175    14    0.94118   24   25    0.13576    0.94438   596%   188   55s
[2025-01-29 10:17:19,669][gurobipy][INFO] - H  285    16                       0.1415468    0.90909   542%   139   59s
[2025-01-29 10:17:20,696][gurobipy][INFO] -    300    22    0.89492   32   17    0.14155    0.90250   538%   134   60s
[2025-01-29 10:17:21,986][gurobipy][INFO] - H  322    27                       0.1435362    0.89488   523%   132   61s
[2025-01-29 10:17:24,315][gurobipy][INFO] - H  394    33                       0.1976378    0.85564   333%   128   64s
[2025-01-29 10:17:33,689][gurobipy][INFO] - H  442    10                       0.2268181    0.84073   271%   118   73s
[2025-01-29 10:17:36,174][gurobipy][INFO] -    466    14    0.76856   39   12    0.22682    0.78876   248%   121   76s
[2025-01-29 10:17:39,958][gurobipy][INFO] - H  517    21                       0.2880482    0.70162   144%   128   79s
[2025-01-29 10:17:39,961][gurobipy][INFO] - H  527    21                       0.2896788    0.66824   131%   132   79s
[2025-01-29 10:17:40,640][gurobipy][INFO] -    538    29    0.63805   43    6    0.28968    0.66824   131%   133   80s
[2025-01-29 10:17:43,830][gurobipy][INFO] - 
[2025-01-29 10:17:43,830][gurobipy][INFO] - Cutting planes:
[2025-01-29 10:17:43,830][gurobipy][INFO] -   Cover: 3
[2025-01-29 10:17:43,830][gurobipy][INFO] -   MIR: 5
[2025-01-29 10:17:43,830][gurobipy][INFO] -   RLT: 1
[2025-01-29 10:17:43,833][gurobipy][INFO] - 
[2025-01-29 10:17:43,833][gurobipy][INFO] - Explored 668 nodes (122190 simplex iterations) in 83.70 seconds (232.53 work units)
[2025-01-29 10:17:43,833][gurobipy][INFO] - Thread count was 32 (of 128 available processors)
[2025-01-29 10:17:43,833][gurobipy][INFO] - 
[2025-01-29 10:17:43,833][gurobipy][INFO] - Solution count 10: 0.289679 0.288048 0.226818 ... 0.00384586
[2025-01-29 10:17:43,833][gurobipy][INFO] - No other solutions better than 0.289679
[2025-01-29 10:17:43,833][gurobipy][INFO] - 
[2025-01-29 10:17:43,833][gurobipy][INFO] - Optimal solution found (tolerance 1.00e-04)
[2025-01-29 10:17:43,834][gurobipy][INFO] - Best objective 2.896787796823e-01, best bound 2.896787796823e-01, gap 0.0000%
[2025-01-29 10:17:43,956][__main__][INFO] - Finished size 2583 (2/5)
[2025-01-29 10:18:02,563][gurobipy][INFO] - Set parameter TimeLimit to value 600
[2025-01-29 10:18:02,610][gurobipy][INFO] - Gurobi Optimizer version 11.0.2 build v11.0.2rc0 (linux64)
[2025-01-29 10:18:02,610][gurobipy][INFO] - 
[2025-01-29 10:18:02,622][gurobipy][INFO] - CPU model: AMD EPYC 7543 32-Core Processor, instruction set [SSE2|AVX|AVX2]
[2025-01-29 10:18:02,622][gurobipy][INFO] - Thread count: 64 physical cores, 128 logical processors, using up to 32 threads
[2025-01-29 10:18:02,622][gurobipy][INFO] - 
[2025-01-29 10:18:02,622][gurobipy][INFO] - Optimize a model with 230673 rows, 3562 columns and 597649 nonzeros
[2025-01-29 10:18:02,627][gurobipy][INFO] - Model fingerprint: 0x7b435b5d
[2025-01-29 10:18:02,627][gurobipy][INFO] - Variable types: 3496 continuous, 66 integer (66 binary)
[2025-01-29 10:18:02,627][gurobipy][INFO] - Coefficient statistics:
[2025-01-29 10:18:02,628][gurobipy][INFO] -   Matrix range     [2e-04, 2e+00]
[2025-01-29 10:18:02,628][gurobipy][INFO] -   Objective range  [1e+00, 1e+00]
[2025-01-29 10:18:02,628][gurobipy][INFO] -   Bounds range     [1e+00, 1e+00]
[2025-01-29 10:18:02,628][gurobipy][INFO] -   RHS range        [1e+00, 1e+01]
[2025-01-29 10:18:02,660][gurobipy][INFO] - Found heuristic solution: objective -0.0000000
[2025-01-29 10:18:03,759][gurobipy][INFO] - Presolve removed 62896 rows and 4 columns
[2025-01-29 10:18:03,759][gurobipy][INFO] - Presolve time: 1.10s
[2025-01-29 10:18:03,759][gurobipy][INFO] - Presolved: 167777 rows, 3558 columns, 506821 nonzeros
[2025-01-29 10:18:03,868][gurobipy][INFO] - Variable types: 3496 continuous, 62 integer (62 binary)
[2025-01-29 10:18:04,031][gurobipy][INFO] - Root relaxation presolved: 3558 rows, 171335 columns, 510379 nonzeros
[2025-01-29 10:18:04,031][gurobipy][INFO] - 
[2025-01-29 10:18:04,095][gurobipy][INFO] - 
[2025-01-29 10:18:04,095][gurobipy][INFO] - Root relaxation: objective 1.000000e+00, 750 iterations, 0.22 seconds (0.44 work units)
[2025-01-29 10:18:04,105][gurobipy][INFO] - 
[2025-01-29 10:18:04,105][gurobipy][INFO] -     Nodes    |    Current Node    |     Objective Bounds      |     Work
[2025-01-29 10:18:04,105][gurobipy][INFO] -  Expl Unexpl |  Obj  Depth IntInf | Incumbent    BestBd   Gap | It/Node Time
[2025-01-29 10:18:04,105][gurobipy][INFO] - 
[2025-01-29 10:18:04,105][gurobipy][INFO] -      0     0    1.00000    0    1   -0.00000    1.00000      -     -    1s
[2025-01-29 10:18:04,112][gurobipy][INFO] - H    0     0                       0.0383603    1.00000  2507%     -    1s
[2025-01-29 10:18:04,264][gurobipy][INFO] - H    0     0                       0.0404250    1.00000  2374%     -    1s
[2025-01-29 10:18:04,598][gurobipy][INFO] -      0     0    1.00000    0    4    0.04042    1.00000  2374%     -    1s
[2025-01-29 10:18:04,854][gurobipy][INFO] - H    0     0                       0.0638854    1.00000  1465%     -    2s
[2025-01-29 10:18:04,995][gurobipy][INFO] -      0     0    1.00000    0    4    0.06389    1.00000  1465%     -    2s
[2025-01-29 10:18:05,301][gurobipy][INFO] -      0     0    1.00000    0    3    0.06389    1.00000  1465%     -    2s
[2025-01-29 10:18:05,669][gurobipy][INFO] - H    0     0                       0.0672761    1.00000  1386%     -    3s
[2025-01-29 10:18:05,704][gurobipy][INFO] -      0     0    1.00000    0    3    0.06728    1.00000  1386%     -    3s
[2025-01-29 10:18:06,165][gurobipy][INFO] -      0     0    1.00000    0    5    0.06728    1.00000  1386%     -    3s
[2025-01-29 10:18:06,481][gurobipy][INFO] -      0     0    1.00000    0    5    0.06728    1.00000  1386%     -    3s
[2025-01-29 10:18:06,858][gurobipy][INFO] - H    0     0                       0.0952471    1.00000   950%     -    4s
[2025-01-29 10:18:07,037][gurobipy][INFO] -      0     0    1.00000    0    5    0.09525    1.00000   950%     -    4s
[2025-01-29 10:18:17,382][gurobipy][INFO] -      0     0    1.00000    0   56    0.09525    1.00000   950%     -   14s
[2025-01-29 10:18:18,080][gurobipy][INFO] -      0     0    1.00000    0   23    0.09525    1.00000   950%     -   15s
[2025-01-29 10:18:18,127][gurobipy][INFO] - H    0     0                       0.1119901    1.00000   793%     -   15s
[2025-01-29 10:18:21,762][gurobipy][INFO] -      0     0    1.00000    0   28    0.11199    1.00000   793%     -   19s
[2025-01-29 10:18:24,455][gurobipy][INFO] -      0     0    1.00000    0    7    0.11199    1.00000   793%     -   21s
[2025-01-29 10:18:24,499][gurobipy][INFO] - H    0     0                       0.1175938    1.00000   750%     -   21s
[2025-01-29 10:18:24,603][gurobipy][INFO] - H    0     0                       0.1411670    1.00000   608%     -   21s
[2025-01-29 10:18:25,656][gurobipy][INFO] -      0     0    1.00000    0   22    0.14117    1.00000   608%     -   23s
[2025-01-29 10:18:25,962][gurobipy][INFO] -      0     0    1.00000    0   19    0.14117    1.00000   608%     -   23s
[2025-01-29 10:18:26,719][gurobipy][INFO] -      0     0    1.00000    0   19    0.14117    1.00000   608%     -   24s
[2025-01-29 10:18:32,666][gurobipy][INFO] - H    0     0                       0.1966130    0.70529   259%     -   30s
[2025-01-29 10:18:32,669][gurobipy][INFO] - H    0     0                       0.2541261    0.70529   178%     -   30s
[2025-01-29 10:18:32,684][gurobipy][INFO] -      0     0    0.70529    0    6    0.25413    0.70529   178%     -   30s
[2025-01-29 10:18:33,763][gurobipy][INFO] -      0     0    0.62354    0    5    0.25413    0.62354   145%     -   31s
[2025-01-29 10:18:35,103][gurobipy][INFO] -      0     0    0.54885    0    7    0.25413    0.54885   116%     -   32s
[2025-01-29 10:18:35,490][gurobipy][INFO] -      0     0    0.48526    0    6    0.25413    0.48526  91.0%     -   32s
[2025-01-29 10:18:35,816][gurobipy][INFO] -      0     0    0.48507    0    5    0.25413    0.48507  90.9%     -   33s
[2025-01-29 10:18:36,510][gurobipy][INFO] -      0     0    0.46453    0    6    0.25413    0.46453  82.8%     -   33s
[2025-01-29 10:18:37,120][gurobipy][INFO] -      0     0    0.35473    0    6    0.25413    0.35473  39.6%     -   34s
[2025-01-29 10:18:37,532][gurobipy][INFO] -      0     0    0.29003    0   10    0.25413    0.29003  14.1%     -   34s
[2025-01-29 10:18:42,807][gurobipy][INFO] -      0     0    0.25413    0    5    0.25413    0.25413  0.00%     -   40s
[2025-01-29 10:18:42,807][gurobipy][INFO] - 
[2025-01-29 10:18:42,807][gurobipy][INFO] - Cutting planes:
[2025-01-29 10:18:42,807][gurobipy][INFO] -   Implied bound: 2
[2025-01-29 10:18:42,807][gurobipy][INFO] -   MIR: 157
[2025-01-29 10:18:42,807][gurobipy][INFO] -   RLT: 18
[2025-01-29 10:18:42,807][gurobipy][INFO] -   Relax-and-lift: 6
[2025-01-29 10:18:42,812][gurobipy][INFO] - 
[2025-01-29 10:18:42,812][gurobipy][INFO] - Explored 1 nodes (44767 simplex iterations) in 40.19 seconds (98.90 work units)
[2025-01-29 10:18:42,812][gurobipy][INFO] - Thread count was 32 (of 128 available processors)
[2025-01-29 10:18:42,812][gurobipy][INFO] - 
[2025-01-29 10:18:42,812][gurobipy][INFO] - Solution count 10: 0.254126 0.196613 0.141167 ... 0.0383603
[2025-01-29 10:18:42,812][gurobipy][INFO] - No other solutions better than 0.254126
[2025-01-29 10:18:42,812][gurobipy][INFO] - 
[2025-01-29 10:18:42,812][gurobipy][INFO] - Optimal solution found (tolerance 1.00e-04)
[2025-01-29 10:18:42,813][gurobipy][INFO] - Best objective 2.541261316952e-01, best bound 2.541261316952e-01, gap 0.0000%
[2025-01-29 10:18:42,985][__main__][INFO] - Finished size 6670 (3/5)
[2025-01-29 10:19:18,454][gurobipy][INFO] - Set parameter TimeLimit to value 600
[2025-01-29 10:19:18,561][gurobipy][INFO] - Gurobi Optimizer version 11.0.2 build v11.0.2rc0 (linux64)
[2025-01-29 10:19:18,561][gurobipy][INFO] - 
[2025-01-29 10:19:18,574][gurobipy][INFO] - CPU model: AMD EPYC 7543 32-Core Processor, instruction set [SSE2|AVX|AVX2]
[2025-01-29 10:19:18,574][gurobipy][INFO] - Thread count: 64 physical cores, 128 logical processors, using up to 32 threads
[2025-01-29 10:19:18,574][gurobipy][INFO] - 
[2025-01-29 10:19:18,574][gurobipy][INFO] - Optimize a model with 441345 rows, 6754 columns and 1143481 nonzeros
[2025-01-29 10:19:18,583][gurobipy][INFO] - Model fingerprint: 0x884bcb50
[2025-01-29 10:19:18,583][gurobipy][INFO] - Variable types: 6688 continuous, 66 integer (66 binary)
[2025-01-29 10:19:18,584][gurobipy][INFO] - Coefficient statistics:
[2025-01-29 10:19:18,584][gurobipy][INFO] -   Matrix range     [9e-05, 2e+00]
[2025-01-29 10:19:18,585][gurobipy][INFO] -   Objective range  [1e+00, 1e+00]
[2025-01-29 10:19:18,585][gurobipy][INFO] -   Bounds range     [1e+00, 1e+00]
[2025-01-29 10:19:18,585][gurobipy][INFO] -   RHS range        [1e+00, 1e+01]
[2025-01-29 10:19:18,648][gurobipy][INFO] - Found heuristic solution: objective 0.0000000
[2025-01-29 10:19:20,952][gurobipy][INFO] - Presolve removed 120346 rows and 4 columns
[2025-01-29 10:19:20,952][gurobipy][INFO] - Presolve time: 2.30s
[2025-01-29 10:19:20,952][gurobipy][INFO] - Presolved: 320999 rows, 6750 columns, 969679 nonzeros
[2025-01-29 10:19:21,160][gurobipy][INFO] - Variable types: 6688 continuous, 62 integer (62 binary)
[2025-01-29 10:19:21,491][gurobipy][INFO] - Root relaxation presolved: 6750 rows, 327749 columns, 976429 nonzeros
[2025-01-29 10:19:21,491][gurobipy][INFO] - 
[2025-01-29 10:19:21,755][gurobipy][INFO] - 
[2025-01-29 10:19:21,755][gurobipy][INFO] - Root relaxation: objective 1.000000e+00, 734 iterations, 0.59 seconds (1.33 work units)
[2025-01-29 10:19:21,822][gurobipy][INFO] - 
[2025-01-29 10:19:21,822][gurobipy][INFO] -     Nodes    |    Current Node    |     Objective Bounds      |     Work
[2025-01-29 10:19:21,822][gurobipy][INFO] -  Expl Unexpl |  Obj  Depth IntInf | Incumbent    BestBd   Gap | It/Node Time
[2025-01-29 10:19:21,822][gurobipy][INFO] - 
[2025-01-29 10:19:21,822][gurobipy][INFO] -      0     0    1.00000    0    4    0.00000    1.00000      -     -    3s
[2025-01-29 10:19:21,988][gurobipy][INFO] - H    0     0                       0.1215583    1.00000   723%     -    3s
[2025-01-29 10:19:22,137][gurobipy][INFO] - H    0     0                       0.1292437    1.00000   674%     -    3s
[2025-01-29 10:19:22,782][gurobipy][INFO] -      0     0    1.00000    0    2    0.12924    1.00000   674%     -    4s
[2025-01-29 10:19:48,915][gurobipy][INFO] -      0     0    1.00000    0   62    0.12924    1.00000   674%     -   30s
[2025-01-29 10:19:54,359][gurobipy][INFO] -      0     0    1.00000    0   23    0.12924    1.00000   674%     -   35s
[2025-01-29 10:19:58,038][gurobipy][INFO] -      0     0    1.00000    0    6    0.12924    1.00000   674%     -   39s
[2025-01-29 10:19:58,379][gurobipy][INFO] -      0     0    1.00000    0    6    0.12924    1.00000   674%     -   39s
[2025-01-29 10:19:59,312][gurobipy][INFO] -      0     0    1.00000    0   20    0.12924    1.00000   674%     -   40s
[2025-01-29 10:20:05,704][gurobipy][INFO] -      0     0    0.80860    0    1    0.12924    0.80860   526%     -   47s
[2025-01-29 10:20:08,963][gurobipy][INFO] -      0     0    0.65836    0    1    0.12924    0.65836   409%     -   50s
[2025-01-29 10:20:09,530][gurobipy][INFO] -      0     0    0.65778    0    9    0.12924    0.65778   409%     -   50s
[2025-01-29 10:20:13,337][gurobipy][INFO] - H    0     0                       0.1903608    0.29064  52.7%     -   54s
[2025-01-29 10:20:13,341][gurobipy][INFO] - H    0     0                       0.1909277    0.29064  52.2%     -   54s
[2025-01-29 10:20:13,355][gurobipy][INFO] -      0     0    0.29064    0    1    0.19093    0.29064  52.2%     -   54s
[2025-01-29 10:20:14,892][gurobipy][INFO] - H    0     0                       0.2508020    0.29064  15.9%     -   56s
[2025-01-29 10:20:14,893][gurobipy][INFO] -      0     0    0.25080    0   16    0.25080    0.25080  0.00%     -   56s
[2025-01-29 10:20:14,893][gurobipy][INFO] - 
[2025-01-29 10:20:14,893][gurobipy][INFO] - Cutting planes:
[2025-01-29 10:20:14,893][gurobipy][INFO] -   Cover: 2
[2025-01-29 10:20:14,893][gurobipy][INFO] -   Implied bound: 1
[2025-01-29 10:20:14,893][gurobipy][INFO] -   MIR: 5
[2025-01-29 10:20:14,893][gurobipy][INFO] -   Inf proof: 3
[2025-01-29 10:20:14,893][gurobipy][INFO] -   Relax-and-lift: 2
[2025-01-29 10:20:14,900][gurobipy][INFO] - 
[2025-01-29 10:20:14,900][gurobipy][INFO] - Explored 1 nodes (42996 simplex iterations) in 56.33 seconds (129.19 work units)
[2025-01-29 10:20:14,900][gurobipy][INFO] - Thread count was 32 (of 128 available processors)
[2025-01-29 10:20:14,900][gurobipy][INFO] - 
[2025-01-29 10:20:14,900][gurobipy][INFO] - Solution count 6: 0.250802 0.190928 0.190361 ... 1.40332e-13
[2025-01-29 10:20:14,900][gurobipy][INFO] - No other solutions better than 0.250802
[2025-01-29 10:20:14,900][gurobipy][INFO] - 
[2025-01-29 10:20:14,900][gurobipy][INFO] - Optimal solution found (tolerance 1.00e-04)
[2025-01-29 10:20:14,903][gurobipy][INFO] - Best objective 2.508019977464e-01, best bound 2.508019977464e-01, gap 0.0000%
[2025-01-29 10:20:15,208][__main__][INFO] - Finished size 17225 (4/5)
[2025-01-29 10:21:17,507][gurobipy][INFO] - Set parameter TimeLimit to value 600
[2025-01-29 10:21:17,673][gurobipy][INFO] - Gurobi Optimizer version 11.0.2 build v11.0.2rc0 (linux64)
[2025-01-29 10:21:17,673][gurobipy][INFO] - 
[2025-01-29 10:21:17,685][gurobipy][INFO] - CPU model: AMD EPYC 7543 32-Core Processor, instruction set [SSE2|AVX|AVX2]
[2025-01-29 10:21:17,685][gurobipy][INFO] - Thread count: 64 physical cores, 128 logical processors, using up to 32 threads
[2025-01-29 10:21:17,685][gurobipy][INFO] - 
[2025-01-29 10:21:17,685][gurobipy][INFO] - Optimize a model with 779925 rows, 11884 columns and 2020711 nonzeros
[2025-01-29 10:21:17,701][gurobipy][INFO] - Model fingerprint: 0xec465d3d
[2025-01-29 10:21:17,701][gurobipy][INFO] - Variable types: 11818 continuous, 66 integer (66 binary)
[2025-01-29 10:21:17,702][gurobipy][INFO] - Coefficient statistics:
[2025-01-29 10:21:17,702][gurobipy][INFO] -   Matrix range     [3e-05, 2e+00]
[2025-01-29 10:21:17,703][gurobipy][INFO] -   Objective range  [1e+00, 1e+00]
[2025-01-29 10:21:17,703][gurobipy][INFO] -   Bounds range     [1e+00, 1e+00]
[2025-01-29 10:21:17,703][gurobipy][INFO] -   RHS range        [1e+00, 1e+01]
[2025-01-29 10:21:17,815][gurobipy][INFO] - Found heuristic solution: objective 0.0000000
[2025-01-29 10:21:20,899][gurobipy][INFO] - Presolve removed 177254 rows and 1 columns
[2025-01-29 10:21:20,899][gurobipy][INFO] - Presolve time: 3.08s
[2025-01-29 10:21:20,899][gurobipy][INFO] - Presolved: 602671 rows, 11883 columns, 1819825 nonzeros
[2025-01-29 10:21:21,281][gurobipy][INFO] - Variable types: 11818 continuous, 65 integer (65 binary)
[2025-01-29 10:21:21,992][gurobipy][INFO] - Root relaxation presolved: 11883 rows, 614554 columns, 1831708 nonzeros
[2025-01-29 10:21:21,992][gurobipy][INFO] - 
[2025-01-29 10:21:21,993][gurobipy][INFO] - Deterministic concurrent LP optimizer: primal and dual simplex
[2025-01-29 10:21:21,993][gurobipy][INFO] - Showing primal log only...
[2025-01-29 10:21:21,993][gurobipy][INFO] - 
[2025-01-29 10:21:22,149][gurobipy][INFO] - Concurrent spin time: 0.01s
[2025-01-29 10:21:22,149][gurobipy][INFO] - 
[2025-01-29 10:21:22,149][gurobipy][INFO] - Solved with dual simplex
[2025-01-29 10:21:22,198][gurobipy][INFO] - 
[2025-01-29 10:21:22,198][gurobipy][INFO] - Root relaxation: objective 1.000000e+00, 64 iterations, 0.90 seconds (1.48 work units)
[2025-01-29 10:21:22,320][gurobipy][INFO] - 
[2025-01-29 10:21:22,320][gurobipy][INFO] -     Nodes    |    Current Node    |     Objective Bounds      |     Work
[2025-01-29 10:21:22,320][gurobipy][INFO] -  Expl Unexpl |  Obj  Depth IntInf | Incumbent    BestBd   Gap | It/Node Time
[2025-01-29 10:21:22,320][gurobipy][INFO] - 
[2025-01-29 10:21:22,320][gurobipy][INFO] -      0     0    1.00000    0    8    0.00000    1.00000      -     -    4s
[2025-01-29 10:21:22,437][gurobipy][INFO] - H    0     0                       0.0001300    1.00000      -     -    4s
[2025-01-29 10:21:22,690][gurobipy][INFO] - H    0     0                       0.0003622    1.00000      -     -    5s
[2025-01-29 10:21:23,814][gurobipy][INFO] -      0     0    1.00000    0    1    0.00036    1.00000      -     -    6s
[2025-01-29 10:21:24,913][gurobipy][INFO] - H    0     0                       0.0684497    1.00000  1361%     -    7s
[2025-01-29 10:22:02,286][gurobipy][INFO] -      0     0    1.00000    0   65    0.06845    1.00000  1361%     -   44s
[2025-01-29 10:22:17,536][gurobipy][INFO] -      0     0    1.00000    0   38    0.06845    1.00000  1361%     -   59s
[2025-01-29 10:22:43,913][gurobipy][INFO] -      0     0    1.00000    0   10    0.06845    1.00000  1361%     -   86s
[2025-01-29 10:22:48,333][gurobipy][INFO] - H    0     0                       0.0685454    1.00000  1359%     -   90s
[2025-01-29 10:22:49,072][gurobipy][INFO] -      0     0    1.00000    0   11    0.06855    1.00000  1359%     -   91s
[2025-01-29 10:22:53,904][gurobipy][INFO] - H    0     0                       0.1116924    1.00000   795%     -   96s
[2025-01-29 10:23:05,088][gurobipy][INFO] -      0     0    1.00000    0   26    0.11169    1.00000   795%     -  107s
[2025-01-29 10:23:06,900][gurobipy][INFO] -      0     0    1.00000    0   23    0.11169    1.00000   795%     -  109s
[2025-01-29 10:23:23,337][gurobipy][INFO] -      0     0    1.00000    0   21    0.11169    1.00000   795%     -  125s
[2025-01-29 10:23:24,905][gurobipy][INFO] -      0     0    1.00000    0   21    0.11169    1.00000   795%     -  127s
[2025-01-29 10:23:38,280][gurobipy][INFO] -      0     0    1.00000    0   19    0.11169    1.00000   795%     -  140s
[2025-01-29 10:23:40,259][gurobipy][INFO] -      0     0    1.00000    0   13    0.11169    1.00000   795%     -  142s
[2025-01-29 10:23:44,429][gurobipy][INFO] -      0     0    1.00000    0    1    0.11169    1.00000   795%     -  146s
[2025-01-29 10:23:47,393][gurobipy][INFO] -      0     0    1.00000    0   19    0.11169    1.00000   795%     -  149s
[2025-01-29 10:23:54,676][gurobipy][INFO] -      0     0    1.00000    0   17    0.11169    1.00000   795%     -  156s
[2025-01-29 10:23:59,156][gurobipy][INFO] - H    0     0                       0.1316717    1.00000   659%     -  161s
[2025-01-29 10:23:59,274][gurobipy][INFO] -      0     0    1.00000    0   17    0.13167    1.00000   659%     -  161s
[2025-01-29 10:24:05,347][gurobipy][INFO] -      0     0    1.00000    0   17    0.13167    1.00000   659%     -  167s
[2025-01-29 10:24:06,668][gurobipy][INFO] - H    0     0                       0.1331845    1.00000   651%     -  168s
[2025-01-29 10:24:13,850][gurobipy][INFO] -      0     0    1.00000    0   19    0.13318    1.00000   651%     -  176s
[2025-01-29 10:24:20,046][gurobipy][INFO] -      0     0    1.00000    0   19    0.13318    1.00000   651%     -  182s
[2025-01-29 10:24:27,290][gurobipy][INFO] -      0     0    1.00000    0   19    0.13318    1.00000   651%     -  189s
[2025-01-29 10:24:34,673][gurobipy][INFO] - H    0     0                       0.2061519    1.00000   385%     -  196s
[2025-01-29 10:24:34,850][gurobipy][INFO] - H    0     0                       0.2614980    1.00000   282%     -  197s
[2025-01-29 10:24:45,097][gurobipy][INFO] -      0     2    1.00000    0   19    0.26150    1.00000   282%     -  207s
[2025-01-29 10:24:50,213][gurobipy][INFO] -      1     2    1.00000    1   18    0.26150    1.00000   282%  4152  212s
[2025-01-29 10:24:55,469][gurobipy][INFO] -      3     2    1.00000    2   17    0.26150    1.00000   282%  2319  217s
[2025-01-29 10:25:00,391][gurobipy][INFO] -      7     2    1.00000    4   15    0.26150    1.00000   282%  1452  222s
[2025-01-29 10:25:02,786][gurobipy][INFO] -      9     2    1.00000    5   13    0.26150    1.00000   282%  1335  225s
[2025-01-29 10:25:09,232][gurobipy][INFO] -     13     2    1.00000    7   15    0.26150    1.00000   282%  1288  231s
[2025-01-29 10:25:20,883][gurobipy][INFO] -     17     2    1.00000    9   15    0.26150    1.00000   282%  1263  243s
[2025-01-29 10:25:26,880][gurobipy][INFO] -     19     2    1.00000   10   14    0.26150    1.00000   282%  1895  249s
[2025-01-29 10:25:32,021][gurobipy][INFO] -     21     2    1.00000   11   14    0.26150    1.00000   282%  1836  254s
[2025-01-29 10:25:36,091][gurobipy][INFO] -     23     4    1.00000   12   13    0.26150    1.00000   282%  1817  258s
[2025-01-29 10:25:46,540][gurobipy][INFO] -     25     6    1.00000   13   13    0.26150    1.00000   282%  2106  268s
[2025-01-29 10:25:54,197][gurobipy][INFO] -     29     8    1.00000   14   12    0.26150    1.00000   282%  2456  276s
[2025-01-29 10:26:07,896][gurobipy][INFO] -     35     6    1.00000   15    8    0.26150    1.00000   282%  3166  290s
[2025-01-29 10:26:20,379][gurobipy][INFO] -     49     0 infeasible   17         0.26150    0.98696   277%  3613  302s
[2025-01-29 10:26:20,423][gurobipy][INFO] - 
[2025-01-29 10:26:20,423][gurobipy][INFO] - Cutting planes:
[2025-01-29 10:26:20,423][gurobipy][INFO] -   Implied bound: 3
[2025-01-29 10:26:20,423][gurobipy][INFO] -   MIR: 9
[2025-01-29 10:26:20,423][gurobipy][INFO] -   RLT: 15
[2025-01-29 10:26:20,494][gurobipy][INFO] - 
[2025-01-29 10:26:20,494][gurobipy][INFO] - Explored 53 nodes (262351 simplex iterations) in 302.78 seconds (913.16 work units)
[2025-01-29 10:26:20,494][gurobipy][INFO] - Thread count was 32 (of 128 available processors)
[2025-01-29 10:26:20,494][gurobipy][INFO] - 
[2025-01-29 10:26:20,494][gurobipy][INFO] - Solution count 9: 0.261498 0.133184 0.131672 ... 5.44009e-14
[2025-01-29 10:26:20,494][gurobipy][INFO] - No other solutions better than 0.261498
[2025-01-29 10:26:20,494][gurobipy][INFO] - 
[2025-01-29 10:26:20,494][gurobipy][INFO] - Optimal solution found (tolerance 1.00e-04)
[2025-01-29 10:26:20,518][gurobipy][INFO] - Best objective 2.614980285357e-01, best bound 2.614980285357e-01, gap 0.0000%
[2025-01-29 10:26:20,995][__main__][INFO] - Finished size 44482 (5/5)
