[2025-01-29 10:35:48,905][gurobipy][INFO] - Set parameter TimeLimit to value 600
[2025-01-29 10:35:48,918][gurobipy][INFO] - Gurobi Optimizer version 11.0.2 build v11.0.2rc0 (linux64)
[2025-01-29 10:35:48,918][gurobipy][INFO] - 
[2025-01-29 10:35:48,931][gurobipy][INFO] - CPU model: AMD EPYC 7543 32-Core Processor, instruction set [SSE2|AVX|AVX2]
[2025-01-29 10:35:48,931][gurobipy][INFO] - Thread count: 64 physical cores, 128 logical processors, using up to 32 threads
[2025-01-29 10:35:48,931][gurobipy][INFO] - 
[2025-01-29 10:35:48,931][gurobipy][INFO] - Optimize a model with 49173 rows, 812 columns and 127399 nonzeros
[2025-01-29 10:35:48,932][gurobipy][INFO] - Model fingerprint: 0x55d7a577
[2025-01-29 10:35:48,932][gurobipy][INFO] - Variable types: 746 continuous, 66 integer (66 binary)
[2025-01-29 10:35:48,932][gurobipy][INFO] - Coefficient statistics:
[2025-01-29 10:35:48,932][gurobipy][INFO] -   Matrix range     [1e-03, 2e+00]
[2025-01-29 10:35:48,932][gurobipy][INFO] -   Objective range  [1e+00, 1e+00]
[2025-01-29 10:35:48,932][gurobipy][INFO] -   Bounds range     [1e+00, 1e+00]
[2025-01-29 10:35:48,932][gurobipy][INFO] -   RHS range        [1e+00, 1e+01]
[2025-01-29 10:35:48,939][gurobipy][INFO] - Found heuristic solution: objective 0.0000000
[2025-01-29 10:35:49,167][gurobipy][INFO] - Presolve removed 16367 rows and 8 columns
[2025-01-29 10:35:49,167][gurobipy][INFO] - Presolve time: 0.23s
[2025-01-29 10:35:49,167][gurobipy][INFO] - Presolved: 32806 rows, 804 columns, 99158 nonzeros
[2025-01-29 10:35:49,188][gurobipy][INFO] - Variable types: 746 continuous, 58 integer (58 binary)
[2025-01-29 10:35:49,217][gurobipy][INFO] - Root relaxation presolved: 804 rows, 33610 columns, 99962 nonzeros
[2025-01-29 10:35:49,217][gurobipy][INFO] - 
[2025-01-29 10:35:49,231][gurobipy][INFO] - 
[2025-01-29 10:35:49,231][gurobipy][INFO] - Root relaxation: objective 1.000000e+00, 393 iterations, 0.04 seconds (0.09 work units)
[2025-01-29 10:35:49,238][gurobipy][INFO] - 
[2025-01-29 10:35:49,238][gurobipy][INFO] -     Nodes    |    Current Node    |     Objective Bounds      |     Work
[2025-01-29 10:35:49,238][gurobipy][INFO] -  Expl Unexpl |  Obj  Depth IntInf | Incumbent    BestBd   Gap | It/Node Time
[2025-01-29 10:35:49,238][gurobipy][INFO] - 
[2025-01-29 10:35:49,238][gurobipy][INFO] -      0     0    1.00000    0    2    0.00000    1.00000      -     -    0s
[2025-01-29 10:35:49,243][gurobipy][INFO] - H    0     0                       0.0142421    1.00000  6921%     -    0s
[2025-01-29 10:35:49,478][gurobipy][INFO] -      0     0    1.00000    0   46    0.01424    1.00000  6921%     -    0s
[2025-01-29 10:35:49,552][gurobipy][INFO] - H    0     0                       0.1737179    1.00000   476%     -    0s
[2025-01-29 10:35:50,941][gurobipy][INFO] - H    0     0                       0.2071091    1.00000   383%     -    2s
[2025-01-29 10:35:50,947][gurobipy][INFO] -      0     0    1.00000    0    3    0.20711    1.00000   383%     -    2s
[2025-01-29 10:35:51,032][gurobipy][INFO] - H    0     0                       0.2193166    1.00000   356%     -    2s
[2025-01-29 10:35:51,159][gurobipy][INFO] -      0     0    1.00000    0    4    0.21932    1.00000   356%     -    2s
[2025-01-29 10:35:51,320][gurobipy][INFO] - H    0     0                       0.2472623    1.00000   304%     -    2s
[2025-01-29 10:35:52,899][gurobipy][INFO] - H    0     0                       0.2601281    0.96770   272%     -    3s
[2025-01-29 10:35:52,900][gurobipy][INFO] - H    0     0                       0.2695231    0.96770   259%     -    3s
[2025-01-29 10:35:52,900][gurobipy][INFO] - H    0     0                       0.2827479    0.96770   242%     -    3s
[2025-01-29 10:35:52,901][gurobipy][INFO] -      0     0    0.28275    0    3    0.28275    0.28275  0.00%     -    3s
[2025-01-29 10:35:52,903][gurobipy][INFO] - 
[2025-01-29 10:35:52,903][gurobipy][INFO] - Cutting planes:
[2025-01-29 10:35:52,903][gurobipy][INFO] -   Cover: 1
[2025-01-29 10:35:52,903][gurobipy][INFO] -   MIR: 5
[2025-01-29 10:35:52,904][gurobipy][INFO] - 
[2025-01-29 10:35:52,904][gurobipy][INFO] - Explored 1 nodes (7571 simplex iterations) in 3.97 seconds (8.45 work units)
[2025-01-29 10:35:52,904][gurobipy][INFO] - Thread count was 32 (of 128 available processors)
[2025-01-29 10:35:52,904][gurobipy][INFO] - 
[2025-01-29 10:35:52,904][gurobipy][INFO] - Solution count 9: 0.282748 0.269523 0.260128 ... 2.77556e-14
[2025-01-29 10:35:52,904][gurobipy][INFO] - No other solutions better than 0.282748
[2025-01-29 10:35:52,904][gurobipy][INFO] - 
[2025-01-29 10:35:52,904][gurobipy][INFO] - Optimal solution found (tolerance 1.00e-04)
[2025-01-29 10:35:52,905][gurobipy][INFO] - Best objective 2.827478906110e-01, best bound 2.827478906110e-01, gap 0.0000%
[2025-01-29 10:35:52,936][__main__][INFO] - Finished size 1000 (1/5)
[2025-01-29 10:36:04,744][gurobipy][INFO] - Set parameter TimeLimit to value 600
[2025-01-29 10:36:04,775][gurobipy][INFO] - Gurobi Optimizer version 11.0.2 build v11.0.2rc0 (linux64)
[2025-01-29 10:36:04,775][gurobipy][INFO] - 
[2025-01-29 10:36:04,789][gurobipy][INFO] - CPU model: AMD EPYC 7543 32-Core Processor, instruction set [SSE2|AVX|AVX2]
[2025-01-29 10:36:04,789][gurobipy][INFO] - Thread count: 64 physical cores, 128 logical processors, using up to 32 threads
[2025-01-29 10:36:04,789][gurobipy][INFO] - 
[2025-01-29 10:36:04,789][gurobipy][INFO] - Optimize a model with 145929 rows, 2278 columns and 378085 nonzeros
[2025-01-29 10:36:04,792][gurobipy][INFO] - Model fingerprint: 0xbfa4fec8
[2025-01-29 10:36:04,792][gurobipy][INFO] - Variable types: 2212 continuous, 66 integer (66 binary)
[2025-01-29 10:36:04,792][gurobipy][INFO] - Coefficient statistics:
[2025-01-29 10:36:04,792][gurobipy][INFO] -   Matrix range     [3e-04, 2e+00]
[2025-01-29 10:36:04,792][gurobipy][INFO] -   Objective range  [1e+00, 1e+00]
[2025-01-29 10:36:04,792][gurobipy][INFO] -   Bounds range     [1e+00, 1e+00]
[2025-01-29 10:36:04,792][gurobipy][INFO] -   RHS range        [1e+00, 1e+01]
[2025-01-29 10:36:04,812][gurobipy][INFO] - Found heuristic solution: objective -0.0000000
[2025-01-29 10:36:05,494][gurobipy][INFO] - Presolve removed 37572 rows and 3 columns
[2025-01-29 10:36:05,494][gurobipy][INFO] - Presolve time: 0.68s
[2025-01-29 10:36:05,494][gurobipy][INFO] - Presolved: 108357 rows, 2275 columns, 327277 nonzeros
[2025-01-29 10:36:05,564][gurobipy][INFO] - Variable types: 2212 continuous, 63 integer (63 binary)
[2025-01-29 10:36:05,665][gurobipy][INFO] - Root relaxation presolved: 2275 rows, 110632 columns, 329552 nonzeros
[2025-01-29 10:36:05,665][gurobipy][INFO] - 
[2025-01-29 10:36:05,712][gurobipy][INFO] - 
[2025-01-29 10:36:05,712][gurobipy][INFO] - Root relaxation: objective 1.000000e+00, 146 iterations, 0.15 seconds (0.29 work units)
[2025-01-29 10:36:05,727][gurobipy][INFO] - 
[2025-01-29 10:36:05,728][gurobipy][INFO] -     Nodes    |    Current Node    |     Objective Bounds      |     Work
[2025-01-29 10:36:05,728][gurobipy][INFO] -  Expl Unexpl |  Obj  Depth IntInf | Incumbent    BestBd   Gap | It/Node Time
[2025-01-29 10:36:05,728][gurobipy][INFO] - 
[2025-01-29 10:36:05,728][gurobipy][INFO] -      0     0    1.00000    0    2   -0.00000    1.00000      -     -    0s
[2025-01-29 10:36:05,745][gurobipy][INFO] - H    0     0                       0.0012268    1.00000      -     -    0s
[2025-01-29 10:36:05,983][gurobipy][INFO] - H    0     0                       0.0284896    1.00000  3410%     -    1s
[2025-01-29 10:36:06,010][gurobipy][INFO] - H    0     0                       0.0772901    1.00000  1194%     -    1s
[2025-01-29 10:36:07,049][gurobipy][INFO] -      0     0    1.00000    0   61    0.07729    1.00000  1194%     -    2s
[2025-01-29 10:36:07,257][gurobipy][INFO] -      0     0    1.00000    0   30    0.07729    1.00000  1194%     -    2s
[2025-01-29 10:36:07,314][gurobipy][INFO] - H    0     0                       0.2427754    1.00000   312%     -    2s
[2025-01-29 10:36:07,599][gurobipy][INFO] -      0     0    1.00000    0   18    0.24278    1.00000   312%     -    2s
[2025-01-29 10:36:08,293][gurobipy][INFO] -      0     0    1.00000    0    9    0.24278    1.00000   312%     -    3s
[2025-01-29 10:36:08,482][gurobipy][INFO] - H    0     0                       0.4047165    1.00000   147%     -    3s
[2025-01-29 10:36:08,824][gurobipy][INFO] -      0     0    1.00000    0   14    0.40472    1.00000   147%     -    4s
[2025-01-29 10:36:09,039][gurobipy][INFO] -      0     0    1.00000    0   14    0.40472    1.00000   147%     -    4s
[2025-01-29 10:36:09,709][gurobipy][INFO] -      0     0    0.40472    0    5    0.40472    0.40472  0.00%     -    4s
[2025-01-29 10:36:09,710][gurobipy][INFO] - 
[2025-01-29 10:36:09,710][gurobipy][INFO] - Cutting planes:
[2025-01-29 10:36:09,710][gurobipy][INFO] -   Gomory: 1
[2025-01-29 10:36:09,710][gurobipy][INFO] -   MIR: 191
[2025-01-29 10:36:09,710][gurobipy][INFO] -   RLT: 39
[2025-01-29 10:36:09,712][gurobipy][INFO] - 
[2025-01-29 10:36:09,712][gurobipy][INFO] - Explored 1 nodes (6855 simplex iterations) in 4.92 seconds (8.35 work units)
[2025-01-29 10:36:09,712][gurobipy][INFO] - Thread count was 32 (of 128 available processors)
[2025-01-29 10:36:09,712][gurobipy][INFO] - 
[2025-01-29 10:36:09,712][gurobipy][INFO] - Solution count 6: 0.404716 0.242775 0.0772901 ... -0
[2025-01-29 10:36:09,712][gurobipy][INFO] - No other solutions better than 0.404716
[2025-01-29 10:36:09,712][gurobipy][INFO] - 
[2025-01-29 10:36:09,712][gurobipy][INFO] - Optimal solution found (tolerance 1.00e-04)
[2025-01-29 10:36:09,713][gurobipy][INFO] - Best objective 4.047164667397e-01, best bound 4.047164667397e-01, gap 0.0000%
[2025-01-29 10:36:09,805][__main__][INFO] - Finished size 3724 (2/5)
[2025-01-29 10:36:38,173][gurobipy][INFO] - Set parameter TimeLimit to value 600
[2025-01-29 10:36:38,246][gurobipy][INFO] - Gurobi Optimizer version 11.0.2 build v11.0.2rc0 (linux64)
[2025-01-29 10:36:38,246][gurobipy][INFO] - 
[2025-01-29 10:36:38,259][gurobipy][INFO] - CPU model: AMD EPYC 7543 32-Core Processor, instruction set [SSE2|AVX|AVX2]
[2025-01-29 10:36:38,259][gurobipy][INFO] - Thread count: 64 physical cores, 128 logical processors, using up to 32 threads
[2025-01-29 10:36:38,259][gurobipy][INFO] - 
[2025-01-29 10:36:38,259][gurobipy][INFO] - Optimize a model with 362409 rows, 5558 columns and 938965 nonzeros
[2025-01-29 10:36:38,266][gurobipy][INFO] - Model fingerprint: 0x0f645d54
[2025-01-29 10:36:38,266][gurobipy][INFO] - Variable types: 5492 continuous, 66 integer (66 binary)
[2025-01-29 10:36:38,267][gurobipy][INFO] - Coefficient statistics:
[2025-01-29 10:36:38,267][gurobipy][INFO] -   Matrix range     [7e-05, 2e+00]
[2025-01-29 10:36:38,267][gurobipy][INFO] -   Objective range  [1e+00, 1e+00]
[2025-01-29 10:36:38,267][gurobipy][INFO] -   Bounds range     [1e+00, 1e+00]
[2025-01-29 10:36:38,267][gurobipy][INFO] -   RHS range        [1e+00, 1e+01]
[2025-01-29 10:36:38,317][gurobipy][INFO] - Found heuristic solution: objective 0.0000000
[2025-01-29 10:36:40,156][gurobipy][INFO] - Presolve removed 82364 rows and 1 columns
[2025-01-29 10:36:40,157][gurobipy][INFO] - Presolve time: 1.84s
[2025-01-29 10:36:40,157][gurobipy][INFO] - Presolved: 280045 rows, 5557 columns, 845621 nonzeros
[2025-01-29 10:36:40,336][gurobipy][INFO] - Variable types: 5492 continuous, 65 integer (65 binary)
[2025-01-29 10:36:40,608][gurobipy][INFO] - Root relaxation presolved: 5557 rows, 285602 columns, 851178 nonzeros
[2025-01-29 10:36:40,608][gurobipy][INFO] - 
[2025-01-29 10:36:40,701][gurobipy][INFO] - 
[2025-01-29 10:36:40,701][gurobipy][INFO] - Root relaxation: objective 1.000000e+00, 306 iterations, 0.36 seconds (0.71 work units)
[2025-01-29 10:36:40,717][gurobipy][INFO] - 
[2025-01-29 10:36:40,717][gurobipy][INFO] -     Nodes    |    Current Node    |     Objective Bounds      |     Work
[2025-01-29 10:36:40,717][gurobipy][INFO] -  Expl Unexpl |  Obj  Depth IntInf | Incumbent    BestBd   Gap | It/Node Time
[2025-01-29 10:36:40,717][gurobipy][INFO] - 
[2025-01-29 10:36:40,717][gurobipy][INFO] -      0     0    1.00000    0    1    0.00000    1.00000      -     -    2s
[2025-01-29 10:36:40,729][gurobipy][INFO] - H    0     0                       0.0197196    1.00000  4971%     -    2s
[2025-01-29 10:36:40,861][gurobipy][INFO] - H    0     0                       0.0288861    1.00000  3362%     -    2s
[2025-01-29 10:36:46,972][gurobipy][INFO] -      0     0    1.00000    0   65    0.02889    1.00000  3362%     -    8s
[2025-01-29 10:36:48,376][gurobipy][INFO] -      0     0    1.00000    0   45    0.02889    1.00000  3362%     -   10s
[2025-01-29 10:36:48,526][gurobipy][INFO] - H    0     0                       0.0366727    1.00000  2627%     -   10s
[2025-01-29 10:36:53,658][gurobipy][INFO] -      0     0    1.00000    0    1    0.03667    1.00000  2627%     -   15s
[2025-01-29 10:36:53,672][gurobipy][INFO] - H    0     0                       0.0753133    1.00000  1228%     -   15s
[2025-01-29 10:36:58,909][gurobipy][INFO] -      0     0    1.00000    0   37    0.07531    1.00000  1228%     -   20s
[2025-01-29 10:37:00,269][gurobipy][INFO] -      0     0    1.00000    0   25    0.07531    1.00000  1228%     -   22s
[2025-01-29 10:37:00,766][gurobipy][INFO] - H    0     0                       0.2281634    1.00000   338%     -   22s
[2025-01-29 10:37:01,907][gurobipy][INFO] -      0     0    1.00000    0   21    0.22816    1.00000   338%     -   23s
[2025-01-29 10:37:02,368][gurobipy][INFO] -      0     0    1.00000    0   18    0.22816    1.00000   338%     -   24s
[2025-01-29 10:37:09,997][gurobipy][INFO] -      0     0    1.00000    0   16    0.22816    1.00000   338%     -   31s
[2025-01-29 10:37:10,474][gurobipy][INFO] - H    0     0                       0.2348268    1.00000   326%     -   32s
[2025-01-29 10:37:17,616][gurobipy][INFO] -      0     0    1.00000    0   18    0.23483    1.00000   326%     -   39s
[2025-01-29 10:37:18,350][gurobipy][INFO] -      0     0    1.00000    0   18    0.23483    1.00000   326%     -   40s
[2025-01-29 10:37:25,658][gurobipy][INFO] -      0     0    1.00000    0   20    0.23483    1.00000   326%     -   47s
[2025-01-29 10:37:27,042][gurobipy][INFO] -      0     0    1.00000    0   18    0.23483    1.00000   326%     -   48s
[2025-01-29 10:37:32,156][gurobipy][INFO] -      0     0    1.00000    0   23    0.23483    1.00000   326%     -   53s
[2025-01-29 10:37:33,599][gurobipy][INFO] -      0     0    1.00000    0   21    0.23483    1.00000   326%     -   55s
[2025-01-29 10:37:37,330][gurobipy][INFO] -      0     0    1.00000    0   21    0.23483    1.00000   326%     -   59s
[2025-01-29 10:37:41,611][gurobipy][INFO] -      0     0    1.00000    0   21    0.23483    1.00000   326%     -   63s
[2025-01-29 10:37:47,004][gurobipy][INFO] - H    0     0                       0.2440573    1.00000   310%     -   68s
[2025-01-29 10:37:54,946][gurobipy][INFO] -      0     2    1.00000    0   21    0.24406    1.00000   310%     -   76s
[2025-01-29 10:38:01,482][gurobipy][INFO] -     15     4    1.00000    8    9    0.24406    1.00000   310%   274   83s
[2025-01-29 10:38:03,514][gurobipy][INFO] -     17     6    1.00000    9   16    0.24406    1.00000   310%   746   85s
[2025-01-29 10:38:09,055][gurobipy][INFO] -     21     6    1.00000   10   15    0.24406    1.00000   310%  1289   90s
[2025-01-29 10:38:13,728][gurobipy][INFO] -     27     8    0.79697   11   16    0.24406    1.00000   310%  1223   95s
[2025-01-29 10:38:29,377][gurobipy][INFO] -     41    14    0.75364   13   14    0.24406    0.77016   216%  1186  111s
[2025-01-29 10:38:34,741][gurobipy][INFO] - H   63    20                       0.3349301    0.70828   111%   979  116s
[2025-01-29 10:38:38,971][gurobipy][INFO] -     92     6    0.46515   17   10    0.33493    0.61193  82.7%   827  120s
[2025-01-29 10:38:41,944][gurobipy][INFO] - 
[2025-01-29 10:38:41,944][gurobipy][INFO] - Cutting planes:
[2025-01-29 10:38:41,944][gurobipy][INFO] -   Implied bound: 1
[2025-01-29 10:38:41,944][gurobipy][INFO] -   MIR: 16
[2025-01-29 10:38:41,944][gurobipy][INFO] -   RLT: 6
[2025-01-29 10:38:41,952][gurobipy][INFO] - 
[2025-01-29 10:38:41,952][gurobipy][INFO] - Explored 120 nodes (120043 simplex iterations) in 123.69 seconds (374.40 work units)
[2025-01-29 10:38:41,952][gurobipy][INFO] - Thread count was 32 (of 128 available processors)
[2025-01-29 10:38:41,952][gurobipy][INFO] - 
[2025-01-29 10:38:41,952][gurobipy][INFO] - Solution count 9: 0.33493 0.244057 0.234827 ... 1.84963e-13
[2025-01-29 10:38:41,952][gurobipy][INFO] - No other solutions better than 0.33493
[2025-01-29 10:38:41,952][gurobipy][INFO] - 
[2025-01-29 10:38:41,953][gurobipy][INFO] - Optimal solution found (tolerance 1.00e-04)
[2025-01-29 10:38:41,955][gurobipy][INFO] - Best objective 3.349300878662e-01, best bound 3.349300878662e-01, gap 0.0000%
[2025-01-29 10:38:42,240][__main__][INFO] - Finished size 13867 (3/5)
[2025-01-29 10:39:47,154][gurobipy][INFO] - Set parameter TimeLimit to value 600
[2025-01-29 10:39:47,346][gurobipy][INFO] - Gurobi Optimizer version 11.0.2 build v11.0.2rc0 (linux64)
[2025-01-29 10:39:47,346][gurobipy][INFO] - 
[2025-01-29 10:39:47,358][gurobipy][INFO] - CPU model: AMD EPYC 7543 32-Core Processor, instruction set [SSE2|AVX|AVX2]
[2025-01-29 10:39:47,358][gurobipy][INFO] - Thread count: 64 physical cores, 128 logical processors, using up to 32 threads
[2025-01-29 10:39:47,358][gurobipy][INFO] - 
[2025-01-29 10:39:47,358][gurobipy][INFO] - Optimize a model with 818271 rows, 12465 columns and 2120062 nonzeros
[2025-01-29 10:39:47,375][gurobipy][INFO] - Model fingerprint: 0x7b0e4894
[2025-01-29 10:39:47,375][gurobipy][INFO] - Variable types: 12399 continuous, 66 integer (66 binary)
[2025-01-29 10:39:47,376][gurobipy][INFO] - Coefficient statistics:
[2025-01-29 10:39:47,376][gurobipy][INFO] -   Matrix range     [2e-05, 2e+00]
[2025-01-29 10:39:47,376][gurobipy][INFO] -   Objective range  [1e+00, 1e+00]
[2025-01-29 10:39:47,376][gurobipy][INFO] -   Bounds range     [1e+00, 1e+00]
[2025-01-29 10:39:47,376][gurobipy][INFO] -   RHS range        [1e+00, 1e+01]
[2025-01-29 10:39:47,495][gurobipy][INFO] - Found heuristic solution: objective 0.0000000
[2025-01-29 10:39:50,677][gurobipy][INFO] - Presolve removed 185965 rows and 1 columns
[2025-01-29 10:39:50,678][gurobipy][INFO] - Presolve time: 3.18s
[2025-01-29 10:39:50,678][gurobipy][INFO] - Presolved: 632306 rows, 12464 columns, 1909311 nonzeros
[2025-01-29 10:39:51,078][gurobipy][INFO] - Variable types: 12399 continuous, 65 integer (65 binary)
[2025-01-29 10:39:51,832][gurobipy][INFO] - Root relaxation presolved: 12464 rows, 644770 columns, 1921775 nonzeros
[2025-01-29 10:39:51,832][gurobipy][INFO] - 
[2025-01-29 10:39:51,833][gurobipy][INFO] - Deterministic concurrent LP optimizer: primal and dual simplex
[2025-01-29 10:39:51,833][gurobipy][INFO] - Showing primal log only...
[2025-01-29 10:39:51,833][gurobipy][INFO] - 
[2025-01-29 10:39:51,985][gurobipy][INFO] - Concurrent spin time: 0.00s
[2025-01-29 10:39:51,985][gurobipy][INFO] - 
[2025-01-29 10:39:51,985][gurobipy][INFO] - Solved with dual simplex
[2025-01-29 10:39:52,037][gurobipy][INFO] - 
[2025-01-29 10:39:52,037][gurobipy][INFO] - Root relaxation: objective 1.000000e+00, 186 iterations, 0.94 seconds (1.60 work units)
[2025-01-29 10:39:52,137][gurobipy][INFO] - 
[2025-01-29 10:39:52,137][gurobipy][INFO] -     Nodes    |    Current Node    |     Objective Bounds      |     Work
[2025-01-29 10:39:52,137][gurobipy][INFO] -  Expl Unexpl |  Obj  Depth IntInf | Incumbent    BestBd   Gap | It/Node Time
[2025-01-29 10:39:52,137][gurobipy][INFO] - 
[2025-01-29 10:39:52,137][gurobipy][INFO] -      0     0    1.00000    0    2    0.00000    1.00000      -     -    4s
[2025-01-29 10:39:52,244][gurobipy][INFO] - H    0     0                       0.0015727    1.00000      -     -    4s
[2025-01-29 10:39:52,619][gurobipy][INFO] - H    0     0                       0.0045727    1.00000      -     -    5s
[2025-01-29 10:40:13,563][gurobipy][INFO] -      0     0    1.00000    0   65    0.00457    1.00000      -     -   26s
[2025-01-29 10:40:17,343][gurobipy][INFO] -      0     0    1.00000    0   61    0.00457    1.00000      -     -   29s
[2025-01-29 10:40:18,810][gurobipy][INFO] - H    0     0                       0.0235983    1.00000  4138%     -   31s
[2025-01-29 10:40:57,160][gurobipy][INFO] -      0     0    1.00000    0   60    0.02360    1.00000  4138%     -   69s
[2025-01-29 10:40:59,412][gurobipy][INFO] - H    0     0                       0.0342112    1.00000  2823%     -   72s
[2025-01-29 10:41:35,196][gurobipy][INFO] -      0     0    1.00000    0   59    0.03421    1.00000  2823%     -  107s
[2025-01-29 10:41:38,720][gurobipy][INFO] -      0     0    1.00000    0   59    0.03421    1.00000  2823%     -  111s
[2025-01-29 10:42:11,615][gurobipy][INFO] -      0     0    1.00000    0   58    0.03421    1.00000  2823%     -  144s
[2025-01-29 10:42:15,713][gurobipy][INFO] -      0     0    1.00000    0   58    0.03421    1.00000  2823%     -  148s
[2025-01-29 10:42:33,253][gurobipy][INFO] -      0     0    1.00000    0   58    0.03421    1.00000  2823%     -  165s
[2025-01-29 10:42:51,593][gurobipy][INFO] -      0     0    1.00000    0   58    0.03421    1.00000  2823%     -  184s
[2025-01-29 10:43:01,784][gurobipy][INFO] -      0     0    1.00000    0   58    0.03421    1.00000  2823%     -  194s
[2025-01-29 10:43:19,968][gurobipy][INFO] -      0     0    1.00000    0   58    0.03421    1.00000  2823%     -  212s
[2025-01-29 10:43:25,077][gurobipy][INFO] - H    0     0                       0.1531588    1.00000   553%     -  217s
[2025-01-29 10:44:56,335][gurobipy][INFO] -      0     2    1.00000    0   58    0.15316    1.00000   553%     -  308s
[2025-01-29 10:45:00,706][gurobipy][INFO] -      1     2    1.00000    1   57    0.15316    1.00000   553%  1259  313s
[2025-01-29 10:45:04,736][gurobipy][INFO] -      3     2    1.00000    2   56    0.15316    1.00000   553%   458  317s
[2025-01-29 10:45:08,854][gurobipy][INFO] -      5     2    1.00000    3   55    0.15316    1.00000   553%   312  321s
[2025-01-29 10:45:31,113][gurobipy][INFO] -      7     2    1.00000    4   41    0.15316    1.00000   553%   503  343s
[2025-01-29 10:45:34,604][gurobipy][INFO] -      9     2    1.00000    5   40    0.15316    1.00000   553%   415  347s
[2025-01-29 10:45:37,458][gurobipy][INFO] -     11     2    1.00000    6   39    0.15316    1.00000   553%   343  350s
[2025-01-29 10:45:57,430][gurobipy][INFO] -     15     2    1.00000    8   24    0.15316    1.00000   553%   417  370s
[2025-01-29 10:46:05,078][gurobipy][INFO] -     21     2    1.00000   11   42    0.15316    1.00000   553%   339  377s
[2025-01-29 10:46:07,882][gurobipy][INFO] -     25     2    1.00000   13   38    0.15316    1.00000   553%   289  380s
[2025-01-29 10:48:37,636][gurobipy][INFO] -     37     2    1.00000   19   37    0.15316    1.00000   553%  1083  530s
[2025-01-29 10:48:45,893][gurobipy][INFO] -     51     4    1.00000   26   28    0.15316    1.00000   553%   864  538s
[2025-01-29 10:48:52,638][gurobipy][INFO] -     53     5    1.00000   27   27    0.15316    1.00000   553%  1095  545s
[2025-01-29 10:49:47,366][gurobipy][INFO] -     62     6    0.18104   29   24    0.15316    1.00000   553%  1113  600s
[2025-01-29 10:49:47,389][gurobipy][INFO] - 
[2025-01-29 10:49:47,389][gurobipy][INFO] - Cutting planes:
[2025-01-29 10:49:47,389][gurobipy][INFO] -   Implied bound: 2
[2025-01-29 10:49:47,389][gurobipy][INFO] -   MIR: 6
[2025-01-29 10:49:47,390][gurobipy][INFO] -   RLT: 8
[2025-01-29 10:49:47,409][gurobipy][INFO] - 
[2025-01-29 10:49:47,409][gurobipy][INFO] - Explored 66 nodes (92083 simplex iterations) in 600.05 seconds (2204.77 work units)
[2025-01-29 10:49:47,409][gurobipy][INFO] - Thread count was 32 (of 128 available processors)
[2025-01-29 10:49:47,410][gurobipy][INFO] - 
[2025-01-29 10:49:47,410][gurobipy][INFO] - Solution count 6: 0.153159 0.0342112 0.0235983 ... 2.66676e-13
[2025-01-29 10:49:47,410][gurobipy][INFO] - 
[2025-01-29 10:49:47,410][gurobipy][INFO] - Time limit reached
[2025-01-29 10:49:47,417][gurobipy][INFO] - Best objective 1.531587784097e-01, best bound 1.000000000003e+00, gap 552.9172%
[2025-01-29 10:49:47,452][pyomo.core][WARNING] - Loading a SolverResults object with an 'aborted' status, but containing a solution
[2025-01-29 10:49:47,950][one_rule][INFO] - Solver did not find an optimal sollution
[2025-01-29 10:49:47,951][__main__][INFO] - Finished size 51636 (4/5)
[2025-01-29 10:52:07,156][gurobipy][INFO] - Set parameter TimeLimit to value 600
[2025-01-29 10:52:07,550][gurobipy][INFO] - Gurobi Optimizer version 11.0.2 build v11.0.2rc0 (linux64)
[2025-01-29 10:52:07,550][gurobipy][INFO] - 
[2025-01-29 10:52:07,563][gurobipy][INFO] - CPU model: AMD EPYC 7543 32-Core Processor, instruction set [SSE2|AVX|AVX2]
[2025-01-29 10:52:07,563][gurobipy][INFO] - Thread count: 64 physical cores, 128 logical processors, using up to 32 threads
[2025-01-29 10:52:07,563][gurobipy][INFO] - 
[2025-01-29 10:52:07,563][gurobipy][INFO] - Optimize a model with 1723131 rows, 26175 columns and 4464472 nonzeros
[2025-01-29 10:52:07,599][gurobipy][INFO] - Model fingerprint: 0x9f619b64
[2025-01-29 10:52:07,599][gurobipy][INFO] - Variable types: 26109 continuous, 66 integer (66 binary)
[2025-01-29 10:52:07,602][gurobipy][INFO] - Coefficient statistics:
[2025-01-29 10:52:07,602][gurobipy][INFO] -   Matrix range     [5e-06, 2e+00]
[2025-01-29 10:52:07,602][gurobipy][INFO] -   Objective range  [1e+00, 1e+00]
[2025-01-29 10:52:07,602][gurobipy][INFO] -   Bounds range     [1e+00, 1e+00]
[2025-01-29 10:52:07,602][gurobipy][INFO] -   RHS range        [1e+00, 1e+01]
[2025-01-29 10:52:07,975][gurobipy][INFO] - Found heuristic solution: objective 0.0000000
[2025-01-29 10:52:12,984][gurobipy][INFO] - Presolve removed 365512 rows and 0 columns (presolve time = 5s) ...
[2025-01-29 10:52:14,652][gurobipy][INFO] - Presolve removed 365512 rows and 0 columns
[2025-01-29 10:52:14,652][gurobipy][INFO] - Presolve time: 6.68s
[2025-01-29 10:52:14,652][gurobipy][INFO] - Presolved: 1357619 rows, 26175 columns, 4098960 nonzeros
[2025-01-29 10:52:15,525][gurobipy][INFO] - Variable types: 26109 continuous, 66 integer (66 binary)
[2025-01-29 10:52:17,296][gurobipy][INFO] - Root relaxation presolved: 26175 rows, 1383794 columns, 4125135 nonzeros
[2025-01-29 10:52:17,296][gurobipy][INFO] - 
[2025-01-29 10:52:17,298][gurobipy][INFO] - Deterministic concurrent LP optimizer: primal simplex, dual simplex, and barrier
[2025-01-29 10:52:17,298][gurobipy][INFO] - Showing barrier log only...
[2025-01-29 10:52:17,298][gurobipy][INFO] - 
[2025-01-29 10:52:17,880][gurobipy][INFO] - Concurrent spin time: 0.00s
[2025-01-29 10:52:17,880][gurobipy][INFO] - 
[2025-01-29 10:52:17,880][gurobipy][INFO] - Solved with primal simplex
[2025-01-29 10:52:17,995][gurobipy][INFO] - 
[2025-01-29 10:52:17,995][gurobipy][INFO] - Root simplex log...
[2025-01-29 10:52:17,995][gurobipy][INFO] - 
[2025-01-29 10:52:17,995][gurobipy][INFO] - Iteration    Objective       Primal Inf.    Dual Inf.      Time
[2025-01-29 10:52:17,995][gurobipy][INFO] -      918    1.0000000e+00   0.000000e+00   0.000000e+00     10s
[2025-01-29 10:52:17,995][gurobipy][INFO] - 
[2025-01-29 10:52:17,995][gurobipy][INFO] - Root relaxation: objective 1.000000e+00, 918 iterations, 2.43 seconds (3.98 work units)
[2025-01-29 10:52:18,090][gurobipy][INFO] - 
[2025-01-29 10:52:18,090][gurobipy][INFO] -     Nodes    |    Current Node    |     Objective Bounds      |     Work
[2025-01-29 10:52:18,090][gurobipy][INFO] -  Expl Unexpl |  Obj  Depth IntInf | Incumbent    BestBd   Gap | It/Node Time
[2025-01-29 10:52:18,090][gurobipy][INFO] - 
[2025-01-29 10:52:18,090][gurobipy][INFO] -      0     0    1.00000    0    1    0.00000    1.00000      -     -   10s
[2025-01-29 10:52:18,162][gurobipy][INFO] - H    0     0                       0.0082851    1.00000      -     -   10s
[2025-01-29 10:52:19,015][gurobipy][INFO] - H    0     0                       0.0299975    1.00000  3234%     -   11s
[2025-01-29 10:52:21,201][gurobipy][INFO] -      0     0    1.00000    0    2    0.03000    1.00000  3234%     -   13s
[2025-01-29 10:52:23,359][gurobipy][INFO] - H    0     0                       0.0330603    1.00000  2925%     -   15s
[2025-01-29 10:54:16,615][gurobipy][INFO] -      0     0    1.00000    0   66    0.03306    1.00000  2925%     -  129s
[2025-01-29 10:54:47,343][gurobipy][INFO] -      0     0    1.00000    0   42    0.03306    1.00000  2925%     -  159s
[2025-01-29 10:55:45,954][gurobipy][INFO] -      0     0    1.00000    0    1    0.03306    1.00000  2925%     -  218s
[2025-01-29 10:57:56,344][gurobipy][INFO] -      0     0    1.00000    0    2    0.03306    1.00000  2925%     -  348s
[2025-01-29 11:00:32,619][gurobipy][INFO] -      0     0    1.00000    0   50    0.03306    1.00000  2925%     -  505s
[2025-01-29 11:02:07,730][gurobipy][INFO] -      0     0    1.00000    0   49    0.03306    1.00000  2925%     -  600s
[2025-01-29 11:02:07,731][gurobipy][INFO] - 
[2025-01-29 11:02:07,731][gurobipy][INFO] - Cutting planes:
[2025-01-29 11:02:07,731][gurobipy][INFO] -   Gomory: 1
[2025-01-29 11:02:07,731][gurobipy][INFO] -   Implied bound: 1
[2025-01-29 11:02:07,731][gurobipy][INFO] -   MIR: 1
[2025-01-29 11:02:07,731][gurobipy][INFO] -   RLT: 4
[2025-01-29 11:02:07,762][gurobipy][INFO] - 
[2025-01-29 11:02:07,762][gurobipy][INFO] - Explored 1 nodes (19619 simplex iterations) in 600.20 seconds (761.85 work units)
[2025-01-29 11:02:07,762][gurobipy][INFO] - Thread count was 32 (of 128 available processors)
[2025-01-29 11:02:07,762][gurobipy][INFO] - 
[2025-01-29 11:02:07,762][gurobipy][INFO] - Solution count 4: 0.0330603 0.0299975 0.00828506 8.4599e-13 
[2025-01-29 11:02:07,762][gurobipy][INFO] - 
[2025-01-29 11:02:07,762][gurobipy][INFO] - Time limit reached
[2025-01-29 11:02:07,774][gurobipy][INFO] - Best objective 3.306030217460e-02, best bound 1.000000000005e+00, gap 2924.7757%
[2025-01-29 11:02:07,869][pyomo.core][WARNING] - Loading a SolverResults object with an 'aborted' status, but containing a solution
[2025-01-29 11:02:08,903][one_rule][INFO] - Solver did not find an optimal sollution
[2025-01-29 11:02:08,906][__main__][INFO] - Finished size 192278 (5/5)
