[2025-01-29 09:18:11,372][gurobipy][INFO] - Set parameter TimeLimit to value 600
[2025-01-29 09:18:11,374][gurobipy][INFO] - Gurobi Optimizer version 11.0.2 build v11.0.2rc0 (linux64)
[2025-01-29 09:18:11,374][gurobipy][INFO] - 
[2025-01-29 09:18:11,386][gurobipy][INFO] - CPU model: Intel(R) Xeon(R) Gold 6136 CPU @ 3.00GHz, instruction set [SSE2|AVX|AVX2|AVX512]
[2025-01-29 09:18:11,386][gurobipy][INFO] - Thread count: 24 physical cores, 48 logical processors, using up to 24 threads
[2025-01-29 09:18:11,386][gurobipy][INFO] - 
[2025-01-29 09:18:11,386][gurobipy][INFO] - Optimize a model with 6555 rows, 263 columns and 18022 nonzeros
[2025-01-29 09:18:11,387][gurobipy][INFO] - Model fingerprint: 0x468e2fa7
[2025-01-29 09:18:11,387][gurobipy][INFO] - Variable types: 235 continuous, 28 integer (28 binary)
[2025-01-29 09:18:11,387][gurobipy][INFO] - Coefficient statistics:
[2025-01-29 09:18:11,387][gurobipy][INFO] -   Matrix range     [2e-03, 2e+00]
[2025-01-29 09:18:11,387][gurobipy][INFO] -   Objective range  [1e+00, 1e+00]
[2025-01-29 09:18:11,387][gurobipy][INFO] -   Bounds range     [1e+00, 1e+00]
[2025-01-29 09:18:11,387][gurobipy][INFO] -   RHS range        [1e+00, 1e+01]
[2025-01-29 09:18:11,388][gurobipy][INFO] - Found heuristic solution: objective -0.0000000
[2025-01-29 09:18:11,420][gurobipy][INFO] - Presolve removed 3007 rows and 9 columns
[2025-01-29 09:18:11,420][gurobipy][INFO] - Presolve time: 0.03s
[2025-01-29 09:18:11,420][gurobipy][INFO] - Presolved: 3548 rows, 254 columns, 10873 nonzeros
[2025-01-29 09:18:11,423][gurobipy][INFO] - Variable types: 235 continuous, 19 integer (19 binary)
[2025-01-29 09:18:11,430][gurobipy][INFO] - 
[2025-01-29 09:18:11,430][gurobipy][INFO] - Root relaxation: objective 1.000000e+00, 161 iterations, 0.01 seconds (0.01 work units)
[2025-01-29 09:18:11,432][gurobipy][INFO] - 
[2025-01-29 09:18:11,432][gurobipy][INFO] -     Nodes    |    Current Node    |     Objective Bounds      |     Work
[2025-01-29 09:18:11,432][gurobipy][INFO] -  Expl Unexpl |  Obj  Depth IntInf | Incumbent    BestBd   Gap | It/Node Time
[2025-01-29 09:18:11,432][gurobipy][INFO] - 
[2025-01-29 09:18:11,432][gurobipy][INFO] -      0     0    1.00000    0    8   -0.00000    1.00000      -     -    0s
[2025-01-29 09:18:11,440][gurobipy][INFO] - H    0     0                       0.0594927    1.00000  1581%     -    0s
[2025-01-29 09:18:11,479][gurobipy][INFO] - H    0     0                       0.0886989    1.00000  1027%     -    0s
[2025-01-29 09:18:11,483][gurobipy][INFO] -      0     0    1.00000    0   14    0.08870    1.00000  1027%     -    0s
[2025-01-29 09:18:11,567][gurobipy][INFO] -      0     0    1.00000    0    6    0.08870    1.00000  1027%     -    0s
[2025-01-29 09:18:11,600][gurobipy][INFO] - H    0     0                       0.1038717    1.00000   863%     -    0s
[2025-01-29 09:18:11,601][gurobipy][INFO] -      0     0    1.00000    0   15    0.10387    1.00000   863%     -    0s
[2025-01-29 09:18:11,773][gurobipy][INFO] - H    0     0                       0.2098783    0.73038   248%     -    0s
[2025-01-29 09:18:11,773][gurobipy][INFO] -      0     0    0.20988    0   11    0.20988    0.20988  0.00%     -    0s
[2025-01-29 09:18:11,774][gurobipy][INFO] - 
[2025-01-29 09:18:11,774][gurobipy][INFO] - Cutting planes:
[2025-01-29 09:18:11,774][gurobipy][INFO] -   Implied bound: 2
[2025-01-29 09:18:11,774][gurobipy][INFO] -   MIR: 34
[2025-01-29 09:18:11,774][gurobipy][INFO] -   RLT: 8
[2025-01-29 09:18:11,774][gurobipy][INFO] - 
[2025-01-29 09:18:11,774][gurobipy][INFO] - Explored 1 nodes (1904 simplex iterations) in 0.39 seconds (0.43 work units)
[2025-01-29 09:18:11,774][gurobipy][INFO] - Thread count was 24 (of 48 available processors)
[2025-01-29 09:18:11,774][gurobipy][INFO] - 
[2025-01-29 09:18:11,774][gurobipy][INFO] - Solution count 5: 0.209878 0.103872 0.0886989 ... -0
[2025-01-29 09:18:11,774][gurobipy][INFO] - No other solutions better than 0.209878
[2025-01-29 09:18:11,774][gurobipy][INFO] - 
[2025-01-29 09:18:11,774][gurobipy][INFO] - Optimal solution found (tolerance 1.00e-04)
[2025-01-29 09:18:11,774][gurobipy][INFO] - Best objective 2.098783142901e-01, best bound 2.098783142901e-01, gap 0.0000%
[2025-01-29 09:18:11,781][__main__][INFO] - Finished size 1000 (1/5)
[2025-01-29 09:18:13,047][gurobipy][INFO] - Set parameter TimeLimit to value 600
[2025-01-29 09:18:13,050][gurobipy][INFO] - Gurobi Optimizer version 11.0.2 build v11.0.2rc0 (linux64)
[2025-01-29 09:18:13,051][gurobipy][INFO] - 
[2025-01-29 09:18:13,062][gurobipy][INFO] - CPU model: Intel(R) Xeon(R) Gold 6136 CPU @ 3.00GHz, instruction set [SSE2|AVX|AVX2|AVX512]
[2025-01-29 09:18:13,062][gurobipy][INFO] - Thread count: 24 physical cores, 48 logical processors, using up to 24 threads
[2025-01-29 09:18:13,062][gurobipy][INFO] - 
[2025-01-29 09:18:13,062][gurobipy][INFO] - Optimize a model with 10475 rows, 403 columns and 28802 nonzeros
[2025-01-29 09:18:13,063][gurobipy][INFO] - Model fingerprint: 0x39d3eefe
[2025-01-29 09:18:13,063][gurobipy][INFO] - Variable types: 375 continuous, 28 integer (28 binary)
[2025-01-29 09:18:13,063][gurobipy][INFO] - Coefficient statistics:
[2025-01-29 09:18:13,063][gurobipy][INFO] -   Matrix range     [5e-04, 2e+00]
[2025-01-29 09:18:13,063][gurobipy][INFO] -   Objective range  [1e+00, 1e+00]
[2025-01-29 09:18:13,063][gurobipy][INFO] -   Bounds range     [1e+00, 1e+00]
[2025-01-29 09:18:13,063][gurobipy][INFO] -   RHS range        [1e+00, 1e+01]
[2025-01-29 09:18:13,065][gurobipy][INFO] - Found heuristic solution: objective 0.0000000
[2025-01-29 09:18:13,122][gurobipy][INFO] - Presolve removed 3338 rows and 5 columns
[2025-01-29 09:18:13,122][gurobipy][INFO] - Presolve time: 0.06s
[2025-01-29 09:18:13,122][gurobipy][INFO] - Presolved: 7137 rows, 398 columns, 21780 nonzeros
[2025-01-29 09:18:13,127][gurobipy][INFO] - Variable types: 375 continuous, 23 integer (23 binary)
[2025-01-29 09:18:13,141][gurobipy][INFO] - 
[2025-01-29 09:18:13,141][gurobipy][INFO] - Root relaxation: objective 1.000000e+00, 208 iterations, 0.01 seconds (0.02 work units)
[2025-01-29 09:18:13,226][gurobipy][INFO] - 
[2025-01-29 09:18:13,226][gurobipy][INFO] -     Nodes    |    Current Node    |     Objective Bounds      |     Work
[2025-01-29 09:18:13,226][gurobipy][INFO] -  Expl Unexpl |  Obj  Depth IntInf | Incumbent    BestBd   Gap | It/Node Time
[2025-01-29 09:18:13,226][gurobipy][INFO] - 
[2025-01-29 09:18:13,226][gurobipy][INFO] -      0     0    1.00000    0    1    0.00000    1.00000      -     -    0s
[2025-01-29 09:18:13,278][gurobipy][INFO] -      0     0    1.00000    0   17    0.00000    1.00000      -     -    0s
[2025-01-29 09:18:13,305][gurobipy][INFO] - H    0     0                       0.1305501    1.00000   666%     -    0s
[2025-01-29 09:18:13,606][gurobipy][INFO] -      0     0    1.00000    0    2    0.13055    1.00000   666%     -    0s
[2025-01-29 09:18:13,636][gurobipy][INFO] - H    0     0                       0.1510715    1.00000   562%     -    0s
[2025-01-29 09:18:13,673][gurobipy][INFO] -      0     0    0.93750    0    8    0.15107    0.93750   521%     -    0s
[2025-01-29 09:18:13,717][gurobipy][INFO] -      0     0    0.92284    0    7    0.15107    0.92284   511%     -    0s
[2025-01-29 09:18:13,795][gurobipy][INFO] -      0     0    0.92152    0    7    0.15107    0.92152   510%     -    0s
[2025-01-29 09:18:13,826][gurobipy][INFO] - H    0     0                       0.1978490    0.92152   366%     -    0s
[2025-01-29 09:18:13,838][gurobipy][INFO] -      0     0    0.90857    0    7    0.19785    0.90857   359%     -    0s
[2025-01-29 09:18:13,872][gurobipy][INFO] -      0     0    0.90857    0    6    0.19785    0.90857   359%     -    0s
[2025-01-29 09:18:13,893][gurobipy][INFO] -      0     0    0.90857    0    6    0.19785    0.90857   359%     -    0s
[2025-01-29 09:18:13,931][gurobipy][INFO] -      0     0    0.76336    0    5    0.19785    0.76336   286%     -    0s
[2025-01-29 09:18:13,939][gurobipy][INFO] -      0     0    0.76336    0    5    0.19785    0.76336   286%     -    0s
[2025-01-29 09:18:14,021][gurobipy][INFO] -      0     2    0.76336    0    5    0.19785    0.76336   286%     -    0s
[2025-01-29 09:18:14,534][gurobipy][INFO] - 
[2025-01-29 09:18:14,534][gurobipy][INFO] - Cutting planes:
[2025-01-29 09:18:14,534][gurobipy][INFO] -   MIR: 13
[2025-01-29 09:18:14,534][gurobipy][INFO] - 
[2025-01-29 09:18:14,534][gurobipy][INFO] - Explored 66 nodes (8225 simplex iterations) in 1.47 seconds (2.19 work units)
[2025-01-29 09:18:14,535][gurobipy][INFO] - Thread count was 24 (of 48 available processors)
[2025-01-29 09:18:14,535][gurobipy][INFO] - 
[2025-01-29 09:18:14,535][gurobipy][INFO] - Solution count 4: 0.197849 0.151071 0.13055 5.55112e-15 
[2025-01-29 09:18:14,535][gurobipy][INFO] - No other solutions better than 0.197849
[2025-01-29 09:18:14,535][gurobipy][INFO] - 
[2025-01-29 09:18:14,535][gurobipy][INFO] - Optimal solution found (tolerance 1.00e-04)
[2025-01-29 09:18:14,535][gurobipy][INFO] - Best objective 1.978490399775e-01, best bound 1.978490399775e-01, gap 0.0000%
[2025-01-29 09:18:14,546][__main__][INFO] - Finished size 3741 (2/5)
[2025-01-29 09:18:16,217][gurobipy][INFO] - Set parameter TimeLimit to value 600
[2025-01-29 09:18:16,221][gurobipy][INFO] - Gurobi Optimizer version 11.0.2 build v11.0.2rc0 (linux64)
[2025-01-29 09:18:16,221][gurobipy][INFO] - 
[2025-01-29 09:18:16,233][gurobipy][INFO] - CPU model: Intel(R) Xeon(R) Gold 6136 CPU @ 3.00GHz, instruction set [SSE2|AVX|AVX2|AVX512]
[2025-01-29 09:18:16,233][gurobipy][INFO] - Thread count: 24 physical cores, 48 logical processors, using up to 24 threads
[2025-01-29 09:18:16,233][gurobipy][INFO] - 
[2025-01-29 09:18:16,233][gurobipy][INFO] - Optimize a model with 15935 rows, 598 columns and 43817 nonzeros
[2025-01-29 09:18:16,234][gurobipy][INFO] - Model fingerprint: 0xce11d474
[2025-01-29 09:18:16,234][gurobipy][INFO] - Variable types: 570 continuous, 28 integer (28 binary)
[2025-01-29 09:18:16,234][gurobipy][INFO] - Coefficient statistics:
[2025-01-29 09:18:16,234][gurobipy][INFO] -   Matrix range     [1e-04, 2e+00]
[2025-01-29 09:18:16,234][gurobipy][INFO] -   Objective range  [1e+00, 1e+00]
[2025-01-29 09:18:16,234][gurobipy][INFO] -   Bounds range     [1e+00, 1e+00]
[2025-01-29 09:18:16,234][gurobipy][INFO] -   RHS range        [1e+00, 1e+01]
[2025-01-29 09:18:16,237][gurobipy][INFO] - Found heuristic solution: objective -0.0000000
[2025-01-29 09:18:16,334][gurobipy][INFO] - Presolve removed 3407 rows and 2 columns
[2025-01-29 09:18:16,334][gurobipy][INFO] - Presolve time: 0.10s
[2025-01-29 09:18:16,334][gurobipy][INFO] - Presolved: 12528 rows, 596 columns, 38148 nonzeros
[2025-01-29 09:18:16,342][gurobipy][INFO] - Variable types: 570 continuous, 26 integer (26 binary)
[2025-01-29 09:18:16,357][gurobipy][INFO] - Root relaxation presolved: 12528 rows, 596 columns, 38148 nonzeros
[2025-01-29 09:18:16,357][gurobipy][INFO] - 
[2025-01-29 09:18:16,377][gurobipy][INFO] - 
[2025-01-29 09:18:16,377][gurobipy][INFO] - Root relaxation: objective 1.000000e+00, 273 iterations, 0.03 seconds (0.05 work units)
[2025-01-29 09:18:16,383][gurobipy][INFO] - 
[2025-01-29 09:18:16,383][gurobipy][INFO] -     Nodes    |    Current Node    |     Objective Bounds      |     Work
[2025-01-29 09:18:16,383][gurobipy][INFO] -  Expl Unexpl |  Obj  Depth IntInf | Incumbent    BestBd   Gap | It/Node Time
[2025-01-29 09:18:16,383][gurobipy][INFO] - 
[2025-01-29 09:18:16,383][gurobipy][INFO] -      0     0    1.00000    0    9   -0.00000    1.00000      -     -    0s
[2025-01-29 09:18:16,591][gurobipy][INFO] - H    0     0                       0.1967125    1.00000   408%     -    0s
[2025-01-29 09:18:16,615][gurobipy][INFO] -      0     0    1.00000    0   25    0.19671    1.00000   408%     -    0s
[2025-01-29 09:18:16,641][gurobipy][INFO] -      0     0    1.00000    0    9    0.19671    1.00000   408%     -    0s
[2025-01-29 09:18:16,847][gurobipy][INFO] -      0     0    0.98197    0   41    0.19671    0.98197   399%     -    0s
[2025-01-29 09:18:16,948][gurobipy][INFO] -      0     0    0.19671    0   41    0.19671    0.19671  0.00%     -    0s
[2025-01-29 09:18:16,949][gurobipy][INFO] - 
[2025-01-29 09:18:16,949][gurobipy][INFO] - Cutting planes:
[2025-01-29 09:18:16,949][gurobipy][INFO] -   Gomory: 4
[2025-01-29 09:18:16,949][gurobipy][INFO] -   Implied bound: 1
[2025-01-29 09:18:16,949][gurobipy][INFO] -   MIR: 60
[2025-01-29 09:18:16,949][gurobipy][INFO] -   RLT: 5
[2025-01-29 09:18:16,950][gurobipy][INFO] - 
[2025-01-29 09:18:16,950][gurobipy][INFO] - Explored 1 nodes (2900 simplex iterations) in 0.72 seconds (0.79 work units)
[2025-01-29 09:18:16,950][gurobipy][INFO] - Thread count was 24 (of 48 available processors)
[2025-01-29 09:18:16,950][gurobipy][INFO] - 
[2025-01-29 09:18:16,950][gurobipy][INFO] - Solution count 2: 0.196712 -0 
[2025-01-29 09:18:16,950][gurobipy][INFO] - No other solutions better than 0.196712
[2025-01-29 09:18:16,950][gurobipy][INFO] - 
[2025-01-29 09:18:16,950][gurobipy][INFO] - Optimal solution found (tolerance 1.00e-04)
[2025-01-29 09:18:16,950][gurobipy][INFO] - Best objective 1.967124528421e-01, best bound 1.967124528421e-01, gap 0.0000%
[2025-01-29 09:18:16,966][__main__][INFO] - Finished size 13989 (3/5)
[2025-01-29 09:18:19,448][gurobipy][INFO] - Set parameter TimeLimit to value 600
[2025-01-29 09:18:19,455][gurobipy][INFO] - Gurobi Optimizer version 11.0.2 build v11.0.2rc0 (linux64)
[2025-01-29 09:18:19,455][gurobipy][INFO] - 
[2025-01-29 09:18:19,466][gurobipy][INFO] - CPU model: Intel(R) Xeon(R) Gold 6136 CPU @ 3.00GHz, instruction set [SSE2|AVX|AVX2|AVX512]
[2025-01-29 09:18:19,466][gurobipy][INFO] - Thread count: 24 physical cores, 48 logical processors, using up to 24 threads
[2025-01-29 09:18:19,466][gurobipy][INFO] - 
[2025-01-29 09:18:19,466][gurobipy][INFO] - Optimize a model with 22683 rows, 839 columns and 62374 nonzeros
[2025-01-29 09:18:19,467][gurobipy][INFO] - Model fingerprint: 0x78351d2b
[2025-01-29 09:18:19,467][gurobipy][INFO] - Variable types: 811 continuous, 28 integer (28 binary)
[2025-01-29 09:18:19,467][gurobipy][INFO] - Coefficient statistics:
[2025-01-29 09:18:19,467][gurobipy][INFO] -   Matrix range     [3e-05, 2e+00]
[2025-01-29 09:18:19,467][gurobipy][INFO] -   Objective range  [1e+00, 1e+00]
[2025-01-29 09:18:19,467][gurobipy][INFO] -   Bounds range     [1e+00, 1e+00]
[2025-01-29 09:18:19,467][gurobipy][INFO] -   RHS range        [1e+00, 1e+01]
[2025-01-29 09:18:19,471][gurobipy][INFO] - Found heuristic solution: objective -0.0000000
[2025-01-29 09:18:19,621][gurobipy][INFO] - Presolve removed 4048 rows and 1 columns
[2025-01-29 09:18:19,621][gurobipy][INFO] - Presolve time: 0.15s
[2025-01-29 09:18:19,621][gurobipy][INFO] - Presolved: 18635 rows, 838 columns, 56710 nonzeros
[2025-01-29 09:18:19,633][gurobipy][INFO] - Variable types: 811 continuous, 27 integer (27 binary)
[2025-01-29 09:18:19,656][gurobipy][INFO] - Root relaxation presolved: 18635 rows, 838 columns, 56710 nonzeros
[2025-01-29 09:18:19,657][gurobipy][INFO] - 
[2025-01-29 09:18:19,682][gurobipy][INFO] - 
[2025-01-29 09:18:19,682][gurobipy][INFO] - Root relaxation: objective 1.000000e+00, 324 iterations, 0.05 seconds (0.07 work units)
[2025-01-29 09:18:19,690][gurobipy][INFO] - 
[2025-01-29 09:18:19,690][gurobipy][INFO] -     Nodes    |    Current Node    |     Objective Bounds      |     Work
[2025-01-29 09:18:19,690][gurobipy][INFO] -  Expl Unexpl |  Obj  Depth IntInf | Incumbent    BestBd   Gap | It/Node Time
[2025-01-29 09:18:19,690][gurobipy][INFO] - 
[2025-01-29 09:18:19,690][gurobipy][INFO] -      0     0    1.00000    0    7   -0.00000    1.00000      -     -    0s
[2025-01-29 09:18:19,890][gurobipy][INFO] - H    0     0                       0.0016043    1.00000      -     -    0s
[2025-01-29 09:18:19,916][gurobipy][INFO] -      0     0    1.00000    0   25    0.00160    1.00000      -     -    0s
[2025-01-29 09:18:20,012][gurobipy][INFO] - H    0     0                       0.0327146    1.00000  2957%     -    0s
[2025-01-29 09:18:20,018][gurobipy][INFO] -      0     0    1.00000    0   23    0.03271    1.00000  2957%     -    0s
[2025-01-29 09:18:21,557][gurobipy][INFO] - H    0     0                       0.0406388    1.00000  2361%     -    2s
[2025-01-29 09:18:21,558][gurobipy][INFO] - H    0     0                       0.0434461    1.00000  2202%     -    2s
[2025-01-29 09:18:21,559][gurobipy][INFO] - H    0     0                       0.0791069    1.00000  1164%     -    2s
[2025-01-29 09:18:21,559][gurobipy][INFO] - H    0     0                       0.1944183    0.88196   354%     -    2s
[2025-01-29 09:18:21,560][gurobipy][INFO] -      0     0    0.19442    0   15    0.19442    0.19442  0.00%     -    2s
[2025-01-29 09:18:21,560][gurobipy][INFO] - 
[2025-01-29 09:18:21,560][gurobipy][INFO] - Cutting planes:
[2025-01-29 09:18:21,561][gurobipy][INFO] -   Gomory: 2
[2025-01-29 09:18:21,561][gurobipy][INFO] -   MIR: 12
[2025-01-29 09:18:21,561][gurobipy][INFO] -   RLT: 3
[2025-01-29 09:18:21,561][gurobipy][INFO] - 
[2025-01-29 09:18:21,561][gurobipy][INFO] - Explored 1 nodes (4670 simplex iterations) in 2.09 seconds (3.20 work units)
[2025-01-29 09:18:21,561][gurobipy][INFO] - Thread count was 24 (of 48 available processors)
[2025-01-29 09:18:21,561][gurobipy][INFO] - 
[2025-01-29 09:18:21,561][gurobipy][INFO] - Solution count 7: 0.194418 0.0791069 0.0434461 ... -0
[2025-01-29 09:18:21,561][gurobipy][INFO] - No other solutions better than 0.194418
[2025-01-29 09:18:21,561][gurobipy][INFO] - 
[2025-01-29 09:18:21,561][gurobipy][INFO] - Optimal solution found (tolerance 1.00e-04)
[2025-01-29 09:18:21,562][gurobipy][INFO] - Best objective 1.944183284308e-01, best bound 1.944183284308e-01, gap 0.0000%
[2025-01-29 09:18:21,585][__main__][INFO] - Finished size 52317 (4/5)
[2025-01-29 09:18:26,263][gurobipy][INFO] - Set parameter TimeLimit to value 600
[2025-01-29 09:18:26,271][gurobipy][INFO] - Gurobi Optimizer version 11.0.2 build v11.0.2rc0 (linux64)
[2025-01-29 09:18:26,272][gurobipy][INFO] - 
[2025-01-29 09:18:26,283][gurobipy][INFO] - CPU model: Intel(R) Xeon(R) Gold 6136 CPU @ 3.00GHz, instruction set [SSE2|AVX|AVX2|AVX512]
[2025-01-29 09:18:26,283][gurobipy][INFO] - Thread count: 24 physical cores, 48 logical processors, using up to 24 threads
[2025-01-29 09:18:26,283][gurobipy][INFO] - 
[2025-01-29 09:18:26,283][gurobipy][INFO] - Optimize a model with 29319 rows, 1076 columns and 80623 nonzeros
[2025-01-29 09:18:26,284][gurobipy][INFO] - Model fingerprint: 0xdf29cd0d
[2025-01-29 09:18:26,284][gurobipy][INFO] - Variable types: 1048 continuous, 28 integer (28 binary)
[2025-01-29 09:18:26,284][gurobipy][INFO] - Coefficient statistics:
[2025-01-29 09:18:26,284][gurobipy][INFO] -   Matrix range     [9e-06, 2e+00]
[2025-01-29 09:18:26,284][gurobipy][INFO] -   Objective range  [1e+00, 1e+00]
[2025-01-29 09:18:26,284][gurobipy][INFO] -   Bounds range     [1e+00, 1e+00]
[2025-01-29 09:18:26,284][gurobipy][INFO] -   RHS range        [1e+00, 1e+01]
[2025-01-29 09:18:26,290][gurobipy][INFO] - Found heuristic solution: objective 0.0000000
[2025-01-29 09:18:26,431][gurobipy][INFO] - Presolve removed 4188 rows and 0 columns
[2025-01-29 09:18:26,432][gurobipy][INFO] - Presolve time: 0.14s
[2025-01-29 09:18:26,432][gurobipy][INFO] - Presolved: 25131 rows, 1076 columns, 76435 nonzeros
[2025-01-29 09:18:26,449][gurobipy][INFO] - Variable types: 1048 continuous, 28 integer (28 binary)
[2025-01-29 09:18:26,481][gurobipy][INFO] - Root relaxation presolved: 1076 rows, 26207 columns, 77511 nonzeros
[2025-01-29 09:18:26,481][gurobipy][INFO] - 
[2025-01-29 09:18:26,521][gurobipy][INFO] - 
[2025-01-29 09:18:26,521][gurobipy][INFO] - Root relaxation: objective 1.000000e+00, 1096 iterations, 0.07 seconds (0.11 work units)
[2025-01-29 09:18:26,526][gurobipy][INFO] - 
[2025-01-29 09:18:26,526][gurobipy][INFO] -     Nodes    |    Current Node    |     Objective Bounds      |     Work
[2025-01-29 09:18:26,526][gurobipy][INFO] -  Expl Unexpl |  Obj  Depth IntInf | Incumbent    BestBd   Gap | It/Node Time
[2025-01-29 09:18:26,526][gurobipy][INFO] - 
[2025-01-29 09:18:26,526][gurobipy][INFO] -      0     0    1.00000    0    1    0.00000    1.00000      -     -    0s
[2025-01-29 09:18:26,527][gurobipy][INFO] - H    0     0                       0.0000071    1.00000      -     -    0s
[2025-01-29 09:18:26,703][gurobipy][INFO] -      0     0    1.00000    0   18    0.00001    1.00000      -     -    0s
[2025-01-29 09:18:26,817][gurobipy][INFO] - H    0     0                       0.0838000    1.00000  1093%     -    0s
[2025-01-29 09:18:29,633][gurobipy][INFO] - H    0     0                       0.1938762    0.94400   387%     -    3s
[2025-01-29 09:18:29,810][gurobipy][INFO] -      0     0    0.94400    0   15    0.19388    0.94400   387%     -    3s
[2025-01-29 09:18:30,346][gurobipy][INFO] -      0     0    0.94400    0   20    0.19388    0.94400   387%     -    4s
[2025-01-29 09:18:30,655][gurobipy][INFO] -      0     0    0.19388    0   20    0.19388    0.19388  0.00%     -    4s
[2025-01-29 09:18:30,656][gurobipy][INFO] - 
[2025-01-29 09:18:30,656][gurobipy][INFO] - Cutting planes:
[2025-01-29 09:18:30,656][gurobipy][INFO] -   MIR: 4
[2025-01-29 09:18:30,656][gurobipy][INFO] - 
[2025-01-29 09:18:30,656][gurobipy][INFO] - Explored 1 nodes (8732 simplex iterations) in 4.37 seconds (6.73 work units)
[2025-01-29 09:18:30,656][gurobipy][INFO] - Thread count was 24 (of 48 available processors)
[2025-01-29 09:18:30,656][gurobipy][INFO] - 
[2025-01-29 09:18:30,657][gurobipy][INFO] - Solution count 4: 0.193876 0.0838 7.12679e-06 8.21565e-15 
[2025-01-29 09:18:30,657][gurobipy][INFO] - No other solutions better than 0.193876
[2025-01-29 09:18:30,657][gurobipy][INFO] - 
[2025-01-29 09:18:30,657][gurobipy][INFO] - Optimal solution found (tolerance 1.00e-04)
[2025-01-29 09:18:30,657][gurobipy][INFO] - Best objective 1.938762318093e-01, best bound 1.938762318093e-01, gap 0.0000%
[2025-01-29 09:18:30,688][__main__][INFO] - Finished size 195665 (5/5)
