[2025-01-29 13:50:49,775][__main__][INFO] - In total, there are 5772124799 possible subgroups
[2025-01-29 13:50:49,803][__main__][INFO] - [0], []
[2025-01-29 13:51:18,225][__main__][INFO] - [], [0]
[2025-01-29 13:51:45,298][__main__][INFO] - [1], []
[2025-01-29 13:51:47,655][__main__][INFO] - [2], []
[2025-01-29 13:52:10,326][__main__][INFO] - [3], []
[2025-01-29 13:52:11,560][__main__][INFO] - [4], []
[2025-01-29 13:52:14,670][__main__][INFO] - [5], []
[2025-01-29 13:52:15,728][__main__][INFO] - [6], []
[2025-01-29 13:52:15,883][__main__][INFO] - [7], []
[2025-01-29 13:52:15,945][__main__][INFO] - [8], []
[2025-01-29 13:52:15,989][__main__][INFO] - [9], []
[2025-01-29 13:52:16,008][__main__][INFO] - [10], []
[2025-01-29 13:52:16,776][__main__][INFO] - [11], []
[2025-01-29 13:52:18,075][__main__][INFO] - [12], []
[2025-01-29 13:52:19,413][__main__][INFO] - [13], []
[2025-01-29 13:52:20,838][__main__][INFO] - [14], []
[2025-01-29 13:52:22,381][__main__][INFO] - [15], []
[2025-01-29 13:52:24,343][__main__][INFO] - [16], []
[2025-01-29 13:52:26,163][__main__][INFO] - [17], []
[2025-01-29 13:52:27,870][__main__][INFO] - [18], []
[2025-01-29 13:52:28,805][__main__][INFO] - [19], []
[2025-01-29 13:52:29,301][__main__][INFO] - [20], []
[2025-01-29 13:52:59,416][__main__][INFO] - [21], []
[2025-01-29 13:53:02,288][__main__][INFO] - [22], []
[2025-01-29 13:53:07,411][__main__][INFO] - [23], []
[2025-01-29 13:53:07,936][__main__][INFO] - [24], []
[2025-01-29 13:53:08,029][__main__][INFO] - [25], []
[2025-01-29 13:53:08,077][__main__][INFO] - [26], []
[2025-01-29 13:53:26,902][__main__][INFO] - [], [26]
[2025-01-29 13:54:03,481][__main__][INFO] - [27], []
[2025-01-29 13:54:32,546][__main__][INFO] - [28], []
[2025-01-29 13:54:35,820][__main__][INFO] - [29], []
[2025-01-29 13:54:42,160][__main__][INFO] - [30], []
[2025-01-29 13:54:42,651][__main__][INFO] - [31], []
[2025-01-29 13:54:42,688][__main__][INFO] - [32], []
[2025-01-29 13:55:38,298][__main__][INFO] - [33], []
[2025-01-29 13:55:39,741][__main__][INFO] - [34], []
[2025-01-29 13:55:39,779][__main__][INFO] - [35], []
[2025-01-29 13:55:39,881][__main__][INFO] - [36], []
[2025-01-29 13:55:42,204][__main__][INFO] - [37], []
[2025-01-29 13:56:10,133][__main__][INFO] - [38], []
[2025-01-29 13:56:15,951][__main__][INFO] - [39], []
[2025-01-29 13:56:22,889][__main__][INFO] - [40], []
[2025-01-29 13:56:23,125][__main__][INFO] - [41], []
[2025-01-29 13:56:41,135][__main__][INFO] - [], [41]
[2025-01-29 13:57:20,392][__main__][INFO] - [42], []
[2025-01-29 13:57:22,873][__main__][INFO] - [], [42]
[2025-01-29 13:58:45,639][__main__][INFO] - [43], []
[2025-01-29 13:58:47,143][__main__][INFO] - [], [43]
[2025-01-29 14:00:09,838][__main__][INFO] - [44], []
[2025-01-30 00:19:13,052][__main__][INFO] - In total, there are 5772124799 possible subgroups
[2025-01-30 00:19:13,080][__main__][INFO] - [0], []
[2025-01-30 00:19:25,801][__main__][INFO] - [], [0]
[2025-01-30 00:19:38,075][__main__][INFO] - [1], []
[2025-01-30 00:19:39,204][__main__][INFO] - [2], []
[2025-01-30 00:19:49,924][__main__][INFO] - [3], []
[2025-01-30 00:19:50,516][__main__][INFO] - [4], []
[2025-01-30 00:19:52,035][__main__][INFO] - [5], []
[2025-01-30 00:19:52,557][__main__][INFO] - [6], []
[2025-01-30 00:19:52,647][__main__][INFO] - [7], []
[2025-01-30 00:19:52,687][__main__][INFO] - [8], []
[2025-01-30 00:19:52,719][__main__][INFO] - [9], []
[2025-01-30 00:19:52,736][__main__][INFO] - [10], []
[2025-01-30 00:19:53,215][__main__][INFO] - [11], []
[2025-01-30 00:19:53,952][__main__][INFO] - [12], []
[2025-01-30 00:19:54,722][__main__][INFO] - [13], []
[2025-01-30 00:19:55,510][__main__][INFO] - [14], []
[2025-01-30 00:19:56,348][__main__][INFO] - [15], []
[2025-01-30 00:19:57,366][__main__][INFO] - [16], []
[2025-01-30 00:19:58,317][__main__][INFO] - [17], []
[2025-01-30 00:19:59,183][__main__][INFO] - [18], []
[2025-01-30 00:19:59,664][__main__][INFO] - [19], []
[2025-01-30 00:19:59,927][__main__][INFO] - [20], []
[2025-01-30 00:20:14,432][__main__][INFO] - [21], []
[2025-01-30 00:20:15,826][__main__][INFO] - [22], []
[2025-01-30 00:20:18,230][__main__][INFO] - [23], []
[2025-01-30 00:20:18,488][__main__][INFO] - [24], []
[2025-01-30 00:20:18,543][__main__][INFO] - [25], []
[2025-01-30 00:20:18,574][__main__][INFO] - [26], []
[2025-01-30 00:20:26,926][__main__][INFO] - [], [26]
[2025-01-30 00:20:44,169][__main__][INFO] - [27], []
[2025-01-30 00:20:58,200][__main__][INFO] - [28], []
[2025-01-30 00:20:59,753][__main__][INFO] - [29], []
[2025-01-30 00:21:02,666][__main__][INFO] - [30], []
[2025-01-30 00:21:02,898][__main__][INFO] - [31], []
[2025-01-30 00:21:02,925][__main__][INFO] - [32], []
[2025-01-30 00:21:28,134][__main__][INFO] - [33], []
[2025-01-30 00:21:28,791][__main__][INFO] - [34], []
[2025-01-30 00:21:28,821][__main__][INFO] - [35], []
[2025-01-30 00:21:28,882][__main__][INFO] - [36], []
[2025-01-30 00:21:30,132][__main__][INFO] - [37], []
[2025-01-30 00:21:43,053][__main__][INFO] - [38], []
[2025-01-30 00:21:45,712][__main__][INFO] - [39], []
[2025-01-30 00:21:48,695][__main__][INFO] - [40], []
[2025-01-30 00:21:48,809][__main__][INFO] - [41], []
[2025-01-30 00:21:56,821][__main__][INFO] - [], [41]
[2025-01-30 00:22:14,398][__main__][INFO] - [42], []
[2025-01-30 00:22:15,352][__main__][INFO] - [], [42]
[2025-01-30 00:22:50,813][__main__][INFO] - [43], []
[2025-01-30 00:22:51,507][__main__][INFO] - [], [43]
[2025-01-30 00:23:29,095][__main__][INFO] - [44], []
[2025-01-30 00:24:00,097][__main__][INFO] - [45], []
[2025-01-30 00:24:01,552][__main__][INFO] - [46], []
[2025-01-30 00:24:01,707][__main__][INFO] - [47], []
[2025-01-30 00:24:30,832][__main__][INFO] - [48], []
[2025-01-30 00:24:32,955][__main__][INFO] - [49], []
[2025-01-30 00:24:33,031][__main__][INFO] - [50], []
[2025-01-30 00:24:33,745][__main__][INFO] - [51], []
[2025-01-30 00:24:34,239][__main__][INFO] - [52], []
[2025-01-30 00:24:34,811][__main__][INFO] - [53], []
[2025-01-30 00:24:35,404][__main__][INFO] - [54], []
[2025-01-30 00:24:35,933][__main__][INFO] - [55], []
[2025-01-30 00:24:36,389][__main__][INFO] - [56], []
[2025-01-30 00:24:36,812][__main__][INFO] - [57], []
[2025-01-30 00:24:37,210][__main__][INFO] - [58], []
[2025-01-30 00:24:37,523][__main__][INFO] - [59], []
[2025-01-30 00:24:39,876][__main__][INFO] - [0, 1], []
[2025-01-30 00:24:40,276][__main__][INFO] - [0, 2], []
[2025-01-30 00:24:43,342][__main__][INFO] - [0, 3], []
[2025-01-30 00:24:43,552][__main__][INFO] - [0, 4], []
[2025-01-30 00:24:44,061][__main__][INFO] - [0, 5], []
[2025-01-30 00:24:44,230][__main__][INFO] - [0, 6], []
[2025-01-30 00:24:44,273][__main__][INFO] - [0, 7], []
[2025-01-30 00:24:44,291][__main__][INFO] - [0, 8], []
[2025-01-30 00:24:44,314][__main__][INFO] - [0, 9], []
[2025-01-30 00:24:44,330][__main__][INFO] - [0, 10], []
[2025-01-30 00:24:44,518][__main__][INFO] - [0, 11], []
[2025-01-30 00:24:44,800][__main__][INFO] - [0, 12], []
[2025-01-30 00:24:45,076][__main__][INFO] - [0, 13], []
[2025-01-30 00:24:45,358][__main__][INFO] - [0, 14], []
[2025-01-30 00:24:45,657][__main__][INFO] - [0, 15], []
[2025-01-30 00:24:46,058][__main__][INFO] - [0, 16], []
[2025-01-30 00:24:46,386][__main__][INFO] - [0, 17], []
[2025-01-30 00:24:46,670][__main__][INFO] - [0, 18], []
[2025-01-30 00:24:46,830][__main__][INFO] - [0, 19], []
[2025-01-30 00:24:46,944][__main__][INFO] - [0, 20], []
[2025-01-30 00:24:50,897][__main__][INFO] - [0, 21], []
[2025-01-30 00:24:51,345][__main__][INFO] - [0, 22], []
[2025-01-30 00:24:52,143][__main__][INFO] - [0, 23], []
[2025-01-30 00:24:52,241][__main__][INFO] - [0, 24], []
[2025-01-30 00:24:52,272][__main__][INFO] - [0, 25], []
[2025-01-30 00:24:52,294][__main__][INFO] - [0, 26], []
[2025-01-30 00:24:54,404][__main__][INFO] - [0], [26]
[2025-01-30 00:24:59,373][__main__][INFO] - [0, 27], []
[2025-01-30 00:25:03,083][__main__][INFO] - [0, 28], []
[2025-01-30 00:25:03,605][__main__][INFO] - [0, 29], []
[2025-01-30 00:25:04,531][__main__][INFO] - [0, 30], []
[2025-01-30 00:25:04,614][__main__][INFO] - [0, 31], []
[2025-01-30 00:25:04,635][__main__][INFO] - [0, 32], []
[2025-01-30 00:25:13,416][__main__][INFO] - [0, 33], []
[2025-01-30 00:25:13,468][__main__][INFO] - [0, 34], []
[2025-01-30 00:25:13,488][__main__][INFO] - [0, 35], []
[2025-01-30 00:25:13,508][__main__][INFO] - [0, 36], []
[2025-01-30 00:25:13,987][__main__][INFO] - [0, 37], []
[2025-01-30 00:25:17,627][__main__][INFO] - [0, 38], []
[2025-01-30 00:25:18,437][__main__][INFO] - [0, 39], []
[2025-01-30 00:25:19,314][__main__][INFO] - [0, 40], []
[2025-01-30 00:25:19,364][__main__][INFO] - [0, 41], []
[2025-01-30 00:25:21,792][__main__][INFO] - [0], [41]
[2025-01-30 00:25:26,426][__main__][INFO] - [0, 42], []
[2025-01-30 00:25:26,652][__main__][INFO] - [0], [42]
[2025-01-30 00:25:36,724][__main__][INFO] - [0, 43], []
[2025-01-30 00:25:36,940][__main__][INFO] - [0], [43]
[2025-01-30 00:25:47,180][__main__][INFO] - [0, 44], []
[2025-01-30 00:25:55,558][__main__][INFO] - [0, 45], []
[2025-01-30 00:25:55,968][__main__][INFO] - [0, 46], []
[2025-01-30 00:25:56,045][__main__][INFO] - [0, 47], []
[2025-01-30 00:26:00,489][__main__][INFO] - [0, 48], []
[2025-01-30 00:26:02,635][__main__][INFO] - [0, 49], []
[2025-01-30 00:26:02,721][__main__][INFO] - [0, 50], []
[2025-01-30 00:26:02,949][__main__][INFO] - [0, 51], []
[2025-01-30 00:26:03,135][__main__][INFO] - [0, 52], []
[2025-01-30 00:26:03,336][__main__][INFO] - [0, 53], []
[2025-01-30 00:26:03,544][__main__][INFO] - [0, 54], []
[2025-01-30 00:26:03,735][__main__][INFO] - [0, 55], []
[2025-01-30 00:26:03,896][__main__][INFO] - [0, 56], []
[2025-01-30 00:26:04,045][__main__][INFO] - [0, 57], []
[2025-01-30 00:26:04,184][__main__][INFO] - [0, 58], []
[2025-01-30 00:26:04,303][__main__][INFO] - [0, 59], []
[2025-01-30 00:26:05,108][__main__][INFO] - [1], [0]
[2025-01-30 00:26:05,462][__main__][INFO] - [2], [0]
[2025-01-30 00:26:08,674][__main__][INFO] - [3], [0]
[2025-01-30 00:26:08,851][__main__][INFO] - [4], [0]
[2025-01-30 00:26:09,305][__main__][INFO] - [5], [0]
[2025-01-30 00:26:09,479][__main__][INFO] - [6], [0]
[2025-01-30 00:26:09,519][__main__][INFO] - [7], [0]
[2025-01-30 00:26:09,544][__main__][INFO] - [8], [0]
[2025-01-30 00:26:09,579][__main__][INFO] - [10], [0]
[2025-01-30 00:26:09,765][__main__][INFO] - [11], [0]
[2025-01-30 00:26:10,000][__main__][INFO] - [12], [0]
[2025-01-30 00:26:10,277][__main__][INFO] - [13], [0]
[2025-01-30 00:26:10,550][__main__][INFO] - [14], [0]
[2025-01-30 00:26:10,828][__main__][INFO] - [15], [0]
[2025-01-30 00:26:11,116][__main__][INFO] - [16], [0]
[2025-01-30 00:26:11,456][__main__][INFO] - [17], [0]
[2025-01-30 00:26:11,765][__main__][INFO] - [18], [0]
[2025-01-30 00:26:11,924][__main__][INFO] - [19], [0]
[2025-01-30 00:26:12,001][__main__][INFO] - [20], [0]
[2025-01-30 00:26:16,172][__main__][INFO] - [21], [0]
[2025-01-30 00:26:16,559][__main__][INFO] - [22], [0]
[2025-01-30 00:26:17,157][__main__][INFO] - [23], [0]
[2025-01-30 00:26:17,242][__main__][INFO] - [24], [0]
[2025-01-30 00:26:17,272][__main__][INFO] - [25], [0]
[2025-01-30 00:26:17,288][__main__][INFO] - [26], [0]
[2025-01-30 00:26:19,514][__main__][INFO] - [], [0, 26]
[2025-01-30 00:26:24,140][__main__][INFO] - [27], [0]
[2025-01-30 00:26:28,279][__main__][INFO] - [28], [0]
[2025-01-30 00:26:28,698][__main__][INFO] - [29], [0]
[2025-01-30 00:26:29,489][__main__][INFO] - [30], [0]
[2025-01-30 00:26:29,568][__main__][INFO] - [31], [0]
[2025-01-30 00:26:29,585][__main__][INFO] - [32], [0]
[2025-01-30 00:26:34,966][__main__][INFO] - [33], [0]
[2025-01-30 00:26:35,448][__main__][INFO] - [34], [0]
[2025-01-30 00:26:35,475][__main__][INFO] - [35], [0]
[2025-01-30 00:26:35,525][__main__][INFO] - [36], [0]
[2025-01-30 00:26:35,928][__main__][INFO] - [37], [0]
[2025-01-30 00:26:39,458][__main__][INFO] - [38], [0]
[2025-01-30 00:26:40,219][__main__][INFO] - [39], [0]
[2025-01-30 00:26:41,009][__main__][INFO] - [40], [0]
[2025-01-30 00:26:41,058][__main__][INFO] - [41], [0]
[2025-01-30 00:26:43,026][__main__][INFO] - [], [0, 41]
[2025-01-30 00:26:48,052][__main__][INFO] - [42], [0]
[2025-01-30 00:26:48,375][__main__][INFO] - [], [0, 42]
[2025-01-30 00:26:57,629][__main__][INFO] - [43], [0]
[2025-01-30 00:26:57,837][__main__][INFO] - [], [0, 43]
[2025-01-30 00:27:07,839][__main__][INFO] - [44], [0]
[2025-01-30 00:27:16,482][__main__][INFO] - [45], [0]
[2025-01-30 00:27:16,918][__main__][INFO] - [46], [0]
[2025-01-30 00:27:16,996][__main__][INFO] - [47], [0]
[2025-01-30 00:27:29,389][__main__][INFO] - [50], [0]
[2025-01-30 00:27:29,617][__main__][INFO] - [51], [0]
[2025-01-30 00:27:29,761][__main__][INFO] - [52], [0]
[2025-01-30 00:27:29,941][__main__][INFO] - [53], [0]
[2025-01-30 00:27:30,132][__main__][INFO] - [54], [0]
[2025-01-30 00:27:30,292][__main__][INFO] - [55], [0]
[2025-01-30 00:27:30,442][__main__][INFO] - [56], [0]
[2025-01-30 00:27:30,585][__main__][INFO] - [57], [0]
[2025-01-30 00:27:30,717][__main__][INFO] - [58], [0]
[2025-01-30 00:27:30,826][__main__][INFO] - [59], [0]
[2025-01-30 00:27:31,630][__main__][INFO] - [1, 10], []
[2025-01-30 00:27:31,682][__main__][INFO] - [1, 11], []
[2025-01-30 00:27:31,747][__main__][INFO] - [1, 12], []
[2025-01-30 00:27:31,816][__main__][INFO] - [1, 13], []
[2025-01-30 00:27:31,874][__main__][INFO] - [1, 14], []
[2025-01-30 00:27:31,933][__main__][INFO] - [1, 15], []
[2025-01-30 00:27:31,995][__main__][INFO] - [1, 16], []
[2025-01-30 00:27:32,042][__main__][INFO] - [1, 17], []
[2025-01-30 00:27:32,079][__main__][INFO] - [1, 18], []
[2025-01-30 00:27:32,105][__main__][INFO] - [1, 19], []
[2025-01-30 00:27:32,121][__main__][INFO] - [1, 20], []
[2025-01-30 00:27:32,455][__main__][INFO] - [1, 21], []
[2025-01-30 00:27:32,471][__main__][INFO] - [1, 22], []
[2025-01-30 00:27:32,819][__main__][INFO] - [1, 23], []
[2025-01-30 00:27:32,835][__main__][INFO] - [1, 24], []
[2025-01-30 00:27:32,865][__main__][INFO] - [1, 26], []
[2025-01-30 00:27:33,056][__main__][INFO] - [1], [26]
[2025-01-30 00:27:33,584][__main__][INFO] - [1, 27], []
[2025-01-30 00:27:33,908][__main__][INFO] - [1, 28], []
[2025-01-30 00:27:34,028][__main__][INFO] - [1, 29], []
[2025-01-30 00:27:34,141][__main__][INFO] - [1, 30], []
[2025-01-30 00:27:34,157][__main__][INFO] - [1, 31], []
[2025-01-30 00:27:34,173][__main__][INFO] - [1, 32], []
[2025-01-30 00:27:34,873][__main__][INFO] - [1, 33], []
[2025-01-30 00:27:34,897][__main__][INFO] - [1, 34], []
[2025-01-30 00:27:34,913][__main__][INFO] - [1, 35], []
[2025-01-30 00:27:34,929][__main__][INFO] - [1, 36], []
[2025-01-30 00:27:35,021][__main__][INFO] - [1, 37], []
[2025-01-30 00:27:35,508][__main__][INFO] - [1, 38], []
[2025-01-30 00:27:35,555][__main__][INFO] - [1, 39], []
[2025-01-30 00:27:35,673][__main__][INFO] - [1, 40], []
[2025-01-30 00:27:35,692][__main__][INFO] - [1, 41], []
[2025-01-30 00:27:36,017][__main__][INFO] - [1], [41]
[2025-01-30 00:27:36,394][__main__][INFO] - [1, 42], []
[2025-01-30 00:27:36,411][__main__][INFO] - [1], [42]
[2025-01-30 00:27:37,343][__main__][INFO] - [1, 43], []
[2025-01-30 00:27:37,360][__main__][INFO] - [1], [43]
[2025-01-30 00:27:38,292][__main__][INFO] - [1, 44], []
[2025-01-30 00:27:39,076][__main__][INFO] - [1, 45], []
[2025-01-30 00:27:39,092][__main__][INFO] - [1, 46], []
[2025-01-30 00:27:39,122][__main__][INFO] - [1, 47], []
[2025-01-30 00:27:39,803][__main__][INFO] - [1, 48], []
[2025-01-30 00:27:39,917][__main__][INFO] - [1, 49], []
[2025-01-30 00:27:39,939][__main__][INFO] - [1, 50], []
[2025-01-30 00:27:39,987][__main__][INFO] - [1, 51], []
[2025-01-30 00:27:40,031][__main__][INFO] - [1, 52], []
[2025-01-30 00:27:40,079][__main__][INFO] - [1, 53], []
[2025-01-30 00:27:40,128][__main__][INFO] - [1, 54], []
[2025-01-30 00:27:40,144][__main__][INFO] - [1, 55], []
[2025-01-30 00:27:40,182][__main__][INFO] - [1, 56], []
[2025-01-30 00:27:40,219][__main__][INFO] - [1, 57], []
[2025-01-30 00:27:40,251][__main__][INFO] - [1, 58], []
[2025-01-30 00:27:40,266][__main__][INFO] - [1, 59], []
[2025-01-30 00:27:40,338][__main__][INFO] - [2, 10], []
[2025-01-30 00:27:40,516][__main__][INFO] - [2, 11], []
[2025-01-30 00:27:40,739][__main__][INFO] - [2, 12], []
[2025-01-30 00:27:40,999][__main__][INFO] - [2, 13], []
[2025-01-30 00:27:41,263][__main__][INFO] - [2, 14], []
[2025-01-30 00:27:41,532][__main__][INFO] - [2, 15], []
[2025-01-30 00:27:41,877][__main__][INFO] - [2, 16], []
[2025-01-30 00:27:42,243][__main__][INFO] - [2, 17], []
[2025-01-30 00:27:42,599][__main__][INFO] - [2, 18], []
[2025-01-30 00:27:42,812][__main__][INFO] - [2, 19], []
[2025-01-30 00:27:42,945][__main__][INFO] - [2, 20], []
[2025-01-30 00:27:46,903][__main__][INFO] - [2, 21], []
[2025-01-30 00:27:47,011][__main__][INFO] - [2, 22], []
[2025-01-30 00:27:47,674][__main__][INFO] - [2, 23], []
[2025-01-30 00:27:47,891][__main__][INFO] - [2, 24], []
[2025-01-30 00:27:47,918][__main__][INFO] - [2, 25], []
[2025-01-30 00:27:47,938][__main__][INFO] - [2, 26], []
[2025-01-30 00:27:50,499][__main__][INFO] - [2], [26]
[2025-01-30 00:27:54,202][__main__][INFO] - [2, 27], []
[2025-01-30 00:27:57,983][__main__][INFO] - [2, 28], []
[2025-01-30 00:27:58,350][__main__][INFO] - [2, 29], []
[2025-01-30 00:27:58,962][__main__][INFO] - [2, 30], []
[2025-01-30 00:27:59,043][__main__][INFO] - [2, 31], []
[2025-01-30 00:27:59,063][__main__][INFO] - [2, 32], []
[2025-01-30 00:28:04,822][__main__][INFO] - [2, 33], []
[2025-01-30 00:28:05,095][__main__][INFO] - [2, 34], []
[2025-01-30 00:28:05,119][__main__][INFO] - [2, 35], []
[2025-01-30 00:28:05,162][__main__][INFO] - [2, 36], []
[2025-01-30 00:28:05,537][__main__][INFO] - [2, 37], []
[2025-01-30 00:28:08,376][__main__][INFO] - [2, 38], []
[2025-01-30 00:28:09,352][__main__][INFO] - [2, 39], []
[2025-01-30 00:28:10,114][__main__][INFO] - [2, 40], []
[2025-01-30 00:28:10,184][__main__][INFO] - [2, 41], []
[2025-01-30 00:28:11,889][__main__][INFO] - [2], [41]
[2025-01-30 00:28:16,601][__main__][INFO] - [2, 42], []
[2025-01-30 00:28:17,005][__main__][INFO] - [2], [42]
[2025-01-30 00:28:24,642][__main__][INFO] - [2, 43], []
[2025-01-30 00:28:24,884][__main__][INFO] - [2], [43]
[2025-01-30 00:28:33,084][__main__][INFO] - [2, 44], []
[2025-01-30 00:28:40,060][__main__][INFO] - [2, 45], []
[2025-01-30 00:28:40,539][__main__][INFO] - [2, 46], []
[2025-01-30 00:28:40,622][__main__][INFO] - [2, 47], []
[2025-01-30 00:28:47,886][__main__][INFO] - [2, 48], []
[2025-01-30 00:28:48,477][__main__][INFO] - [2, 49], []
[2025-01-30 00:28:48,515][__main__][INFO] - [2, 50], []
[2025-01-30 00:28:48,725][__main__][INFO] - [2, 51], []
[2025-01-30 00:28:48,883][__main__][INFO] - [2, 52], []
[2025-01-30 00:28:49,064][__main__][INFO] - [2, 53], []
[2025-01-30 00:28:49,255][__main__][INFO] - [2, 54], []
[2025-01-30 00:28:49,431][__main__][INFO] - [2, 55], []
[2025-01-30 00:28:49,589][__main__][INFO] - [2, 56], []
[2025-01-30 00:28:49,740][__main__][INFO] - [2, 57], []
[2025-01-30 00:28:49,878][__main__][INFO] - [2, 58], []
[2025-01-30 00:28:49,996][__main__][INFO] - [2, 59], []
[2025-01-30 00:28:50,879][__main__][INFO] - [3, 10], []
[2025-01-30 00:28:50,925][__main__][INFO] - [3, 11], []
[2025-01-30 00:28:50,969][__main__][INFO] - [3, 12], []
[2025-01-30 00:28:51,010][__main__][INFO] - [3, 13], []
[2025-01-30 00:28:51,046][__main__][INFO] - [3, 14], []
[2025-01-30 00:28:51,080][__main__][INFO] - [3, 15], []
[2025-01-30 00:28:51,112][__main__][INFO] - [3, 16], []
[2025-01-30 00:28:51,144][__main__][INFO] - [3, 17], []
[2025-01-30 00:28:51,169][__main__][INFO] - [3, 18], []
[2025-01-30 00:28:51,185][__main__][INFO] - [3, 19], []
[2025-01-30 00:28:51,202][__main__][INFO] - [3, 20], []
[2025-01-30 00:28:51,475][__main__][INFO] - [3, 21], []
[2025-01-30 00:28:51,513][__main__][INFO] - [3, 22], []
[2025-01-30 00:28:51,530][__main__][INFO] - [3, 23], []
[2025-01-30 00:28:51,549][__main__][INFO] - [3, 24], []
[2025-01-30 00:28:51,567][__main__][INFO] - [3, 25], []
[2025-01-30 00:28:51,583][__main__][INFO] - [3, 26], []
[2025-01-30 00:28:51,662][__main__][INFO] - [3], [26]
[2025-01-30 00:28:51,999][__main__][INFO] - [3, 27], []
[2025-01-30 00:28:52,267][__main__][INFO] - [3, 28], []
[2025-01-30 00:28:52,284][__main__][INFO] - [3, 29], []
[2025-01-30 00:28:52,300][__main__][INFO] - [3, 30], []
[2025-01-30 00:28:52,324][__main__][INFO] - [3, 31], []
[2025-01-30 00:28:52,340][__main__][INFO] - [3, 32], []
[2025-01-30 00:28:52,654][__main__][INFO] - [3, 33], []
[2025-01-30 00:28:52,671][__main__][INFO] - [3, 34], []
[2025-01-30 00:28:52,689][__main__][INFO] - [3, 35], []
[2025-01-30 00:28:52,706][__main__][INFO] - [3, 36], []
[2025-01-30 00:28:52,782][__main__][INFO] - [3, 37], []
[2025-01-30 00:28:52,889][__main__][INFO] - [3, 38], []
[2025-01-30 00:28:53,045][__main__][INFO] - [3, 39], []
[2025-01-30 00:28:53,101][__main__][INFO] - [3, 40], []
[2025-01-30 00:28:53,118][__main__][INFO] - [3, 41], []
[2025-01-30 00:28:53,134][__main__][INFO] - [3], [41]
[2025-01-30 00:28:53,459][__main__][INFO] - [3, 42], []
[2025-01-30 00:28:53,481][__main__][INFO] - [3], [42]
[2025-01-30 00:28:53,998][__main__][INFO] - [3, 43], []
[2025-01-30 00:28:54,021][__main__][INFO] - [3], [43]
[2025-01-30 00:28:54,555][__main__][INFO] - [3, 44], []
[2025-01-30 00:28:54,966][__main__][INFO] - [3, 45], []
[2025-01-30 00:28:55,001][__main__][INFO] - [3, 46], []
[2025-01-30 00:28:55,030][__main__][INFO] - [3, 47], []
[2025-01-30 00:28:55,383][__main__][INFO] - [3, 48], []
[2025-01-30 00:28:55,452][__main__][INFO] - [3, 49], []
[2025-01-30 00:28:55,471][__main__][INFO] - [3, 50], []
[2025-01-30 00:28:55,501][__main__][INFO] - [3, 51], []
[2025-01-30 00:28:55,528][__main__][INFO] - [3, 52], []
[2025-01-30 00:28:55,554][__main__][INFO] - [3, 53], []
[2025-01-30 00:28:55,582][__main__][INFO] - [3, 54], []
[2025-01-30 00:28:55,608][__main__][INFO] - [3, 55], []
[2025-01-30 00:28:55,633][__main__][INFO] - [3, 56], []
[2025-01-30 00:28:55,658][__main__][INFO] - [3, 57], []
[2025-01-30 00:28:55,682][__main__][INFO] - [3, 58], []
[2025-01-30 00:28:55,705][__main__][INFO] - [3, 59], []
[2025-01-30 00:28:55,792][__main__][INFO] - [4, 10], []
[2025-01-30 00:28:55,844][__main__][INFO] - [4, 11], []
[2025-01-30 00:28:55,860][__main__][INFO] - [4, 12], []
[2025-01-30 00:28:55,929][__main__][INFO] - [4, 13], []
[2025-01-30 00:28:56,005][__main__][INFO] - [4, 14], []
[2025-01-30 00:28:56,083][__main__][INFO] - [4, 15], []
[2025-01-30 00:28:56,099][__main__][INFO] - [4, 16], []
[2025-01-30 00:28:56,170][__main__][INFO] - [4, 17], []
[2025-01-30 00:28:56,187][__main__][INFO] - [4, 18], []
[2025-01-30 00:28:56,204][__main__][INFO] - [4, 19], []
[2025-01-30 00:28:56,235][__main__][INFO] - [4, 20], []
[2025-01-30 00:28:56,469][__main__][INFO] - [4, 21], []
[2025-01-30 00:28:57,160][__main__][INFO] - [4, 22], []
[2025-01-30 00:28:57,177][__main__][INFO] - [4, 23], []
[2025-01-30 00:28:57,193][__main__][INFO] - [4, 24], []
[2025-01-30 00:28:57,209][__main__][INFO] - [4, 25], []
[2025-01-30 00:28:57,225][__main__][INFO] - [4, 26], []
[2025-01-30 00:28:57,427][__main__][INFO] - [4], [26]
[2025-01-30 00:28:58,235][__main__][INFO] - [4, 27], []
[2025-01-30 00:28:58,462][__main__][INFO] - [4, 28], []
[2025-01-30 00:28:58,598][__main__][INFO] - [4, 29], []
[2025-01-30 00:28:58,952][__main__][INFO] - [4, 30], []
[2025-01-30 00:28:58,983][__main__][INFO] - [4, 31], []
[2025-01-30 00:28:58,999][__main__][INFO] - [4, 32], []
[2025-01-30 00:28:59,974][__main__][INFO] - [4, 33], []
[2025-01-30 00:29:00,005][__main__][INFO] - [4, 34], []
[2025-01-30 00:29:00,023][__main__][INFO] - [4, 35], []
[2025-01-30 00:29:00,040][__main__][INFO] - [4, 36], []
[2025-01-30 00:29:00,135][__main__][INFO] - [4, 37], []
[2025-01-30 00:29:00,794][__main__][INFO] - [4, 38], []
[2025-01-30 00:29:00,854][__main__][INFO] - [4, 39], []
[2025-01-30 00:29:00,998][__main__][INFO] - [4, 40], []
[2025-01-30 00:29:01,017][__main__][INFO] - [4, 41], []
[2025-01-30 00:29:01,699][__main__][INFO] - [4], [41]
[2025-01-30 00:29:01,999][__main__][INFO] - [4, 42], []
[2025-01-30 00:29:02,015][__main__][INFO] - [4], [42]
[2025-01-30 00:29:03,287][__main__][INFO] - [4, 43], []
[2025-01-30 00:29:03,321][__main__][INFO] - [4], [43]
[2025-01-30 00:29:04,614][__main__][INFO] - [4, 44], []
[2025-01-30 00:29:05,725][__main__][INFO] - [4, 45], []
[2025-01-30 00:29:05,781][__main__][INFO] - [4, 46], []
[2025-01-30 00:29:05,812][__main__][INFO] - [4, 47], []
[2025-01-30 00:29:06,788][__main__][INFO] - [4, 48], []
[2025-01-30 00:29:06,932][__main__][INFO] - [4, 49], []
[2025-01-30 00:29:06,954][__main__][INFO] - [4, 50], []
[2025-01-30 00:29:07,000][__main__][INFO] - [4, 51], []
[2025-01-30 00:29:07,018][__main__][INFO] - [4, 52], []
[2025-01-30 00:29:07,062][__main__][INFO] - [4, 53], []
[2025-01-30 00:29:07,107][__main__][INFO] - [4, 54], []
[2025-01-30 00:29:07,146][__main__][INFO] - [4, 55], []
[2025-01-30 00:29:07,183][__main__][INFO] - [4, 56], []
[2025-01-30 00:29:07,222][__main__][INFO] - [4, 57], []
[2025-01-30 00:29:07,260][__main__][INFO] - [4, 58], []
[2025-01-30 00:29:07,297][__main__][INFO] - [4, 59], []
[2025-01-30 00:29:07,526][__main__][INFO] - [5, 10], []
[2025-01-30 00:29:07,554][__main__][INFO] - [5, 11], []
[2025-01-30 00:29:07,585][__main__][INFO] - [5, 12], []
[2025-01-30 00:29:07,621][__main__][INFO] - [5, 13], []
[2025-01-30 00:29:07,654][__main__][INFO] - [5, 14], []
[2025-01-30 00:29:07,688][__main__][INFO] - [5, 15], []
[2025-01-30 00:29:07,725][__main__][INFO] - [5, 16], []
[2025-01-30 00:29:07,763][__main__][INFO] - [5, 17], []
[2025-01-30 00:29:07,794][__main__][INFO] - [5, 18], []
[2025-01-30 00:29:07,819][__main__][INFO] - [5, 19], []
[2025-01-30 00:29:07,836][__main__][INFO] - [5, 20], []
[2025-01-30 00:29:08,181][__main__][INFO] - [5, 21], []
[2025-01-30 00:29:08,198][__main__][INFO] - [5, 22], []
[2025-01-30 00:29:08,221][__main__][INFO] - [5, 23], []
[2025-01-30 00:29:08,237][__main__][INFO] - [5, 24], []
[2025-01-30 00:29:08,280][__main__][INFO] - [5, 26], []
[2025-01-30 00:29:08,385][__main__][INFO] - [5], [26]
[2025-01-30 00:29:08,627][__main__][INFO] - [5, 27], []
[2025-01-30 00:29:08,967][__main__][INFO] - [5, 28], []
[2025-01-30 00:29:08,991][__main__][INFO] - [5, 29], []
[2025-01-30 00:29:09,020][__main__][INFO] - [5, 30], []
[2025-01-30 00:29:09,037][__main__][INFO] - [5, 31], []
[2025-01-30 00:29:09,053][__main__][INFO] - [5, 32], []
[2025-01-30 00:29:09,341][__main__][INFO] - [5, 33], []
[2025-01-30 00:29:09,377][__main__][INFO] - [5, 34], []
[2025-01-30 00:29:09,394][__main__][INFO] - [5, 35], []
[2025-01-30 00:29:09,410][__main__][INFO] - [5, 36], []
[2025-01-30 00:29:09,450][__main__][INFO] - [5, 37], []
[2025-01-30 00:29:09,672][__main__][INFO] - [5, 38], []
[2025-01-30 00:29:09,688][__main__][INFO] - [5, 39], []
[2025-01-30 00:29:09,743][__main__][INFO] - [5, 40], []
[2025-01-30 00:29:09,760][__main__][INFO] - [5, 41], []
[2025-01-30 00:29:09,804][__main__][INFO] - [5], [41]
[2025-01-30 00:29:10,166][__main__][INFO] - [5, 42], []
[2025-01-30 00:29:10,191][__main__][INFO] - [5], [42]
[2025-01-30 00:29:10,632][__main__][INFO] - [5, 43], []
[2025-01-30 00:29:10,659][__main__][INFO] - [5], [43]
[2025-01-30 00:29:11,094][__main__][INFO] - [5, 44], []
[2025-01-30 00:29:11,455][__main__][INFO] - [5, 45], []
[2025-01-30 00:29:11,494][__main__][INFO] - [5, 46], []
[2025-01-30 00:29:11,515][__main__][INFO] - [5, 47], []
[2025-01-30 00:29:11,854][__main__][INFO] - [5, 48], []
[2025-01-30 00:29:11,909][__main__][INFO] - [5, 49], []
[2025-01-30 00:29:11,926][__main__][INFO] - [5, 50], []
[2025-01-30 00:29:11,966][__main__][INFO] - [5, 51], []
[2025-01-30 00:29:11,993][__main__][INFO] - [5, 52], []
[2025-01-30 00:29:12,022][__main__][INFO] - [5, 53], []
[2025-01-30 00:29:12,038][__main__][INFO] - [5, 54], []
[2025-01-30 00:29:12,054][__main__][INFO] - [5, 55], []
[2025-01-30 00:29:12,079][__main__][INFO] - [5, 56], []
[2025-01-30 00:29:12,095][__main__][INFO] - [5, 57], []
[2025-01-30 00:29:12,120][__main__][INFO] - [5, 58], []
[2025-01-30 00:29:12,142][__main__][INFO] - [5, 59], []
[2025-01-30 00:29:12,207][__main__][INFO] - [6, 10], []
[2025-01-30 00:29:12,227][__main__][INFO] - [6, 11], []
[2025-01-30 00:29:12,248][__main__][INFO] - [6, 12], []
[2025-01-30 00:29:12,268][__main__][INFO] - [6, 13], []
[2025-01-30 00:29:12,287][__main__][INFO] - [6, 14], []
[2025-01-30 00:29:12,308][__main__][INFO] - [6, 15], []
[2025-01-30 00:29:12,328][__main__][INFO] - [6, 16], []
[2025-01-30 00:29:12,348][__main__][INFO] - [6, 17], []
[2025-01-30 00:29:12,367][__main__][INFO] - [6, 18], []
[2025-01-30 00:29:12,385][__main__][INFO] - [6, 19], []
[2025-01-30 00:29:12,402][__main__][INFO] - [6, 20], []
[2025-01-30 00:29:12,487][__main__][INFO] - [6, 22], []
[2025-01-30 00:29:12,551][__main__][INFO] - [6, 26], []
[2025-01-30 00:29:12,577][__main__][INFO] - [6], [26]
[2025-01-30 00:29:12,637][__main__][INFO] - [6, 27], []
[2025-01-30 00:29:12,708][__main__][INFO] - [6, 28], []
[2025-01-30 00:29:12,725][__main__][INFO] - [6, 29], []
[2025-01-30 00:29:12,743][__main__][INFO] - [6, 30], []
[2025-01-30 00:29:12,774][__main__][INFO] - [6, 32], []
[2025-01-30 00:29:12,833][__main__][INFO] - [6, 33], []
[2025-01-30 00:29:12,880][__main__][INFO] - [6, 36], []
[2025-01-30 00:29:12,904][__main__][INFO] - [6, 37], []
[2025-01-30 00:29:12,956][__main__][INFO] - [6, 38], []
[2025-01-30 00:29:12,978][__main__][INFO] - [6, 39], []
[2025-01-30 00:29:12,994][__main__][INFO] - [6, 40], []
[2025-01-30 00:29:13,011][__main__][INFO] - [6, 41], []
[2025-01-30 00:29:13,031][__main__][INFO] - [6], [41]
