[2025-01-29 09:29:17,585][gurobipy][INFO] - Set parameter TimeLimit to value 600
[2025-01-29 09:29:17,596][gurobipy][INFO] - Gurobi Optimizer version 11.0.2 build v11.0.2rc0 (linux64)
[2025-01-29 09:29:17,596][gurobipy][INFO] - 
[2025-01-29 09:29:17,607][gurobipy][INFO] - CPU model: AMD EPYC 7543 32-Core Processor, instruction set [SSE2|AVX|AVX2]
[2025-01-29 09:29:17,607][gurobipy][INFO] - Thread count: 64 physical cores, 128 logical processors, using up to 32 threads
[2025-01-29 09:29:17,607][gurobipy][INFO] - 
[2025-01-29 09:29:17,607][gurobipy][INFO] - Optimize a model with 51351 rows, 845 columns and 133042 nonzeros
[2025-01-29 09:29:17,608][gurobipy][INFO] - Model fingerprint: 0x4e6fa6fc
[2025-01-29 09:29:17,608][gurobipy][INFO] - Variable types: 779 continuous, 66 integer (66 binary)
[2025-01-29 09:29:17,608][gurobipy][INFO] - Coefficient statistics:
[2025-01-29 09:29:17,608][gurobipy][INFO] -   Matrix range     [1e-03, 2e+00]
[2025-01-29 09:29:17,608][gurobipy][INFO] -   Objective range  [1e+00, 1e+00]
[2025-01-29 09:29:17,608][gurobipy][INFO] -   Bounds range     [1e+00, 1e+00]
[2025-01-29 09:29:17,608][gurobipy][INFO] -   RHS range        [1e+00, 1e+01]
[2025-01-29 09:29:17,615][gurobipy][INFO] - Found heuristic solution: objective -0.0000000
[2025-01-29 09:29:17,852][gurobipy][INFO] - Presolve removed 20190 rows and 12 columns
[2025-01-29 09:29:17,852][gurobipy][INFO] - Presolve time: 0.24s
[2025-01-29 09:29:17,852][gurobipy][INFO] - Presolved: 31161 rows, 833 columns, 94256 nonzeros
[2025-01-29 09:29:17,871][gurobipy][INFO] - Variable types: 779 continuous, 54 integer (54 binary)
[2025-01-29 09:29:17,899][gurobipy][INFO] - Root relaxation presolved: 833 rows, 31994 columns, 95089 nonzeros
[2025-01-29 09:29:17,899][gurobipy][INFO] - 
[2025-01-29 09:29:17,927][gurobipy][INFO] - 
[2025-01-29 09:29:17,927][gurobipy][INFO] - Root relaxation: objective 1.000000e+00, 884 iterations, 0.06 seconds (0.12 work units)
[2025-01-29 09:29:17,933][gurobipy][INFO] - 
[2025-01-29 09:29:17,933][gurobipy][INFO] -     Nodes    |    Current Node    |     Objective Bounds      |     Work
[2025-01-29 09:29:17,933][gurobipy][INFO] -  Expl Unexpl |  Obj  Depth IntInf | Incumbent    BestBd   Gap | It/Node Time
[2025-01-29 09:29:17,933][gurobipy][INFO] - 
[2025-01-29 09:29:17,933][gurobipy][INFO] -      0     0    1.00000    0    1   -0.00000    1.00000      -     -    0s
[2025-01-29 09:29:17,945][gurobipy][INFO] - H    0     0                       0.0104025    1.00000  9513%     -    0s
[2025-01-29 09:29:17,960][gurobipy][INFO] - H    0     0                       0.0251922    1.00000  3869%     -    0s
[2025-01-29 09:29:18,334][gurobipy][INFO] - H    0     0                       0.0307553    1.00000  3151%     -    0s
[2025-01-29 09:29:18,435][gurobipy][INFO] -      0     0    1.00000    0   46    0.03076    1.00000  3151%     -    0s
[2025-01-29 09:29:18,481][gurobipy][INFO] -      0     0    1.00000    0   41    0.03076    1.00000  3151%     -    0s
[2025-01-29 09:29:18,603][gurobipy][INFO] - H    0     0                       0.0316599    1.00000  3059%     -    0s
[2025-01-29 09:29:18,703][gurobipy][INFO] - H    0     0                       0.2408412    1.00000   315%     -    1s
[2025-01-29 09:29:20,161][gurobipy][INFO] - H    0     0                       0.2572592    1.00000   289%     -    2s
[2025-01-29 09:29:20,257][gurobipy][INFO] -      0     0    0.96138    0    2    0.25726    0.96138   274%     -    2s
[2025-01-29 09:29:20,316][gurobipy][INFO] - H    0     0                       0.2705111    0.96138   255%     -    2s
[2025-01-29 09:29:21,537][gurobipy][INFO] - H    0     0                       0.2789688    0.95830   244%     -    3s
[2025-01-29 09:29:21,538][gurobipy][INFO] - H    0     0                       0.2901854    0.84692   192%     -    3s
[2025-01-29 09:29:21,539][gurobipy][INFO] - H    0     0                       0.3025328    0.84692   180%     -    3s
[2025-01-29 09:29:21,674][gurobipy][INFO] -      0     0    0.84692    0   18    0.30253    0.84692   180%     -    4s
[2025-01-29 09:29:21,690][gurobipy][INFO] -      0     0    0.84692    0   17    0.30253    0.84692   180%     -    4s
[2025-01-29 09:29:21,844][gurobipy][INFO] -      0     0    0.73709    0   17    0.30253    0.73709   144%     -    4s
[2025-01-29 09:29:22,572][gurobipy][INFO] - 
[2025-01-29 09:29:22,572][gurobipy][INFO] - Cutting planes:
[2025-01-29 09:29:22,572][gurobipy][INFO] -   Cover: 2
[2025-01-29 09:29:22,572][gurobipy][INFO] -   MIR: 1
[2025-01-29 09:29:22,572][gurobipy][INFO] -   RLT: 2
[2025-01-29 09:29:22,572][gurobipy][INFO] - 
[2025-01-29 09:29:22,573][gurobipy][INFO] - Explored 1 nodes (8646 simplex iterations) in 4.97 seconds (9.27 work units)
[2025-01-29 09:29:22,573][gurobipy][INFO] - Thread count was 32 (of 128 available processors)
[2025-01-29 09:29:22,573][gurobipy][INFO] - 
[2025-01-29 09:29:22,573][gurobipy][INFO] - Solution count 10: 0.302533 0.290185 0.278969 ... 0.0104025
[2025-01-29 09:29:22,573][gurobipy][INFO] - No other solutions better than 0.302533
[2025-01-29 09:29:22,573][gurobipy][INFO] - 
[2025-01-29 09:29:22,573][gurobipy][INFO] - Optimal solution found (tolerance 1.00e-04)
[2025-01-29 09:29:22,573][gurobipy][INFO] - Best objective 3.025327905925e-01, best bound 3.025327905925e-01, gap 0.0000%
[2025-01-29 09:29:22,601][__main__][INFO] - Finished size 1000 (1/5)
[2025-01-29 09:29:32,725][gurobipy][INFO] - Set parameter TimeLimit to value 600
[2025-01-29 09:29:32,745][gurobipy][INFO] - Gurobi Optimizer version 11.0.2 build v11.0.2rc0 (linux64)
[2025-01-29 09:29:32,745][gurobipy][INFO] - 
[2025-01-29 09:29:32,757][gurobipy][INFO] - CPU model: AMD EPYC 7543 32-Core Processor, instruction set [SSE2|AVX|AVX2]
[2025-01-29 09:29:32,757][gurobipy][INFO] - Thread count: 64 physical cores, 128 logical processors, using up to 32 threads
[2025-01-29 09:29:32,757][gurobipy][INFO] - 
[2025-01-29 09:29:32,757][gurobipy][INFO] - Optimize a model with 93723 rows, 1487 columns and 242824 nonzeros
[2025-01-29 09:29:32,759][gurobipy][INFO] - Model fingerprint: 0x76f94697
[2025-01-29 09:29:32,759][gurobipy][INFO] - Variable types: 1421 continuous, 66 integer (66 binary)
[2025-01-29 09:29:32,759][gurobipy][INFO] - Coefficient statistics:
[2025-01-29 09:29:32,759][gurobipy][INFO] -   Matrix range     [7e-04, 2e+00]
[2025-01-29 09:29:32,759][gurobipy][INFO] -   Objective range  [1e+00, 1e+00]
[2025-01-29 09:29:32,759][gurobipy][INFO] -   Bounds range     [1e+00, 1e+00]
[2025-01-29 09:29:32,759][gurobipy][INFO] -   RHS range        [1e+00, 1e+01]
[2025-01-29 09:29:32,772][gurobipy][INFO] - Found heuristic solution: objective -0.0000000
[2025-01-29 09:29:33,202][gurobipy][INFO] - Presolve removed 31211 rows and 8 columns
[2025-01-29 09:29:33,202][gurobipy][INFO] - Presolve time: 0.43s
[2025-01-29 09:29:33,202][gurobipy][INFO] - Presolved: 62512 rows, 1479 columns, 188951 nonzeros
[2025-01-29 09:29:33,243][gurobipy][INFO] - Variable types: 1421 continuous, 58 integer (58 binary)
[2025-01-29 09:29:33,301][gurobipy][INFO] - Root relaxation presolved: 1479 rows, 63991 columns, 190430 nonzeros
[2025-01-29 09:29:33,301][gurobipy][INFO] - 
[2025-01-29 09:29:33,335][gurobipy][INFO] - 
[2025-01-29 09:29:33,335][gurobipy][INFO] - Root relaxation: objective 1.000000e+00, 764 iterations, 0.09 seconds (0.19 work units)
[2025-01-29 09:29:33,345][gurobipy][INFO] - 
[2025-01-29 09:29:33,345][gurobipy][INFO] -     Nodes    |    Current Node    |     Objective Bounds      |     Work
[2025-01-29 09:29:33,345][gurobipy][INFO] -  Expl Unexpl |  Obj  Depth IntInf | Incumbent    BestBd   Gap | It/Node Time
[2025-01-29 09:29:33,345][gurobipy][INFO] - 
[2025-01-29 09:29:33,345][gurobipy][INFO] -      0     0    1.00000    0    1   -0.00000    1.00000      -     -    0s
[2025-01-29 09:29:33,348][gurobipy][INFO] - H    0     0                       0.0016624    1.00000      -     -    0s
[2025-01-29 09:29:36,053][gurobipy][INFO] - H    0     0                       0.0112416    1.00000  8796%     -    3s
[2025-01-29 09:29:36,055][gurobipy][INFO] - H    0     0                       0.0773251    1.00000  1193%     -    3s
[2025-01-29 09:29:36,142][gurobipy][INFO] -      0     0    1.00000    0   56    0.07733    1.00000  1193%     -    3s
[2025-01-29 09:29:36,552][gurobipy][INFO] -      0     0    1.00000    0   32    0.07733    1.00000  1193%     -    3s
[2025-01-29 09:29:38,009][gurobipy][INFO] -      0     0    1.00000    0   31    0.07733    1.00000  1193%     -    5s
[2025-01-29 09:29:39,067][gurobipy][INFO] -      0     0    1.00000    0    8    0.07733    1.00000  1193%     -    6s
[2025-01-29 09:29:39,124][gurobipy][INFO] - H    0     0                       0.0839283    1.00000  1091%     -    6s
[2025-01-29 09:29:39,454][gurobipy][INFO] -      0     0    1.00000    0    7    0.08393    1.00000  1091%     -    6s
[2025-01-29 09:29:39,732][gurobipy][INFO] -      0     0    1.00000    0    7    0.08393    1.00000  1091%     -    6s
[2025-01-29 09:29:42,479][gurobipy][INFO] - H    0     0                       0.2201259    1.00000   354%     -    9s
[2025-01-29 09:29:42,481][gurobipy][INFO] - H    0     0                       0.3049813    1.00000   228%     -    9s
[2025-01-29 09:29:42,482][gurobipy][INFO] - H    0     0                       0.3052413    1.00000   228%     -    9s
[2025-01-29 09:29:42,484][gurobipy][INFO] - H    0     0                       0.3056267    1.00000   227%     -    9s
[2025-01-29 09:29:42,513][gurobipy][INFO] -      0     0    1.00000    0    5    0.30563    1.00000   227%     -    9s
[2025-01-29 09:29:42,522][gurobipy][INFO] -      0     0    1.00000    0    2    0.30563    1.00000   227%     -    9s
[2025-01-29 09:29:42,971][gurobipy][INFO] -      0     0    0.94102    0   11    0.30563    0.94102   208%     -   10s
[2025-01-29 09:29:42,985][gurobipy][INFO] -      0     0    0.94102    0   10    0.30563    0.94102   208%     -   10s
[2025-01-29 09:29:44,928][gurobipy][INFO] - H    0     0                       0.3180543    0.94102   196%     -   12s
[2025-01-29 09:29:44,929][gurobipy][INFO] -      0     0    0.31805    0    3    0.31805    0.31805  0.00%     -   12s
[2025-01-29 09:29:44,930][gurobipy][INFO] - 
[2025-01-29 09:29:44,930][gurobipy][INFO] - Cutting planes:
[2025-01-29 09:29:44,930][gurobipy][INFO] -   Cover: 2
[2025-01-29 09:29:44,930][gurobipy][INFO] -   Implied bound: 2
[2025-01-29 09:29:44,930][gurobipy][INFO] -   MIR: 4
[2025-01-29 09:29:44,930][gurobipy][INFO] -   Inf proof: 1
[2025-01-29 09:29:44,930][gurobipy][INFO] -   RLT: 9
[2025-01-29 09:29:44,932][gurobipy][INFO] - 
[2025-01-29 09:29:44,932][gurobipy][INFO] - Explored 1 nodes (21815 simplex iterations) in 12.17 seconds (22.68 work units)
[2025-01-29 09:29:44,932][gurobipy][INFO] - Thread count was 32 (of 128 available processors)
[2025-01-29 09:29:44,932][gurobipy][INFO] - 
[2025-01-29 09:29:44,932][gurobipy][INFO] - Solution count 10: 0.318054 0.305627 0.305241 ... 0.00166242
[2025-01-29 09:29:44,932][gurobipy][INFO] - No other solutions better than 0.318054
[2025-01-29 09:29:44,932][gurobipy][INFO] - 
[2025-01-29 09:29:44,932][gurobipy][INFO] - Optimal solution found (tolerance 1.00e-04)
[2025-01-29 09:29:44,932][gurobipy][INFO] - Best objective 3.180543201091e-01, best bound 3.180543201091e-01, gap 0.0000%
[2025-01-29 09:29:45,011][__main__][INFO] - Finished size 2153 (2/5)
[2025-01-29 09:29:58,771][gurobipy][INFO] - Set parameter TimeLimit to value 600
[2025-01-29 09:29:58,806][gurobipy][INFO] - Gurobi Optimizer version 11.0.2 build v11.0.2rc0 (linux64)
[2025-01-29 09:29:58,806][gurobipy][INFO] - 
[2025-01-29 09:29:58,818][gurobipy][INFO] - CPU model: AMD EPYC 7543 32-Core Processor, instruction set [SSE2|AVX|AVX2]
[2025-01-29 09:29:58,818][gurobipy][INFO] - Thread count: 64 physical cores, 128 logical processors, using up to 32 threads
[2025-01-29 09:29:58,818][gurobipy][INFO] - 
[2025-01-29 09:29:58,818][gurobipy][INFO] - Optimize a model with 165003 rows, 2567 columns and 427504 nonzeros
[2025-01-29 09:29:58,821][gurobipy][INFO] - Model fingerprint: 0x2e052ba8
[2025-01-29 09:29:58,821][gurobipy][INFO] - Variable types: 2501 continuous, 66 integer (66 binary)
[2025-01-29 09:29:58,822][gurobipy][INFO] - Coefficient statistics:
[2025-01-29 09:29:58,822][gurobipy][INFO] -   Matrix range     [3e-04, 2e+00]
[2025-01-29 09:29:58,822][gurobipy][INFO] -   Objective range  [1e+00, 1e+00]
[2025-01-29 09:29:58,822][gurobipy][INFO] -   Bounds range     [1e+00, 1e+00]
[2025-01-29 09:29:58,822][gurobipy][INFO] -   RHS range        [1e+00, 1e+01]
[2025-01-29 09:29:58,846][gurobipy][INFO] - Found heuristic solution: objective -0.0000000
[2025-01-29 09:29:59,613][gurobipy][INFO] - Presolve removed 47484 rows and 5 columns
[2025-01-29 09:29:59,614][gurobipy][INFO] - Presolve time: 0.77s
[2025-01-29 09:29:59,614][gurobipy][INFO] - Presolved: 117519 rows, 2562 columns, 355052 nonzeros
[2025-01-29 09:29:59,690][gurobipy][INFO] - Variable types: 2501 continuous, 61 integer (61 binary)
[2025-01-29 09:29:59,808][gurobipy][INFO] - Root relaxation presolved: 2562 rows, 120081 columns, 357614 nonzeros
[2025-01-29 09:29:59,808][gurobipy][INFO] - 
[2025-01-29 09:29:59,846][gurobipy][INFO] - 
[2025-01-29 09:29:59,846][gurobipy][INFO] - Root relaxation: objective 1.000000e+00, 91 iterations, 0.15 seconds (0.29 work units)
[2025-01-29 09:29:59,853][gurobipy][INFO] - 
[2025-01-29 09:29:59,853][gurobipy][INFO] -     Nodes    |    Current Node    |     Objective Bounds      |     Work
[2025-01-29 09:29:59,853][gurobipy][INFO] -  Expl Unexpl |  Obj  Depth IntInf | Incumbent    BestBd   Gap | It/Node Time
[2025-01-29 09:29:59,853][gurobipy][INFO] - 
[2025-01-29 09:29:59,854][gurobipy][INFO] -      0     0    1.00000    0    1   -0.00000    1.00000      -     -    1s
[2025-01-29 09:29:59,903][gurobipy][INFO] - H    0     0                       0.0097843    1.00000      -     -    1s
[2025-01-29 09:29:59,956][gurobipy][INFO] - H    0     0                       0.0112651    1.00000  8777%     -    1s
[2025-01-29 09:30:03,987][gurobipy][INFO] -      0     0    1.00000    0   61    0.01127    1.00000  8777%     -    5s
[2025-01-29 09:30:04,498][gurobipy][INFO] -      0     0    1.00000    0   54    0.01127    1.00000  8777%     -    5s
[2025-01-29 09:30:04,814][gurobipy][INFO] - H    0     0                       0.0629953    1.00000  1487%     -    5s
[2025-01-29 09:30:05,618][gurobipy][INFO] -      0     0    1.00000    0   46    0.06300    1.00000  1487%     -    6s
[2025-01-29 09:30:12,170][gurobipy][INFO] -      0     0    1.00000    0   33    0.06300    1.00000  1487%     -   13s
[2025-01-29 09:30:12,501][gurobipy][INFO] - H    0     0                       0.1343544    1.00000   644%     -   13s
[2025-01-29 09:30:12,559][gurobipy][INFO] - H    0     0                       0.1372489    1.00000   629%     -   13s
[2025-01-29 09:30:12,647][gurobipy][INFO] - H    0     0                       0.2534724    1.00000   295%     -   13s
[2025-01-29 09:30:15,234][gurobipy][INFO] -      0     0    1.00000    0   43    0.25347    1.00000   295%     -   16s
[2025-01-29 09:30:24,335][gurobipy][INFO] -      0     0    1.00000    0   42    0.25347    1.00000   295%     -   25s
[2025-01-29 09:30:24,856][gurobipy][INFO] - H    0     0                       0.3189323    1.00000   214%     -   26s
[2025-01-29 09:30:25,781][gurobipy][INFO] -      0     0    1.00000    0   42    0.31893    1.00000   214%     -   26s
[2025-01-29 09:30:34,439][gurobipy][INFO] -      0     0    1.00000    0   33    0.31893    1.00000   214%     -   35s
[2025-01-29 09:30:36,777][gurobipy][INFO] -      0     0    1.00000    0   42    0.31893    1.00000   214%     -   37s
[2025-01-29 09:30:43,884][gurobipy][INFO] -      0     0    1.00000    0   42    0.31893    1.00000   214%     -   45s
[2025-01-29 09:30:45,456][gurobipy][INFO] -      0     0    1.00000    0   41    0.31893    1.00000   214%     -   46s
[2025-01-29 09:30:52,407][gurobipy][INFO] -      0     0    1.00000    0   41    0.31893    1.00000   214%     -   53s
[2025-01-29 09:30:57,796][gurobipy][INFO] -      0     0    1.00000    0   41    0.31893    1.00000   214%     -   58s
[2025-01-29 09:31:20,356][gurobipy][INFO] -      0     2    1.00000    0   41    0.31893    1.00000   214%     -   81s
[2025-01-29 09:31:24,539][gurobipy][INFO] -      7     2    1.00000    4   37    0.31893    1.00000   214%   566   85s
[2025-01-29 09:31:28,855][gurobipy][INFO] -     17     2    1.00000    9   20    0.31893    1.00000   214%   409   90s
[2025-01-29 09:31:34,528][gurobipy][INFO] -     51     2    1.00000   26   19    0.31893    1.00000   214%   238   95s
[2025-01-29 09:31:39,492][gurobipy][INFO] -     61     2    1.00000   31   14    0.31893    1.00000   214%   299  100s
[2025-01-29 09:31:45,472][gurobipy][INFO] -     74     2    1.00000   35   14    0.31893    1.00000   214%   354  106s
[2025-01-29 09:31:49,560][gurobipy][INFO] -     84     4    1.00000   38   13    0.31893    1.00000   214%   406  110s
[2025-01-29 09:31:53,678][gurobipy][INFO] - 
[2025-01-29 09:31:53,678][gurobipy][INFO] - Cutting planes:
[2025-01-29 09:31:53,678][gurobipy][INFO] -   Gomory: 1
[2025-01-29 09:31:53,678][gurobipy][INFO] -   MIR: 10
[2025-01-29 09:31:53,684][gurobipy][INFO] - 
[2025-01-29 09:31:53,684][gurobipy][INFO] - Explored 102 nodes (103336 simplex iterations) in 114.86 seconds (327.72 work units)
[2025-01-29 09:31:53,684][gurobipy][INFO] - Thread count was 32 (of 128 available processors)
[2025-01-29 09:31:53,685][gurobipy][INFO] - 
[2025-01-29 09:31:53,685][gurobipy][INFO] - Solution count 8: 0.318932 0.253472 0.137249 ... -0
[2025-01-29 09:31:53,685][gurobipy][INFO] - No other solutions better than 0.318932
[2025-01-29 09:31:53,685][gurobipy][INFO] - 
[2025-01-29 09:31:53,685][gurobipy][INFO] - Optimal solution found (tolerance 1.00e-04)
[2025-01-29 09:31:53,687][gurobipy][INFO] - Best objective 3.189323059989e-01, best bound 3.189323059989e-01, gap 0.0000%
[2025-01-29 09:31:53,810][__main__][INFO] - Finished size 4632 (3/5)
[2025-01-29 09:32:15,727][gurobipy][INFO] - Set parameter TimeLimit to value 600
[2025-01-29 09:32:15,786][gurobipy][INFO] - Gurobi Optimizer version 11.0.2 build v11.0.2rc0 (linux64)
[2025-01-29 09:32:15,786][gurobipy][INFO] - 
[2025-01-29 09:32:15,798][gurobipy][INFO] - CPU model: AMD EPYC 7543 32-Core Processor, instruction set [SSE2|AVX|AVX2]
[2025-01-29 09:32:15,798][gurobipy][INFO] - Thread count: 64 physical cores, 128 logical processors, using up to 32 threads
[2025-01-29 09:32:15,798][gurobipy][INFO] - 
[2025-01-29 09:32:15,798][gurobipy][INFO] - Optimize a model with 270999 rows, 4173 columns and 702130 nonzeros
[2025-01-29 09:32:15,804][gurobipy][INFO] - Model fingerprint: 0xbbd66cec
[2025-01-29 09:32:15,804][gurobipy][INFO] - Variable types: 4107 continuous, 66 integer (66 binary)
[2025-01-29 09:32:15,804][gurobipy][INFO] - Coefficient statistics:
[2025-01-29 09:32:15,804][gurobipy][INFO] -   Matrix range     [1e-04, 2e+00]
[2025-01-29 09:32:15,804][gurobipy][INFO] -   Objective range  [1e+00, 1e+00]
[2025-01-29 09:32:15,804][gurobipy][INFO] -   Bounds range     [1e+00, 1e+00]
[2025-01-29 09:32:15,804][gurobipy][INFO] -   RHS range        [1e+00, 1e+01]
[2025-01-29 09:32:15,844][gurobipy][INFO] - Found heuristic solution: objective 0.0000000
[2025-01-29 09:32:17,200][gurobipy][INFO] - Presolve removed 73900 rows and 4 columns
[2025-01-29 09:32:17,200][gurobipy][INFO] - Presolve time: 1.36s
[2025-01-29 09:32:17,200][gurobipy][INFO] - Presolved: 197099 rows, 4169 columns, 595398 nonzeros
[2025-01-29 09:32:17,329][gurobipy][INFO] - Variable types: 4107 continuous, 62 integer (62 binary)
[2025-01-29 09:32:17,530][gurobipy][INFO] - Root relaxation presolved: 4169 rows, 201268 columns, 599567 nonzeros
[2025-01-29 09:32:17,530][gurobipy][INFO] - 
[2025-01-29 09:32:17,597][gurobipy][INFO] - 
[2025-01-29 09:32:17,597][gurobipy][INFO] - Root relaxation: objective 1.000000e+00, 234 iterations, 0.26 seconds (0.49 work units)
[2025-01-29 09:32:17,609][gurobipy][INFO] - 
[2025-01-29 09:32:17,609][gurobipy][INFO] -     Nodes    |    Current Node    |     Objective Bounds      |     Work
[2025-01-29 09:32:17,609][gurobipy][INFO] -  Expl Unexpl |  Obj  Depth IntInf | Incumbent    BestBd   Gap | It/Node Time
[2025-01-29 09:32:17,609][gurobipy][INFO] - 
[2025-01-29 09:32:17,609][gurobipy][INFO] -      0     0    1.00000    0    1    0.00000    1.00000      -     -    1s
[2025-01-29 09:32:17,617][gurobipy][INFO] - H    0     0                       0.1056080    1.00000   847%     -    1s
[2025-01-29 09:32:17,709][gurobipy][INFO] - H    0     0                       0.1153706    1.00000   767%     -    1s
[2025-01-29 09:32:17,786][gurobipy][INFO] - H    0     0                       0.1310629    1.00000   663%     -    1s
[2025-01-29 09:32:18,051][gurobipy][INFO] -      0     0    1.00000    0    2    0.13106    1.00000   663%     -    2s
[2025-01-29 09:32:18,449][gurobipy][INFO] -      0     0    1.00000    0    3    0.13106    1.00000   663%     -    2s
[2025-01-29 09:32:18,732][gurobipy][INFO] -      0     0    1.00000    0    3    0.13106    1.00000   663%     -    2s
[2025-01-29 09:32:18,898][gurobipy][INFO] - H    0     0                       0.1817823    1.00000   450%     -    3s
[2025-01-29 09:32:19,059][gurobipy][INFO] - H    0     0                       0.1848006    1.00000   441%     -    3s
[2025-01-29 09:32:19,097][gurobipy][INFO] -      0     0    1.00000    0    2    0.18480    1.00000   441%     -    3s
[2025-01-29 09:32:19,642][gurobipy][INFO] -      0     0    1.00000    0    6    0.18480    1.00000   441%     -    3s
[2025-01-29 09:32:19,859][gurobipy][INFO] -      0     0    1.00000    0    9    0.18480    1.00000   441%     -    4s
[2025-01-29 09:32:20,075][gurobipy][INFO] -      0     0    1.00000    0    8    0.18480    1.00000   441%     -    4s
[2025-01-29 09:32:20,107][gurobipy][INFO] -      0     0    1.00000    0    2    0.18480    1.00000   441%     -    4s
[2025-01-29 09:32:20,367][gurobipy][INFO] -      0     0    1.00000    0    2    0.18480    1.00000   441%     -    4s
[2025-01-29 09:32:20,598][gurobipy][INFO] -      0     0    1.00000    0    3    0.18480    1.00000   441%     -    4s
[2025-01-29 09:32:20,702][gurobipy][INFO] - H    0     0                       0.1969605    1.00000   408%     -    4s
[2025-01-29 09:32:20,841][gurobipy][INFO] - H    0     0                       0.2159280    1.00000   363%     -    5s
[2025-01-29 09:32:20,880][gurobipy][INFO] -      0     0    1.00000    0    3    0.21593    1.00000   363%     -    5s
[2025-01-29 09:32:21,336][gurobipy][INFO] -      0     0    1.00000    0    5    0.21593    1.00000   363%     -    5s
[2025-01-29 09:32:21,547][gurobipy][INFO] -      0     0    1.00000    0    5    0.21593    1.00000   363%     -    5s
[2025-01-29 09:32:21,824][gurobipy][INFO] -      0     0    1.00000    0    6    0.21593    1.00000   363%     -    6s
[2025-01-29 09:32:22,101][gurobipy][INFO] -      0     0    1.00000    0    5    0.21593    1.00000   363%     -    6s
[2025-01-29 09:32:22,298][gurobipy][INFO] -      0     0    1.00000    0   10    0.21593    1.00000   363%     -    6s
[2025-01-29 09:32:22,358][gurobipy][INFO] -      0     0    1.00000    0    4    0.21593    1.00000   363%     -    6s
[2025-01-29 09:32:22,390][gurobipy][INFO] -      0     0    1.00000    0    2    0.21593    1.00000   363%     -    6s
[2025-01-29 09:32:26,175][gurobipy][INFO] -      0     0    1.00000    0   32    0.21593    1.00000   363%     -   10s
[2025-01-29 09:32:26,921][gurobipy][INFO] -      0     0    1.00000    0   15    0.21593    1.00000   363%     -   11s
[2025-01-29 09:32:27,726][gurobipy][INFO] -      0     0    1.00000    0   13    0.21593    1.00000   363%     -   11s
[2025-01-29 09:32:29,816][gurobipy][INFO] -      0     0    1.00000    0    1    0.21593    1.00000   363%     -   14s
[2025-01-29 09:32:30,022][gurobipy][INFO] -      0     0    1.00000    0    7    0.21593    1.00000   363%     -   14s
[2025-01-29 09:32:30,084][gurobipy][INFO] - H    0     0                       0.2413941    1.00000   314%     -   14s
[2025-01-29 09:32:30,147][gurobipy][INFO] - H    0     0                       0.2792779    1.00000   258%     -   14s
[2025-01-29 09:32:31,151][gurobipy][INFO] - H    0     0                       0.2980894    0.66584   123%     -   15s
[2025-01-29 09:32:31,153][gurobipy][INFO] -      0     0    0.66584    0    3    0.29809    0.66584   123%     -   15s
[2025-01-29 09:32:31,200][gurobipy][INFO] -      0     0    0.66584    0    3    0.29809    0.66584   123%     -   15s
[2025-01-29 09:32:31,559][gurobipy][INFO] - H    0     0                       0.3014545    0.51258  70.0%     -   15s
[2025-01-29 09:32:31,562][gurobipy][INFO] -      0     0    0.51258    0    8    0.30145    0.51258  70.0%     -   15s
[2025-01-29 09:32:31,689][gurobipy][INFO] -      0     0    0.50437    0    9    0.30145    0.50437  67.3%     -   15s
[2025-01-29 09:32:32,587][gurobipy][INFO] - H    0     0                       0.3122247    0.50437  61.5%     -   16s
[2025-01-29 09:32:32,589][gurobipy][INFO] - H    0     0                       0.3125118    0.50437  61.4%     -   16s
[2025-01-29 09:32:32,589][gurobipy][INFO] -      0     0    0.31251    0    4    0.31251    0.31251  0.00%     -   16s
[2025-01-29 09:32:32,589][gurobipy][INFO] - 
[2025-01-29 09:32:32,589][gurobipy][INFO] - Cutting planes:
[2025-01-29 09:32:32,589][gurobipy][INFO] -   MIR: 130
[2025-01-29 09:32:32,589][gurobipy][INFO] -   Inf proof: 1
[2025-01-29 09:32:32,589][gurobipy][INFO] -   RLT: 7
[2025-01-29 09:32:32,593][gurobipy][INFO] - 
[2025-01-29 09:32:32,593][gurobipy][INFO] - Explored 1 nodes (27066 simplex iterations) in 16.80 seconds (35.87 work units)
[2025-01-29 09:32:32,593][gurobipy][INFO] - Thread count was 32 (of 128 available processors)
[2025-01-29 09:32:32,593][gurobipy][INFO] - 
[2025-01-29 09:32:32,593][gurobipy][INFO] - Solution count 10: 0.312512 0.312225 0.301454 ... 0.181782
[2025-01-29 09:32:32,593][gurobipy][INFO] - No other solutions better than 0.312512
[2025-01-29 09:32:32,593][gurobipy][INFO] - 
[2025-01-29 09:32:32,593][gurobipy][INFO] - Optimal solution found (tolerance 1.00e-04)
[2025-01-29 09:32:32,595][gurobipy][INFO] - Best objective 3.125118366618e-01, best bound 3.125118366618e-01, gap 0.0000%
[2025-01-29 09:32:32,742][__main__][INFO] - Finished size 9968 (4/5)
[2025-01-29 09:33:07,907][gurobipy][INFO] - Set parameter TimeLimit to value 600
[2025-01-29 09:33:08,001][gurobipy][INFO] - Gurobi Optimizer version 11.0.2 build v11.0.2rc0 (linux64)
[2025-01-29 09:33:08,001][gurobipy][INFO] - 
[2025-01-29 09:33:08,013][gurobipy][INFO] - CPU model: AMD EPYC 7543 32-Core Processor, instruction set [SSE2|AVX|AVX2]
[2025-01-29 09:33:08,013][gurobipy][INFO] - Thread count: 64 physical cores, 128 logical processors, using up to 32 threads
[2025-01-29 09:33:08,013][gurobipy][INFO] - 
[2025-01-29 09:33:08,013][gurobipy][INFO] - Optimize a model with 428805 rows, 6564 columns and 1110991 nonzeros
[2025-01-29 09:33:08,022][gurobipy][INFO] - Model fingerprint: 0x47d3cab2
[2025-01-29 09:33:08,022][gurobipy][INFO] - Variable types: 6498 continuous, 66 integer (66 binary)
[2025-01-29 09:33:08,022][gurobipy][INFO] - Coefficient statistics:
[2025-01-29 09:33:08,023][gurobipy][INFO] -   Matrix range     [7e-05, 2e+00]
[2025-01-29 09:33:08,023][gurobipy][INFO] -   Objective range  [1e+00, 1e+00]
[2025-01-29 09:33:08,023][gurobipy][INFO] -   Bounds range     [1e+00, 1e+00]
[2025-01-29 09:33:08,023][gurobipy][INFO] -   RHS range        [1e+00, 1e+01]
[2025-01-29 09:33:08,082][gurobipy][INFO] - Found heuristic solution: objective 0.0000000
[2025-01-29 09:33:10,340][gurobipy][INFO] - Presolve removed 116922 rows and 4 columns
[2025-01-29 09:33:10,340][gurobipy][INFO] - Presolve time: 2.26s
[2025-01-29 09:33:10,340][gurobipy][INFO] - Presolved: 311883 rows, 6560 columns, 942141 nonzeros
[2025-01-29 09:33:10,542][gurobipy][INFO] - Variable types: 6498 continuous, 62 integer (62 binary)
[2025-01-29 09:33:10,868][gurobipy][INFO] - Root relaxation presolved: 6560 rows, 318443 columns, 948701 nonzeros
[2025-01-29 09:33:10,868][gurobipy][INFO] - 
[2025-01-29 09:33:10,974][gurobipy][INFO] - 
[2025-01-29 09:33:10,974][gurobipy][INFO] - Root relaxation: objective 1.000000e+00, 332 iterations, 0.42 seconds (0.79 work units)
[2025-01-29 09:33:10,993][gurobipy][INFO] - 
[2025-01-29 09:33:10,993][gurobipy][INFO] -     Nodes    |    Current Node    |     Objective Bounds      |     Work
[2025-01-29 09:33:10,993][gurobipy][INFO] -  Expl Unexpl |  Obj  Depth IntInf | Incumbent    BestBd   Gap | It/Node Time
[2025-01-29 09:33:10,993][gurobipy][INFO] - 
[2025-01-29 09:33:10,993][gurobipy][INFO] -      0     0    1.00000    0    1    0.00000    1.00000      -     -    2s
[2025-01-29 09:33:11,243][gurobipy][INFO] - H    0     0                       0.0082809    1.00000      -     -    3s
[2025-01-29 09:33:11,324][gurobipy][INFO] - H    0     0                       0.0131264    1.00000  7518%     -    3s
[2025-01-29 09:33:12,003][gurobipy][INFO] -      0     0    1.00000    0   10    0.01313    1.00000  7518%     -    3s
[2025-01-29 09:33:12,057][gurobipy][INFO] -      0     0    1.00000    0    8    0.01313    1.00000  7518%     -    4s
[2025-01-29 09:33:13,106][gurobipy][INFO] - H    0     0                       0.0189987    1.00000  5164%     -    5s
[2025-01-29 09:33:22,786][gurobipy][INFO] -      0     0    1.00000    0   60    0.01900    1.00000  5164%     -   14s
[2025-01-29 09:33:24,452][gurobipy][INFO] -      0     0    1.00000    0   53    0.01900    1.00000  5164%     -   16s
[2025-01-29 09:33:30,737][gurobipy][INFO] -      0     0    1.00000    0   50    0.01900    1.00000  5164%     -   22s
[2025-01-29 09:33:32,105][gurobipy][INFO] - H    0     0                       0.0571832    1.00000  1649%     -   24s
[2025-01-29 09:33:33,353][gurobipy][INFO] -      0     0    1.00000    0   46    0.05718    1.00000  1649%     -   25s
[2025-01-29 09:33:44,913][gurobipy][INFO] -      0     0    1.00000    0   43    0.05718    1.00000  1649%     -   36s
[2025-01-29 09:34:03,925][gurobipy][INFO] -      0     0    1.00000    0   47    0.05718    1.00000  1649%     -   55s
[2025-01-29 09:34:12,287][gurobipy][INFO] -      0     0    1.00000    0   47    0.05718    1.00000  1649%     -   64s
[2025-01-29 09:34:19,515][gurobipy][INFO] -      0     0    1.00000    0   47    0.05718    1.00000  1649%     -   71s
[2025-01-29 09:34:33,170][gurobipy][INFO] -      0     0    1.00000    0   47    0.05718    1.00000  1649%     -   85s
[2025-01-29 09:34:43,847][gurobipy][INFO] -      0     0    1.00000    0   47    0.05718    1.00000  1649%     -   95s
[2025-01-29 09:34:54,841][gurobipy][INFO] -      0     0    1.00000    0   47    0.05718    1.00000  1649%     -  106s
[2025-01-29 09:35:03,167][gurobipy][INFO] -      0     0    1.00000    0   47    0.05718    1.00000  1649%     -  115s
[2025-01-29 09:35:07,311][gurobipy][INFO] - H    0     0                       0.3186677    1.00000   214%     -  119s
[2025-01-29 09:35:57,472][gurobipy][INFO] -      0     2    1.00000    0   47    0.31867    1.00000   214%     -  169s
[2025-01-29 09:36:00,346][gurobipy][INFO] -      1     2    1.00000    1   46    0.31867    1.00000   214%  2414  172s
[2025-01-29 09:36:05,942][gurobipy][INFO] -      3     2    1.00000    2   45    0.31867    1.00000   214%  1483  177s
[2025-01-29 09:36:08,616][gurobipy][INFO] -      5     2    1.00000    3   44    0.31867    1.00000   214%   973  180s
[2025-01-29 09:36:14,263][gurobipy][INFO] -      9     2    1.00000    5   42    0.31867    1.00000   214%   634  186s
[2025-01-29 09:36:21,323][gurobipy][INFO] -     13     2    1.00000    7   39    0.31867    1.00000   214%   560  193s
[2025-01-29 09:36:26,318][gurobipy][INFO] -     15     2    1.00000    8   30    0.31867    1.00000   214%   645  198s
[2025-01-29 09:36:28,327][gurobipy][INFO] -     19     2    1.00000   10   28    0.31867    1.00000   214%   535  200s
[2025-01-29 09:37:01,012][gurobipy][INFO] -     25     2    1.00000   13   28    0.31867    1.00000   214%  1110  232s
[2025-01-29 09:37:03,054][gurobipy][INFO] -     29     2    1.00000   15   27    0.31867    1.00000   214%  1011  235s
[2025-01-29 09:37:08,048][gurobipy][INFO] -     49     2    1.00000   25   17    0.31867    1.00000   214%   739  240s
[2025-01-29 09:37:17,200][gurobipy][INFO] -     64     2    1.00000   31   13    0.31867    1.00000   214%   825  249s
[2025-01-29 09:37:18,584][gurobipy][INFO] -     66     2    1.00000   32   12    0.31867    1.00000   214%   818  250s
[2025-01-29 09:37:23,172][gurobipy][INFO] -     68     4    1.00000   33   10    0.31867    1.00000   214%   827  255s
[2025-01-29 09:37:30,312][gurobipy][INFO] -     70     4    1.00000   34   13    0.31867    1.00000   214%  1035  262s
[2025-01-29 09:37:35,376][gurobipy][INFO] -     74     4    1.00000   35   12    0.31867    1.00000   214%  1145  267s
[2025-01-29 09:37:41,494][gurobipy][INFO] -     78     6    1.00000   36   11    0.31867    1.00000   214%  1352  273s
[2025-01-29 09:37:50,416][gurobipy][INFO] -     82     6    0.40574   37    9    0.31867    1.00000   214%  1496  282s
[2025-01-29 09:37:54,087][gurobipy][INFO] -     88     4 infeasible   38         0.31867    0.44594  39.9%  1711  286s
[2025-01-29 09:37:54,516][gurobipy][INFO] - *   95     4              39       0.3189813    0.34204  7.23%  1648  286s
[2025-01-29 09:37:54,943][gurobipy][INFO] - 
[2025-01-29 09:37:54,943][gurobipy][INFO] - Cutting planes:
[2025-01-29 09:37:54,943][gurobipy][INFO] -   Implied bound: 2
[2025-01-29 09:37:54,943][gurobipy][INFO] -   MIR: 11
[2025-01-29 09:37:54,943][gurobipy][INFO] -   Inf proof: 1
[2025-01-29 09:37:54,944][gurobipy][INFO] -   RLT: 4
[2025-01-29 09:37:54,962][gurobipy][INFO] - 
[2025-01-29 09:37:54,962][gurobipy][INFO] - Explored 102 nodes (194454 simplex iterations) in 286.95 seconds (1021.39 work units)
[2025-01-29 09:37:54,962][gurobipy][INFO] - Thread count was 32 (of 128 available processors)
[2025-01-29 09:37:54,963][gurobipy][INFO] - 
[2025-01-29 09:37:54,963][gurobipy][INFO] - Solution count 7: 0.318981 0.318668 0.0571832 ... 1.0858e-13
[2025-01-29 09:37:54,963][gurobipy][INFO] - No other solutions better than 0.318981
[2025-01-29 09:37:54,963][gurobipy][INFO] - 
[2025-01-29 09:37:54,963][gurobipy][INFO] - Optimal solution found (tolerance 1.00e-04)
[2025-01-29 09:37:54,966][gurobipy][INFO] - Best objective 3.189813278252e-01, best bound 3.189813278252e-01, gap 0.0000%
[2025-01-29 09:37:55,267][__main__][INFO] - Finished size 21452 (5/5)
