[2025-01-29 13:10:24,124][__main__][INFO] - In total, there are 1229 possible subgroups
[2025-01-29 13:10:24,153][__main__][INFO] - [0], []
[2025-01-29 13:10:24,337][__main__][INFO] - [1], []
[2025-01-29 13:10:24,573][__main__][INFO] - [2], []
[2025-01-29 13:10:24,797][__main__][INFO] - [3], []
[2025-01-29 13:10:24,977][__main__][INFO] - [4], []
[2025-01-29 13:10:25,195][__main__][INFO] - [5], []
[2025-01-29 13:10:25,387][__main__][INFO] - [6], []
[2025-01-29 13:10:25,471][__main__][INFO] - [7], []
[2025-01-29 13:10:25,509][__main__][INFO] - [8], []
[2025-01-29 13:10:25,531][__main__][INFO] - [9], []
[2025-01-29 13:10:25,549][__main__][INFO] - [10], []
[2025-01-29 13:10:26,423][__main__][INFO] - [11], []
[2025-01-29 13:10:26,466][__main__][INFO] - [12], []
[2025-01-29 13:10:26,626][__main__][INFO] - [13], []
[2025-01-29 13:10:26,650][__main__][INFO] - [14], []
[2025-01-29 13:10:26,673][__main__][INFO] - [15], []
[2025-01-29 13:10:26,862][__main__][INFO] - [16], []
[2025-01-29 13:10:27,455][__main__][INFO] - [], [16]
[2025-01-29 13:10:28,119][__main__][INFO] - [17], []
[2025-01-29 13:10:28,255][__main__][INFO] - [18], []
[2025-01-29 13:10:29,027][__main__][INFO] - [19], []
[2025-01-29 13:10:29,085][__main__][INFO] - [20], []
[2025-01-29 13:10:29,142][__main__][INFO] - [21], []
[2025-01-29 13:10:29,166][__main__][INFO] - [22], []
[2025-01-29 13:10:29,187][__main__][INFO] - [23], []
[2025-01-29 13:10:29,378][__main__][INFO] - [24], []
[2025-01-29 13:10:29,398][__main__][INFO] - [25], []
[2025-01-29 13:10:29,444][__main__][INFO] - [0, 10], []
[2025-01-29 13:10:29,607][__main__][INFO] - [0, 11], []
[2025-01-29 13:10:29,629][__main__][INFO] - [0, 12], []
[2025-01-29 13:10:29,655][__main__][INFO] - [0, 13], []
[2025-01-29 13:10:29,679][__main__][INFO] - [0, 14], []
[2025-01-29 13:10:29,699][__main__][INFO] - [0, 15], []
[2025-01-29 13:10:29,727][__main__][INFO] - [0, 16], []
[2025-01-29 13:10:29,823][__main__][INFO] - [0], [16]
[2025-01-29 13:10:29,922][__main__][INFO] - [0, 17], []
[2025-01-29 13:10:29,961][__main__][INFO] - [0, 18], []
[2025-01-29 13:10:30,074][__main__][INFO] - [0, 19], []
[2025-01-29 13:10:30,103][__main__][INFO] - [0, 20], []
[2025-01-29 13:10:30,129][__main__][INFO] - [0, 21], []
[2025-01-29 13:10:30,150][__main__][INFO] - [0, 22], []
[2025-01-29 13:10:30,170][__main__][INFO] - [0, 23], []
[2025-01-29 13:10:30,206][__main__][INFO] - [0, 24], []
[2025-01-29 13:10:30,255][__main__][INFO] - [1, 10], []
[2025-01-29 13:10:30,442][__main__][INFO] - [1, 11], []
[2025-01-29 13:10:30,466][__main__][INFO] - [1, 12], []
[2025-01-29 13:10:30,502][__main__][INFO] - [1, 13], []
[2025-01-29 13:10:30,522][__main__][INFO] - [1, 14], []
[2025-01-29 13:10:30,543][__main__][INFO] - [1, 15], []
[2025-01-29 13:10:30,581][__main__][INFO] - [1, 16], []
[2025-01-29 13:10:30,697][__main__][INFO] - [1], [16]
[2025-01-29 13:10:30,822][__main__][INFO] - [1, 17], []
[2025-01-29 13:10:30,866][__main__][INFO] - [1, 18], []
[2025-01-29 13:10:31,009][__main__][INFO] - [1, 19], []
[2025-01-29 13:10:31,038][__main__][INFO] - [1, 20], []
[2025-01-29 13:10:31,065][__main__][INFO] - [1, 21], []
[2025-01-29 13:10:31,086][__main__][INFO] - [1, 22], []
[2025-01-29 13:10:31,107][__main__][INFO] - [1, 23], []
[2025-01-29 13:10:31,154][__main__][INFO] - [1, 24], []
[2025-01-29 13:10:31,203][__main__][INFO] - [2, 10], []
[2025-01-29 13:10:31,352][__main__][INFO] - [2, 11], []
[2025-01-29 13:10:31,377][__main__][INFO] - [2, 12], []
[2025-01-29 13:10:31,420][__main__][INFO] - [2, 13], []
[2025-01-29 13:10:31,441][__main__][INFO] - [2, 14], []
[2025-01-29 13:10:31,462][__main__][INFO] - [2, 15], []
[2025-01-29 13:10:31,511][__main__][INFO] - [2, 16], []
[2025-01-29 13:10:31,618][__main__][INFO] - [2], [16]
[2025-01-29 13:10:31,740][__main__][INFO] - [2, 17], []
[2025-01-29 13:10:31,781][__main__][INFO] - [2, 18], []
[2025-01-29 13:10:31,916][__main__][INFO] - [2, 19], []
[2025-01-29 13:10:31,942][__main__][INFO] - [2, 20], []
[2025-01-29 13:10:31,968][__main__][INFO] - [2, 21], []
[2025-01-29 13:10:31,989][__main__][INFO] - [2, 22], []
[2025-01-29 13:10:32,009][__main__][INFO] - [2, 23], []
[2025-01-29 13:10:32,060][__main__][INFO] - [2, 24], []
[2025-01-29 13:10:32,109][__main__][INFO] - [3, 10], []
[2025-01-29 13:10:32,214][__main__][INFO] - [3, 11], []
[2025-01-29 13:10:32,238][__main__][INFO] - [3, 12], []
[2025-01-29 13:10:32,282][__main__][INFO] - [3, 13], []
[2025-01-29 13:10:32,303][__main__][INFO] - [3, 14], []
[2025-01-29 13:10:32,323][__main__][INFO] - [3, 15], []
[2025-01-29 13:10:32,373][__main__][INFO] - [3, 16], []
[2025-01-29 13:10:32,462][__main__][INFO] - [3], [16]
[2025-01-29 13:10:32,561][__main__][INFO] - [3, 17], []
[2025-01-29 13:10:32,597][__main__][INFO] - [3, 18], []
[2025-01-29 13:10:32,704][__main__][INFO] - [3, 19], []
[2025-01-29 13:10:32,728][__main__][INFO] - [3, 20], []
[2025-01-29 13:10:32,753][__main__][INFO] - [3, 21], []
[2025-01-29 13:10:32,773][__main__][INFO] - [3, 22], []
[2025-01-29 13:10:32,794][__main__][INFO] - [3, 23], []
[2025-01-29 13:10:32,839][__main__][INFO] - [3, 24], []
[2025-01-29 13:10:32,888][__main__][INFO] - [4, 10], []
[2025-01-29 13:10:33,020][__main__][INFO] - [4, 11], []
[2025-01-29 13:10:33,045][__main__][INFO] - [4, 12], []
[2025-01-29 13:10:33,093][__main__][INFO] - [4, 13], []
[2025-01-29 13:10:33,115][__main__][INFO] - [4, 14], []
[2025-01-29 13:10:33,135][__main__][INFO] - [4, 15], []
[2025-01-29 13:10:33,193][__main__][INFO] - [4, 16], []
[2025-01-29 13:10:33,301][__main__][INFO] - [4], [16]
[2025-01-29 13:10:33,418][__main__][INFO] - [4, 17], []
[2025-01-29 13:10:33,456][__main__][INFO] - [4, 18], []
[2025-01-29 13:10:33,594][__main__][INFO] - [4, 19], []
[2025-01-29 13:10:33,618][__main__][INFO] - [4, 20], []
[2025-01-29 13:10:33,644][__main__][INFO] - [4, 21], []
[2025-01-29 13:10:33,665][__main__][INFO] - [4, 22], []
[2025-01-29 13:10:33,685][__main__][INFO] - [4, 23], []
[2025-01-29 13:10:33,734][__main__][INFO] - [4, 24], []
[2025-01-29 13:10:33,783][__main__][INFO] - [5, 10], []
[2025-01-29 13:10:33,912][__main__][INFO] - [5, 11], []
[2025-01-29 13:10:33,936][__main__][INFO] - [5, 12], []
[2025-01-29 13:10:33,979][__main__][INFO] - [5, 13], []
[2025-01-29 13:10:34,000][__main__][INFO] - [5, 14], []
[2025-01-29 13:10:34,021][__main__][INFO] - [5, 15], []
[2025-01-29 13:10:34,065][__main__][INFO] - [5, 16], []
[2025-01-29 13:10:34,162][__main__][INFO] - [5], [16]
[2025-01-29 13:10:34,268][__main__][INFO] - [5, 17], []
[2025-01-29 13:10:34,298][__main__][INFO] - [5, 18], []
[2025-01-29 13:10:34,430][__main__][INFO] - [5, 19], []
[2025-01-29 13:10:34,454][__main__][INFO] - [5, 20], []
[2025-01-29 13:10:34,479][__main__][INFO] - [5, 21], []
[2025-01-29 13:10:34,500][__main__][INFO] - [5, 22], []
[2025-01-29 13:10:34,520][__main__][INFO] - [5, 23], []
[2025-01-29 13:10:34,562][__main__][INFO] - [5, 24], []
[2025-01-29 13:10:34,612][__main__][INFO] - [6, 10], []
[2025-01-29 13:10:34,676][__main__][INFO] - [6, 11], []
[2025-01-29 13:10:34,698][__main__][INFO] - [6, 12], []
[2025-01-29 13:10:34,726][__main__][INFO] - [6, 13], []
[2025-01-29 13:10:34,746][__main__][INFO] - [6, 14], []
[2025-01-29 13:10:34,766][__main__][INFO] - [6, 15], []
[2025-01-29 13:10:34,793][__main__][INFO] - [6, 16], []
[2025-01-29 13:10:34,841][__main__][INFO] - [6], [16]
[2025-01-29 13:10:34,895][__main__][INFO] - [6, 17], []
[2025-01-29 13:10:34,917][__main__][INFO] - [6, 18], []
[2025-01-29 13:10:34,983][__main__][INFO] - [6, 19], []
[2025-01-29 13:10:35,004][__main__][INFO] - [6, 20], []
[2025-01-29 13:10:35,026][__main__][INFO] - [6, 21], []
[2025-01-29 13:10:35,046][__main__][INFO] - [6, 22], []
[2025-01-29 13:10:35,066][__main__][INFO] - [6, 23], []
[2025-01-29 13:10:35,094][__main__][INFO] - [6, 24], []
[2025-01-29 13:10:35,144][__main__][INFO] - [7, 10], []
[2025-01-29 13:10:35,178][__main__][INFO] - [7, 11], []
[2025-01-29 13:10:35,198][__main__][INFO] - [7, 12], []
[2025-01-29 13:10:35,220][__main__][INFO] - [7, 13], []
[2025-01-29 13:10:35,242][__main__][INFO] - [7, 14], []
[2025-01-29 13:10:35,262][__main__][INFO] - [7, 15], []
[2025-01-29 13:10:35,284][__main__][INFO] - [7, 16], []
[2025-01-29 13:10:35,311][__main__][INFO] - [7], [16]
[2025-01-29 13:10:35,342][__main__][INFO] - [7, 17], []
[2025-01-29 13:10:35,362][__main__][INFO] - [7, 18], []
[2025-01-29 13:10:35,397][__main__][INFO] - [7, 19], []
[2025-01-29 13:10:35,417][__main__][INFO] - [7, 20], []
[2025-01-29 13:10:35,437][__main__][INFO] - [7, 21], []
[2025-01-29 13:10:35,472][__main__][INFO] - [7, 23], []
[2025-01-29 13:10:35,537][__main__][INFO] - [8, 10], []
[2025-01-29 13:10:35,560][__main__][INFO] - [8, 11], []
[2025-01-29 13:10:35,580][__main__][INFO] - [8, 12], []
[2025-01-29 13:10:35,639][__main__][INFO] - [8, 15], []
[2025-01-29 13:10:35,660][__main__][INFO] - [8, 16], []
[2025-01-29 13:10:35,682][__main__][INFO] - [8], [16]
[2025-01-29 13:10:35,704][__main__][INFO] - [8, 17], []
[2025-01-29 13:10:35,725][__main__][INFO] - [8, 18], []
[2025-01-29 13:10:35,748][__main__][INFO] - [8, 19], []
[2025-01-29 13:10:35,768][__main__][INFO] - [8, 20], []
[2025-01-29 13:10:35,817][__main__][INFO] - [8, 23], []
[2025-01-29 13:10:35,881][__main__][INFO] - [9, 10], []
[2025-01-29 13:10:35,916][__main__][INFO] - [9, 12], []
[2025-01-29 13:10:35,980][__main__][INFO] - [9, 16], []
[2025-01-29 13:10:36,000][__main__][INFO] - [9], [16]
[2025-01-29 13:10:36,035][__main__][INFO] - [9, 18], []
[2025-01-29 13:10:36,115][__main__][INFO] - [9, 23], []
[2025-01-29 13:10:36,179][__main__][INFO] - [10, 16], []
[2025-01-29 13:10:36,581][__main__][INFO] - [10], [16]
[2025-01-29 13:10:37,017][__main__][INFO] - [10, 17], []
[2025-01-29 13:10:37,093][__main__][INFO] - [10, 18], []
[2025-01-29 13:10:37,716][__main__][INFO] - [10, 19], []
[2025-01-29 13:10:37,765][__main__][INFO] - [10, 20], []
[2025-01-29 13:10:37,818][__main__][INFO] - [10, 21], []
[2025-01-29 13:10:37,843][__main__][INFO] - [10, 22], []
[2025-01-29 13:10:37,865][__main__][INFO] - [10, 23], []
[2025-01-29 13:10:37,926][__main__][INFO] - [10, 24], []
[2025-01-29 13:10:37,947][__main__][INFO] - [10, 25], []
[2025-01-29 13:10:37,982][__main__][INFO] - [11, 16], []
[2025-01-29 13:10:38,011][__main__][INFO] - [11], [16]
[2025-01-29 13:10:38,043][__main__][INFO] - [11, 17], []
[2025-01-29 13:10:38,064][__main__][INFO] - [11, 18], []
[2025-01-29 13:10:38,104][__main__][INFO] - [11, 19], []
[2025-01-29 13:10:38,124][__main__][INFO] - [11, 20], []
[2025-01-29 13:10:38,174][__main__][INFO] - [11, 23], []
[2025-01-29 13:10:38,239][__main__][INFO] - [12, 16], []
[2025-01-29 13:10:38,323][__main__][INFO] - [12], [16]
[2025-01-29 13:10:38,409][__main__][INFO] - [12, 17], []
[2025-01-29 13:10:38,429][__main__][INFO] - [12, 18], []
[2025-01-29 13:10:38,459][__main__][INFO] - [12, 19], []
[2025-01-29 13:10:38,481][__main__][INFO] - [12, 20], []
[2025-01-29 13:10:38,534][__main__][INFO] - [12, 23], []
[2025-01-29 13:10:38,715][__main__][INFO] - [13, 16], []
[2025-01-29 13:10:38,738][__main__][INFO] - [13], [16]
[2025-01-29 13:10:38,761][__main__][INFO] - [13, 17], []
[2025-01-29 13:10:38,781][__main__][INFO] - [13, 18], []
[2025-01-29 13:10:38,802][__main__][INFO] - [13, 19], []
[2025-01-29 13:10:38,822][__main__][INFO] - [13, 20], []
[2025-01-29 13:10:38,874][__main__][INFO] - [13, 23], []
[2025-01-29 13:10:38,939][__main__][INFO] - [14, 16], []
[2025-01-29 13:10:38,960][__main__][INFO] - [14], [16]
[2025-01-29 13:10:38,997][__main__][INFO] - [14, 18], []
[2025-01-29 13:10:39,018][__main__][INFO] - [14, 19], []
[2025-01-29 13:10:39,067][__main__][INFO] - [14, 22], []
[2025-01-29 13:10:39,088][__main__][INFO] - [14, 23], []
[2025-01-29 13:10:39,153][__main__][INFO] - [15, 16], []
[2025-01-29 13:10:39,239][__main__][INFO] - [15], [16]
[2025-01-29 13:10:39,349][__main__][INFO] - [15, 17], []
[2025-01-29 13:10:39,425][__main__][INFO] - [15, 18], []
[2025-01-29 13:10:39,531][__main__][INFO] - [15, 19], []
[2025-01-29 13:10:39,553][__main__][INFO] - [15, 20], []
[2025-01-29 13:10:39,575][__main__][INFO] - [15, 21], []
[2025-01-29 13:10:39,596][__main__][INFO] - [15, 22], []
[2025-01-29 13:10:39,616][__main__][INFO] - [15, 23], []
[2025-01-29 13:10:39,637][__main__][INFO] - [15, 24], []
[2025-01-29 13:10:39,687][__main__][INFO] - [16, 17], []
[2025-01-29 13:10:39,754][__main__][INFO] - [16, 18], []
[2025-01-29 13:10:40,098][__main__][INFO] - [16, 19], []
[2025-01-29 13:10:40,136][__main__][INFO] - [16, 20], []
[2025-01-29 13:10:40,175][__main__][INFO] - [16, 21], []
[2025-01-29 13:10:40,197][__main__][INFO] - [16, 22], []
[2025-01-29 13:10:40,218][__main__][INFO] - [16, 23], []
[2025-01-29 13:10:40,317][__main__][INFO] - [16, 24], []
[2025-01-29 13:10:40,368][__main__][INFO] - [17], [16]
[2025-01-29 13:10:40,447][__main__][INFO] - [18], [16]
[2025-01-29 13:10:40,846][__main__][INFO] - [19], [16]
[2025-01-29 13:10:40,884][__main__][INFO] - [20], [16]
[2025-01-29 13:10:40,921][__main__][INFO] - [21], [16]
[2025-01-29 13:10:40,943][__main__][INFO] - [22], [16]
[2025-01-29 13:10:40,964][__main__][INFO] - [23], [16]
[2025-01-29 13:10:41,061][__main__][INFO] - [24], [16]
[2025-01-29 13:10:41,141][__main__][INFO] - [0, 10, 16], []
[2025-01-29 13:10:41,228][__main__][INFO] - [0, 10], [16]
[2025-01-29 13:10:41,317][__main__][INFO] - [0, 10, 17], []
[2025-01-29 13:10:41,356][__main__][INFO] - [0, 10, 18], []
[2025-01-29 13:10:41,460][__main__][INFO] - [0, 10, 19], []
[2025-01-29 13:10:41,491][__main__][INFO] - [0, 10, 20], []
[2025-01-29 13:10:41,518][__main__][INFO] - [0, 10, 21], []
[2025-01-29 13:10:41,542][__main__][INFO] - [0, 10, 22], []
[2025-01-29 13:10:41,564][__main__][INFO] - [0, 10, 23], []
[2025-01-29 13:10:41,596][__main__][INFO] - [0, 10, 24], []
[2025-01-29 13:10:41,648][__main__][INFO] - [0, 11, 16], []
[2025-01-29 13:10:41,672][__main__][INFO] - [0, 11], [16]
[2025-01-29 13:10:41,710][__main__][INFO] - [0, 11, 18], []
[2025-01-29 13:10:41,733][__main__][INFO] - [0, 11, 19], []
[2025-01-29 13:10:41,800][__main__][INFO] - [0, 11, 23], []
[2025-01-29 13:10:41,868][__main__][INFO] - [0, 12, 16], []
[2025-01-29 13:10:41,893][__main__][INFO] - [0, 12], [16]
[2025-01-29 13:10:41,934][__main__][INFO] - [0, 12, 18], []
[2025-01-29 13:10:41,957][__main__][INFO] - [0, 12, 19], []
[2025-01-29 13:10:42,025][__main__][INFO] - [0, 12, 23], []
[2025-01-29 13:10:42,097][__main__][INFO] - [0, 13, 16], []
[2025-01-29 13:10:42,120][__main__][INFO] - [0, 13], [16]
[2025-01-29 13:10:42,158][__main__][INFO] - [0, 13, 18], []
[2025-01-29 13:10:42,195][__main__][INFO] - [0, 13, 20], []
[2025-01-29 13:10:42,308][__main__][INFO] - [0, 14, 16], []
[2025-01-29 13:10:42,329][__main__][INFO] - [0, 14], [16]
[2025-01-29 13:10:42,367][__main__][INFO] - [0, 14, 18], []
[2025-01-29 13:10:42,434][__main__][INFO] - [0, 14, 22], []
[2025-01-29 13:10:42,516][__main__][INFO] - [0, 15, 16], []
[2025-01-29 13:10:42,542][__main__][INFO] - [0, 15], [16]
[2025-01-29 13:10:42,568][__main__][INFO] - [0, 15, 17], []
[2025-01-29 13:10:42,593][__main__][INFO] - [0, 15, 18], []
[2025-01-29 13:10:42,619][__main__][INFO] - [0, 15, 19], []
[2025-01-29 13:10:42,642][__main__][INFO] - [0, 15, 20], []
[2025-01-29 13:10:42,664][__main__][INFO] - [0, 15, 21], []
[2025-01-29 13:10:42,701][__main__][INFO] - [0, 15, 23], []
[2025-01-29 13:10:42,769][__main__][INFO] - [0, 16, 17], []
[2025-01-29 13:10:42,799][__main__][INFO] - [0, 16, 18], []
[2025-01-29 13:10:42,863][__main__][INFO] - [0, 16, 19], []
[2025-01-29 13:10:42,889][__main__][INFO] - [0, 16, 20], []
[2025-01-29 13:10:42,913][__main__][INFO] - [0, 16, 21], []
[2025-01-29 13:10:42,936][__main__][INFO] - [0, 16, 22], []
[2025-01-29 13:10:42,958][__main__][INFO] - [0, 16, 23], []
[2025-01-29 13:10:42,987][__main__][INFO] - [0, 16, 24], []
[2025-01-29 13:10:43,038][__main__][INFO] - [0, 17], [16]
[2025-01-29 13:10:43,071][__main__][INFO] - [0, 18], [16]
[2025-01-29 13:10:43,150][__main__][INFO] - [0, 19], [16]
[2025-01-29 13:10:43,176][__main__][INFO] - [0, 20], [16]
[2025-01-29 13:10:43,201][__main__][INFO] - [0, 21], [16]
[2025-01-29 13:10:43,223][__main__][INFO] - [0, 22], [16]
[2025-01-29 13:10:43,246][__main__][INFO] - [0, 23], [16]
[2025-01-29 13:10:43,276][__main__][INFO] - [0, 24], [16]
[2025-01-29 13:10:43,343][__main__][INFO] - [1, 10, 16], []
[2025-01-29 13:10:43,440][__main__][INFO] - [1, 10], [16]
[2025-01-29 13:10:43,544][__main__][INFO] - [1, 10, 17], []
[2025-01-29 13:10:43,584][__main__][INFO] - [1, 10, 18], []
[2025-01-29 13:10:43,708][__main__][INFO] - [1, 10, 19], []
[2025-01-29 13:10:43,738][__main__][INFO] - [1, 10, 20], []
[2025-01-29 13:10:43,767][__main__][INFO] - [1, 10, 21], []
[2025-01-29 13:10:43,790][__main__][INFO] - [1, 10, 22], []
[2025-01-29 13:10:43,813][__main__][INFO] - [1, 10, 23], []
[2025-01-29 13:10:43,848][__main__][INFO] - [1, 10, 24], []
[2025-01-29 13:10:43,901][__main__][INFO] - [1, 11, 16], []
[2025-01-29 13:10:43,925][__main__][INFO] - [1, 11], [16]
[2025-01-29 13:10:43,964][__main__][INFO] - [1, 11, 18], []
[2025-01-29 13:10:43,989][__main__][INFO] - [1, 11, 19], []
[2025-01-29 13:10:44,012][__main__][INFO] - [1, 11, 20], []
[2025-01-29 13:10:44,065][__main__][INFO] - [1, 11, 23], []
[2025-01-29 13:10:44,132][__main__][INFO] - [1, 12, 16], []
[2025-01-29 13:10:44,162][__main__][INFO] - [1, 12], [16]
[2025-01-29 13:10:44,207][__main__][INFO] - [1, 12, 18], []
[2025-01-29 13:10:44,231][__main__][INFO] - [1, 12, 19], []
[2025-01-29 13:10:44,299][__main__][INFO] - [1, 12, 23], []
[2025-01-29 13:10:44,379][__main__][INFO] - [1, 13, 16], []
[2025-01-29 13:10:44,402][__main__][INFO] - [1, 13], [16]
[2025-01-29 13:10:44,440][__main__][INFO] - [1, 13, 18], []
[2025-01-29 13:10:44,478][__main__][INFO] - [1, 13, 20], []
[2025-01-29 13:10:44,590][__main__][INFO] - [1, 14, 16], []
[2025-01-29 13:10:44,613][__main__][INFO] - [1, 14], [16]
[2025-01-29 13:10:44,650][__main__][INFO] - [1, 14, 18], []
[2025-01-29 13:10:44,718][__main__][INFO] - [1, 14, 22], []
[2025-01-29 13:10:44,741][__main__][INFO] - [1, 14, 23], []
[2025-01-29 13:10:44,808][__main__][INFO] - [1, 15, 16], []
[2025-01-29 13:10:44,837][__main__][INFO] - [1, 15], [16]
[2025-01-29 13:10:44,870][__main__][INFO] - [1, 15, 17], []
[2025-01-29 13:10:44,899][__main__][INFO] - [1, 15, 18], []
[2025-01-29 13:10:44,931][__main__][INFO] - [1, 15, 19], []
[2025-01-29 13:10:44,953][__main__][INFO] - [1, 15, 20], []
[2025-01-29 13:10:44,976][__main__][INFO] - [1, 15, 21], []
[2025-01-29 13:10:45,014][__main__][INFO] - [1, 15, 23], []
[2025-01-29 13:10:45,036][__main__][INFO] - [1, 15, 24], []
[2025-01-29 13:10:45,089][__main__][INFO] - [1, 16, 17], []
[2025-01-29 13:10:45,121][__main__][INFO] - [1, 16, 18], []
[2025-01-29 13:10:45,196][__main__][INFO] - [1, 16, 19], []
[2025-01-29 13:10:45,223][__main__][INFO] - [1, 16, 20], []
[2025-01-29 13:10:45,248][__main__][INFO] - [1, 16, 21], []
[2025-01-29 13:10:45,271][__main__][INFO] - [1, 16, 22], []
[2025-01-29 13:10:45,293][__main__][INFO] - [1, 16, 23], []
[2025-01-29 13:10:45,328][__main__][INFO] - [1, 16, 24], []
[2025-01-29 13:10:45,380][__main__][INFO] - [1, 17], [16]
[2025-01-29 13:10:45,415][__main__][INFO] - [1, 18], [16]
[2025-01-29 13:10:45,497][__main__][INFO] - [1, 19], [16]
[2025-01-29 13:10:45,523][__main__][INFO] - [1, 20], [16]
[2025-01-29 13:10:45,549][__main__][INFO] - [1, 21], [16]
[2025-01-29 13:10:45,571][__main__][INFO] - [1, 22], [16]
[2025-01-29 13:10:45,594][__main__][INFO] - [1, 23], [16]
[2025-01-29 13:10:45,629][__main__][INFO] - [1, 24], [16]
[2025-01-29 13:10:45,695][__main__][INFO] - [2, 10, 16], []
[2025-01-29 13:10:45,776][__main__][INFO] - [2, 10], [16]
[2025-01-29 13:10:45,863][__main__][INFO] - [2, 10, 17], []
[2025-01-29 13:10:45,894][__main__][INFO] - [2, 10, 18], []
[2025-01-29 13:10:46,004][__main__][INFO] - [2, 10, 19], []
[2025-01-29 13:10:46,032][__main__][INFO] - [2, 10, 20], []
[2025-01-29 13:10:46,059][__main__][INFO] - [2, 10, 21], []
[2025-01-29 13:10:46,082][__main__][INFO] - [2, 10, 22], []
[2025-01-29 13:10:46,106][__main__][INFO] - [2, 10, 23], []
[2025-01-29 13:10:46,137][__main__][INFO] - [2, 10, 24], []
[2025-01-29 13:10:46,189][__main__][INFO] - [2, 11, 16], []
[2025-01-29 13:10:46,214][__main__][INFO] - [2, 11], [16]
[2025-01-29 13:10:46,254][__main__][INFO] - [2, 11, 18], []
[2025-01-29 13:10:46,280][__main__][INFO] - [2, 11, 19], []
[2025-01-29 13:10:46,348][__main__][INFO] - [2, 11, 23], []
[2025-01-29 13:10:46,416][__main__][INFO] - [2, 12, 16], []
[2025-01-29 13:10:46,448][__main__][INFO] - [2, 12], [16]
[2025-01-29 13:10:46,497][__main__][INFO] - [2, 12, 18], []
[2025-01-29 13:10:46,521][__main__][INFO] - [2, 12, 19], []
[2025-01-29 13:10:46,589][__main__][INFO] - [2, 12, 23], []
[2025-01-29 13:10:46,677][__main__][INFO] - [2, 13, 16], []
[2025-01-29 13:10:46,700][__main__][INFO] - [2, 13], [16]
[2025-01-29 13:10:46,738][__main__][INFO] - [2, 13, 18], []
[2025-01-29 13:10:46,775][__main__][INFO] - [2, 13, 20], []
[2025-01-29 13:10:46,829][__main__][INFO] - [2, 13, 23], []
[2025-01-29 13:10:46,896][__main__][INFO] - [2, 14, 16], []
[2025-01-29 13:10:46,919][__main__][INFO] - [2, 14], [16]
[2025-01-29 13:10:46,956][__main__][INFO] - [2, 14, 18], []
[2025-01-29 13:10:47,024][__main__][INFO] - [2, 14, 22], []
[2025-01-29 13:10:47,047][__main__][INFO] - [2, 14, 23], []
[2025-01-29 13:10:47,114][__main__][INFO] - [2, 15, 16], []
[2025-01-29 13:10:47,148][__main__][INFO] - [2, 15], [16]
[2025-01-29 13:10:47,186][__main__][INFO] - [2, 15, 17], []
[2025-01-29 13:10:47,219][__main__][INFO] - [2, 15, 18], []
[2025-01-29 13:10:47,256][__main__][INFO] - [2, 15, 19], []
[2025-01-29 13:10:47,279][__main__][INFO] - [2, 15, 20], []
[2025-01-29 13:10:47,301][__main__][INFO] - [2, 15, 21], []
[2025-01-29 13:10:47,339][__main__][INFO] - [2, 15, 23], []
[2025-01-29 13:10:47,362][__main__][INFO] - [2, 15, 24], []
[2025-01-29 13:10:47,415][__main__][INFO] - [2, 16, 17], []
[2025-01-29 13:10:47,445][__main__][INFO] - [2, 16, 18], []
[2025-01-29 13:10:47,514][__main__][INFO] - [2, 16, 19], []
[2025-01-29 13:10:47,539][__main__][INFO] - [2, 16, 20], []
[2025-01-29 13:10:47,564][__main__][INFO] - [2, 16, 21], []
[2025-01-29 13:10:47,587][__main__][INFO] - [2, 16, 22], []
[2025-01-29 13:10:47,609][__main__][INFO] - [2, 16, 23], []
[2025-01-29 13:10:47,646][__main__][INFO] - [2, 16, 24], []
[2025-01-29 13:10:47,698][__main__][INFO] - [2, 17], [16]
[2025-01-29 13:10:47,731][__main__][INFO] - [2, 18], [16]
[2025-01-29 13:10:47,811][__main__][INFO] - [2, 19], [16]
[2025-01-29 13:10:47,836][__main__][INFO] - [2, 20], [16]
[2025-01-29 13:10:47,861][__main__][INFO] - [2, 21], [16]
[2025-01-29 13:10:47,884][__main__][INFO] - [2, 22], [16]
[2025-01-29 13:10:47,906][__main__][INFO] - [2, 23], [16]
[2025-01-29 13:10:47,943][__main__][INFO] - [2, 24], [16]
[2025-01-29 13:10:48,010][__main__][INFO] - [3, 10, 16], []
[2025-01-29 13:10:48,070][__main__][INFO] - [3, 10], [16]
[2025-01-29 13:10:48,134][__main__][INFO] - [3, 10, 17], []
[2025-01-29 13:10:48,161][__main__][INFO] - [3, 10, 18], []
[2025-01-29 13:10:48,246][__main__][INFO] - [3, 10, 19], []
[2025-01-29 13:10:48,271][__main__][INFO] - [3, 10, 20], []
[2025-01-29 13:10:48,298][__main__][INFO] - [3, 10, 21], []
[2025-01-29 13:10:48,321][__main__][INFO] - [3, 10, 22], []
[2025-01-29 13:10:48,344][__main__][INFO] - [3, 10, 23], []
[2025-01-29 13:10:48,370][__main__][INFO] - [3, 10, 24], []
[2025-01-29 13:10:48,423][__main__][INFO] - [3, 11, 16], []
[2025-01-29 13:10:48,447][__main__][INFO] - [3, 11], [16]
[2025-01-29 13:10:48,486][__main__][INFO] - [3, 11, 18], []
[2025-01-29 13:10:48,512][__main__][INFO] - [3, 11, 19], []
[2025-01-29 13:10:48,580][__main__][INFO] - [3, 11, 23], []
[2025-01-29 13:10:48,648][__main__][INFO] - [3, 12, 16], []
[2025-01-29 13:10:48,681][__main__][INFO] - [3, 12], [16]
[2025-01-29 13:10:48,729][__main__][INFO] - [3, 12, 18], []
[2025-01-29 13:10:48,753][__main__][INFO] - [3, 12, 19], []
[2025-01-29 13:10:48,821][__main__][INFO] - [3, 12, 23], []
[2025-01-29 13:10:48,909][__main__][INFO] - [3, 13, 16], []
[2025-01-29 13:10:48,932][__main__][INFO] - [3, 13], [16]
[2025-01-29 13:10:48,970][__main__][INFO] - [3, 13, 18], []
[2025-01-29 13:10:49,008][__main__][INFO] - [3, 13, 20], []
[2025-01-29 13:10:49,061][__main__][INFO] - [3, 13, 23], []
[2025-01-29 13:10:49,129][__main__][INFO] - [3, 14, 16], []
[2025-01-29 13:10:49,152][__main__][INFO] - [3, 14], [16]
[2025-01-29 13:10:49,189][__main__][INFO] - [3, 14, 18], []
[2025-01-29 13:10:49,212][__main__][INFO] - [3, 14, 19], []
[2025-01-29 13:10:49,264][__main__][INFO] - [3, 14, 22], []
[2025-01-29 13:10:49,287][__main__][INFO] - [3, 14, 23], []
[2025-01-29 13:10:49,355][__main__][INFO] - [3, 15, 16], []
[2025-01-29 13:10:49,390][__main__][INFO] - [3, 15], [16]
[2025-01-29 13:10:49,427][__main__][INFO] - [3, 15, 17], []
[2025-01-29 13:10:49,460][__main__][INFO] - [3, 15, 18], []
[2025-01-29 13:10:49,498][__main__][INFO] - [3, 15, 19], []
[2025-01-29 13:10:49,521][__main__][INFO] - [3, 15, 20], []
[2025-01-29 13:10:49,543][__main__][INFO] - [3, 15, 21], []
[2025-01-29 13:10:49,581][__main__][INFO] - [3, 15, 23], []
[2025-01-29 13:10:49,604][__main__][INFO] - [3, 15, 24], []
[2025-01-29 13:10:49,656][__main__][INFO] - [3, 16, 17], []
[2025-01-29 13:10:49,685][__main__][INFO] - [3, 16, 18], []
[2025-01-29 13:10:49,744][__main__][INFO] - [3, 16, 19], []
[2025-01-29 13:10:49,768][__main__][INFO] - [3, 16, 20], []
[2025-01-29 13:10:49,793][__main__][INFO] - [3, 16, 21], []
[2025-01-29 13:10:49,815][__main__][INFO] - [3, 16, 22], []
[2025-01-29 13:10:49,838][__main__][INFO] - [3, 16, 23], []
[2025-01-29 13:10:49,872][__main__][INFO] - [3, 16, 24], []
[2025-01-29 13:10:49,925][__main__][INFO] - [3, 17], [16]
[2025-01-29 13:10:49,955][__main__][INFO] - [3, 18], [16]
[2025-01-29 13:10:50,020][__main__][INFO] - [3, 19], [16]
[2025-01-29 13:10:50,044][__main__][INFO] - [3, 20], [16]
[2025-01-29 13:10:50,068][__main__][INFO] - [3, 21], [16]
[2025-01-29 13:10:50,091][__main__][INFO] - [3, 22], [16]
[2025-01-29 13:10:50,114][__main__][INFO] - [3, 23], [16]
[2025-01-29 13:10:50,147][__main__][INFO] - [3, 24], [16]
[2025-01-29 13:10:50,214][__main__][INFO] - [4, 10, 16], []
[2025-01-29 13:10:50,285][__main__][INFO] - [4, 10], [16]
[2025-01-29 13:10:50,363][__main__][INFO] - [4, 10, 17], []
[2025-01-29 13:10:50,389][__main__][INFO] - [4, 10, 18], []
[2025-01-29 13:10:50,499][__main__][INFO] - [4, 10, 19], []
[2025-01-29 13:10:50,524][__main__][INFO] - [4, 10, 20], []
[2025-01-29 13:10:50,551][__main__][INFO] - [4, 10, 21], []
[2025-01-29 13:10:50,574][__main__][INFO] - [4, 10, 22], []
[2025-01-29 13:10:50,597][__main__][INFO] - [4, 10, 23], []
[2025-01-29 13:10:50,623][__main__][INFO] - [4, 10, 24], []
[2025-01-29 13:10:50,679][__main__][INFO] - [4, 11, 16], []
[2025-01-29 13:10:50,704][__main__][INFO] - [4, 11], [16]
[2025-01-29 13:10:50,744][__main__][INFO] - [4, 11, 18], []
[2025-01-29 13:10:50,770][__main__][INFO] - [4, 11, 19], []
[2025-01-29 13:10:50,793][__main__][INFO] - [4, 11, 20], []
[2025-01-29 13:10:50,846][__main__][INFO] - [4, 11, 23], []
[2025-01-29 13:10:50,914][__main__][INFO] - [4, 12, 16], []
[2025-01-29 13:10:50,950][__main__][INFO] - [4, 12], [16]
[2025-01-29 13:10:51,000][__main__][INFO] - [4, 12, 18], []
[2025-01-29 13:10:51,024][__main__][INFO] - [4, 12, 19], []
[2025-01-29 13:10:51,092][__main__][INFO] - [4, 12, 23], []
[2025-01-29 13:10:51,184][__main__][INFO] - [4, 13, 16], []
[2025-01-29 13:10:51,207][__main__][INFO] - [4, 13], [16]
[2025-01-29 13:10:51,245][__main__][INFO] - [4, 13, 18], []
[2025-01-29 13:10:51,284][__main__][INFO] - [4, 13, 20], []
[2025-01-29 13:10:51,337][__main__][INFO] - [4, 13, 23], []
[2025-01-29 13:10:51,404][__main__][INFO] - [4, 14, 16], []
[2025-01-29 13:10:51,427][__main__][INFO] - [4, 14], [16]
[2025-01-29 13:10:51,464][__main__][INFO] - [4, 14, 18], []
[2025-01-29 13:10:51,487][__main__][INFO] - [4, 14, 19], []
[2025-01-29 13:10:51,540][__main__][INFO] - [4, 14, 22], []
[2025-01-29 13:10:51,622][__main__][INFO] - [4, 15, 16], []
[2025-01-29 13:10:51,660][__main__][INFO] - [4, 15], [16]
[2025-01-29 13:10:51,702][__main__][INFO] - [4, 15, 17], []
[2025-01-29 13:10:51,738][__main__][INFO] - [4, 15, 18], []
[2025-01-29 13:10:51,779][__main__][INFO] - [4, 15, 19], []
[2025-01-29 13:10:51,802][__main__][INFO] - [4, 15, 20], []
[2025-01-29 13:10:51,824][__main__][INFO] - [4, 15, 21], []
[2025-01-29 13:10:51,862][__main__][INFO] - [4, 15, 23], []
[2025-01-29 13:10:51,885][__main__][INFO] - [4, 15, 24], []
[2025-01-29 13:10:51,938][__main__][INFO] - [4, 16, 17], []
[2025-01-29 13:10:51,967][__main__][INFO] - [4, 16, 18], []
[2025-01-29 13:10:52,039][__main__][INFO] - [4, 16, 19], []
[2025-01-29 13:10:52,063][__main__][INFO] - [4, 16, 20], []
[2025-01-29 13:10:52,088][__main__][INFO] - [4, 16, 21], []
[2025-01-29 13:10:52,111][__main__][INFO] - [4, 16, 22], []
[2025-01-29 13:10:52,134][__main__][INFO] - [4, 16, 23], []
[2025-01-29 13:10:52,170][__main__][INFO] - [4, 16, 24], []
[2025-01-29 13:10:52,223][__main__][INFO] - [4, 17], [16]
[2025-01-29 13:10:52,254][__main__][INFO] - [4, 18], [16]
[2025-01-29 13:10:52,336][__main__][INFO] - [4, 19], [16]
[2025-01-29 13:10:52,360][__main__][INFO] - [4, 20], [16]
[2025-01-29 13:10:52,385][__main__][INFO] - [4, 21], [16]
[2025-01-29 13:10:52,408][__main__][INFO] - [4, 22], [16]
[2025-01-29 13:10:52,430][__main__][INFO] - [4, 23], [16]
[2025-01-29 13:10:52,465][__main__][INFO] - [4, 24], [16]
[2025-01-29 13:10:52,532][__main__][INFO] - [5, 10, 16], []
[2025-01-29 13:10:52,601][__main__][INFO] - [5, 10], [16]
[2025-01-29 13:10:52,677][__main__][INFO] - [5, 10, 17], []
[2025-01-29 13:10:52,701][__main__][INFO] - [5, 10, 18], []
[2025-01-29 13:10:52,811][__main__][INFO] - [5, 10, 19], []
[2025-01-29 13:10:52,835][__main__][INFO] - [5, 10, 20], []
[2025-01-29 13:10:52,862][__main__][INFO] - [5, 10, 21], []
[2025-01-29 13:10:52,886][__main__][INFO] - [5, 10, 22], []
[2025-01-29 13:10:52,909][__main__][INFO] - [5, 10, 23], []
[2025-01-29 13:10:52,933][__main__][INFO] - [5, 10, 24], []
[2025-01-29 13:10:52,986][__main__][INFO] - [5, 11, 16], []
[2025-01-29 13:10:53,010][__main__][INFO] - [5, 11], [16]
[2025-01-29 13:10:53,050][__main__][INFO] - [5, 11, 18], []
[2025-01-29 13:10:53,076][__main__][INFO] - [5, 11, 19], []
[2025-01-29 13:10:53,204][__main__][INFO] - [5, 12, 16], []
[2025-01-29 13:10:53,238][__main__][INFO] - [5, 12], [16]
[2025-01-29 13:10:53,286][__main__][INFO] - [5, 12, 18], []
[2025-01-29 13:10:53,310][__main__][INFO] - [5, 12, 19], []
[2025-01-29 13:10:53,378][__main__][INFO] - [5, 12, 23], []
[2025-01-29 13:10:53,465][__main__][INFO] - [5, 13, 16], []
[2025-01-29 13:10:53,488][__main__][INFO] - [5, 13], [16]
[2025-01-29 13:10:53,526][__main__][INFO] - [5, 13, 18], []
[2025-01-29 13:10:53,564][__main__][INFO] - [5, 13, 20], []
[2025-01-29 13:10:53,617][__main__][INFO] - [5, 13, 23], []
[2025-01-29 13:10:53,685][__main__][INFO] - [5, 14, 16], []
[2025-01-29 13:10:53,707][__main__][INFO] - [5, 14], [16]
[2025-01-29 13:10:53,745][__main__][INFO] - [5, 14, 18], []
[2025-01-29 13:10:53,767][__main__][INFO] - [5, 14, 19], []
[2025-01-29 13:10:53,820][__main__][INFO] - [5, 14, 22], []
[2025-01-29 13:10:53,843][__main__][INFO] - [5, 14, 23], []
[2025-01-29 13:10:53,910][__main__][INFO] - [5, 15, 16], []
[2025-01-29 13:10:53,942][__main__][INFO] - [5, 15], [16]
[2025-01-29 13:10:53,977][__main__][INFO] - [5, 15, 17], []
[2025-01-29 13:10:54,006][__main__][INFO] - [5, 15, 18], []
[2025-01-29 13:10:54,042][__main__][INFO] - [5, 15, 19], []
[2025-01-29 13:10:54,064][__main__][INFO] - [5, 15, 20], []
[2025-01-29 13:10:54,087][__main__][INFO] - [5, 15, 21], []
[2025-01-29 13:10:54,125][__main__][INFO] - [5, 15, 23], []
[2025-01-29 13:10:54,148][__main__][INFO] - [5, 15, 24], []
[2025-01-29 13:10:54,201][__main__][INFO] - [5, 16, 17], []
[2025-01-29 13:10:54,227][__main__][INFO] - [5, 16, 18], []
[2025-01-29 13:10:54,303][__main__][INFO] - [5, 16, 19], []
[2025-01-29 13:10:54,328][__main__][INFO] - [5, 16, 20], []
[2025-01-29 13:10:54,353][__main__][INFO] - [5, 16, 21], []
[2025-01-29 13:10:54,375][__main__][INFO] - [5, 16, 22], []
[2025-01-29 13:10:54,398][__main__][INFO] - [5, 16, 23], []
[2025-01-29 13:10:54,431][__main__][INFO] - [5, 16, 24], []
[2025-01-29 13:10:54,484][__main__][INFO] - [5, 17], [16]
[2025-01-29 13:10:54,511][__main__][INFO] - [5, 18], [16]
[2025-01-29 13:10:54,590][__main__][INFO] - [5, 19], [16]
[2025-01-29 13:10:54,613][__main__][INFO] - [5, 20], [16]
[2025-01-29 13:10:54,638][__main__][INFO] - [5, 21], [16]
[2025-01-29 13:10:54,660][__main__][INFO] - [5, 22], [16]
[2025-01-29 13:10:54,683][__main__][INFO] - [5, 23], [16]
[2025-01-29 13:10:54,715][__main__][INFO] - [5, 24], [16]
[2025-01-29 13:10:54,782][__main__][INFO] - [6, 10, 16], []
[2025-01-29 13:10:54,824][__main__][INFO] - [6, 10], [16]
[2025-01-29 13:10:54,869][__main__][INFO] - [6, 10, 17], []
[2025-01-29 13:10:54,892][__main__][INFO] - [6, 10, 18], []
[2025-01-29 13:10:54,951][__main__][INFO] - [6, 10, 19], []
[2025-01-29 13:10:54,975][__main__][INFO] - [6, 10, 20], []
[2025-01-29 13:10:54,999][__main__][INFO] - [6, 10, 21], []
[2025-01-29 13:10:55,022][__main__][INFO] - [6, 10, 22], []
[2025-01-29 13:10:55,044][__main__][INFO] - [6, 10, 23], []
[2025-01-29 13:10:55,112][__main__][INFO] - [6, 11, 16], []
[2025-01-29 13:10:55,137][__main__][INFO] - [6, 11], [16]
[2025-01-29 13:10:55,175][__main__][INFO] - [6, 11, 18], []
[2025-01-29 13:10:55,326][__main__][INFO] - [6, 12, 16], []
[2025-01-29 13:10:55,354][__main__][INFO] - [6, 12], [16]
[2025-01-29 13:10:55,400][__main__][INFO] - [6, 12, 18], []
[2025-01-29 13:10:55,423][__main__][INFO] - [6, 12, 19], []
[2025-01-29 13:10:55,494][__main__][INFO] - [6, 12, 23], []
[2025-01-29 13:10:55,573][__main__][INFO] - [6, 13, 16], []
[2025-01-29 13:10:55,596][__main__][INFO] - [6, 13], [16]
[2025-01-29 13:10:55,634][__main__][INFO] - [6, 13, 18], []
[2025-01-29 13:10:55,673][__main__][INFO] - [6, 13, 20], []
[2025-01-29 13:10:55,806][__main__][INFO] - [6, 14], [16]
[2025-01-29 13:10:55,990][__main__][INFO] - [6, 15, 16], []
[2025-01-29 13:10:56,018][__main__][INFO] - [6, 15], [16]
[2025-01-29 13:10:56,045][__main__][INFO] - [6, 15, 17], []
[2025-01-29 13:10:56,069][__main__][INFO] - [6, 15, 18], []
[2025-01-29 13:10:56,096][__main__][INFO] - [6, 15, 19], []
[2025-01-29 13:10:56,119][__main__][INFO] - [6, 15, 20], []
[2025-01-29 13:10:56,175][__main__][INFO] - [6, 15, 23], []
[2025-01-29 13:10:56,245][__main__][INFO] - [6, 16, 17], []
[2025-01-29 13:10:56,269][__main__][INFO] - [6, 16, 18], []
[2025-01-29 13:10:56,315][__main__][INFO] - [6, 16, 19], []
[2025-01-29 13:10:56,338][__main__][INFO] - [6, 16, 20], []
[2025-01-29 13:10:56,363][__main__][INFO] - [6, 16, 21], []
[2025-01-29 13:10:56,386][__main__][INFO] - [6, 16, 22], []
[2025-01-29 13:10:56,409][__main__][INFO] - [6, 16, 23], []
[2025-01-29 13:10:56,484][__main__][INFO] - [6, 17], [16]
[2025-01-29 13:10:56,512][__main__][INFO] - [6, 18], [16]
[2025-01-29 13:10:56,558][__main__][INFO] - [6, 19], [16]
[2025-01-29 13:10:56,582][__main__][INFO] - [6, 20], [16]
[2025-01-29 13:10:56,605][__main__][INFO] - [6, 21], [16]
[2025-01-29 13:10:56,629][__main__][INFO] - [6, 22], [16]
[2025-01-29 13:10:56,652][__main__][INFO] - [6, 23], [16]
[2025-01-29 13:10:56,741][__main__][INFO] - [7, 10, 16], []
[2025-01-29 13:10:56,771][__main__][INFO] - [7, 10], [16]
[2025-01-29 13:10:56,802][__main__][INFO] - [7, 10, 17], []
[2025-01-29 13:10:56,826][__main__][INFO] - [7, 10, 18], []
[2025-01-29 13:10:56,864][__main__][INFO] - [7, 10, 19], []
[2025-01-29 13:10:56,887][__main__][INFO] - [7, 10, 20], []
[2025-01-29 13:10:56,911][__main__][INFO] - [7, 10, 21], []
[2025-01-29 13:10:56,949][__main__][INFO] - [7, 10, 23], []
[2025-01-29 13:10:57,024][__main__][INFO] - [7, 11, 16], []
[2025-01-29 13:10:57,047][__main__][INFO] - [7, 11], [16]
[2025-01-29 13:10:57,087][__main__][INFO] - [7, 11, 18], []
[2025-01-29 13:10:57,237][__main__][INFO] - [7, 12, 16], []
[2025-01-29 13:10:57,261][__main__][INFO] - [7, 12], [16]
[2025-01-29 13:10:57,301][__main__][INFO] - [7, 12, 18], []
[2025-01-29 13:10:57,324][__main__][INFO] - [7, 12, 19], []
[2025-01-29 13:10:57,395][__main__][INFO] - [7, 12, 23], []
[2025-01-29 13:10:57,484][__main__][INFO] - [7, 13], [16]
[2025-01-29 13:10:57,526][__main__][INFO] - [7, 13, 18], []
[2025-01-29 13:10:57,862][__main__][INFO] - [7, 15, 16], []
[2025-01-29 13:10:57,886][__main__][INFO] - [7, 15], [16]
[2025-01-29 13:10:57,909][__main__][INFO] - [7, 15, 17], []
[2025-01-29 13:10:57,932][__main__][INFO] - [7, 15, 18], []
[2025-01-29 13:10:57,956][__main__][INFO] - [7, 15, 19], []
[2025-01-29 13:10:58,089][__main__][INFO] - [7, 16, 17], []
[2025-01-29 13:10:58,112][__main__][INFO] - [7, 16, 18], []
[2025-01-29 13:10:58,140][__main__][INFO] - [7, 16, 19], []
[2025-01-29 13:10:58,163][__main__][INFO] - [7, 16, 20], []
[2025-01-29 13:10:58,187][__main__][INFO] - [7, 16, 21], []
[2025-01-29 13:10:58,228][__main__][INFO] - [7, 16, 23], []
[2025-01-29 13:10:58,302][__main__][INFO] - [7, 17], [16]
[2025-01-29 13:10:58,325][__main__][INFO] - [7, 18], [16]
[2025-01-29 13:10:58,358][__main__][INFO] - [7, 19], [16]
[2025-01-29 13:10:58,381][__main__][INFO] - [7, 20], [16]
[2025-01-29 13:10:58,404][__main__][INFO] - [7, 21], [16]
[2025-01-29 13:10:58,442][__main__][INFO] - [7, 23], [16]
[2025-01-29 13:10:58,534][__main__][INFO] - [8, 10, 16], []
[2025-01-29 13:10:58,558][__main__][INFO] - [8, 10], [16]
[2025-01-29 13:10:58,598][__main__][INFO] - [8, 10, 18], []
[2025-01-29 13:10:58,624][__main__][INFO] - [8, 10, 19], []
[2025-01-29 13:10:58,647][__main__][INFO] - [8, 10, 20], []
[2025-01-29 13:10:58,703][__main__][INFO] - [8, 10, 23], []
[2025-01-29 13:10:58,773][__main__][INFO] - [8, 11, 16], []
[2025-01-29 13:10:58,796][__main__][INFO] - [8, 11], [16]
[2025-01-29 13:10:58,834][__main__][INFO] - [8, 11, 18], []
[2025-01-29 13:10:58,982][__main__][INFO] - [8, 12, 16], []
[2025-01-29 13:10:59,007][__main__][INFO] - [8, 12], [16]
[2025-01-29 13:10:59,046][__main__][INFO] - [8, 12, 18], []
[2025-01-29 13:10:59,131][__main__][INFO] - [8, 12, 23], []
[2025-01-29 13:10:59,235][__main__][INFO] - [8, 15, 16], []
[2025-01-29 13:10:59,258][__main__][INFO] - [8, 15], [16]
[2025-01-29 13:10:59,296][__main__][INFO] - [8, 15, 18], []
[2025-01-29 13:10:59,460][__main__][INFO] - [8, 16, 18], []
[2025-01-29 13:10:59,488][__main__][INFO] - [8, 16, 19], []
[2025-01-29 13:10:59,514][__main__][INFO] - [8, 16, 20], []
[2025-01-29 13:10:59,568][__main__][INFO] - [8, 16, 23], []
[2025-01-29 13:10:59,637][__main__][INFO] - [8, 17], [16]
[2025-01-29 13:10:59,660][__main__][INFO] - [8, 18], [16]
[2025-01-29 13:10:59,685][__main__][INFO] - [8, 19], [16]
[2025-01-29 13:10:59,708][__main__][INFO] - [8, 20], [16]
[2025-01-29 13:10:59,762][__main__][INFO] - [8, 23], [16]
[2025-01-29 13:10:59,847][__main__][INFO] - [9, 10, 16], []
[2025-01-29 13:10:59,871][__main__][INFO] - [9, 10], [16]
[2025-01-29 13:10:59,909][__main__][INFO] - [9, 10, 18], []
[2025-01-29 13:11:00,326][__main__][INFO] - [9, 16, 18], []
[2025-01-29 13:11:00,495][__main__][INFO] - [9, 18], [16]
[2025-01-29 13:11:00,660][__main__][INFO] - [10, 16, 17], []
[2025-01-29 13:11:00,710][__main__][INFO] - [10, 16, 18], []
[2025-01-29 13:11:01,005][__main__][INFO] - [10, 16, 19], []
[2025-01-29 13:11:01,041][__main__][INFO] - [10, 16, 20], []
[2025-01-29 13:11:01,079][__main__][INFO] - [10, 16, 21], []
[2025-01-29 13:11:01,104][__main__][INFO] - [10, 16, 22], []
[2025-01-29 13:11:01,128][__main__][INFO] - [10, 16, 23], []
[2025-01-29 13:11:01,170][__main__][INFO] - [10, 16, 24], []
[2025-01-29 13:11:01,225][__main__][INFO] - [10, 17], [16]
[2025-01-29 13:11:01,274][__main__][INFO] - [10, 18], [16]
[2025-01-29 13:11:01,606][__main__][INFO] - [10, 19], [16]
[2025-01-29 13:11:01,643][__main__][INFO] - [10, 20], [16]
[2025-01-29 13:11:01,683][__main__][INFO] - [10, 21], [16]
[2025-01-29 13:11:01,708][__main__][INFO] - [10, 22], [16]
[2025-01-29 13:11:01,732][__main__][INFO] - [10, 23], [16]
[2025-01-29 13:11:01,774][__main__][INFO] - [10, 24], [16]
[2025-01-29 13:11:01,843][__main__][INFO] - [11, 16, 17], []
[2025-01-29 13:11:01,867][__main__][INFO] - [11, 16, 18], []
[2025-01-29 13:11:01,897][__main__][INFO] - [11, 16, 19], []
[2025-01-29 13:11:01,920][__main__][INFO] - [11, 16, 20], []
[2025-01-29 13:11:01,974][__main__][INFO] - [11, 16, 23], []
[2025-01-29 13:11:02,047][__main__][INFO] - [11, 17], [16]
[2025-01-29 13:11:02,070][__main__][INFO] - [11, 18], [16]
[2025-01-29 13:11:02,103][__main__][INFO] - [11, 19], [16]
[2025-01-29 13:11:02,126][__main__][INFO] - [11, 20], [16]
[2025-01-29 13:11:02,181][__main__][INFO] - [11, 23], [16]
[2025-01-29 13:11:02,267][__main__][INFO] - [12, 16, 17], []
[2025-01-29 13:11:02,289][__main__][INFO] - [12, 16, 18], []
[2025-01-29 13:11:02,315][__main__][INFO] - [12, 16, 19], []
[2025-01-29 13:11:02,387][__main__][INFO] - [12, 16, 23], []
[2025-01-29 13:11:02,517][__main__][INFO] - [12, 17], [16]
[2025-01-29 13:11:02,542][__main__][INFO] - [12, 18], [16]
[2025-01-29 13:11:02,570][__main__][INFO] - [12, 19], [16]
[2025-01-29 13:11:02,640][__main__][INFO] - [12, 23], [16]
[2025-01-29 13:11:02,797][__main__][INFO] - [13, 16, 18], []
[2025-01-29 13:11:02,821][__main__][INFO] - [13, 16, 19], []
[2025-01-29 13:11:02,844][__main__][INFO] - [13, 16, 20], []
[2025-01-29 13:11:02,900][__main__][INFO] - [13, 16, 23], []
[2025-01-29 13:11:02,986][__main__][INFO] - [13, 18], [16]
[2025-01-29 13:11:03,014][__main__][INFO] - [13, 19], [16]
[2025-01-29 13:11:03,036][__main__][INFO] - [13, 20], [16]
[2025-01-29 13:11:03,091][__main__][INFO] - [13, 23], [16]
[2025-01-29 13:11:03,194][__main__][INFO] - [14, 16, 18], []
[2025-01-29 13:11:03,217][__main__][INFO] - [14, 16, 19], []
[2025-01-29 13:11:03,273][__main__][INFO] - [14, 16, 22], []
[2025-01-29 13:11:03,296][__main__][INFO] - [14, 16, 23], []
[2025-01-29 13:11:03,382][__main__][INFO] - [14, 18], [16]
[2025-01-29 13:11:03,405][__main__][INFO] - [14, 19], [16]
[2025-01-29 13:11:03,458][__main__][INFO] - [14, 22], [16]
[2025-01-29 13:11:03,485][__main__][INFO] - [14, 23], [16]
[2025-01-29 13:11:03,571][__main__][INFO] - [15, 16, 17], []
[2025-01-29 13:11:03,615][__main__][INFO] - [15, 16, 18], []
[2025-01-29 13:11:03,674][__main__][INFO] - [15, 16, 19], []
[2025-01-29 13:11:03,698][__main__][INFO] - [15, 16, 20], []
[2025-01-29 13:11:03,723][__main__][INFO] - [15, 16, 21], []
[2025-01-29 13:11:03,761][__main__][INFO] - [15, 16, 23], []
[2025-01-29 13:11:03,785][__main__][INFO] - [15, 16, 24], []
[2025-01-29 13:11:03,840][__main__][INFO] - [15, 17], [16]
[2025-01-29 13:11:03,895][__main__][INFO] - [15, 18], [16]
[2025-01-29 13:11:03,963][__main__][INFO] - [15, 19], [16]
[2025-01-29 13:11:03,986][__main__][INFO] - [15, 20], [16]
[2025-01-29 13:11:04,010][__main__][INFO] - [15, 21], [16]
[2025-01-29 13:11:04,048][__main__][INFO] - [15, 23], [16]
[2025-01-29 13:11:04,071][__main__][INFO] - [15, 24], [16]
[2025-01-29 23:40:28,322][__main__][INFO] - In total, there are 1229 possible subgroups
[2025-01-29 23:40:28,351][__main__][INFO] - [0], []
[2025-01-29 23:40:28,526][__main__][INFO] - [1], []
[2025-01-29 23:40:28,752][__main__][INFO] - [2], []
[2025-01-29 23:40:28,966][__main__][INFO] - [3], []
[2025-01-29 23:40:29,143][__main__][INFO] - [4], []
[2025-01-29 23:40:29,349][__main__][INFO] - [5], []
[2025-01-29 23:40:29,533][__main__][INFO] - [6], []
[2025-01-29 23:40:29,614][__main__][INFO] - [7], []
[2025-01-29 23:40:29,651][__main__][INFO] - [8], []
[2025-01-29 23:40:29,672][__main__][INFO] - [9], []
[2025-01-29 23:40:29,690][__main__][INFO] - [10], []
[2025-01-29 23:40:30,525][__main__][INFO] - [11], []
[2025-01-29 23:40:30,568][__main__][INFO] - [12], []
[2025-01-29 23:40:30,721][__main__][INFO] - [13], []
[2025-01-29 23:40:30,745][__main__][INFO] - [14], []
[2025-01-29 23:40:30,767][__main__][INFO] - [15], []
[2025-01-29 23:40:30,950][__main__][INFO] - [16], []
[2025-01-29 23:40:31,518][__main__][INFO] - [], [16]
[2025-01-29 23:40:32,168][__main__][INFO] - [17], []
[2025-01-29 23:40:32,298][__main__][INFO] - [18], []
[2025-01-29 23:40:33,045][__main__][INFO] - [19], []
[2025-01-29 23:40:33,101][__main__][INFO] - [20], []
[2025-01-29 23:40:33,156][__main__][INFO] - [21], []
[2025-01-29 23:40:33,179][__main__][INFO] - [22], []
[2025-01-29 23:40:33,200][__main__][INFO] - [23], []
[2025-01-29 23:40:33,382][__main__][INFO] - [24], []
[2025-01-29 23:40:33,402][__main__][INFO] - [25], []
[2025-01-29 23:40:33,448][__main__][INFO] - [0, 10], []
[2025-01-29 23:40:33,604][__main__][INFO] - [0, 11], []
[2025-01-29 23:40:33,626][__main__][INFO] - [0, 12], []
[2025-01-29 23:40:33,651][__main__][INFO] - [0, 13], []
[2025-01-29 23:40:33,675][__main__][INFO] - [0, 14], []
[2025-01-29 23:40:33,695][__main__][INFO] - [0, 15], []
[2025-01-29 23:40:33,722][__main__][INFO] - [0, 16], []
[2025-01-29 23:40:33,814][__main__][INFO] - [0], [16]
[2025-01-29 23:40:33,909][__main__][INFO] - [0, 17], []
[2025-01-29 23:40:33,947][__main__][INFO] - [0, 18], []
[2025-01-29 23:40:34,053][__main__][INFO] - [0, 19], []
[2025-01-29 23:40:34,081][__main__][INFO] - [0, 20], []
[2025-01-29 23:40:34,106][__main__][INFO] - [0, 21], []
[2025-01-29 23:40:34,127][__main__][INFO] - [0, 22], []
[2025-01-29 23:40:34,147][__main__][INFO] - [0, 23], []
[2025-01-29 23:40:34,181][__main__][INFO] - [0, 24], []
[2025-01-29 23:40:34,230][__main__][INFO] - [1, 10], []
[2025-01-29 23:40:34,409][__main__][INFO] - [1, 11], []
[2025-01-29 23:40:34,433][__main__][INFO] - [1, 12], []
[2025-01-29 23:40:34,468][__main__][INFO] - [1, 13], []
[2025-01-29 23:40:34,489][__main__][INFO] - [1, 14], []
[2025-01-29 23:40:34,509][__main__][INFO] - [1, 15], []
[2025-01-29 23:40:34,547][__main__][INFO] - [1, 16], []
[2025-01-29 23:40:34,658][__main__][INFO] - [1], [16]
[2025-01-29 23:40:34,777][__main__][INFO] - [1, 17], []
[2025-01-29 23:40:34,821][__main__][INFO] - [1, 18], []
[2025-01-29 23:40:34,954][__main__][INFO] - [1, 19], []
[2025-01-29 23:40:34,982][__main__][INFO] - [1, 20], []
[2025-01-29 23:40:35,009][__main__][INFO] - [1, 21], []
[2025-01-29 23:40:35,029][__main__][INFO] - [1, 22], []
[2025-01-29 23:40:35,050][__main__][INFO] - [1, 23], []
[2025-01-29 23:40:35,096][__main__][INFO] - [1, 24], []
[2025-01-29 23:40:35,144][__main__][INFO] - [2, 10], []
[2025-01-29 23:40:35,291][__main__][INFO] - [2, 11], []
[2025-01-29 23:40:35,315][__main__][INFO] - [2, 12], []
[2025-01-29 23:40:35,357][__main__][INFO] - [2, 13], []
[2025-01-29 23:40:35,379][__main__][INFO] - [2, 14], []
[2025-01-29 23:40:35,399][__main__][INFO] - [2, 15], []
[2025-01-29 23:40:35,447][__main__][INFO] - [2, 16], []
[2025-01-29 23:40:35,551][__main__][INFO] - [2], [16]
[2025-01-29 23:40:35,666][__main__][INFO] - [2, 17], []
[2025-01-29 23:40:35,706][__main__][INFO] - [2, 18], []
[2025-01-29 23:40:35,834][__main__][INFO] - [2, 19], []
[2025-01-29 23:40:35,860][__main__][INFO] - [2, 20], []
[2025-01-29 23:40:35,886][__main__][INFO] - [2, 21], []
[2025-01-29 23:40:35,907][__main__][INFO] - [2, 22], []
[2025-01-29 23:40:35,927][__main__][INFO] - [2, 23], []
[2025-01-29 23:40:35,976][__main__][INFO] - [2, 24], []
[2025-01-29 23:40:36,025][__main__][INFO] - [3, 10], []
[2025-01-29 23:40:36,126][__main__][INFO] - [3, 11], []
[2025-01-29 23:40:36,150][__main__][INFO] - [3, 12], []
[2025-01-29 23:40:36,193][__main__][INFO] - [3, 13], []
[2025-01-29 23:40:36,213][__main__][INFO] - [3, 14], []
[2025-01-29 23:40:36,234][__main__][INFO] - [3, 15], []
[2025-01-29 23:40:36,282][__main__][INFO] - [3, 16], []
[2025-01-29 23:40:36,368][__main__][INFO] - [3], [16]
[2025-01-29 23:40:36,463][__main__][INFO] - [3, 17], []
[2025-01-29 23:40:36,498][__main__][INFO] - [3, 18], []
[2025-01-29 23:40:36,600][__main__][INFO] - [3, 19], []
[2025-01-29 23:40:36,624][__main__][INFO] - [3, 20], []
[2025-01-29 23:40:36,649][__main__][INFO] - [3, 21], []
[2025-01-29 23:40:36,669][__main__][INFO] - [3, 22], []
[2025-01-29 23:40:36,690][__main__][INFO] - [3, 23], []
[2025-01-29 23:40:36,734][__main__][INFO] - [3, 24], []
[2025-01-29 23:40:36,783][__main__][INFO] - [4, 10], []
[2025-01-29 23:40:36,909][__main__][INFO] - [4, 11], []
[2025-01-29 23:40:36,933][__main__][INFO] - [4, 12], []
[2025-01-29 23:40:36,980][__main__][INFO] - [4, 13], []
[2025-01-29 23:40:37,001][__main__][INFO] - [4, 14], []
[2025-01-29 23:40:37,022][__main__][INFO] - [4, 15], []
[2025-01-29 23:40:37,077][__main__][INFO] - [4, 16], []
[2025-01-29 23:40:37,181][__main__][INFO] - [4], [16]
[2025-01-29 23:40:37,293][__main__][INFO] - [4, 17], []
[2025-01-29 23:40:37,331][__main__][INFO] - [4, 18], []
[2025-01-29 23:40:37,462][__main__][INFO] - [4, 19], []
[2025-01-29 23:40:37,486][__main__][INFO] - [4, 20], []
[2025-01-29 23:40:37,512][__main__][INFO] - [4, 21], []
[2025-01-29 23:40:37,532][__main__][INFO] - [4, 22], []
[2025-01-29 23:40:37,553][__main__][INFO] - [4, 23], []
[2025-01-29 23:40:37,600][__main__][INFO] - [4, 24], []
[2025-01-29 23:40:37,650][__main__][INFO] - [5, 10], []
[2025-01-29 23:40:37,773][__main__][INFO] - [5, 11], []
[2025-01-29 23:40:37,797][__main__][INFO] - [5, 12], []
[2025-01-29 23:40:37,839][__main__][INFO] - [5, 13], []
[2025-01-29 23:40:37,860][__main__][INFO] - [5, 14], []
[2025-01-29 23:40:37,881][__main__][INFO] - [5, 15], []
[2025-01-29 23:40:37,924][__main__][INFO] - [5, 16], []
[2025-01-29 23:40:38,016][__main__][INFO] - [5], [16]
[2025-01-29 23:40:38,117][__main__][INFO] - [5, 17], []
[2025-01-29 23:40:38,147][__main__][INFO] - [5, 18], []
[2025-01-29 23:40:38,273][__main__][INFO] - [5, 19], []
[2025-01-29 23:40:38,297][__main__][INFO] - [5, 20], []
[2025-01-29 23:40:38,322][__main__][INFO] - [5, 21], []
[2025-01-29 23:40:38,342][__main__][INFO] - [5, 22], []
[2025-01-29 23:40:38,363][__main__][INFO] - [5, 23], []
[2025-01-29 23:40:38,404][__main__][INFO] - [5, 24], []
[2025-01-29 23:40:38,453][__main__][INFO] - [6, 10], []
[2025-01-29 23:40:38,515][__main__][INFO] - [6, 11], []
[2025-01-29 23:40:38,537][__main__][INFO] - [6, 12], []
[2025-01-29 23:40:38,565][__main__][INFO] - [6, 13], []
[2025-01-29 23:40:38,585][__main__][INFO] - [6, 14], []
[2025-01-29 23:40:38,605][__main__][INFO] - [6, 15], []
[2025-01-29 23:40:38,631][__main__][INFO] - [6, 16], []
[2025-01-29 23:40:38,678][__main__][INFO] - [6], [16]
[2025-01-29 23:40:38,729][__main__][INFO] - [6, 17], []
[2025-01-29 23:40:38,752][__main__][INFO] - [6, 18], []
[2025-01-29 23:40:38,815][__main__][INFO] - [6, 19], []
[2025-01-29 23:40:38,836][__main__][INFO] - [6, 20], []
[2025-01-29 23:40:38,858][__main__][INFO] - [6, 21], []
[2025-01-29 23:40:38,878][__main__][INFO] - [6, 22], []
[2025-01-29 23:40:38,898][__main__][INFO] - [6, 23], []
[2025-01-29 23:40:38,926][__main__][INFO] - [6, 24], []
[2025-01-29 23:40:38,975][__main__][INFO] - [7, 10], []
[2025-01-29 23:40:39,009][__main__][INFO] - [7, 11], []
[2025-01-29 23:40:39,029][__main__][INFO] - [7, 12], []
[2025-01-29 23:40:39,050][__main__][INFO] - [7, 13], []
[2025-01-29 23:40:39,073][__main__][INFO] - [7, 14], []
[2025-01-29 23:40:39,093][__main__][INFO] - [7, 15], []
[2025-01-29 23:40:39,114][__main__][INFO] - [7, 16], []
[2025-01-29 23:40:39,141][__main__][INFO] - [7], [16]
[2025-01-29 23:40:39,171][__main__][INFO] - [7, 17], []
[2025-01-29 23:40:39,191][__main__][INFO] - [7, 18], []
[2025-01-29 23:40:39,225][__main__][INFO] - [7, 19], []
[2025-01-29 23:40:39,245][__main__][INFO] - [7, 20], []
[2025-01-29 23:40:39,266][__main__][INFO] - [7, 21], []
[2025-01-29 23:40:39,300][__main__][INFO] - [7, 23], []
[2025-01-29 23:40:39,365][__main__][INFO] - [8, 10], []
[2025-01-29 23:40:39,388][__main__][INFO] - [8, 11], []
[2025-01-29 23:40:39,407][__main__][INFO] - [8, 12], []
[2025-01-29 23:40:39,456][__main__][INFO] - [8, 15], []
[2025-01-29 23:40:39,476][__main__][INFO] - [8, 16], []
[2025-01-29 23:40:39,497][__main__][INFO] - [8], [16]
[2025-01-29 23:40:39,519][__main__][INFO] - [8, 17], []
[2025-01-29 23:40:39,539][__main__][INFO] - [8, 18], []
[2025-01-29 23:40:39,562][__main__][INFO] - [8, 19], []
[2025-01-29 23:40:39,582][__main__][INFO] - [8, 20], []
[2025-01-29 23:40:39,631][__main__][INFO] - [8, 23], []
[2025-01-29 23:40:39,694][__main__][INFO] - [9, 10], []
[2025-01-29 23:40:39,729][__main__][INFO] - [9, 12], []
[2025-01-29 23:40:39,792][__main__][INFO] - [9, 16], []
[2025-01-29 23:40:39,812][__main__][INFO] - [9], [16]
[2025-01-29 23:40:39,847][__main__][INFO] - [9, 18], []
[2025-01-29 23:40:39,926][__main__][INFO] - [9, 23], []
[2025-01-29 23:40:39,989][__main__][INFO] - [10, 16], []
[2025-01-29 23:40:40,376][__main__][INFO] - [10], [16]
[2025-01-29 23:40:40,803][__main__][INFO] - [10, 17], []
[2025-01-29 23:40:40,875][__main__][INFO] - [10, 18], []
[2025-01-29 23:40:41,469][__main__][INFO] - [10, 19], []
[2025-01-29 23:40:41,517][__main__][INFO] - [10, 20], []
[2025-01-29 23:40:41,569][__main__][INFO] - [10, 21], []
[2025-01-29 23:40:41,593][__main__][INFO] - [10, 22], []
[2025-01-29 23:40:41,615][__main__][INFO] - [10, 23], []
[2025-01-29 23:40:41,673][__main__][INFO] - [10, 24], []
[2025-01-29 23:40:41,695][__main__][INFO] - [10, 25], []
[2025-01-29 23:40:41,729][__main__][INFO] - [11, 16], []
[2025-01-29 23:40:41,758][__main__][INFO] - [11], [16]
[2025-01-29 23:40:41,790][__main__][INFO] - [11, 17], []
[2025-01-29 23:40:41,810][__main__][INFO] - [11, 18], []
[2025-01-29 23:40:41,849][__main__][INFO] - [11, 19], []
[2025-01-29 23:40:41,869][__main__][INFO] - [11, 20], []
[2025-01-29 23:40:41,919][__main__][INFO] - [11, 23], []
[2025-01-29 23:40:41,983][__main__][INFO] - [12, 16], []
[2025-01-29 23:40:42,063][__main__][INFO] - [12], [16]
[2025-01-29 23:40:42,146][__main__][INFO] - [12, 17], []
[2025-01-29 23:40:42,166][__main__][INFO] - [12, 18], []
[2025-01-29 23:40:42,195][__main__][INFO] - [12, 19], []
[2025-01-29 23:40:42,217][__main__][INFO] - [12, 20], []
[2025-01-29 23:40:42,269][__main__][INFO] - [12, 23], []
[2025-01-29 23:40:42,445][__main__][INFO] - [13, 16], []
[2025-01-29 23:40:42,468][__main__][INFO] - [13], [16]
[2025-01-29 23:40:42,490][__main__][INFO] - [13, 17], []
[2025-01-29 23:40:42,510][__main__][INFO] - [13, 18], []
[2025-01-29 23:40:42,532][__main__][INFO] - [13, 19], []
[2025-01-29 23:40:42,552][__main__][INFO] - [13, 20], []
[2025-01-29 23:40:42,604][__main__][INFO] - [13, 23], []
[2025-01-29 23:40:42,667][__main__][INFO] - [14, 16], []
[2025-01-29 23:40:42,689][__main__][INFO] - [14], [16]
[2025-01-29 23:40:42,725][__main__][INFO] - [14, 18], []
[2025-01-29 23:40:42,746][__main__][INFO] - [14, 19], []
[2025-01-29 23:40:42,795][__main__][INFO] - [14, 22], []
[2025-01-29 23:40:42,816][__main__][INFO] - [14, 23], []
[2025-01-29 23:40:42,879][__main__][INFO] - [15, 16], []
[2025-01-29 23:40:42,963][__main__][INFO] - [15], [16]
[2025-01-29 23:40:43,068][__main__][INFO] - [15, 17], []
[2025-01-29 23:40:43,141][__main__][INFO] - [15, 18], []
[2025-01-29 23:40:43,243][__main__][INFO] - [15, 19], []
[2025-01-29 23:40:43,266][__main__][INFO] - [15, 20], []
[2025-01-29 23:40:43,287][__main__][INFO] - [15, 21], []
[2025-01-29 23:40:43,308][__main__][INFO] - [15, 22], []
[2025-01-29 23:40:43,327][__main__][INFO] - [15, 23], []
[2025-01-29 23:40:43,348][__main__][INFO] - [15, 24], []
[2025-01-29 23:40:43,398][__main__][INFO] - [16, 17], []
[2025-01-29 23:40:43,462][__main__][INFO] - [16, 18], []
[2025-01-29 23:40:43,790][__main__][INFO] - [16, 19], []
[2025-01-29 23:40:43,827][__main__][INFO] - [16, 20], []
[2025-01-29 23:40:43,864][__main__][INFO] - [16, 21], []
[2025-01-29 23:40:43,886][__main__][INFO] - [16, 22], []
[2025-01-29 23:40:43,907][__main__][INFO] - [16, 23], []
[2025-01-29 23:40:44,002][__main__][INFO] - [16, 24], []
[2025-01-29 23:40:44,052][__main__][INFO] - [17], [16]
[2025-01-29 23:40:44,129][__main__][INFO] - [18], [16]
[2025-01-29 23:40:44,518][__main__][INFO] - [19], [16]
[2025-01-29 23:40:44,555][__main__][INFO] - [20], [16]
[2025-01-29 23:40:44,591][__main__][INFO] - [21], [16]
[2025-01-29 23:40:44,613][__main__][INFO] - [22], [16]
[2025-01-29 23:40:44,634][__main__][INFO] - [23], [16]
[2025-01-29 23:40:44,730][__main__][INFO] - [24], [16]
[2025-01-29 23:40:44,814][__main__][INFO] - [0, 10, 16], []
[2025-01-29 23:40:44,899][__main__][INFO] - [0, 10], [16]
[2025-01-29 23:40:44,985][__main__][INFO] - [0, 10, 17], []
[2025-01-29 23:40:45,023][__main__][INFO] - [0, 10, 18], []
[2025-01-29 23:40:45,123][__main__][INFO] - [0, 10, 19], []
[2025-01-29 23:40:45,154][__main__][INFO] - [0, 10, 20], []
[2025-01-29 23:40:45,181][__main__][INFO] - [0, 10, 21], []
[2025-01-29 23:40:45,205][__main__][INFO] - [0, 10, 22], []
[2025-01-29 23:40:45,226][__main__][INFO] - [0, 10, 23], []
[2025-01-29 23:40:45,258][__main__][INFO] - [0, 10, 24], []
[2025-01-29 23:40:45,310][__main__][INFO] - [0, 11, 16], []
[2025-01-29 23:40:45,333][__main__][INFO] - [0, 11], [16]
[2025-01-29 23:40:45,372][__main__][INFO] - [0, 11, 18], []
[2025-01-29 23:40:45,395][__main__][INFO] - [0, 11, 19], []
[2025-01-29 23:40:45,462][__main__][INFO] - [0, 11, 23], []
[2025-01-29 23:40:45,530][__main__][INFO] - [0, 12, 16], []
[2025-01-29 23:40:45,555][__main__][INFO] - [0, 12], [16]
[2025-01-29 23:40:45,595][__main__][INFO] - [0, 12, 18], []
[2025-01-29 23:40:45,618][__main__][INFO] - [0, 12, 19], []
[2025-01-29 23:40:45,685][__main__][INFO] - [0, 12, 23], []
[2025-01-29 23:40:45,756][__main__][INFO] - [0, 13, 16], []
[2025-01-29 23:40:45,779][__main__][INFO] - [0, 13], [16]
[2025-01-29 23:40:45,816][__main__][INFO] - [0, 13, 18], []
[2025-01-29 23:40:45,853][__main__][INFO] - [0, 13, 20], []
[2025-01-29 23:40:45,966][__main__][INFO] - [0, 14, 16], []
[2025-01-29 23:40:45,988][__main__][INFO] - [0, 14], [16]
[2025-01-29 23:40:46,025][__main__][INFO] - [0, 14, 18], []
[2025-01-29 23:40:46,092][__main__][INFO] - [0, 14, 22], []
[2025-01-29 23:40:46,174][__main__][INFO] - [0, 15, 16], []
[2025-01-29 23:40:46,200][__main__][INFO] - [0, 15], [16]
[2025-01-29 23:40:46,226][__main__][INFO] - [0, 15, 17], []
[2025-01-29 23:40:46,251][__main__][INFO] - [0, 15, 18], []
[2025-01-29 23:40:46,277][__main__][INFO] - [0, 15, 19], []
[2025-01-29 23:40:46,299][__main__][INFO] - [0, 15, 20], []
[2025-01-29 23:40:46,322][__main__][INFO] - [0, 15, 21], []
[2025-01-29 23:40:46,358][__main__][INFO] - [0, 15, 23], []
[2025-01-29 23:40:46,426][__main__][INFO] - [0, 16, 17], []
[2025-01-29 23:40:46,456][__main__][INFO] - [0, 16, 18], []
[2025-01-29 23:40:46,519][__main__][INFO] - [0, 16, 19], []
[2025-01-29 23:40:46,545][__main__][INFO] - [0, 16, 20], []
[2025-01-29 23:40:46,569][__main__][INFO] - [0, 16, 21], []
[2025-01-29 23:40:46,592][__main__][INFO] - [0, 16, 22], []
[2025-01-29 23:40:46,613][__main__][INFO] - [0, 16, 23], []
[2025-01-29 23:40:46,643][__main__][INFO] - [0, 16, 24], []
[2025-01-29 23:40:46,694][__main__][INFO] - [0, 17], [16]
[2025-01-29 23:40:46,725][__main__][INFO] - [0, 18], [16]
[2025-01-29 23:40:46,790][__main__][INFO] - [0, 19], [16]
[2025-01-29 23:40:46,815][__main__][INFO] - [0, 20], [16]
[2025-01-29 23:40:46,840][__main__][INFO] - [0, 21], [16]
[2025-01-29 23:40:46,862][__main__][INFO] - [0, 22], [16]
[2025-01-29 23:40:46,884][__main__][INFO] - [0, 23], [16]
[2025-01-29 23:40:46,914][__main__][INFO] - [0, 24], [16]
[2025-01-29 23:40:46,980][__main__][INFO] - [1, 10, 16], []
[2025-01-29 23:40:47,072][__main__][INFO] - [1, 10], [16]
[2025-01-29 23:40:47,171][__main__][INFO] - [1, 10, 17], []
[2025-01-29 23:40:47,210][__main__][INFO] - [1, 10, 18], []
[2025-01-29 23:40:47,329][__main__][INFO] - [1, 10, 19], []
[2025-01-29 23:40:47,359][__main__][INFO] - [1, 10, 20], []
[2025-01-29 23:40:47,388][__main__][INFO] - [1, 10, 21], []
[2025-01-29 23:40:47,411][__main__][INFO] - [1, 10, 22], []
[2025-01-29 23:40:47,434][__main__][INFO] - [1, 10, 23], []
[2025-01-29 23:40:47,468][__main__][INFO] - [1, 10, 24], []
[2025-01-29 23:40:47,520][__main__][INFO] - [1, 11, 16], []
[2025-01-29 23:40:47,548][__main__][INFO] - [1, 11], [16]
[2025-01-29 23:40:47,588][__main__][INFO] - [1, 11, 18], []
[2025-01-29 23:40:47,613][__main__][INFO] - [1, 11, 19], []
[2025-01-29 23:40:47,636][__main__][INFO] - [1, 11, 20], []
[2025-01-29 23:40:47,689][__main__][INFO] - [1, 11, 23], []
[2025-01-29 23:40:47,756][__main__][INFO] - [1, 12, 16], []
[2025-01-29 23:40:47,785][__main__][INFO] - [1, 12], [16]
[2025-01-29 23:40:47,830][__main__][INFO] - [1, 12, 18], []
[2025-01-29 23:40:47,853][__main__][INFO] - [1, 12, 19], []
[2025-01-29 23:40:47,921][__main__][INFO] - [1, 12, 23], []
[2025-01-29 23:40:48,000][__main__][INFO] - [1, 13, 16], []
[2025-01-29 23:40:48,023][__main__][INFO] - [1, 13], [16]
[2025-01-29 23:40:48,060][__main__][INFO] - [1, 13, 18], []
[2025-01-29 23:40:48,098][__main__][INFO] - [1, 13, 20], []
[2025-01-29 23:40:48,212][__main__][INFO] - [1, 14, 16], []
[2025-01-29 23:40:48,234][__main__][INFO] - [1, 14], [16]
[2025-01-29 23:40:48,271][__main__][INFO] - [1, 14, 18], []
[2025-01-29 23:40:48,339][__main__][INFO] - [1, 14, 22], []
[2025-01-29 23:40:48,362][__main__][INFO] - [1, 14, 23], []
[2025-01-29 23:40:48,428][__main__][INFO] - [1, 15, 16], []
[2025-01-29 23:40:48,457][__main__][INFO] - [1, 15], [16]
[2025-01-29 23:40:48,489][__main__][INFO] - [1, 15, 17], []
[2025-01-29 23:40:48,517][__main__][INFO] - [1, 15, 18], []
[2025-01-29 23:40:48,548][__main__][INFO] - [1, 15, 19], []
[2025-01-29 23:40:48,571][__main__][INFO] - [1, 15, 20], []
[2025-01-29 23:40:48,593][__main__][INFO] - [1, 15, 21], []
[2025-01-29 23:40:48,631][__main__][INFO] - [1, 15, 23], []
[2025-01-29 23:40:48,654][__main__][INFO] - [1, 15, 24], []
[2025-01-29 23:40:48,706][__main__][INFO] - [1, 16, 17], []
[2025-01-29 23:40:48,738][__main__][INFO] - [1, 16, 18], []
[2025-01-29 23:40:48,809][__main__][INFO] - [1, 16, 19], []
[2025-01-29 23:40:48,835][__main__][INFO] - [1, 16, 20], []
[2025-01-29 23:40:48,860][__main__][INFO] - [1, 16, 21], []
[2025-01-29 23:40:48,883][__main__][INFO] - [1, 16, 22], []
[2025-01-29 23:40:48,906][__main__][INFO] - [1, 16, 23], []
[2025-01-29 23:40:48,940][__main__][INFO] - [1, 16, 24], []
[2025-01-29 23:40:48,992][__main__][INFO] - [1, 17], [16]
[2025-01-29 23:40:49,026][__main__][INFO] - [1, 18], [16]
[2025-01-29 23:40:49,105][__main__][INFO] - [1, 19], [16]
[2025-01-29 23:40:49,131][__main__][INFO] - [1, 20], [16]
[2025-01-29 23:40:49,156][__main__][INFO] - [1, 21], [16]
[2025-01-29 23:40:49,178][__main__][INFO] - [1, 22], [16]
[2025-01-29 23:40:49,201][__main__][INFO] - [1, 23], [16]
[2025-01-29 23:40:49,235][__main__][INFO] - [1, 24], [16]
[2025-01-29 23:40:49,302][__main__][INFO] - [2, 10, 16], []
[2025-01-29 23:40:49,379][__main__][INFO] - [2, 10], [16]
[2025-01-29 23:40:49,463][__main__][INFO] - [2, 10, 17], []
[2025-01-29 23:40:49,494][__main__][INFO] - [2, 10, 18], []
[2025-01-29 23:40:49,599][__main__][INFO] - [2, 10, 19], []
[2025-01-29 23:40:49,627][__main__][INFO] - [2, 10, 20], []
[2025-01-29 23:40:49,654][__main__][INFO] - [2, 10, 21], []
[2025-01-29 23:40:49,677][__main__][INFO] - [2, 10, 22], []
[2025-01-29 23:40:49,700][__main__][INFO] - [2, 10, 23], []
[2025-01-29 23:40:49,731][__main__][INFO] - [2, 10, 24], []
[2025-01-29 23:40:49,784][__main__][INFO] - [2, 11, 16], []
[2025-01-29 23:40:49,808][__main__][INFO] - [2, 11], [16]
[2025-01-29 23:40:49,847][__main__][INFO] - [2, 11, 18], []
[2025-01-29 23:40:49,873][__main__][INFO] - [2, 11, 19], []
[2025-01-29 23:40:49,941][__main__][INFO] - [2, 11, 23], []
[2025-01-29 23:40:50,008][__main__][INFO] - [2, 12, 16], []
[2025-01-29 23:40:50,040][__main__][INFO] - [2, 12], [16]
[2025-01-29 23:40:50,088][__main__][INFO] - [2, 12, 18], []
[2025-01-29 23:40:50,112][__main__][INFO] - [2, 12, 19], []
[2025-01-29 23:40:50,179][__main__][INFO] - [2, 12, 23], []
[2025-01-29 23:40:50,265][__main__][INFO] - [2, 13, 16], []
[2025-01-29 23:40:50,288][__main__][INFO] - [2, 13], [16]
[2025-01-29 23:40:50,326][__main__][INFO] - [2, 13, 18], []
[2025-01-29 23:40:50,363][__main__][INFO] - [2, 13, 20], []
[2025-01-29 23:40:50,416][__main__][INFO] - [2, 13, 23], []
[2025-01-29 23:40:50,483][__main__][INFO] - [2, 14, 16], []
[2025-01-29 23:40:50,506][__main__][INFO] - [2, 14], [16]
[2025-01-29 23:40:50,543][__main__][INFO] - [2, 14, 18], []
[2025-01-29 23:40:50,610][__main__][INFO] - [2, 14, 22], []
[2025-01-29 23:40:50,633][__main__][INFO] - [2, 14, 23], []
[2025-01-29 23:40:50,700][__main__][INFO] - [2, 15, 16], []
[2025-01-29 23:40:50,732][__main__][INFO] - [2, 15], [16]
[2025-01-29 23:40:50,770][__main__][INFO] - [2, 15, 17], []
[2025-01-29 23:40:50,802][__main__][INFO] - [2, 15, 18], []
[2025-01-29 23:40:50,838][__main__][INFO] - [2, 15, 19], []
[2025-01-29 23:40:50,860][__main__][INFO] - [2, 15, 20], []
[2025-01-29 23:40:50,883][__main__][INFO] - [2, 15, 21], []
[2025-01-29 23:40:50,920][__main__][INFO] - [2, 15, 23], []
[2025-01-29 23:40:50,943][__main__][INFO] - [2, 15, 24], []
[2025-01-29 23:40:50,996][__main__][INFO] - [2, 16, 17], []
[2025-01-29 23:40:51,026][__main__][INFO] - [2, 16, 18], []
[2025-01-29 23:40:51,092][__main__][INFO] - [2, 16, 19], []
[2025-01-29 23:40:51,117][__main__][INFO] - [2, 16, 20], []
[2025-01-29 23:40:51,142][__main__][INFO] - [2, 16, 21], []
[2025-01-29 23:40:51,164][__main__][INFO] - [2, 16, 22], []
[2025-01-29 23:40:51,187][__main__][INFO] - [2, 16, 23], []
[2025-01-29 23:40:51,223][__main__][INFO] - [2, 16, 24], []
[2025-01-29 23:40:51,275][__main__][INFO] - [2, 17], [16]
[2025-01-29 23:40:51,307][__main__][INFO] - [2, 18], [16]
[2025-01-29 23:40:51,385][__main__][INFO] - [2, 19], [16]
[2025-01-29 23:40:51,411][__main__][INFO] - [2, 20], [16]
[2025-01-29 23:40:51,435][__main__][INFO] - [2, 21], [16]
[2025-01-29 23:40:51,458][__main__][INFO] - [2, 22], [16]
[2025-01-29 23:40:51,481][__main__][INFO] - [2, 23], [16]
[2025-01-29 23:40:51,517][__main__][INFO] - [2, 24], [16]
[2025-01-29 23:40:51,583][__main__][INFO] - [3, 10, 16], []
[2025-01-29 23:40:51,641][__main__][INFO] - [3, 10], [16]
[2025-01-29 23:40:51,703][__main__][INFO] - [3, 10, 17], []
[2025-01-29 23:40:51,730][__main__][INFO] - [3, 10, 18], []
[2025-01-29 23:40:51,812][__main__][INFO] - [3, 10, 19], []
[2025-01-29 23:40:51,837][__main__][INFO] - [3, 10, 20], []
[2025-01-29 23:40:51,864][__main__][INFO] - [3, 10, 21], []
[2025-01-29 23:40:51,887][__main__][INFO] - [3, 10, 22], []
[2025-01-29 23:40:51,910][__main__][INFO] - [3, 10, 23], []
[2025-01-29 23:40:51,936][__main__][INFO] - [3, 10, 24], []
[2025-01-29 23:40:51,988][__main__][INFO] - [3, 11, 16], []
[2025-01-29 23:40:52,012][__main__][INFO] - [3, 11], [16]
[2025-01-29 23:40:52,051][__main__][INFO] - [3, 11, 18], []
[2025-01-29 23:40:52,077][__main__][INFO] - [3, 11, 19], []
[2025-01-29 23:40:52,144][__main__][INFO] - [3, 11, 23], []
[2025-01-29 23:40:52,211][__main__][INFO] - [3, 12, 16], []
[2025-01-29 23:40:52,244][__main__][INFO] - [3, 12], [16]
[2025-01-29 23:40:52,292][__main__][INFO] - [3, 12, 18], []
[2025-01-29 23:40:52,316][__main__][INFO] - [3, 12, 19], []
[2025-01-29 23:40:52,383][__main__][INFO] - [3, 12, 23], []
[2025-01-29 23:40:52,470][__main__][INFO] - [3, 13, 16], []
[2025-01-29 23:40:52,493][__main__][INFO] - [3, 13], [16]
[2025-01-29 23:40:52,531][__main__][INFO] - [3, 13, 18], []
[2025-01-29 23:40:52,569][__main__][INFO] - [3, 13, 20], []
[2025-01-29 23:40:52,622][__main__][INFO] - [3, 13, 23], []
[2025-01-29 23:40:52,689][__main__][INFO] - [3, 14, 16], []
[2025-01-29 23:40:52,711][__main__][INFO] - [3, 14], [16]
[2025-01-29 23:40:52,749][__main__][INFO] - [3, 14, 18], []
[2025-01-29 23:40:52,771][__main__][INFO] - [3, 14, 19], []
[2025-01-29 23:40:52,823][__main__][INFO] - [3, 14, 22], []
[2025-01-29 23:40:52,846][__main__][INFO] - [3, 14, 23], []
[2025-01-29 23:40:52,913][__main__][INFO] - [3, 15, 16], []
[2025-01-29 23:40:52,947][__main__][INFO] - [3, 15], [16]
[2025-01-29 23:40:52,984][__main__][INFO] - [3, 15, 17], []
[2025-01-29 23:40:53,016][__main__][INFO] - [3, 15, 18], []
[2025-01-29 23:40:53,053][__main__][INFO] - [3, 15, 19], []
[2025-01-29 23:40:53,076][__main__][INFO] - [3, 15, 20], []
[2025-01-29 23:40:53,099][__main__][INFO] - [3, 15, 21], []
[2025-01-29 23:40:53,136][__main__][INFO] - [3, 15, 23], []
[2025-01-29 23:40:53,159][__main__][INFO] - [3, 15, 24], []
[2025-01-29 23:40:53,211][__main__][INFO] - [3, 16, 17], []
[2025-01-29 23:40:53,239][__main__][INFO] - [3, 16, 18], []
[2025-01-29 23:40:53,296][__main__][INFO] - [3, 16, 19], []
[2025-01-29 23:40:53,320][__main__][INFO] - [3, 16, 20], []
[2025-01-29 23:40:53,345][__main__][INFO] - [3, 16, 21], []
[2025-01-29 23:40:53,367][__main__][INFO] - [3, 16, 22], []
[2025-01-29 23:40:53,390][__main__][INFO] - [3, 16, 23], []
[2025-01-29 23:40:53,423][__main__][INFO] - [3, 16, 24], []
[2025-01-29 23:40:53,475][__main__][INFO] - [3, 17], [16]
[2025-01-29 23:40:53,504][__main__][INFO] - [3, 18], [16]
[2025-01-29 23:40:53,569][__main__][INFO] - [3, 19], [16]
[2025-01-29 23:40:53,593][__main__][INFO] - [3, 20], [16]
[2025-01-29 23:40:53,617][__main__][INFO] - [3, 21], [16]
[2025-01-29 23:40:53,640][__main__][INFO] - [3, 22], [16]
[2025-01-29 23:40:53,662][__main__][INFO] - [3, 23], [16]
[2025-01-29 23:40:53,696][__main__][INFO] - [3, 24], [16]
[2025-01-29 23:40:53,763][__main__][INFO] - [4, 10, 16], []
[2025-01-29 23:40:53,831][__main__][INFO] - [4, 10], [16]
[2025-01-29 23:40:53,905][__main__][INFO] - [4, 10, 17], []
[2025-01-29 23:40:53,931][__main__][INFO] - [4, 10, 18], []
[2025-01-29 23:40:54,037][__main__][INFO] - [4, 10, 19], []
[2025-01-29 23:40:54,062][__main__][INFO] - [4, 10, 20], []
[2025-01-29 23:40:54,090][__main__][INFO] - [4, 10, 21], []
[2025-01-29 23:40:54,113][__main__][INFO] - [4, 10, 22], []
[2025-01-29 23:40:54,135][__main__][INFO] - [4, 10, 23], []
[2025-01-29 23:40:54,161][__main__][INFO] - [4, 10, 24], []
[2025-01-29 23:40:54,213][__main__][INFO] - [4, 11, 16], []
[2025-01-29 23:40:54,237][__main__][INFO] - [4, 11], [16]
[2025-01-29 23:40:54,277][__main__][INFO] - [4, 11, 18], []
[2025-01-29 23:40:54,302][__main__][INFO] - [4, 11, 19], []
[2025-01-29 23:40:54,325][__main__][INFO] - [4, 11, 20], []
[2025-01-29 23:40:54,378][__main__][INFO] - [4, 11, 23], []
[2025-01-29 23:40:54,445][__main__][INFO] - [4, 12, 16], []
[2025-01-29 23:40:54,480][__main__][INFO] - [4, 12], [16]
[2025-01-29 23:40:54,529][__main__][INFO] - [4, 12, 18], []
[2025-01-29 23:40:54,553][__main__][INFO] - [4, 12, 19], []
[2025-01-29 23:40:54,621][__main__][INFO] - [4, 12, 23], []
[2025-01-29 23:40:54,711][__main__][INFO] - [4, 13, 16], []
[2025-01-29 23:40:54,734][__main__][INFO] - [4, 13], [16]
[2025-01-29 23:40:54,772][__main__][INFO] - [4, 13, 18], []
[2025-01-29 23:40:54,809][__main__][INFO] - [4, 13, 20], []
[2025-01-29 23:40:54,863][__main__][INFO] - [4, 13, 23], []
[2025-01-29 23:40:54,930][__main__][INFO] - [4, 14, 16], []
[2025-01-29 23:40:54,953][__main__][INFO] - [4, 14], [16]
[2025-01-29 23:40:54,990][__main__][INFO] - [4, 14, 18], []
[2025-01-29 23:40:55,013][__main__][INFO] - [4, 14, 19], []
[2025-01-29 23:40:55,066][__main__][INFO] - [4, 14, 22], []
[2025-01-29 23:40:55,148][__main__][INFO] - [4, 15, 16], []
[2025-01-29 23:40:55,185][__main__][INFO] - [4, 15], [16]
[2025-01-29 23:40:55,226][__main__][INFO] - [4, 15, 17], []
[2025-01-29 23:40:55,261][__main__][INFO] - [4, 15, 18], []
[2025-01-29 23:40:55,301][__main__][INFO] - [4, 15, 19], []
[2025-01-29 23:40:55,324][__main__][INFO] - [4, 15, 20], []
[2025-01-29 23:40:55,346][__main__][INFO] - [4, 15, 21], []
[2025-01-29 23:40:55,384][__main__][INFO] - [4, 15, 23], []
[2025-01-29 23:40:55,407][__main__][INFO] - [4, 15, 24], []
[2025-01-29 23:40:55,459][__main__][INFO] - [4, 16, 17], []
[2025-01-29 23:40:55,488][__main__][INFO] - [4, 16, 18], []
[2025-01-29 23:40:55,559][__main__][INFO] - [4, 16, 19], []
[2025-01-29 23:40:55,582][__main__][INFO] - [4, 16, 20], []
[2025-01-29 23:40:55,607][__main__][INFO] - [4, 16, 21], []
[2025-01-29 23:40:55,630][__main__][INFO] - [4, 16, 22], []
[2025-01-29 23:40:55,652][__main__][INFO] - [4, 16, 23], []
[2025-01-29 23:40:55,688][__main__][INFO] - [4, 16, 24], []
[2025-01-29 23:40:55,740][__main__][INFO] - [4, 17], [16]
[2025-01-29 23:40:55,771][__main__][INFO] - [4, 18], [16]
[2025-01-29 23:40:55,850][__main__][INFO] - [4, 19], [16]
[2025-01-29 23:40:55,874][__main__][INFO] - [4, 20], [16]
[2025-01-29 23:40:55,899][__main__][INFO] - [4, 21], [16]
[2025-01-29 23:40:55,921][__main__][INFO] - [4, 22], [16]
[2025-01-29 23:40:55,944][__main__][INFO] - [4, 23], [16]
[2025-01-29 23:40:55,979][__main__][INFO] - [4, 24], [16]
[2025-01-29 23:40:56,045][__main__][INFO] - [5, 10, 16], []
[2025-01-29 23:40:56,112][__main__][INFO] - [5, 10], [16]
[2025-01-29 23:40:56,185][__main__][INFO] - [5, 10, 17], []
[2025-01-29 23:40:56,210][__main__][INFO] - [5, 10, 18], []
[2025-01-29 23:40:56,318][__main__][INFO] - [5, 10, 19], []
[2025-01-29 23:40:56,343][__main__][INFO] - [5, 10, 20], []
[2025-01-29 23:40:56,370][__main__][INFO] - [5, 10, 21], []
[2025-01-29 23:40:56,393][__main__][INFO] - [5, 10, 22], []
[2025-01-29 23:40:56,419][__main__][INFO] - [5, 10, 23], []
[2025-01-29 23:40:56,443][__main__][INFO] - [5, 10, 24], []
[2025-01-29 23:40:56,495][__main__][INFO] - [5, 11, 16], []
[2025-01-29 23:40:56,520][__main__][INFO] - [5, 11], [16]
[2025-01-29 23:40:56,559][__main__][INFO] - [5, 11, 18], []
[2025-01-29 23:40:56,585][__main__][INFO] - [5, 11, 19], []
[2025-01-29 23:40:56,712][__main__][INFO] - [5, 12, 16], []
[2025-01-29 23:40:56,745][__main__][INFO] - [5, 12], [16]
[2025-01-29 23:40:56,792][__main__][INFO] - [5, 12, 18], []
[2025-01-29 23:40:56,816][__main__][INFO] - [5, 12, 19], []
[2025-01-29 23:40:56,883][__main__][INFO] - [5, 12, 23], []
[2025-01-29 23:40:56,969][__main__][INFO] - [5, 13, 16], []
[2025-01-29 23:40:56,992][__main__][INFO] - [5, 13], [16]
[2025-01-29 23:40:57,030][__main__][INFO] - [5, 13, 18], []
[2025-01-29 23:40:57,067][__main__][INFO] - [5, 13, 20], []
[2025-01-29 23:40:57,120][__main__][INFO] - [5, 13, 23], []
[2025-01-29 23:40:57,188][__main__][INFO] - [5, 14, 16], []
[2025-01-29 23:40:57,210][__main__][INFO] - [5, 14], [16]
[2025-01-29 23:40:57,248][__main__][INFO] - [5, 14, 18], []
[2025-01-29 23:40:57,270][__main__][INFO] - [5, 14, 19], []
[2025-01-29 23:40:57,322][__main__][INFO] - [5, 14, 22], []
[2025-01-29 23:40:57,345][__main__][INFO] - [5, 14, 23], []
[2025-01-29 23:40:57,412][__main__][INFO] - [5, 15, 16], []
[2025-01-29 23:40:57,444][__main__][INFO] - [5, 15], [16]
[2025-01-29 23:40:57,478][__main__][INFO] - [5, 15, 17], []
[2025-01-29 23:40:57,507][__main__][INFO] - [5, 15, 18], []
[2025-01-29 23:40:57,541][__main__][INFO] - [5, 15, 19], []
[2025-01-29 23:40:57,564][__main__][INFO] - [5, 15, 20], []
[2025-01-29 23:40:57,586][__main__][INFO] - [5, 15, 21], []
[2025-01-29 23:40:57,624][__main__][INFO] - [5, 15, 23], []
[2025-01-29 23:40:57,647][__main__][INFO] - [5, 15, 24], []
[2025-01-29 23:40:57,699][__main__][INFO] - [5, 16, 17], []
[2025-01-29 23:40:57,725][__main__][INFO] - [5, 16, 18], []
[2025-01-29 23:40:57,792][__main__][INFO] - [5, 16, 19], []
[2025-01-29 23:40:57,815][__main__][INFO] - [5, 16, 20], []
[2025-01-29 23:40:57,840][__main__][INFO] - [5, 16, 21], []
[2025-01-29 23:40:57,862][__main__][INFO] - [5, 16, 22], []
[2025-01-29 23:40:57,885][__main__][INFO] - [5, 16, 23], []
[2025-01-29 23:40:57,918][__main__][INFO] - [5, 16, 24], []
[2025-01-29 23:40:57,970][__main__][INFO] - [5, 17], [16]
[2025-01-29 23:40:57,998][__main__][INFO] - [5, 18], [16]
[2025-01-29 23:40:58,073][__main__][INFO] - [5, 19], [16]
[2025-01-29 23:40:58,097][__main__][INFO] - [5, 20], [16]
[2025-01-29 23:40:58,121][__main__][INFO] - [5, 21], [16]
[2025-01-29 23:40:58,144][__main__][INFO] - [5, 22], [16]
[2025-01-29 23:40:58,166][__main__][INFO] - [5, 23], [16]
[2025-01-29 23:40:58,198][__main__][INFO] - [5, 24], [16]
[2025-01-29 23:40:58,265][__main__][INFO] - [6, 10, 16], []
[2025-01-29 23:40:58,306][__main__][INFO] - [6, 10], [16]
[2025-01-29 23:40:58,349][__main__][INFO] - [6, 10, 17], []
[2025-01-29 23:40:58,372][__main__][INFO] - [6, 10, 18], []
[2025-01-29 23:40:58,430][__main__][INFO] - [6, 10, 19], []
[2025-01-29 23:40:58,454][__main__][INFO] - [6, 10, 20], []
[2025-01-29 23:40:58,478][__main__][INFO] - [6, 10, 21], []
[2025-01-29 23:40:58,501][__main__][INFO] - [6, 10, 22], []
[2025-01-29 23:40:58,523][__main__][INFO] - [6, 10, 23], []
[2025-01-29 23:40:58,591][__main__][INFO] - [6, 11, 16], []
[2025-01-29 23:40:58,614][__main__][INFO] - [6, 11], [16]
[2025-01-29 23:40:58,652][__main__][INFO] - [6, 11, 18], []
[2025-01-29 23:40:58,796][__main__][INFO] - [6, 12, 16], []
[2025-01-29 23:40:58,822][__main__][INFO] - [6, 12], [16]
[2025-01-29 23:40:58,862][__main__][INFO] - [6, 12, 18], []
[2025-01-29 23:40:58,885][__main__][INFO] - [6, 12, 19], []
[2025-01-29 23:40:58,953][__main__][INFO] - [6, 12, 23], []
[2025-01-29 23:40:59,026][__main__][INFO] - [6, 13, 16], []
[2025-01-29 23:40:59,049][__main__][INFO] - [6, 13], [16]
[2025-01-29 23:40:59,086][__main__][INFO] - [6, 13, 18], []
[2025-01-29 23:40:59,124][__main__][INFO] - [6, 13, 20], []
[2025-01-29 23:40:59,251][__main__][INFO] - [6, 14], [16]
[2025-01-29 23:40:59,424][__main__][INFO] - [6, 15, 16], []
[2025-01-29 23:40:59,449][__main__][INFO] - [6, 15], [16]
[2025-01-29 23:40:59,474][__main__][INFO] - [6, 15, 17], []
[2025-01-29 23:40:59,498][__main__][INFO] - [6, 15, 18], []
[2025-01-29 23:40:59,524][__main__][INFO] - [6, 15, 19], []
[2025-01-29 23:40:59,546][__main__][INFO] - [6, 15, 20], []
[2025-01-29 23:40:59,598][__main__][INFO] - [6, 15, 23], []
[2025-01-29 23:40:59,665][__main__][INFO] - [6, 16, 17], []
[2025-01-29 23:40:59,688][__main__][INFO] - [6, 16, 18], []
[2025-01-29 23:40:59,728][__main__][INFO] - [6, 16, 19], []
[2025-01-29 23:40:59,751][__main__][INFO] - [6, 16, 20], []
[2025-01-29 23:40:59,774][__main__][INFO] - [6, 16, 21], []
[2025-01-29 23:40:59,796][__main__][INFO] - [6, 16, 22], []
[2025-01-29 23:40:59,819][__main__][INFO] - [6, 16, 23], []
[2025-01-29 23:40:59,889][__main__][INFO] - [6, 17], [16]
[2025-01-29 23:40:59,912][__main__][INFO] - [6, 18], [16]
[2025-01-29 23:40:59,956][__main__][INFO] - [6, 19], [16]
[2025-01-29 23:40:59,979][__main__][INFO] - [6, 20], [16]
[2025-01-29 23:41:00,002][__main__][INFO] - [6, 21], [16]
[2025-01-29 23:41:00,024][__main__][INFO] - [6, 22], [16]
[2025-01-29 23:41:00,046][__main__][INFO] - [6, 23], [16]
[2025-01-29 23:41:00,132][__main__][INFO] - [7, 10, 16], []
[2025-01-29 23:41:00,159][__main__][INFO] - [7, 10], [16]
[2025-01-29 23:41:00,189][__main__][INFO] - [7, 10, 17], []
[2025-01-29 23:41:00,212][__main__][INFO] - [7, 10, 18], []
[2025-01-29 23:41:00,247][__main__][INFO] - [7, 10, 19], []
[2025-01-29 23:41:00,270][__main__][INFO] - [7, 10, 20], []
[2025-01-29 23:41:00,293][__main__][INFO] - [7, 10, 21], []
[2025-01-29 23:41:00,330][__main__][INFO] - [7, 10, 23], []
[2025-01-29 23:41:00,398][__main__][INFO] - [7, 11, 16], []
[2025-01-29 23:41:00,421][__main__][INFO] - [7, 11], [16]
[2025-01-29 23:41:00,458][__main__][INFO] - [7, 11, 18], []
[2025-01-29 23:41:00,600][__main__][INFO] - [7, 12, 16], []
[2025-01-29 23:41:00,623][__main__][INFO] - [7, 12], [16]
[2025-01-29 23:41:00,662][__main__][INFO] - [7, 12, 18], []
[2025-01-29 23:41:00,685][__main__][INFO] - [7, 12, 19], []
[2025-01-29 23:41:00,752][__main__][INFO] - [7, 12, 23], []
[2025-01-29 23:41:00,835][__main__][INFO] - [7, 13], [16]
[2025-01-29 23:41:00,873][__main__][INFO] - [7, 13, 18], []
[2025-01-29 23:41:01,196][__main__][INFO] - [7, 15, 16], []
[2025-01-29 23:41:01,220][__main__][INFO] - [7, 15], [16]
[2025-01-29 23:41:01,242][__main__][INFO] - [7, 15, 17], []
[2025-01-29 23:41:01,264][__main__][INFO] - [7, 15, 18], []
[2025-01-29 23:41:01,287][__main__][INFO] - [7, 15, 19], []
[2025-01-29 23:41:01,413][__main__][INFO] - [7, 16, 17], []
[2025-01-29 23:41:01,435][__main__][INFO] - [7, 16, 18], []
[2025-01-29 23:41:01,463][__main__][INFO] - [7, 16, 19], []
[2025-01-29 23:41:01,485][__main__][INFO] - [7, 16, 20], []
[2025-01-29 23:41:01,508][__main__][INFO] - [7, 16, 21], []
[2025-01-29 23:41:01,545][__main__][INFO] - [7, 16, 23], []
[2025-01-29 23:41:01,613][__main__][INFO] - [7, 17], [16]
[2025-01-29 23:41:01,635][__main__][INFO] - [7, 18], [16]
[2025-01-29 23:41:01,665][__main__][INFO] - [7, 19], [16]
[2025-01-29 23:41:01,687][__main__][INFO] - [7, 20], [16]
[2025-01-29 23:41:01,710][__main__][INFO] - [7, 21], [16]
[2025-01-29 23:41:01,746][__main__][INFO] - [7, 23], [16]
[2025-01-29 23:41:01,829][__main__][INFO] - [8, 10, 16], []
[2025-01-29 23:41:01,853][__main__][INFO] - [8, 10], [16]
[2025-01-29 23:41:01,892][__main__][INFO] - [8, 10, 18], []
[2025-01-29 23:41:01,916][__main__][INFO] - [8, 10, 19], []
[2025-01-29 23:41:01,939][__main__][INFO] - [8, 10, 20], []
[2025-01-29 23:41:01,991][__main__][INFO] - [8, 10, 23], []
[2025-01-29 23:41:02,059][__main__][INFO] - [8, 11, 16], []
[2025-01-29 23:41:02,081][__main__][INFO] - [8, 11], [16]
[2025-01-29 23:41:02,118][__main__][INFO] - [8, 11, 18], []
[2025-01-29 23:41:02,259][__main__][INFO] - [8, 12, 16], []
[2025-01-29 23:41:02,282][__main__][INFO] - [8, 12], [16]
[2025-01-29 23:41:02,319][__main__][INFO] - [8, 12, 18], []
[2025-01-29 23:41:02,400][__main__][INFO] - [8, 12, 23], []
[2025-01-29 23:41:02,497][__main__][INFO] - [8, 15, 16], []
[2025-01-29 23:41:02,520][__main__][INFO] - [8, 15], [16]
[2025-01-29 23:41:02,564][__main__][INFO] - [8, 15, 18], []
[2025-01-29 23:41:02,720][__main__][INFO] - [8, 16, 18], []
[2025-01-29 23:41:02,744][__main__][INFO] - [8, 16, 19], []
[2025-01-29 23:41:02,766][__main__][INFO] - [8, 16, 20], []
[2025-01-29 23:41:02,818][__main__][INFO] - [8, 16, 23], []
[2025-01-29 23:41:02,886][__main__][INFO] - [8, 17], [16]
[2025-01-29 23:41:02,908][__main__][INFO] - [8, 18], [16]
[2025-01-29 23:41:02,931][__main__][INFO] - [8, 19], [16]
[2025-01-29 23:41:02,953][__main__][INFO] - [8, 20], [16]
[2025-01-29 23:41:03,006][__main__][INFO] - [8, 23], [16]
[2025-01-29 23:41:03,087][__main__][INFO] - [9, 10, 16], []
[2025-01-29 23:41:03,110][__main__][INFO] - [9, 10], [16]
[2025-01-29 23:41:03,147][__main__][INFO] - [9, 10, 18], []
[2025-01-29 23:41:03,544][__main__][INFO] - [9, 16, 18], []
[2025-01-29 23:41:03,700][__main__][INFO] - [9, 18], [16]
[2025-01-29 23:41:03,857][__main__][INFO] - [10, 16, 17], []
[2025-01-29 23:41:03,901][__main__][INFO] - [10, 16, 18], []
[2025-01-29 23:41:04,170][__main__][INFO] - [10, 16, 19], []
[2025-01-29 23:41:04,204][__main__][INFO] - [10, 16, 20], []
[2025-01-29 23:41:04,241][__main__][INFO] - [10, 16, 21], []
[2025-01-29 23:41:04,265][__main__][INFO] - [10, 16, 22], []
[2025-01-29 23:41:04,288][__main__][INFO] - [10, 16, 23], []
[2025-01-29 23:41:04,328][__main__][INFO] - [10, 16, 24], []
[2025-01-29 23:41:04,381][__main__][INFO] - [10, 17], [16]
[2025-01-29 23:41:04,427][__main__][INFO] - [10, 18], [16]
[2025-01-29 23:41:04,728][__main__][INFO] - [10, 19], [16]
[2025-01-29 23:41:04,763][__main__][INFO] - [10, 20], [16]
[2025-01-29 23:41:04,799][__main__][INFO] - [10, 21], [16]
[2025-01-29 23:41:04,823][__main__][INFO] - [10, 22], [16]
[2025-01-29 23:41:04,846][__main__][INFO] - [10, 23], [16]
[2025-01-29 23:41:04,886][__main__][INFO] - [10, 24], [16]
[2025-01-29 23:41:04,954][__main__][INFO] - [11, 16, 17], []
[2025-01-29 23:41:04,976][__main__][INFO] - [11, 16, 18], []
[2025-01-29 23:41:05,005][__main__][INFO] - [11, 16, 19], []
[2025-01-29 23:41:05,027][__main__][INFO] - [11, 16, 20], []
[2025-01-29 23:41:05,079][__main__][INFO] - [11, 16, 23], []
[2025-01-29 23:41:05,147][__main__][INFO] - [11, 17], [16]
[2025-01-29 23:41:05,169][__main__][INFO] - [11, 18], [16]
[2025-01-29 23:41:05,201][__main__][INFO] - [11, 19], [16]
[2025-01-29 23:41:05,223][__main__][INFO] - [11, 20], [16]
[2025-01-29 23:41:05,275][__main__][INFO] - [11, 23], [16]
[2025-01-29 23:41:05,357][__main__][INFO] - [12, 16, 17], []
[2025-01-29 23:41:05,379][__main__][INFO] - [12, 16, 18], []
[2025-01-29 23:41:05,404][__main__][INFO] - [12, 16, 19], []
[2025-01-29 23:41:05,472][__main__][INFO] - [12, 16, 23], []
[2025-01-29 23:41:05,591][__main__][INFO] - [12, 17], [16]
[2025-01-29 23:41:05,613][__main__][INFO] - [12, 18], [16]
[2025-01-29 23:41:05,640][__main__][INFO] - [12, 19], [16]
[2025-01-29 23:41:05,708][__main__][INFO] - [12, 23], [16]
[2025-01-29 23:41:05,855][__main__][INFO] - [13, 16, 18], []
[2025-01-29 23:41:05,877][__main__][INFO] - [13, 16, 19], []
[2025-01-29 23:41:05,899][__main__][INFO] - [13, 16, 20], []
[2025-01-29 23:41:05,953][__main__][INFO] - [13, 16, 23], []
[2025-01-29 23:41:06,035][__main__][INFO] - [13, 18], [16]
[2025-01-29 23:41:06,058][__main__][INFO] - [13, 19], [16]
[2025-01-29 23:41:06,080][__main__][INFO] - [13, 20], [16]
[2025-01-29 23:41:06,132][__main__][INFO] - [13, 23], [16]
[2025-01-29 23:41:06,229][__main__][INFO] - [14, 16, 18], []
[2025-01-29 23:41:06,251][__main__][INFO] - [14, 16, 19], []
[2025-01-29 23:41:06,303][__main__][INFO] - [14, 16, 22], []
[2025-01-29 23:41:06,325][__main__][INFO] - [14, 16, 23], []
[2025-01-29 23:41:06,407][__main__][INFO] - [14, 18], [16]
[2025-01-29 23:41:06,429][__main__][INFO] - [14, 19], [16]
[2025-01-29 23:41:06,480][__main__][INFO] - [14, 22], [16]
[2025-01-29 23:41:06,503][__main__][INFO] - [14, 23], [16]
[2025-01-29 23:41:06,584][__main__][INFO] - [15, 16, 17], []
[2025-01-29 23:41:06,625][__main__][INFO] - [15, 16, 18], []
[2025-01-29 23:41:06,679][__main__][INFO] - [15, 16, 19], []
[2025-01-29 23:41:06,702][__main__][INFO] - [15, 16, 20], []
[2025-01-29 23:41:06,724][__main__][INFO] - [15, 16, 21], []
[2025-01-29 23:41:06,761][__main__][INFO] - [15, 16, 23], []
[2025-01-29 23:41:06,783][__main__][INFO] - [15, 16, 24], []
[2025-01-29 23:41:06,835][__main__][INFO] - [15, 17], [16]
[2025-01-29 23:41:06,886][__main__][INFO] - [15, 18], [16]
[2025-01-29 23:41:06,950][__main__][INFO] - [15, 19], [16]
[2025-01-29 23:41:06,973][__main__][INFO] - [15, 20], [16]
[2025-01-29 23:41:06,995][__main__][INFO] - [15, 21], [16]
[2025-01-29 23:41:07,032][__main__][INFO] - [15, 23], [16]
[2025-01-29 23:41:07,054][__main__][INFO] - [15, 24], [16]
