[2025-01-29 10:17:53,703][gurobipy][INFO] - Set parameter TimeLimit to value 600
[2025-01-29 10:17:53,709][gurobipy][INFO] - Gurobi Optimizer version 11.0.2 build v11.0.2rc0 (linux64)
[2025-01-29 10:17:53,709][gurobipy][INFO] - 
[2025-01-29 10:17:53,721][gurobipy][INFO] - CPU model: Intel(R) Xeon(R) Gold 6136 CPU @ 3.00GHz, instruction set [SSE2|AVX|AVX2|AVX512]
[2025-01-29 10:17:53,721][gurobipy][INFO] - Thread count: 24 physical cores, 48 logical processors, using up to 24 threads
[2025-01-29 10:17:53,721][gurobipy][INFO] - 
[2025-01-29 10:17:53,721][gurobipy][INFO] - Optimize a model with 23988 rows, 655 columns and 65194 nonzeros
[2025-01-29 10:17:53,721][gurobipy][INFO] - Model fingerprint: 0x7edfc051
[2025-01-29 10:17:53,721][gurobipy][INFO] - Variable types: 616 continuous, 39 integer (39 binary)
[2025-01-29 10:17:53,721][gurobipy][INFO] - Coefficient statistics:
[2025-01-29 10:17:53,722][gurobipy][INFO] -   Matrix range     [2e-03, 2e+00]
[2025-01-29 10:17:53,722][gurobipy][INFO] -   Objective range  [1e+00, 1e+00]
[2025-01-29 10:17:53,722][gurobipy][INFO] -   Bounds range     [1e+00, 1e+00]
[2025-01-29 10:17:53,722][gurobipy][INFO] -   RHS range        [1e+00, 1e+01]
[2025-01-29 10:17:53,725][gurobipy][INFO] - Found heuristic solution: objective 0.0000000
[2025-01-29 10:17:53,877][gurobipy][INFO] - Presolve removed 8579 rows and 8 columns
[2025-01-29 10:17:53,877][gurobipy][INFO] - Presolve time: 0.15s
[2025-01-29 10:17:53,877][gurobipy][INFO] - Presolved: 15409 rows, 647 columns, 46837 nonzeros
[2025-01-29 10:17:53,887][gurobipy][INFO] - Variable types: 616 continuous, 31 integer (31 binary)
[2025-01-29 10:17:53,906][gurobipy][INFO] - Root relaxation presolved: 15409 rows, 647 columns, 46837 nonzeros
[2025-01-29 10:17:53,906][gurobipy][INFO] - 
[2025-01-29 10:17:53,933][gurobipy][INFO] - 
[2025-01-29 10:17:53,933][gurobipy][INFO] - Root relaxation: objective 1.000000e+00, 304 iterations, 0.04 seconds (0.07 work units)
[2025-01-29 10:17:54,250][gurobipy][INFO] - 
[2025-01-29 10:17:54,250][gurobipy][INFO] -     Nodes    |    Current Node    |     Objective Bounds      |     Work
[2025-01-29 10:17:54,250][gurobipy][INFO] -  Expl Unexpl |  Obj  Depth IntInf | Incumbent    BestBd   Gap | It/Node Time
[2025-01-29 10:17:54,250][gurobipy][INFO] - 
[2025-01-29 10:17:54,250][gurobipy][INFO] -      0     0    1.00000    0    1    0.00000    1.00000      -     -    0s
[2025-01-29 10:17:54,251][gurobipy][INFO] - H    0     0                       0.0034481    1.00000      -     -    0s
[2025-01-29 10:17:54,260][gurobipy][INFO] - H    0     0                       0.0182047    1.00000  5393%     -    0s
[2025-01-29 10:17:54,285][gurobipy][INFO] - H    0     0                       0.0196887    1.00000  4979%     -    0s
[2025-01-29 10:17:54,345][gurobipy][INFO] -      0     0    1.00000    0   15    0.01969    1.00000  4979%     -    0s
[2025-01-29 10:17:54,457][gurobipy][INFO] - H    0     0                       0.0395494    1.00000  2428%     -    0s
[2025-01-29 10:17:55,784][gurobipy][INFO] - H    0     0                       0.0644423    1.00000  1452%     -    2s
[2025-01-29 10:17:55,785][gurobipy][INFO] - H    0     0                       0.0644423    1.00000  1452%     -    2s
[2025-01-29 10:17:55,918][gurobipy][INFO] - H    0     0                       0.1202563    0.91464   661%     -    2s
[2025-01-29 10:17:55,963][gurobipy][INFO] -      0     0    0.91464    0   16    0.12026    0.91464   661%     -    2s
[2025-01-29 10:17:56,028][gurobipy][INFO] -      0     0    0.91464    0   11    0.12026    0.91464   661%     -    2s
[2025-01-29 10:17:56,656][gurobipy][INFO] -      0     0    0.85569    0    1    0.12026    0.85569   612%     -    2s
[2025-01-29 10:17:56,751][gurobipy][INFO] -      0     0    0.83129    0   16    0.12026    0.83129   591%     -    3s
[2025-01-29 10:17:57,369][gurobipy][INFO] -      0     0    0.40171    0   10    0.12026    0.40171   234%     -    3s
[2025-01-29 10:17:57,451][gurobipy][INFO] -      0     0    0.15379    0   10    0.12026    0.15379  27.9%     -    3s
[2025-01-29 10:17:57,502][gurobipy][INFO] - 
[2025-01-29 10:17:57,502][gurobipy][INFO] - Cutting planes:
[2025-01-29 10:17:57,502][gurobipy][INFO] -   Implied bound: 3
[2025-01-29 10:17:57,502][gurobipy][INFO] -   MIR: 5
[2025-01-29 10:17:57,502][gurobipy][INFO] -   RLT: 1
[2025-01-29 10:17:57,503][gurobipy][INFO] - 
[2025-01-29 10:17:57,503][gurobipy][INFO] - Explored 1 nodes (9804 simplex iterations) in 3.78 seconds (5.80 work units)
[2025-01-29 10:17:57,503][gurobipy][INFO] - Thread count was 24 (of 48 available processors)
[2025-01-29 10:17:57,503][gurobipy][INFO] - 
[2025-01-29 10:17:57,503][gurobipy][INFO] - Solution count 7: 0.120256 0.0644423 0.0395494 ... 4.44089e-15
[2025-01-29 10:17:57,503][gurobipy][INFO] - No other solutions better than 0.120256
[2025-01-29 10:17:57,503][gurobipy][INFO] - 
[2025-01-29 10:17:57,503][gurobipy][INFO] - Optimal solution found (tolerance 1.00e-04)
[2025-01-29 10:17:57,503][gurobipy][INFO] - Best objective 1.202563292279e-01, best bound 1.202563292279e-01, gap 0.0000%
[2025-01-29 10:17:57,538][__main__][INFO] - Finished size 1000 (1/5)
[2025-01-29 10:18:04,099][gurobipy][INFO] - Set parameter TimeLimit to value 600
[2025-01-29 10:18:04,114][gurobipy][INFO] - Gurobi Optimizer version 11.0.2 build v11.0.2rc0 (linux64)
[2025-01-29 10:18:04,114][gurobipy][INFO] - 
[2025-01-29 10:18:04,126][gurobipy][INFO] - CPU model: Intel(R) Xeon(R) Gold 6136 CPU @ 3.00GHz, instruction set [SSE2|AVX|AVX2|AVX512]
[2025-01-29 10:18:04,126][gurobipy][INFO] - Thread count: 24 physical cores, 48 logical processors, using up to 24 threads
[2025-01-29 10:18:04,126][gurobipy][INFO] - 
[2025-01-29 10:18:04,126][gurobipy][INFO] - Optimize a model with 55461 rows, 1462 columns and 150736 nonzeros
[2025-01-29 10:18:04,127][gurobipy][INFO] - Model fingerprint: 0xf96d83d9
[2025-01-29 10:18:04,127][gurobipy][INFO] - Variable types: 1423 continuous, 39 integer (39 binary)
[2025-01-29 10:18:04,127][gurobipy][INFO] - Coefficient statistics:
[2025-01-29 10:18:04,128][gurobipy][INFO] -   Matrix range     [5e-04, 2e+00]
[2025-01-29 10:18:04,128][gurobipy][INFO] -   Objective range  [1e+00, 1e+00]
[2025-01-29 10:18:04,128][gurobipy][INFO] -   Bounds range     [1e+00, 1e+00]
[2025-01-29 10:18:04,128][gurobipy][INFO] -   RHS range        [1e+00, 1e+01]
[2025-01-29 10:18:04,138][gurobipy][INFO] - Found heuristic solution: objective -0.0000000
[2025-01-29 10:18:04,545][gurobipy][INFO] - Presolve removed 12787 rows and 3 columns
[2025-01-29 10:18:04,545][gurobipy][INFO] - Presolve time: 0.41s
[2025-01-29 10:18:04,545][gurobipy][INFO] - Presolved: 42674 rows, 1459 columns, 129439 nonzeros
[2025-01-29 10:18:04,577][gurobipy][INFO] - Variable types: 1423 continuous, 36 integer (36 binary)
[2025-01-29 10:18:04,634][gurobipy][INFO] - Root relaxation presolved: 1459 rows, 44133 columns, 130898 nonzeros
[2025-01-29 10:18:04,634][gurobipy][INFO] - 
[2025-01-29 10:18:04,763][gurobipy][INFO] - 
[2025-01-29 10:18:04,763][gurobipy][INFO] - Root relaxation: objective 1.000000e+00, 1061 iterations, 0.18 seconds (0.38 work units)
[2025-01-29 10:18:04,783][gurobipy][INFO] - 
[2025-01-29 10:18:04,783][gurobipy][INFO] -     Nodes    |    Current Node    |     Objective Bounds      |     Work
[2025-01-29 10:18:04,783][gurobipy][INFO] -  Expl Unexpl |  Obj  Depth IntInf | Incumbent    BestBd   Gap | It/Node Time
[2025-01-29 10:18:04,783][gurobipy][INFO] - 
[2025-01-29 10:18:04,783][gurobipy][INFO] -      0     0    1.00000    0    5   -0.00000    1.00000      -     -    0s
[2025-01-29 10:18:04,794][gurobipy][INFO] - H    0     0                       0.0006238    1.00000      -     -    0s
[2025-01-29 10:18:04,926][gurobipy][INFO] - H    0     0                       0.0006238    1.00000      -     -    0s
[2025-01-29 10:18:05,763][gurobipy][INFO] -      0     0    1.00000    0   36    0.00062    1.00000      -     -    1s
[2025-01-29 10:18:05,890][gurobipy][INFO] - H    0     0                       0.0050735    1.00000      -     -    1s
[2025-01-29 10:18:06,659][gurobipy][INFO] - H    0     0                       0.0224773    1.00000  4349%     -    2s
[2025-01-29 10:18:16,935][gurobipy][INFO] - H    0     0                       0.0528451    0.93210  1664%     -   12s
[2025-01-29 10:18:17,415][gurobipy][INFO] -      0     0    0.93210    0   20    0.05285    0.93210  1664%     -   13s
[2025-01-29 10:18:17,589][gurobipy][INFO] - H    0     0                       0.0549174    0.93210  1597%     -   13s
[2025-01-29 10:18:18,016][gurobipy][INFO] -      0     0    0.92648    0   20    0.05492    0.92648  1587%     -   13s
[2025-01-29 10:18:25,093][gurobipy][INFO] - H    0     0                       0.0788143    0.85622   986%     -   20s
[2025-01-29 10:18:25,103][gurobipy][INFO] -      0     0    0.85622    0    3    0.07881    0.85622   986%     -   20s
[2025-01-29 10:18:25,490][gurobipy][INFO] -      0     0    0.83807    0    5    0.07881    0.83807   963%     -   21s
[2025-01-29 10:18:25,728][gurobipy][INFO] -      0     0    0.83333    0    5    0.07881    0.83333   957%     -   21s
[2025-01-29 10:18:25,925][gurobipy][INFO] -      0     0    0.67443    0    5    0.07881    0.67443   756%     -   21s
[2025-01-29 10:18:26,064][gurobipy][INFO] -      0     0    0.63190    0    4    0.07881    0.63190   702%     -   21s
[2025-01-29 10:18:26,287][gurobipy][INFO] -      0     0    0.63079    0    8    0.07881    0.63079   700%     -   22s
[2025-01-29 10:18:26,567][gurobipy][INFO] -      0     0    0.50695    0    5    0.07881    0.50695   543%     -   22s
[2025-01-29 10:18:26,960][gurobipy][INFO] -      0     0    0.14940    0    6    0.07881    0.14940  89.6%     -   22s
[2025-01-29 10:18:27,370][gurobipy][INFO] -      0     0    0.09045    0    7    0.07881    0.09045  14.8%     -   23s
[2025-01-29 10:18:28,305][gurobipy][INFO] - 
[2025-01-29 10:18:28,306][gurobipy][INFO] - Cutting planes:
[2025-01-29 10:18:28,306][gurobipy][INFO] -   MIR: 12
[2025-01-29 10:18:28,307][gurobipy][INFO] - 
[2025-01-29 10:18:28,307][gurobipy][INFO] - Explored 1 nodes (22072 simplex iterations) in 24.18 seconds (32.49 work units)
[2025-01-29 10:18:28,307][gurobipy][INFO] - Thread count was 24 (of 48 available processors)
[2025-01-29 10:18:28,307][gurobipy][INFO] - 
[2025-01-29 10:18:28,307][gurobipy][INFO] - Solution count 7: 0.0788143 0.0549174 0.0528451 ... -0
[2025-01-29 10:18:28,307][gurobipy][INFO] - No other solutions better than 0.0788143
[2025-01-29 10:18:28,307][gurobipy][INFO] - 
[2025-01-29 10:18:28,307][gurobipy][INFO] - Optimal solution found (tolerance 1.00e-04)
[2025-01-29 10:18:28,308][gurobipy][INFO] - Best objective 7.881434313212e-02, best bound 7.881434313212e-02, gap 0.0000%
[2025-01-29 10:18:28,371][__main__][INFO] - Finished size 3625 (2/5)
[2025-01-29 10:18:38,998][gurobipy][INFO] - Set parameter TimeLimit to value 600
[2025-01-29 10:18:39,025][gurobipy][INFO] - Gurobi Optimizer version 11.0.2 build v11.0.2rc0 (linux64)
[2025-01-29 10:18:39,025][gurobipy][INFO] - 
[2025-01-29 10:18:39,038][gurobipy][INFO] - CPU model: Intel(R) Xeon(R) Gold 6136 CPU @ 3.00GHz, instruction set [SSE2|AVX|AVX2|AVX512]
[2025-01-29 10:18:39,038][gurobipy][INFO] - Thread count: 24 physical cores, 48 logical processors, using up to 24 threads
[2025-01-29 10:18:39,038][gurobipy][INFO] - 
[2025-01-29 10:18:39,038][gurobipy][INFO] - Optimize a model with 111153 rows, 2890 columns and 302104 nonzeros
[2025-01-29 10:18:39,040][gurobipy][INFO] - Model fingerprint: 0xe7534c1f
[2025-01-29 10:18:39,040][gurobipy][INFO] - Variable types: 2851 continuous, 39 integer (39 binary)
[2025-01-29 10:18:39,041][gurobipy][INFO] - Coefficient statistics:
[2025-01-29 10:18:39,041][gurobipy][INFO] -   Matrix range     [1e-04, 2e+00]
[2025-01-29 10:18:39,041][gurobipy][INFO] -   Objective range  [1e+00, 1e+00]
[2025-01-29 10:18:39,041][gurobipy][INFO] -   Bounds range     [1e+00, 1e+00]
[2025-01-29 10:18:39,041][gurobipy][INFO] -   RHS range        [1e+00, 1e+01]
[2025-01-29 10:18:39,066][gurobipy][INFO] - Found heuristic solution: objective -0.0000000
[2025-01-29 10:18:40,069][gurobipy][INFO] - Presolve removed 19950 rows and 1 columns
[2025-01-29 10:18:40,069][gurobipy][INFO] - Presolve time: 1.00s
[2025-01-29 10:18:40,069][gurobipy][INFO] - Presolved: 91203 rows, 2889 columns, 276454 nonzeros
[2025-01-29 10:18:40,139][gurobipy][INFO] - Variable types: 2851 continuous, 38 integer (38 binary)
[2025-01-29 10:18:40,285][gurobipy][INFO] - Root relaxation presolved: 2889 rows, 94092 columns, 279343 nonzeros
[2025-01-29 10:18:40,285][gurobipy][INFO] - 
[2025-01-29 10:18:40,333][gurobipy][INFO] - 
[2025-01-29 10:18:40,333][gurobipy][INFO] - Root relaxation: objective 1.000000e+00, 58 iterations, 0.19 seconds (0.22 work units)
[2025-01-29 10:18:40,342][gurobipy][INFO] - 
[2025-01-29 10:18:40,342][gurobipy][INFO] -     Nodes    |    Current Node    |     Objective Bounds      |     Work
[2025-01-29 10:18:40,342][gurobipy][INFO] -  Expl Unexpl |  Obj  Depth IntInf | Incumbent    BestBd   Gap | It/Node Time
[2025-01-29 10:18:40,342][gurobipy][INFO] - 
[2025-01-29 10:18:40,342][gurobipy][INFO] -      0     0    1.00000    0    1   -0.00000    1.00000      -     -    1s
[2025-01-29 10:18:40,400][gurobipy][INFO] - H    0     0                       0.0010403    1.00000      -     -    1s
[2025-01-29 10:18:40,461][gurobipy][INFO] - H    0     0                       0.0045569    1.00000      -     -    1s
[2025-01-29 10:18:41,323][gurobipy][INFO] - H    0     0                       0.0055972    1.00000      -     -    2s
[2025-01-29 10:18:41,506][gurobipy][INFO] -      0     0    1.00000    0    2    0.00560    1.00000      -     -    2s
[2025-01-29 10:18:44,031][gurobipy][INFO] -      0     0    1.00000    0   38    0.00560    1.00000      -     -    4s
[2025-01-29 10:18:44,400][gurobipy][INFO] -      0     0    1.00000    0   33    0.00560    1.00000      -     -    5s
[2025-01-29 10:18:49,162][gurobipy][INFO] -      0     0    1.00000    0   33    0.00560    1.00000      -     -   10s
[2025-01-29 10:18:49,420][gurobipy][INFO] - H    0     0                       0.0668879    1.00000  1395%     -   10s
[2025-01-29 10:18:49,630][gurobipy][INFO] -      0     0    1.00000    0   33    0.06689    1.00000  1395%     -   10s
[2025-01-29 10:18:57,311][gurobipy][INFO] -      0     0    1.00000    0   33    0.06689    1.00000  1395%     -   18s
[2025-01-29 10:18:57,738][gurobipy][INFO] -      0     0    1.00000    0   33    0.06689    1.00000  1395%     -   18s
[2025-01-29 10:19:04,935][gurobipy][INFO] -      0     0    1.00000    0   31    0.06689    1.00000  1395%     -   25s
[2025-01-29 10:19:05,449][gurobipy][INFO] -      0     0    1.00000    0   30    0.06689    1.00000  1395%     -   26s
[2025-01-29 10:19:12,491][gurobipy][INFO] -      0     0    1.00000    0   27    0.06689    1.00000  1395%     -   33s
[2025-01-29 10:19:12,937][gurobipy][INFO] - H    0     0                       0.0698139    1.00000  1332%     -   33s
[2025-01-29 10:19:13,087][gurobipy][INFO] -      0     0    1.00000    0   27    0.06981    1.00000  1332%     -   34s
[2025-01-29 10:19:17,744][gurobipy][INFO] -      0     0    1.00000    0   25    0.06981    1.00000  1332%     -   38s
[2025-01-29 10:19:23,504][gurobipy][INFO] -      0     0    1.00000    0   25    0.06981    1.00000  1332%     -   44s
[2025-01-29 10:19:35,063][gurobipy][INFO] -      0     2    1.00000    0   25    0.06981    1.00000  1332%     -   56s
[2025-01-29 10:19:41,739][gurobipy][INFO] -      7     6    1.00000    3   13    0.06981    1.00000  1332%  1316   62s
[2025-01-29 10:19:46,914][gurobipy][INFO] -     17     8    0.95455    5   26    0.06981    1.00000  1332%  1106   67s
[2025-01-29 10:19:49,592][gurobipy][INFO] -     23    12    0.95238    6   25    0.06981    0.95454  1267%  1025   70s
[2025-01-29 10:19:55,767][gurobipy][INFO] -     67    16    0.94118   10   21    0.06981    0.94443  1253%   501   76s
[2025-01-29 10:20:00,154][gurobipy][INFO] -    117    22    0.92857   13   18    0.06981    0.93325  1237%   369   81s
[2025-01-29 10:20:05,178][gurobipy][INFO] -    194    52    0.90909   16   15    0.06981    0.91665  1213%   272   86s
[2025-01-29 10:20:09,391][gurobipy][INFO] -    227    61    0.90000   17   14    0.06981    0.91659  1213%   244   90s
[2025-01-29 10:20:12,416][gurobipy][INFO] - H  323   120                       0.0798522    0.91659  1048%   197   93s
[2025-01-29 10:20:14,161][gurobipy][INFO] -    418   119    0.85175   21   12    0.07985    0.91659  1048%   164   95s
[2025-01-29 10:20:14,165][gurobipy][INFO] - H  460   119                       0.0844614    0.91659   985%   152   95s
[2025-01-29 10:20:19,053][gurobipy][INFO] -    634    18    0.69048   25    8    0.08446    0.91659   985%   123  100s
[2025-01-29 10:20:24,243][gurobipy][INFO] -    708    12    0.21875   29    4    0.08446    0.91659   985%   143  105s
[2025-01-29 10:20:28,465][gurobipy][INFO] - 
[2025-01-29 10:20:28,465][gurobipy][INFO] - Cutting planes:
[2025-01-29 10:20:28,465][gurobipy][INFO] -   Gomory: 1
[2025-01-29 10:20:28,465][gurobipy][INFO] -   Cover: 1
[2025-01-29 10:20:28,465][gurobipy][INFO] -   MIR: 9
[2025-01-29 10:20:28,465][gurobipy][INFO] -   RLT: 3
[2025-01-29 10:20:28,465][gurobipy][INFO] -   Relax-and-lift: 2
[2025-01-29 10:20:28,468][gurobipy][INFO] - 
[2025-01-29 10:20:28,469][gurobipy][INFO] - Explored 762 nodes (146427 simplex iterations) in 109.43 seconds (207.77 work units)
[2025-01-29 10:20:28,469][gurobipy][INFO] - Thread count was 24 (of 48 available processors)
[2025-01-29 10:20:28,469][gurobipy][INFO] - 
[2025-01-29 10:20:28,469][gurobipy][INFO] - Solution count 8: 0.0844614 0.0798522 0.0698139 ... -0
[2025-01-29 10:20:28,469][gurobipy][INFO] - No other solutions better than 0.0844614
[2025-01-29 10:20:28,469][gurobipy][INFO] - 
[2025-01-29 10:20:28,469][gurobipy][INFO] - Optimal solution found (tolerance 1.00e-04)
[2025-01-29 10:20:28,470][gurobipy][INFO] - Best objective 8.446140203212e-02, best bound 8.446140203212e-02, gap 0.0000%
[2025-01-29 10:20:28,631][__main__][INFO] - Finished size 13135 (3/5)
[2025-01-29 10:20:47,851][gurobipy][INFO] - Set parameter TimeLimit to value 600
[2025-01-29 10:20:47,897][gurobipy][INFO] - Gurobi Optimizer version 11.0.2 build v11.0.2rc0 (linux64)
[2025-01-29 10:20:47,897][gurobipy][INFO] - 
[2025-01-29 10:20:47,897][gurobipy][INFO] - CPU model: Intel(R) Xeon(R) Gold 6136 CPU @ 3.00GHz, instruction set [SSE2|AVX|AVX2|AVX512]
[2025-01-29 10:20:47,897][gurobipy][INFO] - Thread count: 24 physical cores, 48 logical processors, using up to 24 threads
[2025-01-29 10:20:47,897][gurobipy][INFO] - 
[2025-01-29 10:20:47,898][gurobipy][INFO] - Optimize a model with 197694 rows, 5109 columns and 537318 nonzeros
[2025-01-29 10:20:47,902][gurobipy][INFO] - Model fingerprint: 0x0c56de4f
[2025-01-29 10:20:47,902][gurobipy][INFO] - Variable types: 5070 continuous, 39 integer (39 binary)
[2025-01-29 10:20:47,903][gurobipy][INFO] - Coefficient statistics:
[2025-01-29 10:20:47,903][gurobipy][INFO] -   Matrix range     [4e-05, 2e+00]
[2025-01-29 10:20:47,903][gurobipy][INFO] -   Objective range  [1e+00, 1e+00]
[2025-01-29 10:20:47,903][gurobipy][INFO] -   Bounds range     [1e+00, 1e+00]
[2025-01-29 10:20:47,903][gurobipy][INFO] -   RHS range        [1e+00, 1e+01]
[2025-01-29 10:20:47,951][gurobipy][INFO] - Found heuristic solution: objective -0.0000000
[2025-01-29 10:20:50,027][gurobipy][INFO] - Presolve removed 35481 rows and 1 columns
[2025-01-29 10:20:50,028][gurobipy][INFO] - Presolve time: 2.08s
[2025-01-29 10:20:50,028][gurobipy][INFO] - Presolved: 162213 rows, 5108 columns, 491703 nonzeros
[2025-01-29 10:20:50,156][gurobipy][INFO] - Variable types: 5070 continuous, 38 integer (38 binary)
[2025-01-29 10:20:50,455][gurobipy][INFO] - Root relaxation presolved: 5108 rows, 167321 columns, 496811 nonzeros
[2025-01-29 10:20:50,455][gurobipy][INFO] - 
[2025-01-29 10:20:50,558][gurobipy][INFO] - 
[2025-01-29 10:20:50,558][gurobipy][INFO] - Root relaxation: objective 1.000000e+00, 94 iterations, 0.39 seconds (0.42 work units)
[2025-01-29 10:20:50,606][gurobipy][INFO] - 
[2025-01-29 10:20:50,606][gurobipy][INFO] -     Nodes    |    Current Node    |     Objective Bounds      |     Work
[2025-01-29 10:20:50,606][gurobipy][INFO] -  Expl Unexpl |  Obj  Depth IntInf | Incumbent    BestBd   Gap | It/Node Time
[2025-01-29 10:20:50,606][gurobipy][INFO] - 
[2025-01-29 10:20:50,606][gurobipy][INFO] -      0     0    1.00000    0    5   -0.00000    1.00000      -     -    2s
[2025-01-29 10:20:50,654][gurobipy][INFO] - H    0     0                       0.0081728    1.00000      -     -    2s
[2025-01-29 10:20:50,818][gurobipy][INFO] - H    0     0                       0.0082259    1.00000      -     -    2s
[2025-01-29 10:20:51,308][gurobipy][INFO] -      0     0    1.00000    0    2    0.00823    1.00000      -     -    3s
[2025-01-29 10:20:53,051][gurobipy][INFO] -      0     0    1.00000    0    1    0.00823    1.00000      -     -    5s
[2025-01-29 10:20:53,434][gurobipy][INFO] -      0     0    1.00000    0    5    0.00823    1.00000      -     -    5s
[2025-01-29 10:20:53,736][gurobipy][INFO] -      0     0    1.00000    0    5    0.00823    1.00000      -     -    5s
[2025-01-29 10:20:54,295][gurobipy][INFO] -      0     0    1.00000    0    3    0.00823    1.00000      -     -    6s
[2025-01-29 10:20:54,443][gurobipy][INFO] -      0     0    1.00000    0    4    0.00823    1.00000      -     -    6s
[2025-01-29 10:20:54,858][gurobipy][INFO] -      0     0    1.00000    0    2    0.00823    1.00000      -     -    6s
[2025-01-29 10:20:55,035][gurobipy][INFO] -      0     0    1.00000    0    3    0.00823    1.00000      -     -    7s
[2025-01-29 10:20:55,352][gurobipy][INFO] -      0     0    1.00000    0    3    0.00823    1.00000      -     -    7s
[2025-01-29 10:20:55,505][gurobipy][INFO] -      0     0    1.00000    0    3    0.00823    1.00000      -     -    7s
[2025-01-29 10:20:56,000][gurobipy][INFO] -      0     0    1.00000    0    4    0.00823    1.00000      -     -    8s
[2025-01-29 10:20:57,262][gurobipy][INFO] -      0     0    1.00000    0    4    0.00823    1.00000      -     -    9s
[2025-01-29 10:20:57,345][gurobipy][INFO] - H    0     0                       0.0422391    1.00000  2267%     -    9s
[2025-01-29 10:20:58,632][gurobipy][INFO] -      0     2    1.00000    0    4    0.04224    1.00000  2267%     -   10s
[2025-01-29 10:21:05,114][gurobipy][INFO] -      7     8    1.00000    3   13    0.04224    1.00000  2267%   475   17s
[2025-01-29 10:21:09,517][gurobipy][INFO] -     13    14    1.00000    4   16    0.04224    1.00000  2267%   580   21s
[2025-01-29 10:21:13,123][gurobipy][INFO] -     21    21    1.00000    5   10    0.04224    1.00000  2267%   831   25s
[2025-01-29 10:21:31,228][gurobipy][INFO] -     35    30    0.93750    6   22    0.04224    1.00000  2267%   825   43s
[2025-01-29 10:21:35,293][gurobipy][INFO] -     56    36    0.93333    7   21    0.04224    0.93750  2120%   839   47s
[2025-01-29 10:21:38,586][gurobipy][INFO] -     80    48    0.92876    8   20    0.04224    0.93749  2119%   669   50s
[2025-01-29 10:21:40,675][gurobipy][INFO] - H  112    62                       0.0545602    0.93749  1618%   583   52s
[2025-01-29 10:21:40,681][gurobipy][INFO] - H  113    62                       0.0562567    0.93749  1566%   579   52s
[2025-01-29 10:21:43,092][gurobipy][INFO] -    128    83    0.91290   10   17    0.05626    0.93749  1566%   545   55s
[2025-01-29 10:21:50,506][gurobipy][INFO] -    254   126    0.88758   13   14    0.05626    0.93749  1566%   343   62s
[2025-01-29 10:21:54,452][gurobipy][INFO] -    371   158    0.86193   15   12    0.05626    0.93749  1566%   286   66s
[2025-01-29 10:21:58,902][gurobipy][INFO] -    529   137    0.82211   17   10    0.05626    0.93749  1566%   236   71s
[2025-01-29 10:21:58,907][gurobipy][INFO] - H  545   137                       0.0621315    0.93749  1409%   244   71s
[2025-01-29 10:22:04,110][gurobipy][INFO] -    718    85    0.16617   18    9    0.06213    0.93749  1409%   223   76s
[2025-01-29 10:22:04,115][gurobipy][INFO] - H  724    85                       0.0635813    0.93749  1374%   222   76s
[2025-01-29 10:22:09,161][gurobipy][INFO] -    876    34    0.15893   19    8    0.06358    0.93749  1374%   207   81s
[2025-01-29 10:22:09,165][gurobipy][INFO] - *  909    34              24       0.0709597    0.93749  1221%   212   81s
[2025-01-29 10:22:13,975][gurobipy][INFO] -    980     9 infeasible   22         0.07096    0.82052  1056%   211   86s
[2025-01-29 10:22:18,059][gurobipy][INFO] -   1002     7 infeasible    9         0.07096    0.44249   524%   219   90s
[2025-01-29 10:22:23,302][gurobipy][INFO] -   1036     1 infeasible   19         0.07096    0.35265   397%   219   95s
[2025-01-29 10:22:23,362][gurobipy][INFO] - 
[2025-01-29 10:22:23,362][gurobipy][INFO] - Cutting planes:
[2025-01-29 10:22:23,362][gurobipy][INFO] -   Gomory: 1
[2025-01-29 10:22:23,362][gurobipy][INFO] -   Cover: 11
[2025-01-29 10:22:23,362][gurobipy][INFO] -   MIR: 6
[2025-01-29 10:22:23,362][gurobipy][INFO] -   RLT: 1
[2025-01-29 10:22:23,372][gurobipy][INFO] - 
[2025-01-29 10:22:23,372][gurobipy][INFO] - Explored 1042 nodes (229364 simplex iterations) in 95.47 seconds (171.60 work units)
[2025-01-29 10:22:23,372][gurobipy][INFO] - Thread count was 24 (of 48 available processors)
[2025-01-29 10:22:23,372][gurobipy][INFO] - 
[2025-01-29 10:22:23,373][gurobipy][INFO] - Solution count 9: 0.0709597 0.0635813 0.0621315 ... -0
[2025-01-29 10:22:23,373][gurobipy][INFO] - No other solutions better than 0.0709597
[2025-01-29 10:22:23,373][gurobipy][INFO] - 
[2025-01-29 10:22:23,373][gurobipy][INFO] - Optimal solution found (tolerance 1.00e-04)
[2025-01-29 10:22:23,374][gurobipy][INFO] - Best objective 7.095974131830e-02, best bound 7.095974131830e-02, gap 0.0000%
[2025-01-29 10:22:23,676][__main__][INFO] - Finished size 47600 (4/5)
[2025-01-29 10:22:53,093][gurobipy][INFO] - Set parameter TimeLimit to value 600
[2025-01-29 10:22:53,164][gurobipy][INFO] - Gurobi Optimizer version 11.0.2 build v11.0.2rc0 (linux64)
[2025-01-29 10:22:53,165][gurobipy][INFO] - 
[2025-01-29 10:22:53,176][gurobipy][INFO] - CPU model: Intel(R) Xeon(R) Gold 6136 CPU @ 3.00GHz, instruction set [SSE2|AVX|AVX2|AVX512]
[2025-01-29 10:22:53,177][gurobipy][INFO] - Thread count: 24 physical cores, 48 logical processors, using up to 24 threads
[2025-01-29 10:22:53,177][gurobipy][INFO] - 
[2025-01-29 10:22:53,177][gurobipy][INFO] - Optimize a model with 315708 rows, 8135 columns and 858074 nonzeros
[2025-01-29 10:22:53,184][gurobipy][INFO] - Model fingerprint: 0xa053b0c1
[2025-01-29 10:22:53,184][gurobipy][INFO] - Variable types: 8096 continuous, 39 integer (39 binary)
[2025-01-29 10:22:53,185][gurobipy][INFO] - Coefficient statistics:
[2025-01-29 10:22:53,185][gurobipy][INFO] -   Matrix range     [1e-05, 2e+00]
[2025-01-29 10:22:53,185][gurobipy][INFO] -   Objective range  [1e+00, 1e+00]
[2025-01-29 10:22:53,185][gurobipy][INFO] -   Bounds range     [1e+00, 1e+00]
[2025-01-29 10:22:53,185][gurobipy][INFO] -   RHS range        [1e+00, 1e+01]
[2025-01-29 10:22:53,260][gurobipy][INFO] - Found heuristic solution: objective 0.0000000
[2025-01-29 10:22:56,402][gurobipy][INFO] - Presolve removed 56657 rows and 1 columns
[2025-01-29 10:22:56,403][gurobipy][INFO] - Presolve time: 3.14s
[2025-01-29 10:22:56,403][gurobipy][INFO] - Presolved: 259051 rows, 8134 columns, 785243 nonzeros
[2025-01-29 10:22:56,604][gurobipy][INFO] - Variable types: 8096 continuous, 38 integer (38 binary)
[2025-01-29 10:22:57,084][gurobipy][INFO] - Root relaxation presolved: 8134 rows, 267185 columns, 793377 nonzeros
[2025-01-29 10:22:57,084][gurobipy][INFO] - 
[2025-01-29 10:22:57,274][gurobipy][INFO] - 
[2025-01-29 10:22:57,274][gurobipy][INFO] - Root relaxation: objective 1.000000e+00, 158 iterations, 0.66 seconds (0.74 work units)
[2025-01-29 10:22:57,358][gurobipy][INFO] - 
[2025-01-29 10:22:57,358][gurobipy][INFO] -     Nodes    |    Current Node    |     Objective Bounds      |     Work
[2025-01-29 10:22:57,358][gurobipy][INFO] -  Expl Unexpl |  Obj  Depth IntInf | Incumbent    BestBd   Gap | It/Node Time
[2025-01-29 10:22:57,358][gurobipy][INFO] - 
[2025-01-29 10:22:57,358][gurobipy][INFO] -      0     0    1.00000    0    7    0.00000    1.00000      -     -    4s
[2025-01-29 10:22:57,433][gurobipy][INFO] - H    0     0                       0.0020627    1.00000      -     -    4s
[2025-01-29 10:22:58,379][gurobipy][INFO] -      0     0    1.00000    0    7    0.00206    1.00000      -     -    5s
[2025-01-29 10:22:59,017][gurobipy][INFO] - H    0     0                       0.0045467    1.00000      -     -    5s
[2025-01-29 10:23:05,606][gurobipy][INFO] -      0     0    1.00000    0   38    0.00455    1.00000      -     -   12s
[2025-01-29 10:23:08,312][gurobipy][INFO] -      0     0    1.00000    0   29    0.00455    1.00000      -     -   15s
[2025-01-29 10:23:16,396][gurobipy][INFO] -      0     0    1.00000    0   27    0.00455    1.00000      -     -   23s
[2025-01-29 10:23:18,555][gurobipy][INFO] - H    0     0                       0.0076953    1.00000      -     -   25s
[2025-01-29 10:23:19,232][gurobipy][INFO] - H    0     0                       0.0190456    1.00000  5151%     -   26s
[2025-01-29 10:23:34,308][gurobipy][INFO] -      0     0    1.00000    0   34    0.01905    1.00000  5151%     -   41s
[2025-01-29 10:23:47,316][gurobipy][INFO] -      0     0    1.00000    0   34    0.01905    1.00000  5151%     -   54s
[2025-01-29 10:23:51,515][gurobipy][INFO] - H    0     0                       0.0597002    1.00000  1575%     -   58s
[2025-01-29 10:23:56,781][gurobipy][INFO] -      0     0    1.00000    0   34    0.05970    1.00000  1575%     -   63s
[2025-01-29 10:24:13,857][gurobipy][INFO] -      0     0    1.00000    0   34    0.05970    1.00000  1575%     -   80s
[2025-01-29 10:24:15,426][gurobipy][INFO] - H    0     0                       0.0680345    1.00000  1370%     -   82s
[2025-01-29 10:24:22,610][gurobipy][INFO] -      0     0    1.00000    0   33    0.06803    1.00000  1370%     -   89s
[2025-01-29 10:24:31,140][gurobipy][INFO] -      0     0    1.00000    0   33    0.06803    1.00000  1370%     -   97s
[2025-01-29 10:24:35,208][gurobipy][INFO] -      0     0    1.00000    0   14    0.06803    1.00000  1370%     -  102s
[2025-01-29 10:24:40,837][gurobipy][INFO] -      0     0    1.00000    0   13    0.06803    1.00000  1370%     -  107s
[2025-01-29 10:24:53,452][gurobipy][INFO] -      0     0    1.00000    0   13    0.06803    1.00000  1370%     -  120s
[2025-01-29 10:25:17,637][gurobipy][INFO] -      0     2    1.00000    0   13    0.06803    1.00000  1370%     -  144s
[2025-01-29 10:25:18,778][gurobipy][INFO] -      1     2    1.00000    1   12    0.06803    1.00000  1370%  1924  145s
[2025-01-29 10:25:24,621][gurobipy][INFO] -     15     3    1.00000    8    9    0.06803    1.00000  1370%   230  151s
[2025-01-29 10:26:31,128][gurobipy][INFO] -     20     6    1.00000   10   20    0.06803    1.00000  1370%  1156  217s
[2025-01-29 10:27:42,493][gurobipy][INFO] -     24    12    0.94118   11   23    0.06803    1.00000  1370%  1576  289s
[2025-01-29 10:27:56,606][gurobipy][INFO] -     30    16    0.93750   12   22    0.06803    0.94118  1283%  2267  303s
[2025-01-29 10:28:14,586][gurobipy][INFO] -     42    22    0.93333   13   21    0.06803    0.93750  1278%  1900  321s
[2025-01-29 10:28:29,598][gurobipy][INFO] -     58    30    0.93094   14   20    0.06803    0.93333  1272%  1634  336s
[2025-01-29 10:28:47,537][gurobipy][INFO] -     80    40    0.92649   15   19    0.06803    0.93079  1268%  1417  354s
[2025-01-29 10:28:55,192][gurobipy][INFO] -    104    54    0.92092   16   18    0.06803    0.92627  1261%  1263  362s
[2025-01-29 10:29:07,350][gurobipy][INFO] -    128    72    0.91462   17   17    0.06803    0.92615  1261%  1115  374s
[2025-01-29 10:29:13,512][gurobipy][INFO] -    156   107 infeasible   17         0.06803    0.92065  1253%   999  380s
[2025-01-29 10:29:18,380][gurobipy][INFO] -    243   146    0.89534   20   14    0.06803    0.91457  1244%   695  385s
[2025-01-29 10:29:25,118][gurobipy][INFO] -    365   214    0.87150   22   12    0.06803    0.91457  1244%   506  391s
[2025-01-29 10:29:32,302][gurobipy][INFO] -    502   192    0.83065   24   10    0.06803    0.91457  1244%   409  399s
[2025-01-29 10:30:08,984][gurobipy][INFO] -    580   189    0.80344   25    9    0.06803    0.91457  1244%   382  435s
[2025-01-29 10:30:13,728][gurobipy][INFO] -    645   212    0.76885   26    8    0.06803    0.91457  1244%   380  440s
[2025-01-29 10:30:31,573][gurobipy][INFO] -    749   205 infeasible   26         0.06803    0.91457  1244%   346  458s
[2025-01-29 10:30:50,827][gurobipy][INFO] -    856   145 infeasible   27         0.06803    0.91457  1244%   327  477s
[2025-01-29 10:30:50,835][gurobipy][INFO] - *  932   145              32       0.0681528    0.91457  1242%   315  477s
[2025-01-29 10:30:53,939][gurobipy][INFO] -   1003    67 infeasible   28         0.06815    0.91457  1242%   300  480s
[2025-01-29 10:31:02,232][gurobipy][INFO] -   1124    32    0.49750   29    5    0.06815    0.91457  1242%   276  489s
[2025-01-29 10:31:06,248][gurobipy][INFO] -   1189    29    0.32698   30    4    0.06815    0.91457  1242%   279  493s
[2025-01-29 10:31:10,968][gurobipy][INFO] -   1230    20    0.16380   31    3    0.06815    0.91457  1242%   280  497s
[2025-01-29 10:31:14,540][gurobipy][INFO] -   1259    15 infeasible   32         0.06815    0.91457  1242%   282  501s
[2025-01-29 10:31:20,374][gurobipy][INFO] -   1301    12    0.36613   27    7    0.06815    0.91457  1242%   288  507s
[2025-01-29 10:31:26,618][gurobipy][INFO] -   1329     4 infeasible   28         0.06815    0.48241   608%   288  513s
[2025-01-29 10:31:26,623][gurobipy][INFO] - * 1338     4              31       0.0770981    0.48235   526%   292  513s
[2025-01-29 10:31:29,424][gurobipy][INFO] -   1355    14    0.26618   22   12    0.07710    0.47670   518%   293  516s
[2025-01-29 10:31:30,288][gurobipy][INFO] - 
[2025-01-29 10:31:30,288][gurobipy][INFO] - Cutting planes:
[2025-01-29 10:31:30,288][gurobipy][INFO] -   Cover: 2
[2025-01-29 10:31:30,288][gurobipy][INFO] -   MIR: 2
[2025-01-29 10:31:30,323][gurobipy][INFO] - 
[2025-01-29 10:31:30,323][gurobipy][INFO] - Explored 1397 nodes (428218 simplex iterations) in 517.15 seconds (1022.44 work units)
[2025-01-29 10:31:30,323][gurobipy][INFO] - Thread count was 24 (of 48 available processors)
[2025-01-29 10:31:30,323][gurobipy][INFO] - 
[2025-01-29 10:31:30,323][gurobipy][INFO] - Solution count 9: 0.0770981 0.0681528 0.0680345 ... 6.39488e-14
[2025-01-29 10:31:30,323][gurobipy][INFO] - No other solutions better than 0.0770981
[2025-01-29 10:31:30,323][gurobipy][INFO] - 
[2025-01-29 10:31:30,323][gurobipy][INFO] - Optimal solution found (tolerance 1.00e-04)
[2025-01-29 10:31:30,336][gurobipy][INFO] - Best objective 7.709806150814e-02, best bound 7.709806150814e-02, gap 0.0000%
[2025-01-29 10:31:30,851][__main__][INFO] - Finished size 172508 (5/5)
