[2025-01-29 09:17:11,756][gurobipy][INFO] - Set parameter TokenServer to value "147.32.84.36"
[2025-01-29 09:17:12,154][gurobipy][INFO] - Set parameter TimeLimit to value 600
[2025-01-29 09:17:12,156][gurobipy][INFO] - Gurobi Optimizer version 11.0.2 build v11.0.2rc0 (linux64)
[2025-01-29 09:17:12,156][gurobipy][INFO] - 
[2025-01-29 09:17:12,168][gurobipy][INFO] - CPU model: Intel(R) Xeon(R) Gold 6136 CPU @ 3.00GHz, instruction set [SSE2|AVX|AVX2|AVX512]
[2025-01-29 09:17:12,168][gurobipy][INFO] - Thread count: 24 physical cores, 48 logical processors, using up to 24 threads
[2025-01-29 09:17:12,168][gurobipy][INFO] - 
[2025-01-29 09:17:12,168][gurobipy][INFO] - Optimize a model with 6779 rows, 271 columns and 18638 nonzeros
[2025-01-29 09:17:12,169][gurobipy][INFO] - Model fingerprint: 0x7ed9bc6a
[2025-01-29 09:17:12,169][gurobipy][INFO] - Variable types: 243 continuous, 28 integer (28 binary)
[2025-01-29 09:17:12,169][gurobipy][INFO] - Coefficient statistics:
[2025-01-29 09:17:12,169][gurobipy][INFO] -   Matrix range     [2e-03, 2e+00]
[2025-01-29 09:17:12,169][gurobipy][INFO] -   Objective range  [1e+00, 1e+00]
[2025-01-29 09:17:12,169][gurobipy][INFO] -   Bounds range     [1e+00, 1e+00]
[2025-01-29 09:17:12,169][gurobipy][INFO] -   RHS range        [1e+00, 1e+01]
[2025-01-29 09:17:12,170][gurobipy][INFO] - Found heuristic solution: objective -0.0000000
[2025-01-29 09:17:12,201][gurobipy][INFO] - Presolve removed 2875 rows and 8 columns
[2025-01-29 09:17:12,201][gurobipy][INFO] - Presolve time: 0.03s
[2025-01-29 09:17:12,201][gurobipy][INFO] - Presolved: 3904 rows, 263 columns, 11949 nonzeros
[2025-01-29 09:17:12,203][gurobipy][INFO] - Variable types: 243 continuous, 20 integer (20 binary)
[2025-01-29 09:17:12,212][gurobipy][INFO] - 
[2025-01-29 09:17:12,212][gurobipy][INFO] - Root relaxation: objective 1.000000e+00, 182 iterations, 0.01 seconds (0.01 work units)
[2025-01-29 09:17:12,215][gurobipy][INFO] - 
[2025-01-29 09:17:12,215][gurobipy][INFO] -     Nodes    |    Current Node    |     Objective Bounds      |     Work
[2025-01-29 09:17:12,215][gurobipy][INFO] -  Expl Unexpl |  Obj  Depth IntInf | Incumbent    BestBd   Gap | It/Node Time
[2025-01-29 09:17:12,215][gurobipy][INFO] - 
[2025-01-29 09:17:12,215][gurobipy][INFO] -      0     0    1.00000    0    9   -0.00000    1.00000      -     -    0s
[2025-01-29 09:17:12,238][gurobipy][INFO] - H    0     0                       0.0131723    1.00000  7492%     -    0s
[2025-01-29 09:17:12,238][gurobipy][INFO] - H    0     0                       0.0316069    1.00000  3064%     -    0s
[2025-01-29 09:17:12,263][gurobipy][INFO] - H    0     0                       0.0671813    1.00000  1389%     -    0s
[2025-01-29 09:17:12,264][gurobipy][INFO] - H    0     0                       0.0979278    1.00000   921%     -    0s
[2025-01-29 09:17:12,271][gurobipy][INFO] -      0     0    1.00000    0   19    0.09793    1.00000   921%     -    0s
[2025-01-29 09:17:12,281][gurobipy][INFO] -      0     0    1.00000    0   12    0.09793    1.00000   921%     -    0s
[2025-01-29 09:17:12,433][gurobipy][INFO] - H    0     0                       0.1180379    0.83313   606%     -    0s
[2025-01-29 09:17:12,534][gurobipy][INFO] - H    0     0                       0.1943910    0.83313   329%     -    0s
[2025-01-29 09:17:12,549][gurobipy][INFO] -      0     0    0.19439    0    8    0.19439    0.19439  0.00%     -    0s
[2025-01-29 09:17:12,549][gurobipy][INFO] - 
[2025-01-29 09:17:12,549][gurobipy][INFO] - Cutting planes:
[2025-01-29 09:17:12,549][gurobipy][INFO] -   Gomory: 2
[2025-01-29 09:17:12,549][gurobipy][INFO] -   Implied bound: 1
[2025-01-29 09:17:12,549][gurobipy][INFO] -   MIR: 38
[2025-01-29 09:17:12,549][gurobipy][INFO] -   RLT: 6
[2025-01-29 09:17:12,549][gurobipy][INFO] - 
[2025-01-29 09:17:12,550][gurobipy][INFO] - Explored 1 nodes (1806 simplex iterations) in 0.38 seconds (0.46 work units)
[2025-01-29 09:17:12,550][gurobipy][INFO] - Thread count was 24 (of 48 available processors)
[2025-01-29 09:17:12,550][gurobipy][INFO] - 
[2025-01-29 09:17:12,550][gurobipy][INFO] - Solution count 7: 0.194391 0.118038 0.0979278 ... -0
[2025-01-29 09:17:12,550][gurobipy][INFO] - No other solutions better than 0.194391
[2025-01-29 09:17:12,550][gurobipy][INFO] - 
[2025-01-29 09:17:12,550][gurobipy][INFO] - Optimal solution found (tolerance 1.00e-04)
[2025-01-29 09:17:12,550][gurobipy][INFO] - Best objective 1.943910077404e-01, best bound 1.943910077404e-01, gap 0.0000%
[2025-01-29 09:17:12,557][__main__][INFO] - Finished size 1000 (1/5)
[2025-01-29 09:17:13,642][gurobipy][INFO] - Set parameter TimeLimit to value 600
[2025-01-29 09:17:13,645][gurobipy][INFO] - Gurobi Optimizer version 11.0.2 build v11.0.2rc0 (linux64)
[2025-01-29 09:17:13,645][gurobipy][INFO] - 
[2025-01-29 09:17:13,656][gurobipy][INFO] - CPU model: Intel(R) Xeon(R) Gold 6136 CPU @ 3.00GHz, instruction set [SSE2|AVX|AVX2|AVX512]
[2025-01-29 09:17:13,656][gurobipy][INFO] - Thread count: 24 physical cores, 48 logical processors, using up to 24 threads
[2025-01-29 09:17:13,656][gurobipy][INFO] - 
[2025-01-29 09:17:13,656][gurobipy][INFO] - Optimize a model with 10531 rows, 405 columns and 28956 nonzeros
[2025-01-29 09:17:13,657][gurobipy][INFO] - Model fingerprint: 0xaeb159f3
[2025-01-29 09:17:13,657][gurobipy][INFO] - Variable types: 377 continuous, 28 integer (28 binary)
[2025-01-29 09:17:13,657][gurobipy][INFO] - Coefficient statistics:
[2025-01-29 09:17:13,657][gurobipy][INFO] -   Matrix range     [4e-04, 2e+00]
[2025-01-29 09:17:13,657][gurobipy][INFO] -   Objective range  [1e+00, 1e+00]
[2025-01-29 09:17:13,657][gurobipy][INFO] -   Bounds range     [1e+00, 1e+00]
[2025-01-29 09:17:13,657][gurobipy][INFO] -   RHS range        [1e+00, 1e+01]
[2025-01-29 09:17:13,659][gurobipy][INFO] - Found heuristic solution: objective 0.0000000
[2025-01-29 09:17:13,718][gurobipy][INFO] - Presolve removed 2624 rows and 3 columns
[2025-01-29 09:17:13,718][gurobipy][INFO] - Presolve time: 0.06s
[2025-01-29 09:17:13,718][gurobipy][INFO] - Presolved: 7907 rows, 402 columns, 24092 nonzeros
[2025-01-29 09:17:13,724][gurobipy][INFO] - Variable types: 377 continuous, 25 integer (25 binary)
[2025-01-29 09:17:13,740][gurobipy][INFO] - 
[2025-01-29 09:17:13,740][gurobipy][INFO] - Root relaxation: objective 1.000000e+00, 222 iterations, 0.02 seconds (0.02 work units)
[2025-01-29 09:17:13,745][gurobipy][INFO] - 
[2025-01-29 09:17:13,745][gurobipy][INFO] -     Nodes    |    Current Node    |     Objective Bounds      |     Work
[2025-01-29 09:17:13,745][gurobipy][INFO] -  Expl Unexpl |  Obj  Depth IntInf | Incumbent    BestBd   Gap | It/Node Time
[2025-01-29 09:17:13,745][gurobipy][INFO] - 
[2025-01-29 09:17:13,745][gurobipy][INFO] -      0     0    1.00000    0    8    0.00000    1.00000      -     -    0s
[2025-01-29 09:17:13,753][gurobipy][INFO] - H    0     0                       0.1273914    1.00000   685%     -    0s
[2025-01-29 09:17:13,851][gurobipy][INFO] -      0     0    1.00000    0   12    0.12739    1.00000   685%     -    0s
[2025-01-29 09:17:14,199][gurobipy][INFO] - H    0     0                       0.2010001    1.00000   398%     -    0s
[2025-01-29 09:17:14,257][gurobipy][INFO] -      0     0    0.47224    0    8    0.20100    0.47224   135%     -    0s
[2025-01-29 09:17:14,260][gurobipy][INFO] -      0     0    0.47224    0    7    0.20100    0.47224   135%     -    0s
[2025-01-29 09:17:14,375][gurobipy][INFO] -      0     0    0.20100    0    6    0.20100    0.20100  0.00%     -    0s
[2025-01-29 09:17:14,376][gurobipy][INFO] - 
[2025-01-29 09:17:14,376][gurobipy][INFO] - Cutting planes:
[2025-01-29 09:17:14,376][gurobipy][INFO] -   Cover: 1
[2025-01-29 09:17:14,376][gurobipy][INFO] -   Implied bound: 2
[2025-01-29 09:17:14,376][gurobipy][INFO] -   MIR: 5
[2025-01-29 09:17:14,376][gurobipy][INFO] -   RLT: 5
[2025-01-29 09:17:14,377][gurobipy][INFO] - 
[2025-01-29 09:17:14,377][gurobipy][INFO] - Explored 1 nodes (2472 simplex iterations) in 0.72 seconds (0.93 work units)
[2025-01-29 09:17:14,377][gurobipy][INFO] - Thread count was 24 (of 48 available processors)
[2025-01-29 09:17:14,377][gurobipy][INFO] - 
[2025-01-29 09:17:14,377][gurobipy][INFO] - Solution count 3: 0.201 0.127391 4.88498e-15 
[2025-01-29 09:17:14,377][gurobipy][INFO] - No other solutions better than 0.201
[2025-01-29 09:17:14,377][gurobipy][INFO] - 
[2025-01-29 09:17:14,377][gurobipy][INFO] - Optimal solution found (tolerance 1.00e-04)
[2025-01-29 09:17:14,377][gurobipy][INFO] - Best objective 2.010000684978e-01, best bound 2.010000684978e-01, gap 0.0000%
[2025-01-29 09:17:14,386][__main__][INFO] - Finished size 3741 (2/5)
[2025-01-29 09:17:16,140][gurobipy][INFO] - Set parameter TimeLimit to value 600
[2025-01-29 09:17:16,144][gurobipy][INFO] - Gurobi Optimizer version 11.0.2 build v11.0.2rc0 (linux64)
[2025-01-29 09:17:16,145][gurobipy][INFO] - 
[2025-01-29 09:17:16,156][gurobipy][INFO] - CPU model: Intel(R) Xeon(R) Gold 6136 CPU @ 3.00GHz, instruction set [SSE2|AVX|AVX2|AVX512]
[2025-01-29 09:17:16,156][gurobipy][INFO] - Thread count: 24 physical cores, 48 logical processors, using up to 24 threads
[2025-01-29 09:17:16,156][gurobipy][INFO] - 
[2025-01-29 09:17:16,156][gurobipy][INFO] - Optimize a model with 16551 rows, 620 columns and 45511 nonzeros
[2025-01-29 09:17:16,157][gurobipy][INFO] - Model fingerprint: 0xf85be569
[2025-01-29 09:17:16,157][gurobipy][INFO] - Variable types: 592 continuous, 28 integer (28 binary)
[2025-01-29 09:17:16,157][gurobipy][INFO] - Coefficient statistics:
[2025-01-29 09:17:16,157][gurobipy][INFO] -   Matrix range     [1e-04, 2e+00]
[2025-01-29 09:17:16,157][gurobipy][INFO] -   Objective range  [1e+00, 1e+00]
[2025-01-29 09:17:16,157][gurobipy][INFO] -   Bounds range     [1e+00, 1e+00]
[2025-01-29 09:17:16,157][gurobipy][INFO] -   RHS range        [1e+00, 1e+01]
[2025-01-29 09:17:16,160][gurobipy][INFO] - Found heuristic solution: objective 0.0000000
[2025-01-29 09:17:16,261][gurobipy][INFO] - Presolve removed 3542 rows and 2 columns
[2025-01-29 09:17:16,262][gurobipy][INFO] - Presolve time: 0.10s
[2025-01-29 09:17:16,262][gurobipy][INFO] - Presolved: 13009 rows, 618 columns, 39613 nonzeros
[2025-01-29 09:17:16,271][gurobipy][INFO] - Variable types: 592 continuous, 26 integer (26 binary)
[2025-01-29 09:17:16,287][gurobipy][INFO] - Root relaxation presolved: 13009 rows, 618 columns, 39613 nonzeros
[2025-01-29 09:17:16,287][gurobipy][INFO] - 
[2025-01-29 09:17:16,303][gurobipy][INFO] - 
[2025-01-29 09:17:16,303][gurobipy][INFO] - Root relaxation: objective 1.000000e+00, 275 iterations, 0.03 seconds (0.05 work units)
[2025-01-29 09:17:16,310][gurobipy][INFO] - 
[2025-01-29 09:17:16,310][gurobipy][INFO] -     Nodes    |    Current Node    |     Objective Bounds      |     Work
[2025-01-29 09:17:16,310][gurobipy][INFO] -  Expl Unexpl |  Obj  Depth IntInf | Incumbent    BestBd   Gap | It/Node Time
[2025-01-29 09:17:16,310][gurobipy][INFO] - 
[2025-01-29 09:17:16,310][gurobipy][INFO] -      0     0    1.00000    0    9    0.00000    1.00000      -     -    0s
[2025-01-29 09:17:16,478][gurobipy][INFO] - H    0     0                       0.0011017    1.00000      -     -    0s
[2025-01-29 09:17:16,479][gurobipy][INFO] - H    0     0                       0.0673060    1.00000  1386%     -    0s
[2025-01-29 09:17:16,496][gurobipy][INFO] -      0     0    1.00000    0   25    0.06731    1.00000  1386%     -    0s
[2025-01-29 09:17:16,518][gurobipy][INFO] -      0     0    1.00000    0   18    0.06731    1.00000  1386%     -    0s
[2025-01-29 09:17:16,566][gurobipy][INFO] - H    0     0                       0.1209799    1.00000   727%     -    0s
[2025-01-29 09:17:16,797][gurobipy][INFO] -      0     0    1.00000    0    6    0.12098    1.00000   727%     -    0s
[2025-01-29 09:17:16,847][gurobipy][INFO] - H    0     0                       0.1232942    1.00000   711%     -    0s
[2025-01-29 09:17:16,933][gurobipy][INFO] -      0     0    1.00000    0   16    0.12329    1.00000   711%     -    0s
[2025-01-29 09:17:16,938][gurobipy][INFO] -      0     0    1.00000    0   15    0.12329    1.00000   711%     -    0s
[2025-01-29 09:17:17,526][gurobipy][INFO] -      0     0    0.89987    0    8    0.12329    0.89987   630%     -    1s
[2025-01-29 09:17:17,567][gurobipy][INFO] - H    0     0                       0.1269723    0.89987   609%     -    1s
[2025-01-29 09:17:17,586][gurobipy][INFO] -      0     0    0.85565    0    8    0.12697    0.85565   574%     -    1s
[2025-01-29 09:17:17,652][gurobipy][INFO] -      0     0    0.83259    0    4    0.12697    0.83259   556%     -    1s
[2025-01-29 09:17:17,698][gurobipy][INFO] -      0     0    0.82994    0    4    0.12697    0.82994   554%     -    1s
[2025-01-29 09:17:17,776][gurobipy][INFO] - H    0     0                       0.2013390    0.80370   299%     -    1s
[2025-01-29 09:17:17,779][gurobipy][INFO] -      0     0    0.75859    0    5    0.20134    0.75859   277%     -    1s
[2025-01-29 09:17:17,838][gurobipy][INFO] -      0     0    0.69960    0    5    0.20134    0.69960   247%     -    1s
[2025-01-29 09:17:17,910][gurobipy][INFO] -      0     0    0.44099    0    5    0.20134    0.44099   119%     -    1s
[2025-01-29 09:17:17,965][gurobipy][INFO] -      0     0    0.20134    0    5    0.20134    0.20134  0.00%     -    1s
[2025-01-29 09:17:17,966][gurobipy][INFO] - 
[2025-01-29 09:17:17,966][gurobipy][INFO] - Cutting planes:
[2025-01-29 09:17:17,966][gurobipy][INFO] -   Implied bound: 2
[2025-01-29 09:17:17,966][gurobipy][INFO] -   MIR: 10
[2025-01-29 09:17:17,966][gurobipy][INFO] - 
[2025-01-29 09:17:17,966][gurobipy][INFO] - Explored 1 nodes (4563 simplex iterations) in 1.81 seconds (2.58 work units)
[2025-01-29 09:17:17,966][gurobipy][INFO] - Thread count was 24 (of 48 available processors)
[2025-01-29 09:17:17,966][gurobipy][INFO] - 
[2025-01-29 09:17:17,966][gurobipy][INFO] - Solution count 7: 0.201339 0.126972 0.123294 ... 9.54792e-15
[2025-01-29 09:17:17,966][gurobipy][INFO] - No other solutions better than 0.201339
[2025-01-29 09:17:17,966][gurobipy][INFO] - 
[2025-01-29 09:17:17,966][gurobipy][INFO] - Optimal solution found (tolerance 1.00e-04)
[2025-01-29 09:17:17,967][gurobipy][INFO] - Best objective 2.013389831110e-01, best bound 2.013389831110e-01, gap 0.0000%
[2025-01-29 09:17:17,981][__main__][INFO] - Finished size 13989 (3/5)
[2025-01-29 09:17:20,494][gurobipy][INFO] - Set parameter TimeLimit to value 600
[2025-01-29 09:17:20,500][gurobipy][INFO] - Gurobi Optimizer version 11.0.2 build v11.0.2rc0 (linux64)
[2025-01-29 09:17:20,500][gurobipy][INFO] - 
[2025-01-29 09:17:20,511][gurobipy][INFO] - CPU model: Intel(R) Xeon(R) Gold 6136 CPU @ 3.00GHz, instruction set [SSE2|AVX|AVX2|AVX512]
[2025-01-29 09:17:20,511][gurobipy][INFO] - Thread count: 24 physical cores, 48 logical processors, using up to 24 threads
[2025-01-29 09:17:20,511][gurobipy][INFO] - 
[2025-01-29 09:17:20,511][gurobipy][INFO] - Optimize a model with 22711 rows, 840 columns and 62451 nonzeros
[2025-01-29 09:17:20,512][gurobipy][INFO] - Model fingerprint: 0xa02376a7
[2025-01-29 09:17:20,512][gurobipy][INFO] - Variable types: 812 continuous, 28 integer (28 binary)
[2025-01-29 09:17:20,512][gurobipy][INFO] - Coefficient statistics:
[2025-01-29 09:17:20,512][gurobipy][INFO] -   Matrix range     [3e-05, 2e+00]
[2025-01-29 09:17:20,512][gurobipy][INFO] -   Objective range  [1e+00, 1e+00]
[2025-01-29 09:17:20,512][gurobipy][INFO] -   Bounds range     [1e+00, 1e+00]
[2025-01-29 09:17:20,512][gurobipy][INFO] -   RHS range        [1e+00, 1e+01]
[2025-01-29 09:17:20,516][gurobipy][INFO] - Found heuristic solution: objective 0.0000000
[2025-01-29 09:17:20,660][gurobipy][INFO] - Presolve removed 4051 rows and 1 columns
[2025-01-29 09:17:20,661][gurobipy][INFO] - Presolve time: 0.14s
[2025-01-29 09:17:20,661][gurobipy][INFO] - Presolved: 18660 rows, 839 columns, 56786 nonzeros
[2025-01-29 09:17:20,673][gurobipy][INFO] - Variable types: 812 continuous, 27 integer (27 binary)
[2025-01-29 09:17:20,696][gurobipy][INFO] - Root relaxation presolved: 18660 rows, 839 columns, 56786 nonzeros
[2025-01-29 09:17:20,696][gurobipy][INFO] - 
[2025-01-29 09:17:20,723][gurobipy][INFO] - 
[2025-01-29 09:17:20,724][gurobipy][INFO] - Root relaxation: objective 1.000000e+00, 333 iterations, 0.05 seconds (0.07 work units)
[2025-01-29 09:17:20,732][gurobipy][INFO] - 
[2025-01-29 09:17:20,732][gurobipy][INFO] -     Nodes    |    Current Node    |     Objective Bounds      |     Work
[2025-01-29 09:17:20,732][gurobipy][INFO] -  Expl Unexpl |  Obj  Depth IntInf | Incumbent    BestBd   Gap | It/Node Time
[2025-01-29 09:17:20,732][gurobipy][INFO] - 
[2025-01-29 09:17:20,732][gurobipy][INFO] -      0     0    1.00000    0    7    0.00000    1.00000      -     -    0s
[2025-01-29 09:17:20,787][gurobipy][INFO] - H    0     0                       0.0092978    1.00000      -     -    0s
[2025-01-29 09:17:20,793][gurobipy][INFO] - H    0     0                       0.0098520    1.00000      -     -    0s
[2025-01-29 09:17:21,061][gurobipy][INFO] - H    0     0                       0.0133209    1.00000  7407%     -    0s
[2025-01-29 09:17:21,081][gurobipy][INFO] -      0     0    1.00000    0   25    0.01332    1.00000  7407%     -    0s
[2025-01-29 09:17:21,106][gurobipy][INFO] -      0     0    1.00000    0   21    0.01332    1.00000  7407%     -    0s
[2025-01-29 09:17:21,168][gurobipy][INFO] -      0     0    1.00000    0   21    0.01332    1.00000  7407%     -    0s
[2025-01-29 09:17:22,540][gurobipy][INFO] - H    0     0                       0.0146313    1.00000  6735%     -    2s
[2025-01-29 09:17:22,541][gurobipy][INFO] - H    0     0                       0.1233738    1.00000   711%     -    2s
[2025-01-29 09:17:22,542][gurobipy][INFO] - H    0     0                       0.1939807    1.00000   416%     -    2s
[2025-01-29 09:17:22,644][gurobipy][INFO] -      0     0    0.58295    0   11    0.19398    0.58295   201%     -    2s
[2025-01-29 09:17:22,752][gurobipy][INFO] -      0     0    0.19398    0   11    0.19398    0.19398  0.00%     -    2s
[2025-01-29 09:17:22,754][gurobipy][INFO] - 
[2025-01-29 09:17:22,754][gurobipy][INFO] - Cutting planes:
[2025-01-29 09:17:22,754][gurobipy][INFO] -   MIR: 10
[2025-01-29 09:17:22,754][gurobipy][INFO] - 
[2025-01-29 09:17:22,755][gurobipy][INFO] - Explored 1 nodes (4540 simplex iterations) in 2.24 seconds (3.35 work units)
[2025-01-29 09:17:22,755][gurobipy][INFO] - Thread count was 24 (of 48 available processors)
[2025-01-29 09:17:22,755][gurobipy][INFO] - 
[2025-01-29 09:17:22,755][gurobipy][INFO] - Solution count 7: 0.193981 0.123374 0.0146313 ... 1.02141e-14
[2025-01-29 09:17:22,755][gurobipy][INFO] - No other solutions better than 0.193981
[2025-01-29 09:17:22,755][gurobipy][INFO] - 
[2025-01-29 09:17:22,755][gurobipy][INFO] - Optimal solution found (tolerance 1.00e-04)
[2025-01-29 09:17:22,755][gurobipy][INFO] - Best objective 1.939806701915e-01, best bound 1.939806701915e-01, gap 0.0000%
[2025-01-29 09:17:22,782][__main__][INFO] - Finished size 52317 (4/5)
[2025-01-29 09:17:27,529][gurobipy][INFO] - Set parameter TimeLimit to value 600
[2025-01-29 09:17:27,536][gurobipy][INFO] - Gurobi Optimizer version 11.0.2 build v11.0.2rc0 (linux64)
[2025-01-29 09:17:27,536][gurobipy][INFO] - 
[2025-01-29 09:17:27,548][gurobipy][INFO] - CPU model: Intel(R) Xeon(R) Gold 6136 CPU @ 3.00GHz, instruction set [SSE2|AVX|AVX2|AVX512]
[2025-01-29 09:17:27,548][gurobipy][INFO] - Thread count: 24 physical cores, 48 logical processors, using up to 24 threads
[2025-01-29 09:17:27,548][gurobipy][INFO] - 
[2025-01-29 09:17:27,548][gurobipy][INFO] - Optimize a model with 29319 rows, 1076 columns and 80623 nonzeros
[2025-01-29 09:17:27,549][gurobipy][INFO] - Model fingerprint: 0xdf29cd0d
[2025-01-29 09:17:27,549][gurobipy][INFO] - Variable types: 1048 continuous, 28 integer (28 binary)
[2025-01-29 09:17:27,549][gurobipy][INFO] - Coefficient statistics:
[2025-01-29 09:17:27,549][gurobipy][INFO] -   Matrix range     [9e-06, 2e+00]
[2025-01-29 09:17:27,549][gurobipy][INFO] -   Objective range  [1e+00, 1e+00]
[2025-01-29 09:17:27,549][gurobipy][INFO] -   Bounds range     [1e+00, 1e+00]
[2025-01-29 09:17:27,549][gurobipy][INFO] -   RHS range        [1e+00, 1e+01]
[2025-01-29 09:17:27,555][gurobipy][INFO] - Found heuristic solution: objective 0.0000000
[2025-01-29 09:17:27,693][gurobipy][INFO] - Presolve removed 4188 rows and 0 columns
[2025-01-29 09:17:27,693][gurobipy][INFO] - Presolve time: 0.14s
[2025-01-29 09:17:27,693][gurobipy][INFO] - Presolved: 25131 rows, 1076 columns, 76435 nonzeros
[2025-01-29 09:17:27,711][gurobipy][INFO] - Variable types: 1048 continuous, 28 integer (28 binary)
[2025-01-29 09:17:27,746][gurobipy][INFO] - Root relaxation presolved: 1076 rows, 26207 columns, 77511 nonzeros
[2025-01-29 09:17:27,746][gurobipy][INFO] - 
[2025-01-29 09:17:27,788][gurobipy][INFO] - 
[2025-01-29 09:17:27,788][gurobipy][INFO] - Root relaxation: objective 1.000000e+00, 1096 iterations, 0.08 seconds (0.11 work units)
[2025-01-29 09:17:27,794][gurobipy][INFO] - 
[2025-01-29 09:17:27,794][gurobipy][INFO] -     Nodes    |    Current Node    |     Objective Bounds      |     Work
[2025-01-29 09:17:27,794][gurobipy][INFO] -  Expl Unexpl |  Obj  Depth IntInf | Incumbent    BestBd   Gap | It/Node Time
[2025-01-29 09:17:27,794][gurobipy][INFO] - 
[2025-01-29 09:17:27,794][gurobipy][INFO] -      0     0    1.00000    0    1    0.00000    1.00000      -     -    0s
[2025-01-29 09:17:27,795][gurobipy][INFO] - H    0     0                       0.0000071    1.00000      -     -    0s
[2025-01-29 09:17:27,977][gurobipy][INFO] -      0     0    1.00000    0   18    0.00001    1.00000      -     -    0s
[2025-01-29 09:17:28,095][gurobipy][INFO] - H    0     0                       0.0838000    1.00000  1093%     -    0s
[2025-01-29 09:17:30,931][gurobipy][INFO] - H    0     0                       0.1938762    0.94400   387%     -    3s
[2025-01-29 09:17:31,108][gurobipy][INFO] -      0     0    0.94400    0   15    0.19388    0.94400   387%     -    3s
[2025-01-29 09:17:31,650][gurobipy][INFO] -      0     0    0.94400    0   20    0.19388    0.94400   387%     -    4s
[2025-01-29 09:17:31,971][gurobipy][INFO] -      0     0    0.19388    0   20    0.19388    0.19388  0.00%     -    4s
[2025-01-29 09:17:31,971][gurobipy][INFO] - 
[2025-01-29 09:17:31,971][gurobipy][INFO] - Cutting planes:
[2025-01-29 09:17:31,971][gurobipy][INFO] -   MIR: 4
[2025-01-29 09:17:31,972][gurobipy][INFO] - 
[2025-01-29 09:17:31,972][gurobipy][INFO] - Explored 1 nodes (8732 simplex iterations) in 4.42 seconds (6.73 work units)
[2025-01-29 09:17:31,972][gurobipy][INFO] - Thread count was 24 (of 48 available processors)
[2025-01-29 09:17:31,972][gurobipy][INFO] - 
[2025-01-29 09:17:31,972][gurobipy][INFO] - Solution count 4: 0.193876 0.0838 7.12679e-06 8.21565e-15 
[2025-01-29 09:17:31,972][gurobipy][INFO] - No other solutions better than 0.193876
[2025-01-29 09:17:31,972][gurobipy][INFO] - 
[2025-01-29 09:17:31,972][gurobipy][INFO] - Optimal solution found (tolerance 1.00e-04)
[2025-01-29 09:17:31,972][gurobipy][INFO] - Best objective 1.938762318093e-01, best bound 1.938762318093e-01, gap 0.0000%
[2025-01-29 09:17:31,999][__main__][INFO] - Finished size 195665 (5/5)
