[2025-01-29 10:03:12,728][gurobipy][INFO] - Set parameter TimeLimit to value 600
[2025-01-29 10:03:12,734][gurobipy][INFO] - Gurobi Optimizer version 11.0.2 build v11.0.2rc0 (linux64)
[2025-01-29 10:03:12,734][gurobipy][INFO] - 
[2025-01-29 10:03:12,745][gurobipy][INFO] - CPU model: Intel(R) Xeon(R) Gold 6136 CPU @ 3.00GHz, instruction set [SSE2|AVX|AVX2|AVX512]
[2025-01-29 10:03:12,745][gurobipy][INFO] - Thread count: 24 physical cores, 48 logical processors, using up to 24 threads
[2025-01-29 10:03:12,745][gurobipy][INFO] - 
[2025-01-29 10:03:12,746][gurobipy][INFO] - Optimize a model with 22584 rows, 619 columns and 61378 nonzeros
[2025-01-29 10:03:12,746][gurobipy][INFO] - Model fingerprint: 0x37b59117
[2025-01-29 10:03:12,746][gurobipy][INFO] - Variable types: 580 continuous, 39 integer (39 binary)
[2025-01-29 10:03:12,746][gurobipy][INFO] - Coefficient statistics:
[2025-01-29 10:03:12,746][gurobipy][INFO] -   Matrix range     [2e-03, 2e+00]
[2025-01-29 10:03:12,746][gurobipy][INFO] -   Objective range  [1e+00, 1e+00]
[2025-01-29 10:03:12,746][gurobipy][INFO] -   Bounds range     [1e+00, 1e+00]
[2025-01-29 10:03:12,746][gurobipy][INFO] -   RHS range        [1e+00, 1e+01]
[2025-01-29 10:03:12,750][gurobipy][INFO] - Found heuristic solution: objective 0.0000000
[2025-01-29 10:03:12,882][gurobipy][INFO] - Presolve removed 8074 rows and 8 columns
[2025-01-29 10:03:12,882][gurobipy][INFO] - Presolve time: 0.13s
[2025-01-29 10:03:12,882][gurobipy][INFO] - Presolved: 14510 rows, 611 columns, 44104 nonzeros
[2025-01-29 10:03:12,892][gurobipy][INFO] - Variable types: 580 continuous, 31 integer (31 binary)
[2025-01-29 10:03:12,908][gurobipy][INFO] - Root relaxation presolved: 14510 rows, 611 columns, 44104 nonzeros
[2025-01-29 10:03:12,908][gurobipy][INFO] - 
[2025-01-29 10:03:12,933][gurobipy][INFO] - 
[2025-01-29 10:03:12,934][gurobipy][INFO] - Root relaxation: objective 1.000000e+00, 314 iterations, 0.04 seconds (0.07 work units)
[2025-01-29 10:03:12,940][gurobipy][INFO] - 
[2025-01-29 10:03:12,940][gurobipy][INFO] -     Nodes    |    Current Node    |     Objective Bounds      |     Work
[2025-01-29 10:03:12,940][gurobipy][INFO] -  Expl Unexpl |  Obj  Depth IntInf | Incumbent    BestBd   Gap | It/Node Time
[2025-01-29 10:03:12,940][gurobipy][INFO] - 
[2025-01-29 10:03:12,940][gurobipy][INFO] -      0     0    1.00000    0    8    0.00000    1.00000      -     -    0s
[2025-01-29 10:03:12,957][gurobipy][INFO] - H    0     0                       0.0043965    1.00000      -     -    0s
[2025-01-29 10:03:13,005][gurobipy][INFO] - H    0     0                       0.0484423    1.00000  1964%     -    0s
[2025-01-29 10:03:13,198][gurobipy][INFO] -      0     0    1.00000    0   29    0.04844    1.00000  1964%     -    0s
[2025-01-29 10:03:13,251][gurobipy][INFO] -      0     0    1.00000    0   24    0.04844    1.00000  1964%     -    0s
[2025-01-29 10:03:13,301][gurobipy][INFO] - H    0     0                       0.0919561    1.00000   987%     -    0s
[2025-01-29 10:03:14,469][gurobipy][INFO] -      0     0    0.93749    0   12    0.09196    0.93749   920%     -    1s
[2025-01-29 10:03:14,534][gurobipy][INFO] - H    0     0                       0.0986496    0.93749   850%     -    1s
[2025-01-29 10:03:14,562][gurobipy][INFO] -      0     0    0.93685    0   11    0.09865    0.93685   850%     -    1s
[2025-01-29 10:03:15,399][gurobipy][INFO] -      0     0    0.89955    0    3    0.09865    0.89955   812%     -    2s
[2025-01-29 10:03:15,518][gurobipy][INFO] -      0     0    0.88888    0    4    0.09865    0.88888   801%     -    2s
[2025-01-29 10:03:15,586][gurobipy][INFO] -      0     0    0.88709    0    5    0.09865    0.88709   799%     -    2s
[2025-01-29 10:03:15,726][gurobipy][INFO] -      0     0    0.11425    0    5    0.09865    0.11425  15.8%     -    2s
[2025-01-29 10:03:15,800][gurobipy][INFO] - 
[2025-01-29 10:03:15,800][gurobipy][INFO] - Cutting planes:
[2025-01-29 10:03:15,801][gurobipy][INFO] -   MIR: 17
[2025-01-29 10:03:15,801][gurobipy][INFO] -   RLT: 4
[2025-01-29 10:03:15,801][gurobipy][INFO] - 
[2025-01-29 10:03:15,801][gurobipy][INFO] - Explored 1 nodes (7900 simplex iterations) in 3.06 seconds (4.49 work units)
[2025-01-29 10:03:15,801][gurobipy][INFO] - Thread count was 24 (of 48 available processors)
[2025-01-29 10:03:15,801][gurobipy][INFO] - 
[2025-01-29 10:03:15,801][gurobipy][INFO] - Solution count 5: 0.0986496 0.0919561 0.0484423 ... 3.4639e-14
[2025-01-29 10:03:15,801][gurobipy][INFO] - No other solutions better than 0.0986496
[2025-01-29 10:03:15,801][gurobipy][INFO] - 
[2025-01-29 10:03:15,801][gurobipy][INFO] - Optimal solution found (tolerance 1.00e-04)
[2025-01-29 10:03:15,801][gurobipy][INFO] - Best objective 9.864961253432e-02, best bound 9.864961253432e-02, gap 0.0000%
[2025-01-29 10:03:15,830][__main__][INFO] - Finished size 1000 (1/5)
[2025-01-29 10:03:22,614][gurobipy][INFO] - Set parameter TimeLimit to value 600
[2025-01-29 10:03:22,629][gurobipy][INFO] - Gurobi Optimizer version 11.0.2 build v11.0.2rc0 (linux64)
[2025-01-29 10:03:22,629][gurobipy][INFO] - 
[2025-01-29 10:03:22,640][gurobipy][INFO] - CPU model: Intel(R) Xeon(R) Gold 6136 CPU @ 3.00GHz, instruction set [SSE2|AVX|AVX2|AVX512]
[2025-01-29 10:03:22,640][gurobipy][INFO] - Thread count: 24 physical cores, 48 logical processors, using up to 24 threads
[2025-01-29 10:03:22,640][gurobipy][INFO] - 
[2025-01-29 10:03:22,641][gurobipy][INFO] - Optimize a model with 56163 rows, 1480 columns and 152644 nonzeros
[2025-01-29 10:03:22,642][gurobipy][INFO] - Model fingerprint: 0x7a145e0a
[2025-01-29 10:03:22,642][gurobipy][INFO] - Variable types: 1441 continuous, 39 integer (39 binary)
[2025-01-29 10:03:22,642][gurobipy][INFO] - Coefficient statistics:
[2025-01-29 10:03:22,642][gurobipy][INFO] -   Matrix range     [5e-04, 2e+00]
[2025-01-29 10:03:22,642][gurobipy][INFO] -   Objective range  [1e+00, 1e+00]
[2025-01-29 10:03:22,642][gurobipy][INFO] -   Bounds range     [1e+00, 1e+00]
[2025-01-29 10:03:22,642][gurobipy][INFO] -   RHS range        [1e+00, 1e+01]
[2025-01-29 10:03:22,652][gurobipy][INFO] - Found heuristic solution: objective -0.0000000
[2025-01-29 10:03:23,065][gurobipy][INFO] - Presolve removed 12953 rows and 3 columns
[2025-01-29 10:03:23,065][gurobipy][INFO] - Presolve time: 0.41s
[2025-01-29 10:03:23,065][gurobipy][INFO] - Presolved: 43210 rows, 1477 columns, 131065 nonzeros
[2025-01-29 10:03:23,095][gurobipy][INFO] - Variable types: 1441 continuous, 36 integer (36 binary)
[2025-01-29 10:03:23,148][gurobipy][INFO] - Root relaxation presolved: 1477 rows, 44687 columns, 132542 nonzeros
[2025-01-29 10:03:23,148][gurobipy][INFO] - 
[2025-01-29 10:03:23,426][gurobipy][INFO] - 
[2025-01-29 10:03:23,426][gurobipy][INFO] - Root relaxation: objective 1.000000e+00, 2230 iterations, 0.33 seconds (0.82 work units)
[2025-01-29 10:03:23,434][gurobipy][INFO] - 
[2025-01-29 10:03:23,435][gurobipy][INFO] -     Nodes    |    Current Node    |     Objective Bounds      |     Work
[2025-01-29 10:03:23,435][gurobipy][INFO] -  Expl Unexpl |  Obj  Depth IntInf | Incumbent    BestBd   Gap | It/Node Time
[2025-01-29 10:03:23,435][gurobipy][INFO] - 
[2025-01-29 10:03:23,435][gurobipy][INFO] -      0     0    1.00000    0    1   -0.00000    1.00000      -     -    0s
[2025-01-29 10:03:23,459][gurobipy][INFO] - H    0     0                       0.0002977    1.00000      -     -    0s
[2025-01-29 10:03:23,512][gurobipy][INFO] - H    0     0                       0.0078992    1.00000      -     -    0s
[2025-01-29 10:03:23,852][gurobipy][INFO] - H    0     0                       0.0099339    1.00000  9967%     -    1s
[2025-01-29 10:03:23,909][gurobipy][INFO] -      0     0    1.00000    0   30    0.00993    1.00000  9967%     -    1s
[2025-01-29 10:03:23,943][gurobipy][INFO] -      0     0    1.00000    0   26    0.00993    1.00000  9967%     -    1s
[2025-01-29 10:03:24,046][gurobipy][INFO] - H    0     0                       0.0199640    1.00000  4909%     -    1s
[2025-01-29 10:03:24,259][gurobipy][INFO] -      0     0    1.00000    0   23    0.01996    1.00000  4909%     -    1s
[2025-01-29 10:03:27,079][gurobipy][INFO] - H    0     0                       0.0550547    0.96552  1654%     -    4s
[2025-01-29 10:03:27,087][gurobipy][INFO] -      0     0    0.96552    0    1    0.05505    0.96552  1654%     -    4s
[2025-01-29 10:03:27,175][gurobipy][INFO] - H    0     0                       0.0621571    0.96552  1453%     -    4s
[2025-01-29 10:03:28,586][gurobipy][INFO] -      0     0    0.96127    0    1    0.06216    0.96127  1447%     -    5s
[2025-01-29 10:03:29,218][gurobipy][INFO] -      0     0    0.95994    0   33    0.06216    0.95994  1444%     -    6s
[2025-01-29 10:03:29,237][gurobipy][INFO] -      0     0    0.95994    0   32    0.06216    0.95994  1444%     -    6s
[2025-01-29 10:03:38,156][gurobipy][INFO] - H    0     0                       0.0642483    0.92292  1336%     -   15s
[2025-01-29 10:03:41,681][gurobipy][INFO] -      0     0    0.92292    0   16    0.06425    0.92292  1336%     -   19s
[2025-01-29 10:03:45,071][gurobipy][INFO] -      0     0    0.06425    0   16    0.06425    0.06425  0.00%     -   22s
[2025-01-29 10:03:45,073][gurobipy][INFO] - 
[2025-01-29 10:03:45,073][gurobipy][INFO] - Cutting planes:
[2025-01-29 10:03:45,073][gurobipy][INFO] -   MIR: 8
[2025-01-29 10:03:45,073][gurobipy][INFO] -   RLT: 1
[2025-01-29 10:03:45,074][gurobipy][INFO] - 
[2025-01-29 10:03:45,074][gurobipy][INFO] - Explored 1 nodes (25551 simplex iterations) in 22.43 seconds (32.99 work units)
[2025-01-29 10:03:45,074][gurobipy][INFO] - Thread count was 24 (of 48 available processors)
[2025-01-29 10:03:45,074][gurobipy][INFO] - 
[2025-01-29 10:03:45,074][gurobipy][INFO] - Solution count 8: 0.0642483 0.0621571 0.0550547 ... -0
[2025-01-29 10:03:45,074][gurobipy][INFO] - No other solutions better than 0.0642483
[2025-01-29 10:03:45,074][gurobipy][INFO] - 
[2025-01-29 10:03:45,075][gurobipy][INFO] - Optimal solution found (tolerance 1.00e-04)
[2025-01-29 10:03:45,075][gurobipy][INFO] - Best objective 6.424831712790e-02, best bound 6.424831712790e-02, gap 0.0000%
[2025-01-29 10:03:45,121][__main__][INFO] - Finished size 3625 (2/5)
[2025-01-29 10:03:55,658][gurobipy][INFO] - Set parameter TimeLimit to value 600
[2025-01-29 10:03:55,685][gurobipy][INFO] - Gurobi Optimizer version 11.0.2 build v11.0.2rc0 (linux64)
[2025-01-29 10:03:55,685][gurobipy][INFO] - 
[2025-01-29 10:03:55,696][gurobipy][INFO] - CPU model: Intel(R) Xeon(R) Gold 6136 CPU @ 3.00GHz, instruction set [SSE2|AVX|AVX2|AVX512]
[2025-01-29 10:03:55,696][gurobipy][INFO] - Thread count: 24 physical cores, 48 logical processors, using up to 24 threads
[2025-01-29 10:03:55,697][gurobipy][INFO] - 
[2025-01-29 10:03:55,697][gurobipy][INFO] - Optimize a model with 115131 rows, 2992 columns and 312916 nonzeros
[2025-01-29 10:03:55,699][gurobipy][INFO] - Model fingerprint: 0x7431d47c
[2025-01-29 10:03:55,699][gurobipy][INFO] - Variable types: 2953 continuous, 39 integer (39 binary)
[2025-01-29 10:03:55,700][gurobipy][INFO] - Coefficient statistics:
[2025-01-29 10:03:55,700][gurobipy][INFO] -   Matrix range     [1e-04, 2e+00]
[2025-01-29 10:03:55,700][gurobipy][INFO] -   Objective range  [1e+00, 1e+00]
[2025-01-29 10:03:55,700][gurobipy][INFO] -   Bounds range     [1e+00, 1e+00]
[2025-01-29 10:03:55,700][gurobipy][INFO] -   RHS range        [1e+00, 1e+01]
[2025-01-29 10:03:55,723][gurobipy][INFO] - Found heuristic solution: objective -0.0000000
[2025-01-29 10:03:56,572][gurobipy][INFO] - Presolve removed 23609 rows and 2 columns
[2025-01-29 10:03:56,572][gurobipy][INFO] - Presolve time: 0.85s
[2025-01-29 10:03:56,572][gurobipy][INFO] - Presolved: 91522 rows, 2990 columns, 277513 nonzeros
[2025-01-29 10:03:56,640][gurobipy][INFO] - Variable types: 2953 continuous, 37 integer (37 binary)
[2025-01-29 10:03:56,767][gurobipy][INFO] - Root relaxation presolved: 2990 rows, 94512 columns, 280503 nonzeros
[2025-01-29 10:03:56,768][gurobipy][INFO] - 
[2025-01-29 10:03:56,813][gurobipy][INFO] - 
[2025-01-29 10:03:56,813][gurobipy][INFO] - Root relaxation: objective 1.000000e+00, 70 iterations, 0.17 seconds (0.22 work units)
[2025-01-29 10:03:56,822][gurobipy][INFO] - 
[2025-01-29 10:03:56,822][gurobipy][INFO] -     Nodes    |    Current Node    |     Objective Bounds      |     Work
[2025-01-29 10:03:56,822][gurobipy][INFO] -  Expl Unexpl |  Obj  Depth IntInf | Incumbent    BestBd   Gap | It/Node Time
[2025-01-29 10:03:56,822][gurobipy][INFO] - 
[2025-01-29 10:03:56,822][gurobipy][INFO] -      0     0    1.00000    0    1   -0.00000    1.00000      -     -    1s
[2025-01-29 10:03:56,877][gurobipy][INFO] - H    0     0                       0.0321981    1.00000  3006%     -    1s
[2025-01-29 10:03:57,507][gurobipy][INFO] -      0     0    1.00000    0   28    0.03220    1.00000  3006%     -    1s
[2025-01-29 10:03:57,578][gurobipy][INFO] -      0     0    1.00000    0   19    0.03220    1.00000  3006%     -    1s
[2025-01-29 10:03:57,825][gurobipy][INFO] - H    0     0                       0.0563580    1.00000  1674%     -    2s
[2025-01-29 10:03:58,673][gurobipy][INFO] -      0     0    1.00000    0   31    0.05636    1.00000  1674%     -    2s
[2025-01-29 10:03:59,147][gurobipy][INFO] -      0     0    1.00000    0   26    0.05636    1.00000  1674%     -    3s
[2025-01-29 10:04:03,725][gurobipy][INFO] -      0     0    1.00000    0   26    0.05636    1.00000  1674%     -    8s
[2025-01-29 10:04:04,036][gurobipy][INFO] - H    0     0                       0.0681689    1.00000  1367%     -    8s
[2025-01-29 10:04:06,554][gurobipy][INFO] -      0     0    1.00000    0   26    0.06817    1.00000  1367%     -   10s
[2025-01-29 10:04:14,237][gurobipy][INFO] -      0     0    1.00000    0   26    0.06817    1.00000  1367%     -   18s
[2025-01-29 10:04:15,553][gurobipy][INFO] -      0     0    1.00000    0   24    0.06817    1.00000  1367%     -   19s
[2025-01-29 10:04:24,295][gurobipy][INFO] -      0     0    1.00000    0   28    0.06817    1.00000  1367%     -   28s
[2025-01-29 10:04:24,946][gurobipy][INFO] - H    0     0                       0.0724924    1.00000  1279%     -   29s
[2025-01-29 10:04:26,568][gurobipy][INFO] -      0     0    1.00000    0   28    0.07249    1.00000  1279%     -   30s
[2025-01-29 10:04:31,921][gurobipy][INFO] -      0     0    1.00000    0   27    0.07249    1.00000  1279%     -   36s
[2025-01-29 10:04:33,006][gurobipy][INFO] -      0     0    1.00000    0   27    0.07249    1.00000  1279%     -   37s
[2025-01-29 10:04:37,588][gurobipy][INFO] -      0     0    1.00000    0   27    0.07249    1.00000  1279%     -   41s
[2025-01-29 10:04:43,335][gurobipy][INFO] -      0     0    1.00000    0   27    0.07249    1.00000  1279%     -   47s
[2025-01-29 10:04:56,435][gurobipy][INFO] -      0     2    1.00000    0   27    0.07249    1.00000  1279%     -   60s
[2025-01-29 10:05:03,124][gurobipy][INFO] -     33    12    0.88889   13   14    0.07249    1.00000  1279%   379   67s
[2025-01-29 10:05:07,782][gurobipy][INFO] -     55    20    0.85714   15   12    0.07249    0.87496  1107%   395   72s
[2025-01-29 10:05:11,587][gurobipy][INFO] -    111    26    0.77617   18   10    0.07249    0.80307  1008%   295   75s
[2025-01-29 10:05:27,373][gurobipy][INFO] -    218    27    0.57030   21    7    0.07249    0.64791   794%   243   91s
[2025-01-29 10:05:30,995][gurobipy][INFO] -    273    19    0.10511   23    5    0.07249    0.37736   421%   234   95s
[2025-01-29 10:05:32,358][gurobipy][INFO] - 
[2025-01-29 10:05:32,358][gurobipy][INFO] - Cutting planes:
[2025-01-29 10:05:32,358][gurobipy][INFO] -   Lift-and-project: 1
[2025-01-29 10:05:32,358][gurobipy][INFO] -   MIR: 2
[2025-01-29 10:05:32,358][gurobipy][INFO] -   RLT: 3
[2025-01-29 10:05:32,362][gurobipy][INFO] - 
[2025-01-29 10:05:32,362][gurobipy][INFO] - Explored 333 nodes (114310 simplex iterations) in 96.67 seconds (182.39 work units)
[2025-01-29 10:05:32,362][gurobipy][INFO] - Thread count was 24 (of 48 available processors)
[2025-01-29 10:05:32,362][gurobipy][INFO] - 
[2025-01-29 10:05:32,362][gurobipy][INFO] - Solution count 5: 0.0724924 0.0681689 0.056358 ... -0
[2025-01-29 10:05:32,362][gurobipy][INFO] - No other solutions better than 0.0724924
[2025-01-29 10:05:32,362][gurobipy][INFO] - 
[2025-01-29 10:05:32,362][gurobipy][INFO] - Optimal solution found (tolerance 1.00e-04)
[2025-01-29 10:05:32,363][gurobipy][INFO] - Best objective 7.249241034059e-02, best bound 7.249241034059e-02, gap 0.0000%
[2025-01-29 10:05:32,529][__main__][INFO] - Finished size 13135 (3/5)
[2025-01-29 10:05:51,549][gurobipy][INFO] - Set parameter TimeLimit to value 600
[2025-01-29 10:05:51,596][gurobipy][INFO] - Gurobi Optimizer version 11.0.2 build v11.0.2rc0 (linux64)
[2025-01-29 10:05:51,596][gurobipy][INFO] - 
[2025-01-29 10:05:51,607][gurobipy][INFO] - CPU model: Intel(R) Xeon(R) Gold 6136 CPU @ 3.00GHz, instruction set [SSE2|AVX|AVX2|AVX512]
[2025-01-29 10:05:51,608][gurobipy][INFO] - Thread count: 24 physical cores, 48 logical processors, using up to 24 threads
[2025-01-29 10:05:51,608][gurobipy][INFO] - 
[2025-01-29 10:05:51,608][gurobipy][INFO] - Optimize a model with 197889 rows, 5114 columns and 537848 nonzeros
[2025-01-29 10:05:51,612][gurobipy][INFO] - Model fingerprint: 0x3a1942c9
[2025-01-29 10:05:51,612][gurobipy][INFO] - Variable types: 5075 continuous, 39 integer (39 binary)
[2025-01-29 10:05:51,613][gurobipy][INFO] - Coefficient statistics:
[2025-01-29 10:05:51,613][gurobipy][INFO] -   Matrix range     [4e-05, 2e+00]
[2025-01-29 10:05:51,613][gurobipy][INFO] -   Objective range  [1e+00, 1e+00]
[2025-01-29 10:05:51,613][gurobipy][INFO] -   Bounds range     [1e+00, 1e+00]
[2025-01-29 10:05:51,613][gurobipy][INFO] -   RHS range        [1e+00, 1e+01]
[2025-01-29 10:05:51,660][gurobipy][INFO] - Found heuristic solution: objective -0.0000000
[2025-01-29 10:05:53,713][gurobipy][INFO] - Presolve removed 35515 rows and 1 columns
[2025-01-29 10:05:53,713][gurobipy][INFO] - Presolve time: 2.05s
[2025-01-29 10:05:53,713][gurobipy][INFO] - Presolved: 162374 rows, 5113 columns, 492191 nonzeros
[2025-01-29 10:05:53,841][gurobipy][INFO] - Variable types: 5075 continuous, 38 integer (38 binary)
[2025-01-29 10:05:54,144][gurobipy][INFO] - Root relaxation presolved: 5113 rows, 167487 columns, 497304 nonzeros
[2025-01-29 10:05:54,144][gurobipy][INFO] - 
[2025-01-29 10:05:54,248][gurobipy][INFO] - 
[2025-01-29 10:05:54,248][gurobipy][INFO] - Root relaxation: objective 1.000000e+00, 90 iterations, 0.40 seconds (0.42 work units)
[2025-01-29 10:05:54,297][gurobipy][INFO] - 
[2025-01-29 10:05:54,297][gurobipy][INFO] -     Nodes    |    Current Node    |     Objective Bounds      |     Work
[2025-01-29 10:05:54,297][gurobipy][INFO] -  Expl Unexpl |  Obj  Depth IntInf | Incumbent    BestBd   Gap | It/Node Time
[2025-01-29 10:05:54,297][gurobipy][INFO] - 
[2025-01-29 10:05:54,297][gurobipy][INFO] -      0     0    1.00000    0    5   -0.00000    1.00000      -     -    2s
[2025-01-29 10:05:54,346][gurobipy][INFO] - H    0     0                       0.0080817    1.00000      -     -    2s
[2025-01-29 10:05:54,952][gurobipy][INFO] -      0     0    1.00000    0    2    0.00808    1.00000      -     -    3s
[2025-01-29 10:05:56,098][gurobipy][INFO] -      0     0    1.00000    0    1    0.00808    1.00000      -     -    4s
[2025-01-29 10:05:56,360][gurobipy][INFO] -      0     0    1.00000    0    3    0.00808    1.00000      -     -    4s
[2025-01-29 10:06:00,485][gurobipy][INFO] -      0     0    1.00000    0   38    0.00808    1.00000      -     -    8s
[2025-01-29 10:06:02,199][gurobipy][INFO] -      0     0    1.00000    0   31    0.00808    1.00000      -     -   10s
[2025-01-29 10:06:07,969][gurobipy][INFO] -      0     0    1.00000    0   30    0.00808    1.00000      -     -   16s
[2025-01-29 10:06:08,712][gurobipy][INFO] - H    0     0                       0.0154036    1.00000  6392%     -   17s
[2025-01-29 10:06:08,925][gurobipy][INFO] - H    0     0                       0.0440235    1.00000  2172%     -   17s
[2025-01-29 10:06:12,665][gurobipy][INFO] -      0     0    1.00000    0    8    0.04402    1.00000  2172%     -   21s
[2025-01-29 10:06:13,352][gurobipy][INFO] -      0     0    1.00000    0    8    0.04402    1.00000  2172%     -   21s
[2025-01-29 10:06:16,364][gurobipy][INFO] -      0     0    1.00000    0   32    0.04402    1.00000  2172%     -   24s
[2025-01-29 10:06:26,069][gurobipy][INFO] -      0     0    1.00000    0   32    0.04402    1.00000  2172%     -   34s
[2025-01-29 10:06:26,760][gurobipy][INFO] -      0     0    1.00000    0   32    0.04402    1.00000  2172%     -   35s
[2025-01-29 10:06:32,899][gurobipy][INFO] -      0     0    1.00000    0   32    0.04402    1.00000  2172%     -   41s
[2025-01-29 10:06:40,737][gurobipy][INFO] -      0     0    1.00000    0   32    0.04402    1.00000  2172%     -   49s
[2025-01-29 10:06:41,175][gurobipy][INFO] - H    0     0                       0.0746069    1.00000  1240%     -   49s
[2025-01-29 10:06:54,867][gurobipy][INFO] -      0     2    1.00000    0   32    0.07461    1.00000  1240%     -   63s
[2025-01-29 10:06:57,722][gurobipy][INFO] -     13     4    1.00000    7   18    0.07461    1.00000  1240%   427   66s
[2025-01-29 10:07:01,753][gurobipy][INFO] -     23     8    1.00000   10   21    0.07461    1.00000  1240%   549   70s
[2025-01-29 10:07:12,461][gurobipy][INFO] -     29    12    0.93333   11   20    0.07461    1.00000  1240%   670   80s
[2025-01-29 10:07:17,496][gurobipy][INFO] -     49    18    0.92308   13   18    0.07461    0.92857  1145%   853   85s
[2025-01-29 10:07:27,433][gurobipy][INFO] -     83    24    0.90909   15   16    0.07461    0.91666  1129%   657   95s
[2025-01-29 10:07:27,438][gurobipy][INFO] - H   90    24                       0.0811977    0.91666  1029%   615   95s
[2025-01-29 10:07:31,819][gurobipy][INFO] -    128    30    0.88968   17   15    0.08120    0.89999  1008%   478  100s
[2025-01-29 10:07:36,999][gurobipy][INFO] -    211    52 infeasible   19         0.08120    0.87874   982%   357  105s
[2025-01-29 10:07:41,790][gurobipy][INFO] -    285    74    0.15587   21    9    0.08120    0.84814   945%   313  110s
[2025-01-29 10:07:48,605][gurobipy][INFO] -    368    53    0.15003   22   10    0.08120    0.83330   926%   280  116s
[2025-01-29 10:07:51,773][gurobipy][INFO] -    455    15    0.61179   25    7    0.08120    0.76060   837%   264  120s
[2025-01-29 10:07:58,898][gurobipy][INFO] -    512    17    0.28457   28    4    0.08120    0.35207   334%   282  127s
[2025-01-29 10:08:01,723][gurobipy][INFO] -    546     2 infeasible   30         0.08120    0.15585  91.9%   304  130s
[2025-01-29 10:08:01,800][gurobipy][INFO] - 
[2025-01-29 10:08:01,800][gurobipy][INFO] - Cutting planes:
[2025-01-29 10:08:01,800][gurobipy][INFO] -   MIR: 2
[2025-01-29 10:08:01,800][gurobipy][INFO] -   RLT: 5
[2025-01-29 10:08:01,806][gurobipy][INFO] - 
[2025-01-29 10:08:01,807][gurobipy][INFO] - Explored 556 nodes (189721 simplex iterations) in 130.20 seconds (225.90 work units)
[2025-01-29 10:08:01,807][gurobipy][INFO] - Thread count was 24 (of 48 available processors)
[2025-01-29 10:08:01,807][gurobipy][INFO] - 
[2025-01-29 10:08:01,807][gurobipy][INFO] - Solution count 6: 0.0811977 0.0746069 0.0440235 ... -0
[2025-01-29 10:08:01,807][gurobipy][INFO] - No other solutions better than 0.0811977
[2025-01-29 10:08:01,807][gurobipy][INFO] - 
[2025-01-29 10:08:01,807][gurobipy][INFO] - Optimal solution found (tolerance 1.00e-04)
[2025-01-29 10:08:01,809][gurobipy][INFO] - Best objective 8.119771901139e-02, best bound 8.119771901139e-02, gap 0.0000%
[2025-01-29 10:08:02,085][__main__][INFO] - Finished size 47600 (4/5)
[2025-01-29 10:08:33,335][gurobipy][INFO] - Set parameter TimeLimit to value 600
[2025-01-29 10:08:33,409][gurobipy][INFO] - Gurobi Optimizer version 11.0.2 build v11.0.2rc0 (linux64)
[2025-01-29 10:08:33,409][gurobipy][INFO] - 
[2025-01-29 10:08:33,409][gurobipy][INFO] - CPU model: Intel(R) Xeon(R) Gold 6136 CPU @ 3.00GHz, instruction set [SSE2|AVX|AVX2|AVX512]
[2025-01-29 10:08:33,409][gurobipy][INFO] - Thread count: 24 physical cores, 48 logical processors, using up to 24 threads
[2025-01-29 10:08:33,409][gurobipy][INFO] - 
[2025-01-29 10:08:33,409][gurobipy][INFO] - Optimize a model with 315708 rows, 8135 columns and 858074 nonzeros
[2025-01-29 10:08:33,416][gurobipy][INFO] - Model fingerprint: 0xa053b0c1
[2025-01-29 10:08:33,416][gurobipy][INFO] - Variable types: 8096 continuous, 39 integer (39 binary)
[2025-01-29 10:08:33,418][gurobipy][INFO] - Coefficient statistics:
[2025-01-29 10:08:33,418][gurobipy][INFO] -   Matrix range     [1e-05, 2e+00]
[2025-01-29 10:08:33,418][gurobipy][INFO] -   Objective range  [1e+00, 1e+00]
[2025-01-29 10:08:33,418][gurobipy][INFO] -   Bounds range     [1e+00, 1e+00]
[2025-01-29 10:08:33,418][gurobipy][INFO] -   RHS range        [1e+00, 1e+01]
[2025-01-29 10:08:33,513][gurobipy][INFO] - Found heuristic solution: objective 0.0000000
[2025-01-29 10:08:37,071][gurobipy][INFO] - Presolve removed 56657 rows and 1 columns
[2025-01-29 10:08:37,071][gurobipy][INFO] - Presolve time: 3.56s
[2025-01-29 10:08:37,071][gurobipy][INFO] - Presolved: 259051 rows, 8134 columns, 785243 nonzeros
[2025-01-29 10:08:37,276][gurobipy][INFO] - Variable types: 8096 continuous, 38 integer (38 binary)
[2025-01-29 10:08:37,785][gurobipy][INFO] - Root relaxation presolved: 8134 rows, 267185 columns, 793377 nonzeros
[2025-01-29 10:08:37,786][gurobipy][INFO] - 
[2025-01-29 10:08:37,984][gurobipy][INFO] - 
[2025-01-29 10:08:37,985][gurobipy][INFO] - Root relaxation: objective 1.000000e+00, 158 iterations, 0.70 seconds (0.74 work units)
[2025-01-29 10:08:38,078][gurobipy][INFO] - 
[2025-01-29 10:08:38,078][gurobipy][INFO] -     Nodes    |    Current Node    |     Objective Bounds      |     Work
[2025-01-29 10:08:38,078][gurobipy][INFO] -  Expl Unexpl |  Obj  Depth IntInf | Incumbent    BestBd   Gap | It/Node Time
[2025-01-29 10:08:38,078][gurobipy][INFO] - 
[2025-01-29 10:08:38,078][gurobipy][INFO] -      0     0    1.00000    0    7    0.00000    1.00000      -     -    4s
[2025-01-29 10:08:38,163][gurobipy][INFO] - H    0     0                       0.0020627    1.00000      -     -    4s
[2025-01-29 10:08:39,176][gurobipy][INFO] -      0     0    1.00000    0    7    0.00206    1.00000      -     -    5s
[2025-01-29 10:08:39,855][gurobipy][INFO] - H    0     0                       0.0045467    1.00000      -     -    6s
[2025-01-29 10:08:47,136][gurobipy][INFO] -      0     0    1.00000    0   38    0.00455    1.00000      -     -   13s
[2025-01-29 10:08:50,160][gurobipy][INFO] -      0     0    1.00000    0   29    0.00455    1.00000      -     -   16s
[2025-01-29 10:08:58,885][gurobipy][INFO] -      0     0    1.00000    0   27    0.00455    1.00000      -     -   25s
[2025-01-29 10:09:01,162][gurobipy][INFO] - H    0     0                       0.0076953    1.00000      -     -   27s
[2025-01-29 10:09:01,912][gurobipy][INFO] - H    0     0                       0.0190456    1.00000  5151%     -   28s
[2025-01-29 10:09:19,133][gurobipy][INFO] -      0     0    1.00000    0   34    0.01905    1.00000  5151%     -   45s
[2025-01-29 10:09:32,008][gurobipy][INFO] -      0     0    1.00000    0   34    0.01905    1.00000  5151%     -   58s
[2025-01-29 10:09:36,183][gurobipy][INFO] - H    0     0                       0.0597002    1.00000  1575%     -   62s
[2025-01-29 10:09:41,450][gurobipy][INFO] -      0     0    1.00000    0   34    0.05970    1.00000  1575%     -   68s
[2025-01-29 10:09:58,607][gurobipy][INFO] -      0     0    1.00000    0   34    0.05970    1.00000  1575%     -   85s
[2025-01-29 10:10:00,238][gurobipy][INFO] - H    0     0                       0.0680345    1.00000  1370%     -   86s
[2025-01-29 10:10:07,809][gurobipy][INFO] -      0     0    1.00000    0   33    0.06803    1.00000  1370%     -   94s
[2025-01-29 10:10:16,515][gurobipy][INFO] -      0     0    1.00000    0   33    0.06803    1.00000  1370%     -  103s
[2025-01-29 10:10:20,772][gurobipy][INFO] -      0     0    1.00000    0   14    0.06803    1.00000  1370%     -  107s
[2025-01-29 10:10:26,482][gurobipy][INFO] -      0     0    1.00000    0   13    0.06803    1.00000  1370%     -  113s
[2025-01-29 10:10:39,551][gurobipy][INFO] -      0     0    1.00000    0   13    0.06803    1.00000  1370%     -  126s
[2025-01-29 10:11:04,505][gurobipy][INFO] -      0     2    1.00000    0   13    0.06803    1.00000  1370%     -  151s
[2025-01-29 10:11:11,394][gurobipy][INFO] -     15     3    1.00000    8    9    0.06803    1.00000  1370%   230  157s
[2025-01-29 10:12:32,307][gurobipy][INFO] -     20     6    1.00000   10   20    0.06803    1.00000  1370%  1156  238s
[2025-01-29 10:13:47,999][gurobipy][INFO] -     24    12    0.94118   11   23    0.06803    1.00000  1370%  1576  314s
[2025-01-29 10:14:02,438][gurobipy][INFO] -     30    16    0.93750   12   22    0.06803    0.94118  1283%  2267  329s
[2025-01-29 10:14:19,865][gurobipy][INFO] -     42    22    0.93333   13   21    0.06803    0.93750  1278%  1900  346s
[2025-01-29 10:14:34,910][gurobipy][INFO] -     58    30    0.93094   14   20    0.06803    0.93333  1272%  1634  361s
[2025-01-29 10:14:53,617][gurobipy][INFO] -     80    40    0.92649   15   19    0.06803    0.93079  1268%  1417  380s
[2025-01-29 10:15:01,144][gurobipy][INFO] -    104    54    0.92092   16   18    0.06803    0.92627  1261%  1263  387s
[2025-01-29 10:15:12,740][gurobipy][INFO] -    128    72    0.91462   17   17    0.06803    0.92615  1261%  1115  399s
[2025-01-29 10:15:18,714][gurobipy][INFO] -    156   107 infeasible   17         0.06803    0.92065  1253%   999  405s
[2025-01-29 10:15:23,848][gurobipy][INFO] -    243   146    0.89534   20   14    0.06803    0.91457  1244%   695  410s
[2025-01-29 10:15:30,780][gurobipy][INFO] -    365   214    0.87150   22   12    0.06803    0.91457  1244%   506  417s
[2025-01-29 10:15:33,504][gurobipy][INFO] -    431   214    0.85448   23   11    0.06803    0.91457  1244%   452  420s
[2025-01-29 10:15:39,524][gurobipy][INFO] -    502   192    0.83065   24   10    0.06803    0.91457  1244%   409  426s
[2025-01-29 10:16:16,096][gurobipy][INFO] -    580   189    0.80344   25    9    0.06803    0.91457  1244%   382  462s
[2025-01-29 10:16:21,119][gurobipy][INFO] -    645   212    0.76885   26    8    0.06803    0.91457  1244%   380  467s
[2025-01-29 10:16:39,507][gurobipy][INFO] -    749   205 infeasible   26         0.06803    0.91457  1244%   346  486s
[2025-01-29 10:17:00,266][gurobipy][INFO] -    856   145 infeasible   27         0.06803    0.91457  1244%   327  506s
[2025-01-29 10:17:00,275][gurobipy][INFO] - *  932   145              32       0.0681528    0.91457  1242%   315  506s
[2025-01-29 10:17:03,619][gurobipy][INFO] -   1003    67 infeasible   28         0.06815    0.91457  1242%   300  510s
[2025-01-29 10:17:12,085][gurobipy][INFO] -   1124    32    0.49750   29    5    0.06815    0.91457  1242%   276  518s
[2025-01-29 10:17:16,349][gurobipy][INFO] -   1189    29    0.32698   30    4    0.06815    0.91457  1242%   279  522s
[2025-01-29 10:17:21,068][gurobipy][INFO] -   1230    20    0.16380   31    3    0.06815    0.91457  1242%   280  527s
[2025-01-29 10:17:25,176][gurobipy][INFO] -   1259    15 infeasible   32         0.06815    0.91457  1242%   282  531s
[2025-01-29 10:17:28,803][gurobipy][INFO] -   1284    16    0.38826   26    8    0.06815    0.91457  1242%   287  535s
[2025-01-29 10:17:38,447][gurobipy][INFO] -   1329     4 infeasible   28         0.06815    0.48241   608%   288  545s
[2025-01-29 10:17:38,453][gurobipy][INFO] - * 1338     4              31       0.0770981    0.48235   526%   292  545s
[2025-01-29 10:17:42,741][gurobipy][INFO] - 
[2025-01-29 10:17:42,741][gurobipy][INFO] - Cutting planes:
[2025-01-29 10:17:42,741][gurobipy][INFO] -   Cover: 2
[2025-01-29 10:17:42,741][gurobipy][INFO] -   MIR: 2
[2025-01-29 10:17:42,759][gurobipy][INFO] - 
[2025-01-29 10:17:42,759][gurobipy][INFO] - Explored 1397 nodes (428218 simplex iterations) in 549.35 seconds (1022.44 work units)
[2025-01-29 10:17:42,759][gurobipy][INFO] - Thread count was 24 (of 48 available processors)
[2025-01-29 10:17:42,759][gurobipy][INFO] - 
[2025-01-29 10:17:42,759][gurobipy][INFO] - Solution count 9: 0.0770981 0.0681528 0.0680345 ... 6.39488e-14
[2025-01-29 10:17:42,759][gurobipy][INFO] - No other solutions better than 0.0770981
[2025-01-29 10:17:42,759][gurobipy][INFO] - 
[2025-01-29 10:17:42,759][gurobipy][INFO] - Optimal solution found (tolerance 1.00e-04)
[2025-01-29 10:17:42,763][gurobipy][INFO] - Best objective 7.709806150814e-02, best bound 7.709806150814e-02, gap 0.0000%
[2025-01-29 10:17:43,257][__main__][INFO] - Finished size 172508 (5/5)
