[2025-01-29 09:32:41,419][gurobipy][INFO] - Set parameter TimeLimit to value 600
[2025-01-29 09:32:41,431][gurobipy][INFO] - Gurobi Optimizer version 11.0.2 build v11.0.2rc0 (linux64)
[2025-01-29 09:32:41,431][gurobipy][INFO] - 
[2025-01-29 09:32:41,442][gurobipy][INFO] - CPU model: AMD EPYC 7543 32-Core Processor, instruction set [SSE2|AVX|AVX2]
[2025-01-29 09:32:41,442][gurobipy][INFO] - Thread count: 64 physical cores, 128 logical processors, using up to 32 threads
[2025-01-29 09:32:41,442][gurobipy][INFO] - 
[2025-01-29 09:32:41,442][gurobipy][INFO] - Optimize a model with 54981 rows, 900 columns and 142447 nonzeros
[2025-01-29 09:32:41,444][gurobipy][INFO] - Model fingerprint: 0x63bbec31
[2025-01-29 09:32:41,444][gurobipy][INFO] - Variable types: 834 continuous, 66 integer (66 binary)
[2025-01-29 09:32:41,444][gurobipy][INFO] - Coefficient statistics:
[2025-01-29 09:32:41,444][gurobipy][INFO] -   Matrix range     [2e-03, 2e+00]
[2025-01-29 09:32:41,444][gurobipy][INFO] -   Objective range  [1e+00, 1e+00]
[2025-01-29 09:32:41,444][gurobipy][INFO] -   Bounds range     [1e+00, 1e+00]
[2025-01-29 09:32:41,444][gurobipy][INFO] -   RHS range        [1e+00, 1e+01]
[2025-01-29 09:32:41,451][gurobipy][INFO] - Found heuristic solution: objective -0.0000000
[2025-01-29 09:32:41,704][gurobipy][INFO] - Presolve removed 18298 rows and 8 columns
[2025-01-29 09:32:41,705][gurobipy][INFO] - Presolve time: 0.25s
[2025-01-29 09:32:41,705][gurobipy][INFO] - Presolved: 36683 rows, 892 columns, 110877 nonzeros
[2025-01-29 09:32:41,737][gurobipy][INFO] - Variable types: 834 continuous, 58 integer (58 binary)
[2025-01-29 09:32:41,772][gurobipy][INFO] - Root relaxation presolved: 892 rows, 37575 columns, 111769 nonzeros
[2025-01-29 09:32:41,773][gurobipy][INFO] - 
[2025-01-29 09:32:41,810][gurobipy][INFO] - 
[2025-01-29 09:32:41,810][gurobipy][INFO] - Root relaxation: objective 1.000000e+00, 844 iterations, 0.07 seconds (0.19 work units)
[2025-01-29 09:32:41,820][gurobipy][INFO] - 
[2025-01-29 09:32:41,820][gurobipy][INFO] -     Nodes    |    Current Node    |     Objective Bounds      |     Work
[2025-01-29 09:32:41,820][gurobipy][INFO] -  Expl Unexpl |  Obj  Depth IntInf | Incumbent    BestBd   Gap | It/Node Time
[2025-01-29 09:32:41,820][gurobipy][INFO] - 
[2025-01-29 09:32:41,820][gurobipy][INFO] -      0     0    1.00000    0    5   -0.00000    1.00000      -     -    0s
[2025-01-29 09:32:41,827][gurobipy][INFO] - H    0     0                       0.0012096    1.00000      -     -    0s
[2025-01-29 09:32:41,850][gurobipy][INFO] - H    0     0                       0.0032843    1.00000      -     -    0s
[2025-01-29 09:32:42,754][gurobipy][INFO] -      0     0    1.00000    0   58    0.00328    1.00000      -     -    1s
[2025-01-29 09:32:42,866][gurobipy][INFO] - H    0     0                       0.0283568    1.00000  3426%     -    1s
[2025-01-29 09:32:42,968][gurobipy][INFO] - H    0     0                       0.6581249    1.00000  51.9%     -    1s
[2025-01-29 09:32:48,323][gurobipy][INFO] - H    0     0                       0.6679777    0.84938  27.2%     -    6s
[2025-01-29 09:32:48,328][gurobipy][INFO] -      0     0    0.84938    0    2    0.66798    0.84938  27.2%     -    6s
[2025-01-29 09:32:48,576][gurobipy][INFO] -      0     0    0.80532    0    2    0.66798    0.80532  20.6%     -    7s
[2025-01-29 09:32:48,782][gurobipy][INFO] -      0     0    0.77694    0   38    0.66798    0.77694  16.3%     -    7s
[2025-01-29 09:32:50,003][gurobipy][INFO] -      0     0    0.66798    0   13    0.66798    0.66798  0.00%     -    8s
[2025-01-29 09:32:50,003][gurobipy][INFO] - 
[2025-01-29 09:32:50,003][gurobipy][INFO] - Cutting planes:
[2025-01-29 09:32:50,003][gurobipy][INFO] -   Cover: 2
[2025-01-29 09:32:50,003][gurobipy][INFO] -   MIR: 8
[2025-01-29 09:32:50,003][gurobipy][INFO] -   RLT: 1
[2025-01-29 09:32:50,004][gurobipy][INFO] - 
[2025-01-29 09:32:50,004][gurobipy][INFO] - Explored 1 nodes (16563 simplex iterations) in 8.56 seconds (18.25 work units)
[2025-01-29 09:32:50,004][gurobipy][INFO] - Thread count was 32 (of 128 available processors)
[2025-01-29 09:32:50,004][gurobipy][INFO] - 
[2025-01-29 09:32:50,004][gurobipy][INFO] - Solution count 6: 0.667978 0.658125 0.0283568 ... -0
[2025-01-29 09:32:50,004][gurobipy][INFO] - No other solutions better than 0.667978
[2025-01-29 09:32:50,004][gurobipy][INFO] - 
[2025-01-29 09:32:50,004][gurobipy][INFO] - Optimal solution found (tolerance 1.00e-04)
[2025-01-29 09:32:50,004][gurobipy][INFO] - Best objective 6.679776990980e-01, best bound 6.679776990980e-01, gap 0.0000%
[2025-01-29 09:32:50,039][__main__][INFO] - Finished size 1000 (1/5)
[2025-01-29 09:32:57,149][gurobipy][INFO] - Set parameter TimeLimit to value 600
[2025-01-29 09:32:57,167][gurobipy][INFO] - Gurobi Optimizer version 11.0.2 build v11.0.2rc0 (linux64)
[2025-01-29 09:32:57,167][gurobipy][INFO] - 
[2025-01-29 09:32:57,167][gurobipy][INFO] - CPU model: AMD EPYC 7543 32-Core Processor, instruction set [SSE2|AVX|AVX2]
[2025-01-29 09:32:57,167][gurobipy][INFO] - Thread count: 64 physical cores, 128 logical processors, using up to 32 threads
[2025-01-29 09:32:57,167][gurobipy][INFO] - 
[2025-01-29 09:32:57,167][gurobipy][INFO] - Optimize a model with 93525 rows, 1484 columns and 242311 nonzeros
[2025-01-29 09:32:57,169][gurobipy][INFO] - Model fingerprint: 0x59468699
[2025-01-29 09:32:57,169][gurobipy][INFO] - Variable types: 1418 continuous, 66 integer (66 binary)
[2025-01-29 09:32:57,169][gurobipy][INFO] - Coefficient statistics:
[2025-01-29 09:32:57,169][gurobipy][INFO] -   Matrix range     [1e-03, 2e+00]
[2025-01-29 09:32:57,169][gurobipy][INFO] -   Objective range  [1e+00, 1e+00]
[2025-01-29 09:32:57,169][gurobipy][INFO] -   Bounds range     [1e+00, 1e+00]
[2025-01-29 09:32:57,169][gurobipy][INFO] -   RHS range        [1e+00, 1e+01]
[2025-01-29 09:32:57,182][gurobipy][INFO] - Found heuristic solution: objective -0.0000000
[2025-01-29 09:32:57,716][gurobipy][INFO] - Presolve removed 25496 rows and 4 columns
[2025-01-29 09:32:57,716][gurobipy][INFO] - Presolve time: 0.53s
[2025-01-29 09:32:57,716][gurobipy][INFO] - Presolved: 68029 rows, 1480 columns, 205499 nonzeros
[2025-01-29 09:32:57,761][gurobipy][INFO] - Variable types: 1418 continuous, 62 integer (62 binary)
[2025-01-29 09:32:57,823][gurobipy][INFO] - Root relaxation presolved: 1480 rows, 69509 columns, 206979 nonzeros
[2025-01-29 09:32:57,823][gurobipy][INFO] - 
[2025-01-29 09:32:57,902][gurobipy][INFO] - 
[2025-01-29 09:32:57,902][gurobipy][INFO] - Root relaxation: objective 1.000000e+00, 1524 iterations, 0.14 seconds (0.28 work units)
[2025-01-29 09:32:57,912][gurobipy][INFO] - 
[2025-01-29 09:32:57,912][gurobipy][INFO] -     Nodes    |    Current Node    |     Objective Bounds      |     Work
[2025-01-29 09:32:57,912][gurobipy][INFO] -  Expl Unexpl |  Obj  Depth IntInf | Incumbent    BestBd   Gap | It/Node Time
[2025-01-29 09:32:57,912][gurobipy][INFO] - 
[2025-01-29 09:32:57,912][gurobipy][INFO] -      0     0    1.00000    0    1   -0.00000    1.00000      -     -    0s
[2025-01-29 09:32:57,922][gurobipy][INFO] - H    0     0                       0.0111675    1.00000  8855%     -    0s
[2025-01-29 09:32:57,958][gurobipy][INFO] - H    0     0                       0.0229018    1.00000  4266%     -    0s
[2025-01-29 09:32:58,004][gurobipy][INFO] - H    0     0                       0.0967199    1.00000   934%     -    0s
[2025-01-29 09:33:00,277][gurobipy][INFO] -      0     0    1.00000    0   60    0.09672    1.00000   934%     -    3s
[2025-01-29 09:33:00,995][gurobipy][INFO] -      0     0    1.00000    0   35    0.09672    1.00000   934%     -    3s
[2025-01-29 09:33:01,016][gurobipy][INFO] - H    0     0                       0.1515357    1.00000   560%     -    3s
[2025-01-29 09:33:01,149][gurobipy][INFO] - H    0     0                       0.7034232    1.00000  42.2%     -    3s
[2025-01-29 09:33:02,653][gurobipy][INFO] -      0     0    1.00000    0   23    0.70342    1.00000  42.2%     -    5s
[2025-01-29 09:33:02,993][gurobipy][INFO] - 
[2025-01-29 09:33:02,993][gurobipy][INFO] - Explored 1 nodes (7580 simplex iterations) in 5.82 seconds (9.96 work units)
[2025-01-29 09:33:02,993][gurobipy][INFO] - Thread count was 32 (of 128 available processors)
[2025-01-29 09:33:02,993][gurobipy][INFO] - 
[2025-01-29 09:33:02,993][gurobipy][INFO] - Solution count 6: 0.703423 0.151536 0.0967199 ... -0
[2025-01-29 09:33:02,993][gurobipy][INFO] - No other solutions better than 0.703423
[2025-01-29 09:33:02,993][gurobipy][INFO] - 
[2025-01-29 09:33:02,993][gurobipy][INFO] - Optimal solution found (tolerance 1.00e-04)
[2025-01-29 09:33:02,994][gurobipy][INFO] - Best objective 7.034231695776e-01, best bound 7.034231695776e-01, gap 0.0000%
[2025-01-29 09:33:03,049][__main__][INFO] - Finished size 1929 (2/5)
[2025-01-29 09:33:15,333][gurobipy][INFO] - Set parameter TimeLimit to value 600
[2025-01-29 09:33:15,364][gurobipy][INFO] - Gurobi Optimizer version 11.0.2 build v11.0.2rc0 (linux64)
[2025-01-29 09:33:15,364][gurobipy][INFO] - 
[2025-01-29 09:33:15,377][gurobipy][INFO] - CPU model: AMD EPYC 7543 32-Core Processor, instruction set [SSE2|AVX|AVX2]
[2025-01-29 09:33:15,377][gurobipy][INFO] - Thread count: 64 physical cores, 128 logical processors, using up to 32 threads
[2025-01-29 09:33:15,377][gurobipy][INFO] - 
[2025-01-29 09:33:15,377][gurobipy][INFO] - Optimize a model with 156555 rows, 2439 columns and 405616 nonzeros
[2025-01-29 09:33:15,381][gurobipy][INFO] - Model fingerprint: 0x828ee0c3
[2025-01-29 09:33:15,381][gurobipy][INFO] - Variable types: 2373 continuous, 66 integer (66 binary)
[2025-01-29 09:33:15,382][gurobipy][INFO] - Coefficient statistics:
[2025-01-29 09:33:15,382][gurobipy][INFO] -   Matrix range     [5e-04, 2e+00]
[2025-01-29 09:33:15,382][gurobipy][INFO] -   Objective range  [1e+00, 1e+00]
[2025-01-29 09:33:15,382][gurobipy][INFO] -   Bounds range     [1e+00, 1e+00]
[2025-01-29 09:33:15,382][gurobipy][INFO] -   RHS range        [1e+00, 1e+01]
[2025-01-29 09:33:15,403][gurobipy][INFO] - Found heuristic solution: objective -0.0000000
[2025-01-29 09:33:16,146][gurobipy][INFO] - Presolve removed 37950 rows and 2 columns
[2025-01-29 09:33:16,146][gurobipy][INFO] - Presolve time: 0.74s
[2025-01-29 09:33:16,146][gurobipy][INFO] - Presolved: 118605 rows, 2437 columns, 358182 nonzeros
[2025-01-29 09:33:16,222][gurobipy][INFO] - Variable types: 2373 continuous, 64 integer (64 binary)
[2025-01-29 09:33:16,333][gurobipy][INFO] - Root relaxation presolved: 2437 rows, 121042 columns, 360619 nonzeros
[2025-01-29 09:33:16,333][gurobipy][INFO] - 
[2025-01-29 09:33:16,371][gurobipy][INFO] - 
[2025-01-29 09:33:16,371][gurobipy][INFO] - Root relaxation: objective 1.000000e+00, 33 iterations, 0.15 seconds (0.29 work units)
[2025-01-29 09:33:16,378][gurobipy][INFO] - 
[2025-01-29 09:33:16,378][gurobipy][INFO] -     Nodes    |    Current Node    |     Objective Bounds      |     Work
[2025-01-29 09:33:16,378][gurobipy][INFO] -  Expl Unexpl |  Obj  Depth IntInf | Incumbent    BestBd   Gap | It/Node Time
[2025-01-29 09:33:16,378][gurobipy][INFO] - 
[2025-01-29 09:33:16,378][gurobipy][INFO] -      0     0    1.00000    0    1   -0.00000    1.00000      -     -    1s
[2025-01-29 09:33:16,383][gurobipy][INFO] - H    0     0                       0.0120358    1.00000  8209%     -    1s
[2025-01-29 09:33:16,458][gurobipy][INFO] - H    0     0                       0.0237211    1.00000  4116%     -    1s
[2025-01-29 09:33:16,490][gurobipy][INFO] - H    0     0                       0.0619649    1.00000  1514%     -    1s
[2025-01-29 09:33:21,417][gurobipy][INFO] -      0     0    1.00000    0   64    0.06196    1.00000  1514%     -    6s
[2025-01-29 09:33:22,763][gurobipy][INFO] -      0     0    1.00000    0   44    0.06196    1.00000  1514%     -    7s
[2025-01-29 09:33:22,817][gurobipy][INFO] - H    0     0                       0.3681569    1.00000   172%     -    7s
[2025-01-29 09:33:23,106][gurobipy][INFO] - H    0     0                       0.7107041    1.00000  40.7%     -    7s
[2025-01-29 09:33:23,867][gurobipy][INFO] -      0     0    1.00000    0   29    0.71070    1.00000  40.7%     -    8s
[2025-01-29 09:33:24,877][gurobipy][INFO] - 
[2025-01-29 09:33:24,877][gurobipy][INFO] - Explored 1 nodes (6871 simplex iterations) in 9.50 seconds (21.31 work units)
[2025-01-29 09:33:24,877][gurobipy][INFO] - Thread count was 32 (of 128 available processors)
[2025-01-29 09:33:24,878][gurobipy][INFO] - 
[2025-01-29 09:33:24,878][gurobipy][INFO] - Solution count 6: 0.710704 0.368157 0.0619649 ... -0
[2025-01-29 09:33:24,878][gurobipy][INFO] - No other solutions better than 0.710704
[2025-01-29 09:33:24,878][gurobipy][INFO] - 
[2025-01-29 09:33:24,878][gurobipy][INFO] - Optimal solution found (tolerance 1.00e-04)
[2025-01-29 09:33:24,879][gurobipy][INFO] - Best objective 7.107041163803e-01, best bound 7.107041163803e-01, gap 0.0000%
[2025-01-29 09:33:24,956][__main__][INFO] - Finished size 3720 (3/5)
[2025-01-29 09:33:45,299][gurobipy][INFO] - Set parameter TimeLimit to value 600
[2025-01-29 09:33:45,348][gurobipy][INFO] - Gurobi Optimizer version 11.0.2 build v11.0.2rc0 (linux64)
[2025-01-29 09:33:45,348][gurobipy][INFO] - 
[2025-01-29 09:33:45,359][gurobipy][INFO] - CPU model: AMD EPYC 7543 32-Core Processor, instruction set [SSE2|AVX|AVX2]
[2025-01-29 09:33:45,359][gurobipy][INFO] - Thread count: 64 physical cores, 128 logical processors, using up to 32 threads
[2025-01-29 09:33:45,359][gurobipy][INFO] - 
[2025-01-29 09:33:45,359][gurobipy][INFO] - Optimize a model with 246975 rows, 3809 columns and 639886 nonzeros
[2025-01-29 09:33:45,365][gurobipy][INFO] - Model fingerprint: 0x9e90c240
[2025-01-29 09:33:45,365][gurobipy][INFO] - Variable types: 3743 continuous, 66 integer (66 binary)
[2025-01-29 09:33:45,365][gurobipy][INFO] - Coefficient statistics:
[2025-01-29 09:33:45,365][gurobipy][INFO] -   Matrix range     [3e-04, 2e+00]
[2025-01-29 09:33:45,365][gurobipy][INFO] -   Objective range  [1e+00, 1e+00]
[2025-01-29 09:33:45,366][gurobipy][INFO] -   Bounds range     [1e+00, 1e+00]
[2025-01-29 09:33:45,366][gurobipy][INFO] -   RHS range        [1e+00, 1e+01]
[2025-01-29 09:33:45,400][gurobipy][INFO] - Found heuristic solution: objective 0.0000000
[2025-01-29 09:33:46,600][gurobipy][INFO] - Presolve removed 59870 rows and 2 columns
[2025-01-29 09:33:46,600][gurobipy][INFO] - Presolve time: 1.20s
[2025-01-29 09:33:46,600][gurobipy][INFO] - Presolved: 187105 rows, 3807 columns, 565052 nonzeros
[2025-01-29 09:33:46,719][gurobipy][INFO] - Variable types: 3743 continuous, 64 integer (64 binary)
[2025-01-29 09:33:46,896][gurobipy][INFO] - Root relaxation presolved: 3807 rows, 190912 columns, 568859 nonzeros
[2025-01-29 09:33:46,896][gurobipy][INFO] - 
[2025-01-29 09:33:46,996][gurobipy][INFO] - 
[2025-01-29 09:33:46,996][gurobipy][INFO] - Root relaxation: objective 1.000000e+00, 192 iterations, 0.27 seconds (0.56 work units)
[2025-01-29 09:33:50,281][gurobipy][INFO] - 
[2025-01-29 09:33:50,281][gurobipy][INFO] -     Nodes    |    Current Node    |     Objective Bounds      |     Work
[2025-01-29 09:33:50,281][gurobipy][INFO] -  Expl Unexpl |  Obj  Depth IntInf | Incumbent    BestBd   Gap | It/Node Time
[2025-01-29 09:33:50,281][gurobipy][INFO] - 
[2025-01-29 09:33:50,281][gurobipy][INFO] -      0     0    1.00000    0   15    0.00000    1.00000      -     -    4s
[2025-01-29 09:33:50,322][gurobipy][INFO] - H    0     0                       0.0151450    1.00000  6503%     -    4s
[2025-01-29 09:33:50,597][gurobipy][INFO] - H    0     0                       0.0941682    1.00000   962%     -    5s
[2025-01-29 09:33:51,038][gurobipy][INFO] -      0     0    1.00000    0   16    0.09417    1.00000   962%     -    5s
[2025-01-29 09:33:53,398][gurobipy][INFO] - H    0     0                       0.1449442    1.00000   590%     -    8s
[2025-01-29 09:34:02,628][gurobipy][INFO] -      0     0    1.00000    0   64    0.14494    1.00000   590%     -   17s
[2025-01-29 09:34:05,680][gurobipy][INFO] -      0     0    1.00000    0   26    0.14494    1.00000   590%     -   20s
[2025-01-29 09:34:09,187][gurobipy][INFO] -      0     0    1.00000    0    1    0.14494    1.00000   590%     -   23s
[2025-01-29 09:34:10,217][gurobipy][INFO] -      0     0    1.00000    0   15    0.14494    1.00000   590%     -   24s
[2025-01-29 09:34:10,446][gurobipy][INFO] - H    0     0                       0.7092717    1.00000  41.0%     -   25s
[2025-01-29 09:34:12,740][gurobipy][INFO] -      0     0    1.00000    0    1    0.70927    1.00000  41.0%     -   27s
[2025-01-29 09:34:13,235][gurobipy][INFO] -      0     0    0.70927    0    9    0.70927    0.70927  0.00%     -   27s
[2025-01-29 09:34:13,236][gurobipy][INFO] - 
[2025-01-29 09:34:13,236][gurobipy][INFO] - Cutting planes:
[2025-01-29 09:34:13,236][gurobipy][INFO] -   MIR: 1
[2025-01-29 09:34:13,236][gurobipy][INFO] -   RLT: 9
[2025-01-29 09:34:13,240][gurobipy][INFO] - 
[2025-01-29 09:34:13,240][gurobipy][INFO] - Explored 1 nodes (29556 simplex iterations) in 27.88 seconds (66.96 work units)
[2025-01-29 09:34:13,240][gurobipy][INFO] - Thread count was 32 (of 128 available processors)
[2025-01-29 09:34:13,240][gurobipy][INFO] - 
[2025-01-29 09:34:13,240][gurobipy][INFO] - Solution count 5: 0.709272 0.144944 0.0941682 ... 1.32339e-13
[2025-01-29 09:34:13,240][gurobipy][INFO] - No other solutions better than 0.709272
[2025-01-29 09:34:13,240][gurobipy][INFO] - 
[2025-01-29 09:34:13,240][gurobipy][INFO] - Optimal solution found (tolerance 1.00e-04)
[2025-01-29 09:34:13,242][gurobipy][INFO] - Best objective 7.092716864292e-01, best bound 7.092716864292e-01, gap 0.0000%
[2025-01-29 09:34:13,424][__main__][INFO] - Finished size 7175 (4/5)
[2025-01-29 09:34:44,505][gurobipy][INFO] - Set parameter TimeLimit to value 600
[2025-01-29 09:34:44,581][gurobipy][INFO] - Gurobi Optimizer version 11.0.2 build v11.0.2rc0 (linux64)
[2025-01-29 09:34:44,581][gurobipy][INFO] - 
[2025-01-29 09:34:44,593][gurobipy][INFO] - CPU model: AMD EPYC 7543 32-Core Processor, instruction set [SSE2|AVX|AVX2]
[2025-01-29 09:34:44,593][gurobipy][INFO] - Thread count: 64 physical cores, 128 logical processors, using up to 32 threads
[2025-01-29 09:34:44,593][gurobipy][INFO] - 
[2025-01-29 09:34:44,593][gurobipy][INFO] - Optimize a model with 384453 rows, 5892 columns and 996079 nonzeros
[2025-01-29 09:34:44,601][gurobipy][INFO] - Model fingerprint: 0x7bfc9b45
[2025-01-29 09:34:44,601][gurobipy][INFO] - Variable types: 5826 continuous, 66 integer (66 binary)
[2025-01-29 09:34:44,602][gurobipy][INFO] - Coefficient statistics:
[2025-01-29 09:34:44,602][gurobipy][INFO] -   Matrix range     [1e-04, 2e+00]
[2025-01-29 09:34:44,602][gurobipy][INFO] -   Objective range  [1e+00, 1e+00]
[2025-01-29 09:34:44,602][gurobipy][INFO] -   Bounds range     [1e+00, 1e+00]
[2025-01-29 09:34:44,602][gurobipy][INFO] -   RHS range        [1e+00, 1e+01]
[2025-01-29 09:34:44,656][gurobipy][INFO] - Found heuristic solution: objective -0.0000000
[2025-01-29 09:34:46,634][gurobipy][INFO] - Presolve removed 93194 rows and 2 columns
[2025-01-29 09:34:46,634][gurobipy][INFO] - Presolve time: 1.98s
[2025-01-29 09:34:46,634][gurobipy][INFO] - Presolved: 291259 rows, 5890 columns, 879597 nonzeros
[2025-01-29 09:34:46,818][gurobipy][INFO] - Variable types: 5826 continuous, 64 integer (64 binary)
[2025-01-29 09:34:47,121][gurobipy][INFO] - Root relaxation presolved: 5890 rows, 297149 columns, 885487 nonzeros
[2025-01-29 09:34:47,121][gurobipy][INFO] - 
[2025-01-29 09:34:47,242][gurobipy][INFO] - 
[2025-01-29 09:34:47,242][gurobipy][INFO] - Root relaxation: objective 1.000000e+00, 44 iterations, 0.42 seconds (0.73 work units)
[2025-01-29 09:34:47,272][gurobipy][INFO] - 
[2025-01-29 09:34:47,272][gurobipy][INFO] -     Nodes    |    Current Node    |     Objective Bounds      |     Work
[2025-01-29 09:34:47,272][gurobipy][INFO] -  Expl Unexpl |  Obj  Depth IntInf | Incumbent    BestBd   Gap | It/Node Time
[2025-01-29 09:34:47,272][gurobipy][INFO] - 
[2025-01-29 09:34:47,272][gurobipy][INFO] -      0     0    1.00000    0    1   -0.00000    1.00000      -     -    2s
[2025-01-29 09:34:47,286][gurobipy][INFO] - H    0     0                       0.0081883    1.00000      -     -    2s
[2025-01-29 09:34:47,495][gurobipy][INFO] - H    0     0                       0.0262509    1.00000  3709%     -    2s
[2025-01-29 09:34:47,652][gurobipy][INFO] - H    0     0                       0.0523776    1.00000  1809%     -    3s
[2025-01-29 09:34:48,056][gurobipy][INFO] -      0     0    1.00000    0    2    0.05238    1.00000  1809%     -    3s
[2025-01-29 09:35:10,216][gurobipy][INFO] -      0     0    1.00000    0   64    0.05238    1.00000  1809%     -   25s
[2025-01-29 09:35:14,765][gurobipy][INFO] -      0     0    1.00000    0   48    0.05238    1.00000  1809%     -   30s
[2025-01-29 09:35:15,718][gurobipy][INFO] -      0     0    1.00000    0   48    0.05238    1.00000  1809%     -   31s
[2025-01-29 09:35:23,901][gurobipy][INFO] -      0     0    1.00000    0    1    0.05238    1.00000  1809%     -   39s
[2025-01-29 09:35:27,506][gurobipy][INFO] - H    0     0                       0.0628235    1.00000  1492%     -   42s
[2025-01-29 09:35:27,813][gurobipy][INFO] -      0     0    1.00000    0    2    0.06282    1.00000  1492%     -   43s
[2025-01-29 09:35:32,294][gurobipy][INFO] - H    0     0                       0.0646929    1.00000  1446%     -   47s
[2025-01-29 09:35:39,628][gurobipy][INFO] -      0     0    1.00000    0   44    0.06469    1.00000  1446%     -   55s
[2025-01-29 09:35:40,246][gurobipy][INFO] -      0     0    1.00000    0   42    0.06469    1.00000  1446%     -   55s
[2025-01-29 09:35:55,391][gurobipy][INFO] -      0     0    1.00000    0   33    0.06469    1.00000  1446%     -   70s
[2025-01-29 09:35:56,314][gurobipy][INFO] - H    0     0                       0.0662467    1.00000  1410%     -   71s
[2025-01-29 09:35:56,408][gurobipy][INFO] -      0     0    1.00000    0   33    0.06625    1.00000  1410%     -   71s
[2025-01-29 09:36:07,287][gurobipy][INFO] -      0     0    1.00000    0   31    0.06625    1.00000  1410%     -   82s
[2025-01-29 09:36:08,439][gurobipy][INFO] - H    0     0                       0.7005069    1.00000  42.8%     -   83s
[2025-01-29 09:36:09,304][gurobipy][INFO] -      0     0    1.00000    0    8    0.70051    1.00000  42.8%     -   84s
[2025-01-29 09:36:19,954][gurobipy][INFO] -      0     0    1.00000    0   27    0.70051    1.00000  42.8%     -   95s
[2025-01-29 09:36:23,685][gurobipy][INFO] -      0     0    1.00000    0   27    0.70051    1.00000  42.8%     -   99s
[2025-01-29 09:36:32,269][gurobipy][INFO] -      0     0    1.00000    0   27    0.70051    1.00000  42.8%     -  107s
[2025-01-29 09:36:38,560][gurobipy][INFO] -      0     0    1.00000    0   27    0.70051    1.00000  42.8%     -  113s
[2025-01-29 09:36:46,221][gurobipy][INFO] -      0     0    1.00000    0   27    0.70051    1.00000  42.8%     -  121s
[2025-01-29 09:36:52,561][gurobipy][INFO] -      0     0    1.00000    0   27    0.70051    1.00000  42.8%     -  127s
[2025-01-29 09:37:31,475][gurobipy][INFO] -      0     2    1.00000    0   27    0.70051    1.00000  42.8%     -  166s
[2025-01-29 09:37:34,779][gurobipy][INFO] -      5     2    1.00000    3   22    0.70051    1.00000  42.8%   647  170s
[2025-01-29 09:37:41,437][gurobipy][INFO] -     11     2    1.00000    6   21    0.70051    1.00000  42.8%   848  176s
[2025-01-29 09:37:44,856][gurobipy][INFO] -     15     2    1.00000    8   17    0.70051    1.00000  42.8%   809  180s
[2025-01-29 09:37:51,277][gurobipy][INFO] -     21     2    1.00000   11   16    0.70051    1.00000  42.8%   786  186s
[2025-01-29 09:37:59,442][gurobipy][INFO] -     23     4    0.85008   12   18    0.70051    1.00000  42.8%   976  194s
[2025-01-29 09:38:03,574][gurobipy][INFO] -     25     6    0.84968   13   17    0.70051    0.86033  22.8%  1119  198s
[2025-01-29 09:38:05,613][gurobipy][INFO] -     29     6    0.82608   14   16    0.70051    0.84948  21.3%  1087  201s
[2025-01-29 09:38:10,744][gurobipy][INFO] -     41     4    0.75501   16   15    0.70051    0.81595  16.5%   936  206s
[2025-01-29 09:38:14,270][gurobipy][INFO] - 
[2025-01-29 09:38:14,271][gurobipy][INFO] - Cutting planes:
[2025-01-29 09:38:14,271][gurobipy][INFO] -   Implied bound: 2
[2025-01-29 09:38:14,271][gurobipy][INFO] -   MIR: 21
[2025-01-29 09:38:14,271][gurobipy][INFO] -   RLT: 1
[2025-01-29 09:38:14,280][gurobipy][INFO] - 
[2025-01-29 09:38:14,280][gurobipy][INFO] - Explored 61 nodes (92986 simplex iterations) in 209.69 seconds (538.09 work units)
[2025-01-29 09:38:14,280][gurobipy][INFO] - Thread count was 32 (of 128 available processors)
[2025-01-29 09:38:14,280][gurobipy][INFO] - 
[2025-01-29 09:38:14,280][gurobipy][INFO] - Solution count 8: 0.700507 0.0662467 0.0646929 ... -0
[2025-01-29 09:38:14,280][gurobipy][INFO] - No other solutions better than 0.700507
[2025-01-29 09:38:14,280][gurobipy][INFO] - 
[2025-01-29 09:38:14,280][gurobipy][INFO] - Optimal solution found (tolerance 1.00e-04)
[2025-01-29 09:38:14,283][gurobipy][INFO] - Best objective 7.005069015466e-01, best bound 7.005069015466e-01, gap 0.0000%
[2025-01-29 09:38:14,551][__main__][INFO] - Finished size 13837 (5/5)
