[2025-01-29 09:48:36,300][gurobipy][INFO] - Set parameter TimeLimit to value 600
[2025-01-29 09:48:36,306][gurobipy][INFO] - Gurobi Optimizer version 11.0.2 build v11.0.2rc0 (linux64)
[2025-01-29 09:48:36,306][gurobipy][INFO] - 
[2025-01-29 09:48:36,317][gurobipy][INFO] - CPU model: Intel(R) Xeon(R) Gold 6136 CPU @ 3.00GHz, instruction set [SSE2|AVX|AVX2|AVX512]
[2025-01-29 09:48:36,317][gurobipy][INFO] - Thread count: 24 physical cores, 48 logical processors, using up to 24 threads
[2025-01-29 09:48:36,318][gurobipy][INFO] - 
[2025-01-29 09:48:36,318][gurobipy][INFO] - Optimize a model with 22584 rows, 619 columns and 61378 nonzeros
[2025-01-29 09:48:36,318][gurobipy][INFO] - Model fingerprint: 0x84271487
[2025-01-29 09:48:36,318][gurobipy][INFO] - Variable types: 580 continuous, 39 integer (39 binary)
[2025-01-29 09:48:36,318][gurobipy][INFO] - Coefficient statistics:
[2025-01-29 09:48:36,318][gurobipy][INFO] -   Matrix range     [2e-03, 2e+00]
[2025-01-29 09:48:36,318][gurobipy][INFO] -   Objective range  [1e+00, 1e+00]
[2025-01-29 09:48:36,318][gurobipy][INFO] -   Bounds range     [1e+00, 1e+00]
[2025-01-29 09:48:36,318][gurobipy][INFO] -   RHS range        [1e+00, 1e+01]
[2025-01-29 09:48:36,322][gurobipy][INFO] - Found heuristic solution: objective 0.0000000
[2025-01-29 09:48:36,460][gurobipy][INFO] - Presolve removed 7510 rows and 7 columns
[2025-01-29 09:48:36,460][gurobipy][INFO] - Presolve time: 0.14s
[2025-01-29 09:48:36,460][gurobipy][INFO] - Presolved: 15074 rows, 612 columns, 45796 nonzeros
[2025-01-29 09:48:36,471][gurobipy][INFO] - Variable types: 580 continuous, 32 integer (32 binary)
[2025-01-29 09:48:36,489][gurobipy][INFO] - Root relaxation presolved: 15074 rows, 612 columns, 45796 nonzeros
[2025-01-29 09:48:36,489][gurobipy][INFO] - 
[2025-01-29 09:48:36,513][gurobipy][INFO] - 
[2025-01-29 09:48:36,513][gurobipy][INFO] - Root relaxation: objective 1.000000e+00, 295 iterations, 0.04 seconds (0.06 work units)
[2025-01-29 09:48:36,613][gurobipy][INFO] - 
[2025-01-29 09:48:36,613][gurobipy][INFO] -     Nodes    |    Current Node    |     Objective Bounds      |     Work
[2025-01-29 09:48:36,613][gurobipy][INFO] -  Expl Unexpl |  Obj  Depth IntInf | Incumbent    BestBd   Gap | It/Node Time
[2025-01-29 09:48:36,613][gurobipy][INFO] - 
[2025-01-29 09:48:36,613][gurobipy][INFO] -      0     0    1.00000    0    1    0.00000    1.00000      -     -    0s
[2025-01-29 09:48:36,614][gurobipy][INFO] - H    0     0                       0.0450221    1.00000  2121%     -    0s
[2025-01-29 09:48:36,736][gurobipy][INFO] -      0     0    1.00000    0   25    0.04502    1.00000  2121%     -    0s
[2025-01-29 09:48:36,745][gurobipy][INFO] -      0     0    1.00000    0   21    0.04502    1.00000  2121%     -    0s
[2025-01-29 09:48:37,147][gurobipy][INFO] - H    0     0                       0.0511884    1.00000  1854%     -    0s
[2025-01-29 09:48:37,487][gurobipy][INFO] -      0     0    0.94635    0    1    0.05119    0.94635  1749%     -    1s
[2025-01-29 09:48:37,522][gurobipy][INFO] - H    0     0                       0.0652989    0.94635  1349%     -    1s
[2025-01-29 09:48:37,664][gurobipy][INFO] -      0     0    0.94434    0    5    0.06530    0.94434  1346%     -    1s
[2025-01-29 09:48:37,770][gurobipy][INFO] -      0     0    0.94434    0   19    0.06530    0.94434  1346%     -    1s
[2025-01-29 09:48:38,303][gurobipy][INFO] - H    0     0                       0.0663880    0.93255  1305%     -    1s
[2025-01-29 09:48:38,306][gurobipy][INFO] -      0     0    0.93255    0    2    0.06639    0.93255  1305%     -    1s
[2025-01-29 09:48:38,367][gurobipy][INFO] -      0     0    0.93241    0    5    0.06639    0.93241  1304%     -    2s
[2025-01-29 09:48:38,520][gurobipy][INFO] - H    0     0                       0.0730028    0.92669  1169%     -    2s
[2025-01-29 09:48:38,523][gurobipy][INFO] -      0     0    0.92669    0    5    0.07300    0.92669  1169%     -    2s
[2025-01-29 09:48:38,597][gurobipy][INFO] -      0     0    0.92515    0    5    0.07300    0.92515  1167%     -    2s
[2025-01-29 09:48:38,716][gurobipy][INFO] -      0     0    0.92155    0    8    0.07300    0.92155  1162%     -    2s
[2025-01-29 09:48:38,822][gurobipy][INFO] -      0     0    0.92155    0    8    0.07300    0.92155  1162%     -    2s
[2025-01-29 09:48:38,993][gurobipy][INFO] -      0     2    0.92155    0    8    0.07300    0.92155  1162%     -    2s
[2025-01-29 09:48:42,399][gurobipy][INFO] -    226   130    0.42312   13   10    0.07300    0.82811  1034%  83.4    6s
[2025-01-29 09:48:42,814][gurobipy][INFO] - 
[2025-01-29 09:48:42,815][gurobipy][INFO] - Cutting planes:
[2025-01-29 09:48:42,815][gurobipy][INFO] -   Cover: 3
[2025-01-29 09:48:42,815][gurobipy][INFO] -   Implied bound: 1
[2025-01-29 09:48:42,815][gurobipy][INFO] -   MIR: 11
[2025-01-29 09:48:42,815][gurobipy][INFO] -   Inf proof: 1
[2025-01-29 09:48:42,815][gurobipy][INFO] -   RLT: 2
[2025-01-29 09:48:42,815][gurobipy][INFO] - 
[2025-01-29 09:48:42,815][gurobipy][INFO] - Explored 767 nodes (40147 simplex iterations) in 6.50 seconds (7.51 work units)
[2025-01-29 09:48:42,815][gurobipy][INFO] - Thread count was 24 (of 48 available processors)
[2025-01-29 09:48:42,816][gurobipy][INFO] - 
[2025-01-29 09:48:42,816][gurobipy][INFO] - Solution count 6: 0.0730028 0.066388 0.0652989 ... 8.43769e-15
[2025-01-29 09:48:42,816][gurobipy][INFO] - No other solutions better than 0.0730028
[2025-01-29 09:48:42,816][gurobipy][INFO] - 
[2025-01-29 09:48:42,816][gurobipy][INFO] - Optimal solution found (tolerance 1.00e-04)
[2025-01-29 09:48:42,816][gurobipy][INFO] - Best objective 7.300275482094e-02, best bound 7.300275482094e-02, gap 0.0000%
[2025-01-29 09:48:42,845][__main__][INFO] - Finished size 1000 (1/5)
[2025-01-29 09:48:48,031][gurobipy][INFO] - Set parameter TimeLimit to value 600
[2025-01-29 09:48:48,045][gurobipy][INFO] - Gurobi Optimizer version 11.0.2 build v11.0.2rc0 (linux64)
[2025-01-29 09:48:48,045][gurobipy][INFO] - 
[2025-01-29 09:48:48,045][gurobipy][INFO] - CPU model: Intel(R) Xeon(R) Gold 6136 CPU @ 3.00GHz, instruction set [SSE2|AVX|AVX2|AVX512]
[2025-01-29 09:48:48,045][gurobipy][INFO] - Thread count: 24 physical cores, 48 logical processors, using up to 24 threads
[2025-01-29 09:48:48,045][gurobipy][INFO] - 
[2025-01-29 09:48:48,045][gurobipy][INFO] - Optimize a model with 55539 rows, 1464 columns and 150948 nonzeros
[2025-01-29 09:48:48,047][gurobipy][INFO] - Model fingerprint: 0x515cadf1
[2025-01-29 09:48:48,047][gurobipy][INFO] - Variable types: 1425 continuous, 39 integer (39 binary)
[2025-01-29 09:48:48,047][gurobipy][INFO] - Coefficient statistics:
[2025-01-29 09:48:48,047][gurobipy][INFO] -   Matrix range     [5e-04, 2e+00]
[2025-01-29 09:48:48,047][gurobipy][INFO] -   Objective range  [1e+00, 1e+00]
[2025-01-29 09:48:48,047][gurobipy][INFO] -   Bounds range     [1e+00, 1e+00]
[2025-01-29 09:48:48,047][gurobipy][INFO] -   RHS range        [1e+00, 1e+01]
[2025-01-29 09:48:48,058][gurobipy][INFO] - Found heuristic solution: objective -0.0000000
[2025-01-29 09:48:48,455][gurobipy][INFO] - Presolve removed 15641 rows and 5 columns
[2025-01-29 09:48:48,455][gurobipy][INFO] - Presolve time: 0.40s
[2025-01-29 09:48:48,455][gurobipy][INFO] - Presolved: 39898 rows, 1459 columns, 121113 nonzeros
[2025-01-29 09:48:48,484][gurobipy][INFO] - Variable types: 1425 continuous, 34 integer (34 binary)
[2025-01-29 09:48:48,537][gurobipy][INFO] - Root relaxation presolved: 1459 rows, 41357 columns, 122572 nonzeros
[2025-01-29 09:48:48,537][gurobipy][INFO] - 
[2025-01-29 09:48:48,608][gurobipy][INFO] - 
[2025-01-29 09:48:48,608][gurobipy][INFO] - Root relaxation: objective 1.000000e+00, 1156 iterations, 0.12 seconds (0.25 work units)
[2025-01-29 09:48:48,805][gurobipy][INFO] - 
[2025-01-29 09:48:48,805][gurobipy][INFO] -     Nodes    |    Current Node    |     Objective Bounds      |     Work
[2025-01-29 09:48:48,805][gurobipy][INFO] -  Expl Unexpl |  Obj  Depth IntInf | Incumbent    BestBd   Gap | It/Node Time
[2025-01-29 09:48:48,805][gurobipy][INFO] - 
[2025-01-29 09:48:48,805][gurobipy][INFO] -      0     0    1.00000    0    1   -0.00000    1.00000      -     -    0s
[2025-01-29 09:48:48,829][gurobipy][INFO] - H    0     0                       0.0030487    1.00000      -     -    0s
[2025-01-29 09:48:48,853][gurobipy][INFO] - H    0     0                       0.0036178    1.00000      -     -    0s
[2025-01-29 09:48:49,035][gurobipy][INFO] - H    0     0                       0.0036178    1.00000      -     -    0s
[2025-01-29 09:48:49,062][gurobipy][INFO] -      0     0    1.00000    0   12    0.00362    1.00000      -     -    1s
[2025-01-29 09:48:49,186][gurobipy][INFO] - H    0     0                       0.0648239    1.00000  1443%     -    1s
[2025-01-29 09:48:54,816][gurobipy][INFO] - H    0     0                       0.0700642    0.95982  1270%     -    6s
[2025-01-29 09:48:54,829][gurobipy][INFO] -      0     0    0.95982    0    2    0.07006    0.95982  1270%     -    6s
[2025-01-29 09:48:58,704][gurobipy][INFO] -      0     0    0.94052    0   18    0.07006    0.94052  1242%     -   10s
[2025-01-29 09:48:59,287][gurobipy][INFO] -      0     0    0.94052    0   22    0.07006    0.94052  1242%     -   11s
[2025-01-29 09:49:00,194][gurobipy][INFO] - H    0     0                       0.0709155    0.91664  1193%     -   12s
[2025-01-29 09:49:00,202][gurobipy][INFO] -      0     0    0.91664    0   19    0.07092    0.91664  1193%     -   12s
[2025-01-29 09:49:02,892][gurobipy][INFO] -      0     0    0.85624    0    1    0.07092    0.85624  1107%     -   14s
[2025-01-29 09:49:03,279][gurobipy][INFO] -      0     0    0.80866    0   15    0.07092    0.80866  1040%     -   15s
[2025-01-29 09:49:08,236][gurobipy][INFO] - H    0     0                       0.0709155    0.80180  1031%     -   20s
[2025-01-29 09:49:08,237][gurobipy][INFO] - H    0     0                       0.0729145    0.13676  87.6%     -   20s
[2025-01-29 09:49:08,239][gurobipy][INFO] - H    0     0                       0.0797145    0.13676  71.6%     -   20s
[2025-01-29 09:49:08,240][gurobipy][INFO] - H    0     0                       0.0806788    0.13676  69.5%     -   20s
[2025-01-29 09:49:08,240][gurobipy][INFO] -      0     0    0.08068    0    2    0.08068    0.08068  0.00%     -   20s
[2025-01-29 09:49:08,244][gurobipy][INFO] - 
[2025-01-29 09:49:08,244][gurobipy][INFO] - Cutting planes:
[2025-01-29 09:49:08,244][gurobipy][INFO] -   MIR: 6
[2025-01-29 09:49:08,244][gurobipy][INFO] -   RLT: 4
[2025-01-29 09:49:08,245][gurobipy][INFO] - 
[2025-01-29 09:49:08,245][gurobipy][INFO] - Explored 1 nodes (24497 simplex iterations) in 20.20 seconds (30.07 work units)
[2025-01-29 09:49:08,245][gurobipy][INFO] - Thread count was 24 (of 48 available processors)
[2025-01-29 09:49:08,246][gurobipy][INFO] - 
[2025-01-29 09:49:08,246][gurobipy][INFO] - Solution count 9: 0.0806788 0.0797145 0.0729145 ... -0
[2025-01-29 09:49:08,246][gurobipy][INFO] - No other solutions better than 0.0806788
[2025-01-29 09:49:08,246][gurobipy][INFO] - 
[2025-01-29 09:49:08,246][gurobipy][INFO] - Optimal solution found (tolerance 1.00e-04)
[2025-01-29 09:49:08,246][gurobipy][INFO] - Best objective 8.067881426268e-02, best bound 8.067881426268e-02, gap 0.0000%
[2025-01-29 09:49:08,305][__main__][INFO] - Finished size 3625 (2/5)
[2025-01-29 09:49:18,943][gurobipy][INFO] - Set parameter TimeLimit to value 600
[2025-01-29 09:49:18,969][gurobipy][INFO] - Gurobi Optimizer version 11.0.2 build v11.0.2rc0 (linux64)
[2025-01-29 09:49:18,970][gurobipy][INFO] - 
[2025-01-29 09:49:18,982][gurobipy][INFO] - CPU model: Intel(R) Xeon(R) Gold 6136 CPU @ 3.00GHz, instruction set [SSE2|AVX|AVX2|AVX512]
[2025-01-29 09:49:18,982][gurobipy][INFO] - Thread count: 24 physical cores, 48 logical processors, using up to 24 threads
[2025-01-29 09:49:18,982][gurobipy][INFO] - 
[2025-01-29 09:49:18,982][gurobipy][INFO] - Optimize a model with 111894 rows, 2909 columns and 304118 nonzeros
[2025-01-29 09:49:18,984][gurobipy][INFO] - Model fingerprint: 0x6a9fdc00
[2025-01-29 09:49:18,984][gurobipy][INFO] - Variable types: 2870 continuous, 39 integer (39 binary)
[2025-01-29 09:49:18,985][gurobipy][INFO] - Coefficient statistics:
[2025-01-29 09:49:18,985][gurobipy][INFO] -   Matrix range     [1e-04, 2e+00]
[2025-01-29 09:49:18,985][gurobipy][INFO] -   Objective range  [1e+00, 1e+00]
[2025-01-29 09:49:18,985][gurobipy][INFO] -   Bounds range     [1e+00, 1e+00]
[2025-01-29 09:49:18,985][gurobipy][INFO] -   RHS range        [1e+00, 1e+01]
[2025-01-29 09:49:19,009][gurobipy][INFO] - Found heuristic solution: objective 0.0000000
[2025-01-29 09:49:20,013][gurobipy][INFO] - Presolve removed 20082 rows and 1 columns
[2025-01-29 09:49:20,013][gurobipy][INFO] - Presolve time: 1.00s
[2025-01-29 09:49:20,013][gurobipy][INFO] - Presolved: 91812 rows, 2908 columns, 278300 nonzeros
[2025-01-29 09:49:20,083][gurobipy][INFO] - Variable types: 2870 continuous, 38 integer (38 binary)
[2025-01-29 09:49:20,244][gurobipy][INFO] - Root relaxation presolved: 2908 rows, 94720 columns, 281208 nonzeros
[2025-01-29 09:49:20,244][gurobipy][INFO] - 
[2025-01-29 09:49:20,293][gurobipy][INFO] - 
[2025-01-29 09:49:20,293][gurobipy][INFO] - Root relaxation: objective 1.000000e+00, 54 iterations, 0.21 seconds (0.22 work units)
[2025-01-29 09:49:20,302][gurobipy][INFO] - 
[2025-01-29 09:49:20,303][gurobipy][INFO] -     Nodes    |    Current Node    |     Objective Bounds      |     Work
[2025-01-29 09:49:20,303][gurobipy][INFO] -  Expl Unexpl |  Obj  Depth IntInf | Incumbent    BestBd   Gap | It/Node Time
[2025-01-29 09:49:20,303][gurobipy][INFO] - 
[2025-01-29 09:49:20,303][gurobipy][INFO] -      0     0    1.00000    0    1    0.00000    1.00000      -     -    1s
[2025-01-29 09:49:20,363][gurobipy][INFO] - H    0     0                       0.0007380    1.00000      -     -    1s
[2025-01-29 09:49:20,424][gurobipy][INFO] - H    0     0                       0.0046273    1.00000      -     -    1s
[2025-01-29 09:49:20,862][gurobipy][INFO] - H    0     0                       0.0053985    1.00000      -     -    1s
[2025-01-29 09:49:21,051][gurobipy][INFO] -      0     0    1.00000    0    2    0.00540    1.00000      -     -    2s
[2025-01-29 09:49:22,924][gurobipy][INFO] -      0     0    1.00000    0   38    0.00540    1.00000      -     -    3s
[2025-01-29 09:49:23,250][gurobipy][INFO] -      0     0    1.00000    0   33    0.00540    1.00000      -     -    4s
[2025-01-29 09:49:28,370][gurobipy][INFO] -      0     0    1.00000    0   32    0.00540    1.00000      -     -    9s
[2025-01-29 09:49:28,795][gurobipy][INFO] - H    0     0                       0.0057649    1.00000      -     -    9s
[2025-01-29 09:49:28,942][gurobipy][INFO] -      0     0    1.00000    0   32    0.00576    1.00000      -     -    9s
[2025-01-29 09:49:36,424][gurobipy][INFO] -      0     0    1.00000    0   32    0.00576    1.00000      -     -   17s
[2025-01-29 09:49:36,677][gurobipy][INFO] - H    0     0                       0.0096496    1.00000      -     -   17s
[2025-01-29 09:49:36,786][gurobipy][INFO] -      0     0    1.00000    0   31    0.00965    1.00000      -     -   17s
[2025-01-29 09:49:43,653][gurobipy][INFO] -      0     0    1.00000    0   31    0.00965    1.00000      -     -   24s
[2025-01-29 09:49:43,904][gurobipy][INFO] - H    0     0                       0.0316492    1.00000  3060%     -   24s
[2025-01-29 09:49:44,015][gurobipy][INFO] - H    0     0                       0.0320351    1.00000  3022%     -   25s
[2025-01-29 09:49:44,052][gurobipy][INFO] -      0     0    1.00000    0   31    0.03204    1.00000  3022%     -   25s
[2025-01-29 09:49:50,932][gurobipy][INFO] -      0     0    1.00000    0   31    0.03204    1.00000  3022%     -   31s
[2025-01-29 09:49:51,565][gurobipy][INFO] - H    0     0                       0.0496664    1.00000  1913%     -   32s
[2025-01-29 09:49:51,614][gurobipy][INFO] -      0     0    1.00000    0   31    0.04967    1.00000  1913%     -   32s
[2025-01-29 09:49:56,464][gurobipy][INFO] -      0     0    1.00000    0   31    0.04967    1.00000  1913%     -   37s
[2025-01-29 09:50:02,217][gurobipy][INFO] -      0     0    1.00000    0   31    0.04967    1.00000  1913%     -   43s
[2025-01-29 09:50:02,647][gurobipy][INFO] - H    0     0                       0.0500632    1.00000  1897%     -   43s
[2025-01-29 09:50:03,396][gurobipy][INFO] - H    0     0                       0.0539462    1.00000  1754%     -   44s
[2025-01-29 09:50:13,191][gurobipy][INFO] -      0     2    1.00000    0   31    0.05395    1.00000  1754%     -   54s
[2025-01-29 09:50:14,098][gurobipy][INFO] -      3     2    1.00000    2   29    0.05395    1.00000  1754%  1964   55s
[2025-01-29 09:50:20,043][gurobipy][INFO] -      9     4    1.00000    5   18    0.05395    1.00000  1754%   868   61s
[2025-01-29 09:50:26,791][gurobipy][INFO] -     23    12    0.94444    8   23    0.05395    1.00000  1754%   667   67s
[2025-01-29 09:50:30,961][gurobipy][INFO] -     43    16    0.93750   10   21    0.05395    0.94114  1645%   628   71s
[2025-01-29 09:50:37,269][gurobipy][INFO] -     73    24    0.92857   12   19    0.05395    0.93310  1630%   477   78s
[2025-01-29 09:50:39,645][gurobipy][INFO] -     93    32    0.92308   13   18    0.05395    0.92845  1621%   429   80s
[2025-01-29 09:50:44,212][gurobipy][INFO] -    300    81    0.87128   19   13    0.05395    0.89578  1560%   190   85s
[2025-01-29 09:50:49,821][gurobipy][INFO] -    503    48    0.12300   22    9    0.05395    0.89578  1560%   165   90s
[2025-01-29 09:50:54,236][gurobipy][INFO] -    701    14    0.14895   22    9    0.05395    0.61641  1043%   161   95s
[2025-01-29 09:50:55,342][gurobipy][INFO] - *  740     5              30       0.0608508    0.19487   220%   167   96s
[2025-01-29 09:50:55,704][gurobipy][INFO] - H  742     5                       0.0625024    0.19487   212%   166   96s
[2025-01-29 09:50:55,706][gurobipy][INFO] - *  743     5              29       0.0660504    0.19392   194%   167   96s
[2025-01-29 09:50:55,811][gurobipy][INFO] - 
[2025-01-29 09:50:55,812][gurobipy][INFO] - Cutting planes:
[2025-01-29 09:50:55,812][gurobipy][INFO] -   Implied bound: 1
[2025-01-29 09:50:55,812][gurobipy][INFO] -   MIR: 12
[2025-01-29 09:50:55,812][gurobipy][INFO] -   RLT: 5
[2025-01-29 09:50:55,812][gurobipy][INFO] -   Relax-and-lift: 1
[2025-01-29 09:50:55,815][gurobipy][INFO] - 
[2025-01-29 09:50:55,815][gurobipy][INFO] - Explored 751 nodes (157429 simplex iterations) in 96.83 seconds (187.00 work units)
[2025-01-29 09:50:55,815][gurobipy][INFO] - Thread count was 24 (of 48 available processors)
[2025-01-29 09:50:55,815][gurobipy][INFO] - 
[2025-01-29 09:50:55,815][gurobipy][INFO] - Solution count 10: 0.0660504 0.0625024 0.0608508 ... 0.00576489
[2025-01-29 09:50:55,815][gurobipy][INFO] - No other solutions better than 0.0660504
[2025-01-29 09:50:55,815][gurobipy][INFO] - 
[2025-01-29 09:50:55,815][gurobipy][INFO] - Optimal solution found (tolerance 1.00e-04)
[2025-01-29 09:50:55,817][gurobipy][INFO] - Best objective 6.605044515578e-02, best bound 6.605044515578e-02, gap 0.0000%
[2025-01-29 09:50:55,958][__main__][INFO] - Finished size 13135 (3/5)
[2025-01-29 09:51:15,284][gurobipy][INFO] - Set parameter TimeLimit to value 600
[2025-01-29 09:51:15,331][gurobipy][INFO] - Gurobi Optimizer version 11.0.2 build v11.0.2rc0 (linux64)
[2025-01-29 09:51:15,331][gurobipy][INFO] - 
[2025-01-29 09:51:15,342][gurobipy][INFO] - CPU model: Intel(R) Xeon(R) Gold 6136 CPU @ 3.00GHz, instruction set [SSE2|AVX|AVX2|AVX512]
[2025-01-29 09:51:15,342][gurobipy][INFO] - Thread count: 24 physical cores, 48 logical processors, using up to 24 threads
[2025-01-29 09:51:15,343][gurobipy][INFO] - 
[2025-01-29 09:51:15,343][gurobipy][INFO] - Optimize a model with 196329 rows, 5074 columns and 533608 nonzeros
[2025-01-29 09:51:15,347][gurobipy][INFO] - Model fingerprint: 0xa760144c
[2025-01-29 09:51:15,347][gurobipy][INFO] - Variable types: 5035 continuous, 39 integer (39 binary)
[2025-01-29 09:51:15,348][gurobipy][INFO] - Coefficient statistics:
[2025-01-29 09:51:15,348][gurobipy][INFO] -   Matrix range     [4e-05, 2e+00]
[2025-01-29 09:51:15,348][gurobipy][INFO] -   Objective range  [1e+00, 1e+00]
[2025-01-29 09:51:15,348][gurobipy][INFO] -   Bounds range     [1e+00, 1e+00]
[2025-01-29 09:51:15,348][gurobipy][INFO] -   RHS range        [1e+00, 1e+01]
[2025-01-29 09:51:15,396][gurobipy][INFO] - Found heuristic solution: objective 0.0000000
[2025-01-29 09:51:17,284][gurobipy][INFO] - Presolve removed 35235 rows and 1 columns
[2025-01-29 09:51:17,284][gurobipy][INFO] - Presolve time: 1.89s
[2025-01-29 09:51:17,284][gurobipy][INFO] - Presolved: 161094 rows, 5073 columns, 488311 nonzeros
[2025-01-29 09:51:17,412][gurobipy][INFO] - Variable types: 5035 continuous, 38 integer (38 binary)
[2025-01-29 09:51:17,711][gurobipy][INFO] - Root relaxation presolved: 5073 rows, 166167 columns, 493384 nonzeros
[2025-01-29 09:51:17,711][gurobipy][INFO] - 
[2025-01-29 09:51:17,814][gurobipy][INFO] - 
[2025-01-29 09:51:17,814][gurobipy][INFO] - Root relaxation: objective 1.000000e+00, 86 iterations, 0.39 seconds (0.42 work units)
[2025-01-29 09:51:17,862][gurobipy][INFO] - 
[2025-01-29 09:51:17,863][gurobipy][INFO] -     Nodes    |    Current Node    |     Objective Bounds      |     Work
[2025-01-29 09:51:17,863][gurobipy][INFO] -  Expl Unexpl |  Obj  Depth IntInf | Incumbent    BestBd   Gap | It/Node Time
[2025-01-29 09:51:17,863][gurobipy][INFO] - 
[2025-01-29 09:51:17,863][gurobipy][INFO] -      0     0    1.00000    0    5    0.00000    1.00000      -     -    2s
[2025-01-29 09:51:17,912][gurobipy][INFO] - H    0     0                       0.0084502    1.00000      -     -    2s
[2025-01-29 09:51:18,050][gurobipy][INFO] - H    0     0                       0.0087439    1.00000      -     -    2s
[2025-01-29 09:51:18,538][gurobipy][INFO] -      0     0    1.00000    0    2    0.00874    1.00000      -     -    3s
[2025-01-29 09:51:20,383][gurobipy][INFO] -      0     0    1.00000    0    1    0.00874    1.00000      -     -    5s
[2025-01-29 09:51:20,780][gurobipy][INFO] -      0     0    1.00000    0    5    0.00874    1.00000      -     -    5s
[2025-01-29 09:51:21,016][gurobipy][INFO] -      0     0    1.00000    0    5    0.00874    1.00000      -     -    5s
[2025-01-29 09:51:21,586][gurobipy][INFO] -      0     0    1.00000    0    3    0.00874    1.00000      -     -    6s
[2025-01-29 09:51:21,836][gurobipy][INFO] -      0     0    1.00000    0    5    0.00874    1.00000      -     -    6s
[2025-01-29 09:51:21,880][gurobipy][INFO] -      0     0    1.00000    0    4    0.00874    1.00000      -     -    6s
[2025-01-29 09:51:22,277][gurobipy][INFO] -      0     0    1.00000    0    2    0.00874    1.00000      -     -    6s
[2025-01-29 09:51:24,586][gurobipy][INFO] -      0     0    1.00000    0   35    0.00874    1.00000      -     -    9s
[2025-01-29 09:51:25,635][gurobipy][INFO] -      0     0    1.00000    0   32    0.00874    1.00000      -     -   10s
[2025-01-29 09:51:31,684][gurobipy][INFO] -      0     0    1.00000    0   32    0.00874    1.00000      -     -   16s
[2025-01-29 09:51:33,213][gurobipy][INFO] - H    0     0                       0.0097362    1.00000      -     -   17s
[2025-01-29 09:51:33,367][gurobipy][INFO] - H    0     0                       0.0187064    1.00000  5246%     -   18s
[2025-01-29 09:51:33,446][gurobipy][INFO] -      0     0    1.00000    0   31    0.01871    1.00000  5246%     -   18s
[2025-01-29 09:51:39,565][gurobipy][INFO] -      0     0    1.00000    0   26    0.01871    1.00000  5246%     -   24s
[2025-01-29 09:51:47,119][gurobipy][INFO] -      0     0    1.00000    0   26    0.01871    1.00000  5246%     -   31s
[2025-01-29 09:51:47,702][gurobipy][INFO] - H    0     0                       0.0647907    1.00000  1443%     -   32s
[2025-01-29 09:52:01,013][gurobipy][INFO] -      0     2    1.00000    0   26    0.06479    1.00000  1443%     -   45s
[2025-01-29 09:52:06,782][gurobipy][INFO] -     25    10    1.00000   12   14    0.06479    1.00000  1443%   356   51s
[2025-01-29 09:52:19,261][gurobipy][INFO] -     41    12    0.91667   14   17    0.06479    1.00000  1443%   553   63s
[2025-01-29 09:52:21,472][gurobipy][INFO] -     53    12    0.90909   15   16    0.06479    0.91664  1315%   531   66s
[2025-01-29 09:52:26,265][gurobipy][INFO] -     65    16    0.90000   16   15    0.06479    0.90904  1303%   461   70s
[2025-01-29 09:52:32,677][gurobipy][INFO] -     77    26    0.89248   17   15    0.06479    0.90000  1289%   493   77s
[2025-01-29 09:52:34,608][gurobipy][INFO] - H   97    28                       0.0718120    0.89240  1143%   501   79s
[2025-01-29 09:52:39,783][gurobipy][INFO] -    117    30    0.86836   19   13    0.07181    0.88143  1127%   426   84s
[2025-01-29 09:52:46,533][gurobipy][INFO] -    141    44    0.85194   20   12    0.07181    0.86691  1107%   395   91s
[2025-01-29 09:52:51,672][gurobipy][INFO] -    206    64    0.79377   22   10    0.07181    0.85188  1086%   319   96s
[2025-01-29 09:53:00,186][gurobipy][INFO] -    270    60    0.71794   24    8    0.07181    0.85188  1086%   284  104s
[2025-01-29 09:53:02,605][gurobipy][INFO] -    321    39    0.64465   25    7    0.07181    0.85188  1086%   274  107s
[2025-01-29 09:53:07,064][gurobipy][INFO] -    370    43    0.57120   26    6    0.07181    0.85188  1086%   272  111s
[2025-01-29 09:53:14,297][gurobipy][INFO] -    466    27    0.43477   28    4    0.07181    0.85188  1086%   281  118s
[2025-01-29 09:53:18,539][gurobipy][INFO] -    513    21    0.18585   28    4    0.07181    0.85188  1086%   282  123s
[2025-01-29 09:53:20,863][gurobipy][INFO] -    558     7 infeasible   30         0.07181    0.85188  1086%   303  125s
[2025-01-29 09:53:21,371][gurobipy][INFO] - 
[2025-01-29 09:53:21,371][gurobipy][INFO] - Cutting planes:
[2025-01-29 09:53:21,371][gurobipy][INFO] -   Cover: 1
[2025-01-29 09:53:21,371][gurobipy][INFO] -   MIR: 6
[2025-01-29 09:53:21,371][gurobipy][INFO] -   RLT: 6
[2025-01-29 09:53:21,377][gurobipy][INFO] - 
[2025-01-29 09:53:21,378][gurobipy][INFO] - Explored 578 nodes (188114 simplex iterations) in 126.03 seconds (228.33 work units)
[2025-01-29 09:53:21,378][gurobipy][INFO] - Thread count was 24 (of 48 available processors)
[2025-01-29 09:53:21,378][gurobipy][INFO] - 
[2025-01-29 09:53:21,378][gurobipy][INFO] - Solution count 7: 0.071812 0.0647907 0.0187064 ... 1.25677e-13
[2025-01-29 09:53:21,378][gurobipy][INFO] - No other solutions better than 0.071812
[2025-01-29 09:53:21,378][gurobipy][INFO] - 
[2025-01-29 09:53:21,378][gurobipy][INFO] - Optimal solution found (tolerance 1.00e-04)
[2025-01-29 09:53:21,380][gurobipy][INFO] - Best objective 7.181199427718e-02, best bound 7.181199427718e-02, gap 0.0000%
[2025-01-29 09:53:21,653][__main__][INFO] - Finished size 47600 (4/5)
[2025-01-29 09:53:52,215][gurobipy][INFO] - Set parameter TimeLimit to value 600
[2025-01-29 09:53:52,288][gurobipy][INFO] - Gurobi Optimizer version 11.0.2 build v11.0.2rc0 (linux64)
[2025-01-29 09:53:52,288][gurobipy][INFO] - 
[2025-01-29 09:53:52,301][gurobipy][INFO] - CPU model: Intel(R) Xeon(R) Gold 6136 CPU @ 3.00GHz, instruction set [SSE2|AVX|AVX2|AVX512]
[2025-01-29 09:53:52,301][gurobipy][INFO] - Thread count: 24 physical cores, 48 logical processors, using up to 24 threads
[2025-01-29 09:53:52,301][gurobipy][INFO] - 
[2025-01-29 09:53:52,301][gurobipy][INFO] - Optimize a model with 315708 rows, 8135 columns and 858074 nonzeros
[2025-01-29 09:53:52,308][gurobipy][INFO] - Model fingerprint: 0xa053b0c1
[2025-01-29 09:53:52,308][gurobipy][INFO] - Variable types: 8096 continuous, 39 integer (39 binary)
[2025-01-29 09:53:52,309][gurobipy][INFO] - Coefficient statistics:
[2025-01-29 09:53:52,309][gurobipy][INFO] -   Matrix range     [1e-05, 2e+00]
[2025-01-29 09:53:52,310][gurobipy][INFO] -   Objective range  [1e+00, 1e+00]
[2025-01-29 09:53:52,310][gurobipy][INFO] -   Bounds range     [1e+00, 1e+00]
[2025-01-29 09:53:52,310][gurobipy][INFO] -   RHS range        [1e+00, 1e+01]
[2025-01-29 09:53:52,405][gurobipy][INFO] - Found heuristic solution: objective 0.0000000
[2025-01-29 09:53:55,980][gurobipy][INFO] - Presolve removed 56657 rows and 1 columns
[2025-01-29 09:53:55,981][gurobipy][INFO] - Presolve time: 3.58s
[2025-01-29 09:53:55,981][gurobipy][INFO] - Presolved: 259051 rows, 8134 columns, 785243 nonzeros
[2025-01-29 09:53:56,190][gurobipy][INFO] - Variable types: 8096 continuous, 38 integer (38 binary)
[2025-01-29 09:53:56,685][gurobipy][INFO] - Root relaxation presolved: 8134 rows, 267185 columns, 793377 nonzeros
[2025-01-29 09:53:56,685][gurobipy][INFO] - 
[2025-01-29 09:53:56,884][gurobipy][INFO] - 
[2025-01-29 09:53:56,884][gurobipy][INFO] - Root relaxation: objective 1.000000e+00, 158 iterations, 0.68 seconds (0.74 work units)
[2025-01-29 09:53:56,976][gurobipy][INFO] - 
[2025-01-29 09:53:56,976][gurobipy][INFO] -     Nodes    |    Current Node    |     Objective Bounds      |     Work
[2025-01-29 09:53:56,976][gurobipy][INFO] -  Expl Unexpl |  Obj  Depth IntInf | Incumbent    BestBd   Gap | It/Node Time
[2025-01-29 09:53:56,976][gurobipy][INFO] - 
[2025-01-29 09:53:56,977][gurobipy][INFO] -      0     0    1.00000    0    7    0.00000    1.00000      -     -    4s
[2025-01-29 09:53:57,061][gurobipy][INFO] - H    0     0                       0.0020627    1.00000      -     -    4s
[2025-01-29 09:53:58,056][gurobipy][INFO] -      0     0    1.00000    0    7    0.00206    1.00000      -     -    5s
[2025-01-29 09:53:58,749][gurobipy][INFO] - H    0     0                       0.0045467    1.00000      -     -    6s
[2025-01-29 09:54:06,124][gurobipy][INFO] -      0     0    1.00000    0   38    0.00455    1.00000      -     -   13s
[2025-01-29 09:54:09,196][gurobipy][INFO] -      0     0    1.00000    0   29    0.00455    1.00000      -     -   16s
[2025-01-29 09:54:17,977][gurobipy][INFO] -      0     0    1.00000    0   27    0.00455    1.00000      -     -   25s
[2025-01-29 09:54:20,239][gurobipy][INFO] - H    0     0                       0.0076953    1.00000      -     -   27s
[2025-01-29 09:54:20,985][gurobipy][INFO] - H    0     0                       0.0190456    1.00000  5151%     -   28s
[2025-01-29 09:54:37,767][gurobipy][INFO] -      0     0    1.00000    0   34    0.01905    1.00000  5151%     -   45s
[2025-01-29 09:54:50,560][gurobipy][INFO] -      0     0    1.00000    0   34    0.01905    1.00000  5151%     -   58s
[2025-01-29 09:54:54,704][gurobipy][INFO] - H    0     0                       0.0597002    1.00000  1575%     -   62s
[2025-01-29 09:54:59,912][gurobipy][INFO] -      0     0    1.00000    0   34    0.05970    1.00000  1575%     -   67s
[2025-01-29 09:55:16,762][gurobipy][INFO] -      0     0    1.00000    0   34    0.05970    1.00000  1575%     -   84s
[2025-01-29 09:55:18,389][gurobipy][INFO] - H    0     0                       0.0680345    1.00000  1370%     -   86s
[2025-01-29 09:55:26,036][gurobipy][INFO] -      0     0    1.00000    0   33    0.06803    1.00000  1370%     -   93s
[2025-01-29 09:55:34,856][gurobipy][INFO] -      0     0    1.00000    0   33    0.06803    1.00000  1370%     -  102s
[2025-01-29 09:55:39,104][gurobipy][INFO] -      0     0    1.00000    0   14    0.06803    1.00000  1370%     -  106s
[2025-01-29 09:55:44,864][gurobipy][INFO] -      0     0    1.00000    0   13    0.06803    1.00000  1370%     -  112s
[2025-01-29 09:55:58,056][gurobipy][INFO] -      0     0    1.00000    0   13    0.06803    1.00000  1370%     -  125s
[2025-01-29 09:56:22,946][gurobipy][INFO] -      0     2    1.00000    0   13    0.06803    1.00000  1370%     -  150s
[2025-01-29 09:56:30,710][gurobipy][INFO] -     15     3    1.00000    8    9    0.06803    1.00000  1370%   230  158s
[2025-01-29 09:57:50,676][gurobipy][INFO] -     20     6    1.00000   10   20    0.06803    1.00000  1370%  1156  238s
[2025-01-29 09:59:10,215][gurobipy][INFO] -     24    12    0.94118   11   23    0.06803    1.00000  1370%  1576  317s
[2025-01-29 09:59:24,417][gurobipy][INFO] -     30    16    0.93750   12   22    0.06803    0.94118  1283%  2267  332s
[2025-01-29 09:59:41,898][gurobipy][INFO] -     42    22    0.93333   13   21    0.06803    0.93750  1278%  1900  349s
[2025-01-29 09:59:57,196][gurobipy][INFO] -     58    30    0.93094   14   20    0.06803    0.93333  1272%  1634  364s
[2025-01-29 10:00:14,836][gurobipy][INFO] -     80    40    0.92649   15   19    0.06803    0.93079  1268%  1417  382s
[2025-01-29 10:00:22,823][gurobipy][INFO] -    104    54    0.92092   16   18    0.06803    0.92627  1261%  1263  390s
[2025-01-29 10:00:34,546][gurobipy][INFO] -    128    72    0.91462   17   17    0.06803    0.92615  1261%  1115  402s
[2025-01-29 10:00:40,740][gurobipy][INFO] -    156   107 infeasible   17         0.06803    0.92065  1253%   999  408s
[2025-01-29 10:00:43,185][gurobipy][INFO] -    199   125    0.90476   19   15    0.06803    0.91457  1244%   824  410s
[2025-01-29 10:00:50,571][gurobipy][INFO] -    304   173 infeasible   20         0.06803    0.91457  1244%   574  418s
[2025-01-29 10:00:53,324][gurobipy][INFO] -    365   214    0.87150   22   12    0.06803    0.91457  1244%   506  421s
[2025-01-29 10:01:01,120][gurobipy][INFO] -    502   192    0.83065   24   10    0.06803    0.91457  1244%   409  428s
[2025-01-29 10:01:38,670][gurobipy][INFO] -    580   189    0.80344   25    9    0.06803    0.91457  1244%   382  466s
[2025-01-29 10:01:43,344][gurobipy][INFO] -    645   212    0.76885   26    8    0.06803    0.91457  1244%   380  471s
[2025-01-29 10:02:01,992][gurobipy][INFO] -    749   205 infeasible   26         0.06803    0.91457  1244%   346  489s
[2025-01-29 10:02:22,715][gurobipy][INFO] -    856   145 infeasible   27         0.06803    0.91457  1244%   327  510s
[2025-01-29 10:02:22,722][gurobipy][INFO] - *  932   145              32       0.0681528    0.91457  1242%   315  510s
[2025-01-29 10:02:34,237][gurobipy][INFO] -   1124    32    0.49750   29    5    0.06815    0.91457  1242%   276  521s
[2025-01-29 10:02:38,158][gurobipy][INFO] -   1189    29    0.32698   30    4    0.06815    0.91457  1242%   279  525s
[2025-01-29 10:02:42,991][gurobipy][INFO] -   1230    20    0.16380   31    3    0.06815    0.91457  1242%   280  530s
[2025-01-29 10:02:50,221][gurobipy][INFO] -   1284    16    0.38826   26    8    0.06815    0.91457  1242%   287  537s
[2025-01-29 10:02:52,806][gurobipy][INFO] -   1301    12    0.36613   27    7    0.06815    0.91457  1242%   288  540s
[2025-01-29 10:02:59,372][gurobipy][INFO] -   1329     4 infeasible   28         0.06815    0.48241   608%   288  547s
[2025-01-29 10:02:59,378][gurobipy][INFO] - * 1338     4              31       0.0770981    0.48235   526%   292  547s
[2025-01-29 10:03:02,771][gurobipy][INFO] -   1373     0 infeasible   25         0.07710    0.47670   518%   292  550s
[2025-01-29 10:03:02,797][gurobipy][INFO] - 
[2025-01-29 10:03:02,797][gurobipy][INFO] - Cutting planes:
[2025-01-29 10:03:02,797][gurobipy][INFO] -   Cover: 2
[2025-01-29 10:03:02,797][gurobipy][INFO] -   MIR: 2
[2025-01-29 10:03:02,815][gurobipy][INFO] - 
[2025-01-29 10:03:02,815][gurobipy][INFO] - Explored 1397 nodes (428218 simplex iterations) in 550.51 seconds (1022.44 work units)
[2025-01-29 10:03:02,815][gurobipy][INFO] - Thread count was 24 (of 48 available processors)
[2025-01-29 10:03:02,815][gurobipy][INFO] - 
[2025-01-29 10:03:02,815][gurobipy][INFO] - Solution count 9: 0.0770981 0.0681528 0.0680345 ... 6.39488e-14
[2025-01-29 10:03:02,815][gurobipy][INFO] - No other solutions better than 0.0770981
[2025-01-29 10:03:02,815][gurobipy][INFO] - 
[2025-01-29 10:03:02,815][gurobipy][INFO] - Optimal solution found (tolerance 1.00e-04)
[2025-01-29 10:03:02,818][gurobipy][INFO] - Best objective 7.709806150814e-02, best bound 7.709806150814e-02, gap 0.0000%
[2025-01-29 10:03:03,379][__main__][INFO] - Finished size 172508 (5/5)
