[2025-01-29 13:09:31,320][__main__][INFO] - In total, there are 1229 possible subgroups
[2025-01-29 13:09:31,349][__main__][INFO] - [0], []
[2025-01-29 13:09:31,546][__main__][INFO] - [1], []
[2025-01-29 13:09:31,785][__main__][INFO] - [2], []
[2025-01-29 13:09:32,009][__main__][INFO] - [3], []
[2025-01-29 13:09:32,188][__main__][INFO] - [4], []
[2025-01-29 13:09:32,409][__main__][INFO] - [5], []
[2025-01-29 13:09:32,603][__main__][INFO] - [6], []
[2025-01-29 13:09:32,687][__main__][INFO] - [7], []
[2025-01-29 13:09:32,723][__main__][INFO] - [8], []
[2025-01-29 13:09:32,744][__main__][INFO] - [9], []
[2025-01-29 13:09:32,762][__main__][INFO] - [10], []
[2025-01-29 13:09:33,670][__main__][INFO] - [11], []
[2025-01-29 13:09:33,709][__main__][INFO] - [12], []
[2025-01-29 13:09:33,868][__main__][INFO] - [13], []
[2025-01-29 13:09:33,890][__main__][INFO] - [14], []
[2025-01-29 13:09:33,910][__main__][INFO] - [15], []
[2025-01-29 13:09:34,097][__main__][INFO] - [16], []
[2025-01-29 13:09:34,690][__main__][INFO] - [], [16]
[2025-01-29 13:09:35,349][__main__][INFO] - [17], []
[2025-01-29 13:09:35,487][__main__][INFO] - [18], []
[2025-01-29 13:09:36,265][__main__][INFO] - [19], []
[2025-01-29 13:09:36,319][__main__][INFO] - [20], []
[2025-01-29 13:09:36,374][__main__][INFO] - [21], []
[2025-01-29 13:09:36,396][__main__][INFO] - [22], []
[2025-01-29 13:09:36,415][__main__][INFO] - [23], []
[2025-01-29 13:09:36,609][__main__][INFO] - [24], []
[2025-01-29 13:09:36,627][__main__][INFO] - [25], []
[2025-01-29 13:09:36,677][__main__][INFO] - [0, 10], []
[2025-01-29 13:09:36,838][__main__][INFO] - [0, 11], []
[2025-01-29 13:09:36,860][__main__][INFO] - [0, 12], []
[2025-01-29 13:09:36,886][__main__][INFO] - [0, 13], []
[2025-01-29 13:09:36,906][__main__][INFO] - [0, 14], []
[2025-01-29 13:09:36,926][__main__][INFO] - [0, 15], []
[2025-01-29 13:09:36,955][__main__][INFO] - [0, 16], []
[2025-01-29 13:09:37,047][__main__][INFO] - [0], [16]
[2025-01-29 13:09:37,146][__main__][INFO] - [0, 17], []
[2025-01-29 13:09:37,187][__main__][INFO] - [0, 18], []
[2025-01-29 13:09:37,301][__main__][INFO] - [0, 19], []
[2025-01-29 13:09:37,329][__main__][INFO] - [0, 20], []
[2025-01-29 13:09:37,355][__main__][INFO] - [0, 21], []
[2025-01-29 13:09:37,375][__main__][INFO] - [0, 22], []
[2025-01-29 13:09:37,398][__main__][INFO] - [0, 23], []
[2025-01-29 13:09:37,433][__main__][INFO] - [0, 24], []
[2025-01-29 13:09:37,483][__main__][INFO] - [1, 10], []
[2025-01-29 13:09:37,677][__main__][INFO] - [1, 11], []
[2025-01-29 13:09:37,703][__main__][INFO] - [1, 12], []
[2025-01-29 13:09:37,740][__main__][INFO] - [1, 13], []
[2025-01-29 13:09:37,760][__main__][INFO] - [1, 14], []
[2025-01-29 13:09:37,781][__main__][INFO] - [1, 15], []
[2025-01-29 13:09:37,820][__main__][INFO] - [1, 16], []
[2025-01-29 13:09:37,936][__main__][INFO] - [1], [16]
[2025-01-29 13:09:38,063][__main__][INFO] - [1, 17], []
[2025-01-29 13:09:38,108][__main__][INFO] - [1, 18], []
[2025-01-29 13:09:38,251][__main__][INFO] - [1, 19], []
[2025-01-29 13:09:38,279][__main__][INFO] - [1, 20], []
[2025-01-29 13:09:38,306][__main__][INFO] - [1, 21], []
[2025-01-29 13:09:38,327][__main__][INFO] - [1, 22], []
[2025-01-29 13:09:38,347][__main__][INFO] - [1, 23], []
[2025-01-29 13:09:38,395][__main__][INFO] - [1, 24], []
[2025-01-29 13:09:38,443][__main__][INFO] - [2, 10], []
[2025-01-29 13:09:38,604][__main__][INFO] - [2, 11], []
[2025-01-29 13:09:38,628][__main__][INFO] - [2, 12], []
[2025-01-29 13:09:38,673][__main__][INFO] - [2, 13], []
[2025-01-29 13:09:38,694][__main__][INFO] - [2, 14], []
[2025-01-29 13:09:38,714][__main__][INFO] - [2, 15], []
[2025-01-29 13:09:38,765][__main__][INFO] - [2, 16], []
[2025-01-29 13:09:38,872][__main__][INFO] - [2], [16]
[2025-01-29 13:09:38,994][__main__][INFO] - [2, 17], []
[2025-01-29 13:09:39,035][__main__][INFO] - [2, 18], []
[2025-01-29 13:09:39,173][__main__][INFO] - [2, 19], []
[2025-01-29 13:09:39,199][__main__][INFO] - [2, 20], []
[2025-01-29 13:09:39,225][__main__][INFO] - [2, 21], []
[2025-01-29 13:09:39,246][__main__][INFO] - [2, 22], []
[2025-01-29 13:09:39,266][__main__][INFO] - [2, 23], []
[2025-01-29 13:09:39,317][__main__][INFO] - [2, 24], []
[2025-01-29 13:09:39,366][__main__][INFO] - [3, 10], []
[2025-01-29 13:09:39,474][__main__][INFO] - [3, 11], []
[2025-01-29 13:09:39,498][__main__][INFO] - [3, 12], []
[2025-01-29 13:09:39,542][__main__][INFO] - [3, 13], []
[2025-01-29 13:09:39,563][__main__][INFO] - [3, 14], []
[2025-01-29 13:09:39,583][__main__][INFO] - [3, 15], []
[2025-01-29 13:09:39,634][__main__][INFO] - [3, 16], []
[2025-01-29 13:09:39,724][__main__][INFO] - [3], [16]
[2025-01-29 13:09:39,821][__main__][INFO] - [3, 17], []
[2025-01-29 13:09:39,856][__main__][INFO] - [3, 18], []
[2025-01-29 13:09:39,965][__main__][INFO] - [3, 19], []
[2025-01-29 13:09:39,989][__main__][INFO] - [3, 20], []
[2025-01-29 13:09:40,014][__main__][INFO] - [3, 21], []
[2025-01-29 13:09:40,034][__main__][INFO] - [3, 22], []
[2025-01-29 13:09:40,054][__main__][INFO] - [3, 23], []
[2025-01-29 13:09:40,100][__main__][INFO] - [3, 24], []
[2025-01-29 13:09:40,148][__main__][INFO] - [4, 10], []
[2025-01-29 13:09:40,284][__main__][INFO] - [4, 11], []
[2025-01-29 13:09:40,308][__main__][INFO] - [4, 12], []
[2025-01-29 13:09:40,356][__main__][INFO] - [4, 13], []
[2025-01-29 13:09:40,378][__main__][INFO] - [4, 14], []
[2025-01-29 13:09:40,399][__main__][INFO] - [4, 15], []
[2025-01-29 13:09:40,458][__main__][INFO] - [4, 16], []
[2025-01-29 13:09:40,566][__main__][INFO] - [4], [16]
[2025-01-29 13:09:40,685][__main__][INFO] - [4, 17], []
[2025-01-29 13:09:40,723][__main__][INFO] - [4, 18], []
[2025-01-29 13:09:40,866][__main__][INFO] - [4, 19], []
[2025-01-29 13:09:40,890][__main__][INFO] - [4, 20], []
[2025-01-29 13:09:40,916][__main__][INFO] - [4, 21], []
[2025-01-29 13:09:40,937][__main__][INFO] - [4, 22], []
[2025-01-29 13:09:40,957][__main__][INFO] - [4, 23], []
[2025-01-29 13:09:41,006][__main__][INFO] - [4, 24], []
[2025-01-29 13:09:41,055][__main__][INFO] - [5, 10], []
[2025-01-29 13:09:41,185][__main__][INFO] - [5, 11], []
[2025-01-29 13:09:41,209][__main__][INFO] - [5, 12], []
[2025-01-29 13:09:41,253][__main__][INFO] - [5, 13], []
[2025-01-29 13:09:41,273][__main__][INFO] - [5, 14], []
[2025-01-29 13:09:41,294][__main__][INFO] - [5, 15], []
[2025-01-29 13:09:41,338][__main__][INFO] - [5, 16], []
[2025-01-29 13:09:41,436][__main__][INFO] - [5], [16]
[2025-01-29 13:09:41,540][__main__][INFO] - [5, 17], []
[2025-01-29 13:09:41,570][__main__][INFO] - [5, 18], []
[2025-01-29 13:09:41,708][__main__][INFO] - [5, 19], []
[2025-01-29 13:09:41,731][__main__][INFO] - [5, 20], []
[2025-01-29 13:09:41,756][__main__][INFO] - [5, 21], []
[2025-01-29 13:09:41,777][__main__][INFO] - [5, 22], []
[2025-01-29 13:09:41,797][__main__][INFO] - [5, 23], []
[2025-01-29 13:09:41,840][__main__][INFO] - [5, 24], []
[2025-01-29 13:09:41,889][__main__][INFO] - [6, 10], []
[2025-01-29 13:09:41,953][__main__][INFO] - [6, 11], []
[2025-01-29 13:09:41,975][__main__][INFO] - [6, 12], []
[2025-01-29 13:09:42,003][__main__][INFO] - [6, 13], []
[2025-01-29 13:09:42,023][__main__][INFO] - [6, 14], []
[2025-01-29 13:09:42,043][__main__][INFO] - [6, 15], []
[2025-01-29 13:09:42,069][__main__][INFO] - [6, 16], []
[2025-01-29 13:09:42,117][__main__][INFO] - [6], [16]
[2025-01-29 13:09:42,169][__main__][INFO] - [6, 17], []
[2025-01-29 13:09:42,192][__main__][INFO] - [6, 18], []
[2025-01-29 13:09:42,259][__main__][INFO] - [6, 19], []
[2025-01-29 13:09:42,280][__main__][INFO] - [6, 20], []
[2025-01-29 13:09:42,301][__main__][INFO] - [6, 21], []
[2025-01-29 13:09:42,322][__main__][INFO] - [6, 22], []
[2025-01-29 13:09:42,342][__main__][INFO] - [6, 23], []
[2025-01-29 13:09:42,369][__main__][INFO] - [6, 24], []
[2025-01-29 13:09:42,418][__main__][INFO] - [7, 10], []
[2025-01-29 13:09:42,452][__main__][INFO] - [7, 11], []
[2025-01-29 13:09:42,472][__main__][INFO] - [7, 12], []
[2025-01-29 13:09:42,511][__main__][INFO] - [7, 13], []
[2025-01-29 13:09:42,543][__main__][INFO] - [7, 14], []
[2025-01-29 13:09:42,573][__main__][INFO] - [7, 15], []
[2025-01-29 13:09:42,605][__main__][INFO] - [7, 16], []
[2025-01-29 13:09:42,646][__main__][INFO] - [7], [16]
[2025-01-29 13:09:42,698][__main__][INFO] - [7, 17], []
[2025-01-29 13:09:42,730][__main__][INFO] - [7, 18], []
[2025-01-29 13:09:42,786][__main__][INFO] - [7, 19], []
[2025-01-29 13:09:42,816][__main__][INFO] - [7, 20], []
[2025-01-29 13:09:42,848][__main__][INFO] - [7, 21], []
[2025-01-29 13:09:42,907][__main__][INFO] - [7, 23], []
[2025-01-29 13:09:43,029][__main__][INFO] - [8, 10], []
[2025-01-29 13:09:43,064][__main__][INFO] - [8, 11], []
[2025-01-29 13:09:43,097][__main__][INFO] - [8, 12], []
[2025-01-29 13:09:43,191][__main__][INFO] - [8, 15], []
[2025-01-29 13:09:43,224][__main__][INFO] - [8, 16], []
[2025-01-29 13:09:43,257][__main__][INFO] - [8], [16]
[2025-01-29 13:09:43,290][__main__][INFO] - [8, 17], []
[2025-01-29 13:09:43,320][__main__][INFO] - [8, 18], []
[2025-01-29 13:09:43,356][__main__][INFO] - [8, 19], []
[2025-01-29 13:09:43,387][__main__][INFO] - [8, 20], []
[2025-01-29 13:09:43,471][__main__][INFO] - [8, 23], []
[2025-01-29 13:09:43,581][__main__][INFO] - [9, 10], []
[2025-01-29 13:09:43,639][__main__][INFO] - [9, 12], []
[2025-01-29 13:09:43,759][__main__][INFO] - [9, 16], []
[2025-01-29 13:09:43,789][__main__][INFO] - [9], [16]
[2025-01-29 13:09:43,827][__main__][INFO] - [9, 18], []
[2025-01-29 13:09:43,906][__main__][INFO] - [9, 23], []
[2025-01-29 13:09:43,970][__main__][INFO] - [10, 16], []
[2025-01-29 13:09:44,378][__main__][INFO] - [10], [16]
[2025-01-29 13:09:44,819][__main__][INFO] - [10, 17], []
[2025-01-29 13:09:44,895][__main__][INFO] - [10, 18], []
[2025-01-29 13:09:45,532][__main__][INFO] - [10, 19], []
[2025-01-29 13:09:45,591][__main__][INFO] - [10, 20], []
[2025-01-29 13:09:45,644][__main__][INFO] - [10, 21], []
[2025-01-29 13:09:45,667][__main__][INFO] - [10, 22], []
[2025-01-29 13:09:45,689][__main__][INFO] - [10, 23], []
[2025-01-29 13:09:45,750][__main__][INFO] - [10, 24], []
[2025-01-29 13:09:45,771][__main__][INFO] - [10, 25], []
[2025-01-29 13:09:45,806][__main__][INFO] - [11, 16], []
[2025-01-29 13:09:45,834][__main__][INFO] - [11], [16]
[2025-01-29 13:09:45,865][__main__][INFO] - [11, 17], []
[2025-01-29 13:09:45,885][__main__][INFO] - [11, 18], []
[2025-01-29 13:09:45,925][__main__][INFO] - [11, 19], []
[2025-01-29 13:09:45,945][__main__][INFO] - [11, 20], []
[2025-01-29 13:09:45,994][__main__][INFO] - [11, 23], []
[2025-01-29 13:09:46,058][__main__][INFO] - [12, 16], []
[2025-01-29 13:09:46,145][__main__][INFO] - [12], [16]
[2025-01-29 13:09:46,231][__main__][INFO] - [12, 17], []
[2025-01-29 13:09:46,251][__main__][INFO] - [12, 18], []
[2025-01-29 13:09:46,279][__main__][INFO] - [12, 19], []
[2025-01-29 13:09:46,301][__main__][INFO] - [12, 20], []
[2025-01-29 13:09:46,350][__main__][INFO] - [12, 23], []
[2025-01-29 13:09:46,534][__main__][INFO] - [13, 16], []
[2025-01-29 13:09:46,556][__main__][INFO] - [13], [16]
[2025-01-29 13:09:46,578][__main__][INFO] - [13, 17], []
[2025-01-29 13:09:46,598][__main__][INFO] - [13, 18], []
[2025-01-29 13:09:46,619][__main__][INFO] - [13, 19], []
[2025-01-29 13:09:46,638][__main__][INFO] - [13, 20], []
[2025-01-29 13:09:46,689][__main__][INFO] - [13, 23], []
[2025-01-29 13:09:46,753][__main__][INFO] - [14, 16], []
[2025-01-29 13:09:46,774][__main__][INFO] - [14], [16]
[2025-01-29 13:09:46,809][__main__][INFO] - [14, 18], []
[2025-01-29 13:09:46,829][__main__][INFO] - [14, 19], []
[2025-01-29 13:09:46,878][__main__][INFO] - [14, 22], []
[2025-01-29 13:09:46,898][__main__][INFO] - [14, 23], []
[2025-01-29 13:09:46,962][__main__][INFO] - [15, 16], []
[2025-01-29 13:09:47,048][__main__][INFO] - [15], [16]
[2025-01-29 13:09:47,156][__main__][INFO] - [15, 17], []
[2025-01-29 13:09:47,233][__main__][INFO] - [15, 18], []
[2025-01-29 13:09:47,339][__main__][INFO] - [15, 19], []
[2025-01-29 13:09:47,361][__main__][INFO] - [15, 20], []
[2025-01-29 13:09:47,382][__main__][INFO] - [15, 21], []
[2025-01-29 13:09:47,402][__main__][INFO] - [15, 22], []
[2025-01-29 13:09:47,422][__main__][INFO] - [15, 23], []
[2025-01-29 13:09:47,442][__main__][INFO] - [15, 24], []
[2025-01-29 13:09:47,492][__main__][INFO] - [16, 17], []
[2025-01-29 13:09:47,559][__main__][INFO] - [16, 18], []
[2025-01-29 13:09:47,904][__main__][INFO] - [16, 19], []
[2025-01-29 13:09:47,940][__main__][INFO] - [16, 20], []
[2025-01-29 13:09:47,977][__main__][INFO] - [16, 21], []
[2025-01-29 13:09:47,999][__main__][INFO] - [16, 22], []
[2025-01-29 13:09:48,020][__main__][INFO] - [16, 23], []
[2025-01-29 13:09:48,119][__main__][INFO] - [16, 24], []
[2025-01-29 13:09:48,169][__main__][INFO] - [17], [16]
[2025-01-29 13:09:48,249][__main__][INFO] - [18], [16]
[2025-01-29 13:09:48,646][__main__][INFO] - [19], [16]
[2025-01-29 13:09:48,682][__main__][INFO] - [20], [16]
[2025-01-29 13:09:48,718][__main__][INFO] - [21], [16]
[2025-01-29 13:09:48,739][__main__][INFO] - [22], [16]
[2025-01-29 13:09:48,760][__main__][INFO] - [23], [16]
[2025-01-29 13:09:48,856][__main__][INFO] - [24], [16]
[2025-01-29 13:09:48,934][__main__][INFO] - [0, 10, 16], []
[2025-01-29 13:09:49,023][__main__][INFO] - [0, 10], [16]
[2025-01-29 13:09:49,112][__main__][INFO] - [0, 10, 17], []
[2025-01-29 13:09:49,151][__main__][INFO] - [0, 10, 18], []
[2025-01-29 13:09:49,256][__main__][INFO] - [0, 10, 19], []
[2025-01-29 13:09:49,287][__main__][INFO] - [0, 10, 20], []
[2025-01-29 13:09:49,314][__main__][INFO] - [0, 10, 21], []
[2025-01-29 13:09:49,338][__main__][INFO] - [0, 10, 22], []
[2025-01-29 13:09:49,360][__main__][INFO] - [0, 10, 23], []
[2025-01-29 13:09:49,392][__main__][INFO] - [0, 10, 24], []
[2025-01-29 13:09:49,445][__main__][INFO] - [0, 11, 16], []
[2025-01-29 13:09:49,468][__main__][INFO] - [0, 11], [16]
[2025-01-29 13:09:49,506][__main__][INFO] - [0, 11, 18], []
[2025-01-29 13:09:49,530][__main__][INFO] - [0, 11, 19], []
[2025-01-29 13:09:49,597][__main__][INFO] - [0, 11, 23], []
[2025-01-29 13:09:49,664][__main__][INFO] - [0, 12, 16], []
[2025-01-29 13:09:49,690][__main__][INFO] - [0, 12], [16]
[2025-01-29 13:09:49,730][__main__][INFO] - [0, 12, 18], []
[2025-01-29 13:09:49,753][__main__][INFO] - [0, 12, 19], []
[2025-01-29 13:09:49,820][__main__][INFO] - [0, 12, 23], []
[2025-01-29 13:09:49,892][__main__][INFO] - [0, 13, 16], []
[2025-01-29 13:09:49,915][__main__][INFO] - [0, 13], [16]
[2025-01-29 13:09:49,952][__main__][INFO] - [0, 13, 18], []
[2025-01-29 13:09:49,989][__main__][INFO] - [0, 13, 20], []
[2025-01-29 13:09:50,101][__main__][INFO] - [0, 14, 16], []
[2025-01-29 13:09:50,122][__main__][INFO] - [0, 14], [16]
[2025-01-29 13:09:50,160][__main__][INFO] - [0, 14, 18], []
[2025-01-29 13:09:50,226][__main__][INFO] - [0, 14, 22], []
[2025-01-29 13:09:50,308][__main__][INFO] - [0, 15, 16], []
[2025-01-29 13:09:50,333][__main__][INFO] - [0, 15], [16]
[2025-01-29 13:09:50,360][__main__][INFO] - [0, 15, 17], []
[2025-01-29 13:09:50,385][__main__][INFO] - [0, 15, 18], []
[2025-01-29 13:09:50,411][__main__][INFO] - [0, 15, 19], []
[2025-01-29 13:09:50,434][__main__][INFO] - [0, 15, 20], []
[2025-01-29 13:09:50,456][__main__][INFO] - [0, 15, 21], []
[2025-01-29 13:09:50,493][__main__][INFO] - [0, 15, 23], []
[2025-01-29 13:09:50,560][__main__][INFO] - [0, 16, 17], []
[2025-01-29 13:09:50,591][__main__][INFO] - [0, 16, 18], []
[2025-01-29 13:09:50,655][__main__][INFO] - [0, 16, 19], []
[2025-01-29 13:09:50,682][__main__][INFO] - [0, 16, 20], []
[2025-01-29 13:09:50,706][__main__][INFO] - [0, 16, 21], []
[2025-01-29 13:09:50,729][__main__][INFO] - [0, 16, 22], []
[2025-01-29 13:09:50,750][__main__][INFO] - [0, 16, 23], []
[2025-01-29 13:09:50,780][__main__][INFO] - [0, 16, 24], []
[2025-01-29 13:09:50,831][__main__][INFO] - [0, 17], [16]
[2025-01-29 13:09:50,863][__main__][INFO] - [0, 18], [16]
[2025-01-29 13:09:50,928][__main__][INFO] - [0, 19], [16]
[2025-01-29 13:09:50,954][__main__][INFO] - [0, 20], [16]
[2025-01-29 13:09:50,979][__main__][INFO] - [0, 21], [16]
[2025-01-29 13:09:51,001][__main__][INFO] - [0, 22], [16]
[2025-01-29 13:09:51,024][__main__][INFO] - [0, 23], [16]
[2025-01-29 13:09:51,053][__main__][INFO] - [0, 24], [16]
[2025-01-29 13:09:51,120][__main__][INFO] - [1, 10, 16], []
[2025-01-29 13:09:51,218][__main__][INFO] - [1, 10], [16]
[2025-01-29 13:09:51,323][__main__][INFO] - [1, 10, 17], []
[2025-01-29 13:09:51,363][__main__][INFO] - [1, 10, 18], []
[2025-01-29 13:09:51,490][__main__][INFO] - [1, 10, 19], []
[2025-01-29 13:09:51,520][__main__][INFO] - [1, 10, 20], []
[2025-01-29 13:09:51,549][__main__][INFO] - [1, 10, 21], []
[2025-01-29 13:09:51,573][__main__][INFO] - [1, 10, 22], []
[2025-01-29 13:09:51,596][__main__][INFO] - [1, 10, 23], []
[2025-01-29 13:09:51,631][__main__][INFO] - [1, 10, 24], []
[2025-01-29 13:09:51,683][__main__][INFO] - [1, 11, 16], []
[2025-01-29 13:09:51,707][__main__][INFO] - [1, 11], [16]
[2025-01-29 13:09:51,746][__main__][INFO] - [1, 11, 18], []
[2025-01-29 13:09:51,772][__main__][INFO] - [1, 11, 19], []
[2025-01-29 13:09:51,795][__main__][INFO] - [1, 11, 20], []
[2025-01-29 13:09:51,847][__main__][INFO] - [1, 11, 23], []
[2025-01-29 13:09:51,914][__main__][INFO] - [1, 12, 16], []
[2025-01-29 13:09:51,944][__main__][INFO] - [1, 12], [16]
[2025-01-29 13:09:51,989][__main__][INFO] - [1, 12, 18], []
[2025-01-29 13:09:52,013][__main__][INFO] - [1, 12, 19], []
[2025-01-29 13:09:52,081][__main__][INFO] - [1, 12, 23], []
[2025-01-29 13:09:52,161][__main__][INFO] - [1, 13, 16], []
[2025-01-29 13:09:52,184][__main__][INFO] - [1, 13], [16]
[2025-01-29 13:09:52,222][__main__][INFO] - [1, 13, 18], []
[2025-01-29 13:09:52,259][__main__][INFO] - [1, 13, 20], []
[2025-01-29 13:09:52,371][__main__][INFO] - [1, 14, 16], []
[2025-01-29 13:09:52,394][__main__][INFO] - [1, 14], [16]
[2025-01-29 13:09:52,431][__main__][INFO] - [1, 14, 18], []
[2025-01-29 13:09:52,498][__main__][INFO] - [1, 14, 22], []
[2025-01-29 13:09:52,521][__main__][INFO] - [1, 14, 23], []
[2025-01-29 13:09:52,588][__main__][INFO] - [1, 15, 16], []
[2025-01-29 13:09:52,618][__main__][INFO] - [1, 15], [16]
[2025-01-29 13:09:52,652][__main__][INFO] - [1, 15, 17], []
[2025-01-29 13:09:52,681][__main__][INFO] - [1, 15, 18], []
[2025-01-29 13:09:52,713][__main__][INFO] - [1, 15, 19], []
[2025-01-29 13:09:52,735][__main__][INFO] - [1, 15, 20], []
[2025-01-29 13:09:52,758][__main__][INFO] - [1, 15, 21], []
[2025-01-29 13:09:52,796][__main__][INFO] - [1, 15, 23], []
[2025-01-29 13:09:52,818][__main__][INFO] - [1, 15, 24], []
[2025-01-29 13:09:52,871][__main__][INFO] - [1, 16, 17], []
[2025-01-29 13:09:52,903][__main__][INFO] - [1, 16, 18], []
[2025-01-29 13:09:52,979][__main__][INFO] - [1, 16, 19], []
[2025-01-29 13:09:53,005][__main__][INFO] - [1, 16, 20], []
[2025-01-29 13:09:53,030][__main__][INFO] - [1, 16, 21], []
[2025-01-29 13:09:53,053][__main__][INFO] - [1, 16, 22], []
[2025-01-29 13:09:53,075][__main__][INFO] - [1, 16, 23], []
[2025-01-29 13:09:53,110][__main__][INFO] - [1, 16, 24], []
[2025-01-29 13:09:53,163][__main__][INFO] - [1, 17], [16]
[2025-01-29 13:09:53,198][__main__][INFO] - [1, 18], [16]
[2025-01-29 13:09:53,281][__main__][INFO] - [1, 19], [16]
[2025-01-29 13:09:53,307][__main__][INFO] - [1, 20], [16]
[2025-01-29 13:09:53,333][__main__][INFO] - [1, 21], [16]
[2025-01-29 13:09:53,355][__main__][INFO] - [1, 22], [16]
[2025-01-29 13:09:53,378][__main__][INFO] - [1, 23], [16]
[2025-01-29 13:09:53,413][__main__][INFO] - [1, 24], [16]
[2025-01-29 13:09:53,487][__main__][INFO] - [2, 10, 16], []
[2025-01-29 13:09:53,568][__main__][INFO] - [2, 10], [16]
[2025-01-29 13:09:53,656][__main__][INFO] - [2, 10, 17], []
[2025-01-29 13:09:53,688][__main__][INFO] - [2, 10, 18], []
[2025-01-29 13:09:53,802][__main__][INFO] - [2, 10, 19], []
[2025-01-29 13:09:53,830][__main__][INFO] - [2, 10, 20], []
[2025-01-29 13:09:53,857][__main__][INFO] - [2, 10, 21], []
[2025-01-29 13:09:53,881][__main__][INFO] - [2, 10, 22], []
[2025-01-29 13:09:53,904][__main__][INFO] - [2, 10, 23], []
[2025-01-29 13:09:53,936][__main__][INFO] - [2, 10, 24], []
[2025-01-29 13:09:53,997][__main__][INFO] - [2, 11, 16], []
[2025-01-29 13:09:54,035][__main__][INFO] - [2, 11], [16]
[2025-01-29 13:09:54,101][__main__][INFO] - [2, 11, 18], []
[2025-01-29 13:09:54,140][__main__][INFO] - [2, 11, 19], []
[2025-01-29 13:09:54,260][__main__][INFO] - [2, 11, 23], []
[2025-01-29 13:09:54,371][__main__][INFO] - [2, 12, 16], []
[2025-01-29 13:09:54,423][__main__][INFO] - [2, 12], [16]
[2025-01-29 13:09:54,507][__main__][INFO] - [2, 12, 18], []
[2025-01-29 13:09:54,544][__main__][INFO] - [2, 12, 19], []
[2025-01-29 13:09:54,669][__main__][INFO] - [2, 12, 23], []
[2025-01-29 13:09:54,816][__main__][INFO] - [2, 13, 16], []
[2025-01-29 13:09:54,850][__main__][INFO] - [2, 13], [16]
[2025-01-29 13:09:54,909][__main__][INFO] - [2, 13, 18], []
[2025-01-29 13:09:54,971][__main__][INFO] - [2, 13, 20], []
[2025-01-29 13:09:55,058][__main__][INFO] - [2, 13, 23], []
[2025-01-29 13:09:55,174][__main__][INFO] - [2, 14, 16], []
[2025-01-29 13:09:55,214][__main__][INFO] - [2, 14], [16]
[2025-01-29 13:09:55,274][__main__][INFO] - [2, 14, 18], []
[2025-01-29 13:09:55,381][__main__][INFO] - [2, 14, 22], []
[2025-01-29 13:09:55,417][__main__][INFO] - [2, 14, 23], []
[2025-01-29 13:09:55,535][__main__][INFO] - [2, 15, 16], []
[2025-01-29 13:09:55,586][__main__][INFO] - [2, 15], [16]
[2025-01-29 13:09:55,648][__main__][INFO] - [2, 15, 17], []
[2025-01-29 13:09:55,703][__main__][INFO] - [2, 15, 18], []
[2025-01-29 13:09:55,760][__main__][INFO] - [2, 15, 19], []
[2025-01-29 13:09:55,792][__main__][INFO] - [2, 15, 20], []
[2025-01-29 13:09:55,826][__main__][INFO] - [2, 15, 21], []
[2025-01-29 13:09:55,884][__main__][INFO] - [2, 15, 23], []
[2025-01-29 13:09:55,918][__main__][INFO] - [2, 15, 24], []
[2025-01-29 13:09:56,010][__main__][INFO] - [2, 16, 17], []
[2025-01-29 13:09:56,058][__main__][INFO] - [2, 16, 18], []
[2025-01-29 13:09:56,172][__main__][INFO] - [2, 16, 19], []
[2025-01-29 13:09:56,216][__main__][INFO] - [2, 16, 20], []
[2025-01-29 13:09:56,253][__main__][INFO] - [2, 16, 21], []
[2025-01-29 13:09:56,288][__main__][INFO] - [2, 16, 22], []
[2025-01-29 13:09:56,322][__main__][INFO] - [2, 16, 23], []
[2025-01-29 13:09:56,378][__main__][INFO] - [2, 16, 24], []
[2025-01-29 13:09:56,462][__main__][INFO] - [2, 17], [16]
[2025-01-29 13:09:56,516][__main__][INFO] - [2, 18], [16]
[2025-01-29 13:09:56,647][__main__][INFO] - [2, 19], [16]
[2025-01-29 13:09:56,694][__main__][INFO] - [2, 20], [16]
[2025-01-29 13:09:56,731][__main__][INFO] - [2, 21], [16]
[2025-01-29 13:09:56,766][__main__][INFO] - [2, 22], [16]
[2025-01-29 13:09:56,798][__main__][INFO] - [2, 23], [16]
[2025-01-29 13:09:56,853][__main__][INFO] - [2, 24], [16]
[2025-01-29 13:09:56,964][__main__][INFO] - [3, 10, 16], []
[2025-01-29 13:09:57,062][__main__][INFO] - [3, 10], [16]
[2025-01-29 13:09:57,164][__main__][INFO] - [3, 10, 17], []
[2025-01-29 13:09:57,206][__main__][INFO] - [3, 10, 18], []
[2025-01-29 13:09:57,344][__main__][INFO] - [3, 10, 19], []
[2025-01-29 13:09:57,382][__main__][INFO] - [3, 10, 20], []
[2025-01-29 13:09:57,423][__main__][INFO] - [3, 10, 21], []
[2025-01-29 13:09:57,457][__main__][INFO] - [3, 10, 22], []
[2025-01-29 13:09:57,501][__main__][INFO] - [3, 10, 23], []
[2025-01-29 13:09:57,539][__main__][INFO] - [3, 10, 24], []
[2025-01-29 13:09:57,625][__main__][INFO] - [3, 11, 16], []
[2025-01-29 13:09:57,665][__main__][INFO] - [3, 11], [16]
[2025-01-29 13:09:57,735][__main__][INFO] - [3, 11, 18], []
[2025-01-29 13:09:57,773][__main__][INFO] - [3, 11, 19], []
[2025-01-29 13:09:57,886][__main__][INFO] - [3, 11, 23], []
[2025-01-29 13:09:58,002][__main__][INFO] - [3, 12, 16], []
[2025-01-29 13:09:58,053][__main__][INFO] - [3, 12], [16]
[2025-01-29 13:09:58,131][__main__][INFO] - [3, 12, 18], []
[2025-01-29 13:09:58,172][__main__][INFO] - [3, 12, 19], []
[2025-01-29 13:09:58,289][__main__][INFO] - [3, 12, 23], []
[2025-01-29 13:09:58,432][__main__][INFO] - [3, 13, 16], []
[2025-01-29 13:09:58,465][__main__][INFO] - [3, 13], [16]
[2025-01-29 13:09:58,530][__main__][INFO] - [3, 13, 18], []
[2025-01-29 13:09:58,590][__main__][INFO] - [3, 13, 20], []
[2025-01-29 13:09:58,698][__main__][INFO] - [3, 13, 23], []
[2025-01-29 13:09:58,807][__main__][INFO] - [3, 14, 16], []
[2025-01-29 13:09:58,841][__main__][INFO] - [3, 14], [16]
[2025-01-29 13:09:58,901][__main__][INFO] - [3, 14, 18], []
[2025-01-29 13:09:58,935][__main__][INFO] - [3, 14, 19], []
[2025-01-29 13:09:59,031][__main__][INFO] - [3, 14, 22], []
[2025-01-29 13:09:59,064][__main__][INFO] - [3, 14, 23], []
[2025-01-29 13:09:59,184][__main__][INFO] - [3, 15, 16], []
[2025-01-29 13:09:59,240][__main__][INFO] - [3, 15], [16]
[2025-01-29 13:09:59,300][__main__][INFO] - [3, 15, 17], []
[2025-01-29 13:09:59,350][__main__][INFO] - [3, 15, 18], []
[2025-01-29 13:09:59,411][__main__][INFO] - [3, 15, 19], []
[2025-01-29 13:09:59,446][__main__][INFO] - [3, 15, 20], []
[2025-01-29 13:09:59,481][__main__][INFO] - [3, 15, 21], []
[2025-01-29 13:09:59,543][__main__][INFO] - [3, 15, 23], []
[2025-01-29 13:09:59,576][__main__][INFO] - [3, 15, 24], []
[2025-01-29 13:09:59,665][__main__][INFO] - [3, 16, 17], []
[2025-01-29 13:09:59,715][__main__][INFO] - [3, 16, 18], []
[2025-01-29 13:09:59,806][__main__][INFO] - [3, 16, 19], []
[2025-01-29 13:09:59,841][__main__][INFO] - [3, 16, 20], []
[2025-01-29 13:09:59,878][__main__][INFO] - [3, 16, 21], []
[2025-01-29 13:09:59,912][__main__][INFO] - [3, 16, 22], []
[2025-01-29 13:09:59,945][__main__][INFO] - [3, 16, 23], []
[2025-01-29 13:10:00,000][__main__][INFO] - [3, 16, 24], []
[2025-01-29 13:10:00,083][__main__][INFO] - [3, 17], [16]
[2025-01-29 13:10:00,132][__main__][INFO] - [3, 18], [16]
[2025-01-29 13:10:00,248][__main__][INFO] - [3, 19], [16]
[2025-01-29 13:10:00,285][__main__][INFO] - [3, 20], [16]
[2025-01-29 13:10:00,321][__main__][INFO] - [3, 21], [16]
[2025-01-29 13:10:00,352][__main__][INFO] - [3, 22], [16]
[2025-01-29 13:10:00,386][__main__][INFO] - [3, 23], [16]
[2025-01-29 13:10:00,437][__main__][INFO] - [3, 24], [16]
[2025-01-29 13:10:00,554][__main__][INFO] - [4, 10, 16], []
[2025-01-29 13:10:00,676][__main__][INFO] - [4, 10], [16]
[2025-01-29 13:10:00,809][__main__][INFO] - [4, 10, 17], []
[2025-01-29 13:10:00,840][__main__][INFO] - [4, 10, 18], []
[2025-01-29 13:10:00,952][__main__][INFO] - [4, 10, 19], []
[2025-01-29 13:10:00,978][__main__][INFO] - [4, 10, 20], []
[2025-01-29 13:10:01,005][__main__][INFO] - [4, 10, 21], []
[2025-01-29 13:10:01,029][__main__][INFO] - [4, 10, 22], []
[2025-01-29 13:10:01,052][__main__][INFO] - [4, 10, 23], []
[2025-01-29 13:10:01,077][__main__][INFO] - [4, 10, 24], []
[2025-01-29 13:10:01,129][__main__][INFO] - [4, 11, 16], []
[2025-01-29 13:10:01,154][__main__][INFO] - [4, 11], [16]
[2025-01-29 13:10:01,193][__main__][INFO] - [4, 11, 18], []
[2025-01-29 13:10:01,232][__main__][INFO] - [4, 11, 19], []
[2025-01-29 13:10:01,267][__main__][INFO] - [4, 11, 20], []
[2025-01-29 13:10:01,353][__main__][INFO] - [4, 11, 23], []
[2025-01-29 13:10:01,469][__main__][INFO] - [4, 12, 16], []
[2025-01-29 13:10:01,526][__main__][INFO] - [4, 12], [16]
[2025-01-29 13:10:01,605][__main__][INFO] - [4, 12, 18], []
[2025-01-29 13:10:01,641][__main__][INFO] - [4, 12, 19], []
[2025-01-29 13:10:01,762][__main__][INFO] - [4, 12, 23], []
[2025-01-29 13:10:01,915][__main__][INFO] - [4, 13, 16], []
[2025-01-29 13:10:01,949][__main__][INFO] - [4, 13], [16]
[2025-01-29 13:10:02,017][__main__][INFO] - [4, 13, 18], []
[2025-01-29 13:10:02,077][__main__][INFO] - [4, 13, 20], []
[2025-01-29 13:10:02,170][__main__][INFO] - [4, 13, 23], []
[2025-01-29 13:10:02,287][__main__][INFO] - [4, 14, 16], []
[2025-01-29 13:10:02,320][__main__][INFO] - [4, 14], [16]
[2025-01-29 13:10:02,379][__main__][INFO] - [4, 14, 18], []
[2025-01-29 13:10:02,413][__main__][INFO] - [4, 14, 19], []
[2025-01-29 13:10:02,507][__main__][INFO] - [4, 14, 22], []
[2025-01-29 13:10:02,644][__main__][INFO] - [4, 15, 16], []
[2025-01-29 13:10:02,704][__main__][INFO] - [4, 15], [16]
[2025-01-29 13:10:02,771][__main__][INFO] - [4, 15, 17], []
[2025-01-29 13:10:02,829][__main__][INFO] - [4, 15, 18], []
[2025-01-29 13:10:02,892][__main__][INFO] - [4, 15, 19], []
[2025-01-29 13:10:02,926][__main__][INFO] - [4, 15, 20], []
[2025-01-29 13:10:02,959][__main__][INFO] - [4, 15, 21], []
[2025-01-29 13:10:03,023][__main__][INFO] - [4, 15, 23], []
[2025-01-29 13:10:03,058][__main__][INFO] - [4, 15, 24], []
[2025-01-29 13:10:03,144][__main__][INFO] - [4, 16, 17], []
[2025-01-29 13:10:03,198][__main__][INFO] - [4, 16, 18], []
[2025-01-29 13:10:03,313][__main__][INFO] - [4, 16, 19], []
[2025-01-29 13:10:03,351][__main__][INFO] - [4, 16, 20], []
[2025-01-29 13:10:03,388][__main__][INFO] - [4, 16, 21], []
[2025-01-29 13:10:03,422][__main__][INFO] - [4, 16, 22], []
[2025-01-29 13:10:03,456][__main__][INFO] - [4, 16, 23], []
[2025-01-29 13:10:03,521][__main__][INFO] - [4, 16, 24], []
[2025-01-29 13:10:03,606][__main__][INFO] - [4, 17], [16]
[2025-01-29 13:10:03,662][__main__][INFO] - [4, 18], [16]
[2025-01-29 13:10:03,813][__main__][INFO] - [4, 19], [16]
[2025-01-29 13:10:03,848][__main__][INFO] - [4, 20], [16]
[2025-01-29 13:10:03,873][__main__][INFO] - [4, 21], [16]
[2025-01-29 13:10:03,896][__main__][INFO] - [4, 22], [16]
[2025-01-29 13:10:03,919][__main__][INFO] - [4, 23], [16]
[2025-01-29 13:10:03,954][__main__][INFO] - [4, 24], [16]
[2025-01-29 13:10:04,021][__main__][INFO] - [5, 10, 16], []
[2025-01-29 13:10:04,091][__main__][INFO] - [5, 10], [16]
[2025-01-29 13:10:04,168][__main__][INFO] - [5, 10, 17], []
[2025-01-29 13:10:04,193][__main__][INFO] - [5, 10, 18], []
[2025-01-29 13:10:04,305][__main__][INFO] - [5, 10, 19], []
[2025-01-29 13:10:04,330][__main__][INFO] - [5, 10, 20], []
[2025-01-29 13:10:04,357][__main__][INFO] - [5, 10, 21], []
[2025-01-29 13:10:04,380][__main__][INFO] - [5, 10, 22], []
[2025-01-29 13:10:04,403][__main__][INFO] - [5, 10, 23], []
[2025-01-29 13:10:04,428][__main__][INFO] - [5, 10, 24], []
[2025-01-29 13:10:04,480][__main__][INFO] - [5, 11, 16], []
[2025-01-29 13:10:04,505][__main__][INFO] - [5, 11], [16]
[2025-01-29 13:10:04,544][__main__][INFO] - [5, 11, 18], []
[2025-01-29 13:10:04,570][__main__][INFO] - [5, 11, 19], []
[2025-01-29 13:10:04,697][__main__][INFO] - [5, 12, 16], []
[2025-01-29 13:10:04,730][__main__][INFO] - [5, 12], [16]
[2025-01-29 13:10:04,778][__main__][INFO] - [5, 12, 18], []
[2025-01-29 13:10:04,802][__main__][INFO] - [5, 12, 19], []
[2025-01-29 13:10:04,870][__main__][INFO] - [5, 12, 23], []
[2025-01-29 13:10:04,957][__main__][INFO] - [5, 13, 16], []
[2025-01-29 13:10:04,980][__main__][INFO] - [5, 13], [16]
[2025-01-29 13:10:05,018][__main__][INFO] - [5, 13, 18], []
[2025-01-29 13:10:05,056][__main__][INFO] - [5, 13, 20], []
[2025-01-29 13:10:05,109][__main__][INFO] - [5, 13, 23], []
[2025-01-29 13:10:05,176][__main__][INFO] - [5, 14, 16], []
[2025-01-29 13:10:05,199][__main__][INFO] - [5, 14], [16]
[2025-01-29 13:10:05,236][__main__][INFO] - [5, 14, 18], []
[2025-01-29 13:10:05,258][__main__][INFO] - [5, 14, 19], []
[2025-01-29 13:10:05,311][__main__][INFO] - [5, 14, 22], []
[2025-01-29 13:10:05,333][__main__][INFO] - [5, 14, 23], []
[2025-01-29 13:10:05,401][__main__][INFO] - [5, 15, 16], []
[2025-01-29 13:10:05,433][__main__][INFO] - [5, 15], [16]
[2025-01-29 13:10:05,468][__main__][INFO] - [5, 15, 17], []
[2025-01-29 13:10:05,497][__main__][INFO] - [5, 15, 18], []
[2025-01-29 13:10:05,533][__main__][INFO] - [5, 15, 19], []
[2025-01-29 13:10:05,556][__main__][INFO] - [5, 15, 20], []
[2025-01-29 13:10:05,579][__main__][INFO] - [5, 15, 21], []
[2025-01-29 13:10:05,616][__main__][INFO] - [5, 15, 23], []
[2025-01-29 13:10:05,639][__main__][INFO] - [5, 15, 24], []
[2025-01-29 13:10:05,692][__main__][INFO] - [5, 16, 17], []
[2025-01-29 13:10:05,718][__main__][INFO] - [5, 16, 18], []
[2025-01-29 13:10:05,789][__main__][INFO] - [5, 16, 19], []
[2025-01-29 13:10:05,812][__main__][INFO] - [5, 16, 20], []
[2025-01-29 13:10:05,837][__main__][INFO] - [5, 16, 21], []
[2025-01-29 13:10:05,860][__main__][INFO] - [5, 16, 22], []
[2025-01-29 13:10:05,882][__main__][INFO] - [5, 16, 23], []
[2025-01-29 13:10:05,916][__main__][INFO] - [5, 16, 24], []
[2025-01-29 13:10:05,968][__main__][INFO] - [5, 17], [16]
[2025-01-29 13:10:05,995][__main__][INFO] - [5, 18], [16]
[2025-01-29 13:10:06,075][__main__][INFO] - [5, 19], [16]
[2025-01-29 13:10:06,098][__main__][INFO] - [5, 20], [16]
[2025-01-29 13:10:06,123][__main__][INFO] - [5, 21], [16]
[2025-01-29 13:10:06,146][__main__][INFO] - [5, 22], [16]
[2025-01-29 13:10:06,169][__main__][INFO] - [5, 23], [16]
[2025-01-29 13:10:06,201][__main__][INFO] - [5, 24], [16]
[2025-01-29 13:10:06,268][__main__][INFO] - [6, 10, 16], []
[2025-01-29 13:10:06,310][__main__][INFO] - [6, 10], [16]
[2025-01-29 13:10:06,355][__main__][INFO] - [6, 10, 17], []
[2025-01-29 13:10:06,378][__main__][INFO] - [6, 10, 18], []
[2025-01-29 13:10:06,438][__main__][INFO] - [6, 10, 19], []
[2025-01-29 13:10:06,461][__main__][INFO] - [6, 10, 20], []
[2025-01-29 13:10:06,485][__main__][INFO] - [6, 10, 21], []
[2025-01-29 13:10:06,508][__main__][INFO] - [6, 10, 22], []
[2025-01-29 13:10:06,531][__main__][INFO] - [6, 10, 23], []
[2025-01-29 13:10:06,617][__main__][INFO] - [6, 11, 16], []
[2025-01-29 13:10:06,649][__main__][INFO] - [6, 11], [16]
[2025-01-29 13:10:06,716][__main__][INFO] - [6, 11, 18], []
[2025-01-29 13:10:06,963][__main__][INFO] - [6, 12, 16], []
[2025-01-29 13:10:07,003][__main__][INFO] - [6, 12], [16]
[2025-01-29 13:10:07,069][__main__][INFO] - [6, 12, 18], []
[2025-01-29 13:10:07,104][__main__][INFO] - [6, 12, 19], []
[2025-01-29 13:10:07,225][__main__][INFO] - [6, 12, 23], []
[2025-01-29 13:10:07,346][__main__][INFO] - [6, 13, 16], []
[2025-01-29 13:10:07,380][__main__][INFO] - [6, 13], [16]
[2025-01-29 13:10:07,439][__main__][INFO] - [6, 13, 18], []
[2025-01-29 13:10:07,491][__main__][INFO] - [6, 13, 20], []
[2025-01-29 13:10:07,619][__main__][INFO] - [6, 14], [16]
[2025-01-29 13:10:07,791][__main__][INFO] - [6, 15, 16], []
[2025-01-29 13:10:07,816][__main__][INFO] - [6, 15], [16]
[2025-01-29 13:10:07,841][__main__][INFO] - [6, 15, 17], []
[2025-01-29 13:10:07,865][__main__][INFO] - [6, 15, 18], []
[2025-01-29 13:10:07,891][__main__][INFO] - [6, 15, 19], []
[2025-01-29 13:10:07,914][__main__][INFO] - [6, 15, 20], []
[2025-01-29 13:10:07,966][__main__][INFO] - [6, 15, 23], []
[2025-01-29 13:10:08,033][__main__][INFO] - [6, 16, 17], []
[2025-01-29 13:10:08,056][__main__][INFO] - [6, 16, 18], []
[2025-01-29 13:10:08,097][__main__][INFO] - [6, 16, 19], []
[2025-01-29 13:10:08,120][__main__][INFO] - [6, 16, 20], []
[2025-01-29 13:10:08,143][__main__][INFO] - [6, 16, 21], []
[2025-01-29 13:10:08,166][__main__][INFO] - [6, 16, 22], []
[2025-01-29 13:10:08,188][__main__][INFO] - [6, 16, 23], []
[2025-01-29 13:10:08,259][__main__][INFO] - [6, 17], [16]
[2025-01-29 13:10:08,282][__main__][INFO] - [6, 18], [16]
[2025-01-29 13:10:08,328][__main__][INFO] - [6, 19], [16]
[2025-01-29 13:10:08,350][__main__][INFO] - [6, 20], [16]
[2025-01-29 13:10:08,373][__main__][INFO] - [6, 21], [16]
[2025-01-29 13:10:08,396][__main__][INFO] - [6, 22], [16]
[2025-01-29 13:10:08,418][__main__][INFO] - [6, 23], [16]
[2025-01-29 13:10:08,510][__main__][INFO] - [7, 10, 16], []
[2025-01-29 13:10:08,539][__main__][INFO] - [7, 10], [16]
[2025-01-29 13:10:08,569][__main__][INFO] - [7, 10, 17], []
[2025-01-29 13:10:08,592][__main__][INFO] - [7, 10, 18], []
[2025-01-29 13:10:08,628][__main__][INFO] - [7, 10, 19], []
[2025-01-29 13:10:08,651][__main__][INFO] - [7, 10, 20], []
[2025-01-29 13:10:08,674][__main__][INFO] - [7, 10, 21], []
[2025-01-29 13:10:08,712][__main__][INFO] - [7, 10, 23], []
[2025-01-29 13:10:08,779][__main__][INFO] - [7, 11, 16], []
[2025-01-29 13:10:08,802][__main__][INFO] - [7, 11], [16]
[2025-01-29 13:10:08,840][__main__][INFO] - [7, 11, 18], []
[2025-01-29 13:10:08,982][__main__][INFO] - [7, 12, 16], []
[2025-01-29 13:10:09,005][__main__][INFO] - [7, 12], [16]
[2025-01-29 13:10:09,044][__main__][INFO] - [7, 12, 18], []
[2025-01-29 13:10:09,067][__main__][INFO] - [7, 12, 19], []
[2025-01-29 13:10:09,134][__main__][INFO] - [7, 12, 23], []
[2025-01-29 13:10:09,218][__main__][INFO] - [7, 13], [16]
[2025-01-29 13:10:09,256][__main__][INFO] - [7, 13, 18], []
[2025-01-29 13:10:09,576][__main__][INFO] - [7, 15, 16], []
[2025-01-29 13:10:09,598][__main__][INFO] - [7, 15], [16]
[2025-01-29 13:10:09,621][__main__][INFO] - [7, 15, 17], []
[2025-01-29 13:10:09,644][__main__][INFO] - [7, 15, 18], []
[2025-01-29 13:10:09,667][__main__][INFO] - [7, 15, 19], []
[2025-01-29 13:10:09,793][__main__][INFO] - [7, 16, 17], []
[2025-01-29 13:10:09,815][__main__][INFO] - [7, 16, 18], []
[2025-01-29 13:10:09,843][__main__][INFO] - [7, 16, 19], []
[2025-01-29 13:10:09,865][__main__][INFO] - [7, 16, 20], []
[2025-01-29 13:10:09,888][__main__][INFO] - [7, 16, 21], []
[2025-01-29 13:10:09,925][__main__][INFO] - [7, 16, 23], []
[2025-01-29 13:10:09,992][__main__][INFO] - [7, 17], [16]
[2025-01-29 13:10:10,015][__main__][INFO] - [7, 18], [16]
[2025-01-29 13:10:10,045][__main__][INFO] - [7, 19], [16]
[2025-01-29 13:10:10,067][__main__][INFO] - [7, 20], [16]
[2025-01-29 13:10:10,090][__main__][INFO] - [7, 21], [16]
[2025-01-29 13:10:10,127][__main__][INFO] - [7, 23], [16]
[2025-01-29 13:10:10,210][__main__][INFO] - [8, 10, 16], []
[2025-01-29 13:10:10,234][__main__][INFO] - [8, 10], [16]
[2025-01-29 13:10:10,273][__main__][INFO] - [8, 10, 18], []
[2025-01-29 13:10:10,297][__main__][INFO] - [8, 10, 19], []
[2025-01-29 13:10:10,320][__main__][INFO] - [8, 10, 20], []
[2025-01-29 13:10:10,372][__main__][INFO] - [8, 10, 23], []
[2025-01-29 13:10:10,440][__main__][INFO] - [8, 11, 16], []
[2025-01-29 13:10:10,462][__main__][INFO] - [8, 11], [16]
[2025-01-29 13:10:10,500][__main__][INFO] - [8, 11, 18], []
[2025-01-29 13:10:10,642][__main__][INFO] - [8, 12, 16], []
[2025-01-29 13:10:10,664][__main__][INFO] - [8, 12], [16]
[2025-01-29 13:10:10,702][__main__][INFO] - [8, 12, 18], []
[2025-01-29 13:10:10,783][__main__][INFO] - [8, 12, 23], []
[2025-01-29 13:10:10,879][__main__][INFO] - [8, 15, 16], []
[2025-01-29 13:10:10,902][__main__][INFO] - [8, 15], [16]
[2025-01-29 13:10:10,939][__main__][INFO] - [8, 15, 18], []
[2025-01-29 13:10:11,096][__main__][INFO] - [8, 16, 18], []
[2025-01-29 13:10:11,120][__main__][INFO] - [8, 16, 19], []
[2025-01-29 13:10:11,142][__main__][INFO] - [8, 16, 20], []
[2025-01-29 13:10:11,194][__main__][INFO] - [8, 16, 23], []
[2025-01-29 13:10:11,262][__main__][INFO] - [8, 17], [16]
[2025-01-29 13:10:11,284][__main__][INFO] - [8, 18], [16]
[2025-01-29 13:10:11,308][__main__][INFO] - [8, 19], [16]
[2025-01-29 13:10:11,330][__main__][INFO] - [8, 20], [16]
[2025-01-29 13:10:11,383][__main__][INFO] - [8, 23], [16]
[2025-01-29 13:10:11,464][__main__][INFO] - [9, 10, 16], []
[2025-01-29 13:10:11,487][__main__][INFO] - [9, 10], [16]
[2025-01-29 13:10:11,524][__main__][INFO] - [9, 10, 18], []
[2025-01-29 13:10:11,917][__main__][INFO] - [9, 16, 18], []
[2025-01-29 13:10:12,074][__main__][INFO] - [9, 18], [16]
[2025-01-29 13:10:12,231][__main__][INFO] - [10, 16, 17], []
[2025-01-29 13:10:12,277][__main__][INFO] - [10, 16, 18], []
[2025-01-29 13:10:12,571][__main__][INFO] - [10, 16, 19], []
[2025-01-29 13:10:12,607][__main__][INFO] - [10, 16, 20], []
[2025-01-29 13:10:12,644][__main__][INFO] - [10, 16, 21], []
[2025-01-29 13:10:12,668][__main__][INFO] - [10, 16, 22], []
[2025-01-29 13:10:12,691][__main__][INFO] - [10, 16, 23], []
[2025-01-29 13:10:12,732][__main__][INFO] - [10, 16, 24], []
[2025-01-29 13:10:12,785][__main__][INFO] - [10, 17], [16]
[2025-01-29 13:10:12,832][__main__][INFO] - [10, 18], [16]
[2025-01-29 13:10:13,158][__main__][INFO] - [10, 19], [16]
[2025-01-29 13:10:13,194][__main__][INFO] - [10, 20], [16]
[2025-01-29 13:10:13,231][__main__][INFO] - [10, 21], [16]
[2025-01-29 13:10:13,254][__main__][INFO] - [10, 22], [16]
[2025-01-29 13:10:13,277][__main__][INFO] - [10, 23], [16]
[2025-01-29 13:10:13,318][__main__][INFO] - [10, 24], [16]
[2025-01-29 13:10:13,385][__main__][INFO] - [11, 16, 17], []
[2025-01-29 13:10:13,407][__main__][INFO] - [11, 16, 18], []
[2025-01-29 13:10:13,437][__main__][INFO] - [11, 16, 19], []
[2025-01-29 13:10:13,459][__main__][INFO] - [11, 16, 20], []
[2025-01-29 13:10:13,511][__main__][INFO] - [11, 16, 23], []
[2025-01-29 13:10:13,578][__main__][INFO] - [11, 17], [16]
[2025-01-29 13:10:13,600][__main__][INFO] - [11, 18], [16]
[2025-01-29 13:10:13,632][__main__][INFO] - [11, 19], [16]
[2025-01-29 13:10:13,654][__main__][INFO] - [11, 20], [16]
[2025-01-29 13:10:13,706][__main__][INFO] - [11, 23], [16]
[2025-01-29 13:10:13,787][__main__][INFO] - [12, 16, 17], []
[2025-01-29 13:10:13,809][__main__][INFO] - [12, 16, 18], []
[2025-01-29 13:10:13,834][__main__][INFO] - [12, 16, 19], []
[2025-01-29 13:10:13,901][__main__][INFO] - [12, 16, 23], []
[2025-01-29 13:10:14,023][__main__][INFO] - [12, 17], [16]
[2025-01-29 13:10:14,046][__main__][INFO] - [12, 18], [16]
[2025-01-29 13:10:14,072][__main__][INFO] - [12, 19], [16]
[2025-01-29 13:10:14,139][__main__][INFO] - [12, 23], [16]
[2025-01-29 13:10:14,290][__main__][INFO] - [13, 16, 18], []
[2025-01-29 13:10:14,313][__main__][INFO] - [13, 16, 19], []
[2025-01-29 13:10:14,335][__main__][INFO] - [13, 16, 20], []
[2025-01-29 13:10:14,387][__main__][INFO] - [13, 16, 23], []
[2025-01-29 13:10:14,469][__main__][INFO] - [13, 18], [16]
[2025-01-29 13:10:14,491][__main__][INFO] - [13, 19], [16]
[2025-01-29 13:10:14,513][__main__][INFO] - [13, 20], [16]
[2025-01-29 13:10:14,566][__main__][INFO] - [13, 23], [16]
[2025-01-29 13:10:14,662][__main__][INFO] - [14, 16, 18], []
[2025-01-29 13:10:14,684][__main__][INFO] - [14, 16, 19], []
[2025-01-29 13:10:14,736][__main__][INFO] - [14, 16, 22], []
[2025-01-29 13:10:14,758][__main__][INFO] - [14, 16, 23], []
[2025-01-29 13:10:14,839][__main__][INFO] - [14, 18], [16]
[2025-01-29 13:10:14,862][__main__][INFO] - [14, 19], [16]
[2025-01-29 13:10:14,913][__main__][INFO] - [14, 22], [16]
[2025-01-29 13:10:14,935][__main__][INFO] - [14, 23], [16]
[2025-01-29 13:10:15,016][__main__][INFO] - [15, 16, 17], []
[2025-01-29 13:10:15,058][__main__][INFO] - [15, 16, 18], []
[2025-01-29 13:10:15,114][__main__][INFO] - [15, 16, 19], []
[2025-01-29 13:10:15,136][__main__][INFO] - [15, 16, 20], []
[2025-01-29 13:10:15,159][__main__][INFO] - [15, 16, 21], []
[2025-01-29 13:10:15,195][__main__][INFO] - [15, 16, 23], []
[2025-01-29 13:10:15,218][__main__][INFO] - [15, 16, 24], []
[2025-01-29 13:10:15,270][__main__][INFO] - [15, 17], [16]
[2025-01-29 13:10:15,323][__main__][INFO] - [15, 18], [16]
[2025-01-29 13:10:15,389][__main__][INFO] - [15, 19], [16]
[2025-01-29 13:10:15,412][__main__][INFO] - [15, 20], [16]
[2025-01-29 13:10:15,434][__main__][INFO] - [15, 21], [16]
[2025-01-29 13:10:15,471][__main__][INFO] - [15, 23], [16]
[2025-01-29 13:10:15,493][__main__][INFO] - [15, 24], [16]
[2025-01-29 23:39:43,086][__main__][INFO] - In total, there are 1229 possible subgroups
[2025-01-29 23:39:43,115][__main__][INFO] - [0], []
[2025-01-29 23:39:43,293][__main__][INFO] - [1], []
[2025-01-29 23:39:43,515][__main__][INFO] - [2], []
[2025-01-29 23:39:43,721][__main__][INFO] - [3], []
[2025-01-29 23:39:43,887][__main__][INFO] - [4], []
[2025-01-29 23:39:44,091][__main__][INFO] - [5], []
[2025-01-29 23:39:44,270][__main__][INFO] - [6], []
[2025-01-29 23:39:44,348][__main__][INFO] - [7], []
[2025-01-29 23:39:44,383][__main__][INFO] - [8], []
[2025-01-29 23:39:44,404][__main__][INFO] - [9], []
[2025-01-29 23:39:44,422][__main__][INFO] - [10], []
[2025-01-29 23:39:45,250][__main__][INFO] - [11], []
[2025-01-29 23:39:45,288][__main__][INFO] - [12], []
[2025-01-29 23:39:45,436][__main__][INFO] - [13], []
[2025-01-29 23:39:45,458][__main__][INFO] - [14], []
[2025-01-29 23:39:45,477][__main__][INFO] - [15], []
[2025-01-29 23:39:45,654][__main__][INFO] - [16], []
[2025-01-29 23:39:46,199][__main__][INFO] - [], [16]
[2025-01-29 23:39:46,809][__main__][INFO] - [17], []
[2025-01-29 23:39:46,936][__main__][INFO] - [18], []
[2025-01-29 23:39:47,661][__main__][INFO] - [19], []
[2025-01-29 23:39:47,713][__main__][INFO] - [20], []
[2025-01-29 23:39:47,765][__main__][INFO] - [21], []
[2025-01-29 23:39:47,787][__main__][INFO] - [22], []
[2025-01-29 23:39:47,806][__main__][INFO] - [23], []
[2025-01-29 23:39:47,985][__main__][INFO] - [24], []
[2025-01-29 23:39:48,003][__main__][INFO] - [25], []
[2025-01-29 23:39:48,052][__main__][INFO] - [0, 10], []
[2025-01-29 23:39:48,206][__main__][INFO] - [0, 11], []
[2025-01-29 23:39:48,227][__main__][INFO] - [0, 12], []
[2025-01-29 23:39:48,253][__main__][INFO] - [0, 13], []
[2025-01-29 23:39:48,274][__main__][INFO] - [0, 14], []
[2025-01-29 23:39:48,294][__main__][INFO] - [0, 15], []
[2025-01-29 23:39:48,321][__main__][INFO] - [0, 16], []
[2025-01-29 23:39:48,409][__main__][INFO] - [0], [16]
[2025-01-29 23:39:48,501][__main__][INFO] - [0, 17], []
[2025-01-29 23:39:48,540][__main__][INFO] - [0, 18], []
[2025-01-29 23:39:48,646][__main__][INFO] - [0, 19], []
[2025-01-29 23:39:48,674][__main__][INFO] - [0, 20], []
[2025-01-29 23:39:48,699][__main__][INFO] - [0, 21], []
[2025-01-29 23:39:48,720][__main__][INFO] - [0, 22], []
[2025-01-29 23:39:48,743][__main__][INFO] - [0, 23], []
[2025-01-29 23:39:48,778][__main__][INFO] - [0, 24], []
[2025-01-29 23:39:48,826][__main__][INFO] - [1, 10], []
[2025-01-29 23:39:49,006][__main__][INFO] - [1, 11], []
[2025-01-29 23:39:49,029][__main__][INFO] - [1, 12], []
[2025-01-29 23:39:49,063][__main__][INFO] - [1, 13], []
[2025-01-29 23:39:49,084][__main__][INFO] - [1, 14], []
[2025-01-29 23:39:49,104][__main__][INFO] - [1, 15], []
[2025-01-29 23:39:49,142][__main__][INFO] - [1, 16], []
[2025-01-29 23:39:49,249][__main__][INFO] - [1], [16]
[2025-01-29 23:39:49,368][__main__][INFO] - [1, 17], []
[2025-01-29 23:39:49,411][__main__][INFO] - [1, 18], []
[2025-01-29 23:39:49,542][__main__][INFO] - [1, 19], []
[2025-01-29 23:39:49,570][__main__][INFO] - [1, 20], []
[2025-01-29 23:39:49,597][__main__][INFO] - [1, 21], []
[2025-01-29 23:39:49,618][__main__][INFO] - [1, 22], []
[2025-01-29 23:39:49,638][__main__][INFO] - [1, 23], []
[2025-01-29 23:39:49,683][__main__][INFO] - [1, 24], []
[2025-01-29 23:39:49,732][__main__][INFO] - [2, 10], []
[2025-01-29 23:39:49,875][__main__][INFO] - [2, 11], []
[2025-01-29 23:39:49,899][__main__][INFO] - [2, 12], []
[2025-01-29 23:39:49,940][__main__][INFO] - [2, 13], []
[2025-01-29 23:39:49,961][__main__][INFO] - [2, 14], []
[2025-01-29 23:39:49,981][__main__][INFO] - [2, 15], []
[2025-01-29 23:39:50,029][__main__][INFO] - [2, 16], []
[2025-01-29 23:39:50,129][__main__][INFO] - [2], [16]
[2025-01-29 23:39:50,244][__main__][INFO] - [2, 17], []
[2025-01-29 23:39:50,284][__main__][INFO] - [2, 18], []
[2025-01-29 23:39:50,412][__main__][INFO] - [2, 19], []
[2025-01-29 23:39:50,438][__main__][INFO] - [2, 20], []
[2025-01-29 23:39:50,463][__main__][INFO] - [2, 21], []
[2025-01-29 23:39:50,484][__main__][INFO] - [2, 22], []
[2025-01-29 23:39:50,504][__main__][INFO] - [2, 23], []
[2025-01-29 23:39:50,552][__main__][INFO] - [2, 24], []
[2025-01-29 23:39:50,601][__main__][INFO] - [3, 10], []
[2025-01-29 23:39:50,711][__main__][INFO] - [3, 11], []
[2025-01-29 23:39:50,735][__main__][INFO] - [3, 12], []
[2025-01-29 23:39:50,777][__main__][INFO] - [3, 13], []
[2025-01-29 23:39:50,799][__main__][INFO] - [3, 14], []
[2025-01-29 23:39:50,819][__main__][INFO] - [3, 15], []
[2025-01-29 23:39:50,867][__main__][INFO] - [3, 16], []
[2025-01-29 23:39:50,951][__main__][INFO] - [3], [16]
[2025-01-29 23:39:51,043][__main__][INFO] - [3, 17], []
[2025-01-29 23:39:51,077][__main__][INFO] - [3, 18], []
[2025-01-29 23:39:51,179][__main__][INFO] - [3, 19], []
[2025-01-29 23:39:51,203][__main__][INFO] - [3, 20], []
[2025-01-29 23:39:51,227][__main__][INFO] - [3, 21], []
[2025-01-29 23:39:51,248][__main__][INFO] - [3, 22], []
[2025-01-29 23:39:51,268][__main__][INFO] - [3, 23], []
[2025-01-29 23:39:51,312][__main__][INFO] - [3, 24], []
[2025-01-29 23:39:51,360][__main__][INFO] - [4, 10], []
[2025-01-29 23:39:51,486][__main__][INFO] - [4, 11], []
[2025-01-29 23:39:51,510][__main__][INFO] - [4, 12], []
[2025-01-29 23:39:51,556][__main__][INFO] - [4, 13], []
[2025-01-29 23:39:51,577][__main__][INFO] - [4, 14], []
[2025-01-29 23:39:51,597][__main__][INFO] - [4, 15], []
[2025-01-29 23:39:51,653][__main__][INFO] - [4, 16], []
[2025-01-29 23:39:51,755][__main__][INFO] - [4], [16]
[2025-01-29 23:39:51,866][__main__][INFO] - [4, 17], []
[2025-01-29 23:39:51,903][__main__][INFO] - [4, 18], []
[2025-01-29 23:39:52,037][__main__][INFO] - [4, 19], []
[2025-01-29 23:39:52,061][__main__][INFO] - [4, 20], []
[2025-01-29 23:39:52,086][__main__][INFO] - [4, 21], []
[2025-01-29 23:39:52,107][__main__][INFO] - [4, 22], []
[2025-01-29 23:39:52,128][__main__][INFO] - [4, 23], []
[2025-01-29 23:39:52,175][__main__][INFO] - [4, 24], []
[2025-01-29 23:39:52,224][__main__][INFO] - [5, 10], []
[2025-01-29 23:39:52,344][__main__][INFO] - [5, 11], []
[2025-01-29 23:39:52,368][__main__][INFO] - [5, 12], []
[2025-01-29 23:39:52,410][__main__][INFO] - [5, 13], []
[2025-01-29 23:39:52,430][__main__][INFO] - [5, 14], []
[2025-01-29 23:39:52,451][__main__][INFO] - [5, 15], []
[2025-01-29 23:39:52,493][__main__][INFO] - [5, 16], []
[2025-01-29 23:39:52,584][__main__][INFO] - [5], [16]
[2025-01-29 23:39:52,683][__main__][INFO] - [5, 17], []
[2025-01-29 23:39:52,712][__main__][INFO] - [5, 18], []
[2025-01-29 23:39:52,839][__main__][INFO] - [5, 19], []
[2025-01-29 23:39:52,862][__main__][INFO] - [5, 20], []
[2025-01-29 23:39:52,891][__main__][INFO] - [5, 21], []
[2025-01-29 23:39:52,912][__main__][INFO] - [5, 22], []
[2025-01-29 23:39:52,932][__main__][INFO] - [5, 23], []
[2025-01-29 23:39:52,974][__main__][INFO] - [5, 24], []
[2025-01-29 23:39:53,023][__main__][INFO] - [6, 10], []
[2025-01-29 23:39:53,084][__main__][INFO] - [6, 11], []
[2025-01-29 23:39:53,105][__main__][INFO] - [6, 12], []
[2025-01-29 23:39:53,133][__main__][INFO] - [6, 13], []
[2025-01-29 23:39:53,153][__main__][INFO] - [6, 14], []
[2025-01-29 23:39:53,173][__main__][INFO] - [6, 15], []
[2025-01-29 23:39:53,199][__main__][INFO] - [6, 16], []
[2025-01-29 23:39:53,244][__main__][INFO] - [6], [16]
[2025-01-29 23:39:53,294][__main__][INFO] - [6, 17], []
[2025-01-29 23:39:53,317][__main__][INFO] - [6, 18], []
[2025-01-29 23:39:53,380][__main__][INFO] - [6, 19], []
[2025-01-29 23:39:53,401][__main__][INFO] - [6, 20], []
[2025-01-29 23:39:53,423][__main__][INFO] - [6, 21], []
[2025-01-29 23:39:53,443][__main__][INFO] - [6, 22], []
[2025-01-29 23:39:53,463][__main__][INFO] - [6, 23], []
[2025-01-29 23:39:53,490][__main__][INFO] - [6, 24], []
[2025-01-29 23:39:53,539][__main__][INFO] - [7, 10], []
[2025-01-29 23:39:53,572][__main__][INFO] - [7, 11], []
[2025-01-29 23:39:53,593][__main__][INFO] - [7, 12], []
[2025-01-29 23:39:53,614][__main__][INFO] - [7, 13], []
[2025-01-29 23:39:53,634][__main__][INFO] - [7, 14], []
[2025-01-29 23:39:53,654][__main__][INFO] - [7, 15], []
[2025-01-29 23:39:53,675][__main__][INFO] - [7, 16], []
[2025-01-29 23:39:53,702][__main__][INFO] - [7], [16]
[2025-01-29 23:39:53,732][__main__][INFO] - [7, 17], []
[2025-01-29 23:39:53,753][__main__][INFO] - [7, 18], []
[2025-01-29 23:39:53,786][__main__][INFO] - [7, 19], []
[2025-01-29 23:39:53,807][__main__][INFO] - [7, 20], []
[2025-01-29 23:39:53,827][__main__][INFO] - [7, 21], []
[2025-01-29 23:39:53,862][__main__][INFO] - [7, 23], []
[2025-01-29 23:39:53,927][__main__][INFO] - [8, 10], []
[2025-01-29 23:39:53,949][__main__][INFO] - [8, 11], []
[2025-01-29 23:39:53,969][__main__][INFO] - [8, 12], []
[2025-01-29 23:39:54,018][__main__][INFO] - [8, 15], []
[2025-01-29 23:39:54,038][__main__][INFO] - [8, 16], []
[2025-01-29 23:39:54,059][__main__][INFO] - [8], [16]
[2025-01-29 23:39:54,081][__main__][INFO] - [8, 17], []
[2025-01-29 23:39:54,101][__main__][INFO] - [8, 18], []
[2025-01-29 23:39:54,124][__main__][INFO] - [8, 19], []
[2025-01-29 23:39:54,144][__main__][INFO] - [8, 20], []
[2025-01-29 23:39:54,194][__main__][INFO] - [8, 23], []
[2025-01-29 23:39:54,257][__main__][INFO] - [9, 10], []
[2025-01-29 23:39:54,292][__main__][INFO] - [9, 12], []
[2025-01-29 23:39:54,356][__main__][INFO] - [9, 16], []
[2025-01-29 23:39:54,376][__main__][INFO] - [9], [16]
[2025-01-29 23:39:54,411][__main__][INFO] - [9, 18], []
[2025-01-29 23:39:54,490][__main__][INFO] - [9, 23], []
[2025-01-29 23:39:54,553][__main__][INFO] - [10, 16], []
[2025-01-29 23:39:54,930][__main__][INFO] - [10], [16]
[2025-01-29 23:39:55,340][__main__][INFO] - [10, 17], []
[2025-01-29 23:39:55,412][__main__][INFO] - [10, 18], []
[2025-01-29 23:39:55,998][__main__][INFO] - [10, 19], []
[2025-01-29 23:39:56,045][__main__][INFO] - [10, 20], []
[2025-01-29 23:39:56,095][__main__][INFO] - [10, 21], []
[2025-01-29 23:39:56,119][__main__][INFO] - [10, 22], []
[2025-01-29 23:39:56,140][__main__][INFO] - [10, 23], []
[2025-01-29 23:39:56,199][__main__][INFO] - [10, 24], []
[2025-01-29 23:39:56,220][__main__][INFO] - [10, 25], []
[2025-01-29 23:39:56,254][__main__][INFO] - [11, 16], []
[2025-01-29 23:39:56,282][__main__][INFO] - [11], [16]
[2025-01-29 23:39:56,313][__main__][INFO] - [11, 17], []
[2025-01-29 23:39:56,333][__main__][INFO] - [11, 18], []
[2025-01-29 23:39:56,371][__main__][INFO] - [11, 19], []
[2025-01-29 23:39:56,391][__main__][INFO] - [11, 20], []
[2025-01-29 23:39:56,441][__main__][INFO] - [11, 23], []
[2025-01-29 23:39:56,505][__main__][INFO] - [12, 16], []
[2025-01-29 23:39:56,584][__main__][INFO] - [12], [16]
[2025-01-29 23:39:56,664][__main__][INFO] - [12, 17], []
[2025-01-29 23:39:56,685][__main__][INFO] - [12, 18], []
[2025-01-29 23:39:56,713][__main__][INFO] - [12, 19], []
[2025-01-29 23:39:56,735][__main__][INFO] - [12, 20], []
[2025-01-29 23:39:56,784][__main__][INFO] - [12, 23], []
[2025-01-29 23:39:56,959][__main__][INFO] - [13, 16], []
[2025-01-29 23:39:56,981][__main__][INFO] - [13], [16]
[2025-01-29 23:39:57,003][__main__][INFO] - [13, 17], []
[2025-01-29 23:39:57,022][__main__][INFO] - [13, 18], []
[2025-01-29 23:39:57,043][__main__][INFO] - [13, 19], []
[2025-01-29 23:39:57,064][__main__][INFO] - [13, 20], []
[2025-01-29 23:39:57,114][__main__][INFO] - [13, 23], []
[2025-01-29 23:39:57,178][__main__][INFO] - [14, 16], []
[2025-01-29 23:39:57,199][__main__][INFO] - [14], [16]
[2025-01-29 23:39:57,234][__main__][INFO] - [14, 18], []
[2025-01-29 23:39:57,254][__main__][INFO] - [14, 19], []
[2025-01-29 23:39:57,303][__main__][INFO] - [14, 22], []
[2025-01-29 23:39:57,324][__main__][INFO] - [14, 23], []
[2025-01-29 23:39:57,388][__main__][INFO] - [15, 16], []
[2025-01-29 23:39:57,468][__main__][INFO] - [15], [16]
[2025-01-29 23:39:57,571][__main__][INFO] - [15, 17], []
[2025-01-29 23:39:57,643][__main__][INFO] - [15, 18], []
[2025-01-29 23:39:57,743][__main__][INFO] - [15, 19], []
[2025-01-29 23:39:57,765][__main__][INFO] - [15, 20], []
[2025-01-29 23:39:57,786][__main__][INFO] - [15, 21], []
[2025-01-29 23:39:57,807][__main__][INFO] - [15, 22], []
[2025-01-29 23:39:57,827][__main__][INFO] - [15, 23], []
[2025-01-29 23:39:57,847][__main__][INFO] - [15, 24], []
[2025-01-29 23:39:57,896][__main__][INFO] - [16, 17], []
[2025-01-29 23:39:57,960][__main__][INFO] - [16, 18], []
[2025-01-29 23:39:58,281][__main__][INFO] - [16, 19], []
[2025-01-29 23:39:58,316][__main__][INFO] - [16, 20], []
[2025-01-29 23:39:58,353][__main__][INFO] - [16, 21], []
[2025-01-29 23:39:58,374][__main__][INFO] - [16, 22], []
[2025-01-29 23:39:58,395][__main__][INFO] - [16, 23], []
[2025-01-29 23:39:58,488][__main__][INFO] - [16, 24], []
[2025-01-29 23:39:58,538][__main__][INFO] - [17], [16]
[2025-01-29 23:39:58,614][__main__][INFO] - [18], [16]
[2025-01-29 23:39:58,985][__main__][INFO] - [19], [16]
[2025-01-29 23:39:59,020][__main__][INFO] - [20], [16]
[2025-01-29 23:39:59,055][__main__][INFO] - [21], [16]
[2025-01-29 23:39:59,076][__main__][INFO] - [22], [16]
[2025-01-29 23:39:59,097][__main__][INFO] - [23], [16]
[2025-01-29 23:39:59,188][__main__][INFO] - [24], [16]
[2025-01-29 23:39:59,267][__main__][INFO] - [0, 10, 16], []
[2025-01-29 23:39:59,350][__main__][INFO] - [0, 10], [16]
[2025-01-29 23:39:59,435][__main__][INFO] - [0, 10, 17], []
[2025-01-29 23:39:59,473][__main__][INFO] - [0, 10, 18], []
[2025-01-29 23:39:59,573][__main__][INFO] - [0, 10, 19], []
[2025-01-29 23:39:59,603][__main__][INFO] - [0, 10, 20], []
[2025-01-29 23:39:59,630][__main__][INFO] - [0, 10, 21], []
[2025-01-29 23:39:59,654][__main__][INFO] - [0, 10, 22], []
[2025-01-29 23:39:59,676][__main__][INFO] - [0, 10, 23], []
[2025-01-29 23:39:59,708][__main__][INFO] - [0, 10, 24], []
[2025-01-29 23:39:59,761][__main__][INFO] - [0, 11, 16], []
[2025-01-29 23:39:59,784][__main__][INFO] - [0, 11], [16]
[2025-01-29 23:39:59,822][__main__][INFO] - [0, 11, 18], []
[2025-01-29 23:39:59,850][__main__][INFO] - [0, 11, 19], []
[2025-01-29 23:39:59,929][__main__][INFO] - [0, 11, 23], []
[2025-01-29 23:39:59,997][__main__][INFO] - [0, 12, 16], []
[2025-01-29 23:40:00,022][__main__][INFO] - [0, 12], [16]
[2025-01-29 23:40:00,062][__main__][INFO] - [0, 12, 18], []
[2025-01-29 23:40:00,085][__main__][INFO] - [0, 12, 19], []
[2025-01-29 23:40:00,153][__main__][INFO] - [0, 12, 23], []
[2025-01-29 23:40:00,225][__main__][INFO] - [0, 13, 16], []
[2025-01-29 23:40:00,248][__main__][INFO] - [0, 13], [16]
[2025-01-29 23:40:00,286][__main__][INFO] - [0, 13, 18], []
[2025-01-29 23:40:00,323][__main__][INFO] - [0, 13, 20], []
[2025-01-29 23:40:00,435][__main__][INFO] - [0, 14, 16], []
[2025-01-29 23:40:00,457][__main__][INFO] - [0, 14], [16]
[2025-01-29 23:40:00,494][__main__][INFO] - [0, 14, 18], []
[2025-01-29 23:40:00,561][__main__][INFO] - [0, 14, 22], []
[2025-01-29 23:40:00,643][__main__][INFO] - [0, 15, 16], []
[2025-01-29 23:40:00,669][__main__][INFO] - [0, 15], [16]
[2025-01-29 23:40:00,695][__main__][INFO] - [0, 15, 17], []
[2025-01-29 23:40:00,721][__main__][INFO] - [0, 15, 18], []
[2025-01-29 23:40:00,747][__main__][INFO] - [0, 15, 19], []
[2025-01-29 23:40:00,770][__main__][INFO] - [0, 15, 20], []
[2025-01-29 23:40:00,792][__main__][INFO] - [0, 15, 21], []
[2025-01-29 23:40:00,829][__main__][INFO] - [0, 15, 23], []
[2025-01-29 23:40:00,896][__main__][INFO] - [0, 16, 17], []
[2025-01-29 23:40:00,927][__main__][INFO] - [0, 16, 18], []
[2025-01-29 23:40:00,988][__main__][INFO] - [0, 16, 19], []
[2025-01-29 23:40:01,014][__main__][INFO] - [0, 16, 20], []
[2025-01-29 23:40:01,039][__main__][INFO] - [0, 16, 21], []
[2025-01-29 23:40:01,062][__main__][INFO] - [0, 16, 22], []
[2025-01-29 23:40:01,084][__main__][INFO] - [0, 16, 23], []
[2025-01-29 23:40:01,113][__main__][INFO] - [0, 16, 24], []
[2025-01-29 23:40:01,165][__main__][INFO] - [0, 17], [16]
[2025-01-29 23:40:01,196][__main__][INFO] - [0, 18], [16]
[2025-01-29 23:40:01,260][__main__][INFO] - [0, 19], [16]
[2025-01-29 23:40:01,286][__main__][INFO] - [0, 20], [16]
[2025-01-29 23:40:01,311][__main__][INFO] - [0, 21], [16]
[2025-01-29 23:40:01,334][__main__][INFO] - [0, 22], [16]
[2025-01-29 23:40:01,357][__main__][INFO] - [0, 23], [16]
[2025-01-29 23:40:01,386][__main__][INFO] - [0, 24], [16]
[2025-01-29 23:40:01,453][__main__][INFO] - [1, 10, 16], []
[2025-01-29 23:40:01,544][__main__][INFO] - [1, 10], [16]
[2025-01-29 23:40:01,643][__main__][INFO] - [1, 10, 17], []
[2025-01-29 23:40:01,682][__main__][INFO] - [1, 10, 18], []
[2025-01-29 23:40:01,801][__main__][INFO] - [1, 10, 19], []
[2025-01-29 23:40:01,831][__main__][INFO] - [1, 10, 20], []
[2025-01-29 23:40:01,860][__main__][INFO] - [1, 10, 21], []
[2025-01-29 23:40:01,883][__main__][INFO] - [1, 10, 22], []
[2025-01-29 23:40:01,907][__main__][INFO] - [1, 10, 23], []
[2025-01-29 23:40:01,941][__main__][INFO] - [1, 10, 24], []
[2025-01-29 23:40:01,993][__main__][INFO] - [1, 11, 16], []
[2025-01-29 23:40:02,017][__main__][INFO] - [1, 11], [16]
[2025-01-29 23:40:02,056][__main__][INFO] - [1, 11, 18], []
[2025-01-29 23:40:02,082][__main__][INFO] - [1, 11, 19], []
[2025-01-29 23:40:02,105][__main__][INFO] - [1, 11, 20], []
[2025-01-29 23:40:02,157][__main__][INFO] - [1, 11, 23], []
[2025-01-29 23:40:02,225][__main__][INFO] - [1, 12, 16], []
[2025-01-29 23:40:02,254][__main__][INFO] - [1, 12], [16]
[2025-01-29 23:40:02,299][__main__][INFO] - [1, 12, 18], []
[2025-01-29 23:40:02,322][__main__][INFO] - [1, 12, 19], []
[2025-01-29 23:40:02,390][__main__][INFO] - [1, 12, 23], []
[2025-01-29 23:40:02,470][__main__][INFO] - [1, 13, 16], []
[2025-01-29 23:40:02,493][__main__][INFO] - [1, 13], [16]
[2025-01-29 23:40:02,531][__main__][INFO] - [1, 13, 18], []
[2025-01-29 23:40:02,569][__main__][INFO] - [1, 13, 20], []
[2025-01-29 23:40:02,682][__main__][INFO] - [1, 14, 16], []
[2025-01-29 23:40:02,704][__main__][INFO] - [1, 14], [16]
[2025-01-29 23:40:02,742][__main__][INFO] - [1, 14, 18], []
[2025-01-29 23:40:02,809][__main__][INFO] - [1, 14, 22], []
[2025-01-29 23:40:02,832][__main__][INFO] - [1, 14, 23], []
[2025-01-29 23:40:02,900][__main__][INFO] - [1, 15, 16], []
[2025-01-29 23:40:02,928][__main__][INFO] - [1, 15], [16]
[2025-01-29 23:40:02,960][__main__][INFO] - [1, 15, 17], []
[2025-01-29 23:40:02,988][__main__][INFO] - [1, 15, 18], []
[2025-01-29 23:40:03,020][__main__][INFO] - [1, 15, 19], []
[2025-01-29 23:40:03,042][__main__][INFO] - [1, 15, 20], []
[2025-01-29 23:40:03,065][__main__][INFO] - [1, 15, 21], []
[2025-01-29 23:40:03,103][__main__][INFO] - [1, 15, 23], []
[2025-01-29 23:40:03,126][__main__][INFO] - [1, 15, 24], []
[2025-01-29 23:40:03,179][__main__][INFO] - [1, 16, 17], []
[2025-01-29 23:40:03,211][__main__][INFO] - [1, 16, 18], []
[2025-01-29 23:40:03,282][__main__][INFO] - [1, 16, 19], []
[2025-01-29 23:40:03,308][__main__][INFO] - [1, 16, 20], []
[2025-01-29 23:40:03,334][__main__][INFO] - [1, 16, 21], []
[2025-01-29 23:40:03,357][__main__][INFO] - [1, 16, 22], []
[2025-01-29 23:40:03,379][__main__][INFO] - [1, 16, 23], []
[2025-01-29 23:40:03,414][__main__][INFO] - [1, 16, 24], []
[2025-01-29 23:40:03,466][__main__][INFO] - [1, 17], [16]
[2025-01-29 23:40:03,501][__main__][INFO] - [1, 18], [16]
[2025-01-29 23:40:03,579][__main__][INFO] - [1, 19], [16]
[2025-01-29 23:40:03,605][__main__][INFO] - [1, 20], [16]
[2025-01-29 23:40:03,631][__main__][INFO] - [1, 21], [16]
[2025-01-29 23:40:03,654][__main__][INFO] - [1, 22], [16]
[2025-01-29 23:40:03,677][__main__][INFO] - [1, 23], [16]
[2025-01-29 23:40:03,711][__main__][INFO] - [1, 24], [16]
[2025-01-29 23:40:03,778][__main__][INFO] - [2, 10, 16], []
[2025-01-29 23:40:03,853][__main__][INFO] - [2, 10], [16]
[2025-01-29 23:40:03,936][__main__][INFO] - [2, 10, 17], []
[2025-01-29 23:40:03,968][__main__][INFO] - [2, 10, 18], []
[2025-01-29 23:40:04,074][__main__][INFO] - [2, 10, 19], []
[2025-01-29 23:40:04,101][__main__][INFO] - [2, 10, 20], []
[2025-01-29 23:40:04,129][__main__][INFO] - [2, 10, 21], []
[2025-01-29 23:40:04,152][__main__][INFO] - [2, 10, 22], []
[2025-01-29 23:40:04,175][__main__][INFO] - [2, 10, 23], []
[2025-01-29 23:40:04,206][__main__][INFO] - [2, 10, 24], []
[2025-01-29 23:40:04,259][__main__][INFO] - [2, 11, 16], []
[2025-01-29 23:40:04,284][__main__][INFO] - [2, 11], [16]
[2025-01-29 23:40:04,323][__main__][INFO] - [2, 11, 18], []
[2025-01-29 23:40:04,349][__main__][INFO] - [2, 11, 19], []
[2025-01-29 23:40:04,418][__main__][INFO] - [2, 11, 23], []
[2025-01-29 23:40:04,486][__main__][INFO] - [2, 12, 16], []
[2025-01-29 23:40:04,518][__main__][INFO] - [2, 12], [16]
[2025-01-29 23:40:04,566][__main__][INFO] - [2, 12, 18], []
[2025-01-29 23:40:04,590][__main__][INFO] - [2, 12, 19], []
[2025-01-29 23:40:04,658][__main__][INFO] - [2, 12, 23], []
[2025-01-29 23:40:04,743][__main__][INFO] - [2, 13, 16], []
[2025-01-29 23:40:04,766][__main__][INFO] - [2, 13], [16]
[2025-01-29 23:40:04,804][__main__][INFO] - [2, 13, 18], []
[2025-01-29 23:40:04,842][__main__][INFO] - [2, 13, 20], []
[2025-01-29 23:40:04,895][__main__][INFO] - [2, 13, 23], []
[2025-01-29 23:40:04,962][__main__][INFO] - [2, 14, 16], []
[2025-01-29 23:40:04,985][__main__][INFO] - [2, 14], [16]
[2025-01-29 23:40:05,023][__main__][INFO] - [2, 14, 18], []
[2025-01-29 23:40:05,090][__main__][INFO] - [2, 14, 22], []
[2025-01-29 23:40:05,113][__main__][INFO] - [2, 14, 23], []
[2025-01-29 23:40:05,180][__main__][INFO] - [2, 15, 16], []
[2025-01-29 23:40:05,213][__main__][INFO] - [2, 15], [16]
[2025-01-29 23:40:05,251][__main__][INFO] - [2, 15, 17], []
[2025-01-29 23:40:05,283][__main__][INFO] - [2, 15, 18], []
[2025-01-29 23:40:05,319][__main__][INFO] - [2, 15, 19], []
[2025-01-29 23:40:05,342][__main__][INFO] - [2, 15, 20], []
[2025-01-29 23:40:05,365][__main__][INFO] - [2, 15, 21], []
[2025-01-29 23:40:05,403][__main__][INFO] - [2, 15, 23], []
[2025-01-29 23:40:05,426][__main__][INFO] - [2, 15, 24], []
[2025-01-29 23:40:05,479][__main__][INFO] - [2, 16, 17], []
[2025-01-29 23:40:05,509][__main__][INFO] - [2, 16, 18], []
[2025-01-29 23:40:05,575][__main__][INFO] - [2, 16, 19], []
[2025-01-29 23:40:05,600][__main__][INFO] - [2, 16, 20], []
[2025-01-29 23:40:05,628][__main__][INFO] - [2, 16, 21], []
[2025-01-29 23:40:05,653][__main__][INFO] - [2, 16, 22], []
[2025-01-29 23:40:05,676][__main__][INFO] - [2, 16, 23], []
[2025-01-29 23:40:05,712][__main__][INFO] - [2, 16, 24], []
[2025-01-29 23:40:05,765][__main__][INFO] - [2, 17], [16]
[2025-01-29 23:40:05,798][__main__][INFO] - [2, 18], [16]
[2025-01-29 23:40:05,875][__main__][INFO] - [2, 19], [16]
[2025-01-29 23:40:05,901][__main__][INFO] - [2, 20], [16]
[2025-01-29 23:40:05,926][__main__][INFO] - [2, 21], [16]
[2025-01-29 23:40:05,949][__main__][INFO] - [2, 22], [16]
[2025-01-29 23:40:05,972][__main__][INFO] - [2, 23], [16]
[2025-01-29 23:40:06,008][__main__][INFO] - [2, 24], [16]
[2025-01-29 23:40:06,075][__main__][INFO] - [3, 10, 16], []
[2025-01-29 23:40:06,133][__main__][INFO] - [3, 10], [16]
[2025-01-29 23:40:06,195][__main__][INFO] - [3, 10, 17], []
[2025-01-29 23:40:06,221][__main__][INFO] - [3, 10, 18], []
[2025-01-29 23:40:06,302][__main__][INFO] - [3, 10, 19], []
[2025-01-29 23:40:06,328][__main__][INFO] - [3, 10, 20], []
[2025-01-29 23:40:06,354][__main__][INFO] - [3, 10, 21], []
[2025-01-29 23:40:06,378][__main__][INFO] - [3, 10, 22], []
[2025-01-29 23:40:06,401][__main__][INFO] - [3, 10, 23], []
[2025-01-29 23:40:06,427][__main__][INFO] - [3, 10, 24], []
[2025-01-29 23:40:06,479][__main__][INFO] - [3, 11, 16], []
[2025-01-29 23:40:06,504][__main__][INFO] - [3, 11], [16]
[2025-01-29 23:40:06,543][__main__][INFO] - [3, 11, 18], []
[2025-01-29 23:40:06,569][__main__][INFO] - [3, 11, 19], []
[2025-01-29 23:40:06,637][__main__][INFO] - [3, 11, 23], []
[2025-01-29 23:40:06,704][__main__][INFO] - [3, 12, 16], []
[2025-01-29 23:40:06,737][__main__][INFO] - [3, 12], [16]
[2025-01-29 23:40:06,785][__main__][INFO] - [3, 12, 18], []
[2025-01-29 23:40:06,809][__main__][INFO] - [3, 12, 19], []
[2025-01-29 23:40:06,880][__main__][INFO] - [3, 12, 23], []
[2025-01-29 23:40:06,967][__main__][INFO] - [3, 13, 16], []
[2025-01-29 23:40:06,990][__main__][INFO] - [3, 13], [16]
[2025-01-29 23:40:07,028][__main__][INFO] - [3, 13, 18], []
[2025-01-29 23:40:07,065][__main__][INFO] - [3, 13, 20], []
[2025-01-29 23:40:07,119][__main__][INFO] - [3, 13, 23], []
[2025-01-29 23:40:07,186][__main__][INFO] - [3, 14, 16], []
[2025-01-29 23:40:07,209][__main__][INFO] - [3, 14], [16]
[2025-01-29 23:40:07,246][__main__][INFO] - [3, 14, 18], []
[2025-01-29 23:40:07,269][__main__][INFO] - [3, 14, 19], []
[2025-01-29 23:40:07,322][__main__][INFO] - [3, 14, 22], []
[2025-01-29 23:40:07,345][__main__][INFO] - [3, 14, 23], []
[2025-01-29 23:40:07,412][__main__][INFO] - [3, 15, 16], []
[2025-01-29 23:40:07,446][__main__][INFO] - [3, 15], [16]
[2025-01-29 23:40:07,483][__main__][INFO] - [3, 15, 17], []
[2025-01-29 23:40:07,515][__main__][INFO] - [3, 15, 18], []
[2025-01-29 23:40:07,553][__main__][INFO] - [3, 15, 19], []
[2025-01-29 23:40:07,576][__main__][INFO] - [3, 15, 20], []
[2025-01-29 23:40:07,598][__main__][INFO] - [3, 15, 21], []
[2025-01-29 23:40:07,636][__main__][INFO] - [3, 15, 23], []
[2025-01-29 23:40:07,660][__main__][INFO] - [3, 15, 24], []
[2025-01-29 23:40:07,712][__main__][INFO] - [3, 16, 17], []
[2025-01-29 23:40:07,740][__main__][INFO] - [3, 16, 18], []
[2025-01-29 23:40:07,797][__main__][INFO] - [3, 16, 19], []
[2025-01-29 23:40:07,821][__main__][INFO] - [3, 16, 20], []
[2025-01-29 23:40:07,846][__main__][INFO] - [3, 16, 21], []
[2025-01-29 23:40:07,869][__main__][INFO] - [3, 16, 22], []
[2025-01-29 23:40:07,892][__main__][INFO] - [3, 16, 23], []
[2025-01-29 23:40:07,925][__main__][INFO] - [3, 16, 24], []
[2025-01-29 23:40:07,978][__main__][INFO] - [3, 17], [16]
[2025-01-29 23:40:08,007][__main__][INFO] - [3, 18], [16]
[2025-01-29 23:40:08,070][__main__][INFO] - [3, 19], [16]
[2025-01-29 23:40:08,094][__main__][INFO] - [3, 20], [16]
[2025-01-29 23:40:08,119][__main__][INFO] - [3, 21], [16]
[2025-01-29 23:40:08,142][__main__][INFO] - [3, 22], [16]
[2025-01-29 23:40:08,164][__main__][INFO] - [3, 23], [16]
[2025-01-29 23:40:08,198][__main__][INFO] - [3, 24], [16]
[2025-01-29 23:40:08,265][__main__][INFO] - [4, 10, 16], []
[2025-01-29 23:40:08,333][__main__][INFO] - [4, 10], [16]
[2025-01-29 23:40:08,406][__main__][INFO] - [4, 10, 17], []
[2025-01-29 23:40:08,432][__main__][INFO] - [4, 10, 18], []
[2025-01-29 23:40:08,537][__main__][INFO] - [4, 10, 19], []
[2025-01-29 23:40:08,562][__main__][INFO] - [4, 10, 20], []
[2025-01-29 23:40:08,590][__main__][INFO] - [4, 10, 21], []
[2025-01-29 23:40:08,613][__main__][INFO] - [4, 10, 22], []
[2025-01-29 23:40:08,636][__main__][INFO] - [4, 10, 23], []
[2025-01-29 23:40:08,662][__main__][INFO] - [4, 10, 24], []
[2025-01-29 23:40:08,715][__main__][INFO] - [4, 11, 16], []
[2025-01-29 23:40:08,739][__main__][INFO] - [4, 11], [16]
[2025-01-29 23:40:08,779][__main__][INFO] - [4, 11, 18], []
[2025-01-29 23:40:08,805][__main__][INFO] - [4, 11, 19], []
[2025-01-29 23:40:08,828][__main__][INFO] - [4, 11, 20], []
[2025-01-29 23:40:08,881][__main__][INFO] - [4, 11, 23], []
[2025-01-29 23:40:08,948][__main__][INFO] - [4, 12, 16], []
[2025-01-29 23:40:08,984][__main__][INFO] - [4, 12], [16]
[2025-01-29 23:40:09,033][__main__][INFO] - [4, 12, 18], []
[2025-01-29 23:40:09,057][__main__][INFO] - [4, 12, 19], []
[2025-01-29 23:40:09,125][__main__][INFO] - [4, 12, 23], []
[2025-01-29 23:40:09,215][__main__][INFO] - [4, 13, 16], []
[2025-01-29 23:40:09,239][__main__][INFO] - [4, 13], [16]
[2025-01-29 23:40:09,277][__main__][INFO] - [4, 13, 18], []
[2025-01-29 23:40:09,315][__main__][INFO] - [4, 13, 20], []
[2025-01-29 23:40:09,368][__main__][INFO] - [4, 13, 23], []
[2025-01-29 23:40:09,436][__main__][INFO] - [4, 14, 16], []
[2025-01-29 23:40:09,459][__main__][INFO] - [4, 14], [16]
[2025-01-29 23:40:09,496][__main__][INFO] - [4, 14, 18], []
[2025-01-29 23:40:09,519][__main__][INFO] - [4, 14, 19], []
[2025-01-29 23:40:09,572][__main__][INFO] - [4, 14, 22], []
[2025-01-29 23:40:09,654][__main__][INFO] - [4, 15, 16], []
[2025-01-29 23:40:09,691][__main__][INFO] - [4, 15], [16]
[2025-01-29 23:40:09,732][__main__][INFO] - [4, 15, 17], []
[2025-01-29 23:40:09,767][__main__][INFO] - [4, 15, 18], []
[2025-01-29 23:40:09,808][__main__][INFO] - [4, 15, 19], []
[2025-01-29 23:40:09,831][__main__][INFO] - [4, 15, 20], []
[2025-01-29 23:40:09,854][__main__][INFO] - [4, 15, 21], []
[2025-01-29 23:40:09,891][__main__][INFO] - [4, 15, 23], []
[2025-01-29 23:40:09,915][__main__][INFO] - [4, 15, 24], []
[2025-01-29 23:40:09,967][__main__][INFO] - [4, 16, 17], []
[2025-01-29 23:40:09,996][__main__][INFO] - [4, 16, 18], []
[2025-01-29 23:40:10,065][__main__][INFO] - [4, 16, 19], []
[2025-01-29 23:40:10,089][__main__][INFO] - [4, 16, 20], []
[2025-01-29 23:40:10,114][__main__][INFO] - [4, 16, 21], []
[2025-01-29 23:40:10,137][__main__][INFO] - [4, 16, 22], []
[2025-01-29 23:40:10,160][__main__][INFO] - [4, 16, 23], []
[2025-01-29 23:40:10,195][__main__][INFO] - [4, 16, 24], []
[2025-01-29 23:40:10,248][__main__][INFO] - [4, 17], [16]
[2025-01-29 23:40:10,279][__main__][INFO] - [4, 18], [16]
[2025-01-29 23:40:10,359][__main__][INFO] - [4, 19], [16]
[2025-01-29 23:40:10,382][__main__][INFO] - [4, 20], [16]
[2025-01-29 23:40:10,408][__main__][INFO] - [4, 21], [16]
[2025-01-29 23:40:10,431][__main__][INFO] - [4, 22], [16]
[2025-01-29 23:40:10,454][__main__][INFO] - [4, 23], [16]
[2025-01-29 23:40:10,488][__main__][INFO] - [4, 24], [16]
[2025-01-29 23:40:10,555][__main__][INFO] - [5, 10, 16], []
[2025-01-29 23:40:10,622][__main__][INFO] - [5, 10], [16]
[2025-01-29 23:40:10,694][__main__][INFO] - [5, 10, 17], []
[2025-01-29 23:40:10,719][__main__][INFO] - [5, 10, 18], []
[2025-01-29 23:40:10,823][__main__][INFO] - [5, 10, 19], []
[2025-01-29 23:40:10,848][__main__][INFO] - [5, 10, 20], []
[2025-01-29 23:40:10,875][__main__][INFO] - [5, 10, 21], []
[2025-01-29 23:40:10,898][__main__][INFO] - [5, 10, 22], []
[2025-01-29 23:40:10,921][__main__][INFO] - [5, 10, 23], []
[2025-01-29 23:40:10,946][__main__][INFO] - [5, 10, 24], []
[2025-01-29 23:40:10,998][__main__][INFO] - [5, 11, 16], []
[2025-01-29 23:40:11,023][__main__][INFO] - [5, 11], [16]
[2025-01-29 23:40:11,062][__main__][INFO] - [5, 11, 18], []
[2025-01-29 23:40:11,088][__main__][INFO] - [5, 11, 19], []
[2025-01-29 23:40:11,215][__main__][INFO] - [5, 12, 16], []
[2025-01-29 23:40:11,248][__main__][INFO] - [5, 12], [16]
[2025-01-29 23:40:11,295][__main__][INFO] - [5, 12, 18], []
[2025-01-29 23:40:11,319][__main__][INFO] - [5, 12, 19], []
[2025-01-29 23:40:11,387][__main__][INFO] - [5, 12, 23], []
[2025-01-29 23:40:11,473][__main__][INFO] - [5, 13, 16], []
[2025-01-29 23:40:11,496][__main__][INFO] - [5, 13], [16]
[2025-01-29 23:40:11,534][__main__][INFO] - [5, 13, 18], []
[2025-01-29 23:40:11,572][__main__][INFO] - [5, 13, 20], []
[2025-01-29 23:40:11,625][__main__][INFO] - [5, 13, 23], []
[2025-01-29 23:40:11,692][__main__][INFO] - [5, 14, 16], []
[2025-01-29 23:40:11,715][__main__][INFO] - [5, 14], [16]
[2025-01-29 23:40:11,753][__main__][INFO] - [5, 14, 18], []
[2025-01-29 23:40:11,775][__main__][INFO] - [5, 14, 19], []
[2025-01-29 23:40:11,828][__main__][INFO] - [5, 14, 22], []
[2025-01-29 23:40:11,851][__main__][INFO] - [5, 14, 23], []
[2025-01-29 23:40:11,918][__main__][INFO] - [5, 15, 16], []
[2025-01-29 23:40:11,949][__main__][INFO] - [5, 15], [16]
[2025-01-29 23:40:11,983][__main__][INFO] - [5, 15, 17], []
[2025-01-29 23:40:12,013][__main__][INFO] - [5, 15, 18], []
[2025-01-29 23:40:12,048][__main__][INFO] - [5, 15, 19], []
[2025-01-29 23:40:12,071][__main__][INFO] - [5, 15, 20], []
[2025-01-29 23:40:12,094][__main__][INFO] - [5, 15, 21], []
[2025-01-29 23:40:12,132][__main__][INFO] - [5, 15, 23], []
[2025-01-29 23:40:12,155][__main__][INFO] - [5, 15, 24], []
[2025-01-29 23:40:12,207][__main__][INFO] - [5, 16, 17], []
[2025-01-29 23:40:12,234][__main__][INFO] - [5, 16, 18], []
[2025-01-29 23:40:12,301][__main__][INFO] - [5, 16, 19], []
[2025-01-29 23:40:12,325][__main__][INFO] - [5, 16, 20], []
[2025-01-29 23:40:12,350][__main__][INFO] - [5, 16, 21], []
[2025-01-29 23:40:12,372][__main__][INFO] - [5, 16, 22], []
[2025-01-29 23:40:12,395][__main__][INFO] - [5, 16, 23], []
[2025-01-29 23:40:12,428][__main__][INFO] - [5, 16, 24], []
[2025-01-29 23:40:12,481][__main__][INFO] - [5, 17], [16]
[2025-01-29 23:40:12,508][__main__][INFO] - [5, 18], [16]
[2025-01-29 23:40:12,583][__main__][INFO] - [5, 19], [16]
[2025-01-29 23:40:12,607][__main__][INFO] - [5, 20], [16]
[2025-01-29 23:40:12,631][__main__][INFO] - [5, 21], [16]
[2025-01-29 23:40:12,654][__main__][INFO] - [5, 22], [16]
[2025-01-29 23:40:12,677][__main__][INFO] - [5, 23], [16]
[2025-01-29 23:40:12,709][__main__][INFO] - [5, 24], [16]
[2025-01-29 23:40:12,776][__main__][INFO] - [6, 10, 16], []
[2025-01-29 23:40:12,816][__main__][INFO] - [6, 10], [16]
[2025-01-29 23:40:12,859][__main__][INFO] - [6, 10, 17], []
[2025-01-29 23:40:12,882][__main__][INFO] - [6, 10, 18], []
[2025-01-29 23:40:12,939][__main__][INFO] - [6, 10, 19], []
[2025-01-29 23:40:12,963][__main__][INFO] - [6, 10, 20], []
[2025-01-29 23:40:12,987][__main__][INFO] - [6, 10, 21], []
[2025-01-29 23:40:13,010][__main__][INFO] - [6, 10, 22], []
[2025-01-29 23:40:13,033][__main__][INFO] - [6, 10, 23], []
[2025-01-29 23:40:13,101][__main__][INFO] - [6, 11, 16], []
[2025-01-29 23:40:13,124][__main__][INFO] - [6, 11], [16]
[2025-01-29 23:40:13,162][__main__][INFO] - [6, 11, 18], []
[2025-01-29 23:40:13,305][__main__][INFO] - [6, 12, 16], []
[2025-01-29 23:40:13,331][__main__][INFO] - [6, 12], [16]
[2025-01-29 23:40:13,372][__main__][INFO] - [6, 12, 18], []
[2025-01-29 23:40:13,396][__main__][INFO] - [6, 12, 19], []
[2025-01-29 23:40:13,464][__main__][INFO] - [6, 12, 23], []
[2025-01-29 23:40:13,538][__main__][INFO] - [6, 13, 16], []
[2025-01-29 23:40:13,561][__main__][INFO] - [6, 13], [16]
[2025-01-29 23:40:13,598][__main__][INFO] - [6, 13, 18], []
[2025-01-29 23:40:13,636][__main__][INFO] - [6, 13, 20], []
[2025-01-29 23:40:13,763][__main__][INFO] - [6, 14], [16]
[2025-01-29 23:40:13,936][__main__][INFO] - [6, 15, 16], []
[2025-01-29 23:40:13,961][__main__][INFO] - [6, 15], [16]
[2025-01-29 23:40:13,987][__main__][INFO] - [6, 15, 17], []
[2025-01-29 23:40:14,010][__main__][INFO] - [6, 15, 18], []
[2025-01-29 23:40:14,036][__main__][INFO] - [6, 15, 19], []
[2025-01-29 23:40:14,059][__main__][INFO] - [6, 15, 20], []
[2025-01-29 23:40:14,112][__main__][INFO] - [6, 15, 23], []
[2025-01-29 23:40:14,180][__main__][INFO] - [6, 16, 17], []
[2025-01-29 23:40:14,203][__main__][INFO] - [6, 16, 18], []
[2025-01-29 23:40:14,243][__main__][INFO] - [6, 16, 19], []
[2025-01-29 23:40:14,266][__main__][INFO] - [6, 16, 20], []
[2025-01-29 23:40:14,289][__main__][INFO] - [6, 16, 21], []
[2025-01-29 23:40:14,312][__main__][INFO] - [6, 16, 22], []
[2025-01-29 23:40:14,335][__main__][INFO] - [6, 16, 23], []
[2025-01-29 23:40:14,405][__main__][INFO] - [6, 17], [16]
[2025-01-29 23:40:14,429][__main__][INFO] - [6, 18], [16]
[2025-01-29 23:40:14,473][__main__][INFO] - [6, 19], [16]
[2025-01-29 23:40:14,496][__main__][INFO] - [6, 20], [16]
[2025-01-29 23:40:14,519][__main__][INFO] - [6, 21], [16]
[2025-01-29 23:40:14,542][__main__][INFO] - [6, 22], [16]
[2025-01-29 23:40:14,565][__main__][INFO] - [6, 23], [16]
[2025-01-29 23:40:14,649][__main__][INFO] - [7, 10, 16], []
[2025-01-29 23:40:14,678][__main__][INFO] - [7, 10], [16]
[2025-01-29 23:40:14,707][__main__][INFO] - [7, 10, 17], []
[2025-01-29 23:40:14,730][__main__][INFO] - [7, 10, 18], []
[2025-01-29 23:40:14,765][__main__][INFO] - [7, 10, 19], []
[2025-01-29 23:40:14,788][__main__][INFO] - [7, 10, 20], []
[2025-01-29 23:40:14,811][__main__][INFO] - [7, 10, 21], []
[2025-01-29 23:40:14,850][__main__][INFO] - [7, 10, 23], []
[2025-01-29 23:40:14,917][__main__][INFO] - [7, 11, 16], []
[2025-01-29 23:40:14,940][__main__][INFO] - [7, 11], [16]
[2025-01-29 23:40:14,978][__main__][INFO] - [7, 11, 18], []
[2025-01-29 23:40:15,121][__main__][INFO] - [7, 12, 16], []
[2025-01-29 23:40:15,144][__main__][INFO] - [7, 12], [16]
[2025-01-29 23:40:15,182][__main__][INFO] - [7, 12, 18], []
[2025-01-29 23:40:15,205][__main__][INFO] - [7, 12, 19], []
[2025-01-29 23:40:15,273][__main__][INFO] - [7, 12, 23], []
[2025-01-29 23:40:15,357][__main__][INFO] - [7, 13], [16]
[2025-01-29 23:40:15,395][__main__][INFO] - [7, 13, 18], []
[2025-01-29 23:40:15,715][__main__][INFO] - [7, 15, 16], []
[2025-01-29 23:40:15,738][__main__][INFO] - [7, 15], [16]
[2025-01-29 23:40:15,761][__main__][INFO] - [7, 15, 17], []
[2025-01-29 23:40:15,784][__main__][INFO] - [7, 15, 18], []
[2025-01-29 23:40:15,807][__main__][INFO] - [7, 15, 19], []
[2025-01-29 23:40:15,933][__main__][INFO] - [7, 16, 17], []
[2025-01-29 23:40:15,955][__main__][INFO] - [7, 16, 18], []
[2025-01-29 23:40:15,983][__main__][INFO] - [7, 16, 19], []
[2025-01-29 23:40:16,006][__main__][INFO] - [7, 16, 20], []
[2025-01-29 23:40:16,028][__main__][INFO] - [7, 16, 21], []
[2025-01-29 23:40:16,066][__main__][INFO] - [7, 16, 23], []
[2025-01-29 23:40:16,134][__main__][INFO] - [7, 17], [16]
[2025-01-29 23:40:16,157][__main__][INFO] - [7, 18], [16]
[2025-01-29 23:40:16,186][__main__][INFO] - [7, 19], [16]
[2025-01-29 23:40:16,209][__main__][INFO] - [7, 20], [16]
[2025-01-29 23:40:16,232][__main__][INFO] - [7, 21], [16]
[2025-01-29 23:40:16,269][__main__][INFO] - [7, 23], [16]
[2025-01-29 23:40:16,351][__main__][INFO] - [8, 10, 16], []
[2025-01-29 23:40:16,375][__main__][INFO] - [8, 10], [16]
[2025-01-29 23:40:16,414][__main__][INFO] - [8, 10, 18], []
[2025-01-29 23:40:16,439][__main__][INFO] - [8, 10, 19], []
[2025-01-29 23:40:16,462][__main__][INFO] - [8, 10, 20], []
[2025-01-29 23:40:16,514][__main__][INFO] - [8, 10, 23], []
[2025-01-29 23:40:16,581][__main__][INFO] - [8, 11, 16], []
[2025-01-29 23:40:16,604][__main__][INFO] - [8, 11], [16]
[2025-01-29 23:40:16,641][__main__][INFO] - [8, 11, 18], []
[2025-01-29 23:40:16,782][__main__][INFO] - [8, 12, 16], []
[2025-01-29 23:40:16,805][__main__][INFO] - [8, 12], [16]
[2025-01-29 23:40:16,843][__main__][INFO] - [8, 12, 18], []
[2025-01-29 23:40:16,924][__main__][INFO] - [8, 12, 23], []
[2025-01-29 23:40:17,021][__main__][INFO] - [8, 15, 16], []
[2025-01-29 23:40:17,044][__main__][INFO] - [8, 15], [16]
[2025-01-29 23:40:17,081][__main__][INFO] - [8, 15, 18], []
[2025-01-29 23:40:17,237][__main__][INFO] - [8, 16, 18], []
[2025-01-29 23:40:17,260][__main__][INFO] - [8, 16, 19], []
[2025-01-29 23:40:17,283][__main__][INFO] - [8, 16, 20], []
[2025-01-29 23:40:17,335][__main__][INFO] - [8, 16, 23], []
[2025-01-29 23:40:17,402][__main__][INFO] - [8, 17], [16]
[2025-01-29 23:40:17,425][__main__][INFO] - [8, 18], [16]
[2025-01-29 23:40:17,449][__main__][INFO] - [8, 19], [16]
[2025-01-29 23:40:17,471][__main__][INFO] - [8, 20], [16]
[2025-01-29 23:40:17,523][__main__][INFO] - [8, 23], [16]
[2025-01-29 23:40:17,605][__main__][INFO] - [9, 10, 16], []
[2025-01-29 23:40:17,628][__main__][INFO] - [9, 10], [16]
[2025-01-29 23:40:17,666][__main__][INFO] - [9, 10, 18], []
[2025-01-29 23:40:18,058][__main__][INFO] - [9, 16, 18], []
[2025-01-29 23:40:18,214][__main__][INFO] - [9, 18], [16]
[2025-01-29 23:40:18,370][__main__][INFO] - [10, 16, 17], []
[2025-01-29 23:40:18,414][__main__][INFO] - [10, 16, 18], []
[2025-01-29 23:40:18,687][__main__][INFO] - [10, 16, 19], []
[2025-01-29 23:40:18,722][__main__][INFO] - [10, 16, 20], []
[2025-01-29 23:40:18,759][__main__][INFO] - [10, 16, 21], []
[2025-01-29 23:40:18,783][__main__][INFO] - [10, 16, 22], []
[2025-01-29 23:40:18,806][__main__][INFO] - [10, 16, 23], []
[2025-01-29 23:40:18,846][__main__][INFO] - [10, 16, 24], []
[2025-01-29 23:40:18,898][__main__][INFO] - [10, 17], [16]
[2025-01-29 23:40:18,944][__main__][INFO] - [10, 18], [16]
[2025-01-29 23:40:19,247][__main__][INFO] - [10, 19], [16]
[2025-01-29 23:40:19,282][__main__][INFO] - [10, 20], [16]
[2025-01-29 23:40:19,318][__main__][INFO] - [10, 21], [16]
[2025-01-29 23:40:19,342][__main__][INFO] - [10, 22], [16]
[2025-01-29 23:40:19,365][__main__][INFO] - [10, 23], [16]
[2025-01-29 23:40:19,405][__main__][INFO] - [10, 24], [16]
[2025-01-29 23:40:19,472][__main__][INFO] - [11, 16, 17], []
[2025-01-29 23:40:19,494][__main__][INFO] - [11, 16, 18], []
[2025-01-29 23:40:19,524][__main__][INFO] - [11, 16, 19], []
[2025-01-29 23:40:19,546][__main__][INFO] - [11, 16, 20], []
[2025-01-29 23:40:19,598][__main__][INFO] - [11, 16, 23], []
[2025-01-29 23:40:19,665][__main__][INFO] - [11, 17], [16]
[2025-01-29 23:40:19,688][__main__][INFO] - [11, 18], [16]
[2025-01-29 23:40:19,719][__main__][INFO] - [11, 19], [16]
[2025-01-29 23:40:19,742][__main__][INFO] - [11, 20], [16]
[2025-01-29 23:40:19,794][__main__][INFO] - [11, 23], [16]
[2025-01-29 23:40:19,876][__main__][INFO] - [12, 16, 17], []
[2025-01-29 23:40:19,898][__main__][INFO] - [12, 16, 18], []
[2025-01-29 23:40:19,923][__main__][INFO] - [12, 16, 19], []
[2025-01-29 23:40:19,990][__main__][INFO] - [12, 16, 23], []
[2025-01-29 23:40:20,109][__main__][INFO] - [12, 17], [16]
[2025-01-29 23:40:20,131][__main__][INFO] - [12, 18], [16]
[2025-01-29 23:40:20,158][__main__][INFO] - [12, 19], [16]
[2025-01-29 23:40:20,225][__main__][INFO] - [12, 23], [16]
[2025-01-29 23:40:20,372][__main__][INFO] - [13, 16, 18], []
[2025-01-29 23:40:20,395][__main__][INFO] - [13, 16, 19], []
[2025-01-29 23:40:20,417][__main__][INFO] - [13, 16, 20], []
[2025-01-29 23:40:20,470][__main__][INFO] - [13, 16, 23], []
[2025-01-29 23:40:20,552][__main__][INFO] - [13, 18], [16]
[2025-01-29 23:40:20,575][__main__][INFO] - [13, 19], [16]
[2025-01-29 23:40:20,597][__main__][INFO] - [13, 20], [16]
[2025-01-29 23:40:20,657][__main__][INFO] - [13, 23], [16]
[2025-01-29 23:40:20,754][__main__][INFO] - [14, 16, 18], []
[2025-01-29 23:40:20,777][__main__][INFO] - [14, 16, 19], []
[2025-01-29 23:40:20,829][__main__][INFO] - [14, 16, 22], []
[2025-01-29 23:40:20,851][__main__][INFO] - [14, 16, 23], []
[2025-01-29 23:40:20,933][__main__][INFO] - [14, 18], [16]
[2025-01-29 23:40:20,955][__main__][INFO] - [14, 19], [16]
[2025-01-29 23:40:21,007][__main__][INFO] - [14, 22], [16]
[2025-01-29 23:40:21,029][__main__][INFO] - [14, 23], [16]
[2025-01-29 23:40:21,110][__main__][INFO] - [15, 16, 17], []
[2025-01-29 23:40:21,152][__main__][INFO] - [15, 16, 18], []
[2025-01-29 23:40:21,205][__main__][INFO] - [15, 16, 19], []
[2025-01-29 23:40:21,227][__main__][INFO] - [15, 16, 20], []
[2025-01-29 23:40:21,249][__main__][INFO] - [15, 16, 21], []
[2025-01-29 23:40:21,287][__main__][INFO] - [15, 16, 23], []
[2025-01-29 23:40:21,309][__main__][INFO] - [15, 16, 24], []
[2025-01-29 23:40:21,362][__main__][INFO] - [15, 17], [16]
[2025-01-29 23:40:21,412][__main__][INFO] - [15, 18], [16]
[2025-01-29 23:40:21,476][__main__][INFO] - [15, 19], [16]
[2025-01-29 23:40:21,498][__main__][INFO] - [15, 20], [16]
[2025-01-29 23:40:21,521][__main__][INFO] - [15, 21], [16]
[2025-01-29 23:40:21,558][__main__][INFO] - [15, 23], [16]
[2025-01-29 23:40:21,580][__main__][INFO] - [15, 24], [16]
