[2025-01-29 13:40:11,512][__main__][INFO] - In total, there are 5772124799 possible subgroups
[2025-01-29 13:40:11,541][__main__][INFO] - [0], []
[2025-01-29 13:40:40,873][__main__][INFO] - [], [0]
[2025-01-29 13:41:08,143][__main__][INFO] - [1], []
[2025-01-29 13:41:10,525][__main__][INFO] - [2], []
[2025-01-29 13:41:34,202][__main__][INFO] - [3], []
[2025-01-29 13:41:35,374][__main__][INFO] - [4], []
[2025-01-29 13:41:38,418][__main__][INFO] - [5], []
[2025-01-29 13:41:39,441][__main__][INFO] - [6], []
[2025-01-29 13:41:39,606][__main__][INFO] - [7], []
[2025-01-29 13:41:39,669][__main__][INFO] - [8], []
[2025-01-29 13:41:39,714][__main__][INFO] - [9], []
[2025-01-29 13:41:39,733][__main__][INFO] - [10], []
[2025-01-29 13:41:40,492][__main__][INFO] - [11], []
[2025-01-29 13:41:41,770][__main__][INFO] - [12], []
[2025-01-29 13:41:43,104][__main__][INFO] - [13], []
[2025-01-29 13:41:44,529][__main__][INFO] - [14], []
[2025-01-29 13:41:46,080][__main__][INFO] - [15], []
[2025-01-29 13:41:48,046][__main__][INFO] - [16], []
[2025-01-29 13:41:49,839][__main__][INFO] - [17], []
[2025-01-29 13:41:51,489][__main__][INFO] - [18], []
[2025-01-29 13:41:52,390][__main__][INFO] - [19], []
[2025-01-29 13:41:52,896][__main__][INFO] - [20], []
[2025-01-29 13:42:23,188][__main__][INFO] - [21], []
[2025-01-29 13:42:26,106][__main__][INFO] - [22], []
[2025-01-29 13:42:30,996][__main__][INFO] - [23], []
[2025-01-29 13:42:31,484][__main__][INFO] - [24], []
[2025-01-29 13:42:31,579][__main__][INFO] - [25], []
[2025-01-29 13:42:31,624][__main__][INFO] - [26], []
[2025-01-29 13:42:50,182][__main__][INFO] - [], [26]
[2025-01-29 13:43:26,793][__main__][INFO] - [27], []
[2025-01-29 13:43:55,828][__main__][INFO] - [28], []
[2025-01-29 13:43:58,943][__main__][INFO] - [29], []
[2025-01-29 13:44:05,392][__main__][INFO] - [30], []
[2025-01-29 13:44:05,842][__main__][INFO] - [31], []
[2025-01-29 13:44:05,880][__main__][INFO] - [32], []
[2025-01-29 13:45:00,994][__main__][INFO] - [33], []
[2025-01-29 13:45:02,533][__main__][INFO] - [34], []
[2025-01-29 13:45:02,577][__main__][INFO] - [35], []
[2025-01-29 13:45:02,691][__main__][INFO] - [36], []
[2025-01-29 13:45:05,228][__main__][INFO] - [37], []
[2025-01-29 13:45:33,274][__main__][INFO] - [38], []
[2025-01-29 13:45:38,723][__main__][INFO] - [39], []
[2025-01-29 13:45:45,253][__main__][INFO] - [40], []
[2025-01-29 13:45:45,463][__main__][INFO] - [41], []
[2025-01-29 13:46:03,093][__main__][INFO] - [], [41]
[2025-01-29 13:46:41,642][__main__][INFO] - [42], []
[2025-01-29 13:46:43,744][__main__][INFO] - [], [42]
[2025-01-29 13:48:03,721][__main__][INFO] - [43], []
[2025-01-29 13:48:05,486][__main__][INFO] - [], [43]
[2025-01-29 13:49:31,025][__main__][INFO] - [44], []
[2025-01-30 00:09:07,864][__main__][INFO] - In total, there are 5772124799 possible subgroups
[2025-01-30 00:09:07,891][__main__][INFO] - [0], []
[2025-01-30 00:09:20,399][__main__][INFO] - [], [0]
[2025-01-30 00:09:32,254][__main__][INFO] - [1], []
[2025-01-30 00:09:33,375][__main__][INFO] - [2], []
[2025-01-30 00:09:43,842][__main__][INFO] - [3], []
[2025-01-30 00:09:44,388][__main__][INFO] - [4], []
[2025-01-30 00:09:45,853][__main__][INFO] - [5], []
[2025-01-30 00:09:46,345][__main__][INFO] - [6], []
[2025-01-30 00:09:46,435][__main__][INFO] - [7], []
[2025-01-30 00:09:46,474][__main__][INFO] - [8], []
[2025-01-30 00:09:46,505][__main__][INFO] - [9], []
[2025-01-30 00:09:46,521][__main__][INFO] - [10], []
[2025-01-30 00:09:46,981][__main__][INFO] - [11], []
[2025-01-30 00:09:47,673][__main__][INFO] - [12], []
[2025-01-30 00:09:48,405][__main__][INFO] - [13], []
[2025-01-30 00:09:49,167][__main__][INFO] - [14], []
[2025-01-30 00:09:49,980][__main__][INFO] - [15], []
[2025-01-30 00:09:50,992][__main__][INFO] - [16], []
[2025-01-30 00:09:51,943][__main__][INFO] - [17], []
[2025-01-30 00:09:52,789][__main__][INFO] - [18], []
[2025-01-30 00:09:53,248][__main__][INFO] - [19], []
[2025-01-30 00:09:53,517][__main__][INFO] - [20], []
[2025-01-30 00:10:07,717][__main__][INFO] - [21], []
[2025-01-30 00:10:09,082][__main__][INFO] - [22], []
[2025-01-30 00:10:11,370][__main__][INFO] - [23], []
[2025-01-30 00:10:11,618][__main__][INFO] - [24], []
[2025-01-30 00:10:11,674][__main__][INFO] - [25], []
[2025-01-30 00:10:11,704][__main__][INFO] - [26], []
[2025-01-30 00:10:19,805][__main__][INFO] - [], [26]
[2025-01-30 00:10:36,670][__main__][INFO] - [27], []
[2025-01-30 00:10:50,266][__main__][INFO] - [28], []
[2025-01-30 00:10:51,768][__main__][INFO] - [29], []
[2025-01-30 00:10:54,664][__main__][INFO] - [30], []
[2025-01-30 00:10:54,882][__main__][INFO] - [31], []
[2025-01-30 00:10:54,909][__main__][INFO] - [32], []
[2025-01-30 00:11:19,540][__main__][INFO] - [33], []
[2025-01-30 00:11:20,196][__main__][INFO] - [34], []
[2025-01-30 00:11:20,224][__main__][INFO] - [35], []
[2025-01-30 00:11:20,285][__main__][INFO] - [36], []
[2025-01-30 00:11:21,509][__main__][INFO] - [37], []
[2025-01-30 00:11:34,050][__main__][INFO] - [38], []
[2025-01-30 00:11:36,649][__main__][INFO] - [39], []
[2025-01-30 00:11:39,494][__main__][INFO] - [40], []
[2025-01-30 00:11:39,610][__main__][INFO] - [41], []
[2025-01-30 00:11:47,548][__main__][INFO] - [], [41]
[2025-01-30 00:12:04,667][__main__][INFO] - [42], []
[2025-01-30 00:12:05,599][__main__][INFO] - [], [42]
[2025-01-30 00:12:40,321][__main__][INFO] - [43], []
[2025-01-30 00:12:40,992][__main__][INFO] - [], [43]
[2025-01-30 00:13:17,236][__main__][INFO] - [44], []
[2025-01-30 00:13:47,276][__main__][INFO] - [45], []
[2025-01-30 00:13:48,740][__main__][INFO] - [46], []
[2025-01-30 00:13:48,890][__main__][INFO] - [47], []
[2025-01-30 00:14:17,279][__main__][INFO] - [48], []
[2025-01-30 00:14:19,352][__main__][INFO] - [49], []
[2025-01-30 00:14:19,431][__main__][INFO] - [50], []
[2025-01-30 00:14:20,131][__main__][INFO] - [51], []
[2025-01-30 00:14:20,625][__main__][INFO] - [52], []
[2025-01-30 00:14:21,195][__main__][INFO] - [53], []
[2025-01-30 00:14:21,774][__main__][INFO] - [54], []
[2025-01-30 00:14:22,283][__main__][INFO] - [55], []
[2025-01-30 00:14:22,720][__main__][INFO] - [56], []
[2025-01-30 00:14:23,125][__main__][INFO] - [57], []
[2025-01-30 00:14:23,494][__main__][INFO] - [58], []
[2025-01-30 00:14:23,804][__main__][INFO] - [59], []
[2025-01-30 00:14:26,052][__main__][INFO] - [0, 1], []
[2025-01-30 00:14:26,423][__main__][INFO] - [0, 2], []
[2025-01-30 00:14:29,398][__main__][INFO] - [0, 3], []
[2025-01-30 00:14:29,586][__main__][INFO] - [0, 4], []
[2025-01-30 00:14:30,090][__main__][INFO] - [0, 5], []
[2025-01-30 00:14:30,255][__main__][INFO] - [0, 6], []
[2025-01-30 00:14:30,295][__main__][INFO] - [0, 7], []
[2025-01-30 00:14:30,311][__main__][INFO] - [0, 8], []
[2025-01-30 00:14:30,333][__main__][INFO] - [0, 9], []
[2025-01-30 00:14:30,350][__main__][INFO] - [0, 10], []
[2025-01-30 00:14:30,528][__main__][INFO] - [0, 11], []
[2025-01-30 00:14:30,797][__main__][INFO] - [0, 12], []
[2025-01-30 00:14:31,066][__main__][INFO] - [0, 13], []
[2025-01-30 00:14:31,339][__main__][INFO] - [0, 14], []
[2025-01-30 00:14:31,622][__main__][INFO] - [0, 15], []
[2025-01-30 00:14:32,006][__main__][INFO] - [0, 16], []
[2025-01-30 00:14:32,314][__main__][INFO] - [0, 17], []
[2025-01-30 00:14:32,577][__main__][INFO] - [0, 18], []
[2025-01-30 00:14:32,734][__main__][INFO] - [0, 19], []
[2025-01-30 00:14:32,842][__main__][INFO] - [0, 20], []
[2025-01-30 00:14:36,627][__main__][INFO] - [0, 21], []
[2025-01-30 00:14:37,106][__main__][INFO] - [0, 22], []
[2025-01-30 00:14:37,839][__main__][INFO] - [0, 23], []
[2025-01-30 00:14:37,935][__main__][INFO] - [0, 24], []
[2025-01-30 00:14:37,966][__main__][INFO] - [0, 25], []
[2025-01-30 00:14:37,987][__main__][INFO] - [0, 26], []
[2025-01-30 00:14:40,050][__main__][INFO] - [0], [26]
[2025-01-30 00:14:45,048][__main__][INFO] - [0, 27], []
[2025-01-30 00:14:48,698][__main__][INFO] - [0, 28], []
[2025-01-30 00:14:49,202][__main__][INFO] - [0, 29], []
[2025-01-30 00:14:50,128][__main__][INFO] - [0, 30], []
[2025-01-30 00:14:50,207][__main__][INFO] - [0, 31], []
[2025-01-30 00:14:50,227][__main__][INFO] - [0, 32], []
[2025-01-30 00:14:58,742][__main__][INFO] - [0, 33], []
[2025-01-30 00:14:58,785][__main__][INFO] - [0, 34], []
[2025-01-30 00:14:58,802][__main__][INFO] - [0, 35], []
[2025-01-30 00:14:58,821][__main__][INFO] - [0, 36], []
[2025-01-30 00:14:59,269][__main__][INFO] - [0, 37], []
[2025-01-30 00:15:02,819][__main__][INFO] - [0, 38], []
[2025-01-30 00:15:03,638][__main__][INFO] - [0, 39], []
[2025-01-30 00:15:04,498][__main__][INFO] - [0, 40], []
[2025-01-30 00:15:04,550][__main__][INFO] - [0, 41], []
[2025-01-30 00:15:07,003][__main__][INFO] - [0], [41]
[2025-01-30 00:15:11,561][__main__][INFO] - [0, 42], []
[2025-01-30 00:15:11,774][__main__][INFO] - [0], [42]
[2025-01-30 00:15:21,693][__main__][INFO] - [0, 43], []
[2025-01-30 00:15:21,903][__main__][INFO] - [0], [43]
[2025-01-30 00:15:31,924][__main__][INFO] - [0, 44], []
[2025-01-30 00:15:40,430][__main__][INFO] - [0, 45], []
[2025-01-30 00:15:40,813][__main__][INFO] - [0, 46], []
[2025-01-30 00:15:40,886][__main__][INFO] - [0, 47], []
[2025-01-30 00:15:45,182][__main__][INFO] - [0, 48], []
[2025-01-30 00:15:47,224][__main__][INFO] - [0, 49], []
[2025-01-30 00:15:47,303][__main__][INFO] - [0, 50], []
[2025-01-30 00:15:47,525][__main__][INFO] - [0, 51], []
[2025-01-30 00:15:47,703][__main__][INFO] - [0, 52], []
[2025-01-30 00:15:47,901][__main__][INFO] - [0, 53], []
[2025-01-30 00:15:48,102][__main__][INFO] - [0, 54], []
[2025-01-30 00:15:48,278][__main__][INFO] - [0, 55], []
[2025-01-30 00:15:48,436][__main__][INFO] - [0, 56], []
[2025-01-30 00:15:48,579][__main__][INFO] - [0, 57], []
[2025-01-30 00:15:48,711][__main__][INFO] - [0, 58], []
[2025-01-30 00:15:48,825][__main__][INFO] - [0, 59], []
[2025-01-30 00:15:49,580][__main__][INFO] - [1], [0]
[2025-01-30 00:15:49,917][__main__][INFO] - [2], [0]
[2025-01-30 00:15:52,940][__main__][INFO] - [3], [0]
[2025-01-30 00:15:53,105][__main__][INFO] - [4], [0]
[2025-01-30 00:15:53,532][__main__][INFO] - [5], [0]
[2025-01-30 00:15:53,692][__main__][INFO] - [6], [0]
[2025-01-30 00:15:53,732][__main__][INFO] - [7], [0]
[2025-01-30 00:15:53,756][__main__][INFO] - [8], [0]
[2025-01-30 00:15:53,791][__main__][INFO] - [10], [0]
[2025-01-30 00:15:53,982][__main__][INFO] - [11], [0]
[2025-01-30 00:15:54,214][__main__][INFO] - [12], [0]
[2025-01-30 00:15:54,480][__main__][INFO] - [13], [0]
[2025-01-30 00:15:54,750][__main__][INFO] - [14], [0]
[2025-01-30 00:15:55,033][__main__][INFO] - [15], [0]
[2025-01-30 00:15:55,321][__main__][INFO] - [16], [0]
[2025-01-30 00:15:55,651][__main__][INFO] - [17], [0]
[2025-01-30 00:15:55,953][__main__][INFO] - [18], [0]
[2025-01-30 00:15:56,105][__main__][INFO] - [19], [0]
[2025-01-30 00:15:56,185][__main__][INFO] - [20], [0]
[2025-01-30 00:16:00,362][__main__][INFO] - [21], [0]
[2025-01-30 00:16:00,729][__main__][INFO] - [22], [0]
[2025-01-30 00:16:01,317][__main__][INFO] - [23], [0]
[2025-01-30 00:16:01,396][__main__][INFO] - [24], [0]
[2025-01-30 00:16:01,425][__main__][INFO] - [25], [0]
[2025-01-30 00:16:01,441][__main__][INFO] - [26], [0]
[2025-01-30 00:16:03,619][__main__][INFO] - [], [0, 26]
[2025-01-30 00:16:08,065][__main__][INFO] - [27], [0]
[2025-01-30 00:16:12,068][__main__][INFO] - [28], [0]
[2025-01-30 00:16:12,456][__main__][INFO] - [29], [0]
[2025-01-30 00:16:13,196][__main__][INFO] - [30], [0]
[2025-01-30 00:16:13,269][__main__][INFO] - [31], [0]
[2025-01-30 00:16:13,285][__main__][INFO] - [32], [0]
[2025-01-30 00:16:18,405][__main__][INFO] - [33], [0]
[2025-01-30 00:16:18,887][__main__][INFO] - [34], [0]
[2025-01-30 00:16:18,914][__main__][INFO] - [35], [0]
[2025-01-30 00:16:18,964][__main__][INFO] - [36], [0]
[2025-01-30 00:16:19,375][__main__][INFO] - [37], [0]
[2025-01-30 00:16:22,848][__main__][INFO] - [38], [0]
[2025-01-30 00:16:23,615][__main__][INFO] - [39], [0]
[2025-01-30 00:16:24,378][__main__][INFO] - [40], [0]
[2025-01-30 00:16:24,427][__main__][INFO] - [41], [0]
[2025-01-30 00:16:26,314][__main__][INFO] - [], [0, 41]
[2025-01-30 00:16:31,328][__main__][INFO] - [42], [0]
[2025-01-30 00:16:31,657][__main__][INFO] - [], [0, 42]
[2025-01-30 00:16:40,696][__main__][INFO] - [43], [0]
[2025-01-30 00:16:40,885][__main__][INFO] - [], [0, 43]
[2025-01-30 00:16:50,686][__main__][INFO] - [44], [0]
[2025-01-30 00:16:58,785][__main__][INFO] - [45], [0]
[2025-01-30 00:16:59,210][__main__][INFO] - [46], [0]
[2025-01-30 00:16:59,289][__main__][INFO] - [47], [0]
[2025-01-30 00:17:11,658][__main__][INFO] - [50], [0]
[2025-01-30 00:17:11,888][__main__][INFO] - [51], [0]
[2025-01-30 00:17:12,035][__main__][INFO] - [52], [0]
[2025-01-30 00:17:12,216][__main__][INFO] - [53], [0]
[2025-01-30 00:17:12,402][__main__][INFO] - [54], [0]
[2025-01-30 00:17:12,571][__main__][INFO] - [55], [0]
[2025-01-30 00:17:12,725][__main__][INFO] - [56], [0]
[2025-01-30 00:17:12,872][__main__][INFO] - [57], [0]
[2025-01-30 00:17:13,004][__main__][INFO] - [58], [0]
[2025-01-30 00:17:13,115][__main__][INFO] - [59], [0]
[2025-01-30 00:17:13,944][__main__][INFO] - [1, 10], []
[2025-01-30 00:17:13,998][__main__][INFO] - [1, 11], []
[2025-01-30 00:17:14,066][__main__][INFO] - [1, 12], []
[2025-01-30 00:17:14,136][__main__][INFO] - [1, 13], []
[2025-01-30 00:17:14,199][__main__][INFO] - [1, 14], []
[2025-01-30 00:17:14,263][__main__][INFO] - [1, 15], []
[2025-01-30 00:17:14,325][__main__][INFO] - [1, 16], []
[2025-01-30 00:17:14,373][__main__][INFO] - [1, 17], []
[2025-01-30 00:17:14,391][__main__][INFO] - [1, 18], []
[2025-01-30 00:17:14,418][__main__][INFO] - [1, 19], []
[2025-01-30 00:17:14,435][__main__][INFO] - [1, 20], []
[2025-01-30 00:17:14,785][__main__][INFO] - [1, 21], []
[2025-01-30 00:17:14,802][__main__][INFO] - [1, 22], []
[2025-01-30 00:17:15,169][__main__][INFO] - [1, 23], []
[2025-01-30 00:17:15,215][__main__][INFO] - [1, 26], []
[2025-01-30 00:17:15,406][__main__][INFO] - [1], [26]
[2025-01-30 00:17:15,966][__main__][INFO] - [1, 27], []
[2025-01-30 00:17:16,305][__main__][INFO] - [1, 28], []
[2025-01-30 00:17:16,435][__main__][INFO] - [1, 29], []
[2025-01-30 00:17:16,453][__main__][INFO] - [1, 30], []
[2025-01-30 00:17:16,470][__main__][INFO] - [1, 31], []
[2025-01-30 00:17:16,488][__main__][INFO] - [1, 32], []
[2025-01-30 00:17:17,201][__main__][INFO] - [1, 33], []
[2025-01-30 00:17:17,226][__main__][INFO] - [1, 34], []
[2025-01-30 00:17:17,243][__main__][INFO] - [1, 35], []
[2025-01-30 00:17:17,260][__main__][INFO] - [1, 36], []
[2025-01-30 00:17:17,356][__main__][INFO] - [1, 37], []
[2025-01-30 00:17:17,858][__main__][INFO] - [1, 38], []
[2025-01-30 00:17:17,908][__main__][INFO] - [1, 39], []
[2025-01-30 00:17:18,038][__main__][INFO] - [1, 40], []
[2025-01-30 00:17:18,059][__main__][INFO] - [1, 41], []
[2025-01-30 00:17:18,408][__main__][INFO] - [1], [41]
[2025-01-30 00:17:18,814][__main__][INFO] - [1, 42], []
[2025-01-30 00:17:18,849][__main__][INFO] - [1], [42]
[2025-01-30 00:17:19,823][__main__][INFO] - [1, 43], []
[2025-01-30 00:17:19,857][__main__][INFO] - [1], [43]
[2025-01-30 00:17:20,844][__main__][INFO] - [1, 44], []
[2025-01-30 00:17:21,699][__main__][INFO] - [1, 45], []
[2025-01-30 00:17:21,716][__main__][INFO] - [1, 46], []
[2025-01-30 00:17:21,746][__main__][INFO] - [1, 47], []
[2025-01-30 00:17:22,449][__main__][INFO] - [1, 48], []
[2025-01-30 00:17:22,566][__main__][INFO] - [1, 49], []
[2025-01-30 00:17:22,583][__main__][INFO] - [1, 50], []
[2025-01-30 00:17:22,633][__main__][INFO] - [1, 51], []
[2025-01-30 00:17:22,676][__main__][INFO] - [1, 52], []
[2025-01-30 00:17:22,728][__main__][INFO] - [1, 53], []
[2025-01-30 00:17:22,780][__main__][INFO] - [1, 54], []
[2025-01-30 00:17:22,827][__main__][INFO] - [1, 55], []
[2025-01-30 00:17:22,867][__main__][INFO] - [1, 56], []
[2025-01-30 00:17:22,904][__main__][INFO] - [1, 57], []
[2025-01-30 00:17:22,938][__main__][INFO] - [1, 58], []
[2025-01-30 00:17:22,954][__main__][INFO] - [1, 59], []
[2025-01-30 00:17:23,027][__main__][INFO] - [2, 10], []
[2025-01-30 00:17:23,210][__main__][INFO] - [2, 11], []
[2025-01-30 00:17:23,442][__main__][INFO] - [2, 12], []
[2025-01-30 00:17:23,710][__main__][INFO] - [2, 13], []
[2025-01-30 00:17:23,983][__main__][INFO] - [2, 14], []
[2025-01-30 00:17:24,260][__main__][INFO] - [2, 15], []
[2025-01-30 00:17:24,614][__main__][INFO] - [2, 16], []
[2025-01-30 00:17:24,988][__main__][INFO] - [2, 17], []
[2025-01-30 00:17:25,341][__main__][INFO] - [2, 18], []
[2025-01-30 00:17:25,554][__main__][INFO] - [2, 19], []
[2025-01-30 00:17:25,694][__main__][INFO] - [2, 20], []
[2025-01-30 00:17:29,750][__main__][INFO] - [2, 21], []
[2025-01-30 00:17:29,866][__main__][INFO] - [2, 22], []
[2025-01-30 00:17:30,509][__main__][INFO] - [2, 23], []
[2025-01-30 00:17:30,708][__main__][INFO] - [2, 24], []
[2025-01-30 00:17:30,736][__main__][INFO] - [2, 25], []
[2025-01-30 00:17:30,756][__main__][INFO] - [2, 26], []
[2025-01-30 00:17:33,250][__main__][INFO] - [2], [26]
[2025-01-30 00:17:36,862][__main__][INFO] - [2, 27], []
[2025-01-30 00:17:40,713][__main__][INFO] - [2, 28], []
[2025-01-30 00:17:41,070][__main__][INFO] - [2, 29], []
[2025-01-30 00:17:41,725][__main__][INFO] - [2, 30], []
[2025-01-30 00:17:41,806][__main__][INFO] - [2, 31], []
[2025-01-30 00:17:41,827][__main__][INFO] - [2, 32], []
[2025-01-30 00:17:47,681][__main__][INFO] - [2, 33], []
[2025-01-30 00:17:47,961][__main__][INFO] - [2, 34], []
[2025-01-30 00:17:47,986][__main__][INFO] - [2, 35], []
[2025-01-30 00:17:48,029][__main__][INFO] - [2, 36], []
[2025-01-30 00:17:48,415][__main__][INFO] - [2, 37], []
[2025-01-30 00:17:51,300][__main__][INFO] - [2, 38], []
[2025-01-30 00:17:52,260][__main__][INFO] - [2, 39], []
[2025-01-30 00:17:52,994][__main__][INFO] - [2, 40], []
[2025-01-30 00:17:53,061][__main__][INFO] - [2, 41], []
[2025-01-30 00:17:54,697][__main__][INFO] - [2], [41]
[2025-01-30 00:17:59,293][__main__][INFO] - [2, 42], []
[2025-01-30 00:17:59,677][__main__][INFO] - [2], [42]
[2025-01-30 00:18:07,428][__main__][INFO] - [2, 43], []
[2025-01-30 00:18:07,692][__main__][INFO] - [2], [43]
[2025-01-30 00:18:15,923][__main__][INFO] - [2, 44], []
[2025-01-30 00:18:22,902][__main__][INFO] - [2, 45], []
[2025-01-30 00:18:23,390][__main__][INFO] - [2, 46], []
[2025-01-30 00:18:23,473][__main__][INFO] - [2, 47], []
[2025-01-30 00:18:30,740][__main__][INFO] - [2, 48], []
[2025-01-30 00:18:31,339][__main__][INFO] - [2, 49], []
[2025-01-30 00:18:31,377][__main__][INFO] - [2, 50], []
[2025-01-30 00:18:31,597][__main__][INFO] - [2, 51], []
[2025-01-30 00:18:31,761][__main__][INFO] - [2, 52], []
[2025-01-30 00:18:31,942][__main__][INFO] - [2, 53], []
[2025-01-30 00:18:32,131][__main__][INFO] - [2, 54], []
[2025-01-30 00:18:32,303][__main__][INFO] - [2, 55], []
[2025-01-30 00:18:32,459][__main__][INFO] - [2, 56], []
[2025-01-30 00:18:32,609][__main__][INFO] - [2, 57], []
[2025-01-30 00:18:32,748][__main__][INFO] - [2, 58], []
[2025-01-30 00:18:32,869][__main__][INFO] - [2, 59], []
[2025-01-30 00:18:33,771][__main__][INFO] - [3, 10], []
[2025-01-30 00:18:33,816][__main__][INFO] - [3, 11], []
[2025-01-30 00:18:33,860][__main__][INFO] - [3, 12], []
[2025-01-30 00:18:33,900][__main__][INFO] - [3, 13], []
[2025-01-30 00:18:33,935][__main__][INFO] - [3, 14], []
[2025-01-30 00:18:33,970][__main__][INFO] - [3, 15], []
[2025-01-30 00:18:34,003][__main__][INFO] - [3, 16], []
[2025-01-30 00:18:34,033][__main__][INFO] - [3, 17], []
[2025-01-30 00:18:34,059][__main__][INFO] - [3, 18], []
[2025-01-30 00:18:34,075][__main__][INFO] - [3, 19], []
[2025-01-30 00:18:34,090][__main__][INFO] - [3, 20], []
[2025-01-30 00:18:34,346][__main__][INFO] - [3, 21], []
[2025-01-30 00:18:34,363][__main__][INFO] - [3, 22], []
[2025-01-30 00:18:34,379][__main__][INFO] - [3, 23], []
[2025-01-30 00:18:34,397][__main__][INFO] - [3, 24], []
[2025-01-30 00:18:34,412][__main__][INFO] - [3, 25], []
[2025-01-30 00:18:34,428][__main__][INFO] - [3, 26], []
[2025-01-30 00:18:34,499][__main__][INFO] - [3], [26]
[2025-01-30 00:18:34,809][__main__][INFO] - [3, 27], []
[2025-01-30 00:18:35,056][__main__][INFO] - [3, 28], []
[2025-01-30 00:18:35,073][__main__][INFO] - [3, 29], []
[2025-01-30 00:18:35,089][__main__][INFO] - [3, 30], []
[2025-01-30 00:18:35,112][__main__][INFO] - [3, 31], []
[2025-01-30 00:18:35,127][__main__][INFO] - [3, 32], []
[2025-01-30 00:18:35,419][__main__][INFO] - [3, 33], []
[2025-01-30 00:18:35,445][__main__][INFO] - [3, 34], []
[2025-01-30 00:18:35,461][__main__][INFO] - [3, 35], []
[2025-01-30 00:18:35,476][__main__][INFO] - [3, 36], []
[2025-01-30 00:18:35,544][__main__][INFO] - [3, 37], []
[2025-01-30 00:18:35,639][__main__][INFO] - [3, 38], []
[2025-01-30 00:18:35,784][__main__][INFO] - [3, 39], []
[2025-01-30 00:18:35,833][__main__][INFO] - [3, 40], []
[2025-01-30 00:18:35,850][__main__][INFO] - [3, 41], []
[2025-01-30 00:18:35,866][__main__][INFO] - [3], [41]
[2025-01-30 00:18:36,168][__main__][INFO] - [3, 42], []
[2025-01-30 00:18:36,191][__main__][INFO] - [3], [42]
[2025-01-30 00:18:36,684][__main__][INFO] - [3, 43], []
[2025-01-30 00:18:36,707][__main__][INFO] - [3], [43]
[2025-01-30 00:18:37,204][__main__][INFO] - [3, 44], []
[2025-01-30 00:18:37,602][__main__][INFO] - [3, 45], []
[2025-01-30 00:18:37,634][__main__][INFO] - [3, 46], []
[2025-01-30 00:18:37,663][__main__][INFO] - [3, 47], []
[2025-01-30 00:18:37,998][__main__][INFO] - [3, 48], []
[2025-01-30 00:18:38,062][__main__][INFO] - [3, 49], []
[2025-01-30 00:18:38,078][__main__][INFO] - [3, 50], []
[2025-01-30 00:18:38,107][__main__][INFO] - [3, 51], []
[2025-01-30 00:18:38,132][__main__][INFO] - [3, 52], []
[2025-01-30 00:18:38,158][__main__][INFO] - [3, 53], []
[2025-01-30 00:18:38,185][__main__][INFO] - [3, 54], []
[2025-01-30 00:18:38,211][__main__][INFO] - [3, 55], []
[2025-01-30 00:18:38,235][__main__][INFO] - [3, 56], []
[2025-01-30 00:18:38,260][__main__][INFO] - [3, 57], []
[2025-01-30 00:18:38,276][__main__][INFO] - [3, 58], []
[2025-01-30 00:18:38,299][__main__][INFO] - [3, 59], []
[2025-01-30 00:18:38,384][__main__][INFO] - [4, 10], []
[2025-01-30 00:18:38,436][__main__][INFO] - [4, 11], []
[2025-01-30 00:18:38,452][__main__][INFO] - [4, 12], []
[2025-01-30 00:18:38,521][__main__][INFO] - [4, 13], []
[2025-01-30 00:18:38,593][__main__][INFO] - [4, 14], []
[2025-01-30 00:18:38,668][__main__][INFO] - [4, 15], []
[2025-01-30 00:18:38,742][__main__][INFO] - [4, 16], []
[2025-01-30 00:18:38,813][__main__][INFO] - [4, 17], []
[2025-01-30 00:18:38,873][__main__][INFO] - [4, 18], []
[2025-01-30 00:18:38,890][__main__][INFO] - [4, 19], []
[2025-01-30 00:18:38,906][__main__][INFO] - [4, 20], []
[2025-01-30 00:18:39,146][__main__][INFO] - [4, 21], []
[2025-01-30 00:18:39,837][__main__][INFO] - [4, 22], []
[2025-01-30 00:18:39,854][__main__][INFO] - [4, 23], []
[2025-01-30 00:18:39,870][__main__][INFO] - [4, 24], []
[2025-01-30 00:18:39,886][__main__][INFO] - [4, 25], []
[2025-01-30 00:18:39,901][__main__][INFO] - [4, 26], []
[2025-01-30 00:18:40,109][__main__][INFO] - [4], [26]
[2025-01-30 00:18:40,912][__main__][INFO] - [4, 27], []
[2025-01-30 00:18:41,143][__main__][INFO] - [4, 28], []
[2025-01-30 00:18:41,277][__main__][INFO] - [4, 29], []
[2025-01-30 00:18:41,630][__main__][INFO] - [4, 30], []
[2025-01-30 00:18:41,646][__main__][INFO] - [4, 31], []
[2025-01-30 00:18:41,662][__main__][INFO] - [4, 32], []
[2025-01-30 00:18:42,630][__main__][INFO] - [4, 33], []
[2025-01-30 00:18:42,661][__main__][INFO] - [4, 34], []
[2025-01-30 00:18:42,678][__main__][INFO] - [4, 35], []
[2025-01-30 00:18:42,695][__main__][INFO] - [4, 36], []
[2025-01-30 00:18:42,787][__main__][INFO] - [4, 37], []
[2025-01-30 00:18:43,451][__main__][INFO] - [4, 38], []
[2025-01-30 00:18:43,513][__main__][INFO] - [4, 39], []
[2025-01-30 00:18:43,654][__main__][INFO] - [4, 40], []
[2025-01-30 00:18:43,673][__main__][INFO] - [4, 41], []
[2025-01-30 00:18:44,356][__main__][INFO] - [4], [41]
[2025-01-30 00:18:44,662][__main__][INFO] - [4, 42], []
[2025-01-30 00:18:44,680][__main__][INFO] - [4], [42]
[2025-01-30 00:18:45,951][__main__][INFO] - [4, 43], []
[2025-01-30 00:18:45,986][__main__][INFO] - [4], [43]
[2025-01-30 00:18:47,301][__main__][INFO] - [4, 44], []
[2025-01-30 00:18:48,408][__main__][INFO] - [4, 45], []
[2025-01-30 00:18:48,466][__main__][INFO] - [4, 46], []
[2025-01-30 00:18:48,483][__main__][INFO] - [4, 47], []
[2025-01-30 00:18:49,462][__main__][INFO] - [4, 48], []
[2025-01-30 00:18:49,604][__main__][INFO] - [4, 49], []
[2025-01-30 00:18:49,621][__main__][INFO] - [4, 50], []
[2025-01-30 00:18:49,669][__main__][INFO] - [4, 51], []
[2025-01-30 00:18:49,686][__main__][INFO] - [4, 52], []
[2025-01-30 00:18:49,730][__main__][INFO] - [4, 53], []
[2025-01-30 00:18:49,773][__main__][INFO] - [4, 54], []
[2025-01-30 00:18:49,812][__main__][INFO] - [4, 55], []
[2025-01-30 00:18:49,851][__main__][INFO] - [4, 56], []
[2025-01-30 00:18:49,890][__main__][INFO] - [4, 57], []
[2025-01-30 00:18:49,928][__main__][INFO] - [4, 58], []
[2025-01-30 00:18:49,944][__main__][INFO] - [4, 59], []
[2025-01-30 00:18:50,166][__main__][INFO] - [5, 10], []
[2025-01-30 00:18:50,195][__main__][INFO] - [5, 11], []
[2025-01-30 00:18:50,226][__main__][INFO] - [5, 12], []
[2025-01-30 00:18:50,262][__main__][INFO] - [5, 13], []
[2025-01-30 00:18:50,295][__main__][INFO] - [5, 14], []
[2025-01-30 00:18:50,329][__main__][INFO] - [5, 15], []
[2025-01-30 00:18:50,366][__main__][INFO] - [5, 16], []
[2025-01-30 00:18:50,404][__main__][INFO] - [5, 17], []
[2025-01-30 00:18:50,421][__main__][INFO] - [5, 18], []
[2025-01-30 00:18:50,446][__main__][INFO] - [5, 19], []
[2025-01-30 00:18:50,462][__main__][INFO] - [5, 20], []
[2025-01-30 00:18:50,820][__main__][INFO] - [5, 22], []
[2025-01-30 00:18:50,845][__main__][INFO] - [5, 23], []
[2025-01-30 00:18:50,862][__main__][INFO] - [5, 24], []
[2025-01-30 00:18:50,905][__main__][INFO] - [5, 26], []
[2025-01-30 00:18:51,004][__main__][INFO] - [5], [26]
[2025-01-30 00:18:51,254][__main__][INFO] - [5, 27], []
[2025-01-30 00:18:51,592][__main__][INFO] - [5, 28], []
[2025-01-30 00:18:51,616][__main__][INFO] - [5, 29], []
[2025-01-30 00:18:51,647][__main__][INFO] - [5, 30], []
[2025-01-30 00:18:51,663][__main__][INFO] - [5, 31], []
[2025-01-30 00:18:51,679][__main__][INFO] - [5, 32], []
[2025-01-30 00:18:51,971][__main__][INFO] - [5, 33], []
[2025-01-30 00:18:52,006][__main__][INFO] - [5, 34], []
[2025-01-30 00:18:52,024][__main__][INFO] - [5, 35], []
[2025-01-30 00:18:52,040][__main__][INFO] - [5, 36], []
[2025-01-30 00:18:52,081][__main__][INFO] - [5, 37], []
[2025-01-30 00:18:52,306][__main__][INFO] - [5, 38], []
[2025-01-30 00:18:52,323][__main__][INFO] - [5, 39], []
[2025-01-30 00:18:52,379][__main__][INFO] - [5, 40], []
[2025-01-30 00:18:52,395][__main__][INFO] - [5, 41], []
[2025-01-30 00:18:52,441][__main__][INFO] - [5], [41]
[2025-01-30 00:18:52,810][__main__][INFO] - [5, 42], []
[2025-01-30 00:18:52,827][__main__][INFO] - [5], [42]
[2025-01-30 00:18:53,283][__main__][INFO] - [5, 43], []
[2025-01-30 00:18:53,311][__main__][INFO] - [5], [43]
[2025-01-30 00:18:53,753][__main__][INFO] - [5, 44], []
[2025-01-30 00:18:54,127][__main__][INFO] - [5, 45], []
[2025-01-30 00:18:54,164][__main__][INFO] - [5, 46], []
[2025-01-30 00:18:54,186][__main__][INFO] - [5, 47], []
[2025-01-30 00:18:54,530][__main__][INFO] - [5, 48], []
[2025-01-30 00:18:54,586][__main__][INFO] - [5, 49], []
[2025-01-30 00:18:54,602][__main__][INFO] - [5, 50], []
[2025-01-30 00:18:54,642][__main__][INFO] - [5, 51], []
[2025-01-30 00:18:54,658][__main__][INFO] - [5, 52], []
[2025-01-30 00:18:54,687][__main__][INFO] - [5, 53], []
[2025-01-30 00:18:54,703][__main__][INFO] - [5, 54], []
[2025-01-30 00:18:54,719][__main__][INFO] - [5, 55], []
[2025-01-30 00:18:54,743][__main__][INFO] - [5, 56], []
[2025-01-30 00:18:54,759][__main__][INFO] - [5, 57], []
[2025-01-30 00:18:54,782][__main__][INFO] - [5, 58], []
[2025-01-30 00:18:54,804][__main__][INFO] - [5, 59], []
[2025-01-30 00:18:54,865][__main__][INFO] - [6, 10], []
[2025-01-30 00:18:54,885][__main__][INFO] - [6, 11], []
[2025-01-30 00:18:54,905][__main__][INFO] - [6, 12], []
[2025-01-30 00:18:54,924][__main__][INFO] - [6, 13], []
[2025-01-30 00:18:54,943][__main__][INFO] - [6, 14], []
[2025-01-30 00:18:54,963][__main__][INFO] - [6, 15], []
[2025-01-30 00:18:54,983][__main__][INFO] - [6, 16], []
[2025-01-30 00:18:55,003][__main__][INFO] - [6, 17], []
[2025-01-30 00:18:55,021][__main__][INFO] - [6, 18], []
[2025-01-30 00:18:55,038][__main__][INFO] - [6, 19], []
[2025-01-30 00:18:55,054][__main__][INFO] - [6, 20], []
[2025-01-30 00:18:55,142][__main__][INFO] - [6, 22], []
[2025-01-30 00:18:55,211][__main__][INFO] - [6, 26], []
[2025-01-30 00:18:55,237][__main__][INFO] - [6], [26]
[2025-01-30 00:18:55,298][__main__][INFO] - [6, 27], []
[2025-01-30 00:18:55,373][__main__][INFO] - [6, 28], []
[2025-01-30 00:18:55,389][__main__][INFO] - [6, 29], []
[2025-01-30 00:18:55,407][__main__][INFO] - [6, 30], []
[2025-01-30 00:18:55,437][__main__][INFO] - [6, 32], []
[2025-01-30 00:18:55,498][__main__][INFO] - [6, 33], []
[2025-01-30 00:18:55,544][__main__][INFO] - [6, 36], []
[2025-01-30 00:18:55,567][__main__][INFO] - [6, 37], []
[2025-01-30 00:18:55,621][__main__][INFO] - [6, 38], []
[2025-01-30 00:18:55,642][__main__][INFO] - [6, 39], []
[2025-01-30 00:18:55,663][__main__][INFO] - [6, 40], []
[2025-01-30 00:18:55,679][__main__][INFO] - [6, 41], []
[2025-01-30 00:18:55,698][__main__][INFO] - [6], [41]
[2025-01-30 00:18:55,775][__main__][INFO] - [6, 42], []
[2025-01-30 00:18:55,797][__main__][INFO] - [6], [42]
[2025-01-30 00:18:55,891][__main__][INFO] - [6, 43], []
[2025-01-30 00:18:55,909][__main__][INFO] - [6], [43]
[2025-01-30 00:18:55,997][__main__][INFO] - [6, 44], []
[2025-01-30 00:18:56,072][__main__][INFO] - [6, 45], []
[2025-01-30 00:18:56,091][__main__][INFO] - [6, 46], []
[2025-01-30 00:18:56,109][__main__][INFO] - [6, 47], []
[2025-01-30 00:18:56,176][__main__][INFO] - [6, 48], []
[2025-01-30 00:18:56,200][__main__][INFO] - [6, 49], []
[2025-01-30 00:18:56,217][__main__][INFO] - [6, 50], []
[2025-01-30 00:18:56,236][__main__][INFO] - [6, 51], []
[2025-01-30 00:18:56,255][__main__][INFO] - [6, 52], []
[2025-01-30 00:18:56,273][__main__][INFO] - [6, 53], []
[2025-01-30 00:18:56,292][__main__][INFO] - [6, 54], []
[2025-01-30 00:18:56,311][__main__][INFO] - [6, 55], []
[2025-01-30 00:18:56,329][__main__][INFO] - [6, 56], []
[2025-01-30 00:18:56,346][__main__][INFO] - [6, 57], []
[2025-01-30 00:18:56,363][__main__][INFO] - [6, 58], []
[2025-01-30 00:18:56,380][__main__][INFO] - [6, 59], []
[2025-01-30 00:18:56,415][__main__][INFO] - [7, 10], []
[2025-01-30 00:18:56,430][__main__][INFO] - [7, 11], []
[2025-01-30 00:18:56,445][__main__][INFO] - [7, 12], []
[2025-01-30 00:18:56,460][__main__][INFO] - [7, 13], []
[2025-01-30 00:18:56,475][__main__][INFO] - [7, 14], []
[2025-01-30 00:18:56,490][__main__][INFO] - [7, 15], []
[2025-01-30 00:18:56,505][__main__][INFO] - [7, 16], []
[2025-01-30 00:18:56,522][__main__][INFO] - [7, 17], []
[2025-01-30 00:18:56,537][__main__][INFO] - [7, 18], []
[2025-01-30 00:18:56,566][__main__][INFO] - [7, 20], []
[2025-01-30 00:18:56,595][__main__][INFO] - [7, 21], []
[2025-01-30 00:18:56,611][__main__][INFO] - [7, 22], []
[2025-01-30 00:18:56,653][__main__][INFO] - [7, 25], []
[2025-01-30 00:18:56,668][__main__][INFO] - [7, 26], []
[2025-01-30 00:18:56,684][__main__][INFO] - [7], [26]
[2025-01-30 00:18:56,720][__main__][INFO] - [7, 27], []
[2025-01-30 00:18:56,746][__main__][INFO] - [7, 28], []
[2025-01-30 00:18:56,762][__main__][INFO] - [7, 29], []
[2025-01-30 00:18:56,777][__main__][INFO] - [7, 30], []
[2025-01-30 00:18:56,792][__main__][INFO] - [7, 31], []
[2025-01-30 00:18:56,808][__main__][INFO] - [7, 32], []
[2025-01-30 00:18:56,840][__main__][INFO] - [7, 33], []
[2025-01-30 00:18:56,883][__main__][INFO] - [7, 36], []
[2025-01-30 00:18:56,898][__main__][INFO] - [7, 37], []
[2025-01-30 00:18:56,913][__main__][INFO] - [7, 38], []
[2025-01-30 00:18:56,932][__main__][INFO] - [7, 39], []
[2025-01-30 00:18:56,960][__main__][INFO] - [7, 41], []
[2025-01-30 00:18:56,976][__main__][INFO] - [7], [41]
[2025-01-30 00:18:57,005][__main__][INFO] - [7, 42], []
[2025-01-30 00:18:57,020][__main__][INFO] - [7], [42]
[2025-01-30 00:18:57,061][__main__][INFO] - [7, 43], []
[2025-01-30 00:18:57,077][__main__][INFO] - [7], [43]
[2025-01-30 00:18:57,116][__main__][INFO] - [7, 44], []
[2025-01-30 00:18:57,153][__main__][INFO] - [7, 45], []
[2025-01-30 00:18:57,169][__main__][INFO] - [7, 46], []
[2025-01-30 00:18:57,185][__main__][INFO] - [7, 47], []
[2025-01-30 00:18:57,217][__main__][INFO] - [7, 48], []
[2025-01-30 00:18:57,233][__main__][INFO] - [7, 49], []
[2025-01-30 00:18:57,248][__main__][INFO] - [7, 50], []
[2025-01-30 00:18:57,264][__main__][INFO] - [7, 51], []
[2025-01-30 00:18:57,280][__main__][INFO] - [7, 52], []
[2025-01-30 00:18:57,295][__main__][INFO] - [7, 53], []
[2025-01-30 00:18:57,311][__main__][INFO] - [7, 54], []
[2025-01-30 00:18:57,327][__main__][INFO] - [7, 55], []
[2025-01-30 00:18:57,342][__main__][INFO] - [7, 56], []
[2025-01-30 00:18:57,358][__main__][INFO] - [7, 57], []
[2025-01-30 00:18:57,374][__main__][INFO] - [7, 58], []
[2025-01-30 00:18:57,390][__main__][INFO] - [7, 59], []
[2025-01-30 00:18:57,422][__main__][INFO] - [8, 10], []
[2025-01-30 00:18:57,440][__main__][INFO] - [8, 11], []
[2025-01-30 00:18:57,457][__main__][INFO] - [8, 12], []
[2025-01-30 00:18:57,474][__main__][INFO] - [8, 13], []
[2025-01-30 00:18:57,491][__main__][INFO] - [8, 14], []
[2025-01-30 00:18:57,509][__main__][INFO] - [8, 15], []
[2025-01-30 00:18:57,525][__main__][INFO] - [8, 16], []
[2025-01-30 00:18:57,542][__main__][INFO] - [8, 17], []
[2025-01-30 00:18:57,585][__main__][INFO] - [8, 20], []
[2025-01-30 00:18:57,628][__main__][INFO] - [8, 22], []
[2025-01-30 00:18:57,686][__main__][INFO] - [8, 26], []
[2025-01-30 00:18:57,702][__main__][INFO] - [8], [26]
[2025-01-30 00:18:57,731][__main__][INFO] - [8, 27], []
[2025-01-30 00:18:57,759][__main__][INFO] - [8, 28], []
[2025-01-30 00:18:57,775][__main__][INFO] - [8, 29], []
[2025-01-30 00:18:57,819][__main__][INFO] - [8, 32], []
[2025-01-30 00:18:57,846][__main__][INFO] - [8, 33], []
[2025-01-30 00:18:57,891][__main__][INFO] - [8, 36], []
[2025-01-30 00:18:57,909][__main__][INFO] - [8, 37], []
[2025-01-30 00:18:57,934][__main__][INFO] - [8, 38], []
[2025-01-30 00:18:57,951][__main__][INFO] - [8, 39], []
[2025-01-30 00:18:57,984][__main__][INFO] - [8, 41], []
[2025-01-30 00:18:58,000][__main__][INFO] - [8], [41]
[2025-01-30 00:18:58,028][__main__][INFO] - [8, 42], []
[2025-01-30 00:18:58,044][__main__][INFO] - [8], [42]
[2025-01-30 00:18:58,076][__main__][INFO] - [8, 43], []
[2025-01-30 00:18:58,091][__main__][INFO] - [8], [43]
[2025-01-30 00:18:58,123][__main__][INFO] - [8, 44], []
[2025-01-30 00:18:58,153][__main__][INFO] - [8, 45], []
[2025-01-30 00:18:58,168][__main__][INFO] - [8, 46], []
[2025-01-30 00:18:58,185][__main__][INFO] - [8, 47], []
[2025-01-30 00:18:58,212][__main__][INFO] - [8, 48], []
[2025-01-30 00:18:58,245][__main__][INFO] - [8, 50], []
[2025-01-30 00:18:58,262][__main__][INFO] - [8, 51], []
[2025-01-30 00:18:58,279][__main__][INFO] - [8, 52], []
[2025-01-30 00:18:58,295][__main__][INFO] - [8, 53], []
[2025-01-30 00:18:58,312][__main__][INFO] - [8, 54], []
[2025-01-30 00:18:58,329][__main__][INFO] - [8, 55], []
[2025-01-30 00:18:58,344][__main__][INFO] - [8, 56], []
[2025-01-30 00:18:58,361][__main__][INFO] - [8, 57], []
[2025-01-30 00:18:58,378][__main__][INFO] - [8, 58], []
[2025-01-30 00:18:58,394][__main__][INFO] - [8, 59], []
[2025-01-30 00:18:58,563][__main__][INFO] - [9, 20], []
[2025-01-30 00:18:58,663][__main__][INFO] - [9], [26]
[2025-01-30 00:18:58,680][__main__][INFO] - [9, 27], []
[2025-01-30 00:18:58,753][__main__][INFO] - [9, 32], []
[2025-01-30 00:18:58,839][__main__][INFO] - [9, 38], []
[2025-01-30 00:18:58,898][__main__][INFO] - [9], [41]
[2025-01-30 00:18:58,929][__main__][INFO] - [9], [42]
[2025-01-30 00:18:58,960][__main__][INFO] - [9], [43]
[2025-01-30 00:18:58,976][__main__][INFO] - [9, 44], []
[2025-01-30 00:18:59,021][__main__][INFO] - [9, 47], []
[2025-01-30 00:18:59,193][__main__][INFO] - [9, 59], []
[2025-01-30 00:18:59,224][__main__][INFO] - [10, 20], []
[2025-01-30 00:18:59,572][__main__][INFO] - [10, 21], []
[2025-01-30 00:18:59,589][__main__][INFO] - [10, 22], []
[2025-01-30 00:18:59,615][__main__][INFO] - [10, 23], []
[2025-01-30 00:18:59,631][__main__][INFO] - [10, 24], []
[2025-01-30 00:18:59,647][__main__][INFO] - [10, 25], []
[2025-01-30 00:18:59,662][__main__][INFO] - [10, 26], []
[2025-01-30 00:18:59,694][__main__][INFO] - [10], [26]
[2025-01-30 00:19:00,098][__main__][INFO] - [10, 27], []
[2025-01-30 00:19:00,444][__main__][INFO] - [10, 28], []
[2025-01-30 00:19:00,460][__main__][INFO] - [10, 29], []
[2025-01-30 00:19:00,480][__main__][INFO] - [10, 30], []
[2025-01-30 00:19:00,505][__main__][INFO] - [10, 31], []
[2025-01-30 00:19:00,578][__main__][INFO] - [10, 36], []
[2025-01-30 00:19:01,061][__main__][INFO] - [10, 37], []
[2025-01-30 00:19:01,228][__main__][INFO] - [10, 38], []
[2025-01-30 00:19:01,319][__main__][INFO] - [10, 39], []
[2025-01-30 00:19:01,402][__main__][INFO] - [10, 40], []
[2025-01-30 00:19:01,423][__main__][INFO] - [10, 41], []
[2025-01-30 00:19:01,459][__main__][INFO] - [10], [41]
[2025-01-30 00:19:01,851][__main__][INFO] - [10, 42], []
[2025-01-30 00:19:01,868][__main__][INFO] - [10], [42]
[2025-01-30 00:19:02,326][__main__][INFO] - [10, 43], []
[2025-01-30 00:19:02,343][__main__][INFO] - [10], [43]
[2025-01-30 00:19:02,806][__main__][INFO] - [10, 44], []
[2025-01-30 00:19:02,993][__main__][INFO] - [10, 45], []
[2025-01-30 00:19:03,016][__main__][INFO] - [10, 46], []
[2025-01-30 00:19:03,174][__main__][INFO] - [10, 47], []
[2025-01-30 00:19:03,689][__main__][INFO] - [10, 50], []
[2025-01-30 00:19:03,725][__main__][INFO] - [10, 51], []
[2025-01-30 00:19:03,757][__main__][INFO] - [10, 52], []
[2025-01-30 00:19:03,793][__main__][INFO] - [10, 53], []
[2025-01-30 00:19:03,828][__main__][INFO] - [10, 54], []
[2025-01-30 00:19:03,861][__main__][INFO] - [10, 55], []
[2025-01-30 00:19:03,891][__main__][INFO] - [10, 56], []
[2025-01-30 00:19:03,919][__main__][INFO] - [10, 57], []
[2025-01-30 00:19:03,946][__main__][INFO] - [10, 58], []
[2025-01-30 00:19:03,973][__main__][INFO] - [10, 59], []
[2025-01-30 00:19:04,070][__main__][INFO] - [11, 20], []
[2025-01-30 00:19:04,518][__main__][INFO] - [11, 21], []
[2025-01-30 00:19:04,534][__main__][INFO] - [11, 22], []
[2025-01-30 00:19:04,575][__main__][INFO] - [11, 23], []
[2025-01-30 00:19:04,595][__main__][INFO] - [11, 24], []
[2025-01-30 00:19:04,611][__main__][INFO] - [11, 25], []
[2025-01-30 00:19:04,626][__main__][INFO] - [11, 26], []
[2025-01-30 00:19:04,687][__main__][INFO] - [11], [26]
[2025-01-30 00:19:05,221][__main__][INFO] - [11, 27], []
[2025-01-30 00:19:05,666][__main__][INFO] - [11, 28], []
[2025-01-30 00:19:05,683][__main__][INFO] - [11, 29], []
[2025-01-30 00:19:05,699][__main__][INFO] - [11, 30], []
[2025-01-30 00:19:05,726][__main__][INFO] - [11, 31], []
[2025-01-30 00:19:05,742][__main__][INFO] - [11, 32], []
[2025-01-30 00:19:05,886][__main__][INFO] - [11, 34], []
[2025-01-30 00:19:05,917][__main__][INFO] - [11, 36], []
[2025-01-30 00:19:06,324][__main__][INFO] - [11, 37], []
[2025-01-30 00:19:06,580][__main__][INFO] - [11, 38], []
[2025-01-30 00:19:06,674][__main__][INFO] - [11, 39], []
[2025-01-30 00:19:06,769][__main__][INFO] - [11, 40], []
[2025-01-30 00:19:06,791][__main__][INFO] - [11, 41], []
[2025-01-30 00:19:06,807][__main__][INFO] - [11], [41]
[2025-01-30 00:19:07,307][__main__][INFO] - [11, 42], []
[2025-01-30 00:19:07,327][__main__][INFO] - [11], [42]
