[2025-01-29 09:46:49,830][gurobipy][INFO] - Set parameter TimeLimit to value 600
[2025-01-29 09:46:49,842][gurobipy][INFO] - Gurobi Optimizer version 11.0.2 build v11.0.2rc0 (linux64)
[2025-01-29 09:46:49,842][gurobipy][INFO] - 
[2025-01-29 09:46:49,854][gurobipy][INFO] - CPU model: AMD EPYC 7543 32-Core Processor, instruction set [SSE2|AVX|AVX2]
[2025-01-29 09:46:49,854][gurobipy][INFO] - Thread count: 64 physical cores, 128 logical processors, using up to 32 threads
[2025-01-29 09:46:49,854][gurobipy][INFO] - 
[2025-01-29 09:46:49,854][gurobipy][INFO] - Optimize a model with 50295 rows, 829 columns and 130306 nonzeros
[2025-01-29 09:46:49,855][gurobipy][INFO] - Model fingerprint: 0xe2db773b
[2025-01-29 09:46:49,855][gurobipy][INFO] - Variable types: 763 continuous, 66 integer (66 binary)
[2025-01-29 09:46:49,855][gurobipy][INFO] - Coefficient statistics:
[2025-01-29 09:46:49,855][gurobipy][INFO] -   Matrix range     [1e-03, 2e+00]
[2025-01-29 09:46:49,855][gurobipy][INFO] -   Objective range  [1e+00, 1e+00]
[2025-01-29 09:46:49,855][gurobipy][INFO] -   Bounds range     [1e+00, 1e+00]
[2025-01-29 09:46:49,855][gurobipy][INFO] -   RHS range        [1e+00, 1e+01]
[2025-01-29 09:46:49,862][gurobipy][INFO] - Found heuristic solution: objective 0.0000000
[2025-01-29 09:46:50,096][gurobipy][INFO] - Presolve removed 18268 rows and 10 columns
[2025-01-29 09:46:50,096][gurobipy][INFO] - Presolve time: 0.23s
[2025-01-29 09:46:50,096][gurobipy][INFO] - Presolved: 32027 rows, 819 columns, 96838 nonzeros
[2025-01-29 09:46:50,116][gurobipy][INFO] - Variable types: 763 continuous, 56 integer (56 binary)
[2025-01-29 09:46:50,144][gurobipy][INFO] - Root relaxation presolved: 819 rows, 32846 columns, 97657 nonzeros
[2025-01-29 09:46:50,144][gurobipy][INFO] - 
[2025-01-29 09:46:50,152][gurobipy][INFO] - 
[2025-01-29 09:46:50,152][gurobipy][INFO] - Root relaxation: objective 1.000000e+00, 51 iterations, 0.03 seconds (0.07 work units)
[2025-01-29 09:46:50,163][gurobipy][INFO] - 
[2025-01-29 09:46:50,163][gurobipy][INFO] -     Nodes    |    Current Node    |     Objective Bounds      |     Work
[2025-01-29 09:46:50,163][gurobipy][INFO] -  Expl Unexpl |  Obj  Depth IntInf | Incumbent    BestBd   Gap | It/Node Time
[2025-01-29 09:46:50,163][gurobipy][INFO] - 
[2025-01-29 09:46:50,163][gurobipy][INFO] -      0     0    1.00000    0    6    0.00000    1.00000      -     -    0s
[2025-01-29 09:46:50,169][gurobipy][INFO] - H    0     0                       0.0005133    1.00000      -     -    0s
[2025-01-29 09:46:50,186][gurobipy][INFO] - H    0     0                       0.0043775    1.00000      -     -    0s
[2025-01-29 09:46:50,191][gurobipy][INFO] - H    0     0                       0.0437000    1.00000  2188%     -    0s
[2025-01-29 09:46:50,216][gurobipy][INFO] - H    0     0                       0.0778424    1.00000  1185%     -    0s
[2025-01-29 09:46:50,645][gurobipy][INFO] - H    0     0                       0.3349558    1.00000   199%     -    0s
[2025-01-29 09:46:50,747][gurobipy][INFO] -      0     0    1.00000    0   52    0.33496    1.00000   199%     -    0s
[2025-01-29 09:46:50,903][gurobipy][INFO] -      0     0    1.00000    0   17    0.33496    1.00000   199%     -    1s
[2025-01-29 09:46:51,279][gurobipy][INFO] -      0     0    1.00000    0   16    0.33496    1.00000   199%     -    1s
[2025-01-29 09:46:51,423][gurobipy][INFO] -      0     0    1.00000    0    5    0.33496    1.00000   199%     -    1s
[2025-01-29 09:46:51,682][gurobipy][INFO] -      0     0    1.00000    0   11    0.33496    1.00000   199%     -    1s
[2025-01-29 09:46:51,752][gurobipy][INFO] -      0     0    1.00000    0   11    0.33496    1.00000   199%     -    1s
[2025-01-29 09:46:52,128][gurobipy][INFO] -      0     0    0.33496    0    5    0.33496    0.33496  0.00%     -    2s
[2025-01-29 09:46:52,128][gurobipy][INFO] - 
[2025-01-29 09:46:52,128][gurobipy][INFO] - Cutting planes:
[2025-01-29 09:46:52,129][gurobipy][INFO] -   Gomory: 6
[2025-01-29 09:46:52,129][gurobipy][INFO] -   Implied bound: 1
[2025-01-29 09:46:52,129][gurobipy][INFO] -   MIR: 77
[2025-01-29 09:46:52,129][gurobipy][INFO] -   RLT: 13
[2025-01-29 09:46:52,129][gurobipy][INFO] - 
[2025-01-29 09:46:52,129][gurobipy][INFO] - Explored 1 nodes (5371 simplex iterations) in 2.28 seconds (2.76 work units)
[2025-01-29 09:46:52,129][gurobipy][INFO] - Thread count was 32 (of 128 available processors)
[2025-01-29 09:46:52,129][gurobipy][INFO] - 
[2025-01-29 09:46:52,129][gurobipy][INFO] - Solution count 6: 0.334956 0.0778424 0.0437 ... 1.28786e-14
[2025-01-29 09:46:52,129][gurobipy][INFO] - No other solutions better than 0.334956
[2025-01-29 09:46:52,130][gurobipy][INFO] - 
[2025-01-29 09:46:52,130][gurobipy][INFO] - Optimal solution found (tolerance 1.00e-04)
[2025-01-29 09:46:52,130][gurobipy][INFO] - Best objective 3.349558286160e-01, best bound 3.349558286160e-01, gap 0.0000%
[2025-01-29 09:46:52,177][__main__][INFO] - Finished size 1000 (1/5)
[2025-01-29 09:46:59,591][gurobipy][INFO] - Set parameter TimeLimit to value 600
[2025-01-29 09:46:59,610][gurobipy][INFO] - Gurobi Optimizer version 11.0.2 build v11.0.2rc0 (linux64)
[2025-01-29 09:46:59,610][gurobipy][INFO] - 
[2025-01-29 09:46:59,622][gurobipy][INFO] - CPU model: AMD EPYC 7543 32-Core Processor, instruction set [SSE2|AVX|AVX2]
[2025-01-29 09:46:59,622][gurobipy][INFO] - Thread count: 64 physical cores, 128 logical processors, using up to 32 threads
[2025-01-29 09:46:59,622][gurobipy][INFO] - 
[2025-01-29 09:46:59,622][gurobipy][INFO] - Optimize a model with 93327 rows, 1481 columns and 241798 nonzeros
[2025-01-29 09:46:59,624][gurobipy][INFO] - Model fingerprint: 0x8f28eadc
[2025-01-29 09:46:59,624][gurobipy][INFO] - Variable types: 1415 continuous, 66 integer (66 binary)
[2025-01-29 09:46:59,624][gurobipy][INFO] - Coefficient statistics:
[2025-01-29 09:46:59,624][gurobipy][INFO] -   Matrix range     [7e-04, 2e+00]
[2025-01-29 09:46:59,624][gurobipy][INFO] -   Objective range  [1e+00, 1e+00]
[2025-01-29 09:46:59,624][gurobipy][INFO] -   Bounds range     [1e+00, 1e+00]
[2025-01-29 09:46:59,624][gurobipy][INFO] -   RHS range        [1e+00, 1e+01]
[2025-01-29 09:46:59,637][gurobipy][INFO] - Found heuristic solution: objective 0.0000000
[2025-01-29 09:47:00,060][gurobipy][INFO] - Presolve removed 31081 rows and 8 columns
[2025-01-29 09:47:00,061][gurobipy][INFO] - Presolve time: 0.42s
[2025-01-29 09:47:00,061][gurobipy][INFO] - Presolved: 62246 rows, 1473 columns, 188147 nonzeros
[2025-01-29 09:47:00,101][gurobipy][INFO] - Variable types: 1415 continuous, 58 integer (58 binary)
[2025-01-29 09:47:00,159][gurobipy][INFO] - Root relaxation presolved: 1473 rows, 63719 columns, 189620 nonzeros
[2025-01-29 09:47:00,159][gurobipy][INFO] - 
[2025-01-29 09:47:00,174][gurobipy][INFO] - 
[2025-01-29 09:47:00,174][gurobipy][INFO] - Root relaxation: objective 1.000000e+00, 58 iterations, 0.07 seconds (0.13 work units)
[2025-01-29 09:47:00,192][gurobipy][INFO] - 
[2025-01-29 09:47:00,192][gurobipy][INFO] -     Nodes    |    Current Node    |     Objective Bounds      |     Work
[2025-01-29 09:47:00,192][gurobipy][INFO] -  Expl Unexpl |  Obj  Depth IntInf | Incumbent    BestBd   Gap | It/Node Time
[2025-01-29 09:47:00,192][gurobipy][INFO] - 
[2025-01-29 09:47:00,192][gurobipy][INFO] -      0     0    1.00000    0    6    0.00000    1.00000      -     -    0s
[2025-01-29 09:47:00,203][gurobipy][INFO] - H    0     0                       0.0032532    1.00000      -     -    0s
[2025-01-29 09:47:00,252][gurobipy][INFO] - H    0     0                       0.0180035    1.00000  5454%     -    0s
[2025-01-29 09:47:00,268][gurobipy][INFO] - H    0     0                       0.0425283    1.00000  2251%     -    0s
[2025-01-29 09:47:01,996][gurobipy][INFO] -      0     0    1.00000    0   55    0.04253    1.00000  2251%     -    2s
[2025-01-29 09:47:02,257][gurobipy][INFO] -      0     0    1.00000    0   43    0.04253    1.00000  2251%     -    2s
[2025-01-29 09:47:03,605][gurobipy][INFO] - H    0     0                       0.0736109    1.00000  1258%     -    3s
[2025-01-29 09:47:08,402][gurobipy][INFO] - H    0     0                       0.2170040    0.97526   349%     -    8s
[2025-01-29 09:47:08,404][gurobipy][INFO] - H    0     0                       0.2485899    0.97526   292%     -    8s
[2025-01-29 09:47:08,413][gurobipy][INFO] -      0     0    0.97526    0    2    0.24859    0.97526   292%     -    8s
[2025-01-29 09:47:08,578][gurobipy][INFO] -      0     0    0.97526    0    2    0.24859    0.97526   292%     -    8s
[2025-01-29 09:47:13,149][gurobipy][INFO] - H    0     0                       0.3154358    0.95993   204%     -   13s
[2025-01-29 09:47:13,151][gurobipy][INFO] - H    0     0                       0.3347281    0.95993   187%     -   13s
[2025-01-29 09:47:13,151][gurobipy][INFO] -      0     0    0.33473    0   24    0.33473    0.33473  0.00%     -   13s
[2025-01-29 09:47:13,152][gurobipy][INFO] - 
[2025-01-29 09:47:13,152][gurobipy][INFO] - Cutting planes:
[2025-01-29 09:47:13,152][gurobipy][INFO] -   Cover: 3
[2025-01-29 09:47:13,152][gurobipy][INFO] -   MIR: 4
[2025-01-29 09:47:13,152][gurobipy][INFO] -   RLT: 1
[2025-01-29 09:47:13,154][gurobipy][INFO] - 
[2025-01-29 09:47:13,154][gurobipy][INFO] - Explored 1 nodes (16008 simplex iterations) in 13.53 seconds (30.69 work units)
[2025-01-29 09:47:13,154][gurobipy][INFO] - Thread count was 32 (of 128 available processors)
[2025-01-29 09:47:13,154][gurobipy][INFO] - 
[2025-01-29 09:47:13,154][gurobipy][INFO] - Solution count 9: 0.334728 0.315436 0.24859 ... 2.06501e-14
[2025-01-29 09:47:13,154][gurobipy][INFO] - No other solutions better than 0.334728
[2025-01-29 09:47:13,154][gurobipy][INFO] - 
[2025-01-29 09:47:13,154][gurobipy][INFO] - Optimal solution found (tolerance 1.00e-04)
[2025-01-29 09:47:13,154][gurobipy][INFO] - Best objective 3.347281246595e-01, best bound 3.347281246595e-01, gap 0.0000%
[2025-01-29 09:47:13,216][__main__][INFO] - Finished size 2153 (2/5)
[2025-01-29 09:47:26,273][gurobipy][INFO] - Set parameter TimeLimit to value 600
[2025-01-29 09:47:26,305][gurobipy][INFO] - Gurobi Optimizer version 11.0.2 build v11.0.2rc0 (linux64)
[2025-01-29 09:47:26,305][gurobipy][INFO] - 
[2025-01-29 09:47:26,317][gurobipy][INFO] - CPU model: AMD EPYC 7543 32-Core Processor, instruction set [SSE2|AVX|AVX2]
[2025-01-29 09:47:26,317][gurobipy][INFO] - Thread count: 64 physical cores, 128 logical processors, using up to 32 threads
[2025-01-29 09:47:26,317][gurobipy][INFO] - 
[2025-01-29 09:47:26,317][gurobipy][INFO] - Optimize a model with 161967 rows, 2521 columns and 419638 nonzeros
[2025-01-29 09:47:26,320][gurobipy][INFO] - Model fingerprint: 0x29929770
[2025-01-29 09:47:26,320][gurobipy][INFO] - Variable types: 2455 continuous, 66 integer (66 binary)
[2025-01-29 09:47:26,321][gurobipy][INFO] - Coefficient statistics:
[2025-01-29 09:47:26,321][gurobipy][INFO] -   Matrix range     [3e-04, 2e+00]
[2025-01-29 09:47:26,321][gurobipy][INFO] -   Objective range  [1e+00, 1e+00]
[2025-01-29 09:47:26,321][gurobipy][INFO] -   Bounds range     [1e+00, 1e+00]
[2025-01-29 09:47:26,321][gurobipy][INFO] -   RHS range        [1e+00, 1e+01]
[2025-01-29 09:47:26,343][gurobipy][INFO] - Found heuristic solution: objective -0.0000000
[2025-01-29 09:47:27,119][gurobipy][INFO] - Presolve removed 49066 rows and 6 columns
[2025-01-29 09:47:27,119][gurobipy][INFO] - Presolve time: 0.78s
[2025-01-29 09:47:27,119][gurobipy][INFO] - Presolved: 112901 rows, 2515 columns, 341152 nonzeros
[2025-01-29 09:47:27,193][gurobipy][INFO] - Variable types: 2455 continuous, 60 integer (60 binary)
[2025-01-29 09:47:27,308][gurobipy][INFO] - Root relaxation presolved: 2515 rows, 115416 columns, 343667 nonzeros
[2025-01-29 09:47:27,308][gurobipy][INFO] - 
[2025-01-29 09:47:27,344][gurobipy][INFO] - 
[2025-01-29 09:47:27,344][gurobipy][INFO] - Root relaxation: objective 1.000000e+00, 24 iterations, 0.15 seconds (0.27 work units)
[2025-01-29 09:47:27,351][gurobipy][INFO] - 
[2025-01-29 09:47:27,351][gurobipy][INFO] -     Nodes    |    Current Node    |     Objective Bounds      |     Work
[2025-01-29 09:47:27,351][gurobipy][INFO] -  Expl Unexpl |  Obj  Depth IntInf | Incumbent    BestBd   Gap | It/Node Time
[2025-01-29 09:47:27,351][gurobipy][INFO] - 
[2025-01-29 09:47:27,351][gurobipy][INFO] -      0     0    1.00000    0    1   -0.00000    1.00000      -     -    1s
[2025-01-29 09:47:27,394][gurobipy][INFO] - H    0     0                       0.0031065    1.00000      -     -    1s
[2025-01-29 09:47:27,445][gurobipy][INFO] - H    0     0                       0.0043418    1.00000      -     -    1s
[2025-01-29 09:47:27,614][gurobipy][INFO] - H    0     0                       0.0244611    1.00000  3988%     -    1s
[2025-01-29 09:47:30,646][gurobipy][INFO] -      0     0    1.00000    0   60    0.02446    1.00000  3988%     -    4s
[2025-01-29 09:47:31,328][gurobipy][INFO] -      0     0    1.00000    0   44    0.02446    1.00000  3988%     -    5s
[2025-01-29 09:47:31,411][gurobipy][INFO] - H    0     0                       0.0318966    1.00000  3035%     -    5s
[2025-01-29 09:47:33,208][gurobipy][INFO] -      0     0    1.00000    0    1    0.03190    1.00000  3035%     -    6s
[2025-01-29 09:47:33,258][gurobipy][INFO] - H    0     0                       0.0359953    1.00000  2678%     -    6s
[2025-01-29 09:47:33,280][gurobipy][INFO] - H    0     0                       0.0397377    1.00000  2417%     -    6s
[2025-01-29 09:47:35,357][gurobipy][INFO] -      0     0    1.00000    0   41    0.03974    1.00000  2417%     -    9s
[2025-01-29 09:47:35,609][gurobipy][INFO] - H    0     0                       0.0571845    1.00000  1649%     -    9s
[2025-01-29 09:47:35,929][gurobipy][INFO] -      0     0    1.00000    0   38    0.05718    1.00000  1649%     -    9s
[2025-01-29 09:47:44,897][gurobipy][INFO] -      0     0    1.00000    0   37    0.05718    1.00000  1649%     -   18s
[2025-01-29 09:47:45,279][gurobipy][INFO] - H    0     0                       0.3160716    1.00000   216%     -   18s
[2025-01-29 09:47:45,294][gurobipy][INFO] - H    0     0                       0.3211701    1.00000   211%     -   18s
[2025-01-29 09:47:46,179][gurobipy][INFO] -      0     0    1.00000    0   37    0.32117    1.00000   211%     -   19s
[2025-01-29 09:47:54,491][gurobipy][INFO] -      0     0    1.00000    0   36    0.32117    1.00000   211%     -   28s
[2025-01-29 09:47:55,801][gurobipy][INFO] -      0     0    1.00000    0   36    0.32117    1.00000   211%     -   29s
[2025-01-29 09:47:59,411][gurobipy][INFO] -      0     0    1.00000    0   36    0.32117    1.00000   211%     -   33s
[2025-01-29 09:48:03,630][gurobipy][INFO] -      0     0    1.00000    0   36    0.32117    1.00000   211%     -   37s
[2025-01-29 09:48:08,842][gurobipy][INFO] -      0     0    1.00000    0   36    0.32117    1.00000   211%     -   42s
[2025-01-29 09:48:21,008][gurobipy][INFO] -      0     2    1.00000    0   36    0.32117    1.00000   211%     -   54s
[2025-01-29 09:48:21,340][gurobipy][INFO] -      3     2    1.00000    2   32    0.32117    1.00000   211%  1494   55s
[2025-01-29 09:48:26,950][gurobipy][INFO] -     50     4    1.00000   25    9    0.32117    1.00000   211%   357   60s
[2025-01-29 09:48:31,858][gurobipy][INFO] -     58     4    1.00000   27   11    0.32117    1.00000   211%   565   65s
[2025-01-29 09:48:36,405][gurobipy][INFO] -     70     2     cutoff   30         0.32117    0.46339  44.3%   705   70s
[2025-01-29 09:48:36,617][gurobipy][INFO] - *   81     2              33       0.3240750    0.35282  8.87%   627   70s
[2025-01-29 09:48:36,633][gurobipy][INFO] - 
[2025-01-29 09:48:36,633][gurobipy][INFO] - Cutting planes:
[2025-01-29 09:48:36,634][gurobipy][INFO] -   Gomory: 1
[2025-01-29 09:48:36,634][gurobipy][INFO] -   Implied bound: 2
[2025-01-29 09:48:36,634][gurobipy][INFO] -   MIR: 8
[2025-01-29 09:48:36,634][gurobipy][INFO] -   RLT: 7
[2025-01-29 09:48:36,640][gurobipy][INFO] - 
[2025-01-29 09:48:36,640][gurobipy][INFO] - Explored 87 nodes (87606 simplex iterations) in 70.32 seconds (191.42 work units)
[2025-01-29 09:48:36,640][gurobipy][INFO] - Thread count was 32 (of 128 available processors)
[2025-01-29 09:48:36,640][gurobipy][INFO] - 
[2025-01-29 09:48:36,640][gurobipy][INFO] - Solution count 10: 0.324075 0.32117 0.316072 ... 0.00310652
[2025-01-29 09:48:36,640][gurobipy][INFO] - No other solutions better than 0.324075
[2025-01-29 09:48:36,641][gurobipy][INFO] - 
[2025-01-29 09:48:36,641][gurobipy][INFO] - Optimal solution found (tolerance 1.00e-04)
[2025-01-29 09:48:36,642][gurobipy][INFO] - Best objective 3.240749986903e-01, best bound 3.240749986903e-01, gap 0.0000%
[2025-01-29 09:48:37,365][__main__][INFO] - Finished size 4632 (3/5)
[2025-01-29 09:48:58,627][gurobipy][INFO] - Set parameter TimeLimit to value 600
[2025-01-29 09:48:58,681][gurobipy][INFO] - Gurobi Optimizer version 11.0.2 build v11.0.2rc0 (linux64)
[2025-01-29 09:48:58,681][gurobipy][INFO] - 
[2025-01-29 09:48:58,693][gurobipy][INFO] - CPU model: AMD EPYC 7543 32-Core Processor, instruction set [SSE2|AVX|AVX2]
[2025-01-29 09:48:58,693][gurobipy][INFO] - Thread count: 64 physical cores, 128 logical processors, using up to 32 threads
[2025-01-29 09:48:58,693][gurobipy][INFO] - 
[2025-01-29 09:48:58,693][gurobipy][INFO] - Optimize a model with 265125 rows, 4084 columns and 686911 nonzeros
[2025-01-29 09:48:58,699][gurobipy][INFO] - Model fingerprint: 0x1777fa90
[2025-01-29 09:48:58,699][gurobipy][INFO] - Variable types: 4018 continuous, 66 integer (66 binary)
[2025-01-29 09:48:58,699][gurobipy][INFO] - Coefficient statistics:
[2025-01-29 09:48:58,699][gurobipy][INFO] -   Matrix range     [1e-04, 2e+00]
[2025-01-29 09:48:58,699][gurobipy][INFO] -   Objective range  [1e+00, 1e+00]
[2025-01-29 09:48:58,699][gurobipy][INFO] -   Bounds range     [1e+00, 1e+00]
[2025-01-29 09:48:58,699][gurobipy][INFO] -   RHS range        [1e+00, 1e+01]
[2025-01-29 09:48:58,737][gurobipy][INFO] - Found heuristic solution: objective -0.0000000
[2025-01-29 09:49:00,036][gurobipy][INFO] - Presolve removed 72297 rows and 4 columns
[2025-01-29 09:49:00,036][gurobipy][INFO] - Presolve time: 1.30s
[2025-01-29 09:49:00,037][gurobipy][INFO] - Presolved: 192828 rows, 4080 columns, 582496 nonzeros
[2025-01-29 09:49:00,161][gurobipy][INFO] - Variable types: 4018 continuous, 62 integer (62 binary)
[2025-01-29 09:49:00,353][gurobipy][INFO] - Root relaxation presolved: 4080 rows, 196908 columns, 586576 nonzeros
[2025-01-29 09:49:00,353][gurobipy][INFO] - 
[2025-01-29 09:49:00,418][gurobipy][INFO] - 
[2025-01-29 09:49:00,418][gurobipy][INFO] - Root relaxation: objective 1.000000e+00, 82 iterations, 0.25 seconds (0.48 work units)
[2025-01-29 09:49:00,430][gurobipy][INFO] - 
[2025-01-29 09:49:00,431][gurobipy][INFO] -     Nodes    |    Current Node    |     Objective Bounds      |     Work
[2025-01-29 09:49:00,431][gurobipy][INFO] -  Expl Unexpl |  Obj  Depth IntInf | Incumbent    BestBd   Gap | It/Node Time
[2025-01-29 09:49:00,431][gurobipy][INFO] - 
[2025-01-29 09:49:00,431][gurobipy][INFO] -      0     0    1.00000    0    1   -0.00000    1.00000      -     -    1s
[2025-01-29 09:49:00,439][gurobipy][INFO] - H    0     0                       0.0099129    1.00000  9988%     -    1s
[2025-01-29 09:49:00,563][gurobipy][INFO] - H    0     0                       0.0158374    1.00000  6214%     -    1s
[2025-01-29 09:49:00,619][gurobipy][INFO] - H    0     0                       0.0262363    1.00000  3712%     -    1s
[2025-01-29 09:49:00,894][gurobipy][INFO] -      0     0    1.00000    0    2    0.02624    1.00000  3712%     -    2s
[2025-01-29 09:49:07,578][gurobipy][INFO] -      0     0    1.00000    0   62    0.02624    1.00000  3712%     -    8s
[2025-01-29 09:49:09,229][gurobipy][INFO] -      0     0    1.00000    0   46    0.02624    1.00000  3712%     -   10s
[2025-01-29 09:49:09,894][gurobipy][INFO] -      0     0    1.00000    0   43    0.02624    1.00000  3712%     -   11s
[2025-01-29 09:49:14,280][gurobipy][INFO] -      0     0    1.00000    0    1    0.02624    1.00000  3712%     -   15s
[2025-01-29 09:49:15,128][gurobipy][INFO] -      0     0    1.00000    0    2    0.02624    1.00000  3712%     -   16s
[2025-01-29 09:49:19,232][gurobipy][INFO] -      0     0    1.00000    0   43    0.02624    1.00000  3712%     -   20s
[2025-01-29 09:49:32,780][gurobipy][INFO] -      0     0    1.00000    0   42    0.02624    1.00000  3712%     -   34s
[2025-01-29 09:49:33,718][gurobipy][INFO] - H    0     0                       0.3108656    1.00000   222%     -   35s
[2025-01-29 09:49:38,015][gurobipy][INFO] -      0     0    1.00000    0   41    0.31087    1.00000   222%     -   39s
[2025-01-29 09:49:50,593][gurobipy][INFO] -      0     0    1.00000    0   38    0.31087    1.00000   222%     -   51s
[2025-01-29 09:49:54,659][gurobipy][INFO] -      0     0    1.00000    0   38    0.31087    1.00000   222%     -   55s
[2025-01-29 09:49:58,615][gurobipy][INFO] -      0     0    1.00000    0   38    0.31087    1.00000   222%     -   59s
[2025-01-29 09:50:01,167][gurobipy][INFO] -      0     0    1.00000    0   38    0.31087    1.00000   222%     -   62s
[2025-01-29 09:50:04,958][gurobipy][INFO] -      0     0    1.00000    0   38    0.31087    1.00000   222%     -   66s
[2025-01-29 09:50:05,577][gurobipy][INFO] -      0     0    1.00000    0   34    0.31087    1.00000   222%     -   66s
[2025-01-29 09:50:09,348][gurobipy][INFO] -      0     0    1.00000    0   34    0.31087    1.00000   222%     -   70s
[2025-01-29 09:50:15,213][gurobipy][INFO] -      0     0    1.00000    0   34    0.31087    1.00000   222%     -   76s
[2025-01-29 09:50:29,949][gurobipy][INFO] -      0     2    1.00000    0   34    0.31087    1.00000   222%     -   91s
[2025-01-29 09:50:34,375][gurobipy][INFO] -     27     2    1.00000   14   21    0.31087    1.00000   222%   203   95s
[2025-01-29 09:50:37,591][gurobipy][INFO] - H   54     6                       0.3178749    1.00000   215%   229   98s
[2025-01-29 09:50:40,424][gurobipy][INFO] -     69     4    1.00000   27   14    0.31787    1.00000   215%   265  101s
[2025-01-29 09:50:44,339][gurobipy][INFO] -     79     6    1.00000   29   13    0.31787    1.00000   215%   390  105s
[2025-01-29 09:50:50,229][gurobipy][INFO] -     89     8    0.99877   31   12    0.31787    1.00000   215%   642  111s
[2025-01-29 09:50:56,581][gurobipy][INFO] -     93     4    0.34764   32   10    0.31787    1.00000   215%   694  117s
[2025-01-29 09:50:56,866][gurobipy][INFO] - *  106     2              34       0.3245337    0.34556  6.48%   770  118s
[2025-01-29 09:50:56,906][gurobipy][INFO] - *  110     0              35       0.3249762    0.32498  0.00%   745  118s
[2025-01-29 09:50:56,920][gurobipy][INFO] - 
[2025-01-29 09:50:56,920][gurobipy][INFO] - Cutting planes:
[2025-01-29 09:50:56,920][gurobipy][INFO] -   Gomory: 1
[2025-01-29 09:50:56,920][gurobipy][INFO] -   Implied bound: 2
[2025-01-29 09:50:56,921][gurobipy][INFO] -   MIR: 7
[2025-01-29 09:50:56,921][gurobipy][INFO] -   RLT: 8
[2025-01-29 09:50:56,921][gurobipy][INFO] -   Relax-and-lift: 1
[2025-01-29 09:50:56,933][gurobipy][INFO] - 
[2025-01-29 09:50:56,933][gurobipy][INFO] - Explored 111 nodes (117870 simplex iterations) in 118.23 seconds (324.17 work units)
[2025-01-29 09:50:56,933][gurobipy][INFO] - Thread count was 32 (of 128 available processors)
[2025-01-29 09:50:56,933][gurobipy][INFO] - 
[2025-01-29 09:50:56,934][gurobipy][INFO] - Solution count 8: 0.324976 0.324534 0.317875 ... -0
[2025-01-29 09:50:56,934][gurobipy][INFO] - No other solutions better than 0.324976
[2025-01-29 09:50:56,934][gurobipy][INFO] - 
[2025-01-29 09:50:56,934][gurobipy][INFO] - Optimal solution found (tolerance 1.00e-04)
[2025-01-29 09:50:56,937][gurobipy][INFO] - Best objective 3.249762198214e-01, best bound 3.249762198214e-01, gap 0.0000%
[2025-01-29 09:50:57,135][__main__][INFO] - Finished size 9968 (4/5)
[2025-01-29 09:51:32,369][gurobipy][INFO] - Set parameter TimeLimit to value 600
[2025-01-29 09:51:32,459][gurobipy][INFO] - Gurobi Optimizer version 11.0.2 build v11.0.2rc0 (linux64)
[2025-01-29 09:51:32,459][gurobipy][INFO] - 
[2025-01-29 09:51:32,472][gurobipy][INFO] - CPU model: AMD EPYC 7543 32-Core Processor, instruction set [SSE2|AVX|AVX2]
[2025-01-29 09:51:32,472][gurobipy][INFO] - Thread count: 64 physical cores, 128 logical processors, using up to 32 threads
[2025-01-29 09:51:32,472][gurobipy][INFO] - 
[2025-01-29 09:51:32,472][gurobipy][INFO] - Optimize a model with 425901 rows, 6520 columns and 1103467 nonzeros
[2025-01-29 09:51:32,481][gurobipy][INFO] - Model fingerprint: 0xb0b1cd53
[2025-01-29 09:51:32,481][gurobipy][INFO] - Variable types: 6454 continuous, 66 integer (66 binary)
[2025-01-29 09:51:32,481][gurobipy][INFO] - Coefficient statistics:
[2025-01-29 09:51:32,481][gurobipy][INFO] -   Matrix range     [7e-05, 2e+00]
[2025-01-29 09:51:32,481][gurobipy][INFO] -   Objective range  [1e+00, 1e+00]
[2025-01-29 09:51:32,482][gurobipy][INFO] -   Bounds range     [1e+00, 1e+00]
[2025-01-29 09:51:32,482][gurobipy][INFO] -   RHS range        [1e+00, 1e+01]
[2025-01-29 09:51:32,544][gurobipy][INFO] - Found heuristic solution: objective 0.0000000
[2025-01-29 09:51:34,783][gurobipy][INFO] - Presolve removed 116135 rows and 4 columns
[2025-01-29 09:51:34,783][gurobipy][INFO] - Presolve time: 2.24s
[2025-01-29 09:51:34,783][gurobipy][INFO] - Presolved: 309766 rows, 6516 columns, 935746 nonzeros
[2025-01-29 09:51:34,987][gurobipy][INFO] - Variable types: 6454 continuous, 62 integer (62 binary)
[2025-01-29 09:51:35,318][gurobipy][INFO] - Root relaxation presolved: 6516 rows, 316282 columns, 942262 nonzeros
[2025-01-29 09:51:35,318][gurobipy][INFO] - 
[2025-01-29 09:51:35,425][gurobipy][INFO] - 
[2025-01-29 09:51:35,425][gurobipy][INFO] - Root relaxation: objective 1.000000e+00, 337 iterations, 0.43 seconds (0.79 work units)
[2025-01-29 09:51:35,444][gurobipy][INFO] - 
[2025-01-29 09:51:35,445][gurobipy][INFO] -     Nodes    |    Current Node    |     Objective Bounds      |     Work
[2025-01-29 09:51:35,445][gurobipy][INFO] -  Expl Unexpl |  Obj  Depth IntInf | Incumbent    BestBd   Gap | It/Node Time
[2025-01-29 09:51:35,445][gurobipy][INFO] - 
[2025-01-29 09:51:35,445][gurobipy][INFO] -      0     0    1.00000    0    1    0.00000    1.00000      -     -    2s
[2025-01-29 09:51:35,692][gurobipy][INFO] - H    0     0                       0.0084698    1.00000      -     -    3s
[2025-01-29 09:51:35,772][gurobipy][INFO] - H    0     0                       0.0147137    1.00000  6696%     -    3s
[2025-01-29 09:51:36,433][gurobipy][INFO] -      0     0    1.00000    0    5    0.01471    1.00000  6696%     -    3s
[2025-01-29 09:51:37,137][gurobipy][INFO] - H    0     0                       0.0149384    1.00000  6594%     -    4s
[2025-01-29 09:51:50,444][gurobipy][INFO] -      0     0    1.00000    0   62    0.01494    1.00000  6594%     -   17s
[2025-01-29 09:51:52,512][gurobipy][INFO] -      0     0    1.00000    0   55    0.01494    1.00000  6594%     -   20s
[2025-01-29 09:51:59,590][gurobipy][INFO] -      0     0    1.00000    0   54    0.01494    1.00000  6594%     -   27s
[2025-01-29 09:52:01,681][gurobipy][INFO] - H    0     0                       0.2047878    1.00000   388%     -   29s
[2025-01-29 09:52:19,913][gurobipy][INFO] -      0     0    1.00000    0   45    0.20479    1.00000   388%     -   47s
[2025-01-29 09:52:33,862][gurobipy][INFO] -      0     0    1.00000    0   43    0.20479    1.00000   388%     -   61s
[2025-01-29 09:52:35,303][gurobipy][INFO] - H    0     0                       0.3073201    1.00000   225%     -   62s
[2025-01-29 09:52:44,752][gurobipy][INFO] -      0     0    1.00000    0   43    0.30732    1.00000   225%     -   72s
[2025-01-29 09:53:07,316][gurobipy][INFO] -      0     0    1.00000    0   43    0.30732    1.00000   225%     -   94s
[2025-01-29 09:53:16,841][gurobipy][INFO] -      0     0    1.00000    0   43    0.30732    1.00000   225%     -  104s
[2025-01-29 09:53:36,235][gurobipy][INFO] -      0     0    1.00000    0   43    0.30732    1.00000   225%     -  123s
[2025-01-29 09:53:42,832][gurobipy][INFO] -      0     0    1.00000    0   43    0.30732    1.00000   225%     -  130s
[2025-01-29 09:53:51,780][gurobipy][INFO] -      0     0    1.00000    0   43    0.30732    1.00000   225%     -  139s
[2025-01-29 09:54:00,554][gurobipy][INFO] -      0     0    1.00000    0   43    0.30732    1.00000   225%     -  148s
[2025-01-29 09:54:49,762][gurobipy][INFO] -      0     2    1.00000    0   43    0.30732    1.00000   225%     -  197s
[2025-01-29 09:54:53,859][gurobipy][INFO] -      3     2    1.00000    2   41    0.30732    1.00000   225%   681  201s
[2025-01-29 09:55:00,516][gurobipy][INFO] -      7     2    1.00000    4   36    0.30732    1.00000   225%   566  208s
[2025-01-29 09:55:02,937][gurobipy][INFO] -      9     2    1.00000    5   35    0.30732    1.00000   225%   505  210s
[2025-01-29 09:55:08,027][gurobipy][INFO] -     11     2    1.00000    6   34    0.30732    1.00000   225%   578  215s
[2025-01-29 09:55:13,790][gurobipy][INFO] -     15     2    1.00000    8   27    0.30732    1.00000   225%   548  221s
[2025-01-29 09:55:23,253][gurobipy][INFO] -     21     2    1.00000   11   20    0.30732    1.00000   225%   765  230s
[2025-01-29 09:55:27,739][gurobipy][INFO] -     39     2    1.00000   20   11    0.30732    1.00000   225%   704  235s
[2025-01-29 09:55:32,541][gurobipy][INFO] -     43     4    1.00000   22   11    0.30732    1.00000   225%   879  240s
[2025-01-29 09:55:44,255][gurobipy][INFO] -     55     6    1.00000   25   13    0.30732    1.00000   225%   925  251s
[2025-01-29 09:55:48,355][gurobipy][INFO] -     71     6    1.00000   28   11    0.30732    1.00000   225%   874  255s
[2025-01-29 09:55:54,415][gurobipy][INFO] -     83     8    1.00000   30   10    0.30732    1.00000   225%   795  261s
[2025-01-29 09:55:58,837][gurobipy][INFO] -     89     6    1.00000   31   14    0.30732    1.00000   225%   884  266s
[2025-01-29 09:56:02,611][gurobipy][INFO] -     97     6    1.00000   32   13    0.30732    1.00000   225%   852  270s
[2025-01-29 09:56:15,661][gurobipy][INFO] -    109     6    0.52448   34    8    0.30732    1.00000   225%   970  283s
[2025-01-29 09:56:20,104][gurobipy][INFO] -    113     4 infeasible   35         0.30732    0.56369  83.4%  1036  287s
[2025-01-29 09:56:21,280][gurobipy][INFO] - *  121     4              36       0.3233826    0.34765  7.50%  1015  288s
[2025-01-29 09:56:22,615][gurobipy][INFO] -    127     0     cutoff   38         0.32338    0.34579  6.93%   983  290s
[2025-01-29 09:56:22,625][gurobipy][INFO] - 
[2025-01-29 09:56:22,625][gurobipy][INFO] - Cutting planes:
[2025-01-29 09:56:22,625][gurobipy][INFO] -   Implied bound: 2
[2025-01-29 09:56:22,625][gurobipy][INFO] -   MIR: 7
[2025-01-29 09:56:22,625][gurobipy][INFO] -   RLT: 4
[2025-01-29 09:56:22,659][gurobipy][INFO] - 
[2025-01-29 09:56:22,659][gurobipy][INFO] - Explored 129 nodes (169923 simplex iterations) in 290.19 seconds (927.66 work units)
[2025-01-29 09:56:22,660][gurobipy][INFO] - Thread count was 32 (of 128 available processors)
[2025-01-29 09:56:22,660][gurobipy][INFO] - 
[2025-01-29 09:56:22,660][gurobipy][INFO] - Solution count 7: 0.323383 0.30732 0.204788 ... 1.04361e-13
[2025-01-29 09:56:22,660][gurobipy][INFO] - No other solutions better than 0.323383
[2025-01-29 09:56:22,660][gurobipy][INFO] - 
[2025-01-29 09:56:22,660][gurobipy][INFO] - Optimal solution found (tolerance 1.00e-04)
[2025-01-29 09:56:22,663][gurobipy][INFO] - Best objective 3.233826475215e-01, best bound 3.233826475215e-01, gap 0.0000%
[2025-01-29 09:56:22,971][__main__][INFO] - Finished size 21452 (5/5)
