[2025-01-29 11:02:16,335][gurobipy][INFO] - Set parameter TimeLimit to value 600
[2025-01-29 11:02:16,346][gurobipy][INFO] - Gurobi Optimizer version 11.0.2 build v11.0.2rc0 (linux64)
[2025-01-29 11:02:16,346][gurobipy][INFO] - 
[2025-01-29 11:02:16,359][gurobipy][INFO] - CPU model: AMD EPYC 7543 32-Core Processor, instruction set [SSE2|AVX|AVX2]
[2025-01-29 11:02:16,359][gurobipy][INFO] - Thread count: 64 physical cores, 128 logical processors, using up to 32 threads
[2025-01-29 11:02:16,359][gurobipy][INFO] - 
[2025-01-29 11:02:16,359][gurobipy][INFO] - Optimize a model with 50427 rows, 831 columns and 130648 nonzeros
[2025-01-29 11:02:16,360][gurobipy][INFO] - Model fingerprint: 0xacdab322
[2025-01-29 11:02:16,360][gurobipy][INFO] - Variable types: 765 continuous, 66 integer (66 binary)
[2025-01-29 11:02:16,360][gurobipy][INFO] - Coefficient statistics:
[2025-01-29 11:02:16,360][gurobipy][INFO] -   Matrix range     [1e-03, 2e+00]
[2025-01-29 11:02:16,360][gurobipy][INFO] -   Objective range  [1e+00, 1e+00]
[2025-01-29 11:02:16,360][gurobipy][INFO] -   Bounds range     [1e+00, 1e+00]
[2025-01-29 11:02:16,360][gurobipy][INFO] -   RHS range        [1e+00, 1e+01]
[2025-01-29 11:02:16,367][gurobipy][INFO] - Found heuristic solution: objective 0.0000000
[2025-01-29 11:02:16,600][gurobipy][INFO] - Presolve removed 17539 rows and 9 columns
[2025-01-29 11:02:16,600][gurobipy][INFO] - Presolve time: 0.23s
[2025-01-29 11:02:16,600][gurobipy][INFO] - Presolved: 32888 rows, 822 columns, 99423 nonzeros
[2025-01-29 11:02:16,621][gurobipy][INFO] - Variable types: 765 continuous, 57 integer (57 binary)
[2025-01-29 11:02:16,650][gurobipy][INFO] - Root relaxation presolved: 822 rows, 33710 columns, 100245 nonzeros
[2025-01-29 11:02:16,651][gurobipy][INFO] - 
[2025-01-29 11:02:16,658][gurobipy][INFO] - 
[2025-01-29 11:02:16,658][gurobipy][INFO] - Root relaxation: objective 1.000000e+00, 26 iterations, 0.04 seconds (0.07 work units)
[2025-01-29 11:02:16,666][gurobipy][INFO] - 
[2025-01-29 11:02:16,666][gurobipy][INFO] -     Nodes    |    Current Node    |     Objective Bounds      |     Work
[2025-01-29 11:02:16,666][gurobipy][INFO] -  Expl Unexpl |  Obj  Depth IntInf | Incumbent    BestBd   Gap | It/Node Time
[2025-01-29 11:02:16,666][gurobipy][INFO] - 
[2025-01-29 11:02:16,666][gurobipy][INFO] -      0     0    1.00000    0    5    0.00000    1.00000      -     -    0s
[2025-01-29 11:02:16,672][gurobipy][INFO] - H    0     0                       0.1783537    1.00000   461%     -    0s
[2025-01-29 11:02:16,678][gurobipy][INFO] - H    0     0                       0.1793699    1.00000   458%     -    0s
[2025-01-29 11:02:16,682][gurobipy][INFO] - H    0     0                       0.1803862    1.00000   454%     -    0s
[2025-01-29 11:02:16,783][gurobipy][INFO] - H    0     0                       0.1803862    1.00000   454%     -    0s
[2025-01-29 11:02:16,797][gurobipy][INFO] -      0     0    1.00000    0   18    0.18039    1.00000   454%     -    0s
[2025-01-29 11:02:16,838][gurobipy][INFO] -      0     0    1.00000    0   10    0.18039    1.00000   454%     -    0s
[2025-01-29 11:02:16,873][gurobipy][INFO] -      0     0    1.00000    0   12    0.18039    1.00000   454%     -    0s
[2025-01-29 11:02:16,957][gurobipy][INFO] -      0     0    1.00000    0   21    0.18039    1.00000   454%     -    0s
[2025-01-29 11:02:16,963][gurobipy][INFO] -      0     0    1.00000    0   10    0.18039    1.00000   454%     -    0s
[2025-01-29 11:02:17,023][gurobipy][INFO] - H    0     0                       0.1854675    1.00000   439%     -    0s
[2025-01-29 11:02:17,142][gurobipy][INFO] -      0     0    1.00000    0    5    0.18547    1.00000   439%     -    0s
[2025-01-29 11:02:17,394][gurobipy][INFO] - H    0     0                       0.2027439    1.00000   393%     -    1s
[2025-01-29 11:02:17,401][gurobipy][INFO] -      0     0    1.00000    0   19    0.20274    1.00000   393%     -    1s
[2025-01-29 11:02:17,442][gurobipy][INFO] -      0     0    1.00000    0   12    0.20274    1.00000   393%     -    1s
[2025-01-29 11:02:18,557][gurobipy][INFO] - H    0     0                       0.2068089    0.71209   244%     -    2s
[2025-01-29 11:02:18,558][gurobipy][INFO] - H    0     0                       0.2439024    0.71209   192%     -    2s
[2025-01-29 11:02:18,559][gurobipy][INFO] - H    0     0                       0.2621951    0.71209   172%     -    2s
[2025-01-29 11:02:18,563][gurobipy][INFO] -      0     0    0.71209    0    3    0.26220    0.71209   172%     -    2s
[2025-01-29 11:02:18,734][gurobipy][INFO] - H    0     0                       0.2901423    0.66599   130%     -    2s
[2025-01-29 11:02:18,789][gurobipy][INFO] -      0     0    0.54167    0    4    0.29014    0.54167  86.7%     -    2s
[2025-01-29 11:02:18,900][gurobipy][INFO] -      0     0    0.29014    0    4    0.29014    0.29014  0.00%     -    2s
[2025-01-29 11:02:18,902][gurobipy][INFO] - 
[2025-01-29 11:02:18,902][gurobipy][INFO] - Cutting planes:
[2025-01-29 11:02:18,902][gurobipy][INFO] -   Cover: 1
[2025-01-29 11:02:18,902][gurobipy][INFO] -   Implied bound: 2
[2025-01-29 11:02:18,902][gurobipy][INFO] -   MIR: 2
[2025-01-29 11:02:18,902][gurobipy][INFO] -   RLT: 2
[2025-01-29 11:02:18,903][gurobipy][INFO] - 
[2025-01-29 11:02:18,903][gurobipy][INFO] - Explored 1 nodes (5536 simplex iterations) in 2.54 seconds (5.50 work units)
[2025-01-29 11:02:18,903][gurobipy][INFO] - Thread count was 32 (of 128 available processors)
[2025-01-29 11:02:18,903][gurobipy][INFO] - 
[2025-01-29 11:02:18,903][gurobipy][INFO] - Solution count 10: 0.290142 0.262195 0.243902 ... 3.06422e-14
[2025-01-29 11:02:18,903][gurobipy][INFO] - No other solutions better than 0.290142
[2025-01-29 11:02:18,903][gurobipy][INFO] - 
[2025-01-29 11:02:18,903][gurobipy][INFO] - Optimal solution found (tolerance 1.00e-04)
[2025-01-29 11:02:18,904][gurobipy][INFO] - Best objective 2.901422764228e-01, best bound 2.901422764228e-01, gap 0.0000%
[2025-01-29 11:02:18,930][__main__][INFO] - Finished size 1000 (1/5)
[2025-01-29 11:02:27,680][gurobipy][INFO] - Set parameter TimeLimit to value 600
[2025-01-29 11:02:27,709][gurobipy][INFO] - Gurobi Optimizer version 11.0.2 build v11.0.2rc0 (linux64)
[2025-01-29 11:02:27,709][gurobipy][INFO] - 
[2025-01-29 11:02:27,721][gurobipy][INFO] - CPU model: AMD EPYC 7543 32-Core Processor, instruction set [SSE2|AVX|AVX2]
[2025-01-29 11:02:27,721][gurobipy][INFO] - Thread count: 64 physical cores, 128 logical processors, using up to 32 threads
[2025-01-29 11:02:27,721][gurobipy][INFO] - 
[2025-01-29 11:02:27,721][gurobipy][INFO] - Optimize a model with 141111 rows, 2205 columns and 365602 nonzeros
[2025-01-29 11:02:27,724][gurobipy][INFO] - Model fingerprint: 0x3b23c170
[2025-01-29 11:02:27,724][gurobipy][INFO] - Variable types: 2139 continuous, 66 integer (66 binary)
[2025-01-29 11:02:27,724][gurobipy][INFO] - Coefficient statistics:
[2025-01-29 11:02:27,724][gurobipy][INFO] -   Matrix range     [3e-04, 2e+00]
[2025-01-29 11:02:27,725][gurobipy][INFO] -   Objective range  [1e+00, 1e+00]
[2025-01-29 11:02:27,725][gurobipy][INFO] -   Bounds range     [1e+00, 1e+00]
[2025-01-29 11:02:27,725][gurobipy][INFO] -   RHS range        [1e+00, 1e+01]
[2025-01-29 11:02:27,744][gurobipy][INFO] - Found heuristic solution: objective 0.0000000
[2025-01-29 11:02:28,412][gurobipy][INFO] - Presolve removed 38465 rows and 4 columns
[2025-01-29 11:02:28,412][gurobipy][INFO] - Presolve time: 0.67s
[2025-01-29 11:02:28,412][gurobipy][INFO] - Presolved: 102646 rows, 2201 columns, 310071 nonzeros
[2025-01-29 11:02:28,479][gurobipy][INFO] - Variable types: 2139 continuous, 62 integer (62 binary)
[2025-01-29 11:02:28,575][gurobipy][INFO] - Root relaxation presolved: 2201 rows, 104847 columns, 312272 nonzeros
[2025-01-29 11:02:28,575][gurobipy][INFO] - 
[2025-01-29 11:02:28,613][gurobipy][INFO] - 
[2025-01-29 11:02:28,614][gurobipy][INFO] - Root relaxation: objective 1.000000e+00, 66 iterations, 0.13 seconds (0.26 work units)
[2025-01-29 11:02:28,631][gurobipy][INFO] - 
[2025-01-29 11:02:28,631][gurobipy][INFO] -     Nodes    |    Current Node    |     Objective Bounds      |     Work
[2025-01-29 11:02:28,631][gurobipy][INFO] -  Expl Unexpl |  Obj  Depth IntInf | Incumbent    BestBd   Gap | It/Node Time
[2025-01-29 11:02:28,631][gurobipy][INFO] - 
[2025-01-29 11:02:28,631][gurobipy][INFO] -      0     0    1.00000    0    4    0.00000    1.00000      -     -    0s
[2025-01-29 11:02:28,648][gurobipy][INFO] - H    0     0                       0.0155186    1.00000  6344%     -    0s
[2025-01-29 11:02:28,720][gurobipy][INFO] - H    0     0                       0.0212307    1.00000  4610%     -    0s
[2025-01-29 11:02:28,744][gurobipy][INFO] - H    0     0                       0.0266758    1.00000  3649%     -    1s
[2025-01-29 11:02:29,569][gurobipy][INFO] -      0     0    1.00000    0   56    0.02668    1.00000  3649%     -    1s
[2025-01-29 11:02:29,662][gurobipy][INFO] -      0     0    1.00000    0   44    0.02668    1.00000  3649%     -    1s
[2025-01-29 11:02:29,689][gurobipy][INFO] -      0     0    1.00000    0   46    0.02668    1.00000  3649%     -    1s
[2025-01-29 11:02:29,956][gurobipy][INFO] - H    0     0                       0.0784047    1.00000  1175%     -    2s
[2025-01-29 11:02:30,050][gurobipy][INFO] - H    0     0                       0.1167822    1.00000   756%     -    2s
[2025-01-29 11:02:30,268][gurobipy][INFO] -      0     0    1.00000    0   29    0.11678    1.00000   756%     -    2s
[2025-01-29 11:02:34,355][gurobipy][INFO] -      0     0    1.00000    0   30    0.11678    1.00000   756%     -    6s
[2025-01-29 11:02:34,471][gurobipy][INFO] -      0     0    1.00000    0   33    0.11678    1.00000   756%     -    6s
[2025-01-29 11:02:34,633][gurobipy][INFO] - H    0     0                       0.2752465    1.00000   263%     -    6s
[2025-01-29 11:02:34,808][gurobipy][INFO] -      0     0    1.00000    0   30    0.27525    1.00000   263%     -    7s
[2025-01-29 11:02:40,002][gurobipy][INFO] -      0     0    1.00000    0   26    0.27525    1.00000   263%     -   12s
[2025-01-29 11:02:40,368][gurobipy][INFO] -      0     0    1.00000    0   25    0.27525    1.00000   263%     -   12s
[2025-01-29 11:02:43,769][gurobipy][INFO] -      0     0    1.00000    0   21    0.27525    1.00000   263%     -   16s
[2025-01-29 11:02:44,260][gurobipy][INFO] - H    0     0                       0.2883148    1.00000   247%     -   16s
[2025-01-29 11:02:44,289][gurobipy][INFO] -      0     0    1.00000    0   21    0.28831    1.00000   247%     -   16s
[2025-01-29 11:02:46,342][gurobipy][INFO] -      0     0    1.00000    0    1    0.28831    1.00000   247%     -   18s
[2025-01-29 11:02:46,717][gurobipy][INFO] -      0     0    1.00000    0    3    0.28831    1.00000   247%     -   18s
[2025-01-29 11:02:47,039][gurobipy][INFO] -      0     0    1.00000    0    3    0.28831    1.00000   247%     -   19s
[2025-01-29 11:02:47,308][gurobipy][INFO] -      0     0    1.00000    0    3    0.28831    1.00000   247%     -   19s
[2025-01-29 11:02:47,826][gurobipy][INFO] -      0     0    1.00000    0    3    0.28831    1.00000   247%     -   20s
[2025-01-29 11:02:47,987][gurobipy][INFO] -      0     0    1.00000    0    3    0.28831    1.00000   247%     -   20s
[2025-01-29 11:02:50,485][gurobipy][INFO] -      0     2    1.00000    0    3    0.28831    1.00000   247%     -   22s
[2025-01-29 11:02:53,402][gurobipy][INFO] -      5     5    1.00000    3    2    0.28831    1.00000   247%   382   25s
[2025-01-29 11:02:59,262][gurobipy][INFO] -     20     8    0.93333    6   20    0.28831    1.00000   247%   929   31s
[2025-01-29 11:02:59,912][gurobipy][INFO] - H   26     8                       0.3454835    0.93330   170%   824   32s
[2025-01-29 11:02:59,915][gurobipy][INFO] - H   30     8                       0.4069922    0.92998   129%   744   32s
[2025-01-29 11:03:03,589][gurobipy][INFO] -     57    14    0.91667   11   16    0.40699    0.92298   127%   476   35s
[2025-01-29 11:03:05,894][gurobipy][INFO] - H   99    14                       0.4290397    0.90000   110%   305   38s
[2025-01-29 11:03:08,001][gurobipy][INFO] -    136    14    0.85784   17   10    0.42904    0.87260   103%   247   40s
[2025-01-29 11:03:12,585][gurobipy][INFO] - 
[2025-01-29 11:03:12,585][gurobipy][INFO] - Cutting planes:
[2025-01-29 11:03:12,585][gurobipy][INFO] -   Cover: 1
[2025-01-29 11:03:12,585][gurobipy][INFO] -   Implied bound: 1
[2025-01-29 11:03:12,585][gurobipy][INFO] -   MIR: 9
[2025-01-29 11:03:12,586][gurobipy][INFO] -   RLT: 2
[2025-01-29 11:03:12,589][gurobipy][INFO] - 
[2025-01-29 11:03:12,589][gurobipy][INFO] - Explored 284 nodes (71388 simplex iterations) in 44.87 seconds (115.70 work units)
[2025-01-29 11:03:12,589][gurobipy][INFO] - Thread count was 32 (of 128 available processors)
[2025-01-29 11:03:12,589][gurobipy][INFO] - 
[2025-01-29 11:03:12,589][gurobipy][INFO] - Solution count 10: 0.42904 0.406992 0.345483 ... 0.0155186
[2025-01-29 11:03:12,589][gurobipy][INFO] - No other solutions better than 0.42904
[2025-01-29 11:03:12,589][gurobipy][INFO] - 
[2025-01-29 11:03:12,590][gurobipy][INFO] - Optimal solution found (tolerance 1.00e-04)
[2025-01-29 11:03:12,591][gurobipy][INFO] - Best objective 4.290396801247e-01, best bound 4.290396801247e-01, gap 0.0000%
[2025-01-29 11:03:12,700][__main__][INFO] - Finished size 3724 (2/5)
[2025-01-29 11:03:50,428][gurobipy][INFO] - Set parameter TimeLimit to value 600
[2025-01-29 11:03:50,510][gurobipy][INFO] - Gurobi Optimizer version 11.0.2 build v11.0.2rc0 (linux64)
[2025-01-29 11:03:50,510][gurobipy][INFO] - 
[2025-01-29 11:03:50,523][gurobipy][INFO] - CPU model: AMD EPYC 7543 32-Core Processor, instruction set [SSE2|AVX|AVX2]
[2025-01-29 11:03:50,523][gurobipy][INFO] - Thread count: 64 physical cores, 128 logical processors, using up to 32 threads
[2025-01-29 11:03:50,523][gurobipy][INFO] - 
[2025-01-29 11:03:50,523][gurobipy][INFO] - Optimize a model with 360231 rows, 5525 columns and 933322 nonzeros
[2025-01-29 11:03:50,530][gurobipy][INFO] - Model fingerprint: 0x4cbf6371
[2025-01-29 11:03:50,530][gurobipy][INFO] - Variable types: 5459 continuous, 66 integer (66 binary)
[2025-01-29 11:03:50,531][gurobipy][INFO] - Coefficient statistics:
[2025-01-29 11:03:50,531][gurobipy][INFO] -   Matrix range     [7e-05, 2e+00]
[2025-01-29 11:03:50,531][gurobipy][INFO] -   Objective range  [1e+00, 1e+00]
[2025-01-29 11:03:50,531][gurobipy][INFO] -   Bounds range     [1e+00, 1e+00]
[2025-01-29 11:03:50,531][gurobipy][INFO] -   RHS range        [1e+00, 1e+01]
[2025-01-29 11:03:50,580][gurobipy][INFO] - Found heuristic solution: objective 0.0000000
[2025-01-29 11:03:52,401][gurobipy][INFO] - Presolve removed 81869 rows and 1 columns
[2025-01-29 11:03:52,402][gurobipy][INFO] - Presolve time: 1.82s
[2025-01-29 11:03:52,402][gurobipy][INFO] - Presolved: 278362 rows, 5524 columns, 840539 nonzeros
[2025-01-29 11:03:52,578][gurobipy][INFO] - Variable types: 5459 continuous, 65 integer (65 binary)
[2025-01-29 11:03:52,851][gurobipy][INFO] - Root relaxation presolved: 5524 rows, 283886 columns, 846063 nonzeros
[2025-01-29 11:03:52,851][gurobipy][INFO] - 
[2025-01-29 11:03:52,942][gurobipy][INFO] - 
[2025-01-29 11:03:52,942][gurobipy][INFO] - Root relaxation: objective 1.000000e+00, 300 iterations, 0.36 seconds (0.70 work units)
[2025-01-29 11:03:52,958][gurobipy][INFO] - 
[2025-01-29 11:03:52,959][gurobipy][INFO] -     Nodes    |    Current Node    |     Objective Bounds      |     Work
[2025-01-29 11:03:52,959][gurobipy][INFO] -  Expl Unexpl |  Obj  Depth IntInf | Incumbent    BestBd   Gap | It/Node Time
[2025-01-29 11:03:52,959][gurobipy][INFO] - 
[2025-01-29 11:03:52,959][gurobipy][INFO] -      0     0    1.00000    0    1    0.00000    1.00000      -     -    2s
[2025-01-29 11:03:52,970][gurobipy][INFO] - H    0     0                       0.0139091    1.00000  7090%     -    2s
[2025-01-29 11:03:53,103][gurobipy][INFO] - H    0     0                       0.0207747    1.00000  4714%     -    2s
[2025-01-29 11:03:56,636][gurobipy][INFO] -      0     0    1.00000    0   62    0.02077    1.00000  4714%     -    6s
[2025-01-29 11:03:57,462][gurobipy][INFO] -      0     0    1.00000    0   44    0.02077    1.00000  4714%     -    6s
[2025-01-29 11:03:58,100][gurobipy][INFO] - H    0     0                       0.2485182    1.00000   302%     -    7s
[2025-01-29 11:04:05,722][gurobipy][INFO] -      0     0    1.00000    0   40    0.24852    1.00000   302%     -   15s
[2025-01-29 11:04:06,602][gurobipy][INFO] - H    0     0                       0.2487777    1.00000   302%     -   16s
[2025-01-29 11:04:14,700][gurobipy][INFO] -      0     0    1.00000    0   38    0.24878    1.00000   302%     -   24s
[2025-01-29 11:04:24,966][gurobipy][INFO] -      0     0    1.00000    0   38    0.24878    1.00000   302%     -   34s
[2025-01-29 11:04:32,490][gurobipy][INFO] -      0     0    1.00000    0   38    0.24878    1.00000   302%     -   41s
[2025-01-29 11:04:39,913][gurobipy][INFO] -      0     0    1.00000    0   40    0.24878    1.00000   302%     -   49s
[2025-01-29 11:04:46,107][gurobipy][INFO] -      0     0    1.00000    0   40    0.24878    1.00000   302%     -   55s
[2025-01-29 11:04:47,178][gurobipy][INFO] - H    0     0                       0.3094843    1.00000   223%     -   56s
[2025-01-29 11:05:02,708][gurobipy][INFO] - H    0     0                       0.4024926    1.00000   148%     -   72s
[2025-01-29 11:05:12,031][gurobipy][INFO] -      0     2    1.00000    0   40    0.40249    1.00000   148%     -   81s
[2025-01-29 11:05:16,288][gurobipy][INFO] -      5     2    1.00000    3   37    0.40249    1.00000   148%   453   85s
[2025-01-29 11:05:21,664][gurobipy][INFO] -     11     2    1.00000    6   30    0.40249    1.00000   148%   262   91s
[2025-01-29 11:05:27,456][gurobipy][INFO] -     17     2    1.00000    9   16    0.40249    1.00000   148%   285   96s
[2025-01-29 11:05:30,742][gurobipy][INFO] -     31     2    1.00000   16   18    0.40249    1.00000   148%   178  100s
[2025-01-29 11:05:35,591][gurobipy][INFO] -     47     2    1.00000   24   15    0.40249    1.00000   148%   208  105s
[2025-01-29 11:05:41,588][gurobipy][INFO] -     53     2    1.00000   27   17    0.40249    1.00000   148%   281  111s
[2025-01-29 11:05:47,485][gurobipy][INFO] -     59     2    1.00000   30   12    0.40249    1.00000   148%   350  116s
[2025-01-29 11:05:54,584][gurobipy][INFO] -     63     6    1.00000   32   11    0.40249    1.00000   148%   405  124s
[2025-01-29 11:06:02,352][gurobipy][INFO] -     67     6    1.00000   33    4    0.40249    1.00000   148%   610  131s
[2025-01-29 11:06:05,851][gurobipy][INFO] -     73     2 infeasible   34         0.40249    1.00000   148%   772  135s
[2025-01-29 11:06:06,260][gurobipy][INFO] - 
[2025-01-29 11:06:06,260][gurobipy][INFO] - Cutting planes:
[2025-01-29 11:06:06,269][gurobipy][INFO] -   Implied bound: 1
[2025-01-29 11:06:06,269][gurobipy][INFO] -   MIR: 7
[2025-01-29 11:06:06,269][gurobipy][INFO] -   RLT: 4
[2025-01-29 11:06:06,285][gurobipy][INFO] - 
[2025-01-29 11:06:06,285][gurobipy][INFO] - Explored 83 nodes (88448 simplex iterations) in 135.75 seconds (456.41 work units)
[2025-01-29 11:06:06,285][gurobipy][INFO] - Thread count was 32 (of 128 available processors)
[2025-01-29 11:06:06,285][gurobipy][INFO] - 
[2025-01-29 11:06:06,285][gurobipy][INFO] - Solution count 7: 0.402493 0.309484 0.248778 ... 1.00142e-13
[2025-01-29 11:06:06,286][gurobipy][INFO] - No other solutions better than 0.402493
[2025-01-29 11:06:06,286][gurobipy][INFO] - 
[2025-01-29 11:06:06,286][gurobipy][INFO] - Optimal solution found (tolerance 1.00e-04)
[2025-01-29 11:06:06,291][gurobipy][INFO] - Best objective 4.024925941223e-01, best bound 4.024925941223e-01, gap 0.0000%
[2025-01-29 11:06:06,560][__main__][INFO] - Finished size 13867 (3/5)
[2025-01-29 11:07:11,977][gurobipy][INFO] - Set parameter TimeLimit to value 600
[2025-01-29 11:07:12,177][gurobipy][INFO] - Gurobi Optimizer version 11.0.2 build v11.0.2rc0 (linux64)
[2025-01-29 11:07:12,177][gurobipy][INFO] - 
[2025-01-29 11:07:12,190][gurobipy][INFO] - CPU model: AMD EPYC 7543 32-Core Processor, instruction set [SSE2|AVX|AVX2]
[2025-01-29 11:07:12,190][gurobipy][INFO] - Thread count: 64 physical cores, 128 logical processors, using up to 32 threads
[2025-01-29 11:07:12,190][gurobipy][INFO] - 
[2025-01-29 11:07:12,190][gurobipy][INFO] - Optimize a model with 818469 rows, 12468 columns and 2120575 nonzeros
[2025-01-29 11:07:12,207][gurobipy][INFO] - Model fingerprint: 0xda0d4577
[2025-01-29 11:07:12,207][gurobipy][INFO] - Variable types: 12402 continuous, 66 integer (66 binary)
[2025-01-29 11:07:12,208][gurobipy][INFO] - Coefficient statistics:
[2025-01-29 11:07:12,208][gurobipy][INFO] -   Matrix range     [2e-05, 2e+00]
[2025-01-29 11:07:12,208][gurobipy][INFO] -   Objective range  [1e+00, 1e+00]
[2025-01-29 11:07:12,208][gurobipy][INFO] -   Bounds range     [1e+00, 1e+00]
[2025-01-29 11:07:12,209][gurobipy][INFO] -   RHS range        [1e+00, 1e+01]
[2025-01-29 11:07:12,332][gurobipy][INFO] - Found heuristic solution: objective -0.0000000
[2025-01-29 11:07:15,518][gurobipy][INFO] - Presolve removed 186010 rows and 1 columns
[2025-01-29 11:07:15,519][gurobipy][INFO] - Presolve time: 3.19s
[2025-01-29 11:07:15,519][gurobipy][INFO] - Presolved: 632459 rows, 12467 columns, 1909773 nonzeros
[2025-01-29 11:07:15,921][gurobipy][INFO] - Variable types: 12402 continuous, 65 integer (65 binary)
[2025-01-29 11:07:16,680][gurobipy][INFO] - Root relaxation presolved: 12467 rows, 644926 columns, 1922240 nonzeros
[2025-01-29 11:07:16,681][gurobipy][INFO] - 
[2025-01-29 11:07:16,682][gurobipy][INFO] - Deterministic concurrent LP optimizer: primal and dual simplex
[2025-01-29 11:07:16,682][gurobipy][INFO] - Showing primal log only...
[2025-01-29 11:07:16,682][gurobipy][INFO] - 
[2025-01-29 11:07:16,996][gurobipy][INFO] - Concurrent spin time: 0.00s
[2025-01-29 11:07:16,996][gurobipy][INFO] - 
[2025-01-29 11:07:16,996][gurobipy][INFO] - Solved with primal simplex
[2025-01-29 11:07:17,049][gurobipy][INFO] - 
[2025-01-29 11:07:17,049][gurobipy][INFO] - Root relaxation: objective 1.000000e+00, 258 iterations, 1.11 seconds (2.09 work units)
[2025-01-29 11:07:22,621][gurobipy][INFO] - 
[2025-01-29 11:07:22,621][gurobipy][INFO] -     Nodes    |    Current Node    |     Objective Bounds      |     Work
[2025-01-29 11:07:22,621][gurobipy][INFO] -  Expl Unexpl |  Obj  Depth IntInf | Incumbent    BestBd   Gap | It/Node Time
[2025-01-29 11:07:22,621][gurobipy][INFO] - 
[2025-01-29 11:07:22,621][gurobipy][INFO] -      0     0    1.00000    0   14   -0.00000    1.00000      -     -   10s
[2025-01-29 11:07:22,790][gurobipy][INFO] - H    0     0                       0.0030866    1.00000      -     -   10s
[2025-01-29 11:07:47,645][gurobipy][INFO] -      0     0    1.00000    0   65    0.00309    1.00000      -     -   35s
[2025-01-29 11:07:49,161][gurobipy][INFO] -      0     0    1.00000    0   62    0.00309    1.00000      -     -   36s
[2025-01-29 11:07:51,589][gurobipy][INFO] - H    0     0                       0.0062449    1.00000      -     -   39s
[2025-01-29 11:08:42,804][gurobipy][INFO] -      0     0    1.00000    0   61    0.00624    1.00000      -     -   90s
[2025-01-29 11:08:45,933][gurobipy][INFO] - H    0     0                       0.2386265    1.00000   319%     -   93s
[2025-01-29 11:09:25,490][gurobipy][INFO] -      0     0    1.00000    0   61    0.23863    1.00000   319%     -  133s
[2025-01-29 11:09:29,239][gurobipy][INFO] -      0     0    1.00000    0   61    0.23863    1.00000   319%     -  137s
[2025-01-29 11:09:52,683][gurobipy][INFO] -      0     0    1.00000    0   61    0.23863    1.00000   319%     -  160s
[2025-01-29 11:10:06,469][gurobipy][INFO] -      0     0    1.00000    0   61    0.23863    1.00000   319%     -  174s
[2025-01-29 11:10:10,109][gurobipy][INFO] -      0     0    1.00000    0   61    0.23863    1.00000   319%     -  177s
[2025-01-29 11:10:19,915][gurobipy][INFO] -      0     0    1.00000    0   61    0.23863    1.00000   319%     -  187s
[2025-01-29 11:10:38,028][gurobipy][INFO] -      0     0    1.00000    0   61    0.23863    1.00000   319%     -  205s
[2025-01-29 11:11:17,579][gurobipy][INFO] -      0     2    1.00000    0   61    0.23863    1.00000   319%     -  245s
[2025-01-29 11:11:24,112][gurobipy][INFO] -      3     2    1.00000    2   57    0.23863    1.00000   319%   494  251s
[2025-01-29 11:11:28,841][gurobipy][INFO] -      7     2    1.00000    4   55    0.23863    1.00000   319%   219  256s
[2025-01-29 11:11:33,939][gurobipy][INFO] -     11     2    1.00000    6   53    0.23863    1.00000   319%   151  261s
[2025-01-29 11:11:38,768][gurobipy][INFO] -     15     2    1.00000    8   48    0.23863    1.00000   319%   120  266s
[2025-01-29 11:11:43,157][gurobipy][INFO] -     19     2    1.00000   10   43    0.23863    1.00000   319%   106  270s
[2025-01-29 11:11:47,333][gurobipy][INFO] -     49     2    1.00000   25   11    0.23863    1.00000   319%  74.8  275s
[2025-01-29 11:11:52,281][gurobipy][INFO] -     67     2    1.00000   34    9    0.23863    1.00000   319%  88.3  280s
[2025-01-29 11:12:32,532][gurobipy][INFO] -     71     4    1.00000   36    6    0.23863    1.00000   319%   120  320s
[2025-01-29 11:12:37,217][gurobipy][INFO] -     81     2    1.00000   40    9    0.23863    1.00000   319%   345  325s
[2025-01-29 11:12:47,875][gurobipy][INFO] -     95     4    1.00000   45   15    0.23863    1.00000   319%   397  335s
[2025-01-29 11:12:53,526][gurobipy][INFO] -     99     6    1.00000   46   15    0.23863    1.00000   319%   504  341s
[2025-01-29 11:13:05,060][gurobipy][INFO] -    103    12    1.00000   47   14    0.23863    1.00000   319%   582  352s
[2025-01-29 11:13:22,123][gurobipy][INFO] -    109    13    1.00000   48   13    0.23863    1.00000   319%   977  369s
[2025-01-29 11:13:46,949][gurobipy][INFO] -    121    14    0.42237   49   10    0.23863    1.00000   319%  1420  394s
[2025-01-29 11:14:07,490][gurobipy][INFO] -    134     8    0.27711   50   10    0.23863    0.51361   115%  1536  415s
[2025-01-29 11:14:13,774][gurobipy][INFO] -    148     4 infeasible   51         0.23863    0.44132  84.9%  1525  421s
[2025-01-29 11:14:15,070][gurobipy][INFO] - H  157     4                       0.2837328    0.39904  40.6%  1473  422s
[2025-01-29 11:14:15,361][gurobipy][INFO] - *  160     2              53       0.3666695    0.38187  4.15%  1459  423s
[2025-01-29 11:14:15,534][gurobipy][INFO] - 
[2025-01-29 11:14:15,534][gurobipy][INFO] - Cutting planes:
[2025-01-29 11:14:15,534][gurobipy][INFO] -   MIR: 8
[2025-01-29 11:14:15,534][gurobipy][INFO] -   RLT: 11
[2025-01-29 11:14:15,603][gurobipy][INFO] - 
[2025-01-29 11:14:15,603][gurobipy][INFO] - Explored 168 nodes (258204 simplex iterations) in 423.41 seconds (1340.66 work units)
[2025-01-29 11:14:15,603][gurobipy][INFO] - Thread count was 32 (of 128 available processors)
[2025-01-29 11:14:15,603][gurobipy][INFO] - 
[2025-01-29 11:14:15,603][gurobipy][INFO] - Solution count 6: 0.366669 0.283733 0.238626 ... -0
[2025-01-29 11:14:15,603][gurobipy][INFO] - No other solutions better than 0.366669
[2025-01-29 11:14:15,603][gurobipy][INFO] - 
[2025-01-29 11:14:15,603][gurobipy][INFO] - Optimal solution found (tolerance 1.00e-04)
[2025-01-29 11:14:15,619][gurobipy][INFO] - Best objective 3.666694588291e-01, best bound 3.666694588291e-01, gap 0.0000%
[2025-01-29 11:14:16,207][__main__][INFO] - Finished size 51636 (4/5)
[2025-01-29 11:16:34,218][gurobipy][INFO] - Set parameter TimeLimit to value 600
[2025-01-29 11:16:34,569][gurobipy][INFO] - Gurobi Optimizer version 11.0.2 build v11.0.2rc0 (linux64)
[2025-01-29 11:16:34,569][gurobipy][INFO] - 
[2025-01-29 11:16:34,582][gurobipy][INFO] - CPU model: AMD EPYC 7543 32-Core Processor, instruction set [SSE2|AVX|AVX2]
[2025-01-29 11:16:34,582][gurobipy][INFO] - Thread count: 64 physical cores, 128 logical processors, using up to 32 threads
[2025-01-29 11:16:34,582][gurobipy][INFO] - 
[2025-01-29 11:16:34,582][gurobipy][INFO] - Optimize a model with 1724715 rows, 26199 columns and 4468576 nonzeros
[2025-01-29 11:16:34,617][gurobipy][INFO] - Model fingerprint: 0x7b4c9ae9
[2025-01-29 11:16:34,617][gurobipy][INFO] - Variable types: 26133 continuous, 66 integer (66 binary)
[2025-01-29 11:16:34,621][gurobipy][INFO] - Coefficient statistics:
[2025-01-29 11:16:34,621][gurobipy][INFO] -   Matrix range     [5e-06, 2e+00]
[2025-01-29 11:16:34,621][gurobipy][INFO] -   Objective range  [1e+00, 1e+00]
[2025-01-29 11:16:34,621][gurobipy][INFO] -   Bounds range     [1e+00, 1e+00]
[2025-01-29 11:16:34,621][gurobipy][INFO] -   RHS range        [1e+00, 1e+01]
[2025-01-29 11:16:34,998][gurobipy][INFO] - Found heuristic solution: objective 0.0000000
[2025-01-29 11:16:40,073][gurobipy][INFO] - Presolve removed 365848 rows and 0 columns (presolve time = 5s) ...
[2025-01-29 11:16:41,764][gurobipy][INFO] - Presolve removed 365848 rows and 0 columns
[2025-01-29 11:16:41,764][gurobipy][INFO] - Presolve time: 6.77s
[2025-01-29 11:16:41,764][gurobipy][INFO] - Presolved: 1358867 rows, 26199 columns, 4102728 nonzeros
[2025-01-29 11:16:42,630][gurobipy][INFO] - Variable types: 26133 continuous, 66 integer (66 binary)
[2025-01-29 11:16:44,407][gurobipy][INFO] - Root relaxation presolved: 26199 rows, 1385066 columns, 4128927 nonzeros
[2025-01-29 11:16:44,408][gurobipy][INFO] - 
[2025-01-29 11:16:44,410][gurobipy][INFO] - Deterministic concurrent LP optimizer: primal simplex, dual simplex, and barrier
[2025-01-29 11:16:44,410][gurobipy][INFO] - Showing barrier log only...
[2025-01-29 11:16:44,410][gurobipy][INFO] - 
[2025-01-29 11:16:45,020][gurobipy][INFO] - Concurrent spin time: 0.04s
[2025-01-29 11:16:45,020][gurobipy][INFO] - 
[2025-01-29 11:16:45,020][gurobipy][INFO] - Solved with dual simplex
[2025-01-29 11:16:45,142][gurobipy][INFO] - 
[2025-01-29 11:16:45,142][gurobipy][INFO] - Root simplex log...
[2025-01-29 11:16:45,142][gurobipy][INFO] - 
[2025-01-29 11:16:45,142][gurobipy][INFO] - Iteration    Objective       Primal Inf.    Dual Inf.      Time
[2025-01-29 11:16:45,142][gurobipy][INFO] -      288    1.0000000e+00   0.000000e+00   0.000000e+00     11s
[2025-01-29 11:16:45,142][gurobipy][INFO] - 
[2025-01-29 11:16:45,142][gurobipy][INFO] - Root relaxation: objective 1.000000e+00, 288 iterations, 2.47 seconds (4.07 work units)
[2025-01-29 11:16:45,559][gurobipy][INFO] - 
[2025-01-29 11:16:45,559][gurobipy][INFO] -     Nodes    |    Current Node    |     Objective Bounds      |     Work
[2025-01-29 11:16:45,559][gurobipy][INFO] -  Expl Unexpl |  Obj  Depth IntInf | Incumbent    BestBd   Gap | It/Node Time
[2025-01-29 11:16:45,559][gurobipy][INFO] - 
[2025-01-29 11:16:45,559][gurobipy][INFO] -      0     0    1.00000    0    7    0.00000    1.00000      -     -   10s
[2025-01-29 11:16:45,856][gurobipy][INFO] - H    0     0                       0.0002798    1.00000      -     -   11s
[2025-01-29 11:16:46,855][gurobipy][INFO] - H    0     0                       0.0076535    1.00000      -     -   12s
[2025-01-29 11:16:49,432][gurobipy][INFO] -      0     0    1.00000    0    6    0.00765    1.00000      -     -   14s
[2025-01-29 11:19:01,691][gurobipy][INFO] -      0     0    1.00000    0   65    0.00765    1.00000      -     -  147s
[2025-01-29 11:19:08,181][gurobipy][INFO] -      0     0    1.00000    0   60    0.00765    1.00000      -     -  153s
[2025-01-29 11:19:31,119][gurobipy][INFO] -      0     0    1.00000    0   59    0.00765    1.00000      -     -  176s
[2025-01-29 11:22:43,315][gurobipy][INFO] -      0     0    1.00000    0   59    0.00765    1.00000      -     -  368s
[2025-01-29 11:23:40,650][gurobipy][INFO] -      0     0    1.00000    0   58    0.00765    1.00000      -     -  426s
[2025-01-29 11:23:49,361][gurobipy][INFO] - H    0     0                       0.0222246    1.00000  4400%     -  434s
[2025-01-29 11:25:25,102][gurobipy][INFO] -      0     0    1.00000    0   58    0.02222    1.00000  4400%     -  530s
[2025-01-29 11:26:34,611][gurobipy][INFO] - 
[2025-01-29 11:26:34,611][gurobipy][INFO] - Cutting planes:
[2025-01-29 11:26:34,611][gurobipy][INFO] -   Implied bound: 3
[2025-01-29 11:26:34,611][gurobipy][INFO] -   MIR: 6
[2025-01-29 11:26:34,611][gurobipy][INFO] -   RLT: 3
[2025-01-29 11:26:34,643][gurobipy][INFO] - 
[2025-01-29 11:26:34,643][gurobipy][INFO] - Explored 1 nodes (28936 simplex iterations) in 600.06 seconds (1031.87 work units)
[2025-01-29 11:26:34,643][gurobipy][INFO] - Thread count was 32 (of 128 available processors)
[2025-01-29 11:26:34,643][gurobipy][INFO] - 
[2025-01-29 11:26:34,643][gurobipy][INFO] - Solution count 4: 0.0222246 0.00765353 0.000279797 8.29781e-13 
[2025-01-29 11:26:34,643][gurobipy][INFO] - 
[2025-01-29 11:26:34,643][gurobipy][INFO] - Time limit reached
[2025-01-29 11:26:34,654][gurobipy][INFO] - Best objective 2.222460022005e-02, best bound 1.000000000005e+00, gap 4399.5185%
[2025-01-29 11:26:34,728][pyomo.core][WARNING] - Loading a SolverResults object with an 'aborted' status, but containing a solution
[2025-01-29 11:26:35,753][one_rule][INFO] - Solver did not find an optimal sollution
[2025-01-29 11:26:35,755][__main__][INFO] - Finished size 192278 (5/5)
