[2025-01-29 13:08:43,634][__main__][INFO] - In total, there are 1229 possible subgroups
[2025-01-29 13:08:43,663][__main__][INFO] - [0], []
[2025-01-29 13:08:43,845][__main__][INFO] - [1], []
[2025-01-29 13:08:44,082][__main__][INFO] - [2], []
[2025-01-29 13:08:44,306][__main__][INFO] - [3], []
[2025-01-29 13:08:44,485][__main__][INFO] - [4], []
[2025-01-29 13:08:44,705][__main__][INFO] - [5], []
[2025-01-29 13:08:44,896][__main__][INFO] - [6], []
[2025-01-29 13:08:44,979][__main__][INFO] - [7], []
[2025-01-29 13:08:45,016][__main__][INFO] - [8], []
[2025-01-29 13:08:45,037][__main__][INFO] - [9], []
[2025-01-29 13:08:45,055][__main__][INFO] - [10], []
[2025-01-29 13:08:45,971][__main__][INFO] - [11], []
[2025-01-29 13:08:46,011][__main__][INFO] - [12], []
[2025-01-29 13:08:46,167][__main__][INFO] - [13], []
[2025-01-29 13:08:46,188][__main__][INFO] - [14], []
[2025-01-29 13:08:46,208][__main__][INFO] - [15], []
[2025-01-29 13:08:46,408][__main__][INFO] - [16], []
[2025-01-29 13:08:47,009][__main__][INFO] - [], [16]
[2025-01-29 13:08:47,681][__main__][INFO] - [17], []
[2025-01-29 13:08:47,816][__main__][INFO] - [18], []
[2025-01-29 13:08:48,587][__main__][INFO] - [19], []
[2025-01-29 13:08:48,640][__main__][INFO] - [20], []
[2025-01-29 13:08:48,695][__main__][INFO] - [21], []
[2025-01-29 13:08:48,717][__main__][INFO] - [22], []
[2025-01-29 13:08:48,736][__main__][INFO] - [23], []
[2025-01-29 13:08:48,924][__main__][INFO] - [24], []
[2025-01-29 13:08:48,943][__main__][INFO] - [25], []
[2025-01-29 13:08:48,992][__main__][INFO] - [0, 10], []
[2025-01-29 13:08:49,152][__main__][INFO] - [0, 11], []
[2025-01-29 13:08:49,174][__main__][INFO] - [0, 12], []
[2025-01-29 13:08:49,200][__main__][INFO] - [0, 13], []
[2025-01-29 13:08:49,221][__main__][INFO] - [0, 14], []
[2025-01-29 13:08:49,241][__main__][INFO] - [0, 15], []
[2025-01-29 13:08:49,270][__main__][INFO] - [0, 16], []
[2025-01-29 13:08:49,364][__main__][INFO] - [0], [16]
[2025-01-29 13:08:49,464][__main__][INFO] - [0, 17], []
[2025-01-29 13:08:49,504][__main__][INFO] - [0, 18], []
[2025-01-29 13:08:49,615][__main__][INFO] - [0, 19], []
[2025-01-29 13:08:49,644][__main__][INFO] - [0, 20], []
[2025-01-29 13:08:49,669][__main__][INFO] - [0, 21], []
[2025-01-29 13:08:49,690][__main__][INFO] - [0, 22], []
[2025-01-29 13:08:49,714][__main__][INFO] - [0, 23], []
[2025-01-29 13:08:49,749][__main__][INFO] - [0, 24], []
[2025-01-29 13:08:49,798][__main__][INFO] - [1, 10], []
[2025-01-29 13:08:49,983][__main__][INFO] - [1, 11], []
[2025-01-29 13:08:50,006][__main__][INFO] - [1, 12], []
[2025-01-29 13:08:50,042][__main__][INFO] - [1, 13], []
[2025-01-29 13:08:50,063][__main__][INFO] - [1, 14], []
[2025-01-29 13:08:50,083][__main__][INFO] - [1, 15], []
[2025-01-29 13:08:50,121][__main__][INFO] - [1, 16], []
[2025-01-29 13:08:50,235][__main__][INFO] - [1], [16]
[2025-01-29 13:08:50,360][__main__][INFO] - [1, 17], []
[2025-01-29 13:08:50,405][__main__][INFO] - [1, 18], []
[2025-01-29 13:08:50,544][__main__][INFO] - [1, 19], []
[2025-01-29 13:08:50,573][__main__][INFO] - [1, 20], []
[2025-01-29 13:08:50,600][__main__][INFO] - [1, 21], []
[2025-01-29 13:08:50,621][__main__][INFO] - [1, 22], []
[2025-01-29 13:08:50,641][__main__][INFO] - [1, 23], []
[2025-01-29 13:08:50,688][__main__][INFO] - [1, 24], []
[2025-01-29 13:08:50,737][__main__][INFO] - [2, 10], []
[2025-01-29 13:08:50,889][__main__][INFO] - [2, 11], []
[2025-01-29 13:08:50,913][__main__][INFO] - [2, 12], []
[2025-01-29 13:08:50,956][__main__][INFO] - [2, 13], []
[2025-01-29 13:08:50,977][__main__][INFO] - [2, 14], []
[2025-01-29 13:08:50,998][__main__][INFO] - [2, 15], []
[2025-01-29 13:08:51,048][__main__][INFO] - [2, 16], []
[2025-01-29 13:08:51,153][__main__][INFO] - [2], [16]
[2025-01-29 13:08:51,275][__main__][INFO] - [2, 17], []
[2025-01-29 13:08:51,316][__main__][INFO] - [2, 18], []
[2025-01-29 13:08:51,449][__main__][INFO] - [2, 19], []
[2025-01-29 13:08:51,476][__main__][INFO] - [2, 20], []
[2025-01-29 13:08:51,501][__main__][INFO] - [2, 21], []
[2025-01-29 13:08:51,523][__main__][INFO] - [2, 22], []
[2025-01-29 13:08:51,543][__main__][INFO] - [2, 23], []
[2025-01-29 13:08:51,593][__main__][INFO] - [2, 24], []
[2025-01-29 13:08:51,643][__main__][INFO] - [3, 10], []
[2025-01-29 13:08:51,749][__main__][INFO] - [3, 11], []
[2025-01-29 13:08:51,773][__main__][INFO] - [3, 12], []
[2025-01-29 13:08:51,816][__main__][INFO] - [3, 13], []
[2025-01-29 13:08:51,837][__main__][INFO] - [3, 14], []
[2025-01-29 13:08:51,858][__main__][INFO] - [3, 15], []
[2025-01-29 13:08:51,908][__main__][INFO] - [3, 16], []
[2025-01-29 13:08:51,999][__main__][INFO] - [3], [16]
[2025-01-29 13:08:52,098][__main__][INFO] - [3, 17], []
[2025-01-29 13:08:52,134][__main__][INFO] - [3, 18], []
[2025-01-29 13:08:52,243][__main__][INFO] - [3, 19], []
[2025-01-29 13:08:52,267][__main__][INFO] - [3, 20], []
[2025-01-29 13:08:52,292][__main__][INFO] - [3, 21], []
[2025-01-29 13:08:52,313][__main__][INFO] - [3, 22], []
[2025-01-29 13:08:52,333][__main__][INFO] - [3, 23], []
[2025-01-29 13:08:52,379][__main__][INFO] - [3, 24], []
[2025-01-29 13:08:52,428][__main__][INFO] - [4, 10], []
[2025-01-29 13:08:52,563][__main__][INFO] - [4, 11], []
[2025-01-29 13:08:52,587][__main__][INFO] - [4, 12], []
[2025-01-29 13:08:52,635][__main__][INFO] - [4, 13], []
[2025-01-29 13:08:52,656][__main__][INFO] - [4, 14], []
[2025-01-29 13:08:52,677][__main__][INFO] - [4, 15], []
[2025-01-29 13:08:52,735][__main__][INFO] - [4, 16], []
[2025-01-29 13:08:52,842][__main__][INFO] - [4], [16]
[2025-01-29 13:08:52,960][__main__][INFO] - [4, 17], []
[2025-01-29 13:08:52,998][__main__][INFO] - [4, 18], []
[2025-01-29 13:08:53,138][__main__][INFO] - [4, 19], []
[2025-01-29 13:08:53,163][__main__][INFO] - [4, 20], []
[2025-01-29 13:08:53,190][__main__][INFO] - [4, 21], []
[2025-01-29 13:08:53,211][__main__][INFO] - [4, 22], []
[2025-01-29 13:08:53,232][__main__][INFO] - [4, 23], []
[2025-01-29 13:08:53,281][__main__][INFO] - [4, 24], []
[2025-01-29 13:08:53,330][__main__][INFO] - [5, 10], []
[2025-01-29 13:08:53,461][__main__][INFO] - [5, 11], []
[2025-01-29 13:08:53,490][__main__][INFO] - [5, 12], []
[2025-01-29 13:08:53,535][__main__][INFO] - [5, 13], []
[2025-01-29 13:08:53,556][__main__][INFO] - [5, 14], []
[2025-01-29 13:08:53,577][__main__][INFO] - [5, 15], []
[2025-01-29 13:08:53,621][__main__][INFO] - [5, 16], []
[2025-01-29 13:08:53,717][__main__][INFO] - [5], [16]
[2025-01-29 13:08:53,824][__main__][INFO] - [5, 17], []
[2025-01-29 13:08:53,854][__main__][INFO] - [5, 18], []
[2025-01-29 13:08:53,987][__main__][INFO] - [5, 19], []
[2025-01-29 13:08:54,011][__main__][INFO] - [5, 20], []
[2025-01-29 13:08:54,036][__main__][INFO] - [5, 21], []
[2025-01-29 13:08:54,057][__main__][INFO] - [5, 22], []
[2025-01-29 13:08:54,078][__main__][INFO] - [5, 23], []
[2025-01-29 13:08:54,121][__main__][INFO] - [5, 24], []
[2025-01-29 13:08:54,171][__main__][INFO] - [6, 10], []
[2025-01-29 13:08:54,235][__main__][INFO] - [6, 11], []
[2025-01-29 13:08:54,257][__main__][INFO] - [6, 12], []
[2025-01-29 13:08:54,286][__main__][INFO] - [6, 13], []
[2025-01-29 13:08:54,306][__main__][INFO] - [6, 14], []
[2025-01-29 13:08:54,326][__main__][INFO] - [6, 15], []
[2025-01-29 13:08:54,352][__main__][INFO] - [6, 16], []
[2025-01-29 13:08:54,400][__main__][INFO] - [6], [16]
[2025-01-29 13:08:54,453][__main__][INFO] - [6, 17], []
[2025-01-29 13:08:54,477][__main__][INFO] - [6, 18], []
[2025-01-29 13:08:54,543][__main__][INFO] - [6, 19], []
[2025-01-29 13:08:54,564][__main__][INFO] - [6, 20], []
[2025-01-29 13:08:54,586][__main__][INFO] - [6, 21], []
[2025-01-29 13:08:54,606][__main__][INFO] - [6, 22], []
[2025-01-29 13:08:54,626][__main__][INFO] - [6, 23], []
[2025-01-29 13:08:54,654][__main__][INFO] - [6, 24], []
[2025-01-29 13:08:54,704][__main__][INFO] - [7, 10], []
[2025-01-29 13:08:54,738][__main__][INFO] - [7, 11], []
[2025-01-29 13:08:54,758][__main__][INFO] - [7, 12], []
[2025-01-29 13:08:54,780][__main__][INFO] - [7, 13], []
[2025-01-29 13:08:54,800][__main__][INFO] - [7, 14], []
[2025-01-29 13:08:54,820][__main__][INFO] - [7, 15], []
[2025-01-29 13:08:54,842][__main__][INFO] - [7, 16], []
[2025-01-29 13:08:54,869][__main__][INFO] - [7], [16]
[2025-01-29 13:08:54,899][__main__][INFO] - [7, 17], []
[2025-01-29 13:08:54,920][__main__][INFO] - [7, 18], []
[2025-01-29 13:08:54,954][__main__][INFO] - [7, 19], []
[2025-01-29 13:08:54,975][__main__][INFO] - [7, 20], []
[2025-01-29 13:08:54,996][__main__][INFO] - [7, 21], []
[2025-01-29 13:08:55,030][__main__][INFO] - [7, 23], []
[2025-01-29 13:08:55,096][__main__][INFO] - [8, 10], []
[2025-01-29 13:08:55,119][__main__][INFO] - [8, 11], []
[2025-01-29 13:08:55,138][__main__][INFO] - [8, 12], []
[2025-01-29 13:08:55,188][__main__][INFO] - [8, 15], []
[2025-01-29 13:08:55,208][__main__][INFO] - [8, 16], []
[2025-01-29 13:08:55,230][__main__][INFO] - [8], [16]
[2025-01-29 13:08:55,252][__main__][INFO] - [8, 17], []
[2025-01-29 13:08:55,272][__main__][INFO] - [8, 18], []
[2025-01-29 13:08:55,295][__main__][INFO] - [8, 19], []
[2025-01-29 13:08:55,315][__main__][INFO] - [8, 20], []
[2025-01-29 13:08:55,365][__main__][INFO] - [8, 23], []
[2025-01-29 13:08:55,429][__main__][INFO] - [9, 10], []
[2025-01-29 13:08:55,464][__main__][INFO] - [9, 12], []
[2025-01-29 13:08:55,528][__main__][INFO] - [9, 16], []
[2025-01-29 13:08:55,549][__main__][INFO] - [9], [16]
[2025-01-29 13:08:55,584][__main__][INFO] - [9, 18], []
[2025-01-29 13:08:55,663][__main__][INFO] - [9, 23], []
[2025-01-29 13:08:55,728][__main__][INFO] - [10, 16], []
[2025-01-29 13:08:56,128][__main__][INFO] - [10], [16]
[2025-01-29 13:08:56,566][__main__][INFO] - [10, 17], []
[2025-01-29 13:08:56,641][__main__][INFO] - [10, 18], []
[2025-01-29 13:08:57,262][__main__][INFO] - [10, 19], []
[2025-01-29 13:08:57,311][__main__][INFO] - [10, 20], []
[2025-01-29 13:08:57,364][__main__][INFO] - [10, 21], []
[2025-01-29 13:08:57,388][__main__][INFO] - [10, 22], []
[2025-01-29 13:08:57,409][__main__][INFO] - [10, 23], []
[2025-01-29 13:08:57,470][__main__][INFO] - [10, 24], []
[2025-01-29 13:08:57,491][__main__][INFO] - [10, 25], []
[2025-01-29 13:08:57,526][__main__][INFO] - [11, 16], []
[2025-01-29 13:08:57,555][__main__][INFO] - [11], [16]
[2025-01-29 13:08:57,586][__main__][INFO] - [11, 17], []
[2025-01-29 13:08:57,606][__main__][INFO] - [11, 18], []
[2025-01-29 13:08:57,645][__main__][INFO] - [11, 19], []
[2025-01-29 13:08:57,666][__main__][INFO] - [11, 20], []
[2025-01-29 13:08:57,715][__main__][INFO] - [11, 23], []
[2025-01-29 13:08:57,780][__main__][INFO] - [12, 16], []
[2025-01-29 13:08:57,862][__main__][INFO] - [12], [16]
[2025-01-29 13:08:57,945][__main__][INFO] - [12, 17], []
[2025-01-29 13:08:57,966][__main__][INFO] - [12, 18], []
[2025-01-29 13:08:57,994][__main__][INFO] - [12, 19], []
[2025-01-29 13:08:58,016][__main__][INFO] - [12, 20], []
[2025-01-29 13:08:58,066][__main__][INFO] - [12, 23], []
[2025-01-29 13:08:58,248][__main__][INFO] - [13, 16], []
[2025-01-29 13:08:58,270][__main__][INFO] - [13], [16]
[2025-01-29 13:08:58,293][__main__][INFO] - [13, 17], []
[2025-01-29 13:08:58,313][__main__][INFO] - [13, 18], []
[2025-01-29 13:08:58,334][__main__][INFO] - [13, 19], []
[2025-01-29 13:08:58,354][__main__][INFO] - [13, 20], []
[2025-01-29 13:08:58,405][__main__][INFO] - [13, 23], []
[2025-01-29 13:08:58,469][__main__][INFO] - [14, 16], []
[2025-01-29 13:08:58,490][__main__][INFO] - [14], [16]
[2025-01-29 13:08:58,525][__main__][INFO] - [14, 18], []
[2025-01-29 13:08:58,546][__main__][INFO] - [14, 19], []
[2025-01-29 13:08:58,595][__main__][INFO] - [14, 22], []
[2025-01-29 13:08:58,616][__main__][INFO] - [14, 23], []
[2025-01-29 13:08:58,680][__main__][INFO] - [15, 16], []
[2025-01-29 13:08:58,764][__main__][INFO] - [15], [16]
[2025-01-29 13:08:58,871][__main__][INFO] - [15, 17], []
[2025-01-29 13:08:58,945][__main__][INFO] - [15, 18], []
[2025-01-29 13:08:59,049][__main__][INFO] - [15, 19], []
[2025-01-29 13:08:59,072][__main__][INFO] - [15, 20], []
[2025-01-29 13:08:59,093][__main__][INFO] - [15, 21], []
[2025-01-29 13:08:59,113][__main__][INFO] - [15, 22], []
[2025-01-29 13:08:59,133][__main__][INFO] - [15, 23], []
[2025-01-29 13:08:59,154][__main__][INFO] - [15, 24], []
[2025-01-29 13:08:59,204][__main__][INFO] - [16, 17], []
[2025-01-29 13:08:59,270][__main__][INFO] - [16, 18], []
[2025-01-29 13:08:59,610][__main__][INFO] - [16, 19], []
[2025-01-29 13:08:59,646][__main__][INFO] - [16, 20], []
[2025-01-29 13:08:59,683][__main__][INFO] - [16, 21], []
[2025-01-29 13:08:59,705][__main__][INFO] - [16, 22], []
[2025-01-29 13:08:59,726][__main__][INFO] - [16, 23], []
[2025-01-29 13:08:59,825][__main__][INFO] - [16, 24], []
[2025-01-29 13:08:59,875][__main__][INFO] - [17], [16]
[2025-01-29 13:08:59,954][__main__][INFO] - [18], [16]
[2025-01-29 13:09:00,354][__main__][INFO] - [19], [16]
[2025-01-29 13:09:00,402][__main__][INFO] - [20], [16]
[2025-01-29 13:09:00,439][__main__][INFO] - [21], [16]
[2025-01-29 13:09:00,460][__main__][INFO] - [22], [16]
[2025-01-29 13:09:00,481][__main__][INFO] - [23], [16]
[2025-01-29 13:09:00,581][__main__][INFO] - [24], [16]
[2025-01-29 13:09:00,660][__main__][INFO] - [0, 10, 16], []
[2025-01-29 13:09:00,749][__main__][INFO] - [0, 10], [16]
[2025-01-29 13:09:00,839][__main__][INFO] - [0, 10, 17], []
[2025-01-29 13:09:00,878][__main__][INFO] - [0, 10, 18], []
[2025-01-29 13:09:00,983][__main__][INFO] - [0, 10, 19], []
[2025-01-29 13:09:01,014][__main__][INFO] - [0, 10, 20], []
[2025-01-29 13:09:01,042][__main__][INFO] - [0, 10, 21], []
[2025-01-29 13:09:01,066][__main__][INFO] - [0, 10, 22], []
[2025-01-29 13:09:01,088][__main__][INFO] - [0, 10, 23], []
[2025-01-29 13:09:01,120][__main__][INFO] - [0, 10, 24], []
[2025-01-29 13:09:01,173][__main__][INFO] - [0, 11, 16], []
[2025-01-29 13:09:01,197][__main__][INFO] - [0, 11], [16]
[2025-01-29 13:09:01,235][__main__][INFO] - [0, 11, 18], []
[2025-01-29 13:09:01,259][__main__][INFO] - [0, 11, 19], []
[2025-01-29 13:09:01,327][__main__][INFO] - [0, 11, 23], []
[2025-01-29 13:09:01,394][__main__][INFO] - [0, 12, 16], []
[2025-01-29 13:09:01,420][__main__][INFO] - [0, 12], [16]
[2025-01-29 13:09:01,460][__main__][INFO] - [0, 12, 18], []
[2025-01-29 13:09:01,483][__main__][INFO] - [0, 12, 19], []
[2025-01-29 13:09:01,551][__main__][INFO] - [0, 12, 23], []
[2025-01-29 13:09:01,624][__main__][INFO] - [0, 13, 16], []
[2025-01-29 13:09:01,647][__main__][INFO] - [0, 13], [16]
[2025-01-29 13:09:01,685][__main__][INFO] - [0, 13, 18], []
[2025-01-29 13:09:01,722][__main__][INFO] - [0, 13, 20], []
[2025-01-29 13:09:01,834][__main__][INFO] - [0, 14, 16], []
[2025-01-29 13:09:01,856][__main__][INFO] - [0, 14], [16]
[2025-01-29 13:09:01,893][__main__][INFO] - [0, 14, 18], []
[2025-01-29 13:09:01,960][__main__][INFO] - [0, 14, 22], []
[2025-01-29 13:09:02,043][__main__][INFO] - [0, 15, 16], []
[2025-01-29 13:09:02,069][__main__][INFO] - [0, 15], [16]
[2025-01-29 13:09:02,095][__main__][INFO] - [0, 15, 17], []
[2025-01-29 13:09:02,120][__main__][INFO] - [0, 15, 18], []
[2025-01-29 13:09:02,147][__main__][INFO] - [0, 15, 19], []
[2025-01-29 13:09:02,169][__main__][INFO] - [0, 15, 20], []
[2025-01-29 13:09:02,192][__main__][INFO] - [0, 15, 21], []
[2025-01-29 13:09:02,229][__main__][INFO] - [0, 15, 23], []
[2025-01-29 13:09:02,296][__main__][INFO] - [0, 16, 17], []
[2025-01-29 13:09:02,327][__main__][INFO] - [0, 16, 18], []
[2025-01-29 13:09:02,391][__main__][INFO] - [0, 16, 19], []
[2025-01-29 13:09:02,418][__main__][INFO] - [0, 16, 20], []
[2025-01-29 13:09:02,442][__main__][INFO] - [0, 16, 21], []
[2025-01-29 13:09:02,465][__main__][INFO] - [0, 16, 22], []
[2025-01-29 13:09:02,487][__main__][INFO] - [0, 16, 23], []
[2025-01-29 13:09:02,516][__main__][INFO] - [0, 16, 24], []
[2025-01-29 13:09:02,568][__main__][INFO] - [0, 17], [16]
[2025-01-29 13:09:02,600][__main__][INFO] - [0, 18], [16]
[2025-01-29 13:09:02,665][__main__][INFO] - [0, 19], [16]
[2025-01-29 13:09:02,692][__main__][INFO] - [0, 20], [16]
[2025-01-29 13:09:02,717][__main__][INFO] - [0, 21], [16]
[2025-01-29 13:09:02,739][__main__][INFO] - [0, 22], [16]
[2025-01-29 13:09:02,762][__main__][INFO] - [0, 23], [16]
[2025-01-29 13:09:02,792][__main__][INFO] - [0, 24], [16]
[2025-01-29 13:09:02,859][__main__][INFO] - [1, 10, 16], []
[2025-01-29 13:09:02,955][__main__][INFO] - [1, 10], [16]
[2025-01-29 13:09:03,058][__main__][INFO] - [1, 10, 17], []
[2025-01-29 13:09:03,098][__main__][INFO] - [1, 10, 18], []
[2025-01-29 13:09:03,222][__main__][INFO] - [1, 10, 19], []
[2025-01-29 13:09:03,253][__main__][INFO] - [1, 10, 20], []
[2025-01-29 13:09:03,282][__main__][INFO] - [1, 10, 21], []
[2025-01-29 13:09:03,305][__main__][INFO] - [1, 10, 22], []
[2025-01-29 13:09:03,328][__main__][INFO] - [1, 10, 23], []
[2025-01-29 13:09:03,363][__main__][INFO] - [1, 10, 24], []
[2025-01-29 13:09:03,416][__main__][INFO] - [1, 11, 16], []
[2025-01-29 13:09:03,440][__main__][INFO] - [1, 11], [16]
[2025-01-29 13:09:03,479][__main__][INFO] - [1, 11, 18], []
[2025-01-29 13:09:03,504][__main__][INFO] - [1, 11, 19], []
[2025-01-29 13:09:03,527][__main__][INFO] - [1, 11, 20], []
[2025-01-29 13:09:03,580][__main__][INFO] - [1, 11, 23], []
[2025-01-29 13:09:03,648][__main__][INFO] - [1, 12, 16], []
[2025-01-29 13:09:03,678][__main__][INFO] - [1, 12], [16]
[2025-01-29 13:09:03,723][__main__][INFO] - [1, 12, 18], []
[2025-01-29 13:09:03,747][__main__][INFO] - [1, 12, 19], []
[2025-01-29 13:09:03,815][__main__][INFO] - [1, 12, 23], []
[2025-01-29 13:09:03,896][__main__][INFO] - [1, 13, 16], []
[2025-01-29 13:09:03,919][__main__][INFO] - [1, 13], [16]
[2025-01-29 13:09:03,957][__main__][INFO] - [1, 13, 18], []
[2025-01-29 13:09:03,995][__main__][INFO] - [1, 13, 20], []
[2025-01-29 13:09:04,108][__main__][INFO] - [1, 14, 16], []
[2025-01-29 13:09:04,131][__main__][INFO] - [1, 14], [16]
[2025-01-29 13:09:04,169][__main__][INFO] - [1, 14, 18], []
[2025-01-29 13:09:04,236][__main__][INFO] - [1, 14, 22], []
[2025-01-29 13:09:04,259][__main__][INFO] - [1, 14, 23], []
[2025-01-29 13:09:04,327][__main__][INFO] - [1, 15, 16], []
[2025-01-29 13:09:04,356][__main__][INFO] - [1, 15], [16]
[2025-01-29 13:09:04,389][__main__][INFO] - [1, 15, 17], []
[2025-01-29 13:09:04,417][__main__][INFO] - [1, 15, 18], []
[2025-01-29 13:09:04,449][__main__][INFO] - [1, 15, 19], []
[2025-01-29 13:09:04,472][__main__][INFO] - [1, 15, 20], []
[2025-01-29 13:09:04,495][__main__][INFO] - [1, 15, 21], []
[2025-01-29 13:09:04,533][__main__][INFO] - [1, 15, 23], []
[2025-01-29 13:09:04,555][__main__][INFO] - [1, 15, 24], []
[2025-01-29 13:09:04,608][__main__][INFO] - [1, 16, 17], []
[2025-01-29 13:09:04,640][__main__][INFO] - [1, 16, 18], []
[2025-01-29 13:09:04,714][__main__][INFO] - [1, 16, 19], []
[2025-01-29 13:09:04,740][__main__][INFO] - [1, 16, 20], []
[2025-01-29 13:09:04,766][__main__][INFO] - [1, 16, 21], []
[2025-01-29 13:09:04,788][__main__][INFO] - [1, 16, 22], []
[2025-01-29 13:09:04,811][__main__][INFO] - [1, 16, 23], []
[2025-01-29 13:09:04,846][__main__][INFO] - [1, 16, 24], []
[2025-01-29 13:09:04,899][__main__][INFO] - [1, 17], [16]
[2025-01-29 13:09:04,934][__main__][INFO] - [1, 18], [16]
[2025-01-29 13:09:05,016][__main__][INFO] - [1, 19], [16]
[2025-01-29 13:09:05,042][__main__][INFO] - [1, 20], [16]
[2025-01-29 13:09:05,068][__main__][INFO] - [1, 21], [16]
[2025-01-29 13:09:05,090][__main__][INFO] - [1, 22], [16]
[2025-01-29 13:09:05,113][__main__][INFO] - [1, 23], [16]
[2025-01-29 13:09:05,148][__main__][INFO] - [1, 24], [16]
[2025-01-29 13:09:05,216][__main__][INFO] - [2, 10, 16], []
[2025-01-29 13:09:05,295][__main__][INFO] - [2, 10], [16]
[2025-01-29 13:09:05,383][__main__][INFO] - [2, 10, 17], []
[2025-01-29 13:09:05,415][__main__][INFO] - [2, 10, 18], []
[2025-01-29 13:09:05,527][__main__][INFO] - [2, 10, 19], []
[2025-01-29 13:09:05,555][__main__][INFO] - [2, 10, 20], []
[2025-01-29 13:09:05,582][__main__][INFO] - [2, 10, 21], []
[2025-01-29 13:09:05,606][__main__][INFO] - [2, 10, 22], []
[2025-01-29 13:09:05,629][__main__][INFO] - [2, 10, 23], []
[2025-01-29 13:09:05,660][__main__][INFO] - [2, 10, 24], []
[2025-01-29 13:09:05,713][__main__][INFO] - [2, 11, 16], []
[2025-01-29 13:09:05,737][__main__][INFO] - [2, 11], [16]
[2025-01-29 13:09:05,777][__main__][INFO] - [2, 11, 18], []
[2025-01-29 13:09:05,803][__main__][INFO] - [2, 11, 19], []
[2025-01-29 13:09:05,872][__main__][INFO] - [2, 11, 23], []
[2025-01-29 13:09:05,940][__main__][INFO] - [2, 12, 16], []
[2025-01-29 13:09:05,972][__main__][INFO] - [2, 12], [16]
[2025-01-29 13:09:06,021][__main__][INFO] - [2, 12, 18], []
[2025-01-29 13:09:06,045][__main__][INFO] - [2, 12, 19], []
[2025-01-29 13:09:06,114][__main__][INFO] - [2, 12, 23], []
[2025-01-29 13:09:06,203][__main__][INFO] - [2, 13, 16], []
[2025-01-29 13:09:06,226][__main__][INFO] - [2, 13], [16]
[2025-01-29 13:09:06,264][__main__][INFO] - [2, 13, 18], []
[2025-01-29 13:09:06,302][__main__][INFO] - [2, 13, 20], []
[2025-01-29 13:09:06,355][__main__][INFO] - [2, 13, 23], []
[2025-01-29 13:09:06,423][__main__][INFO] - [2, 14, 16], []
[2025-01-29 13:09:06,446][__main__][INFO] - [2, 14], [16]
[2025-01-29 13:09:06,483][__main__][INFO] - [2, 14, 18], []
[2025-01-29 13:09:06,551][__main__][INFO] - [2, 14, 22], []
[2025-01-29 13:09:06,574][__main__][INFO] - [2, 14, 23], []
[2025-01-29 13:09:06,642][__main__][INFO] - [2, 15, 16], []
[2025-01-29 13:09:06,675][__main__][INFO] - [2, 15], [16]
[2025-01-29 13:09:06,713][__main__][INFO] - [2, 15, 17], []
[2025-01-29 13:09:06,746][__main__][INFO] - [2, 15, 18], []
[2025-01-29 13:09:06,783][__main__][INFO] - [2, 15, 19], []
[2025-01-29 13:09:06,806][__main__][INFO] - [2, 15, 20], []
[2025-01-29 13:09:06,829][__main__][INFO] - [2, 15, 21], []
[2025-01-29 13:09:06,866][__main__][INFO] - [2, 15, 23], []
[2025-01-29 13:09:06,889][__main__][INFO] - [2, 15, 24], []
[2025-01-29 13:09:06,942][__main__][INFO] - [2, 16, 17], []
[2025-01-29 13:09:06,972][__main__][INFO] - [2, 16, 18], []
[2025-01-29 13:09:07,041][__main__][INFO] - [2, 16, 19], []
[2025-01-29 13:09:07,066][__main__][INFO] - [2, 16, 20], []
[2025-01-29 13:09:07,091][__main__][INFO] - [2, 16, 21], []
[2025-01-29 13:09:07,114][__main__][INFO] - [2, 16, 22], []
[2025-01-29 13:09:07,137][__main__][INFO] - [2, 16, 23], []
[2025-01-29 13:09:07,173][__main__][INFO] - [2, 16, 24], []
[2025-01-29 13:09:07,226][__main__][INFO] - [2, 17], [16]
[2025-01-29 13:09:07,259][__main__][INFO] - [2, 18], [16]
[2025-01-29 13:09:07,352][__main__][INFO] - [2, 19], [16]
[2025-01-29 13:09:07,380][__main__][INFO] - [2, 20], [16]
[2025-01-29 13:09:07,405][__main__][INFO] - [2, 21], [16]
[2025-01-29 13:09:07,428][__main__][INFO] - [2, 22], [16]
[2025-01-29 13:09:07,451][__main__][INFO] - [2, 23], [16]
[2025-01-29 13:09:07,488][__main__][INFO] - [2, 24], [16]
[2025-01-29 13:09:07,556][__main__][INFO] - [3, 10, 16], []
[2025-01-29 13:09:07,617][__main__][INFO] - [3, 10], [16]
[2025-01-29 13:09:07,682][__main__][INFO] - [3, 10, 17], []
[2025-01-29 13:09:07,709][__main__][INFO] - [3, 10, 18], []
[2025-01-29 13:09:07,794][__main__][INFO] - [3, 10, 19], []
[2025-01-29 13:09:07,820][__main__][INFO] - [3, 10, 20], []
[2025-01-29 13:09:07,846][__main__][INFO] - [3, 10, 21], []
[2025-01-29 13:09:07,869][__main__][INFO] - [3, 10, 22], []
[2025-01-29 13:09:07,893][__main__][INFO] - [3, 10, 23], []
[2025-01-29 13:09:07,919][__main__][INFO] - [3, 10, 24], []
[2025-01-29 13:09:07,971][__main__][INFO] - [3, 11, 16], []
[2025-01-29 13:09:07,995][__main__][INFO] - [3, 11], [16]
[2025-01-29 13:09:08,035][__main__][INFO] - [3, 11, 18], []
[2025-01-29 13:09:08,061][__main__][INFO] - [3, 11, 19], []
[2025-01-29 13:09:08,129][__main__][INFO] - [3, 11, 23], []
[2025-01-29 13:09:08,197][__main__][INFO] - [3, 12, 16], []
[2025-01-29 13:09:08,231][__main__][INFO] - [3, 12], [16]
[2025-01-29 13:09:08,279][__main__][INFO] - [3, 12, 18], []
[2025-01-29 13:09:08,303][__main__][INFO] - [3, 12, 19], []
[2025-01-29 13:09:08,371][__main__][INFO] - [3, 12, 23], []
[2025-01-29 13:09:08,462][__main__][INFO] - [3, 13, 16], []
[2025-01-29 13:09:08,491][__main__][INFO] - [3, 13], [16]
[2025-01-29 13:09:08,529][__main__][INFO] - [3, 13, 18], []
[2025-01-29 13:09:08,567][__main__][INFO] - [3, 13, 20], []
[2025-01-29 13:09:08,620][__main__][INFO] - [3, 13, 23], []
[2025-01-29 13:09:08,688][__main__][INFO] - [3, 14, 16], []
[2025-01-29 13:09:08,711][__main__][INFO] - [3, 14], [16]
[2025-01-29 13:09:08,749][__main__][INFO] - [3, 14, 18], []
[2025-01-29 13:09:08,772][__main__][INFO] - [3, 14, 19], []
[2025-01-29 13:09:08,824][__main__][INFO] - [3, 14, 22], []
[2025-01-29 13:09:08,847][__main__][INFO] - [3, 14, 23], []
[2025-01-29 13:09:08,915][__main__][INFO] - [3, 15, 16], []
[2025-01-29 13:09:08,950][__main__][INFO] - [3, 15], [16]
[2025-01-29 13:09:08,989][__main__][INFO] - [3, 15, 17], []
[2025-01-29 13:09:09,022][__main__][INFO] - [3, 15, 18], []
[2025-01-29 13:09:09,060][__main__][INFO] - [3, 15, 19], []
[2025-01-29 13:09:09,083][__main__][INFO] - [3, 15, 20], []
[2025-01-29 13:09:09,106][__main__][INFO] - [3, 15, 21], []
[2025-01-29 13:09:09,144][__main__][INFO] - [3, 15, 23], []
[2025-01-29 13:09:09,167][__main__][INFO] - [3, 15, 24], []
[2025-01-29 13:09:09,219][__main__][INFO] - [3, 16, 17], []
[2025-01-29 13:09:09,248][__main__][INFO] - [3, 16, 18], []
[2025-01-29 13:09:09,308][__main__][INFO] - [3, 16, 19], []
[2025-01-29 13:09:09,332][__main__][INFO] - [3, 16, 20], []
[2025-01-29 13:09:09,357][__main__][INFO] - [3, 16, 21], []
[2025-01-29 13:09:09,379][__main__][INFO] - [3, 16, 22], []
[2025-01-29 13:09:09,402][__main__][INFO] - [3, 16, 23], []
[2025-01-29 13:09:09,437][__main__][INFO] - [3, 16, 24], []
[2025-01-29 13:09:09,489][__main__][INFO] - [3, 17], [16]
[2025-01-29 13:09:09,519][__main__][INFO] - [3, 18], [16]
[2025-01-29 13:09:09,585][__main__][INFO] - [3, 19], [16]
[2025-01-29 13:09:09,609][__main__][INFO] - [3, 20], [16]
[2025-01-29 13:09:09,634][__main__][INFO] - [3, 21], [16]
[2025-01-29 13:09:09,656][__main__][INFO] - [3, 22], [16]
[2025-01-29 13:09:09,679][__main__][INFO] - [3, 23], [16]
[2025-01-29 13:09:09,714][__main__][INFO] - [3, 24], [16]
[2025-01-29 13:09:09,781][__main__][INFO] - [4, 10, 16], []
[2025-01-29 13:09:09,853][__main__][INFO] - [4, 10], [16]
[2025-01-29 13:09:09,931][__main__][INFO] - [4, 10, 17], []
[2025-01-29 13:09:09,957][__main__][INFO] - [4, 10, 18], []
[2025-01-29 13:09:10,068][__main__][INFO] - [4, 10, 19], []
[2025-01-29 13:09:10,094][__main__][INFO] - [4, 10, 20], []
[2025-01-29 13:09:10,122][__main__][INFO] - [4, 10, 21], []
[2025-01-29 13:09:10,145][__main__][INFO] - [4, 10, 22], []
[2025-01-29 13:09:10,168][__main__][INFO] - [4, 10, 23], []
[2025-01-29 13:09:10,194][__main__][INFO] - [4, 10, 24], []
[2025-01-29 13:09:10,246][__main__][INFO] - [4, 11, 16], []
[2025-01-29 13:09:10,271][__main__][INFO] - [4, 11], [16]
[2025-01-29 13:09:10,311][__main__][INFO] - [4, 11, 18], []
[2025-01-29 13:09:10,337][__main__][INFO] - [4, 11, 19], []
[2025-01-29 13:09:10,360][__main__][INFO] - [4, 11, 20], []
[2025-01-29 13:09:10,413][__main__][INFO] - [4, 11, 23], []
[2025-01-29 13:09:10,480][__main__][INFO] - [4, 12, 16], []
[2025-01-29 13:09:10,517][__main__][INFO] - [4, 12], [16]
[2025-01-29 13:09:10,567][__main__][INFO] - [4, 12, 18], []
[2025-01-29 13:09:10,591][__main__][INFO] - [4, 12, 19], []
[2025-01-29 13:09:10,659][__main__][INFO] - [4, 12, 23], []
[2025-01-29 13:09:10,752][__main__][INFO] - [4, 13, 16], []
[2025-01-29 13:09:10,775][__main__][INFO] - [4, 13], [16]
[2025-01-29 13:09:10,813][__main__][INFO] - [4, 13, 18], []
[2025-01-29 13:09:10,851][__main__][INFO] - [4, 13, 20], []
[2025-01-29 13:09:10,904][__main__][INFO] - [4, 13, 23], []
[2025-01-29 13:09:10,972][__main__][INFO] - [4, 14, 16], []
[2025-01-29 13:09:10,995][__main__][INFO] - [4, 14], [16]
[2025-01-29 13:09:11,032][__main__][INFO] - [4, 14, 18], []
[2025-01-29 13:09:11,055][__main__][INFO] - [4, 14, 19], []
[2025-01-29 13:09:11,107][__main__][INFO] - [4, 14, 22], []
[2025-01-29 13:09:11,190][__main__][INFO] - [4, 15, 16], []
[2025-01-29 13:09:11,228][__main__][INFO] - [4, 15], [16]
[2025-01-29 13:09:11,270][__main__][INFO] - [4, 15, 17], []
[2025-01-29 13:09:11,306][__main__][INFO] - [4, 15, 18], []
[2025-01-29 13:09:11,348][__main__][INFO] - [4, 15, 19], []
[2025-01-29 13:09:11,372][__main__][INFO] - [4, 15, 20], []
[2025-01-29 13:09:11,396][__main__][INFO] - [4, 15, 21], []
[2025-01-29 13:09:11,434][__main__][INFO] - [4, 15, 23], []
[2025-01-29 13:09:11,457][__main__][INFO] - [4, 15, 24], []
[2025-01-29 13:09:11,509][__main__][INFO] - [4, 16, 17], []
[2025-01-29 13:09:11,539][__main__][INFO] - [4, 16, 18], []
[2025-01-29 13:09:11,612][__main__][INFO] - [4, 16, 19], []
[2025-01-29 13:09:11,636][__main__][INFO] - [4, 16, 20], []
[2025-01-29 13:09:11,661][__main__][INFO] - [4, 16, 21], []
[2025-01-29 13:09:11,683][__main__][INFO] - [4, 16, 22], []
[2025-01-29 13:09:11,706][__main__][INFO] - [4, 16, 23], []
[2025-01-29 13:09:11,743][__main__][INFO] - [4, 16, 24], []
[2025-01-29 13:09:11,796][__main__][INFO] - [4, 17], [16]
[2025-01-29 13:09:11,828][__main__][INFO] - [4, 18], [16]
[2025-01-29 13:09:11,910][__main__][INFO] - [4, 19], [16]
[2025-01-29 13:09:11,934][__main__][INFO] - [4, 20], [16]
[2025-01-29 13:09:11,959][__main__][INFO] - [4, 21], [16]
[2025-01-29 13:09:11,982][__main__][INFO] - [4, 22], [16]
[2025-01-29 13:09:12,005][__main__][INFO] - [4, 23], [16]
[2025-01-29 13:09:12,040][__main__][INFO] - [4, 24], [16]
[2025-01-29 13:09:12,108][__main__][INFO] - [5, 10, 16], []
[2025-01-29 13:09:12,178][__main__][INFO] - [5, 10], [16]
[2025-01-29 13:09:12,253][__main__][INFO] - [5, 10, 17], []
[2025-01-29 13:09:12,278][__main__][INFO] - [5, 10, 18], []
[2025-01-29 13:09:12,389][__main__][INFO] - [5, 10, 19], []
[2025-01-29 13:09:12,413][__main__][INFO] - [5, 10, 20], []
[2025-01-29 13:09:12,441][__main__][INFO] - [5, 10, 21], []
[2025-01-29 13:09:12,464][__main__][INFO] - [5, 10, 22], []
[2025-01-29 13:09:12,487][__main__][INFO] - [5, 10, 23], []
[2025-01-29 13:09:12,512][__main__][INFO] - [5, 10, 24], []
[2025-01-29 13:09:12,565][__main__][INFO] - [5, 11, 16], []
[2025-01-29 13:09:12,589][__main__][INFO] - [5, 11], [16]
[2025-01-29 13:09:12,629][__main__][INFO] - [5, 11, 18], []
[2025-01-29 13:09:12,655][__main__][INFO] - [5, 11, 19], []
[2025-01-29 13:09:12,783][__main__][INFO] - [5, 12, 16], []
[2025-01-29 13:09:12,816][__main__][INFO] - [5, 12], [16]
[2025-01-29 13:09:12,864][__main__][INFO] - [5, 12, 18], []
[2025-01-29 13:09:12,889][__main__][INFO] - [5, 12, 19], []
[2025-01-29 13:09:12,957][__main__][INFO] - [5, 12, 23], []
[2025-01-29 13:09:13,045][__main__][INFO] - [5, 13, 16], []
[2025-01-29 13:09:13,068][__main__][INFO] - [5, 13], [16]
[2025-01-29 13:09:13,106][__main__][INFO] - [5, 13, 18], []
[2025-01-29 13:09:13,144][__main__][INFO] - [5, 13, 20], []
[2025-01-29 13:09:13,197][__main__][INFO] - [5, 13, 23], []
[2025-01-29 13:09:13,265][__main__][INFO] - [5, 14, 16], []
[2025-01-29 13:09:13,288][__main__][INFO] - [5, 14], [16]
[2025-01-29 13:09:13,325][__main__][INFO] - [5, 14, 18], []
[2025-01-29 13:09:13,348][__main__][INFO] - [5, 14, 19], []
[2025-01-29 13:09:13,401][__main__][INFO] - [5, 14, 22], []
[2025-01-29 13:09:13,424][__main__][INFO] - [5, 14, 23], []
[2025-01-29 13:09:13,491][__main__][INFO] - [5, 15, 16], []
[2025-01-29 13:09:13,523][__main__][INFO] - [5, 15], [16]
[2025-01-29 13:09:13,558][__main__][INFO] - [5, 15, 17], []
[2025-01-29 13:09:13,587][__main__][INFO] - [5, 15, 18], []
[2025-01-29 13:09:13,623][__main__][INFO] - [5, 15, 19], []
[2025-01-29 13:09:13,646][__main__][INFO] - [5, 15, 20], []
[2025-01-29 13:09:13,668][__main__][INFO] - [5, 15, 21], []
[2025-01-29 13:09:13,706][__main__][INFO] - [5, 15, 23], []
[2025-01-29 13:09:13,729][__main__][INFO] - [5, 15, 24], []
[2025-01-29 13:09:13,782][__main__][INFO] - [5, 16, 17], []
[2025-01-29 13:09:13,808][__main__][INFO] - [5, 16, 18], []
[2025-01-29 13:09:13,885][__main__][INFO] - [5, 16, 19], []
[2025-01-29 13:09:13,909][__main__][INFO] - [5, 16, 20], []
[2025-01-29 13:09:13,933][__main__][INFO] - [5, 16, 21], []
[2025-01-29 13:09:13,956][__main__][INFO] - [5, 16, 22], []
[2025-01-29 13:09:13,979][__main__][INFO] - [5, 16, 23], []
[2025-01-29 13:09:14,012][__main__][INFO] - [5, 16, 24], []
[2025-01-29 13:09:14,065][__main__][INFO] - [5, 17], [16]
[2025-01-29 13:09:14,092][__main__][INFO] - [5, 18], [16]
[2025-01-29 13:09:14,172][__main__][INFO] - [5, 19], [16]
[2025-01-29 13:09:14,196][__main__][INFO] - [5, 20], [16]
[2025-01-29 13:09:14,220][__main__][INFO] - [5, 21], [16]
[2025-01-29 13:09:14,243][__main__][INFO] - [5, 22], [16]
[2025-01-29 13:09:14,266][__main__][INFO] - [5, 23], [16]
[2025-01-29 13:09:14,299][__main__][INFO] - [5, 24], [16]
[2025-01-29 13:09:14,366][__main__][INFO] - [6, 10, 16], []
[2025-01-29 13:09:14,408][__main__][INFO] - [6, 10], [16]
[2025-01-29 13:09:14,453][__main__][INFO] - [6, 10, 17], []
[2025-01-29 13:09:14,476][__main__][INFO] - [6, 10, 18], []
[2025-01-29 13:09:14,536][__main__][INFO] - [6, 10, 19], []
[2025-01-29 13:09:14,560][__main__][INFO] - [6, 10, 20], []
[2025-01-29 13:09:14,584][__main__][INFO] - [6, 10, 21], []
[2025-01-29 13:09:14,607][__main__][INFO] - [6, 10, 22], []
[2025-01-29 13:09:14,630][__main__][INFO] - [6, 10, 23], []
[2025-01-29 13:09:14,698][__main__][INFO] - [6, 11, 16], []
[2025-01-29 13:09:14,721][__main__][INFO] - [6, 11], [16]
[2025-01-29 13:09:14,760][__main__][INFO] - [6, 11, 18], []
[2025-01-29 13:09:14,904][__main__][INFO] - [6, 12, 16], []
[2025-01-29 13:09:14,929][__main__][INFO] - [6, 12], [16]
[2025-01-29 13:09:14,971][__main__][INFO] - [6, 12, 18], []
[2025-01-29 13:09:14,994][__main__][INFO] - [6, 12, 19], []
[2025-01-29 13:09:15,063][__main__][INFO] - [6, 12, 23], []
[2025-01-29 13:09:15,137][__main__][INFO] - [6, 13, 16], []
[2025-01-29 13:09:15,160][__main__][INFO] - [6, 13], [16]
[2025-01-29 13:09:15,198][__main__][INFO] - [6, 13, 18], []
[2025-01-29 13:09:15,236][__main__][INFO] - [6, 13, 20], []
[2025-01-29 13:09:15,364][__main__][INFO] - [6, 14], [16]
[2025-01-29 13:09:15,537][__main__][INFO] - [6, 15, 16], []
[2025-01-29 13:09:15,562][__main__][INFO] - [6, 15], [16]
[2025-01-29 13:09:15,587][__main__][INFO] - [6, 15, 17], []
[2025-01-29 13:09:15,611][__main__][INFO] - [6, 15, 18], []
[2025-01-29 13:09:15,637][__main__][INFO] - [6, 15, 19], []
[2025-01-29 13:09:15,660][__main__][INFO] - [6, 15, 20], []
[2025-01-29 13:09:15,713][__main__][INFO] - [6, 15, 23], []
[2025-01-29 13:09:15,780][__main__][INFO] - [6, 16, 17], []
[2025-01-29 13:09:15,804][__main__][INFO] - [6, 16, 18], []
[2025-01-29 13:09:15,845][__main__][INFO] - [6, 16, 19], []
[2025-01-29 13:09:15,867][__main__][INFO] - [6, 16, 20], []
[2025-01-29 13:09:15,891][__main__][INFO] - [6, 16, 21], []
[2025-01-29 13:09:15,913][__main__][INFO] - [6, 16, 22], []
[2025-01-29 13:09:15,936][__main__][INFO] - [6, 16, 23], []
[2025-01-29 13:09:16,007][__main__][INFO] - [6, 17], [16]
[2025-01-29 13:09:16,031][__main__][INFO] - [6, 18], [16]
[2025-01-29 13:09:16,076][__main__][INFO] - [6, 19], [16]
[2025-01-29 13:09:16,099][__main__][INFO] - [6, 20], [16]
[2025-01-29 13:09:16,122][__main__][INFO] - [6, 21], [16]
[2025-01-29 13:09:16,145][__main__][INFO] - [6, 22], [16]
[2025-01-29 13:09:16,168][__main__][INFO] - [6, 23], [16]
[2025-01-29 13:09:16,253][__main__][INFO] - [7, 10, 16], []
[2025-01-29 13:09:16,282][__main__][INFO] - [7, 10], [16]
[2025-01-29 13:09:16,312][__main__][INFO] - [7, 10, 17], []
[2025-01-29 13:09:16,335][__main__][INFO] - [7, 10, 18], []
[2025-01-29 13:09:16,370][__main__][INFO] - [7, 10, 19], []
[2025-01-29 13:09:16,393][__main__][INFO] - [7, 10, 20], []
[2025-01-29 13:09:16,416][__main__][INFO] - [7, 10, 21], []
[2025-01-29 13:09:16,454][__main__][INFO] - [7, 10, 23], []
[2025-01-29 13:09:16,522][__main__][INFO] - [7, 11, 16], []
[2025-01-29 13:09:16,544][__main__][INFO] - [7, 11], [16]
[2025-01-29 13:09:16,582][__main__][INFO] - [7, 11, 18], []
[2025-01-29 13:09:16,728][__main__][INFO] - [7, 12, 16], []
[2025-01-29 13:09:16,763][__main__][INFO] - [7, 12], [16]
[2025-01-29 13:09:16,803][__main__][INFO] - [7, 12, 18], []
[2025-01-29 13:09:16,826][__main__][INFO] - [7, 12, 19], []
[2025-01-29 13:09:16,893][__main__][INFO] - [7, 12, 23], []
[2025-01-29 13:09:16,977][__main__][INFO] - [7, 13], [16]
[2025-01-29 13:09:17,015][__main__][INFO] - [7, 13, 18], []
[2025-01-29 13:09:17,339][__main__][INFO] - [7, 15, 16], []
[2025-01-29 13:09:17,362][__main__][INFO] - [7, 15], [16]
[2025-01-29 13:09:17,385][__main__][INFO] - [7, 15, 17], []
[2025-01-29 13:09:17,407][__main__][INFO] - [7, 15, 18], []
[2025-01-29 13:09:17,431][__main__][INFO] - [7, 15, 19], []
[2025-01-29 13:09:17,558][__main__][INFO] - [7, 16, 17], []
[2025-01-29 13:09:17,580][__main__][INFO] - [7, 16, 18], []
[2025-01-29 13:09:17,608][__main__][INFO] - [7, 16, 19], []
[2025-01-29 13:09:17,630][__main__][INFO] - [7, 16, 20], []
[2025-01-29 13:09:17,653][__main__][INFO] - [7, 16, 21], []
[2025-01-29 13:09:17,691][__main__][INFO] - [7, 16, 23], []
[2025-01-29 13:09:17,759][__main__][INFO] - [7, 17], [16]
[2025-01-29 13:09:17,782][__main__][INFO] - [7, 18], [16]
[2025-01-29 13:09:17,812][__main__][INFO] - [7, 19], [16]
[2025-01-29 13:09:17,835][__main__][INFO] - [7, 20], [16]
[2025-01-29 13:09:17,858][__main__][INFO] - [7, 21], [16]
[2025-01-29 13:09:17,895][__main__][INFO] - [7, 23], [16]
[2025-01-29 13:09:17,978][__main__][INFO] - [8, 10, 16], []
[2025-01-29 13:09:18,002][__main__][INFO] - [8, 10], [16]
[2025-01-29 13:09:18,041][__main__][INFO] - [8, 10, 18], []
[2025-01-29 13:09:18,066][__main__][INFO] - [8, 10, 19], []
[2025-01-29 13:09:18,089][__main__][INFO] - [8, 10, 20], []
[2025-01-29 13:09:18,142][__main__][INFO] - [8, 10, 23], []
[2025-01-29 13:09:18,210][__main__][INFO] - [8, 11, 16], []
[2025-01-29 13:09:18,232][__main__][INFO] - [8, 11], [16]
[2025-01-29 13:09:18,270][__main__][INFO] - [8, 11, 18], []
[2025-01-29 13:09:18,418][__main__][INFO] - [8, 12, 16], []
[2025-01-29 13:09:18,441][__main__][INFO] - [8, 12], [16]
[2025-01-29 13:09:18,478][__main__][INFO] - [8, 12, 18], []
[2025-01-29 13:09:18,561][__main__][INFO] - [8, 12, 23], []
[2025-01-29 13:09:18,658][__main__][INFO] - [8, 15, 16], []
[2025-01-29 13:09:18,681][__main__][INFO] - [8, 15], [16]
[2025-01-29 13:09:18,718][__main__][INFO] - [8, 15, 18], []
[2025-01-29 13:09:18,875][__main__][INFO] - [8, 16, 18], []
[2025-01-29 13:09:18,899][__main__][INFO] - [8, 16, 19], []
[2025-01-29 13:09:18,921][__main__][INFO] - [8, 16, 20], []
[2025-01-29 13:09:18,974][__main__][INFO] - [8, 16, 23], []
[2025-01-29 13:09:19,041][__main__][INFO] - [8, 17], [16]
[2025-01-29 13:09:19,064][__main__][INFO] - [8, 18], [16]
[2025-01-29 13:09:19,088][__main__][INFO] - [8, 19], [16]
[2025-01-29 13:09:19,110][__main__][INFO] - [8, 20], [16]
[2025-01-29 13:09:19,163][__main__][INFO] - [8, 23], [16]
[2025-01-29 13:09:19,245][__main__][INFO] - [9, 10, 16], []
[2025-01-29 13:09:19,268][__main__][INFO] - [9, 10], [16]
[2025-01-29 13:09:19,306][__main__][INFO] - [9, 10, 18], []
[2025-01-29 13:09:19,702][__main__][INFO] - [9, 16, 18], []
[2025-01-29 13:09:19,860][__main__][INFO] - [9, 18], [16]
[2025-01-29 13:09:20,017][__main__][INFO] - [10, 16, 17], []
[2025-01-29 13:09:20,063][__main__][INFO] - [10, 16, 18], []
[2025-01-29 13:09:20,352][__main__][INFO] - [10, 16, 19], []
[2025-01-29 13:09:20,387][__main__][INFO] - [10, 16, 20], []
[2025-01-29 13:09:20,424][__main__][INFO] - [10, 16, 21], []
[2025-01-29 13:09:20,448][__main__][INFO] - [10, 16, 22], []
[2025-01-29 13:09:20,472][__main__][INFO] - [10, 16, 23], []
[2025-01-29 13:09:20,513][__main__][INFO] - [10, 16, 24], []
[2025-01-29 13:09:20,566][__main__][INFO] - [10, 17], [16]
[2025-01-29 13:09:20,613][__main__][INFO] - [10, 18], [16]
[2025-01-29 13:09:20,934][__main__][INFO] - [10, 19], [16]
[2025-01-29 13:09:20,970][__main__][INFO] - [10, 20], [16]
[2025-01-29 13:09:21,006][__main__][INFO] - [10, 21], [16]
[2025-01-29 13:09:21,030][__main__][INFO] - [10, 22], [16]
[2025-01-29 13:09:21,054][__main__][INFO] - [10, 23], [16]
[2025-01-29 13:09:21,095][__main__][INFO] - [10, 24], [16]
[2025-01-29 13:09:21,162][__main__][INFO] - [11, 16, 17], []
[2025-01-29 13:09:21,184][__main__][INFO] - [11, 16, 18], []
[2025-01-29 13:09:21,214][__main__][INFO] - [11, 16, 19], []
[2025-01-29 13:09:21,236][__main__][INFO] - [11, 16, 20], []
[2025-01-29 13:09:21,289][__main__][INFO] - [11, 16, 23], []
[2025-01-29 13:09:21,356][__main__][INFO] - [11, 17], [16]
[2025-01-29 13:09:21,378][__main__][INFO] - [11, 18], [16]
[2025-01-29 13:09:21,410][__main__][INFO] - [11, 19], [16]
[2025-01-29 13:09:21,434][__main__][INFO] - [11, 20], [16]
[2025-01-29 13:09:21,486][__main__][INFO] - [11, 23], [16]
[2025-01-29 13:09:21,568][__main__][INFO] - [12, 16, 17], []
[2025-01-29 13:09:21,590][__main__][INFO] - [12, 16, 18], []
[2025-01-29 13:09:21,615][__main__][INFO] - [12, 16, 19], []
[2025-01-29 13:09:21,682][__main__][INFO] - [12, 16, 23], []
[2025-01-29 13:09:21,805][__main__][INFO] - [12, 17], [16]
[2025-01-29 13:09:21,827][__main__][INFO] - [12, 18], [16]
[2025-01-29 13:09:21,854][__main__][INFO] - [12, 19], [16]
[2025-01-29 13:09:21,921][__main__][INFO] - [12, 23], [16]
[2025-01-29 13:09:22,073][__main__][INFO] - [13, 16, 18], []
[2025-01-29 13:09:22,096][__main__][INFO] - [13, 16, 19], []
[2025-01-29 13:09:22,118][__main__][INFO] - [13, 16, 20], []
[2025-01-29 13:09:22,171][__main__][INFO] - [13, 16, 23], []
[2025-01-29 13:09:22,253][__main__][INFO] - [13, 18], [16]
[2025-01-29 13:09:22,276][__main__][INFO] - [13, 19], [16]
[2025-01-29 13:09:22,298][__main__][INFO] - [13, 20], [16]
[2025-01-29 13:09:22,351][__main__][INFO] - [13, 23], [16]
[2025-01-29 13:09:22,448][__main__][INFO] - [14, 16, 18], []
[2025-01-29 13:09:22,470][__main__][INFO] - [14, 16, 19], []
[2025-01-29 13:09:22,522][__main__][INFO] - [14, 16, 22], []
[2025-01-29 13:09:22,544][__main__][INFO] - [14, 16, 23], []
[2025-01-29 13:09:22,626][__main__][INFO] - [14, 18], [16]
[2025-01-29 13:09:22,649][__main__][INFO] - [14, 19], [16]
[2025-01-29 13:09:22,700][__main__][INFO] - [14, 22], [16]
[2025-01-29 13:09:22,723][__main__][INFO] - [14, 23], [16]
[2025-01-29 13:09:22,804][__main__][INFO] - [15, 16, 17], []
[2025-01-29 13:09:22,846][__main__][INFO] - [15, 16, 18], []
[2025-01-29 13:09:22,901][__main__][INFO] - [15, 16, 19], []
[2025-01-29 13:09:22,924][__main__][INFO] - [15, 16, 20], []
[2025-01-29 13:09:22,946][__main__][INFO] - [15, 16, 21], []
[2025-01-29 13:09:22,983][__main__][INFO] - [15, 16, 23], []
[2025-01-29 13:09:23,006][__main__][INFO] - [15, 16, 24], []
[2025-01-29 13:09:23,058][__main__][INFO] - [15, 17], [16]
[2025-01-29 13:09:23,109][__main__][INFO] - [15, 18], [16]
[2025-01-29 13:09:23,175][__main__][INFO] - [15, 19], [16]
[2025-01-29 13:09:23,198][__main__][INFO] - [15, 20], [16]
[2025-01-29 13:09:23,220][__main__][INFO] - [15, 21], [16]
[2025-01-29 13:09:23,257][__main__][INFO] - [15, 23], [16]
[2025-01-29 13:09:23,280][__main__][INFO] - [15, 24], [16]
[2025-01-29 23:38:51,084][__main__][INFO] - In total, there are 1229 possible subgroups
[2025-01-29 23:38:51,113][__main__][INFO] - [0], []
[2025-01-29 23:38:51,294][__main__][INFO] - [1], []
[2025-01-29 23:38:51,526][__main__][INFO] - [2], []
[2025-01-29 23:38:51,749][__main__][INFO] - [3], []
[2025-01-29 23:38:51,933][__main__][INFO] - [4], []
[2025-01-29 23:38:52,145][__main__][INFO] - [5], []
[2025-01-29 23:38:52,331][__main__][INFO] - [6], []
[2025-01-29 23:38:52,415][__main__][INFO] - [7], []
[2025-01-29 23:38:52,453][__main__][INFO] - [8], []
[2025-01-29 23:38:52,475][__main__][INFO] - [9], []
[2025-01-29 23:38:52,494][__main__][INFO] - [10], []
[2025-01-29 23:38:53,388][__main__][INFO] - [11], []
[2025-01-29 23:38:53,428][__main__][INFO] - [12], []
[2025-01-29 23:38:53,585][__main__][INFO] - [13], []
[2025-01-29 23:38:53,607][__main__][INFO] - [14], []
[2025-01-29 23:38:53,628][__main__][INFO] - [15], []
[2025-01-29 23:38:53,824][__main__][INFO] - [16], []
[2025-01-29 23:38:54,389][__main__][INFO] - [], [16]
[2025-01-29 23:38:55,040][__main__][INFO] - [17], []
[2025-01-29 23:38:55,184][__main__][INFO] - [18], []
[2025-01-29 23:38:55,933][__main__][INFO] - [19], []
[2025-01-29 23:38:55,987][__main__][INFO] - [20], []
[2025-01-29 23:38:56,041][__main__][INFO] - [21], []
[2025-01-29 23:38:56,063][__main__][INFO] - [22], []
[2025-01-29 23:38:56,084][__main__][INFO] - [23], []
[2025-01-29 23:38:56,265][__main__][INFO] - [24], []
[2025-01-29 23:38:56,285][__main__][INFO] - [25], []
[2025-01-29 23:38:56,337][__main__][INFO] - [0, 10], []
[2025-01-29 23:38:56,494][__main__][INFO] - [0, 11], []
[2025-01-29 23:38:56,516][__main__][INFO] - [0, 12], []
[2025-01-29 23:38:56,544][__main__][INFO] - [0, 13], []
[2025-01-29 23:38:56,565][__main__][INFO] - [0, 14], []
[2025-01-29 23:38:56,587][__main__][INFO] - [0, 15], []
[2025-01-29 23:38:56,616][__main__][INFO] - [0, 16], []
[2025-01-29 23:38:56,712][__main__][INFO] - [0], [16]
[2025-01-29 23:38:56,807][__main__][INFO] - [0, 17], []
[2025-01-29 23:38:56,848][__main__][INFO] - [0, 18], []
[2025-01-29 23:38:56,959][__main__][INFO] - [0, 19], []
[2025-01-29 23:38:56,988][__main__][INFO] - [0, 20], []
[2025-01-29 23:38:57,015][__main__][INFO] - [0, 21], []
[2025-01-29 23:38:57,037][__main__][INFO] - [0, 22], []
[2025-01-29 23:38:57,062][__main__][INFO] - [0, 23], []
[2025-01-29 23:38:57,098][__main__][INFO] - [0, 24], []
[2025-01-29 23:38:57,149][__main__][INFO] - [1, 10], []
[2025-01-29 23:38:57,331][__main__][INFO] - [1, 11], []
[2025-01-29 23:38:57,355][__main__][INFO] - [1, 12], []
[2025-01-29 23:38:57,391][__main__][INFO] - [1, 13], []
[2025-01-29 23:38:57,413][__main__][INFO] - [1, 14], []
[2025-01-29 23:38:57,434][__main__][INFO] - [1, 15], []
[2025-01-29 23:38:57,473][__main__][INFO] - [1, 16], []
[2025-01-29 23:38:57,586][__main__][INFO] - [1], [16]
[2025-01-29 23:38:57,709][__main__][INFO] - [1, 17], []
[2025-01-29 23:38:57,754][__main__][INFO] - [1, 18], []
[2025-01-29 23:38:57,890][__main__][INFO] - [1, 19], []
[2025-01-29 23:38:57,919][__main__][INFO] - [1, 20], []
[2025-01-29 23:38:57,947][__main__][INFO] - [1, 21], []
[2025-01-29 23:38:57,969][__main__][INFO] - [1, 22], []
[2025-01-29 23:38:57,991][__main__][INFO] - [1, 23], []
[2025-01-29 23:38:58,039][__main__][INFO] - [1, 24], []
[2025-01-29 23:38:58,091][__main__][INFO] - [2, 10], []
[2025-01-29 23:38:58,238][__main__][INFO] - [2, 11], []
[2025-01-29 23:38:58,264][__main__][INFO] - [2, 12], []
[2025-01-29 23:38:58,307][__main__][INFO] - [2, 13], []
[2025-01-29 23:38:58,329][__main__][INFO] - [2, 14], []
[2025-01-29 23:38:58,351][__main__][INFO] - [2, 15], []
[2025-01-29 23:38:58,401][__main__][INFO] - [2, 16], []
[2025-01-29 23:38:58,504][__main__][INFO] - [2], [16]
[2025-01-29 23:38:58,624][__main__][INFO] - [2, 17], []
[2025-01-29 23:38:58,665][__main__][INFO] - [2, 18], []
[2025-01-29 23:38:58,795][__main__][INFO] - [2, 19], []
[2025-01-29 23:38:58,822][__main__][INFO] - [2, 20], []
[2025-01-29 23:38:58,849][__main__][INFO] - [2, 21], []
[2025-01-29 23:38:58,871][__main__][INFO] - [2, 22], []
[2025-01-29 23:38:58,893][__main__][INFO] - [2, 23], []
[2025-01-29 23:38:58,944][__main__][INFO] - [2, 24], []
[2025-01-29 23:38:58,995][__main__][INFO] - [3, 10], []
[2025-01-29 23:38:59,098][__main__][INFO] - [3, 11], []
[2025-01-29 23:38:59,123][__main__][INFO] - [3, 12], []
[2025-01-29 23:38:59,166][__main__][INFO] - [3, 13], []
[2025-01-29 23:38:59,188][__main__][INFO] - [3, 14], []
[2025-01-29 23:38:59,210][__main__][INFO] - [3, 15], []
[2025-01-29 23:38:59,260][__main__][INFO] - [3, 16], []
[2025-01-29 23:38:59,346][__main__][INFO] - [3], [16]
[2025-01-29 23:38:59,444][__main__][INFO] - [3, 17], []
[2025-01-29 23:38:59,480][__main__][INFO] - [3, 18], []
[2025-01-29 23:38:59,586][__main__][INFO] - [3, 19], []
[2025-01-29 23:38:59,611][__main__][INFO] - [3, 20], []
[2025-01-29 23:38:59,636][__main__][INFO] - [3, 21], []
[2025-01-29 23:38:59,658][__main__][INFO] - [3, 22], []
[2025-01-29 23:38:59,680][__main__][INFO] - [3, 23], []
[2025-01-29 23:38:59,726][__main__][INFO] - [3, 24], []
[2025-01-29 23:38:59,778][__main__][INFO] - [4, 10], []
[2025-01-29 23:38:59,908][__main__][INFO] - [4, 11], []
[2025-01-29 23:38:59,933][__main__][INFO] - [4, 12], []
[2025-01-29 23:38:59,981][__main__][INFO] - [4, 13], []
[2025-01-29 23:39:00,003][__main__][INFO] - [4, 14], []
[2025-01-29 23:39:00,035][__main__][INFO] - [4, 15], []
[2025-01-29 23:39:00,093][__main__][INFO] - [4, 16], []
[2025-01-29 23:39:00,198][__main__][INFO] - [4], [16]
[2025-01-29 23:39:00,313][__main__][INFO] - [4, 17], []
[2025-01-29 23:39:00,351][__main__][INFO] - [4, 18], []
[2025-01-29 23:39:00,488][__main__][INFO] - [4, 19], []
[2025-01-29 23:39:00,513][__main__][INFO] - [4, 20], []
[2025-01-29 23:39:00,540][__main__][INFO] - [4, 21], []
[2025-01-29 23:39:00,562][__main__][INFO] - [4, 22], []
[2025-01-29 23:39:00,584][__main__][INFO] - [4, 23], []
[2025-01-29 23:39:00,633][__main__][INFO] - [4, 24], []
[2025-01-29 23:39:00,685][__main__][INFO] - [5, 10], []
[2025-01-29 23:39:00,809][__main__][INFO] - [5, 11], []
[2025-01-29 23:39:00,834][__main__][INFO] - [5, 12], []
[2025-01-29 23:39:00,878][__main__][INFO] - [5, 13], []
[2025-01-29 23:39:00,900][__main__][INFO] - [5, 14], []
[2025-01-29 23:39:00,922][__main__][INFO] - [5, 15], []
[2025-01-29 23:39:00,966][__main__][INFO] - [5, 16], []
[2025-01-29 23:39:01,060][__main__][INFO] - [5], [16]
[2025-01-29 23:39:01,165][__main__][INFO] - [5, 17], []
[2025-01-29 23:39:01,196][__main__][INFO] - [5, 18], []
[2025-01-29 23:39:01,325][__main__][INFO] - [5, 19], []
[2025-01-29 23:39:01,349][__main__][INFO] - [5, 20], []
[2025-01-29 23:39:01,376][__main__][INFO] - [5, 21], []
[2025-01-29 23:39:01,398][__main__][INFO] - [5, 22], []
[2025-01-29 23:39:01,419][__main__][INFO] - [5, 23], []
[2025-01-29 23:39:01,463][__main__][INFO] - [5, 24], []
[2025-01-29 23:39:01,514][__main__][INFO] - [6, 10], []
[2025-01-29 23:39:01,578][__main__][INFO] - [6, 11], []
[2025-01-29 23:39:01,600][__main__][INFO] - [6, 12], []
[2025-01-29 23:39:01,630][__main__][INFO] - [6, 13], []
[2025-01-29 23:39:01,651][__main__][INFO] - [6, 14], []
[2025-01-29 23:39:01,673][__main__][INFO] - [6, 15], []
[2025-01-29 23:39:01,700][__main__][INFO] - [6, 16], []
[2025-01-29 23:39:01,748][__main__][INFO] - [6], [16]
[2025-01-29 23:39:01,801][__main__][INFO] - [6, 17], []
[2025-01-29 23:39:01,824][__main__][INFO] - [6, 18], []
[2025-01-29 23:39:01,888][__main__][INFO] - [6, 19], []
[2025-01-29 23:39:01,910][__main__][INFO] - [6, 20], []
[2025-01-29 23:39:01,933][__main__][INFO] - [6, 21], []
[2025-01-29 23:39:01,955][__main__][INFO] - [6, 22], []
[2025-01-29 23:39:01,977][__main__][INFO] - [6, 23], []
[2025-01-29 23:39:02,005][__main__][INFO] - [6, 24], []
[2025-01-29 23:39:02,057][__main__][INFO] - [7, 10], []
[2025-01-29 23:39:02,091][__main__][INFO] - [7, 11], []
[2025-01-29 23:39:02,113][__main__][INFO] - [7, 12], []
[2025-01-29 23:39:02,136][__main__][INFO] - [7, 13], []
[2025-01-29 23:39:02,158][__main__][INFO] - [7, 14], []
[2025-01-29 23:39:02,180][__main__][INFO] - [7, 15], []
[2025-01-29 23:39:02,202][__main__][INFO] - [7, 16], []
[2025-01-29 23:39:02,231][__main__][INFO] - [7], [16]
[2025-01-29 23:39:02,262][__main__][INFO] - [7, 17], []
[2025-01-29 23:39:02,284][__main__][INFO] - [7, 18], []
[2025-01-29 23:39:02,319][__main__][INFO] - [7, 19], []
[2025-01-29 23:39:02,341][__main__][INFO] - [7, 20], []
[2025-01-29 23:39:02,363][__main__][INFO] - [7, 21], []
[2025-01-29 23:39:02,400][__main__][INFO] - [7, 23], []
[2025-01-29 23:39:02,468][__main__][INFO] - [8, 10], []
[2025-01-29 23:39:02,492][__main__][INFO] - [8, 11], []
[2025-01-29 23:39:02,514][__main__][INFO] - [8, 12], []
[2025-01-29 23:39:02,566][__main__][INFO] - [8, 15], []
[2025-01-29 23:39:02,588][__main__][INFO] - [8, 16], []
[2025-01-29 23:39:02,611][__main__][INFO] - [8], [16]
[2025-01-29 23:39:02,634][__main__][INFO] - [8, 17], []
[2025-01-29 23:39:02,656][__main__][INFO] - [8, 18], []
[2025-01-29 23:39:02,680][__main__][INFO] - [8, 19], []
[2025-01-29 23:39:02,702][__main__][INFO] - [8, 20], []
[2025-01-29 23:39:02,754][__main__][INFO] - [8, 23], []
[2025-01-29 23:39:02,821][__main__][INFO] - [9, 10], []
[2025-01-29 23:39:02,861][__main__][INFO] - [9, 12], []
[2025-01-29 23:39:02,940][__main__][INFO] - [9, 16], []
[2025-01-29 23:39:02,961][__main__][INFO] - [9], [16]
[2025-01-29 23:39:02,999][__main__][INFO] - [9, 18], []
[2025-01-29 23:39:03,081][__main__][INFO] - [9, 23], []
[2025-01-29 23:39:03,148][__main__][INFO] - [10, 16], []
[2025-01-29 23:39:03,547][__main__][INFO] - [10], [16]
[2025-01-29 23:39:03,974][__main__][INFO] - [10, 17], []
[2025-01-29 23:39:04,050][__main__][INFO] - [10, 18], []
[2025-01-29 23:39:04,651][__main__][INFO] - [10, 19], []
[2025-01-29 23:39:04,700][__main__][INFO] - [10, 20], []
[2025-01-29 23:39:04,753][__main__][INFO] - [10, 21], []
[2025-01-29 23:39:04,778][__main__][INFO] - [10, 22], []
[2025-01-29 23:39:04,801][__main__][INFO] - [10, 23], []
[2025-01-29 23:39:04,863][__main__][INFO] - [10, 24], []
[2025-01-29 23:39:04,885][__main__][INFO] - [10, 25], []
[2025-01-29 23:39:04,922][__main__][INFO] - [11, 16], []
[2025-01-29 23:39:04,952][__main__][INFO] - [11], [16]
[2025-01-29 23:39:04,984][__main__][INFO] - [11, 17], []
[2025-01-29 23:39:05,006][__main__][INFO] - [11, 18], []
[2025-01-29 23:39:05,046][__main__][INFO] - [11, 19], []
[2025-01-29 23:39:05,068][__main__][INFO] - [11, 20], []
[2025-01-29 23:39:05,120][__main__][INFO] - [11, 23], []
[2025-01-29 23:39:05,186][__main__][INFO] - [12, 16], []
[2025-01-29 23:39:05,268][__main__][INFO] - [12], [16]
[2025-01-29 23:39:05,351][__main__][INFO] - [12, 17], []
[2025-01-29 23:39:05,372][__main__][INFO] - [12, 18], []
[2025-01-29 23:39:05,402][__main__][INFO] - [12, 19], []
[2025-01-29 23:39:05,426][__main__][INFO] - [12, 20], []
[2025-01-29 23:39:05,478][__main__][INFO] - [12, 23], []
[2025-01-29 23:39:05,661][__main__][INFO] - [13, 16], []
[2025-01-29 23:39:05,686][__main__][INFO] - [13], [16]
[2025-01-29 23:39:05,710][__main__][INFO] - [13, 17], []
[2025-01-29 23:39:05,731][__main__][INFO] - [13, 18], []
[2025-01-29 23:39:05,754][__main__][INFO] - [13, 19], []
[2025-01-29 23:39:05,776][__main__][INFO] - [13, 20], []
[2025-01-29 23:39:05,829][__main__][INFO] - [13, 23], []
[2025-01-29 23:39:05,896][__main__][INFO] - [14, 16], []
[2025-01-29 23:39:05,919][__main__][INFO] - [14], [16]
[2025-01-29 23:39:05,957][__main__][INFO] - [14, 18], []
[2025-01-29 23:39:05,979][__main__][INFO] - [14, 19], []
[2025-01-29 23:39:06,031][__main__][INFO] - [14, 22], []
[2025-01-29 23:39:06,053][__main__][INFO] - [14, 23], []
[2025-01-29 23:39:06,120][__main__][INFO] - [15, 16], []
[2025-01-29 23:39:06,205][__main__][INFO] - [15], [16]
[2025-01-29 23:39:06,312][__main__][INFO] - [15, 17], []
[2025-01-29 23:39:06,387][__main__][INFO] - [15, 18], []
[2025-01-29 23:39:06,491][__main__][INFO] - [15, 19], []
[2025-01-29 23:39:06,515][__main__][INFO] - [15, 20], []
[2025-01-29 23:39:06,538][__main__][INFO] - [15, 21], []
[2025-01-29 23:39:06,560][__main__][INFO] - [15, 22], []
[2025-01-29 23:39:06,582][__main__][INFO] - [15, 23], []
[2025-01-29 23:39:06,604][__main__][INFO] - [15, 24], []
[2025-01-29 23:39:06,656][__main__][INFO] - [16, 17], []
[2025-01-29 23:39:06,723][__main__][INFO] - [16, 18], []
[2025-01-29 23:39:07,059][__main__][INFO] - [16, 19], []
[2025-01-29 23:39:07,096][__main__][INFO] - [16, 20], []
[2025-01-29 23:39:07,134][__main__][INFO] - [16, 21], []
[2025-01-29 23:39:07,157][__main__][INFO] - [16, 22], []
[2025-01-29 23:39:07,179][__main__][INFO] - [16, 23], []
[2025-01-29 23:39:07,278][__main__][INFO] - [16, 24], []
[2025-01-29 23:39:07,330][__main__][INFO] - [17], [16]
[2025-01-29 23:39:07,410][__main__][INFO] - [18], [16]
[2025-01-29 23:39:07,793][__main__][INFO] - [19], [16]
[2025-01-29 23:39:07,830][__main__][INFO] - [20], [16]
[2025-01-29 23:39:07,867][__main__][INFO] - [21], [16]
[2025-01-29 23:39:07,890][__main__][INFO] - [22], [16]
[2025-01-29 23:39:07,913][__main__][INFO] - [23], [16]
[2025-01-29 23:39:08,009][__main__][INFO] - [24], [16]
[2025-01-29 23:39:08,091][__main__][INFO] - [0, 10, 16], []
[2025-01-29 23:39:08,177][__main__][INFO] - [0, 10], [16]
[2025-01-29 23:39:08,266][__main__][INFO] - [0, 10, 17], []
[2025-01-29 23:39:08,305][__main__][INFO] - [0, 10, 18], []
[2025-01-29 23:39:08,410][__main__][INFO] - [0, 10, 19], []
[2025-01-29 23:39:08,441][__main__][INFO] - [0, 10, 20], []
[2025-01-29 23:39:08,480][__main__][INFO] - [0, 10, 21], []
[2025-01-29 23:39:08,505][__main__][INFO] - [0, 10, 22], []
[2025-01-29 23:39:08,528][__main__][INFO] - [0, 10, 23], []
[2025-01-29 23:39:08,562][__main__][INFO] - [0, 10, 24], []
[2025-01-29 23:39:08,617][__main__][INFO] - [0, 11, 16], []
[2025-01-29 23:39:08,641][__main__][INFO] - [0, 11], [16]
[2025-01-29 23:39:08,681][__main__][INFO] - [0, 11, 18], []
[2025-01-29 23:39:08,706][__main__][INFO] - [0, 11, 19], []
[2025-01-29 23:39:08,775][__main__][INFO] - [0, 11, 23], []
[2025-01-29 23:39:08,845][__main__][INFO] - [0, 12, 16], []
[2025-01-29 23:39:08,871][__main__][INFO] - [0, 12], [16]
[2025-01-29 23:39:08,914][__main__][INFO] - [0, 12, 18], []
[2025-01-29 23:39:08,938][__main__][INFO] - [0, 12, 19], []
[2025-01-29 23:39:09,008][__main__][INFO] - [0, 12, 23], []
[2025-01-29 23:39:09,083][__main__][INFO] - [0, 13, 16], []
[2025-01-29 23:39:09,107][__main__][INFO] - [0, 13], [16]
[2025-01-29 23:39:09,147][__main__][INFO] - [0, 13, 18], []
[2025-01-29 23:39:09,186][__main__][INFO] - [0, 13, 20], []
[2025-01-29 23:39:09,302][__main__][INFO] - [0, 14, 16], []
[2025-01-29 23:39:09,325][__main__][INFO] - [0, 14], [16]
[2025-01-29 23:39:09,365][__main__][INFO] - [0, 14, 18], []
[2025-01-29 23:39:09,434][__main__][INFO] - [0, 14, 22], []
[2025-01-29 23:39:09,520][__main__][INFO] - [0, 15, 16], []
[2025-01-29 23:39:09,547][__main__][INFO] - [0, 15], [16]
[2025-01-29 23:39:09,575][__main__][INFO] - [0, 15, 17], []
[2025-01-29 23:39:09,601][__main__][INFO] - [0, 15, 18], []
[2025-01-29 23:39:09,629][__main__][INFO] - [0, 15, 19], []
[2025-01-29 23:39:09,653][__main__][INFO] - [0, 15, 20], []
[2025-01-29 23:39:09,677][__main__][INFO] - [0, 15, 21], []
[2025-01-29 23:39:09,716][__main__][INFO] - [0, 15, 23], []
[2025-01-29 23:39:09,785][__main__][INFO] - [0, 16, 17], []
[2025-01-29 23:39:09,818][__main__][INFO] - [0, 16, 18], []
[2025-01-29 23:39:09,882][__main__][INFO] - [0, 16, 19], []
[2025-01-29 23:39:09,909][__main__][INFO] - [0, 16, 20], []
[2025-01-29 23:39:09,935][__main__][INFO] - [0, 16, 21], []
[2025-01-29 23:39:09,959][__main__][INFO] - [0, 16, 22], []
[2025-01-29 23:39:09,982][__main__][INFO] - [0, 16, 23], []
[2025-01-29 23:39:10,013][__main__][INFO] - [0, 16, 24], []
[2025-01-29 23:39:10,067][__main__][INFO] - [0, 17], [16]
[2025-01-29 23:39:10,100][__main__][INFO] - [0, 18], [16]
[2025-01-29 23:39:10,166][__main__][INFO] - [0, 19], [16]
[2025-01-29 23:39:10,194][__main__][INFO] - [0, 20], [16]
[2025-01-29 23:39:10,220][__main__][INFO] - [0, 21], [16]
[2025-01-29 23:39:10,245][__main__][INFO] - [0, 22], [16]
[2025-01-29 23:39:10,269][__main__][INFO] - [0, 23], [16]
[2025-01-29 23:39:10,300][__main__][INFO] - [0, 24], [16]
[2025-01-29 23:39:10,369][__main__][INFO] - [1, 10, 16], []
[2025-01-29 23:39:10,465][__main__][INFO] - [1, 10], [16]
[2025-01-29 23:39:10,566][__main__][INFO] - [1, 10, 17], []
[2025-01-29 23:39:10,607][__main__][INFO] - [1, 10, 18], []
[2025-01-29 23:39:10,728][__main__][INFO] - [1, 10, 19], []
[2025-01-29 23:39:10,759][__main__][INFO] - [1, 10, 20], []
[2025-01-29 23:39:10,790][__main__][INFO] - [1, 10, 21], []
[2025-01-29 23:39:10,814][__main__][INFO] - [1, 10, 22], []
[2025-01-29 23:39:10,839][__main__][INFO] - [1, 10, 23], []
[2025-01-29 23:39:10,875][__main__][INFO] - [1, 10, 24], []
[2025-01-29 23:39:10,929][__main__][INFO] - [1, 11, 16], []
[2025-01-29 23:39:10,955][__main__][INFO] - [1, 11], [16]
[2025-01-29 23:39:10,996][__main__][INFO] - [1, 11, 18], []
[2025-01-29 23:39:11,022][__main__][INFO] - [1, 11, 19], []
[2025-01-29 23:39:11,047][__main__][INFO] - [1, 11, 20], []
[2025-01-29 23:39:11,102][__main__][INFO] - [1, 11, 23], []
[2025-01-29 23:39:11,175][__main__][INFO] - [1, 12, 16], []
[2025-01-29 23:39:11,218][__main__][INFO] - [1, 12], [16]
[2025-01-29 23:39:11,265][__main__][INFO] - [1, 12, 18], []
[2025-01-29 23:39:11,291][__main__][INFO] - [1, 12, 19], []
[2025-01-29 23:39:11,361][__main__][INFO] - [1, 12, 23], []
[2025-01-29 23:39:11,445][__main__][INFO] - [1, 13, 16], []
[2025-01-29 23:39:11,469][__main__][INFO] - [1, 13], [16]
[2025-01-29 23:39:11,509][__main__][INFO] - [1, 13, 18], []
[2025-01-29 23:39:11,549][__main__][INFO] - [1, 13, 20], []
[2025-01-29 23:39:11,665][__main__][INFO] - [1, 14, 16], []
[2025-01-29 23:39:11,689][__main__][INFO] - [1, 14], [16]
[2025-01-29 23:39:11,728][__main__][INFO] - [1, 14, 18], []
[2025-01-29 23:39:11,798][__main__][INFO] - [1, 14, 22], []
[2025-01-29 23:39:11,823][__main__][INFO] - [1, 14, 23], []
[2025-01-29 23:39:11,893][__main__][INFO] - [1, 15, 16], []
[2025-01-29 23:39:11,923][__main__][INFO] - [1, 15], [16]
[2025-01-29 23:39:11,957][__main__][INFO] - [1, 15, 17], []
[2025-01-29 23:39:11,987][__main__][INFO] - [1, 15, 18], []
[2025-01-29 23:39:12,020][__main__][INFO] - [1, 15, 19], []
[2025-01-29 23:39:12,045][__main__][INFO] - [1, 15, 20], []
[2025-01-29 23:39:12,069][__main__][INFO] - [1, 15, 21], []
[2025-01-29 23:39:12,108][__main__][INFO] - [1, 15, 23], []
[2025-01-29 23:39:12,133][__main__][INFO] - [1, 15, 24], []
[2025-01-29 23:39:12,187][__main__][INFO] - [1, 16, 17], []
[2025-01-29 23:39:12,221][__main__][INFO] - [1, 16, 18], []
[2025-01-29 23:39:12,295][__main__][INFO] - [1, 16, 19], []
[2025-01-29 23:39:12,323][__main__][INFO] - [1, 16, 20], []
[2025-01-29 23:39:12,350][__main__][INFO] - [1, 16, 21], []
[2025-01-29 23:39:12,374][__main__][INFO] - [1, 16, 22], []
[2025-01-29 23:39:12,398][__main__][INFO] - [1, 16, 23], []
[2025-01-29 23:39:12,434][__main__][INFO] - [1, 16, 24], []
[2025-01-29 23:39:12,489][__main__][INFO] - [1, 17], [16]
[2025-01-29 23:39:12,526][__main__][INFO] - [1, 18], [16]
[2025-01-29 23:39:12,607][__main__][INFO] - [1, 19], [16]
[2025-01-29 23:39:12,635][__main__][INFO] - [1, 20], [16]
[2025-01-29 23:39:12,662][__main__][INFO] - [1, 21], [16]
[2025-01-29 23:39:12,686][__main__][INFO] - [1, 22], [16]
[2025-01-29 23:39:12,711][__main__][INFO] - [1, 23], [16]
[2025-01-29 23:39:12,747][__main__][INFO] - [1, 24], [16]
[2025-01-29 23:39:12,817][__main__][INFO] - [2, 10, 16], []
[2025-01-29 23:39:12,895][__main__][INFO] - [2, 10], [16]
[2025-01-29 23:39:12,983][__main__][INFO] - [2, 10, 17], []
[2025-01-29 23:39:13,016][__main__][INFO] - [2, 10, 18], []
[2025-01-29 23:39:13,125][__main__][INFO] - [2, 10, 19], []
[2025-01-29 23:39:13,153][__main__][INFO] - [2, 10, 20], []
[2025-01-29 23:39:13,182][__main__][INFO] - [2, 10, 21], []
[2025-01-29 23:39:13,207][__main__][INFO] - [2, 10, 22], []
[2025-01-29 23:39:13,231][__main__][INFO] - [2, 10, 23], []
[2025-01-29 23:39:13,263][__main__][INFO] - [2, 10, 24], []
[2025-01-29 23:39:13,318][__main__][INFO] - [2, 11, 16], []
[2025-01-29 23:39:13,344][__main__][INFO] - [2, 11], [16]
[2025-01-29 23:39:13,385][__main__][INFO] - [2, 11, 18], []
[2025-01-29 23:39:13,413][__main__][INFO] - [2, 11, 19], []
[2025-01-29 23:39:13,484][__main__][INFO] - [2, 11, 23], []
[2025-01-29 23:39:13,553][__main__][INFO] - [2, 12, 16], []
[2025-01-29 23:39:13,586][__main__][INFO] - [2, 12], [16]
[2025-01-29 23:39:13,637][__main__][INFO] - [2, 12, 18], []
[2025-01-29 23:39:13,662][__main__][INFO] - [2, 12, 19], []
[2025-01-29 23:39:13,733][__main__][INFO] - [2, 12, 23], []
[2025-01-29 23:39:13,822][__main__][INFO] - [2, 13, 16], []
[2025-01-29 23:39:13,847][__main__][INFO] - [2, 13], [16]
[2025-01-29 23:39:13,886][__main__][INFO] - [2, 13, 18], []
[2025-01-29 23:39:13,926][__main__][INFO] - [2, 13, 20], []
[2025-01-29 23:39:13,981][__main__][INFO] - [2, 13, 23], []
[2025-01-29 23:39:14,051][__main__][INFO] - [2, 14, 16], []
[2025-01-29 23:39:14,075][__main__][INFO] - [2, 14], [16]
[2025-01-29 23:39:14,115][__main__][INFO] - [2, 14, 18], []
[2025-01-29 23:39:14,185][__main__][INFO] - [2, 14, 22], []
[2025-01-29 23:39:14,209][__main__][INFO] - [2, 14, 23], []
[2025-01-29 23:39:14,280][__main__][INFO] - [2, 15, 16], []
[2025-01-29 23:39:14,314][__main__][INFO] - [2, 15], [16]
[2025-01-29 23:39:14,354][__main__][INFO] - [2, 15, 17], []
[2025-01-29 23:39:14,388][__main__][INFO] - [2, 15, 18], []
[2025-01-29 23:39:14,427][__main__][INFO] - [2, 15, 19], []
[2025-01-29 23:39:14,451][__main__][INFO] - [2, 15, 20], []
[2025-01-29 23:39:14,475][__main__][INFO] - [2, 15, 21], []
[2025-01-29 23:39:14,515][__main__][INFO] - [2, 15, 23], []
[2025-01-29 23:39:14,539][__main__][INFO] - [2, 15, 24], []
[2025-01-29 23:39:14,594][__main__][INFO] - [2, 16, 17], []
[2025-01-29 23:39:14,626][__main__][INFO] - [2, 16, 18], []
[2025-01-29 23:39:14,695][__main__][INFO] - [2, 16, 19], []
[2025-01-29 23:39:14,721][__main__][INFO] - [2, 16, 20], []
[2025-01-29 23:39:14,747][__main__][INFO] - [2, 16, 21], []
[2025-01-29 23:39:14,772][__main__][INFO] - [2, 16, 22], []
[2025-01-29 23:39:14,796][__main__][INFO] - [2, 16, 23], []
[2025-01-29 23:39:14,833][__main__][INFO] - [2, 16, 24], []
[2025-01-29 23:39:14,888][__main__][INFO] - [2, 17], [16]
[2025-01-29 23:39:14,922][__main__][INFO] - [2, 18], [16]
[2025-01-29 23:39:15,002][__main__][INFO] - [2, 19], [16]
[2025-01-29 23:39:15,029][__main__][INFO] - [2, 20], [16]
[2025-01-29 23:39:15,055][__main__][INFO] - [2, 21], [16]
[2025-01-29 23:39:15,080][__main__][INFO] - [2, 22], [16]
[2025-01-29 23:39:15,104][__main__][INFO] - [2, 23], [16]
[2025-01-29 23:39:15,142][__main__][INFO] - [2, 24], [16]
[2025-01-29 23:39:15,211][__main__][INFO] - [3, 10, 16], []
[2025-01-29 23:39:15,271][__main__][INFO] - [3, 10], [16]
[2025-01-29 23:39:15,336][__main__][INFO] - [3, 10, 17], []
[2025-01-29 23:39:15,363][__main__][INFO] - [3, 10, 18], []
[2025-01-29 23:39:15,446][__main__][INFO] - [3, 10, 19], []
[2025-01-29 23:39:15,473][__main__][INFO] - [3, 10, 20], []
[2025-01-29 23:39:15,500][__main__][INFO] - [3, 10, 21], []
[2025-01-29 23:39:15,525][__main__][INFO] - [3, 10, 22], []
[2025-01-29 23:39:15,549][__main__][INFO] - [3, 10, 23], []
[2025-01-29 23:39:15,576][__main__][INFO] - [3, 10, 24], []
[2025-01-29 23:39:15,630][__main__][INFO] - [3, 11, 16], []
[2025-01-29 23:39:15,656][__main__][INFO] - [3, 11], [16]
[2025-01-29 23:39:15,697][__main__][INFO] - [3, 11, 18], []
[2025-01-29 23:39:15,724][__main__][INFO] - [3, 11, 19], []
[2025-01-29 23:39:15,794][__main__][INFO] - [3, 11, 23], []
[2025-01-29 23:39:15,864][__main__][INFO] - [3, 12, 16], []
[2025-01-29 23:39:15,899][__main__][INFO] - [3, 12], [16]
[2025-01-29 23:39:15,949][__main__][INFO] - [3, 12, 18], []
[2025-01-29 23:39:15,974][__main__][INFO] - [3, 12, 19], []
[2025-01-29 23:39:16,045][__main__][INFO] - [3, 12, 23], []
[2025-01-29 23:39:16,135][__main__][INFO] - [3, 13, 16], []
[2025-01-29 23:39:16,159][__main__][INFO] - [3, 13], [16]
[2025-01-29 23:39:16,199][__main__][INFO] - [3, 13, 18], []
[2025-01-29 23:39:16,239][__main__][INFO] - [3, 13, 20], []
[2025-01-29 23:39:16,294][__main__][INFO] - [3, 13, 23], []
[2025-01-29 23:39:16,364][__main__][INFO] - [3, 14, 16], []
[2025-01-29 23:39:16,389][__main__][INFO] - [3, 14], [16]
[2025-01-29 23:39:16,428][__main__][INFO] - [3, 14, 18], []
[2025-01-29 23:39:16,452][__main__][INFO] - [3, 14, 19], []
[2025-01-29 23:39:16,507][__main__][INFO] - [3, 14, 22], []
[2025-01-29 23:39:16,531][__main__][INFO] - [3, 14, 23], []
[2025-01-29 23:39:16,601][__main__][INFO] - [3, 15, 16], []
[2025-01-29 23:39:16,637][__main__][INFO] - [3, 15], [16]
[2025-01-29 23:39:16,677][__main__][INFO] - [3, 15, 17], []
[2025-01-29 23:39:16,712][__main__][INFO] - [3, 15, 18], []
[2025-01-29 23:39:16,753][__main__][INFO] - [3, 15, 19], []
[2025-01-29 23:39:16,777][__main__][INFO] - [3, 15, 20], []
[2025-01-29 23:39:16,801][__main__][INFO] - [3, 15, 21], []
[2025-01-29 23:39:16,841][__main__][INFO] - [3, 15, 23], []
[2025-01-29 23:39:16,865][__main__][INFO] - [3, 15, 24], []
[2025-01-29 23:39:16,920][__main__][INFO] - [3, 16, 17], []
[2025-01-29 23:39:16,950][__main__][INFO] - [3, 16, 18], []
[2025-01-29 23:39:17,010][__main__][INFO] - [3, 16, 19], []
[2025-01-29 23:39:17,035][__main__][INFO] - [3, 16, 20], []
[2025-01-29 23:39:17,061][__main__][INFO] - [3, 16, 21], []
[2025-01-29 23:39:17,086][__main__][INFO] - [3, 16, 22], []
[2025-01-29 23:39:17,110][__main__][INFO] - [3, 16, 23], []
[2025-01-29 23:39:17,146][__main__][INFO] - [3, 16, 24], []
[2025-01-29 23:39:17,200][__main__][INFO] - [3, 17], [16]
[2025-01-29 23:39:17,232][__main__][INFO] - [3, 18], [16]
[2025-01-29 23:39:17,297][__main__][INFO] - [3, 19], [16]
[2025-01-29 23:39:17,323][__main__][INFO] - [3, 20], [16]
[2025-01-29 23:39:17,349][__main__][INFO] - [3, 21], [16]
[2025-01-29 23:39:17,373][__main__][INFO] - [3, 22], [16]
[2025-01-29 23:39:17,397][__main__][INFO] - [3, 23], [16]
[2025-01-29 23:39:17,433][__main__][INFO] - [3, 24], [16]
[2025-01-29 23:39:17,503][__main__][INFO] - [4, 10, 16], []
[2025-01-29 23:39:17,573][__main__][INFO] - [4, 10], [16]
[2025-01-29 23:39:17,651][__main__][INFO] - [4, 10, 17], []
[2025-01-29 23:39:17,678][__main__][INFO] - [4, 10, 18], []
[2025-01-29 23:39:17,785][__main__][INFO] - [4, 10, 19], []
[2025-01-29 23:39:17,812][__main__][INFO] - [4, 10, 20], []
[2025-01-29 23:39:17,841][__main__][INFO] - [4, 10, 21], []
[2025-01-29 23:39:17,865][__main__][INFO] - [4, 10, 22], []
[2025-01-29 23:39:17,889][__main__][INFO] - [4, 10, 23], []
[2025-01-29 23:39:17,916][__main__][INFO] - [4, 10, 24], []
[2025-01-29 23:39:17,971][__main__][INFO] - [4, 11, 16], []
[2025-01-29 23:39:17,997][__main__][INFO] - [4, 11], [16]
[2025-01-29 23:39:18,038][__main__][INFO] - [4, 11, 18], []
[2025-01-29 23:39:18,065][__main__][INFO] - [4, 11, 19], []
[2025-01-29 23:39:18,090][__main__][INFO] - [4, 11, 20], []
[2025-01-29 23:39:18,144][__main__][INFO] - [4, 11, 23], []
[2025-01-29 23:39:18,214][__main__][INFO] - [4, 12, 16], []
[2025-01-29 23:39:18,251][__main__][INFO] - [4, 12], [16]
[2025-01-29 23:39:18,303][__main__][INFO] - [4, 12, 18], []
[2025-01-29 23:39:18,328][__main__][INFO] - [4, 12, 19], []
[2025-01-29 23:39:18,399][__main__][INFO] - [4, 12, 23], []
[2025-01-29 23:39:18,492][__main__][INFO] - [4, 13, 16], []
[2025-01-29 23:39:18,517][__main__][INFO] - [4, 13], [16]
[2025-01-29 23:39:18,556][__main__][INFO] - [4, 13, 18], []
[2025-01-29 23:39:18,596][__main__][INFO] - [4, 13, 20], []
[2025-01-29 23:39:18,651][__main__][INFO] - [4, 13, 23], []
[2025-01-29 23:39:18,722][__main__][INFO] - [4, 14, 16], []
[2025-01-29 23:39:18,746][__main__][INFO] - [4, 14], [16]
[2025-01-29 23:39:18,785][__main__][INFO] - [4, 14, 18], []
[2025-01-29 23:39:18,809][__main__][INFO] - [4, 14, 19], []
[2025-01-29 23:39:18,864][__main__][INFO] - [4, 14, 22], []
[2025-01-29 23:39:18,950][__main__][INFO] - [4, 15, 16], []
[2025-01-29 23:39:18,988][__main__][INFO] - [4, 15], [16]
[2025-01-29 23:39:19,032][__main__][INFO] - [4, 15, 17], []
[2025-01-29 23:39:19,069][__main__][INFO] - [4, 15, 18], []
[2025-01-29 23:39:19,112][__main__][INFO] - [4, 15, 19], []
[2025-01-29 23:39:19,136][__main__][INFO] - [4, 15, 20], []
[2025-01-29 23:39:19,160][__main__][INFO] - [4, 15, 21], []
[2025-01-29 23:39:19,200][__main__][INFO] - [4, 15, 23], []
[2025-01-29 23:39:19,224][__main__][INFO] - [4, 15, 24], []
[2025-01-29 23:39:19,279][__main__][INFO] - [4, 16, 17], []
[2025-01-29 23:39:19,310][__main__][INFO] - [4, 16, 18], []
[2025-01-29 23:39:19,382][__main__][INFO] - [4, 16, 19], []
[2025-01-29 23:39:19,408][__main__][INFO] - [4, 16, 20], []
[2025-01-29 23:39:19,435][__main__][INFO] - [4, 16, 21], []
[2025-01-29 23:39:19,459][__main__][INFO] - [4, 16, 22], []
[2025-01-29 23:39:19,483][__main__][INFO] - [4, 16, 23], []
[2025-01-29 23:39:19,520][__main__][INFO] - [4, 16, 24], []
[2025-01-29 23:39:19,576][__main__][INFO] - [4, 17], [16]
[2025-01-29 23:39:19,608][__main__][INFO] - [4, 18], [16]
[2025-01-29 23:39:19,689][__main__][INFO] - [4, 19], [16]
[2025-01-29 23:39:19,715][__main__][INFO] - [4, 20], [16]
[2025-01-29 23:39:19,742][__main__][INFO] - [4, 21], [16]
[2025-01-29 23:39:19,766][__main__][INFO] - [4, 22], [16]
[2025-01-29 23:39:19,790][__main__][INFO] - [4, 23], [16]
[2025-01-29 23:39:19,826][__main__][INFO] - [4, 24], [16]
[2025-01-29 23:39:19,896][__main__][INFO] - [5, 10, 16], []
[2025-01-29 23:39:19,965][__main__][INFO] - [5, 10], [16]
[2025-01-29 23:39:20,039][__main__][INFO] - [5, 10, 17], []
[2025-01-29 23:39:20,065][__main__][INFO] - [5, 10, 18], []
[2025-01-29 23:39:20,173][__main__][INFO] - [5, 10, 19], []
[2025-01-29 23:39:20,199][__main__][INFO] - [5, 10, 20], []
[2025-01-29 23:39:20,228][__main__][INFO] - [5, 10, 21], []
[2025-01-29 23:39:20,252][__main__][INFO] - [5, 10, 22], []
[2025-01-29 23:39:20,276][__main__][INFO] - [5, 10, 23], []
[2025-01-29 23:39:20,303][__main__][INFO] - [5, 10, 24], []
[2025-01-29 23:39:20,358][__main__][INFO] - [5, 11, 16], []
[2025-01-29 23:39:20,383][__main__][INFO] - [5, 11], [16]
[2025-01-29 23:39:20,424][__main__][INFO] - [5, 11, 18], []
[2025-01-29 23:39:20,452][__main__][INFO] - [5, 11, 19], []
[2025-01-29 23:39:20,583][__main__][INFO] - [5, 12, 16], []
[2025-01-29 23:39:20,617][__main__][INFO] - [5, 12], [16]
[2025-01-29 23:39:20,667][__main__][INFO] - [5, 12, 18], []
[2025-01-29 23:39:20,692][__main__][INFO] - [5, 12, 19], []
[2025-01-29 23:39:20,763][__main__][INFO] - [5, 12, 23], []
[2025-01-29 23:39:20,852][__main__][INFO] - [5, 13, 16], []
[2025-01-29 23:39:20,876][__main__][INFO] - [5, 13], [16]
[2025-01-29 23:39:20,917][__main__][INFO] - [5, 13, 18], []
[2025-01-29 23:39:20,956][__main__][INFO] - [5, 13, 20], []
[2025-01-29 23:39:21,012][__main__][INFO] - [5, 13, 23], []
[2025-01-29 23:39:21,082][__main__][INFO] - [5, 14, 16], []
[2025-01-29 23:39:21,106][__main__][INFO] - [5, 14], [16]
[2025-01-29 23:39:21,145][__main__][INFO] - [5, 14, 18], []
[2025-01-29 23:39:21,169][__main__][INFO] - [5, 14, 19], []
[2025-01-29 23:39:21,225][__main__][INFO] - [5, 14, 22], []
[2025-01-29 23:39:21,249][__main__][INFO] - [5, 14, 23], []
[2025-01-29 23:39:21,319][__main__][INFO] - [5, 15, 16], []
[2025-01-29 23:39:21,352][__main__][INFO] - [5, 15], [16]
[2025-01-29 23:39:21,388][__main__][INFO] - [5, 15, 17], []
[2025-01-29 23:39:21,419][__main__][INFO] - [5, 15, 18], []
[2025-01-29 23:39:21,455][__main__][INFO] - [5, 15, 19], []
[2025-01-29 23:39:21,480][__main__][INFO] - [5, 15, 20], []
[2025-01-29 23:39:21,504][__main__][INFO] - [5, 15, 21], []
[2025-01-29 23:39:21,543][__main__][INFO] - [5, 15, 23], []
[2025-01-29 23:39:21,567][__main__][INFO] - [5, 15, 24], []
[2025-01-29 23:39:21,622][__main__][INFO] - [5, 16, 17], []
[2025-01-29 23:39:21,649][__main__][INFO] - [5, 16, 18], []
[2025-01-29 23:39:21,720][__main__][INFO] - [5, 16, 19], []
[2025-01-29 23:39:21,745][__main__][INFO] - [5, 16, 20], []
[2025-01-29 23:39:21,772][__main__][INFO] - [5, 16, 21], []
[2025-01-29 23:39:21,796][__main__][INFO] - [5, 16, 22], []
[2025-01-29 23:39:21,821][__main__][INFO] - [5, 16, 23], []
[2025-01-29 23:39:21,856][__main__][INFO] - [5, 16, 24], []
[2025-01-29 23:39:21,910][__main__][INFO] - [5, 17], [16]
[2025-01-29 23:39:21,939][__main__][INFO] - [5, 18], [16]
[2025-01-29 23:39:22,017][__main__][INFO] - [5, 19], [16]
[2025-01-29 23:39:22,042][__main__][INFO] - [5, 20], [16]
[2025-01-29 23:39:22,068][__main__][INFO] - [5, 21], [16]
[2025-01-29 23:39:22,092][__main__][INFO] - [5, 22], [16]
[2025-01-29 23:39:22,117][__main__][INFO] - [5, 23], [16]
[2025-01-29 23:39:22,150][__main__][INFO] - [5, 24], [16]
[2025-01-29 23:39:22,220][__main__][INFO] - [6, 10, 16], []
[2025-01-29 23:39:22,263][__main__][INFO] - [6, 10], [16]
[2025-01-29 23:39:22,308][__main__][INFO] - [6, 10, 17], []
[2025-01-29 23:39:22,332][__main__][INFO] - [6, 10, 18], []
[2025-01-29 23:39:22,393][__main__][INFO] - [6, 10, 19], []
[2025-01-29 23:39:22,417][__main__][INFO] - [6, 10, 20], []
[2025-01-29 23:39:22,443][__main__][INFO] - [6, 10, 21], []
[2025-01-29 23:39:22,467][__main__][INFO] - [6, 10, 22], []
[2025-01-29 23:39:22,491][__main__][INFO] - [6, 10, 23], []
[2025-01-29 23:39:22,562][__main__][INFO] - [6, 11, 16], []
[2025-01-29 23:39:22,586][__main__][INFO] - [6, 11], [16]
[2025-01-29 23:39:22,626][__main__][INFO] - [6, 11, 18], []
[2025-01-29 23:39:22,773][__main__][INFO] - [6, 12, 16], []
[2025-01-29 23:39:22,800][__main__][INFO] - [6, 12], [16]
[2025-01-29 23:39:22,844][__main__][INFO] - [6, 12, 18], []
[2025-01-29 23:39:22,868][__main__][INFO] - [6, 12, 19], []
[2025-01-29 23:39:22,939][__main__][INFO] - [6, 12, 23], []
[2025-01-29 23:39:23,015][__main__][INFO] - [6, 13, 16], []
[2025-01-29 23:39:23,039][__main__][INFO] - [6, 13], [16]
[2025-01-29 23:39:23,079][__main__][INFO] - [6, 13, 18], []
[2025-01-29 23:39:23,118][__main__][INFO] - [6, 13, 20], []
[2025-01-29 23:39:23,249][__main__][INFO] - [6, 14], [16]
[2025-01-29 23:39:23,427][__main__][INFO] - [6, 15, 16], []
[2025-01-29 23:39:23,453][__main__][INFO] - [6, 15], [16]
[2025-01-29 23:39:23,484][__main__][INFO] - [6, 15, 17], []
[2025-01-29 23:39:23,509][__main__][INFO] - [6, 15, 18], []
[2025-01-29 23:39:23,536][__main__][INFO] - [6, 15, 19], []
[2025-01-29 23:39:23,560][__main__][INFO] - [6, 15, 20], []
[2025-01-29 23:39:23,616][__main__][INFO] - [6, 15, 23], []
[2025-01-29 23:39:23,685][__main__][INFO] - [6, 16, 17], []
[2025-01-29 23:39:23,710][__main__][INFO] - [6, 16, 18], []
[2025-01-29 23:39:23,752][__main__][INFO] - [6, 16, 19], []
[2025-01-29 23:39:23,776][__main__][INFO] - [6, 16, 20], []
[2025-01-29 23:39:23,801][__main__][INFO] - [6, 16, 21], []
[2025-01-29 23:39:23,825][__main__][INFO] - [6, 16, 22], []
[2025-01-29 23:39:23,849][__main__][INFO] - [6, 16, 23], []
[2025-01-29 23:39:23,922][__main__][INFO] - [6, 17], [16]
[2025-01-29 23:39:23,947][__main__][INFO] - [6, 18], [16]
[2025-01-29 23:39:23,993][__main__][INFO] - [6, 19], [16]
[2025-01-29 23:39:24,018][__main__][INFO] - [6, 20], [16]
[2025-01-29 23:39:24,042][__main__][INFO] - [6, 21], [16]
[2025-01-29 23:39:24,067][__main__][INFO] - [6, 22], [16]
[2025-01-29 23:39:24,091][__main__][INFO] - [6, 23], [16]
[2025-01-29 23:39:24,179][__main__][INFO] - [7, 10, 16], []
[2025-01-29 23:39:24,208][__main__][INFO] - [7, 10], [16]
[2025-01-29 23:39:24,240][__main__][INFO] - [7, 10, 17], []
[2025-01-29 23:39:24,264][__main__][INFO] - [7, 10, 18], []
[2025-01-29 23:39:24,300][__main__][INFO] - [7, 10, 19], []
[2025-01-29 23:39:24,324][__main__][INFO] - [7, 10, 20], []
[2025-01-29 23:39:24,348][__main__][INFO] - [7, 10, 21], []
[2025-01-29 23:39:24,388][__main__][INFO] - [7, 10, 23], []
[2025-01-29 23:39:24,458][__main__][INFO] - [7, 11, 16], []
[2025-01-29 23:39:24,483][__main__][INFO] - [7, 11], [16]
[2025-01-29 23:39:24,522][__main__][INFO] - [7, 11, 18], []
[2025-01-29 23:39:24,669][__main__][INFO] - [7, 12, 16], []
[2025-01-29 23:39:24,693][__main__][INFO] - [7, 12], [16]
[2025-01-29 23:39:24,733][__main__][INFO] - [7, 12, 18], []
[2025-01-29 23:39:24,758][__main__][INFO] - [7, 12, 19], []
[2025-01-29 23:39:24,828][__main__][INFO] - [7, 12, 23], []
[2025-01-29 23:39:24,914][__main__][INFO] - [7, 13], [16]
[2025-01-29 23:39:24,954][__main__][INFO] - [7, 13, 18], []
[2025-01-29 23:39:25,284][__main__][INFO] - [7, 15, 16], []
[2025-01-29 23:39:25,309][__main__][INFO] - [7, 15], [16]
[2025-01-29 23:39:25,333][__main__][INFO] - [7, 15, 17], []
[2025-01-29 23:39:25,357][__main__][INFO] - [7, 15, 18], []
[2025-01-29 23:39:25,382][__main__][INFO] - [7, 15, 19], []
[2025-01-29 23:39:25,513][__main__][INFO] - [7, 16, 17], []
[2025-01-29 23:39:25,537][__main__][INFO] - [7, 16, 18], []
[2025-01-29 23:39:25,566][__main__][INFO] - [7, 16, 19], []
[2025-01-29 23:39:25,590][__main__][INFO] - [7, 16, 20], []
[2025-01-29 23:39:25,614][__main__][INFO] - [7, 16, 21], []
[2025-01-29 23:39:25,653][__main__][INFO] - [7, 16, 23], []
[2025-01-29 23:39:25,725][__main__][INFO] - [7, 17], [16]
[2025-01-29 23:39:25,749][__main__][INFO] - [7, 18], [16]
[2025-01-29 23:39:25,780][__main__][INFO] - [7, 19], [16]
[2025-01-29 23:39:25,804][__main__][INFO] - [7, 20], [16]
[2025-01-29 23:39:25,829][__main__][INFO] - [7, 21], [16]
[2025-01-29 23:39:25,868][__main__][INFO] - [7, 23], [16]
[2025-01-29 23:39:25,954][__main__][INFO] - [8, 10, 16], []
[2025-01-29 23:39:25,979][__main__][INFO] - [8, 10], [16]
[2025-01-29 23:39:26,020][__main__][INFO] - [8, 10, 18], []
[2025-01-29 23:39:26,046][__main__][INFO] - [8, 10, 19], []
[2025-01-29 23:39:26,070][__main__][INFO] - [8, 10, 20], []
[2025-01-29 23:39:26,125][__main__][INFO] - [8, 10, 23], []
[2025-01-29 23:39:26,195][__main__][INFO] - [8, 11, 16], []
[2025-01-29 23:39:26,219][__main__][INFO] - [8, 11], [16]
[2025-01-29 23:39:26,258][__main__][INFO] - [8, 11, 18], []
[2025-01-29 23:39:26,405][__main__][INFO] - [8, 12, 16], []
[2025-01-29 23:39:26,429][__main__][INFO] - [8, 12], [16]
[2025-01-29 23:39:26,469][__main__][INFO] - [8, 12, 18], []
[2025-01-29 23:39:26,554][__main__][INFO] - [8, 12, 23], []
[2025-01-29 23:39:26,654][__main__][INFO] - [8, 15, 16], []
[2025-01-29 23:39:26,678][__main__][INFO] - [8, 15], [16]
[2025-01-29 23:39:26,717][__main__][INFO] - [8, 15, 18], []
[2025-01-29 23:39:26,880][__main__][INFO] - [8, 16, 18], []
[2025-01-29 23:39:26,904][__main__][INFO] - [8, 16, 19], []
[2025-01-29 23:39:26,928][__main__][INFO] - [8, 16, 20], []
[2025-01-29 23:39:26,983][__main__][INFO] - [8, 16, 23], []
[2025-01-29 23:39:27,053][__main__][INFO] - [8, 17], [16]
[2025-01-29 23:39:27,077][__main__][INFO] - [8, 18], [16]
[2025-01-29 23:39:27,102][__main__][INFO] - [8, 19], [16]
[2025-01-29 23:39:27,126][__main__][INFO] - [8, 20], [16]
[2025-01-29 23:39:27,181][__main__][INFO] - [8, 23], [16]
[2025-01-29 23:39:27,265][__main__][INFO] - [9, 10, 16], []
[2025-01-29 23:39:27,290][__main__][INFO] - [9, 10], [16]
[2025-01-29 23:39:27,329][__main__][INFO] - [9, 10, 18], []
[2025-01-29 23:39:27,735][__main__][INFO] - [9, 16, 18], []
[2025-01-29 23:39:27,898][__main__][INFO] - [9, 18], [16]
[2025-01-29 23:39:28,059][__main__][INFO] - [10, 16, 17], []
[2025-01-29 23:39:28,105][__main__][INFO] - [10, 16, 18], []
[2025-01-29 23:39:28,388][__main__][INFO] - [10, 16, 19], []
[2025-01-29 23:39:28,423][__main__][INFO] - [10, 16, 20], []
[2025-01-29 23:39:28,462][__main__][INFO] - [10, 16, 21], []
[2025-01-29 23:39:28,487][__main__][INFO] - [10, 16, 22], []
[2025-01-29 23:39:28,512][__main__][INFO] - [10, 16, 23], []
[2025-01-29 23:39:28,554][__main__][INFO] - [10, 16, 24], []
[2025-01-29 23:39:28,609][__main__][INFO] - [10, 17], [16]
[2025-01-29 23:39:28,657][__main__][INFO] - [10, 18], [16]
[2025-01-29 23:39:28,967][__main__][INFO] - [10, 19], [16]
[2025-01-29 23:39:29,003][__main__][INFO] - [10, 20], [16]
[2025-01-29 23:39:29,041][__main__][INFO] - [10, 21], [16]
[2025-01-29 23:39:29,066][__main__][INFO] - [10, 22], [16]
[2025-01-29 23:39:29,091][__main__][INFO] - [10, 23], [16]
[2025-01-29 23:39:29,133][__main__][INFO] - [10, 24], [16]
[2025-01-29 23:39:29,203][__main__][INFO] - [11, 16, 17], []
[2025-01-29 23:39:29,227][__main__][INFO] - [11, 16, 18], []
[2025-01-29 23:39:29,258][__main__][INFO] - [11, 16, 19], []
[2025-01-29 23:39:29,282][__main__][INFO] - [11, 16, 20], []
[2025-01-29 23:39:29,336][__main__][INFO] - [11, 16, 23], []
[2025-01-29 23:39:29,406][__main__][INFO] - [11, 17], [16]
[2025-01-29 23:39:29,430][__main__][INFO] - [11, 18], [16]
[2025-01-29 23:39:29,463][__main__][INFO] - [11, 19], [16]
[2025-01-29 23:39:29,487][__main__][INFO] - [11, 20], [16]
[2025-01-29 23:39:29,542][__main__][INFO] - [11, 23], [16]
[2025-01-29 23:39:29,627][__main__][INFO] - [12, 16, 17], []
[2025-01-29 23:39:29,651][__main__][INFO] - [12, 16, 18], []
[2025-01-29 23:39:29,678][__main__][INFO] - [12, 16, 19], []
[2025-01-29 23:39:29,748][__main__][INFO] - [12, 16, 23], []
[2025-01-29 23:39:29,871][__main__][INFO] - [12, 17], [16]
[2025-01-29 23:39:29,895][__main__][INFO] - [12, 18], [16]
[2025-01-29 23:39:29,923][__main__][INFO] - [12, 19], [16]
[2025-01-29 23:39:29,993][__main__][INFO] - [12, 23], [16]
[2025-01-29 23:39:30,145][__main__][INFO] - [13, 16, 18], []
[2025-01-29 23:39:30,169][__main__][INFO] - [13, 16, 19], []
[2025-01-29 23:39:30,193][__main__][INFO] - [13, 16, 20], []
[2025-01-29 23:39:30,248][__main__][INFO] - [13, 16, 23], []
[2025-01-29 23:39:30,334][__main__][INFO] - [13, 18], [16]
[2025-01-29 23:39:30,358][__main__][INFO] - [13, 19], [16]
[2025-01-29 23:39:30,382][__main__][INFO] - [13, 20], [16]
[2025-01-29 23:39:30,438][__main__][INFO] - [13, 23], [16]
[2025-01-29 23:39:30,538][__main__][INFO] - [14, 16, 18], []
[2025-01-29 23:39:30,562][__main__][INFO] - [14, 16, 19], []
[2025-01-29 23:39:30,616][__main__][INFO] - [14, 16, 22], []
[2025-01-29 23:39:30,640][__main__][INFO] - [14, 16, 23], []
[2025-01-29 23:39:30,726][__main__][INFO] - [14, 18], [16]
[2025-01-29 23:39:30,750][__main__][INFO] - [14, 19], [16]
[2025-01-29 23:39:30,805][__main__][INFO] - [14, 22], [16]
[2025-01-29 23:39:30,829][__main__][INFO] - [14, 23], [16]
[2025-01-29 23:39:30,914][__main__][INFO] - [15, 16, 17], []
[2025-01-29 23:39:30,957][__main__][INFO] - [15, 16, 18], []
[2025-01-29 23:39:31,013][__main__][INFO] - [15, 16, 19], []
[2025-01-29 23:39:31,038][__main__][INFO] - [15, 16, 20], []
[2025-01-29 23:39:31,062][__main__][INFO] - [15, 16, 21], []
[2025-01-29 23:39:31,102][__main__][INFO] - [15, 16, 23], []
[2025-01-29 23:39:31,126][__main__][INFO] - [15, 16, 24], []
[2025-01-29 23:39:31,181][__main__][INFO] - [15, 17], [16]
[2025-01-29 23:39:31,233][__main__][INFO] - [15, 18], [16]
[2025-01-29 23:39:31,300][__main__][INFO] - [15, 19], [16]
[2025-01-29 23:39:31,325][__main__][INFO] - [15, 20], [16]
[2025-01-29 23:39:31,349][__main__][INFO] - [15, 21], [16]
[2025-01-29 23:39:31,389][__main__][INFO] - [15, 23], [16]
[2025-01-29 23:39:31,413][__main__][INFO] - [15, 24], [16]
