[2025-01-29 09:42:55,300][gurobipy][INFO] - Set parameter TimeLimit to value 600
[2025-01-29 09:42:55,306][gurobipy][INFO] - Gurobi Optimizer version 11.0.2 build v11.0.2rc0 (linux64)
[2025-01-29 09:42:55,306][gurobipy][INFO] - 
[2025-01-29 09:42:55,317][gurobipy][INFO] - CPU model: Intel(R) Xeon(R) Gold 6136 CPU @ 3.00GHz, instruction set [SSE2|AVX|AVX2|AVX512]
[2025-01-29 09:42:55,318][gurobipy][INFO] - Thread count: 24 physical cores, 48 logical processors, using up to 24 threads
[2025-01-29 09:42:55,318][gurobipy][INFO] - 
[2025-01-29 09:42:55,318][gurobipy][INFO] - Optimize a model with 22098 rows, 537 columns and 55978 nonzeros
[2025-01-29 09:42:55,318][gurobipy][INFO] - Model fingerprint: 0x6ec9debc
[2025-01-29 09:42:55,318][gurobipy][INFO] - Variable types: 492 continuous, 45 integer (45 binary)
[2025-01-29 09:42:55,318][gurobipy][INFO] - Coefficient statistics:
[2025-01-29 09:42:55,318][gurobipy][INFO] -   Matrix range     [1e-03, 2e+00]
[2025-01-29 09:42:55,318][gurobipy][INFO] -   Objective range  [1e+00, 1e+00]
[2025-01-29 09:42:55,318][gurobipy][INFO] -   Bounds range     [1e+00, 1e+00]
[2025-01-29 09:42:55,319][gurobipy][INFO] -   RHS range        [1e+00, 1e+01]
[2025-01-29 09:42:55,322][gurobipy][INFO] - Found heuristic solution: objective -0.0000000
[2025-01-29 09:42:55,442][gurobipy][INFO] - Presolve removed 9293 rows and 8 columns
[2025-01-29 09:42:55,442][gurobipy][INFO] - Presolve time: 0.12s
[2025-01-29 09:42:55,442][gurobipy][INFO] - Presolved: 12805 rows, 529 columns, 38901 nonzeros
[2025-01-29 09:42:55,451][gurobipy][INFO] - Variable types: 492 continuous, 37 integer (37 binary)
[2025-01-29 09:42:55,466][gurobipy][INFO] - Root relaxation presolved: 12805 rows, 529 columns, 38901 nonzeros
[2025-01-29 09:42:55,467][gurobipy][INFO] - 
[2025-01-29 09:42:55,490][gurobipy][INFO] - 
[2025-01-29 09:42:55,490][gurobipy][INFO] - Root relaxation: objective 1.000000e+00, 284 iterations, 0.04 seconds (0.06 work units)
[2025-01-29 09:42:55,495][gurobipy][INFO] - 
[2025-01-29 09:42:55,495][gurobipy][INFO] -     Nodes    |    Current Node    |     Objective Bounds      |     Work
[2025-01-29 09:42:55,496][gurobipy][INFO] -  Expl Unexpl |  Obj  Depth IntInf | Incumbent    BestBd   Gap | It/Node Time
[2025-01-29 09:42:55,496][gurobipy][INFO] - 
[2025-01-29 09:42:55,496][gurobipy][INFO] -      0     0    1.00000    0    8   -0.00000    1.00000      -     -    0s
[2025-01-29 09:42:55,506][gurobipy][INFO] - H    0     0                       0.0161338    1.00000  6098%     -    0s
[2025-01-29 09:42:55,744][gurobipy][INFO] -      0     0    1.00000    0   30    0.01613    1.00000  6098%     -    0s
[2025-01-29 09:42:55,796][gurobipy][INFO] - H    0     0                       0.0190054    1.00000  5162%     -    0s
[2025-01-29 09:42:56,819][gurobipy][INFO] - H    0     0                       0.0355670    1.00000  2712%     -    1s
[2025-01-29 09:42:56,820][gurobipy][INFO] - H    0     0                       0.0395831    1.00000  2426%     -    1s
[2025-01-29 09:42:56,820][gurobipy][INFO] - H    0     0                       0.0395831    1.00000  2426%     -    1s
[2025-01-29 09:42:56,892][gurobipy][INFO] - H    0     0                       0.0521981    0.90905  1642%     -    1s
[2025-01-29 09:42:56,893][gurobipy][INFO] - H    0     0                       0.0588559    0.90905  1445%     -    1s
[2025-01-29 09:42:56,895][gurobipy][INFO] -      0     0    0.90905    0    2    0.05886    0.90905  1445%     -    1s
[2025-01-29 09:42:57,369][gurobipy][INFO] - H    0     0                       0.0616474    0.85705  1290%     -    2s
[2025-01-29 09:42:57,393][gurobipy][INFO] -      0     0    0.85705    0   15    0.06165    0.85705  1290%     -    2s
[2025-01-29 09:42:57,514][gurobipy][INFO] -      0     0    0.83574    0   15    0.06165    0.83574  1256%     -    2s
[2025-01-29 09:42:57,804][gurobipy][INFO] - H    0     0                       0.0737865    0.83193  1027%     -    2s
[2025-01-29 09:42:58,134][gurobipy][INFO] -      0     0    0.18474    0    1    0.07379    0.18474   150%     -    2s
[2025-01-29 09:42:58,161][gurobipy][INFO] -      0     0    0.17830    0    2    0.07379    0.17830   142%     -    2s
[2025-01-29 09:42:58,339][gurobipy][INFO] -      0     0    0.07379    0    3    0.07379    0.07379  0.00%     -    3s
[2025-01-29 09:42:58,340][gurobipy][INFO] - 
[2025-01-29 09:42:58,340][gurobipy][INFO] - Cutting planes:
[2025-01-29 09:42:58,340][gurobipy][INFO] -   Cover: 1
[2025-01-29 09:42:58,340][gurobipy][INFO] -   Implied bound: 1
[2025-01-29 09:42:58,340][gurobipy][INFO] -   MIR: 9
[2025-01-29 09:42:58,340][gurobipy][INFO] -   Inf proof: 2
[2025-01-29 09:42:58,340][gurobipy][INFO] -   RLT: 2
[2025-01-29 09:42:58,340][gurobipy][INFO] - 
[2025-01-29 09:42:58,341][gurobipy][INFO] - Explored 1 nodes (7977 simplex iterations) in 3.02 seconds (4.15 work units)
[2025-01-29 09:42:58,341][gurobipy][INFO] - Thread count was 24 (of 48 available processors)
[2025-01-29 09:42:58,341][gurobipy][INFO] - 
[2025-01-29 09:42:58,341][gurobipy][INFO] - Solution count 9: 0.0737865 0.0616474 0.0588559 ... -0
[2025-01-29 09:42:58,341][gurobipy][INFO] - No other solutions better than 0.0737865
[2025-01-29 09:42:58,341][gurobipy][INFO] - 
[2025-01-29 09:42:58,341][gurobipy][INFO] - Optimal solution found (tolerance 1.00e-04)
[2025-01-29 09:42:58,341][gurobipy][INFO] - Best objective 7.378649083686e-02, best bound 7.378649083686e-02, gap 0.0000%
[2025-01-29 09:42:58,360][__main__][INFO] - Finished size 1000 (1/5)
[2025-01-29 09:43:03,450][gurobipy][INFO] - Set parameter TimeLimit to value 600
[2025-01-29 09:43:03,462][gurobipy][INFO] - Gurobi Optimizer version 11.0.2 build v11.0.2rc0 (linux64)
[2025-01-29 09:43:03,462][gurobipy][INFO] - 
[2025-01-29 09:43:03,474][gurobipy][INFO] - CPU model: Intel(R) Xeon(R) Gold 6136 CPU @ 3.00GHz, instruction set [SSE2|AVX|AVX2|AVX512]
[2025-01-29 09:43:03,475][gurobipy][INFO] - Thread count: 24 physical cores, 48 logical processors, using up to 24 threads
[2025-01-29 09:43:03,475][gurobipy][INFO] - 
[2025-01-29 09:43:03,475][gurobipy][INFO] - Optimize a model with 43563 rows, 1014 columns and 110356 nonzeros
[2025-01-29 09:43:03,476][gurobipy][INFO] - Model fingerprint: 0x9adc4bed
[2025-01-29 09:43:03,476][gurobipy][INFO] - Variable types: 969 continuous, 45 integer (45 binary)
[2025-01-29 09:43:03,476][gurobipy][INFO] - Coefficient statistics:
[2025-01-29 09:43:03,476][gurobipy][INFO] -   Matrix range     [4e-04, 2e+00]
[2025-01-29 09:43:03,476][gurobipy][INFO] -   Objective range  [1e+00, 1e+00]
[2025-01-29 09:43:03,476][gurobipy][INFO] -   Bounds range     [1e+00, 1e+00]
[2025-01-29 09:43:03,476][gurobipy][INFO] -   RHS range        [1e+00, 1e+01]
[2025-01-29 09:43:03,483][gurobipy][INFO] - Found heuristic solution: objective 0.0000000
[2025-01-29 09:43:03,752][gurobipy][INFO] - Presolve removed 13535 rows and 3 columns
[2025-01-29 09:43:03,752][gurobipy][INFO] - Presolve time: 0.27s
[2025-01-29 09:43:03,752][gurobipy][INFO] - Presolved: 30028 rows, 1011 columns, 91047 nonzeros
[2025-01-29 09:43:03,774][gurobipy][INFO] - Variable types: 969 continuous, 42 integer (42 binary)
[2025-01-29 09:43:03,815][gurobipy][INFO] - Root relaxation presolved: 1011 rows, 31039 columns, 92058 nonzeros
[2025-01-29 09:43:03,815][gurobipy][INFO] - 
[2025-01-29 09:43:03,850][gurobipy][INFO] - 
[2025-01-29 09:43:03,850][gurobipy][INFO] - Root relaxation: objective 1.000000e+00, 617 iterations, 0.07 seconds (0.12 work units)
[2025-01-29 09:43:03,862][gurobipy][INFO] - 
[2025-01-29 09:43:03,863][gurobipy][INFO] -     Nodes    |    Current Node    |     Objective Bounds      |     Work
[2025-01-29 09:43:03,863][gurobipy][INFO] -  Expl Unexpl |  Obj  Depth IntInf | Incumbent    BestBd   Gap | It/Node Time
[2025-01-29 09:43:03,863][gurobipy][INFO] - 
[2025-01-29 09:43:03,863][gurobipy][INFO] -      0     0    1.00000    0    4    0.00000    1.00000      -     -    0s
[2025-01-29 09:43:03,870][gurobipy][INFO] - H    0     0                       0.0006591    1.00000      -     -    0s
[2025-01-29 09:43:04,484][gurobipy][INFO] -      0     0    1.00000    0   40    0.00066    1.00000      -     -    1s
[2025-01-29 09:43:04,620][gurobipy][INFO] - H    0     0                       0.0063230    1.00000      -     -    1s
[2025-01-29 09:43:08,551][gurobipy][INFO] - H    0     0                       0.0176927    1.00000  5552%     -    5s
[2025-01-29 09:43:08,692][gurobipy][INFO] -      0     0    0.95666    0   19    0.01769    0.95666  5307%     -    5s
[2025-01-29 09:43:08,781][gurobipy][INFO] - H    0     0                       0.0207589    0.95666  4508%     -    5s
[2025-01-29 09:43:08,874][gurobipy][INFO] -      0     0    0.95585    0   19    0.02076    0.95585  4505%     -    5s
[2025-01-29 09:43:11,319][gurobipy][INFO] - H    0     0                       0.0227072    0.93316  4010%     -    7s
[2025-01-29 09:43:11,321][gurobipy][INFO] - H    0     0                       0.0384090    0.93316  2330%     -    7s
[2025-01-29 09:43:11,326][gurobipy][INFO] -      0     0    0.93316    0    1    0.03841    0.93316  2330%     -    7s
[2025-01-29 09:43:11,579][gurobipy][INFO] -      0     0    0.93316    0   20    0.03841    0.93316  2330%     -    8s
[2025-01-29 09:43:15,784][gurobipy][INFO] - H    0     0                       0.0628029    0.84727  1249%     -   12s
[2025-01-29 09:43:15,785][gurobipy][INFO] - H    0     0                       0.0653910    0.84727  1196%     -   12s
[2025-01-29 09:43:15,786][gurobipy][INFO] - H    0     0                       0.0722855    0.84727  1072%     -   12s
[2025-01-29 09:43:15,991][gurobipy][INFO] -      0     0    0.15642    0   12    0.07229    0.15642   116%     -   12s
[2025-01-29 09:43:16,331][gurobipy][INFO] -      0     0    0.07229    0   12    0.07229    0.07229  0.00%     -   12s
[2025-01-29 09:43:16,332][gurobipy][INFO] - 
[2025-01-29 09:43:16,332][gurobipy][INFO] - Cutting planes:
[2025-01-29 09:43:16,332][gurobipy][INFO] -   Cover: 1
[2025-01-29 09:43:16,332][gurobipy][INFO] -   MIR: 4
[2025-01-29 09:43:16,333][gurobipy][INFO] - 
[2025-01-29 09:43:16,333][gurobipy][INFO] - Explored 1 nodes (19153 simplex iterations) in 12.86 seconds (18.32 work units)
[2025-01-29 09:43:16,333][gurobipy][INFO] - Thread count was 24 (of 48 available processors)
[2025-01-29 09:43:16,333][gurobipy][INFO] - 
[2025-01-29 09:43:16,333][gurobipy][INFO] - Solution count 10: 0.0722855 0.065391 0.0628029 ... 1.59872e-14
[2025-01-29 09:43:16,333][gurobipy][INFO] - No other solutions better than 0.0722855
[2025-01-29 09:43:16,334][gurobipy][INFO] - 
[2025-01-29 09:43:16,334][gurobipy][INFO] - Optimal solution found (tolerance 1.00e-04)
[2025-01-29 09:43:16,334][gurobipy][INFO] - Best objective 7.228551603012e-02, best bound 7.228551603012e-02, gap 0.0000%
[2025-01-29 09:43:16,376][__main__][INFO] - Finished size 2994 (2/5)
[2025-01-29 09:43:24,151][gurobipy][INFO] - Set parameter TimeLimit to value 600
[2025-01-29 09:43:24,171][gurobipy][INFO] - Gurobi Optimizer version 11.0.2 build v11.0.2rc0 (linux64)
[2025-01-29 09:43:24,171][gurobipy][INFO] - 
[2025-01-29 09:43:24,183][gurobipy][INFO] - CPU model: Intel(R) Xeon(R) Gold 6136 CPU @ 3.00GHz, instruction set [SSE2|AVX|AVX2|AVX512]
[2025-01-29 09:43:24,184][gurobipy][INFO] - Thread count: 24 physical cores, 48 logical processors, using up to 24 threads
[2025-01-29 09:43:24,184][gurobipy][INFO] - 
[2025-01-29 09:43:24,184][gurobipy][INFO] - Optimize a model with 80193 rows, 1828 columns and 203152 nonzeros
[2025-01-29 09:43:24,185][gurobipy][INFO] - Model fingerprint: 0xa69b12c7
[2025-01-29 09:43:24,186][gurobipy][INFO] - Variable types: 1783 continuous, 45 integer (45 binary)
[2025-01-29 09:43:24,186][gurobipy][INFO] - Coefficient statistics:
[2025-01-29 09:43:24,186][gurobipy][INFO] -   Matrix range     [1e-04, 2e+00]
[2025-01-29 09:43:24,186][gurobipy][INFO] -   Objective range  [1e+00, 1e+00]
[2025-01-29 09:43:24,186][gurobipy][INFO] -   Bounds range     [1e+00, 1e+00]
[2025-01-29 09:43:24,186][gurobipy][INFO] -   RHS range        [1e+00, 1e+01]
[2025-01-29 09:43:24,201][gurobipy][INFO] - Found heuristic solution: objective 0.0000000
[2025-01-29 09:43:24,773][gurobipy][INFO] - Presolve removed 21384 rows and 1 columns
[2025-01-29 09:43:24,773][gurobipy][INFO] - Presolve time: 0.57s
[2025-01-29 09:43:24,773][gurobipy][INFO] - Presolved: 58809 rows, 1827 columns, 178204 nonzeros
[2025-01-29 09:43:24,819][gurobipy][INFO] - Variable types: 1783 continuous, 44 integer (44 binary)
[2025-01-29 09:43:24,910][gurobipy][INFO] - Root relaxation presolved: 1827 rows, 60636 columns, 180031 nonzeros
[2025-01-29 09:43:24,910][gurobipy][INFO] - 
[2025-01-29 09:43:24,936][gurobipy][INFO] - 
[2025-01-29 09:43:24,936][gurobipy][INFO] - Root relaxation: objective 1.000000e+00, 35 iterations, 0.11 seconds (0.13 work units)
[2025-01-29 09:43:24,958][gurobipy][INFO] - 
[2025-01-29 09:43:24,958][gurobipy][INFO] -     Nodes    |    Current Node    |     Objective Bounds      |     Work
[2025-01-29 09:43:24,958][gurobipy][INFO] -  Expl Unexpl |  Obj  Depth IntInf | Incumbent    BestBd   Gap | It/Node Time
[2025-01-29 09:43:24,958][gurobipy][INFO] - 
[2025-01-29 09:43:24,958][gurobipy][INFO] -      0     0    1.00000    0    2    0.00000    1.00000      -     -    0s
[2025-01-29 09:43:24,972][gurobipy][INFO] - H    0     0                       0.0006166    1.00000      -     -    0s
[2025-01-29 09:43:25,989][gurobipy][INFO] -      0     0    1.00000    0   44    0.00062    1.00000      -     -    1s
[2025-01-29 09:43:26,145][gurobipy][INFO] - H    0     0                       0.0017269    1.00000      -     -    1s
[2025-01-29 09:43:26,443][gurobipy][INFO] - H    0     0                       0.0120949    1.00000  8168%     -    2s
[2025-01-29 09:43:35,438][gurobipy][INFO] - H    0     0                       0.0221823    0.96511  4251%     -   11s
[2025-01-29 09:43:35,440][gurobipy][INFO] - H    0     0                       0.0222727    0.96511  4233%     -   11s
[2025-01-29 09:43:39,466][gurobipy][INFO] -      0     0    0.96511    0   44    0.02227    0.96511  4233%     -   15s
[2025-01-29 09:43:44,917][gurobipy][INFO] - H    0     0                       0.0320874    0.96153  2897%     -   20s
[2025-01-29 09:43:44,919][gurobipy][INFO] - H    0     0                       0.0669219    0.96153  1337%     -   20s
[2025-01-29 09:43:44,922][gurobipy][INFO] - H    0     0                       0.0682033    0.96153  1310%     -   20s
[2025-01-29 09:43:44,924][gurobipy][INFO] - H    0     0                       0.0741289    0.96153  1197%     -   20s
[2025-01-29 09:43:44,926][gurobipy][INFO] - H    0     0                       0.0747774    0.96153  1186%     -   20s
[2025-01-29 09:43:44,946][gurobipy][INFO] -      0     0    0.96153    0   42    0.07478    0.96153  1186%     -   20s
[2025-01-29 09:43:56,962][gurobipy][INFO] -      0     0    0.07478    0   44    0.07478    0.07478  0.00%     -   32s
[2025-01-29 09:43:56,965][gurobipy][INFO] - 
[2025-01-29 09:43:56,965][gurobipy][INFO] - Cutting planes:
[2025-01-29 09:43:56,965][gurobipy][INFO] -   MIR: 15
[2025-01-29 09:43:56,965][gurobipy][INFO] -   RLT: 6
[2025-01-29 09:43:56,968][gurobipy][INFO] - 
[2025-01-29 09:43:56,968][gurobipy][INFO] - Explored 1 nodes (21190 simplex iterations) in 32.78 seconds (44.23 work units)
[2025-01-29 09:43:56,968][gurobipy][INFO] - Thread count was 24 (of 48 available processors)
[2025-01-29 09:43:56,968][gurobipy][INFO] - 
[2025-01-29 09:43:56,968][gurobipy][INFO] - Solution count 10: 0.0747774 0.0741289 0.0682033 ... 0.000616622
[2025-01-29 09:43:56,968][gurobipy][INFO] - No other solutions better than 0.0747774
[2025-01-29 09:43:56,968][gurobipy][INFO] - 
[2025-01-29 09:43:56,968][gurobipy][INFO] - Optimal solution found (tolerance 1.00e-04)
[2025-01-29 09:43:56,969][gurobipy][INFO] - Best objective 7.477740801390e-02, best bound 7.477740801390e-02, gap 0.0000%
[2025-01-29 09:43:57,056][__main__][INFO] - Finished size 8963 (3/5)
[2025-01-29 09:44:10,031][gurobipy][INFO] - Set parameter TimeLimit to value 600
[2025-01-29 09:44:10,066][gurobipy][INFO] - Gurobi Optimizer version 11.0.2 build v11.0.2rc0 (linux64)
[2025-01-29 09:44:10,066][gurobipy][INFO] - 
[2025-01-29 09:44:10,077][gurobipy][INFO] - CPU model: Intel(R) Xeon(R) Gold 6136 CPU @ 3.00GHz, instruction set [SSE2|AVX|AVX2|AVX512]
[2025-01-29 09:44:10,077][gurobipy][INFO] - Thread count: 24 physical cores, 48 logical processors, using up to 24 threads
[2025-01-29 09:44:10,077][gurobipy][INFO] - 
[2025-01-29 09:44:10,077][gurobipy][INFO] - Optimize a model with 139548 rows, 3147 columns and 353518 nonzeros
[2025-01-29 09:44:10,081][gurobipy][INFO] - Model fingerprint: 0xde130bc6
[2025-01-29 09:44:10,081][gurobipy][INFO] - Variable types: 3102 continuous, 45 integer (45 binary)
[2025-01-29 09:44:10,081][gurobipy][INFO] - Coefficient statistics:
[2025-01-29 09:44:10,081][gurobipy][INFO] -   Matrix range     [5e-05, 2e+00]
[2025-01-29 09:44:10,081][gurobipy][INFO] -   Objective range  [1e+00, 1e+00]
[2025-01-29 09:44:10,081][gurobipy][INFO] -   Bounds range     [1e+00, 1e+00]
[2025-01-29 09:44:10,081][gurobipy][INFO] -   RHS range        [1e+00, 1e+01]
[2025-01-29 09:44:10,113][gurobipy][INFO] - Found heuristic solution: objective -0.0000000
[2025-01-29 09:44:11,275][gurobipy][INFO] - Presolve removed 37209 rows and 1 columns
[2025-01-29 09:44:11,275][gurobipy][INFO] - Presolve time: 1.16s
[2025-01-29 09:44:11,275][gurobipy][INFO] - Presolved: 102339 rows, 3146 columns, 310113 nonzeros
[2025-01-29 09:44:11,355][gurobipy][INFO] - Variable types: 3102 continuous, 44 integer (44 binary)
[2025-01-29 09:44:11,530][gurobipy][INFO] - Root relaxation presolved: 3146 rows, 105485 columns, 313259 nonzeros
[2025-01-29 09:44:11,530][gurobipy][INFO] - 
[2025-01-29 09:44:11,593][gurobipy][INFO] - 
[2025-01-29 09:44:11,593][gurobipy][INFO] - Root relaxation: objective 1.000000e+00, 59 iterations, 0.23 seconds (0.26 work units)
[2025-01-29 09:44:11,628][gurobipy][INFO] - 
[2025-01-29 09:44:11,628][gurobipy][INFO] -     Nodes    |    Current Node    |     Objective Bounds      |     Work
[2025-01-29 09:44:11,628][gurobipy][INFO] -  Expl Unexpl |  Obj  Depth IntInf | Incumbent    BestBd   Gap | It/Node Time
[2025-01-29 09:44:11,628][gurobipy][INFO] - 
[2025-01-29 09:44:11,628][gurobipy][INFO] -      0     0    1.00000    0    7   -0.00000    1.00000      -     -    1s
[2025-01-29 09:44:11,659][gurobipy][INFO] - H    0     0                       0.0021777    1.00000      -     -    1s
[2025-01-29 09:44:11,776][gurobipy][INFO] - H    0     0                       0.0154746    1.00000  6362%     -    1s
[2025-01-29 09:44:12,124][gurobipy][INFO] -      0     0    1.00000    0    7    0.01547    1.00000  6362%     -    2s
[2025-01-29 09:44:13,874][gurobipy][INFO] -      0     0    1.00000    0   41    0.01547    1.00000  6362%     -    3s
[2025-01-29 09:44:14,533][gurobipy][INFO] -      0     0    1.00000    0   24    0.01547    1.00000  6362%     -    4s
[2025-01-29 09:44:19,227][gurobipy][INFO] -      0     0    1.00000    0    1    0.01547    1.00000  6362%     -    9s
[2025-01-29 09:44:19,448][gurobipy][INFO] - H    0     0                       0.0216398    1.00000  4521%     -    9s
[2025-01-29 09:44:19,476][gurobipy][INFO] - H    0     0                       0.0217358    1.00000  4501%     -    9s
[2025-01-29 09:44:20,314][gurobipy][INFO] -      0     0    1.00000    0   15    0.02174    1.00000  4501%     -   10s
[2025-01-29 09:44:26,738][gurobipy][INFO] -      0     0    1.00000    0   14    0.02174    1.00000  4501%     -   16s
[2025-01-29 09:44:27,797][gurobipy][INFO] -      0     0    1.00000    0   13    0.02174    1.00000  4501%     -   17s
[2025-01-29 09:44:34,962][gurobipy][INFO] -      0     0    1.00000    0   15    0.02174    1.00000  4501%     -   24s
[2025-01-29 09:44:35,432][gurobipy][INFO] - H    0     0                       0.0234736    1.00000  4160%     -   25s
[2025-01-29 09:44:35,917][gurobipy][INFO] -      0     0    1.00000    0   26    0.02347    1.00000  4160%     -   25s
[2025-01-29 09:44:41,203][gurobipy][INFO] -      0     0    1.00000    0   14    0.02347    1.00000  4160%     -   31s
[2025-01-29 09:44:42,509][gurobipy][INFO] -      0     0    1.00000    0   27    0.02347    1.00000  4160%     -   32s
[2025-01-29 09:44:51,363][gurobipy][INFO] -      0     0    1.00000    0   21    0.02347    1.00000  4160%     -   41s
[2025-01-29 09:44:53,108][gurobipy][INFO] -      0     0    1.00000    0   32    0.02347    1.00000  4160%     -   43s
[2025-01-29 09:44:58,887][gurobipy][INFO] -      0     0    1.00000    0   27    0.02347    1.00000  4160%     -   48s
[2025-01-29 09:45:04,519][gurobipy][INFO] -      0     0    1.00000    0   27    0.02347    1.00000  4160%     -   54s
[2025-01-29 09:45:21,748][gurobipy][INFO] -      0     2    1.00000    0   27    0.02347    1.00000  4160%     -   71s
[2025-01-29 09:45:25,559][gurobipy][INFO] -      3     8    1.00000    2   25    0.02347    1.00000  4160%  2336   75s
[2025-01-29 09:45:33,451][gurobipy][INFO] -     15    16    0.95238    4   29    0.02347    1.00000  4160%  1711   83s
[2025-01-29 09:45:36,368][gurobipy][INFO] - H   27    18                       0.0644680    0.95238  1377%  1198   86s
[2025-01-29 09:45:40,484][gurobipy][INFO] -     59    10    0.94118    8   25    0.06447    0.94430  1365%   628   90s
[2025-01-29 09:45:41,740][gurobipy][INFO] - H   65    10                       0.0702640    0.94118  1239%   651   91s
[2025-01-29 09:45:46,356][gurobipy][INFO] -     84    12    0.92857   11   21    0.07026    0.93301  1228%   560   96s
[2025-01-29 09:45:49,003][gurobipy][INFO] - H  109    14                       0.0719262    0.92276  1183%   471   98s
[2025-01-29 09:45:50,401][gurobipy][INFO] -    117    16    0.90909   14   18    0.07193    0.91661  1174%   481  100s
[2025-01-29 09:45:56,020][gurobipy][INFO] -    177    40    0.87500   17   14    0.07193    0.88871  1136%   378  105s
[2025-01-29 09:46:01,092][gurobipy][INFO] -    239    69    0.84010   19   14    0.07193    0.87497  1116%   297  111s
[2025-01-29 09:46:06,279][gurobipy][INFO] -    381    37    0.41613   21   12    0.07193    0.87497  1116%   229  116s
[2025-01-29 09:46:10,563][gurobipy][INFO] -    458    44    0.37170   23   10    0.07193    0.87497  1116%   215  120s
[2025-01-29 09:46:22,435][gurobipy][INFO] -    632    24    0.21993   26    7    0.07193    0.87497  1116%   200  132s
[2025-01-29 09:46:26,075][gurobipy][INFO] -    669    15     cutoff   28         0.07193    0.28613   298%   212  135s
[2025-01-29 09:46:27,167][gurobipy][INFO] - 
[2025-01-29 09:46:27,168][gurobipy][INFO] - Cutting planes:
[2025-01-29 09:46:27,168][gurobipy][INFO] -   Cover: 5
[2025-01-29 09:46:27,168][gurobipy][INFO] -   Implied bound: 1
[2025-01-29 09:46:27,168][gurobipy][INFO] -   MIR: 14
[2025-01-29 09:46:27,168][gurobipy][INFO] -   RLT: 10
[2025-01-29 09:46:27,173][gurobipy][INFO] - 
[2025-01-29 09:46:27,174][gurobipy][INFO] - Explored 734 nodes (191992 simplex iterations) in 137.10 seconds (265.99 work units)
[2025-01-29 09:46:27,174][gurobipy][INFO] - Thread count was 24 (of 48 available processors)
[2025-01-29 09:46:27,174][gurobipy][INFO] - 
[2025-01-29 09:46:27,174][gurobipy][INFO] - Solution count 9: 0.0719262 0.070264 0.064468 ... -0
[2025-01-29 09:46:27,174][gurobipy][INFO] - No other solutions better than 0.0719262
[2025-01-29 09:46:27,174][gurobipy][INFO] - 
[2025-01-29 09:46:27,174][gurobipy][INFO] - Optimal solution found (tolerance 1.00e-04)
[2025-01-29 09:46:27,175][gurobipy][INFO] - Best objective 7.192621453680e-02, best bound 7.192621453680e-02, gap 0.0000%
[2025-01-29 09:46:27,397][__main__][INFO] - Finished size 26833 (4/5)
[2025-01-29 09:46:48,726][gurobipy][INFO] - Set parameter TimeLimit to value 600
[2025-01-29 09:46:48,779][gurobipy][INFO] - Gurobi Optimizer version 11.0.2 build v11.0.2rc0 (linux64)
[2025-01-29 09:46:48,780][gurobipy][INFO] - 
[2025-01-29 09:46:48,791][gurobipy][INFO] - CPU model: Intel(R) Xeon(R) Gold 6136 CPU @ 3.00GHz, instruction set [SSE2|AVX|AVX2|AVX512]
[2025-01-29 09:46:48,791][gurobipy][INFO] - Thread count: 24 physical cores, 48 logical processors, using up to 24 threads
[2025-01-29 09:46:48,791][gurobipy][INFO] - 
[2025-01-29 09:46:48,791][gurobipy][INFO] - Optimize a model with 231213 rows, 5184 columns and 585736 nonzeros
[2025-01-29 09:46:48,797][gurobipy][INFO] - Model fingerprint: 0x25150881
[2025-01-29 09:46:48,797][gurobipy][INFO] - Variable types: 5139 continuous, 45 integer (45 binary)
[2025-01-29 09:46:48,798][gurobipy][INFO] - Coefficient statistics:
[2025-01-29 09:46:48,798][gurobipy][INFO] -   Matrix range     [2e-05, 2e+00]
[2025-01-29 09:46:48,798][gurobipy][INFO] -   Objective range  [1e+00, 1e+00]
[2025-01-29 09:46:48,798][gurobipy][INFO] -   Bounds range     [1e+00, 1e+00]
[2025-01-29 09:46:48,798][gurobipy][INFO] -   RHS range        [1e+00, 1e+01]
[2025-01-29 09:46:48,849][gurobipy][INFO] - Found heuristic solution: objective -0.0000000
[2025-01-29 09:46:51,238][gurobipy][INFO] - Presolve removed 61651 rows and 1 columns
[2025-01-29 09:46:51,238][gurobipy][INFO] - Presolve time: 2.39s
[2025-01-29 09:46:51,238][gurobipy][INFO] - Presolved: 169562 rows, 5183 columns, 513819 nonzeros
[2025-01-29 09:46:51,372][gurobipy][INFO] - Variable types: 5139 continuous, 44 integer (44 binary)
[2025-01-29 09:46:51,695][gurobipy][INFO] - Root relaxation presolved: 5183 rows, 174745 columns, 519002 nonzeros
[2025-01-29 09:46:51,695][gurobipy][INFO] - 
[2025-01-29 09:46:51,805][gurobipy][INFO] - 
[2025-01-29 09:46:51,805][gurobipy][INFO] - Root relaxation: objective 1.000000e+00, 82 iterations, 0.42 seconds (0.44 work units)
[2025-01-29 09:46:51,870][gurobipy][INFO] - 
[2025-01-29 09:46:51,870][gurobipy][INFO] -     Nodes    |    Current Node    |     Objective Bounds      |     Work
[2025-01-29 09:46:51,870][gurobipy][INFO] -  Expl Unexpl |  Obj  Depth IntInf | Incumbent    BestBd   Gap | It/Node Time
[2025-01-29 09:46:51,870][gurobipy][INFO] - 
[2025-01-29 09:46:51,870][gurobipy][INFO] -      0     0    1.00000    0    6   -0.00000    1.00000      -     -    3s
[2025-01-29 09:46:51,923][gurobipy][INFO] - H    0     0                       0.0004151    1.00000      -     -    3s
[2025-01-29 09:46:52,205][gurobipy][INFO] - H    0     0                       0.0009875    1.00000      -     -    3s
[2025-01-29 09:46:52,706][gurobipy][INFO] -      0     0    1.00000    0    5    0.00099    1.00000      -     -    3s
[2025-01-29 09:46:55,600][gurobipy][INFO] -      0     0    1.00000    0   41    0.00099    1.00000      -     -    6s
[2025-01-29 09:47:02,470][gurobipy][INFO] -      0     0    1.00000    0   40    0.00099    1.00000      -     -   13s
[2025-01-29 09:47:03,763][gurobipy][INFO] - H    0     0                       0.0215728    1.00000  4535%     -   14s
[2025-01-29 09:47:04,176][gurobipy][INFO] -      0     0    1.00000    0   40    0.02157    1.00000  4535%     -   15s
[2025-01-29 09:47:12,338][gurobipy][INFO] -      0     0    1.00000    0   40    0.02157    1.00000  4535%     -   23s
[2025-01-29 09:47:14,088][gurobipy][INFO] -      0     0    1.00000    0   39    0.02157    1.00000  4535%     -   25s
[2025-01-29 09:47:23,527][gurobipy][INFO] -      0     0    1.00000    0   31    0.02157    1.00000  4535%     -   34s
[2025-01-29 09:47:26,394][gurobipy][INFO] -      0     0    1.00000    0   31    0.02157    1.00000  4535%     -   37s
[2025-01-29 09:47:33,450][gurobipy][INFO] -      0     0    1.00000    0   31    0.02157    1.00000  4535%     -   44s
[2025-01-29 09:47:35,308][gurobipy][INFO] -      0     0    1.00000    0   31    0.02157    1.00000  4535%     -   46s
[2025-01-29 09:47:41,400][gurobipy][INFO] -      0     0    1.00000    0   31    0.02157    1.00000  4535%     -   52s
[2025-01-29 09:47:48,583][gurobipy][INFO] -      0     0    1.00000    0   31    0.02157    1.00000  4535%     -   59s
[2025-01-29 09:47:50,240][gurobipy][INFO] - H    0     0                       0.0504778    1.00000  1881%     -   61s
[2025-01-29 09:48:04,761][gurobipy][INFO] -      0     2    1.00000    0   31    0.05048    1.00000  1881%     -   75s
[2025-01-29 09:48:11,098][gurobipy][INFO] -      7     4    1.00000    4   16    0.05048    1.00000  1881%   733   82s
[2025-01-29 09:48:24,450][gurobipy][INFO] -     10     6    1.00000    5   14    0.05048    1.00000  1881%   558   95s
[2025-01-29 09:48:48,697][gurobipy][INFO] -     20     8    0.96153    7   34    0.05048    1.00000  1881%  1245  119s
[2025-01-29 09:48:51,911][gurobipy][INFO] -     26    10    0.95999    8   33    0.05048    0.96145  1805%  1474  123s
[2025-01-29 09:48:54,028][gurobipy][INFO] -     34    10    0.95832    9   32    0.05048    0.96106  1804%  1191  125s
[2025-01-29 09:49:28,509][gurobipy][INFO] -     54    12    0.95454   11   29    0.05048    0.95785  1798%   819  159s
[2025-01-29 09:49:32,658][gurobipy][INFO] -     64    14    0.95237   12   28    0.05048    0.95603  1794%   809  163s
[2025-01-29 09:49:33,828][gurobipy][INFO] -     76    14    0.94999   13   27    0.05048    0.95417  1790%   743  165s
[2025-01-29 09:49:40,567][gurobipy][INFO] - H   90    18                       0.0517918    0.95199  1738%   638  171s
[2025-01-29 09:49:40,572][gurobipy][INFO] - H   90    18                       0.0619577    0.95199  1437%   638  171s
[2025-01-29 09:49:44,056][gurobipy][INFO] -    120    18    0.94117   16   23    0.06196    0.94695  1428%   551  175s
[2025-01-29 09:49:49,197][gurobipy][INFO] - H  138    14                       0.0638066    0.94390  1379%   485  180s
[2025-01-29 09:49:57,164][gurobipy][INFO] -    174    22    0.92857   19   20    0.06381    0.93706  1369%   422  188s
[2025-01-29 09:50:00,431][gurobipy][INFO] - H  194    29                       0.0645650    0.93306  1345%   427  191s
[2025-01-29 09:50:04,517][gurobipy][INFO] -    253    60    0.90909   22   17    0.06456    0.92279  1329%   416  195s
[2025-01-29 09:50:09,486][gurobipy][INFO] -    352    67    0.88889   24   15    0.06456    0.92200  1328%   325  200s
[2025-01-29 09:50:13,883][gurobipy][INFO] -    465    39    0.86178   26   15    0.06456    0.92200  1328%   280  205s
[2025-01-29 09:50:21,511][gurobipy][INFO] -    598    51    0.78582   29   11    0.06456    0.92200  1328%   281  212s
[2025-01-29 09:50:25,326][gurobipy][INFO] -    646    48    0.73431   30   10    0.06456    0.92200  1328%   282  216s
[2025-01-29 09:50:25,332][gurobipy][INFO] - H  647    48                       0.0652794    0.92200  1312%   281  216s
[2025-01-29 09:50:31,149][gurobipy][INFO] -    830    38    0.12744   31   11    0.06528    0.92200  1312%   262  222s
[2025-01-29 09:50:41,830][gurobipy][INFO] -    938    45    0.26691   35    5    0.06528    0.78933  1109%   267  233s
[2025-01-29 09:50:44,812][gurobipy][INFO] -   1035    15     cutoff   37         0.06528    0.66544   919%   270  236s
[2025-01-29 09:50:47,396][gurobipy][INFO] - 
[2025-01-29 09:50:47,396][gurobipy][INFO] - Cutting planes:
[2025-01-29 09:50:47,396][gurobipy][INFO] -   Cover: 13
[2025-01-29 09:50:47,396][gurobipy][INFO] -   MIR: 18
[2025-01-29 09:50:47,396][gurobipy][INFO] -   RLT: 9
[2025-01-29 09:50:47,403][gurobipy][INFO] - 
[2025-01-29 09:50:47,403][gurobipy][INFO] - Explored 1118 nodes (337558 simplex iterations) in 238.61 seconds (467.12 work units)
[2025-01-29 09:50:47,403][gurobipy][INFO] - Thread count was 24 (of 48 available processors)
[2025-01-29 09:50:47,403][gurobipy][INFO] - 
[2025-01-29 09:50:47,403][gurobipy][INFO] - Solution count 10: 0.0652794 0.064565 0.0638066 ... -0
[2025-01-29 09:50:47,403][gurobipy][INFO] - No other solutions better than 0.0652794
[2025-01-29 09:50:47,403][gurobipy][INFO] - 
[2025-01-29 09:50:47,403][gurobipy][INFO] - Optimal solution found (tolerance 1.00e-04)
[2025-01-29 09:50:47,405][gurobipy][INFO] - Best objective 6.527939196256e-02, best bound 6.527939196256e-02, gap 0.0000%
[2025-01-29 09:50:47,740][__main__][INFO] - Finished size 80329 (5/5)
