[2025-01-29 13:08:41,698][__main__][INFO] - In total, there are 5772124799 possible subgroups
[2025-01-29 13:08:41,731][__main__][INFO] - [0], []
[2025-01-29 13:09:09,966][__main__][INFO] - [], [0]
[2025-01-29 13:09:36,713][__main__][INFO] - [1], []
[2025-01-29 13:09:39,192][__main__][INFO] - [2], []
[2025-01-29 13:10:02,181][__main__][INFO] - [3], []
[2025-01-29 13:10:03,479][__main__][INFO] - [4], []
[2025-01-29 13:10:06,707][__main__][INFO] - [5], []
[2025-01-29 13:10:07,769][__main__][INFO] - [6], []
[2025-01-29 13:10:07,925][__main__][INFO] - [7], []
[2025-01-29 13:10:07,991][__main__][INFO] - [8], []
[2025-01-29 13:10:08,038][__main__][INFO] - [9], []
[2025-01-29 13:10:08,059][__main__][INFO] - [10], []
[2025-01-29 13:10:08,841][__main__][INFO] - [11], []
[2025-01-29 13:10:10,150][__main__][INFO] - [12], []
[2025-01-29 13:10:11,469][__main__][INFO] - [13], []
[2025-01-29 13:10:12,924][__main__][INFO] - [14], []
[2025-01-29 13:10:14,500][__main__][INFO] - [15], []
[2025-01-29 13:10:16,510][__main__][INFO] - [16], []
[2025-01-29 13:10:18,384][__main__][INFO] - [17], []
[2025-01-29 13:10:20,051][__main__][INFO] - [18], []
[2025-01-29 13:10:20,975][__main__][INFO] - [19], []
[2025-01-29 13:10:21,481][__main__][INFO] - [20], []
[2025-01-29 13:10:52,198][__main__][INFO] - [21], []
[2025-01-29 13:10:55,210][__main__][INFO] - [22], []
[2025-01-29 13:11:00,254][__main__][INFO] - [23], []
[2025-01-29 13:11:00,758][__main__][INFO] - [24], []
[2025-01-29 13:11:00,863][__main__][INFO] - [25], []
[2025-01-29 13:11:00,910][__main__][INFO] - [26], []
[2025-01-29 13:11:19,950][__main__][INFO] - [], [26]
[2025-01-29 13:11:56,164][__main__][INFO] - [27], []
[2025-01-29 13:12:24,852][__main__][INFO] - [28], []
[2025-01-29 13:12:28,219][__main__][INFO] - [29], []
[2025-01-29 13:12:34,576][__main__][INFO] - [30], []
[2025-01-29 13:12:35,012][__main__][INFO] - [31], []
[2025-01-29 13:12:35,054][__main__][INFO] - [32], []
[2025-01-29 13:13:29,534][__main__][INFO] - [33], []
[2025-01-29 13:13:30,981][__main__][INFO] - [34], []
[2025-01-29 13:13:31,023][__main__][INFO] - [35], []
[2025-01-29 13:13:31,127][__main__][INFO] - [36], []
[2025-01-29 13:13:33,407][__main__][INFO] - [37], []
[2025-01-29 13:14:02,010][__main__][INFO] - [38], []
[2025-01-29 13:14:07,432][__main__][INFO] - [39], []
[2025-01-29 13:14:13,940][__main__][INFO] - [40], []
[2025-01-29 13:14:14,141][__main__][INFO] - [41], []
[2025-01-29 13:14:32,223][__main__][INFO] - [], [41]
[2025-01-29 13:15:09,640][__main__][INFO] - [42], []
[2025-01-29 13:15:11,843][__main__][INFO] - [], [42]
[2025-01-29 13:16:30,026][__main__][INFO] - [43], []
[2025-01-29 13:16:31,657][__main__][INFO] - [], [43]
[2025-01-29 13:17:53,809][__main__][INFO] - [44], []
[2025-01-29 23:38:52,277][__main__][INFO] - In total, there are 5772124799 possible subgroups
[2025-01-29 23:38:52,305][__main__][INFO] - [0], []
[2025-01-29 23:39:04,818][__main__][INFO] - [], [0]
[2025-01-29 23:39:16,618][__main__][INFO] - [1], []
[2025-01-29 23:39:17,797][__main__][INFO] - [2], []
[2025-01-29 23:39:28,132][__main__][INFO] - [3], []
[2025-01-29 23:39:28,677][__main__][INFO] - [4], []
[2025-01-29 23:39:30,209][__main__][INFO] - [5], []
[2025-01-29 23:39:30,722][__main__][INFO] - [6], []
[2025-01-29 23:39:30,816][__main__][INFO] - [7], []
[2025-01-29 23:39:30,855][__main__][INFO] - [8], []
[2025-01-29 23:39:30,884][__main__][INFO] - [9], []
[2025-01-29 23:39:30,900][__main__][INFO] - [10], []
[2025-01-29 23:39:31,361][__main__][INFO] - [11], []
[2025-01-29 23:39:32,061][__main__][INFO] - [12], []
[2025-01-29 23:39:32,793][__main__][INFO] - [13], []
[2025-01-29 23:39:33,576][__main__][INFO] - [14], []
[2025-01-29 23:39:34,397][__main__][INFO] - [15], []
[2025-01-29 23:39:35,425][__main__][INFO] - [16], []
[2025-01-29 23:39:36,365][__main__][INFO] - [17], []
[2025-01-29 23:39:37,260][__main__][INFO] - [18], []
[2025-01-29 23:39:37,739][__main__][INFO] - [19], []
[2025-01-29 23:39:38,008][__main__][INFO] - [20], []
[2025-01-29 23:39:52,084][__main__][INFO] - [21], []
[2025-01-29 23:39:53,515][__main__][INFO] - [22], []
[2025-01-29 23:39:55,822][__main__][INFO] - [23], []
[2025-01-29 23:39:56,070][__main__][INFO] - [24], []
[2025-01-29 23:39:56,129][__main__][INFO] - [25], []
[2025-01-29 23:39:56,159][__main__][INFO] - [26], []
[2025-01-29 23:40:04,359][__main__][INFO] - [], [26]
[2025-01-29 23:40:21,149][__main__][INFO] - [27], []
[2025-01-29 23:40:34,581][__main__][INFO] - [28], []
[2025-01-29 23:40:36,141][__main__][INFO] - [29], []
[2025-01-29 23:40:39,097][__main__][INFO] - [30], []
[2025-01-29 23:40:39,310][__main__][INFO] - [31], []
[2025-01-29 23:40:39,337][__main__][INFO] - [32], []
[2025-01-29 23:41:03,977][__main__][INFO] - [33], []
[2025-01-29 23:41:04,660][__main__][INFO] - [34], []
[2025-01-29 23:41:04,689][__main__][INFO] - [35], []
[2025-01-29 23:41:04,750][__main__][INFO] - [36], []
[2025-01-29 23:41:05,983][__main__][INFO] - [37], []
[2025-01-29 23:41:18,706][__main__][INFO] - [38], []
[2025-01-29 23:41:21,259][__main__][INFO] - [39], []
[2025-01-29 23:41:24,156][__main__][INFO] - [40], []
[2025-01-29 23:41:24,266][__main__][INFO] - [41], []
[2025-01-29 23:41:32,249][__main__][INFO] - [], [41]
[2025-01-29 23:41:49,139][__main__][INFO] - [42], []
[2025-01-29 23:41:50,093][__main__][INFO] - [], [42]
[2025-01-29 23:42:24,896][__main__][INFO] - [43], []
[2025-01-29 23:42:25,621][__main__][INFO] - [], [43]
[2025-01-29 23:43:01,890][__main__][INFO] - [44], []
[2025-01-29 23:43:32,055][__main__][INFO] - [45], []
[2025-01-29 23:43:33,565][__main__][INFO] - [46], []
[2025-01-29 23:43:33,718][__main__][INFO] - [47], []
[2025-01-29 23:44:02,510][__main__][INFO] - [48], []
[2025-01-29 23:44:04,634][__main__][INFO] - [49], []
[2025-01-29 23:44:04,712][__main__][INFO] - [50], []
[2025-01-29 23:44:05,407][__main__][INFO] - [51], []
[2025-01-29 23:44:05,882][__main__][INFO] - [52], []
[2025-01-29 23:44:06,452][__main__][INFO] - [53], []
[2025-01-29 23:44:07,020][__main__][INFO] - [54], []
[2025-01-29 23:44:07,535][__main__][INFO] - [55], []
[2025-01-29 23:44:07,997][__main__][INFO] - [56], []
[2025-01-29 23:44:08,402][__main__][INFO] - [57], []
[2025-01-29 23:44:08,778][__main__][INFO] - [58], []
[2025-01-29 23:44:09,088][__main__][INFO] - [59], []
[2025-01-29 23:44:11,361][__main__][INFO] - [0, 1], []
[2025-01-29 23:44:11,743][__main__][INFO] - [0, 2], []
[2025-01-29 23:44:14,726][__main__][INFO] - [0, 3], []
[2025-01-29 23:44:14,916][__main__][INFO] - [0, 4], []
[2025-01-29 23:44:15,432][__main__][INFO] - [0, 5], []
[2025-01-29 23:44:15,598][__main__][INFO] - [0, 6], []
[2025-01-29 23:44:15,640][__main__][INFO] - [0, 7], []
[2025-01-29 23:44:15,656][__main__][INFO] - [0, 8], []
[2025-01-29 23:44:15,677][__main__][INFO] - [0, 9], []
[2025-01-29 23:44:15,694][__main__][INFO] - [0, 10], []
[2025-01-29 23:44:15,870][__main__][INFO] - [0, 11], []
[2025-01-29 23:44:16,142][__main__][INFO] - [0, 12], []
[2025-01-29 23:44:16,403][__main__][INFO] - [0, 13], []
[2025-01-29 23:44:16,673][__main__][INFO] - [0, 14], []
[2025-01-29 23:44:16,968][__main__][INFO] - [0, 15], []
[2025-01-29 23:44:17,354][__main__][INFO] - [0, 16], []
[2025-01-29 23:44:17,661][__main__][INFO] - [0, 17], []
[2025-01-29 23:44:17,927][__main__][INFO] - [0, 18], []
[2025-01-29 23:44:18,081][__main__][INFO] - [0, 19], []
[2025-01-29 23:44:18,198][__main__][INFO] - [0, 20], []
[2025-01-29 23:44:22,046][__main__][INFO] - [0, 21], []
[2025-01-29 23:44:22,512][__main__][INFO] - [0, 22], []
[2025-01-29 23:44:23,263][__main__][INFO] - [0, 23], []
[2025-01-29 23:44:23,359][__main__][INFO] - [0, 24], []
[2025-01-29 23:44:23,376][__main__][INFO] - [0, 25], []
[2025-01-29 23:44:23,392][__main__][INFO] - [0, 26], []
[2025-01-29 23:44:25,547][__main__][INFO] - [0], [26]
[2025-01-29 23:44:30,465][__main__][INFO] - [0, 27], []
[2025-01-29 23:44:34,136][__main__][INFO] - [0, 28], []
[2025-01-29 23:44:34,661][__main__][INFO] - [0, 29], []
[2025-01-29 23:44:35,581][__main__][INFO] - [0, 30], []
[2025-01-29 23:44:35,658][__main__][INFO] - [0, 31], []
[2025-01-29 23:44:35,679][__main__][INFO] - [0, 32], []
[2025-01-29 23:44:44,096][__main__][INFO] - [0, 33], []
[2025-01-29 23:44:44,150][__main__][INFO] - [0, 34], []
[2025-01-29 23:44:44,168][__main__][INFO] - [0, 35], []
[2025-01-29 23:44:44,187][__main__][INFO] - [0, 36], []
[2025-01-29 23:44:44,643][__main__][INFO] - [0, 37], []
[2025-01-29 23:44:48,205][__main__][INFO] - [0, 38], []
[2025-01-29 23:44:49,034][__main__][INFO] - [0, 39], []
[2025-01-29 23:44:49,887][__main__][INFO] - [0, 40], []
[2025-01-29 23:44:49,934][__main__][INFO] - [0, 41], []
[2025-01-29 23:44:52,429][__main__][INFO] - [0], [41]
[2025-01-29 23:44:56,995][__main__][INFO] - [0, 42], []
[2025-01-29 23:44:57,227][__main__][INFO] - [0], [42]
[2025-01-29 23:45:07,100][__main__][INFO] - [0, 43], []
[2025-01-29 23:45:07,312][__main__][INFO] - [0], [43]
[2025-01-29 23:45:17,316][__main__][INFO] - [0, 44], []
[2025-01-29 23:45:25,738][__main__][INFO] - [0, 45], []
[2025-01-29 23:45:26,149][__main__][INFO] - [0, 46], []
[2025-01-29 23:45:26,224][__main__][INFO] - [0, 47], []
[2025-01-29 23:45:30,459][__main__][INFO] - [0, 48], []
[2025-01-29 23:45:32,586][__main__][INFO] - [0, 49], []
[2025-01-29 23:45:32,665][__main__][INFO] - [0, 50], []
[2025-01-29 23:45:32,890][__main__][INFO] - [0, 51], []
[2025-01-29 23:45:33,067][__main__][INFO] - [0, 52], []
[2025-01-29 23:45:33,265][__main__][INFO] - [0, 53], []
[2025-01-29 23:45:33,463][__main__][INFO] - [0, 54], []
[2025-01-29 23:45:33,645][__main__][INFO] - [0, 55], []
[2025-01-29 23:45:33,799][__main__][INFO] - [0, 56], []
[2025-01-29 23:45:33,945][__main__][INFO] - [0, 57], []
[2025-01-29 23:45:34,078][__main__][INFO] - [0, 58], []
[2025-01-29 23:45:34,190][__main__][INFO] - [0, 59], []
[2025-01-29 23:45:34,950][__main__][INFO] - [1], [0]
[2025-01-29 23:45:35,294][__main__][INFO] - [2], [0]
[2025-01-29 23:45:38,346][__main__][INFO] - [3], [0]
[2025-01-29 23:45:38,513][__main__][INFO] - [4], [0]
[2025-01-29 23:45:38,939][__main__][INFO] - [5], [0]
[2025-01-29 23:45:39,107][__main__][INFO] - [6], [0]
[2025-01-29 23:45:39,146][__main__][INFO] - [7], [0]
[2025-01-29 23:45:39,170][__main__][INFO] - [8], [0]
[2025-01-29 23:45:39,205][__main__][INFO] - [10], [0]
[2025-01-29 23:45:39,391][__main__][INFO] - [11], [0]
[2025-01-29 23:45:39,623][__main__][INFO] - [12], [0]
[2025-01-29 23:45:39,896][__main__][INFO] - [13], [0]
[2025-01-29 23:45:40,167][__main__][INFO] - [14], [0]
[2025-01-29 23:45:40,441][__main__][INFO] - [15], [0]
[2025-01-29 23:45:40,733][__main__][INFO] - [16], [0]
[2025-01-29 23:45:41,058][__main__][INFO] - [17], [0]
[2025-01-29 23:45:41,356][__main__][INFO] - [18], [0]
[2025-01-29 23:45:41,512][__main__][INFO] - [19], [0]
[2025-01-29 23:45:41,587][__main__][INFO] - [20], [0]
[2025-01-29 23:45:45,685][__main__][INFO] - [21], [0]
[2025-01-29 23:45:46,059][__main__][INFO] - [22], [0]
[2025-01-29 23:45:46,643][__main__][INFO] - [23], [0]
[2025-01-29 23:45:46,723][__main__][INFO] - [24], [0]
[2025-01-29 23:45:46,752][__main__][INFO] - [25], [0]
[2025-01-29 23:45:46,773][__main__][INFO] - [26], [0]
[2025-01-29 23:45:48,962][__main__][INFO] - [], [0, 26]
[2025-01-29 23:45:53,404][__main__][INFO] - [27], [0]
[2025-01-29 23:45:57,352][__main__][INFO] - [28], [0]
[2025-01-29 23:45:57,752][__main__][INFO] - [29], [0]
[2025-01-29 23:45:58,487][__main__][INFO] - [30], [0]
[2025-01-29 23:45:58,557][__main__][INFO] - [31], [0]
[2025-01-29 23:45:58,573][__main__][INFO] - [32], [0]
[2025-01-29 23:46:03,637][__main__][INFO] - [33], [0]
[2025-01-29 23:46:04,105][__main__][INFO] - [34], [0]
[2025-01-29 23:46:04,131][__main__][INFO] - [35], [0]
[2025-01-29 23:46:04,180][__main__][INFO] - [36], [0]
[2025-01-29 23:46:04,589][__main__][INFO] - [37], [0]
[2025-01-29 23:46:08,109][__main__][INFO] - [38], [0]
[2025-01-29 23:46:08,853][__main__][INFO] - [39], [0]
[2025-01-29 23:46:09,627][__main__][INFO] - [40], [0]
[2025-01-29 23:46:09,674][__main__][INFO] - [41], [0]
[2025-01-29 23:46:11,604][__main__][INFO] - [], [0, 41]
[2025-01-29 23:46:16,439][__main__][INFO] - [42], [0]
[2025-01-29 23:46:16,760][__main__][INFO] - [], [0, 42]
[2025-01-29 23:46:25,489][__main__][INFO] - [43], [0]
[2025-01-29 23:46:25,680][__main__][INFO] - [], [0, 43]
[2025-01-29 23:46:35,078][__main__][INFO] - [44], [0]
[2025-01-29 23:46:42,760][__main__][INFO] - [45], [0]
[2025-01-29 23:46:43,208][__main__][INFO] - [46], [0]
[2025-01-29 23:46:43,282][__main__][INFO] - [47], [0]
[2025-01-29 23:46:55,049][__main__][INFO] - [50], [0]
[2025-01-29 23:46:55,280][__main__][INFO] - [51], [0]
[2025-01-29 23:46:55,424][__main__][INFO] - [52], [0]
[2025-01-29 23:46:55,602][__main__][INFO] - [53], [0]
[2025-01-29 23:46:55,780][__main__][INFO] - [54], [0]
[2025-01-29 23:46:55,948][__main__][INFO] - [55], [0]
[2025-01-29 23:46:56,101][__main__][INFO] - [56], [0]
[2025-01-29 23:46:56,239][__main__][INFO] - [57], [0]
[2025-01-29 23:46:56,369][__main__][INFO] - [58], [0]
[2025-01-29 23:46:56,479][__main__][INFO] - [59], [0]
[2025-01-29 23:46:57,260][__main__][INFO] - [1, 10], []
[2025-01-29 23:46:57,311][__main__][INFO] - [1, 11], []
[2025-01-29 23:46:57,376][__main__][INFO] - [1, 12], []
[2025-01-29 23:46:57,443][__main__][INFO] - [1, 13], []
[2025-01-29 23:46:57,502][__main__][INFO] - [1, 14], []
[2025-01-29 23:46:57,562][__main__][INFO] - [1, 15], []
[2025-01-29 23:46:57,626][__main__][INFO] - [1, 16], []
[2025-01-29 23:46:57,672][__main__][INFO] - [1, 17], []
[2025-01-29 23:46:57,710][__main__][INFO] - [1, 18], []
[2025-01-29 23:46:57,735][__main__][INFO] - [1, 19], []
[2025-01-29 23:46:57,751][__main__][INFO] - [1, 20], []
[2025-01-29 23:46:58,087][__main__][INFO] - [1, 21], []
[2025-01-29 23:46:58,103][__main__][INFO] - [1, 22], []
[2025-01-29 23:46:58,462][__main__][INFO] - [1, 23], []
[2025-01-29 23:46:58,505][__main__][INFO] - [1, 26], []
[2025-01-29 23:46:58,700][__main__][INFO] - [1], [26]
[2025-01-29 23:46:59,241][__main__][INFO] - [1, 27], []
[2025-01-29 23:46:59,564][__main__][INFO] - [1, 28], []
[2025-01-29 23:46:59,691][__main__][INFO] - [1, 29], []
[2025-01-29 23:46:59,707][__main__][INFO] - [1, 30], []
[2025-01-29 23:46:59,723][__main__][INFO] - [1, 31], []
[2025-01-29 23:46:59,739][__main__][INFO] - [1, 32], []
[2025-01-29 23:47:00,451][__main__][INFO] - [1, 33], []
[2025-01-29 23:47:00,476][__main__][INFO] - [1, 34], []
[2025-01-29 23:47:00,492][__main__][INFO] - [1, 35], []
[2025-01-29 23:47:00,508][__main__][INFO] - [1, 36], []
[2025-01-29 23:47:00,598][__main__][INFO] - [1, 37], []
[2025-01-29 23:47:01,074][__main__][INFO] - [1, 38], []
[2025-01-29 23:47:01,122][__main__][INFO] - [1, 39], []
[2025-01-29 23:47:01,244][__main__][INFO] - [1, 40], []
[2025-01-29 23:47:01,264][__main__][INFO] - [1, 41], []
[2025-01-29 23:47:01,597][__main__][INFO] - [1], [41]
[2025-01-29 23:47:01,977][__main__][INFO] - [1, 42], []
[2025-01-29 23:47:02,013][__main__][INFO] - [1], [42]
[2025-01-29 23:47:02,937][__main__][INFO] - [1, 43], []
[2025-01-29 23:47:02,971][__main__][INFO] - [1], [43]
[2025-01-29 23:47:03,913][__main__][INFO] - [1, 44], []
[2025-01-29 23:47:04,714][__main__][INFO] - [1, 45], []
[2025-01-29 23:47:04,765][__main__][INFO] - [1, 46], []
[2025-01-29 23:47:04,795][__main__][INFO] - [1, 47], []
[2025-01-29 23:47:05,484][__main__][INFO] - [1, 48], []
[2025-01-29 23:47:05,602][__main__][INFO] - [1, 49], []
[2025-01-29 23:47:05,624][__main__][INFO] - [1, 50], []
[2025-01-29 23:47:05,672][__main__][INFO] - [1, 51], []
[2025-01-29 23:47:05,714][__main__][INFO] - [1, 52], []
[2025-01-29 23:47:05,763][__main__][INFO] - [1, 53], []
[2025-01-29 23:47:05,812][__main__][INFO] - [1, 54], []
[2025-01-29 23:47:05,857][__main__][INFO] - [1, 55], []
[2025-01-29 23:47:05,898][__main__][INFO] - [1, 56], []
[2025-01-29 23:47:05,913][__main__][INFO] - [1, 57], []
[2025-01-29 23:47:05,944][__main__][INFO] - [1, 58], []
[2025-01-29 23:47:05,960][__main__][INFO] - [1, 59], []
[2025-01-29 23:47:06,032][__main__][INFO] - [2, 10], []
[2025-01-29 23:47:06,209][__main__][INFO] - [2, 11], []
[2025-01-29 23:47:06,431][__main__][INFO] - [2, 12], []
[2025-01-29 23:47:06,699][__main__][INFO] - [2, 13], []
[2025-01-29 23:47:06,964][__main__][INFO] - [2, 14], []
[2025-01-29 23:47:07,235][__main__][INFO] - [2, 15], []
[2025-01-29 23:47:07,579][__main__][INFO] - [2, 16], []
[2025-01-29 23:47:07,929][__main__][INFO] - [2, 17], []
[2025-01-29 23:47:08,269][__main__][INFO] - [2, 18], []
[2025-01-29 23:47:08,483][__main__][INFO] - [2, 19], []
[2025-01-29 23:47:08,612][__main__][INFO] - [2, 20], []
[2025-01-29 23:47:12,480][__main__][INFO] - [2, 21], []
[2025-01-29 23:47:12,592][__main__][INFO] - [2, 22], []
[2025-01-29 23:47:13,229][__main__][INFO] - [2, 23], []
[2025-01-29 23:47:13,427][__main__][INFO] - [2, 24], []
[2025-01-29 23:47:13,444][__main__][INFO] - [2, 25], []
[2025-01-29 23:47:13,463][__main__][INFO] - [2, 26], []
[2025-01-29 23:47:15,949][__main__][INFO] - [2], [26]
[2025-01-29 23:47:19,454][__main__][INFO] - [2, 27], []
[2025-01-29 23:47:23,188][__main__][INFO] - [2, 28], []
[2025-01-29 23:47:23,547][__main__][INFO] - [2, 29], []
[2025-01-29 23:47:24,173][__main__][INFO] - [2, 30], []
[2025-01-29 23:47:24,253][__main__][INFO] - [2, 31], []
[2025-01-29 23:47:24,274][__main__][INFO] - [2, 32], []
[2025-01-29 23:47:29,820][__main__][INFO] - [2, 33], []
[2025-01-29 23:47:30,095][__main__][INFO] - [2, 34], []
[2025-01-29 23:47:30,119][__main__][INFO] - [2, 35], []
[2025-01-29 23:47:30,159][__main__][INFO] - [2, 36], []
[2025-01-29 23:47:30,525][__main__][INFO] - [2, 37], []
[2025-01-29 23:47:33,275][__main__][INFO] - [2, 38], []
[2025-01-29 23:47:34,175][__main__][INFO] - [2, 39], []
[2025-01-29 23:47:34,905][__main__][INFO] - [2, 40], []
[2025-01-29 23:47:34,970][__main__][INFO] - [2, 41], []
[2025-01-29 23:47:36,640][__main__][INFO] - [2], [41]
[2025-01-29 23:47:41,215][__main__][INFO] - [2, 42], []
[2025-01-29 23:47:41,600][__main__][INFO] - [2], [42]
[2025-01-29 23:47:48,971][__main__][INFO] - [2, 43], []
[2025-01-29 23:47:49,213][__main__][INFO] - [2], [43]
[2025-01-29 23:47:57,132][__main__][INFO] - [2, 44], []
[2025-01-29 23:48:03,832][__main__][INFO] - [2, 45], []
[2025-01-29 23:48:04,294][__main__][INFO] - [2, 46], []
[2025-01-29 23:48:04,371][__main__][INFO] - [2, 47], []
[2025-01-29 23:48:11,240][__main__][INFO] - [2, 48], []
[2025-01-29 23:48:11,798][__main__][INFO] - [2, 49], []
[2025-01-29 23:48:11,833][__main__][INFO] - [2, 50], []
[2025-01-29 23:48:12,039][__main__][INFO] - [2, 51], []
[2025-01-29 23:48:12,189][__main__][INFO] - [2, 52], []
[2025-01-29 23:48:12,363][__main__][INFO] - [2, 53], []
[2025-01-29 23:48:12,541][__main__][INFO] - [2, 54], []
[2025-01-29 23:48:12,712][__main__][INFO] - [2, 55], []
[2025-01-29 23:48:12,860][__main__][INFO] - [2, 56], []
[2025-01-29 23:48:13,001][__main__][INFO] - [2, 57], []
[2025-01-29 23:48:13,132][__main__][INFO] - [2, 58], []
[2025-01-29 23:48:13,247][__main__][INFO] - [2, 59], []
[2025-01-29 23:48:14,100][__main__][INFO] - [3, 10], []
[2025-01-29 23:48:14,145][__main__][INFO] - [3, 11], []
[2025-01-29 23:48:14,188][__main__][INFO] - [3, 12], []
[2025-01-29 23:48:14,226][__main__][INFO] - [3, 13], []
[2025-01-29 23:48:14,260][__main__][INFO] - [3, 14], []
[2025-01-29 23:48:14,293][__main__][INFO] - [3, 15], []
[2025-01-29 23:48:14,324][__main__][INFO] - [3, 16], []
[2025-01-29 23:48:14,353][__main__][INFO] - [3, 17], []
[2025-01-29 23:48:14,379][__main__][INFO] - [3, 18], []
[2025-01-29 23:48:14,394][__main__][INFO] - [3, 19], []
[2025-01-29 23:48:14,409][__main__][INFO] - [3, 20], []
[2025-01-29 23:48:14,667][__main__][INFO] - [3, 21], []
[2025-01-29 23:48:14,704][__main__][INFO] - [3, 22], []
[2025-01-29 23:48:14,721][__main__][INFO] - [3, 23], []
[2025-01-29 23:48:14,739][__main__][INFO] - [3, 24], []
[2025-01-29 23:48:14,755][__main__][INFO] - [3, 25], []
[2025-01-29 23:48:14,771][__main__][INFO] - [3, 26], []
[2025-01-29 23:48:14,845][__main__][INFO] - [3], [26]
[2025-01-29 23:48:15,151][__main__][INFO] - [3, 27], []
[2025-01-29 23:48:15,401][__main__][INFO] - [3, 28], []
[2025-01-29 23:48:15,417][__main__][INFO] - [3, 29], []
[2025-01-29 23:48:15,433][__main__][INFO] - [3, 30], []
[2025-01-29 23:48:15,456][__main__][INFO] - [3, 31], []
[2025-01-29 23:48:15,471][__main__][INFO] - [3, 32], []
[2025-01-29 23:48:15,764][__main__][INFO] - [3, 33], []
[2025-01-29 23:48:15,787][__main__][INFO] - [3, 34], []
[2025-01-29 23:48:15,804][__main__][INFO] - [3, 35], []
[2025-01-29 23:48:15,821][__main__][INFO] - [3, 36], []
[2025-01-29 23:48:15,892][__main__][INFO] - [3, 37], []
[2025-01-29 23:48:15,989][__main__][INFO] - [3, 38], []
[2025-01-29 23:48:16,134][__main__][INFO] - [3, 39], []
[2025-01-29 23:48:16,181][__main__][INFO] - [3, 40], []
[2025-01-29 23:48:16,198][__main__][INFO] - [3, 41], []
[2025-01-29 23:48:16,213][__main__][INFO] - [3], [41]
[2025-01-29 23:48:16,518][__main__][INFO] - [3, 42], []
[2025-01-29 23:48:16,540][__main__][INFO] - [3], [42]
[2025-01-29 23:48:17,019][__main__][INFO] - [3, 43], []
[2025-01-29 23:48:17,042][__main__][INFO] - [3], [43]
[2025-01-29 23:48:17,519][__main__][INFO] - [3, 44], []
[2025-01-29 23:48:17,905][__main__][INFO] - [3, 45], []
[2025-01-29 23:48:17,936][__main__][INFO] - [3, 46], []
[2025-01-29 23:48:17,964][__main__][INFO] - [3, 47], []
[2025-01-29 23:48:18,296][__main__][INFO] - [3, 48], []
[2025-01-29 23:48:18,359][__main__][INFO] - [3, 49], []
[2025-01-29 23:48:18,378][__main__][INFO] - [3, 50], []
[2025-01-29 23:48:18,407][__main__][INFO] - [3, 51], []
[2025-01-29 23:48:18,432][__main__][INFO] - [3, 52], []
[2025-01-29 23:48:18,457][__main__][INFO] - [3, 53], []
[2025-01-29 23:48:18,482][__main__][INFO] - [3, 54], []
[2025-01-29 23:48:18,508][__main__][INFO] - [3, 55], []
[2025-01-29 23:48:18,532][__main__][INFO] - [3, 56], []
[2025-01-29 23:48:18,556][__main__][INFO] - [3, 57], []
[2025-01-29 23:48:18,572][__main__][INFO] - [3, 58], []
[2025-01-29 23:48:18,593][__main__][INFO] - [3, 59], []
[2025-01-29 23:48:18,680][__main__][INFO] - [4, 10], []
[2025-01-29 23:48:18,730][__main__][INFO] - [4, 11], []
[2025-01-29 23:48:18,791][__main__][INFO] - [4, 12], []
[2025-01-29 23:48:18,858][__main__][INFO] - [4, 13], []
[2025-01-29 23:48:18,930][__main__][INFO] - [4, 14], []
[2025-01-29 23:48:19,004][__main__][INFO] - [4, 15], []
[2025-01-29 23:48:19,020][__main__][INFO] - [4, 16], []
[2025-01-29 23:48:19,089][__main__][INFO] - [4, 17], []
[2025-01-29 23:48:19,150][__main__][INFO] - [4, 18], []
[2025-01-29 23:48:19,165][__main__][INFO] - [4, 19], []
[2025-01-29 23:48:19,196][__main__][INFO] - [4, 20], []
[2025-01-29 23:48:19,422][__main__][INFO] - [4, 21], []
[2025-01-29 23:48:20,112][__main__][INFO] - [4, 22], []
[2025-01-29 23:48:20,128][__main__][INFO] - [4, 23], []
[2025-01-29 23:48:20,143][__main__][INFO] - [4, 24], []
[2025-01-29 23:48:20,159][__main__][INFO] - [4, 25], []
[2025-01-29 23:48:20,174][__main__][INFO] - [4, 26], []
[2025-01-29 23:48:20,381][__main__][INFO] - [4], [26]
[2025-01-29 23:48:21,153][__main__][INFO] - [4, 27], []
[2025-01-29 23:48:21,375][__main__][INFO] - [4, 28], []
[2025-01-29 23:48:21,510][__main__][INFO] - [4, 29], []
[2025-01-29 23:48:21,865][__main__][INFO] - [4, 30], []
[2025-01-29 23:48:21,895][__main__][INFO] - [4, 31], []
[2025-01-29 23:48:21,911][__main__][INFO] - [4, 32], []
[2025-01-29 23:48:22,861][__main__][INFO] - [4, 33], []
[2025-01-29 23:48:22,892][__main__][INFO] - [4, 34], []
[2025-01-29 23:48:22,909][__main__][INFO] - [4, 35], []
[2025-01-29 23:48:22,925][__main__][INFO] - [4, 36], []
[2025-01-29 23:48:23,016][__main__][INFO] - [4, 37], []
[2025-01-29 23:48:23,670][__main__][INFO] - [4, 38], []
[2025-01-29 23:48:23,728][__main__][INFO] - [4, 39], []
[2025-01-29 23:48:23,865][__main__][INFO] - [4, 40], []
[2025-01-29 23:48:23,883][__main__][INFO] - [4, 41], []
[2025-01-29 23:48:24,563][__main__][INFO] - [4], [41]
[2025-01-29 23:48:24,860][__main__][INFO] - [4, 42], []
[2025-01-29 23:48:24,877][__main__][INFO] - [4], [42]
[2025-01-29 23:48:26,108][__main__][INFO] - [4, 43], []
[2025-01-29 23:48:26,143][__main__][INFO] - [4], [43]
[2025-01-29 23:48:27,411][__main__][INFO] - [4, 44], []
[2025-01-29 23:48:28,487][__main__][INFO] - [4, 45], []
[2025-01-29 23:48:28,545][__main__][INFO] - [4, 46], []
[2025-01-29 23:48:28,574][__main__][INFO] - [4, 47], []
[2025-01-29 23:48:29,516][__main__][INFO] - [4, 48], []
[2025-01-29 23:48:29,656][__main__][INFO] - [4, 49], []
[2025-01-29 23:48:29,678][__main__][INFO] - [4, 50], []
[2025-01-29 23:48:29,723][__main__][INFO] - [4, 51], []
[2025-01-29 23:48:29,739][__main__][INFO] - [4, 52], []
[2025-01-29 23:48:29,782][__main__][INFO] - [4, 53], []
[2025-01-29 23:48:29,823][__main__][INFO] - [4, 54], []
[2025-01-29 23:48:29,838][__main__][INFO] - [4, 55], []
[2025-01-29 23:48:29,876][__main__][INFO] - [4, 56], []
[2025-01-29 23:48:29,913][__main__][INFO] - [4, 57], []
[2025-01-29 23:48:29,950][__main__][INFO] - [4, 58], []
[2025-01-29 23:48:29,966][__main__][INFO] - [4, 59], []
[2025-01-29 23:48:30,184][__main__][INFO] - [5, 10], []
[2025-01-29 23:48:30,211][__main__][INFO] - [5, 11], []
[2025-01-29 23:48:30,241][__main__][INFO] - [5, 12], []
[2025-01-29 23:48:30,275][__main__][INFO] - [5, 13], []
[2025-01-29 23:48:30,307][__main__][INFO] - [5, 14], []
[2025-01-29 23:48:30,339][__main__][INFO] - [5, 15], []
[2025-01-29 23:48:30,376][__main__][INFO] - [5, 16], []
[2025-01-29 23:48:30,392][__main__][INFO] - [5, 17], []
[2025-01-29 23:48:30,407][__main__][INFO] - [5, 18], []
[2025-01-29 23:48:30,422][__main__][INFO] - [5, 19], []
[2025-01-29 23:48:30,437][__main__][INFO] - [5, 20], []
[2025-01-29 23:48:30,772][__main__][INFO] - [5, 21], []
[2025-01-29 23:48:30,788][__main__][INFO] - [5, 22], []
[2025-01-29 23:48:30,812][__main__][INFO] - [5, 23], []
[2025-01-29 23:48:30,827][__main__][INFO] - [5, 24], []
[2025-01-29 23:48:30,869][__main__][INFO] - [5, 26], []
[2025-01-29 23:48:30,885][__main__][INFO] - [5], [26]
[2025-01-29 23:48:31,123][__main__][INFO] - [5, 27], []
[2025-01-29 23:48:31,449][__main__][INFO] - [5, 28], []
[2025-01-29 23:48:31,472][__main__][INFO] - [5, 29], []
[2025-01-29 23:48:31,501][__main__][INFO] - [5, 30], []
[2025-01-29 23:48:31,518][__main__][INFO] - [5, 31], []
[2025-01-29 23:48:31,533][__main__][INFO] - [5, 32], []
[2025-01-29 23:48:31,808][__main__][INFO] - [5, 33], []
[2025-01-29 23:48:31,841][__main__][INFO] - [5, 34], []
[2025-01-29 23:48:31,858][__main__][INFO] - [5, 35], []
[2025-01-29 23:48:31,876][__main__][INFO] - [5, 36], []
[2025-01-29 23:48:31,915][__main__][INFO] - [5, 37], []
[2025-01-29 23:48:32,136][__main__][INFO] - [5, 38], []
[2025-01-29 23:48:32,153][__main__][INFO] - [5, 39], []
[2025-01-29 23:48:32,202][__main__][INFO] - [5, 40], []
[2025-01-29 23:48:32,218][__main__][INFO] - [5, 41], []
[2025-01-29 23:48:32,261][__main__][INFO] - [5], [41]
[2025-01-29 23:48:32,611][__main__][INFO] - [5, 42], []
[2025-01-29 23:48:32,627][__main__][INFO] - [5], [42]
[2025-01-29 23:48:33,063][__main__][INFO] - [5, 43], []
[2025-01-29 23:48:33,080][__main__][INFO] - [5], [43]
[2025-01-29 23:48:33,502][__main__][INFO] - [5, 44], []
[2025-01-29 23:48:33,850][__main__][INFO] - [5, 45], []
[2025-01-29 23:48:33,866][__main__][INFO] - [5, 46], []
[2025-01-29 23:48:33,887][__main__][INFO] - [5, 47], []
[2025-01-29 23:48:34,212][__main__][INFO] - [5, 48], []
[2025-01-29 23:48:34,265][__main__][INFO] - [5, 49], []
[2025-01-29 23:48:34,281][__main__][INFO] - [5, 50], []
[2025-01-29 23:48:34,319][__main__][INFO] - [5, 51], []
[2025-01-29 23:48:34,335][__main__][INFO] - [5, 52], []
[2025-01-29 23:48:34,362][__main__][INFO] - [5, 53], []
[2025-01-29 23:48:34,388][__main__][INFO] - [5, 54], []
[2025-01-29 23:48:34,413][__main__][INFO] - [5, 55], []
[2025-01-29 23:48:34,428][__main__][INFO] - [5, 56], []
[2025-01-29 23:48:34,444][__main__][INFO] - [5, 57], []
[2025-01-29 23:48:34,459][__main__][INFO] - [5, 58], []
[2025-01-29 23:48:34,481][__main__][INFO] - [5, 59], []
[2025-01-29 23:48:34,541][__main__][INFO] - [6, 10], []
[2025-01-29 23:48:34,561][__main__][INFO] - [6, 11], []
[2025-01-29 23:48:34,580][__main__][INFO] - [6, 12], []
[2025-01-29 23:48:34,600][__main__][INFO] - [6, 13], []
[2025-01-29 23:48:34,619][__main__][INFO] - [6, 14], []
[2025-01-29 23:48:34,638][__main__][INFO] - [6, 15], []
[2025-01-29 23:48:34,657][__main__][INFO] - [6, 16], []
[2025-01-29 23:48:34,676][__main__][INFO] - [6, 17], []
[2025-01-29 23:48:34,694][__main__][INFO] - [6, 18], []
[2025-01-29 23:48:34,710][__main__][INFO] - [6, 19], []
[2025-01-29 23:48:34,727][__main__][INFO] - [6, 20], []
[2025-01-29 23:48:34,812][__main__][INFO] - [6, 22], []
[2025-01-29 23:48:34,873][__main__][INFO] - [6, 26], []
[2025-01-29 23:48:34,899][__main__][INFO] - [6], [26]
[2025-01-29 23:48:34,957][__main__][INFO] - [6, 27], []
[2025-01-29 23:48:35,029][__main__][INFO] - [6, 28], []
[2025-01-29 23:48:35,045][__main__][INFO] - [6, 29], []
[2025-01-29 23:48:35,062][__main__][INFO] - [6, 30], []
[2025-01-29 23:48:35,092][__main__][INFO] - [6, 32], []
[2025-01-29 23:48:35,148][__main__][INFO] - [6, 33], []
[2025-01-29 23:48:35,195][__main__][INFO] - [6, 36], []
[2025-01-29 23:48:35,218][__main__][INFO] - [6, 37], []
[2025-01-29 23:48:35,269][__main__][INFO] - [6, 38], []
[2025-01-29 23:48:35,291][__main__][INFO] - [6, 39], []
[2025-01-29 23:48:35,312][__main__][INFO] - [6, 40], []
[2025-01-29 23:48:35,327][__main__][INFO] - [6, 41], []
[2025-01-29 23:48:35,347][__main__][INFO] - [6], [41]
[2025-01-29 23:48:35,421][__main__][INFO] - [6, 42], []
[2025-01-29 23:48:35,440][__main__][INFO] - [6], [42]
[2025-01-29 23:48:35,518][__main__][INFO] - [6, 43], []
[2025-01-29 23:48:35,535][__main__][INFO] - [6], [43]
[2025-01-29 23:48:35,617][__main__][INFO] - [6, 44], []
[2025-01-29 23:48:35,686][__main__][INFO] - [6, 45], []
[2025-01-29 23:48:35,705][__main__][INFO] - [6, 46], []
[2025-01-29 23:48:35,723][__main__][INFO] - [6, 47], []
[2025-01-29 23:48:35,783][__main__][INFO] - [6, 48], []
[2025-01-29 23:48:35,807][__main__][INFO] - [6, 49], []
[2025-01-29 23:48:35,823][__main__][INFO] - [6, 50], []
[2025-01-29 23:48:35,842][__main__][INFO] - [6, 51], []
[2025-01-29 23:48:35,860][__main__][INFO] - [6, 52], []
[2025-01-29 23:48:35,878][__main__][INFO] - [6, 53], []
[2025-01-29 23:48:35,896][__main__][INFO] - [6, 54], []
[2025-01-29 23:48:35,915][__main__][INFO] - [6, 55], []
[2025-01-29 23:48:35,933][__main__][INFO] - [6, 56], []
[2025-01-29 23:48:35,951][__main__][INFO] - [6, 57], []
[2025-01-29 23:48:35,969][__main__][INFO] - [6, 58], []
[2025-01-29 23:48:35,986][__main__][INFO] - [6, 59], []
[2025-01-29 23:48:36,021][__main__][INFO] - [7, 10], []
[2025-01-29 23:48:36,036][__main__][INFO] - [7, 11], []
[2025-01-29 23:48:36,052][__main__][INFO] - [7, 12], []
[2025-01-29 23:48:36,067][__main__][INFO] - [7, 13], []
[2025-01-29 23:48:36,082][__main__][INFO] - [7, 14], []
[2025-01-29 23:48:36,097][__main__][INFO] - [7, 15], []
[2025-01-29 23:48:36,112][__main__][INFO] - [7, 16], []
[2025-01-29 23:48:36,129][__main__][INFO] - [7, 17], []
[2025-01-29 23:48:36,145][__main__][INFO] - [7, 18], []
[2025-01-29 23:48:36,174][__main__][INFO] - [7, 20], []
[2025-01-29 23:48:36,202][__main__][INFO] - [7, 21], []
[2025-01-29 23:48:36,259][__main__][INFO] - [7, 25], []
[2025-01-29 23:48:36,275][__main__][INFO] - [7, 26], []
[2025-01-29 23:48:36,290][__main__][INFO] - [7], [26]
[2025-01-29 23:48:36,322][__main__][INFO] - [7, 27], []
[2025-01-29 23:48:36,348][__main__][INFO] - [7, 28], []
[2025-01-29 23:48:36,363][__main__][INFO] - [7, 29], []
[2025-01-29 23:48:36,379][__main__][INFO] - [7, 30], []
[2025-01-29 23:48:36,394][__main__][INFO] - [7, 31], []
[2025-01-29 23:48:36,409][__main__][INFO] - [7, 32], []
[2025-01-29 23:48:36,439][__main__][INFO] - [7, 33], []
[2025-01-29 23:48:36,482][__main__][INFO] - [7, 36], []
[2025-01-29 23:48:36,497][__main__][INFO] - [7, 37], []
[2025-01-29 23:48:36,513][__main__][INFO] - [7, 38], []
[2025-01-29 23:48:36,530][__main__][INFO] - [7, 39], []
[2025-01-29 23:48:36,561][__main__][INFO] - [7, 41], []
[2025-01-29 23:48:36,576][__main__][INFO] - [7], [41]
[2025-01-29 23:48:36,605][__main__][INFO] - [7, 42], []
[2025-01-29 23:48:36,621][__main__][INFO] - [7], [42]
[2025-01-29 23:48:36,659][__main__][INFO] - [7, 43], []
[2025-01-29 23:48:36,675][__main__][INFO] - [7], [43]
[2025-01-29 23:48:36,712][__main__][INFO] - [7, 44], []
[2025-01-29 23:48:36,750][__main__][INFO] - [7, 45], []
[2025-01-29 23:48:36,766][__main__][INFO] - [7, 46], []
[2025-01-29 23:48:36,782][__main__][INFO] - [7, 47], []
[2025-01-29 23:48:36,812][__main__][INFO] - [7, 48], []
[2025-01-29 23:48:36,828][__main__][INFO] - [7, 49], []
[2025-01-29 23:48:36,844][__main__][INFO] - [7, 50], []
[2025-01-29 23:48:36,860][__main__][INFO] - [7, 51], []
[2025-01-29 23:48:36,876][__main__][INFO] - [7, 52], []
[2025-01-29 23:48:36,892][__main__][INFO] - [7, 53], []
[2025-01-29 23:48:36,907][__main__][INFO] - [7, 54], []
[2025-01-29 23:48:36,923][__main__][INFO] - [7, 55], []
[2025-01-29 23:48:36,939][__main__][INFO] - [7, 56], []
[2025-01-29 23:48:36,955][__main__][INFO] - [7, 57], []
[2025-01-29 23:48:36,970][__main__][INFO] - [7, 58], []
[2025-01-29 23:48:36,986][__main__][INFO] - [7, 59], []
[2025-01-29 23:48:37,019][__main__][INFO] - [8, 10], []
[2025-01-29 23:48:37,037][__main__][INFO] - [8, 11], []
[2025-01-29 23:48:37,053][__main__][INFO] - [8, 12], []
[2025-01-29 23:48:37,070][__main__][INFO] - [8, 13], []
[2025-01-29 23:48:37,087][__main__][INFO] - [8, 14], []
[2025-01-29 23:48:37,105][__main__][INFO] - [8, 15], []
[2025-01-29 23:48:37,120][__main__][INFO] - [8, 16], []
[2025-01-29 23:48:37,137][__main__][INFO] - [8, 17], []
[2025-01-29 23:48:37,152][__main__][INFO] - [8, 18], []
[2025-01-29 23:48:37,181][__main__][INFO] - [8, 20], []
[2025-01-29 23:48:37,220][__main__][INFO] - [8, 22], []
[2025-01-29 23:48:37,277][__main__][INFO] - [8, 26], []
[2025-01-29 23:48:37,295][__main__][INFO] - [8], [26]
[2025-01-29 23:48:37,321][__main__][INFO] - [8, 27], []
[2025-01-29 23:48:37,347][__main__][INFO] - [8, 28], []
[2025-01-29 23:48:37,362][__main__][INFO] - [8, 29], []
[2025-01-29 23:48:37,404][__main__][INFO] - [8, 32], []
[2025-01-29 23:48:37,429][__main__][INFO] - [8, 33], []
[2025-01-29 23:48:37,473][__main__][INFO] - [8, 36], []
[2025-01-29 23:48:37,491][__main__][INFO] - [8, 37], []
[2025-01-29 23:48:37,513][__main__][INFO] - [8, 38], []
[2025-01-29 23:48:37,531][__main__][INFO] - [8, 39], []
[2025-01-29 23:48:37,559][__main__][INFO] - [8, 41], []
[2025-01-29 23:48:37,574][__main__][INFO] - [8], [41]
[2025-01-29 23:48:37,600][__main__][INFO] - [8, 42], []
[2025-01-29 23:48:37,617][__main__][INFO] - [8], [42]
[2025-01-29 23:48:37,646][__main__][INFO] - [8, 43], []
[2025-01-29 23:48:37,662][__main__][INFO] - [8], [43]
[2025-01-29 23:48:37,691][__main__][INFO] - [8, 44], []
[2025-01-29 23:48:37,719][__main__][INFO] - [8, 45], []
[2025-01-29 23:48:37,734][__main__][INFO] - [8, 46], []
[2025-01-29 23:48:37,749][__main__][INFO] - [8, 47], []
[2025-01-29 23:48:37,774][__main__][INFO] - [8, 48], []
[2025-01-29 23:48:37,806][__main__][INFO] - [8, 50], []
[2025-01-29 23:48:37,821][__main__][INFO] - [8, 51], []
[2025-01-29 23:48:37,838][__main__][INFO] - [8, 52], []
[2025-01-29 23:48:37,853][__main__][INFO] - [8, 53], []
[2025-01-29 23:48:37,870][__main__][INFO] - [8, 54], []
[2025-01-29 23:48:37,885][__main__][INFO] - [8, 55], []
[2025-01-29 23:48:37,901][__main__][INFO] - [8, 56], []
[2025-01-29 23:48:37,917][__main__][INFO] - [8, 57], []
[2025-01-29 23:48:37,934][__main__][INFO] - [8, 58], []
[2025-01-29 23:48:37,949][__main__][INFO] - [8, 59], []
[2025-01-29 23:48:38,111][__main__][INFO] - [9, 20], []
[2025-01-29 23:48:38,209][__main__][INFO] - [9], [26]
[2025-01-29 23:48:38,226][__main__][INFO] - [9, 27], []
[2025-01-29 23:48:38,296][__main__][INFO] - [9, 32], []
[2025-01-29 23:48:38,435][__main__][INFO] - [9], [41]
[2025-01-29 23:48:38,465][__main__][INFO] - [9], [42]
[2025-01-29 23:48:38,494][__main__][INFO] - [9], [43]
[2025-01-29 23:48:38,510][__main__][INFO] - [9, 44], []
[2025-01-29 23:48:38,742][__main__][INFO] - [10, 20], []
[2025-01-29 23:48:39,069][__main__][INFO] - [10, 21], []
[2025-01-29 23:48:39,095][__main__][INFO] - [10, 22], []
[2025-01-29 23:48:39,120][__main__][INFO] - [10, 23], []
[2025-01-29 23:48:39,136][__main__][INFO] - [10, 24], []
[2025-01-29 23:48:39,151][__main__][INFO] - [10, 25], []
[2025-01-29 23:48:39,166][__main__][INFO] - [10, 26], []
[2025-01-29 23:48:39,195][__main__][INFO] - [10], [26]
[2025-01-29 23:48:39,581][__main__][INFO] - [10, 27], []
[2025-01-29 23:48:39,905][__main__][INFO] - [10, 28], []
[2025-01-29 23:48:39,922][__main__][INFO] - [10, 29], []
[2025-01-29 23:48:39,937][__main__][INFO] - [10, 30], []
[2025-01-29 23:48:40,031][__main__][INFO] - [10, 36], []
[2025-01-29 23:48:40,487][__main__][INFO] - [10, 37], []
[2025-01-29 23:48:40,640][__main__][INFO] - [10, 38], []
[2025-01-29 23:48:40,727][__main__][INFO] - [10, 39], []
[2025-01-29 23:48:40,803][__main__][INFO] - [10, 40], []
[2025-01-29 23:48:40,823][__main__][INFO] - [10, 41], []
[2025-01-29 23:48:40,839][__main__][INFO] - [10], [41]
[2025-01-29 23:48:41,201][__main__][INFO] - [10, 42], []
[2025-01-29 23:48:41,220][__main__][INFO] - [10], [42]
[2025-01-29 23:48:41,649][__main__][INFO] - [10, 43], []
[2025-01-29 23:48:41,668][__main__][INFO] - [10], [43]
[2025-01-29 23:48:42,100][__main__][INFO] - [10, 44], []
[2025-01-29 23:48:42,272][__main__][INFO] - [10, 45], []
[2025-01-29 23:48:42,294][__main__][INFO] - [10, 46], []
[2025-01-29 23:48:42,446][__main__][INFO] - [10, 47], []
[2025-01-29 23:48:42,930][__main__][INFO] - [10, 50], []
[2025-01-29 23:48:42,962][__main__][INFO] - [10, 51], []
[2025-01-29 23:48:42,993][__main__][INFO] - [10, 52], []
[2025-01-29 23:48:43,027][__main__][INFO] - [10, 53], []
[2025-01-29 23:48:43,060][__main__][INFO] - [10, 54], []
[2025-01-29 23:48:43,090][__main__][INFO] - [10, 55], []
[2025-01-29 23:48:43,119][__main__][INFO] - [10, 56], []
[2025-01-29 23:48:43,146][__main__][INFO] - [10, 57], []
[2025-01-29 23:48:43,171][__main__][INFO] - [10, 58], []
[2025-01-29 23:48:43,195][__main__][INFO] - [10, 59], []
[2025-01-29 23:48:43,287][__main__][INFO] - [11, 20], []
[2025-01-29 23:48:43,708][__main__][INFO] - [11, 21], []
[2025-01-29 23:48:43,724][__main__][INFO] - [11, 22], []
[2025-01-29 23:48:43,760][__main__][INFO] - [11, 23], []
[2025-01-29 23:48:43,779][__main__][INFO] - [11, 24], []
[2025-01-29 23:48:43,795][__main__][INFO] - [11, 25], []
[2025-01-29 23:48:43,810][__main__][INFO] - [11, 26], []
[2025-01-29 23:48:43,868][__main__][INFO] - [11], [26]
[2025-01-29 23:48:44,360][__main__][INFO] - [11, 27], []
[2025-01-29 23:48:44,779][__main__][INFO] - [11, 28], []
[2025-01-29 23:48:44,795][__main__][INFO] - [11, 29], []
[2025-01-29 23:48:44,823][__main__][INFO] - [11, 30], []
[2025-01-29 23:48:44,847][__main__][INFO] - [11, 31], []
[2025-01-29 23:48:44,862][__main__][INFO] - [11, 32], []
[2025-01-29 23:48:44,996][__main__][INFO] - [11, 34], []
[2025-01-29 23:48:45,026][__main__][INFO] - [11, 36], []
[2025-01-29 23:48:45,417][__main__][INFO] - [11, 37], []
[2025-01-29 23:48:45,655][__main__][INFO] - [11, 38], []
[2025-01-29 23:48:45,747][__main__][INFO] - [11, 39], []
[2025-01-29 23:48:45,836][__main__][INFO] - [11, 40], []
[2025-01-29 23:48:45,857][__main__][INFO] - [11, 41], []
[2025-01-29 23:48:45,922][__main__][INFO] - [11], [41]
[2025-01-29 23:48:46,404][__main__][INFO] - [11, 42], []
[2025-01-29 23:48:46,423][__main__][INFO] - [11], [42]
[2025-01-29 23:48:47,095][__main__][INFO] - [11, 43], []
[2025-01-29 23:48:47,116][__main__][INFO] - [11], [43]
[2025-01-29 23:48:47,754][__main__][INFO] - [11, 44], []
[2025-01-29 23:48:48,316][__main__][INFO] - [11, 45], []
[2025-01-29 23:48:48,365][__main__][INFO] - [11, 47], []
[2025-01-29 23:48:48,757][__main__][INFO] - [11, 48], []
[2025-01-29 23:48:48,873][__main__][INFO] - [11, 49], []
[2025-01-29 23:48:48,897][__main__][INFO] - [11, 50], []
[2025-01-29 23:48:48,951][__main__][INFO] - [11, 51], []
[2025-01-29 23:48:48,986][__main__][INFO] - [11, 52], []
[2025-01-29 23:48:49,024][__main__][INFO] - [11, 53], []
[2025-01-29 23:48:49,061][__main__][INFO] - [11, 54], []
[2025-01-29 23:48:49,094][__main__][INFO] - [11, 55], []
[2025-01-29 23:48:49,125][__main__][INFO] - [11, 56], []
[2025-01-29 23:48:49,154][__main__][INFO] - [11, 57], []
[2025-01-29 23:48:49,182][__main__][INFO] - [11, 58], []
[2025-01-29 23:48:49,207][__main__][INFO] - [11, 59], []
[2025-01-29 23:48:49,306][__main__][INFO] - [12, 20], []
[2025-01-29 23:48:49,719][__main__][INFO] - [12, 21], []
[2025-01-29 23:48:49,762][__main__][INFO] - [12, 22], []
[2025-01-29 23:48:49,814][__main__][INFO] - [12, 23], []
[2025-01-29 23:48:49,836][__main__][INFO] - [12, 24], []
[2025-01-29 23:48:49,852][__main__][INFO] - [12, 25], []
[2025-01-29 23:48:49,867][__main__][INFO] - [12, 26], []
[2025-01-29 23:48:49,936][__main__][INFO] - [12], [26]
[2025-01-29 23:48:50,451][__main__][INFO] - [12, 27], []
[2025-01-29 23:48:50,844][__main__][INFO] - [12, 28], []
[2025-01-29 23:48:50,902][__main__][INFO] - [12, 29], []
[2025-01-29 23:48:50,941][__main__][INFO] - [12, 30], []
[2025-01-29 23:48:50,964][__main__][INFO] - [12, 31], []
[2025-01-29 23:48:50,980][__main__][INFO] - [12, 32], []
[2025-01-29 23:48:51,595][__main__][INFO] - [12, 33], []
[2025-01-29 23:48:51,617][__main__][INFO] - [12, 34], []
[2025-01-29 23:48:51,640][__main__][INFO] - [12, 35], []
[2025-01-29 23:48:51,674][__main__][INFO] - [12, 37], []
[2025-01-29 23:48:51,941][__main__][INFO] - [12, 38], []
[2025-01-29 23:48:52,036][__main__][INFO] - [12, 39], []
[2025-01-29 23:48:52,125][__main__][INFO] - [12, 40], []
[2025-01-29 23:48:52,146][__main__][INFO] - [12, 41], []
[2025-01-29 23:48:52,250][__main__][INFO] - [12], [41]
