[2025-01-29 09:24:29,445][gurobipy][INFO] - Set parameter TimeLimit to value 600
[2025-01-29 09:24:29,451][gurobipy][INFO] - Gurobi Optimizer version 11.0.2 build v11.0.2rc0 (linux64)
[2025-01-29 09:24:29,452][gurobipy][INFO] - 
[2025-01-29 09:24:29,463][gurobipy][INFO] - CPU model: Intel(R) Xeon(R) Gold 6136 CPU @ 3.00GHz, instruction set [SSE2|AVX|AVX2|AVX512]
[2025-01-29 09:24:29,464][gurobipy][INFO] - Thread count: 24 physical cores, 48 logical processors, using up to 24 threads
[2025-01-29 09:24:29,464][gurobipy][INFO] - 
[2025-01-29 09:24:29,464][gurobipy][INFO] - Optimize a model with 24443 rows, 568 columns and 62404 nonzeros
[2025-01-29 09:24:29,464][gurobipy][INFO] - Model fingerprint: 0x560490cf
[2025-01-29 09:24:29,464][gurobipy][INFO] - Variable types: 521 continuous, 47 integer (47 binary)
[2025-01-29 09:24:29,464][gurobipy][INFO] - Coefficient statistics:
[2025-01-29 09:24:29,464][gurobipy][INFO] -   Matrix range     [2e-03, 2e+00]
[2025-01-29 09:24:29,464][gurobipy][INFO] -   Objective range  [1e+00, 1e+00]
[2025-01-29 09:24:29,464][gurobipy][INFO] -   Bounds range     [1e+00, 1e+00]
[2025-01-29 09:24:29,464][gurobipy][INFO] -   RHS range        [1e+00, 1e+01]
[2025-01-29 09:24:29,468][gurobipy][INFO] - Found heuristic solution: objective 0.0000000
[2025-01-29 09:24:29,600][gurobipy][INFO] - Presolve removed 9332 rows and 7 columns
[2025-01-29 09:24:29,600][gurobipy][INFO] - Presolve time: 0.13s
[2025-01-29 09:24:29,600][gurobipy][INFO] - Presolved: 15111 rows, 561 columns, 45848 nonzeros
[2025-01-29 09:24:29,610][gurobipy][INFO] - Variable types: 521 continuous, 40 integer (40 binary)
[2025-01-29 09:24:29,627][gurobipy][INFO] - Root relaxation presolved: 15111 rows, 561 columns, 45848 nonzeros
[2025-01-29 09:24:29,627][gurobipy][INFO] - 
[2025-01-29 09:24:29,644][gurobipy][INFO] - 
[2025-01-29 09:24:29,644][gurobipy][INFO] - Root relaxation: objective 1.000000e+00, 248 iterations, 0.03 seconds (0.05 work units)
[2025-01-29 09:24:29,649][gurobipy][INFO] - 
[2025-01-29 09:24:29,649][gurobipy][INFO] -     Nodes    |    Current Node    |     Objective Bounds      |     Work
[2025-01-29 09:24:29,649][gurobipy][INFO] -  Expl Unexpl |  Obj  Depth IntInf | Incumbent    BestBd   Gap | It/Node Time
[2025-01-29 09:24:29,649][gurobipy][INFO] - 
[2025-01-29 09:24:29,649][gurobipy][INFO] -      0     0    1.00000    0    6    0.00000    1.00000      -     -    0s
[2025-01-29 09:24:29,674][gurobipy][INFO] - H    0     0                       0.1225222    1.00000   716%     -    0s
[2025-01-29 09:24:29,710][gurobipy][INFO] - H    0     0                       0.1634716    1.00000   512%     -    0s
[2025-01-29 09:24:29,711][gurobipy][INFO] - H    0     0                       0.2969810    1.00000   237%     -    0s
[2025-01-29 09:24:30,080][gurobipy][INFO] -      0     0    1.00000    0   32    0.29698    1.00000   237%     -    0s
[2025-01-29 09:24:30,134][gurobipy][INFO] -      0     0    1.00000    0   14    0.29698    1.00000   237%     -    0s
[2025-01-29 09:24:30,161][gurobipy][INFO] - H    0     0                       0.4430751    1.00000   126%     -    0s
[2025-01-29 09:24:30,251][gurobipy][INFO] -      0     0    0.89982    0   10    0.44308    0.89982   103%     -    0s
[2025-01-29 09:24:30,374][gurobipy][INFO] - 
[2025-01-29 09:24:30,374][gurobipy][INFO] - Explored 1 nodes (2075 simplex iterations) in 0.91 seconds (1.21 work units)
[2025-01-29 09:24:30,374][gurobipy][INFO] - Thread count was 24 (of 48 available processors)
[2025-01-29 09:24:30,374][gurobipy][INFO] - 
[2025-01-29 09:24:30,374][gurobipy][INFO] - Solution count 5: 0.443075 0.296981 0.163472 ... 8.88178e-15
[2025-01-29 09:24:30,374][gurobipy][INFO] - No other solutions better than 0.443075
[2025-01-29 09:24:30,374][gurobipy][INFO] - 
[2025-01-29 09:24:30,374][gurobipy][INFO] - Optimal solution found (tolerance 1.00e-04)
[2025-01-29 09:24:30,374][gurobipy][INFO] - Best objective 4.430751173709e-01, best bound 4.430751173709e-01, gap 0.0000%
[2025-01-29 09:24:30,391][__main__][INFO] - Finished size 1000 (1/5)
[2025-01-29 09:24:35,584][gurobipy][INFO] - Set parameter TimeLimit to value 600
[2025-01-29 09:24:35,597][gurobipy][INFO] - Gurobi Optimizer version 11.0.2 build v11.0.2rc0 (linux64)
[2025-01-29 09:24:35,597][gurobipy][INFO] - 
[2025-01-29 09:24:35,598][gurobipy][INFO] - CPU model: Intel(R) Xeon(R) Gold 6136 CPU @ 3.00GHz, instruction set [SSE2|AVX|AVX2|AVX512]
[2025-01-29 09:24:35,598][gurobipy][INFO] - Thread count: 24 physical cores, 48 logical processors, using up to 24 threads
[2025-01-29 09:24:35,598][gurobipy][INFO] - 
[2025-01-29 09:24:35,598][gurobipy][INFO] - Optimize a model with 59505 rows, 1314 columns and 151924 nonzeros
[2025-01-29 09:24:35,599][gurobipy][INFO] - Model fingerprint: 0x21820fc8
[2025-01-29 09:24:35,599][gurobipy][INFO] - Variable types: 1267 continuous, 47 integer (47 binary)
[2025-01-29 09:24:35,599][gurobipy][INFO] - Coefficient statistics:
[2025-01-29 09:24:35,599][gurobipy][INFO] -   Matrix range     [4e-04, 2e+00]
[2025-01-29 09:24:35,599][gurobipy][INFO] -   Objective range  [1e+00, 1e+00]
[2025-01-29 09:24:35,599][gurobipy][INFO] -   Bounds range     [1e+00, 1e+00]
[2025-01-29 09:24:35,599][gurobipy][INFO] -   RHS range        [1e+00, 1e+01]
[2025-01-29 09:24:35,609][gurobipy][INFO] - Found heuristic solution: objective 0.0000000
[2025-01-29 09:24:35,962][gurobipy][INFO] - Presolve removed 16448 rows and 2 columns
[2025-01-29 09:24:35,962][gurobipy][INFO] - Presolve time: 0.35s
[2025-01-29 09:24:35,962][gurobipy][INFO] - Presolved: 43057 rows, 1312 columns, 130432 nonzeros
[2025-01-29 09:24:35,993][gurobipy][INFO] - Variable types: 1267 continuous, 45 integer (45 binary)
[2025-01-29 09:24:36,044][gurobipy][INFO] - Root relaxation presolved: 1312 rows, 44369 columns, 131744 nonzeros
[2025-01-29 09:24:36,044][gurobipy][INFO] - 
[2025-01-29 09:24:36,314][gurobipy][INFO] - 
[2025-01-29 09:24:36,314][gurobipy][INFO] - Root relaxation: objective 1.000000e+00, 2012 iterations, 0.32 seconds (0.75 work units)
[2025-01-29 09:24:36,321][gurobipy][INFO] - 
[2025-01-29 09:24:36,321][gurobipy][INFO] -     Nodes    |    Current Node    |     Objective Bounds      |     Work
[2025-01-29 09:24:36,321][gurobipy][INFO] -  Expl Unexpl |  Obj  Depth IntInf | Incumbent    BestBd   Gap | It/Node Time
[2025-01-29 09:24:36,321][gurobipy][INFO] - 
[2025-01-29 09:24:36,321][gurobipy][INFO] -      0     0    1.00000    0    1    0.00000    1.00000      -     -    0s
[2025-01-29 09:24:36,324][gurobipy][INFO] - H    0     0                       0.0004876    1.00000      -     -    0s
[2025-01-29 09:24:36,389][gurobipy][INFO] - H    0     0                       0.1617877    1.00000   518%     -    0s
[2025-01-29 09:24:36,404][gurobipy][INFO] - H    0     0                       0.1812114    1.00000   452%     -    0s
[2025-01-29 09:24:36,872][gurobipy][INFO] - H    0     0                       0.1902222    1.00000   426%     -    1s
[2025-01-29 09:24:36,957][gurobipy][INFO] -      0     0    1.00000    0   37    0.19022    1.00000   426%     -    1s
[2025-01-29 09:24:37,357][gurobipy][INFO] -      0     0    1.00000    0   18    0.19022    1.00000   426%     -    1s
[2025-01-29 09:24:37,440][gurobipy][INFO] - H    0     0                       0.1998342    1.00000   400%     -    1s
[2025-01-29 09:24:37,683][gurobipy][INFO] -      0     0    1.00000    0   17    0.19983    1.00000   400%     -    2s
[2025-01-29 09:24:38,132][gurobipy][INFO] -      0     0    1.00000    0    5    0.19983    1.00000   400%     -    2s
[2025-01-29 09:24:38,165][gurobipy][INFO] - H    0     0                       0.3482463    1.00000   187%     -    2s
[2025-01-29 09:24:38,405][gurobipy][INFO] -      0     0    1.00000    0   12    0.34825    1.00000   187%     -    2s
[2025-01-29 09:24:38,494][gurobipy][INFO] -      0     0    1.00000    0   10    0.34825    1.00000   187%     -    2s
[2025-01-29 09:24:38,582][gurobipy][INFO] - H    0     0                       0.3836401    1.00000   161%     -    2s
[2025-01-29 09:24:38,619][gurobipy][INFO] - H    0     0                       0.4833226    1.00000   107%     -    3s
[2025-01-29 09:24:38,620][gurobipy][INFO] -      0     0    1.00000    0   10    0.48332    1.00000   107%     -    3s
[2025-01-29 09:24:39,173][gurobipy][INFO] -      0     0    0.48332    0    2    0.48332    0.48332  0.00%     -    3s
[2025-01-29 09:24:39,173][gurobipy][INFO] - 
[2025-01-29 09:24:39,173][gurobipy][INFO] - Cutting planes:
[2025-01-29 09:24:39,174][gurobipy][INFO] -   Gomory: 2
[2025-01-29 09:24:39,174][gurobipy][INFO] -   MIR: 162
[2025-01-29 09:24:39,174][gurobipy][INFO] -   RLT: 19
[2025-01-29 09:24:39,175][gurobipy][INFO] - 
[2025-01-29 09:24:39,175][gurobipy][INFO] - Explored 1 nodes (8976 simplex iterations) in 3.58 seconds (4.66 work units)
[2025-01-29 09:24:39,175][gurobipy][INFO] - Thread count was 24 (of 48 available processors)
[2025-01-29 09:24:39,175][gurobipy][INFO] - 
[2025-01-29 09:24:39,175][gurobipy][INFO] - Solution count 9: 0.483323 0.38364 0.348246 ... 5.83977e-14
[2025-01-29 09:24:39,175][gurobipy][INFO] - No other solutions better than 0.483323
[2025-01-29 09:24:39,175][gurobipy][INFO] - 
[2025-01-29 09:24:39,176][gurobipy][INFO] - Optimal solution found (tolerance 1.00e-04)
[2025-01-29 09:24:39,176][gurobipy][INFO] - Best objective 4.833225538972e-01, best bound 4.833225538972e-01, gap 0.0000%
[2025-01-29 09:24:39,219][__main__][INFO] - Finished size 4412 (2/5)
[2025-01-29 09:24:51,729][gurobipy][INFO] - Set parameter TimeLimit to value 600
[2025-01-29 09:24:51,761][gurobipy][INFO] - Gurobi Optimizer version 11.0.2 build v11.0.2rc0 (linux64)
[2025-01-29 09:24:51,761][gurobipy][INFO] - 
[2025-01-29 09:24:51,772][gurobipy][INFO] - CPU model: Intel(R) Xeon(R) Gold 6136 CPU @ 3.00GHz, instruction set [SSE2|AVX|AVX2|AVX512]
[2025-01-29 09:24:51,773][gurobipy][INFO] - Thread count: 24 physical cores, 48 logical processors, using up to 24 threads
[2025-01-29 09:24:51,773][gurobipy][INFO] - 
[2025-01-29 09:24:51,773][gurobipy][INFO] - Optimize a model with 139546 rows, 3017 columns and 356284 nonzeros
[2025-01-29 09:24:51,776][gurobipy][INFO] - Model fingerprint: 0x53acb5eb
[2025-01-29 09:24:51,776][gurobipy][INFO] - Variable types: 2970 continuous, 47 integer (47 binary)
[2025-01-29 09:24:51,776][gurobipy][INFO] - Coefficient statistics:
[2025-01-29 09:24:51,776][gurobipy][INFO] -   Matrix range     [9e-05, 2e+00]
[2025-01-29 09:24:51,776][gurobipy][INFO] -   Objective range  [1e+00, 1e+00]
[2025-01-29 09:24:51,776][gurobipy][INFO] -   Bounds range     [1e+00, 1e+00]
[2025-01-29 09:24:51,776][gurobipy][INFO] -   RHS range        [1e+00, 1e+01]
[2025-01-29 09:24:51,802][gurobipy][INFO] - Found heuristic solution: objective 0.0000000
[2025-01-29 09:24:52,687][gurobipy][INFO] - Presolve removed 35628 rows and 1 columns
[2025-01-29 09:24:52,687][gurobipy][INFO] - Presolve time: 0.88s
[2025-01-29 09:24:52,687][gurobipy][INFO] - Presolved: 103918 rows, 3016 columns, 314718 nonzeros
[2025-01-29 09:24:52,763][gurobipy][INFO] - Variable types: 2970 continuous, 46 integer (46 binary)
[2025-01-29 09:24:52,925][gurobipy][INFO] - Root relaxation presolved: 3016 rows, 106934 columns, 317734 nonzeros
[2025-01-29 09:24:52,925][gurobipy][INFO] - 
[2025-01-29 09:24:52,977][gurobipy][INFO] - 
[2025-01-29 09:24:52,977][gurobipy][INFO] - Root relaxation: objective 1.000000e+00, 17 iterations, 0.21 seconds (0.25 work units)
[2025-01-29 09:24:52,987][gurobipy][INFO] - 
[2025-01-29 09:24:52,987][gurobipy][INFO] -     Nodes    |    Current Node    |     Objective Bounds      |     Work
[2025-01-29 09:24:52,987][gurobipy][INFO] -  Expl Unexpl |  Obj  Depth IntInf | Incumbent    BestBd   Gap | It/Node Time
[2025-01-29 09:24:52,987][gurobipy][INFO] - 
[2025-01-29 09:24:52,987][gurobipy][INFO] -      0     0    1.00000    0    1    0.00000    1.00000      -     -    1s
[2025-01-29 09:24:52,993][gurobipy][INFO] - H    0     0                       0.0028492    1.00000      -     -    1s
[2025-01-29 09:24:53,130][gurobipy][INFO] - H    0     0                       0.0287471    1.00000  3379%     -    1s
[2025-01-29 09:24:53,171][gurobipy][INFO] - H    0     0                       0.0384991    1.00000  2497%     -    1s
[2025-01-29 09:24:53,343][gurobipy][INFO] -      0     0    1.00000    0    2    0.03850    1.00000  2497%     -    1s
[2025-01-29 09:24:57,113][gurobipy][INFO] -      0     0    1.00000    0   44    0.03850    1.00000  2497%     -    5s
[2025-01-29 09:24:57,479][gurobipy][INFO] -      0     0    1.00000    0   31    0.03850    1.00000  2497%     -    5s
[2025-01-29 09:25:02,103][gurobipy][INFO] -      0     0    1.00000    0   32    0.03850    1.00000  2497%     -   10s
[2025-01-29 09:25:02,698][gurobipy][INFO] - H    0     0                       0.0675601    1.00000  1380%     -   10s
[2025-01-29 09:25:02,767][gurobipy][INFO] - H    0     0                       0.1406241    1.00000   611%     -   10s
[2025-01-29 09:25:02,838][gurobipy][INFO] - H    0     0                       0.2315332    1.00000   332%     -   11s
[2025-01-29 09:25:02,896][gurobipy][INFO] -      0     0    1.00000    0   22    0.23153    1.00000   332%     -   11s
[2025-01-29 09:25:09,794][gurobipy][INFO] -      0     0    1.00000    0    1    0.23153    1.00000   332%     -   18s
[2025-01-29 09:25:10,464][gurobipy][INFO] -      0     0    1.00000    0   18    0.23153    1.00000   332%     -   18s
[2025-01-29 09:25:17,539][gurobipy][INFO] -      0     0    1.00000    0   18    0.23153    1.00000   332%     -   25s
[2025-01-29 09:25:25,155][gurobipy][INFO] -      0     0    1.00000    0   17    0.23153    1.00000   332%     -   33s
[2025-01-29 09:25:26,047][gurobipy][INFO] -      0     0    1.00000    0   19    0.23153    1.00000   332%     -   34s
[2025-01-29 09:25:30,573][gurobipy][INFO] -      0     0    1.00000    0   18    0.23153    1.00000   332%     -   38s
[2025-01-29 09:25:35,332][gurobipy][INFO] -      0     0    1.00000    0   18    0.23153    1.00000   332%     -   43s
[2025-01-29 09:25:51,102][gurobipy][INFO] -      0     2    1.00000    0   18    0.23153    1.00000   332%     -   59s
[2025-01-29 09:25:51,971][gurobipy][INFO] -      1     2    1.00000    1   17    0.23153    1.00000   332%  4764   60s
[2025-01-29 09:25:57,056][gurobipy][INFO] -     15     2    1.00000    8   10    0.23153    1.00000   332%   597   65s
[2025-01-29 09:26:03,012][gurobipy][INFO] -     27     4    1.00000   13    8    0.23153    1.00000   332%   597   71s
[2025-01-29 09:26:09,213][gurobipy][INFO] -     41     6    1.00000   16   11    0.23153    1.00000   332%   747   77s
[2025-01-29 09:26:13,279][gurobipy][INFO] -     53    10    0.99999   18   10    0.23153    1.00000   332%   847   81s
[2025-01-29 09:26:16,106][gurobipy][INFO] - H   65    14                       0.3715828    0.99997   169%   768   84s
[2025-01-29 09:26:16,109][gurobipy][INFO] - H   67    14                       0.4816390    0.99531   107%   860   84s
[2025-01-29 09:26:16,200][gurobipy][INFO] - 
[2025-01-29 09:26:16,200][gurobipy][INFO] - Cutting planes:
[2025-01-29 09:26:16,200][gurobipy][INFO] -   Implied bound: 2
[2025-01-29 09:26:16,200][gurobipy][INFO] -   MIR: 8
[2025-01-29 09:26:16,205][gurobipy][INFO] - 
[2025-01-29 09:26:16,205][gurobipy][INFO] - Explored 82 nodes (94720 simplex iterations) in 84.43 seconds (198.08 work units)
[2025-01-29 09:26:16,205][gurobipy][INFO] - Thread count was 24 (of 48 available processors)
[2025-01-29 09:26:16,205][gurobipy][INFO] - 
[2025-01-29 09:26:16,205][gurobipy][INFO] - Solution count 9: 0.481639 0.371583 0.231533 ... 1.11022e-15
[2025-01-29 09:26:16,205][gurobipy][INFO] - No other solutions better than 0.481639
[2025-01-29 09:26:16,205][gurobipy][INFO] - 
[2025-01-29 09:26:16,205][gurobipy][INFO] - Optimal solution found (tolerance 1.00e-04)
[2025-01-29 09:26:16,206][gurobipy][INFO] - Best objective 4.816389828621e-01, best bound 4.816389828621e-01, gap 0.0000%
[2025-01-29 09:26:16,364][__main__][INFO] - Finished size 19464 (3/5)
[2025-01-29 09:26:42,342][gurobipy][INFO] - Set parameter TimeLimit to value 600
[2025-01-29 09:26:42,411][gurobipy][INFO] - Gurobi Optimizer version 11.0.2 build v11.0.2rc0 (linux64)
[2025-01-29 09:26:42,411][gurobipy][INFO] - 
[2025-01-29 09:26:42,423][gurobipy][INFO] - CPU model: Intel(R) Xeon(R) Gold 6136 CPU @ 3.00GHz, instruction set [SSE2|AVX|AVX2|AVX512]
[2025-01-29 09:26:42,424][gurobipy][INFO] - Thread count: 24 physical cores, 48 logical processors, using up to 24 threads
[2025-01-29 09:26:42,424][gurobipy][INFO] - 
[2025-01-29 09:26:42,424][gurobipy][INFO] - Optimize a model with 289758 rows, 6213 columns and 739804 nonzeros
[2025-01-29 09:26:42,430][gurobipy][INFO] - Model fingerprint: 0xac9569e6
[2025-01-29 09:26:42,430][gurobipy][INFO] - Variable types: 6166 continuous, 47 integer (47 binary)
[2025-01-29 09:26:42,431][gurobipy][INFO] - Coefficient statistics:
[2025-01-29 09:26:42,432][gurobipy][INFO] -   Matrix range     [2e-05, 2e+00]
[2025-01-29 09:26:42,432][gurobipy][INFO] -   Objective range  [1e+00, 1e+00]
[2025-01-29 09:26:42,432][gurobipy][INFO] -   Bounds range     [1e+00, 1e+00]
[2025-01-29 09:26:42,432][gurobipy][INFO] -   RHS range        [1e+00, 1e+01]
[2025-01-29 09:26:42,495][gurobipy][INFO] - Found heuristic solution: objective -0.0000000
[2025-01-29 09:26:44,732][gurobipy][INFO] - Presolve removed 73971 rows and 1 columns
[2025-01-29 09:26:44,732][gurobipy][INFO] - Presolve time: 2.24s
[2025-01-29 09:26:44,732][gurobipy][INFO] - Presolved: 215787 rows, 6212 columns, 653521 nonzeros
[2025-01-29 09:26:44,900][gurobipy][INFO] - Variable types: 6166 continuous, 46 integer (46 binary)
[2025-01-29 09:26:45,258][gurobipy][INFO] - Root relaxation presolved: 6212 rows, 221999 columns, 659733 nonzeros
[2025-01-29 09:26:45,259][gurobipy][INFO] - 
[2025-01-29 09:26:45,400][gurobipy][INFO] - 
[2025-01-29 09:26:45,400][gurobipy][INFO] - Root relaxation: objective 1.000000e+00, 170 iterations, 0.49 seconds (0.58 work units)
[2025-01-29 09:26:45,477][gurobipy][INFO] - 
[2025-01-29 09:26:45,477][gurobipy][INFO] -     Nodes    |    Current Node    |     Objective Bounds      |     Work
[2025-01-29 09:26:45,477][gurobipy][INFO] -  Expl Unexpl |  Obj  Depth IntInf | Incumbent    BestBd   Gap | It/Node Time
[2025-01-29 09:26:45,477][gurobipy][INFO] - 
[2025-01-29 09:26:45,477][gurobipy][INFO] -      0     0    1.00000    0    3   -0.00000    1.00000      -     -    3s
[2025-01-29 09:26:45,531][gurobipy][INFO] - H    0     0                       0.0127151    1.00000  7765%     -    3s
[2025-01-29 09:26:45,674][gurobipy][INFO] - H    0     0                       0.0333978    1.00000  2894%     -    3s
[2025-01-29 09:26:46,363][gurobipy][INFO] -      0     0    1.00000    0    4    0.03340    1.00000  2894%     -    3s
[2025-01-29 09:26:46,804][gurobipy][INFO] - H    0     0                       0.0986478    1.00000   914%     -    4s
[2025-01-29 09:26:51,016][gurobipy][INFO] -      0     0    1.00000    0   44    0.09865    1.00000   914%     -    8s
[2025-01-29 09:26:52,446][gurobipy][INFO] -      0     0    1.00000    0   27    0.09865    1.00000   914%     -   10s
[2025-01-29 09:26:56,039][gurobipy][INFO] -      0     0    1.00000    0    4    0.09865    1.00000   914%     -   13s
[2025-01-29 09:26:56,071][gurobipy][INFO] - H    0     0                       0.0987119    1.00000   913%     -   13s
[2025-01-29 09:26:56,178][gurobipy][INFO] - H    0     0                       0.1932796    1.00000   417%     -   13s
[2025-01-29 09:26:56,806][gurobipy][INFO] -      0     0    1.00000    0    6    0.19328    1.00000   417%     -   14s
[2025-01-29 09:26:56,974][gurobipy][INFO] -      0     0    1.00000    0    5    0.19328    1.00000   417%     -   14s
[2025-01-29 09:26:59,723][gurobipy][INFO] -      0     0    1.00000    0   18    0.19328    1.00000   417%     -   17s
[2025-01-29 09:27:00,255][gurobipy][INFO] -      0     0    1.00000    0   12    0.19328    1.00000   417%     -   17s
[2025-01-29 09:27:05,146][gurobipy][INFO] -      0     0    1.00000    0   11    0.19328    1.00000   417%     -   22s
[2025-01-29 09:27:08,172][gurobipy][INFO] -      0     0    1.00000    0   11    0.19328    1.00000   417%     -   25s
[2025-01-29 09:27:13,178][gurobipy][INFO] -      0     0    1.00000    0   14    0.19328    1.00000   417%     -   30s
[2025-01-29 09:27:13,967][gurobipy][INFO] -      0     0    1.00000    0   14    0.19328    1.00000   417%     -   31s
[2025-01-29 09:27:18,754][gurobipy][INFO] -      0     0    1.00000    0   11    0.19328    1.00000   417%     -   36s
[2025-01-29 09:27:19,757][gurobipy][INFO] -      0     0    1.00000    0   10    0.19328    1.00000   417%     -   37s
[2025-01-29 09:27:23,302][gurobipy][INFO] -      0     0    1.00000    0    1    0.19328    1.00000   417%     -   40s
[2025-01-29 09:27:24,775][gurobipy][INFO] -      0     0    1.00000    0   11    0.19328    1.00000   417%     -   42s
[2025-01-29 09:27:30,434][gurobipy][INFO] -      0     0    1.00000    0   11    0.19328    1.00000   417%     -   48s
[2025-01-29 09:27:30,699][gurobipy][INFO] - H    0     0                       0.3491440    1.00000   186%     -   48s
[2025-01-29 09:27:31,521][gurobipy][INFO] -      0     0    1.00000    0   11    0.34914    1.00000   186%     -   49s
[2025-01-29 09:27:37,227][gurobipy][INFO] -      0     0    1.00000    0   11    0.34914    1.00000   186%     -   54s
[2025-01-29 09:27:41,270][gurobipy][INFO] -      0     0    1.00000    0   11    0.34914    1.00000   186%     -   58s
[2025-01-29 09:27:42,628][gurobipy][INFO] - H    0     0                       0.4829401    1.00000   107%     -   60s
[2025-01-29 09:27:57,647][gurobipy][INFO] -      0     2    1.00000    0   11    0.48294    1.00000   107%     -   75s
[2025-01-29 09:28:05,685][gurobipy][INFO] -      3     2    1.00000    2   10    0.48294    1.00000   107%  4552   83s
[2025-01-29 09:28:10,847][gurobipy][INFO] -      5     2    1.00000    3   10    0.48294    1.00000   107%  4238   88s
[2025-01-29 09:28:17,010][gurobipy][INFO] -      7     4    0.99271    4   10    0.48294    1.00000   107%  5900   94s
[2025-01-29 09:28:26,032][gurobipy][INFO] -      9     2    0.48501    5    7    0.48294    0.99672   106%  5189  103s
[2025-01-29 09:28:26,121][gurobipy][INFO] - 
[2025-01-29 09:28:26,121][gurobipy][INFO] - Cutting planes:
[2025-01-29 09:28:26,121][gurobipy][INFO] -   Implied bound: 2
[2025-01-29 09:28:26,121][gurobipy][INFO] -   MIR: 129
[2025-01-29 09:28:26,121][gurobipy][INFO] -   Relax-and-lift: 12
[2025-01-29 09:28:26,130][gurobipy][INFO] - 
[2025-01-29 09:28:26,130][gurobipy][INFO] - Explored 15 nodes (113341 simplex iterations) in 103.71 seconds (280.53 work units)
[2025-01-29 09:28:26,130][gurobipy][INFO] - Thread count was 24 (of 48 available processors)
[2025-01-29 09:28:26,130][gurobipy][INFO] - 
[2025-01-29 09:28:26,130][gurobipy][INFO] - Solution count 8: 0.48294 0.349144 0.19328 ... -0
[2025-01-29 09:28:26,130][gurobipy][INFO] - No other solutions better than 0.48294
[2025-01-29 09:28:26,130][gurobipy][INFO] - 
[2025-01-29 09:28:26,130][gurobipy][INFO] - Optimal solution found (tolerance 1.00e-04)
[2025-01-29 09:28:26,133][gurobipy][INFO] - Best objective 4.829400773577e-01, best bound 4.829400773577e-01, gap 0.0000%
[2025-01-29 09:28:26,396][__main__][INFO] - Finished size 85867 (4/5)
[2025-01-29 09:29:18,729][gurobipy][INFO] - Set parameter TimeLimit to value 600
[2025-01-29 09:29:18,850][gurobipy][INFO] - Gurobi Optimizer version 11.0.2 build v11.0.2rc0 (linux64)
[2025-01-29 09:29:18,850][gurobipy][INFO] - 
[2025-01-29 09:29:18,863][gurobipy][INFO] - CPU model: Intel(R) Xeon(R) Gold 6136 CPU @ 3.00GHz, instruction set [SSE2|AVX|AVX2|AVX512]
[2025-01-29 09:29:18,863][gurobipy][INFO] - Thread count: 24 physical cores, 48 logical processors, using up to 24 threads
[2025-01-29 09:29:18,863][gurobipy][INFO] - 
[2025-01-29 09:29:18,863][gurobipy][INFO] - Optimize a model with 543276 rows, 11607 columns and 1387084 nonzeros
[2025-01-29 09:29:18,875][gurobipy][INFO] - Model fingerprint: 0x00762f56
[2025-01-29 09:29:18,875][gurobipy][INFO] - Variable types: 11560 continuous, 47 integer (47 binary)
[2025-01-29 09:29:18,877][gurobipy][INFO] - Coefficient statistics:
[2025-01-29 09:29:18,877][gurobipy][INFO] -   Matrix range     [5e-06, 2e+00]
[2025-01-29 09:29:18,877][gurobipy][INFO] -   Objective range  [1e+00, 1e+00]
[2025-01-29 09:29:18,877][gurobipy][INFO] -   Bounds range     [1e+00, 1e+00]
[2025-01-29 09:29:18,877][gurobipy][INFO] -   RHS range        [1e+00, 1e+01]
[2025-01-29 09:29:19,003][gurobipy][INFO] - Found heuristic solution: objective -0.0000000
[2025-01-29 09:29:22,731][gurobipy][INFO] - Presolve removed 127149 rows and 0 columns
[2025-01-29 09:29:22,732][gurobipy][INFO] - Presolve time: 3.73s
[2025-01-29 09:29:22,732][gurobipy][INFO] - Presolved: 416127 rows, 11607 columns, 1259935 nonzeros
[2025-01-29 09:29:23,070][gurobipy][INFO] - Variable types: 11560 continuous, 47 integer (47 binary)
[2025-01-29 09:29:23,926][gurobipy][INFO] - Root relaxation presolved: 11607 rows, 427734 columns, 1271542 nonzeros
[2025-01-29 09:29:23,927][gurobipy][INFO] - 
[2025-01-29 09:29:23,928][gurobipy][INFO] - Deterministic concurrent LP optimizer: primal and dual simplex
[2025-01-29 09:29:23,928][gurobipy][INFO] - Showing primal log only...
[2025-01-29 09:29:23,928][gurobipy][INFO] - 
[2025-01-29 09:29:24,164][gurobipy][INFO] - 
[2025-01-29 09:29:24,164][gurobipy][INFO] - Root simplex log...
[2025-01-29 09:29:24,164][gurobipy][INFO] - 
[2025-01-29 09:29:24,164][gurobipy][INFO] - Iteration    Objective       Primal Inf.    Dual Inf.      Time
[2025-01-29 09:29:24,164][gurobipy][INFO] -        0    1.0000000e+00   0.000000e+00   1.157000e+04      5s
[2025-01-29 09:29:24,254][gurobipy][INFO] -      115    1.0000000e+00   0.000000e+00   0.000000e+00      5s
[2025-01-29 09:29:24,298][gurobipy][INFO] - Concurrent spin time: 0.04s
[2025-01-29 09:29:24,299][gurobipy][INFO] - 
[2025-01-29 09:29:24,299][gurobipy][INFO] - Solved with primal simplex
[2025-01-29 09:29:24,375][gurobipy][INFO] -      115    1.0000000e+00   0.000000e+00   0.000000e+00      6s
[2025-01-29 09:29:24,375][gurobipy][INFO] - 
[2025-01-29 09:29:24,375][gurobipy][INFO] - Root relaxation: objective 1.000000e+00, 115 iterations, 1.28 seconds (1.24 work units)
[2025-01-29 09:29:24,542][gurobipy][INFO] - 
[2025-01-29 09:29:24,543][gurobipy][INFO] -     Nodes    |    Current Node    |     Objective Bounds      |     Work
[2025-01-29 09:29:24,543][gurobipy][INFO] -  Expl Unexpl |  Obj  Depth IntInf | Incumbent    BestBd   Gap | It/Node Time
[2025-01-29 09:29:24,543][gurobipy][INFO] - 
[2025-01-29 09:29:24,543][gurobipy][INFO] -      0     0    1.00000    0    8   -0.00000    1.00000      -     -    5s
[2025-01-29 09:29:24,671][gurobipy][INFO] - H    0     0                       0.0447300    1.00000  2136%     -    5s
[2025-01-29 09:29:25,284][gurobipy][INFO] - H    0     0                       0.0531420    1.00000  1782%     -    6s
[2025-01-29 09:29:26,531][gurobipy][INFO] -      0     0    1.00000    0    5    0.05314    1.00000  1782%     -    7s
[2025-01-29 09:29:27,134][gurobipy][INFO] - H    0     0                       0.0536614    1.00000  1764%     -    8s
[2025-01-29 09:29:27,370][gurobipy][INFO] - H    0     0                       0.1937829    1.00000   416%     -    8s
[2025-01-29 09:29:34,684][gurobipy][INFO] -      0     0    1.00000    0   44    0.19378    1.00000   416%     -   15s
[2025-01-29 09:29:40,264][gurobipy][INFO] -      0     0    1.00000    0   17    0.19378    1.00000   416%     -   21s
[2025-01-29 09:29:48,440][gurobipy][INFO] -      0     0    1.00000    0    8    0.19378    1.00000   416%     -   29s
[2025-01-29 09:29:48,943][gurobipy][INFO] -      0     0    1.00000    0    7    0.19378    1.00000   416%     -   30s
[2025-01-29 09:29:49,701][gurobipy][INFO] - H    0     0                       0.3490603    1.00000   186%     -   30s
[2025-01-29 09:29:50,427][gurobipy][INFO] -      0     0    1.00000    0    9    0.34906    1.00000   186%     -   31s
[2025-01-29 09:29:51,015][gurobipy][INFO] -      0     0    1.00000    0    9    0.34906    1.00000   186%     -   32s
[2025-01-29 09:29:51,805][gurobipy][INFO] -      0     0    1.00000    0    9    0.34906    1.00000   186%     -   32s
[2025-01-29 09:29:52,407][gurobipy][INFO] -      0     0    1.00000    0    9    0.34906    1.00000   186%     -   33s
[2025-01-29 09:29:53,130][gurobipy][INFO] - H    0     0                       0.4801075    1.00000   108%     -   34s
[2025-01-29 09:29:53,140][gurobipy][INFO] -      0     0    1.00000    0    9    0.48011    1.00000   108%     -   34s
[2025-01-29 09:29:53,476][gurobipy][INFO] -      0     0    1.00000    0    9    0.48011    1.00000   108%     -   34s
[2025-01-29 09:29:54,277][gurobipy][INFO] -      0     0    1.00000    0    7    0.48011    1.00000   108%     -   35s
[2025-01-29 09:29:54,481][gurobipy][INFO] -      0     0    1.00000    0    7    0.48011    1.00000   108%     -   35s
[2025-01-29 09:29:55,426][gurobipy][INFO] -      0     0    0.48011    0    9    0.48011    0.48011  0.00%     -   36s
[2025-01-29 09:29:55,428][gurobipy][INFO] - 
[2025-01-29 09:29:55,428][gurobipy][INFO] - Cutting planes:
[2025-01-29 09:29:55,428][gurobipy][INFO] -   Cover: 1
[2025-01-29 09:29:55,428][gurobipy][INFO] -   Implied bound: 1
[2025-01-29 09:29:55,428][gurobipy][INFO] -   MIR: 567
[2025-01-29 09:29:55,428][gurobipy][INFO] -   RLT: 8
[2025-01-29 09:29:55,443][gurobipy][INFO] - 
[2025-01-29 09:29:55,443][gurobipy][INFO] - Explored 1 nodes (10836 simplex iterations) in 36.58 seconds (53.08 work units)
[2025-01-29 09:29:55,443][gurobipy][INFO] - Thread count was 24 (of 48 available processors)
[2025-01-29 09:29:55,443][gurobipy][INFO] - 
[2025-01-29 09:29:55,443][gurobipy][INFO] - Solution count 7: 0.480107 0.34906 0.193783 ... -0
[2025-01-29 09:29:55,443][gurobipy][INFO] - No other solutions better than 0.480107
[2025-01-29 09:29:55,443][gurobipy][INFO] - 
[2025-01-29 09:29:55,443][gurobipy][INFO] - Optimal solution found (tolerance 1.00e-04)
[2025-01-29 09:29:55,448][gurobipy][INFO] - Best objective 4.801074821723e-01, best bound 4.801074821723e-01, gap 0.0000%
[2025-01-29 09:29:55,933][__main__][INFO] - Finished size 378817 (5/5)
