[2025-01-29 09:19:11,438][gurobipy][INFO] - Set parameter TimeLimit to value 600
[2025-01-29 09:19:11,441][gurobipy][INFO] - Gurobi Optimizer version 11.0.2 build v11.0.2rc0 (linux64)
[2025-01-29 09:19:11,441][gurobipy][INFO] - 
[2025-01-29 09:19:11,453][gurobipy][INFO] - CPU model: Intel(R) Xeon(R) Gold 6136 CPU @ 3.00GHz, instruction set [SSE2|AVX|AVX2|AVX512]
[2025-01-29 09:19:11,453][gurobipy][INFO] - Thread count: 24 physical cores, 48 logical processors, using up to 24 threads
[2025-01-29 09:19:11,453][gurobipy][INFO] - 
[2025-01-29 09:19:11,453][gurobipy][INFO] - Optimize a model with 7087 rows, 282 columns and 19485 nonzeros
[2025-01-29 09:19:11,454][gurobipy][INFO] - Model fingerprint: 0x95e7846e
[2025-01-29 09:19:11,454][gurobipy][INFO] - Variable types: 254 continuous, 28 integer (28 binary)
[2025-01-29 09:19:11,454][gurobipy][INFO] - Coefficient statistics:
[2025-01-29 09:19:11,454][gurobipy][INFO] -   Matrix range     [2e-03, 2e+00]
[2025-01-29 09:19:11,454][gurobipy][INFO] -   Objective range  [1e+00, 1e+00]
[2025-01-29 09:19:11,454][gurobipy][INFO] -   Bounds range     [1e+00, 1e+00]
[2025-01-29 09:19:11,454][gurobipy][INFO] -   RHS range        [1e+00, 1e+01]
[2025-01-29 09:19:11,455][gurobipy][INFO] - Found heuristic solution: objective 0.0000000
[2025-01-29 09:19:11,487][gurobipy][INFO] - Presolve removed 3007 rows and 8 columns
[2025-01-29 09:19:11,487][gurobipy][INFO] - Presolve time: 0.03s
[2025-01-29 09:19:11,487][gurobipy][INFO] - Presolved: 4080 rows, 274 columns, 12488 nonzeros
[2025-01-29 09:19:11,490][gurobipy][INFO] - Variable types: 254 continuous, 20 integer (20 binary)
[2025-01-29 09:19:11,499][gurobipy][INFO] - 
[2025-01-29 09:19:11,499][gurobipy][INFO] - Root relaxation: objective 1.000000e+00, 174 iterations, 0.01 seconds (0.01 work units)
[2025-01-29 09:19:11,501][gurobipy][INFO] - 
[2025-01-29 09:19:11,501][gurobipy][INFO] -     Nodes    |    Current Node    |     Objective Bounds      |     Work
[2025-01-29 09:19:11,501][gurobipy][INFO] -  Expl Unexpl |  Obj  Depth IntInf | Incumbent    BestBd   Gap | It/Node Time
[2025-01-29 09:19:11,501][gurobipy][INFO] - 
[2025-01-29 09:19:11,501][gurobipy][INFO] -      0     0    1.00000    0    7    0.00000    1.00000      -     -    0s
[2025-01-29 09:19:11,507][gurobipy][INFO] - H    0     0                       0.0044740    1.00000      -     -    0s
[2025-01-29 09:19:11,509][gurobipy][INFO] - H    0     0                       0.1713779    1.00000   484%     -    0s
[2025-01-29 09:19:11,550][gurobipy][INFO] -      0     0    1.00000    0   14    0.17138    1.00000   484%     -    0s
[2025-01-29 09:19:11,559][gurobipy][INFO] -      0     0    1.00000    0   11    0.17138    1.00000   484%     -    0s
[2025-01-29 09:19:11,709][gurobipy][INFO] - H    0     0                       0.1874008    1.00000   434%     -    0s
[2025-01-29 09:19:11,723][gurobipy][INFO] -      0     0    0.18740    0    6    0.18740    0.18740  0.00%     -    0s
[2025-01-29 09:19:11,723][gurobipy][INFO] - 
[2025-01-29 09:19:11,723][gurobipy][INFO] - Cutting planes:
[2025-01-29 09:19:11,723][gurobipy][INFO] -   Gomory: 2
[2025-01-29 09:19:11,723][gurobipy][INFO] -   Implied bound: 2
[2025-01-29 09:19:11,723][gurobipy][INFO] -   MIR: 31
[2025-01-29 09:19:11,723][gurobipy][INFO] -   RLT: 9
[2025-01-29 09:19:11,723][gurobipy][INFO] - 
[2025-01-29 09:19:11,723][gurobipy][INFO] - Explored 1 nodes (1566 simplex iterations) in 0.27 seconds (0.35 work units)
[2025-01-29 09:19:11,724][gurobipy][INFO] - Thread count was 24 (of 48 available processors)
[2025-01-29 09:19:11,724][gurobipy][INFO] - 
[2025-01-29 09:19:11,724][gurobipy][INFO] - Solution count 4: 0.187401 0.171378 0.004474 8.65974e-15 
[2025-01-29 09:19:11,724][gurobipy][INFO] - No other solutions better than 0.187401
[2025-01-29 09:19:11,724][gurobipy][INFO] - 
[2025-01-29 09:19:11,724][gurobipy][INFO] - Optimal solution found (tolerance 1.00e-04)
[2025-01-29 09:19:11,724][gurobipy][INFO] - Best objective 1.874008277306e-01, best bound 1.874008277306e-01, gap 0.0000%
[2025-01-29 09:19:11,731][__main__][INFO] - Finished size 1000 (1/5)
[2025-01-29 09:19:12,788][gurobipy][INFO] - Set parameter TimeLimit to value 600
[2025-01-29 09:19:12,792][gurobipy][INFO] - Gurobi Optimizer version 11.0.2 build v11.0.2rc0 (linux64)
[2025-01-29 09:19:12,792][gurobipy][INFO] - 
[2025-01-29 09:19:12,804][gurobipy][INFO] - CPU model: Intel(R) Xeon(R) Gold 6136 CPU @ 3.00GHz, instruction set [SSE2|AVX|AVX2|AVX512]
[2025-01-29 09:19:12,804][gurobipy][INFO] - Thread count: 24 physical cores, 48 logical processors, using up to 24 threads
[2025-01-29 09:19:12,804][gurobipy][INFO] - 
[2025-01-29 09:19:12,804][gurobipy][INFO] - Optimize a model with 10363 rows, 399 columns and 28494 nonzeros
[2025-01-29 09:19:12,805][gurobipy][INFO] - Model fingerprint: 0xdfe1dac9
[2025-01-29 09:19:12,805][gurobipy][INFO] - Variable types: 371 continuous, 28 integer (28 binary)
[2025-01-29 09:19:12,805][gurobipy][INFO] - Coefficient statistics:
[2025-01-29 09:19:12,805][gurobipy][INFO] -   Matrix range     [5e-04, 2e+00]
[2025-01-29 09:19:12,805][gurobipy][INFO] -   Objective range  [1e+00, 1e+00]
[2025-01-29 09:19:12,805][gurobipy][INFO] -   Bounds range     [1e+00, 1e+00]
[2025-01-29 09:19:12,805][gurobipy][INFO] -   RHS range        [1e+00, 1e+01]
[2025-01-29 09:19:12,807][gurobipy][INFO] - Found heuristic solution: objective 0.0000000
[2025-01-29 09:19:12,865][gurobipy][INFO] - Presolve removed 2945 rows and 4 columns
[2025-01-29 09:19:12,865][gurobipy][INFO] - Presolve time: 0.06s
[2025-01-29 09:19:12,865][gurobipy][INFO] - Presolved: 7418 rows, 395 columns, 22619 nonzeros
[2025-01-29 09:19:12,870][gurobipy][INFO] - Variable types: 371 continuous, 24 integer (24 binary)
[2025-01-29 09:19:12,889][gurobipy][INFO] - 
[2025-01-29 09:19:12,889][gurobipy][INFO] - Root relaxation: objective 1.000000e+00, 255 iterations, 0.02 seconds (0.03 work units)
[2025-01-29 09:19:12,892][gurobipy][INFO] - 
[2025-01-29 09:19:12,893][gurobipy][INFO] -     Nodes    |    Current Node    |     Objective Bounds      |     Work
[2025-01-29 09:19:12,893][gurobipy][INFO] -  Expl Unexpl |  Obj  Depth IntInf | Incumbent    BestBd   Gap | It/Node Time
[2025-01-29 09:19:12,893][gurobipy][INFO] - 
[2025-01-29 09:19:12,893][gurobipy][INFO] -      0     0    1.00000    0    9    0.00000    1.00000      -     -    0s
[2025-01-29 09:19:12,980][gurobipy][INFO] - H    0     0                       0.0010917    1.00000      -     -    0s
[2025-01-29 09:19:12,989][gurobipy][INFO] -      0     0    1.00000    0   23    0.00109    1.00000      -     -    0s
[2025-01-29 09:19:13,016][gurobipy][INFO] - H    0     0                       0.1900250    1.00000   426%     -    0s
[2025-01-29 09:19:13,425][gurobipy][INFO] -      0     0    0.90907    0   12    0.19003    0.90907   378%     -    0s
[2025-01-29 09:19:13,473][gurobipy][INFO] -      0     0    0.87442    0   12    0.19003    0.87442   360%     -    0s
[2025-01-29 09:19:13,702][gurobipy][INFO] -      0     0    0.19003    0    3    0.19003    0.19003  0.00%     -    0s
[2025-01-29 09:19:13,702][gurobipy][INFO] - 
[2025-01-29 09:19:13,702][gurobipy][INFO] - Cutting planes:
[2025-01-29 09:19:13,702][gurobipy][INFO] -   Cover: 1
[2025-01-29 09:19:13,702][gurobipy][INFO] -   MIR: 17
[2025-01-29 09:19:13,702][gurobipy][INFO] - 
[2025-01-29 09:19:13,702][gurobipy][INFO] - Explored 1 nodes (3728 simplex iterations) in 0.90 seconds (1.34 work units)
[2025-01-29 09:19:13,702][gurobipy][INFO] - Thread count was 24 (of 48 available processors)
[2025-01-29 09:19:13,702][gurobipy][INFO] - 
[2025-01-29 09:19:13,702][gurobipy][INFO] - Solution count 3: 0.190025 0.00109172 2.22045e-15 
[2025-01-29 09:19:13,702][gurobipy][INFO] - No other solutions better than 0.190025
[2025-01-29 09:19:13,702][gurobipy][INFO] - 
[2025-01-29 09:19:13,702][gurobipy][INFO] - Optimal solution found (tolerance 1.00e-04)
[2025-01-29 09:19:13,702][gurobipy][INFO] - Best objective 1.900250290151e-01, best bound 1.900250290151e-01, gap 0.0000%
[2025-01-29 09:19:13,713][__main__][INFO] - Finished size 3741 (2/5)
[2025-01-29 09:19:15,437][gurobipy][INFO] - Set parameter TimeLimit to value 600
[2025-01-29 09:19:15,441][gurobipy][INFO] - Gurobi Optimizer version 11.0.2 build v11.0.2rc0 (linux64)
[2025-01-29 09:19:15,442][gurobipy][INFO] - 
[2025-01-29 09:19:15,453][gurobipy][INFO] - CPU model: Intel(R) Xeon(R) Gold 6136 CPU @ 3.00GHz, instruction set [SSE2|AVX|AVX2|AVX512]
[2025-01-29 09:19:15,453][gurobipy][INFO] - Thread count: 24 physical cores, 48 logical processors, using up to 24 threads
[2025-01-29 09:19:15,453][gurobipy][INFO] - 
[2025-01-29 09:19:15,453][gurobipy][INFO] - Optimize a model with 16187 rows, 607 columns and 44510 nonzeros
[2025-01-29 09:19:15,454][gurobipy][INFO] - Model fingerprint: 0x8eaa92b9
[2025-01-29 09:19:15,454][gurobipy][INFO] - Variable types: 579 continuous, 28 integer (28 binary)
[2025-01-29 09:19:15,454][gurobipy][INFO] - Coefficient statistics:
[2025-01-29 09:19:15,454][gurobipy][INFO] -   Matrix range     [1e-04, 2e+00]
[2025-01-29 09:19:15,454][gurobipy][INFO] -   Objective range  [1e+00, 1e+00]
[2025-01-29 09:19:15,454][gurobipy][INFO] -   Bounds range     [1e+00, 1e+00]
[2025-01-29 09:19:15,454][gurobipy][INFO] -   RHS range        [1e+00, 1e+01]
[2025-01-29 09:19:15,457][gurobipy][INFO] - Found heuristic solution: objective -0.0000000
[2025-01-29 09:19:15,556][gurobipy][INFO] - Presolve removed 3460 rows and 2 columns
[2025-01-29 09:19:15,556][gurobipy][INFO] - Presolve time: 0.10s
[2025-01-29 09:19:15,556][gurobipy][INFO] - Presolved: 12727 rows, 605 columns, 38754 nonzeros
[2025-01-29 09:19:15,564][gurobipy][INFO] - Variable types: 579 continuous, 26 integer (26 binary)
[2025-01-29 09:19:15,580][gurobipy][INFO] - Root relaxation presolved: 12727 rows, 605 columns, 38754 nonzeros
[2025-01-29 09:19:15,580][gurobipy][INFO] - 
[2025-01-29 09:19:15,602][gurobipy][INFO] - 
[2025-01-29 09:19:15,602][gurobipy][INFO] - Root relaxation: objective 1.000000e+00, 286 iterations, 0.04 seconds (0.05 work units)
[2025-01-29 09:19:15,608][gurobipy][INFO] - 
[2025-01-29 09:19:15,608][gurobipy][INFO] -     Nodes    |    Current Node    |     Objective Bounds      |     Work
[2025-01-29 09:19:15,608][gurobipy][INFO] -  Expl Unexpl |  Obj  Depth IntInf | Incumbent    BestBd   Gap | It/Node Time
[2025-01-29 09:19:15,608][gurobipy][INFO] - 
[2025-01-29 09:19:15,608][gurobipy][INFO] -      0     0    1.00000    0    7   -0.00000    1.00000      -     -    0s
[2025-01-29 09:19:15,782][gurobipy][INFO] - H    0     0                       0.0218554    1.00000  4476%     -    0s
[2025-01-29 09:19:15,881][gurobipy][INFO] -      0     0    1.00000    0   17    0.02186    1.00000  4476%     -    0s
[2025-01-29 09:19:15,884][gurobipy][INFO] -      0     0    1.00000    0   16    0.02186    1.00000  4476%     -    0s
[2025-01-29 09:19:15,939][gurobipy][INFO] - H    0     0                       0.1209944    1.00000   726%     -    0s
[2025-01-29 09:19:16,067][gurobipy][INFO] - H    0     0                       0.1308014    1.00000   665%     -    0s
[2025-01-29 09:19:16,397][gurobipy][INFO] - H    0     0                       0.1902113    1.00000   426%     -    0s
[2025-01-29 09:19:16,476][gurobipy][INFO] -      0     0    0.66972    0    7    0.19021    0.66972   252%     -    1s
[2025-01-29 09:19:16,645][gurobipy][INFO] -      0     0    0.66972    0   17    0.19021    0.66972   252%     -    1s
[2025-01-29 09:19:16,651][gurobipy][INFO] -      0     0    0.66972    0   16    0.19021    0.66972   252%     -    1s
[2025-01-29 09:19:16,696][gurobipy][INFO] -      0     0    0.19021    0   16    0.19021    0.19021  0.00%     -    1s
[2025-01-29 09:19:16,696][gurobipy][INFO] - 
[2025-01-29 09:19:16,696][gurobipy][INFO] - Cutting planes:
[2025-01-29 09:19:16,696][gurobipy][INFO] -   Implied bound: 1
[2025-01-29 09:19:16,696][gurobipy][INFO] -   MIR: 34
[2025-01-29 09:19:16,697][gurobipy][INFO] - 
[2025-01-29 09:19:16,697][gurobipy][INFO] - Explored 1 nodes (3753 simplex iterations) in 1.24 seconds (1.77 work units)
[2025-01-29 09:19:16,697][gurobipy][INFO] - Thread count was 24 (of 48 available processors)
[2025-01-29 09:19:16,697][gurobipy][INFO] - 
[2025-01-29 09:19:16,697][gurobipy][INFO] - Solution count 5: 0.190211 0.130801 0.120994 ... -0
[2025-01-29 09:19:16,697][gurobipy][INFO] - No other solutions better than 0.190211
[2025-01-29 09:19:16,697][gurobipy][INFO] - 
[2025-01-29 09:19:16,697][gurobipy][INFO] - Optimal solution found (tolerance 1.00e-04)
[2025-01-29 09:19:16,697][gurobipy][INFO] - Best objective 1.902113235654e-01, best bound 1.902113235654e-01, gap 0.0000%
[2025-01-29 09:19:16,712][__main__][INFO] - Finished size 13989 (3/5)
[2025-01-29 09:19:19,223][gurobipy][INFO] - Set parameter TimeLimit to value 600
[2025-01-29 09:19:19,229][gurobipy][INFO] - Gurobi Optimizer version 11.0.2 build v11.0.2rc0 (linux64)
[2025-01-29 09:19:19,230][gurobipy][INFO] - 
[2025-01-29 09:19:19,241][gurobipy][INFO] - CPU model: Intel(R) Xeon(R) Gold 6136 CPU @ 3.00GHz, instruction set [SSE2|AVX|AVX2|AVX512]
[2025-01-29 09:19:19,241][gurobipy][INFO] - Thread count: 24 physical cores, 48 logical processors, using up to 24 threads
[2025-01-29 09:19:19,241][gurobipy][INFO] - 
[2025-01-29 09:19:19,241][gurobipy][INFO] - Optimize a model with 22487 rows, 832 columns and 61835 nonzeros
[2025-01-29 09:19:19,242][gurobipy][INFO] - Model fingerprint: 0x5c570ba5
[2025-01-29 09:19:19,242][gurobipy][INFO] - Variable types: 804 continuous, 28 integer (28 binary)
[2025-01-29 09:19:19,242][gurobipy][INFO] - Coefficient statistics:
[2025-01-29 09:19:19,242][gurobipy][INFO] -   Matrix range     [3e-05, 2e+00]
[2025-01-29 09:19:19,242][gurobipy][INFO] -   Objective range  [1e+00, 1e+00]
[2025-01-29 09:19:19,242][gurobipy][INFO] -   Bounds range     [1e+00, 1e+00]
[2025-01-29 09:19:19,242][gurobipy][INFO] -   RHS range        [1e+00, 1e+01]
[2025-01-29 09:19:19,246][gurobipy][INFO] - Found heuristic solution: objective -0.0000000
[2025-01-29 09:19:19,389][gurobipy][INFO] - Presolve removed 4012 rows and 1 columns
[2025-01-29 09:19:19,389][gurobipy][INFO] - Presolve time: 0.14s
[2025-01-29 09:19:19,389][gurobipy][INFO] - Presolved: 18475 rows, 831 columns, 56223 nonzeros
[2025-01-29 09:19:19,401][gurobipy][INFO] - Variable types: 804 continuous, 27 integer (27 binary)
[2025-01-29 09:19:19,425][gurobipy][INFO] - Root relaxation presolved: 18475 rows, 831 columns, 56223 nonzeros
[2025-01-29 09:19:19,425][gurobipy][INFO] - 
[2025-01-29 09:19:19,446][gurobipy][INFO] - 
[2025-01-29 09:19:19,446][gurobipy][INFO] - Root relaxation: objective 1.000000e+00, 324 iterations, 0.04 seconds (0.06 work units)
[2025-01-29 09:19:19,454][gurobipy][INFO] - 
[2025-01-29 09:19:19,454][gurobipy][INFO] -     Nodes    |    Current Node    |     Objective Bounds      |     Work
[2025-01-29 09:19:19,454][gurobipy][INFO] -  Expl Unexpl |  Obj  Depth IntInf | Incumbent    BestBd   Gap | It/Node Time
[2025-01-29 09:19:19,454][gurobipy][INFO] - 
[2025-01-29 09:19:19,454][gurobipy][INFO] -      0     0    1.00000    0    8   -0.00000    1.00000      -     -    0s
[2025-01-29 09:19:19,679][gurobipy][INFO] - H    0     0                       0.0017126    1.00000      -     -    0s
[2025-01-29 09:19:19,680][gurobipy][INFO] - H    0     0                       0.0017126    1.00000      -     -    0s
[2025-01-29 09:19:19,717][gurobipy][INFO] -      0     0    1.00000    0   26    0.00171    1.00000      -     -    0s
[2025-01-29 09:19:19,787][gurobipy][INFO] - H    0     0                       0.0772807    1.00000  1194%     -    0s
[2025-01-29 09:19:20,687][gurobipy][INFO] - H    0     0                       0.1280817    1.00000   681%     -    1s
[2025-01-29 09:19:20,802][gurobipy][INFO] -      0     0    0.93746    0    2    0.12808    0.93746   632%     -    1s
[2025-01-29 09:19:21,549][gurobipy][INFO] - H    0     0                       0.1945933    0.93746   382%     -    2s
[2025-01-29 09:19:21,586][gurobipy][INFO] -      0     0    0.85584    0   13    0.19459    0.85584   340%     -    2s
[2025-01-29 09:19:21,802][gurobipy][INFO] -      0     0    0.45040    0   13    0.19459    0.45040   131%     -    2s
[2025-01-29 09:19:22,545][gurobipy][INFO] -      0     0    0.19459    0    1    0.19459    0.19459  0.00%     -    3s
[2025-01-29 09:19:22,545][gurobipy][INFO] - 
[2025-01-29 09:19:22,545][gurobipy][INFO] - Cutting planes:
[2025-01-29 09:19:22,545][gurobipy][INFO] -   Cover: 1
[2025-01-29 09:19:22,545][gurobipy][INFO] -   MIR: 3
[2025-01-29 09:19:22,545][gurobipy][INFO] -   RLT: 3
[2025-01-29 09:19:22,545][gurobipy][INFO] - 
[2025-01-29 09:19:22,545][gurobipy][INFO] - Explored 1 nodes (8411 simplex iterations) in 3.30 seconds (5.52 work units)
[2025-01-29 09:19:22,546][gurobipy][INFO] - Thread count was 24 (of 48 available processors)
[2025-01-29 09:19:22,546][gurobipy][INFO] - 
[2025-01-29 09:19:22,546][gurobipy][INFO] - Solution count 5: 0.194593 0.128082 0.0772807 ... -0
[2025-01-29 09:19:22,546][gurobipy][INFO] - No other solutions better than 0.194593
[2025-01-29 09:19:22,546][gurobipy][INFO] - 
[2025-01-29 09:19:22,546][gurobipy][INFO] - Optimal solution found (tolerance 1.00e-04)
[2025-01-29 09:19:22,546][gurobipy][INFO] - Best objective 1.945932677410e-01, best bound 1.945932677410e-01, gap 0.0000%
[2025-01-29 09:19:22,568][__main__][INFO] - Finished size 52317 (4/5)
[2025-01-29 09:19:27,058][gurobipy][INFO] - Set parameter TimeLimit to value 600
[2025-01-29 09:19:27,067][gurobipy][INFO] - Gurobi Optimizer version 11.0.2 build v11.0.2rc0 (linux64)
[2025-01-29 09:19:27,067][gurobipy][INFO] - 
[2025-01-29 09:19:27,079][gurobipy][INFO] - CPU model: Intel(R) Xeon(R) Gold 6136 CPU @ 3.00GHz, instruction set [SSE2|AVX|AVX2|AVX512]
[2025-01-29 09:19:27,079][gurobipy][INFO] - Thread count: 24 physical cores, 48 logical processors, using up to 24 threads
[2025-01-29 09:19:27,079][gurobipy][INFO] - 
[2025-01-29 09:19:27,079][gurobipy][INFO] - Optimize a model with 29319 rows, 1076 columns and 80623 nonzeros
[2025-01-29 09:19:27,080][gurobipy][INFO] - Model fingerprint: 0xdf29cd0d
[2025-01-29 09:19:27,080][gurobipy][INFO] - Variable types: 1048 continuous, 28 integer (28 binary)
[2025-01-29 09:19:27,080][gurobipy][INFO] - Coefficient statistics:
[2025-01-29 09:19:27,080][gurobipy][INFO] -   Matrix range     [9e-06, 2e+00]
[2025-01-29 09:19:27,080][gurobipy][INFO] -   Objective range  [1e+00, 1e+00]
[2025-01-29 09:19:27,080][gurobipy][INFO] -   Bounds range     [1e+00, 1e+00]
[2025-01-29 09:19:27,080][gurobipy][INFO] -   RHS range        [1e+00, 1e+01]
[2025-01-29 09:19:27,086][gurobipy][INFO] - Found heuristic solution: objective 0.0000000
[2025-01-29 09:19:27,221][gurobipy][INFO] - Presolve removed 4188 rows and 0 columns
[2025-01-29 09:19:27,221][gurobipy][INFO] - Presolve time: 0.14s
[2025-01-29 09:19:27,221][gurobipy][INFO] - Presolved: 25131 rows, 1076 columns, 76435 nonzeros
[2025-01-29 09:19:27,238][gurobipy][INFO] - Variable types: 1048 continuous, 28 integer (28 binary)
[2025-01-29 09:19:27,271][gurobipy][INFO] - Root relaxation presolved: 1076 rows, 26207 columns, 77511 nonzeros
[2025-01-29 09:19:27,271][gurobipy][INFO] - 
[2025-01-29 09:19:27,311][gurobipy][INFO] - 
[2025-01-29 09:19:27,311][gurobipy][INFO] - Root relaxation: objective 1.000000e+00, 1096 iterations, 0.07 seconds (0.11 work units)
[2025-01-29 09:19:27,316][gurobipy][INFO] - 
[2025-01-29 09:19:27,316][gurobipy][INFO] -     Nodes    |    Current Node    |     Objective Bounds      |     Work
[2025-01-29 09:19:27,317][gurobipy][INFO] -  Expl Unexpl |  Obj  Depth IntInf | Incumbent    BestBd   Gap | It/Node Time
[2025-01-29 09:19:27,317][gurobipy][INFO] - 
[2025-01-29 09:19:27,317][gurobipy][INFO] -      0     0    1.00000    0    1    0.00000    1.00000      -     -    0s
[2025-01-29 09:19:27,318][gurobipy][INFO] - H    0     0                       0.0000071    1.00000      -     -    0s
[2025-01-29 09:19:27,499][gurobipy][INFO] -      0     0    1.00000    0   18    0.00001    1.00000      -     -    0s
[2025-01-29 09:19:27,614][gurobipy][INFO] - H    0     0                       0.0838000    1.00000  1093%     -    0s
[2025-01-29 09:19:30,428][gurobipy][INFO] - H    0     0                       0.1938762    0.94400   387%     -    3s
[2025-01-29 09:19:30,606][gurobipy][INFO] -      0     0    0.94400    0   15    0.19388    0.94400   387%     -    3s
[2025-01-29 09:19:31,145][gurobipy][INFO] -      0     0    0.94400    0   20    0.19388    0.94400   387%     -    4s
[2025-01-29 09:19:31,462][gurobipy][INFO] -      0     0    0.19388    0   20    0.19388    0.19388  0.00%     -    4s
[2025-01-29 09:19:31,463][gurobipy][INFO] - 
[2025-01-29 09:19:31,463][gurobipy][INFO] - Cutting planes:
[2025-01-29 09:19:31,463][gurobipy][INFO] -   MIR: 4
[2025-01-29 09:19:31,464][gurobipy][INFO] - 
[2025-01-29 09:19:31,464][gurobipy][INFO] - Explored 1 nodes (8732 simplex iterations) in 4.38 seconds (6.73 work units)
[2025-01-29 09:19:31,464][gurobipy][INFO] - Thread count was 24 (of 48 available processors)
[2025-01-29 09:19:31,464][gurobipy][INFO] - 
[2025-01-29 09:19:31,464][gurobipy][INFO] - Solution count 4: 0.193876 0.0838 7.12679e-06 8.21565e-15 
[2025-01-29 09:19:31,464][gurobipy][INFO] - No other solutions better than 0.193876
[2025-01-29 09:19:31,464][gurobipy][INFO] - 
[2025-01-29 09:19:31,464][gurobipy][INFO] - Optimal solution found (tolerance 1.00e-04)
[2025-01-29 09:19:31,464][gurobipy][INFO] - Best objective 1.938762318093e-01, best bound 1.938762318093e-01, gap 0.0000%
[2025-01-29 09:19:31,495][__main__][INFO] - Finished size 195665 (5/5)
