[2025-01-29 13:19:08,725][__main__][INFO] - In total, there are 5772124799 possible subgroups
[2025-01-29 13:19:08,753][__main__][INFO] - [0], []
[2025-01-29 13:19:36,523][__main__][INFO] - [], [0]
[2025-01-29 13:20:03,538][__main__][INFO] - [1], []
[2025-01-29 13:20:05,830][__main__][INFO] - [2], []
[2025-01-29 13:20:28,521][__main__][INFO] - [3], []
[2025-01-29 13:20:29,677][__main__][INFO] - [4], []
[2025-01-29 13:20:32,794][__main__][INFO] - [5], []
[2025-01-29 13:20:33,946][__main__][INFO] - [6], []
[2025-01-29 13:20:34,104][__main__][INFO] - [7], []
[2025-01-29 13:20:34,123][__main__][INFO] - [8], []
[2025-01-29 13:20:34,164][__main__][INFO] - [9], []
[2025-01-29 13:20:34,183][__main__][INFO] - [10], []
[2025-01-29 13:20:34,971][__main__][INFO] - [11], []
[2025-01-29 13:20:36,277][__main__][INFO] - [12], []
[2025-01-29 13:20:37,600][__main__][INFO] - [13], []
[2025-01-29 13:20:39,046][__main__][INFO] - [14], []
[2025-01-29 13:20:40,602][__main__][INFO] - [15], []
[2025-01-29 13:20:42,529][__main__][INFO] - [16], []
[2025-01-29 13:20:44,308][__main__][INFO] - [17], []
[2025-01-29 13:20:45,957][__main__][INFO] - [18], []
[2025-01-29 13:20:46,879][__main__][INFO] - [19], []
[2025-01-29 13:20:47,381][__main__][INFO] - [20], []
[2025-01-29 13:21:17,544][__main__][INFO] - [21], []
[2025-01-29 13:21:20,349][__main__][INFO] - [22], []
[2025-01-29 13:21:25,326][__main__][INFO] - [23], []
[2025-01-29 13:21:25,825][__main__][INFO] - [24], []
[2025-01-29 13:21:25,923][__main__][INFO] - [25], []
[2025-01-29 13:21:25,968][__main__][INFO] - [26], []
[2025-01-29 13:21:44,966][__main__][INFO] - [], [26]
[2025-01-29 13:22:21,430][__main__][INFO] - [27], []
[2025-01-29 13:22:50,272][__main__][INFO] - [28], []
[2025-01-29 13:22:53,502][__main__][INFO] - [29], []
[2025-01-29 13:22:59,839][__main__][INFO] - [30], []
[2025-01-29 13:23:00,297][__main__][INFO] - [31], []
[2025-01-29 13:23:00,335][__main__][INFO] - [32], []
[2025-01-29 13:23:55,430][__main__][INFO] - [33], []
[2025-01-29 13:23:56,901][__main__][INFO] - [34], []
[2025-01-29 13:23:56,939][__main__][INFO] - [35], []
[2025-01-29 13:23:57,041][__main__][INFO] - [36], []
[2025-01-29 13:23:59,402][__main__][INFO] - [37], []
[2025-01-29 13:24:27,219][__main__][INFO] - [38], []
[2025-01-29 13:24:32,778][__main__][INFO] - [39], []
[2025-01-29 13:24:39,315][__main__][INFO] - [40], []
[2025-01-29 13:24:39,528][__main__][INFO] - [41], []
[2025-01-29 13:24:57,346][__main__][INFO] - [], [41]
[2025-01-29 13:25:34,730][__main__][INFO] - [42], []
[2025-01-29 13:25:36,821][__main__][INFO] - [], [42]
[2025-01-29 13:26:55,576][__main__][INFO] - [43], []
[2025-01-29 13:26:57,157][__main__][INFO] - [], [43]
[2025-01-29 13:28:21,315][__main__][INFO] - [44], []
[2025-01-29 23:48:57,621][__main__][INFO] - In total, there are 5772124799 possible subgroups
[2025-01-29 23:48:57,649][__main__][INFO] - [0], []
[2025-01-29 23:49:10,038][__main__][INFO] - [], [0]
[2025-01-29 23:49:22,203][__main__][INFO] - [1], []
[2025-01-29 23:49:23,282][__main__][INFO] - [2], []
[2025-01-29 23:49:33,757][__main__][INFO] - [3], []
[2025-01-29 23:49:34,303][__main__][INFO] - [4], []
[2025-01-29 23:49:35,792][__main__][INFO] - [5], []
[2025-01-29 23:49:36,310][__main__][INFO] - [6], []
[2025-01-29 23:49:36,399][__main__][INFO] - [7], []
[2025-01-29 23:49:36,414][__main__][INFO] - [8], []
[2025-01-29 23:49:36,441][__main__][INFO] - [9], []
[2025-01-29 23:49:36,456][__main__][INFO] - [10], []
[2025-01-29 23:49:36,948][__main__][INFO] - [11], []
[2025-01-29 23:49:37,687][__main__][INFO] - [12], []
[2025-01-29 23:49:38,425][__main__][INFO] - [13], []
[2025-01-29 23:49:39,199][__main__][INFO] - [14], []
[2025-01-29 23:49:40,015][__main__][INFO] - [15], []
[2025-01-29 23:49:41,015][__main__][INFO] - [16], []
[2025-01-29 23:49:41,931][__main__][INFO] - [17], []
[2025-01-29 23:49:42,766][__main__][INFO] - [18], []
[2025-01-29 23:49:43,235][__main__][INFO] - [19], []
[2025-01-29 23:49:43,494][__main__][INFO] - [20], []
[2025-01-29 23:49:57,677][__main__][INFO] - [21], []
[2025-01-29 23:49:59,034][__main__][INFO] - [22], []
[2025-01-29 23:50:01,316][__main__][INFO] - [23], []
[2025-01-29 23:50:01,568][__main__][INFO] - [24], []
[2025-01-29 23:50:01,626][__main__][INFO] - [25], []
[2025-01-29 23:50:01,656][__main__][INFO] - [26], []
[2025-01-29 23:50:09,961][__main__][INFO] - [], [26]
[2025-01-29 23:50:27,004][__main__][INFO] - [27], []
[2025-01-29 23:50:40,639][__main__][INFO] - [28], []
[2025-01-29 23:50:42,196][__main__][INFO] - [29], []
[2025-01-29 23:50:45,096][__main__][INFO] - [30], []
[2025-01-29 23:50:45,314][__main__][INFO] - [31], []
[2025-01-29 23:50:45,342][__main__][INFO] - [32], []
[2025-01-29 23:51:09,513][__main__][INFO] - [33], []
[2025-01-29 23:51:10,164][__main__][INFO] - [34], []
[2025-01-29 23:51:10,192][__main__][INFO] - [35], []
[2025-01-29 23:51:10,253][__main__][INFO] - [36], []
[2025-01-29 23:51:11,508][__main__][INFO] - [37], []
[2025-01-29 23:51:24,266][__main__][INFO] - [38], []
[2025-01-29 23:51:26,875][__main__][INFO] - [39], []
[2025-01-29 23:51:29,774][__main__][INFO] - [40], []
[2025-01-29 23:51:29,888][__main__][INFO] - [41], []
[2025-01-29 23:51:37,874][__main__][INFO] - [], [41]
[2025-01-29 23:51:55,159][__main__][INFO] - [42], []
[2025-01-29 23:51:56,112][__main__][INFO] - [], [42]
[2025-01-29 23:52:31,233][__main__][INFO] - [43], []
[2025-01-29 23:52:31,947][__main__][INFO] - [], [43]
[2025-01-29 23:53:08,695][__main__][INFO] - [44], []
[2025-01-29 23:53:38,808][__main__][INFO] - [45], []
[2025-01-29 23:53:40,310][__main__][INFO] - [46], []
[2025-01-29 23:53:40,461][__main__][INFO] - [47], []
[2025-01-29 23:54:09,306][__main__][INFO] - [48], []
[2025-01-29 23:54:11,398][__main__][INFO] - [49], []
[2025-01-29 23:54:11,479][__main__][INFO] - [50], []
[2025-01-29 23:54:12,144][__main__][INFO] - [51], []
[2025-01-29 23:54:12,635][__main__][INFO] - [52], []
[2025-01-29 23:54:13,201][__main__][INFO] - [53], []
[2025-01-29 23:54:13,782][__main__][INFO] - [54], []
[2025-01-29 23:54:14,287][__main__][INFO] - [55], []
[2025-01-29 23:54:14,728][__main__][INFO] - [56], []
[2025-01-29 23:54:15,139][__main__][INFO] - [57], []
[2025-01-29 23:54:15,516][__main__][INFO] - [58], []
[2025-01-29 23:54:15,823][__main__][INFO] - [59], []
[2025-01-29 23:54:18,125][__main__][INFO] - [0, 1], []
[2025-01-29 23:54:18,501][__main__][INFO] - [0, 2], []
[2025-01-29 23:54:21,469][__main__][INFO] - [0, 3], []
[2025-01-29 23:54:21,666][__main__][INFO] - [0, 4], []
[2025-01-29 23:54:22,189][__main__][INFO] - [0, 5], []
[2025-01-29 23:54:22,368][__main__][INFO] - [0, 6], []
[2025-01-29 23:54:22,415][__main__][INFO] - [0, 7], []
[2025-01-29 23:54:22,431][__main__][INFO] - [0, 8], []
[2025-01-29 23:54:22,466][__main__][INFO] - [0, 10], []
[2025-01-29 23:54:22,643][__main__][INFO] - [0, 11], []
[2025-01-29 23:54:22,915][__main__][INFO] - [0, 12], []
[2025-01-29 23:54:23,178][__main__][INFO] - [0, 13], []
[2025-01-29 23:54:23,447][__main__][INFO] - [0, 14], []
[2025-01-29 23:54:23,741][__main__][INFO] - [0, 15], []
[2025-01-29 23:54:24,126][__main__][INFO] - [0, 16], []
[2025-01-29 23:54:24,426][__main__][INFO] - [0, 17], []
[2025-01-29 23:54:24,691][__main__][INFO] - [0, 18], []
[2025-01-29 23:54:24,850][__main__][INFO] - [0, 19], []
[2025-01-29 23:54:24,958][__main__][INFO] - [0, 20], []
[2025-01-29 23:54:28,772][__main__][INFO] - [0, 21], []
[2025-01-29 23:54:29,227][__main__][INFO] - [0, 22], []
[2025-01-29 23:54:29,948][__main__][INFO] - [0, 23], []
[2025-01-29 23:54:30,042][__main__][INFO] - [0, 24], []
[2025-01-29 23:54:30,059][__main__][INFO] - [0, 25], []
[2025-01-29 23:54:30,075][__main__][INFO] - [0, 26], []
[2025-01-29 23:54:32,129][__main__][INFO] - [0], [26]
[2025-01-29 23:54:36,979][__main__][INFO] - [0, 27], []
[2025-01-29 23:54:40,655][__main__][INFO] - [0, 28], []
[2025-01-29 23:54:41,171][__main__][INFO] - [0, 29], []
[2025-01-29 23:54:42,042][__main__][INFO] - [0, 30], []
[2025-01-29 23:54:42,116][__main__][INFO] - [0, 31], []
[2025-01-29 23:54:42,136][__main__][INFO] - [0, 32], []
[2025-01-29 23:54:50,180][__main__][INFO] - [0, 33], []
[2025-01-29 23:54:50,231][__main__][INFO] - [0, 34], []
[2025-01-29 23:54:50,249][__main__][INFO] - [0, 35], []
[2025-01-29 23:54:50,268][__main__][INFO] - [0, 36], []
[2025-01-29 23:54:50,719][__main__][INFO] - [0, 37], []
[2025-01-29 23:54:54,278][__main__][INFO] - [0, 38], []
[2025-01-29 23:54:55,106][__main__][INFO] - [0, 39], []
[2025-01-29 23:54:55,938][__main__][INFO] - [0, 40], []
[2025-01-29 23:54:55,986][__main__][INFO] - [0, 41], []
[2025-01-29 23:54:58,359][__main__][INFO] - [0], [41]
[2025-01-29 23:55:02,941][__main__][INFO] - [0, 42], []
[2025-01-29 23:55:03,161][__main__][INFO] - [0], [42]
[2025-01-29 23:55:12,736][__main__][INFO] - [0, 43], []
[2025-01-29 23:55:12,940][__main__][INFO] - [0], [43]
[2025-01-29 23:55:22,597][__main__][INFO] - [0, 44], []
[2025-01-29 23:55:30,745][__main__][INFO] - [0, 45], []
[2025-01-29 23:55:31,134][__main__][INFO] - [0, 46], []
[2025-01-29 23:55:31,208][__main__][INFO] - [0, 47], []
[2025-01-29 23:55:35,433][__main__][INFO] - [0, 48], []
[2025-01-29 23:55:37,528][__main__][INFO] - [0, 49], []
[2025-01-29 23:55:37,610][__main__][INFO] - [0, 50], []
[2025-01-29 23:55:37,827][__main__][INFO] - [0, 51], []
[2025-01-29 23:55:38,005][__main__][INFO] - [0, 52], []
[2025-01-29 23:55:38,200][__main__][INFO] - [0, 53], []
[2025-01-29 23:55:38,401][__main__][INFO] - [0, 54], []
[2025-01-29 23:55:38,574][__main__][INFO] - [0, 55], []
[2025-01-29 23:55:38,725][__main__][INFO] - [0, 56], []
[2025-01-29 23:55:38,867][__main__][INFO] - [0, 57], []
[2025-01-29 23:55:38,999][__main__][INFO] - [0, 58], []
[2025-01-29 23:55:39,112][__main__][INFO] - [0, 59], []
[2025-01-29 23:55:39,888][__main__][INFO] - [1], [0]
[2025-01-29 23:55:40,234][__main__][INFO] - [2], [0]
[2025-01-29 23:55:43,229][__main__][INFO] - [3], [0]
[2025-01-29 23:55:43,397][__main__][INFO] - [4], [0]
[2025-01-29 23:55:43,844][__main__][INFO] - [5], [0]
[2025-01-29 23:55:44,016][__main__][INFO] - [6], [0]
[2025-01-29 23:55:44,055][__main__][INFO] - [7], [0]
[2025-01-29 23:55:44,071][__main__][INFO] - [8], [0]
[2025-01-29 23:55:44,106][__main__][INFO] - [10], [0]
[2025-01-29 23:55:44,299][__main__][INFO] - [11], [0]
[2025-01-29 23:55:44,538][__main__][INFO] - [12], [0]
[2025-01-29 23:55:44,813][__main__][INFO] - [13], [0]
[2025-01-29 23:55:45,084][__main__][INFO] - [14], [0]
[2025-01-29 23:55:45,365][__main__][INFO] - [15], [0]
[2025-01-29 23:55:45,655][__main__][INFO] - [16], [0]
[2025-01-29 23:55:45,979][__main__][INFO] - [17], [0]
[2025-01-29 23:55:46,278][__main__][INFO] - [18], [0]
[2025-01-29 23:55:46,429][__main__][INFO] - [19], [0]
[2025-01-29 23:55:46,505][__main__][INFO] - [20], [0]
[2025-01-29 23:55:50,623][__main__][INFO] - [21], [0]
[2025-01-29 23:55:50,994][__main__][INFO] - [22], [0]
[2025-01-29 23:55:51,594][__main__][INFO] - [23], [0]
[2025-01-29 23:55:51,679][__main__][INFO] - [24], [0]
[2025-01-29 23:55:51,708][__main__][INFO] - [25], [0]
[2025-01-29 23:55:51,729][__main__][INFO] - [26], [0]
[2025-01-29 23:55:53,996][__main__][INFO] - [], [0, 26]
[2025-01-29 23:55:58,487][__main__][INFO] - [27], [0]
[2025-01-29 23:56:02,426][__main__][INFO] - [28], [0]
[2025-01-29 23:56:02,830][__main__][INFO] - [29], [0]
[2025-01-29 23:56:03,545][__main__][INFO] - [30], [0]
[2025-01-29 23:56:03,620][__main__][INFO] - [31], [0]
[2025-01-29 23:56:03,636][__main__][INFO] - [32], [0]
[2025-01-29 23:56:08,734][__main__][INFO] - [33], [0]
[2025-01-29 23:56:09,192][__main__][INFO] - [34], [0]
[2025-01-29 23:56:09,218][__main__][INFO] - [35], [0]
[2025-01-29 23:56:09,266][__main__][INFO] - [36], [0]
[2025-01-29 23:56:09,681][__main__][INFO] - [37], [0]
[2025-01-29 23:56:13,163][__main__][INFO] - [38], [0]
[2025-01-29 23:56:13,918][__main__][INFO] - [39], [0]
[2025-01-29 23:56:14,696][__main__][INFO] - [40], [0]
[2025-01-29 23:56:14,753][__main__][INFO] - [41], [0]
[2025-01-29 23:56:16,661][__main__][INFO] - [], [0, 41]
[2025-01-29 23:56:21,572][__main__][INFO] - [42], [0]
[2025-01-29 23:56:21,890][__main__][INFO] - [], [0, 42]
[2025-01-29 23:56:30,639][__main__][INFO] - [43], [0]
[2025-01-29 23:56:30,835][__main__][INFO] - [], [0, 43]
[2025-01-29 23:56:40,286][__main__][INFO] - [44], [0]
[2025-01-29 23:56:48,241][__main__][INFO] - [45], [0]
[2025-01-29 23:56:48,689][__main__][INFO] - [46], [0]
[2025-01-29 23:56:48,764][__main__][INFO] - [47], [0]
[2025-01-29 23:57:00,945][__main__][INFO] - [50], [0]
[2025-01-29 23:57:01,170][__main__][INFO] - [51], [0]
[2025-01-29 23:57:01,319][__main__][INFO] - [52], [0]
[2025-01-29 23:57:01,497][__main__][INFO] - [53], [0]
[2025-01-29 23:57:01,681][__main__][INFO] - [54], [0]
[2025-01-29 23:57:01,849][__main__][INFO] - [55], [0]
[2025-01-29 23:57:01,999][__main__][INFO] - [56], [0]
[2025-01-29 23:57:02,141][__main__][INFO] - [57], [0]
[2025-01-29 23:57:02,274][__main__][INFO] - [58], [0]
[2025-01-29 23:57:02,385][__main__][INFO] - [59], [0]
[2025-01-29 23:57:03,177][__main__][INFO] - [1, 10], []
[2025-01-29 23:57:03,229][__main__][INFO] - [1, 11], []
[2025-01-29 23:57:03,294][__main__][INFO] - [1, 12], []
[2025-01-29 23:57:03,362][__main__][INFO] - [1, 13], []
[2025-01-29 23:57:03,420][__main__][INFO] - [1, 14], []
[2025-01-29 23:57:03,481][__main__][INFO] - [1, 15], []
[2025-01-29 23:57:03,542][__main__][INFO] - [1, 16], []
[2025-01-29 23:57:03,588][__main__][INFO] - [1, 17], []
[2025-01-29 23:57:03,627][__main__][INFO] - [1, 18], []
[2025-01-29 23:57:03,654][__main__][INFO] - [1, 19], []
[2025-01-29 23:57:03,670][__main__][INFO] - [1, 20], []
[2025-01-29 23:57:04,004][__main__][INFO] - [1, 21], []
[2025-01-29 23:57:04,020][__main__][INFO] - [1, 22], []
[2025-01-29 23:57:04,363][__main__][INFO] - [1, 23], []
[2025-01-29 23:57:04,379][__main__][INFO] - [1, 24], []
[2025-01-29 23:57:04,409][__main__][INFO] - [1, 26], []
[2025-01-29 23:57:04,597][__main__][INFO] - [1], [26]
[2025-01-29 23:57:05,127][__main__][INFO] - [1, 27], []
[2025-01-29 23:57:05,451][__main__][INFO] - [1, 28], []
[2025-01-29 23:57:05,572][__main__][INFO] - [1, 29], []
[2025-01-29 23:57:05,681][__main__][INFO] - [1, 30], []
[2025-01-29 23:57:05,697][__main__][INFO] - [1, 31], []
[2025-01-29 23:57:05,713][__main__][INFO] - [1, 32], []
[2025-01-29 23:57:06,402][__main__][INFO] - [1, 33], []
[2025-01-29 23:57:06,426][__main__][INFO] - [1, 34], []
[2025-01-29 23:57:06,442][__main__][INFO] - [1, 35], []
[2025-01-29 23:57:06,458][__main__][INFO] - [1, 36], []
[2025-01-29 23:57:06,553][__main__][INFO] - [1, 37], []
[2025-01-29 23:57:07,044][__main__][INFO] - [1, 38], []
[2025-01-29 23:57:07,092][__main__][INFO] - [1, 39], []
[2025-01-29 23:57:07,211][__main__][INFO] - [1, 40], []
[2025-01-29 23:57:07,231][__main__][INFO] - [1, 41], []
[2025-01-29 23:57:07,562][__main__][INFO] - [1], [41]
[2025-01-29 23:57:07,945][__main__][INFO] - [1, 42], []
[2025-01-29 23:57:07,979][__main__][INFO] - [1], [42]
[2025-01-29 23:57:08,881][__main__][INFO] - [1, 43], []
[2025-01-29 23:57:08,916][__main__][INFO] - [1], [43]
[2025-01-29 23:57:09,811][__main__][INFO] - [1, 44], []
[2025-01-29 23:57:10,600][__main__][INFO] - [1, 45], []
[2025-01-29 23:57:10,650][__main__][INFO] - [1, 46], []
[2025-01-29 23:57:10,680][__main__][INFO] - [1, 47], []
[2025-01-29 23:57:11,359][__main__][INFO] - [1, 48], []
[2025-01-29 23:57:11,470][__main__][INFO] - [1, 49], []
[2025-01-29 23:57:11,491][__main__][INFO] - [1, 50], []
[2025-01-29 23:57:11,539][__main__][INFO] - [1, 51], []
[2025-01-29 23:57:11,582][__main__][INFO] - [1, 52], []
[2025-01-29 23:57:11,630][__main__][INFO] - [1, 53], []
[2025-01-29 23:57:11,679][__main__][INFO] - [1, 54], []
[2025-01-29 23:57:11,724][__main__][INFO] - [1, 55], []
[2025-01-29 23:57:11,762][__main__][INFO] - [1, 56], []
[2025-01-29 23:57:11,798][__main__][INFO] - [1, 57], []
[2025-01-29 23:57:11,830][__main__][INFO] - [1, 58], []
[2025-01-29 23:57:11,845][__main__][INFO] - [1, 59], []
[2025-01-29 23:57:11,916][__main__][INFO] - [2, 10], []
[2025-01-29 23:57:12,090][__main__][INFO] - [2, 11], []
[2025-01-29 23:57:12,311][__main__][INFO] - [2, 12], []
[2025-01-29 23:57:12,569][__main__][INFO] - [2, 13], []
[2025-01-29 23:57:12,834][__main__][INFO] - [2, 14], []
[2025-01-29 23:57:13,098][__main__][INFO] - [2, 15], []
[2025-01-29 23:57:13,425][__main__][INFO] - [2, 16], []
[2025-01-29 23:57:13,772][__main__][INFO] - [2, 17], []
[2025-01-29 23:57:14,108][__main__][INFO] - [2, 18], []
[2025-01-29 23:57:14,311][__main__][INFO] - [2, 19], []
[2025-01-29 23:57:14,439][__main__][INFO] - [2, 20], []
[2025-01-29 23:57:18,220][__main__][INFO] - [2, 21], []
[2025-01-29 23:57:18,335][__main__][INFO] - [2, 22], []
[2025-01-29 23:57:18,956][__main__][INFO] - [2, 23], []
[2025-01-29 23:57:19,161][__main__][INFO] - [2, 24], []
[2025-01-29 23:57:19,178][__main__][INFO] - [2, 25], []
[2025-01-29 23:57:19,198][__main__][INFO] - [2, 26], []
[2025-01-29 23:57:21,683][__main__][INFO] - [2], [26]
[2025-01-29 23:57:25,208][__main__][INFO] - [2, 27], []
[2025-01-29 23:57:28,875][__main__][INFO] - [2, 28], []
[2025-01-29 23:57:29,244][__main__][INFO] - [2, 29], []
[2025-01-29 23:57:29,867][__main__][INFO] - [2, 30], []
[2025-01-29 23:57:29,944][__main__][INFO] - [2, 31], []
[2025-01-29 23:57:29,964][__main__][INFO] - [2, 32], []
[2025-01-29 23:57:35,534][__main__][INFO] - [2, 33], []
[2025-01-29 23:57:35,799][__main__][INFO] - [2, 34], []
[2025-01-29 23:57:35,823][__main__][INFO] - [2, 35], []
[2025-01-29 23:57:35,863][__main__][INFO] - [2, 36], []
[2025-01-29 23:57:36,232][__main__][INFO] - [2, 37], []
[2025-01-29 23:57:38,987][__main__][INFO] - [2, 38], []
[2025-01-29 23:57:39,902][__main__][INFO] - [2, 39], []
[2025-01-29 23:57:40,634][__main__][INFO] - [2, 40], []
[2025-01-29 23:57:40,700][__main__][INFO] - [2, 41], []
[2025-01-29 23:57:42,378][__main__][INFO] - [2], [41]
[2025-01-29 23:57:46,929][__main__][INFO] - [2, 42], []
[2025-01-29 23:57:47,313][__main__][INFO] - [2], [42]
[2025-01-29 23:57:54,716][__main__][INFO] - [2, 43], []
[2025-01-29 23:57:54,954][__main__][INFO] - [2], [43]
[2025-01-29 23:58:02,957][__main__][INFO] - [2, 44], []
[2025-01-29 23:58:09,707][__main__][INFO] - [2, 45], []
[2025-01-29 23:58:10,161][__main__][INFO] - [2, 46], []
[2025-01-29 23:58:10,239][__main__][INFO] - [2, 47], []
[2025-01-29 23:58:17,167][__main__][INFO] - [2, 48], []
[2025-01-29 23:58:17,738][__main__][INFO] - [2, 49], []
[2025-01-29 23:58:17,776][__main__][INFO] - [2, 50], []
[2025-01-29 23:58:17,973][__main__][INFO] - [2, 51], []
[2025-01-29 23:58:18,129][__main__][INFO] - [2, 52], []
[2025-01-29 23:58:18,301][__main__][INFO] - [2, 53], []
[2025-01-29 23:58:18,486][__main__][INFO] - [2, 54], []
[2025-01-29 23:58:18,651][__main__][INFO] - [2, 55], []
[2025-01-29 23:58:18,803][__main__][INFO] - [2, 56], []
[2025-01-29 23:58:18,943][__main__][INFO] - [2, 57], []
[2025-01-29 23:58:19,076][__main__][INFO] - [2, 58], []
[2025-01-29 23:58:19,191][__main__][INFO] - [2, 59], []
[2025-01-29 23:58:20,067][__main__][INFO] - [3, 10], []
[2025-01-29 23:58:20,111][__main__][INFO] - [3, 11], []
[2025-01-29 23:58:20,154][__main__][INFO] - [3, 12], []
[2025-01-29 23:58:20,192][__main__][INFO] - [3, 13], []
[2025-01-29 23:58:20,225][__main__][INFO] - [3, 14], []
[2025-01-29 23:58:20,258][__main__][INFO] - [3, 15], []
[2025-01-29 23:58:20,289][__main__][INFO] - [3, 16], []
[2025-01-29 23:58:20,319][__main__][INFO] - [3, 17], []
[2025-01-29 23:58:20,335][__main__][INFO] - [3, 18], []
[2025-01-29 23:58:20,350][__main__][INFO] - [3, 19], []
[2025-01-29 23:58:20,366][__main__][INFO] - [3, 20], []
[2025-01-29 23:58:20,625][__main__][INFO] - [3, 21], []
[2025-01-29 23:58:20,662][__main__][INFO] - [3, 22], []
[2025-01-29 23:58:20,678][__main__][INFO] - [3, 23], []
[2025-01-29 23:58:20,694][__main__][INFO] - [3, 24], []
[2025-01-29 23:58:20,709][__main__][INFO] - [3, 25], []
[2025-01-29 23:58:20,725][__main__][INFO] - [3, 26], []
[2025-01-29 23:58:20,795][__main__][INFO] - [3], [26]
[2025-01-29 23:58:21,102][__main__][INFO] - [3, 27], []
[2025-01-29 23:58:21,358][__main__][INFO] - [3, 28], []
[2025-01-29 23:58:21,374][__main__][INFO] - [3, 29], []
[2025-01-29 23:58:21,390][__main__][INFO] - [3, 30], []
[2025-01-29 23:58:21,412][__main__][INFO] - [3, 31], []
[2025-01-29 23:58:21,428][__main__][INFO] - [3, 32], []
[2025-01-29 23:58:21,726][__main__][INFO] - [3, 33], []
[2025-01-29 23:58:21,749][__main__][INFO] - [3, 34], []
[2025-01-29 23:58:21,766][__main__][INFO] - [3, 35], []
[2025-01-29 23:58:21,783][__main__][INFO] - [3, 36], []
[2025-01-29 23:58:21,853][__main__][INFO] - [3, 37], []
[2025-01-29 23:58:21,951][__main__][INFO] - [3, 38], []
[2025-01-29 23:58:22,091][__main__][INFO] - [3, 39], []
[2025-01-29 23:58:22,141][__main__][INFO] - [3, 40], []
[2025-01-29 23:58:22,158][__main__][INFO] - [3, 41], []
[2025-01-29 23:58:22,173][__main__][INFO] - [3], [41]
[2025-01-29 23:58:22,474][__main__][INFO] - [3, 42], []
[2025-01-29 23:58:22,496][__main__][INFO] - [3], [42]
[2025-01-29 23:58:22,974][__main__][INFO] - [3, 43], []
[2025-01-29 23:58:22,996][__main__][INFO] - [3], [43]
[2025-01-29 23:58:23,474][__main__][INFO] - [3, 44], []
[2025-01-29 23:58:23,856][__main__][INFO] - [3, 45], []
[2025-01-29 23:58:23,888][__main__][INFO] - [3, 46], []
[2025-01-29 23:58:23,916][__main__][INFO] - [3, 47], []
[2025-01-29 23:58:24,243][__main__][INFO] - [3, 48], []
[2025-01-29 23:58:24,306][__main__][INFO] - [3, 49], []
[2025-01-29 23:58:24,324][__main__][INFO] - [3, 50], []
[2025-01-29 23:58:24,352][__main__][INFO] - [3, 51], []
[2025-01-29 23:58:24,377][__main__][INFO] - [3, 52], []
[2025-01-29 23:58:24,401][__main__][INFO] - [3, 53], []
[2025-01-29 23:58:24,427][__main__][INFO] - [3, 54], []
[2025-01-29 23:58:24,453][__main__][INFO] - [3, 55], []
[2025-01-29 23:58:24,477][__main__][INFO] - [3, 56], []
[2025-01-29 23:58:24,500][__main__][INFO] - [3, 57], []
[2025-01-29 23:58:24,524][__main__][INFO] - [3, 58], []
[2025-01-29 23:58:24,546][__main__][INFO] - [3, 59], []
[2025-01-29 23:58:24,627][__main__][INFO] - [4, 10], []
[2025-01-29 23:58:24,678][__main__][INFO] - [4, 11], []
[2025-01-29 23:58:24,739][__main__][INFO] - [4, 12], []
[2025-01-29 23:58:24,804][__main__][INFO] - [4, 13], []
[2025-01-29 23:58:24,877][__main__][INFO] - [4, 14], []
[2025-01-29 23:58:24,894][__main__][INFO] - [4, 15], []
[2025-01-29 23:58:24,910][__main__][INFO] - [4, 16], []
[2025-01-29 23:58:24,976][__main__][INFO] - [4, 17], []
[2025-01-29 23:58:25,036][__main__][INFO] - [4, 18], []
[2025-01-29 23:58:25,052][__main__][INFO] - [4, 19], []
[2025-01-29 23:58:25,083][__main__][INFO] - [4, 20], []
[2025-01-29 23:58:25,309][__main__][INFO] - [4, 21], []
[2025-01-29 23:58:25,982][__main__][INFO] - [4, 22], []
[2025-01-29 23:58:25,998][__main__][INFO] - [4, 23], []
[2025-01-29 23:58:26,014][__main__][INFO] - [4, 24], []
[2025-01-29 23:58:26,030][__main__][INFO] - [4, 25], []
[2025-01-29 23:58:26,045][__main__][INFO] - [4, 26], []
[2025-01-29 23:58:26,247][__main__][INFO] - [4], [26]
[2025-01-29 23:58:27,012][__main__][INFO] - [4, 27], []
[2025-01-29 23:58:27,231][__main__][INFO] - [4, 28], []
[2025-01-29 23:58:27,363][__main__][INFO] - [4, 29], []
[2025-01-29 23:58:27,710][__main__][INFO] - [4, 30], []
[2025-01-29 23:58:27,727][__main__][INFO] - [4, 31], []
[2025-01-29 23:58:27,742][__main__][INFO] - [4, 32], []
[2025-01-29 23:58:28,675][__main__][INFO] - [4, 33], []
[2025-01-29 23:58:28,710][__main__][INFO] - [4, 34], []
[2025-01-29 23:58:28,727][__main__][INFO] - [4, 35], []
[2025-01-29 23:58:28,742][__main__][INFO] - [4, 36], []
[2025-01-29 23:58:28,834][__main__][INFO] - [4, 37], []
[2025-01-29 23:58:29,479][__main__][INFO] - [4, 38], []
[2025-01-29 23:58:29,539][__main__][INFO] - [4, 39], []
[2025-01-29 23:58:29,675][__main__][INFO] - [4, 40], []
[2025-01-29 23:58:29,694][__main__][INFO] - [4, 41], []
[2025-01-29 23:58:30,365][__main__][INFO] - [4], [41]
[2025-01-29 23:58:30,658][__main__][INFO] - [4, 42], []
[2025-01-29 23:58:30,674][__main__][INFO] - [4], [42]
[2025-01-29 23:58:31,870][__main__][INFO] - [4, 43], []
[2025-01-29 23:58:31,905][__main__][INFO] - [4], [43]
[2025-01-29 23:58:33,130][__main__][INFO] - [4, 44], []
[2025-01-29 23:58:34,186][__main__][INFO] - [4, 45], []
[2025-01-29 23:58:34,240][__main__][INFO] - [4, 46], []
[2025-01-29 23:58:34,269][__main__][INFO] - [4, 47], []
[2025-01-29 23:58:35,189][__main__][INFO] - [4, 48], []
[2025-01-29 23:58:35,333][__main__][INFO] - [4, 49], []
[2025-01-29 23:58:35,355][__main__][INFO] - [4, 50], []
[2025-01-29 23:58:35,400][__main__][INFO] - [4, 51], []
[2025-01-29 23:58:35,437][__main__][INFO] - [4, 52], []
[2025-01-29 23:58:35,479][__main__][INFO] - [4, 53], []
[2025-01-29 23:58:35,519][__main__][INFO] - [4, 54], []
[2025-01-29 23:58:35,535][__main__][INFO] - [4, 55], []
[2025-01-29 23:58:35,550][__main__][INFO] - [4, 56], []
[2025-01-29 23:58:35,588][__main__][INFO] - [4, 57], []
[2025-01-29 23:58:35,624][__main__][INFO] - [4, 58], []
[2025-01-29 23:58:35,659][__main__][INFO] - [4, 59], []
[2025-01-29 23:58:35,878][__main__][INFO] - [5, 10], []
[2025-01-29 23:58:35,906][__main__][INFO] - [5, 11], []
[2025-01-29 23:58:35,937][__main__][INFO] - [5, 12], []
[2025-01-29 23:58:35,970][__main__][INFO] - [5, 13], []
[2025-01-29 23:58:36,002][__main__][INFO] - [5, 14], []
[2025-01-29 23:58:36,017][__main__][INFO] - [5, 15], []
[2025-01-29 23:58:36,055][__main__][INFO] - [5, 16], []
[2025-01-29 23:58:36,070][__main__][INFO] - [5, 17], []
[2025-01-29 23:58:36,101][__main__][INFO] - [5, 18], []
[2025-01-29 23:58:36,117][__main__][INFO] - [5, 19], []
[2025-01-29 23:58:36,132][__main__][INFO] - [5, 20], []
[2025-01-29 23:58:36,470][__main__][INFO] - [5, 21], []
[2025-01-29 23:58:36,486][__main__][INFO] - [5, 22], []
[2025-01-29 23:58:36,510][__main__][INFO] - [5, 23], []
[2025-01-29 23:58:36,526][__main__][INFO] - [5, 24], []
[2025-01-29 23:58:36,571][__main__][INFO] - [5, 26], []
[2025-01-29 23:58:36,675][__main__][INFO] - [5], [26]
[2025-01-29 23:58:36,920][__main__][INFO] - [5, 27], []
[2025-01-29 23:58:37,260][__main__][INFO] - [5, 28], []
[2025-01-29 23:58:37,285][__main__][INFO] - [5, 29], []
[2025-01-29 23:58:37,315][__main__][INFO] - [5, 30], []
[2025-01-29 23:58:37,331][__main__][INFO] - [5, 31], []
[2025-01-29 23:58:37,346][__main__][INFO] - [5, 32], []
[2025-01-29 23:58:37,627][__main__][INFO] - [5, 33], []
[2025-01-29 23:58:37,659][__main__][INFO] - [5, 34], []
[2025-01-29 23:58:37,675][__main__][INFO] - [5, 35], []
[2025-01-29 23:58:37,693][__main__][INFO] - [5, 36], []
[2025-01-29 23:58:37,733][__main__][INFO] - [5, 37], []
[2025-01-29 23:58:37,951][__main__][INFO] - [5, 38], []
[2025-01-29 23:58:37,991][__main__][INFO] - [5, 39], []
[2025-01-29 23:58:38,043][__main__][INFO] - [5, 40], []
[2025-01-29 23:58:38,059][__main__][INFO] - [5, 41], []
[2025-01-29 23:58:38,103][__main__][INFO] - [5], [41]
[2025-01-29 23:58:38,457][__main__][INFO] - [5, 42], []
[2025-01-29 23:58:38,480][__main__][INFO] - [5], [42]
[2025-01-29 23:58:38,927][__main__][INFO] - [5, 43], []
[2025-01-29 23:58:38,953][__main__][INFO] - [5], [43]
[2025-01-29 23:58:39,374][__main__][INFO] - [5, 44], []
[2025-01-29 23:58:39,733][__main__][INFO] - [5, 45], []
[2025-01-29 23:58:39,750][__main__][INFO] - [5, 46], []
[2025-01-29 23:58:39,770][__main__][INFO] - [5, 47], []
[2025-01-29 23:58:40,115][__main__][INFO] - [5, 48], []
[2025-01-29 23:58:40,166][__main__][INFO] - [5, 49], []
[2025-01-29 23:58:40,182][__main__][INFO] - [5, 50], []
[2025-01-29 23:58:40,220][__main__][INFO] - [5, 51], []
[2025-01-29 23:58:40,247][__main__][INFO] - [5, 52], []
[2025-01-29 23:58:40,274][__main__][INFO] - [5, 53], []
[2025-01-29 23:58:40,299][__main__][INFO] - [5, 54], []
[2025-01-29 23:58:40,324][__main__][INFO] - [5, 55], []
[2025-01-29 23:58:40,340][__main__][INFO] - [5, 56], []
[2025-01-29 23:58:40,355][__main__][INFO] - [5, 57], []
[2025-01-29 23:58:40,371][__main__][INFO] - [5, 58], []
[2025-01-29 23:58:40,392][__main__][INFO] - [5, 59], []
[2025-01-29 23:58:40,454][__main__][INFO] - [6, 10], []
[2025-01-29 23:58:40,474][__main__][INFO] - [6, 11], []
[2025-01-29 23:58:40,494][__main__][INFO] - [6, 12], []
[2025-01-29 23:58:40,514][__main__][INFO] - [6, 13], []
[2025-01-29 23:58:40,533][__main__][INFO] - [6, 14], []
[2025-01-29 23:58:40,552][__main__][INFO] - [6, 15], []
[2025-01-29 23:58:40,571][__main__][INFO] - [6, 16], []
[2025-01-29 23:58:40,590][__main__][INFO] - [6, 17], []
[2025-01-29 23:58:40,609][__main__][INFO] - [6, 18], []
[2025-01-29 23:58:40,626][__main__][INFO] - [6, 19], []
[2025-01-29 23:58:40,642][__main__][INFO] - [6, 20], []
[2025-01-29 23:58:40,726][__main__][INFO] - [6, 22], []
[2025-01-29 23:58:40,789][__main__][INFO] - [6, 26], []
[2025-01-29 23:58:40,813][__main__][INFO] - [6], [26]
[2025-01-29 23:58:40,874][__main__][INFO] - [6, 27], []
[2025-01-29 23:58:40,946][__main__][INFO] - [6, 28], []
[2025-01-29 23:58:40,961][__main__][INFO] - [6, 29], []
[2025-01-29 23:58:40,979][__main__][INFO] - [6, 30], []
[2025-01-29 23:58:41,008][__main__][INFO] - [6, 32], []
[2025-01-29 23:58:41,065][__main__][INFO] - [6, 33], []
[2025-01-29 23:58:41,110][__main__][INFO] - [6, 36], []
[2025-01-29 23:58:41,133][__main__][INFO] - [6, 37], []
[2025-01-29 23:58:41,183][__main__][INFO] - [6, 38], []
[2025-01-29 23:58:41,205][__main__][INFO] - [6, 39], []
[2025-01-29 23:58:41,225][__main__][INFO] - [6, 40], []
[2025-01-29 23:58:41,240][__main__][INFO] - [6, 41], []
[2025-01-29 23:58:41,259][__main__][INFO] - [6], [41]
[2025-01-29 23:58:41,332][__main__][INFO] - [6, 42], []
[2025-01-29 23:58:41,350][__main__][INFO] - [6], [42]
[2025-01-29 23:58:41,429][__main__][INFO] - [6, 43], []
[2025-01-29 23:58:41,446][__main__][INFO] - [6], [43]
[2025-01-29 23:58:41,529][__main__][INFO] - [6, 44], []
[2025-01-29 23:58:41,599][__main__][INFO] - [6, 45], []
[2025-01-29 23:58:41,618][__main__][INFO] - [6, 46], []
[2025-01-29 23:58:41,636][__main__][INFO] - [6, 47], []
[2025-01-29 23:58:41,698][__main__][INFO] - [6, 48], []
[2025-01-29 23:58:41,721][__main__][INFO] - [6, 49], []
[2025-01-29 23:58:41,738][__main__][INFO] - [6, 50], []
[2025-01-29 23:58:41,757][__main__][INFO] - [6, 51], []
[2025-01-29 23:58:41,775][__main__][INFO] - [6, 52], []
[2025-01-29 23:58:41,793][__main__][INFO] - [6, 53], []
[2025-01-29 23:58:41,811][__main__][INFO] - [6, 54], []
[2025-01-29 23:58:41,830][__main__][INFO] - [6, 55], []
[2025-01-29 23:58:41,848][__main__][INFO] - [6, 56], []
[2025-01-29 23:58:41,866][__main__][INFO] - [6, 57], []
[2025-01-29 23:58:41,883][__main__][INFO] - [6, 58], []
[2025-01-29 23:58:41,901][__main__][INFO] - [6, 59], []
[2025-01-29 23:58:41,935][__main__][INFO] - [7, 10], []
[2025-01-29 23:58:41,950][__main__][INFO] - [7, 11], []
[2025-01-29 23:58:41,966][__main__][INFO] - [7, 12], []
[2025-01-29 23:58:41,981][__main__][INFO] - [7, 13], []
[2025-01-29 23:58:41,996][__main__][INFO] - [7, 14], []
[2025-01-29 23:58:42,012][__main__][INFO] - [7, 15], []
[2025-01-29 23:58:42,027][__main__][INFO] - [7, 16], []
[2025-01-29 23:58:42,043][__main__][INFO] - [7, 17], []
[2025-01-29 23:58:42,058][__main__][INFO] - [7, 18], []
[2025-01-29 23:58:42,089][__main__][INFO] - [7, 20], []
[2025-01-29 23:58:42,118][__main__][INFO] - [7, 22], []
[2025-01-29 23:58:42,161][__main__][INFO] - [7, 25], []
[2025-01-29 23:58:42,176][__main__][INFO] - [7, 26], []
[2025-01-29 23:58:42,192][__main__][INFO] - [7], [26]
[2025-01-29 23:58:42,207][__main__][INFO] - [7, 27], []
[2025-01-29 23:58:42,223][__main__][INFO] - [7, 28], []
[2025-01-29 23:58:42,239][__main__][INFO] - [7, 29], []
[2025-01-29 23:58:42,254][__main__][INFO] - [7, 30], []
[2025-01-29 23:58:42,270][__main__][INFO] - [7, 31], []
[2025-01-29 23:58:42,286][__main__][INFO] - [7, 32], []
[2025-01-29 23:58:42,301][__main__][INFO] - [7, 33], []
[2025-01-29 23:58:42,344][__main__][INFO] - [7, 36], []
[2025-01-29 23:58:42,360][__main__][INFO] - [7, 37], []
[2025-01-29 23:58:42,375][__main__][INFO] - [7, 38], []
[2025-01-29 23:58:42,391][__main__][INFO] - [7, 39], []
[2025-01-29 23:58:42,420][__main__][INFO] - [7, 41], []
[2025-01-29 23:58:42,435][__main__][INFO] - [7], [41]
[2025-01-29 23:58:42,451][__main__][INFO] - [7, 42], []
[2025-01-29 23:58:42,466][__main__][INFO] - [7], [42]
[2025-01-29 23:58:42,482][__main__][INFO] - [7, 43], []
[2025-01-29 23:58:42,497][__main__][INFO] - [7], [43]
[2025-01-29 23:58:42,512][__main__][INFO] - [7, 44], []
[2025-01-29 23:58:42,527][__main__][INFO] - [7, 45], []
[2025-01-29 23:58:42,543][__main__][INFO] - [7, 46], []
[2025-01-29 23:58:42,558][__main__][INFO] - [7, 47], []
[2025-01-29 23:58:42,574][__main__][INFO] - [7, 48], []
[2025-01-29 23:58:42,603][__main__][INFO] - [7, 50], []
[2025-01-29 23:58:42,618][__main__][INFO] - [7, 51], []
[2025-01-29 23:58:42,634][__main__][INFO] - [7, 52], []
[2025-01-29 23:58:42,649][__main__][INFO] - [7, 53], []
[2025-01-29 23:58:42,665][__main__][INFO] - [7, 54], []
[2025-01-29 23:58:42,680][__main__][INFO] - [7, 55], []
[2025-01-29 23:58:42,696][__main__][INFO] - [7, 56], []
[2025-01-29 23:58:42,711][__main__][INFO] - [7, 57], []
[2025-01-29 23:58:42,726][__main__][INFO] - [7, 58], []
[2025-01-29 23:58:42,741][__main__][INFO] - [7, 59], []
[2025-01-29 23:58:42,770][__main__][INFO] - [8, 10], []
[2025-01-29 23:58:42,787][__main__][INFO] - [8, 11], []
[2025-01-29 23:58:42,804][__main__][INFO] - [8, 12], []
[2025-01-29 23:58:42,819][__main__][INFO] - [8, 13], []
[2025-01-29 23:58:42,834][__main__][INFO] - [8, 14], []
[2025-01-29 23:58:42,851][__main__][INFO] - [8, 15], []
[2025-01-29 23:58:42,867][__main__][INFO] - [8, 16], []
[2025-01-29 23:58:42,884][__main__][INFO] - [8, 17], []
[2025-01-29 23:58:42,926][__main__][INFO] - [8, 20], []
[2025-01-29 23:58:42,965][__main__][INFO] - [8, 22], []
[2025-01-29 23:58:43,022][__main__][INFO] - [8, 26], []
[2025-01-29 23:58:43,039][__main__][INFO] - [8], [26]
[2025-01-29 23:58:43,064][__main__][INFO] - [8, 27], []
[2025-01-29 23:58:43,089][__main__][INFO] - [8, 28], []
[2025-01-29 23:58:43,105][__main__][INFO] - [8, 29], []
[2025-01-29 23:58:43,147][__main__][INFO] - [8, 32], []
[2025-01-29 23:58:43,171][__main__][INFO] - [8, 33], []
[2025-01-29 23:58:43,215][__main__][INFO] - [8, 36], []
[2025-01-29 23:58:43,233][__main__][INFO] - [8, 37], []
[2025-01-29 23:58:43,256][__main__][INFO] - [8, 38], []
[2025-01-29 23:58:43,272][__main__][INFO] - [8, 39], []
[2025-01-29 23:58:43,304][__main__][INFO] - [8, 41], []
[2025-01-29 23:58:43,319][__main__][INFO] - [8], [41]
[2025-01-29 23:58:43,344][__main__][INFO] - [8, 42], []
[2025-01-29 23:58:43,360][__main__][INFO] - [8], [42]
[2025-01-29 23:58:43,388][__main__][INFO] - [8, 43], []
[2025-01-29 23:58:43,404][__main__][INFO] - [8], [43]
[2025-01-29 23:58:43,432][__main__][INFO] - [8, 44], []
[2025-01-29 23:58:43,458][__main__][INFO] - [8, 45], []
[2025-01-29 23:58:43,475][__main__][INFO] - [8, 46], []
[2025-01-29 23:58:43,490][__main__][INFO] - [8, 47], []
[2025-01-29 23:58:43,515][__main__][INFO] - [8, 48], []
[2025-01-29 23:58:43,546][__main__][INFO] - [8, 50], []
[2025-01-29 23:58:43,562][__main__][INFO] - [8, 51], []
[2025-01-29 23:58:43,577][__main__][INFO] - [8, 52], []
[2025-01-29 23:58:43,593][__main__][INFO] - [8, 53], []
[2025-01-29 23:58:43,609][__main__][INFO] - [8, 54], []
[2025-01-29 23:58:43,626][__main__][INFO] - [8, 55], []
[2025-01-29 23:58:43,641][__main__][INFO] - [8, 56], []
[2025-01-29 23:58:43,657][__main__][INFO] - [8, 57], []
[2025-01-29 23:58:43,674][__main__][INFO] - [8, 58], []
[2025-01-29 23:58:43,690][__main__][INFO] - [8, 59], []
[2025-01-29 23:58:43,855][__main__][INFO] - [9, 20], []
[2025-01-29 23:58:43,967][__main__][INFO] - [9, 27], []
[2025-01-29 23:58:44,038][__main__][INFO] - [9, 32], []
[2025-01-29 23:58:44,176][__main__][INFO] - [9], [41]
[2025-01-29 23:58:44,206][__main__][INFO] - [9], [42]
[2025-01-29 23:58:44,235][__main__][INFO] - [9], [43]
[2025-01-29 23:58:44,486][__main__][INFO] - [10, 20], []
[2025-01-29 23:58:44,820][__main__][INFO] - [10, 21], []
[2025-01-29 23:58:44,846][__main__][INFO] - [10, 22], []
[2025-01-29 23:58:44,872][__main__][INFO] - [10, 23], []
[2025-01-29 23:58:44,888][__main__][INFO] - [10, 24], []
[2025-01-29 23:58:44,903][__main__][INFO] - [10, 25], []
[2025-01-29 23:58:44,919][__main__][INFO] - [10, 26], []
[2025-01-29 23:58:44,949][__main__][INFO] - [10], [26]
[2025-01-29 23:58:45,333][__main__][INFO] - [10, 27], []
[2025-01-29 23:58:45,660][__main__][INFO] - [10, 28], []
[2025-01-29 23:58:45,676][__main__][INFO] - [10, 29], []
[2025-01-29 23:58:45,696][__main__][INFO] - [10, 30], []
[2025-01-29 23:58:45,720][__main__][INFO] - [10, 31], []
[2025-01-29 23:58:45,791][__main__][INFO] - [10, 36], []
[2025-01-29 23:58:46,266][__main__][INFO] - [10, 37], []
[2025-01-29 23:58:46,422][__main__][INFO] - [10, 38], []
[2025-01-29 23:58:46,509][__main__][INFO] - [10, 39], []
[2025-01-29 23:58:46,588][__main__][INFO] - [10, 40], []
[2025-01-29 23:58:46,608][__main__][INFO] - [10, 41], []
[2025-01-29 23:58:46,642][__main__][INFO] - [10], [41]
[2025-01-29 23:58:47,019][__main__][INFO] - [10, 42], []
[2025-01-29 23:58:47,037][__main__][INFO] - [10], [42]
[2025-01-29 23:58:47,480][__main__][INFO] - [10, 43], []
[2025-01-29 23:58:47,499][__main__][INFO] - [10], [43]
[2025-01-29 23:58:47,943][__main__][INFO] - [10, 44], []
[2025-01-29 23:58:48,123][__main__][INFO] - [10, 45], []
[2025-01-29 23:58:48,146][__main__][INFO] - [10, 46], []
[2025-01-29 23:58:48,296][__main__][INFO] - [10, 47], []
[2025-01-29 23:58:48,798][__main__][INFO] - [10, 50], []
[2025-01-29 23:58:48,831][__main__][INFO] - [10, 51], []
[2025-01-29 23:58:48,862][__main__][INFO] - [10, 52], []
[2025-01-29 23:58:48,897][__main__][INFO] - [10, 53], []
[2025-01-29 23:58:48,931][__main__][INFO] - [10, 54], []
[2025-01-29 23:58:48,961][__main__][INFO] - [10, 55], []
[2025-01-29 23:58:48,991][__main__][INFO] - [10, 56], []
[2025-01-29 23:58:49,020][__main__][INFO] - [10, 57], []
[2025-01-29 23:58:49,045][__main__][INFO] - [10, 58], []
[2025-01-29 23:58:49,070][__main__][INFO] - [10, 59], []
[2025-01-29 23:58:49,164][__main__][INFO] - [11, 20], []
[2025-01-29 23:58:49,597][__main__][INFO] - [11, 21], []
[2025-01-29 23:58:49,630][__main__][INFO] - [11, 22], []
[2025-01-29 23:58:49,667][__main__][INFO] - [11, 23], []
[2025-01-29 23:58:49,686][__main__][INFO] - [11, 24], []
[2025-01-29 23:58:49,702][__main__][INFO] - [11, 25], []
[2025-01-29 23:58:49,717][__main__][INFO] - [11, 26], []
[2025-01-29 23:58:49,776][__main__][INFO] - [11], [26]
[2025-01-29 23:58:50,280][__main__][INFO] - [11, 27], []
[2025-01-29 23:58:50,710][__main__][INFO] - [11, 28], []
[2025-01-29 23:58:50,727][__main__][INFO] - [11, 29], []
[2025-01-29 23:58:50,755][__main__][INFO] - [11, 30], []
[2025-01-29 23:58:50,780][__main__][INFO] - [11, 31], []
[2025-01-29 23:58:50,796][__main__][INFO] - [11, 32], []
[2025-01-29 23:58:50,933][__main__][INFO] - [11, 34], []
[2025-01-29 23:58:50,963][__main__][INFO] - [11, 36], []
[2025-01-29 23:58:51,349][__main__][INFO] - [11, 37], []
[2025-01-29 23:58:51,593][__main__][INFO] - [11, 38], []
[2025-01-29 23:58:51,689][__main__][INFO] - [11, 39], []
[2025-01-29 23:58:51,782][__main__][INFO] - [11, 40], []
[2025-01-29 23:58:51,802][__main__][INFO] - [11, 41], []
[2025-01-29 23:58:51,865][__main__][INFO] - [11], [41]
[2025-01-29 23:58:52,358][__main__][INFO] - [11, 42], []
[2025-01-29 23:58:52,377][__main__][INFO] - [11], [42]
[2025-01-29 23:58:53,050][__main__][INFO] - [11, 43], []
[2025-01-29 23:58:53,072][__main__][INFO] - [11], [43]
[2025-01-29 23:58:53,709][__main__][INFO] - [11, 44], []
[2025-01-29 23:58:54,277][__main__][INFO] - [11, 45], []
[2025-01-29 23:58:54,329][__main__][INFO] - [11, 47], []
[2025-01-29 23:58:54,723][__main__][INFO] - [11, 48], []
[2025-01-29 23:58:54,837][__main__][INFO] - [11, 49], []
[2025-01-29 23:58:54,855][__main__][INFO] - [11, 50], []
[2025-01-29 23:58:54,900][__main__][INFO] - [11, 51], []
[2025-01-29 23:58:54,934][__main__][INFO] - [11, 52], []
[2025-01-29 23:58:54,970][__main__][INFO] - [11, 53], []
[2025-01-29 23:58:55,008][__main__][INFO] - [11, 54], []
[2025-01-29 23:58:55,041][__main__][INFO] - [11, 55], []
[2025-01-29 23:58:55,073][__main__][INFO] - [11, 56], []
[2025-01-29 23:58:55,103][__main__][INFO] - [11, 57], []
[2025-01-29 23:58:55,130][__main__][INFO] - [11, 58], []
[2025-01-29 23:58:55,156][__main__][INFO] - [11, 59], []
[2025-01-29 23:58:55,257][__main__][INFO] - [12, 20], []
[2025-01-29 23:58:55,658][__main__][INFO] - [12, 21], []
[2025-01-29 23:58:55,701][__main__][INFO] - [12, 22], []
[2025-01-29 23:58:55,752][__main__][INFO] - [12, 23], []
[2025-01-29 23:58:55,774][__main__][INFO] - [12, 24], []
[2025-01-29 23:58:55,790][__main__][INFO] - [12, 25], []
[2025-01-29 23:58:55,805][__main__][INFO] - [12, 26], []
[2025-01-29 23:58:55,870][__main__][INFO] - [12], [26]
[2025-01-29 23:58:56,385][__main__][INFO] - [12, 27], []
[2025-01-29 23:58:56,785][__main__][INFO] - [12, 28], []
[2025-01-29 23:58:56,845][__main__][INFO] - [12, 29], []
[2025-01-29 23:58:56,861][__main__][INFO] - [12, 30], []
[2025-01-29 23:58:56,885][__main__][INFO] - [12, 31], []
[2025-01-29 23:58:56,901][__main__][INFO] - [12, 32], []
[2025-01-29 23:58:57,527][__main__][INFO] - [12, 33], []
[2025-01-29 23:58:57,549][__main__][INFO] - [12, 34], []
[2025-01-29 23:58:57,571][__main__][INFO] - [12, 35], []
[2025-01-29 23:58:57,603][__main__][INFO] - [12, 37], []
