[2025-01-29 09:53:39,367][gurobipy][INFO] - Set parameter TimeLimit to value 600
[2025-01-29 09:53:39,378][gurobipy][INFO] - Gurobi Optimizer version 11.0.2 build v11.0.2rc0 (linux64)
[2025-01-29 09:53:39,378][gurobipy][INFO] - 
[2025-01-29 09:53:39,390][gurobipy][INFO] - CPU model: AMD EPYC 7543 32-Core Processor, instruction set [SSE2|AVX|AVX2]
[2025-01-29 09:53:39,391][gurobipy][INFO] - Thread count: 64 physical cores, 128 logical processors, using up to 32 threads
[2025-01-29 09:53:39,391][gurobipy][INFO] - 
[2025-01-29 09:53:39,391][gurobipy][INFO] - Optimize a model with 52143 rows, 857 columns and 135094 nonzeros
[2025-01-29 09:53:39,392][gurobipy][INFO] - Model fingerprint: 0x6aefeee4
[2025-01-29 09:53:39,392][gurobipy][INFO] - Variable types: 791 continuous, 66 integer (66 binary)
[2025-01-29 09:53:39,392][gurobipy][INFO] - Coefficient statistics:
[2025-01-29 09:53:39,392][gurobipy][INFO] -   Matrix range     [2e-03, 2e+00]
[2025-01-29 09:53:39,392][gurobipy][INFO] -   Objective range  [1e+00, 1e+00]
[2025-01-29 09:53:39,392][gurobipy][INFO] -   Bounds range     [1e+00, 1e+00]
[2025-01-29 09:53:39,392][gurobipy][INFO] -   RHS range        [1e+00, 1e+01]
[2025-01-29 09:53:39,399][gurobipy][INFO] - Found heuristic solution: objective 0.0000000
[2025-01-29 09:53:39,643][gurobipy][INFO] - Presolve removed 18928 rows and 10 columns
[2025-01-29 09:53:39,643][gurobipy][INFO] - Presolve time: 0.24s
[2025-01-29 09:53:39,643][gurobipy][INFO] - Presolved: 33215 rows, 847 columns, 100430 nonzeros
[2025-01-29 09:53:39,664][gurobipy][INFO] - Variable types: 791 continuous, 56 integer (56 binary)
[2025-01-29 09:53:39,693][gurobipy][INFO] - Root relaxation presolved: 847 rows, 34062 columns, 101277 nonzeros
[2025-01-29 09:53:39,693][gurobipy][INFO] - 
[2025-01-29 09:53:39,703][gurobipy][INFO] - 
[2025-01-29 09:53:39,703][gurobipy][INFO] - Root relaxation: objective 1.000000e+00, 52 iterations, 0.04 seconds (0.07 work units)
[2025-01-29 09:53:39,913][gurobipy][INFO] - 
[2025-01-29 09:53:39,913][gurobipy][INFO] -     Nodes    |    Current Node    |     Objective Bounds      |     Work
[2025-01-29 09:53:39,913][gurobipy][INFO] -  Expl Unexpl |  Obj  Depth IntInf | Incumbent    BestBd   Gap | It/Node Time
[2025-01-29 09:53:39,913][gurobipy][INFO] - 
[2025-01-29 09:53:39,913][gurobipy][INFO] -      0     0    1.00000    0    1    0.00000    1.00000      -     -    0s
[2025-01-29 09:53:39,957][gurobipy][INFO] - H    0     0                       0.0112892    1.00000  8758%     -    0s
[2025-01-29 09:53:39,965][gurobipy][INFO] - H    0     0                       0.0122465    1.00000  8066%     -    0s
[2025-01-29 09:53:39,974][gurobipy][INFO] - H    0     0                       0.0189478    1.00000  5178%     -    0s
[2025-01-29 09:53:40,170][gurobipy][INFO] - H    0     0                       0.0270608    1.00000  3595%     -    0s
[2025-01-29 09:53:40,214][gurobipy][INFO] -      0     0    1.00000    0   34    0.02706    1.00000  3595%     -    0s
[2025-01-29 09:53:40,305][gurobipy][INFO] -      0     0    1.00000    0   29    0.02706    1.00000  3595%     -    0s
[2025-01-29 09:53:41,039][gurobipy][INFO] - H    0     0                       0.0336850    1.00000  2869%     -    1s
[2025-01-29 09:53:41,881][gurobipy][INFO] - H    0     0                       0.0729883    1.00000  1270%     -    2s
[2025-01-29 09:53:42,234][gurobipy][INFO] -      0     0    0.96873    0    2    0.07299    0.96873  1227%     -    2s
[2025-01-29 09:53:43,425][gurobipy][INFO] - H    0     0                       0.2642798    0.96873   267%     -    4s
[2025-01-29 09:53:44,365][gurobipy][INFO] -      0     0    0.95648    0   13    0.26428    0.95648   262%     -    4s
[2025-01-29 09:53:44,377][gurobipy][INFO] -      0     0    0.95648    0    9    0.26428    0.95648   262%     -    4s
[2025-01-29 09:53:45,013][gurobipy][INFO] -      0     0    0.84759    0    8    0.26428    0.84759   221%     -    5s
[2025-01-29 09:53:46,205][gurobipy][INFO] -      0     0    0.26428    0   10    0.26428    0.26428  0.00%     -    6s
[2025-01-29 09:53:46,205][gurobipy][INFO] - 
[2025-01-29 09:53:46,205][gurobipy][INFO] - Cutting planes:
[2025-01-29 09:53:46,205][gurobipy][INFO] -   Cover: 1
[2025-01-29 09:53:46,205][gurobipy][INFO] -   Implied bound: 1
[2025-01-29 09:53:46,205][gurobipy][INFO] -   MIR: 6
[2025-01-29 09:53:46,205][gurobipy][INFO] -   RLT: 1
[2025-01-29 09:53:46,206][gurobipy][INFO] - 
[2025-01-29 09:53:46,206][gurobipy][INFO] - Explored 1 nodes (15298 simplex iterations) in 6.82 seconds (15.57 work units)
[2025-01-29 09:53:46,206][gurobipy][INFO] - Thread count was 32 (of 128 available processors)
[2025-01-29 09:53:46,206][gurobipy][INFO] - 
[2025-01-29 09:53:46,206][gurobipy][INFO] - Solution count 8: 0.26428 0.0729883 0.033685 ... 1.86517e-14
[2025-01-29 09:53:46,206][gurobipy][INFO] - No other solutions better than 0.26428
[2025-01-29 09:53:46,206][gurobipy][INFO] - 
[2025-01-29 09:53:46,206][gurobipy][INFO] - Optimal solution found (tolerance 1.00e-04)
[2025-01-29 09:53:46,206][gurobipy][INFO] - Best objective 2.642798323861e-01, best bound 2.642798323861e-01, gap 0.0000%
[2025-01-29 09:53:46,244][__main__][INFO] - Finished size 1000 (1/5)
[2025-01-29 09:53:59,527][gurobipy][INFO] - Set parameter TimeLimit to value 600
[2025-01-29 09:53:59,555][gurobipy][INFO] - Gurobi Optimizer version 11.0.2 build v11.0.2rc0 (linux64)
[2025-01-29 09:53:59,556][gurobipy][INFO] - 
[2025-01-29 09:53:59,568][gurobipy][INFO] - CPU model: AMD EPYC 7543 32-Core Processor, instruction set [SSE2|AVX|AVX2]
[2025-01-29 09:53:59,569][gurobipy][INFO] - Thread count: 64 physical cores, 128 logical processors, using up to 32 threads
[2025-01-29 09:53:59,569][gurobipy][INFO] - 
[2025-01-29 09:53:59,569][gurobipy][INFO] - Optimize a model with 108177 rows, 1706 columns and 280273 nonzeros
[2025-01-29 09:53:59,571][gurobipy][INFO] - Model fingerprint: 0xb96c8ea2
[2025-01-29 09:53:59,571][gurobipy][INFO] - Variable types: 1640 continuous, 66 integer (66 binary)
[2025-01-29 09:53:59,571][gurobipy][INFO] - Coefficient statistics:
[2025-01-29 09:53:59,571][gurobipy][INFO] -   Matrix range     [7e-04, 2e+00]
[2025-01-29 09:53:59,571][gurobipy][INFO] -   Objective range  [1e+00, 1e+00]
[2025-01-29 09:53:59,572][gurobipy][INFO] -   Bounds range     [1e+00, 1e+00]
[2025-01-29 09:53:59,572][gurobipy][INFO] -   RHS range        [1e+00, 1e+01]
[2025-01-29 09:53:59,588][gurobipy][INFO] - Found heuristic solution: objective -0.0000000
[2025-01-29 09:54:00,141][gurobipy][INFO] - Presolve removed 31117 rows and 5 columns
[2025-01-29 09:54:00,141][gurobipy][INFO] - Presolve time: 0.55s
[2025-01-29 09:54:00,141][gurobipy][INFO] - Presolved: 77060 rows, 1701 columns, 232814 nonzeros
[2025-01-29 09:54:00,197][gurobipy][INFO] - Variable types: 1640 continuous, 61 integer (61 binary)
[2025-01-29 09:54:00,278][gurobipy][INFO] - Root relaxation presolved: 1701 rows, 78761 columns, 234515 nonzeros
[2025-01-29 09:54:00,278][gurobipy][INFO] - 
[2025-01-29 09:54:00,421][gurobipy][INFO] - 
[2025-01-29 09:54:00,421][gurobipy][INFO] - Root relaxation: objective 1.000000e+00, 1661 iterations, 0.22 seconds (0.60 work units)
[2025-01-29 09:54:00,426][gurobipy][INFO] - 
[2025-01-29 09:54:00,426][gurobipy][INFO] -     Nodes    |    Current Node    |     Objective Bounds      |     Work
[2025-01-29 09:54:00,426][gurobipy][INFO] -  Expl Unexpl |  Obj  Depth IntInf | Incumbent    BestBd   Gap | It/Node Time
[2025-01-29 09:54:00,426][gurobipy][INFO] - 
[2025-01-29 09:54:00,426][gurobipy][INFO] -      0     0    1.00000    0    1   -0.00000    1.00000      -     -    0s
[2025-01-29 09:54:00,430][gurobipy][INFO] - H    0     0                       0.0105163    1.00000  9409%     -    0s
[2025-01-29 09:54:00,641][gurobipy][INFO] - H    0     0                       0.0173153    1.00000  5675%     -    1s
[2025-01-29 09:54:03,073][gurobipy][INFO] -      0     0    1.00000    0   61    0.01732    1.00000  5675%     -    3s
[2025-01-29 09:54:03,430][gurobipy][INFO] -      0     0    1.00000    0   54    0.01732    1.00000  5675%     -    3s
[2025-01-29 09:54:03,687][gurobipy][INFO] - H    0     0                       0.0993188    1.00000   907%     -    4s
[2025-01-29 09:54:11,178][gurobipy][INFO] -      0     0    1.00000    0   50    0.09932    1.00000   907%     -   11s
[2025-01-29 09:54:11,913][gurobipy][INFO] - H    0     0                       0.1214209    1.00000   724%     -   12s
[2025-01-29 09:54:11,932][gurobipy][INFO] - H    0     0                       0.1228186    1.00000   714%     -   12s
[2025-01-29 09:54:12,379][gurobipy][INFO] -      0     0    1.00000    0   50    0.12282    1.00000   714%     -   12s
[2025-01-29 09:54:21,543][gurobipy][INFO] -      0     0    1.00000    0   45    0.12282    1.00000   714%     -   21s
[2025-01-29 09:54:22,008][gurobipy][INFO] - H    0     0                       0.1977919    1.00000   406%     -   22s
[2025-01-29 09:54:23,274][gurobipy][INFO] -      0     0    1.00000    0   49    0.19779    1.00000   406%     -   23s
[2025-01-29 09:54:32,156][gurobipy][INFO] -      0     0    1.00000    0   35    0.19779    1.00000   406%     -   32s
[2025-01-29 09:54:32,563][gurobipy][INFO] - H    0     0                       0.2023582    1.00000   394%     -   32s
[2025-01-29 09:54:33,630][gurobipy][INFO] -      0     0    1.00000    0   49    0.20236    1.00000   394%     -   34s
[2025-01-29 09:54:39,572][gurobipy][INFO] -      0     0    1.00000    0   47    0.20236    1.00000   394%     -   40s
[2025-01-29 09:54:40,886][gurobipy][INFO] -      0     0    1.00000    0   43    0.20236    1.00000   394%     -   41s
[2025-01-29 09:54:46,759][gurobipy][INFO] -      0     0    1.00000    0   49    0.20236    1.00000   394%     -   47s
[2025-01-29 09:54:52,168][gurobipy][INFO] -      0     0    1.00000    0   49    0.20236    1.00000   394%     -   52s
[2025-01-29 09:54:52,937][gurobipy][INFO] - H    0     0                       0.2521983    1.00000   297%     -   53s
[2025-01-29 09:54:53,001][gurobipy][INFO] - H    0     0                       0.2543676    1.00000   293%     -   53s
[2025-01-29 09:55:06,517][gurobipy][INFO] -      0     2    1.00000    0   49    0.25437    1.00000   293%     -   66s
[2025-01-29 09:55:10,052][gurobipy][INFO] -      9     2    1.00000    5   41    0.25437    1.00000   293%   639   70s
[2025-01-29 09:55:15,268][gurobipy][INFO] -     21     2    1.00000   11    8    0.25437    1.00000   293%   545   75s
[2025-01-29 09:55:20,909][gurobipy][INFO] -     23     4    0.95833   12   35    0.25437    1.00000   293%   794   81s
[2025-01-29 09:55:24,900][gurobipy][INFO] -     53     4    0.93750   20   24    0.25437    0.94117   270%   479   85s
[2025-01-29 09:55:29,672][gurobipy][INFO] -     93     4    0.84895   30   15    0.25437    0.86758   241%   319   90s
[2025-01-29 09:55:34,864][gurobipy][INFO] -    137     4    0.27581   40    9    0.25437    0.27915  9.74%   298   95s
[2025-01-29 09:55:35,312][gurobipy][INFO] - 
[2025-01-29 09:55:35,312][gurobipy][INFO] - Cutting planes:
[2025-01-29 09:55:35,312][gurobipy][INFO] -   Implied bound: 1
[2025-01-29 09:55:35,312][gurobipy][INFO] -   MIR: 20
[2025-01-29 09:55:35,312][gurobipy][INFO] -   RLT: 6
[2025-01-29 09:55:35,315][gurobipy][INFO] - 
[2025-01-29 09:55:35,315][gurobipy][INFO] - Explored 147 nodes (97986 simplex iterations) in 95.75 seconds (248.40 work units)
[2025-01-29 09:55:35,315][gurobipy][INFO] - Thread count was 32 (of 128 available processors)
[2025-01-29 09:55:35,315][gurobipy][INFO] - 
[2025-01-29 09:55:35,315][gurobipy][INFO] - Solution count 10: 0.254368 0.252198 0.202358 ... -0
[2025-01-29 09:55:35,315][gurobipy][INFO] - No other solutions better than 0.254368
[2025-01-29 09:55:35,315][gurobipy][INFO] - 
[2025-01-29 09:55:35,315][gurobipy][INFO] - Optimal solution found (tolerance 1.00e-04)
[2025-01-29 09:55:35,339][gurobipy][INFO] - Best objective 2.543675751223e-01, best bound 2.543675751223e-01, gap 0.0000%
[2025-01-29 09:55:35,430][__main__][INFO] - Finished size 2477 (2/5)
[2025-01-29 09:55:51,652][gurobipy][INFO] - Set parameter TimeLimit to value 600
[2025-01-29 09:55:51,693][gurobipy][INFO] - Gurobi Optimizer version 11.0.2 build v11.0.2rc0 (linux64)
[2025-01-29 09:55:51,693][gurobipy][INFO] - 
[2025-01-29 09:55:51,705][gurobipy][INFO] - CPU model: AMD EPYC 7543 32-Core Processor, instruction set [SSE2|AVX|AVX2]
[2025-01-29 09:55:51,706][gurobipy][INFO] - Thread count: 64 physical cores, 128 logical processors, using up to 32 threads
[2025-01-29 09:55:51,706][gurobipy][INFO] - 
[2025-01-29 09:55:51,706][gurobipy][INFO] - Optimize a model with 202557 rows, 3136 columns and 524803 nonzeros
[2025-01-29 09:55:51,710][gurobipy][INFO] - Model fingerprint: 0x6819a37d
[2025-01-29 09:55:51,710][gurobipy][INFO] - Variable types: 3070 continuous, 66 integer (66 binary)
[2025-01-29 09:55:51,710][gurobipy][INFO] - Coefficient statistics:
[2025-01-29 09:55:51,710][gurobipy][INFO] -   Matrix range     [3e-04, 2e+00]
[2025-01-29 09:55:51,710][gurobipy][INFO] -   Objective range  [1e+00, 1e+00]
[2025-01-29 09:55:51,710][gurobipy][INFO] -   Bounds range     [1e+00, 1e+00]
[2025-01-29 09:55:51,710][gurobipy][INFO] -   RHS range        [1e+00, 1e+01]
[2025-01-29 09:55:51,739][gurobipy][INFO] - Found heuristic solution: objective 0.0000000
[2025-01-29 09:55:52,731][gurobipy][INFO] - Presolve removed 52160 rows and 3 columns
[2025-01-29 09:55:52,731][gurobipy][INFO] - Presolve time: 0.99s
[2025-01-29 09:55:52,731][gurobipy][INFO] - Presolved: 150397 rows, 3133 columns, 454255 nonzeros
[2025-01-29 09:55:52,832][gurobipy][INFO] - Variable types: 3070 continuous, 63 integer (63 binary)
[2025-01-29 09:55:52,990][gurobipy][INFO] - Root relaxation presolved: 3133 rows, 153530 columns, 457388 nonzeros
[2025-01-29 09:55:52,990][gurobipy][INFO] - 
[2025-01-29 09:55:53,042][gurobipy][INFO] - 
[2025-01-29 09:55:53,042][gurobipy][INFO] - Root relaxation: objective 1.000000e+00, 56 iterations, 0.20 seconds (0.37 work units)
[2025-01-29 09:55:53,051][gurobipy][INFO] - 
[2025-01-29 09:55:53,052][gurobipy][INFO] -     Nodes    |    Current Node    |     Objective Bounds      |     Work
[2025-01-29 09:55:53,052][gurobipy][INFO] -  Expl Unexpl |  Obj  Depth IntInf | Incumbent    BestBd   Gap | It/Node Time
[2025-01-29 09:55:53,052][gurobipy][INFO] - 
[2025-01-29 09:55:53,052][gurobipy][INFO] -      0     0    1.00000    0    1    0.00000    1.00000      -     -    1s
[2025-01-29 09:55:53,058][gurobipy][INFO] - H    0     0                       0.0024011    1.00000      -     -    1s
[2025-01-29 09:55:53,080][gurobipy][INFO] - H    0     0                       0.0029478    1.00000      -     -    1s
[2025-01-29 09:55:53,142][gurobipy][INFO] - H    0     0                       0.0056777    1.00000      -     -    1s
[2025-01-29 09:55:53,172][gurobipy][INFO] - H    0     0                       0.0062245    1.00000      -     -    1s
[2025-01-29 09:55:53,326][gurobipy][INFO] - H    0     0                       0.0151847    1.00000  6486%     -    1s
[2025-01-29 09:55:53,529][gurobipy][INFO] -      0     0    1.00000    0    2    0.01518    1.00000  6486%     -    1s
[2025-01-29 09:55:53,831][gurobipy][INFO] - H    0     0                       0.0215297    1.00000  4545%     -    2s
[2025-01-29 09:55:58,179][gurobipy][INFO] -      0     0    1.00000    0   63    0.02153    1.00000  4545%     -    6s
[2025-01-29 09:55:59,653][gurobipy][INFO] -      0     0    1.00000    0   52    0.02153    1.00000  4545%     -    7s
[2025-01-29 09:56:00,470][gurobipy][INFO] -      0     0    1.00000    0   52    0.02153    1.00000  4545%     -    8s
[2025-01-29 09:56:04,127][gurobipy][INFO] -      0     0    1.00000    0    4    0.02153    1.00000  4545%     -   12s
[2025-01-29 09:56:04,211][gurobipy][INFO] - H    0     0                       0.0261435    1.00000  3725%     -   12s
[2025-01-29 09:56:04,455][gurobipy][INFO] -      0     0    1.00000    0    2    0.02614    1.00000  3725%     -   12s
[2025-01-29 09:56:08,833][gurobipy][INFO] -      0     0    1.00000    0   50    0.02614    1.00000  3725%     -   17s
[2025-01-29 09:56:21,589][gurobipy][INFO] -      0     0    1.00000    0   49    0.02614    1.00000  3725%     -   29s
[2025-01-29 09:56:26,353][gurobipy][INFO] -      0     0    1.00000    0   49    0.02614    1.00000  3725%     -   34s
[2025-01-29 09:56:40,700][gurobipy][INFO] -      0     0    1.00000    0   48    0.02614    1.00000  3725%     -   48s
[2025-01-29 09:56:43,923][gurobipy][INFO] -      0     0    1.00000    0   48    0.02614    1.00000  3725%     -   52s
[2025-01-29 09:56:48,047][gurobipy][INFO] -      0     0    1.00000    0   47    0.02614    1.00000  3725%     -   56s
[2025-01-29 09:56:48,609][gurobipy][INFO] - H    0     0                       0.0281679    1.00000  3450%     -   56s
[2025-01-29 09:56:48,760][gurobipy][INFO] - H    0     0                       0.0308266    1.00000  3144%     -   57s
[2025-01-29 09:56:50,754][gurobipy][INFO] -      0     0    1.00000    0   45    0.03083    1.00000  3144%     -   59s
[2025-01-29 09:56:54,921][gurobipy][INFO] -      0     0    1.00000    0   43    0.03083    1.00000  3144%     -   63s
[2025-01-29 09:56:55,660][gurobipy][INFO] - H    0     0                       0.0329566    1.00000  2934%     -   63s
[2025-01-29 09:56:55,802][gurobipy][INFO] -      0     0    1.00000    0   43    0.03296    1.00000  2934%     -   64s
[2025-01-29 09:56:59,669][gurobipy][INFO] -      0     0    1.00000    0   42    0.03296    1.00000  2934%     -   67s
[2025-01-29 09:57:05,541][gurobipy][INFO] -      0     0    1.00000    0   42    0.03296    1.00000  2934%     -   73s
[2025-01-29 09:57:07,298][gurobipy][INFO] - H    0     0                       0.0445079    1.00000  2147%     -   75s
[2025-01-29 09:57:07,735][gurobipy][INFO] - H    0     0                       0.2150335    1.00000   365%     -   76s
[2025-01-29 09:57:07,769][gurobipy][INFO] - H    0     0                       0.2206496    1.00000   353%     -   76s
[2025-01-29 09:57:15,926][gurobipy][INFO] -      0     2    1.00000    0   42    0.22065    1.00000   353%     -   84s
[2025-01-29 09:57:16,973][gurobipy][INFO] -      3     2    1.00000    2   40    0.22065    1.00000   353%  1425   85s
[2025-01-29 09:57:22,484][gurobipy][INFO] -     17     4    1.00000    9   31    0.22065    1.00000   353%   289   90s
[2025-01-29 09:57:22,799][gurobipy][INFO] - *   22     4              10       0.2601398    1.00000   284%   357   91s
[2025-01-29 09:57:23,298][gurobipy][INFO] - *   24     2              11       0.2609897    1.00000   283%   346   91s
[2025-01-29 09:57:28,618][gurobipy][INFO] -     65     6    0.78301   27   14    0.26099    1.00000   283%   401   96s
[2025-01-29 09:57:33,296][gurobipy][INFO] -     75    12    0.72185   29   12    0.26099    0.97511   274%   490  101s
[2025-01-29 09:57:36,990][gurobipy][INFO] -     97    26    0.59915   31   10    0.26099    0.70145   169%   551  105s
[2025-01-29 09:57:41,105][gurobipy][INFO] - 
[2025-01-29 09:57:41,106][gurobipy][INFO] - Cutting planes:
[2025-01-29 09:57:41,106][gurobipy][INFO] -   Cover: 1
[2025-01-29 09:57:41,106][gurobipy][INFO] -   Implied bound: 5
[2025-01-29 09:57:41,106][gurobipy][INFO] -   MIR: 4
[2025-01-29 09:57:41,106][gurobipy][INFO] -   RLT: 8
[2025-01-29 09:57:41,110][gurobipy][INFO] - 
[2025-01-29 09:57:41,110][gurobipy][INFO] - Explored 183 nodes (122287 simplex iterations) in 109.40 seconds (265.80 work units)
[2025-01-29 09:57:41,111][gurobipy][INFO] - Thread count was 32 (of 128 available processors)
[2025-01-29 09:57:41,111][gurobipy][INFO] - 
[2025-01-29 09:57:41,111][gurobipy][INFO] - Solution count 10: 0.26099 0.26014 0.22065 ... 0.0215297
[2025-01-29 09:57:41,111][gurobipy][INFO] - No other solutions better than 0.26099
[2025-01-29 09:57:41,111][gurobipy][INFO] - 
[2025-01-29 09:57:41,111][gurobipy][INFO] - Optimal solution found (tolerance 1.00e-04)
[2025-01-29 09:57:41,112][gurobipy][INFO] - Best objective 2.609896941337e-01, best bound 2.609896941337e-01, gap 0.0000%
[2025-01-29 09:57:41,291][__main__][INFO] - Finished size 6132 (3/5)
[2025-01-29 09:58:11,556][gurobipy][INFO] - Set parameter TimeLimit to value 600
[2025-01-29 09:58:11,646][gurobipy][INFO] - Gurobi Optimizer version 11.0.2 build v11.0.2rc0 (linux64)
[2025-01-29 09:58:11,646][gurobipy][INFO] - 
[2025-01-29 09:58:11,659][gurobipy][INFO] - CPU model: AMD EPYC 7543 32-Core Processor, instruction set [SSE2|AVX|AVX2]
[2025-01-29 09:58:11,659][gurobipy][INFO] - Thread count: 64 physical cores, 128 logical processors, using up to 32 threads
[2025-01-29 09:58:11,659][gurobipy][INFO] - 
[2025-01-29 09:58:11,659][gurobipy][INFO] - Optimize a model with 367425 rows, 5634 columns and 951961 nonzeros
[2025-01-29 09:58:11,666][gurobipy][INFO] - Model fingerprint: 0x9b462846
[2025-01-29 09:58:11,666][gurobipy][INFO] - Variable types: 5568 continuous, 66 integer (66 binary)
[2025-01-29 09:58:11,667][gurobipy][INFO] - Coefficient statistics:
[2025-01-29 09:58:11,667][gurobipy][INFO] -   Matrix range     [1e-04, 2e+00]
[2025-01-29 09:58:11,667][gurobipy][INFO] -   Objective range  [1e+00, 1e+00]
[2025-01-29 09:58:11,667][gurobipy][INFO] -   Bounds range     [1e+00, 1e+00]
[2025-01-29 09:58:11,667][gurobipy][INFO] -   RHS range        [1e+00, 1e+01]
[2025-01-29 09:58:11,721][gurobipy][INFO] - Found heuristic solution: objective 0.0000000
[2025-01-29 09:58:13,625][gurobipy][INFO] - Presolve removed 83504 rows and 1 columns
[2025-01-29 09:58:13,625][gurobipy][INFO] - Presolve time: 1.90s
[2025-01-29 09:58:13,625][gurobipy][INFO] - Presolved: 283921 rows, 5633 columns, 857325 nonzeros
[2025-01-29 09:58:13,806][gurobipy][INFO] - Variable types: 5568 continuous, 65 integer (65 binary)
[2025-01-29 09:58:14,097][gurobipy][INFO] - Root relaxation presolved: 5633 rows, 289554 columns, 862958 nonzeros
[2025-01-29 09:58:14,097][gurobipy][INFO] - 
[2025-01-29 09:58:14,194][gurobipy][INFO] - 
[2025-01-29 09:58:14,194][gurobipy][INFO] - Root relaxation: objective 1.000000e+00, 79 iterations, 0.38 seconds (0.72 work units)
[2025-01-29 09:58:14,211][gurobipy][INFO] - 
[2025-01-29 09:58:14,212][gurobipy][INFO] -     Nodes    |    Current Node    |     Objective Bounds      |     Work
[2025-01-29 09:58:14,212][gurobipy][INFO] -  Expl Unexpl |  Obj  Depth IntInf | Incumbent    BestBd   Gap | It/Node Time
[2025-01-29 09:58:14,212][gurobipy][INFO] - 
[2025-01-29 09:58:14,212][gurobipy][INFO] -      0     0    1.00000    0    1    0.00000    1.00000      -     -    2s
[2025-01-29 09:58:14,221][gurobipy][INFO] - H    0     0                       0.0000077    1.00000      -     -    2s
[2025-01-29 09:58:14,259][gurobipy][INFO] - H    0     0                       0.0000077    1.00000      -     -    2s
[2025-01-29 09:58:14,407][gurobipy][INFO] - H    0     0                       0.0023349    1.00000      -     -    2s
[2025-01-29 09:58:14,481][gurobipy][INFO] - H    0     0                       0.0037366    1.00000      -     -    2s
[2025-01-29 09:58:14,867][gurobipy][INFO] -      0     0    1.00000    0    2    0.00374    1.00000      -     -    3s
[2025-01-29 09:58:15,446][gurobipy][INFO] - H    0     0                       0.0041631    1.00000      -     -    3s
[2025-01-29 09:58:15,613][gurobipy][INFO] -      0     0    1.00000    0    3    0.00416    1.00000      -     -    3s
[2025-01-29 09:58:16,058][gurobipy][INFO] -      0     0    1.00000    0    3    0.00416    1.00000      -     -    4s
[2025-01-29 09:58:16,226][gurobipy][INFO] - H    0     0                       0.0134799    1.00000  7318%     -    4s
[2025-01-29 09:58:16,563][gurobipy][INFO] - H    0     0                       0.0290427    1.00000  3343%     -    4s
[2025-01-29 09:58:30,356][gurobipy][INFO] -      0     0    1.00000    0   65    0.02904    1.00000  3343%     -   18s
[2025-01-29 09:58:33,738][gurobipy][INFO] -      0     0    1.00000    0   48    0.02904    1.00000  3343%     -   22s
[2025-01-29 09:58:35,965][gurobipy][INFO] -      0     0    1.00000    0   48    0.02904    1.00000  3343%     -   24s
[2025-01-29 09:58:43,160][gurobipy][INFO] -      0     0    1.00000    0    3    0.02904    1.00000  3343%     -   31s
[2025-01-29 09:58:43,494][gurobipy][INFO] - H    0     0                       0.0621170    1.00000  1510%     -   31s
[2025-01-29 09:58:43,905][gurobipy][INFO] -      0     0    1.00000    0    3    0.06212    1.00000  1510%     -   32s
[2025-01-29 09:58:44,145][gurobipy][INFO] - H    0     0                       0.0652986    1.00000  1431%     -   32s
[2025-01-29 09:58:52,967][gurobipy][INFO] -      0     0    1.00000    0   41    0.06530    1.00000  1431%     -   41s
[2025-01-29 09:58:54,384][gurobipy][INFO] -      0     0    1.00000    0   34    0.06530    1.00000  1431%     -   42s
[2025-01-29 09:59:07,424][gurobipy][INFO] -      0     0    1.00000    0   33    0.06530    1.00000  1431%     -   55s
[2025-01-29 09:59:08,438][gurobipy][INFO] - H    0     0                       0.0657989    1.00000  1420%     -   56s
[2025-01-29 09:59:08,523][gurobipy][INFO] -      0     0    1.00000    0   33    0.06580    1.00000  1420%     -   56s
[2025-01-29 09:59:20,447][gurobipy][INFO] -      0     0    1.00000    0   32    0.06580    1.00000  1420%     -   68s
[2025-01-29 09:59:21,755][gurobipy][INFO] - H    0     0                       0.2257732    1.00000   343%     -   70s
[2025-01-29 09:59:22,740][gurobipy][INFO] -      0     0    1.00000    0   30    0.22577    1.00000   343%     -   71s
[2025-01-29 09:59:28,295][gurobipy][INFO] -      0     0    1.00000    0   29    0.22577    1.00000   343%     -   76s
[2025-01-29 09:59:37,309][gurobipy][INFO] -      0     0    1.00000    0   29    0.22577    1.00000   343%     -   85s
[2025-01-29 09:59:42,659][gurobipy][INFO] -      0     0    1.00000    0   28    0.22577    1.00000   343%     -   91s
[2025-01-29 09:59:50,782][gurobipy][INFO] -      0     0    1.00000    0   27    0.22577    1.00000   343%     -   99s
[2025-01-29 10:00:01,512][gurobipy][INFO] -      0     0    1.00000    0   27    0.22577    1.00000   343%     -  109s
[2025-01-29 10:00:08,344][gurobipy][INFO] -      0     0    1.00000    0   27    0.22577    1.00000   343%     -  116s
[2025-01-29 10:00:47,101][gurobipy][INFO] -      0     2    1.00000    0   27    0.22577    1.00000   343%     -  155s
[2025-01-29 10:00:51,664][gurobipy][INFO] -      3     2    1.00000    2   24    0.22577    1.00000   343%  1449  160s
[2025-01-29 10:00:57,544][gurobipy][INFO] -     13     2    1.00000    7   19    0.22577    1.00000   343%   657  165s
[2025-01-29 10:01:02,797][gurobipy][INFO] -     19     2    1.00000   10   17    0.22577    1.00000   343%   685  171s
[2025-01-29 10:01:09,381][gurobipy][INFO] -     21     2    1.00000   11   19    0.22577    1.00000   343%  1046  177s
[2025-01-29 10:01:11,880][gurobipy][INFO] -     23     2    1.00000   12   17    0.22577    1.00000   343%  1021  180s
[2025-01-29 10:01:17,994][gurobipy][INFO] -     29     2    1.00000   15   17    0.22577    1.00000   343%   987  186s
[2025-01-29 10:01:24,935][gurobipy][INFO] -     33     4    1.00000   17   15    0.22577    1.00000   343%  1206  193s
[2025-01-29 10:01:33,319][gurobipy][INFO] -     35     5    1.00000   18   13    0.22577    1.00000   343%  1469  201s
[2025-01-29 10:01:42,179][gurobipy][INFO] -     44     4    0.61447   20    9    0.22577    1.00000   343%  1688  210s
[2025-01-29 10:01:46,786][gurobipy][INFO] -     52    10    0.34943   22   11    0.22577    0.46445   106%  1693  215s
[2025-01-29 10:01:46,793][gurobipy][INFO] - *   57    10              22       0.2549389    0.38217  49.9%  1626  215s
[2025-01-29 10:01:48,626][gurobipy][INFO] - H   58     4                       0.2560820    0.38217  49.2%  1598  216s
[2025-01-29 10:01:50,199][gurobipy][INFO] - 
[2025-01-29 10:01:50,199][gurobipy][INFO] - Cutting planes:
[2025-01-29 10:01:50,199][gurobipy][INFO] -   Implied bound: 3
[2025-01-29 10:01:50,199][gurobipy][INFO] -   MIR: 4
[2025-01-29 10:01:50,199][gurobipy][INFO] -   RLT: 5
[2025-01-29 10:01:50,253][gurobipy][INFO] - 
[2025-01-29 10:01:50,253][gurobipy][INFO] - Explored 78 nodes (144955 simplex iterations) in 218.59 seconds (657.36 work units)
[2025-01-29 10:01:50,253][gurobipy][INFO] - Thread count was 32 (of 128 available processors)
[2025-01-29 10:01:50,253][gurobipy][INFO] - 
[2025-01-29 10:01:50,253][gurobipy][INFO] - Solution count 10: 0.256082 0.254939 0.225773 ... 0.0037366
[2025-01-29 10:01:50,253][gurobipy][INFO] - No other solutions better than 0.256082
[2025-01-29 10:01:50,253][gurobipy][INFO] - 
[2025-01-29 10:01:50,254][gurobipy][INFO] - Optimal solution found (tolerance 1.00e-04)
[2025-01-29 10:01:50,256][gurobipy][INFO] - Best objective 2.560819783224e-01, best bound 2.560819783224e-01, gap 0.0000%
[2025-01-29 10:01:50,627][__main__][INFO] - Finished size 15183 (4/5)
[2025-01-29 10:02:43,481][gurobipy][INFO] - Set parameter TimeLimit to value 600
[2025-01-29 10:02:43,628][gurobipy][INFO] - Gurobi Optimizer version 11.0.2 build v11.0.2rc0 (linux64)
[2025-01-29 10:02:43,628][gurobipy][INFO] - 
[2025-01-29 10:02:43,640][gurobipy][INFO] - CPU model: AMD EPYC 7543 32-Core Processor, instruction set [SSE2|AVX|AVX2]
[2025-01-29 10:02:43,641][gurobipy][INFO] - Thread count: 64 physical cores, 128 logical processors, using up to 32 threads
[2025-01-29 10:02:43,641][gurobipy][INFO] - 
[2025-01-29 10:02:43,641][gurobipy][INFO] - Optimize a model with 639543 rows, 9757 columns and 1656994 nonzeros
[2025-01-29 10:02:43,655][gurobipy][INFO] - Model fingerprint: 0x1b3c9a38
[2025-01-29 10:02:43,655][gurobipy][INFO] - Variable types: 9691 continuous, 66 integer (66 binary)
[2025-01-29 10:02:43,656][gurobipy][INFO] - Coefficient statistics:
[2025-01-29 10:02:43,656][gurobipy][INFO] -   Matrix range     [5e-05, 2e+00]
[2025-01-29 10:02:43,656][gurobipy][INFO] -   Objective range  [1e+00, 1e+00]
[2025-01-29 10:02:43,656][gurobipy][INFO] -   Bounds range     [1e+00, 1e+00]
[2025-01-29 10:02:43,656][gurobipy][INFO] -   RHS range        [1e+00, 1e+01]
[2025-01-29 10:02:43,748][gurobipy][INFO] - Found heuristic solution: objective -0.0000000
[2025-01-29 10:02:47,384][gurobipy][INFO] - Presolve removed 145348 rows and 1 columns
[2025-01-29 10:02:47,384][gurobipy][INFO] - Presolve time: 3.64s
[2025-01-29 10:02:47,384][gurobipy][INFO] - Presolved: 494195 rows, 9756 columns, 1492270 nonzeros
[2025-01-29 10:02:47,697][gurobipy][INFO] - Variable types: 9691 continuous, 65 integer (65 binary)
[2025-01-29 10:02:48,281][gurobipy][INFO] - Root relaxation presolved: 9756 rows, 503951 columns, 1502026 nonzeros
[2025-01-29 10:02:48,281][gurobipy][INFO] - 
[2025-01-29 10:02:48,472][gurobipy][INFO] - 
[2025-01-29 10:02:48,473][gurobipy][INFO] - Root relaxation: objective 1.000000e+00, 260 iterations, 0.76 seconds (1.27 work units)
[2025-01-29 10:02:48,532][gurobipy][INFO] - 
[2025-01-29 10:02:48,533][gurobipy][INFO] -     Nodes    |    Current Node    |     Objective Bounds      |     Work
[2025-01-29 10:02:48,533][gurobipy][INFO] -  Expl Unexpl |  Obj  Depth IntInf | Incumbent    BestBd   Gap | It/Node Time
[2025-01-29 10:02:48,533][gurobipy][INFO] - 
[2025-01-29 10:02:48,533][gurobipy][INFO] -      0     0    1.00000    0    1   -0.00000    1.00000      -     -    4s
[2025-01-29 10:02:48,557][gurobipy][INFO] - H    0     0                       0.0054136    1.00000      -     -    4s
[2025-01-29 10:02:48,879][gurobipy][INFO] - H    0     0                       0.0104259    1.00000  9491%     -    5s
[2025-01-29 10:02:49,732][gurobipy][INFO] -      0     0    1.00000    0    2    0.01043    1.00000  9491%     -    6s
[2025-01-29 10:03:19,566][gurobipy][INFO] -      0     0    1.00000    0   65    0.01043    1.00000  9491%     -   35s
[2025-01-29 10:03:22,997][gurobipy][INFO] -      0     0    1.00000    0   58    0.01043    1.00000  9491%     -   39s
[2025-01-29 10:03:32,768][gurobipy][INFO] -      0     0    1.00000    0   57    0.01043    1.00000  9491%     -   49s
[2025-01-29 10:03:36,398][gurobipy][INFO] - H    0     0                       0.0114540    1.00000  8631%     -   52s
[2025-01-29 10:04:21,783][gurobipy][INFO] -      0     0    1.00000    0   57    0.01145    1.00000  8631%     -   98s
[2025-01-29 10:04:45,049][gurobipy][INFO] -      0     0    1.00000    0   56    0.01145    1.00000  8631%     -  121s
[2025-01-29 10:04:48,087][gurobipy][INFO] - H    0     0                       0.0204679    1.00000  4786%     -  124s
[2025-01-29 10:05:29,884][gurobipy][INFO] -      0     0    1.00000    0   56    0.02047    1.00000  4786%     -  166s
[2025-01-29 10:05:57,084][gurobipy][INFO] -      0     0    1.00000    0   55    0.02047    1.00000  4786%     -  193s
[2025-01-29 10:06:00,763][gurobipy][INFO] - H    0     0                       0.2575639    1.00000   288%     -  197s
[2025-01-29 10:06:44,237][gurobipy][INFO] -      0     0    1.00000    0   55    0.25756    1.00000   288%     -  240s
[2025-01-29 10:07:09,062][gurobipy][INFO] -      0     0    1.00000    0   55    0.25756    1.00000   288%     -  265s
[2025-01-29 10:07:12,047][gurobipy][INFO] -      0     0    1.00000    0   55    0.25756    1.00000   288%     -  268s
[2025-01-29 10:07:21,156][gurobipy][INFO] -      0     0    1.00000    0   55    0.25756    1.00000   288%     -  277s
[2025-01-29 10:07:38,386][gurobipy][INFO] -      0     0    1.00000    0   55    0.25756    1.00000   288%     -  294s
[2025-01-29 10:09:00,476][gurobipy][INFO] -      0     2    1.00000    0   55    0.25756    1.00000   288%     -  376s
[2025-01-29 10:09:05,347][gurobipy][INFO] -      3     2    1.00000    2   53    0.25756    1.00000   288%   603  381s
[2025-01-29 10:09:11,172][gurobipy][INFO] -      9     2    1.00000    5   48    0.25756    1.00000   288%   350  387s
[2025-01-29 10:09:16,887][gurobipy][INFO] -     11     2    1.00000    6   44    0.25756    1.00000   288%   362  393s
[2025-01-29 10:09:19,177][gurobipy][INFO] -     15     2    1.00000    8   42    0.25756    1.00000   288%   282  395s
[2025-01-29 10:09:25,372][gurobipy][INFO] -     21     2    1.00000   11   38    0.25756    1.00000   288%   212  401s
[2025-01-29 10:09:31,168][gurobipy][INFO] -     35     2    1.00000   18   24    0.25756    1.00000   288%   234  407s
[2025-01-29 10:09:34,374][gurobipy][INFO] -     41     2    1.00000   21   17    0.25756    1.00000   288%   241  410s
[2025-01-29 10:09:40,381][gurobipy][INFO] -     45     2    1.00000   23   13    0.25756    1.00000   288%   385  416s
[2025-01-29 10:09:44,109][gurobipy][INFO] -     51     2    1.00000   26   10    0.25756    1.00000   288%   429  420s
[2025-01-29 10:09:53,444][gurobipy][INFO] -     59     2    1.00000   30   13    0.25756    1.00000   288%   566  429s
[2025-01-29 10:09:57,156][gurobipy][INFO] -     63     2    1.00000   32    8    0.25756    1.00000   288%   568  433s
[2025-01-29 10:09:58,953][gurobipy][INFO] -     67     2    1.00000   34    9    0.25756    1.00000   288%   621  435s
[2025-01-29 10:10:19,738][gurobipy][INFO] -     71     5    1.00000   36   19    0.25756    1.00000   288%   811  456s
[2025-01-29 10:10:35,600][gurobipy][INFO] -     75     6    1.00000   37   18    0.25756    1.00000   288%  1097  471s
[2025-01-29 10:11:02,523][gurobipy][INFO] -     80     8    1.00000   38   17    0.25756    1.00000   288%  1322  498s
[2025-01-29 10:11:17,688][gurobipy][INFO] -     86    10    1.00000   39   16    0.25756    1.00000   288%  1352  514s
[2025-01-29 10:11:26,365][gurobipy][INFO] -     94    10    1.00000   40   14    0.25756    1.00000   288%  1616  522s
[2025-01-29 10:11:59,769][gurobipy][INFO] -    104    12    0.71908   41   14    0.25756    1.00000   288%  1600  556s
[2025-01-29 10:12:09,437][gurobipy][INFO] -    114    14    0.63676   42   14    0.25756    0.71323   177%  1681  565s
[2025-01-29 10:12:17,414][gurobipy][INFO] - H  126    12                       0.2576731    0.64489   150%  1594  573s
[2025-01-29 10:12:24,787][gurobipy][INFO] -    140     6    0.37974   44   12    0.25767    0.54504   112%  1527  581s
[2025-01-29 10:12:33,941][gurobipy][INFO] -    152     4    0.26887   45   10    0.25767    0.40714  58.0%  1466  590s
[2025-01-29 10:12:38,619][gurobipy][INFO] - 
[2025-01-29 10:12:38,619][gurobipy][INFO] - Cutting planes:
[2025-01-29 10:12:38,619][gurobipy][INFO] -   Implied bound: 3
[2025-01-29 10:12:38,620][gurobipy][INFO] -   MIR: 10
[2025-01-29 10:12:38,620][gurobipy][INFO] -   RLT: 4
[2025-01-29 10:12:38,695][gurobipy][INFO] - 
[2025-01-29 10:12:38,696][gurobipy][INFO] - Explored 166 nodes (281516 simplex iterations) in 595.05 seconds (1720.71 work units)
[2025-01-29 10:12:38,696][gurobipy][INFO] - Thread count was 32 (of 128 available processors)
[2025-01-29 10:12:38,696][gurobipy][INFO] - 
[2025-01-29 10:12:38,696][gurobipy][INFO] - Solution count 7: 0.257673 0.257564 0.0204679 ... -0
[2025-01-29 10:12:38,696][gurobipy][INFO] - No other solutions better than 0.257673
[2025-01-29 10:12:38,696][gurobipy][INFO] - 
[2025-01-29 10:12:38,696][gurobipy][INFO] - Optimal solution found (tolerance 1.00e-04)
[2025-01-29 10:12:38,701][gurobipy][INFO] - Best objective 2.576730742087e-01, best bound 2.576730742087e-01, gap 0.0000%
[2025-01-29 10:12:39,362][__main__][INFO] - Finished size 37595 (5/5)
