[2025-01-29 09:58:14,980][gurobipy][INFO] - Set parameter TimeLimit to value 600
[2025-01-29 09:58:14,992][gurobipy][INFO] - Gurobi Optimizer version 11.0.2 build v11.0.2rc0 (linux64)
[2025-01-29 09:58:14,992][gurobipy][INFO] - 
[2025-01-29 09:58:15,003][gurobipy][INFO] - CPU model: AMD EPYC 7543 32-Core Processor, instruction set [SSE2|AVX|AVX2]
[2025-01-29 09:58:15,003][gurobipy][INFO] - Thread count: 64 physical cores, 128 logical processors, using up to 32 threads
[2025-01-29 09:58:15,003][gurobipy][INFO] - 
[2025-01-29 09:58:15,003][gurobipy][INFO] - Optimize a model with 51747 rows, 851 columns and 134068 nonzeros
[2025-01-29 09:58:15,004][gurobipy][INFO] - Model fingerprint: 0xc9208f90
[2025-01-29 09:58:15,004][gurobipy][INFO] - Variable types: 785 continuous, 66 integer (66 binary)
[2025-01-29 09:58:15,005][gurobipy][INFO] - Coefficient statistics:
[2025-01-29 09:58:15,005][gurobipy][INFO] -   Matrix range     [2e-03, 2e+00]
[2025-01-29 09:58:15,005][gurobipy][INFO] -   Objective range  [1e+00, 1e+00]
[2025-01-29 09:58:15,005][gurobipy][INFO] -   Bounds range     [1e+00, 1e+00]
[2025-01-29 09:58:15,005][gurobipy][INFO] -   RHS range        [1e+00, 1e+01]
[2025-01-29 09:58:15,012][gurobipy][INFO] - Found heuristic solution: objective -0.0000000
[2025-01-29 09:58:15,251][gurobipy][INFO] - Presolve removed 17228 rows and 8 columns
[2025-01-29 09:58:15,251][gurobipy][INFO] - Presolve time: 0.24s
[2025-01-29 09:58:15,251][gurobipy][INFO] - Presolved: 34519 rows, 843 columns, 104336 nonzeros
[2025-01-29 09:58:15,273][gurobipy][INFO] - Variable types: 785 continuous, 58 integer (58 binary)
[2025-01-29 09:58:15,304][gurobipy][INFO] - Root relaxation presolved: 843 rows, 35362 columns, 105179 nonzeros
[2025-01-29 09:58:15,304][gurobipy][INFO] - 
[2025-01-29 09:58:15,318][gurobipy][INFO] - 
[2025-01-29 09:58:15,318][gurobipy][INFO] - Root relaxation: objective 1.000000e+00, 442 iterations, 0.04 seconds (0.10 work units)
[2025-01-29 09:58:15,328][gurobipy][INFO] - 
[2025-01-29 09:58:15,328][gurobipy][INFO] -     Nodes    |    Current Node    |     Objective Bounds      |     Work
[2025-01-29 09:58:15,328][gurobipy][INFO] -  Expl Unexpl |  Obj  Depth IntInf | Incumbent    BestBd   Gap | It/Node Time
[2025-01-29 09:58:15,328][gurobipy][INFO] - 
[2025-01-29 09:58:15,328][gurobipy][INFO] -      0     0    1.00000    0    4   -0.00000    1.00000      -     -    0s
[2025-01-29 09:58:15,334][gurobipy][INFO] - H    0     0                       0.0168712    1.00000  5827%     -    0s
[2025-01-29 09:58:15,419][gurobipy][INFO] - H    0     0                       0.0384670    1.00000  2500%     -    0s
[2025-01-29 09:58:16,193][gurobipy][INFO] -      0     0    1.00000    0   55    0.03847    1.00000  2500%     -    1s
[2025-01-29 09:58:16,269][gurobipy][INFO] -      0     0    1.00000    0   49    0.03847    1.00000  2500%     -    1s
[2025-01-29 09:58:16,436][gurobipy][INFO] - H    0     0                       0.0419399    1.00000  2284%     -    1s
[2025-01-29 09:58:17,121][gurobipy][INFO] - H    0     0                       0.1440660    1.00000   594%     -    2s
[2025-01-29 09:58:19,719][gurobipy][INFO] - H    0     0                       0.2762323    0.96294   249%     -    4s
[2025-01-29 09:58:19,723][gurobipy][INFO] -      0     0    0.96294    0    3    0.27623    0.96294   249%     -    4s
[2025-01-29 09:58:24,251][gurobipy][INFO] -      0     0    0.27623    0    3    0.27623    0.27623  0.00%     -    9s
[2025-01-29 09:58:24,251][gurobipy][INFO] - 
[2025-01-29 09:58:24,251][gurobipy][INFO] - Cutting planes:
[2025-01-29 09:58:24,251][gurobipy][INFO] -   Cover: 1
[2025-01-29 09:58:24,251][gurobipy][INFO] -   MIR: 5
[2025-01-29 09:58:24,251][gurobipy][INFO] -   RLT: 1
[2025-01-29 09:58:24,252][gurobipy][INFO] - 
[2025-01-29 09:58:24,252][gurobipy][INFO] - Explored 1 nodes (20270 simplex iterations) in 9.25 seconds (21.95 work units)
[2025-01-29 09:58:24,252][gurobipy][INFO] - Thread count was 32 (of 128 available processors)
[2025-01-29 09:58:24,252][gurobipy][INFO] - 
[2025-01-29 09:58:24,252][gurobipy][INFO] - Solution count 6: 0.276232 0.144066 0.0419399 ... -0
[2025-01-29 09:58:24,252][gurobipy][INFO] - No other solutions better than 0.276232
[2025-01-29 09:58:24,252][gurobipy][INFO] - 
[2025-01-29 09:58:24,252][gurobipy][INFO] - Optimal solution found (tolerance 1.00e-04)
[2025-01-29 09:58:24,252][gurobipy][INFO] - Best objective 2.762322826317e-01, best bound 2.762322826317e-01, gap 0.0000%
[2025-01-29 09:58:24,290][__main__][INFO] - Finished size 1000 (1/5)
[2025-01-29 09:58:32,777][gurobipy][INFO] - Set parameter TimeLimit to value 600
[2025-01-29 09:58:32,799][gurobipy][INFO] - Gurobi Optimizer version 11.0.2 build v11.0.2rc0 (linux64)
[2025-01-29 09:58:32,799][gurobipy][INFO] - 
[2025-01-29 09:58:32,811][gurobipy][INFO] - CPU model: AMD EPYC 7543 32-Core Processor, instruction set [SSE2|AVX|AVX2]
[2025-01-29 09:58:32,811][gurobipy][INFO] - Thread count: 64 physical cores, 128 logical processors, using up to 32 threads
[2025-01-29 09:58:32,811][gurobipy][INFO] - 
[2025-01-29 09:58:32,811][gurobipy][INFO] - Optimize a model with 109629 rows, 1728 columns and 284035 nonzeros
[2025-01-29 09:58:32,814][gurobipy][INFO] - Model fingerprint: 0x71929404
[2025-01-29 09:58:32,814][gurobipy][INFO] - Variable types: 1662 continuous, 66 integer (66 binary)
[2025-01-29 09:58:32,814][gurobipy][INFO] - Coefficient statistics:
[2025-01-29 09:58:32,814][gurobipy][INFO] -   Matrix range     [6e-04, 2e+00]
[2025-01-29 09:58:32,814][gurobipy][INFO] -   Objective range  [1e+00, 1e+00]
[2025-01-29 09:58:32,814][gurobipy][INFO] -   Bounds range     [1e+00, 1e+00]
[2025-01-29 09:58:32,814][gurobipy][INFO] -   RHS range        [1e+00, 1e+01]
[2025-01-29 09:58:32,829][gurobipy][INFO] - Found heuristic solution: objective -0.0000000
[2025-01-29 09:58:33,338][gurobipy][INFO] - Presolve removed 34854 rows and 7 columns
[2025-01-29 09:58:33,338][gurobipy][INFO] - Presolve time: 0.51s
[2025-01-29 09:58:33,338][gurobipy][INFO] - Presolved: 74775 rows, 1721 columns, 225981 nonzeros
[2025-01-29 09:58:33,387][gurobipy][INFO] - Variable types: 1662 continuous, 59 integer (59 binary)
[2025-01-29 09:58:33,461][gurobipy][INFO] - Root relaxation presolved: 1721 rows, 76496 columns, 227702 nonzeros
[2025-01-29 09:58:33,461][gurobipy][INFO] - 
[2025-01-29 09:58:33,600][gurobipy][INFO] - 
[2025-01-29 09:58:33,600][gurobipy][INFO] - Root relaxation: objective 1.000000e+00, 1591 iterations, 0.21 seconds (0.62 work units)
[2025-01-29 09:58:33,622][gurobipy][INFO] - 
[2025-01-29 09:58:33,622][gurobipy][INFO] -     Nodes    |    Current Node    |     Objective Bounds      |     Work
[2025-01-29 09:58:33,622][gurobipy][INFO] -  Expl Unexpl |  Obj  Depth IntInf | Incumbent    BestBd   Gap | It/Node Time
[2025-01-29 09:58:33,622][gurobipy][INFO] - 
[2025-01-29 09:58:33,622][gurobipy][INFO] -      0     0    1.00000    0    4   -0.00000    1.00000      -     -    0s
[2025-01-29 09:58:33,634][gurobipy][INFO] - H    0     0                       0.0011636    1.00000      -     -    0s
[2025-01-29 09:58:33,676][gurobipy][INFO] - H    0     0                       0.0089758    1.00000      -     -    0s
[2025-01-29 09:58:36,534][gurobipy][INFO] -      0     0    1.00000    0   58    0.00898    1.00000      -     -    3s
[2025-01-29 09:58:36,738][gurobipy][INFO] - H    0     0                       0.0153826    1.00000  6401%     -    3s
[2025-01-29 09:58:38,417][gurobipy][INFO] - H    0     0                       0.0475512    1.00000  2003%     -    5s
[2025-01-29 09:58:44,791][gurobipy][INFO] - H    0     0                       0.0651863    1.00000  1434%     -   11s
[2025-01-29 09:58:46,404][gurobipy][INFO] - H    0     0                       0.1064283    0.97435   816%     -   13s
[2025-01-29 09:58:50,116][gurobipy][INFO] -      0     0    0.97435    0   54    0.10643    0.97435   816%     -   17s
[2025-01-29 09:58:51,034][gurobipy][INFO] - H    0     0                       0.1086052    0.96294   787%     -   18s
[2025-01-29 09:58:51,043][gurobipy][INFO] -      0     0    0.96294    0   50    0.10861    0.96294   787%     -   18s
[2025-01-29 09:59:06,145][gurobipy][INFO] - H    0     0                       0.1771937    0.84287   376%     -   33s
[2025-01-29 09:59:06,148][gurobipy][INFO] - H    0     0                       0.2757932    0.84287   206%     -   33s
[2025-01-29 09:59:06,150][gurobipy][INFO] - H    0     0                       0.2808010    0.84287   200%     -   33s
[2025-01-29 09:59:06,150][gurobipy][INFO] -      0     0    0.28080    0    7    0.28080    0.28080  0.00%     -   33s
[2025-01-29 09:59:06,160][gurobipy][INFO] - 
[2025-01-29 09:59:06,160][gurobipy][INFO] - Cutting planes:
[2025-01-29 09:59:06,160][gurobipy][INFO] -   MIR: 8
[2025-01-29 09:59:06,160][gurobipy][INFO] -   RLT: 7
[2025-01-29 09:59:06,162][gurobipy][INFO] - 
[2025-01-29 09:59:06,162][gurobipy][INFO] - Explored 1 nodes (31981 simplex iterations) in 33.35 seconds (72.49 work units)
[2025-01-29 09:59:06,162][gurobipy][INFO] - Thread count was 32 (of 128 available processors)
[2025-01-29 09:59:06,162][gurobipy][INFO] - 
[2025-01-29 09:59:06,162][gurobipy][INFO] - Solution count 10: 0.280801 0.275793 0.177194 ... 0.00116362
[2025-01-29 09:59:06,163][gurobipy][INFO] - No other solutions better than 0.280801
[2025-01-29 09:59:06,163][gurobipy][INFO] - 
[2025-01-29 09:59:06,163][gurobipy][INFO] - Optimal solution found (tolerance 1.00e-04)
[2025-01-29 09:59:06,163][gurobipy][INFO] - Best objective 2.808009586014e-01, best bound 2.808009586014e-01, gap 0.0000%
[2025-01-29 09:59:06,238][__main__][INFO] - Finished size 2583 (2/5)
[2025-01-29 09:59:25,325][gurobipy][INFO] - Set parameter TimeLimit to value 600
[2025-01-29 09:59:25,373][gurobipy][INFO] - Gurobi Optimizer version 11.0.2 build v11.0.2rc0 (linux64)
[2025-01-29 09:59:25,373][gurobipy][INFO] - 
[2025-01-29 09:59:25,373][gurobipy][INFO] - CPU model: AMD EPYC 7543 32-Core Processor, instruction set [SSE2|AVX|AVX2]
[2025-01-29 09:59:25,373][gurobipy][INFO] - Thread count: 64 physical cores, 128 logical processors, using up to 32 threads
[2025-01-29 09:59:25,373][gurobipy][INFO] - 
[2025-01-29 09:59:25,373][gurobipy][INFO] - Optimize a model with 232389 rows, 3588 columns and 602095 nonzeros
[2025-01-29 09:59:25,378][gurobipy][INFO] - Model fingerprint: 0x81117adb
[2025-01-29 09:59:25,378][gurobipy][INFO] - Variable types: 3522 continuous, 66 integer (66 binary)
[2025-01-29 09:59:25,378][gurobipy][INFO] - Coefficient statistics:
[2025-01-29 09:59:25,378][gurobipy][INFO] -   Matrix range     [2e-04, 2e+00]
[2025-01-29 09:59:25,378][gurobipy][INFO] -   Objective range  [1e+00, 1e+00]
[2025-01-29 09:59:25,378][gurobipy][INFO] -   Bounds range     [1e+00, 1e+00]
[2025-01-29 09:59:25,378][gurobipy][INFO] -   RHS range        [1e+00, 1e+01]
[2025-01-29 09:59:25,412][gurobipy][INFO] - Found heuristic solution: objective -0.0000000
[2025-01-29 09:59:26,533][gurobipy][INFO] - Presolve removed 63367 rows and 4 columns
[2025-01-29 09:59:26,533][gurobipy][INFO] - Presolve time: 1.12s
[2025-01-29 09:59:26,533][gurobipy][INFO] - Presolved: 169022 rows, 3584 columns, 510582 nonzeros
[2025-01-29 09:59:26,643][gurobipy][INFO] - Variable types: 3522 continuous, 62 integer (62 binary)
[2025-01-29 09:59:26,816][gurobipy][INFO] - Root relaxation presolved: 3584 rows, 172606 columns, 514166 nonzeros
[2025-01-29 09:59:26,816][gurobipy][INFO] - 
[2025-01-29 09:59:26,873][gurobipy][INFO] - 
[2025-01-29 09:59:26,873][gurobipy][INFO] - Root relaxation: objective 1.000000e+00, 72 iterations, 0.22 seconds (0.42 work units)
[2025-01-29 09:59:26,884][gurobipy][INFO] - 
[2025-01-29 09:59:26,884][gurobipy][INFO] -     Nodes    |    Current Node    |     Objective Bounds      |     Work
[2025-01-29 09:59:26,884][gurobipy][INFO] -  Expl Unexpl |  Obj  Depth IntInf | Incumbent    BestBd   Gap | It/Node Time
[2025-01-29 09:59:26,884][gurobipy][INFO] - 
[2025-01-29 09:59:26,884][gurobipy][INFO] -      0     0    1.00000    0    1   -0.00000    1.00000      -     -    1s
[2025-01-29 09:59:26,891][gurobipy][INFO] - H    0     0                       0.0206177    1.00000  4750%     -    1s
[2025-01-29 09:59:27,001][gurobipy][INFO] - H    0     0                       0.0477206    1.00000  1996%     -    1s
[2025-01-29 09:59:27,048][gurobipy][INFO] - H    0     0                       0.0481806    1.00000  1976%     -    1s
[2025-01-29 09:59:27,272][gurobipy][INFO] -      0     0    1.00000    0    2    0.04818    1.00000  1976%     -    1s
[2025-01-29 09:59:33,661][gurobipy][INFO] -      0     0    1.00000    0   62    0.04818    1.00000  1976%     -    8s
[2025-01-29 09:59:35,374][gurobipy][INFO] -      0     0    1.00000    0   43    0.04818    1.00000  1976%     -   10s
[2025-01-29 09:59:35,997][gurobipy][INFO] -      0     0    1.00000    0   41    0.04818    1.00000  1976%     -   10s
[2025-01-29 09:59:39,518][gurobipy][INFO] -      0     0    1.00000    0    7    0.04818    1.00000  1976%     -   14s
[2025-01-29 09:59:40,425][gurobipy][INFO] -      0     0    1.00000    0    5    0.04818    1.00000  1976%     -   15s
[2025-01-29 09:59:41,848][gurobipy][INFO] - H    0     0                       0.0596290    1.00000  1577%     -   16s
[2025-01-29 09:59:43,847][gurobipy][INFO] -      0     0    1.00000    0   41    0.05963    1.00000  1577%     -   18s
[2025-01-29 09:59:44,409][gurobipy][INFO] -      0     0    1.00000    0   39    0.05963    1.00000  1577%     -   19s
[2025-01-29 09:59:51,847][gurobipy][INFO] -      0     0    1.00000    0   38    0.05963    1.00000  1577%     -   26s
[2025-01-29 09:59:52,403][gurobipy][INFO] -      0     0    1.00000    0   37    0.05963    1.00000  1577%     -   27s
[2025-01-29 09:59:59,875][gurobipy][INFO] -      0     0    1.00000    0   35    0.05963    1.00000  1577%     -   34s
[2025-01-29 10:00:00,502][gurobipy][INFO] - H    0     0                       0.2782179    1.00000   259%     -   35s
[2025-01-29 10:00:00,675][gurobipy][INFO] -      0     0    1.00000    0   25    0.27822    1.00000   259%     -   35s
[2025-01-29 10:00:04,613][gurobipy][INFO] -      0     0    1.00000    0   22    0.27822    1.00000   259%     -   39s
[2025-01-29 10:00:05,753][gurobipy][INFO] -      0     0    1.00000    0   16    0.27822    1.00000   259%     -   40s
[2025-01-29 10:00:12,072][gurobipy][INFO] -      0     0    1.00000    0   26    0.27822    1.00000   259%     -   46s
[2025-01-29 10:00:13,517][gurobipy][INFO] -      0     0    1.00000    0   26    0.27822    1.00000   259%     -   48s
[2025-01-29 10:00:20,093][gurobipy][INFO] -      0     0    1.00000    0   26    0.27822    1.00000   259%     -   54s
[2025-01-29 10:00:24,916][gurobipy][INFO] -      0     0    1.00000    0   26    0.27822    1.00000   259%     -   59s
[2025-01-29 10:00:40,785][gurobipy][INFO] -      0     2    1.00000    0   26    0.27822    1.00000   259%     -   75s
[2025-01-29 10:00:45,696][gurobipy][INFO] -     17     2    1.00000    9   18    0.27822    1.00000   259%   697   80s
[2025-01-29 10:00:51,296][gurobipy][INFO] -     29     4    0.76716   14   15    0.27822    0.80030   188%   831   85s
[2025-01-29 10:00:56,691][gurobipy][INFO] -     45     8    0.46335   18   12    0.27822    0.57597   107%   707   91s
[2025-01-29 10:00:58,482][gurobipy][INFO] - 
[2025-01-29 10:00:58,482][gurobipy][INFO] - Cutting planes:
[2025-01-29 10:00:58,482][gurobipy][INFO] -   Implied bound: 3
[2025-01-29 10:00:58,482][gurobipy][INFO] -   MIR: 2
[2025-01-29 10:00:58,482][gurobipy][INFO] -   RLT: 3
[2025-01-29 10:00:58,488][gurobipy][INFO] - 
[2025-01-29 10:00:58,488][gurobipy][INFO] - Explored 65 nodes (90990 simplex iterations) in 93.11 seconds (243.56 work units)
[2025-01-29 10:00:58,488][gurobipy][INFO] - Thread count was 32 (of 128 available processors)
[2025-01-29 10:00:58,488][gurobipy][INFO] - 
[2025-01-29 10:00:58,488][gurobipy][INFO] - Solution count 6: 0.278218 0.059629 0.0481806 ... -0
[2025-01-29 10:00:58,488][gurobipy][INFO] - No other solutions better than 0.278218
[2025-01-29 10:00:58,488][gurobipy][INFO] - 
[2025-01-29 10:00:58,488][gurobipy][INFO] - Optimal solution found (tolerance 1.00e-04)
[2025-01-29 10:00:58,490][gurobipy][INFO] - Best objective 2.782178659473e-01, best bound 2.782178659473e-01, gap 0.0000%
[2025-01-29 10:00:58,649][__main__][INFO] - Finished size 6670 (3/5)
[2025-01-29 10:01:32,903][gurobipy][INFO] - Set parameter TimeLimit to value 600
[2025-01-29 10:01:32,994][gurobipy][INFO] - Gurobi Optimizer version 11.0.2 build v11.0.2rc0 (linux64)
[2025-01-29 10:01:32,994][gurobipy][INFO] - 
[2025-01-29 10:01:33,005][gurobipy][INFO] - CPU model: AMD EPYC 7543 32-Core Processor, instruction set [SSE2|AVX|AVX2]
[2025-01-29 10:01:33,005][gurobipy][INFO] - Thread count: 64 physical cores, 128 logical processors, using up to 32 threads
[2025-01-29 10:01:33,005][gurobipy][INFO] - 
[2025-01-29 10:01:33,005][gurobipy][INFO] - Optimize a model with 439761 rows, 6730 columns and 1139377 nonzeros
[2025-01-29 10:01:33,014][gurobipy][INFO] - Model fingerprint: 0xad875e96
[2025-01-29 10:01:33,014][gurobipy][INFO] - Variable types: 6664 continuous, 66 integer (66 binary)
[2025-01-29 10:01:33,015][gurobipy][INFO] - Coefficient statistics:
[2025-01-29 10:01:33,015][gurobipy][INFO] -   Matrix range     [9e-05, 2e+00]
[2025-01-29 10:01:33,015][gurobipy][INFO] -   Objective range  [1e+00, 1e+00]
[2025-01-29 10:01:33,015][gurobipy][INFO] -   Bounds range     [1e+00, 1e+00]
[2025-01-29 10:01:33,015][gurobipy][INFO] -   RHS range        [1e+00, 1e+01]
[2025-01-29 10:01:33,076][gurobipy][INFO] - Found heuristic solution: objective 0.0000000
[2025-01-29 10:01:35,414][gurobipy][INFO] - Presolve removed 119917 rows and 4 columns
[2025-01-29 10:01:35,414][gurobipy][INFO] - Presolve time: 2.34s
[2025-01-29 10:01:35,415][gurobipy][INFO] - Presolved: 319844 rows, 6726 columns, 966190 nonzeros
[2025-01-29 10:01:35,624][gurobipy][INFO] - Variable types: 6664 continuous, 62 integer (62 binary)
[2025-01-29 10:01:35,963][gurobipy][INFO] - Root relaxation presolved: 6726 rows, 326570 columns, 972916 nonzeros
[2025-01-29 10:01:35,963][gurobipy][INFO] - 
[2025-01-29 10:01:36,069][gurobipy][INFO] - 
[2025-01-29 10:01:36,069][gurobipy][INFO] - Root relaxation: objective 1.000000e+00, 15 iterations, 0.43 seconds (0.81 work units)
[2025-01-29 10:01:36,089][gurobipy][INFO] - 
[2025-01-29 10:01:36,089][gurobipy][INFO] -     Nodes    |    Current Node    |     Objective Bounds      |     Work
[2025-01-29 10:01:36,089][gurobipy][INFO] -  Expl Unexpl |  Obj  Depth IntInf | Incumbent    BestBd   Gap | It/Node Time
[2025-01-29 10:01:36,089][gurobipy][INFO] - 
[2025-01-29 10:01:36,089][gurobipy][INFO] -      0     0    1.00000    0    1    0.00000    1.00000      -     -    3s
[2025-01-29 10:01:36,221][gurobipy][INFO] - H    0     0                       0.0011946    1.00000      -     -    3s
[2025-01-29 10:01:36,369][gurobipy][INFO] - H    0     0                       0.0043491    1.00000      -     -    3s
[2025-01-29 10:01:36,903][gurobipy][INFO] -      0     0    1.00000    0    2    0.00435    1.00000      -     -    3s
[2025-01-29 10:01:37,197][gurobipy][INFO] - H    0     0                       0.0298346    1.00000  3252%     -    4s
[2025-01-29 10:01:37,273][gurobipy][INFO] - H    0     0                       0.0490263    1.00000  1940%     -    4s
[2025-01-29 10:01:37,516][gurobipy][INFO] -      0     0    1.00000    0    2    0.04903    1.00000  1940%     -    4s
[2025-01-29 10:01:37,932][gurobipy][INFO] -      0     0    1.00000    0    2    0.04903    1.00000  1940%     -    4s
[2025-01-29 10:01:44,193][gurobipy][INFO] -      0     0    1.00000    0   10    0.04903    1.00000  1940%     -   11s
[2025-01-29 10:01:49,214][gurobipy][INFO] -      0     0    1.00000    0   14    0.04903    1.00000  1940%     -   16s
[2025-01-29 10:01:49,270][gurobipy][INFO] -      0     0    1.00000    0    7    0.04903    1.00000  1940%     -   16s
[2025-01-29 10:02:09,246][gurobipy][INFO] -      0     0    1.00000    0   59    0.04903    1.00000  1940%     -   36s
[2025-01-29 10:02:13,101][gurobipy][INFO] -      0     0    1.00000    0   43    0.04903    1.00000  1940%     -   40s
[2025-01-29 10:02:15,383][gurobipy][INFO] -      0     0    1.00000    0   43    0.04903    1.00000  1940%     -   42s
[2025-01-29 10:02:35,355][gurobipy][INFO] -      0     0    1.00000    0   22    0.04903    1.00000  1940%     -   62s
[2025-01-29 10:02:35,588][gurobipy][INFO] - H    0     0                       0.0576866    1.00000  1634%     -   62s
[2025-01-29 10:02:35,692][gurobipy][INFO] - H    0     0                       0.2722941    1.00000   267%     -   62s
[2025-01-29 10:02:37,063][gurobipy][INFO] -      0     0    1.00000    0   23    0.27229    1.00000   267%     -   64s
[2025-01-29 10:02:37,171][gurobipy][INFO] -      0     0    1.00000    0   14    0.27229    1.00000   267%     -   64s
[2025-01-29 10:02:49,782][gurobipy][INFO] -      0     0    1.00000    0   27    0.27229    1.00000   267%     -   76s
[2025-01-29 10:02:52,620][gurobipy][INFO] -      0     0    1.00000    0   18    0.27229    1.00000   267%     -   79s
[2025-01-29 10:02:59,127][gurobipy][INFO] -      0     0    1.00000    0   18    0.27229    1.00000   267%     -   86s
[2025-01-29 10:03:00,483][gurobipy][INFO] -      0     0    1.00000    0    8    0.27229    1.00000   267%     -   87s
[2025-01-29 10:03:01,296][gurobipy][INFO] -      0     0    1.00000    0    8    0.27229    1.00000   267%     -   88s
[2025-01-29 10:03:04,279][gurobipy][INFO] -      0     0    1.00000    0   20    0.27229    1.00000   267%     -   91s
[2025-01-29 10:03:09,025][gurobipy][INFO] -      0     0    1.00000    0   17    0.27229    1.00000   267%     -   96s
[2025-01-29 10:03:17,040][gurobipy][INFO] -      0     0    1.00000    0   18    0.27229    1.00000   267%     -  104s
[2025-01-29 10:03:23,975][gurobipy][INFO] -      0     0    1.00000    0   18    0.27229    1.00000   267%     -  110s
[2025-01-29 10:03:27,939][gurobipy][INFO] -      0     0    1.00000    0   18    0.27229    1.00000   267%     -  114s
[2025-01-29 10:03:35,411][gurobipy][INFO] -      0     0    1.00000    0   18    0.27229    1.00000   267%     -  122s
[2025-01-29 10:03:38,459][gurobipy][INFO] -      0     0    1.00000    0   18    0.27229    1.00000   267%     -  125s
[2025-01-29 10:03:45,508][gurobipy][INFO] -      0     0    1.00000    0   18    0.27229    1.00000   267%     -  132s
[2025-01-29 10:03:50,575][gurobipy][INFO] -      0     0    1.00000    0   18    0.27229    1.00000   267%     -  137s
[2025-01-29 10:04:25,170][gurobipy][INFO] -      0     2    1.00000    0   18    0.27229    1.00000   267%     -  172s
[2025-01-29 10:04:29,787][gurobipy][INFO] -      9     2    1.00000    5   12    0.27229    1.00000   267%   907  176s
[2025-01-29 10:04:34,308][gurobipy][INFO] -     13     4    1.00000    7   10    0.27229    1.00000   267%  1450  181s
[2025-01-29 10:04:43,228][gurobipy][INFO] -     21     6    1.00000    9   12    0.27229    1.00000   267%  1784  190s
[2025-01-29 10:04:48,698][gurobipy][INFO] -     25     8    0.36060   10   12    0.27229    1.00000   267%  2055  195s
[2025-01-29 10:04:53,648][gurobipy][INFO] -     39     0 infeasible   12         0.27229    1.00000   267%  2002  200s
[2025-01-29 10:04:53,703][gurobipy][INFO] - 
[2025-01-29 10:04:53,704][gurobipy][INFO] - Cutting planes:
[2025-01-29 10:04:53,704][gurobipy][INFO] -   Implied bound: 1
[2025-01-29 10:04:53,704][gurobipy][INFO] -   MIR: 60
[2025-01-29 10:04:53,704][gurobipy][INFO] -   RLT: 13
[2025-01-29 10:04:53,704][gurobipy][INFO] -   Relax-and-lift: 6
[2025-01-29 10:04:53,713][gurobipy][INFO] - 
[2025-01-29 10:04:53,713][gurobipy][INFO] - Explored 45 nodes (151923 simplex iterations) in 200.71 seconds (573.77 work units)
[2025-01-29 10:04:53,714][gurobipy][INFO] - Thread count was 32 (of 128 available processors)
[2025-01-29 10:04:53,714][gurobipy][INFO] - 
[2025-01-29 10:04:53,714][gurobipy][INFO] - Solution count 7: 0.272294 0.0576866 0.0490263 ... 2.06057e-13
[2025-01-29 10:04:53,714][gurobipy][INFO] - No other solutions better than 0.272294
[2025-01-29 10:04:53,714][gurobipy][INFO] - 
[2025-01-29 10:04:53,714][gurobipy][INFO] - Optimal solution found (tolerance 1.00e-04)
[2025-01-29 10:04:53,716][gurobipy][INFO] - Best objective 2.722940566436e-01, best bound 2.722940566436e-01, gap 0.0000%
[2025-01-29 10:04:54,011][__main__][INFO] - Finished size 17225 (4/5)
[2025-01-29 10:05:58,744][gurobipy][INFO] - Set parameter TimeLimit to value 600
[2025-01-29 10:05:58,903][gurobipy][INFO] - Gurobi Optimizer version 11.0.2 build v11.0.2rc0 (linux64)
[2025-01-29 10:05:58,903][gurobipy][INFO] - 
[2025-01-29 10:05:58,914][gurobipy][INFO] - CPU model: AMD EPYC 7543 32-Core Processor, instruction set [SSE2|AVX|AVX2]
[2025-01-29 10:05:58,914][gurobipy][INFO] - Thread count: 64 physical cores, 128 logical processors, using up to 32 threads
[2025-01-29 10:05:58,914][gurobipy][INFO] - 
[2025-01-29 10:05:58,914][gurobipy][INFO] - Optimize a model with 786063 rows, 11977 columns and 2036614 nonzeros
[2025-01-29 10:05:58,930][gurobipy][INFO] - Model fingerprint: 0x8ed0dd60
[2025-01-29 10:05:58,930][gurobipy][INFO] - Variable types: 11911 continuous, 66 integer (66 binary)
[2025-01-29 10:05:58,932][gurobipy][INFO] - Coefficient statistics:
[2025-01-29 10:05:58,932][gurobipy][INFO] -   Matrix range     [3e-05, 2e+00]
[2025-01-29 10:05:58,932][gurobipy][INFO] -   Objective range  [1e+00, 1e+00]
[2025-01-29 10:05:58,932][gurobipy][INFO] -   Bounds range     [1e+00, 1e+00]
[2025-01-29 10:05:58,932][gurobipy][INFO] -   RHS range        [1e+00, 1e+01]
[2025-01-29 10:05:59,048][gurobipy][INFO] - Found heuristic solution: objective 0.0000000
[2025-01-29 10:06:02,118][gurobipy][INFO] - Presolve removed 178650 rows and 1 columns
[2025-01-29 10:06:02,119][gurobipy][INFO] - Presolve time: 3.07s
[2025-01-29 10:06:02,119][gurobipy][INFO] - Presolved: 607413 rows, 11976 columns, 1834144 nonzeros
[2025-01-29 10:06:02,505][gurobipy][INFO] - Variable types: 11911 continuous, 65 integer (65 binary)
[2025-01-29 10:06:03,246][gurobipy][INFO] - Root relaxation presolved: 11976 rows, 619389 columns, 1846120 nonzeros
[2025-01-29 10:06:03,246][gurobipy][INFO] - 
[2025-01-29 10:06:03,247][gurobipy][INFO] - Deterministic concurrent LP optimizer: primal and dual simplex
[2025-01-29 10:06:03,247][gurobipy][INFO] - Showing primal log only...
[2025-01-29 10:06:03,247][gurobipy][INFO] - 
[2025-01-29 10:06:03,417][gurobipy][INFO] - Concurrent spin time: 0.01s
[2025-01-29 10:06:03,417][gurobipy][INFO] - 
[2025-01-29 10:06:03,417][gurobipy][INFO] - Solved with dual simplex
[2025-01-29 10:06:03,464][gurobipy][INFO] - 
[2025-01-29 10:06:03,464][gurobipy][INFO] - Root relaxation: objective 1.000000e+00, 55 iterations, 0.94 seconds (1.51 work units)
[2025-01-29 10:06:03,568][gurobipy][INFO] - 
[2025-01-29 10:06:03,568][gurobipy][INFO] -     Nodes    |    Current Node    |     Objective Bounds      |     Work
[2025-01-29 10:06:03,568][gurobipy][INFO] -  Expl Unexpl |  Obj  Depth IntInf | Incumbent    BestBd   Gap | It/Node Time
[2025-01-29 10:06:03,568][gurobipy][INFO] - 
[2025-01-29 10:06:03,569][gurobipy][INFO] -      0     0    1.00000    0    6    0.00000    1.00000      -     -    4s
[2025-01-29 10:06:03,682][gurobipy][INFO] - H    0     0                       0.0001264    1.00000      -     -    4s
[2025-01-29 10:06:03,889][gurobipy][INFO] - H    0     0                       0.0002303    1.00000      -     -    4s
[2025-01-29 10:06:04,984][gurobipy][INFO] -      0     0    1.00000    0    6    0.00023    1.00000      -     -    6s
[2025-01-29 10:06:56,189][gurobipy][INFO] -      0     0    1.00000    0   65    0.00023    1.00000      -     -   57s
[2025-01-29 10:07:06,273][gurobipy][INFO] -      0     0    1.00000    0   65    0.00023    1.00000      -     -   67s
[2025-01-29 10:07:07,828][gurobipy][INFO] - H    0     0                       0.0045243    1.00000      -     -   68s
[2025-01-29 10:07:08,364][gurobipy][INFO] -      0     0    1.00000    0   65    0.00452    1.00000      -     -   69s
[2025-01-29 10:07:34,863][gurobipy][INFO] -      0     0    1.00000    0   61    0.00452    1.00000      -     -   95s
[2025-01-29 10:07:36,403][gurobipy][INFO] -      0     0    1.00000    0   61    0.00452    1.00000      -     -   97s
[2025-01-29 10:07:48,229][gurobipy][INFO] -      0     0    1.00000    0   61    0.00452    1.00000      -     -  109s
[2025-01-29 10:07:50,402][gurobipy][INFO] -      0     0    1.00000    0   61    0.00452    1.00000      -     -  111s
[2025-01-29 10:08:00,502][gurobipy][INFO] -      0     0    1.00000    0   61    0.00452    1.00000      -     -  121s
[2025-01-29 10:08:02,781][gurobipy][INFO] -      0     0    1.00000    0   61    0.00452    1.00000      -     -  123s
[2025-01-29 10:08:12,906][gurobipy][INFO] -      0     0    1.00000    0   61    0.00452    1.00000      -     -  133s
[2025-01-29 10:08:28,159][gurobipy][INFO] -      0     0    1.00000    0   61    0.00452    1.00000      -     -  149s
[2025-01-29 10:08:37,032][gurobipy][INFO] - H    0     0                       0.0523094    1.00000  1812%     -  158s
[2025-01-29 10:09:00,997][gurobipy][INFO] -      0     2    1.00000    0   61    0.05231    1.00000  1812%     -  182s
[2025-01-29 10:09:04,733][gurobipy][INFO] -      3     2    1.00000    2   59    0.05231    1.00000  1812%  1674  185s
[2025-01-29 10:09:09,987][gurobipy][INFO] -      9     2    1.00000    5   56    0.05231    1.00000  1812%   576  191s
[2025-01-29 10:09:13,988][gurobipy][INFO] -     15     2    1.00000    8   53    0.05231    1.00000  1812%   367  195s
[2025-01-29 10:09:19,942][gurobipy][INFO] -     23     2    1.00000   12   41    0.05231    1.00000  1812%   266  201s
[2025-01-29 10:09:24,800][gurobipy][INFO] -     33     4    1.00000   17   34    0.05231    1.00000  1812%   207  205s
[2025-01-29 10:09:33,298][gurobipy][INFO] -     35     4    1.00000   18   28    0.05231    1.00000  1812%   310  214s
[2025-01-29 10:09:52,390][gurobipy][INFO] -     39     8    1.00000   19   35    0.05231    1.00000  1812%   310  233s
[2025-01-29 10:10:09,948][gurobipy][INFO] -     43    10    1.00000   20   34    0.05231    1.00000  1812%   652  251s
[2025-01-29 10:12:01,612][gurobipy][INFO] -     51    12    0.96666   21   42    0.05231    1.00000  1812%  1174  362s
[2025-01-29 10:12:34,794][gurobipy][INFO] -     61    14    0.96551   22   41    0.05231    0.96666  1748%  1435  395s
[2025-01-29 10:13:05,956][gurobipy][INFO] -     73    20    0.96428   23   40    0.05231    0.96551  1746%  1455  427s
[2025-01-29 10:13:05,969][gurobipy][INFO] - H   75    20                       0.0661771    0.96551  1359%  1418  427s
[2025-01-29 10:13:05,982][gurobipy][INFO] - H   78    20                       0.0874036    0.96551  1005%  1370  427s
[2025-01-29 10:13:15,953][gurobipy][INFO] -     87     6    0.96296   24   39    0.08740    0.96428  1003%  1547  437s
[2025-01-29 10:13:57,453][gurobipy][INFO] -    100     6    0.96153   25   37    0.08740    0.96296  1002%  1370  478s
[2025-01-29 10:14:05,432][gurobipy][INFO] -    106     6    0.96000   26   36    0.08740    0.96154  1000%  1306  486s
[2025-01-29 10:14:23,639][gurobipy][INFO] -    112     8    0.95833   27   35    0.08740    0.96000   998%  1256  504s
[2025-01-29 10:15:35,798][gurobipy][INFO] -    118    10    0.95652   28   33    0.08740    0.95833   996%  1306  576s
[2025-01-29 10:15:58,931][gurobipy][INFO] - H  126    11                       0.1193395    0.95652   702%  1420  600s
[2025-01-29 10:15:58,964][gurobipy][INFO] - 
[2025-01-29 10:15:58,964][gurobipy][INFO] - Cutting planes:
[2025-01-29 10:15:58,964][gurobipy][INFO] -   MIR: 12
[2025-01-29 10:15:58,964][gurobipy][INFO] -   RLT: 10
[2025-01-29 10:15:58,980][gurobipy][INFO] - 
[2025-01-29 10:15:58,981][gurobipy][INFO] - Explored 135 nodes (233594 simplex iterations) in 600.07 seconds (1894.49 work units)
[2025-01-29 10:15:58,981][gurobipy][INFO] - Thread count was 32 (of 128 available processors)
[2025-01-29 10:15:58,981][gurobipy][INFO] - 
[2025-01-29 10:15:58,981][gurobipy][INFO] - Solution count 8: 0.11934 0.0874036 0.0661771 ... 4.37428e-14
[2025-01-29 10:15:58,981][gurobipy][INFO] - 
[2025-01-29 10:15:58,981][gurobipy][INFO] - Time limit reached
[2025-01-29 10:15:58,987][gurobipy][INFO] - Best objective 1.193395316137e-01, best bound 9.565183355276e-01, gap 701.5100%
[2025-01-29 10:15:59,050][pyomo.core][WARNING] - Loading a SolverResults object with an 'aborted' status, but containing a solution
[2025-01-29 10:15:59,529][one_rule][INFO] - Solver did not find an optimal sollution
[2025-01-29 10:15:59,530][__main__][INFO] - Finished size 44482 (5/5)
