[2025-01-29 13:12:14,580][__main__][INFO] - In total, there are 1229 possible subgroups
[2025-01-29 13:12:14,609][__main__][INFO] - [0], []
[2025-01-29 13:12:14,793][__main__][INFO] - [1], []
[2025-01-29 13:12:15,032][__main__][INFO] - [2], []
[2025-01-29 13:12:15,257][__main__][INFO] - [3], []
[2025-01-29 13:12:15,441][__main__][INFO] - [4], []
[2025-01-29 13:12:15,664][__main__][INFO] - [5], []
[2025-01-29 13:12:15,855][__main__][INFO] - [6], []
[2025-01-29 13:12:15,940][__main__][INFO] - [7], []
[2025-01-29 13:12:15,981][__main__][INFO] - [8], []
[2025-01-29 13:12:16,003][__main__][INFO] - [9], []
[2025-01-29 13:12:16,027][__main__][INFO] - [10], []
[2025-01-29 13:12:16,916][__main__][INFO] - [11], []
[2025-01-29 13:12:16,956][__main__][INFO] - [12], []
[2025-01-29 13:12:17,116][__main__][INFO] - [13], []
[2025-01-29 13:12:17,139][__main__][INFO] - [14], []
[2025-01-29 13:12:17,162][__main__][INFO] - [15], []
[2025-01-29 13:12:17,352][__main__][INFO] - [16], []
[2025-01-29 13:12:17,944][__main__][INFO] - [], [16]
[2025-01-29 13:12:18,615][__main__][INFO] - [17], []
[2025-01-29 13:12:18,755][__main__][INFO] - [18], []
[2025-01-29 13:12:19,545][__main__][INFO] - [19], []
[2025-01-29 13:12:19,599][__main__][INFO] - [20], []
[2025-01-29 13:12:19,655][__main__][INFO] - [21], []
[2025-01-29 13:12:19,678][__main__][INFO] - [22], []
[2025-01-29 13:12:19,702][__main__][INFO] - [23], []
[2025-01-29 13:12:19,898][__main__][INFO] - [24], []
[2025-01-29 13:12:19,918][__main__][INFO] - [25], []
[2025-01-29 13:12:19,969][__main__][INFO] - [0, 10], []
[2025-01-29 13:12:20,133][__main__][INFO] - [0, 11], []
[2025-01-29 13:12:20,155][__main__][INFO] - [0, 12], []
[2025-01-29 13:12:20,183][__main__][INFO] - [0, 13], []
[2025-01-29 13:12:20,208][__main__][INFO] - [0, 14], []
[2025-01-29 13:12:20,230][__main__][INFO] - [0, 15], []
[2025-01-29 13:12:20,260][__main__][INFO] - [0, 16], []
[2025-01-29 13:12:20,355][__main__][INFO] - [0], [16]
[2025-01-29 13:12:20,455][__main__][INFO] - [0, 17], []
[2025-01-29 13:12:20,497][__main__][INFO] - [0, 18], []
[2025-01-29 13:12:20,612][__main__][INFO] - [0, 19], []
[2025-01-29 13:12:20,656][__main__][INFO] - [0, 20], []
[2025-01-29 13:12:20,684][__main__][INFO] - [0, 21], []
[2025-01-29 13:12:20,708][__main__][INFO] - [0, 22], []
[2025-01-29 13:12:20,735][__main__][INFO] - [0, 23], []
[2025-01-29 13:12:20,772][__main__][INFO] - [0, 24], []
[2025-01-29 13:12:20,824][__main__][INFO] - [1, 10], []
[2025-01-29 13:12:21,016][__main__][INFO] - [1, 11], []
[2025-01-29 13:12:21,041][__main__][INFO] - [1, 12], []
[2025-01-29 13:12:21,078][__main__][INFO] - [1, 13], []
[2025-01-29 13:12:21,100][__main__][INFO] - [1, 14], []
[2025-01-29 13:12:21,122][__main__][INFO] - [1, 15], []
[2025-01-29 13:12:21,162][__main__][INFO] - [1, 16], []
[2025-01-29 13:12:21,280][__main__][INFO] - [1], [16]
[2025-01-29 13:12:21,408][__main__][INFO] - [1, 17], []
[2025-01-29 13:12:21,454][__main__][INFO] - [1, 18], []
[2025-01-29 13:12:21,597][__main__][INFO] - [1, 19], []
[2025-01-29 13:12:21,627][__main__][INFO] - [1, 20], []
[2025-01-29 13:12:21,655][__main__][INFO] - [1, 21], []
[2025-01-29 13:12:21,677][__main__][INFO] - [1, 22], []
[2025-01-29 13:12:21,703][__main__][INFO] - [1, 23], []
[2025-01-29 13:12:21,756][__main__][INFO] - [1, 24], []
[2025-01-29 13:12:21,812][__main__][INFO] - [2, 10], []
[2025-01-29 13:12:21,964][__main__][INFO] - [2, 11], []
[2025-01-29 13:12:21,990][__main__][INFO] - [2, 12], []
[2025-01-29 13:12:22,036][__main__][INFO] - [2, 13], []
[2025-01-29 13:12:22,058][__main__][INFO] - [2, 14], []
[2025-01-29 13:12:22,081][__main__][INFO] - [2, 15], []
[2025-01-29 13:12:22,135][__main__][INFO] - [2, 16], []
[2025-01-29 13:12:22,243][__main__][INFO] - [2], [16]
[2025-01-29 13:12:22,372][__main__][INFO] - [2, 17], []
[2025-01-29 13:12:22,415][__main__][INFO] - [2, 18], []
[2025-01-29 13:12:22,552][__main__][INFO] - [2, 19], []
[2025-01-29 13:12:22,580][__main__][INFO] - [2, 20], []
[2025-01-29 13:12:22,607][__main__][INFO] - [2, 21], []
[2025-01-29 13:12:22,629][__main__][INFO] - [2, 22], []
[2025-01-29 13:12:22,655][__main__][INFO] - [2, 23], []
[2025-01-29 13:12:22,708][__main__][INFO] - [2, 24], []
[2025-01-29 13:12:22,770][__main__][INFO] - [3, 10], []
[2025-01-29 13:12:22,880][__main__][INFO] - [3, 11], []
[2025-01-29 13:12:22,906][__main__][INFO] - [3, 12], []
[2025-01-29 13:12:22,956][__main__][INFO] - [3, 13], []
[2025-01-29 13:12:22,979][__main__][INFO] - [3, 14], []
[2025-01-29 13:12:23,005][__main__][INFO] - [3, 15], []
[2025-01-29 13:12:23,058][__main__][INFO] - [3, 16], []
[2025-01-29 13:12:23,149][__main__][INFO] - [3], [16]
[2025-01-29 13:12:23,251][__main__][INFO] - [3, 17], []
[2025-01-29 13:12:23,291][__main__][INFO] - [3, 18], []
[2025-01-29 13:12:23,402][__main__][INFO] - [3, 19], []
[2025-01-29 13:12:23,427][__main__][INFO] - [3, 20], []
[2025-01-29 13:12:23,454][__main__][INFO] - [3, 21], []
[2025-01-29 13:12:23,476][__main__][INFO] - [3, 22], []
[2025-01-29 13:12:23,498][__main__][INFO] - [3, 23], []
[2025-01-29 13:12:23,546][__main__][INFO] - [3, 24], []
[2025-01-29 13:12:23,604][__main__][INFO] - [4, 10], []
[2025-01-29 13:12:23,742][__main__][INFO] - [4, 11], []
[2025-01-29 13:12:23,767][__main__][INFO] - [4, 12], []
[2025-01-29 13:12:23,820][__main__][INFO] - [4, 13], []
[2025-01-29 13:12:23,846][__main__][INFO] - [4, 14], []
[2025-01-29 13:12:23,868][__main__][INFO] - [4, 15], []
[2025-01-29 13:12:23,929][__main__][INFO] - [4, 16], []
[2025-01-29 13:12:24,041][__main__][INFO] - [4], [16]
[2025-01-29 13:12:24,165][__main__][INFO] - [4, 17], []
[2025-01-29 13:12:24,205][__main__][INFO] - [4, 18], []
[2025-01-29 13:12:24,354][__main__][INFO] - [4, 19], []
[2025-01-29 13:12:24,379][__main__][INFO] - [4, 20], []
[2025-01-29 13:12:24,407][__main__][INFO] - [4, 21], []
[2025-01-29 13:12:24,429][__main__][INFO] - [4, 22], []
[2025-01-29 13:12:24,455][__main__][INFO] - [4, 23], []
[2025-01-29 13:12:24,509][__main__][INFO] - [4, 24], []
[2025-01-29 13:12:24,569][__main__][INFO] - [5, 10], []
[2025-01-29 13:12:24,700][__main__][INFO] - [5, 11], []
[2025-01-29 13:12:24,726][__main__][INFO] - [5, 12], []
[2025-01-29 13:12:24,771][__main__][INFO] - [5, 13], []
[2025-01-29 13:12:24,793][__main__][INFO] - [5, 14], []
[2025-01-29 13:12:24,819][__main__][INFO] - [5, 15], []
[2025-01-29 13:12:24,865][__main__][INFO] - [5, 16], []
[2025-01-29 13:12:24,963][__main__][INFO] - [5], [16]
[2025-01-29 13:12:25,075][__main__][INFO] - [5, 17], []
[2025-01-29 13:12:25,110][__main__][INFO] - [5, 18], []
[2025-01-29 13:12:25,245][__main__][INFO] - [5, 19], []
[2025-01-29 13:12:25,270][__main__][INFO] - [5, 20], []
[2025-01-29 13:12:25,301][__main__][INFO] - [5, 21], []
[2025-01-29 13:12:25,323][__main__][INFO] - [5, 22], []
[2025-01-29 13:12:25,345][__main__][INFO] - [5, 23], []
[2025-01-29 13:12:25,389][__main__][INFO] - [5, 24], []
[2025-01-29 13:12:25,440][__main__][INFO] - [6, 10], []
[2025-01-29 13:12:25,507][__main__][INFO] - [6, 11], []
[2025-01-29 13:12:25,530][__main__][INFO] - [6, 12], []
[2025-01-29 13:12:25,560][__main__][INFO] - [6, 13], []
[2025-01-29 13:12:25,583][__main__][INFO] - [6, 14], []
[2025-01-29 13:12:25,605][__main__][INFO] - [6, 15], []
[2025-01-29 13:12:25,633][__main__][INFO] - [6, 16], []
[2025-01-29 13:12:25,686][__main__][INFO] - [6], [16]
[2025-01-29 13:12:25,742][__main__][INFO] - [6, 17], []
[2025-01-29 13:12:25,766][__main__][INFO] - [6, 18], []
[2025-01-29 13:12:25,833][__main__][INFO] - [6, 19], []
[2025-01-29 13:12:25,855][__main__][INFO] - [6, 20], []
[2025-01-29 13:12:25,879][__main__][INFO] - [6, 21], []
[2025-01-29 13:12:25,903][__main__][INFO] - [6, 22], []
[2025-01-29 13:12:25,924][__main__][INFO] - [6, 23], []
[2025-01-29 13:12:25,953][__main__][INFO] - [6, 24], []
[2025-01-29 13:12:26,005][__main__][INFO] - [7, 10], []
[2025-01-29 13:12:26,042][__main__][INFO] - [7, 11], []
[2025-01-29 13:12:26,064][__main__][INFO] - [7, 12], []
[2025-01-29 13:12:26,092][__main__][INFO] - [7, 13], []
[2025-01-29 13:12:26,114][__main__][INFO] - [7, 14], []
[2025-01-29 13:12:26,137][__main__][INFO] - [7, 15], []
[2025-01-29 13:12:26,160][__main__][INFO] - [7, 16], []
[2025-01-29 13:12:26,189][__main__][INFO] - [7], [16]
[2025-01-29 13:12:26,222][__main__][INFO] - [7, 17], []
[2025-01-29 13:12:26,244][__main__][INFO] - [7, 18], []
[2025-01-29 13:12:26,281][__main__][INFO] - [7, 19], []
[2025-01-29 13:12:26,303][__main__][INFO] - [7, 20], []
[2025-01-29 13:12:26,325][__main__][INFO] - [7, 21], []
[2025-01-29 13:12:26,364][__main__][INFO] - [7, 23], []
[2025-01-29 13:12:26,432][__main__][INFO] - [8, 10], []
[2025-01-29 13:12:26,460][__main__][INFO] - [8, 11], []
[2025-01-29 13:12:26,481][__main__][INFO] - [8, 12], []
[2025-01-29 13:12:26,532][__main__][INFO] - [8, 15], []
[2025-01-29 13:12:26,558][__main__][INFO] - [8, 16], []
[2025-01-29 13:12:26,584][__main__][INFO] - [8], [16]
[2025-01-29 13:12:26,608][__main__][INFO] - [8, 17], []
[2025-01-29 13:12:26,634][__main__][INFO] - [8, 18], []
[2025-01-29 13:12:26,658][__main__][INFO] - [8, 19], []
[2025-01-29 13:12:26,680][__main__][INFO] - [8, 20], []
[2025-01-29 13:12:26,736][__main__][INFO] - [8, 23], []
[2025-01-29 13:12:26,815][__main__][INFO] - [9, 10], []
[2025-01-29 13:12:26,856][__main__][INFO] - [9, 12], []
[2025-01-29 13:12:26,932][__main__][INFO] - [9, 16], []
[2025-01-29 13:12:26,958][__main__][INFO] - [9], [16]
[2025-01-29 13:12:26,995][__main__][INFO] - [9, 18], []
[2025-01-29 13:12:27,086][__main__][INFO] - [9, 23], []
[2025-01-29 13:12:27,157][__main__][INFO] - [10, 16], []
[2025-01-29 13:12:27,568][__main__][INFO] - [10], [16]
[2025-01-29 13:12:28,023][__main__][INFO] - [10, 17], []
[2025-01-29 13:12:28,099][__main__][INFO] - [10, 18], []
[2025-01-29 13:12:28,743][__main__][INFO] - [10, 19], []
[2025-01-29 13:12:28,796][__main__][INFO] - [10, 20], []
[2025-01-29 13:12:28,851][__main__][INFO] - [10, 21], []
[2025-01-29 13:12:28,880][__main__][INFO] - [10, 22], []
[2025-01-29 13:12:28,902][__main__][INFO] - [10, 23], []
[2025-01-29 13:12:28,966][__main__][INFO] - [10, 24], []
[2025-01-29 13:12:28,992][__main__][INFO] - [10, 25], []
[2025-01-29 13:12:29,030][__main__][INFO] - [11, 16], []
[2025-01-29 13:12:29,060][__main__][INFO] - [11], [16]
[2025-01-29 13:12:29,094][__main__][INFO] - [11, 17], []
[2025-01-29 13:12:29,116][__main__][INFO] - [11, 18], []
[2025-01-29 13:12:29,157][__main__][INFO] - [11, 19], []
[2025-01-29 13:12:29,179][__main__][INFO] - [11, 20], []
[2025-01-29 13:12:29,233][__main__][INFO] - [11, 23], []
[2025-01-29 13:12:29,315][__main__][INFO] - [12, 16], []
[2025-01-29 13:12:29,401][__main__][INFO] - [12], [16]
[2025-01-29 13:12:29,492][__main__][INFO] - [12, 17], []
[2025-01-29 13:12:29,514][__main__][INFO] - [12, 18], []
[2025-01-29 13:12:29,545][__main__][INFO] - [12, 19], []
[2025-01-29 13:12:29,569][__main__][INFO] - [12, 20], []
[2025-01-29 13:12:29,622][__main__][INFO] - [12, 23], []
[2025-01-29 13:12:29,822][__main__][INFO] - [13, 16], []
[2025-01-29 13:12:29,846][__main__][INFO] - [13], [16]
[2025-01-29 13:12:29,870][__main__][INFO] - [13, 17], []
[2025-01-29 13:12:29,895][__main__][INFO] - [13, 18], []
[2025-01-29 13:12:29,922][__main__][INFO] - [13, 19], []
[2025-01-29 13:12:29,944][__main__][INFO] - [13, 20], []
[2025-01-29 13:12:30,010][__main__][INFO] - [13, 23], []
[2025-01-29 13:12:30,077][__main__][INFO] - [14, 16], []
[2025-01-29 13:12:30,104][__main__][INFO] - [14], [16]
[2025-01-29 13:12:30,147][__main__][INFO] - [14, 18], []
[2025-01-29 13:12:30,173][__main__][INFO] - [14, 19], []
[2025-01-29 13:12:30,225][__main__][INFO] - [14, 22], []
[2025-01-29 13:12:30,247][__main__][INFO] - [14, 23], []
[2025-01-29 13:12:30,322][__main__][INFO] - [15, 16], []
[2025-01-29 13:12:30,412][__main__][INFO] - [15], [16]
[2025-01-29 13:12:30,525][__main__][INFO] - [15, 17], []
[2025-01-29 13:12:30,607][__main__][INFO] - [15, 18], []
[2025-01-29 13:12:30,719][__main__][INFO] - [15, 19], []
[2025-01-29 13:12:30,743][__main__][INFO] - [15, 20], []
[2025-01-29 13:12:30,768][__main__][INFO] - [15, 21], []
[2025-01-29 13:12:30,793][__main__][INFO] - [15, 22], []
[2025-01-29 13:12:30,814][__main__][INFO] - [15, 23], []
[2025-01-29 13:12:30,838][__main__][INFO] - [15, 24], []
[2025-01-29 13:12:30,890][__main__][INFO] - [16, 17], []
[2025-01-29 13:12:30,961][__main__][INFO] - [16, 18], []
[2025-01-29 13:12:31,313][__main__][INFO] - [16, 19], []
[2025-01-29 13:12:31,355][__main__][INFO] - [16, 20], []
[2025-01-29 13:12:31,393][__main__][INFO] - [16, 21], []
[2025-01-29 13:12:31,417][__main__][INFO] - [16, 22], []
[2025-01-29 13:12:31,440][__main__][INFO] - [16, 23], []
[2025-01-29 13:12:31,542][__main__][INFO] - [16, 24], []
[2025-01-29 13:12:31,598][__main__][INFO] - [17], [16]
[2025-01-29 13:12:31,683][__main__][INFO] - [18], [16]
[2025-01-29 13:12:32,094][__main__][INFO] - [19], [16]
[2025-01-29 13:12:32,135][__main__][INFO] - [20], [16]
[2025-01-29 13:12:32,177][__main__][INFO] - [21], [16]
[2025-01-29 13:12:32,203][__main__][INFO] - [22], [16]
[2025-01-29 13:12:32,229][__main__][INFO] - [23], [16]
[2025-01-29 13:12:32,333][__main__][INFO] - [24], [16]
[2025-01-29 13:12:32,432][__main__][INFO] - [0, 10, 16], []
[2025-01-29 13:12:32,523][__main__][INFO] - [0, 10], [16]
[2025-01-29 13:12:32,617][__main__][INFO] - [0, 10, 17], []
[2025-01-29 13:12:32,660][__main__][INFO] - [0, 10, 18], []
[2025-01-29 13:12:32,771][__main__][INFO] - [0, 10, 19], []
[2025-01-29 13:12:32,803][__main__][INFO] - [0, 10, 20], []
[2025-01-29 13:12:32,832][__main__][INFO] - [0, 10, 21], []
[2025-01-29 13:12:32,857][__main__][INFO] - [0, 10, 22], []
[2025-01-29 13:12:32,880][__main__][INFO] - [0, 10, 23], []
[2025-01-29 13:12:32,913][__main__][INFO] - [0, 10, 24], []
[2025-01-29 13:12:32,970][__main__][INFO] - [0, 11, 16], []
[2025-01-29 13:12:32,998][__main__][INFO] - [0, 11], [16]
[2025-01-29 13:12:33,040][__main__][INFO] - [0, 11, 18], []
[2025-01-29 13:12:33,069][__main__][INFO] - [0, 11, 19], []
[2025-01-29 13:12:33,152][__main__][INFO] - [0, 11, 23], []
[2025-01-29 13:12:33,231][__main__][INFO] - [0, 12, 16], []
[2025-01-29 13:12:33,258][__main__][INFO] - [0, 12], [16]
[2025-01-29 13:12:33,307][__main__][INFO] - [0, 12, 18], []
[2025-01-29 13:12:33,332][__main__][INFO] - [0, 12, 19], []
[2025-01-29 13:12:33,413][__main__][INFO] - [0, 12, 23], []
[2025-01-29 13:12:33,487][__main__][INFO] - [0, 13, 16], []
[2025-01-29 13:12:33,514][__main__][INFO] - [0, 13], [16]
[2025-01-29 13:12:33,554][__main__][INFO] - [0, 13, 18], []
[2025-01-29 13:12:33,594][__main__][INFO] - [0, 13, 20], []
[2025-01-29 13:12:33,712][__main__][INFO] - [0, 14, 16], []
[2025-01-29 13:12:33,739][__main__][INFO] - [0, 14], [16]
[2025-01-29 13:12:33,779][__main__][INFO] - [0, 14, 18], []
[2025-01-29 13:12:33,860][__main__][INFO] - [0, 14, 22], []
[2025-01-29 13:12:33,947][__main__][INFO] - [0, 15, 16], []
[2025-01-29 13:12:33,977][__main__][INFO] - [0, 15], [16]
[2025-01-29 13:12:34,004][__main__][INFO] - [0, 15, 17], []
[2025-01-29 13:12:34,030][__main__][INFO] - [0, 15, 18], []
[2025-01-29 13:12:34,058][__main__][INFO] - [0, 15, 19], []
[2025-01-29 13:12:34,082][__main__][INFO] - [0, 15, 20], []
[2025-01-29 13:12:34,107][__main__][INFO] - [0, 15, 21], []
[2025-01-29 13:12:34,149][__main__][INFO] - [0, 15, 23], []
[2025-01-29 13:12:34,221][__main__][INFO] - [0, 16, 17], []
[2025-01-29 13:12:34,253][__main__][INFO] - [0, 16, 18], []
[2025-01-29 13:12:34,322][__main__][INFO] - [0, 16, 19], []
[2025-01-29 13:12:34,350][__main__][INFO] - [0, 16, 20], []
[2025-01-29 13:12:34,377][__main__][INFO] - [0, 16, 21], []
[2025-01-29 13:12:34,402][__main__][INFO] - [0, 16, 22], []
[2025-01-29 13:12:34,425][__main__][INFO] - [0, 16, 23], []
[2025-01-29 13:12:34,457][__main__][INFO] - [0, 16, 24], []
[2025-01-29 13:12:34,511][__main__][INFO] - [0, 17], [16]
[2025-01-29 13:12:34,544][__main__][INFO] - [0, 18], [16]
[2025-01-29 13:12:34,610][__main__][INFO] - [0, 19], [16]
[2025-01-29 13:12:34,638][__main__][INFO] - [0, 20], [16]
[2025-01-29 13:12:34,665][__main__][INFO] - [0, 21], [16]
[2025-01-29 13:12:34,690][__main__][INFO] - [0, 22], [16]
[2025-01-29 13:12:34,714][__main__][INFO] - [0, 23], [16]
[2025-01-29 13:12:34,746][__main__][INFO] - [0, 24], [16]
[2025-01-29 13:12:34,816][__main__][INFO] - [1, 10, 16], []
[2025-01-29 13:12:34,915][__main__][INFO] - [1, 10], [16]
[2025-01-29 13:12:35,021][__main__][INFO] - [1, 10, 17], []
[2025-01-29 13:12:35,066][__main__][INFO] - [1, 10, 18], []
[2025-01-29 13:12:35,195][__main__][INFO] - [1, 10, 19], []
[2025-01-29 13:12:35,227][__main__][INFO] - [1, 10, 20], []
[2025-01-29 13:12:35,258][__main__][INFO] - [1, 10, 21], []
[2025-01-29 13:12:35,287][__main__][INFO] - [1, 10, 22], []
[2025-01-29 13:12:35,312][__main__][INFO] - [1, 10, 23], []
[2025-01-29 13:12:35,352][__main__][INFO] - [1, 10, 24], []
[2025-01-29 13:12:35,408][__main__][INFO] - [1, 11, 16], []
[2025-01-29 13:12:35,434][__main__][INFO] - [1, 11], [16]
[2025-01-29 13:12:35,476][__main__][INFO] - [1, 11, 18], []
[2025-01-29 13:12:35,506][__main__][INFO] - [1, 11, 19], []
[2025-01-29 13:12:35,530][__main__][INFO] - [1, 11, 20], []
[2025-01-29 13:12:35,591][__main__][INFO] - [1, 11, 23], []
[2025-01-29 13:12:35,680][__main__][INFO] - [1, 12, 16], []
[2025-01-29 13:12:35,711][__main__][INFO] - [1, 12], [16]
[2025-01-29 13:12:35,760][__main__][INFO] - [1, 12, 18], []
[2025-01-29 13:12:35,785][__main__][INFO] - [1, 12, 19], []
[2025-01-29 13:12:35,857][__main__][INFO] - [1, 12, 23], []
[2025-01-29 13:12:35,942][__main__][INFO] - [1, 13, 16], []
[2025-01-29 13:12:35,967][__main__][INFO] - [1, 13], [16]
[2025-01-29 13:12:36,008][__main__][INFO] - [1, 13, 18], []
[2025-01-29 13:12:36,051][__main__][INFO] - [1, 13, 20], []
[2025-01-29 13:12:36,188][__main__][INFO] - [1, 14, 16], []
[2025-01-29 13:12:36,212][__main__][INFO] - [1, 14], [16]
[2025-01-29 13:12:36,252][__main__][INFO] - [1, 14, 18], []
[2025-01-29 13:12:36,324][__main__][INFO] - [1, 14, 22], []
[2025-01-29 13:12:36,348][__main__][INFO] - [1, 14, 23], []
[2025-01-29 13:12:36,437][__main__][INFO] - [1, 15, 16], []
[2025-01-29 13:12:36,469][__main__][INFO] - [1, 15], [16]
[2025-01-29 13:12:36,505][__main__][INFO] - [1, 15, 17], []
[2025-01-29 13:12:36,535][__main__][INFO] - [1, 15, 18], []
[2025-01-29 13:12:36,573][__main__][INFO] - [1, 15, 19], []
[2025-01-29 13:12:36,601][__main__][INFO] - [1, 15, 20], []
[2025-01-29 13:12:36,626][__main__][INFO] - [1, 15, 21], []
[2025-01-29 13:12:36,665][__main__][INFO] - [1, 15, 23], []
[2025-01-29 13:12:36,692][__main__][INFO] - [1, 15, 24], []
[2025-01-29 13:12:36,750][__main__][INFO] - [1, 16, 17], []
[2025-01-29 13:12:36,785][__main__][INFO] - [1, 16, 18], []
[2025-01-29 13:12:36,861][__main__][INFO] - [1, 16, 19], []
[2025-01-29 13:12:36,890][__main__][INFO] - [1, 16, 20], []
[2025-01-29 13:12:36,918][__main__][INFO] - [1, 16, 21], []
[2025-01-29 13:12:36,946][__main__][INFO] - [1, 16, 22], []
[2025-01-29 13:12:36,970][__main__][INFO] - [1, 16, 23], []
[2025-01-29 13:12:37,011][__main__][INFO] - [1, 16, 24], []
[2025-01-29 13:12:37,066][__main__][INFO] - [1, 17], [16]
[2025-01-29 13:12:37,103][__main__][INFO] - [1, 18], [16]
[2025-01-29 13:12:37,188][__main__][INFO] - [1, 19], [16]
[2025-01-29 13:12:37,216][__main__][INFO] - [1, 20], [16]
[2025-01-29 13:12:37,243][__main__][INFO] - [1, 21], [16]
[2025-01-29 13:12:37,267][__main__][INFO] - [1, 22], [16]
[2025-01-29 13:12:37,291][__main__][INFO] - [1, 23], [16]
[2025-01-29 13:12:37,328][__main__][INFO] - [1, 24], [16]
[2025-01-29 13:12:37,399][__main__][INFO] - [2, 10, 16], []
[2025-01-29 13:12:37,484][__main__][INFO] - [2, 10], [16]
[2025-01-29 13:12:37,575][__main__][INFO] - [2, 10, 17], []
[2025-01-29 13:12:37,612][__main__][INFO] - [2, 10, 18], []
[2025-01-29 13:12:37,725][__main__][INFO] - [2, 10, 19], []
[2025-01-29 13:12:37,754][__main__][INFO] - [2, 10, 20], []
[2025-01-29 13:12:37,782][__main__][INFO] - [2, 10, 21], []
[2025-01-29 13:12:37,807][__main__][INFO] - [2, 10, 22], []
[2025-01-29 13:12:37,831][__main__][INFO] - [2, 10, 23], []
[2025-01-29 13:12:37,864][__main__][INFO] - [2, 10, 24], []
[2025-01-29 13:12:37,926][__main__][INFO] - [2, 11, 16], []
[2025-01-29 13:12:37,952][__main__][INFO] - [2, 11], [16]
[2025-01-29 13:12:37,995][__main__][INFO] - [2, 11, 18], []
[2025-01-29 13:12:38,023][__main__][INFO] - [2, 11, 19], []
[2025-01-29 13:12:38,095][__main__][INFO] - [2, 11, 23], []
[2025-01-29 13:12:38,167][__main__][INFO] - [2, 12, 16], []
[2025-01-29 13:12:38,202][__main__][INFO] - [2, 12], [16]
[2025-01-29 13:12:38,257][__main__][INFO] - [2, 12, 18], []
[2025-01-29 13:12:38,282][__main__][INFO] - [2, 12, 19], []
[2025-01-29 13:12:38,362][__main__][INFO] - [2, 12, 23], []
[2025-01-29 13:12:38,461][__main__][INFO] - [2, 13, 16], []
[2025-01-29 13:12:38,486][__main__][INFO] - [2, 13], [16]
[2025-01-29 13:12:38,533][__main__][INFO] - [2, 13, 18], []
[2025-01-29 13:12:38,574][__main__][INFO] - [2, 13, 20], []
[2025-01-29 13:12:38,640][__main__][INFO] - [2, 13, 23], []
[2025-01-29 13:12:38,719][__main__][INFO] - [2, 14, 16], []
[2025-01-29 13:12:38,746][__main__][INFO] - [2, 14], [16]
[2025-01-29 13:12:38,786][__main__][INFO] - [2, 14, 18], []
[2025-01-29 13:12:38,865][__main__][INFO] - [2, 14, 22], []
[2025-01-29 13:12:38,889][__main__][INFO] - [2, 14, 23], []
[2025-01-29 13:12:38,973][__main__][INFO] - [2, 15, 16], []
[2025-01-29 13:12:39,009][__main__][INFO] - [2, 15], [16]
[2025-01-29 13:12:39,050][__main__][INFO] - [2, 15, 17], []
[2025-01-29 13:12:39,085][__main__][INFO] - [2, 15, 18], []
[2025-01-29 13:12:39,125][__main__][INFO] - [2, 15, 19], []
[2025-01-29 13:12:39,153][__main__][INFO] - [2, 15, 20], []
[2025-01-29 13:12:39,177][__main__][INFO] - [2, 15, 21], []
[2025-01-29 13:12:39,220][__main__][INFO] - [2, 15, 23], []
[2025-01-29 13:12:39,245][__main__][INFO] - [2, 15, 24], []
[2025-01-29 13:12:39,301][__main__][INFO] - [2, 16, 17], []
[2025-01-29 13:12:39,333][__main__][INFO] - [2, 16, 18], []
[2025-01-29 13:12:39,404][__main__][INFO] - [2, 16, 19], []
[2025-01-29 13:12:39,431][__main__][INFO] - [2, 16, 20], []
[2025-01-29 13:12:39,458][__main__][INFO] - [2, 16, 21], []
[2025-01-29 13:12:39,485][__main__][INFO] - [2, 16, 22], []
[2025-01-29 13:12:39,513][__main__][INFO] - [2, 16, 23], []
[2025-01-29 13:12:39,554][__main__][INFO] - [2, 16, 24], []
[2025-01-29 13:12:39,610][__main__][INFO] - [2, 17], [16]
[2025-01-29 13:12:39,645][__main__][INFO] - [2, 18], [16]
[2025-01-29 13:12:39,729][__main__][INFO] - [2, 19], [16]
[2025-01-29 13:12:39,757][__main__][INFO] - [2, 20], [16]
[2025-01-29 13:12:39,784][__main__][INFO] - [2, 21], [16]
[2025-01-29 13:12:39,809][__main__][INFO] - [2, 22], [16]
[2025-01-29 13:12:39,834][__main__][INFO] - [2, 23], [16]
[2025-01-29 13:12:39,874][__main__][INFO] - [2, 24], [16]
[2025-01-29 13:12:39,949][__main__][INFO] - [3, 10, 16], []
[2025-01-29 13:12:40,011][__main__][INFO] - [3, 10], [16]
[2025-01-29 13:12:40,077][__main__][INFO] - [3, 10, 17], []
[2025-01-29 13:12:40,105][__main__][INFO] - [3, 10, 18], []
[2025-01-29 13:12:40,193][__main__][INFO] - [3, 10, 19], []
[2025-01-29 13:12:40,220][__main__][INFO] - [3, 10, 20], []
[2025-01-29 13:12:40,251][__main__][INFO] - [3, 10, 21], []
[2025-01-29 13:12:40,276][__main__][INFO] - [3, 10, 22], []
[2025-01-29 13:12:40,300][__main__][INFO] - [3, 10, 23], []
[2025-01-29 13:12:40,328][__main__][INFO] - [3, 10, 24], []
[2025-01-29 13:12:40,384][__main__][INFO] - [3, 11, 16], []
[2025-01-29 13:12:40,410][__main__][INFO] - [3, 11], [16]
[2025-01-29 13:12:40,450][__main__][INFO] - [3, 11, 18], []
[2025-01-29 13:12:40,477][__main__][INFO] - [3, 11, 19], []
[2025-01-29 13:12:40,548][__main__][INFO] - [3, 11, 23], []
[2025-01-29 13:12:40,620][__main__][INFO] - [3, 12, 16], []
[2025-01-29 13:12:40,655][__main__][INFO] - [3, 12], [16]
[2025-01-29 13:12:40,710][__main__][INFO] - [3, 12, 18], []
[2025-01-29 13:12:40,737][__main__][INFO] - [3, 12, 19], []
[2025-01-29 13:12:40,809][__main__][INFO] - [3, 12, 23], []
[2025-01-29 13:12:40,901][__main__][INFO] - [3, 13, 16], []
[2025-01-29 13:12:40,926][__main__][INFO] - [3, 13], [16]
[2025-01-29 13:12:40,968][__main__][INFO] - [3, 13, 18], []
[2025-01-29 13:12:41,013][__main__][INFO] - [3, 13, 20], []
[2025-01-29 13:12:41,075][__main__][INFO] - [3, 13, 23], []
[2025-01-29 13:12:41,147][__main__][INFO] - [3, 14, 16], []
[2025-01-29 13:12:41,171][__main__][INFO] - [3, 14], [16]
[2025-01-29 13:12:41,211][__main__][INFO] - [3, 14, 18], []
[2025-01-29 13:12:41,236][__main__][INFO] - [3, 14, 19], []
[2025-01-29 13:12:41,292][__main__][INFO] - [3, 14, 22], []
[2025-01-29 13:12:41,317][__main__][INFO] - [3, 14, 23], []
[2025-01-29 13:12:41,388][__main__][INFO] - [3, 15, 16], []
[2025-01-29 13:12:41,425][__main__][INFO] - [3, 15], [16]
[2025-01-29 13:12:41,465][__main__][INFO] - [3, 15, 17], []
[2025-01-29 13:12:41,499][__main__][INFO] - [3, 15, 18], []
[2025-01-29 13:12:41,538][__main__][INFO] - [3, 15, 19], []
[2025-01-29 13:12:41,562][__main__][INFO] - [3, 15, 20], []
[2025-01-29 13:12:41,586][__main__][INFO] - [3, 15, 21], []
[2025-01-29 13:12:41,626][__main__][INFO] - [3, 15, 23], []
[2025-01-29 13:12:41,651][__main__][INFO] - [3, 15, 24], []
[2025-01-29 13:12:41,710][__main__][INFO] - [3, 16, 17], []
[2025-01-29 13:12:41,741][__main__][INFO] - [3, 16, 18], []
[2025-01-29 13:12:41,804][__main__][INFO] - [3, 16, 19], []
[2025-01-29 13:12:41,833][__main__][INFO] - [3, 16, 20], []
[2025-01-29 13:12:41,860][__main__][INFO] - [3, 16, 21], []
[2025-01-29 13:12:41,884][__main__][INFO] - [3, 16, 22], []
[2025-01-29 13:12:41,909][__main__][INFO] - [3, 16, 23], []
[2025-01-29 13:12:41,946][__main__][INFO] - [3, 16, 24], []
[2025-01-29 13:12:42,002][__main__][INFO] - [3, 17], [16]
[2025-01-29 13:12:42,036][__main__][INFO] - [3, 18], [16]
[2025-01-29 13:12:42,109][__main__][INFO] - [3, 19], [16]
[2025-01-29 13:12:42,137][__main__][INFO] - [3, 20], [16]
[2025-01-29 13:12:42,163][__main__][INFO] - [3, 21], [16]
[2025-01-29 13:12:42,188][__main__][INFO] - [3, 22], [16]
[2025-01-29 13:12:42,213][__main__][INFO] - [3, 23], [16]
[2025-01-29 13:12:42,249][__main__][INFO] - [3, 24], [16]
[2025-01-29 13:12:42,333][__main__][INFO] - [4, 10, 16], []
[2025-01-29 13:12:42,410][__main__][INFO] - [4, 10], [16]
[2025-01-29 13:12:42,493][__main__][INFO] - [4, 10, 17], []
[2025-01-29 13:12:42,525][__main__][INFO] - [4, 10, 18], []
[2025-01-29 13:12:42,641][__main__][INFO] - [4, 10, 19], []
[2025-01-29 13:12:42,671][__main__][INFO] - [4, 10, 20], []
[2025-01-29 13:12:42,701][__main__][INFO] - [4, 10, 21], []
[2025-01-29 13:12:42,729][__main__][INFO] - [4, 10, 22], []
[2025-01-29 13:12:42,754][__main__][INFO] - [4, 10, 23], []
[2025-01-29 13:12:42,784][__main__][INFO] - [4, 10, 24], []
[2025-01-29 13:12:42,840][__main__][INFO] - [4, 11, 16], []
[2025-01-29 13:12:42,870][__main__][INFO] - [4, 11], [16]
[2025-01-29 13:12:42,912][__main__][INFO] - [4, 11, 18], []
[2025-01-29 13:12:42,939][__main__][INFO] - [4, 11, 19], []
[2025-01-29 13:12:42,964][__main__][INFO] - [4, 11, 20], []
[2025-01-29 13:12:43,020][__main__][INFO] - [4, 11, 23], []
[2025-01-29 13:12:43,091][__main__][INFO] - [4, 12, 16], []
[2025-01-29 13:12:43,130][__main__][INFO] - [4, 12], [16]
[2025-01-29 13:12:43,182][__main__][INFO] - [4, 12, 18], []
[2025-01-29 13:12:43,207][__main__][INFO] - [4, 12, 19], []
[2025-01-29 13:12:43,286][__main__][INFO] - [4, 12, 23], []
[2025-01-29 13:12:43,382][__main__][INFO] - [4, 13, 16], []
[2025-01-29 13:12:43,407][__main__][INFO] - [4, 13], [16]
[2025-01-29 13:12:43,448][__main__][INFO] - [4, 13, 18], []
[2025-01-29 13:12:43,489][__main__][INFO] - [4, 13, 20], []
[2025-01-29 13:12:43,554][__main__][INFO] - [4, 13, 23], []
[2025-01-29 13:12:43,632][__main__][INFO] - [4, 14, 16], []
[2025-01-29 13:12:43,656][__main__][INFO] - [4, 14], [16]
[2025-01-29 13:12:43,695][__main__][INFO] - [4, 14, 18], []
[2025-01-29 13:12:43,718][__main__][INFO] - [4, 14, 19], []
[2025-01-29 13:12:43,773][__main__][INFO] - [4, 14, 22], []
[2025-01-29 13:12:43,860][__main__][INFO] - [4, 15, 16], []
[2025-01-29 13:12:43,901][__main__][INFO] - [4, 15], [16]
[2025-01-29 13:12:43,946][__main__][INFO] - [4, 15, 17], []
[2025-01-29 13:12:43,988][__main__][INFO] - [4, 15, 18], []
[2025-01-29 13:12:44,032][__main__][INFO] - [4, 15, 19], []
[2025-01-29 13:12:44,057][__main__][INFO] - [4, 15, 20], []
[2025-01-29 13:12:44,081][__main__][INFO] - [4, 15, 21], []
[2025-01-29 13:12:44,125][__main__][INFO] - [4, 15, 23], []
[2025-01-29 13:12:44,150][__main__][INFO] - [4, 15, 24], []
[2025-01-29 13:12:44,207][__main__][INFO] - [4, 16, 17], []
[2025-01-29 13:12:44,238][__main__][INFO] - [4, 16, 18], []
[2025-01-29 13:12:44,314][__main__][INFO] - [4, 16, 19], []
[2025-01-29 13:12:44,340][__main__][INFO] - [4, 16, 20], []
[2025-01-29 13:12:44,367][__main__][INFO] - [4, 16, 21], []
[2025-01-29 13:12:44,392][__main__][INFO] - [4, 16, 22], []
[2025-01-29 13:12:44,420][__main__][INFO] - [4, 16, 23], []
[2025-01-29 13:12:44,459][__main__][INFO] - [4, 16, 24], []
[2025-01-29 13:12:44,515][__main__][INFO] - [4, 17], [16]
[2025-01-29 13:12:44,549][__main__][INFO] - [4, 18], [16]
[2025-01-29 13:12:44,637][__main__][INFO] - [4, 19], [16]
[2025-01-29 13:12:44,663][__main__][INFO] - [4, 20], [16]
[2025-01-29 13:12:44,690][__main__][INFO] - [4, 21], [16]
[2025-01-29 13:12:44,715][__main__][INFO] - [4, 22], [16]
[2025-01-29 13:12:44,741][__main__][INFO] - [4, 23], [16]
[2025-01-29 13:12:44,777][__main__][INFO] - [4, 24], [16]
[2025-01-29 13:12:44,857][__main__][INFO] - [5, 10, 16], []
[2025-01-29 13:12:44,930][__main__][INFO] - [5, 10], [16]
[2025-01-29 13:12:45,009][__main__][INFO] - [5, 10, 17], []
[2025-01-29 13:12:45,039][__main__][INFO] - [5, 10, 18], []
[2025-01-29 13:12:45,154][__main__][INFO] - [5, 10, 19], []
[2025-01-29 13:12:45,184][__main__][INFO] - [5, 10, 20], []
[2025-01-29 13:12:45,213][__main__][INFO] - [5, 10, 21], []
[2025-01-29 13:12:45,241][__main__][INFO] - [5, 10, 22], []
[2025-01-29 13:12:45,265][__main__][INFO] - [5, 10, 23], []
[2025-01-29 13:12:45,294][__main__][INFO] - [5, 10, 24], []
[2025-01-29 13:12:45,348][__main__][INFO] - [5, 11, 16], []
[2025-01-29 13:12:45,374][__main__][INFO] - [5, 11], [16]
[2025-01-29 13:12:45,416][__main__][INFO] - [5, 11, 18], []
[2025-01-29 13:12:45,444][__main__][INFO] - [5, 11, 19], []
[2025-01-29 13:12:45,603][__main__][INFO] - [5, 12, 16], []
[2025-01-29 13:12:45,638][__main__][INFO] - [5, 12], [16]
[2025-01-29 13:12:45,689][__main__][INFO] - [5, 12, 18], []
[2025-01-29 13:12:45,719][__main__][INFO] - [5, 12, 19], []
[2025-01-29 13:12:45,802][__main__][INFO] - [5, 12, 23], []
[2025-01-29 13:12:45,906][__main__][INFO] - [5, 13, 16], []
[2025-01-29 13:12:45,934][__main__][INFO] - [5, 13], [16]
[2025-01-29 13:12:45,981][__main__][INFO] - [5, 13, 18], []
[2025-01-29 13:12:46,026][__main__][INFO] - [5, 13, 20], []
[2025-01-29 13:12:46,091][__main__][INFO] - [5, 13, 23], []
[2025-01-29 13:12:46,176][__main__][INFO] - [5, 14, 16], []
[2025-01-29 13:12:46,204][__main__][INFO] - [5, 14], [16]
[2025-01-29 13:12:46,250][__main__][INFO] - [5, 14, 18], []
[2025-01-29 13:12:46,278][__main__][INFO] - [5, 14, 19], []
[2025-01-29 13:12:46,344][__main__][INFO] - [5, 14, 22], []
[2025-01-29 13:12:46,371][__main__][INFO] - [5, 14, 23], []
[2025-01-29 13:12:46,454][__main__][INFO] - [5, 15, 16], []
[2025-01-29 13:12:46,491][__main__][INFO] - [5, 15], [16]
[2025-01-29 13:12:46,531][__main__][INFO] - [5, 15, 17], []
[2025-01-29 13:12:46,565][__main__][INFO] - [5, 15, 18], []
[2025-01-29 13:12:46,605][__main__][INFO] - [5, 15, 19], []
[2025-01-29 13:12:46,633][__main__][INFO] - [5, 15, 20], []
[2025-01-29 13:12:46,660][__main__][INFO] - [5, 15, 21], []
[2025-01-29 13:12:46,707][__main__][INFO] - [5, 15, 23], []
[2025-01-29 13:12:46,735][__main__][INFO] - [5, 15, 24], []
[2025-01-29 13:12:46,797][__main__][INFO] - [5, 16, 17], []
[2025-01-29 13:12:46,825][__main__][INFO] - [5, 16, 18], []
[2025-01-29 13:12:46,898][__main__][INFO] - [5, 16, 19], []
[2025-01-29 13:12:46,923][__main__][INFO] - [5, 16, 20], []
[2025-01-29 13:12:46,949][__main__][INFO] - [5, 16, 21], []
[2025-01-29 13:12:46,973][__main__][INFO] - [5, 16, 22], []
[2025-01-29 13:12:46,998][__main__][INFO] - [5, 16, 23], []
[2025-01-29 13:12:47,037][__main__][INFO] - [5, 16, 24], []
[2025-01-29 13:12:47,099][__main__][INFO] - [5, 17], [16]
[2025-01-29 13:12:47,132][__main__][INFO] - [5, 18], [16]
[2025-01-29 13:12:47,215][__main__][INFO] - [5, 19], [16]
[2025-01-29 13:12:47,241][__main__][INFO] - [5, 20], [16]
[2025-01-29 13:12:47,268][__main__][INFO] - [5, 21], [16]
[2025-01-29 13:12:47,293][__main__][INFO] - [5, 22], [16]
[2025-01-29 13:12:47,320][__main__][INFO] - [5, 23], [16]
[2025-01-29 13:12:47,356][__main__][INFO] - [5, 24], [16]
[2025-01-29 13:12:47,427][__main__][INFO] - [6, 10, 16], []
[2025-01-29 13:12:47,469][__main__][INFO] - [6, 10], [16]
[2025-01-29 13:12:47,515][__main__][INFO] - [6, 10, 17], []
[2025-01-29 13:12:47,539][__main__][INFO] - [6, 10, 18], []
[2025-01-29 13:12:47,602][__main__][INFO] - [6, 10, 19], []
[2025-01-29 13:12:47,627][__main__][INFO] - [6, 10, 20], []
[2025-01-29 13:12:47,653][__main__][INFO] - [6, 10, 21], []
[2025-01-29 13:12:47,681][__main__][INFO] - [6, 10, 22], []
[2025-01-29 13:12:47,705][__main__][INFO] - [6, 10, 23], []
[2025-01-29 13:12:47,787][__main__][INFO] - [6, 11, 16], []
[2025-01-29 13:12:47,811][__main__][INFO] - [6, 11], [16]
[2025-01-29 13:12:47,856][__main__][INFO] - [6, 11, 18], []
[2025-01-29 13:12:48,027][__main__][INFO] - [6, 12, 16], []
[2025-01-29 13:12:48,057][__main__][INFO] - [6, 12], [16]
[2025-01-29 13:12:48,101][__main__][INFO] - [6, 12, 18], []
[2025-01-29 13:12:48,129][__main__][INFO] - [6, 12, 19], []
[2025-01-29 13:12:48,201][__main__][INFO] - [6, 12, 23], []
[2025-01-29 13:12:48,282][__main__][INFO] - [6, 13, 16], []
[2025-01-29 13:12:48,306][__main__][INFO] - [6, 13], [16]
[2025-01-29 13:12:48,347][__main__][INFO] - [6, 13, 18], []
[2025-01-29 13:12:48,387][__main__][INFO] - [6, 13, 20], []
[2025-01-29 13:12:48,547][__main__][INFO] - [6, 14], [16]
[2025-01-29 13:12:48,728][__main__][INFO] - [6, 15, 16], []
[2025-01-29 13:12:48,756][__main__][INFO] - [6, 15], [16]
[2025-01-29 13:12:48,784][__main__][INFO] - [6, 15, 17], []
[2025-01-29 13:12:48,810][__main__][INFO] - [6, 15, 18], []
[2025-01-29 13:12:48,840][__main__][INFO] - [6, 15, 19], []
[2025-01-29 13:12:48,865][__main__][INFO] - [6, 15, 20], []
[2025-01-29 13:12:48,921][__main__][INFO] - [6, 15, 23], []
[2025-01-29 13:12:48,992][__main__][INFO] - [6, 16, 17], []
[2025-01-29 13:12:49,018][__main__][INFO] - [6, 16, 18], []
[2025-01-29 13:12:49,061][__main__][INFO] - [6, 16, 19], []
[2025-01-29 13:12:49,085][__main__][INFO] - [6, 16, 20], []
[2025-01-29 13:12:49,109][__main__][INFO] - [6, 16, 21], []
[2025-01-29 13:12:49,133][__main__][INFO] - [6, 16, 22], []
[2025-01-29 13:12:49,157][__main__][INFO] - [6, 16, 23], []
[2025-01-29 13:12:49,232][__main__][INFO] - [6, 17], [16]
[2025-01-29 13:12:49,261][__main__][INFO] - [6, 18], [16]
[2025-01-29 13:12:49,310][__main__][INFO] - [6, 19], [16]
[2025-01-29 13:12:49,335][__main__][INFO] - [6, 20], [16]
[2025-01-29 13:12:49,360][__main__][INFO] - [6, 21], [16]
[2025-01-29 13:12:49,388][__main__][INFO] - [6, 22], [16]
[2025-01-29 13:12:49,412][__main__][INFO] - [6, 23], [16]
[2025-01-29 13:12:49,515][__main__][INFO] - [7, 10, 16], []
[2025-01-29 13:12:49,546][__main__][INFO] - [7, 10], [16]
[2025-01-29 13:12:49,579][__main__][INFO] - [7, 10, 17], []
[2025-01-29 13:12:49,607][__main__][INFO] - [7, 10, 18], []
[2025-01-29 13:12:49,643][__main__][INFO] - [7, 10, 19], []
[2025-01-29 13:12:49,666][__main__][INFO] - [7, 10, 20], []
[2025-01-29 13:12:49,691][__main__][INFO] - [7, 10, 21], []
[2025-01-29 13:12:49,734][__main__][INFO] - [7, 10, 23], []
[2025-01-29 13:12:49,808][__main__][INFO] - [7, 11, 16], []
[2025-01-29 13:12:49,833][__main__][INFO] - [7, 11], [16]
[2025-01-29 13:12:49,877][__main__][INFO] - [7, 11, 18], []
[2025-01-29 13:12:50,029][__main__][INFO] - [7, 12, 16], []
[2025-01-29 13:12:50,054][__main__][INFO] - [7, 12], [16]
[2025-01-29 13:12:50,096][__main__][INFO] - [7, 12, 18], []
[2025-01-29 13:12:50,124][__main__][INFO] - [7, 12, 19], []
[2025-01-29 13:12:50,194][__main__][INFO] - [7, 12, 23], []
[2025-01-29 13:12:50,283][__main__][INFO] - [7, 13], [16]
[2025-01-29 13:12:50,330][__main__][INFO] - [7, 13, 18], []
[2025-01-29 13:12:50,730][__main__][INFO] - [7, 15, 16], []
[2025-01-29 13:12:50,754][__main__][INFO] - [7, 15], [16]
[2025-01-29 13:12:50,778][__main__][INFO] - [7, 15, 17], []
[2025-01-29 13:12:50,803][__main__][INFO] - [7, 15, 18], []
[2025-01-29 13:12:50,828][__main__][INFO] - [7, 15, 19], []
[2025-01-29 13:12:50,989][__main__][INFO] - [7, 16, 17], []
[2025-01-29 13:12:51,013][__main__][INFO] - [7, 16, 18], []
[2025-01-29 13:12:51,046][__main__][INFO] - [7, 16, 19], []
[2025-01-29 13:12:51,071][__main__][INFO] - [7, 16, 20], []
[2025-01-29 13:12:51,100][__main__][INFO] - [7, 16, 21], []
[2025-01-29 13:12:51,140][__main__][INFO] - [7, 16, 23], []
[2025-01-29 13:12:51,212][__main__][INFO] - [7, 17], [16]
[2025-01-29 13:12:51,236][__main__][INFO] - [7, 18], [16]
[2025-01-29 13:12:51,270][__main__][INFO] - [7, 19], [16]
[2025-01-29 13:12:51,294][__main__][INFO] - [7, 20], [16]
[2025-01-29 13:12:51,321][__main__][INFO] - [7, 21], [16]
[2025-01-29 13:12:51,361][__main__][INFO] - [7, 23], [16]
[2025-01-29 13:12:51,448][__main__][INFO] - [8, 10, 16], []
[2025-01-29 13:12:51,474][__main__][INFO] - [8, 10], [16]
[2025-01-29 13:12:51,519][__main__][INFO] - [8, 10, 18], []
[2025-01-29 13:12:51,549][__main__][INFO] - [8, 10, 19], []
[2025-01-29 13:12:51,577][__main__][INFO] - [8, 10, 20], []
[2025-01-29 13:12:51,642][__main__][INFO] - [8, 10, 23], []
[2025-01-29 13:12:51,724][__main__][INFO] - [8, 11, 16], []
[2025-01-29 13:12:51,748][__main__][INFO] - [8, 11], [16]
[2025-01-29 13:12:51,791][__main__][INFO] - [8, 11, 18], []
[2025-01-29 13:12:51,966][__main__][INFO] - [8, 12, 16], []
[2025-01-29 13:12:51,990][__main__][INFO] - [8, 12], [16]
[2025-01-29 13:12:52,037][__main__][INFO] - [8, 12, 18], []
[2025-01-29 13:12:52,140][__main__][INFO] - [8, 12, 23], []
[2025-01-29 13:12:52,256][__main__][INFO] - [8, 15, 16], []
[2025-01-29 13:12:52,281][__main__][INFO] - [8, 15], [16]
[2025-01-29 13:12:52,320][__main__][INFO] - [8, 15, 18], []
[2025-01-29 13:12:52,511][__main__][INFO] - [8, 16, 18], []
[2025-01-29 13:12:52,536][__main__][INFO] - [8, 16, 19], []
[2025-01-29 13:12:52,560][__main__][INFO] - [8, 16, 20], []
[2025-01-29 13:12:52,616][__main__][INFO] - [8, 16, 23], []
[2025-01-29 13:12:52,697][__main__][INFO] - [8, 17], [16]
[2025-01-29 13:12:52,721][__main__][INFO] - [8, 18], [16]
[2025-01-29 13:12:52,751][__main__][INFO] - [8, 19], [16]
[2025-01-29 13:12:52,779][__main__][INFO] - [8, 20], [16]
[2025-01-29 13:12:52,844][__main__][INFO] - [8, 23], [16]
[2025-01-29 13:12:52,931][__main__][INFO] - [9, 10, 16], []
[2025-01-29 13:12:52,955][__main__][INFO] - [9, 10], [16]
[2025-01-29 13:12:53,001][__main__][INFO] - [9, 10, 18], []
[2025-01-29 13:12:53,457][__main__][INFO] - [9, 16, 18], []
[2025-01-29 13:12:53,651][__main__][INFO] - [9, 18], [16]
[2025-01-29 13:12:53,844][__main__][INFO] - [10, 16, 17], []
[2025-01-29 13:12:53,893][__main__][INFO] - [10, 16, 18], []
[2025-01-29 13:12:54,187][__main__][INFO] - [10, 16, 19], []
[2025-01-29 13:12:54,225][__main__][INFO] - [10, 16, 20], []
[2025-01-29 13:12:54,265][__main__][INFO] - [10, 16, 21], []
[2025-01-29 13:12:54,292][__main__][INFO] - [10, 16, 22], []
[2025-01-29 13:12:54,317][__main__][INFO] - [10, 16, 23], []
[2025-01-29 13:12:54,360][__main__][INFO] - [10, 16, 24], []
[2025-01-29 13:12:54,416][__main__][INFO] - [10, 17], [16]
[2025-01-29 13:12:54,467][__main__][INFO] - [10, 18], [16]
[2025-01-29 13:12:54,799][__main__][INFO] - [10, 19], [16]
[2025-01-29 13:12:54,839][__main__][INFO] - [10, 20], [16]
[2025-01-29 13:12:54,879][__main__][INFO] - [10, 21], [16]
[2025-01-29 13:12:54,905][__main__][INFO] - [10, 22], [16]
[2025-01-29 13:12:54,930][__main__][INFO] - [10, 23], [16]
[2025-01-29 13:12:54,974][__main__][INFO] - [10, 24], [16]
[2025-01-29 13:12:55,044][__main__][INFO] - [11, 16, 17], []
[2025-01-29 13:12:55,071][__main__][INFO] - [11, 16, 18], []
[2025-01-29 13:12:55,101][__main__][INFO] - [11, 16, 19], []
[2025-01-29 13:12:55,125][__main__][INFO] - [11, 16, 20], []
[2025-01-29 13:12:55,187][__main__][INFO] - [11, 16, 23], []
[2025-01-29 13:12:55,272][__main__][INFO] - [11, 17], [16]
[2025-01-29 13:12:55,299][__main__][INFO] - [11, 18], [16]
[2025-01-29 13:12:55,337][__main__][INFO] - [11, 19], [16]
[2025-01-29 13:12:55,361][__main__][INFO] - [11, 20], [16]
[2025-01-29 13:12:55,421][__main__][INFO] - [11, 23], [16]
[2025-01-29 13:12:55,508][__main__][INFO] - [12, 16, 17], []
[2025-01-29 13:12:55,535][__main__][INFO] - [12, 16, 18], []
[2025-01-29 13:12:55,566][__main__][INFO] - [12, 16, 19], []
[2025-01-29 13:12:55,636][__main__][INFO] - [12, 16, 23], []
[2025-01-29 13:12:55,770][__main__][INFO] - [12, 17], [16]
[2025-01-29 13:12:55,795][__main__][INFO] - [12, 18], [16]
[2025-01-29 13:12:55,824][__main__][INFO] - [12, 19], [16]
[2025-01-29 13:12:55,896][__main__][INFO] - [12, 23], [16]
[2025-01-29 13:12:56,061][__main__][INFO] - [13, 16, 18], []
[2025-01-29 13:12:56,089][__main__][INFO] - [13, 16, 19], []
[2025-01-29 13:12:56,113][__main__][INFO] - [13, 16, 20], []
[2025-01-29 13:12:56,174][__main__][INFO] - [13, 16, 23], []
[2025-01-29 13:12:56,270][__main__][INFO] - [13, 18], [16]
[2025-01-29 13:12:56,295][__main__][INFO] - [13, 19], [16]
[2025-01-29 13:12:56,320][__main__][INFO] - [13, 20], [16]
[2025-01-29 13:12:56,386][__main__][INFO] - [13, 23], [16]
[2025-01-29 13:12:56,502][__main__][INFO] - [14, 16, 18], []
[2025-01-29 13:12:56,527][__main__][INFO] - [14, 16, 19], []
[2025-01-29 13:12:56,584][__main__][INFO] - [14, 16, 22], []
[2025-01-29 13:12:56,609][__main__][INFO] - [14, 16, 23], []
[2025-01-29 13:12:56,705][__main__][INFO] - [14, 18], [16]
[2025-01-29 13:12:56,729][__main__][INFO] - [14, 19], [16]
[2025-01-29 13:12:56,784][__main__][INFO] - [14, 22], [16]
[2025-01-29 13:12:56,809][__main__][INFO] - [14, 23], [16]
[2025-01-29 13:12:56,907][__main__][INFO] - [15, 16, 17], []
[2025-01-29 13:12:56,952][__main__][INFO] - [15, 16, 18], []
[2025-01-29 13:12:57,013][__main__][INFO] - [15, 16, 19], []
[2025-01-29 13:12:57,038][__main__][INFO] - [15, 16, 20], []
[2025-01-29 13:12:57,063][__main__][INFO] - [15, 16, 21], []
[2025-01-29 13:12:57,103][__main__][INFO] - [15, 16, 23], []
[2025-01-29 13:12:57,131][__main__][INFO] - [15, 16, 24], []
[2025-01-29 13:12:57,187][__main__][INFO] - [15, 17], [16]
[2025-01-29 13:12:57,243][__main__][INFO] - [15, 18], [16]
[2025-01-29 13:12:57,311][__main__][INFO] - [15, 19], [16]
[2025-01-29 13:12:57,337][__main__][INFO] - [15, 20], [16]
[2025-01-29 13:12:57,365][__main__][INFO] - [15, 21], [16]
[2025-01-29 13:12:57,412][__main__][INFO] - [15, 23], [16]
[2025-01-29 13:12:57,437][__main__][INFO] - [15, 24], [16]
[2025-01-29 23:42:05,513][__main__][INFO] - In total, there are 1229 possible subgroups
[2025-01-29 23:42:05,542][__main__][INFO] - [0], []
[2025-01-29 23:42:05,728][__main__][INFO] - [1], []
[2025-01-29 23:42:05,955][__main__][INFO] - [2], []
[2025-01-29 23:42:06,171][__main__][INFO] - [3], []
[2025-01-29 23:42:06,344][__main__][INFO] - [4], []
[2025-01-29 23:42:06,553][__main__][INFO] - [5], []
[2025-01-29 23:42:06,737][__main__][INFO] - [6], []
[2025-01-29 23:42:06,817][__main__][INFO] - [7], []
[2025-01-29 23:42:06,856][__main__][INFO] - [8], []
[2025-01-29 23:42:06,877][__main__][INFO] - [9], []
[2025-01-29 23:42:06,898][__main__][INFO] - [10], []
[2025-01-29 23:42:07,742][__main__][INFO] - [11], []
[2025-01-29 23:42:07,781][__main__][INFO] - [12], []
[2025-01-29 23:42:07,931][__main__][INFO] - [13], []
[2025-01-29 23:42:07,953][__main__][INFO] - [14], []
[2025-01-29 23:42:07,975][__main__][INFO] - [15], []
[2025-01-29 23:42:08,151][__main__][INFO] - [16], []
[2025-01-29 23:42:08,708][__main__][INFO] - [], [16]
[2025-01-29 23:42:09,335][__main__][INFO] - [17], []
[2025-01-29 23:42:09,467][__main__][INFO] - [18], []
[2025-01-29 23:42:10,212][__main__][INFO] - [19], []
[2025-01-29 23:42:10,264][__main__][INFO] - [20], []
[2025-01-29 23:42:10,317][__main__][INFO] - [21], []
[2025-01-29 23:42:10,339][__main__][INFO] - [22], []
[2025-01-29 23:42:10,359][__main__][INFO] - [23], []
[2025-01-29 23:42:10,542][__main__][INFO] - [24], []
[2025-01-29 23:42:10,561][__main__][INFO] - [25], []
[2025-01-29 23:42:10,610][__main__][INFO] - [0, 10], []
[2025-01-29 23:42:10,767][__main__][INFO] - [0, 11], []
[2025-01-29 23:42:10,788][__main__][INFO] - [0, 12], []
[2025-01-29 23:42:10,814][__main__][INFO] - [0, 13], []
[2025-01-29 23:42:10,835][__main__][INFO] - [0, 14], []
[2025-01-29 23:42:10,855][__main__][INFO] - [0, 15], []
[2025-01-29 23:42:10,882][__main__][INFO] - [0, 16], []
[2025-01-29 23:42:10,975][__main__][INFO] - [0], [16]
[2025-01-29 23:42:11,071][__main__][INFO] - [0, 17], []
[2025-01-29 23:42:11,110][__main__][INFO] - [0, 18], []
[2025-01-29 23:42:11,218][__main__][INFO] - [0, 19], []
[2025-01-29 23:42:11,246][__main__][INFO] - [0, 20], []
[2025-01-29 23:42:11,272][__main__][INFO] - [0, 21], []
[2025-01-29 23:42:11,292][__main__][INFO] - [0, 22], []
[2025-01-29 23:42:11,315][__main__][INFO] - [0, 23], []
[2025-01-29 23:42:11,350][__main__][INFO] - [0, 24], []
[2025-01-29 23:42:11,398][__main__][INFO] - [1, 10], []
[2025-01-29 23:42:11,583][__main__][INFO] - [1, 11], []
[2025-01-29 23:42:11,606][__main__][INFO] - [1, 12], []
[2025-01-29 23:42:11,641][__main__][INFO] - [1, 13], []
[2025-01-29 23:42:11,662][__main__][INFO] - [1, 14], []
[2025-01-29 23:42:11,682][__main__][INFO] - [1, 15], []
[2025-01-29 23:42:11,720][__main__][INFO] - [1, 16], []
[2025-01-29 23:42:11,830][__main__][INFO] - [1], [16]
[2025-01-29 23:42:11,951][__main__][INFO] - [1, 17], []
[2025-01-29 23:42:11,994][__main__][INFO] - [1, 18], []
[2025-01-29 23:42:12,131][__main__][INFO] - [1, 19], []
[2025-01-29 23:42:12,159][__main__][INFO] - [1, 20], []
[2025-01-29 23:42:12,186][__main__][INFO] - [1, 21], []
[2025-01-29 23:42:12,206][__main__][INFO] - [1, 22], []
[2025-01-29 23:42:12,227][__main__][INFO] - [1, 23], []
[2025-01-29 23:42:12,273][__main__][INFO] - [1, 24], []
[2025-01-29 23:42:12,321][__main__][INFO] - [2, 10], []
[2025-01-29 23:42:12,467][__main__][INFO] - [2, 11], []
[2025-01-29 23:42:12,491][__main__][INFO] - [2, 12], []
[2025-01-29 23:42:12,534][__main__][INFO] - [2, 13], []
[2025-01-29 23:42:12,555][__main__][INFO] - [2, 14], []
[2025-01-29 23:42:12,575][__main__][INFO] - [2, 15], []
[2025-01-29 23:42:12,622][__main__][INFO] - [2, 16], []
[2025-01-29 23:42:12,725][__main__][INFO] - [2], [16]
[2025-01-29 23:42:12,845][__main__][INFO] - [2, 17], []
[2025-01-29 23:42:12,885][__main__][INFO] - [2, 18], []
[2025-01-29 23:42:13,014][__main__][INFO] - [2, 19], []
[2025-01-29 23:42:13,040][__main__][INFO] - [2, 20], []
[2025-01-29 23:42:13,065][__main__][INFO] - [2, 21], []
[2025-01-29 23:42:13,086][__main__][INFO] - [2, 22], []
[2025-01-29 23:42:13,106][__main__][INFO] - [2, 23], []
[2025-01-29 23:42:13,155][__main__][INFO] - [2, 24], []
[2025-01-29 23:42:13,204][__main__][INFO] - [3, 10], []
[2025-01-29 23:42:13,306][__main__][INFO] - [3, 11], []
[2025-01-29 23:42:13,330][__main__][INFO] - [3, 12], []
[2025-01-29 23:42:13,373][__main__][INFO] - [3, 13], []
[2025-01-29 23:42:13,394][__main__][INFO] - [3, 14], []
[2025-01-29 23:42:13,414][__main__][INFO] - [3, 15], []
[2025-01-29 23:42:13,463][__main__][INFO] - [3, 16], []
[2025-01-29 23:42:13,548][__main__][INFO] - [3], [16]
[2025-01-29 23:42:13,644][__main__][INFO] - [3, 17], []
[2025-01-29 23:42:13,679][__main__][INFO] - [3, 18], []
[2025-01-29 23:42:13,784][__main__][INFO] - [3, 19], []
[2025-01-29 23:42:13,808][__main__][INFO] - [3, 20], []
[2025-01-29 23:42:13,832][__main__][INFO] - [3, 21], []
[2025-01-29 23:42:13,853][__main__][INFO] - [3, 22], []
[2025-01-29 23:42:13,873][__main__][INFO] - [3, 23], []
[2025-01-29 23:42:13,918][__main__][INFO] - [3, 24], []
[2025-01-29 23:42:13,967][__main__][INFO] - [4, 10], []
[2025-01-29 23:42:14,095][__main__][INFO] - [4, 11], []
[2025-01-29 23:42:14,121][__main__][INFO] - [4, 12], []
[2025-01-29 23:42:14,168][__main__][INFO] - [4, 13], []
[2025-01-29 23:42:14,189][__main__][INFO] - [4, 14], []
[2025-01-29 23:42:14,210][__main__][INFO] - [4, 15], []
[2025-01-29 23:42:14,266][__main__][INFO] - [4, 16], []
[2025-01-29 23:42:14,371][__main__][INFO] - [4], [16]
[2025-01-29 23:42:14,486][__main__][INFO] - [4, 17], []
[2025-01-29 23:42:14,524][__main__][INFO] - [4, 18], []
[2025-01-29 23:42:14,660][__main__][INFO] - [4, 19], []
[2025-01-29 23:42:14,684][__main__][INFO] - [4, 20], []
[2025-01-29 23:42:14,709][__main__][INFO] - [4, 21], []
[2025-01-29 23:42:14,730][__main__][INFO] - [4, 22], []
[2025-01-29 23:42:14,751][__main__][INFO] - [4, 23], []
[2025-01-29 23:42:14,798][__main__][INFO] - [4, 24], []
[2025-01-29 23:42:14,847][__main__][INFO] - [5, 10], []
[2025-01-29 23:42:14,969][__main__][INFO] - [5, 11], []
[2025-01-29 23:42:14,992][__main__][INFO] - [5, 12], []
[2025-01-29 23:42:15,035][__main__][INFO] - [5, 13], []
[2025-01-29 23:42:15,055][__main__][INFO] - [5, 14], []
[2025-01-29 23:42:15,076][__main__][INFO] - [5, 15], []
[2025-01-29 23:42:15,118][__main__][INFO] - [5, 16], []
[2025-01-29 23:42:15,212][__main__][INFO] - [5], [16]
[2025-01-29 23:42:15,313][__main__][INFO] - [5, 17], []
[2025-01-29 23:42:15,343][__main__][INFO] - [5, 18], []
[2025-01-29 23:42:15,472][__main__][INFO] - [5, 19], []
[2025-01-29 23:42:15,495][__main__][INFO] - [5, 20], []
[2025-01-29 23:42:15,520][__main__][INFO] - [5, 21], []
[2025-01-29 23:42:15,540][__main__][INFO] - [5, 22], []
[2025-01-29 23:42:15,561][__main__][INFO] - [5, 23], []
[2025-01-29 23:42:15,603][__main__][INFO] - [5, 24], []
[2025-01-29 23:42:15,652][__main__][INFO] - [6, 10], []
[2025-01-29 23:42:15,715][__main__][INFO] - [6, 11], []
[2025-01-29 23:42:15,737][__main__][INFO] - [6, 12], []
[2025-01-29 23:42:15,765][__main__][INFO] - [6, 13], []
[2025-01-29 23:42:15,785][__main__][INFO] - [6, 14], []
[2025-01-29 23:42:15,805][__main__][INFO] - [6, 15], []
[2025-01-29 23:42:15,831][__main__][INFO] - [6, 16], []
[2025-01-29 23:42:15,877][__main__][INFO] - [6], [16]
[2025-01-29 23:42:15,929][__main__][INFO] - [6, 17], []
[2025-01-29 23:42:15,951][__main__][INFO] - [6, 18], []
[2025-01-29 23:42:16,015][__main__][INFO] - [6, 19], []
[2025-01-29 23:42:16,036][__main__][INFO] - [6, 20], []
[2025-01-29 23:42:16,058][__main__][INFO] - [6, 21], []
[2025-01-29 23:42:16,078][__main__][INFO] - [6, 22], []
[2025-01-29 23:42:16,098][__main__][INFO] - [6, 23], []
[2025-01-29 23:42:16,125][__main__][INFO] - [6, 24], []
[2025-01-29 23:42:16,175][__main__][INFO] - [7, 10], []
[2025-01-29 23:42:16,208][__main__][INFO] - [7, 11], []
[2025-01-29 23:42:16,228][__main__][INFO] - [7, 12], []
[2025-01-29 23:42:16,250][__main__][INFO] - [7, 13], []
[2025-01-29 23:42:16,269][__main__][INFO] - [7, 14], []
[2025-01-29 23:42:16,289][__main__][INFO] - [7, 15], []
[2025-01-29 23:42:16,310][__main__][INFO] - [7, 16], []
[2025-01-29 23:42:16,337][__main__][INFO] - [7], [16]
[2025-01-29 23:42:16,367][__main__][INFO] - [7, 17], []
[2025-01-29 23:42:16,388][__main__][INFO] - [7, 18], []
[2025-01-29 23:42:16,422][__main__][INFO] - [7, 19], []
[2025-01-29 23:42:16,442][__main__][INFO] - [7, 20], []
[2025-01-29 23:42:16,462][__main__][INFO] - [7, 21], []
[2025-01-29 23:42:16,497][__main__][INFO] - [7, 23], []
[2025-01-29 23:42:16,562][__main__][INFO] - [8, 10], []
[2025-01-29 23:42:16,584][__main__][INFO] - [8, 11], []
[2025-01-29 23:42:16,604][__main__][INFO] - [8, 12], []
[2025-01-29 23:42:16,653][__main__][INFO] - [8, 15], []
[2025-01-29 23:42:16,673][__main__][INFO] - [8, 16], []
[2025-01-29 23:42:16,694][__main__][INFO] - [8], [16]
[2025-01-29 23:42:16,716][__main__][INFO] - [8, 17], []
[2025-01-29 23:42:16,736][__main__][INFO] - [8, 18], []
[2025-01-29 23:42:16,759][__main__][INFO] - [8, 19], []
[2025-01-29 23:42:16,779][__main__][INFO] - [8, 20], []
[2025-01-29 23:42:16,828][__main__][INFO] - [8, 23], []
[2025-01-29 23:42:16,892][__main__][INFO] - [9, 10], []
[2025-01-29 23:42:16,927][__main__][INFO] - [9, 12], []
[2025-01-29 23:42:16,991][__main__][INFO] - [9, 16], []
[2025-01-29 23:42:17,011][__main__][INFO] - [9], [16]
[2025-01-29 23:42:17,046][__main__][INFO] - [9, 18], []
[2025-01-29 23:42:17,125][__main__][INFO] - [9, 23], []
[2025-01-29 23:42:17,189][__main__][INFO] - [10, 16], []
[2025-01-29 23:42:17,577][__main__][INFO] - [10], [16]
[2025-01-29 23:42:18,007][__main__][INFO] - [10, 17], []
[2025-01-29 23:42:18,080][__main__][INFO] - [10, 18], []
[2025-01-29 23:42:18,690][__main__][INFO] - [10, 19], []
[2025-01-29 23:42:18,738][__main__][INFO] - [10, 20], []
[2025-01-29 23:42:18,789][__main__][INFO] - [10, 21], []
[2025-01-29 23:42:18,813][__main__][INFO] - [10, 22], []
[2025-01-29 23:42:18,834][__main__][INFO] - [10, 23], []
[2025-01-29 23:42:18,893][__main__][INFO] - [10, 24], []
[2025-01-29 23:42:18,915][__main__][INFO] - [10, 25], []
[2025-01-29 23:42:18,949][__main__][INFO] - [11, 16], []
[2025-01-29 23:42:18,977][__main__][INFO] - [11], [16]
[2025-01-29 23:42:19,008][__main__][INFO] - [11, 17], []
[2025-01-29 23:42:19,028][__main__][INFO] - [11, 18], []
[2025-01-29 23:42:19,066][__main__][INFO] - [11, 19], []
[2025-01-29 23:42:19,087][__main__][INFO] - [11, 20], []
[2025-01-29 23:42:19,136][__main__][INFO] - [11, 23], []
[2025-01-29 23:42:19,200][__main__][INFO] - [12, 16], []
[2025-01-29 23:42:19,281][__main__][INFO] - [12], [16]
[2025-01-29 23:42:19,362][__main__][INFO] - [12, 17], []
[2025-01-29 23:42:19,383][__main__][INFO] - [12, 18], []
[2025-01-29 23:42:19,411][__main__][INFO] - [12, 19], []
[2025-01-29 23:42:19,433][__main__][INFO] - [12, 20], []
[2025-01-29 23:42:19,483][__main__][INFO] - [12, 23], []
[2025-01-29 23:42:19,662][__main__][INFO] - [13, 16], []
[2025-01-29 23:42:19,684][__main__][INFO] - [13], [16]
[2025-01-29 23:42:19,706][__main__][INFO] - [13, 17], []
[2025-01-29 23:42:19,726][__main__][INFO] - [13, 18], []
[2025-01-29 23:42:19,747][__main__][INFO] - [13, 19], []
[2025-01-29 23:42:19,767][__main__][INFO] - [13, 20], []
[2025-01-29 23:42:19,819][__main__][INFO] - [13, 23], []
[2025-01-29 23:42:19,883][__main__][INFO] - [14, 16], []
[2025-01-29 23:42:19,903][__main__][INFO] - [14], [16]
[2025-01-29 23:42:19,938][__main__][INFO] - [14, 18], []
[2025-01-29 23:42:19,958][__main__][INFO] - [14, 19], []
[2025-01-29 23:42:20,007][__main__][INFO] - [14, 22], []
[2025-01-29 23:42:20,028][__main__][INFO] - [14, 23], []
[2025-01-29 23:42:20,092][__main__][INFO] - [15, 16], []
[2025-01-29 23:42:20,174][__main__][INFO] - [15], [16]
[2025-01-29 23:42:20,279][__main__][INFO] - [15, 17], []
[2025-01-29 23:42:20,352][__main__][INFO] - [15, 18], []
[2025-01-29 23:42:20,456][__main__][INFO] - [15, 19], []
[2025-01-29 23:42:20,478][__main__][INFO] - [15, 20], []
[2025-01-29 23:42:20,499][__main__][INFO] - [15, 21], []
[2025-01-29 23:42:20,519][__main__][INFO] - [15, 22], []
[2025-01-29 23:42:20,539][__main__][INFO] - [15, 23], []
[2025-01-29 23:42:20,560][__main__][INFO] - [15, 24], []
[2025-01-29 23:42:20,609][__main__][INFO] - [16, 17], []
[2025-01-29 23:42:20,679][__main__][INFO] - [16, 18], []
[2025-01-29 23:42:21,017][__main__][INFO] - [16, 19], []
[2025-01-29 23:42:21,053][__main__][INFO] - [16, 20], []
[2025-01-29 23:42:21,090][__main__][INFO] - [16, 21], []
[2025-01-29 23:42:21,112][__main__][INFO] - [16, 22], []
[2025-01-29 23:42:21,132][__main__][INFO] - [16, 23], []
[2025-01-29 23:42:21,228][__main__][INFO] - [16, 24], []
[2025-01-29 23:42:21,278][__main__][INFO] - [17], [16]
[2025-01-29 23:42:21,355][__main__][INFO] - [18], [16]
[2025-01-29 23:42:21,744][__main__][INFO] - [19], [16]
[2025-01-29 23:42:21,781][__main__][INFO] - [20], [16]
[2025-01-29 23:42:21,817][__main__][INFO] - [21], [16]
[2025-01-29 23:42:21,838][__main__][INFO] - [22], [16]
[2025-01-29 23:42:21,859][__main__][INFO] - [23], [16]
[2025-01-29 23:42:21,954][__main__][INFO] - [24], [16]
[2025-01-29 23:42:22,033][__main__][INFO] - [0, 10, 16], []
[2025-01-29 23:42:22,119][__main__][INFO] - [0, 10], [16]
[2025-01-29 23:42:22,207][__main__][INFO] - [0, 10, 17], []
[2025-01-29 23:42:22,245][__main__][INFO] - [0, 10, 18], []
[2025-01-29 23:42:22,350][__main__][INFO] - [0, 10, 19], []
[2025-01-29 23:42:22,380][__main__][INFO] - [0, 10, 20], []
[2025-01-29 23:42:22,408][__main__][INFO] - [0, 10, 21], []
[2025-01-29 23:42:22,431][__main__][INFO] - [0, 10, 22], []
[2025-01-29 23:42:22,453][__main__][INFO] - [0, 10, 23], []
[2025-01-29 23:42:22,485][__main__][INFO] - [0, 10, 24], []
[2025-01-29 23:42:22,538][__main__][INFO] - [0, 11, 16], []
[2025-01-29 23:42:22,561][__main__][INFO] - [0, 11], [16]
[2025-01-29 23:42:22,599][__main__][INFO] - [0, 11, 18], []
[2025-01-29 23:42:22,623][__main__][INFO] - [0, 11, 19], []
[2025-01-29 23:42:22,690][__main__][INFO] - [0, 11, 23], []
[2025-01-29 23:42:22,758][__main__][INFO] - [0, 12, 16], []
[2025-01-29 23:42:22,783][__main__][INFO] - [0, 12], [16]
[2025-01-29 23:42:22,823][__main__][INFO] - [0, 12, 18], []
[2025-01-29 23:42:22,846][__main__][INFO] - [0, 12, 19], []
[2025-01-29 23:42:22,914][__main__][INFO] - [0, 12, 23], []
[2025-01-29 23:42:22,986][__main__][INFO] - [0, 13, 16], []
[2025-01-29 23:42:23,009][__main__][INFO] - [0, 13], [16]
[2025-01-29 23:42:23,047][__main__][INFO] - [0, 13, 18], []
[2025-01-29 23:42:23,084][__main__][INFO] - [0, 13, 20], []
[2025-01-29 23:42:23,196][__main__][INFO] - [0, 14, 16], []
[2025-01-29 23:42:23,218][__main__][INFO] - [0, 14], [16]
[2025-01-29 23:42:23,256][__main__][INFO] - [0, 14, 18], []
[2025-01-29 23:42:23,322][__main__][INFO] - [0, 14, 22], []
[2025-01-29 23:42:23,405][__main__][INFO] - [0, 15, 16], []
[2025-01-29 23:42:23,431][__main__][INFO] - [0, 15], [16]
[2025-01-29 23:42:23,457][__main__][INFO] - [0, 15, 17], []
[2025-01-29 23:42:23,482][__main__][INFO] - [0, 15, 18], []
[2025-01-29 23:42:23,508][__main__][INFO] - [0, 15, 19], []
[2025-01-29 23:42:23,531][__main__][INFO] - [0, 15, 20], []
[2025-01-29 23:42:23,553][__main__][INFO] - [0, 15, 21], []
[2025-01-29 23:42:23,590][__main__][INFO] - [0, 15, 23], []
[2025-01-29 23:42:23,658][__main__][INFO] - [0, 16, 17], []
[2025-01-29 23:42:23,689][__main__][INFO] - [0, 16, 18], []
[2025-01-29 23:42:23,751][__main__][INFO] - [0, 16, 19], []
[2025-01-29 23:42:23,777][__main__][INFO] - [0, 16, 20], []
[2025-01-29 23:42:23,802][__main__][INFO] - [0, 16, 21], []
[2025-01-29 23:42:23,825][__main__][INFO] - [0, 16, 22], []
[2025-01-29 23:42:23,846][__main__][INFO] - [0, 16, 23], []
[2025-01-29 23:42:23,876][__main__][INFO] - [0, 16, 24], []
[2025-01-29 23:42:23,927][__main__][INFO] - [0, 17], [16]
[2025-01-29 23:42:23,959][__main__][INFO] - [0, 18], [16]
[2025-01-29 23:42:24,023][__main__][INFO] - [0, 19], [16]
[2025-01-29 23:42:24,049][__main__][INFO] - [0, 20], [16]
[2025-01-29 23:42:24,074][__main__][INFO] - [0, 21], [16]
[2025-01-29 23:42:24,097][__main__][INFO] - [0, 22], [16]
[2025-01-29 23:42:24,119][__main__][INFO] - [0, 23], [16]
[2025-01-29 23:42:24,149][__main__][INFO] - [0, 24], [16]
[2025-01-29 23:42:24,216][__main__][INFO] - [1, 10, 16], []
[2025-01-29 23:42:24,311][__main__][INFO] - [1, 10], [16]
[2025-01-29 23:42:24,412][__main__][INFO] - [1, 10, 17], []
[2025-01-29 23:42:24,452][__main__][INFO] - [1, 10, 18], []
[2025-01-29 23:42:24,574][__main__][INFO] - [1, 10, 19], []
[2025-01-29 23:42:24,604][__main__][INFO] - [1, 10, 20], []
[2025-01-29 23:42:24,633][__main__][INFO] - [1, 10, 21], []
[2025-01-29 23:42:24,656][__main__][INFO] - [1, 10, 22], []
[2025-01-29 23:42:24,679][__main__][INFO] - [1, 10, 23], []
[2025-01-29 23:42:24,714][__main__][INFO] - [1, 10, 24], []
[2025-01-29 23:42:24,767][__main__][INFO] - [1, 11, 16], []
[2025-01-29 23:42:24,791][__main__][INFO] - [1, 11], [16]
[2025-01-29 23:42:24,830][__main__][INFO] - [1, 11, 18], []
[2025-01-29 23:42:24,856][__main__][INFO] - [1, 11, 19], []
[2025-01-29 23:42:24,878][__main__][INFO] - [1, 11, 20], []
[2025-01-29 23:42:24,931][__main__][INFO] - [1, 11, 23], []
[2025-01-29 23:42:24,999][__main__][INFO] - [1, 12, 16], []
[2025-01-29 23:42:25,028][__main__][INFO] - [1, 12], [16]
[2025-01-29 23:42:25,073][__main__][INFO] - [1, 12, 18], []
[2025-01-29 23:42:25,097][__main__][INFO] - [1, 12, 19], []
[2025-01-29 23:42:25,165][__main__][INFO] - [1, 12, 23], []
[2025-01-29 23:42:25,245][__main__][INFO] - [1, 13, 16], []
[2025-01-29 23:42:25,268][__main__][INFO] - [1, 13], [16]
[2025-01-29 23:42:25,306][__main__][INFO] - [1, 13, 18], []
[2025-01-29 23:42:25,344][__main__][INFO] - [1, 13, 20], []
[2025-01-29 23:42:25,457][__main__][INFO] - [1, 14, 16], []
[2025-01-29 23:42:25,479][__main__][INFO] - [1, 14], [16]
[2025-01-29 23:42:25,517][__main__][INFO] - [1, 14, 18], []
[2025-01-29 23:42:25,584][__main__][INFO] - [1, 14, 22], []
[2025-01-29 23:42:25,607][__main__][INFO] - [1, 14, 23], []
[2025-01-29 23:42:25,675][__main__][INFO] - [1, 15, 16], []
[2025-01-29 23:42:25,704][__main__][INFO] - [1, 15], [16]
[2025-01-29 23:42:25,736][__main__][INFO] - [1, 15, 17], []
[2025-01-29 23:42:25,764][__main__][INFO] - [1, 15, 18], []
[2025-01-29 23:42:25,795][__main__][INFO] - [1, 15, 19], []
[2025-01-29 23:42:25,818][__main__][INFO] - [1, 15, 20], []
[2025-01-29 23:42:25,841][__main__][INFO] - [1, 15, 21], []
[2025-01-29 23:42:25,878][__main__][INFO] - [1, 15, 23], []
[2025-01-29 23:42:25,901][__main__][INFO] - [1, 15, 24], []
[2025-01-29 23:42:25,954][__main__][INFO] - [1, 16, 17], []
[2025-01-29 23:42:25,986][__main__][INFO] - [1, 16, 18], []
[2025-01-29 23:42:26,059][__main__][INFO] - [1, 16, 19], []
[2025-01-29 23:42:26,085][__main__][INFO] - [1, 16, 20], []
[2025-01-29 23:42:26,110][__main__][INFO] - [1, 16, 21], []
[2025-01-29 23:42:26,133][__main__][INFO] - [1, 16, 22], []
[2025-01-29 23:42:26,155][__main__][INFO] - [1, 16, 23], []
[2025-01-29 23:42:26,191][__main__][INFO] - [1, 16, 24], []
[2025-01-29 23:42:26,244][__main__][INFO] - [1, 17], [16]
[2025-01-29 23:42:26,278][__main__][INFO] - [1, 18], [16]
[2025-01-29 23:42:26,359][__main__][INFO] - [1, 19], [16]
[2025-01-29 23:42:26,385][__main__][INFO] - [1, 20], [16]
[2025-01-29 23:42:26,410][__main__][INFO] - [1, 21], [16]
[2025-01-29 23:42:26,433][__main__][INFO] - [1, 22], [16]
[2025-01-29 23:42:26,455][__main__][INFO] - [1, 23], [16]
[2025-01-29 23:42:26,490][__main__][INFO] - [1, 24], [16]
[2025-01-29 23:42:26,557][__main__][INFO] - [2, 10, 16], []
[2025-01-29 23:42:26,635][__main__][INFO] - [2, 10], [16]
[2025-01-29 23:42:26,721][__main__][INFO] - [2, 10, 17], []
[2025-01-29 23:42:26,753][__main__][INFO] - [2, 10, 18], []
[2025-01-29 23:42:26,860][__main__][INFO] - [2, 10, 19], []
[2025-01-29 23:42:26,888][__main__][INFO] - [2, 10, 20], []
[2025-01-29 23:42:26,915][__main__][INFO] - [2, 10, 21], []
[2025-01-29 23:42:26,938][__main__][INFO] - [2, 10, 22], []
[2025-01-29 23:42:26,961][__main__][INFO] - [2, 10, 23], []
[2025-01-29 23:42:26,992][__main__][INFO] - [2, 10, 24], []
[2025-01-29 23:42:27,045][__main__][INFO] - [2, 11, 16], []
[2025-01-29 23:42:27,069][__main__][INFO] - [2, 11], [16]
[2025-01-29 23:42:27,109][__main__][INFO] - [2, 11, 18], []
[2025-01-29 23:42:27,135][__main__][INFO] - [2, 11, 19], []
[2025-01-29 23:42:27,203][__main__][INFO] - [2, 11, 23], []
[2025-01-29 23:42:27,271][__main__][INFO] - [2, 12, 16], []
[2025-01-29 23:42:27,303][__main__][INFO] - [2, 12], [16]
[2025-01-29 23:42:27,351][__main__][INFO] - [2, 12, 18], []
[2025-01-29 23:42:27,375][__main__][INFO] - [2, 12, 19], []
[2025-01-29 23:42:27,443][__main__][INFO] - [2, 12, 23], []
[2025-01-29 23:42:27,530][__main__][INFO] - [2, 13, 16], []
[2025-01-29 23:42:27,553][__main__][INFO] - [2, 13], [16]
[2025-01-29 23:42:27,591][__main__][INFO] - [2, 13, 18], []
[2025-01-29 23:42:27,629][__main__][INFO] - [2, 13, 20], []
[2025-01-29 23:42:27,682][__main__][INFO] - [2, 13, 23], []
[2025-01-29 23:42:27,749][__main__][INFO] - [2, 14, 16], []
[2025-01-29 23:42:27,772][__main__][INFO] - [2, 14], [16]
[2025-01-29 23:42:27,810][__main__][INFO] - [2, 14, 18], []
[2025-01-29 23:42:27,877][__main__][INFO] - [2, 14, 22], []
[2025-01-29 23:42:27,900][__main__][INFO] - [2, 14, 23], []
[2025-01-29 23:42:27,967][__main__][INFO] - [2, 15, 16], []
[2025-01-29 23:42:28,000][__main__][INFO] - [2, 15], [16]
[2025-01-29 23:42:28,038][__main__][INFO] - [2, 15, 17], []
[2025-01-29 23:42:28,071][__main__][INFO] - [2, 15, 18], []
[2025-01-29 23:42:28,107][__main__][INFO] - [2, 15, 19], []
[2025-01-29 23:42:28,130][__main__][INFO] - [2, 15, 20], []
[2025-01-29 23:42:28,153][__main__][INFO] - [2, 15, 21], []
[2025-01-29 23:42:28,191][__main__][INFO] - [2, 15, 23], []
[2025-01-29 23:42:28,214][__main__][INFO] - [2, 15, 24], []
[2025-01-29 23:42:28,266][__main__][INFO] - [2, 16, 17], []
[2025-01-29 23:42:28,296][__main__][INFO] - [2, 16, 18], []
[2025-01-29 23:42:28,364][__main__][INFO] - [2, 16, 19], []
[2025-01-29 23:42:28,389][__main__][INFO] - [2, 16, 20], []
[2025-01-29 23:42:28,414][__main__][INFO] - [2, 16, 21], []
[2025-01-29 23:42:28,437][__main__][INFO] - [2, 16, 22], []
[2025-01-29 23:42:28,460][__main__][INFO] - [2, 16, 23], []
[2025-01-29 23:42:28,496][__main__][INFO] - [2, 16, 24], []
[2025-01-29 23:42:28,548][__main__][INFO] - [2, 17], [16]
[2025-01-29 23:42:28,581][__main__][INFO] - [2, 18], [16]
[2025-01-29 23:42:28,660][__main__][INFO] - [2, 19], [16]
[2025-01-29 23:42:28,686][__main__][INFO] - [2, 20], [16]
[2025-01-29 23:42:28,710][__main__][INFO] - [2, 21], [16]
[2025-01-29 23:42:28,733][__main__][INFO] - [2, 22], [16]
[2025-01-29 23:42:28,756][__main__][INFO] - [2, 23], [16]
[2025-01-29 23:42:28,792][__main__][INFO] - [2, 24], [16]
[2025-01-29 23:42:28,859][__main__][INFO] - [3, 10, 16], []
[2025-01-29 23:42:28,918][__main__][INFO] - [3, 10], [16]
[2025-01-29 23:42:28,981][__main__][INFO] - [3, 10, 17], []
[2025-01-29 23:42:29,008][__main__][INFO] - [3, 10, 18], []
[2025-01-29 23:42:29,090][__main__][INFO] - [3, 10, 19], []
[2025-01-29 23:42:29,116][__main__][INFO] - [3, 10, 20], []
[2025-01-29 23:42:29,142][__main__][INFO] - [3, 10, 21], []
[2025-01-29 23:42:29,165][__main__][INFO] - [3, 10, 22], []
[2025-01-29 23:42:29,188][__main__][INFO] - [3, 10, 23], []
[2025-01-29 23:42:29,214][__main__][INFO] - [3, 10, 24], []
[2025-01-29 23:42:29,267][__main__][INFO] - [3, 11, 16], []
[2025-01-29 23:42:29,291][__main__][INFO] - [3, 11], [16]
[2025-01-29 23:42:29,331][__main__][INFO] - [3, 11, 18], []
[2025-01-29 23:42:29,356][__main__][INFO] - [3, 11, 19], []
[2025-01-29 23:42:29,424][__main__][INFO] - [3, 11, 23], []
[2025-01-29 23:42:29,492][__main__][INFO] - [3, 12, 16], []
[2025-01-29 23:42:29,525][__main__][INFO] - [3, 12], [16]
[2025-01-29 23:42:29,573][__main__][INFO] - [3, 12, 18], []
[2025-01-29 23:42:29,597][__main__][INFO] - [3, 12, 19], []
[2025-01-29 23:42:29,665][__main__][INFO] - [3, 12, 23], []
[2025-01-29 23:42:29,752][__main__][INFO] - [3, 13, 16], []
[2025-01-29 23:42:29,775][__main__][INFO] - [3, 13], [16]
[2025-01-29 23:42:29,813][__main__][INFO] - [3, 13, 18], []
[2025-01-29 23:42:29,851][__main__][INFO] - [3, 13, 20], []
[2025-01-29 23:42:29,904][__main__][INFO] - [3, 13, 23], []
[2025-01-29 23:42:29,972][__main__][INFO] - [3, 14, 16], []
[2025-01-29 23:42:29,994][__main__][INFO] - [3, 14], [16]
[2025-01-29 23:42:30,032][__main__][INFO] - [3, 14, 18], []
[2025-01-29 23:42:30,055][__main__][INFO] - [3, 14, 19], []
[2025-01-29 23:42:30,108][__main__][INFO] - [3, 14, 22], []
[2025-01-29 23:42:30,131][__main__][INFO] - [3, 14, 23], []
[2025-01-29 23:42:30,198][__main__][INFO] - [3, 15, 16], []
[2025-01-29 23:42:30,233][__main__][INFO] - [3, 15], [16]
[2025-01-29 23:42:30,270][__main__][INFO] - [3, 15, 17], []
[2025-01-29 23:42:30,302][__main__][INFO] - [3, 15, 18], []
[2025-01-29 23:42:30,340][__main__][INFO] - [3, 15, 19], []
[2025-01-29 23:42:30,363][__main__][INFO] - [3, 15, 20], []
[2025-01-29 23:42:30,386][__main__][INFO] - [3, 15, 21], []
[2025-01-29 23:42:30,423][__main__][INFO] - [3, 15, 23], []
[2025-01-29 23:42:30,446][__main__][INFO] - [3, 15, 24], []
[2025-01-29 23:42:30,499][__main__][INFO] - [3, 16, 17], []
[2025-01-29 23:42:30,527][__main__][INFO] - [3, 16, 18], []
[2025-01-29 23:42:30,586][__main__][INFO] - [3, 16, 19], []
[2025-01-29 23:42:30,610][__main__][INFO] - [3, 16, 20], []
[2025-01-29 23:42:30,635][__main__][INFO] - [3, 16, 21], []
[2025-01-29 23:42:30,657][__main__][INFO] - [3, 16, 22], []
[2025-01-29 23:42:30,680][__main__][INFO] - [3, 16, 23], []
[2025-01-29 23:42:30,715][__main__][INFO] - [3, 16, 24], []
[2025-01-29 23:42:30,767][__main__][INFO] - [3, 17], [16]
[2025-01-29 23:42:30,797][__main__][INFO] - [3, 18], [16]
[2025-01-29 23:42:30,862][__main__][INFO] - [3, 19], [16]
[2025-01-29 23:42:30,886][__main__][INFO] - [3, 20], [16]
[2025-01-29 23:42:30,910][__main__][INFO] - [3, 21], [16]
[2025-01-29 23:42:30,933][__main__][INFO] - [3, 22], [16]
[2025-01-29 23:42:30,955][__main__][INFO] - [3, 23], [16]
[2025-01-29 23:42:30,989][__main__][INFO] - [3, 24], [16]
[2025-01-29 23:42:31,056][__main__][INFO] - [4, 10, 16], []
[2025-01-29 23:42:31,125][__main__][INFO] - [4, 10], [16]
[2025-01-29 23:42:31,203][__main__][INFO] - [4, 10, 17], []
[2025-01-29 23:42:31,229][__main__][INFO] - [4, 10, 18], []
[2025-01-29 23:42:31,335][__main__][INFO] - [4, 10, 19], []
[2025-01-29 23:42:31,361][__main__][INFO] - [4, 10, 20], []
[2025-01-29 23:42:31,388][__main__][INFO] - [4, 10, 21], []
[2025-01-29 23:42:31,411][__main__][INFO] - [4, 10, 22], []
[2025-01-29 23:42:31,434][__main__][INFO] - [4, 10, 23], []
[2025-01-29 23:42:31,460][__main__][INFO] - [4, 10, 24], []
[2025-01-29 23:42:31,512][__main__][INFO] - [4, 11, 16], []
[2025-01-29 23:42:31,537][__main__][INFO] - [4, 11], [16]
[2025-01-29 23:42:31,576][__main__][INFO] - [4, 11, 18], []
[2025-01-29 23:42:31,602][__main__][INFO] - [4, 11, 19], []
[2025-01-29 23:42:31,625][__main__][INFO] - [4, 11, 20], []
[2025-01-29 23:42:31,678][__main__][INFO] - [4, 11, 23], []
[2025-01-29 23:42:31,746][__main__][INFO] - [4, 12, 16], []
[2025-01-29 23:42:31,782][__main__][INFO] - [4, 12], [16]
[2025-01-29 23:42:31,832][__main__][INFO] - [4, 12, 18], []
[2025-01-29 23:42:31,856][__main__][INFO] - [4, 12, 19], []
[2025-01-29 23:42:31,924][__main__][INFO] - [4, 12, 23], []
[2025-01-29 23:42:32,016][__main__][INFO] - [4, 13, 16], []
[2025-01-29 23:42:32,039][__main__][INFO] - [4, 13], [16]
[2025-01-29 23:42:32,077][__main__][INFO] - [4, 13, 18], []
[2025-01-29 23:42:32,115][__main__][INFO] - [4, 13, 20], []
[2025-01-29 23:42:32,168][__main__][INFO] - [4, 13, 23], []
[2025-01-29 23:42:32,236][__main__][INFO] - [4, 14, 16], []
[2025-01-29 23:42:32,259][__main__][INFO] - [4, 14], [16]
[2025-01-29 23:42:32,296][__main__][INFO] - [4, 14, 18], []
[2025-01-29 23:42:32,319][__main__][INFO] - [4, 14, 19], []
[2025-01-29 23:42:32,371][__main__][INFO] - [4, 14, 22], []
[2025-01-29 23:42:32,454][__main__][INFO] - [4, 15, 16], []
[2025-01-29 23:42:32,491][__main__][INFO] - [4, 15], [16]
[2025-01-29 23:42:32,532][__main__][INFO] - [4, 15, 17], []
[2025-01-29 23:42:32,568][__main__][INFO] - [4, 15, 18], []
[2025-01-29 23:42:32,609][__main__][INFO] - [4, 15, 19], []
[2025-01-29 23:42:32,631][__main__][INFO] - [4, 15, 20], []
[2025-01-29 23:42:32,654][__main__][INFO] - [4, 15, 21], []
[2025-01-29 23:42:32,692][__main__][INFO] - [4, 15, 23], []
[2025-01-29 23:42:32,715][__main__][INFO] - [4, 15, 24], []
[2025-01-29 23:42:32,768][__main__][INFO] - [4, 16, 17], []
[2025-01-29 23:42:32,797][__main__][INFO] - [4, 16, 18], []
[2025-01-29 23:42:32,868][__main__][INFO] - [4, 16, 19], []
[2025-01-29 23:42:32,892][__main__][INFO] - [4, 16, 20], []
[2025-01-29 23:42:32,917][__main__][INFO] - [4, 16, 21], []
[2025-01-29 23:42:32,940][__main__][INFO] - [4, 16, 22], []
[2025-01-29 23:42:32,962][__main__][INFO] - [4, 16, 23], []
[2025-01-29 23:42:32,998][__main__][INFO] - [4, 16, 24], []
[2025-01-29 23:42:33,051][__main__][INFO] - [4, 17], [16]
[2025-01-29 23:42:33,082][__main__][INFO] - [4, 18], [16]
[2025-01-29 23:42:33,163][__main__][INFO] - [4, 19], [16]
[2025-01-29 23:42:33,187][__main__][INFO] - [4, 20], [16]
[2025-01-29 23:42:33,212][__main__][INFO] - [4, 21], [16]
[2025-01-29 23:42:33,234][__main__][INFO] - [4, 22], [16]
[2025-01-29 23:42:33,257][__main__][INFO] - [4, 23], [16]
[2025-01-29 23:42:33,291][__main__][INFO] - [4, 24], [16]
[2025-01-29 23:42:33,359][__main__][INFO] - [5, 10, 16], []
[2025-01-29 23:42:33,427][__main__][INFO] - [5, 10], [16]
[2025-01-29 23:42:33,502][__main__][INFO] - [5, 10, 17], []
[2025-01-29 23:42:33,527][__main__][INFO] - [5, 10, 18], []
[2025-01-29 23:42:33,635][__main__][INFO] - [5, 10, 19], []
[2025-01-29 23:42:33,660][__main__][INFO] - [5, 10, 20], []
[2025-01-29 23:42:33,687][__main__][INFO] - [5, 10, 21], []
[2025-01-29 23:42:33,710][__main__][INFO] - [5, 10, 22], []
[2025-01-29 23:42:33,733][__main__][INFO] - [5, 10, 23], []
[2025-01-29 23:42:33,758][__main__][INFO] - [5, 10, 24], []
[2025-01-29 23:42:33,811][__main__][INFO] - [5, 11, 16], []
[2025-01-29 23:42:33,835][__main__][INFO] - [5, 11], [16]
[2025-01-29 23:42:33,874][__main__][INFO] - [5, 11, 18], []
[2025-01-29 23:42:33,900][__main__][INFO] - [5, 11, 19], []
[2025-01-29 23:42:34,028][__main__][INFO] - [5, 12, 16], []
[2025-01-29 23:42:34,061][__main__][INFO] - [5, 12], [16]
[2025-01-29 23:42:34,109][__main__][INFO] - [5, 12, 18], []
[2025-01-29 23:42:34,133][__main__][INFO] - [5, 12, 19], []
[2025-01-29 23:42:34,201][__main__][INFO] - [5, 12, 23], []
[2025-01-29 23:42:34,288][__main__][INFO] - [5, 13, 16], []
[2025-01-29 23:42:34,311][__main__][INFO] - [5, 13], [16]
[2025-01-29 23:42:34,348][__main__][INFO] - [5, 13, 18], []
[2025-01-29 23:42:34,386][__main__][INFO] - [5, 13, 20], []
[2025-01-29 23:42:34,439][__main__][INFO] - [5, 13, 23], []
[2025-01-29 23:42:34,507][__main__][INFO] - [5, 14, 16], []
[2025-01-29 23:42:34,530][__main__][INFO] - [5, 14], [16]
[2025-01-29 23:42:34,567][__main__][INFO] - [5, 14, 18], []
[2025-01-29 23:42:34,590][__main__][INFO] - [5, 14, 19], []
[2025-01-29 23:42:34,642][__main__][INFO] - [5, 14, 22], []
[2025-01-29 23:42:34,665][__main__][INFO] - [5, 14, 23], []
[2025-01-29 23:42:34,733][__main__][INFO] - [5, 15, 16], []
[2025-01-29 23:42:34,764][__main__][INFO] - [5, 15], [16]
[2025-01-29 23:42:34,798][__main__][INFO] - [5, 15, 17], []
[2025-01-29 23:42:34,828][__main__][INFO] - [5, 15, 18], []
[2025-01-29 23:42:34,863][__main__][INFO] - [5, 15, 19], []
[2025-01-29 23:42:34,885][__main__][INFO] - [5, 15, 20], []
[2025-01-29 23:42:34,908][__main__][INFO] - [5, 15, 21], []
[2025-01-29 23:42:34,946][__main__][INFO] - [5, 15, 23], []
[2025-01-29 23:42:34,969][__main__][INFO] - [5, 15, 24], []
[2025-01-29 23:42:35,021][__main__][INFO] - [5, 16, 17], []
[2025-01-29 23:42:35,047][__main__][INFO] - [5, 16, 18], []
[2025-01-29 23:42:35,116][__main__][INFO] - [5, 16, 19], []
[2025-01-29 23:42:35,140][__main__][INFO] - [5, 16, 20], []
[2025-01-29 23:42:35,165][__main__][INFO] - [5, 16, 21], []
[2025-01-29 23:42:35,187][__main__][INFO] - [5, 16, 22], []
[2025-01-29 23:42:35,210][__main__][INFO] - [5, 16, 23], []
[2025-01-29 23:42:35,243][__main__][INFO] - [5, 16, 24], []
[2025-01-29 23:42:35,296][__main__][INFO] - [5, 17], [16]
[2025-01-29 23:42:35,323][__main__][INFO] - [5, 18], [16]
[2025-01-29 23:42:35,400][__main__][INFO] - [5, 19], [16]
[2025-01-29 23:42:35,424][__main__][INFO] - [5, 20], [16]
[2025-01-29 23:42:35,449][__main__][INFO] - [5, 21], [16]
[2025-01-29 23:42:35,471][__main__][INFO] - [5, 22], [16]
[2025-01-29 23:42:35,494][__main__][INFO] - [5, 23], [16]
[2025-01-29 23:42:35,526][__main__][INFO] - [5, 24], [16]
[2025-01-29 23:42:35,593][__main__][INFO] - [6, 10, 16], []
[2025-01-29 23:42:35,642][__main__][INFO] - [6, 10], [16]
[2025-01-29 23:42:35,687][__main__][INFO] - [6, 10, 17], []
[2025-01-29 23:42:35,710][__main__][INFO] - [6, 10, 18], []
[2025-01-29 23:42:35,770][__main__][INFO] - [6, 10, 19], []
[2025-01-29 23:42:35,793][__main__][INFO] - [6, 10, 20], []
[2025-01-29 23:42:35,817][__main__][INFO] - [6, 10, 21], []
[2025-01-29 23:42:35,840][__main__][INFO] - [6, 10, 22], []
[2025-01-29 23:42:35,863][__main__][INFO] - [6, 10, 23], []
[2025-01-29 23:42:35,931][__main__][INFO] - [6, 11, 16], []
[2025-01-29 23:42:35,954][__main__][INFO] - [6, 11], [16]
[2025-01-29 23:42:35,992][__main__][INFO] - [6, 11, 18], []
[2025-01-29 23:42:36,136][__main__][INFO] - [6, 12, 16], []
[2025-01-29 23:42:36,162][__main__][INFO] - [6, 12], [16]
[2025-01-29 23:42:36,203][__main__][INFO] - [6, 12, 18], []
[2025-01-29 23:42:36,227][__main__][INFO] - [6, 12, 19], []
[2025-01-29 23:42:36,295][__main__][INFO] - [6, 12, 23], []
[2025-01-29 23:42:36,369][__main__][INFO] - [6, 13, 16], []
[2025-01-29 23:42:36,391][__main__][INFO] - [6, 13], [16]
[2025-01-29 23:42:36,429][__main__][INFO] - [6, 13, 18], []
[2025-01-29 23:42:36,467][__main__][INFO] - [6, 13, 20], []
[2025-01-29 23:42:36,594][__main__][INFO] - [6, 14], [16]
[2025-01-29 23:42:36,768][__main__][INFO] - [6, 15, 16], []
[2025-01-29 23:42:36,792][__main__][INFO] - [6, 15], [16]
[2025-01-29 23:42:36,818][__main__][INFO] - [6, 15, 17], []
[2025-01-29 23:42:36,842][__main__][INFO] - [6, 15, 18], []
[2025-01-29 23:42:36,867][__main__][INFO] - [6, 15, 19], []
[2025-01-29 23:42:36,890][__main__][INFO] - [6, 15, 20], []
[2025-01-29 23:42:36,943][__main__][INFO] - [6, 15, 23], []
[2025-01-29 23:42:37,011][__main__][INFO] - [6, 16, 17], []
[2025-01-29 23:42:37,034][__main__][INFO] - [6, 16, 18], []
[2025-01-29 23:42:37,075][__main__][INFO] - [6, 16, 19], []
[2025-01-29 23:42:37,097][__main__][INFO] - [6, 16, 20], []
[2025-01-29 23:42:37,121][__main__][INFO] - [6, 16, 21], []
[2025-01-29 23:42:37,143][__main__][INFO] - [6, 16, 22], []
[2025-01-29 23:42:37,166][__main__][INFO] - [6, 16, 23], []
[2025-01-29 23:42:37,237][__main__][INFO] - [6, 17], [16]
[2025-01-29 23:42:37,260][__main__][INFO] - [6, 18], [16]
[2025-01-29 23:42:37,305][__main__][INFO] - [6, 19], [16]
[2025-01-29 23:42:37,327][__main__][INFO] - [6, 20], [16]
[2025-01-29 23:42:37,350][__main__][INFO] - [6, 21], [16]
[2025-01-29 23:42:37,373][__main__][INFO] - [6, 22], [16]
[2025-01-29 23:42:37,395][__main__][INFO] - [6, 23], [16]
[2025-01-29 23:42:37,481][__main__][INFO] - [7, 10, 16], []
[2025-01-29 23:42:37,509][__main__][INFO] - [7, 10], [16]
[2025-01-29 23:42:37,539][__main__][INFO] - [7, 10, 17], []
[2025-01-29 23:42:37,561][__main__][INFO] - [7, 10, 18], []
[2025-01-29 23:42:37,596][__main__][INFO] - [7, 10, 19], []
[2025-01-29 23:42:37,619][__main__][INFO] - [7, 10, 20], []
[2025-01-29 23:42:37,642][__main__][INFO] - [7, 10, 21], []
[2025-01-29 23:42:37,680][__main__][INFO] - [7, 10, 23], []
[2025-01-29 23:42:37,747][__main__][INFO] - [7, 11, 16], []
[2025-01-29 23:42:37,770][__main__][INFO] - [7, 11], [16]
[2025-01-29 23:42:37,808][__main__][INFO] - [7, 11, 18], []
[2025-01-29 23:42:37,950][__main__][INFO] - [7, 12, 16], []
[2025-01-29 23:42:37,973][__main__][INFO] - [7, 12], [16]
[2025-01-29 23:42:38,012][__main__][INFO] - [7, 12, 18], []
[2025-01-29 23:42:38,035][__main__][INFO] - [7, 12, 19], []
[2025-01-29 23:42:38,102][__main__][INFO] - [7, 12, 23], []
[2025-01-29 23:42:38,186][__main__][INFO] - [7, 13], [16]
[2025-01-29 23:42:38,223][__main__][INFO] - [7, 13, 18], []
[2025-01-29 23:42:38,545][__main__][INFO] - [7, 15, 16], []
[2025-01-29 23:42:38,569][__main__][INFO] - [7, 15], [16]
[2025-01-29 23:42:38,591][__main__][INFO] - [7, 15, 17], []
[2025-01-29 23:42:38,614][__main__][INFO] - [7, 15, 18], []
[2025-01-29 23:42:38,637][__main__][INFO] - [7, 15, 19], []
[2025-01-29 23:42:38,764][__main__][INFO] - [7, 16, 17], []
[2025-01-29 23:42:38,786][__main__][INFO] - [7, 16, 18], []
[2025-01-29 23:42:38,814][__main__][INFO] - [7, 16, 19], []
[2025-01-29 23:42:38,836][__main__][INFO] - [7, 16, 20], []
[2025-01-29 23:42:38,859][__main__][INFO] - [7, 16, 21], []
[2025-01-29 23:42:38,896][__main__][INFO] - [7, 16, 23], []
[2025-01-29 23:42:38,964][__main__][INFO] - [7, 17], [16]
[2025-01-29 23:42:38,986][__main__][INFO] - [7, 18], [16]
[2025-01-29 23:42:39,016][__main__][INFO] - [7, 19], [16]
[2025-01-29 23:42:39,039][__main__][INFO] - [7, 20], [16]
[2025-01-29 23:42:39,061][__main__][INFO] - [7, 21], [16]
[2025-01-29 23:42:39,098][__main__][INFO] - [7, 23], [16]
[2025-01-29 23:42:39,181][__main__][INFO] - [8, 10, 16], []
[2025-01-29 23:42:39,204][__main__][INFO] - [8, 10], [16]
[2025-01-29 23:42:39,243][__main__][INFO] - [8, 10, 18], []
[2025-01-29 23:42:39,268][__main__][INFO] - [8, 10, 19], []
[2025-01-29 23:42:39,291][__main__][INFO] - [8, 10, 20], []
[2025-01-29 23:42:39,343][__main__][INFO] - [8, 10, 23], []
[2025-01-29 23:42:39,411][__main__][INFO] - [8, 11, 16], []
[2025-01-29 23:42:39,433][__main__][INFO] - [8, 11], [16]
[2025-01-29 23:42:39,471][__main__][INFO] - [8, 11, 18], []
[2025-01-29 23:42:39,613][__main__][INFO] - [8, 12, 16], []
[2025-01-29 23:42:39,636][__main__][INFO] - [8, 12], [16]
[2025-01-29 23:42:39,673][__main__][INFO] - [8, 12, 18], []
[2025-01-29 23:42:39,755][__main__][INFO] - [8, 12, 23], []
[2025-01-29 23:42:39,853][__main__][INFO] - [8, 15, 16], []
[2025-01-29 23:42:39,875][__main__][INFO] - [8, 15], [16]
[2025-01-29 23:42:39,912][__main__][INFO] - [8, 15, 18], []
[2025-01-29 23:42:40,070][__main__][INFO] - [8, 16, 18], []
[2025-01-29 23:42:40,093][__main__][INFO] - [8, 16, 19], []
[2025-01-29 23:42:40,115][__main__][INFO] - [8, 16, 20], []
[2025-01-29 23:42:40,168][__main__][INFO] - [8, 16, 23], []
[2025-01-29 23:42:40,235][__main__][INFO] - [8, 17], [16]
[2025-01-29 23:42:40,257][__main__][INFO] - [8, 18], [16]
[2025-01-29 23:42:40,281][__main__][INFO] - [8, 19], [16]
[2025-01-29 23:42:40,303][__main__][INFO] - [8, 20], [16]
[2025-01-29 23:42:40,355][__main__][INFO] - [8, 23], [16]
[2025-01-29 23:42:40,437][__main__][INFO] - [9, 10, 16], []
[2025-01-29 23:42:40,460][__main__][INFO] - [9, 10], [16]
[2025-01-29 23:42:40,498][__main__][INFO] - [9, 10, 18], []
[2025-01-29 23:42:40,894][__main__][INFO] - [9, 16, 18], []
[2025-01-29 23:42:41,051][__main__][INFO] - [9, 18], [16]
[2025-01-29 23:42:41,208][__main__][INFO] - [10, 16, 17], []
[2025-01-29 23:42:41,253][__main__][INFO] - [10, 16, 18], []
[2025-01-29 23:42:41,534][__main__][INFO] - [10, 16, 19], []
[2025-01-29 23:42:41,569][__main__][INFO] - [10, 16, 20], []
[2025-01-29 23:42:41,606][__main__][INFO] - [10, 16, 21], []
[2025-01-29 23:42:41,630][__main__][INFO] - [10, 16, 22], []
[2025-01-29 23:42:41,653][__main__][INFO] - [10, 16, 23], []
[2025-01-29 23:42:41,694][__main__][INFO] - [10, 16, 24], []
[2025-01-29 23:42:41,748][__main__][INFO] - [10, 17], [16]
[2025-01-29 23:42:41,794][__main__][INFO] - [10, 18], [16]
[2025-01-29 23:42:42,110][__main__][INFO] - [10, 19], [16]
[2025-01-29 23:42:42,145][__main__][INFO] - [10, 20], [16]
[2025-01-29 23:42:42,181][__main__][INFO] - [10, 21], [16]
[2025-01-29 23:42:42,205][__main__][INFO] - [10, 22], [16]
[2025-01-29 23:42:42,228][__main__][INFO] - [10, 23], [16]
[2025-01-29 23:42:42,268][__main__][INFO] - [10, 24], [16]
[2025-01-29 23:42:42,335][__main__][INFO] - [11, 16, 17], []
[2025-01-29 23:42:42,357][__main__][INFO] - [11, 16, 18], []
[2025-01-29 23:42:42,387][__main__][INFO] - [11, 16, 19], []
[2025-01-29 23:42:42,409][__main__][INFO] - [11, 16, 20], []
[2025-01-29 23:42:42,461][__main__][INFO] - [11, 16, 23], []
[2025-01-29 23:42:42,528][__main__][INFO] - [11, 17], [16]
[2025-01-29 23:42:42,551][__main__][INFO] - [11, 18], [16]
[2025-01-29 23:42:42,582][__main__][INFO] - [11, 19], [16]
[2025-01-29 23:42:42,604][__main__][INFO] - [11, 20], [16]
[2025-01-29 23:42:42,656][__main__][INFO] - [11, 23], [16]
[2025-01-29 23:42:42,738][__main__][INFO] - [12, 16, 17], []
[2025-01-29 23:42:42,760][__main__][INFO] - [12, 16, 18], []
[2025-01-29 23:42:42,784][__main__][INFO] - [12, 16, 19], []
[2025-01-29 23:42:42,852][__main__][INFO] - [12, 16, 23], []
[2025-01-29 23:42:42,973][__main__][INFO] - [12, 17], [16]
[2025-01-29 23:42:42,995][__main__][INFO] - [12, 18], [16]
[2025-01-29 23:42:43,022][__main__][INFO] - [12, 19], [16]
[2025-01-29 23:42:43,092][__main__][INFO] - [12, 23], [16]
[2025-01-29 23:42:43,242][__main__][INFO] - [13, 16, 18], []
[2025-01-29 23:42:43,265][__main__][INFO] - [13, 16, 19], []
[2025-01-29 23:42:43,287][__main__][INFO] - [13, 16, 20], []
[2025-01-29 23:42:43,342][__main__][INFO] - [13, 16, 23], []
[2025-01-29 23:42:43,424][__main__][INFO] - [13, 18], [16]
[2025-01-29 23:42:43,447][__main__][INFO] - [13, 19], [16]
[2025-01-29 23:42:43,469][__main__][INFO] - [13, 20], [16]
[2025-01-29 23:42:43,522][__main__][INFO] - [13, 23], [16]
[2025-01-29 23:42:43,619][__main__][INFO] - [14, 16, 18], []
[2025-01-29 23:42:43,641][__main__][INFO] - [14, 16, 19], []
[2025-01-29 23:42:43,693][__main__][INFO] - [14, 16, 22], []
[2025-01-29 23:42:43,715][__main__][INFO] - [14, 16, 23], []
[2025-01-29 23:42:43,797][__main__][INFO] - [14, 18], [16]
[2025-01-29 23:42:43,819][__main__][INFO] - [14, 19], [16]
[2025-01-29 23:42:43,871][__main__][INFO] - [14, 22], [16]
[2025-01-29 23:42:43,893][__main__][INFO] - [14, 23], [16]
[2025-01-29 23:42:43,974][__main__][INFO] - [15, 16, 17], []
[2025-01-29 23:42:44,016][__main__][INFO] - [15, 16, 18], []
[2025-01-29 23:42:44,071][__main__][INFO] - [15, 16, 19], []
[2025-01-29 23:42:44,093][__main__][INFO] - [15, 16, 20], []
[2025-01-29 23:42:44,115][__main__][INFO] - [15, 16, 21], []
[2025-01-29 23:42:44,153][__main__][INFO] - [15, 16, 23], []
[2025-01-29 23:42:44,175][__main__][INFO] - [15, 16, 24], []
[2025-01-29 23:42:44,228][__main__][INFO] - [15, 17], [16]
[2025-01-29 23:42:44,279][__main__][INFO] - [15, 18], [16]
[2025-01-29 23:42:44,343][__main__][INFO] - [15, 19], [16]
[2025-01-29 23:42:44,365][__main__][INFO] - [15, 20], [16]
[2025-01-29 23:42:44,387][__main__][INFO] - [15, 21], [16]
[2025-01-29 23:42:44,424][__main__][INFO] - [15, 23], [16]
[2025-01-29 23:42:44,446][__main__][INFO] - [15, 24], [16]
