[2025-01-29 09:41:19,893][gurobipy][INFO] - Set parameter TimeLimit to value 600
[2025-01-29 09:41:19,900][gurobipy][INFO] - Gurobi Optimizer version 11.0.2 build v11.0.2rc0 (linux64)
[2025-01-29 09:41:19,900][gurobipy][INFO] - 
[2025-01-29 09:41:19,912][gurobipy][INFO] - CPU model: Intel(R) Xeon(R) Gold 6136 CPU @ 3.00GHz, instruction set [SSE2|AVX|AVX2|AVX512]
[2025-01-29 09:41:19,912][gurobipy][INFO] - Thread count: 24 physical cores, 48 logical processors, using up to 24 threads
[2025-01-29 09:41:19,912][gurobipy][INFO] - 
[2025-01-29 09:41:19,912][gurobipy][INFO] - Optimize a model with 28913 rows, 640 columns and 73164 nonzeros
[2025-01-29 09:41:19,913][gurobipy][INFO] - Model fingerprint: 0x4a21c47d
[2025-01-29 09:41:19,913][gurobipy][INFO] - Variable types: 591 continuous, 49 integer (49 binary)
[2025-01-29 09:41:19,913][gurobipy][INFO] - Coefficient statistics:
[2025-01-29 09:41:19,913][gurobipy][INFO] -   Matrix range     [2e-03, 2e+00]
[2025-01-29 09:41:19,913][gurobipy][INFO] -   Objective range  [1e+00, 1e+00]
[2025-01-29 09:41:19,913][gurobipy][INFO] -   Bounds range     [1e+00, 1e+00]
[2025-01-29 09:41:19,913][gurobipy][INFO] -   RHS range        [1e+00, 1e+01]
[2025-01-29 09:41:19,918][gurobipy][INFO] - Found heuristic solution: objective 0.0000000
[2025-01-29 09:41:20,086][gurobipy][INFO] - Presolve removed 11762 rows and 8 columns
[2025-01-29 09:41:20,086][gurobipy][INFO] - Presolve time: 0.17s
[2025-01-29 09:41:20,086][gurobipy][INFO] - Presolved: 17151 rows, 632 columns, 52038 nonzeros
[2025-01-29 09:41:20,098][gurobipy][INFO] - Variable types: 591 continuous, 41 integer (41 binary)
[2025-01-29 09:41:20,119][gurobipy][INFO] - Root relaxation presolved: 17151 rows, 632 columns, 52038 nonzeros
[2025-01-29 09:41:20,119][gurobipy][INFO] - 
[2025-01-29 09:41:20,148][gurobipy][INFO] - 
[2025-01-29 09:41:20,148][gurobipy][INFO] - Root relaxation: objective 1.000000e+00, 321 iterations, 0.05 seconds (0.08 work units)
[2025-01-29 09:41:20,155][gurobipy][INFO] - 
[2025-01-29 09:41:20,155][gurobipy][INFO] -     Nodes    |    Current Node    |     Objective Bounds      |     Work
[2025-01-29 09:41:20,155][gurobipy][INFO] -  Expl Unexpl |  Obj  Depth IntInf | Incumbent    BestBd   Gap | It/Node Time
[2025-01-29 09:41:20,155][gurobipy][INFO] - 
[2025-01-29 09:41:20,155][gurobipy][INFO] -      0     0    1.00000    0    5    0.00000    1.00000      -     -    0s
[2025-01-29 09:41:20,165][gurobipy][INFO] - H    0     0                       0.1022361    1.00000   878%     -    0s
[2025-01-29 09:41:20,177][gurobipy][INFO] - H    0     0                       0.1160879    1.00000   761%     -    0s
[2025-01-29 09:41:20,591][gurobipy][INFO] -      0     0    1.00000    0   26    0.11609    1.00000   761%     -    0s
[2025-01-29 09:41:20,634][gurobipy][INFO] -      0     0    1.00000    0   22    0.11609    1.00000   761%     -    0s
[2025-01-29 09:41:20,710][gurobipy][INFO] - H    0     0                       0.1503493    1.00000   565%     -    0s
[2025-01-29 09:41:21,882][gurobipy][INFO] - H    0     0                       0.1585165    1.00000   531%     -    1s
[2025-01-29 09:41:21,955][gurobipy][INFO] - H    0     0                       0.1592357    0.75269   373%     -    2s
[2025-01-29 09:41:21,956][gurobipy][INFO] - H    0     0                       0.2242655    0.75269   236%     -    2s
[2025-01-29 09:41:21,990][gurobipy][INFO] -      0     0    0.75269    0    5    0.22427    0.75269   236%     -    2s
[2025-01-29 09:41:22,067][gurobipy][INFO] -      0     0    0.63901    0    5    0.22427    0.63901   185%     -    2s
[2025-01-29 09:41:22,202][gurobipy][INFO] -      0     0    0.55108    0    6    0.22427    0.55108   146%     -    2s
[2025-01-29 09:41:22,280][gurobipy][INFO] -      0     0    0.48784    0   10    0.22427    0.48784   118%     -    2s
[2025-01-29 09:41:22,284][gurobipy][INFO] -      0     0    0.48784    0    8    0.22427    0.48784   118%     -    2s
[2025-01-29 09:41:22,576][gurobipy][INFO] -      0     0    0.22427    0    8    0.22427    0.22427  0.00%     -    2s
[2025-01-29 09:41:22,578][gurobipy][INFO] - 
[2025-01-29 09:41:22,578][gurobipy][INFO] - Cutting planes:
[2025-01-29 09:41:22,578][gurobipy][INFO] -   Implied bound: 1
[2025-01-29 09:41:22,578][gurobipy][INFO] -   MIR: 7
[2025-01-29 09:41:22,578][gurobipy][INFO] -   Inf proof: 1
[2025-01-29 09:41:22,578][gurobipy][INFO] -   RLT: 1
[2025-01-29 09:41:22,579][gurobipy][INFO] - 
[2025-01-29 09:41:22,579][gurobipy][INFO] - Explored 1 nodes (7307 simplex iterations) in 2.67 seconds (4.02 work units)
[2025-01-29 09:41:22,579][gurobipy][INFO] - Thread count was 24 (of 48 available processors)
[2025-01-29 09:41:22,579][gurobipy][INFO] - 
[2025-01-29 09:41:22,579][gurobipy][INFO] - Solution count 7: 0.224265 0.159236 0.158517 ... 1.77636e-14
[2025-01-29 09:41:22,579][gurobipy][INFO] - No other solutions better than 0.224265
[2025-01-29 09:41:22,579][gurobipy][INFO] - 
[2025-01-29 09:41:22,580][gurobipy][INFO] - Optimal solution found (tolerance 1.00e-04)
[2025-01-29 09:41:22,580][gurobipy][INFO] - Best objective 2.242654612698e-01, best bound 2.242654612698e-01, gap 0.0000%
[2025-01-29 09:41:22,611][__main__][INFO] - Finished size 1000 (1/5)
[2025-01-29 09:41:27,091][gurobipy][INFO] - Set parameter TimeLimit to value 600
[2025-01-29 09:41:27,107][gurobipy][INFO] - Gurobi Optimizer version 11.0.2 build v11.0.2rc0 (linux64)
[2025-01-29 09:41:27,107][gurobipy][INFO] - 
[2025-01-29 09:41:27,119][gurobipy][INFO] - CPU model: Intel(R) Xeon(R) Gold 6136 CPU @ 3.00GHz, instruction set [SSE2|AVX|AVX2|AVX512]
[2025-01-29 09:41:27,119][gurobipy][INFO] - Thread count: 24 physical cores, 48 logical processors, using up to 24 threads
[2025-01-29 09:41:27,119][gurobipy][INFO] - 
[2025-01-29 09:41:27,119][gurobipy][INFO] - Optimize a model with 62037 rows, 1316 columns and 156988 nonzeros
[2025-01-29 09:41:27,120][gurobipy][INFO] - Model fingerprint: 0xf5016632
[2025-01-29 09:41:27,120][gurobipy][INFO] - Variable types: 1267 continuous, 49 integer (49 binary)
[2025-01-29 09:41:27,121][gurobipy][INFO] - Coefficient statistics:
[2025-01-29 09:41:27,121][gurobipy][INFO] -   Matrix range     [5e-04, 2e+00]
[2025-01-29 09:41:27,121][gurobipy][INFO] -   Objective range  [1e+00, 1e+00]
[2025-01-29 09:41:27,121][gurobipy][INFO] -   Bounds range     [1e+00, 1e+00]
[2025-01-29 09:41:27,121][gurobipy][INFO] -   RHS range        [1e+00, 1e+01]
[2025-01-29 09:41:27,131][gurobipy][INFO] - Found heuristic solution: objective 0.0000000
[2025-01-29 09:41:27,566][gurobipy][INFO] - Presolve removed 18977 rows and 3 columns
[2025-01-29 09:41:27,566][gurobipy][INFO] - Presolve time: 0.43s
[2025-01-29 09:41:27,566][gurobipy][INFO] - Presolved: 43060 rows, 1313 columns, 130441 nonzeros
[2025-01-29 09:41:27,598][gurobipy][INFO] - Variable types: 1267 continuous, 46 integer (46 binary)
[2025-01-29 09:41:27,654][gurobipy][INFO] - Root relaxation presolved: 1313 rows, 44373 columns, 131754 nonzeros
[2025-01-29 09:41:27,654][gurobipy][INFO] - 
[2025-01-29 09:41:27,952][gurobipy][INFO] - 
[2025-01-29 09:41:27,952][gurobipy][INFO] - Root relaxation: objective 1.000000e+00, 2033 iterations, 0.35 seconds (0.81 work units)
[2025-01-29 09:41:27,963][gurobipy][INFO] - 
[2025-01-29 09:41:27,963][gurobipy][INFO] -     Nodes    |    Current Node    |     Objective Bounds      |     Work
[2025-01-29 09:41:27,963][gurobipy][INFO] -  Expl Unexpl |  Obj  Depth IntInf | Incumbent    BestBd   Gap | It/Node Time
[2025-01-29 09:41:27,964][gurobipy][INFO] - 
[2025-01-29 09:41:27,964][gurobipy][INFO] -      0     0    1.00000    0    1    0.00000    1.00000      -     -    0s
[2025-01-29 09:41:27,966][gurobipy][INFO] - H    0     0                       0.0014429    1.00000      -     -    0s
[2025-01-29 09:41:28,036][gurobipy][INFO] - H    0     0                       0.1052408    1.00000   850%     -    0s
[2025-01-29 09:41:28,051][gurobipy][INFO] - H    0     0                       0.1188578    1.00000   741%     -    0s
[2025-01-29 09:41:29,196][gurobipy][INFO] -      0     0    1.00000    0   35    0.11886    1.00000   741%     -    2s
[2025-01-29 09:41:29,439][gurobipy][INFO] -      0     0    1.00000    0   23    0.11886    1.00000   741%     -    2s
[2025-01-29 09:41:30,260][gurobipy][INFO] -      0     0    1.00000    0    5    0.11886    1.00000   741%     -    3s
[2025-01-29 09:41:30,277][gurobipy][INFO] - H    0     0                       0.1652556    1.00000   505%     -    3s
[2025-01-29 09:41:31,232][gurobipy][INFO] -      0     0    1.00000    0   16    0.16526    1.00000   505%     -    4s
[2025-01-29 09:41:31,303][gurobipy][INFO] -      0     0    1.00000    0   14    0.16526    1.00000   505%     -    4s
[2025-01-29 09:41:31,479][gurobipy][INFO] -      0     0    1.00000    0   14    0.16526    1.00000   505%     -    4s
[2025-01-29 09:41:32,379][gurobipy][INFO] -      0     0    0.60121    0    6    0.16526    0.60121   264%     -    5s
[2025-01-29 09:41:32,450][gurobipy][INFO] - H    0     0                       0.1696687    0.60121   254%     -    5s
[2025-01-29 09:41:32,459][gurobipy][INFO] -      0     0    0.54292    0    6    0.16967    0.54292   220%     -    5s
[2025-01-29 09:41:32,878][gurobipy][INFO] -      0     0    0.26176    0    2    0.16967    0.26176  54.3%     -    5s
[2025-01-29 09:41:32,919][gurobipy][INFO] -      0     0    0.25406    0    2    0.16967    0.25406  49.7%     -    5s
[2025-01-29 09:41:32,987][gurobipy][INFO] -      0     0    0.20538    0    8    0.16967    0.20538  21.0%     -    5s
[2025-01-29 09:41:33,079][gurobipy][INFO] -      0     0    0.19363    0    7    0.16967    0.19363  14.1%     -    5s
[2025-01-29 09:41:33,160][gurobipy][INFO] -      0     0    0.18135    0    7    0.16967    0.18135  6.89%     -    6s
[2025-01-29 09:41:33,202][gurobipy][INFO] - H    0     0                       0.1696687    0.18135  6.89%     -    6s
[2025-01-29 09:41:33,202][gurobipy][INFO] -      0     0    0.16967    0    7    0.16967    0.16967  0.00%     -    6s
[2025-01-29 09:41:33,203][gurobipy][INFO] - 
[2025-01-29 09:41:33,203][gurobipy][INFO] - Cutting planes:
[2025-01-29 09:41:33,203][gurobipy][INFO] -   Gomory: 1
[2025-01-29 09:41:33,203][gurobipy][INFO] -   Cover: 1
[2025-01-29 09:41:33,203][gurobipy][INFO] -   Implied bound: 3
[2025-01-29 09:41:33,203][gurobipy][INFO] -   MIR: 10
[2025-01-29 09:41:33,203][gurobipy][INFO] -   RLT: 1
[2025-01-29 09:41:33,204][gurobipy][INFO] - 
[2025-01-29 09:41:33,204][gurobipy][INFO] - Explored 1 nodes (12873 simplex iterations) in 6.09 seconds (8.09 work units)
[2025-01-29 09:41:33,204][gurobipy][INFO] - Thread count was 24 (of 48 available processors)
[2025-01-29 09:41:33,205][gurobipy][INFO] - 
[2025-01-29 09:41:33,205][gurobipy][INFO] - Solution count 7: 0.169669 0.165256 0.118858 ... 4.06342e-14
[2025-01-29 09:41:33,205][gurobipy][INFO] - No other solutions better than 0.169669
[2025-01-29 09:41:33,205][gurobipy][INFO] - 
[2025-01-29 09:41:33,205][gurobipy][INFO] - Optimal solution found (tolerance 1.00e-04)
[2025-01-29 09:41:33,205][gurobipy][INFO] - Best objective 1.696686873883e-01, best bound 1.696686873883e-01, gap 0.0000%
[2025-01-29 09:41:33,273][__main__][INFO] - Finished size 3431 (2/5)
[2025-01-29 09:41:48,162][gurobipy][INFO] - Set parameter TimeLimit to value 600
[2025-01-29 09:41:48,193][gurobipy][INFO] - Gurobi Optimizer version 11.0.2 build v11.0.2rc0 (linux64)
[2025-01-29 09:41:48,193][gurobipy][INFO] - 
[2025-01-29 09:41:48,205][gurobipy][INFO] - CPU model: Intel(R) Xeon(R) Gold 6136 CPU @ 3.00GHz, instruction set [SSE2|AVX|AVX2|AVX512]
[2025-01-29 09:41:48,205][gurobipy][INFO] - Thread count: 24 physical cores, 48 logical processors, using up to 24 threads
[2025-01-29 09:41:48,205][gurobipy][INFO] - 
[2025-01-29 09:41:48,205][gurobipy][INFO] - Optimize a model with 127991 rows, 2662 columns and 323892 nonzeros
[2025-01-29 09:41:48,208][gurobipy][INFO] - Model fingerprint: 0x79a125ec
[2025-01-29 09:41:48,208][gurobipy][INFO] - Variable types: 2613 continuous, 49 integer (49 binary)
[2025-01-29 09:41:48,208][gurobipy][INFO] - Coefficient statistics:
[2025-01-29 09:41:48,208][gurobipy][INFO] -   Matrix range     [1e-04, 2e+00]
[2025-01-29 09:41:48,208][gurobipy][INFO] -   Objective range  [1e+00, 1e+00]
[2025-01-29 09:41:48,208][gurobipy][INFO] -   Bounds range     [1e+00, 1e+00]
[2025-01-29 09:41:48,208][gurobipy][INFO] -   RHS range        [1e+00, 1e+01]
[2025-01-29 09:41:48,232][gurobipy][INFO] - Found heuristic solution: objective 0.0000000
[2025-01-29 09:41:49,019][gurobipy][INFO] - Presolve removed 33955 rows and 1 columns
[2025-01-29 09:41:49,020][gurobipy][INFO] - Presolve time: 0.79s
[2025-01-29 09:41:49,020][gurobipy][INFO] - Presolved: 94036 rows, 2661 columns, 284715 nonzeros
[2025-01-29 09:41:49,091][gurobipy][INFO] - Variable types: 2613 continuous, 48 integer (48 binary)
[2025-01-29 09:41:49,234][gurobipy][INFO] - Root relaxation presolved: 2661 rows, 96697 columns, 287376 nonzeros
[2025-01-29 09:41:49,234][gurobipy][INFO] - 
[2025-01-29 09:41:49,301][gurobipy][INFO] - 
[2025-01-29 09:41:49,301][gurobipy][INFO] - Root relaxation: objective 1.000000e+00, 191 iterations, 0.21 seconds (0.27 work units)
[2025-01-29 09:41:49,338][gurobipy][INFO] - 
[2025-01-29 09:41:49,338][gurobipy][INFO] -     Nodes    |    Current Node    |     Objective Bounds      |     Work
[2025-01-29 09:41:49,338][gurobipy][INFO] -  Expl Unexpl |  Obj  Depth IntInf | Incumbent    BestBd   Gap | It/Node Time
[2025-01-29 09:41:49,338][gurobipy][INFO] - 
[2025-01-29 09:41:49,338][gurobipy][INFO] -      0     0    1.00000    0    5    0.00000    1.00000      -     -    1s
[2025-01-29 09:41:49,402][gurobipy][INFO] - H    0     0                       0.0764967    1.00000  1207%     -    1s
[2025-01-29 09:41:49,449][gurobipy][INFO] - H    0     0                       0.0976409    1.00000   924%     -    1s
[2025-01-29 09:41:49,687][gurobipy][INFO] -      0     0    1.00000    0    4    0.09764    1.00000   924%     -    1s
[2025-01-29 09:41:51,565][gurobipy][INFO] -      0     0    1.00000    0   48    0.09764    1.00000   924%     -    3s
[2025-01-29 09:41:52,189][gurobipy][INFO] -      0     0    1.00000    0   26    0.09764    1.00000   924%     -    3s
[2025-01-29 09:41:53,726][gurobipy][INFO] -      0     0    1.00000    0    6    0.09764    1.00000   924%     -    5s
[2025-01-29 09:41:53,951][gurobipy][INFO] - H    0     0                       0.1322937    1.00000   656%     -    5s
[2025-01-29 09:41:53,970][gurobipy][INFO] -      0     0    1.00000    0    6    0.13229    1.00000   656%     -    5s
[2025-01-29 09:41:54,635][gurobipy][INFO] -      0     0    1.00000    0   21    0.13229    1.00000   656%     -    6s
[2025-01-29 09:41:54,781][gurobipy][INFO] -      0     0    1.00000    0   19    0.13229    1.00000   656%     -    6s
[2025-01-29 09:41:57,766][gurobipy][INFO] - H    0     0                       0.1690210    1.00000   492%     -    9s
[2025-01-29 09:41:57,772][gurobipy][INFO] -      0     0    1.00000    0    1    0.16902    1.00000   492%     -    9s
[2025-01-29 09:41:58,200][gurobipy][INFO] -      0     0    0.90000    0   13    0.16902    0.90000   432%     -    9s
[2025-01-29 09:42:03,339][gurobipy][INFO] - H    0     0                       0.1729051    0.54545   215%     -   15s
[2025-01-29 09:42:03,349][gurobipy][INFO] -      0     0    0.54545    0    7    0.17291    0.54545   215%     -   15s
[2025-01-29 09:42:03,604][gurobipy][INFO] -      0     0    0.50516    0    7    0.17291    0.50516   192%     -   15s
[2025-01-29 09:42:06,081][gurobipy][INFO] -      0     0    0.21388    0    1    0.17291    0.21388  23.7%     -   17s
[2025-01-29 09:42:06,726][gurobipy][INFO] -      0     0    0.19668    0   15    0.17291    0.19668  13.7%     -   18s
[2025-01-29 09:42:08,778][gurobipy][INFO] -      0     0    0.17291    0    1    0.17291    0.17291  0.00%     -   20s
[2025-01-29 09:42:08,779][gurobipy][INFO] - 
[2025-01-29 09:42:08,779][gurobipy][INFO] - Cutting planes:
[2025-01-29 09:42:08,780][gurobipy][INFO] -   Implied bound: 3
[2025-01-29 09:42:08,780][gurobipy][INFO] -   MIR: 62
[2025-01-29 09:42:08,780][gurobipy][INFO] -   RLT: 5
[2025-01-29 09:42:08,783][gurobipy][INFO] - 
[2025-01-29 09:42:08,783][gurobipy][INFO] - Explored 1 nodes (26887 simplex iterations) in 20.58 seconds (33.27 work units)
[2025-01-29 09:42:08,783][gurobipy][INFO] - Thread count was 24 (of 48 available processors)
[2025-01-29 09:42:08,783][gurobipy][INFO] - 
[2025-01-29 09:42:08,783][gurobipy][INFO] - Solution count 6: 0.172905 0.169021 0.132294 ... 3.77476e-15
[2025-01-29 09:42:08,783][gurobipy][INFO] - No other solutions better than 0.172905
[2025-01-29 09:42:08,783][gurobipy][INFO] - 
[2025-01-29 09:42:08,783][gurobipy][INFO] - Optimal solution found (tolerance 1.00e-04)
[2025-01-29 09:42:08,784][gurobipy][INFO] - Best objective 1.729051394928e-01, best bound 1.729051394928e-01, gap 0.0000%
[2025-01-29 09:42:08,917][__main__][INFO] - Finished size 11771 (3/5)
[2025-01-29 09:42:31,227][gurobipy][INFO] - Set parameter TimeLimit to value 600
[2025-01-29 09:42:31,283][gurobipy][INFO] - Gurobi Optimizer version 11.0.2 build v11.0.2rc0 (linux64)
[2025-01-29 09:42:31,283][gurobipy][INFO] - 
[2025-01-29 09:42:31,296][gurobipy][INFO] - CPU model: Intel(R) Xeon(R) Gold 6136 CPU @ 3.00GHz, instruction set [SSE2|AVX|AVX2|AVX512]
[2025-01-29 09:42:31,296][gurobipy][INFO] - Thread count: 24 physical cores, 48 logical processors, using up to 24 threads
[2025-01-29 09:42:31,296][gurobipy][INFO] - 
[2025-01-29 09:42:31,296][gurobipy][INFO] - Optimize a model with 246767 rows, 5086 columns and 624468 nonzeros
[2025-01-29 09:42:31,301][gurobipy][INFO] - Model fingerprint: 0x6c1509e7
[2025-01-29 09:42:31,301][gurobipy][INFO] - Variable types: 5037 continuous, 49 integer (49 binary)
[2025-01-29 09:42:31,302][gurobipy][INFO] - Coefficient statistics:
[2025-01-29 09:42:31,302][gurobipy][INFO] -   Matrix range     [4e-05, 2e+00]
[2025-01-29 09:42:31,302][gurobipy][INFO] -   Objective range  [1e+00, 1e+00]
[2025-01-29 09:42:31,302][gurobipy][INFO] -   Bounds range     [1e+00, 1e+00]
[2025-01-29 09:42:31,302][gurobipy][INFO] -   RHS range        [1e+00, 1e+01]
[2025-01-29 09:42:31,354][gurobipy][INFO] - Found heuristic solution: objective -0.0000000
[2025-01-29 09:42:33,435][gurobipy][INFO] - Presolve removed 65466 rows and 1 columns
[2025-01-29 09:42:33,435][gurobipy][INFO] - Presolve time: 2.08s
[2025-01-29 09:42:33,436][gurobipy][INFO] - Presolved: 181301 rows, 5085 columns, 548934 nonzeros
[2025-01-29 09:42:33,579][gurobipy][INFO] - Variable types: 5037 continuous, 48 integer (48 binary)
[2025-01-29 09:42:33,921][gurobipy][INFO] - Root relaxation presolved: 5085 rows, 186386 columns, 554019 nonzeros
[2025-01-29 09:42:33,921][gurobipy][INFO] - 
[2025-01-29 09:42:34,032][gurobipy][INFO] - 
[2025-01-29 09:42:34,032][gurobipy][INFO] - Root relaxation: objective 1.000000e+00, 63 iterations, 0.44 seconds (0.46 work units)
[2025-01-29 09:42:34,108][gurobipy][INFO] - 
[2025-01-29 09:42:34,108][gurobipy][INFO] -     Nodes    |    Current Node    |     Objective Bounds      |     Work
[2025-01-29 09:42:34,108][gurobipy][INFO] -  Expl Unexpl |  Obj  Depth IntInf | Incumbent    BestBd   Gap | It/Node Time
[2025-01-29 09:42:34,108][gurobipy][INFO] - 
[2025-01-29 09:42:34,108][gurobipy][INFO] -      0     0    1.00000    0    4   -0.00000    1.00000      -     -    2s
[2025-01-29 09:42:34,154][gurobipy][INFO] - H    0     0                       0.0013027    1.00000      -     -    2s
[2025-01-29 09:42:36,730][gurobipy][INFO] - H    0     0                       0.0282431    1.00000  3441%     -    5s
[2025-01-29 09:42:37,199][gurobipy][INFO] -      0     0    1.00000    0    2    0.02824    1.00000  3441%     -    5s
[2025-01-29 09:42:40,023][gurobipy][INFO] -      0     0    1.00000    0   27    0.02824    1.00000  3441%     -    8s
[2025-01-29 09:42:40,606][gurobipy][INFO] -      0     0    1.00000    0   22    0.02824    1.00000  3441%     -    9s
[2025-01-29 09:42:41,808][gurobipy][INFO] -      0     0    1.00000    0   28    0.02824    1.00000  3441%     -   10s
[2025-01-29 09:42:47,811][gurobipy][INFO] -      0     0    1.00000    0   22    0.02824    1.00000  3441%     -   16s
[2025-01-29 09:42:48,860][gurobipy][INFO] - H    0     0                       0.1087153    1.00000   820%     -   17s
[2025-01-29 09:42:49,086][gurobipy][INFO] -      0     0    1.00000    0   19    0.10872    1.00000   820%     -   17s
[2025-01-29 09:42:56,906][gurobipy][INFO] -      0     0    1.00000    0   18    0.10872    1.00000   820%     -   25s
[2025-01-29 09:42:58,548][gurobipy][INFO] - H    0     0                       0.1722672    1.00000   480%     -   27s
[2025-01-29 09:42:59,121][gurobipy][INFO] -      0     0    1.00000    0    4    0.17227    1.00000   480%     -   27s
[2025-01-29 09:42:59,540][gurobipy][INFO] -      0     0    1.00000    0    4    0.17227    1.00000   480%     -   28s
[2025-01-29 09:43:00,896][gurobipy][INFO] -      0     0    1.00000    0   28    0.17227    1.00000   480%     -   29s
[2025-01-29 09:43:01,410][gurobipy][INFO] -      0     0    1.00000    0   27    0.17227    1.00000   480%     -   30s
[2025-01-29 09:43:02,456][gurobipy][INFO] -      0     0    1.00000    0   25    0.17227    1.00000   480%     -   31s
[2025-01-29 09:43:07,929][gurobipy][INFO] -      0     0    1.00000    0   22    0.17227    1.00000   480%     -   36s
[2025-01-29 09:43:08,963][gurobipy][INFO] -      0     0    1.00000    0   22    0.17227    1.00000   480%     -   37s
[2025-01-29 09:43:14,269][gurobipy][INFO] -      0     0    1.00000    0   20    0.17227    1.00000   480%     -   42s
[2025-01-29 09:43:20,004][gurobipy][INFO] -      0     0    1.00000    0   20    0.17227    1.00000   480%     -   48s
[2025-01-29 09:43:34,097][gurobipy][INFO] -      0     2    1.00000    0   20    0.17227    1.00000   480%     -   62s
[2025-01-29 09:43:37,209][gurobipy][INFO] -     11     3    1.00000    6   12    0.17227    1.00000   480%   505   65s
[2025-01-29 09:43:41,470][gurobipy][INFO] -     23     4    1.00000   10    7    0.17227    1.00000   480%   448   70s
[2025-01-29 09:43:49,073][gurobipy][INFO] -     35     8    1.00000   13    9    0.17227    1.00000   480%   555   77s
[2025-01-29 09:43:54,189][gurobipy][INFO] -     48    10    1.00000   15    7    0.17227    1.00000   480%   599   82s
[2025-01-29 09:44:00,008][gurobipy][INFO] -     56    14    1.00000   16    7    0.17227    1.00000   480%   683   88s
[2025-01-29 09:44:04,696][gurobipy][INFO] -     66    12    1.00000   17   10    0.17227    1.00000   480%   865   93s
[2025-01-29 09:44:13,041][gurobipy][INFO] -     80    16    0.83500   18   16    0.17227    1.00000   480%   903  101s
[2025-01-29 09:44:18,983][gurobipy][INFO] -     92    18    0.80817   19   15    0.17227    0.83467   385%  1104  107s
[2025-01-29 09:44:18,989][gurobipy][INFO] - H   94    18                       0.1788505    0.83467   367%  1080  107s
[2025-01-29 09:44:23,025][gurobipy][INFO] -    145    17    0.66667   22    6    0.17885    0.73355   310%   877  111s
[2025-01-29 09:44:26,607][gurobipy][INFO] -    185    22    0.46574   24   10    0.17885    0.58835   229%   753  115s
[2025-01-29 09:44:31,537][gurobipy][INFO] -    226    10    0.20765   26    8    0.17885    0.38815   117%   746  120s
[2025-01-29 09:44:34,239][gurobipy][INFO] - 
[2025-01-29 09:44:34,239][gurobipy][INFO] - Cutting planes:
[2025-01-29 09:44:34,239][gurobipy][INFO] -   Implied bound: 3
[2025-01-29 09:44:34,239][gurobipy][INFO] -   MIR: 9
[2025-01-29 09:44:34,259][gurobipy][INFO] - 
[2025-01-29 09:44:34,259][gurobipy][INFO] - Explored 282 nodes (218344 simplex iterations) in 122.96 seconds (279.11 work units)
[2025-01-29 09:44:34,259][gurobipy][INFO] - Thread count was 24 (of 48 available processors)
[2025-01-29 09:44:34,259][gurobipy][INFO] - 
[2025-01-29 09:44:34,259][gurobipy][INFO] - Solution count 6: 0.178851 0.172267 0.108715 ... -0
[2025-01-29 09:44:34,259][gurobipy][INFO] - No other solutions better than 0.178851
[2025-01-29 09:44:34,259][gurobipy][INFO] - 
[2025-01-29 09:44:34,259][gurobipy][INFO] - Optimal solution found (tolerance 1.00e-04)
[2025-01-29 09:44:34,270][gurobipy][INFO] - Best objective 1.788505346032e-01, best bound 1.788505346032e-01, gap 0.0000%
[2025-01-29 09:44:34,548][__main__][INFO] - Finished size 40385 (4/5)
[2025-01-29 09:45:14,813][gurobipy][INFO] - Set parameter TimeLimit to value 600
[2025-01-29 09:45:14,967][gurobipy][INFO] - Gurobi Optimizer version 11.0.2 build v11.0.2rc0 (linux64)
[2025-01-29 09:45:14,967][gurobipy][INFO] - 
[2025-01-29 09:45:14,979][gurobipy][INFO] - CPU model: Intel(R) Xeon(R) Gold 6136 CPU @ 3.00GHz, instruction set [SSE2|AVX|AVX2|AVX512]
[2025-01-29 09:45:14,979][gurobipy][INFO] - Thread count: 24 physical cores, 48 logical processors, using up to 24 threads
[2025-01-29 09:45:14,979][gurobipy][INFO] - 
[2025-01-29 09:45:14,979][gurobipy][INFO] - Optimize a model with 440170 rows, 9033 columns and 1113896 nonzeros
[2025-01-29 09:45:14,988][gurobipy][INFO] - Model fingerprint: 0xffdc31ec
[2025-01-29 09:45:14,988][gurobipy][INFO] - Variable types: 8984 continuous, 49 integer (49 binary)
[2025-01-29 09:45:14,990][gurobipy][INFO] - Coefficient statistics:
[2025-01-29 09:45:14,990][gurobipy][INFO] -   Matrix range     [1e-05, 2e+00]
[2025-01-29 09:45:14,990][gurobipy][INFO] -   Objective range  [1e+00, 1e+00]
[2025-01-29 09:45:14,990][gurobipy][INFO] -   Bounds range     [1e+00, 1e+00]
[2025-01-29 09:45:14,990][gurobipy][INFO] -   RHS range        [1e+00, 1e+01]
[2025-01-29 09:45:15,102][gurobipy][INFO] - Found heuristic solution: objective 0.0000000
[2025-01-29 09:45:18,002][gurobipy][INFO] - Presolve removed 107796 rows and 0 columns
[2025-01-29 09:45:18,002][gurobipy][INFO] - Presolve time: 2.90s
[2025-01-29 09:45:18,002][gurobipy][INFO] - Presolved: 332374 rows, 9033 columns, 1006100 nonzeros
[2025-01-29 09:45:18,279][gurobipy][INFO] - Variable types: 8984 continuous, 49 integer (49 binary)
[2025-01-29 09:45:18,966][gurobipy][INFO] - Root relaxation presolved: 9033 rows, 341407 columns, 1015133 nonzeros
[2025-01-29 09:45:18,966][gurobipy][INFO] - 
[2025-01-29 09:45:19,199][gurobipy][INFO] - 
[2025-01-29 09:45:19,199][gurobipy][INFO] - Root relaxation: objective 1.000000e+00, 151 iterations, 0.90 seconds (0.90 work units)
[2025-01-29 09:45:19,390][gurobipy][INFO] - 
[2025-01-29 09:45:19,390][gurobipy][INFO] -     Nodes    |    Current Node    |     Objective Bounds      |     Work
[2025-01-29 09:45:19,390][gurobipy][INFO] -  Expl Unexpl |  Obj  Depth IntInf | Incumbent    BestBd   Gap | It/Node Time
[2025-01-29 09:45:19,390][gurobipy][INFO] - 
[2025-01-29 09:45:19,390][gurobipy][INFO] -      0     0    1.00000    0    6    0.00000    1.00000      -     -    4s
[2025-01-29 09:45:19,500][gurobipy][INFO] - H    0     0                       0.0064989    1.00000      -     -    4s
[2025-01-29 09:45:19,892][gurobipy][INFO] - H    0     0                       0.0162368    1.00000  6059%     -    4s
[2025-01-29 09:45:20,181][gurobipy][INFO] - H    0     0                       0.0395626    1.00000  2428%     -    5s
[2025-01-29 09:45:21,131][gurobipy][INFO] -      0     0    1.00000    0    6    0.03956    1.00000  2428%     -    6s
[2025-01-29 09:45:33,590][gurobipy][INFO] -      0     0    1.00000    0   49    0.03956    1.00000  2428%     -   18s
[2025-01-29 09:45:37,406][gurobipy][INFO] -      0     0    1.00000    0   30    0.03956    1.00000  2428%     -   22s
[2025-01-29 09:45:45,115][gurobipy][INFO] -      0     0    1.00000    0    3    0.03956    1.00000  2428%     -   30s
[2025-01-29 09:45:50,868][gurobipy][INFO] -      0     0    1.00000    0    4    0.03956    1.00000  2428%     -   35s
[2025-01-29 09:46:02,669][gurobipy][INFO] -      0     0    1.00000    0   32    0.03956    1.00000  2428%     -   47s
[2025-01-29 09:46:13,161][gurobipy][INFO] -      0     0    1.00000    0   30    0.03956    1.00000  2428%     -   58s
[2025-01-29 09:46:14,427][gurobipy][INFO] - H    0     0                       0.1056395    1.00000   847%     -   59s
[2025-01-29 09:46:14,642][gurobipy][INFO] - H    0     0                       0.1177292    1.00000   749%     -   59s
[2025-01-29 09:46:15,280][gurobipy][INFO] -      0     0    1.00000    0   30    0.11773    1.00000   749%     -   60s
[2025-01-29 09:46:26,860][gurobipy][INFO] -      0     0    1.00000    0   30    0.11773    1.00000   749%     -   71s
[2025-01-29 09:46:28,434][gurobipy][INFO] - H    0     0                       0.1690253    1.00000   492%     -   73s
[2025-01-29 09:46:29,239][gurobipy][INFO] -      0     0    1.00000    0   31    0.16903    1.00000   492%     -   74s
[2025-01-29 09:46:34,642][gurobipy][INFO] -      0     0    1.00000    0   30    0.16903    1.00000   492%     -   79s
[2025-01-29 09:46:36,395][gurobipy][INFO] -      0     0    1.00000    0   30    0.16903    1.00000   492%     -   81s
[2025-01-29 09:46:41,541][gurobipy][INFO] -      0     0    1.00000    0   29    0.16903    1.00000   492%     -   86s
[2025-01-29 09:46:49,332][gurobipy][INFO] -      0     0    1.00000    0   32    0.16903    1.00000   492%     -   94s
[2025-01-29 09:46:55,041][gurobipy][INFO] -      0     0    1.00000    0   32    0.16903    1.00000   492%     -  100s
[2025-01-29 09:47:04,803][gurobipy][INFO] -      0     0    1.00000    0   32    0.16903    1.00000   492%     -  109s
[2025-01-29 09:47:06,209][gurobipy][INFO] - H    0     0                       0.1739170    1.00000   475%     -  111s
[2025-01-29 09:47:36,610][gurobipy][INFO] -      0     2    1.00000    0   32    0.17392    1.00000   475%     -  141s
[2025-01-29 09:47:40,362][gurobipy][INFO] -      3     2    1.00000    2   29    0.17392    1.00000   475%   609  145s
[2025-01-29 09:47:48,284][gurobipy][INFO] -      9     2    1.00000    5   19    0.17392    1.00000   475%   307  153s
[2025-01-29 09:47:52,631][gurobipy][INFO] -     15     2    1.00000    8   20    0.17392    1.00000   475%   308  157s
[2025-01-29 09:48:17,420][gurobipy][INFO] -     17     4    1.00000    9   18    0.17392    1.00000   475%   289  182s
[2025-01-29 09:48:21,282][gurobipy][INFO] -     23     4    1.00000   11   14    0.17392    1.00000   475%   953  186s
[2025-01-29 09:48:27,811][gurobipy][INFO] -     31     8    1.00000   13   16    0.17392    1.00000   475%   849  192s
[2025-01-29 09:48:30,075][gurobipy][INFO] -     37     6    1.00000   14   17    0.17392    1.00000   475%   889  195s
[2025-01-29 09:48:42,519][gurobipy][INFO] -     45    10    1.00000   15   15    0.17392    1.00000   475%   810  207s
[2025-01-29 09:49:06,792][gurobipy][INFO] -     51    10    1.00000   16   15    0.17392    1.00000   475%  1446  231s
[2025-01-29 09:49:28,136][gurobipy][INFO] -     61    12    0.86664   17   18    0.17392    1.00000   475%  1499  253s
[2025-01-29 09:49:31,836][gurobipy][INFO] -     71    12    0.84866   18   17    0.17392    0.86698   399%  1475  256s
[2025-01-29 09:49:43,984][gurobipy][INFO] -     95    14    0.79574   20   15    0.17392    0.82833   376%  1290  269s
[2025-01-29 09:49:49,010][gurobipy][INFO] -    107    20    0.77811   21   14    0.17392    0.79569   358%  1246  274s
[2025-01-29 09:49:52,729][gurobipy][INFO] -    121    29    0.72804   22   13    0.17392    0.77811   347%  1250  277s
[2025-01-29 09:49:55,691][gurobipy][INFO] -    144    28    0.66678   23   12    0.17392    0.73036   320%  1168  280s
[2025-01-29 09:50:02,365][gurobipy][INFO] -    201    22    0.50582   25   10    0.17392    0.58869   238%  1024  287s
[2025-01-29 09:50:06,251][gurobipy][INFO] -    229    20    0.30424   26    9    0.17392    0.54306   212%  1003  291s
[2025-01-29 09:50:12,068][gurobipy][INFO] -    284     9 infeasible   28         0.17392    0.34345  97.5%   969  297s
[2025-01-29 09:50:13,533][gurobipy][INFO] - 
[2025-01-29 09:50:13,533][gurobipy][INFO] - Cutting planes:
[2025-01-29 09:50:13,533][gurobipy][INFO] -   MIR: 12
[2025-01-29 09:50:13,533][gurobipy][INFO] -   RLT: 8
[2025-01-29 09:50:13,555][gurobipy][INFO] - 
[2025-01-29 09:50:13,555][gurobipy][INFO] - Explored 315 nodes (311140 simplex iterations) in 298.58 seconds (671.77 work units)
[2025-01-29 09:50:13,555][gurobipy][INFO] - Thread count was 24 (of 48 available processors)
[2025-01-29 09:50:13,555][gurobipy][INFO] - 
[2025-01-29 09:50:13,556][gurobipy][INFO] - Solution count 8: 0.173917 0.169025 0.117729 ... 3.55271e-15
[2025-01-29 09:50:13,556][gurobipy][INFO] - No other solutions better than 0.173917
[2025-01-29 09:50:13,556][gurobipy][INFO] - 
[2025-01-29 09:50:13,556][gurobipy][INFO] - Optimal solution found (tolerance 1.00e-04)
[2025-01-29 09:50:13,562][gurobipy][INFO] - Best objective 1.739170232327e-01, best bound 1.739170232327e-01, gap 0.0000%
[2025-01-29 09:50:14,073][__main__][INFO] - Finished size 138554 (5/5)
