[2025-01-29 09:16:59,868][gurobipy][INFO] - Set parameter TokenServer to value "147.32.84.36"
[2025-01-29 09:17:02,117][gurobipy][INFO] - Set parameter TimeLimit to value 600
[2025-01-29 09:17:02,128][gurobipy][INFO] - Gurobi Optimizer version 11.0.2 build v11.0.2rc0 (linux64)
[2025-01-29 09:17:02,128][gurobipy][INFO] - 
[2025-01-29 09:17:02,140][gurobipy][INFO] - CPU model: AMD EPYC 7543 32-Core Processor, instruction set [SSE2|AVX|AVX2]
[2025-01-29 09:17:02,140][gurobipy][INFO] - Thread count: 64 physical cores, 128 logical processors, using up to 32 threads
[2025-01-29 09:17:02,140][gurobipy][INFO] - 
[2025-01-29 09:17:02,140][gurobipy][INFO] - Optimize a model with 52143 rows, 857 columns and 135094 nonzeros
[2025-01-29 09:17:02,141][gurobipy][INFO] - Model fingerprint: 0x1adcedfe
[2025-01-29 09:17:02,141][gurobipy][INFO] - Variable types: 791 continuous, 66 integer (66 binary)
[2025-01-29 09:17:02,142][gurobipy][INFO] - Coefficient statistics:
[2025-01-29 09:17:02,142][gurobipy][INFO] -   Matrix range     [1e-03, 2e+00]
[2025-01-29 09:17:02,142][gurobipy][INFO] -   Objective range  [1e+00, 1e+00]
[2025-01-29 09:17:02,142][gurobipy][INFO] -   Bounds range     [1e+00, 1e+00]
[2025-01-29 09:17:02,142][gurobipy][INFO] -   RHS range        [1e+00, 1e+01]
[2025-01-29 09:17:02,149][gurobipy][INFO] - Found heuristic solution: objective -0.0000000
[2025-01-29 09:17:02,387][gurobipy][INFO] - Presolve removed 22067 rows and 14 columns
[2025-01-29 09:17:02,387][gurobipy][INFO] - Presolve time: 0.24s
[2025-01-29 09:17:02,387][gurobipy][INFO] - Presolved: 30076 rows, 843 columns, 91013 nonzeros
[2025-01-29 09:17:02,406][gurobipy][INFO] - Variable types: 791 continuous, 52 integer (52 binary)
[2025-01-29 09:17:02,436][gurobipy][INFO] - Root relaxation presolved: 843 rows, 30919 columns, 91856 nonzeros
[2025-01-29 09:17:02,436][gurobipy][INFO] - 
[2025-01-29 09:17:02,593][gurobipy][INFO] - 
[2025-01-29 09:17:02,593][gurobipy][INFO] - Root relaxation: objective 1.000000e+00, 882 iterations, 0.19 seconds (0.57 work units)
[2025-01-29 09:17:02,601][gurobipy][INFO] - 
[2025-01-29 09:17:02,601][gurobipy][INFO] -     Nodes    |    Current Node    |     Objective Bounds      |     Work
[2025-01-29 09:17:02,601][gurobipy][INFO] -  Expl Unexpl |  Obj  Depth IntInf | Incumbent    BestBd   Gap | It/Node Time
[2025-01-29 09:17:02,601][gurobipy][INFO] - 
[2025-01-29 09:17:02,601][gurobipy][INFO] -      0     0    1.00000    0    1   -0.00000    1.00000      -     -    0s
[2025-01-29 09:17:02,602][gurobipy][INFO] - H    0     0                       0.0036245    1.00000      -     -    0s
[2025-01-29 09:17:02,628][gurobipy][INFO] - H    0     0                       0.0209030    1.00000  4684%     -    0s
[2025-01-29 09:17:02,640][gurobipy][INFO] - H    0     0                       0.0210177    1.00000  4658%     -    0s
[2025-01-29 09:17:03,103][gurobipy][INFO] -      0     0    1.00000    0   52    0.02102    1.00000  4658%     -    0s
[2025-01-29 09:17:03,146][gurobipy][INFO] -      0     0    1.00000    0   45    0.02102    1.00000  4658%     -    1s
[2025-01-29 09:17:03,265][gurobipy][INFO] - H    0     0                       0.1888199    1.00000   430%     -    1s
[2025-01-29 09:17:03,891][gurobipy][INFO] - H    0     0                       0.2997628    1.00000   234%     -    1s
[2025-01-29 09:17:05,532][gurobipy][INFO] -      0     0    0.96774    0   18    0.29976    0.96774   223%     -    3s
[2025-01-29 09:17:06,995][gurobipy][INFO] -      0     0    0.96291    0    1    0.29976    0.96291   221%     -    4s
[2025-01-29 09:17:07,105][gurobipy][INFO] -      0     0    0.96239    0   20    0.29976    0.96239   221%     -    4s
[2025-01-29 09:17:07,665][gurobipy][INFO] -      0     0    0.95999    0    6    0.29976    0.95999   220%     -    5s
[2025-01-29 09:17:07,813][gurobipy][INFO] -      0     0    0.29976    0    8    0.29976    0.29976  0.00%     -    5s
[2025-01-29 09:17:07,814][gurobipy][INFO] - 
[2025-01-29 09:17:07,814][gurobipy][INFO] - Cutting planes:
[2025-01-29 09:17:07,814][gurobipy][INFO] -   Implied bound: 1
[2025-01-29 09:17:07,815][gurobipy][INFO] -   MIR: 4
[2025-01-29 09:17:07,815][gurobipy][INFO] -   RLT: 2
[2025-01-29 09:17:07,816][gurobipy][INFO] - 
[2025-01-29 09:17:07,816][gurobipy][INFO] - Explored 1 nodes (11239 simplex iterations) in 5.68 seconds (10.11 work units)
[2025-01-29 09:17:07,816][gurobipy][INFO] - Thread count was 32 (of 128 available processors)
[2025-01-29 09:17:07,816][gurobipy][INFO] - 
[2025-01-29 09:17:07,816][gurobipy][INFO] - Solution count 6: 0.299763 0.18882 0.0210177 ... -0
[2025-01-29 09:17:07,816][gurobipy][INFO] - No other solutions better than 0.299763
[2025-01-29 09:17:07,816][gurobipy][INFO] - 
[2025-01-29 09:17:07,816][gurobipy][INFO] - Optimal solution found (tolerance 1.00e-04)
[2025-01-29 09:17:07,816][gurobipy][INFO] - Best objective 2.997627994261e-01, best bound 2.997627994261e-01, gap 0.0000%
[2025-01-29 09:17:07,852][__main__][INFO] - Finished size 1000 (1/5)
[2025-01-29 09:17:15,316][gurobipy][INFO] - Set parameter TimeLimit to value 600
[2025-01-29 09:17:15,336][gurobipy][INFO] - Gurobi Optimizer version 11.0.2 build v11.0.2rc0 (linux64)
[2025-01-29 09:17:15,336][gurobipy][INFO] - 
[2025-01-29 09:17:15,348][gurobipy][INFO] - CPU model: AMD EPYC 7543 32-Core Processor, instruction set [SSE2|AVX|AVX2]
[2025-01-29 09:17:15,348][gurobipy][INFO] - Thread count: 64 physical cores, 128 logical processors, using up to 32 threads
[2025-01-29 09:17:15,348][gurobipy][INFO] - 
[2025-01-29 09:17:15,348][gurobipy][INFO] - Optimize a model with 94911 rows, 1505 columns and 245902 nonzeros
[2025-01-29 09:17:15,350][gurobipy][INFO] - Model fingerprint: 0x21ba4039
[2025-01-29 09:17:15,350][gurobipy][INFO] - Variable types: 1439 continuous, 66 integer (66 binary)
[2025-01-29 09:17:15,350][gurobipy][INFO] - Coefficient statistics:
[2025-01-29 09:17:15,350][gurobipy][INFO] -   Matrix range     [7e-04, 2e+00]
[2025-01-29 09:17:15,350][gurobipy][INFO] -   Objective range  [1e+00, 1e+00]
[2025-01-29 09:17:15,350][gurobipy][INFO] -   Bounds range     [1e+00, 1e+00]
[2025-01-29 09:17:15,350][gurobipy][INFO] -   RHS range        [1e+00, 1e+01]
[2025-01-29 09:17:15,364][gurobipy][INFO] - Found heuristic solution: objective 0.0000000
[2025-01-29 09:17:15,805][gurobipy][INFO] - Presolve removed 31608 rows and 8 columns
[2025-01-29 09:17:15,805][gurobipy][INFO] - Presolve time: 0.44s
[2025-01-29 09:17:15,805][gurobipy][INFO] - Presolved: 63303 rows, 1497 columns, 191342 nonzeros
[2025-01-29 09:17:15,846][gurobipy][INFO] - Variable types: 1439 continuous, 58 integer (58 binary)
[2025-01-29 09:17:15,905][gurobipy][INFO] - Root relaxation presolved: 1497 rows, 64800 columns, 192839 nonzeros
[2025-01-29 09:17:15,905][gurobipy][INFO] - 
[2025-01-29 09:17:15,955][gurobipy][INFO] - 
[2025-01-29 09:17:15,955][gurobipy][INFO] - Root relaxation: objective 1.000000e+00, 1076 iterations, 0.11 seconds (0.24 work units)
[2025-01-29 09:17:15,974][gurobipy][INFO] - 
[2025-01-29 09:17:15,974][gurobipy][INFO] -     Nodes    |    Current Node    |     Objective Bounds      |     Work
[2025-01-29 09:17:15,974][gurobipy][INFO] -  Expl Unexpl |  Obj  Depth IntInf | Incumbent    BestBd   Gap | It/Node Time
[2025-01-29 09:17:15,974][gurobipy][INFO] - 
[2025-01-29 09:17:15,974][gurobipy][INFO] -      0     0    1.00000    0    3    0.00000    1.00000      -     -    0s
[2025-01-29 09:17:15,984][gurobipy][INFO] - H    0     0                       0.0048668    1.00000      -     -    0s
[2025-01-29 09:17:16,014][gurobipy][INFO] - H    0     0                       0.0060343    1.00000      -     -    0s
[2025-01-29 09:17:17,513][gurobipy][INFO] -      0     0    1.00000    0   56    0.00603    1.00000      -     -    2s
[2025-01-29 09:17:17,644][gurobipy][INFO] - H    0     0                       0.0628742    1.00000  1490%     -    2s
[2025-01-29 09:17:27,018][gurobipy][INFO] - H    0     0                       0.2992333    1.00000   234%     -   11s
[2025-01-29 09:17:27,020][gurobipy][INFO] - H    0     0                       0.3054595    1.00000   227%     -   11s
[2025-01-29 09:17:27,450][gurobipy][INFO] -      0     0    0.96870    0    3    0.30546    0.96870   217%     -   12s
[2025-01-29 09:17:35,185][gurobipy][INFO] - H    0     0                       0.3271694    0.57648  76.2%     -   19s
[2025-01-29 09:17:35,187][gurobipy][INFO] - H    0     0                       0.3278506    0.57648  75.8%     -   19s
[2025-01-29 09:17:35,189][gurobipy][INFO] -      0     0    0.32785    0   11    0.32785    0.32785  0.00%     -   19s
[2025-01-29 09:17:35,191][gurobipy][INFO] - 
[2025-01-29 09:17:35,191][gurobipy][INFO] - Cutting planes:
[2025-01-29 09:17:35,191][gurobipy][INFO] -   Cover: 1
[2025-01-29 09:17:35,191][gurobipy][INFO] -   MIR: 8
[2025-01-29 09:17:35,193][gurobipy][INFO] - 
[2025-01-29 09:17:35,193][gurobipy][INFO] - Explored 1 nodes (23793 simplex iterations) in 19.85 seconds (44.94 work units)
[2025-01-29 09:17:35,193][gurobipy][INFO] - Thread count was 32 (of 128 available processors)
[2025-01-29 09:17:35,193][gurobipy][INFO] - 
[2025-01-29 09:17:35,193][gurobipy][INFO] - Solution count 8: 0.327851 0.327169 0.30546 ... 2.75335e-14
[2025-01-29 09:17:35,193][gurobipy][INFO] - No other solutions better than 0.327851
[2025-01-29 09:17:35,193][gurobipy][INFO] - 
[2025-01-29 09:17:35,193][gurobipy][INFO] - Optimal solution found (tolerance 1.00e-04)
[2025-01-29 09:17:35,194][gurobipy][INFO] - Best objective 3.278505936872e-01, best bound 3.278505936872e-01, gap 0.0000%
[2025-01-29 09:17:35,257][__main__][INFO] - Finished size 2153 (2/5)
[2025-01-29 09:17:48,547][gurobipy][INFO] - Set parameter TimeLimit to value 600
[2025-01-29 09:17:48,581][gurobipy][INFO] - Gurobi Optimizer version 11.0.2 build v11.0.2rc0 (linux64)
[2025-01-29 09:17:48,581][gurobipy][INFO] - 
[2025-01-29 09:17:48,593][gurobipy][INFO] - CPU model: AMD EPYC 7543 32-Core Processor, instruction set [SSE2|AVX|AVX2]
[2025-01-29 09:17:48,593][gurobipy][INFO] - Thread count: 64 physical cores, 128 logical processors, using up to 32 threads
[2025-01-29 09:17:48,593][gurobipy][INFO] - 
[2025-01-29 09:17:48,593][gurobipy][INFO] - Optimize a model with 162363 rows, 2527 columns and 420664 nonzeros
[2025-01-29 09:17:48,596][gurobipy][INFO] - Model fingerprint: 0xea73f553
[2025-01-29 09:17:48,597][gurobipy][INFO] - Variable types: 2461 continuous, 66 integer (66 binary)
[2025-01-29 09:17:48,597][gurobipy][INFO] - Coefficient statistics:
[2025-01-29 09:17:48,597][gurobipy][INFO] -   Matrix range     [3e-04, 2e+00]
[2025-01-29 09:17:48,597][gurobipy][INFO] -   Objective range  [1e+00, 1e+00]
[2025-01-29 09:17:48,597][gurobipy][INFO] -   Bounds range     [1e+00, 1e+00]
[2025-01-29 09:17:48,597][gurobipy][INFO] -   RHS range        [1e+00, 1e+01]
[2025-01-29 09:17:48,620][gurobipy][INFO] - Found heuristic solution: objective 0.0000000
[2025-01-29 09:17:49,372][gurobipy][INFO] - Presolve removed 49175 rows and 6 columns
[2025-01-29 09:17:49,372][gurobipy][INFO] - Presolve time: 0.75s
[2025-01-29 09:17:49,372][gurobipy][INFO] - Presolved: 113188 rows, 2521 columns, 342019 nonzeros
[2025-01-29 09:17:49,446][gurobipy][INFO] - Variable types: 2461 continuous, 60 integer (60 binary)
[2025-01-29 09:17:49,557][gurobipy][INFO] - Root relaxation presolved: 2521 rows, 115709 columns, 344540 nonzeros
[2025-01-29 09:17:49,558][gurobipy][INFO] - 
[2025-01-29 09:17:49,596][gurobipy][INFO] - 
[2025-01-29 09:17:49,596][gurobipy][INFO] - Root relaxation: objective 1.000000e+00, 41 iterations, 0.15 seconds (0.28 work units)
[2025-01-29 09:17:49,603][gurobipy][INFO] - 
[2025-01-29 09:17:49,603][gurobipy][INFO] -     Nodes    |    Current Node    |     Objective Bounds      |     Work
[2025-01-29 09:17:49,603][gurobipy][INFO] -  Expl Unexpl |  Obj  Depth IntInf | Incumbent    BestBd   Gap | It/Node Time
[2025-01-29 09:17:49,603][gurobipy][INFO] - 
[2025-01-29 09:17:49,603][gurobipy][INFO] -      0     0    1.00000    0    1    0.00000    1.00000      -     -    1s
[2025-01-29 09:17:49,647][gurobipy][INFO] - H    0     0                       0.0059237    1.00000      -     -    1s
[2025-01-29 09:17:49,699][gurobipy][INFO] - H    0     0                       0.0240339    1.00000  4061%     -    1s
[2025-01-29 09:17:49,742][gurobipy][INFO] - H    0     0                       0.0303601    1.00000  3194%     -    1s
[2025-01-29 09:17:52,623][gurobipy][INFO] -      0     0    1.00000    0   60    0.03036    1.00000  3194%     -    4s
[2025-01-29 09:17:53,374][gurobipy][INFO] -      0     0    1.00000    0   44    0.03036    1.00000  3194%     -    4s
[2025-01-29 09:17:53,411][gurobipy][INFO] - H    0     0                       0.2946644    1.00000   239%     -    4s
[2025-01-29 09:17:53,882][gurobipy][INFO] -      0     0    1.00000    0   39    0.29466    1.00000   239%     -    5s
[2025-01-29 09:17:56,275][gurobipy][INFO] -      0     0    1.00000    0    9    0.29466    1.00000   239%     -    7s
[2025-01-29 09:17:57,896][gurobipy][INFO] -      0     0    1.00000    0   10    0.29466    1.00000   239%     -    9s
[2025-01-29 09:17:58,371][gurobipy][INFO] -      0     0    0.58947    0   10    0.29466    0.58947   100%     -    9s
[2025-01-29 09:17:59,065][gurobipy][INFO] -      0     0    0.58947    0   10    0.29466    0.58947   100%     -   10s
[2025-01-29 09:17:59,272][gurobipy][INFO] -      0     0    0.58947    0    9    0.29466    0.58947   100%     -   10s
[2025-01-29 09:17:59,740][gurobipy][INFO] - H    0     0                       0.3226394    0.58947  82.7%     -   11s
[2025-01-29 09:17:59,742][gurobipy][INFO] -      0     0    0.58947    0   12    0.32264    0.58947  82.7%     -   11s
[2025-01-29 09:17:59,901][gurobipy][INFO] -      0     0    0.58947    0   11    0.32264    0.58947  82.7%     -   11s
[2025-01-29 09:18:00,244][gurobipy][INFO] - H    0     0                       0.3239736    0.58947  81.9%     -   11s
[2025-01-29 09:18:00,244][gurobipy][INFO] -      0     0    0.32397    0    2    0.32397    0.32397  0.00%     -   11s
[2025-01-29 09:18:00,244][gurobipy][INFO] - 
[2025-01-29 09:18:00,244][gurobipy][INFO] - Cutting planes:
[2025-01-29 09:18:00,244][gurobipy][INFO] -   Gomory: 3
[2025-01-29 09:18:00,244][gurobipy][INFO] -   Implied bound: 1
[2025-01-29 09:18:00,245][gurobipy][INFO] -   MIR: 118
[2025-01-29 09:18:00,245][gurobipy][INFO] -   RLT: 27
[2025-01-29 09:18:00,248][gurobipy][INFO] - 
[2025-01-29 09:18:00,248][gurobipy][INFO] - Explored 1 nodes (19514 simplex iterations) in 11.66 seconds (22.28 work units)
[2025-01-29 09:18:00,248][gurobipy][INFO] - Thread count was 32 (of 128 available processors)
[2025-01-29 09:18:00,248][gurobipy][INFO] - 
[2025-01-29 09:18:00,248][gurobipy][INFO] - Solution count 7: 0.323974 0.322639 0.294664 ... 3.5083e-14
[2025-01-29 09:18:00,248][gurobipy][INFO] - No other solutions better than 0.323974
[2025-01-29 09:18:00,248][gurobipy][INFO] - 
[2025-01-29 09:18:00,249][gurobipy][INFO] - Optimal solution found (tolerance 1.00e-04)
[2025-01-29 09:18:00,249][gurobipy][INFO] - Best objective 3.239736162016e-01, best bound 3.239736162016e-01, gap 0.0000%
[2025-01-29 09:18:00,341][__main__][INFO] - Finished size 4632 (3/5)
[2025-01-29 09:18:21,824][gurobipy][INFO] - Set parameter TimeLimit to value 600
[2025-01-29 09:18:21,880][gurobipy][INFO] - Gurobi Optimizer version 11.0.2 build v11.0.2rc0 (linux64)
[2025-01-29 09:18:21,880][gurobipy][INFO] - 
[2025-01-29 09:18:21,880][gurobipy][INFO] - CPU model: AMD EPYC 7543 32-Core Processor, instruction set [SSE2|AVX|AVX2]
[2025-01-29 09:18:21,880][gurobipy][INFO] - Thread count: 64 physical cores, 128 logical processors, using up to 32 threads
[2025-01-29 09:18:21,880][gurobipy][INFO] - 
[2025-01-29 09:18:21,880][gurobipy][INFO] - Optimize a model with 268227 rows, 4131 columns and 694948 nonzeros
[2025-01-29 09:18:21,886][gurobipy][INFO] - Model fingerprint: 0xc2890015
[2025-01-29 09:18:21,886][gurobipy][INFO] - Variable types: 4065 continuous, 66 integer (66 binary)
[2025-01-29 09:18:21,886][gurobipy][INFO] - Coefficient statistics:
[2025-01-29 09:18:21,886][gurobipy][INFO] -   Matrix range     [1e-04, 2e+00]
[2025-01-29 09:18:21,886][gurobipy][INFO] -   Objective range  [1e+00, 1e+00]
[2025-01-29 09:18:21,886][gurobipy][INFO] -   Bounds range     [1e+00, 1e+00]
[2025-01-29 09:18:21,886][gurobipy][INFO] -   RHS range        [1e+00, 1e+01]
[2025-01-29 09:18:21,924][gurobipy][INFO] - Found heuristic solution: objective 0.0000000
[2025-01-29 09:18:23,225][gurobipy][INFO] - Presolve removed 73135 rows and 4 columns
[2025-01-29 09:18:23,225][gurobipy][INFO] - Presolve time: 1.30s
[2025-01-29 09:18:23,225][gurobipy][INFO] - Presolved: 195092 rows, 4127 columns, 589335 nonzeros
[2025-01-29 09:18:23,351][gurobipy][INFO] - Variable types: 4065 continuous, 62 integer (62 binary)
[2025-01-29 09:18:23,562][gurobipy][INFO] - Root relaxation presolved: 4127 rows, 199219 columns, 593462 nonzeros
[2025-01-29 09:18:23,562][gurobipy][INFO] - 
[2025-01-29 09:18:23,640][gurobipy][INFO] - 
[2025-01-29 09:18:23,640][gurobipy][INFO] - Root relaxation: objective 1.000000e+00, 55 iterations, 0.28 seconds (0.49 work units)
[2025-01-29 09:18:23,658][gurobipy][INFO] - 
[2025-01-29 09:18:23,658][gurobipy][INFO] -     Nodes    |    Current Node    |     Objective Bounds      |     Work
[2025-01-29 09:18:23,658][gurobipy][INFO] -  Expl Unexpl |  Obj  Depth IntInf | Incumbent    BestBd   Gap | It/Node Time
[2025-01-29 09:18:23,658][gurobipy][INFO] - 
[2025-01-29 09:18:23,658][gurobipy][INFO] -      0     0    1.00000    0    1    0.00000    1.00000      -     -    1s
[2025-01-29 09:18:23,744][gurobipy][INFO] - H    0     0                       0.0029367    1.00000      -     -    1s
[2025-01-29 09:18:23,836][gurobipy][INFO] - H    0     0                       0.0174052    1.00000  5645%     -    1s
[2025-01-29 09:18:24,000][gurobipy][INFO] - H    0     0                       0.0178962    1.00000  5488%     -    2s
[2025-01-29 09:18:24,264][gurobipy][INFO] -      0     0    1.00000    0    2    0.01790    1.00000  5488%     -    2s
[2025-01-29 09:18:24,891][gurobipy][INFO] - H    0     0                       0.0476170    1.00000  2000%     -    3s
[2025-01-29 09:18:32,635][gurobipy][INFO] -      0     0    1.00000    0   62    0.04762    1.00000  2000%     -   10s
[2025-01-29 09:18:34,904][gurobipy][INFO] -      0     0    1.00000    0   43    0.04762    1.00000  2000%     -   13s
[2025-01-29 09:18:35,324][gurobipy][INFO] -      0     0    1.00000    0   41    0.04762    1.00000  2000%     -   13s
[2025-01-29 09:18:40,333][gurobipy][INFO] -      0     0    1.00000    0    1    0.04762    1.00000  2000%     -   18s
[2025-01-29 09:18:41,592][gurobipy][INFO] - H    0     0                       0.0484266    1.00000  1965%     -   19s
[2025-01-29 09:18:41,758][gurobipy][INFO] -      0     0    1.00000    0    2    0.04843    1.00000  1965%     -   19s
[2025-01-29 09:18:47,134][gurobipy][INFO] -      0     0    1.00000    0   38    0.04843    1.00000  1965%     -   25s
[2025-01-29 09:18:56,615][gurobipy][INFO] -      0     0    1.00000    0   37    0.04843    1.00000  1965%     -   34s
[2025-01-29 09:18:57,704][gurobipy][INFO] -      0     0    1.00000    0   37    0.04843    1.00000  1965%     -   35s
[2025-01-29 09:19:06,231][gurobipy][INFO] -      0     0    1.00000    0   34    0.04843    1.00000  1965%     -   44s
[2025-01-29 09:19:07,188][gurobipy][INFO] -      0     0    1.00000    0   34    0.04843    1.00000  1965%     -   45s
[2025-01-29 09:19:13,781][gurobipy][INFO] -      0     0    1.00000    0   33    0.04843    1.00000  1965%     -   51s
[2025-01-29 09:19:14,574][gurobipy][INFO] -      0     0    1.00000    0   33    0.04843    1.00000  1965%     -   52s
[2025-01-29 09:19:18,577][gurobipy][INFO] -      0     0    1.00000    0   32    0.04843    1.00000  1965%     -   56s
[2025-01-29 09:19:20,227][gurobipy][INFO] - H    0     0                       0.2493370    1.00000   301%     -   58s
[2025-01-29 09:19:20,476][gurobipy][INFO] -      0     0    1.00000    0   32    0.24934    1.00000   301%     -   58s
[2025-01-29 09:19:24,088][gurobipy][INFO] -      0     0    1.00000    0   32    0.24934    1.00000   301%     -   62s
[2025-01-29 09:19:29,379][gurobipy][INFO] -      0     0    1.00000    0   32    0.24934    1.00000   301%     -   67s
[2025-01-29 09:19:29,894][gurobipy][INFO] - H    0     0                       0.3167252    1.00000   216%     -   68s
[2025-01-29 09:19:40,517][gurobipy][INFO] -      0     2    1.00000    0   32    0.31673    1.00000   216%     -   78s
[2025-01-29 09:19:41,912][gurobipy][INFO] -     31     2    1.00000   16    9    0.31673    1.00000   216%   197   80s
[2025-01-29 09:19:48,240][gurobipy][INFO] -     46     5    0.70308   23   15    0.31673    0.76985   143%   454   86s
[2025-01-29 09:19:53,521][gurobipy][INFO] -     61     6    0.40966   26   13    0.31673    0.62792  98.3%   480   91s
[2025-01-29 09:19:57,600][gurobipy][INFO] -     79     6    0.32359   29   10    0.31673    0.40526  28.0%   601   95s
[2025-01-29 09:19:58,406][gurobipy][INFO] - 
[2025-01-29 09:19:58,407][gurobipy][INFO] - Cutting planes:
[2025-01-29 09:19:58,407][gurobipy][INFO] -   Gomory: 1
[2025-01-29 09:19:58,407][gurobipy][INFO] -   Implied bound: 4
[2025-01-29 09:19:58,407][gurobipy][INFO] -   MIR: 4
[2025-01-29 09:19:58,407][gurobipy][INFO] -   RLT: 8
[2025-01-29 09:19:58,416][gurobipy][INFO] - 
[2025-01-29 09:19:58,416][gurobipy][INFO] - Explored 111 nodes (83079 simplex iterations) in 96.53 seconds (239.44 work units)
[2025-01-29 09:19:58,416][gurobipy][INFO] - Thread count was 32 (of 128 available processors)
[2025-01-29 09:19:58,417][gurobipy][INFO] - 
[2025-01-29 09:19:58,417][gurobipy][INFO] - Solution count 8: 0.316725 0.249337 0.0484266 ... 3.73035e-14
[2025-01-29 09:19:58,417][gurobipy][INFO] - No other solutions better than 0.316725
[2025-01-29 09:19:58,417][gurobipy][INFO] - 
[2025-01-29 09:19:58,417][gurobipy][INFO] - Optimal solution found (tolerance 1.00e-04)
[2025-01-29 09:19:58,421][gurobipy][INFO] - Best objective 3.167252224888e-01, best bound 3.167252224888e-01, gap 0.0000%
[2025-01-29 09:19:58,605][__main__][INFO] - Finished size 9968 (4/5)
[2025-01-29 09:20:32,684][gurobipy][INFO] - Set parameter TimeLimit to value 600
[2025-01-29 09:20:32,770][gurobipy][INFO] - Gurobi Optimizer version 11.0.2 build v11.0.2rc0 (linux64)
[2025-01-29 09:20:32,770][gurobipy][INFO] - 
[2025-01-29 09:20:32,782][gurobipy][INFO] - CPU model: AMD EPYC 7543 32-Core Processor, instruction set [SSE2|AVX|AVX2]
[2025-01-29 09:20:32,782][gurobipy][INFO] - Thread count: 64 physical cores, 128 logical processors, using up to 32 threads
[2025-01-29 09:20:32,782][gurobipy][INFO] - 
[2025-01-29 09:20:32,782][gurobipy][INFO] - Optimize a model with 421017 rows, 6446 columns and 1090813 nonzeros
[2025-01-29 09:20:32,791][gurobipy][INFO] - Model fingerprint: 0x21b6cd60
[2025-01-29 09:20:32,791][gurobipy][INFO] - Variable types: 6380 continuous, 66 integer (66 binary)
[2025-01-29 09:20:32,792][gurobipy][INFO] - Coefficient statistics:
[2025-01-29 09:20:32,792][gurobipy][INFO] -   Matrix range     [7e-05, 2e+00]
[2025-01-29 09:20:32,792][gurobipy][INFO] -   Objective range  [1e+00, 1e+00]
[2025-01-29 09:20:32,792][gurobipy][INFO] -   Bounds range     [1e+00, 1e+00]
[2025-01-29 09:20:32,792][gurobipy][INFO] -   RHS range        [1e+00, 1e+01]
[2025-01-29 09:20:32,853][gurobipy][INFO] - Found heuristic solution: objective 0.0000000
[2025-01-29 09:20:35,287][gurobipy][INFO] - Presolve removed 102057 rows and 2 columns
[2025-01-29 09:20:35,287][gurobipy][INFO] - Presolve time: 2.43s
[2025-01-29 09:20:35,288][gurobipy][INFO] - Presolved: 318960 rows, 6444 columns, 963254 nonzeros
[2025-01-29 09:20:35,493][gurobipy][INFO] - Variable types: 6380 continuous, 64 integer (64 binary)
[2025-01-29 09:20:35,849][gurobipy][INFO] - Root relaxation presolved: 6444 rows, 325404 columns, 969698 nonzeros
[2025-01-29 09:20:35,849][gurobipy][INFO] - 
[2025-01-29 09:20:35,981][gurobipy][INFO] - 
[2025-01-29 09:20:35,981][gurobipy][INFO] - Root relaxation: objective 1.000000e+00, 37 iterations, 0.48 seconds (0.81 work units)
[2025-01-29 09:20:36,012][gurobipy][INFO] - 
[2025-01-29 09:20:36,012][gurobipy][INFO] -     Nodes    |    Current Node    |     Objective Bounds      |     Work
[2025-01-29 09:20:36,012][gurobipy][INFO] -  Expl Unexpl |  Obj  Depth IntInf | Incumbent    BestBd   Gap | It/Node Time
[2025-01-29 09:20:36,012][gurobipy][INFO] - 
[2025-01-29 09:20:36,012][gurobipy][INFO] -      0     0    1.00000    0    1    0.00000    1.00000      -     -    3s
[2025-01-29 09:20:36,074][gurobipy][INFO] - H    0     0                       0.0012799    1.00000      -     -    3s
[2025-01-29 09:20:36,230][gurobipy][INFO] - H    0     0                       0.0699997    1.00000  1329%     -    3s
[2025-01-29 09:20:36,688][gurobipy][INFO] -      0     0    1.00000    0    2    0.07000    1.00000  1329%     -    3s
[2025-01-29 09:21:00,837][gurobipy][INFO] -      0     0    1.00000    0   64    0.07000    1.00000  1329%     -   28s
[2025-01-29 09:21:05,176][gurobipy][INFO] -      0     0    1.00000    0   34    0.07000    1.00000  1329%     -   32s
[2025-01-29 09:21:05,709][gurobipy][INFO] -      0     0    1.00000    0   34    0.07000    1.00000  1329%     -   32s
[2025-01-29 09:21:14,643][gurobipy][INFO] -      0     0    1.00000    0    1    0.07000    1.00000  1329%     -   41s
[2025-01-29 09:21:17,554][gurobipy][INFO] - H    0     0                       0.1130717    1.00000   784%     -   44s
[2025-01-29 09:21:21,950][gurobipy][INFO] -      0     0    1.00000    0   29    0.11307    1.00000   784%     -   49s
[2025-01-29 09:21:23,385][gurobipy][INFO] -      0     0    1.00000    0   23    0.11307    1.00000   784%     -   50s
[2025-01-29 09:21:23,688][gurobipy][INFO] - H    0     0                       0.3208106    1.00000   212%     -   50s
[2025-01-29 09:21:24,373][gurobipy][INFO] -      0     0    1.00000    0   22    0.32081    1.00000   212%     -   51s
[2025-01-29 09:21:32,189][gurobipy][INFO] -      0     0    1.00000    0   21    0.32081    1.00000   212%     -   59s
[2025-01-29 09:21:33,015][gurobipy][INFO] -      0     0    1.00000    0   21    0.32081    1.00000   212%     -   60s
[2025-01-29 09:21:39,223][gurobipy][INFO] -      0     0    1.00000    0   19    0.32081    1.00000   212%     -   66s
[2025-01-29 09:21:39,569][gurobipy][INFO] -      0     0    1.00000    0   19    0.32081    1.00000   212%     -   66s
[2025-01-29 09:21:45,125][gurobipy][INFO] -      0     0    1.00000    0   19    0.32081    1.00000   212%     -   72s
[2025-01-29 09:21:46,258][gurobipy][INFO] -      0     0    1.00000    0    6    0.32081    1.00000   212%     -   73s
[2025-01-29 09:21:46,529][gurobipy][INFO] -      0     0    1.00000    0    5    0.32081    1.00000   212%     -   73s
[2025-01-29 09:21:49,982][gurobipy][INFO] -      0     0    1.00000    0   21    0.32081    1.00000   212%     -   77s
[2025-01-29 09:21:54,642][gurobipy][INFO] -      0     0    1.00000    0   21    0.32081    1.00000   212%     -   81s
[2025-01-29 09:21:59,369][gurobipy][INFO] -      0     0    1.00000    0   21    0.32081    1.00000   212%     -   86s
[2025-01-29 09:22:29,349][gurobipy][INFO] -      0     2    1.00000    0   21    0.32081    1.00000   212%     -  116s
[2025-01-29 09:22:33,414][gurobipy][INFO] -      3     2    1.00000    2   19    0.32081    1.00000   212%  2687  120s
[2025-01-29 09:22:40,846][gurobipy][INFO] -     11     2    1.00000    6   16    0.32081    1.00000   212%  1333  128s
[2025-01-29 09:22:43,837][gurobipy][INFO] -     13     3    1.00000    7   14    0.32081    1.00000   212%  1870  131s
[2025-01-29 09:22:51,801][gurobipy][INFO] -     18     2    1.00000    9   14    0.32081    1.00000   212%  2244  139s
[2025-01-29 09:22:53,526][gurobipy][INFO] -     20     4    1.00000   10   13    0.32081    1.00000   212%  2060  140s
[2025-01-29 09:22:58,520][gurobipy][INFO] -     26     6    0.98308   12   12    0.32081    1.00000   212%  2453  145s
[2025-01-29 09:23:03,537][gurobipy][INFO] -     40     2 infeasible   15         0.32081    0.34096  6.28%  2395  150s
[2025-01-29 09:23:03,567][gurobipy][INFO] - 
[2025-01-29 09:23:03,567][gurobipy][INFO] - Cutting planes:
[2025-01-29 09:23:03,567][gurobipy][INFO] -   Implied bound: 1
[2025-01-29 09:23:03,567][gurobipy][INFO] -   MIR: 12
[2025-01-29 09:23:03,567][gurobipy][INFO] -   RLT: 17
[2025-01-29 09:23:03,567][gurobipy][INFO] -   Relax-and-lift: 11
[2025-01-29 09:23:03,617][gurobipy][INFO] - 
[2025-01-29 09:23:03,617][gurobipy][INFO] - Explored 46 nodes (142480 simplex iterations) in 150.84 seconds (440.32 work units)
[2025-01-29 09:23:03,617][gurobipy][INFO] - Thread count was 32 (of 128 available processors)
[2025-01-29 09:23:03,617][gurobipy][INFO] - 
[2025-01-29 09:23:03,617][gurobipy][INFO] - Solution count 5: 0.320811 0.113072 0.0699997 ... 1.00364e-13
[2025-01-29 09:23:03,617][gurobipy][INFO] - No other solutions better than 0.320811
[2025-01-29 09:23:03,617][gurobipy][INFO] - 
[2025-01-29 09:23:03,617][gurobipy][INFO] - Optimal solution found (tolerance 1.00e-04)
[2025-01-29 09:23:03,621][gurobipy][INFO] - Best objective 3.208106113114e-01, best bound 3.208106113114e-01, gap 0.0000%
[2025-01-29 09:23:03,905][__main__][INFO] - Finished size 21452 (5/5)
