[2025-01-29 13:10:24,061][__main__][INFO] - In total, there are 1229 possible subgroups
[2025-01-29 13:10:24,112][__main__][INFO] - [0], []
[2025-01-29 13:10:24,422][__main__][INFO] - [1], []
[2025-01-29 13:10:24,811][__main__][INFO] - [2], []
[2025-01-29 13:10:25,184][__main__][INFO] - [3], []
[2025-01-29 13:10:25,469][__main__][INFO] - [4], []
[2025-01-29 13:10:25,826][__main__][INFO] - [5], []
[2025-01-29 13:10:26,136][__main__][INFO] - [6], []
[2025-01-29 13:10:26,273][__main__][INFO] - [7], []
[2025-01-29 13:10:26,333][__main__][INFO] - [8], []
[2025-01-29 13:10:26,368][__main__][INFO] - [9], []
[2025-01-29 13:10:26,401][__main__][INFO] - [10], []
[2025-01-29 13:10:27,863][__main__][INFO] - [11], []
[2025-01-29 13:10:27,912][__main__][INFO] - [12], []
[2025-01-29 13:10:28,071][__main__][INFO] - [13], []
[2025-01-29 13:10:28,093][__main__][INFO] - [14], []
[2025-01-29 13:10:28,113][__main__][INFO] - [15], []
[2025-01-29 13:10:28,297][__main__][INFO] - [16], []
[2025-01-29 13:10:28,869][__main__][INFO] - [], [16]
[2025-01-29 13:10:29,505][__main__][INFO] - [17], []
[2025-01-29 13:10:29,639][__main__][INFO] - [18], []
[2025-01-29 13:10:30,814][__main__][INFO] - [19], []
[2025-01-29 13:10:30,867][__main__][INFO] - [20], []
[2025-01-29 13:10:30,921][__main__][INFO] - [21], []
[2025-01-29 13:10:30,943][__main__][INFO] - [22], []
[2025-01-29 13:10:30,962][__main__][INFO] - [23], []
[2025-01-29 13:10:31,146][__main__][INFO] - [24], []
[2025-01-29 13:10:31,165][__main__][INFO] - [25], []
[2025-01-29 13:10:31,214][__main__][INFO] - [0, 10], []
[2025-01-29 13:10:31,418][__main__][INFO] - [0, 11], []
[2025-01-29 13:10:31,451][__main__][INFO] - [0, 12], []
[2025-01-29 13:10:31,500][__main__][INFO] - [0, 13], []
[2025-01-29 13:10:31,532][__main__][INFO] - [0, 14], []
[2025-01-29 13:10:31,562][__main__][INFO] - [0, 15], []
[2025-01-29 13:10:31,607][__main__][INFO] - [0, 16], []
[2025-01-29 13:10:31,768][__main__][INFO] - [0], [16]
[2025-01-29 13:10:31,926][__main__][INFO] - [0, 17], []
[2025-01-29 13:10:31,996][__main__][INFO] - [0, 18], []
[2025-01-29 13:10:32,180][__main__][INFO] - [0, 19], []
[2025-01-29 13:10:32,224][__main__][INFO] - [0, 20], []
[2025-01-29 13:10:32,263][__main__][INFO] - [0, 21], []
[2025-01-29 13:10:32,295][__main__][INFO] - [0, 22], []
[2025-01-29 13:10:32,331][__main__][INFO] - [0, 23], []
[2025-01-29 13:10:32,387][__main__][INFO] - [0, 24], []
[2025-01-29 13:10:32,469][__main__][INFO] - [1, 10], []
[2025-01-29 13:10:32,783][__main__][INFO] - [1, 11], []
[2025-01-29 13:10:32,819][__main__][INFO] - [1, 12], []
[2025-01-29 13:10:32,876][__main__][INFO] - [1, 13], []
[2025-01-29 13:10:32,909][__main__][INFO] - [1, 14], []
[2025-01-29 13:10:32,940][__main__][INFO] - [1, 15], []
[2025-01-29 13:10:33,006][__main__][INFO] - [1, 16], []
[2025-01-29 13:10:33,148][__main__][INFO] - [1], [16]
[2025-01-29 13:10:33,271][__main__][INFO] - [1, 17], []
[2025-01-29 13:10:33,315][__main__][INFO] - [1, 18], []
[2025-01-29 13:10:33,550][__main__][INFO] - [1, 19], []
[2025-01-29 13:10:33,593][__main__][INFO] - [1, 20], []
[2025-01-29 13:10:33,635][__main__][INFO] - [1, 21], []
[2025-01-29 13:10:33,671][__main__][INFO] - [1, 22], []
[2025-01-29 13:10:33,708][__main__][INFO] - [1, 23], []
[2025-01-29 13:10:33,784][__main__][INFO] - [1, 24], []
[2025-01-29 13:10:33,867][__main__][INFO] - [2, 10], []
[2025-01-29 13:10:34,117][__main__][INFO] - [2, 11], []
[2025-01-29 13:10:34,158][__main__][INFO] - [2, 12], []
[2025-01-29 13:10:34,232][__main__][INFO] - [2, 13], []
[2025-01-29 13:10:34,265][__main__][INFO] - [2, 14], []
[2025-01-29 13:10:34,297][__main__][INFO] - [2, 15], []
[2025-01-29 13:10:34,375][__main__][INFO] - [2, 16], []
[2025-01-29 13:10:34,548][__main__][INFO] - [2], [16]
[2025-01-29 13:10:34,759][__main__][INFO] - [2, 17], []
[2025-01-29 13:10:34,828][__main__][INFO] - [2, 18], []
[2025-01-29 13:10:34,965][__main__][INFO] - [2, 19], []
[2025-01-29 13:10:34,992][__main__][INFO] - [2, 20], []
[2025-01-29 13:10:35,017][__main__][INFO] - [2, 21], []
[2025-01-29 13:10:35,038][__main__][INFO] - [2, 22], []
[2025-01-29 13:10:35,058][__main__][INFO] - [2, 23], []
[2025-01-29 13:10:35,108][__main__][INFO] - [2, 24], []
[2025-01-29 13:10:35,157][__main__][INFO] - [3, 10], []
[2025-01-29 13:10:35,262][__main__][INFO] - [3, 11], []
[2025-01-29 13:10:35,286][__main__][INFO] - [3, 12], []
[2025-01-29 13:10:35,343][__main__][INFO] - [3, 13], []
[2025-01-29 13:10:35,375][__main__][INFO] - [3, 14], []
[2025-01-29 13:10:35,408][__main__][INFO] - [3, 15], []
[2025-01-29 13:10:35,492][__main__][INFO] - [3, 16], []
[2025-01-29 13:10:35,631][__main__][INFO] - [3], [16]
[2025-01-29 13:10:35,796][__main__][INFO] - [3, 17], []
[2025-01-29 13:10:35,853][__main__][INFO] - [3, 18], []
[2025-01-29 13:10:36,026][__main__][INFO] - [3, 19], []
[2025-01-29 13:10:36,062][__main__][INFO] - [3, 20], []
[2025-01-29 13:10:36,101][__main__][INFO] - [3, 21], []
[2025-01-29 13:10:36,132][__main__][INFO] - [3, 22], []
[2025-01-29 13:10:36,166][__main__][INFO] - [3, 23], []
[2025-01-29 13:10:36,247][__main__][INFO] - [3, 24], []
[2025-01-29 13:10:36,332][__main__][INFO] - [4, 10], []
[2025-01-29 13:10:36,543][__main__][INFO] - [4, 11], []
[2025-01-29 13:10:36,581][__main__][INFO] - [4, 12], []
[2025-01-29 13:10:36,660][__main__][INFO] - [4, 13], []
[2025-01-29 13:10:36,697][__main__][INFO] - [4, 14], []
[2025-01-29 13:10:36,729][__main__][INFO] - [4, 15], []
[2025-01-29 13:10:36,821][__main__][INFO] - [4, 16], []
[2025-01-29 13:10:36,998][__main__][INFO] - [4], [16]
[2025-01-29 13:10:37,188][__main__][INFO] - [4, 17], []
[2025-01-29 13:10:37,247][__main__][INFO] - [4, 18], []
[2025-01-29 13:10:37,463][__main__][INFO] - [4, 19], []
[2025-01-29 13:10:37,503][__main__][INFO] - [4, 20], []
[2025-01-29 13:10:37,542][__main__][INFO] - [4, 21], []
[2025-01-29 13:10:37,575][__main__][INFO] - [4, 22], []
[2025-01-29 13:10:37,607][__main__][INFO] - [4, 23], []
[2025-01-29 13:10:37,697][__main__][INFO] - [4, 24], []
[2025-01-29 13:10:37,778][__main__][INFO] - [5, 10], []
[2025-01-29 13:10:37,992][__main__][INFO] - [5, 11], []
[2025-01-29 13:10:38,029][__main__][INFO] - [5, 12], []
[2025-01-29 13:10:38,098][__main__][INFO] - [5, 13], []
[2025-01-29 13:10:38,130][__main__][INFO] - [5, 14], []
[2025-01-29 13:10:38,168][__main__][INFO] - [5, 15], []
[2025-01-29 13:10:38,251][__main__][INFO] - [5, 16], []
[2025-01-29 13:10:38,404][__main__][INFO] - [5], [16]
[2025-01-29 13:10:38,529][__main__][INFO] - [5, 17], []
[2025-01-29 13:10:38,560][__main__][INFO] - [5, 18], []
[2025-01-29 13:10:38,691][__main__][INFO] - [5, 19], []
[2025-01-29 13:10:38,714][__main__][INFO] - [5, 20], []
[2025-01-29 13:10:38,739][__main__][INFO] - [5, 21], []
[2025-01-29 13:10:38,760][__main__][INFO] - [5, 22], []
[2025-01-29 13:10:38,780][__main__][INFO] - [5, 23], []
[2025-01-29 13:10:38,822][__main__][INFO] - [5, 24], []
[2025-01-29 13:10:38,872][__main__][INFO] - [6, 10], []
[2025-01-29 13:10:38,935][__main__][INFO] - [6, 11], []
[2025-01-29 13:10:38,957][__main__][INFO] - [6, 12], []
[2025-01-29 13:10:38,985][__main__][INFO] - [6, 13], []
[2025-01-29 13:10:39,005][__main__][INFO] - [6, 14], []
[2025-01-29 13:10:39,026][__main__][INFO] - [6, 15], []
[2025-01-29 13:10:39,052][__main__][INFO] - [6, 16], []
[2025-01-29 13:10:39,098][__main__][INFO] - [6], [16]
[2025-01-29 13:10:39,150][__main__][INFO] - [6, 17], []
[2025-01-29 13:10:39,173][__main__][INFO] - [6, 18], []
[2025-01-29 13:10:39,237][__main__][INFO] - [6, 19], []
[2025-01-29 13:10:39,258][__main__][INFO] - [6, 20], []
[2025-01-29 13:10:39,280][__main__][INFO] - [6, 21], []
[2025-01-29 13:10:39,300][__main__][INFO] - [6, 22], []
[2025-01-29 13:10:39,320][__main__][INFO] - [6, 23], []
[2025-01-29 13:10:39,348][__main__][INFO] - [6, 24], []
[2025-01-29 13:10:39,397][__main__][INFO] - [7, 10], []
[2025-01-29 13:10:39,431][__main__][INFO] - [7, 11], []
[2025-01-29 13:10:39,451][__main__][INFO] - [7, 12], []
[2025-01-29 13:10:39,473][__main__][INFO] - [7, 13], []
[2025-01-29 13:10:39,493][__main__][INFO] - [7, 14], []
[2025-01-29 13:10:39,513][__main__][INFO] - [7, 15], []
[2025-01-29 13:10:39,534][__main__][INFO] - [7, 16], []
[2025-01-29 13:10:39,561][__main__][INFO] - [7], [16]
[2025-01-29 13:10:39,590][__main__][INFO] - [7, 17], []
[2025-01-29 13:10:39,611][__main__][INFO] - [7, 18], []
[2025-01-29 13:10:39,645][__main__][INFO] - [7, 19], []
[2025-01-29 13:10:39,665][__main__][INFO] - [7, 20], []
[2025-01-29 13:10:39,686][__main__][INFO] - [7, 21], []
[2025-01-29 13:10:39,721][__main__][INFO] - [7, 23], []
[2025-01-29 13:10:39,787][__main__][INFO] - [8, 10], []
[2025-01-29 13:10:39,809][__main__][INFO] - [8, 11], []
[2025-01-29 13:10:39,829][__main__][INFO] - [8, 12], []
[2025-01-29 13:10:39,879][__main__][INFO] - [8, 15], []
[2025-01-29 13:10:39,899][__main__][INFO] - [8, 16], []
[2025-01-29 13:10:39,920][__main__][INFO] - [8], [16]
[2025-01-29 13:10:39,942][__main__][INFO] - [8, 17], []
[2025-01-29 13:10:39,963][__main__][INFO] - [8, 18], []
[2025-01-29 13:10:39,985][__main__][INFO] - [8, 19], []
[2025-01-29 13:10:40,005][__main__][INFO] - [8, 20], []
[2025-01-29 13:10:40,055][__main__][INFO] - [8, 23], []
[2025-01-29 13:10:40,119][__main__][INFO] - [9, 10], []
[2025-01-29 13:10:40,154][__main__][INFO] - [9, 12], []
[2025-01-29 13:10:40,219][__main__][INFO] - [9, 16], []
[2025-01-29 13:10:40,239][__main__][INFO] - [9], [16]
[2025-01-29 13:10:40,274][__main__][INFO] - [9, 18], []
[2025-01-29 13:10:40,354][__main__][INFO] - [9, 23], []
[2025-01-29 13:10:40,418][__main__][INFO] - [10, 16], []
[2025-01-29 13:10:40,812][__main__][INFO] - [10], [16]
[2025-01-29 13:10:41,240][__main__][INFO] - [10, 17], []
[2025-01-29 13:10:41,314][__main__][INFO] - [10, 18], []
[2025-01-29 13:10:41,922][__main__][INFO] - [10, 19], []
[2025-01-29 13:10:41,970][__main__][INFO] - [10, 20], []
[2025-01-29 13:10:42,022][__main__][INFO] - [10, 21], []
[2025-01-29 13:10:42,046][__main__][INFO] - [10, 22], []
[2025-01-29 13:10:42,067][__main__][INFO] - [10, 23], []
[2025-01-29 13:10:42,127][__main__][INFO] - [10, 24], []
[2025-01-29 13:10:42,148][__main__][INFO] - [10, 25], []
[2025-01-29 13:10:42,183][__main__][INFO] - [11, 16], []
[2025-01-29 13:10:42,211][__main__][INFO] - [11], [16]
[2025-01-29 13:10:42,242][__main__][INFO] - [11, 17], []
[2025-01-29 13:10:42,262][__main__][INFO] - [11, 18], []
[2025-01-29 13:10:42,301][__main__][INFO] - [11, 19], []
[2025-01-29 13:10:42,321][__main__][INFO] - [11, 20], []
[2025-01-29 13:10:42,371][__main__][INFO] - [11, 23], []
[2025-01-29 13:10:42,435][__main__][INFO] - [12, 16], []
[2025-01-29 13:10:42,516][__main__][INFO] - [12], [16]
[2025-01-29 13:10:42,599][__main__][INFO] - [12, 17], []
[2025-01-29 13:10:42,619][__main__][INFO] - [12, 18], []
[2025-01-29 13:10:42,647][__main__][INFO] - [12, 19], []
[2025-01-29 13:10:42,669][__main__][INFO] - [12, 20], []
[2025-01-29 13:10:42,719][__main__][INFO] - [12, 23], []
[2025-01-29 13:10:42,898][__main__][INFO] - [13, 16], []
[2025-01-29 13:10:42,920][__main__][INFO] - [13], [16]
[2025-01-29 13:10:42,942][__main__][INFO] - [13, 17], []
[2025-01-29 13:10:42,962][__main__][INFO] - [13, 18], []
[2025-01-29 13:10:42,983][__main__][INFO] - [13, 19], []
[2025-01-29 13:10:43,003][__main__][INFO] - [13, 20], []
[2025-01-29 13:10:43,054][__main__][INFO] - [13, 23], []
[2025-01-29 13:10:43,118][__main__][INFO] - [14, 16], []
[2025-01-29 13:10:43,139][__main__][INFO] - [14], [16]
[2025-01-29 13:10:43,174][__main__][INFO] - [14, 18], []
[2025-01-29 13:10:43,194][__main__][INFO] - [14, 19], []
[2025-01-29 13:10:43,244][__main__][INFO] - [14, 22], []
[2025-01-29 13:10:43,264][__main__][INFO] - [14, 23], []
[2025-01-29 13:10:43,328][__main__][INFO] - [15, 16], []
[2025-01-29 13:10:43,411][__main__][INFO] - [15], [16]
[2025-01-29 13:10:43,517][__main__][INFO] - [15, 17], []
[2025-01-29 13:10:43,591][__main__][INFO] - [15, 18], []
[2025-01-29 13:10:43,695][__main__][INFO] - [15, 19], []
[2025-01-29 13:10:43,717][__main__][INFO] - [15, 20], []
[2025-01-29 13:10:43,738][__main__][INFO] - [15, 21], []
[2025-01-29 13:10:43,758][__main__][INFO] - [15, 22], []
[2025-01-29 13:10:43,778][__main__][INFO] - [15, 23], []
[2025-01-29 13:10:43,799][__main__][INFO] - [15, 24], []
[2025-01-29 13:10:43,848][__main__][INFO] - [16, 17], []
[2025-01-29 13:10:43,914][__main__][INFO] - [16, 18], []
[2025-01-29 13:10:44,248][__main__][INFO] - [16, 19], []
[2025-01-29 13:10:44,284][__main__][INFO] - [16, 20], []
[2025-01-29 13:10:44,321][__main__][INFO] - [16, 21], []
[2025-01-29 13:10:44,342][__main__][INFO] - [16, 22], []
[2025-01-29 13:10:44,363][__main__][INFO] - [16, 23], []
[2025-01-29 13:10:44,459][__main__][INFO] - [16, 24], []
[2025-01-29 13:10:44,508][__main__][INFO] - [17], [16]
[2025-01-29 13:10:44,586][__main__][INFO] - [18], [16]
[2025-01-29 13:10:44,977][__main__][INFO] - [19], [16]
[2025-01-29 13:10:45,013][__main__][INFO] - [20], [16]
[2025-01-29 13:10:45,048][__main__][INFO] - [21], [16]
[2025-01-29 13:10:45,069][__main__][INFO] - [22], [16]
[2025-01-29 13:10:45,090][__main__][INFO] - [23], [16]
[2025-01-29 13:10:45,184][__main__][INFO] - [24], [16]
[2025-01-29 13:10:45,263][__main__][INFO] - [0, 10, 16], []
[2025-01-29 13:10:45,349][__main__][INFO] - [0, 10], [16]
[2025-01-29 13:10:45,437][__main__][INFO] - [0, 10, 17], []
[2025-01-29 13:10:45,475][__main__][INFO] - [0, 10, 18], []
[2025-01-29 13:10:45,578][__main__][INFO] - [0, 10, 19], []
[2025-01-29 13:10:45,609][__main__][INFO] - [0, 10, 20], []
[2025-01-29 13:10:45,637][__main__][INFO] - [0, 10, 21], []
[2025-01-29 13:10:45,660][__main__][INFO] - [0, 10, 22], []
[2025-01-29 13:10:45,682][__main__][INFO] - [0, 10, 23], []
[2025-01-29 13:10:45,715][__main__][INFO] - [0, 10, 24], []
[2025-01-29 13:10:45,768][__main__][INFO] - [0, 11, 16], []
[2025-01-29 13:10:45,791][__main__][INFO] - [0, 11], [16]
[2025-01-29 13:10:45,829][__main__][INFO] - [0, 11, 18], []
[2025-01-29 13:10:45,853][__main__][INFO] - [0, 11, 19], []
[2025-01-29 13:10:45,920][__main__][INFO] - [0, 11, 23], []
[2025-01-29 13:10:45,988][__main__][INFO] - [0, 12, 16], []
[2025-01-29 13:10:46,013][__main__][INFO] - [0, 12], [16]
[2025-01-29 13:10:46,053][__main__][INFO] - [0, 12, 18], []
[2025-01-29 13:10:46,076][__main__][INFO] - [0, 12, 19], []
[2025-01-29 13:10:46,145][__main__][INFO] - [0, 12, 23], []
[2025-01-29 13:10:46,217][__main__][INFO] - [0, 13, 16], []
[2025-01-29 13:10:46,240][__main__][INFO] - [0, 13], [16]
[2025-01-29 13:10:46,278][__main__][INFO] - [0, 13, 18], []
[2025-01-29 13:10:46,314][__main__][INFO] - [0, 13, 20], []
[2025-01-29 13:10:46,427][__main__][INFO] - [0, 14, 16], []
[2025-01-29 13:10:46,448][__main__][INFO] - [0, 14], [16]
[2025-01-29 13:10:46,486][__main__][INFO] - [0, 14, 18], []
[2025-01-29 13:10:46,554][__main__][INFO] - [0, 14, 22], []
[2025-01-29 13:10:46,637][__main__][INFO] - [0, 15, 16], []
[2025-01-29 13:10:46,663][__main__][INFO] - [0, 15], [16]
[2025-01-29 13:10:46,689][__main__][INFO] - [0, 15, 17], []
[2025-01-29 13:10:46,714][__main__][INFO] - [0, 15, 18], []
[2025-01-29 13:10:46,740][__main__][INFO] - [0, 15, 19], []
[2025-01-29 13:10:46,763][__main__][INFO] - [0, 15, 20], []
[2025-01-29 13:10:46,786][__main__][INFO] - [0, 15, 21], []
[2025-01-29 13:10:46,822][__main__][INFO] - [0, 15, 23], []
[2025-01-29 13:10:46,890][__main__][INFO] - [0, 16, 17], []
[2025-01-29 13:10:46,921][__main__][INFO] - [0, 16, 18], []
[2025-01-29 13:10:46,983][__main__][INFO] - [0, 16, 19], []
[2025-01-29 13:10:47,009][__main__][INFO] - [0, 16, 20], []
[2025-01-29 13:10:47,034][__main__][INFO] - [0, 16, 21], []
[2025-01-29 13:10:47,057][__main__][INFO] - [0, 16, 22], []
[2025-01-29 13:10:47,078][__main__][INFO] - [0, 16, 23], []
[2025-01-29 13:10:47,108][__main__][INFO] - [0, 16, 24], []
[2025-01-29 13:10:47,159][__main__][INFO] - [0, 17], [16]
[2025-01-29 13:10:47,191][__main__][INFO] - [0, 18], [16]
[2025-01-29 13:10:47,256][__main__][INFO] - [0, 19], [16]
[2025-01-29 13:10:47,282][__main__][INFO] - [0, 20], [16]
[2025-01-29 13:10:47,306][__main__][INFO] - [0, 21], [16]
[2025-01-29 13:10:47,329][__main__][INFO] - [0, 22], [16]
[2025-01-29 13:10:47,352][__main__][INFO] - [0, 23], [16]
[2025-01-29 13:10:47,381][__main__][INFO] - [0, 24], [16]
[2025-01-29 13:10:47,448][__main__][INFO] - [1, 10, 16], []
[2025-01-29 13:10:47,543][__main__][INFO] - [1, 10], [16]
[2025-01-29 13:10:47,645][__main__][INFO] - [1, 10, 17], []
[2025-01-29 13:10:47,685][__main__][INFO] - [1, 10, 18], []
[2025-01-29 13:10:47,806][__main__][INFO] - [1, 10, 19], []
[2025-01-29 13:10:47,836][__main__][INFO] - [1, 10, 20], []
[2025-01-29 13:10:47,865][__main__][INFO] - [1, 10, 21], []
[2025-01-29 13:10:47,889][__main__][INFO] - [1, 10, 22], []
[2025-01-29 13:10:47,912][__main__][INFO] - [1, 10, 23], []
[2025-01-29 13:10:47,946][__main__][INFO] - [1, 10, 24], []
[2025-01-29 13:10:47,999][__main__][INFO] - [1, 11, 16], []
[2025-01-29 13:10:48,023][__main__][INFO] - [1, 11], [16]
[2025-01-29 13:10:48,062][__main__][INFO] - [1, 11, 18], []
[2025-01-29 13:10:48,087][__main__][INFO] - [1, 11, 19], []
[2025-01-29 13:10:48,110][__main__][INFO] - [1, 11, 20], []
[2025-01-29 13:10:48,163][__main__][INFO] - [1, 11, 23], []
[2025-01-29 13:10:48,231][__main__][INFO] - [1, 12, 16], []
[2025-01-29 13:10:48,260][__main__][INFO] - [1, 12], [16]
[2025-01-29 13:10:48,306][__main__][INFO] - [1, 12, 18], []
[2025-01-29 13:10:48,329][__main__][INFO] - [1, 12, 19], []
[2025-01-29 13:10:48,398][__main__][INFO] - [1, 12, 23], []
[2025-01-29 13:10:48,479][__main__][INFO] - [1, 13, 16], []
[2025-01-29 13:10:48,502][__main__][INFO] - [1, 13], [16]
[2025-01-29 13:10:48,540][__main__][INFO] - [1, 13, 18], []
[2025-01-29 13:10:48,578][__main__][INFO] - [1, 13, 20], []
[2025-01-29 13:10:48,691][__main__][INFO] - [1, 14, 16], []
[2025-01-29 13:10:48,713][__main__][INFO] - [1, 14], [16]
[2025-01-29 13:10:48,751][__main__][INFO] - [1, 14, 18], []
[2025-01-29 13:10:48,818][__main__][INFO] - [1, 14, 22], []
[2025-01-29 13:10:48,841][__main__][INFO] - [1, 14, 23], []
[2025-01-29 13:10:48,909][__main__][INFO] - [1, 15, 16], []
[2025-01-29 13:10:48,938][__main__][INFO] - [1, 15], [16]
[2025-01-29 13:10:48,970][__main__][INFO] - [1, 15, 17], []
[2025-01-29 13:10:48,998][__main__][INFO] - [1, 15, 18], []
[2025-01-29 13:10:49,030][__main__][INFO] - [1, 15, 19], []
[2025-01-29 13:10:49,053][__main__][INFO] - [1, 15, 20], []
[2025-01-29 13:10:49,076][__main__][INFO] - [1, 15, 21], []
[2025-01-29 13:10:49,114][__main__][INFO] - [1, 15, 23], []
[2025-01-29 13:10:49,137][__main__][INFO] - [1, 15, 24], []
[2025-01-29 13:10:49,189][__main__][INFO] - [1, 16, 17], []
[2025-01-29 13:10:49,222][__main__][INFO] - [1, 16, 18], []
[2025-01-29 13:10:49,295][__main__][INFO] - [1, 16, 19], []
[2025-01-29 13:10:49,321][__main__][INFO] - [1, 16, 20], []
[2025-01-29 13:10:49,347][__main__][INFO] - [1, 16, 21], []
[2025-01-29 13:10:49,369][__main__][INFO] - [1, 16, 22], []
[2025-01-29 13:10:49,392][__main__][INFO] - [1, 16, 23], []
[2025-01-29 13:10:49,427][__main__][INFO] - [1, 16, 24], []
[2025-01-29 13:10:49,479][__main__][INFO] - [1, 17], [16]
[2025-01-29 13:10:49,514][__main__][INFO] - [1, 18], [16]
[2025-01-29 13:10:49,594][__main__][INFO] - [1, 19], [16]
[2025-01-29 13:10:49,620][__main__][INFO] - [1, 20], [16]
[2025-01-29 13:10:49,646][__main__][INFO] - [1, 21], [16]
[2025-01-29 13:10:49,668][__main__][INFO] - [1, 22], [16]
[2025-01-29 13:10:49,691][__main__][INFO] - [1, 23], [16]
[2025-01-29 13:10:49,726][__main__][INFO] - [1, 24], [16]
[2025-01-29 13:10:49,793][__main__][INFO] - [2, 10, 16], []
[2025-01-29 13:10:49,872][__main__][INFO] - [2, 10], [16]
[2025-01-29 13:10:49,958][__main__][INFO] - [2, 10, 17], []
[2025-01-29 13:10:49,990][__main__][INFO] - [2, 10, 18], []
[2025-01-29 13:10:50,098][__main__][INFO] - [2, 10, 19], []
[2025-01-29 13:10:50,125][__main__][INFO] - [2, 10, 20], []
[2025-01-29 13:10:50,152][__main__][INFO] - [2, 10, 21], []
[2025-01-29 13:10:50,176][__main__][INFO] - [2, 10, 22], []
[2025-01-29 13:10:50,199][__main__][INFO] - [2, 10, 23], []
[2025-01-29 13:10:50,230][__main__][INFO] - [2, 10, 24], []
[2025-01-29 13:10:50,283][__main__][INFO] - [2, 11, 16], []
[2025-01-29 13:10:50,307][__main__][INFO] - [2, 11], [16]
[2025-01-29 13:10:50,347][__main__][INFO] - [2, 11, 18], []
[2025-01-29 13:10:50,373][__main__][INFO] - [2, 11, 19], []
[2025-01-29 13:10:50,442][__main__][INFO] - [2, 11, 23], []
[2025-01-29 13:10:50,510][__main__][INFO] - [2, 12, 16], []
[2025-01-29 13:10:50,542][__main__][INFO] - [2, 12], [16]
[2025-01-29 13:10:50,591][__main__][INFO] - [2, 12, 18], []
[2025-01-29 13:10:50,615][__main__][INFO] - [2, 12, 19], []
[2025-01-29 13:10:50,683][__main__][INFO] - [2, 12, 23], []
[2025-01-29 13:10:50,770][__main__][INFO] - [2, 13, 16], []
[2025-01-29 13:10:50,793][__main__][INFO] - [2, 13], [16]
[2025-01-29 13:10:50,831][__main__][INFO] - [2, 13, 18], []
[2025-01-29 13:10:50,869][__main__][INFO] - [2, 13, 20], []
[2025-01-29 13:10:50,922][__main__][INFO] - [2, 13, 23], []
[2025-01-29 13:10:50,990][__main__][INFO] - [2, 14, 16], []
[2025-01-29 13:10:51,012][__main__][INFO] - [2, 14], [16]
[2025-01-29 13:10:51,050][__main__][INFO] - [2, 14, 18], []
[2025-01-29 13:10:51,117][__main__][INFO] - [2, 14, 22], []
[2025-01-29 13:10:51,140][__main__][INFO] - [2, 14, 23], []
[2025-01-29 13:10:51,209][__main__][INFO] - [2, 15, 16], []
[2025-01-29 13:10:51,242][__main__][INFO] - [2, 15], [16]
[2025-01-29 13:10:51,281][__main__][INFO] - [2, 15, 17], []
[2025-01-29 13:10:51,313][__main__][INFO] - [2, 15, 18], []
[2025-01-29 13:10:51,350][__main__][INFO] - [2, 15, 19], []
[2025-01-29 13:10:51,373][__main__][INFO] - [2, 15, 20], []
[2025-01-29 13:10:51,396][__main__][INFO] - [2, 15, 21], []
[2025-01-29 13:10:51,434][__main__][INFO] - [2, 15, 23], []
[2025-01-29 13:10:51,457][__main__][INFO] - [2, 15, 24], []
[2025-01-29 13:10:51,510][__main__][INFO] - [2, 16, 17], []
[2025-01-29 13:10:51,540][__main__][INFO] - [2, 16, 18], []
[2025-01-29 13:10:51,608][__main__][INFO] - [2, 16, 19], []
[2025-01-29 13:10:51,633][__main__][INFO] - [2, 16, 20], []
[2025-01-29 13:10:51,657][__main__][INFO] - [2, 16, 21], []
[2025-01-29 13:10:51,680][__main__][INFO] - [2, 16, 22], []
[2025-01-29 13:10:51,703][__main__][INFO] - [2, 16, 23], []
[2025-01-29 13:10:51,739][__main__][INFO] - [2, 16, 24], []
[2025-01-29 13:10:51,792][__main__][INFO] - [2, 17], [16]
[2025-01-29 13:10:51,825][__main__][INFO] - [2, 18], [16]
[2025-01-29 13:10:51,904][__main__][INFO] - [2, 19], [16]
[2025-01-29 13:10:51,929][__main__][INFO] - [2, 20], [16]
[2025-01-29 13:10:51,954][__main__][INFO] - [2, 21], [16]
[2025-01-29 13:10:51,977][__main__][INFO] - [2, 22], [16]
[2025-01-29 13:10:52,000][__main__][INFO] - [2, 23], [16]
[2025-01-29 13:10:52,036][__main__][INFO] - [2, 24], [16]
[2025-01-29 13:10:52,104][__main__][INFO] - [3, 10, 16], []
[2025-01-29 13:10:52,163][__main__][INFO] - [3, 10], [16]
[2025-01-29 13:10:52,226][__main__][INFO] - [3, 10, 17], []
[2025-01-29 13:10:52,253][__main__][INFO] - [3, 10, 18], []
[2025-01-29 13:10:52,337][__main__][INFO] - [3, 10, 19], []
[2025-01-29 13:10:52,363][__main__][INFO] - [3, 10, 20], []
[2025-01-29 13:10:52,389][__main__][INFO] - [3, 10, 21], []
[2025-01-29 13:10:52,412][__main__][INFO] - [3, 10, 22], []
[2025-01-29 13:10:52,436][__main__][INFO] - [3, 10, 23], []
[2025-01-29 13:10:52,462][__main__][INFO] - [3, 10, 24], []
[2025-01-29 13:10:52,514][__main__][INFO] - [3, 11, 16], []
[2025-01-29 13:10:52,539][__main__][INFO] - [3, 11], [16]
[2025-01-29 13:10:52,579][__main__][INFO] - [3, 11, 18], []
[2025-01-29 13:10:52,604][__main__][INFO] - [3, 11, 19], []
[2025-01-29 13:10:52,673][__main__][INFO] - [3, 11, 23], []
[2025-01-29 13:10:52,741][__main__][INFO] - [3, 12, 16], []
[2025-01-29 13:10:52,774][__main__][INFO] - [3, 12], [16]
[2025-01-29 13:10:52,822][__main__][INFO] - [3, 12, 18], []
[2025-01-29 13:10:52,846][__main__][INFO] - [3, 12, 19], []
[2025-01-29 13:10:52,915][__main__][INFO] - [3, 12, 23], []
[2025-01-29 13:10:53,003][__main__][INFO] - [3, 13, 16], []
[2025-01-29 13:10:53,026][__main__][INFO] - [3, 13], [16]
[2025-01-29 13:10:53,064][__main__][INFO] - [3, 13, 18], []
[2025-01-29 13:10:53,102][__main__][INFO] - [3, 13, 20], []
[2025-01-29 13:10:53,156][__main__][INFO] - [3, 13, 23], []
[2025-01-29 13:10:53,223][__main__][INFO] - [3, 14, 16], []
[2025-01-29 13:10:53,246][__main__][INFO] - [3, 14], [16]
[2025-01-29 13:10:53,284][__main__][INFO] - [3, 14, 18], []
[2025-01-29 13:10:53,306][__main__][INFO] - [3, 14, 19], []
[2025-01-29 13:10:53,359][__main__][INFO] - [3, 14, 22], []
[2025-01-29 13:10:53,382][__main__][INFO] - [3, 14, 23], []
[2025-01-29 13:10:53,450][__main__][INFO] - [3, 15, 16], []
[2025-01-29 13:10:53,485][__main__][INFO] - [3, 15], [16]
[2025-01-29 13:10:53,523][__main__][INFO] - [3, 15, 17], []
[2025-01-29 13:10:53,556][__main__][INFO] - [3, 15, 18], []
[2025-01-29 13:10:53,594][__main__][INFO] - [3, 15, 19], []
[2025-01-29 13:10:53,617][__main__][INFO] - [3, 15, 20], []
[2025-01-29 13:10:53,640][__main__][INFO] - [3, 15, 21], []
[2025-01-29 13:10:53,678][__main__][INFO] - [3, 15, 23], []
[2025-01-29 13:10:53,701][__main__][INFO] - [3, 15, 24], []
[2025-01-29 13:10:53,754][__main__][INFO] - [3, 16, 17], []
[2025-01-29 13:10:53,782][__main__][INFO] - [3, 16, 18], []
[2025-01-29 13:10:53,841][__main__][INFO] - [3, 16, 19], []
[2025-01-29 13:10:53,865][__main__][INFO] - [3, 16, 20], []
[2025-01-29 13:10:53,889][__main__][INFO] - [3, 16, 21], []
[2025-01-29 13:10:53,912][__main__][INFO] - [3, 16, 22], []
[2025-01-29 13:10:53,935][__main__][INFO] - [3, 16, 23], []
[2025-01-29 13:10:53,969][__main__][INFO] - [3, 16, 24], []
[2025-01-29 13:10:54,021][__main__][INFO] - [3, 17], [16]
[2025-01-29 13:10:54,051][__main__][INFO] - [3, 18], [16]
[2025-01-29 13:10:54,116][__main__][INFO] - [3, 19], [16]
[2025-01-29 13:10:54,140][__main__][INFO] - [3, 20], [16]
[2025-01-29 13:10:54,164][__main__][INFO] - [3, 21], [16]
[2025-01-29 13:10:54,187][__main__][INFO] - [3, 22], [16]
[2025-01-29 13:10:54,210][__main__][INFO] - [3, 23], [16]
[2025-01-29 13:10:54,244][__main__][INFO] - [3, 24], [16]
[2025-01-29 13:10:54,311][__main__][INFO] - [4, 10, 16], []
[2025-01-29 13:10:54,381][__main__][INFO] - [4, 10], [16]
[2025-01-29 13:10:54,457][__main__][INFO] - [4, 10, 17], []
[2025-01-29 13:10:54,483][__main__][INFO] - [4, 10, 18], []
[2025-01-29 13:10:54,592][__main__][INFO] - [4, 10, 19], []
[2025-01-29 13:10:54,617][__main__][INFO] - [4, 10, 20], []
[2025-01-29 13:10:54,645][__main__][INFO] - [4, 10, 21], []
[2025-01-29 13:10:54,668][__main__][INFO] - [4, 10, 22], []
[2025-01-29 13:10:54,692][__main__][INFO] - [4, 10, 23], []
[2025-01-29 13:10:54,717][__main__][INFO] - [4, 10, 24], []
[2025-01-29 13:10:54,770][__main__][INFO] - [4, 11, 16], []
[2025-01-29 13:10:54,794][__main__][INFO] - [4, 11], [16]
[2025-01-29 13:10:54,834][__main__][INFO] - [4, 11, 18], []
[2025-01-29 13:10:54,860][__main__][INFO] - [4, 11, 19], []
[2025-01-29 13:10:54,883][__main__][INFO] - [4, 11, 20], []
[2025-01-29 13:10:54,936][__main__][INFO] - [4, 11, 23], []
[2025-01-29 13:10:55,004][__main__][INFO] - [4, 12, 16], []
[2025-01-29 13:10:55,040][__main__][INFO] - [4, 12], [16]
[2025-01-29 13:10:55,090][__main__][INFO] - [4, 12, 18], []
[2025-01-29 13:10:55,114][__main__][INFO] - [4, 12, 19], []
[2025-01-29 13:10:55,183][__main__][INFO] - [4, 12, 23], []
[2025-01-29 13:10:55,275][__main__][INFO] - [4, 13, 16], []
[2025-01-29 13:10:55,298][__main__][INFO] - [4, 13], [16]
[2025-01-29 13:10:55,336][__main__][INFO] - [4, 13, 18], []
[2025-01-29 13:10:55,374][__main__][INFO] - [4, 13, 20], []
[2025-01-29 13:10:55,427][__main__][INFO] - [4, 13, 23], []
[2025-01-29 13:10:55,496][__main__][INFO] - [4, 14, 16], []
[2025-01-29 13:10:55,519][__main__][INFO] - [4, 14], [16]
[2025-01-29 13:10:55,556][__main__][INFO] - [4, 14, 18], []
[2025-01-29 13:10:55,579][__main__][INFO] - [4, 14, 19], []
[2025-01-29 13:10:55,631][__main__][INFO] - [4, 14, 22], []
[2025-01-29 13:10:55,714][__main__][INFO] - [4, 15, 16], []
[2025-01-29 13:10:55,751][__main__][INFO] - [4, 15], [16]
[2025-01-29 13:10:55,793][__main__][INFO] - [4, 15, 17], []
[2025-01-29 13:10:55,829][__main__][INFO] - [4, 15, 18], []
[2025-01-29 13:10:55,870][__main__][INFO] - [4, 15, 19], []
[2025-01-29 13:10:55,893][__main__][INFO] - [4, 15, 20], []
[2025-01-29 13:10:55,916][__main__][INFO] - [4, 15, 21], []
[2025-01-29 13:10:55,954][__main__][INFO] - [4, 15, 23], []
[2025-01-29 13:10:55,977][__main__][INFO] - [4, 15, 24], []
[2025-01-29 13:10:56,029][__main__][INFO] - [4, 16, 17], []
[2025-01-29 13:10:56,059][__main__][INFO] - [4, 16, 18], []
[2025-01-29 13:10:56,130][__main__][INFO] - [4, 16, 19], []
[2025-01-29 13:10:56,154][__main__][INFO] - [4, 16, 20], []
[2025-01-29 13:10:56,179][__main__][INFO] - [4, 16, 21], []
[2025-01-29 13:10:56,202][__main__][INFO] - [4, 16, 22], []
[2025-01-29 13:10:56,225][__main__][INFO] - [4, 16, 23], []
[2025-01-29 13:10:56,262][__main__][INFO] - [4, 16, 24], []
[2025-01-29 13:10:56,316][__main__][INFO] - [4, 17], [16]
[2025-01-29 13:10:56,347][__main__][INFO] - [4, 18], [16]
[2025-01-29 13:10:56,428][__main__][INFO] - [4, 19], [16]
[2025-01-29 13:10:56,452][__main__][INFO] - [4, 20], [16]
[2025-01-29 13:10:56,477][__main__][INFO] - [4, 21], [16]
[2025-01-29 13:10:56,500][__main__][INFO] - [4, 22], [16]
[2025-01-29 13:10:56,523][__main__][INFO] - [4, 23], [16]
[2025-01-29 13:10:56,557][__main__][INFO] - [4, 24], [16]
[2025-01-29 13:10:56,625][__main__][INFO] - [5, 10, 16], []
[2025-01-29 13:10:56,694][__main__][INFO] - [5, 10], [16]
[2025-01-29 13:10:56,769][__main__][INFO] - [5, 10, 17], []
[2025-01-29 13:10:56,794][__main__][INFO] - [5, 10, 18], []
[2025-01-29 13:10:56,903][__main__][INFO] - [5, 10, 19], []
[2025-01-29 13:10:56,928][__main__][INFO] - [5, 10, 20], []
[2025-01-29 13:10:56,955][__main__][INFO] - [5, 10, 21], []
[2025-01-29 13:10:56,978][__main__][INFO] - [5, 10, 22], []
[2025-01-29 13:10:57,001][__main__][INFO] - [5, 10, 23], []
[2025-01-29 13:10:57,026][__main__][INFO] - [5, 10, 24], []
[2025-01-29 13:10:57,079][__main__][INFO] - [5, 11, 16], []
[2025-01-29 13:10:57,103][__main__][INFO] - [5, 11], [16]
[2025-01-29 13:10:57,143][__main__][INFO] - [5, 11, 18], []
[2025-01-29 13:10:57,171][__main__][INFO] - [5, 11, 19], []
[2025-01-29 13:10:57,300][__main__][INFO] - [5, 12, 16], []
[2025-01-29 13:10:57,333][__main__][INFO] - [5, 12], [16]
[2025-01-29 13:10:57,381][__main__][INFO] - [5, 12, 18], []
[2025-01-29 13:10:57,405][__main__][INFO] - [5, 12, 19], []
[2025-01-29 13:10:57,473][__main__][INFO] - [5, 12, 23], []
[2025-01-29 13:10:57,560][__main__][INFO] - [5, 13, 16], []
[2025-01-29 13:10:57,583][__main__][INFO] - [5, 13], [16]
[2025-01-29 13:10:57,621][__main__][INFO] - [5, 13, 18], []
[2025-01-29 13:10:57,659][__main__][INFO] - [5, 13, 20], []
[2025-01-29 13:10:57,712][__main__][INFO] - [5, 13, 23], []
[2025-01-29 13:10:57,780][__main__][INFO] - [5, 14, 16], []
[2025-01-29 13:10:57,803][__main__][INFO] - [5, 14], [16]
[2025-01-29 13:10:57,841][__main__][INFO] - [5, 14, 18], []
[2025-01-29 13:10:57,863][__main__][INFO] - [5, 14, 19], []
[2025-01-29 13:10:57,916][__main__][INFO] - [5, 14, 22], []
[2025-01-29 13:10:57,939][__main__][INFO] - [5, 14, 23], []
[2025-01-29 13:10:58,007][__main__][INFO] - [5, 15, 16], []
[2025-01-29 13:10:58,039][__main__][INFO] - [5, 15], [16]
[2025-01-29 13:10:58,073][__main__][INFO] - [5, 15, 17], []
[2025-01-29 13:10:58,103][__main__][INFO] - [5, 15, 18], []
[2025-01-29 13:10:58,138][__main__][INFO] - [5, 15, 19], []
[2025-01-29 13:10:58,161][__main__][INFO] - [5, 15, 20], []
[2025-01-29 13:10:58,183][__main__][INFO] - [5, 15, 21], []
[2025-01-29 13:10:58,221][__main__][INFO] - [5, 15, 23], []
[2025-01-29 13:10:58,244][__main__][INFO] - [5, 15, 24], []
[2025-01-29 13:10:58,297][__main__][INFO] - [5, 16, 17], []
[2025-01-29 13:10:58,323][__main__][INFO] - [5, 16, 18], []
[2025-01-29 13:10:58,392][__main__][INFO] - [5, 16, 19], []
[2025-01-29 13:10:58,415][__main__][INFO] - [5, 16, 20], []
[2025-01-29 13:10:58,440][__main__][INFO] - [5, 16, 21], []
[2025-01-29 13:10:58,463][__main__][INFO] - [5, 16, 22], []
[2025-01-29 13:10:58,486][__main__][INFO] - [5, 16, 23], []
[2025-01-29 13:10:58,519][__main__][INFO] - [5, 16, 24], []
[2025-01-29 13:10:58,572][__main__][INFO] - [5, 17], [16]
[2025-01-29 13:10:58,599][__main__][INFO] - [5, 18], [16]
[2025-01-29 13:10:58,676][__main__][INFO] - [5, 19], [16]
[2025-01-29 13:10:58,700][__main__][INFO] - [5, 20], [16]
[2025-01-29 13:10:58,725][__main__][INFO] - [5, 21], [16]
[2025-01-29 13:10:58,748][__main__][INFO] - [5, 22], [16]
[2025-01-29 13:10:58,770][__main__][INFO] - [5, 23], [16]
[2025-01-29 13:10:58,803][__main__][INFO] - [5, 24], [16]
[2025-01-29 13:10:58,870][__main__][INFO] - [6, 10, 16], []
[2025-01-29 13:10:58,911][__main__][INFO] - [6, 10], [16]
[2025-01-29 13:10:58,955][__main__][INFO] - [6, 10, 17], []
[2025-01-29 13:10:58,978][__main__][INFO] - [6, 10, 18], []
[2025-01-29 13:10:59,037][__main__][INFO] - [6, 10, 19], []
[2025-01-29 13:10:59,061][__main__][INFO] - [6, 10, 20], []
[2025-01-29 13:10:59,085][__main__][INFO] - [6, 10, 21], []
[2025-01-29 13:10:59,108][__main__][INFO] - [6, 10, 22], []
[2025-01-29 13:10:59,131][__main__][INFO] - [6, 10, 23], []
[2025-01-29 13:10:59,199][__main__][INFO] - [6, 11, 16], []
[2025-01-29 13:10:59,222][__main__][INFO] - [6, 11], [16]
[2025-01-29 13:10:59,261][__main__][INFO] - [6, 11, 18], []
[2025-01-29 13:10:59,404][__main__][INFO] - [6, 12, 16], []
[2025-01-29 13:10:59,430][__main__][INFO] - [6, 12], [16]
[2025-01-29 13:10:59,472][__main__][INFO] - [6, 12, 18], []
[2025-01-29 13:10:59,495][__main__][INFO] - [6, 12, 19], []
[2025-01-29 13:10:59,563][__main__][INFO] - [6, 12, 23], []
[2025-01-29 13:10:59,637][__main__][INFO] - [6, 13, 16], []
[2025-01-29 13:10:59,660][__main__][INFO] - [6, 13], [16]
[2025-01-29 13:10:59,698][__main__][INFO] - [6, 13, 18], []
[2025-01-29 13:10:59,736][__main__][INFO] - [6, 13, 20], []
[2025-01-29 13:10:59,864][__main__][INFO] - [6, 14], [16]
[2025-01-29 13:11:00,040][__main__][INFO] - [6, 15, 16], []
[2025-01-29 13:11:00,065][__main__][INFO] - [6, 15], [16]
[2025-01-29 13:11:00,091][__main__][INFO] - [6, 15, 17], []
[2025-01-29 13:11:00,115][__main__][INFO] - [6, 15, 18], []
[2025-01-29 13:11:00,141][__main__][INFO] - [6, 15, 19], []
[2025-01-29 13:11:00,165][__main__][INFO] - [6, 15, 20], []
[2025-01-29 13:11:00,218][__main__][INFO] - [6, 15, 23], []
[2025-01-29 13:11:00,286][__main__][INFO] - [6, 16, 17], []
[2025-01-29 13:11:00,309][__main__][INFO] - [6, 16, 18], []
[2025-01-29 13:11:00,350][__main__][INFO] - [6, 16, 19], []
[2025-01-29 13:11:00,372][__main__][INFO] - [6, 16, 20], []
[2025-01-29 13:11:00,396][__main__][INFO] - [6, 16, 21], []
[2025-01-29 13:11:00,419][__main__][INFO] - [6, 16, 22], []
[2025-01-29 13:11:00,442][__main__][INFO] - [6, 16, 23], []
[2025-01-29 13:11:00,512][__main__][INFO] - [6, 17], [16]
[2025-01-29 13:11:00,536][__main__][INFO] - [6, 18], [16]
[2025-01-29 13:11:00,581][__main__][INFO] - [6, 19], [16]
[2025-01-29 13:11:00,603][__main__][INFO] - [6, 20], [16]
[2025-01-29 13:11:00,626][__main__][INFO] - [6, 21], [16]
[2025-01-29 13:11:00,649][__main__][INFO] - [6, 22], [16]
[2025-01-29 13:11:00,672][__main__][INFO] - [6, 23], [16]
[2025-01-29 13:11:00,757][__main__][INFO] - [7, 10, 16], []
[2025-01-29 13:11:00,785][__main__][INFO] - [7, 10], [16]
[2025-01-29 13:11:00,815][__main__][INFO] - [7, 10, 17], []
[2025-01-29 13:11:00,838][__main__][INFO] - [7, 10, 18], []
[2025-01-29 13:11:00,873][__main__][INFO] - [7, 10, 19], []
[2025-01-29 13:11:00,896][__main__][INFO] - [7, 10, 20], []
[2025-01-29 13:11:00,919][__main__][INFO] - [7, 10, 21], []
[2025-01-29 13:11:00,957][__main__][INFO] - [7, 10, 23], []
[2025-01-29 13:11:01,025][__main__][INFO] - [7, 11, 16], []
[2025-01-29 13:11:01,047][__main__][INFO] - [7, 11], [16]
[2025-01-29 13:11:01,085][__main__][INFO] - [7, 11, 18], []
[2025-01-29 13:11:01,228][__main__][INFO] - [7, 12, 16], []
[2025-01-29 13:11:01,252][__main__][INFO] - [7, 12], [16]
[2025-01-29 13:11:01,290][__main__][INFO] - [7, 12, 18], []
[2025-01-29 13:11:01,313][__main__][INFO] - [7, 12, 19], []
[2025-01-29 13:11:01,381][__main__][INFO] - [7, 12, 23], []
[2025-01-29 13:11:01,465][__main__][INFO] - [7, 13], [16]
[2025-01-29 13:11:01,503][__main__][INFO] - [7, 13, 18], []
[2025-01-29 13:11:01,825][__main__][INFO] - [7, 15, 16], []
[2025-01-29 13:11:01,848][__main__][INFO] - [7, 15], [16]
[2025-01-29 13:11:01,871][__main__][INFO] - [7, 15, 17], []
[2025-01-29 13:11:01,893][__main__][INFO] - [7, 15, 18], []
[2025-01-29 13:11:01,916][__main__][INFO] - [7, 15, 19], []
[2025-01-29 13:11:02,044][__main__][INFO] - [7, 16, 17], []
[2025-01-29 13:11:02,066][__main__][INFO] - [7, 16, 18], []
[2025-01-29 13:11:02,094][__main__][INFO] - [7, 16, 19], []
[2025-01-29 13:11:02,116][__main__][INFO] - [7, 16, 20], []
[2025-01-29 13:11:02,139][__main__][INFO] - [7, 16, 21], []
[2025-01-29 13:11:02,176][__main__][INFO] - [7, 16, 23], []
[2025-01-29 13:11:02,244][__main__][INFO] - [7, 17], [16]
[2025-01-29 13:11:02,267][__main__][INFO] - [7, 18], [16]
[2025-01-29 13:11:02,297][__main__][INFO] - [7, 19], [16]
[2025-01-29 13:11:02,319][__main__][INFO] - [7, 20], [16]
[2025-01-29 13:11:02,342][__main__][INFO] - [7, 21], [16]
[2025-01-29 13:11:02,379][__main__][INFO] - [7, 23], [16]
[2025-01-29 13:11:02,462][__main__][INFO] - [8, 10, 16], []
[2025-01-29 13:11:02,486][__main__][INFO] - [8, 10], [16]
[2025-01-29 13:11:02,525][__main__][INFO] - [8, 10, 18], []
[2025-01-29 13:11:02,549][__main__][INFO] - [8, 10, 19], []
[2025-01-29 13:11:02,572][__main__][INFO] - [8, 10, 20], []
[2025-01-29 13:11:02,625][__main__][INFO] - [8, 10, 23], []
[2025-01-29 13:11:02,692][__main__][INFO] - [8, 11, 16], []
[2025-01-29 13:11:02,715][__main__][INFO] - [8, 11], [16]
[2025-01-29 13:11:02,753][__main__][INFO] - [8, 11, 18], []
[2025-01-29 13:11:02,895][__main__][INFO] - [8, 12, 16], []
[2025-01-29 13:11:02,918][__main__][INFO] - [8, 12], [16]
[2025-01-29 13:11:02,955][__main__][INFO] - [8, 12, 18], []
[2025-01-29 13:11:03,038][__main__][INFO] - [8, 12, 23], []
[2025-01-29 13:11:03,135][__main__][INFO] - [8, 15, 16], []
[2025-01-29 13:11:03,158][__main__][INFO] - [8, 15], [16]
[2025-01-29 13:11:03,196][__main__][INFO] - [8, 15, 18], []
[2025-01-29 13:11:03,353][__main__][INFO] - [8, 16, 18], []
[2025-01-29 13:11:03,377][__main__][INFO] - [8, 16, 19], []
[2025-01-29 13:11:03,399][__main__][INFO] - [8, 16, 20], []
[2025-01-29 13:11:03,452][__main__][INFO] - [8, 16, 23], []
[2025-01-29 13:11:03,519][__main__][INFO] - [8, 17], [16]
[2025-01-29 13:11:03,542][__main__][INFO] - [8, 18], [16]
[2025-01-29 13:11:03,565][__main__][INFO] - [8, 19], [16]
[2025-01-29 13:11:03,588][__main__][INFO] - [8, 20], [16]
[2025-01-29 13:11:03,640][__main__][INFO] - [8, 23], [16]
[2025-01-29 13:11:03,722][__main__][INFO] - [9, 10, 16], []
[2025-01-29 13:11:03,745][__main__][INFO] - [9, 10], [16]
[2025-01-29 13:11:03,783][__main__][INFO] - [9, 10, 18], []
[2025-01-29 13:11:04,180][__main__][INFO] - [9, 16, 18], []
[2025-01-29 13:11:04,337][__main__][INFO] - [9, 18], [16]
[2025-01-29 13:11:04,494][__main__][INFO] - [10, 16, 17], []
[2025-01-29 13:11:04,539][__main__][INFO] - [10, 16, 18], []
[2025-01-29 13:11:04,817][__main__][INFO] - [10, 16, 19], []
[2025-01-29 13:11:04,852][__main__][INFO] - [10, 16, 20], []
[2025-01-29 13:11:04,889][__main__][INFO] - [10, 16, 21], []
[2025-01-29 13:11:04,913][__main__][INFO] - [10, 16, 22], []
[2025-01-29 13:11:04,936][__main__][INFO] - [10, 16, 23], []
[2025-01-29 13:11:04,977][__main__][INFO] - [10, 16, 24], []
[2025-01-29 13:11:05,030][__main__][INFO] - [10, 17], [16]
[2025-01-29 13:11:05,077][__main__][INFO] - [10, 18], [16]
[2025-01-29 13:11:05,387][__main__][INFO] - [10, 19], [16]
[2025-01-29 13:11:05,423][__main__][INFO] - [10, 20], [16]
[2025-01-29 13:11:05,459][__main__][INFO] - [10, 21], [16]
[2025-01-29 13:11:05,483][__main__][INFO] - [10, 22], [16]
[2025-01-29 13:11:05,506][__main__][INFO] - [10, 23], [16]
[2025-01-29 13:11:05,546][__main__][INFO] - [10, 24], [16]
[2025-01-29 13:11:05,614][__main__][INFO] - [11, 16, 17], []
[2025-01-29 13:11:05,636][__main__][INFO] - [11, 16, 18], []
[2025-01-29 13:11:05,666][__main__][INFO] - [11, 16, 19], []
[2025-01-29 13:11:05,688][__main__][INFO] - [11, 16, 20], []
[2025-01-29 13:11:05,741][__main__][INFO] - [11, 16, 23], []
[2025-01-29 13:11:05,809][__main__][INFO] - [11, 17], [16]
[2025-01-29 13:11:05,831][__main__][INFO] - [11, 18], [16]
[2025-01-29 13:11:05,863][__main__][INFO] - [11, 19], [16]
[2025-01-29 13:11:05,885][__main__][INFO] - [11, 20], [16]
[2025-01-29 13:11:05,937][__main__][INFO] - [11, 23], [16]
[2025-01-29 13:11:06,019][__main__][INFO] - [12, 16, 17], []
[2025-01-29 13:11:06,041][__main__][INFO] - [12, 16, 18], []
[2025-01-29 13:11:06,066][__main__][INFO] - [12, 16, 19], []
[2025-01-29 13:11:06,133][__main__][INFO] - [12, 16, 23], []
[2025-01-29 13:11:06,254][__main__][INFO] - [12, 17], [16]
[2025-01-29 13:11:06,277][__main__][INFO] - [12, 18], [16]
[2025-01-29 13:11:06,303][__main__][INFO] - [12, 19], [16]
[2025-01-29 13:11:06,371][__main__][INFO] - [12, 23], [16]
[2025-01-29 13:11:06,519][__main__][INFO] - [13, 16, 18], []
[2025-01-29 13:11:06,542][__main__][INFO] - [13, 16, 19], []
[2025-01-29 13:11:06,564][__main__][INFO] - [13, 16, 20], []
[2025-01-29 13:11:06,617][__main__][INFO] - [13, 16, 23], []
[2025-01-29 13:11:06,700][__main__][INFO] - [13, 18], [16]
[2025-01-29 13:11:06,724][__main__][INFO] - [13, 19], [16]
[2025-01-29 13:11:06,746][__main__][INFO] - [13, 20], [16]
[2025-01-29 13:11:06,799][__main__][INFO] - [13, 23], [16]
[2025-01-29 13:11:06,896][__main__][INFO] - [14, 16, 18], []
[2025-01-29 13:11:06,918][__main__][INFO] - [14, 16, 19], []
[2025-01-29 13:11:06,970][__main__][INFO] - [14, 16, 22], []
[2025-01-29 13:11:06,993][__main__][INFO] - [14, 16, 23], []
[2025-01-29 13:11:07,075][__main__][INFO] - [14, 18], [16]
[2025-01-29 13:11:07,097][__main__][INFO] - [14, 19], [16]
[2025-01-29 13:11:07,149][__main__][INFO] - [14, 22], [16]
[2025-01-29 13:11:07,171][__main__][INFO] - [14, 23], [16]
[2025-01-29 13:11:07,253][__main__][INFO] - [15, 16, 17], []
[2025-01-29 13:11:07,295][__main__][INFO] - [15, 16, 18], []
[2025-01-29 13:11:07,349][__main__][INFO] - [15, 16, 19], []
[2025-01-29 13:11:07,372][__main__][INFO] - [15, 16, 20], []
[2025-01-29 13:11:07,394][__main__][INFO] - [15, 16, 21], []
[2025-01-29 13:11:07,432][__main__][INFO] - [15, 16, 23], []
[2025-01-29 13:11:07,454][__main__][INFO] - [15, 16, 24], []
[2025-01-29 13:11:07,507][__main__][INFO] - [15, 17], [16]
[2025-01-29 13:11:07,558][__main__][INFO] - [15, 18], [16]
[2025-01-29 13:11:07,623][__main__][INFO] - [15, 19], [16]
[2025-01-29 13:11:07,645][__main__][INFO] - [15, 20], [16]
[2025-01-29 13:11:07,667][__main__][INFO] - [15, 21], [16]
[2025-01-29 13:11:07,704][__main__][INFO] - [15, 23], [16]
[2025-01-29 13:11:07,727][__main__][INFO] - [15, 24], [16]
[2025-01-29 23:40:30,136][__main__][INFO] - In total, there are 1229 possible subgroups
[2025-01-29 23:40:30,165][__main__][INFO] - [0], []
[2025-01-29 23:40:30,336][__main__][INFO] - [1], []
[2025-01-29 23:40:30,555][__main__][INFO] - [2], []
[2025-01-29 23:40:30,765][__main__][INFO] - [3], []
[2025-01-29 23:40:30,932][__main__][INFO] - [4], []
[2025-01-29 23:40:31,132][__main__][INFO] - [5], []
[2025-01-29 23:40:31,310][__main__][INFO] - [6], []
[2025-01-29 23:40:31,389][__main__][INFO] - [7], []
[2025-01-29 23:40:31,424][__main__][INFO] - [8], []
[2025-01-29 23:40:31,445][__main__][INFO] - [9], []
[2025-01-29 23:40:31,463][__main__][INFO] - [10], []
[2025-01-29 23:40:32,291][__main__][INFO] - [11], []
[2025-01-29 23:40:32,330][__main__][INFO] - [12], []
[2025-01-29 23:40:32,478][__main__][INFO] - [13], []
[2025-01-29 23:40:32,500][__main__][INFO] - [14], []
[2025-01-29 23:40:32,519][__main__][INFO] - [15], []
[2025-01-29 23:40:32,696][__main__][INFO] - [16], []
[2025-01-29 23:40:33,246][__main__][INFO] - [], [16]
[2025-01-29 23:40:33,855][__main__][INFO] - [17], []
[2025-01-29 23:40:33,982][__main__][INFO] - [18], []
[2025-01-29 23:40:34,705][__main__][INFO] - [19], []
[2025-01-29 23:40:34,756][__main__][INFO] - [20], []
[2025-01-29 23:40:34,808][__main__][INFO] - [21], []
[2025-01-29 23:40:34,830][__main__][INFO] - [22], []
[2025-01-29 23:40:34,849][__main__][INFO] - [23], []
[2025-01-29 23:40:35,027][__main__][INFO] - [24], []
[2025-01-29 23:40:35,046][__main__][INFO] - [25], []
[2025-01-29 23:40:35,095][__main__][INFO] - [0, 10], []
[2025-01-29 23:40:35,248][__main__][INFO] - [0, 11], []
[2025-01-29 23:40:35,270][__main__][INFO] - [0, 12], []
[2025-01-29 23:40:35,296][__main__][INFO] - [0, 13], []
[2025-01-29 23:40:35,316][__main__][INFO] - [0, 14], []
[2025-01-29 23:40:35,336][__main__][INFO] - [0, 15], []
[2025-01-29 23:40:35,364][__main__][INFO] - [0, 16], []
[2025-01-29 23:40:35,454][__main__][INFO] - [0], [16]
[2025-01-29 23:40:35,546][__main__][INFO] - [0, 17], []
[2025-01-29 23:40:35,584][__main__][INFO] - [0, 18], []
[2025-01-29 23:40:35,694][__main__][INFO] - [0, 19], []
[2025-01-29 23:40:35,723][__main__][INFO] - [0, 20], []
[2025-01-29 23:40:35,748][__main__][INFO] - [0, 21], []
[2025-01-29 23:40:35,769][__main__][INFO] - [0, 22], []
[2025-01-29 23:40:35,792][__main__][INFO] - [0, 23], []
[2025-01-29 23:40:35,827][__main__][INFO] - [0, 24], []
[2025-01-29 23:40:35,876][__main__][INFO] - [1, 10], []
[2025-01-29 23:40:36,053][__main__][INFO] - [1, 11], []
[2025-01-29 23:40:36,076][__main__][INFO] - [1, 12], []
[2025-01-29 23:40:36,110][__main__][INFO] - [1, 13], []
[2025-01-29 23:40:36,131][__main__][INFO] - [1, 14], []
[2025-01-29 23:40:36,152][__main__][INFO] - [1, 15], []
[2025-01-29 23:40:36,188][__main__][INFO] - [1, 16], []
[2025-01-29 23:40:36,297][__main__][INFO] - [1], [16]
[2025-01-29 23:40:36,414][__main__][INFO] - [1, 17], []
[2025-01-29 23:40:36,458][__main__][INFO] - [1, 18], []
[2025-01-29 23:40:36,590][__main__][INFO] - [1, 19], []
[2025-01-29 23:40:36,618][__main__][INFO] - [1, 20], []
[2025-01-29 23:40:36,645][__main__][INFO] - [1, 21], []
[2025-01-29 23:40:36,665][__main__][INFO] - [1, 22], []
[2025-01-29 23:40:36,686][__main__][INFO] - [1, 23], []
[2025-01-29 23:40:36,731][__main__][INFO] - [1, 24], []
[2025-01-29 23:40:36,780][__main__][INFO] - [2, 10], []
[2025-01-29 23:40:36,921][__main__][INFO] - [2, 11], []
[2025-01-29 23:40:36,945][__main__][INFO] - [2, 12], []
[2025-01-29 23:40:36,987][__main__][INFO] - [2, 13], []
[2025-01-29 23:40:37,008][__main__][INFO] - [2, 14], []
[2025-01-29 23:40:37,028][__main__][INFO] - [2, 15], []
[2025-01-29 23:40:37,076][__main__][INFO] - [2, 16], []
[2025-01-29 23:40:37,176][__main__][INFO] - [2], [16]
[2025-01-29 23:40:37,291][__main__][INFO] - [2, 17], []
[2025-01-29 23:40:37,330][__main__][INFO] - [2, 18], []
[2025-01-29 23:40:37,459][__main__][INFO] - [2, 19], []
[2025-01-29 23:40:37,484][__main__][INFO] - [2, 20], []
[2025-01-29 23:40:37,510][__main__][INFO] - [2, 21], []
[2025-01-29 23:40:37,531][__main__][INFO] - [2, 22], []
[2025-01-29 23:40:37,551][__main__][INFO] - [2, 23], []
[2025-01-29 23:40:37,599][__main__][INFO] - [2, 24], []
[2025-01-29 23:40:37,648][__main__][INFO] - [3, 10], []
[2025-01-29 23:40:37,748][__main__][INFO] - [3, 11], []
[2025-01-29 23:40:37,772][__main__][INFO] - [3, 12], []
[2025-01-29 23:40:37,813][__main__][INFO] - [3, 13], []
[2025-01-29 23:40:37,834][__main__][INFO] - [3, 14], []
[2025-01-29 23:40:37,855][__main__][INFO] - [3, 15], []
[2025-01-29 23:40:37,903][__main__][INFO] - [3, 16], []
[2025-01-29 23:40:37,986][__main__][INFO] - [3], [16]
[2025-01-29 23:40:38,079][__main__][INFO] - [3, 17], []
[2025-01-29 23:40:38,114][__main__][INFO] - [3, 18], []
[2025-01-29 23:40:38,216][__main__][INFO] - [3, 19], []
[2025-01-29 23:40:38,240][__main__][INFO] - [3, 20], []
[2025-01-29 23:40:38,265][__main__][INFO] - [3, 21], []
[2025-01-29 23:40:38,285][__main__][INFO] - [3, 22], []
[2025-01-29 23:40:38,306][__main__][INFO] - [3, 23], []
[2025-01-29 23:40:38,349][__main__][INFO] - [3, 24], []
[2025-01-29 23:40:38,398][__main__][INFO] - [4, 10], []
[2025-01-29 23:40:38,523][__main__][INFO] - [4, 11], []
[2025-01-29 23:40:38,547][__main__][INFO] - [4, 12], []
[2025-01-29 23:40:38,593][__main__][INFO] - [4, 13], []
[2025-01-29 23:40:38,614][__main__][INFO] - [4, 14], []
[2025-01-29 23:40:38,635][__main__][INFO] - [4, 15], []
[2025-01-29 23:40:38,690][__main__][INFO] - [4, 16], []
[2025-01-29 23:40:38,790][__main__][INFO] - [4], [16]
[2025-01-29 23:40:38,902][__main__][INFO] - [4, 17], []
[2025-01-29 23:40:38,939][__main__][INFO] - [4, 18], []
[2025-01-29 23:40:39,070][__main__][INFO] - [4, 19], []
[2025-01-29 23:40:39,094][__main__][INFO] - [4, 20], []
[2025-01-29 23:40:39,120][__main__][INFO] - [4, 21], []
[2025-01-29 23:40:39,141][__main__][INFO] - [4, 22], []
[2025-01-29 23:40:39,161][__main__][INFO] - [4, 23], []
[2025-01-29 23:40:39,208][__main__][INFO] - [4, 24], []
[2025-01-29 23:40:39,258][__main__][INFO] - [5, 10], []
[2025-01-29 23:40:39,379][__main__][INFO] - [5, 11], []
[2025-01-29 23:40:39,403][__main__][INFO] - [5, 12], []
[2025-01-29 23:40:39,444][__main__][INFO] - [5, 13], []
[2025-01-29 23:40:39,465][__main__][INFO] - [5, 14], []
[2025-01-29 23:40:39,486][__main__][INFO] - [5, 15], []
[2025-01-29 23:40:39,528][__main__][INFO] - [5, 16], []
[2025-01-29 23:40:39,618][__main__][INFO] - [5], [16]
[2025-01-29 23:40:39,718][__main__][INFO] - [5, 17], []
[2025-01-29 23:40:39,748][__main__][INFO] - [5, 18], []
[2025-01-29 23:40:39,874][__main__][INFO] - [5, 19], []
[2025-01-29 23:40:39,897][__main__][INFO] - [5, 20], []
[2025-01-29 23:40:39,922][__main__][INFO] - [5, 21], []
[2025-01-29 23:40:39,943][__main__][INFO] - [5, 22], []
[2025-01-29 23:40:39,963][__main__][INFO] - [5, 23], []
[2025-01-29 23:40:40,004][__main__][INFO] - [5, 24], []
[2025-01-29 23:40:40,054][__main__][INFO] - [6, 10], []
[2025-01-29 23:40:40,116][__main__][INFO] - [6, 11], []
[2025-01-29 23:40:40,137][__main__][INFO] - [6, 12], []
[2025-01-29 23:40:40,165][__main__][INFO] - [6, 13], []
[2025-01-29 23:40:40,185][__main__][INFO] - [6, 14], []
[2025-01-29 23:40:40,206][__main__][INFO] - [6, 15], []
[2025-01-29 23:40:40,232][__main__][INFO] - [6, 16], []
[2025-01-29 23:40:40,277][__main__][INFO] - [6], [16]
[2025-01-29 23:40:40,328][__main__][INFO] - [6, 17], []
[2025-01-29 23:40:40,350][__main__][INFO] - [6, 18], []
[2025-01-29 23:40:40,414][__main__][INFO] - [6, 19], []
[2025-01-29 23:40:40,435][__main__][INFO] - [6, 20], []
[2025-01-29 23:40:40,457][__main__][INFO] - [6, 21], []
[2025-01-29 23:40:40,477][__main__][INFO] - [6, 22], []
[2025-01-29 23:40:40,497][__main__][INFO] - [6, 23], []
[2025-01-29 23:40:40,524][__main__][INFO] - [6, 24], []
[2025-01-29 23:40:40,573][__main__][INFO] - [7, 10], []
[2025-01-29 23:40:40,606][__main__][INFO] - [7, 11], []
[2025-01-29 23:40:40,627][__main__][INFO] - [7, 12], []
[2025-01-29 23:40:40,649][__main__][INFO] - [7, 13], []
[2025-01-29 23:40:40,668][__main__][INFO] - [7, 14], []
[2025-01-29 23:40:40,689][__main__][INFO] - [7, 15], []
[2025-01-29 23:40:40,710][__main__][INFO] - [7, 16], []
[2025-01-29 23:40:40,737][__main__][INFO] - [7], [16]
[2025-01-29 23:40:40,766][__main__][INFO] - [7, 17], []
[2025-01-29 23:40:40,787][__main__][INFO] - [7, 18], []
[2025-01-29 23:40:40,824][__main__][INFO] - [7, 19], []
[2025-01-29 23:40:40,855][__main__][INFO] - [7, 20], []
[2025-01-29 23:40:40,876][__main__][INFO] - [7, 21], []
[2025-01-29 23:40:40,910][__main__][INFO] - [7, 23], []
[2025-01-29 23:40:40,976][__main__][INFO] - [8, 10], []
[2025-01-29 23:40:40,999][__main__][INFO] - [8, 11], []
[2025-01-29 23:40:41,019][__main__][INFO] - [8, 12], []
[2025-01-29 23:40:41,068][__main__][INFO] - [8, 15], []
[2025-01-29 23:40:41,089][__main__][INFO] - [8, 16], []
[2025-01-29 23:40:41,110][__main__][INFO] - [8], [16]
[2025-01-29 23:40:41,132][__main__][INFO] - [8, 17], []
[2025-01-29 23:40:41,153][__main__][INFO] - [8, 18], []
[2025-01-29 23:40:41,175][__main__][INFO] - [8, 19], []
[2025-01-29 23:40:41,195][__main__][INFO] - [8, 20], []
[2025-01-29 23:40:41,245][__main__][INFO] - [8, 23], []
[2025-01-29 23:40:41,309][__main__][INFO] - [9, 10], []
[2025-01-29 23:40:41,344][__main__][INFO] - [9, 12], []
[2025-01-29 23:40:41,408][__main__][INFO] - [9, 16], []
[2025-01-29 23:40:41,428][__main__][INFO] - [9], [16]
[2025-01-29 23:40:41,463][__main__][INFO] - [9, 18], []
[2025-01-29 23:40:41,543][__main__][INFO] - [9, 23], []
[2025-01-29 23:40:41,607][__main__][INFO] - [10, 16], []
[2025-01-29 23:40:41,984][__main__][INFO] - [10], [16]
[2025-01-29 23:40:42,392][__main__][INFO] - [10, 17], []
[2025-01-29 23:40:42,464][__main__][INFO] - [10, 18], []
[2025-01-29 23:40:43,049][__main__][INFO] - [10, 19], []
[2025-01-29 23:40:43,096][__main__][INFO] - [10, 20], []
[2025-01-29 23:40:43,147][__main__][INFO] - [10, 21], []
[2025-01-29 23:40:43,171][__main__][INFO] - [10, 22], []
[2025-01-29 23:40:43,192][__main__][INFO] - [10, 23], []
[2025-01-29 23:40:43,251][__main__][INFO] - [10, 24], []
[2025-01-29 23:40:43,272][__main__][INFO] - [10, 25], []
[2025-01-29 23:40:43,306][__main__][INFO] - [11, 16], []
[2025-01-29 23:40:43,334][__main__][INFO] - [11], [16]
[2025-01-29 23:40:43,365][__main__][INFO] - [11, 17], []
[2025-01-29 23:40:43,385][__main__][INFO] - [11, 18], []
[2025-01-29 23:40:43,424][__main__][INFO] - [11, 19], []
[2025-01-29 23:40:43,444][__main__][INFO] - [11, 20], []
[2025-01-29 23:40:43,494][__main__][INFO] - [11, 23], []
[2025-01-29 23:40:43,558][__main__][INFO] - [12, 16], []
[2025-01-29 23:40:43,637][__main__][INFO] - [12], [16]
[2025-01-29 23:40:43,717][__main__][INFO] - [12, 17], []
[2025-01-29 23:40:43,738][__main__][INFO] - [12, 18], []
[2025-01-29 23:40:43,766][__main__][INFO] - [12, 19], []
[2025-01-29 23:40:43,788][__main__][INFO] - [12, 20], []
[2025-01-29 23:40:43,838][__main__][INFO] - [12, 23], []
[2025-01-29 23:40:44,012][__main__][INFO] - [13, 16], []
[2025-01-29 23:40:44,034][__main__][INFO] - [13], [16]
[2025-01-29 23:40:44,056][__main__][INFO] - [13, 17], []
[2025-01-29 23:40:44,076][__main__][INFO] - [13, 18], []
[2025-01-29 23:40:44,097][__main__][INFO] - [13, 19], []
[2025-01-29 23:40:44,117][__main__][INFO] - [13, 20], []
[2025-01-29 23:40:44,168][__main__][INFO] - [13, 23], []
[2025-01-29 23:40:44,232][__main__][INFO] - [14, 16], []
[2025-01-29 23:40:44,253][__main__][INFO] - [14], [16]
[2025-01-29 23:40:44,288][__main__][INFO] - [14, 18], []
[2025-01-29 23:40:44,308][__main__][INFO] - [14, 19], []
[2025-01-29 23:40:44,358][__main__][INFO] - [14, 22], []
[2025-01-29 23:40:44,378][__main__][INFO] - [14, 23], []
[2025-01-29 23:40:44,442][__main__][INFO] - [15, 16], []
[2025-01-29 23:40:44,521][__main__][INFO] - [15], [16]
[2025-01-29 23:40:44,624][__main__][INFO] - [15, 17], []
[2025-01-29 23:40:44,695][__main__][INFO] - [15, 18], []
[2025-01-29 23:40:44,796][__main__][INFO] - [15, 19], []
[2025-01-29 23:40:44,818][__main__][INFO] - [15, 20], []
[2025-01-29 23:40:44,839][__main__][INFO] - [15, 21], []
[2025-01-29 23:40:44,860][__main__][INFO] - [15, 22], []
[2025-01-29 23:40:44,880][__main__][INFO] - [15, 23], []
[2025-01-29 23:40:44,900][__main__][INFO] - [15, 24], []
[2025-01-29 23:40:44,949][__main__][INFO] - [16, 17], []
[2025-01-29 23:40:45,013][__main__][INFO] - [16, 18], []
[2025-01-29 23:40:45,336][__main__][INFO] - [16, 19], []
[2025-01-29 23:40:45,372][__main__][INFO] - [16, 20], []
[2025-01-29 23:40:45,408][__main__][INFO] - [16, 21], []
[2025-01-29 23:40:45,430][__main__][INFO] - [16, 22], []
[2025-01-29 23:40:45,450][__main__][INFO] - [16, 23], []
[2025-01-29 23:40:45,544][__main__][INFO] - [16, 24], []
[2025-01-29 23:40:45,594][__main__][INFO] - [17], [16]
[2025-01-29 23:40:45,669][__main__][INFO] - [18], [16]
[2025-01-29 23:40:46,045][__main__][INFO] - [19], [16]
[2025-01-29 23:40:46,080][__main__][INFO] - [20], [16]
[2025-01-29 23:40:46,115][__main__][INFO] - [21], [16]
[2025-01-29 23:40:46,137][__main__][INFO] - [22], [16]
[2025-01-29 23:40:46,157][__main__][INFO] - [23], [16]
[2025-01-29 23:40:46,249][__main__][INFO] - [24], [16]
[2025-01-29 23:40:46,327][__main__][INFO] - [0, 10, 16], []
[2025-01-29 23:40:46,410][__main__][INFO] - [0, 10], [16]
[2025-01-29 23:40:46,495][__main__][INFO] - [0, 10, 17], []
[2025-01-29 23:40:46,533][__main__][INFO] - [0, 10, 18], []
[2025-01-29 23:40:46,633][__main__][INFO] - [0, 10, 19], []
[2025-01-29 23:40:46,663][__main__][INFO] - [0, 10, 20], []
[2025-01-29 23:40:46,690][__main__][INFO] - [0, 10, 21], []
[2025-01-29 23:40:46,714][__main__][INFO] - [0, 10, 22], []
[2025-01-29 23:40:46,736][__main__][INFO] - [0, 10, 23], []
[2025-01-29 23:40:46,768][__main__][INFO] - [0, 10, 24], []
[2025-01-29 23:40:46,821][__main__][INFO] - [0, 11, 16], []
[2025-01-29 23:40:46,844][__main__][INFO] - [0, 11], [16]
[2025-01-29 23:40:46,882][__main__][INFO] - [0, 11, 18], []
[2025-01-29 23:40:46,906][__main__][INFO] - [0, 11, 19], []
[2025-01-29 23:40:46,973][__main__][INFO] - [0, 11, 23], []
[2025-01-29 23:40:47,040][__main__][INFO] - [0, 12, 16], []
[2025-01-29 23:40:47,065][__main__][INFO] - [0, 12], [16]
[2025-01-29 23:40:47,106][__main__][INFO] - [0, 12, 18], []
[2025-01-29 23:40:47,129][__main__][INFO] - [0, 12, 19], []
[2025-01-29 23:40:47,197][__main__][INFO] - [0, 12, 23], []
[2025-01-29 23:40:47,269][__main__][INFO] - [0, 13, 16], []
[2025-01-29 23:40:47,292][__main__][INFO] - [0, 13], [16]
[2025-01-29 23:40:47,330][__main__][INFO] - [0, 13, 18], []
[2025-01-29 23:40:47,367][__main__][INFO] - [0, 13, 20], []
[2025-01-29 23:40:47,479][__main__][INFO] - [0, 14, 16], []
[2025-01-29 23:40:47,500][__main__][INFO] - [0, 14], [16]
[2025-01-29 23:40:47,538][__main__][INFO] - [0, 14, 18], []
[2025-01-29 23:40:47,605][__main__][INFO] - [0, 14, 22], []
[2025-01-29 23:40:47,687][__main__][INFO] - [0, 15, 16], []
[2025-01-29 23:40:47,713][__main__][INFO] - [0, 15], [16]
[2025-01-29 23:40:47,739][__main__][INFO] - [0, 15, 17], []
[2025-01-29 23:40:47,764][__main__][INFO] - [0, 15, 18], []
[2025-01-29 23:40:47,790][__main__][INFO] - [0, 15, 19], []
[2025-01-29 23:40:47,813][__main__][INFO] - [0, 15, 20], []
[2025-01-29 23:40:47,836][__main__][INFO] - [0, 15, 21], []
[2025-01-29 23:40:47,873][__main__][INFO] - [0, 15, 23], []
[2025-01-29 23:40:47,940][__main__][INFO] - [0, 16, 17], []
[2025-01-29 23:40:47,970][__main__][INFO] - [0, 16, 18], []
[2025-01-29 23:40:48,032][__main__][INFO] - [0, 16, 19], []
[2025-01-29 23:40:48,058][__main__][INFO] - [0, 16, 20], []
[2025-01-29 23:40:48,083][__main__][INFO] - [0, 16, 21], []
[2025-01-29 23:40:48,106][__main__][INFO] - [0, 16, 22], []
[2025-01-29 23:40:48,127][__main__][INFO] - [0, 16, 23], []
[2025-01-29 23:40:48,156][__main__][INFO] - [0, 16, 24], []
[2025-01-29 23:40:48,208][__main__][INFO] - [0, 17], [16]
[2025-01-29 23:40:48,239][__main__][INFO] - [0, 18], [16]
[2025-01-29 23:40:48,303][__main__][INFO] - [0, 19], [16]
[2025-01-29 23:40:48,329][__main__][INFO] - [0, 20], [16]
[2025-01-29 23:40:48,354][__main__][INFO] - [0, 21], [16]
[2025-01-29 23:40:48,377][__main__][INFO] - [0, 22], [16]
[2025-01-29 23:40:48,400][__main__][INFO] - [0, 23], [16]
[2025-01-29 23:40:48,429][__main__][INFO] - [0, 24], [16]
[2025-01-29 23:40:48,496][__main__][INFO] - [1, 10, 16], []
[2025-01-29 23:40:48,588][__main__][INFO] - [1, 10], [16]
[2025-01-29 23:40:48,686][__main__][INFO] - [1, 10, 17], []
[2025-01-29 23:40:48,725][__main__][INFO] - [1, 10, 18], []
[2025-01-29 23:40:48,842][__main__][INFO] - [1, 10, 19], []
[2025-01-29 23:40:48,872][__main__][INFO] - [1, 10, 20], []
[2025-01-29 23:40:48,901][__main__][INFO] - [1, 10, 21], []
[2025-01-29 23:40:48,925][__main__][INFO] - [1, 10, 22], []
[2025-01-29 23:40:48,948][__main__][INFO] - [1, 10, 23], []
[2025-01-29 23:40:48,982][__main__][INFO] - [1, 10, 24], []
[2025-01-29 23:40:49,034][__main__][INFO] - [1, 11, 16], []
[2025-01-29 23:40:49,058][__main__][INFO] - [1, 11], [16]
[2025-01-29 23:40:49,097][__main__][INFO] - [1, 11, 18], []
[2025-01-29 23:40:49,123][__main__][INFO] - [1, 11, 19], []
[2025-01-29 23:40:49,146][__main__][INFO] - [1, 11, 20], []
[2025-01-29 23:40:49,199][__main__][INFO] - [1, 11, 23], []
[2025-01-29 23:40:49,266][__main__][INFO] - [1, 12, 16], []
[2025-01-29 23:40:49,295][__main__][INFO] - [1, 12], [16]
[2025-01-29 23:40:49,340][__main__][INFO] - [1, 12, 18], []
[2025-01-29 23:40:49,364][__main__][INFO] - [1, 12, 19], []
[2025-01-29 23:40:49,431][__main__][INFO] - [1, 12, 23], []
[2025-01-29 23:40:49,511][__main__][INFO] - [1, 13, 16], []
[2025-01-29 23:40:49,534][__main__][INFO] - [1, 13], [16]
[2025-01-29 23:40:49,572][__main__][INFO] - [1, 13, 18], []
[2025-01-29 23:40:49,610][__main__][INFO] - [1, 13, 20], []
[2025-01-29 23:40:49,723][__main__][INFO] - [1, 14, 16], []
[2025-01-29 23:40:49,746][__main__][INFO] - [1, 14], [16]
[2025-01-29 23:40:49,784][__main__][INFO] - [1, 14, 18], []
[2025-01-29 23:40:49,851][__main__][INFO] - [1, 14, 22], []
[2025-01-29 23:40:49,876][__main__][INFO] - [1, 14, 23], []
[2025-01-29 23:40:49,944][__main__][INFO] - [1, 15, 16], []
[2025-01-29 23:40:49,973][__main__][INFO] - [1, 15], [16]
[2025-01-29 23:40:50,005][__main__][INFO] - [1, 15, 17], []
[2025-01-29 23:40:50,033][__main__][INFO] - [1, 15, 18], []
[2025-01-29 23:40:50,064][__main__][INFO] - [1, 15, 19], []
[2025-01-29 23:40:50,087][__main__][INFO] - [1, 15, 20], []
[2025-01-29 23:40:50,110][__main__][INFO] - [1, 15, 21], []
[2025-01-29 23:40:50,148][__main__][INFO] - [1, 15, 23], []
[2025-01-29 23:40:50,171][__main__][INFO] - [1, 15, 24], []
[2025-01-29 23:40:50,223][__main__][INFO] - [1, 16, 17], []
[2025-01-29 23:40:50,255][__main__][INFO] - [1, 16, 18], []
[2025-01-29 23:40:50,326][__main__][INFO] - [1, 16, 19], []
[2025-01-29 23:40:50,352][__main__][INFO] - [1, 16, 20], []
[2025-01-29 23:40:50,378][__main__][INFO] - [1, 16, 21], []
[2025-01-29 23:40:50,401][__main__][INFO] - [1, 16, 22], []
[2025-01-29 23:40:50,423][__main__][INFO] - [1, 16, 23], []
[2025-01-29 23:40:50,458][__main__][INFO] - [1, 16, 24], []
[2025-01-29 23:40:50,510][__main__][INFO] - [1, 17], [16]
[2025-01-29 23:40:50,544][__main__][INFO] - [1, 18], [16]
[2025-01-29 23:40:50,622][__main__][INFO] - [1, 19], [16]
[2025-01-29 23:40:50,655][__main__][INFO] - [1, 20], [16]
[2025-01-29 23:40:50,680][__main__][INFO] - [1, 21], [16]
[2025-01-29 23:40:50,703][__main__][INFO] - [1, 22], [16]
[2025-01-29 23:40:50,726][__main__][INFO] - [1, 23], [16]
[2025-01-29 23:40:50,761][__main__][INFO] - [1, 24], [16]
[2025-01-29 23:40:50,827][__main__][INFO] - [2, 10, 16], []
[2025-01-29 23:40:50,903][__main__][INFO] - [2, 10], [16]
[2025-01-29 23:40:50,986][__main__][INFO] - [2, 10, 17], []
[2025-01-29 23:40:51,018][__main__][INFO] - [2, 10, 18], []
[2025-01-29 23:40:51,122][__main__][INFO] - [2, 10, 19], []
[2025-01-29 23:40:51,150][__main__][INFO] - [2, 10, 20], []
[2025-01-29 23:40:51,178][__main__][INFO] - [2, 10, 21], []
[2025-01-29 23:40:51,201][__main__][INFO] - [2, 10, 22], []
[2025-01-29 23:40:51,225][__main__][INFO] - [2, 10, 23], []
[2025-01-29 23:40:51,255][__main__][INFO] - [2, 10, 24], []
[2025-01-29 23:40:51,308][__main__][INFO] - [2, 11, 16], []
[2025-01-29 23:40:51,333][__main__][INFO] - [2, 11], [16]
[2025-01-29 23:40:51,373][__main__][INFO] - [2, 11, 18], []
[2025-01-29 23:40:51,399][__main__][INFO] - [2, 11, 19], []
[2025-01-29 23:40:51,467][__main__][INFO] - [2, 11, 23], []
[2025-01-29 23:40:51,534][__main__][INFO] - [2, 12, 16], []
[2025-01-29 23:40:51,566][__main__][INFO] - [2, 12], [16]
[2025-01-29 23:40:51,614][__main__][INFO] - [2, 12, 18], []
[2025-01-29 23:40:51,638][__main__][INFO] - [2, 12, 19], []
[2025-01-29 23:40:51,706][__main__][INFO] - [2, 12, 23], []
[2025-01-29 23:40:51,793][__main__][INFO] - [2, 13, 16], []
[2025-01-29 23:40:51,816][__main__][INFO] - [2, 13], [16]
[2025-01-29 23:40:51,854][__main__][INFO] - [2, 13, 18], []
[2025-01-29 23:40:51,892][__main__][INFO] - [2, 13, 20], []
[2025-01-29 23:40:51,945][__main__][INFO] - [2, 13, 23], []
[2025-01-29 23:40:52,013][__main__][INFO] - [2, 14, 16], []
[2025-01-29 23:40:52,035][__main__][INFO] - [2, 14], [16]
[2025-01-29 23:40:52,073][__main__][INFO] - [2, 14, 18], []
[2025-01-29 23:40:52,141][__main__][INFO] - [2, 14, 22], []
[2025-01-29 23:40:52,164][__main__][INFO] - [2, 14, 23], []
[2025-01-29 23:40:52,232][__main__][INFO] - [2, 15, 16], []
[2025-01-29 23:40:52,265][__main__][INFO] - [2, 15], [16]
[2025-01-29 23:40:52,303][__main__][INFO] - [2, 15, 17], []
[2025-01-29 23:40:52,335][__main__][INFO] - [2, 15, 18], []
[2025-01-29 23:40:52,371][__main__][INFO] - [2, 15, 19], []
[2025-01-29 23:40:52,394][__main__][INFO] - [2, 15, 20], []
[2025-01-29 23:40:52,417][__main__][INFO] - [2, 15, 21], []
[2025-01-29 23:40:52,455][__main__][INFO] - [2, 15, 23], []
[2025-01-29 23:40:52,479][__main__][INFO] - [2, 15, 24], []
[2025-01-29 23:40:52,531][__main__][INFO] - [2, 16, 17], []
[2025-01-29 23:40:52,561][__main__][INFO] - [2, 16, 18], []
[2025-01-29 23:40:52,627][__main__][INFO] - [2, 16, 19], []
[2025-01-29 23:40:52,652][__main__][INFO] - [2, 16, 20], []
[2025-01-29 23:40:52,677][__main__][INFO] - [2, 16, 21], []
[2025-01-29 23:40:52,700][__main__][INFO] - [2, 16, 22], []
[2025-01-29 23:40:52,723][__main__][INFO] - [2, 16, 23], []
[2025-01-29 23:40:52,759][__main__][INFO] - [2, 16, 24], []
[2025-01-29 23:40:52,811][__main__][INFO] - [2, 17], [16]
[2025-01-29 23:40:52,844][__main__][INFO] - [2, 18], [16]
[2025-01-29 23:40:52,920][__main__][INFO] - [2, 19], [16]
[2025-01-29 23:40:52,946][__main__][INFO] - [2, 20], [16]
[2025-01-29 23:40:52,971][__main__][INFO] - [2, 21], [16]
[2025-01-29 23:40:52,993][__main__][INFO] - [2, 22], [16]
[2025-01-29 23:40:53,016][__main__][INFO] - [2, 23], [16]
[2025-01-29 23:40:53,052][__main__][INFO] - [2, 24], [16]
[2025-01-29 23:40:53,119][__main__][INFO] - [3, 10, 16], []
[2025-01-29 23:40:53,177][__main__][INFO] - [3, 10], [16]
[2025-01-29 23:40:53,239][__main__][INFO] - [3, 10, 17], []
[2025-01-29 23:40:53,265][__main__][INFO] - [3, 10, 18], []
[2025-01-29 23:40:53,347][__main__][INFO] - [3, 10, 19], []
[2025-01-29 23:40:53,372][__main__][INFO] - [3, 10, 20], []
[2025-01-29 23:40:53,398][__main__][INFO] - [3, 10, 21], []
[2025-01-29 23:40:53,422][__main__][INFO] - [3, 10, 22], []
[2025-01-29 23:40:53,445][__main__][INFO] - [3, 10, 23], []
[2025-01-29 23:40:53,471][__main__][INFO] - [3, 10, 24], []
[2025-01-29 23:40:53,524][__main__][INFO] - [3, 11, 16], []
[2025-01-29 23:40:53,548][__main__][INFO] - [3, 11], [16]
[2025-01-29 23:40:53,587][__main__][INFO] - [3, 11, 18], []
[2025-01-29 23:40:53,613][__main__][INFO] - [3, 11, 19], []
[2025-01-29 23:40:53,680][__main__][INFO] - [3, 11, 23], []
[2025-01-29 23:40:53,748][__main__][INFO] - [3, 12, 16], []
[2025-01-29 23:40:53,781][__main__][INFO] - [3, 12], [16]
[2025-01-29 23:40:53,829][__main__][INFO] - [3, 12, 18], []
[2025-01-29 23:40:53,853][__main__][INFO] - [3, 12, 19], []
[2025-01-29 23:40:53,921][__main__][INFO] - [3, 12, 23], []
[2025-01-29 23:40:54,008][__main__][INFO] - [3, 13, 16], []
[2025-01-29 23:40:54,031][__main__][INFO] - [3, 13], [16]
[2025-01-29 23:40:54,069][__main__][INFO] - [3, 13, 18], []
[2025-01-29 23:40:54,107][__main__][INFO] - [3, 13, 20], []
[2025-01-29 23:40:54,160][__main__][INFO] - [3, 13, 23], []
[2025-01-29 23:40:54,228][__main__][INFO] - [3, 14, 16], []
[2025-01-29 23:40:54,251][__main__][INFO] - [3, 14], [16]
[2025-01-29 23:40:54,289][__main__][INFO] - [3, 14, 18], []
[2025-01-29 23:40:54,311][__main__][INFO] - [3, 14, 19], []
[2025-01-29 23:40:54,364][__main__][INFO] - [3, 14, 22], []
[2025-01-29 23:40:54,387][__main__][INFO] - [3, 14, 23], []
[2025-01-29 23:40:54,455][__main__][INFO] - [3, 15, 16], []
[2025-01-29 23:40:54,489][__main__][INFO] - [3, 15], [16]
[2025-01-29 23:40:54,526][__main__][INFO] - [3, 15, 17], []
[2025-01-29 23:40:54,558][__main__][INFO] - [3, 15, 18], []
[2025-01-29 23:40:54,595][__main__][INFO] - [3, 15, 19], []
[2025-01-29 23:40:54,618][__main__][INFO] - [3, 15, 20], []
[2025-01-29 23:40:54,641][__main__][INFO] - [3, 15, 21], []
[2025-01-29 23:40:54,679][__main__][INFO] - [3, 15, 23], []
[2025-01-29 23:40:54,702][__main__][INFO] - [3, 15, 24], []
[2025-01-29 23:40:54,755][__main__][INFO] - [3, 16, 17], []
[2025-01-29 23:40:54,783][__main__][INFO] - [3, 16, 18], []
[2025-01-29 23:40:54,840][__main__][INFO] - [3, 16, 19], []
[2025-01-29 23:40:54,864][__main__][INFO] - [3, 16, 20], []
[2025-01-29 23:40:54,889][__main__][INFO] - [3, 16, 21], []
[2025-01-29 23:40:54,912][__main__][INFO] - [3, 16, 22], []
[2025-01-29 23:40:54,935][__main__][INFO] - [3, 16, 23], []
[2025-01-29 23:40:54,968][__main__][INFO] - [3, 16, 24], []
[2025-01-29 23:40:55,021][__main__][INFO] - [3, 17], [16]
[2025-01-29 23:40:55,050][__main__][INFO] - [3, 18], [16]
[2025-01-29 23:40:55,114][__main__][INFO] - [3, 19], [16]
[2025-01-29 23:40:55,138][__main__][INFO] - [3, 20], [16]
[2025-01-29 23:40:55,162][__main__][INFO] - [3, 21], [16]
[2025-01-29 23:40:55,185][__main__][INFO] - [3, 22], [16]
[2025-01-29 23:40:55,208][__main__][INFO] - [3, 23], [16]
[2025-01-29 23:40:55,241][__main__][INFO] - [3, 24], [16]
[2025-01-29 23:40:55,308][__main__][INFO] - [4, 10, 16], []
[2025-01-29 23:40:55,376][__main__][INFO] - [4, 10], [16]
[2025-01-29 23:40:55,450][__main__][INFO] - [4, 10, 17], []
[2025-01-29 23:40:55,477][__main__][INFO] - [4, 10, 18], []
[2025-01-29 23:40:55,581][__main__][INFO] - [4, 10, 19], []
[2025-01-29 23:40:55,607][__main__][INFO] - [4, 10, 20], []
[2025-01-29 23:40:55,634][__main__][INFO] - [4, 10, 21], []
[2025-01-29 23:40:55,658][__main__][INFO] - [4, 10, 22], []
[2025-01-29 23:40:55,681][__main__][INFO] - [4, 10, 23], []
[2025-01-29 23:40:55,706][__main__][INFO] - [4, 10, 24], []
[2025-01-29 23:40:55,759][__main__][INFO] - [4, 11, 16], []
[2025-01-29 23:40:55,784][__main__][INFO] - [4, 11], [16]
[2025-01-29 23:40:55,823][__main__][INFO] - [4, 11, 18], []
[2025-01-29 23:40:55,849][__main__][INFO] - [4, 11, 19], []
[2025-01-29 23:40:55,873][__main__][INFO] - [4, 11, 20], []
[2025-01-29 23:40:55,926][__main__][INFO] - [4, 11, 23], []
[2025-01-29 23:40:55,993][__main__][INFO] - [4, 12, 16], []
[2025-01-29 23:40:56,029][__main__][INFO] - [4, 12], [16]
[2025-01-29 23:40:56,078][__main__][INFO] - [4, 12, 18], []
[2025-01-29 23:40:56,103][__main__][INFO] - [4, 12, 19], []
[2025-01-29 23:40:56,171][__main__][INFO] - [4, 12, 23], []
[2025-01-29 23:40:56,262][__main__][INFO] - [4, 13, 16], []
[2025-01-29 23:40:56,285][__main__][INFO] - [4, 13], [16]
[2025-01-29 23:40:56,324][__main__][INFO] - [4, 13, 18], []
[2025-01-29 23:40:56,362][__main__][INFO] - [4, 13, 20], []
[2025-01-29 23:40:56,415][__main__][INFO] - [4, 13, 23], []
[2025-01-29 23:40:56,482][__main__][INFO] - [4, 14, 16], []
[2025-01-29 23:40:56,505][__main__][INFO] - [4, 14], [16]
[2025-01-29 23:40:56,543][__main__][INFO] - [4, 14, 18], []
[2025-01-29 23:40:56,566][__main__][INFO] - [4, 14, 19], []
[2025-01-29 23:40:56,618][__main__][INFO] - [4, 14, 22], []
[2025-01-29 23:40:56,700][__main__][INFO] - [4, 15, 16], []
[2025-01-29 23:40:56,737][__main__][INFO] - [4, 15], [16]
[2025-01-29 23:40:56,778][__main__][INFO] - [4, 15, 17], []
[2025-01-29 23:40:56,813][__main__][INFO] - [4, 15, 18], []
[2025-01-29 23:40:56,854][__main__][INFO] - [4, 15, 19], []
[2025-01-29 23:40:56,877][__main__][INFO] - [4, 15, 20], []
[2025-01-29 23:40:56,900][__main__][INFO] - [4, 15, 21], []
[2025-01-29 23:40:56,938][__main__][INFO] - [4, 15, 23], []
[2025-01-29 23:40:56,962][__main__][INFO] - [4, 15, 24], []
[2025-01-29 23:40:57,014][__main__][INFO] - [4, 16, 17], []
[2025-01-29 23:40:57,044][__main__][INFO] - [4, 16, 18], []
[2025-01-29 23:40:57,113][__main__][INFO] - [4, 16, 19], []
[2025-01-29 23:40:57,137][__main__][INFO] - [4, 16, 20], []
[2025-01-29 23:40:57,162][__main__][INFO] - [4, 16, 21], []
[2025-01-29 23:40:57,185][__main__][INFO] - [4, 16, 22], []
[2025-01-29 23:40:57,208][__main__][INFO] - [4, 16, 23], []
[2025-01-29 23:40:57,244][__main__][INFO] - [4, 16, 24], []
[2025-01-29 23:40:57,296][__main__][INFO] - [4, 17], [16]
[2025-01-29 23:40:57,328][__main__][INFO] - [4, 18], [16]
[2025-01-29 23:40:57,406][__main__][INFO] - [4, 19], [16]
[2025-01-29 23:40:57,430][__main__][INFO] - [4, 20], [16]
[2025-01-29 23:40:57,456][__main__][INFO] - [4, 21], [16]
[2025-01-29 23:40:57,478][__main__][INFO] - [4, 22], [16]
[2025-01-29 23:40:57,501][__main__][INFO] - [4, 23], [16]
[2025-01-29 23:40:57,536][__main__][INFO] - [4, 24], [16]
[2025-01-29 23:40:57,603][__main__][INFO] - [5, 10, 16], []
[2025-01-29 23:40:57,669][__main__][INFO] - [5, 10], [16]
[2025-01-29 23:40:57,741][__main__][INFO] - [5, 10, 17], []
[2025-01-29 23:40:57,766][__main__][INFO] - [5, 10, 18], []
[2025-01-29 23:40:57,871][__main__][INFO] - [5, 10, 19], []
[2025-01-29 23:40:57,896][__main__][INFO] - [5, 10, 20], []
[2025-01-29 23:40:57,923][__main__][INFO] - [5, 10, 21], []
[2025-01-29 23:40:57,946][__main__][INFO] - [5, 10, 22], []
[2025-01-29 23:40:57,969][__main__][INFO] - [5, 10, 23], []
[2025-01-29 23:40:57,994][__main__][INFO] - [5, 10, 24], []
[2025-01-29 23:40:58,047][__main__][INFO] - [5, 11, 16], []
[2025-01-29 23:40:58,071][__main__][INFO] - [5, 11], [16]
[2025-01-29 23:40:58,111][__main__][INFO] - [5, 11, 18], []
[2025-01-29 23:40:58,137][__main__][INFO] - [5, 11, 19], []
[2025-01-29 23:40:58,264][__main__][INFO] - [5, 12, 16], []
[2025-01-29 23:40:58,296][__main__][INFO] - [5, 12], [16]
[2025-01-29 23:40:58,344][__main__][INFO] - [5, 12, 18], []
[2025-01-29 23:40:58,368][__main__][INFO] - [5, 12, 19], []
[2025-01-29 23:40:58,436][__main__][INFO] - [5, 12, 23], []
[2025-01-29 23:40:58,522][__main__][INFO] - [5, 13, 16], []
[2025-01-29 23:40:58,546][__main__][INFO] - [5, 13], [16]
[2025-01-29 23:40:58,584][__main__][INFO] - [5, 13, 18], []
[2025-01-29 23:40:58,621][__main__][INFO] - [5, 13, 20], []
[2025-01-29 23:40:58,674][__main__][INFO] - [5, 13, 23], []
[2025-01-29 23:40:58,743][__main__][INFO] - [5, 14, 16], []
[2025-01-29 23:40:58,766][__main__][INFO] - [5, 14], [16]
[2025-01-29 23:40:58,803][__main__][INFO] - [5, 14, 18], []
[2025-01-29 23:40:58,826][__main__][INFO] - [5, 14, 19], []
[2025-01-29 23:40:58,879][__main__][INFO] - [5, 14, 22], []
[2025-01-29 23:40:58,903][__main__][INFO] - [5, 14, 23], []
[2025-01-29 23:40:58,971][__main__][INFO] - [5, 15, 16], []
[2025-01-29 23:40:59,002][__main__][INFO] - [5, 15], [16]
[2025-01-29 23:40:59,037][__main__][INFO] - [5, 15, 17], []
[2025-01-29 23:40:59,066][__main__][INFO] - [5, 15, 18], []
[2025-01-29 23:40:59,101][__main__][INFO] - [5, 15, 19], []
[2025-01-29 23:40:59,124][__main__][INFO] - [5, 15, 20], []
[2025-01-29 23:40:59,146][__main__][INFO] - [5, 15, 21], []
[2025-01-29 23:40:59,184][__main__][INFO] - [5, 15, 23], []
[2025-01-29 23:40:59,207][__main__][INFO] - [5, 15, 24], []
[2025-01-29 23:40:59,260][__main__][INFO] - [5, 16, 17], []
[2025-01-29 23:40:59,286][__main__][INFO] - [5, 16, 18], []
[2025-01-29 23:40:59,353][__main__][INFO] - [5, 16, 19], []
[2025-01-29 23:40:59,377][__main__][INFO] - [5, 16, 20], []
[2025-01-29 23:40:59,402][__main__][INFO] - [5, 16, 21], []
[2025-01-29 23:40:59,425][__main__][INFO] - [5, 16, 22], []
[2025-01-29 23:40:59,448][__main__][INFO] - [5, 16, 23], []
[2025-01-29 23:40:59,481][__main__][INFO] - [5, 16, 24], []
[2025-01-29 23:40:59,533][__main__][INFO] - [5, 17], [16]
[2025-01-29 23:40:59,561][__main__][INFO] - [5, 18], [16]
[2025-01-29 23:40:59,637][__main__][INFO] - [5, 19], [16]
[2025-01-29 23:40:59,660][__main__][INFO] - [5, 20], [16]
[2025-01-29 23:40:59,685][__main__][INFO] - [5, 21], [16]
[2025-01-29 23:40:59,708][__main__][INFO] - [5, 22], [16]
[2025-01-29 23:40:59,731][__main__][INFO] - [5, 23], [16]
[2025-01-29 23:40:59,763][__main__][INFO] - [5, 24], [16]
[2025-01-29 23:40:59,830][__main__][INFO] - [6, 10, 16], []
[2025-01-29 23:40:59,870][__main__][INFO] - [6, 10], [16]
[2025-01-29 23:40:59,914][__main__][INFO] - [6, 10, 17], []
[2025-01-29 23:40:59,937][__main__][INFO] - [6, 10, 18], []
[2025-01-29 23:40:59,995][__main__][INFO] - [6, 10, 19], []
[2025-01-29 23:41:00,019][__main__][INFO] - [6, 10, 20], []
[2025-01-29 23:41:00,043][__main__][INFO] - [6, 10, 21], []
[2025-01-29 23:41:00,066][__main__][INFO] - [6, 10, 22], []
[2025-01-29 23:41:00,089][__main__][INFO] - [6, 10, 23], []
[2025-01-29 23:41:00,157][__main__][INFO] - [6, 11, 16], []
[2025-01-29 23:41:00,181][__main__][INFO] - [6, 11], [16]
[2025-01-29 23:41:00,219][__main__][INFO] - [6, 11, 18], []
[2025-01-29 23:41:00,361][__main__][INFO] - [6, 12, 16], []
[2025-01-29 23:41:00,387][__main__][INFO] - [6, 12], [16]
[2025-01-29 23:41:00,429][__main__][INFO] - [6, 12, 18], []
[2025-01-29 23:41:00,452][__main__][INFO] - [6, 12, 19], []
[2025-01-29 23:41:00,520][__main__][INFO] - [6, 12, 23], []
[2025-01-29 23:41:00,594][__main__][INFO] - [6, 13, 16], []
[2025-01-29 23:41:00,617][__main__][INFO] - [6, 13], [16]
[2025-01-29 23:41:00,655][__main__][INFO] - [6, 13, 18], []
[2025-01-29 23:41:00,692][__main__][INFO] - [6, 13, 20], []
[2025-01-29 23:41:00,820][__main__][INFO] - [6, 14], [16]
[2025-01-29 23:41:00,993][__main__][INFO] - [6, 15, 16], []
[2025-01-29 23:41:01,017][__main__][INFO] - [6, 15], [16]
[2025-01-29 23:41:01,043][__main__][INFO] - [6, 15, 17], []
[2025-01-29 23:41:01,067][__main__][INFO] - [6, 15, 18], []
[2025-01-29 23:41:01,093][__main__][INFO] - [6, 15, 19], []
[2025-01-29 23:41:01,115][__main__][INFO] - [6, 15, 20], []
[2025-01-29 23:41:01,168][__main__][INFO] - [6, 15, 23], []
[2025-01-29 23:41:01,235][__main__][INFO] - [6, 16, 17], []
[2025-01-29 23:41:01,259][__main__][INFO] - [6, 16, 18], []
[2025-01-29 23:41:01,299][__main__][INFO] - [6, 16, 19], []
[2025-01-29 23:41:01,322][__main__][INFO] - [6, 16, 20], []
[2025-01-29 23:41:01,345][__main__][INFO] - [6, 16, 21], []
[2025-01-29 23:41:01,368][__main__][INFO] - [6, 16, 22], []
[2025-01-29 23:41:01,391][__main__][INFO] - [6, 16, 23], []
[2025-01-29 23:41:01,461][__main__][INFO] - [6, 17], [16]
[2025-01-29 23:41:01,485][__main__][INFO] - [6, 18], [16]
[2025-01-29 23:41:01,529][__main__][INFO] - [6, 19], [16]
[2025-01-29 23:41:01,552][__main__][INFO] - [6, 20], [16]
[2025-01-29 23:41:01,575][__main__][INFO] - [6, 21], [16]
[2025-01-29 23:41:01,597][__main__][INFO] - [6, 22], [16]
[2025-01-29 23:41:01,620][__main__][INFO] - [6, 23], [16]
[2025-01-29 23:41:01,705][__main__][INFO] - [7, 10, 16], []
[2025-01-29 23:41:01,734][__main__][INFO] - [7, 10], [16]
[2025-01-29 23:41:01,763][__main__][INFO] - [7, 10, 17], []
[2025-01-29 23:41:01,786][__main__][INFO] - [7, 10, 18], []
[2025-01-29 23:41:01,821][__main__][INFO] - [7, 10, 19], []
[2025-01-29 23:41:01,844][__main__][INFO] - [7, 10, 20], []
[2025-01-29 23:41:01,867][__main__][INFO] - [7, 10, 21], []
[2025-01-29 23:41:01,905][__main__][INFO] - [7, 10, 23], []
[2025-01-29 23:41:01,972][__main__][INFO] - [7, 11, 16], []
[2025-01-29 23:41:01,995][__main__][INFO] - [7, 11], [16]
[2025-01-29 23:41:02,033][__main__][INFO] - [7, 11, 18], []
[2025-01-29 23:41:02,175][__main__][INFO] - [7, 12, 16], []
[2025-01-29 23:41:02,199][__main__][INFO] - [7, 12], [16]
[2025-01-29 23:41:02,237][__main__][INFO] - [7, 12, 18], []
[2025-01-29 23:41:02,260][__main__][INFO] - [7, 12, 19], []
[2025-01-29 23:41:02,327][__main__][INFO] - [7, 12, 23], []
[2025-01-29 23:41:02,411][__main__][INFO] - [7, 13], [16]
[2025-01-29 23:41:02,449][__main__][INFO] - [7, 13, 18], []
[2025-01-29 23:41:02,768][__main__][INFO] - [7, 15, 16], []
[2025-01-29 23:41:02,791][__main__][INFO] - [7, 15], [16]
[2025-01-29 23:41:02,814][__main__][INFO] - [7, 15, 17], []
[2025-01-29 23:41:02,836][__main__][INFO] - [7, 15, 18], []
[2025-01-29 23:41:02,860][__main__][INFO] - [7, 15, 19], []
[2025-01-29 23:41:02,986][__main__][INFO] - [7, 16, 17], []
[2025-01-29 23:41:03,008][__main__][INFO] - [7, 16, 18], []
[2025-01-29 23:41:03,036][__main__][INFO] - [7, 16, 19], []
[2025-01-29 23:41:03,058][__main__][INFO] - [7, 16, 20], []
[2025-01-29 23:41:03,081][__main__][INFO] - [7, 16, 21], []
[2025-01-29 23:41:03,118][__main__][INFO] - [7, 16, 23], []
[2025-01-29 23:41:03,186][__main__][INFO] - [7, 17], [16]
[2025-01-29 23:41:03,209][__main__][INFO] - [7, 18], [16]
[2025-01-29 23:41:03,239][__main__][INFO] - [7, 19], [16]
[2025-01-29 23:41:03,261][__main__][INFO] - [7, 20], [16]
[2025-01-29 23:41:03,284][__main__][INFO] - [7, 21], [16]
[2025-01-29 23:41:03,321][__main__][INFO] - [7, 23], [16]
[2025-01-29 23:41:03,403][__main__][INFO] - [8, 10, 16], []
[2025-01-29 23:41:03,427][__main__][INFO] - [8, 10], [16]
[2025-01-29 23:41:03,466][__main__][INFO] - [8, 10, 18], []
[2025-01-29 23:41:03,491][__main__][INFO] - [8, 10, 19], []
[2025-01-29 23:41:03,514][__main__][INFO] - [8, 10, 20], []
[2025-01-29 23:41:03,567][__main__][INFO] - [8, 10, 23], []
[2025-01-29 23:41:03,634][__main__][INFO] - [8, 11, 16], []
[2025-01-29 23:41:03,656][__main__][INFO] - [8, 11], [16]
[2025-01-29 23:41:03,694][__main__][INFO] - [8, 11, 18], []
[2025-01-29 23:41:03,836][__main__][INFO] - [8, 12, 16], []
[2025-01-29 23:41:03,858][__main__][INFO] - [8, 12], [16]
[2025-01-29 23:41:03,896][__main__][INFO] - [8, 12, 18], []
[2025-01-29 23:41:03,979][__main__][INFO] - [8, 12, 23], []
[2025-01-29 23:41:04,075][__main__][INFO] - [8, 15, 16], []
[2025-01-29 23:41:04,098][__main__][INFO] - [8, 15], [16]
[2025-01-29 23:41:04,136][__main__][INFO] - [8, 15, 18], []
[2025-01-29 23:41:04,293][__main__][INFO] - [8, 16, 18], []
[2025-01-29 23:41:04,317][__main__][INFO] - [8, 16, 19], []
[2025-01-29 23:41:04,339][__main__][INFO] - [8, 16, 20], []
[2025-01-29 23:41:04,391][__main__][INFO] - [8, 16, 23], []
[2025-01-29 23:41:04,459][__main__][INFO] - [8, 17], [16]
[2025-01-29 23:41:04,481][__main__][INFO] - [8, 18], [16]
[2025-01-29 23:41:04,505][__main__][INFO] - [8, 19], [16]
[2025-01-29 23:41:04,527][__main__][INFO] - [8, 20], [16]
[2025-01-29 23:41:04,580][__main__][INFO] - [8, 23], [16]
[2025-01-29 23:41:04,661][__main__][INFO] - [9, 10, 16], []
[2025-01-29 23:41:04,684][__main__][INFO] - [9, 10], [16]
[2025-01-29 23:41:04,722][__main__][INFO] - [9, 10, 18], []
[2025-01-29 23:41:05,116][__main__][INFO] - [9, 16, 18], []
[2025-01-29 23:41:05,272][__main__][INFO] - [9, 18], [16]
[2025-01-29 23:41:05,428][__main__][INFO] - [10, 16, 17], []
[2025-01-29 23:41:05,473][__main__][INFO] - [10, 16, 18], []
[2025-01-29 23:41:05,745][__main__][INFO] - [10, 16, 19], []
[2025-01-29 23:41:05,780][__main__][INFO] - [10, 16, 20], []
[2025-01-29 23:41:05,817][__main__][INFO] - [10, 16, 21], []
[2025-01-29 23:41:05,841][__main__][INFO] - [10, 16, 22], []
[2025-01-29 23:41:05,864][__main__][INFO] - [10, 16, 23], []
[2025-01-29 23:41:05,904][__main__][INFO] - [10, 16, 24], []
[2025-01-29 23:41:05,957][__main__][INFO] - [10, 17], [16]
[2025-01-29 23:41:06,003][__main__][INFO] - [10, 18], [16]
[2025-01-29 23:41:06,304][__main__][INFO] - [10, 19], [16]
[2025-01-29 23:41:06,339][__main__][INFO] - [10, 20], [16]
[2025-01-29 23:41:06,374][__main__][INFO] - [10, 21], [16]
[2025-01-29 23:41:06,398][__main__][INFO] - [10, 22], [16]
[2025-01-29 23:41:06,421][__main__][INFO] - [10, 23], [16]
[2025-01-29 23:41:06,461][__main__][INFO] - [10, 24], [16]
[2025-01-29 23:41:06,528][__main__][INFO] - [11, 16, 17], []
[2025-01-29 23:41:06,550][__main__][INFO] - [11, 16, 18], []
[2025-01-29 23:41:06,579][__main__][INFO] - [11, 16, 19], []
[2025-01-29 23:41:06,602][__main__][INFO] - [11, 16, 20], []
[2025-01-29 23:41:06,654][__main__][INFO] - [11, 16, 23], []
[2025-01-29 23:41:06,721][__main__][INFO] - [11, 17], [16]
[2025-01-29 23:41:06,744][__main__][INFO] - [11, 18], [16]
[2025-01-29 23:41:06,775][__main__][INFO] - [11, 19], [16]
[2025-01-29 23:41:06,797][__main__][INFO] - [11, 20], [16]
[2025-01-29 23:41:06,849][__main__][INFO] - [11, 23], [16]
[2025-01-29 23:41:06,931][__main__][INFO] - [12, 16, 17], []
[2025-01-29 23:41:06,953][__main__][INFO] - [12, 16, 18], []
[2025-01-29 23:41:06,977][__main__][INFO] - [12, 16, 19], []
[2025-01-29 23:41:07,044][__main__][INFO] - [12, 16, 23], []
[2025-01-29 23:41:07,163][__main__][INFO] - [12, 17], [16]
[2025-01-29 23:41:07,185][__main__][INFO] - [12, 18], [16]
[2025-01-29 23:41:07,212][__main__][INFO] - [12, 19], [16]
[2025-01-29 23:41:07,279][__main__][INFO] - [12, 23], [16]
[2025-01-29 23:41:07,425][__main__][INFO] - [13, 16, 18], []
[2025-01-29 23:41:07,448][__main__][INFO] - [13, 16, 19], []
[2025-01-29 23:41:07,470][__main__][INFO] - [13, 16, 20], []
[2025-01-29 23:41:07,523][__main__][INFO] - [13, 16, 23], []
[2025-01-29 23:41:07,605][__main__][INFO] - [13, 18], [16]
[2025-01-29 23:41:07,627][__main__][INFO] - [13, 19], [16]
[2025-01-29 23:41:07,650][__main__][INFO] - [13, 20], [16]
[2025-01-29 23:41:07,702][__main__][INFO] - [13, 23], [16]
[2025-01-29 23:41:07,798][__main__][INFO] - [14, 16, 18], []
[2025-01-29 23:41:07,821][__main__][INFO] - [14, 16, 19], []
[2025-01-29 23:41:07,872][__main__][INFO] - [14, 16, 22], []
[2025-01-29 23:41:07,895][__main__][INFO] - [14, 16, 23], []
[2025-01-29 23:41:07,976][__main__][INFO] - [14, 18], [16]
[2025-01-29 23:41:07,999][__main__][INFO] - [14, 19], [16]
[2025-01-29 23:41:08,050][__main__][INFO] - [14, 22], [16]
[2025-01-29 23:41:08,073][__main__][INFO] - [14, 23], [16]
[2025-01-29 23:41:08,154][__main__][INFO] - [15, 16, 17], []
[2025-01-29 23:41:08,195][__main__][INFO] - [15, 16, 18], []
[2025-01-29 23:41:08,247][__main__][INFO] - [15, 16, 19], []
[2025-01-29 23:41:08,270][__main__][INFO] - [15, 16, 20], []
[2025-01-29 23:41:08,292][__main__][INFO] - [15, 16, 21], []
[2025-01-29 23:41:08,330][__main__][INFO] - [15, 16, 23], []
[2025-01-29 23:41:08,352][__main__][INFO] - [15, 16, 24], []
[2025-01-29 23:41:08,405][__main__][INFO] - [15, 17], [16]
[2025-01-29 23:41:08,455][__main__][INFO] - [15, 18], [16]
[2025-01-29 23:41:08,519][__main__][INFO] - [15, 19], [16]
[2025-01-29 23:41:08,541][__main__][INFO] - [15, 20], [16]
[2025-01-29 23:41:08,564][__main__][INFO] - [15, 21], [16]
[2025-01-29 23:41:08,601][__main__][INFO] - [15, 23], [16]
[2025-01-29 23:41:08,623][__main__][INFO] - [15, 24], [16]
