[2025-01-29 10:23:59,914][gurobipy][INFO] - Set parameter TimeLimit to value 600
[2025-01-29 10:23:59,926][gurobipy][INFO] - Gurobi Optimizer version 11.0.2 build v11.0.2rc0 (linux64)
[2025-01-29 10:23:59,926][gurobipy][INFO] - 
[2025-01-29 10:23:59,938][gurobipy][INFO] - CPU model: AMD EPYC 7543 32-Core Processor, instruction set [SSE2|AVX|AVX2]
[2025-01-29 10:23:59,939][gurobipy][INFO] - Thread count: 64 physical cores, 128 logical processors, using up to 32 threads
[2025-01-29 10:23:59,939][gurobipy][INFO] - 
[2025-01-29 10:23:59,939][gurobipy][INFO] - Optimize a model with 52539 rows, 863 columns and 136120 nonzeros
[2025-01-29 10:23:59,940][gurobipy][INFO] - Model fingerprint: 0xe68b0747
[2025-01-29 10:23:59,940][gurobipy][INFO] - Variable types: 797 continuous, 66 integer (66 binary)
[2025-01-29 10:23:59,940][gurobipy][INFO] - Coefficient statistics:
[2025-01-29 10:23:59,940][gurobipy][INFO] -   Matrix range     [2e-03, 2e+00]
[2025-01-29 10:23:59,940][gurobipy][INFO] -   Objective range  [1e+00, 1e+00]
[2025-01-29 10:23:59,940][gurobipy][INFO] -   Bounds range     [1e+00, 1e+00]
[2025-01-29 10:23:59,940][gurobipy][INFO] -   RHS range        [1e+00, 1e+01]
[2025-01-29 10:23:59,947][gurobipy][INFO] - Found heuristic solution: objective -0.0000000
[2025-01-29 10:24:00,195][gurobipy][INFO] - Presolve removed 19068 rows and 10 columns
[2025-01-29 10:24:00,195][gurobipy][INFO] - Presolve time: 0.25s
[2025-01-29 10:24:00,195][gurobipy][INFO] - Presolved: 33471 rows, 853 columns, 101204 nonzeros
[2025-01-29 10:24:00,217][gurobipy][INFO] - Variable types: 797 continuous, 56 integer (56 binary)
[2025-01-29 10:24:00,247][gurobipy][INFO] - Root relaxation presolved: 853 rows, 34324 columns, 102057 nonzeros
[2025-01-29 10:24:00,247][gurobipy][INFO] - 
[2025-01-29 10:24:00,256][gurobipy][INFO] - 
[2025-01-29 10:24:00,256][gurobipy][INFO] - Root relaxation: objective 1.000000e+00, 64 iterations, 0.04 seconds (0.07 work units)
[2025-01-29 10:24:00,267][gurobipy][INFO] - 
[2025-01-29 10:24:00,267][gurobipy][INFO] -     Nodes    |    Current Node    |     Objective Bounds      |     Work
[2025-01-29 10:24:00,267][gurobipy][INFO] -  Expl Unexpl |  Obj  Depth IntInf | Incumbent    BestBd   Gap | It/Node Time
[2025-01-29 10:24:00,267][gurobipy][INFO] - 
[2025-01-29 10:24:00,267][gurobipy][INFO] -      0     0    1.00000    0    6   -0.00000    1.00000      -     -    0s
[2025-01-29 10:24:00,299][gurobipy][INFO] - H    0     0                       0.0152864    1.00000  6442%     -    0s
[2025-01-29 10:24:00,365][gurobipy][INFO] - H    0     0                       0.0421827    1.00000  2271%     -    0s
[2025-01-29 10:24:01,013][gurobipy][INFO] - H    0     0                       0.0421827    1.00000  2271%     -    1s
[2025-01-29 10:24:01,015][gurobipy][INFO] - H    0     0                       0.0667570    1.00000  1398%     -    1s
[2025-01-29 10:24:01,116][gurobipy][INFO] -      0     0    1.00000    0   50    0.06676    1.00000  1398%     -    1s
[2025-01-29 10:24:01,233][gurobipy][INFO] -      0     0    1.00000    0   36    0.06676    1.00000  1398%     -    1s
[2025-01-29 10:24:01,590][gurobipy][INFO] -      0     0    1.00000    0   36    0.06676    1.00000  1398%     -    1s
[2025-01-29 10:24:02,514][gurobipy][INFO] -      0     0    1.00000    0    5    0.06676    1.00000  1398%     -    2s
[2025-01-29 10:24:02,538][gurobipy][INFO] - H    0     0                       0.0738197    1.00000  1255%     -    2s
[2025-01-29 10:24:02,587][gurobipy][INFO] - H    0     0                       0.1191305    1.00000   739%     -    2s
[2025-01-29 10:24:02,911][gurobipy][INFO] -      0     0    1.00000    0   24    0.11913    1.00000   739%     -    2s
[2025-01-29 10:24:03,043][gurobipy][INFO] -      0     0    1.00000    0   20    0.11913    1.00000   739%     -    3s
[2025-01-29 10:24:03,090][gurobipy][INFO] - H    0     0                       0.2382611    1.00000   320%     -    3s
[2025-01-29 10:24:04,065][gurobipy][INFO] -      0     0    1.00000    0    8    0.23826    1.00000   320%     -    4s
[2025-01-29 10:24:04,124][gurobipy][INFO] -      0     0    1.00000    0    8    0.23826    1.00000   320%     -    4s
[2025-01-29 10:24:04,636][gurobipy][INFO] -      0     0    0.91660    0    5    0.23826    0.91660   285%     -    4s
[2025-01-29 10:24:04,707][gurobipy][INFO] - H    0     0                       0.2410991    0.91631   280%     -    4s
[2025-01-29 10:24:04,710][gurobipy][INFO] -      0     0    0.91631    0    5    0.24110    0.91631   280%     -    4s
[2025-01-29 10:24:04,795][gurobipy][INFO] - H    0     0                       0.2446788    0.90415   270%     -    4s
[2025-01-29 10:24:04,796][gurobipy][INFO] - H    0     0                       0.2475490    0.90415   265%     -    4s
[2025-01-29 10:24:04,799][gurobipy][INFO] -      0     0    0.90415    0    6    0.24755    0.90415   265%     -    4s
[2025-01-29 10:24:05,016][gurobipy][INFO] - H    0     0                       0.2768640    0.90415   227%     -    5s
[2025-01-29 10:24:05,035][gurobipy][INFO] -      0     0    0.89080    0   15    0.27686    0.89080   222%     -    5s
[2025-01-29 10:24:05,819][gurobipy][INFO] -      0     0    0.27686    0    8    0.27686    0.27686  0.00%     -    5s
[2025-01-29 10:24:05,819][gurobipy][INFO] - 
[2025-01-29 10:24:05,819][gurobipy][INFO] - Cutting planes:
[2025-01-29 10:24:05,819][gurobipy][INFO] -   Implied bound: 1
[2025-01-29 10:24:05,819][gurobipy][INFO] -   MIR: 8
[2025-01-29 10:24:05,819][gurobipy][INFO] -   RLT: 15
[2025-01-29 10:24:05,820][gurobipy][INFO] - 
[2025-01-29 10:24:05,820][gurobipy][INFO] - Explored 1 nodes (13594 simplex iterations) in 5.88 seconds (9.47 work units)
[2025-01-29 10:24:05,820][gurobipy][INFO] - Thread count was 32 (of 128 available processors)
[2025-01-29 10:24:05,820][gurobipy][INFO] - 
[2025-01-29 10:24:05,820][gurobipy][INFO] - Solution count 10: 0.276864 0.247549 0.244679 ... 0.0152864
[2025-01-29 10:24:05,820][gurobipy][INFO] - No other solutions better than 0.276864
[2025-01-29 10:24:05,820][gurobipy][INFO] - 
[2025-01-29 10:24:05,820][gurobipy][INFO] - Optimal solution found (tolerance 1.00e-04)
[2025-01-29 10:24:05,820][gurobipy][INFO] - Best objective 2.768640350877e-01, best bound 2.768640350877e-01, gap 0.0000%
[2025-01-29 10:24:05,882][__main__][INFO] - Finished size 1000 (1/5)
[2025-01-29 10:24:19,064][gurobipy][INFO] - Set parameter TimeLimit to value 600
[2025-01-29 10:24:19,093][gurobipy][INFO] - Gurobi Optimizer version 11.0.2 build v11.0.2rc0 (linux64)
[2025-01-29 10:24:19,093][gurobipy][INFO] - 
[2025-01-29 10:24:19,105][gurobipy][INFO] - CPU model: AMD EPYC 7543 32-Core Processor, instruction set [SSE2|AVX|AVX2]
[2025-01-29 10:24:19,106][gurobipy][INFO] - Thread count: 64 physical cores, 128 logical processors, using up to 32 threads
[2025-01-29 10:24:19,106][gurobipy][INFO] - 
[2025-01-29 10:24:19,106][gurobipy][INFO] - Optimize a model with 107385 rows, 1694 columns and 278221 nonzeros
[2025-01-29 10:24:19,108][gurobipy][INFO] - Model fingerprint: 0x4d6122a2
[2025-01-29 10:24:19,108][gurobipy][INFO] - Variable types: 1628 continuous, 66 integer (66 binary)
[2025-01-29 10:24:19,109][gurobipy][INFO] - Coefficient statistics:
[2025-01-29 10:24:19,109][gurobipy][INFO] -   Matrix range     [7e-04, 2e+00]
[2025-01-29 10:24:19,109][gurobipy][INFO] -   Objective range  [1e+00, 1e+00]
[2025-01-29 10:24:19,109][gurobipy][INFO] -   Bounds range     [1e+00, 1e+00]
[2025-01-29 10:24:19,109][gurobipy][INFO] -   RHS range        [1e+00, 1e+01]
[2025-01-29 10:24:19,124][gurobipy][INFO] - Found heuristic solution: objective -0.0000000
[2025-01-29 10:24:19,651][gurobipy][INFO] - Presolve removed 32525 rows and 6 columns
[2025-01-29 10:24:19,651][gurobipy][INFO] - Presolve time: 0.53s
[2025-01-29 10:24:19,651][gurobipy][INFO] - Presolved: 74860 rows, 1688 columns, 226202 nonzeros
[2025-01-29 10:24:19,704][gurobipy][INFO] - Variable types: 1628 continuous, 60 integer (60 binary)
[2025-01-29 10:24:19,780][gurobipy][INFO] - Root relaxation presolved: 1688 rows, 76548 columns, 227890 nonzeros
[2025-01-29 10:24:19,780][gurobipy][INFO] - 
[2025-01-29 10:24:20,238][gurobipy][INFO] - 
[2025-01-29 10:24:20,239][gurobipy][INFO] - Root relaxation: objective 1.000000e+00, 2574 iterations, 0.53 seconds (1.62 work units)
[2025-01-29 10:24:20,249][gurobipy][INFO] - 
[2025-01-29 10:24:20,249][gurobipy][INFO] -     Nodes    |    Current Node    |     Objective Bounds      |     Work
[2025-01-29 10:24:20,249][gurobipy][INFO] -  Expl Unexpl |  Obj  Depth IntInf | Incumbent    BestBd   Gap | It/Node Time
[2025-01-29 10:24:20,249][gurobipy][INFO] - 
[2025-01-29 10:24:20,249][gurobipy][INFO] -      0     0    1.00000    0    1   -0.00000    1.00000      -     -    1s
[2025-01-29 10:24:20,262][gurobipy][INFO] - H    0     0                       0.0003556    1.00000      -     -    1s
[2025-01-29 10:24:20,303][gurobipy][INFO] - H    0     0                       0.0150984    1.00000  6523%     -    1s
[2025-01-29 10:24:21,094][gurobipy][INFO] -      0     0    1.00000    0   48    0.01510    1.00000  6523%     -    1s
[2025-01-29 10:24:21,132][gurobipy][INFO] -      0     0    1.00000    0   45    0.01510    1.00000  6523%     -    2s
[2025-01-29 10:24:21,301][gurobipy][INFO] - H    0     0                       0.0248888    1.00000  3918%     -    2s
[2025-01-29 10:24:21,517][gurobipy][INFO] - H    0     0                       0.0442485    1.00000  2160%     -    2s
[2025-01-29 10:24:23,023][gurobipy][INFO] - H    0     0                       0.0572975    1.00000  1645%     -    3s
[2025-01-29 10:24:23,036][gurobipy][INFO] -      0     0    1.00000    0   38    0.05730    1.00000  1645%     -    3s
[2025-01-29 10:24:27,518][gurobipy][INFO] - H    0     0                       0.0779117    1.00000  1184%     -    8s
[2025-01-29 10:24:28,233][gurobipy][INFO] - H    0     0                       0.2016287    0.97434   383%     -    9s
[2025-01-29 10:24:28,244][gurobipy][INFO] -      0     0    0.97434    0    1    0.20163    0.97434   383%     -    9s
[2025-01-29 10:24:28,369][gurobipy][INFO] - H    0     0                       0.2303870    0.97434   323%     -    9s
[2025-01-29 10:24:30,324][gurobipy][INFO] -      0     0    0.96982    0    1    0.23039    0.96982   321%     -   11s
[2025-01-29 10:24:32,152][gurobipy][INFO] -      0     0    0.96666    0   28    0.23039    0.96666   320%     -   13s
[2025-01-29 10:24:41,419][gurobipy][INFO] - H    0     0                       0.2481010    0.92849   274%     -   22s
[2025-01-29 10:24:46,409][gurobipy][INFO] -      0     0    0.92849    0   16    0.24810    0.92849   274%     -   27s
[2025-01-29 10:24:46,463][gurobipy][INFO] -      0     0    0.92849    0   15    0.24810    0.92849   274%     -   27s
[2025-01-29 10:24:51,009][gurobipy][INFO] -      0     0    0.24810    0   15    0.24810    0.24810  0.00%     -   31s
[2025-01-29 10:24:51,010][gurobipy][INFO] - 
[2025-01-29 10:24:51,010][gurobipy][INFO] - Cutting planes:
[2025-01-29 10:24:51,010][gurobipy][INFO] -   Implied bound: 1
[2025-01-29 10:24:51,010][gurobipy][INFO] -   MIR: 3
[2025-01-29 10:24:51,012][gurobipy][INFO] - 
[2025-01-29 10:24:51,012][gurobipy][INFO] - Explored 1 nodes (36094 simplex iterations) in 31.91 seconds (66.36 work units)
[2025-01-29 10:24:51,012][gurobipy][INFO] - Thread count was 32 (of 128 available processors)
[2025-01-29 10:24:51,012][gurobipy][INFO] - 
[2025-01-29 10:24:51,012][gurobipy][INFO] - Solution count 10: 0.248101 0.230387 0.201629 ... -0
[2025-01-29 10:24:51,012][gurobipy][INFO] - No other solutions better than 0.248101
[2025-01-29 10:24:51,012][gurobipy][INFO] - 
[2025-01-29 10:24:51,012][gurobipy][INFO] - Optimal solution found (tolerance 1.00e-04)
[2025-01-29 10:24:51,012][gurobipy][INFO] - Best objective 2.481010018368e-01, best bound 2.481010018368e-01, gap 0.0000%
[2025-01-29 10:24:51,094][__main__][INFO] - Finished size 2477 (2/5)
[2025-01-29 10:25:07,997][gurobipy][INFO] - Set parameter TimeLimit to value 600
[2025-01-29 10:25:08,042][gurobipy][INFO] - Gurobi Optimizer version 11.0.2 build v11.0.2rc0 (linux64)
[2025-01-29 10:25:08,042][gurobipy][INFO] - 
[2025-01-29 10:25:08,053][gurobipy][INFO] - CPU model: AMD EPYC 7543 32-Core Processor, instruction set [SSE2|AVX|AVX2]
[2025-01-29 10:25:08,054][gurobipy][INFO] - Thread count: 64 physical cores, 128 logical processors, using up to 32 threads
[2025-01-29 10:25:08,054][gurobipy][INFO] - 
[2025-01-29 10:25:08,054][gurobipy][INFO] - Optimize a model with 203943 rows, 3157 columns and 528394 nonzeros
[2025-01-29 10:25:08,059][gurobipy][INFO] - Model fingerprint: 0x55518bc7
[2025-01-29 10:25:08,059][gurobipy][INFO] - Variable types: 3091 continuous, 66 integer (66 binary)
[2025-01-29 10:25:08,059][gurobipy][INFO] - Coefficient statistics:
[2025-01-29 10:25:08,059][gurobipy][INFO] -   Matrix range     [3e-04, 2e+00]
[2025-01-29 10:25:08,059][gurobipy][INFO] -   Objective range  [1e+00, 1e+00]
[2025-01-29 10:25:08,059][gurobipy][INFO] -   Bounds range     [1e+00, 1e+00]
[2025-01-29 10:25:08,059][gurobipy][INFO] -   RHS range        [1e+00, 1e+01]
[2025-01-29 10:25:08,089][gurobipy][INFO] - Found heuristic solution: objective -0.0000000
[2025-01-29 10:25:09,138][gurobipy][INFO] - Presolve removed 52517 rows and 3 columns
[2025-01-29 10:25:09,138][gurobipy][INFO] - Presolve time: 1.05s
[2025-01-29 10:25:09,138][gurobipy][INFO] - Presolved: 151426 rows, 3154 columns, 457363 nonzeros
[2025-01-29 10:25:09,240][gurobipy][INFO] - Variable types: 3091 continuous, 63 integer (63 binary)
[2025-01-29 10:25:09,402][gurobipy][INFO] - Root relaxation presolved: 3154 rows, 154580 columns, 460517 nonzeros
[2025-01-29 10:25:09,402][gurobipy][INFO] - 
[2025-01-29 10:25:09,463][gurobipy][INFO] - 
[2025-01-29 10:25:09,463][gurobipy][INFO] - Root relaxation: objective 1.000000e+00, 103 iterations, 0.22 seconds (0.40 work units)
[2025-01-29 10:25:09,491][gurobipy][INFO] - 
[2025-01-29 10:25:09,491][gurobipy][INFO] -     Nodes    |    Current Node    |     Objective Bounds      |     Work
[2025-01-29 10:25:09,491][gurobipy][INFO] -  Expl Unexpl |  Obj  Depth IntInf | Incumbent    BestBd   Gap | It/Node Time
[2025-01-29 10:25:09,491][gurobipy][INFO] - 
[2025-01-29 10:25:09,491][gurobipy][INFO] -      0     0    1.00000    0    3   -0.00000    1.00000      -     -    1s
[2025-01-29 10:25:09,517][gurobipy][INFO] - H    0     0                       0.0091468    1.00000      -     -    1s
[2025-01-29 10:25:09,766][gurobipy][INFO] - H    0     0                       0.0101175    1.00000  9784%     -    1s
[2025-01-29 10:25:09,845][gurobipy][INFO] - H    0     0                       0.0127690    1.00000  7731%     -    1s
[2025-01-29 10:25:10,141][gurobipy][INFO] -      0     0    1.00000    0    3    0.01277    1.00000  7731%     -    2s
[2025-01-29 10:25:10,343][gurobipy][INFO] - H    0     0                       0.0260394    1.00000  3740%     -    2s
[2025-01-29 10:25:19,063][gurobipy][INFO] -      0     0    1.00000    0   63    0.02604    1.00000  3740%     -   11s
[2025-01-29 10:25:20,036][gurobipy][INFO] -      0     0    1.00000    0   51    0.02604    1.00000  3740%     -   11s
[2025-01-29 10:25:22,553][gurobipy][INFO] -      0     0    1.00000    0    4    0.02604    1.00000  3740%     -   14s
[2025-01-29 10:25:22,861][gurobipy][INFO] -      0     0    1.00000    0    3    0.02604    1.00000  3740%     -   14s
[2025-01-29 10:25:23,228][gurobipy][INFO] - H    0     0                       0.0272376    1.00000  3571%     -   15s
[2025-01-29 10:25:28,373][gurobipy][INFO] -      0     0    1.00000    0   49    0.02724    1.00000  3571%     -   20s
[2025-01-29 10:25:37,203][gurobipy][INFO] -      0     0    1.00000    0   47    0.02724    1.00000  3571%     -   29s
[2025-01-29 10:25:37,865][gurobipy][INFO] - H    0     0                       0.0557811    1.00000  1693%     -   29s
[2025-01-29 10:25:37,932][gurobipy][INFO] - H    0     0                       0.0589978    1.00000  1595%     -   29s
[2025-01-29 10:25:38,025][gurobipy][INFO] -      0     0    1.00000    0   40    0.05900    1.00000  1595%     -   29s
[2025-01-29 10:25:46,333][gurobipy][INFO] -      0     0    1.00000    0   38    0.05900    1.00000  1595%     -   38s
[2025-01-29 10:25:46,721][gurobipy][INFO] -      0     0    1.00000    0   38    0.05900    1.00000  1595%     -   38s
[2025-01-29 10:25:51,207][gurobipy][INFO] -      0     0    1.00000    0   35    0.05900    1.00000  1595%     -   43s
[2025-01-29 10:25:51,453][gurobipy][INFO] - H    0     0                       0.0597280    1.00000  1574%     -   43s
[2025-01-29 10:25:51,572][gurobipy][INFO] - H    0     0                       0.0809997    1.00000  1135%     -   43s
[2025-01-29 10:25:51,604][gurobipy][INFO] -      0     0    1.00000    0   35    0.08100    1.00000  1135%     -   43s
[2025-01-29 10:25:55,667][gurobipy][INFO] -      0     0    1.00000    0   35    0.08100    1.00000  1135%     -   47s
[2025-01-29 10:25:55,946][gurobipy][INFO] - H    0     0                       0.1353785    1.00000   639%     -   47s
[2025-01-29 10:25:56,079][gurobipy][INFO] -      0     0    1.00000    0   27    0.13538    1.00000   639%     -   48s
[2025-01-29 10:26:00,212][gurobipy][INFO] -      0     0    1.00000    0   27    0.13538    1.00000   639%     -   52s
[2025-01-29 10:26:05,610][gurobipy][INFO] -      0     0    1.00000    0   27    0.13538    1.00000   639%     -   57s
[2025-01-29 10:26:07,633][gurobipy][INFO] - H    0     0                       0.1383103    1.00000   623%     -   59s
[2025-01-29 10:26:15,924][gurobipy][INFO] -      0     2    1.00000    0   27    0.13831    1.00000   623%     -   67s
[2025-01-29 10:26:18,361][gurobipy][INFO] -     23     4    1.00000   12   19    0.13831    1.00000   623%   310   70s
[2025-01-29 10:26:24,483][gurobipy][INFO] -     57    16    1.00000   19   18    0.13831    1.00000   623%   292   76s
[2025-01-29 10:26:29,024][gurobipy][INFO] -     83    18    0.89664   21   18    0.13831    1.00000   623%   519   80s
[2025-01-29 10:26:31,839][gurobipy][INFO] - H  110    20                       0.2633998    0.88572   236%   462   83s
[2025-01-29 10:26:33,910][gurobipy][INFO] -    117     8    0.87503   23   17    0.26340    0.88572   236%   458   85s
[2025-01-29 10:26:39,314][gurobipy][INFO] -    138    14    0.85387   25   13    0.26340    0.86470   228%   427   91s
[2025-01-29 10:26:45,502][gurobipy][INFO] -    200    16    0.66733   30   12    0.26340    0.72574   176%   380   97s
[2025-01-29 10:26:48,538][gurobipy][INFO] -    242     4    0.28042   33   10    0.26340    0.48014  82.3%   383  100s
[2025-01-29 10:26:49,588][gurobipy][INFO] - 
[2025-01-29 10:26:49,588][gurobipy][INFO] - Cutting planes:
[2025-01-29 10:26:49,588][gurobipy][INFO] -   Implied bound: 2
[2025-01-29 10:26:49,588][gurobipy][INFO] -   MIR: 9
[2025-01-29 10:26:49,603][gurobipy][INFO] - 
[2025-01-29 10:26:49,603][gurobipy][INFO] - Explored 276 nodes (139475 simplex iterations) in 101.55 seconds (253.29 work units)
[2025-01-29 10:26:49,603][gurobipy][INFO] - Thread count was 32 (of 128 available processors)
[2025-01-29 10:26:49,603][gurobipy][INFO] - 
[2025-01-29 10:26:49,603][gurobipy][INFO] - Solution count 10: 0.2634 0.13831 0.135378 ... 0.012769
[2025-01-29 10:26:49,603][gurobipy][INFO] - No other solutions better than 0.2634
[2025-01-29 10:26:49,603][gurobipy][INFO] - 
[2025-01-29 10:26:49,603][gurobipy][INFO] - Optimal solution found (tolerance 1.00e-04)
[2025-01-29 10:26:49,604][gurobipy][INFO] - Best objective 2.633997666034e-01, best bound 2.633997666034e-01, gap 0.0000%
[2025-01-29 10:26:49,841][__main__][INFO] - Finished size 6132 (3/5)
[2025-01-29 10:27:19,551][gurobipy][INFO] - Set parameter TimeLimit to value 600
[2025-01-29 10:27:19,631][gurobipy][INFO] - Gurobi Optimizer version 11.0.2 build v11.0.2rc0 (linux64)
[2025-01-29 10:27:19,631][gurobipy][INFO] - 
[2025-01-29 10:27:19,631][gurobipy][INFO] - CPU model: AMD EPYC 7543 32-Core Processor, instruction set [SSE2|AVX|AVX2]
[2025-01-29 10:27:19,631][gurobipy][INFO] - Thread count: 64 physical cores, 128 logical processors, using up to 32 threads
[2025-01-29 10:27:19,631][gurobipy][INFO] - 
[2025-01-29 10:27:19,631][gurobipy][INFO] - Optimize a model with 360033 rows, 5522 columns and 932809 nonzeros
[2025-01-29 10:27:19,639][gurobipy][INFO] - Model fingerprint: 0x9e4c75b8
[2025-01-29 10:27:19,639][gurobipy][INFO] - Variable types: 5456 continuous, 66 integer (66 binary)
[2025-01-29 10:27:19,640][gurobipy][INFO] - Coefficient statistics:
[2025-01-29 10:27:19,640][gurobipy][INFO] -   Matrix range     [1e-04, 2e+00]
[2025-01-29 10:27:19,640][gurobipy][INFO] -   Objective range  [1e+00, 1e+00]
[2025-01-29 10:27:19,640][gurobipy][INFO] -   Bounds range     [1e+00, 1e+00]
[2025-01-29 10:27:19,640][gurobipy][INFO] -   RHS range        [1e+00, 1e+01]
[2025-01-29 10:27:19,694][gurobipy][INFO] - Found heuristic solution: objective -0.0000000
[2025-01-29 10:27:21,677][gurobipy][INFO] - Presolve removed 81824 rows and 1 columns
[2025-01-29 10:27:21,678][gurobipy][INFO] - Presolve time: 1.98s
[2025-01-29 10:27:21,678][gurobipy][INFO] - Presolved: 278209 rows, 5521 columns, 840077 nonzeros
[2025-01-29 10:27:21,865][gurobipy][INFO] - Variable types: 5456 continuous, 65 integer (65 binary)
[2025-01-29 10:27:22,166][gurobipy][INFO] - Root relaxation presolved: 5521 rows, 283730 columns, 845598 nonzeros
[2025-01-29 10:27:22,166][gurobipy][INFO] - 
[2025-01-29 10:27:22,307][gurobipy][INFO] - 
[2025-01-29 10:27:22,307][gurobipy][INFO] - Root relaxation: objective 1.000000e+00, 224 iterations, 0.43 seconds (0.77 work units)
[2025-01-29 10:27:22,365][gurobipy][INFO] - 
[2025-01-29 10:27:22,365][gurobipy][INFO] -     Nodes    |    Current Node    |     Objective Bounds      |     Work
[2025-01-29 10:27:22,365][gurobipy][INFO] -  Expl Unexpl |  Obj  Depth IntInf | Incumbent    BestBd   Gap | It/Node Time
[2025-01-29 10:27:22,365][gurobipy][INFO] - 
[2025-01-29 10:27:22,365][gurobipy][INFO] -      0     0    1.00000    0    4   -0.00000    1.00000      -     -    2s
[2025-01-29 10:27:22,414][gurobipy][INFO] - H    0     0                       0.0039580    1.00000      -     -    2s
[2025-01-29 10:27:22,574][gurobipy][INFO] - H    0     0                       0.0078885    1.00000      -     -    2s
[2025-01-29 10:27:22,625][gurobipy][INFO] - H    0     0                       0.0187578    1.00000  5231%     -    2s
[2025-01-29 10:27:22,734][gurobipy][INFO] - H    0     0                       0.0249353    1.00000  3910%     -    3s
[2025-01-29 10:27:23,365][gurobipy][INFO] -      0     0    1.00000    0    9    0.02494    1.00000  3910%     -    3s
[2025-01-29 10:27:23,417][gurobipy][INFO] -      0     0    1.00000    0    4    0.02494    1.00000  3910%     -    3s
[2025-01-29 10:27:43,265][gurobipy][INFO] -      0     0    1.00000    0   63    0.02494    1.00000  3910%     -   23s
[2025-01-29 10:27:46,945][gurobipy][INFO] -      0     0    1.00000    0   51    0.02494    1.00000  3910%     -   27s
[2025-01-29 10:27:57,713][gurobipy][INFO] -      0     0    1.00000    0    5    0.02494    1.00000  3910%     -   38s
[2025-01-29 10:27:58,516][gurobipy][INFO] -      0     0    1.00000    0    4    0.02494    1.00000  3910%     -   38s
[2025-01-29 10:28:05,309][gurobipy][INFO] -      0     0    1.00000    0   47    0.02494    1.00000  3910%     -   45s
[2025-01-29 10:28:20,281][gurobipy][INFO] -      0     0    1.00000    0   45    0.02494    1.00000  3910%     -   60s
[2025-01-29 10:28:21,937][gurobipy][INFO] -      0     0    1.00000    0   45    0.02494    1.00000  3910%     -   62s
[2025-01-29 10:28:32,209][gurobipy][INFO] -      0     0    1.00000    0   43    0.02494    1.00000  3910%     -   72s
[2025-01-29 10:28:33,400][gurobipy][INFO] - H    0     0                       0.0606381    1.00000  1549%     -   73s
[2025-01-29 10:28:33,433][gurobipy][INFO] - H    0     0                       0.2201573    1.00000   354%     -   73s
[2025-01-29 10:28:34,271][gurobipy][INFO] -      0     0    1.00000    0   39    0.22016    1.00000   354%     -   74s
[2025-01-29 10:28:39,469][gurobipy][INFO] -      0     0    1.00000    0   38    0.22016    1.00000   354%     -   79s
[2025-01-29 10:28:41,146][gurobipy][INFO] -      0     0    1.00000    0   38    0.22016    1.00000   354%     -   81s
[2025-01-29 10:28:46,113][gurobipy][INFO] -      0     0    1.00000    0   38    0.22016    1.00000   354%     -   86s
[2025-01-29 10:28:47,277][gurobipy][INFO] -      0     0    1.00000    0   38    0.22016    1.00000   354%     -   87s
[2025-01-29 10:28:52,415][gurobipy][INFO] -      0     0    1.00000    0   38    0.22016    1.00000   354%     -   92s
[2025-01-29 10:28:59,306][gurobipy][INFO] -      0     0    1.00000    0   38    0.22016    1.00000   354%     -   99s
[2025-01-29 10:29:34,464][gurobipy][INFO] -      0     2    1.00000    0   38    0.22016    1.00000   354%     -  134s
[2025-01-29 10:29:36,773][gurobipy][INFO] -      1     2    1.00000    1   37    0.22016    1.00000   354%  2472  137s
[2025-01-29 10:29:40,866][gurobipy][INFO] -      3     2    1.00000    2   30    0.22016    1.00000   354%  1311  141s
[2025-01-29 10:29:46,409][gurobipy][INFO] -      7     2    1.00000    4   18    0.22016    1.00000   354%   879  146s
[2025-01-29 10:29:49,713][gurobipy][INFO] -     13     2    1.00000    7   17    0.22016    1.00000   354%   671  150s
[2025-01-29 10:29:54,964][gurobipy][INFO] -     21     2    1.00000   11   27    0.22016    1.00000   354%   537  155s
[2025-01-29 10:29:59,654][gurobipy][INFO] -     41     4    1.00000   21   14    0.22016    1.00000   354%   368  160s
[2025-01-29 10:30:05,134][gurobipy][INFO] -     51     6    1.00000   24   15    0.22016    1.00000   354%   495  165s
[2025-01-29 10:30:06,842][gurobipy][INFO] - H   58     8                       0.2242444    1.00000   346%   479  167s
[2025-01-29 10:30:10,232][gurobipy][INFO] -     63    10    1.00000   26   16    0.22424    1.00000   346%   603  170s
[2025-01-29 10:30:14,757][gurobipy][INFO] -     71    16    1.00000   27   16    0.22424    1.00000   346%   725  175s
[2025-01-29 10:30:24,753][gurobipy][INFO] -     81    12    1.00000   28   15    0.22424    1.00000   346%   993  185s
[2025-01-29 10:30:33,042][gurobipy][INFO] -     97    12    0.69926   29   14    0.22424    1.00000   346%   991  193s
[2025-01-29 10:30:35,144][gurobipy][INFO] -    109    14    0.62014   30    9    0.22424    0.69922   212%   973  195s
[2025-01-29 10:30:40,465][gurobipy][INFO] -    135    16    0.47426   32   12    0.22424    0.58990   163%   868  200s
[2025-01-29 10:30:40,472][gurobipy][INFO] - H  137    16                       0.2366930    0.50025   111%   865  200s
[2025-01-29 10:30:40,476][gurobipy][INFO] - *  146    16              32       0.2540733    0.47423  86.6%   916  200s
[2025-01-29 10:30:40,482][gurobipy][INFO] - H  147    16                       0.2543029    0.47423  86.5%   910  200s
[2025-01-29 10:30:43,731][gurobipy][INFO] - *  161     8              33       0.2554504    0.36849  44.3%   928  204s
[2025-01-29 10:30:45,818][gurobipy][INFO] -    164     0 infeasible   34         0.25545    0.36849  44.3%   924  206s
[2025-01-29 10:30:45,901][gurobipy][INFO] - 
[2025-01-29 10:30:45,901][gurobipy][INFO] - Cutting planes:
[2025-01-29 10:30:45,901][gurobipy][INFO] -   Gomory: 1
[2025-01-29 10:30:45,901][gurobipy][INFO] -   Implied bound: 3
[2025-01-29 10:30:45,901][gurobipy][INFO] -   MIR: 8
[2025-01-29 10:30:45,901][gurobipy][INFO] -   RLT: 9
[2025-01-29 10:30:45,902][gurobipy][INFO] -   Relax-and-lift: 1
[2025-01-29 10:30:45,912][gurobipy][INFO] - 
[2025-01-29 10:30:45,912][gurobipy][INFO] - Explored 172 nodes (182581 simplex iterations) in 206.28 seconds (651.17 work units)
[2025-01-29 10:30:45,912][gurobipy][INFO] - Thread count was 32 (of 128 available processors)
[2025-01-29 10:30:45,913][gurobipy][INFO] - 
[2025-01-29 10:30:45,913][gurobipy][INFO] - Solution count 10: 0.25545 0.254303 0.254073 ... 0.00788847
[2025-01-29 10:30:45,913][gurobipy][INFO] - No other solutions better than 0.25545
[2025-01-29 10:30:45,913][gurobipy][INFO] - 
[2025-01-29 10:30:45,913][gurobipy][INFO] - Optimal solution found (tolerance 1.00e-04)
[2025-01-29 10:30:45,916][gurobipy][INFO] - Best objective 2.554504307243e-01, best bound 2.554504307243e-01, gap 0.0000%
[2025-01-29 10:30:46,270][__main__][INFO] - Finished size 15183 (4/5)
[2025-01-29 10:31:38,929][gurobipy][INFO] - Set parameter TimeLimit to value 600
[2025-01-29 10:31:39,090][gurobipy][INFO] - Gurobi Optimizer version 11.0.2 build v11.0.2rc0 (linux64)
[2025-01-29 10:31:39,090][gurobipy][INFO] - 
[2025-01-29 10:31:39,101][gurobipy][INFO] - CPU model: AMD EPYC 7543 32-Core Processor, instruction set [SSE2|AVX|AVX2]
[2025-01-29 10:31:39,102][gurobipy][INFO] - Thread count: 64 physical cores, 128 logical processors, using up to 32 threads
[2025-01-29 10:31:39,102][gurobipy][INFO] - 
[2025-01-29 10:31:39,102][gurobipy][INFO] - Optimize a model with 634395 rows, 9679 columns and 1643656 nonzeros
[2025-01-29 10:31:39,116][gurobipy][INFO] - Model fingerprint: 0xda24286a
[2025-01-29 10:31:39,116][gurobipy][INFO] - Variable types: 9613 continuous, 66 integer (66 binary)
[2025-01-29 10:31:39,117][gurobipy][INFO] - Coefficient statistics:
[2025-01-29 10:31:39,117][gurobipy][INFO] -   Matrix range     [5e-05, 2e+00]
[2025-01-29 10:31:39,117][gurobipy][INFO] -   Objective range  [1e+00, 1e+00]
[2025-01-29 10:31:39,117][gurobipy][INFO] -   Bounds range     [1e+00, 1e+00]
[2025-01-29 10:31:39,117][gurobipy][INFO] -   RHS range        [1e+00, 1e+01]
[2025-01-29 10:31:39,216][gurobipy][INFO] - Found heuristic solution: objective -0.0000000
[2025-01-29 10:31:42,988][gurobipy][INFO] - Presolve removed 144178 rows and 1 columns
[2025-01-29 10:31:42,988][gurobipy][INFO] - Presolve time: 3.77s
[2025-01-29 10:31:42,988][gurobipy][INFO] - Presolved: 490217 rows, 9678 columns, 1480258 nonzeros
[2025-01-29 10:31:43,323][gurobipy][INFO] - Variable types: 9613 continuous, 65 integer (65 binary)
[2025-01-29 10:31:43,929][gurobipy][INFO] - Root relaxation presolved: 9678 rows, 499895 columns, 1489936 nonzeros
[2025-01-29 10:31:43,929][gurobipy][INFO] - 
[2025-01-29 10:31:44,109][gurobipy][INFO] - 
[2025-01-29 10:31:44,109][gurobipy][INFO] - Root simplex log...
[2025-01-29 10:31:44,109][gurobipy][INFO] - 
[2025-01-29 10:31:44,109][gurobipy][INFO] - Iteration    Objective       Primal Inf.    Dual Inf.      Time
[2025-01-29 10:31:44,109][gurobipy][INFO] -       18    1.0000000e+00   0.000000e+00   0.000000e+00      5s
[2025-01-29 10:31:44,149][gurobipy][INFO] - 
[2025-01-29 10:31:44,149][gurobipy][INFO] - Root simplex log...
[2025-01-29 10:31:44,149][gurobipy][INFO] - 
[2025-01-29 10:31:44,149][gurobipy][INFO] - Iteration    Objective       Primal Inf.    Dual Inf.      Time
[2025-01-29 10:31:44,149][gurobipy][INFO] -       18    1.0000000e+00   0.000000e+00   0.000000e+00      5s
[2025-01-29 10:31:44,149][gurobipy][INFO] - 
[2025-01-29 10:31:44,149][gurobipy][INFO] - Root relaxation: objective 1.000000e+00, 18 iterations, 0.81 seconds (1.26 work units)
[2025-01-29 10:31:44,238][gurobipy][INFO] - 
[2025-01-29 10:31:44,238][gurobipy][INFO] -     Nodes    |    Current Node    |     Objective Bounds      |     Work
[2025-01-29 10:31:44,238][gurobipy][INFO] -  Expl Unexpl |  Obj  Depth IntInf | Incumbent    BestBd   Gap | It/Node Time
[2025-01-29 10:31:44,238][gurobipy][INFO] - 
[2025-01-29 10:31:44,238][gurobipy][INFO] -      0     0    1.00000    0    1   -0.00000    1.00000      -     -    5s
[2025-01-29 10:31:44,262][gurobipy][INFO] - H    0     0                       0.0008227    1.00000      -     -    5s
[2025-01-29 10:31:46,108][gurobipy][INFO] - H    0     0                       0.0061974    1.00000      -     -    7s
[2025-01-29 10:31:46,937][gurobipy][INFO] -      0     0    1.00000    0    2    0.00620    1.00000      -     -    7s
[2025-01-29 10:32:15,446][gurobipy][INFO] -      0     0    1.00000    0   65    0.00620    1.00000      -     -   36s
[2025-01-29 10:32:17,149][gurobipy][INFO] -      0     0    1.00000    0   60    0.00620    1.00000      -     -   38s
[2025-01-29 10:32:26,625][gurobipy][INFO] -      0     0    1.00000    0   59    0.00620    1.00000      -     -   47s
[2025-01-29 10:33:23,140][gurobipy][INFO] -      0     0    1.00000    0   59    0.00620    1.00000      -     -  104s
[2025-01-29 10:33:44,293][gurobipy][INFO] -      0     0    1.00000    0   56    0.00620    1.00000      -     -  125s
[2025-01-29 10:33:47,033][gurobipy][INFO] - H    0     0                       0.0210026    1.00000  4661%     -  127s
[2025-01-29 10:33:47,483][gurobipy][INFO] - H    0     0                       0.0458254    1.00000  2082%     -  128s
[2025-01-29 10:33:47,947][gurobipy][INFO] -      0     0    1.00000    0   56    0.04583    1.00000  2082%     -  128s
[2025-01-29 10:34:17,929][gurobipy][INFO] -      0     0    1.00000    0   56    0.04583    1.00000  2082%     -  158s
[2025-01-29 10:35:07,281][gurobipy][INFO] -      0     0    1.00000    0   40    0.04583    1.00000  2082%     -  208s
[2025-01-29 10:35:19,331][gurobipy][INFO] -      0     0    1.00000    0   40    0.04583    1.00000  2082%     -  220s
[2025-01-29 10:35:56,087][gurobipy][INFO] -      0     0    1.00000    0   58    0.04583    1.00000  2082%     -  256s
[2025-01-29 10:36:06,260][gurobipy][INFO] -      0     0    1.00000    0   58    0.04583    1.00000  2082%     -  267s
[2025-01-29 10:36:23,815][gurobipy][INFO] -      0     0    1.00000    0   58    0.04583    1.00000  2082%     -  284s
[2025-01-29 10:36:27,319][gurobipy][INFO] - H    0     0                       0.0464409    1.00000  2053%     -  288s
[2025-01-29 10:38:18,038][gurobipy][INFO] -      0     2    1.00000    0   58    0.04644    1.00000  2053%     -  398s
[2025-01-29 10:38:24,784][gurobipy][INFO] -      1     2    1.00000    1   57    0.04644    1.00000  2053%  1825  405s
[2025-01-29 10:38:31,207][gurobipy][INFO] -      3     2    1.00000    2   55    0.04644    1.00000  2053%   886  412s
[2025-01-29 10:38:35,497][gurobipy][INFO] -      5     2    1.00000    3   54    0.04644    1.00000  2053%   584  416s
[2025-01-29 10:38:50,618][gurobipy][INFO] -      7     2    1.00000    4   46    0.04644    1.00000  2053%   826  431s
[2025-01-29 10:38:55,224][gurobipy][INFO] -      9     2    1.00000    5   43    0.04644    1.00000  2053%   711  436s
[2025-01-29 10:39:07,736][gurobipy][INFO] -     11     4    1.00000    6   42    0.04644    1.00000  2053%   590  448s
[2025-01-29 10:39:24,538][gurobipy][INFO] -     13     6    1.00000    7   39    0.04644    1.00000  2053%  1189  465s
[2025-01-29 10:39:41,812][gurobipy][INFO] -     17     6    1.00000    8   34    0.04644    1.00000  2053%  1431  482s
[2025-01-29 10:40:00,946][gurobipy][INFO] -     23     8    1.00000    9   45    0.04644    1.00000  2053%  1159  501s
[2025-01-29 10:41:39,109][gurobipy][INFO] -     29    11    0.05696   10   46    0.04644    1.00000  2053%  1111  600s
[2025-01-29 10:41:39,159][gurobipy][INFO] - 
[2025-01-29 10:41:39,159][gurobipy][INFO] - Cutting planes:
[2025-01-29 10:41:39,159][gurobipy][INFO] -   Implied bound: 2
[2025-01-29 10:41:39,160][gurobipy][INFO] -   MIR: 4
[2025-01-29 10:41:39,160][gurobipy][INFO] -   RLT: 5
[2025-01-29 10:41:39,178][gurobipy][INFO] - 
[2025-01-29 10:41:39,179][gurobipy][INFO] - Explored 36 nodes (102841 simplex iterations) in 600.08 seconds (1500.56 work units)
[2025-01-29 10:41:39,179][gurobipy][INFO] - Thread count was 32 (of 128 available processors)
[2025-01-29 10:41:39,179][gurobipy][INFO] - 
[2025-01-29 10:41:39,179][gurobipy][INFO] - Solution count 6: 0.0464409 0.0458254 0.0210026 ... -0
[2025-01-29 10:41:39,179][gurobipy][INFO] - 
[2025-01-29 10:41:39,179][gurobipy][INFO] - Time limit reached
[2025-01-29 10:41:39,184][gurobipy][INFO] - Best objective 4.644093156036e-02, best bound 1.000000000001e+00, gap 2053.2729%
[2025-01-29 10:41:39,214][pyomo.core][WARNING] - Loading a SolverResults object with an 'aborted' status, but containing a solution
[2025-01-29 10:41:39,752][one_rule][INFO] - Solver did not find an optimal sollution
[2025-01-29 10:41:39,753][__main__][INFO] - Finished size 37595 (5/5)
