[2025-01-29 09:26:00,875][gurobipy][INFO] - Set parameter TimeLimit to value 600
[2025-01-29 09:26:00,880][gurobipy][INFO] - Gurobi Optimizer version 11.0.2 build v11.0.2rc0 (linux64)
[2025-01-29 09:26:00,881][gurobipy][INFO] - 
[2025-01-29 09:26:00,892][gurobipy][INFO] - CPU model: Intel(R) Xeon(R) Gold 6136 CPU @ 3.00GHz, instruction set [SSE2|AVX|AVX2|AVX512]
[2025-01-29 09:26:00,892][gurobipy][INFO] - Thread count: 24 physical cores, 48 logical processors, using up to 24 threads
[2025-01-29 09:26:00,892][gurobipy][INFO] - 
[2025-01-29 09:26:00,892][gurobipy][INFO] - Optimize a model with 22233 rows, 540 columns and 56320 nonzeros
[2025-01-29 09:26:00,893][gurobipy][INFO] - Model fingerprint: 0xd15c9cf3
[2025-01-29 09:26:00,893][gurobipy][INFO] - Variable types: 495 continuous, 45 integer (45 binary)
[2025-01-29 09:26:00,893][gurobipy][INFO] - Coefficient statistics:
[2025-01-29 09:26:00,893][gurobipy][INFO] -   Matrix range     [1e-03, 2e+00]
[2025-01-29 09:26:00,893][gurobipy][INFO] -   Objective range  [1e+00, 1e+00]
[2025-01-29 09:26:00,893][gurobipy][INFO] -   Bounds range     [1e+00, 1e+00]
[2025-01-29 09:26:00,893][gurobipy][INFO] -   RHS range        [1e+00, 1e+01]
[2025-01-29 09:26:00,897][gurobipy][INFO] - Found heuristic solution: objective -0.0000000
[2025-01-29 09:26:01,013][gurobipy][INFO] - Presolve removed 9840 rows and 9 columns
[2025-01-29 09:26:01,014][gurobipy][INFO] - Presolve time: 0.12s
[2025-01-29 09:26:01,014][gurobipy][INFO] - Presolved: 12393 rows, 531 columns, 37668 nonzeros
[2025-01-29 09:26:01,022][gurobipy][INFO] - Variable types: 495 continuous, 36 integer (36 binary)
[2025-01-29 09:26:01,036][gurobipy][INFO] - Root relaxation presolved: 12393 rows, 531 columns, 37668 nonzeros
[2025-01-29 09:26:01,036][gurobipy][INFO] - 
[2025-01-29 09:26:01,049][gurobipy][INFO] - 
[2025-01-29 09:26:01,049][gurobipy][INFO] - Root relaxation: objective 1.000000e+00, 223 iterations, 0.03 seconds (0.04 work units)
[2025-01-29 09:26:01,054][gurobipy][INFO] - 
[2025-01-29 09:26:01,054][gurobipy][INFO] -     Nodes    |    Current Node    |     Objective Bounds      |     Work
[2025-01-29 09:26:01,054][gurobipy][INFO] -  Expl Unexpl |  Obj  Depth IntInf | Incumbent    BestBd   Gap | It/Node Time
[2025-01-29 09:26:01,054][gurobipy][INFO] - 
[2025-01-29 09:26:01,054][gurobipy][INFO] -      0     0    1.00000    0    6   -0.00000    1.00000      -     -    0s
[2025-01-29 09:26:01,074][gurobipy][INFO] - H    0     0                       0.0567569    1.00000  1662%     -    0s
[2025-01-29 09:26:01,109][gurobipy][INFO] - H    0     0                       0.1032489    1.00000   869%     -    0s
[2025-01-29 09:26:01,292][gurobipy][INFO] -      0     0    1.00000    0   29    0.10325    1.00000   869%     -    0s
[2025-01-29 09:26:01,311][gurobipy][INFO] -      0     0    1.00000    0   19    0.10325    1.00000   869%     -    0s
[2025-01-29 09:26:02,159][gurobipy][INFO] -      0     0    0.77977    0   10    0.10325    0.77977   655%     -    1s
[2025-01-29 09:26:02,425][gurobipy][INFO] -      0     0    0.72673    0    9    0.10325    0.72673   604%     -    1s
[2025-01-29 09:26:02,537][gurobipy][INFO] - H    0     0                       0.1209480    0.55656   360%     -    1s
[2025-01-29 09:26:02,538][gurobipy][INFO] - H    0     0                       0.1280676    0.55656   335%     -    1s
[2025-01-29 09:26:02,640][gurobipy][INFO] -      0     0    0.24161    0    9    0.12807    0.24161  88.7%     -    1s
[2025-01-29 09:26:02,737][gurobipy][INFO] - H    0     0                       0.1414659    0.24161  70.8%     -    1s
[2025-01-29 09:26:02,739][gurobipy][INFO] -      0     0    0.16676    0    8    0.14147    0.16676  17.9%     -    1s
[2025-01-29 09:26:02,833][gurobipy][INFO] -      0     0    0.14725    0    8    0.14147    0.14725  4.09%     -    1s
[2025-01-29 09:26:02,885][gurobipy][INFO] -      0     0    0.14147    0   14    0.14147    0.14147  0.00%     -    1s
[2025-01-29 09:26:02,886][gurobipy][INFO] - 
[2025-01-29 09:26:02,886][gurobipy][INFO] - Cutting planes:
[2025-01-29 09:26:02,886][gurobipy][INFO] -   Implied bound: 2
[2025-01-29 09:26:02,886][gurobipy][INFO] -   MIR: 7
[2025-01-29 09:26:02,886][gurobipy][INFO] -   RLT: 1
[2025-01-29 09:26:02,886][gurobipy][INFO] - 
[2025-01-29 09:26:02,886][gurobipy][INFO] - Explored 1 nodes (5228 simplex iterations) in 1.99 seconds (2.70 work units)
[2025-01-29 09:26:02,886][gurobipy][INFO] - Thread count was 24 (of 48 available processors)
[2025-01-29 09:26:02,886][gurobipy][INFO] - 
[2025-01-29 09:26:02,887][gurobipy][INFO] - Solution count 6: 0.141466 0.128068 0.120948 ... -0
[2025-01-29 09:26:02,887][gurobipy][INFO] - No other solutions better than 0.141466
[2025-01-29 09:26:02,887][gurobipy][INFO] - 
[2025-01-29 09:26:02,887][gurobipy][INFO] - Optimal solution found (tolerance 1.00e-04)
[2025-01-29 09:26:02,887][gurobipy][INFO] - Best objective 1.414658932125e-01, best bound 1.414658932125e-01, gap 0.0000%
[2025-01-29 09:26:02,902][__main__][INFO] - Finished size 1000 (1/5)
[2025-01-29 09:26:08,497][gurobipy][INFO] - Set parameter TimeLimit to value 600
[2025-01-29 09:26:08,509][gurobipy][INFO] - Gurobi Optimizer version 11.0.2 build v11.0.2rc0 (linux64)
[2025-01-29 09:26:08,509][gurobipy][INFO] - 
[2025-01-29 09:26:08,509][gurobipy][INFO] - CPU model: Intel(R) Xeon(R) Gold 6136 CPU @ 3.00GHz, instruction set [SSE2|AVX|AVX2|AVX512]
[2025-01-29 09:26:08,509][gurobipy][INFO] - Thread count: 24 physical cores, 48 logical processors, using up to 24 threads
[2025-01-29 09:26:08,509][gurobipy][INFO] - 
[2025-01-29 09:26:08,509][gurobipy][INFO] - Optimize a model with 46353 rows, 1076 columns and 117424 nonzeros
[2025-01-29 09:26:08,510][gurobipy][INFO] - Model fingerprint: 0xeb657b94
[2025-01-29 09:26:08,510][gurobipy][INFO] - Variable types: 1031 continuous, 45 integer (45 binary)
[2025-01-29 09:26:08,510][gurobipy][INFO] - Coefficient statistics:
[2025-01-29 09:26:08,510][gurobipy][INFO] -   Matrix range     [4e-04, 2e+00]
[2025-01-29 09:26:08,510][gurobipy][INFO] -   Objective range  [1e+00, 1e+00]
[2025-01-29 09:26:08,510][gurobipy][INFO] -   Bounds range     [1e+00, 1e+00]
[2025-01-29 09:26:08,510][gurobipy][INFO] -   RHS range        [1e+00, 1e+01]
[2025-01-29 09:26:08,518][gurobipy][INFO] - Found heuristic solution: objective 0.0000000
[2025-01-29 09:26:08,806][gurobipy][INFO] - Presolve removed 13384 rows and 2 columns
[2025-01-29 09:26:08,806][gurobipy][INFO] - Presolve time: 0.29s
[2025-01-29 09:26:08,806][gurobipy][INFO] - Presolved: 32969 rows, 1074 columns, 99932 nonzeros
[2025-01-29 09:26:08,831][gurobipy][INFO] - Variable types: 1031 continuous, 43 integer (43 binary)
[2025-01-29 09:26:08,874][gurobipy][INFO] - Root relaxation presolved: 1074 rows, 34043 columns, 101006 nonzeros
[2025-01-29 09:26:08,874][gurobipy][INFO] - 
[2025-01-29 09:26:09,022][gurobipy][INFO] - 
[2025-01-29 09:26:09,022][gurobipy][INFO] - Root relaxation: objective 1.000000e+00, 1645 iterations, 0.19 seconds (0.44 work units)
[2025-01-29 09:26:09,028][gurobipy][INFO] - 
[2025-01-29 09:26:09,028][gurobipy][INFO] -     Nodes    |    Current Node    |     Objective Bounds      |     Work
[2025-01-29 09:26:09,028][gurobipy][INFO] -  Expl Unexpl |  Obj  Depth IntInf | Incumbent    BestBd   Gap | It/Node Time
[2025-01-29 09:26:09,028][gurobipy][INFO] - 
[2025-01-29 09:26:09,029][gurobipy][INFO] -      0     0    1.00000    0    1    0.00000    1.00000      -     -    0s
[2025-01-29 09:26:09,036][gurobipy][INFO] - H    0     0                       0.0007672    1.00000      -     -    0s
[2025-01-29 09:26:09,069][gurobipy][INFO] - H    0     0                       0.0034194    1.00000      -     -    0s
[2025-01-29 09:26:09,081][gurobipy][INFO] - H    0     0                       0.0050109    1.00000      -     -    0s
[2025-01-29 09:26:09,351][gurobipy][INFO] - H    0     0                       0.0071336    1.00000      -     -    0s
[2025-01-29 09:26:09,394][gurobipy][INFO] -      0     0    1.00000    0   31    0.00713    1.00000      -     -    0s
[2025-01-29 09:26:09,420][gurobipy][INFO] -      0     0    1.00000    0   29    0.00713    1.00000      -     -    0s
[2025-01-29 09:26:09,735][gurobipy][INFO] - H    0     0                       0.0153189    1.00000  6428%     -    1s
[2025-01-29 09:26:09,746][gurobipy][INFO] -      0     0    1.00000    0   22    0.01532    1.00000  6428%     -    1s
[2025-01-29 09:26:12,173][gurobipy][INFO] - H    0     0                       0.0159481    1.00000  6170%     -    3s
[2025-01-29 09:26:12,508][gurobipy][INFO] - H    0     0                       0.0175657    0.96715  5406%     -    3s
[2025-01-29 09:26:12,514][gurobipy][INFO] -      0     0    0.96715    0    1    0.01757    0.96715  5406%     -    4s
[2025-01-29 09:26:12,657][gurobipy][INFO] - H    0     0                       0.0262415    0.96715  3586%     -    4s
[2025-01-29 09:26:13,979][gurobipy][INFO] - H    0     0                       0.0276427    0.96667  3397%     -    5s
[2025-01-29 09:26:13,981][gurobipy][INFO] - H    0     0                       0.0285813    0.96667  3282%     -    5s
[2025-01-29 09:26:13,986][gurobipy][INFO] - H    0     0                       0.0314403    0.95831  2948%     -    5s
[2025-01-29 09:26:13,987][gurobipy][INFO] - H    0     0                       0.0451683    0.95831  2022%     -    5s
[2025-01-29 09:26:13,988][gurobipy][INFO] - H    0     0                       0.0604660    0.95831  1485%     -    5s
[2025-01-29 09:26:13,990][gurobipy][INFO] - H    0     0                       0.0613067    0.95831  1463%     -    5s
[2025-01-29 09:26:13,996][gurobipy][INFO] -      0     0    0.95831    0    1    0.06131    0.95831  1463%     -    5s
[2025-01-29 09:26:14,102][gurobipy][INFO] -      0     0    0.95831    0    3    0.06131    0.95831  1463%     -    5s
[2025-01-29 09:26:16,949][gurobipy][INFO] -      0     0    0.95238    0    5    0.06131    0.95238  1453%     -    8s
[2025-01-29 09:26:17,840][gurobipy][INFO] -      0     0    0.95238    0   29    0.06131    0.95238  1453%     -    9s
[2025-01-29 09:26:18,489][gurobipy][INFO] -      0     0    0.16666    0   29    0.06131    0.16666   172%     -    9s
[2025-01-29 09:26:20,771][gurobipy][INFO] - 
[2025-01-29 09:26:20,771][gurobipy][INFO] - Cutting planes:
[2025-01-29 09:26:20,771][gurobipy][INFO] -   Implied bound: 1
[2025-01-29 09:26:20,771][gurobipy][INFO] -   MIR: 9
[2025-01-29 09:26:20,772][gurobipy][INFO] -   RLT: 5
[2025-01-29 09:26:20,773][gurobipy][INFO] - 
[2025-01-29 09:26:20,773][gurobipy][INFO] - Explored 1 nodes (15876 simplex iterations) in 12.26 seconds (16.03 work units)
[2025-01-29 09:26:20,773][gurobipy][INFO] - Thread count was 24 (of 48 available processors)
[2025-01-29 09:26:20,773][gurobipy][INFO] - 
[2025-01-29 09:26:20,773][gurobipy][INFO] - Solution count 10: 0.0613067 0.060466 0.0451683 ... 0.0153189
[2025-01-29 09:26:20,773][gurobipy][INFO] - No other solutions better than 0.0613067
[2025-01-29 09:26:20,773][gurobipy][INFO] - 
[2025-01-29 09:26:20,773][gurobipy][INFO] - Optimal solution found (tolerance 1.00e-04)
[2025-01-29 09:26:20,773][gurobipy][INFO] - Best objective 6.130666707193e-02, best bound 6.130666707193e-02, gap 0.0000%
[2025-01-29 09:26:20,812][__main__][INFO] - Finished size 2994 (2/5)
[2025-01-29 09:26:28,452][gurobipy][INFO] - Set parameter TimeLimit to value 600
[2025-01-29 09:26:28,471][gurobipy][INFO] - Gurobi Optimizer version 11.0.2 build v11.0.2rc0 (linux64)
[2025-01-29 09:26:28,471][gurobipy][INFO] - 
[2025-01-29 09:26:28,482][gurobipy][INFO] - CPU model: Intel(R) Xeon(R) Gold 6136 CPU @ 3.00GHz, instruction set [SSE2|AVX|AVX2|AVX512]
[2025-01-29 09:26:28,482][gurobipy][INFO] - Thread count: 24 physical cores, 48 logical processors, using up to 24 threads
[2025-01-29 09:26:28,483][gurobipy][INFO] - 
[2025-01-29 09:26:28,483][gurobipy][INFO] - Optimize a model with 81273 rows, 1852 columns and 205888 nonzeros
[2025-01-29 09:26:28,484][gurobipy][INFO] - Model fingerprint: 0xb070baf4
[2025-01-29 09:26:28,484][gurobipy][INFO] - Variable types: 1807 continuous, 45 integer (45 binary)
[2025-01-29 09:26:28,485][gurobipy][INFO] - Coefficient statistics:
[2025-01-29 09:26:28,485][gurobipy][INFO] -   Matrix range     [1e-04, 2e+00]
[2025-01-29 09:26:28,485][gurobipy][INFO] -   Objective range  [1e+00, 1e+00]
[2025-01-29 09:26:28,485][gurobipy][INFO] -   Bounds range     [1e+00, 1e+00]
[2025-01-29 09:26:28,485][gurobipy][INFO] -   RHS range        [1e+00, 1e+01]
[2025-01-29 09:26:28,500][gurobipy][INFO] - Found heuristic solution: objective 0.0000000
[2025-01-29 09:26:29,090][gurobipy][INFO] - Presolve removed 21672 rows and 1 columns
[2025-01-29 09:26:29,090][gurobipy][INFO] - Presolve time: 0.59s
[2025-01-29 09:26:29,090][gurobipy][INFO] - Presolved: 59601 rows, 1851 columns, 180604 nonzeros
[2025-01-29 09:26:29,137][gurobipy][INFO] - Variable types: 1807 continuous, 44 integer (44 binary)
[2025-01-29 09:26:29,229][gurobipy][INFO] - Root relaxation presolved: 1851 rows, 61452 columns, 182455 nonzeros
[2025-01-29 09:26:29,229][gurobipy][INFO] - 
[2025-01-29 09:26:29,255][gurobipy][INFO] - 
[2025-01-29 09:26:29,255][gurobipy][INFO] - Root relaxation: objective 1.000000e+00, 37 iterations, 0.12 seconds (0.13 work units)
[2025-01-29 09:26:29,287][gurobipy][INFO] - 
[2025-01-29 09:26:29,287][gurobipy][INFO] -     Nodes    |    Current Node    |     Objective Bounds      |     Work
[2025-01-29 09:26:29,287][gurobipy][INFO] -  Expl Unexpl |  Obj  Depth IntInf | Incumbent    BestBd   Gap | It/Node Time
[2025-01-29 09:26:29,287][gurobipy][INFO] - 
[2025-01-29 09:26:29,287][gurobipy][INFO] -      0     0    1.00000    0    6    0.00000    1.00000      -     -    0s
[2025-01-29 09:26:29,376][gurobipy][INFO] - H    0     0                       0.0004580    1.00000      -     -    0s
[2025-01-29 09:26:30,576][gurobipy][INFO] -      0     0    1.00000    0   43    0.00046    1.00000      -     -    2s
[2025-01-29 09:26:30,777][gurobipy][INFO] - H    0     0                       0.0030325    1.00000      -     -    2s
[2025-01-29 09:26:31,135][gurobipy][INFO] - H    0     0                       0.0210440    1.00000  4652%     -    2s
[2025-01-29 09:26:41,401][gurobipy][INFO] - H    0     0                       0.0230253    1.00000  4243%     -   12s
[2025-01-29 09:26:42,147][gurobipy][INFO] -      0     0    1.00000    0    2    0.02303    1.00000  4243%     -   13s
[2025-01-29 09:26:42,401][gurobipy][INFO] - H    0     0                       0.0258746    1.00000  3765%     -   13s
[2025-01-29 09:26:42,621][gurobipy][INFO] -      0     0    1.00000    0    5    0.02587    1.00000  3765%     -   14s
[2025-01-29 09:26:42,860][gurobipy][INFO] -      0     0    1.00000    0    5    0.02587    1.00000  3765%     -   14s
[2025-01-29 09:26:43,299][gurobipy][INFO] -      0     0    1.00000    0    3    0.02587    1.00000  3765%     -   14s
[2025-01-29 09:26:43,987][gurobipy][INFO] -      0     0    1.00000    0    9    0.02587    1.00000  3765%     -   15s
[2025-01-29 09:26:44,329][gurobipy][INFO] -      0     0    1.00000    0    9    0.02587    1.00000  3765%     -   15s
[2025-01-29 09:26:45,044][gurobipy][INFO] -      0     0    0.96645    0    4    0.02587    0.96645  3635%     -   16s
[2025-01-29 09:26:45,213][gurobipy][INFO] - H    0     0                       0.0286678    0.96645  3271%     -   16s
[2025-01-29 09:26:45,630][gurobipy][INFO] -      0     0    0.96295    0    4    0.02867    0.96295  3259%     -   17s
[2025-01-29 09:26:46,233][gurobipy][INFO] -      0     0    0.95999    0    4    0.02867    0.95999  3249%     -   17s
[2025-01-29 09:26:47,513][gurobipy][INFO] -      0     0    0.95651    0    4    0.02867    0.95651  3237%     -   19s
[2025-01-29 09:26:48,913][gurobipy][INFO] -      0     2    0.95651    0    4    0.02867    0.95651  3237%     -   20s
[2025-01-29 09:26:54,750][gurobipy][INFO] -      7    12    0.95651    3    8    0.02867    0.95651  3237%  1267   26s
[2025-01-29 09:27:02,704][gurobipy][INFO] -     14    16    0.95651    4   38    0.02867    0.95651  3237%  1332   34s
[2025-01-29 09:27:04,540][gurobipy][INFO] -     26    18    0.95651    5   37    0.02867    0.95651  3237%  1085   36s
[2025-01-29 09:27:04,542][gurobipy][INFO] - H   29    18                       0.0297467    0.95651  3116%   976   36s
[2025-01-29 09:27:05,903][gurobipy][INFO] - H   44    20                       0.0731191    0.95651  1208%   696   37s
[2025-01-29 09:27:06,698][gurobipy][INFO] - H   76    12                       0.0753810    0.95651  1169%   418   38s
[2025-01-29 09:27:08,787][gurobipy][INFO] -    116    16    0.95238   11   31    0.07538    0.95440  1166%   311   40s
[2025-01-29 09:27:13,985][gurobipy][INFO] -    292    26    0.92308   19   21    0.07538    0.92834  1132%   152   45s
[2025-01-29 09:27:19,643][gurobipy][INFO] -    557    52    0.86132   25   16    0.07538    0.90887  1106%   105   51s
[2025-01-29 09:27:23,969][gurobipy][INFO] -    761    20    0.13579   28   11    0.07538    0.89974  1094%  91.7   55s
[2025-01-29 09:27:28,492][gurobipy][INFO] -    859    10 infeasible   33         0.07538    0.39030   418%   101   60s
[2025-01-29 09:27:29,826][gurobipy][INFO] - H  887     2                       0.0755215    0.29547   291%   108   61s
[2025-01-29 09:27:29,828][gurobipy][INFO] - *  896     2              36       0.0756016    0.08565  13.3%   109   61s
[2025-01-29 09:27:29,863][gurobipy][INFO] - 
[2025-01-29 09:27:29,863][gurobipy][INFO] - Cutting planes:
[2025-01-29 09:27:29,864][gurobipy][INFO] -   Cover: 9
[2025-01-29 09:27:29,864][gurobipy][INFO] -   MIR: 9
[2025-01-29 09:27:29,864][gurobipy][INFO] -   RLT: 2
[2025-01-29 09:27:29,867][gurobipy][INFO] - 
[2025-01-29 09:27:29,868][gurobipy][INFO] - Explored 901 nodes (111176 simplex iterations) in 61.38 seconds (87.40 work units)
[2025-01-29 09:27:29,868][gurobipy][INFO] - Thread count was 24 (of 48 available processors)
[2025-01-29 09:27:29,868][gurobipy][INFO] - 
[2025-01-29 09:27:29,868][gurobipy][INFO] - Solution count 10: 0.0756016 0.0755215 0.075381 ... 0.00303253
[2025-01-29 09:27:29,868][gurobipy][INFO] - No other solutions better than 0.0756016
[2025-01-29 09:27:29,868][gurobipy][INFO] - 
[2025-01-29 09:27:29,868][gurobipy][INFO] - Optimal solution found (tolerance 1.00e-04)
[2025-01-29 09:27:29,877][gurobipy][INFO] - Best objective 7.560164328531e-02, best bound 7.560164328531e-02, gap 0.0000%
[2025-01-29 09:27:30,001][__main__][INFO] - Finished size 8963 (3/5)
[2025-01-29 09:27:43,359][gurobipy][INFO] - Set parameter TimeLimit to value 600
[2025-01-29 09:27:43,391][gurobipy][INFO] - Gurobi Optimizer version 11.0.2 build v11.0.2rc0 (linux64)
[2025-01-29 09:27:43,391][gurobipy][INFO] - 
[2025-01-29 09:27:43,403][gurobipy][INFO] - CPU model: Intel(R) Xeon(R) Gold 6136 CPU @ 3.00GHz, instruction set [SSE2|AVX|AVX2|AVX512]
[2025-01-29 09:27:43,403][gurobipy][INFO] - Thread count: 24 physical cores, 48 logical processors, using up to 24 threads
[2025-01-29 09:27:43,403][gurobipy][INFO] - 
[2025-01-29 09:27:43,403][gurobipy][INFO] - Optimize a model with 137703 rows, 3106 columns and 348844 nonzeros
[2025-01-29 09:27:43,407][gurobipy][INFO] - Model fingerprint: 0x271f0088
[2025-01-29 09:27:43,407][gurobipy][INFO] - Variable types: 3061 continuous, 45 integer (45 binary)
[2025-01-29 09:27:43,407][gurobipy][INFO] - Coefficient statistics:
[2025-01-29 09:27:43,407][gurobipy][INFO] -   Matrix range     [5e-05, 2e+00]
[2025-01-29 09:27:43,407][gurobipy][INFO] -   Objective range  [1e+00, 1e+00]
[2025-01-29 09:27:43,407][gurobipy][INFO] -   Bounds range     [1e+00, 1e+00]
[2025-01-29 09:27:43,407][gurobipy][INFO] -   RHS range        [1e+00, 1e+01]
[2025-01-29 09:27:43,436][gurobipy][INFO] - Found heuristic solution: objective -0.0000000
[2025-01-29 09:27:44,597][gurobipy][INFO] - Presolve removed 36717 rows and 1 columns
[2025-01-29 09:27:44,597][gurobipy][INFO] - Presolve time: 1.16s
[2025-01-29 09:27:44,597][gurobipy][INFO] - Presolved: 100986 rows, 3105 columns, 306013 nonzeros
[2025-01-29 09:27:44,679][gurobipy][INFO] - Variable types: 3061 continuous, 44 integer (44 binary)
[2025-01-29 09:27:44,864][gurobipy][INFO] - Root relaxation presolved: 3105 rows, 104091 columns, 309118 nonzeros
[2025-01-29 09:27:44,865][gurobipy][INFO] - 
[2025-01-29 09:27:44,941][gurobipy][INFO] - 
[2025-01-29 09:27:44,941][gurobipy][INFO] - Root relaxation: objective 1.000000e+00, 53 iterations, 0.26 seconds (0.26 work units)
[2025-01-29 09:27:44,981][gurobipy][INFO] - 
[2025-01-29 09:27:44,981][gurobipy][INFO] -     Nodes    |    Current Node    |     Objective Bounds      |     Work
[2025-01-29 09:27:44,981][gurobipy][INFO] -  Expl Unexpl |  Obj  Depth IntInf | Incumbent    BestBd   Gap | It/Node Time
[2025-01-29 09:27:44,981][gurobipy][INFO] - 
[2025-01-29 09:27:44,981][gurobipy][INFO] -      0     0    1.00000    0    6   -0.00000    1.00000      -     -    1s
[2025-01-29 09:27:45,012][gurobipy][INFO] - H    0     0                       0.0012731    1.00000      -     -    1s
[2025-01-29 09:27:45,116][gurobipy][INFO] - H    0     0                       0.0027911    1.00000      -     -    1s
[2025-01-29 09:27:45,212][gurobipy][INFO] - H    0     0                       0.0040115    1.00000      -     -    1s
[2025-01-29 09:27:45,495][gurobipy][INFO] -      0     0    1.00000    0    6    0.00401    1.00000      -     -    2s
[2025-01-29 09:27:45,707][gurobipy][INFO] - H    0     0                       0.0305213    1.00000  3176%     -    2s
[2025-01-29 09:27:47,283][gurobipy][INFO] -      0     0    1.00000    0   43    0.03052    1.00000  3176%     -    3s
[2025-01-29 09:27:47,994][gurobipy][INFO] -      0     0    1.00000    0   27    0.03052    1.00000  3176%     -    4s
[2025-01-29 09:27:53,022][gurobipy][INFO] -      0     0    1.00000    0   27    0.03052    1.00000  3176%     -    9s
[2025-01-29 09:27:53,505][gurobipy][INFO] - H    0     0                       0.0538552    1.00000  1757%     -   10s
[2025-01-29 09:27:53,590][gurobipy][INFO] - H    0     0                       0.0545640    1.00000  1733%     -   10s
[2025-01-29 09:27:53,923][gurobipy][INFO] -      0     0    1.00000    0    7    0.05456    1.00000  1733%     -   10s
[2025-01-29 09:27:54,226][gurobipy][INFO] -      0     0    1.00000    0    6    0.05456    1.00000  1733%     -   10s
[2025-01-29 09:27:56,359][gurobipy][INFO] -      0     0    1.00000    0   29    0.05456    1.00000  1733%     -   12s
[2025-01-29 09:28:04,606][gurobipy][INFO] -      0     0    1.00000    0   30    0.05456    1.00000  1733%     -   21s
[2025-01-29 09:28:05,513][gurobipy][INFO] -      0     0    1.00000    0   29    0.05456    1.00000  1733%     -   22s
[2025-01-29 09:28:11,410][gurobipy][INFO] -      0     0    1.00000    0   31    0.05456    1.00000  1733%     -   28s
[2025-01-29 09:28:12,337][gurobipy][INFO] -      0     0    1.00000    0   29    0.05456    1.00000  1733%     -   28s
[2025-01-29 09:28:19,554][gurobipy][INFO] -      0     0    1.00000    0   31    0.05456    1.00000  1733%     -   36s
[2025-01-29 09:28:25,934][gurobipy][INFO] -      0     0    1.00000    0   31    0.05456    1.00000  1733%     -   42s
[2025-01-29 09:28:45,464][gurobipy][INFO] -      0     2    1.00000    0   31    0.05456    1.00000  1733%     -   62s
[2025-01-29 09:28:49,389][gurobipy][INFO] -      3     5    1.00000    2   23    0.05456    1.00000  1733%  2147   65s
[2025-01-29 09:28:55,146][gurobipy][INFO] -      7     9    0.95000    3   28    0.05456    1.00000  1733%  1949   71s
[2025-01-29 09:29:00,913][gurobipy][INFO] -     35    22    0.94118    6   24    0.05456    0.94407  1630%   741   77s
[2025-01-29 09:29:03,797][gurobipy][INFO] -     71    24    0.93333    8   22    0.05456    0.93729  1618%   503   80s
[2025-01-29 09:29:09,685][gurobipy][INFO] -    143    40    0.91667   11   18    0.05456    0.92279  1591%   309   86s
[2025-01-29 09:29:13,862][gurobipy][INFO] -    201    59 infeasible   12         0.05456    0.91684  1580%   242   90s
[2025-01-29 09:29:19,896][gurobipy][INFO] -    319   108 infeasible   15         0.05456    0.91684  1580%   208   96s
[2025-01-29 09:29:25,373][gurobipy][INFO] -    509   106    0.13418   17   11    0.05456    0.91684  1580%   170  101s
[2025-01-29 09:29:30,452][gurobipy][INFO] -    663    90    0.05490   18   10    0.05456    0.91684  1580%   154  107s
[2025-01-29 09:29:30,456][gurobipy][INFO] - H  686    90                       0.0657095    0.91684  1295%   157  107s
[2025-01-29 09:29:35,649][gurobipy][INFO] -    798    49    0.14713   13   16    0.06571    0.90816  1282%   148  112s
[2025-01-29 09:29:59,247][gurobipy][INFO] - H  888    35                       0.0660238    0.73122  1008%   155  135s
[2025-01-29 09:30:04,038][gurobipy][INFO] -   1084    19    0.08978   23    8    0.06602    0.56345   753%   159  140s
[2025-01-29 09:30:05,190][gurobipy][INFO] - 
[2025-01-29 09:30:05,191][gurobipy][INFO] - Cutting planes:
[2025-01-29 09:30:05,191][gurobipy][INFO] -   Lift-and-project: 19
[2025-01-29 09:30:05,191][gurobipy][INFO] -   Cover: 1
[2025-01-29 09:30:05,191][gurobipy][INFO] -   MIR: 5
[2025-01-29 09:30:05,191][gurobipy][INFO] -   RLT: 3
[2025-01-29 09:30:05,197][gurobipy][INFO] - 
[2025-01-29 09:30:05,197][gurobipy][INFO] - Explored 1163 nodes (219343 simplex iterations) in 141.79 seconds (273.75 work units)
[2025-01-29 09:30:05,197][gurobipy][INFO] - Thread count was 24 (of 48 available processors)
[2025-01-29 09:30:05,197][gurobipy][INFO] - 
[2025-01-29 09:30:05,197][gurobipy][INFO] - Solution count 9: 0.0660238 0.0657095 0.054564 ... -0
[2025-01-29 09:30:05,197][gurobipy][INFO] - No other solutions better than 0.0660238
[2025-01-29 09:30:05,197][gurobipy][INFO] - 
[2025-01-29 09:30:05,197][gurobipy][INFO] - Optimal solution found (tolerance 1.00e-04)
[2025-01-29 09:30:05,199][gurobipy][INFO] - Best objective 6.602379526355e-02, best bound 6.602379526355e-02, gap 0.0000%
[2025-01-29 09:30:05,435][__main__][INFO] - Finished size 26833 (4/5)
[2025-01-29 09:30:28,060][gurobipy][INFO] - Set parameter TimeLimit to value 600
[2025-01-29 09:30:28,119][gurobipy][INFO] - Gurobi Optimizer version 11.0.2 build v11.0.2rc0 (linux64)
[2025-01-29 09:30:28,119][gurobipy][INFO] - 
[2025-01-29 09:30:28,130][gurobipy][INFO] - CPU model: Intel(R) Xeon(R) Gold 6136 CPU @ 3.00GHz, instruction set [SSE2|AVX|AVX2|AVX512]
[2025-01-29 09:30:28,130][gurobipy][INFO] - Thread count: 24 physical cores, 48 logical processors, using up to 24 threads
[2025-01-29 09:30:28,130][gurobipy][INFO] - 
[2025-01-29 09:30:28,131][gurobipy][INFO] - Optimize a model with 231213 rows, 5184 columns and 585736 nonzeros
[2025-01-29 09:30:28,136][gurobipy][INFO] - Model fingerprint: 0x25150881
[2025-01-29 09:30:28,136][gurobipy][INFO] - Variable types: 5139 continuous, 45 integer (45 binary)
[2025-01-29 09:30:28,137][gurobipy][INFO] - Coefficient statistics:
[2025-01-29 09:30:28,137][gurobipy][INFO] -   Matrix range     [2e-05, 2e+00]
[2025-01-29 09:30:28,137][gurobipy][INFO] -   Objective range  [1e+00, 1e+00]
[2025-01-29 09:30:28,137][gurobipy][INFO] -   Bounds range     [1e+00, 1e+00]
[2025-01-29 09:30:28,137][gurobipy][INFO] -   RHS range        [1e+00, 1e+01]
[2025-01-29 09:30:28,200][gurobipy][INFO] - Found heuristic solution: objective -0.0000000
[2025-01-29 09:30:30,463][gurobipy][INFO] - Presolve removed 61651 rows and 1 columns
[2025-01-29 09:30:30,463][gurobipy][INFO] - Presolve time: 2.26s
[2025-01-29 09:30:30,463][gurobipy][INFO] - Presolved: 169562 rows, 5183 columns, 513819 nonzeros
[2025-01-29 09:30:30,602][gurobipy][INFO] - Variable types: 5139 continuous, 44 integer (44 binary)
[2025-01-29 09:30:30,983][gurobipy][INFO] - Root relaxation presolved: 5183 rows, 174745 columns, 519002 nonzeros
[2025-01-29 09:30:30,983][gurobipy][INFO] - 
[2025-01-29 09:30:31,098][gurobipy][INFO] - 
[2025-01-29 09:30:31,098][gurobipy][INFO] - Root relaxation: objective 1.000000e+00, 82 iterations, 0.49 seconds (0.44 work units)
[2025-01-29 09:30:31,154][gurobipy][INFO] - 
[2025-01-29 09:30:31,154][gurobipy][INFO] -     Nodes    |    Current Node    |     Objective Bounds      |     Work
[2025-01-29 09:30:31,154][gurobipy][INFO] -  Expl Unexpl |  Obj  Depth IntInf | Incumbent    BestBd   Gap | It/Node Time
[2025-01-29 09:30:31,154][gurobipy][INFO] - 
[2025-01-29 09:30:31,154][gurobipy][INFO] -      0     0    1.00000    0    6   -0.00000    1.00000      -     -    3s
[2025-01-29 09:30:31,207][gurobipy][INFO] - H    0     0                       0.0004151    1.00000      -     -    3s
[2025-01-29 09:30:31,505][gurobipy][INFO] - H    0     0                       0.0009875    1.00000      -     -    3s
[2025-01-29 09:30:32,063][gurobipy][INFO] -      0     0    1.00000    0    5    0.00099    1.00000      -     -    3s
[2025-01-29 09:30:35,158][gurobipy][INFO] -      0     0    1.00000    0   41    0.00099    1.00000      -     -    7s
[2025-01-29 09:30:42,393][gurobipy][INFO] -      0     0    1.00000    0   40    0.00099    1.00000      -     -   14s
[2025-01-29 09:30:43,725][gurobipy][INFO] - H    0     0                       0.0215728    1.00000  4535%     -   15s
[2025-01-29 09:30:44,163][gurobipy][INFO] -      0     0    1.00000    0   40    0.02157    1.00000  4535%     -   16s
[2025-01-29 09:30:52,544][gurobipy][INFO] -      0     0    1.00000    0   40    0.02157    1.00000  4535%     -   24s
[2025-01-29 09:30:54,394][gurobipy][INFO] -      0     0    1.00000    0   39    0.02157    1.00000  4535%     -   26s
[2025-01-29 09:31:04,092][gurobipy][INFO] -      0     0    1.00000    0   31    0.02157    1.00000  4535%     -   35s
[2025-01-29 09:31:07,137][gurobipy][INFO] -      0     0    1.00000    0   31    0.02157    1.00000  4535%     -   39s
[2025-01-29 09:31:14,582][gurobipy][INFO] -      0     0    1.00000    0   31    0.02157    1.00000  4535%     -   46s
[2025-01-29 09:31:16,612][gurobipy][INFO] -      0     0    1.00000    0   31    0.02157    1.00000  4535%     -   48s
[2025-01-29 09:31:23,012][gurobipy][INFO] -      0     0    1.00000    0   31    0.02157    1.00000  4535%     -   54s
[2025-01-29 09:31:30,642][gurobipy][INFO] -      0     0    1.00000    0   31    0.02157    1.00000  4535%     -   62s
[2025-01-29 09:31:32,438][gurobipy][INFO] - H    0     0                       0.0504778    1.00000  1881%     -   64s
[2025-01-29 09:31:47,434][gurobipy][INFO] -      0     2    1.00000    0   31    0.05048    1.00000  1881%     -   79s
[2025-01-29 09:31:48,620][gurobipy][INFO] -      1     2    1.00000    1   30    0.05048    1.00000  1881%  3902   80s
[2025-01-29 09:31:54,305][gurobipy][INFO] -      7     4    1.00000    4   16    0.05048    1.00000  1881%   733   86s
[2025-01-29 09:32:08,713][gurobipy][INFO] -     10     6    1.00000    5   14    0.05048    1.00000  1881%   558  100s
[2025-01-29 09:32:33,931][gurobipy][INFO] -     20     8    0.96153    7   34    0.05048    1.00000  1881%  1245  125s
[2025-01-29 09:32:39,329][gurobipy][INFO] -     34    10    0.95832    9   32    0.05048    0.96106  1804%  1191  131s
[2025-01-29 09:33:13,868][gurobipy][INFO] -     54    12    0.95454   11   29    0.05048    0.95785  1798%   819  165s
[2025-01-29 09:33:18,450][gurobipy][INFO] -     64    14    0.95237   12   28    0.05048    0.95603  1794%   809  170s
[2025-01-29 09:33:26,963][gurobipy][INFO] - H   90    18                       0.0517918    0.95199  1738%   638  178s
[2025-01-29 09:33:26,969][gurobipy][INFO] - H   90    18                       0.0619577    0.95199  1437%   638  178s
[2025-01-29 09:33:28,491][gurobipy][INFO] -    104    14    0.94444   15   25    0.06196    0.94960  1433%   625  180s
[2025-01-29 09:33:35,964][gurobipy][INFO] - H  138    14                       0.0638066    0.94390  1379%   485  187s
[2025-01-29 09:33:44,953][gurobipy][INFO] -    174    22    0.92857   19   20    0.06381    0.93706  1369%   422  196s
[2025-01-29 09:33:48,377][gurobipy][INFO] - H  194    29                       0.0645650    0.93306  1345%   427  200s
[2025-01-29 09:33:53,250][gurobipy][INFO] -    253    60    0.90909   22   17    0.06456    0.92279  1329%   416  205s
[2025-01-29 09:33:58,696][gurobipy][INFO] -    352    67    0.88889   24   15    0.06456    0.92200  1328%   325  210s
[2025-01-29 09:34:03,180][gurobipy][INFO] -    465    39    0.86178   26   15    0.06456    0.92200  1328%   280  215s
[2025-01-29 09:34:10,823][gurobipy][INFO] -    598    51    0.78582   29   11    0.06456    0.92200  1328%   281  222s
[2025-01-29 09:34:14,899][gurobipy][INFO] -    646    48    0.73431   30   10    0.06456    0.92200  1328%   282  226s
[2025-01-29 09:34:14,906][gurobipy][INFO] - H  647    48                       0.0652794    0.92200  1312%   281  226s
[2025-01-29 09:34:19,871][gurobipy][INFO] -    750    51    0.65871   31    9    0.06528    0.92200  1312%   274  231s
[2025-01-29 09:34:24,631][gurobipy][INFO] -    891    43 infeasible   32         0.06528    0.92200  1312%   260  236s
[2025-01-29 09:34:33,372][gurobipy][INFO] -    938    45    0.26691   35    5    0.06528    0.78933  1109%   267  245s
[2025-01-29 09:34:39,010][gurobipy][INFO] -   1088     0 infeasible   31         0.06528    0.20447   213%   285  250s
[2025-01-29 09:34:39,021][gurobipy][INFO] - 
[2025-01-29 09:34:39,021][gurobipy][INFO] - Cutting planes:
[2025-01-29 09:34:39,021][gurobipy][INFO] -   Cover: 13
[2025-01-29 09:34:39,021][gurobipy][INFO] -   MIR: 18
[2025-01-29 09:34:39,021][gurobipy][INFO] -   RLT: 9
[2025-01-29 09:34:39,041][gurobipy][INFO] - 
[2025-01-29 09:34:39,042][gurobipy][INFO] - Explored 1118 nodes (337558 simplex iterations) in 250.91 seconds (467.12 work units)
[2025-01-29 09:34:39,042][gurobipy][INFO] - Thread count was 24 (of 48 available processors)
[2025-01-29 09:34:39,042][gurobipy][INFO] - 
[2025-01-29 09:34:39,042][gurobipy][INFO] - Solution count 10: 0.0652794 0.064565 0.0638066 ... -0
[2025-01-29 09:34:39,042][gurobipy][INFO] - No other solutions better than 0.0652794
[2025-01-29 09:34:39,042][gurobipy][INFO] - 
[2025-01-29 09:34:39,042][gurobipy][INFO] - Optimal solution found (tolerance 1.00e-04)
[2025-01-29 09:34:39,045][gurobipy][INFO] - Best objective 6.527939196256e-02, best bound 6.527939196256e-02, gap 0.0000%
[2025-01-29 09:34:39,410][__main__][INFO] - Finished size 80329 (5/5)
