[2025-01-29 10:12:43,427][gurobipy][INFO] - Set parameter TimeLimit to value 600
[2025-01-29 10:12:43,438][gurobipy][INFO] - Gurobi Optimizer version 11.0.2 build v11.0.2rc0 (linux64)
[2025-01-29 10:12:43,438][gurobipy][INFO] - 
[2025-01-29 10:12:43,450][gurobipy][INFO] - CPU model: AMD EPYC 7543 32-Core Processor, instruction set [SSE2|AVX|AVX2]
[2025-01-29 10:12:43,451][gurobipy][INFO] - Thread count: 64 physical cores, 128 logical processors, using up to 32 threads
[2025-01-29 10:12:43,451][gurobipy][INFO] - 
[2025-01-29 10:12:43,451][gurobipy][INFO] - Optimize a model with 50691 rows, 835 columns and 131332 nonzeros
[2025-01-29 10:12:43,452][gurobipy][INFO] - Model fingerprint: 0x0a02f0c7
[2025-01-29 10:12:43,452][gurobipy][INFO] - Variable types: 769 continuous, 66 integer (66 binary)
[2025-01-29 10:12:43,452][gurobipy][INFO] - Coefficient statistics:
[2025-01-29 10:12:43,452][gurobipy][INFO] -   Matrix range     [2e-03, 2e+00]
[2025-01-29 10:12:43,452][gurobipy][INFO] -   Objective range  [1e+00, 1e+00]
[2025-01-29 10:12:43,452][gurobipy][INFO] -   Bounds range     [1e+00, 1e+00]
[2025-01-29 10:12:43,452][gurobipy][INFO] -   RHS range        [1e+00, 1e+01]
[2025-01-29 10:12:43,459][gurobipy][INFO] - Found heuristic solution: objective -0.0000000
[2025-01-29 10:12:43,704][gurobipy][INFO] - Presolve removed 18400 rows and 10 columns
[2025-01-29 10:12:43,704][gurobipy][INFO] - Presolve time: 0.24s
[2025-01-29 10:12:43,704][gurobipy][INFO] - Presolved: 32291 rows, 825 columns, 97636 nonzeros
[2025-01-29 10:12:43,726][gurobipy][INFO] - Variable types: 769 continuous, 56 integer (56 binary)
[2025-01-29 10:12:43,756][gurobipy][INFO] - Root relaxation presolved: 825 rows, 33116 columns, 98461 nonzeros
[2025-01-29 10:12:43,756][gurobipy][INFO] - 
[2025-01-29 10:12:43,788][gurobipy][INFO] - 
[2025-01-29 10:12:43,788][gurobipy][INFO] - Root relaxation: objective 1.000000e+00, 798 iterations, 0.06 seconds (0.16 work units)
[2025-01-29 10:12:43,796][gurobipy][INFO] - 
[2025-01-29 10:12:43,796][gurobipy][INFO] -     Nodes    |    Current Node    |     Objective Bounds      |     Work
[2025-01-29 10:12:43,797][gurobipy][INFO] -  Expl Unexpl |  Obj  Depth IntInf | Incumbent    BestBd   Gap | It/Node Time
[2025-01-29 10:12:43,797][gurobipy][INFO] - 
[2025-01-29 10:12:43,797][gurobipy][INFO] -      0     0    1.00000    0    4   -0.00000    1.00000      -     -    0s
[2025-01-29 10:12:43,802][gurobipy][INFO] - H    0     0                       0.0030225    1.00000      -     -    0s
[2025-01-29 10:12:43,816][gurobipy][INFO] - H    0     0                       0.0048018    1.00000      -     -    0s
[2025-01-29 10:12:44,293][gurobipy][INFO] - H    0     0                       0.0556558    1.00000  1697%     -    0s
[2025-01-29 10:12:44,334][gurobipy][INFO] -      0     0    1.00000    0   56    0.05566    1.00000  1697%     -    0s
[2025-01-29 10:12:44,430][gurobipy][INFO] -      0     0    1.00000    0   38    0.05566    1.00000  1697%     -    0s
[2025-01-29 10:12:44,467][gurobipy][INFO] - H    0     0                       0.0769268    1.00000  1200%     -    1s
[2025-01-29 10:12:45,046][gurobipy][INFO] -      0     0    1.00000    0   34    0.07693    1.00000  1200%     -    1s
[2025-01-29 10:12:45,822][gurobipy][INFO] -      0     0    1.00000    0    1    0.07693    1.00000  1200%     -    2s
[2025-01-29 10:12:45,851][gurobipy][INFO] - H    0     0                       0.0787062    1.00000  1171%     -    2s
[2025-01-29 10:12:46,017][gurobipy][INFO] -      0     0    1.00000    0   22    0.07871    1.00000  1171%     -    2s
[2025-01-29 10:12:46,119][gurobipy][INFO] - H    0     0                       0.0860105    1.00000  1063%     -    2s
[2025-01-29 10:12:46,473][gurobipy][INFO] -      0     0    1.00000    0   22    0.08601    1.00000  1063%     -    3s
[2025-01-29 10:12:47,785][gurobipy][INFO] - H    0     0                       0.0913080    1.00000   995%     -    4s
[2025-01-29 10:12:47,787][gurobipy][INFO] - H    0     0                       0.2756951    1.00000   263%     -    4s
[2025-01-29 10:12:47,787][gurobipy][INFO] - H    0     0                       0.2908075    1.00000   244%     -    4s
[2025-01-29 10:12:47,794][gurobipy][INFO] -      0     0    0.92301    0    5    0.29081    0.92301   217%     -    4s
[2025-01-29 10:12:48,387][gurobipy][INFO] -      0     0    0.72985    0    8    0.29081    0.72985   151%     -    4s
[2025-01-29 10:12:48,547][gurobipy][INFO] -      0     0    0.65605    0   15    0.29081    0.65605   126%     -    5s
[2025-01-29 10:12:49,392][gurobipy][INFO] -      0     0    0.29081    0    3    0.29081    0.29081  0.00%     -    5s
[2025-01-29 10:12:49,393][gurobipy][INFO] - 
[2025-01-29 10:12:49,393][gurobipy][INFO] - Cutting planes:
[2025-01-29 10:12:49,393][gurobipy][INFO] -   Implied bound: 1
[2025-01-29 10:12:49,393][gurobipy][INFO] -   MIR: 4
[2025-01-29 10:12:49,393][gurobipy][INFO] -   RLT: 2
[2025-01-29 10:12:49,393][gurobipy][INFO] - 
[2025-01-29 10:12:49,393][gurobipy][INFO] - Explored 1 nodes (15980 simplex iterations) in 5.94 seconds (9.41 work units)
[2025-01-29 10:12:49,393][gurobipy][INFO] - Thread count was 32 (of 128 available processors)
[2025-01-29 10:12:49,393][gurobipy][INFO] - 
[2025-01-29 10:12:49,394][gurobipy][INFO] - Solution count 10: 0.290807 0.275695 0.091308 ... -0
[2025-01-29 10:12:49,394][gurobipy][INFO] - No other solutions better than 0.290807
[2025-01-29 10:12:49,394][gurobipy][INFO] - 
[2025-01-29 10:12:49,394][gurobipy][INFO] - Optimal solution found (tolerance 1.00e-04)
[2025-01-29 10:12:49,394][gurobipy][INFO] - Best objective 2.908074554348e-01, best bound 2.908074554348e-01, gap 0.0000%
[2025-01-29 10:12:49,457][__main__][INFO] - Finished size 1000 (1/5)
[2025-01-29 10:13:02,388][gurobipy][INFO] - Set parameter TimeLimit to value 600
[2025-01-29 10:13:02,412][gurobipy][INFO] - Gurobi Optimizer version 11.0.2 build v11.0.2rc0 (linux64)
[2025-01-29 10:13:02,412][gurobipy][INFO] - 
[2025-01-29 10:13:02,424][gurobipy][INFO] - CPU model: AMD EPYC 7543 32-Core Processor, instruction set [SSE2|AVX|AVX2]
[2025-01-29 10:13:02,425][gurobipy][INFO] - Thread count: 64 physical cores, 128 logical processors, using up to 32 threads
[2025-01-29 10:13:02,425][gurobipy][INFO] - 
[2025-01-29 10:13:02,425][gurobipy][INFO] - Optimize a model with 108045 rows, 1704 columns and 279931 nonzeros
[2025-01-29 10:13:02,427][gurobipy][INFO] - Model fingerprint: 0xe72721fe
[2025-01-29 10:13:02,427][gurobipy][INFO] - Variable types: 1638 continuous, 66 integer (66 binary)
[2025-01-29 10:13:02,427][gurobipy][INFO] - Coefficient statistics:
[2025-01-29 10:13:02,427][gurobipy][INFO] -   Matrix range     [7e-04, 2e+00]
[2025-01-29 10:13:02,427][gurobipy][INFO] -   Objective range  [1e+00, 1e+00]
[2025-01-29 10:13:02,427][gurobipy][INFO] -   Bounds range     [1e+00, 1e+00]
[2025-01-29 10:13:02,427][gurobipy][INFO] -   RHS range        [1e+00, 1e+01]
[2025-01-29 10:13:02,442][gurobipy][INFO] - Found heuristic solution: objective 0.0000000
[2025-01-29 10:13:03,053][gurobipy][INFO] - Presolve removed 31086 rows and 5 columns
[2025-01-29 10:13:03,053][gurobipy][INFO] - Presolve time: 0.61s
[2025-01-29 10:13:03,053][gurobipy][INFO] - Presolved: 76959 rows, 1699 columns, 232509 nonzeros
[2025-01-29 10:13:03,106][gurobipy][INFO] - Variable types: 1638 continuous, 61 integer (61 binary)
[2025-01-29 10:13:03,177][gurobipy][INFO] - Root relaxation presolved: 1699 rows, 78658 columns, 234208 nonzeros
[2025-01-29 10:13:03,177][gurobipy][INFO] - 
[2025-01-29 10:13:03,595][gurobipy][INFO] - 
[2025-01-29 10:13:03,595][gurobipy][INFO] - Root relaxation: objective 1.000000e+00, 2545 iterations, 0.49 seconds (1.58 work units)
[2025-01-29 10:13:03,599][gurobipy][INFO] - 
[2025-01-29 10:13:03,599][gurobipy][INFO] -     Nodes    |    Current Node    |     Objective Bounds      |     Work
[2025-01-29 10:13:03,599][gurobipy][INFO] -  Expl Unexpl |  Obj  Depth IntInf | Incumbent    BestBd   Gap | It/Node Time
[2025-01-29 10:13:03,599][gurobipy][INFO] - 
[2025-01-29 10:13:03,599][gurobipy][INFO] -      0     0    1.00000    0    1    0.00000    1.00000      -     -    1s
[2025-01-29 10:13:03,603][gurobipy][INFO] - H    0     0                       0.0098814    1.00000      -     -    1s
[2025-01-29 10:13:03,768][gurobipy][INFO] - H    0     0                       0.0314115    1.00000  3084%     -    1s
[2025-01-29 10:13:03,787][gurobipy][INFO] - H    0     0                       0.0340117    1.00000  2840%     -    1s
[2025-01-29 10:13:05,782][gurobipy][INFO] -      0     0    1.00000    0   61    0.03401    1.00000  2840%     -    3s
[2025-01-29 10:13:06,148][gurobipy][INFO] -      0     0    1.00000    0   48    0.03401    1.00000  2840%     -    3s
[2025-01-29 10:13:07,094][gurobipy][INFO] -      0     0    1.00000    0   48    0.03401    1.00000  2840%     -    4s
[2025-01-29 10:13:11,216][gurobipy][INFO] -      0     0    1.00000    0    1    0.03401    1.00000  2840%     -    8s
[2025-01-29 10:13:11,232][gurobipy][INFO] - H    0     0                       0.2621875    1.00000   281%     -    8s
[2025-01-29 10:13:11,259][gurobipy][INFO] - H    0     0                       0.2628701    1.00000   280%     -    8s
[2025-01-29 10:13:11,656][gurobipy][INFO] -      0     0    1.00000    0   38    0.26287    1.00000   280%     -    9s
[2025-01-29 10:13:11,892][gurobipy][INFO] -      0     0    1.00000    0   12    0.26287    1.00000   280%     -    9s
[2025-01-29 10:13:12,079][gurobipy][INFO] -      0     0    1.00000    0   10    0.26287    1.00000   280%     -    9s
[2025-01-29 10:13:12,914][gurobipy][INFO] -      0     0    1.00000    0   13    0.26287    1.00000   280%     -   10s
[2025-01-29 10:13:18,209][gurobipy][INFO] -      0     0    0.26287    0   15    0.26287    0.26287  0.00%     -   15s
[2025-01-29 10:13:18,210][gurobipy][INFO] - 
[2025-01-29 10:13:18,210][gurobipy][INFO] - Cutting planes:
[2025-01-29 10:13:18,210][gurobipy][INFO] -   Gomory: 3
[2025-01-29 10:13:18,210][gurobipy][INFO] -   Implied bound: 113
[2025-01-29 10:13:18,210][gurobipy][INFO] -   MIR: 37
[2025-01-29 10:13:18,210][gurobipy][INFO] -   RLT: 19
[2025-01-29 10:13:18,212][gurobipy][INFO] - 
[2025-01-29 10:13:18,212][gurobipy][INFO] - Explored 1 nodes (23412 simplex iterations) in 15.79 seconds (37.04 work units)
[2025-01-29 10:13:18,212][gurobipy][INFO] - Thread count was 32 (of 128 available processors)
[2025-01-29 10:13:18,212][gurobipy][INFO] - 
[2025-01-29 10:13:18,212][gurobipy][INFO] - Solution count 6: 0.26287 0.262188 0.0340117 ... 9.19265e-14
[2025-01-29 10:13:18,212][gurobipy][INFO] - No other solutions better than 0.26287
[2025-01-29 10:13:18,212][gurobipy][INFO] - 
[2025-01-29 10:13:18,212][gurobipy][INFO] - Optimal solution found (tolerance 1.00e-04)
[2025-01-29 10:13:18,213][gurobipy][INFO] - Best objective 2.628701317973e-01, best bound 2.628701317973e-01, gap 0.0000%
[2025-01-29 10:13:18,297][__main__][INFO] - Finished size 2477 (2/5)
[2025-01-29 10:13:34,633][gurobipy][INFO] - Set parameter TimeLimit to value 600
[2025-01-29 10:13:34,678][gurobipy][INFO] - Gurobi Optimizer version 11.0.2 build v11.0.2rc0 (linux64)
[2025-01-29 10:13:34,679][gurobipy][INFO] - 
[2025-01-29 10:13:34,679][gurobipy][INFO] - CPU model: AMD EPYC 7543 32-Core Processor, instruction set [SSE2|AVX|AVX2]
[2025-01-29 10:13:34,679][gurobipy][INFO] - Thread count: 64 physical cores, 128 logical processors, using up to 32 threads
[2025-01-29 10:13:34,679][gurobipy][INFO] - 
[2025-01-29 10:13:34,679][gurobipy][INFO] - Optimize a model with 203613 rows, 3152 columns and 527539 nonzeros
[2025-01-29 10:13:34,683][gurobipy][INFO] - Model fingerprint: 0x7378477f
[2025-01-29 10:13:34,683][gurobipy][INFO] - Variable types: 3086 continuous, 66 integer (66 binary)
[2025-01-29 10:13:34,684][gurobipy][INFO] - Coefficient statistics:
[2025-01-29 10:13:34,684][gurobipy][INFO] -   Matrix range     [3e-04, 2e+00]
[2025-01-29 10:13:34,684][gurobipy][INFO] -   Objective range  [1e+00, 1e+00]
[2025-01-29 10:13:34,684][gurobipy][INFO] -   Bounds range     [1e+00, 1e+00]
[2025-01-29 10:13:34,684][gurobipy][INFO] -   RHS range        [1e+00, 1e+01]
[2025-01-29 10:13:34,713][gurobipy][INFO] - Found heuristic solution: objective 0.0000000
[2025-01-29 10:13:35,745][gurobipy][INFO] - Presolve removed 49357 rows and 2 columns
[2025-01-29 10:13:35,745][gurobipy][INFO] - Presolve time: 1.03s
[2025-01-29 10:13:35,745][gurobipy][INFO] - Presolved: 154256 rows, 3150 columns, 465848 nonzeros
[2025-01-29 10:13:35,850][gurobipy][INFO] - Variable types: 3086 continuous, 64 integer (64 binary)
[2025-01-29 10:13:36,014][gurobipy][INFO] - Root relaxation presolved: 3150 rows, 157406 columns, 468998 nonzeros
[2025-01-29 10:13:36,014][gurobipy][INFO] - 
[2025-01-29 10:13:36,083][gurobipy][INFO] - 
[2025-01-29 10:13:36,083][gurobipy][INFO] - Root relaxation: objective 1.000000e+00, 151 iterations, 0.23 seconds (0.42 work units)
[2025-01-29 10:13:36,105][gurobipy][INFO] - 
[2025-01-29 10:13:36,105][gurobipy][INFO] -     Nodes    |    Current Node    |     Objective Bounds      |     Work
[2025-01-29 10:13:36,105][gurobipy][INFO] -  Expl Unexpl |  Obj  Depth IntInf | Incumbent    BestBd   Gap | It/Node Time
[2025-01-29 10:13:36,105][gurobipy][INFO] - 
[2025-01-29 10:13:36,105][gurobipy][INFO] -      0     0    1.00000    0    6    0.00000    1.00000      -     -    1s
[2025-01-29 10:13:36,134][gurobipy][INFO] - H    0     0                       0.0185150    1.00000  5301%     -    1s
[2025-01-29 10:13:36,385][gurobipy][INFO] - H    0     0                       0.0299620    1.00000  3238%     -    1s
[2025-01-29 10:13:36,476][gurobipy][INFO] - H    0     0                       0.0340571    1.00000  2836%     -    1s
[2025-01-29 10:13:36,767][gurobipy][INFO] -      0     0    1.00000    0    3    0.03406    1.00000  2836%     -    2s
[2025-01-29 10:13:37,124][gurobipy][INFO] - H    0     0                       0.0444965    1.00000  2147%     -    2s
[2025-01-29 10:13:43,782][gurobipy][INFO] -      0     0    1.00000    0   64    0.04450    1.00000  2147%     -    9s
[2025-01-29 10:13:45,472][gurobipy][INFO] -      0     0    1.00000    0   40    0.04450    1.00000  2147%     -   10s
[2025-01-29 10:13:49,419][gurobipy][INFO] -      0     0    1.00000    0    7    0.04450    1.00000  2147%     -   14s
[2025-01-29 10:13:49,655][gurobipy][INFO] - H    0     0                       0.0599982    1.00000  1567%     -   14s
[2025-01-29 10:13:49,840][gurobipy][INFO] -      0     0    1.00000    0    8    0.06000    1.00000  1567%     -   15s
[2025-01-29 10:13:52,827][gurobipy][INFO] -      0     0    1.00000    0   36    0.06000    1.00000  1567%     -   18s
[2025-01-29 10:14:03,229][gurobipy][INFO] -      0     0    1.00000    0   35    0.06000    1.00000  1567%     -   28s
[2025-01-29 10:14:04,595][gurobipy][INFO] - H    0     0                       0.2580079    1.00000   288%     -   29s
[2025-01-29 10:14:04,654][gurobipy][INFO] - H    0     0                       0.2582761    1.00000   287%     -   29s
[2025-01-29 10:14:05,482][gurobipy][INFO] -      0     0    1.00000    0   31    0.25828    1.00000   287%     -   30s
[2025-01-29 10:14:14,533][gurobipy][INFO] -      0     0    1.00000    0   30    0.25828    1.00000   287%     -   39s
[2025-01-29 10:14:16,081][gurobipy][INFO] -      0     0    1.00000    0   30    0.25828    1.00000   287%     -   41s
[2025-01-29 10:14:20,688][gurobipy][INFO] -      0     0    1.00000    0   30    0.25828    1.00000   287%     -   46s
[2025-01-29 10:14:21,290][gurobipy][INFO] -      0     0    1.00000    0   30    0.25828    1.00000   287%     -   46s
[2025-01-29 10:14:25,607][gurobipy][INFO] -      0     0    1.00000    0   30    0.25828    1.00000   287%     -   50s
[2025-01-29 10:14:26,161][gurobipy][INFO] -      0     0    1.00000    0   30    0.25828    1.00000   287%     -   51s
[2025-01-29 10:14:29,970][gurobipy][INFO] -      0     0    1.00000    0    1    0.25828    1.00000   287%     -   55s
[2025-01-29 10:14:31,122][gurobipy][INFO] -      0     0    1.00000    0   24    0.25828    1.00000   287%     -   56s
[2025-01-29 10:14:34,737][gurobipy][INFO] -      0     0    1.00000    0   23    0.25828    1.00000   287%     -   60s
[2025-01-29 10:14:38,199][gurobipy][INFO] -      0     0    1.00000    0   23    0.25828    1.00000   287%     -   63s
[2025-01-29 10:14:53,359][gurobipy][INFO] -      0     2    1.00000    0   23    0.25828    1.00000   287%     -   78s
[2025-01-29 10:14:54,728][gurobipy][INFO] -      7     2    1.00000    4   19    0.25828    1.00000   287%   766   80s
[2025-01-29 10:15:00,391][gurobipy][INFO] -     25     4    0.87913   13   20    0.25828    1.00000   287%   437   85s
[2025-01-29 10:15:06,097][gurobipy][INFO] -     44    16    0.79227   17   12    0.25828    0.83063   222%   594   91s
[2025-01-29 10:15:10,130][gurobipy][INFO] -     90    28    0.75341   20   14    0.25828    0.79680   209%   390   95s
[2025-01-29 10:15:14,951][gurobipy][INFO] -    209   106 infeasible   23         0.25828    0.76144   195%   304  100s
[2025-01-29 10:15:19,757][gurobipy][INFO] -    443    21 infeasible   24         0.25828    0.67237   160%   257  105s
[2025-01-29 10:15:21,976][gurobipy][INFO] - 
[2025-01-29 10:15:21,976][gurobipy][INFO] - Cutting planes:
[2025-01-29 10:15:21,976][gurobipy][INFO] -   Cover: 1
[2025-01-29 10:15:21,976][gurobipy][INFO] -   Implied bound: 2
[2025-01-29 10:15:21,976][gurobipy][INFO] -   MIR: 7
[2025-01-29 10:15:21,976][gurobipy][INFO] -   RLT: 1
[2025-01-29 10:15:21,991][gurobipy][INFO] - 
[2025-01-29 10:15:21,991][gurobipy][INFO] - Explored 516 nodes (177905 simplex iterations) in 107.31 seconds (260.62 work units)
[2025-01-29 10:15:21,991][gurobipy][INFO] - Thread count was 32 (of 128 available processors)
[2025-01-29 10:15:21,991][gurobipy][INFO] - 
[2025-01-29 10:15:21,991][gurobipy][INFO] - Solution count 8: 0.258276 0.258008 0.0599982 ... 8.74856e-14
[2025-01-29 10:15:21,991][gurobipy][INFO] - No other solutions better than 0.258276
[2025-01-29 10:15:21,991][gurobipy][INFO] - 
[2025-01-29 10:15:21,991][gurobipy][INFO] - Optimal solution found (tolerance 1.00e-04)
[2025-01-29 10:15:21,993][gurobipy][INFO] - Best objective 2.582760595647e-01, best bound 2.582760595647e-01, gap 0.0000%
[2025-01-29 10:15:23,016][__main__][INFO] - Finished size 6132 (3/5)
[2025-01-29 10:15:53,358][gurobipy][INFO] - Set parameter TimeLimit to value 600
[2025-01-29 10:15:53,457][gurobipy][INFO] - Gurobi Optimizer version 11.0.2 build v11.0.2rc0 (linux64)
[2025-01-29 10:15:53,457][gurobipy][INFO] - 
[2025-01-29 10:15:53,469][gurobipy][INFO] - CPU model: AMD EPYC 7543 32-Core Processor, instruction set [SSE2|AVX|AVX2]
[2025-01-29 10:15:53,470][gurobipy][INFO] - Thread count: 64 physical cores, 128 logical processors, using up to 32 threads
[2025-01-29 10:15:53,470][gurobipy][INFO] - 
[2025-01-29 10:15:53,470][gurobipy][INFO] - Optimize a model with 367821 rows, 5640 columns and 952987 nonzeros
[2025-01-29 10:15:53,477][gurobipy][INFO] - Model fingerprint: 0x372bc756
[2025-01-29 10:15:53,477][gurobipy][INFO] - Variable types: 5574 continuous, 66 integer (66 binary)
[2025-01-29 10:15:53,478][gurobipy][INFO] - Coefficient statistics:
[2025-01-29 10:15:53,478][gurobipy][INFO] -   Matrix range     [1e-04, 2e+00]
[2025-01-29 10:15:53,478][gurobipy][INFO] -   Objective range  [1e+00, 1e+00]
[2025-01-29 10:15:53,478][gurobipy][INFO] -   Bounds range     [1e+00, 1e+00]
[2025-01-29 10:15:53,478][gurobipy][INFO] -   RHS range        [1e+00, 1e+01]
[2025-01-29 10:15:53,531][gurobipy][INFO] - Found heuristic solution: objective -0.0000000
[2025-01-29 10:15:55,455][gurobipy][INFO] - Presolve removed 83593 rows and 1 columns
[2025-01-29 10:15:55,455][gurobipy][INFO] - Presolve time: 1.92s
[2025-01-29 10:15:55,455][gurobipy][INFO] - Presolved: 284228 rows, 5639 columns, 858252 nonzeros
[2025-01-29 10:15:55,636][gurobipy][INFO] - Variable types: 5574 continuous, 65 integer (65 binary)
[2025-01-29 10:15:55,926][gurobipy][INFO] - Root relaxation presolved: 5639 rows, 289867 columns, 863891 nonzeros
[2025-01-29 10:15:55,926][gurobipy][INFO] - 
[2025-01-29 10:15:56,022][gurobipy][INFO] - 
[2025-01-29 10:15:56,022][gurobipy][INFO] - Root relaxation: objective 1.000000e+00, 26 iterations, 0.38 seconds (0.72 work units)
[2025-01-29 10:15:56,042][gurobipy][INFO] - 
[2025-01-29 10:15:56,042][gurobipy][INFO] -     Nodes    |    Current Node    |     Objective Bounds      |     Work
[2025-01-29 10:15:56,042][gurobipy][INFO] -  Expl Unexpl |  Obj  Depth IntInf | Incumbent    BestBd   Gap | It/Node Time
[2025-01-29 10:15:56,042][gurobipy][INFO] - 
[2025-01-29 10:15:56,042][gurobipy][INFO] -      0     0    1.00000    0    2   -0.00000    1.00000      -     -    2s
[2025-01-29 10:15:56,088][gurobipy][INFO] - H    0     0                       0.0017277    1.00000      -     -    2s
[2025-01-29 10:15:56,214][gurobipy][INFO] - H    0     0                       0.0078268    1.00000      -     -    2s
[2025-01-29 10:15:56,678][gurobipy][INFO] -      0     0    1.00000    0    3    0.00783    1.00000      -     -    3s
[2025-01-29 10:15:56,989][gurobipy][INFO] - H    0     0                       0.0408922    1.00000  2345%     -    3s
[2025-01-29 10:16:14,002][gurobipy][INFO] -      0     0    1.00000    0   63    0.04089    1.00000  2345%     -   20s
[2025-01-29 10:16:17,638][gurobipy][INFO] -      0     0    1.00000    0   38    0.04089    1.00000  2345%     -   24s
[2025-01-29 10:16:26,816][gurobipy][INFO] -      0     0    1.00000    0    4    0.04089    1.00000  2345%     -   33s
[2025-01-29 10:16:27,239][gurobipy][INFO] - H    0     0                       0.0410754    1.00000  2335%     -   33s
[2025-01-29 10:16:27,629][gurobipy][INFO] -      0     0    1.00000    0    4    0.04108    1.00000  2335%     -   34s
[2025-01-29 10:16:27,895][gurobipy][INFO] - H    0     0                       0.0756905    1.00000  1221%     -   34s
[2025-01-29 10:16:27,950][gurobipy][INFO] -      0     0    1.00000    0    4    0.07569    1.00000  1221%     -   34s
[2025-01-29 10:16:28,498][gurobipy][INFO] -      0     0    1.00000    0    4    0.07569    1.00000  1221%     -   35s
[2025-01-29 10:16:30,960][gurobipy][INFO] -      0     0    1.00000    0   26    0.07569    1.00000  1221%     -   37s
[2025-01-29 10:16:31,283][gurobipy][INFO] -      0     0    1.00000    0   22    0.07569    1.00000  1221%     -   37s
[2025-01-29 10:16:39,823][gurobipy][INFO] -      0     0    1.00000    0   21    0.07569    1.00000  1221%     -   46s
[2025-01-29 10:16:40,334][gurobipy][INFO] - H    0     0                       0.1990324    1.00000   402%     -   46s
[2025-01-29 10:16:41,914][gurobipy][INFO] -      0     0    1.00000    0   21    0.19903    1.00000   402%     -   48s
[2025-01-29 10:16:42,240][gurobipy][INFO] -      0     0    1.00000    0   20    0.19903    1.00000   402%     -   48s
[2025-01-29 10:16:49,226][gurobipy][INFO] -      0     0    1.00000    0   18    0.19903    1.00000   402%     -   55s
[2025-01-29 10:16:56,020][gurobipy][INFO] -      0     0    1.00000    0   24    0.19903    1.00000   402%     -   62s
[2025-01-29 10:16:56,728][gurobipy][INFO] -      0     0    1.00000    0   20    0.19903    1.00000   402%     -   63s
[2025-01-29 10:17:08,858][gurobipy][INFO] -      0     0    1.00000    0   22    0.19903    1.00000   402%     -   75s
[2025-01-29 10:17:09,391][gurobipy][INFO] - H    0     0                       0.2545458    1.00000   293%     -   75s
[2025-01-29 10:17:12,086][gurobipy][INFO] -      0     0    1.00000    0   21    0.25455    1.00000   293%     -   78s
[2025-01-29 10:17:20,826][gurobipy][INFO] -      0     0    1.00000    0   21    0.25455    1.00000   293%     -   87s
[2025-01-29 10:17:25,945][gurobipy][INFO] -      0     0    1.00000    0   21    0.25455    1.00000   293%     -   92s
[2025-01-29 10:17:56,482][gurobipy][INFO] -      0     2    1.00000    0   21    0.25455    1.00000   293%     -  123s
[2025-01-29 10:17:58,529][gurobipy][INFO] -      3     2    1.00000    2   19    0.25455    1.00000   293%  1415  125s
[2025-01-29 10:18:05,101][gurobipy][INFO] -     11     2    1.00000    6   15    0.25455    1.00000   293%  1146  131s
[2025-01-29 10:18:08,808][gurobipy][INFO] -     15     4    1.00000    8   12    0.25455    1.00000   293%  1116  135s
[2025-01-29 10:18:18,924][gurobipy][INFO] -     21     4    1.00000   10   13    0.25455    1.00000   293%  1722  145s
[2025-01-29 10:18:24,672][gurobipy][INFO] -     29     4    0.75000   12    8    0.25455    1.00000   293%  1621  151s
[2025-01-29 10:18:29,580][gurobipy][INFO] -     40     4    0.44998   15   12    0.25455    0.59696   135%  1568  156s
[2025-01-29 10:18:34,247][gurobipy][INFO] -     50     6    0.26057   17   10    0.25455    0.38452  51.1%  1479  160s
[2025-01-29 10:18:35,767][gurobipy][INFO] - 
[2025-01-29 10:18:35,767][gurobipy][INFO] - Cutting planes:
[2025-01-29 10:18:35,767][gurobipy][INFO] -   Gomory: 1
[2025-01-29 10:18:35,768][gurobipy][INFO] -   Implied bound: 2
[2025-01-29 10:18:35,768][gurobipy][INFO] -   MIR: 5
[2025-01-29 10:18:35,777][gurobipy][INFO] - 
[2025-01-29 10:18:35,777][gurobipy][INFO] - Explored 68 nodes (126855 simplex iterations) in 162.31 seconds (459.00 work units)
[2025-01-29 10:18:35,777][gurobipy][INFO] - Thread count was 32 (of 128 available processors)
[2025-01-29 10:18:35,777][gurobipy][INFO] - 
[2025-01-29 10:18:35,777][gurobipy][INFO] - Solution count 8: 0.254546 0.199032 0.0756905 ... -0
[2025-01-29 10:18:35,777][gurobipy][INFO] - No other solutions better than 0.254546
[2025-01-29 10:18:35,777][gurobipy][INFO] - 
[2025-01-29 10:18:35,777][gurobipy][INFO] - Optimal solution found (tolerance 1.00e-04)
[2025-01-29 10:18:35,780][gurobipy][INFO] - Best objective 2.545457742494e-01, best bound 2.545457742494e-01, gap 0.0000%
[2025-01-29 10:18:36,169][__main__][INFO] - Finished size 15183 (4/5)
[2025-01-29 10:19:32,276][gurobipy][INFO] - Set parameter TimeLimit to value 600
[2025-01-29 10:19:32,415][gurobipy][INFO] - Gurobi Optimizer version 11.0.2 build v11.0.2rc0 (linux64)
[2025-01-29 10:19:32,415][gurobipy][INFO] - 
[2025-01-29 10:19:32,426][gurobipy][INFO] - CPU model: AMD EPYC 7543 32-Core Processor, instruction set [SSE2|AVX|AVX2]
[2025-01-29 10:19:32,427][gurobipy][INFO] - Thread count: 64 physical cores, 128 logical processors, using up to 32 threads
[2025-01-29 10:19:32,427][gurobipy][INFO] - 
[2025-01-29 10:19:32,427][gurobipy][INFO] - Optimize a model with 639873 rows, 9762 columns and 1657849 nonzeros
[2025-01-29 10:19:32,440][gurobipy][INFO] - Model fingerprint: 0xb6eeb5c3
[2025-01-29 10:19:32,440][gurobipy][INFO] - Variable types: 9696 continuous, 66 integer (66 binary)
[2025-01-29 10:19:32,442][gurobipy][INFO] - Coefficient statistics:
[2025-01-29 10:19:32,442][gurobipy][INFO] -   Matrix range     [5e-05, 2e+00]
[2025-01-29 10:19:32,442][gurobipy][INFO] -   Objective range  [1e+00, 1e+00]
[2025-01-29 10:19:32,442][gurobipy][INFO] -   Bounds range     [1e+00, 1e+00]
[2025-01-29 10:19:32,442][gurobipy][INFO] -   RHS range        [1e+00, 1e+01]
[2025-01-29 10:19:32,536][gurobipy][INFO] - Found heuristic solution: objective -0.0000000
[2025-01-29 10:19:36,162][gurobipy][INFO] - Presolve removed 145421 rows and 1 columns
[2025-01-29 10:19:36,162][gurobipy][INFO] - Presolve time: 3.63s
[2025-01-29 10:19:36,162][gurobipy][INFO] - Presolved: 494452 rows, 9761 columns, 1493046 nonzeros
[2025-01-29 10:19:36,477][gurobipy][INFO] - Variable types: 9696 continuous, 65 integer (65 binary)
[2025-01-29 10:19:37,017][gurobipy][INFO] - Root relaxation presolved: 9761 rows, 504213 columns, 1502807 nonzeros
[2025-01-29 10:19:37,017][gurobipy][INFO] - 
[2025-01-29 10:19:37,248][gurobipy][INFO] - 
[2025-01-29 10:19:37,248][gurobipy][INFO] - Root relaxation: objective 1.000000e+00, 120 iterations, 0.76 seconds (1.41 work units)
[2025-01-29 10:19:37,361][gurobipy][INFO] - 
[2025-01-29 10:19:37,361][gurobipy][INFO] -     Nodes    |    Current Node    |     Objective Bounds      |     Work
[2025-01-29 10:19:37,361][gurobipy][INFO] -  Expl Unexpl |  Obj  Depth IntInf | Incumbent    BestBd   Gap | It/Node Time
[2025-01-29 10:19:37,361][gurobipy][INFO] - 
[2025-01-29 10:19:37,361][gurobipy][INFO] -      0     0    1.00000    0    2   -0.00000    1.00000      -     -    4s
[2025-01-29 10:19:37,463][gurobipy][INFO] - H    0     0                       0.0035330    1.00000      -     -    5s
[2025-01-29 10:19:45,158][gurobipy][INFO] - H    0     0                       0.0354651    1.00000  2720%     -   12s
[2025-01-29 10:19:46,316][gurobipy][INFO] -      0     0    1.00000    0   14    0.03547    1.00000  2720%     -   13s
[2025-01-29 10:19:46,449][gurobipy][INFO] -      0     0    1.00000    0    7    0.03547    1.00000  2720%     -   14s
[2025-01-29 10:20:19,279][gurobipy][INFO] -      0     0    1.00000    0   61    0.03547    1.00000  2720%     -   46s
[2025-01-29 10:20:24,567][gurobipy][INFO] -      0     0    1.00000    0   42    0.03547    1.00000  2720%     -   52s
[2025-01-29 10:20:24,627][gurobipy][INFO] -      0     0    1.00000    0   42    0.03547    1.00000  2720%     -   52s
[2025-01-29 10:20:43,505][gurobipy][INFO] -      0     0    1.00000    0    6    0.03547    1.00000  2720%     -   71s
[2025-01-29 10:20:45,748][gurobipy][INFO] -      0     0    1.00000    0    4    0.03547    1.00000  2720%     -   73s
[2025-01-29 10:21:04,914][gurobipy][INFO] -      0     0    1.00000    0   39    0.03547    1.00000  2720%     -   92s
[2025-01-29 10:21:28,249][gurobipy][INFO] -      0     0    1.00000    0   37    0.03547    1.00000  2720%     -  115s
[2025-01-29 10:21:30,357][gurobipy][INFO] - H    0     0                       0.0431041    1.00000  2220%     -  117s
[2025-01-29 10:21:30,855][gurobipy][INFO] - H    0     0                       0.0633647    1.00000  1478%     -  118s
[2025-01-29 10:21:31,635][gurobipy][INFO] -      0     0    1.00000    0   37    0.06336    1.00000  1478%     -  119s
[2025-01-29 10:21:47,689][gurobipy][INFO] -      0     0    1.00000    0   37    0.06336    1.00000  1478%     -  135s
[2025-01-29 10:21:48,536][gurobipy][INFO] - H    0     0                       0.2150299    1.00000   365%     -  136s
[2025-01-29 10:21:48,685][gurobipy][INFO] -      0     0    1.00000    0   36    0.21503    1.00000   365%     -  136s
[2025-01-29 10:21:55,820][gurobipy][INFO] -      0     0    1.00000    0   36    0.21503    1.00000   365%     -  143s
[2025-01-29 10:21:56,710][gurobipy][INFO] -      0     0    1.00000    0   36    0.21503    1.00000   365%     -  144s
[2025-01-29 10:22:03,774][gurobipy][INFO] -      0     0    1.00000    0   36    0.21503    1.00000   365%     -  151s
[2025-01-29 10:22:04,900][gurobipy][INFO] -      0     0    1.00000    0   36    0.21503    1.00000   365%     -  152s
[2025-01-29 10:22:10,868][gurobipy][INFO] -      0     0    1.00000    0   34    0.21503    1.00000   365%     -  158s
[2025-01-29 10:22:18,658][gurobipy][INFO] -      0     0    1.00000    0   34    0.21503    1.00000   365%     -  166s
[2025-01-29 10:22:23,557][gurobipy][INFO] - H    0     0                       0.2258168    1.00000   343%     -  171s
[2025-01-29 10:22:38,218][gurobipy][INFO] -      0     2    1.00000    0   34    0.22582    1.00000   343%     -  185s
[2025-01-29 10:22:42,472][gurobipy][INFO] -     19     2    1.00000   10   20    0.22582    1.00000   343%   118  190s
[2025-01-29 10:22:49,636][gurobipy][INFO] -     49     4    1.00000   25    9    0.22582    1.00000   343%   142  197s
[2025-01-29 10:22:54,530][gurobipy][INFO] -     51     6    1.00000   26    9    0.22582    1.00000   343%   406  202s
[2025-01-29 10:22:56,513][gurobipy][INFO] - H   57     6                       0.2367052    1.00000   322%   460  204s
[2025-01-29 10:23:30,597][gurobipy][INFO] -     61     6    0.69401   28   14    0.23671    1.00000   322%   587  238s
[2025-01-29 10:23:40,089][gurobipy][INFO] -     66    10    0.59237   29   13    0.23671    1.00000   322%   813  247s
[2025-01-29 10:23:44,123][gurobipy][INFO] -     72    14    0.52897   30   12    0.23671    0.60389   155%  1054  251s
[2025-01-29 10:23:44,131][gurobipy][INFO] - *   81    14              30       0.2521005    0.55634   121%  1055  251s
[2025-01-29 10:23:48,446][gurobipy][INFO] -     82     4    0.36604   31   12    0.25210    0.55634   121%  1077  256s
[2025-01-29 10:23:48,454][gurobipy][INFO] - *   87     4              31       0.2535499    0.55634   119%  1069  256s
[2025-01-29 10:23:53,487][gurobipy][INFO] -     99     4    0.26675   33   10    0.25355    0.33287  31.3%  1082  261s
[2025-01-29 10:23:54,975][gurobipy][INFO] - 
[2025-01-29 10:23:54,975][gurobipy][INFO] - Cutting planes:
[2025-01-29 10:23:54,975][gurobipy][INFO] -   Lift-and-project: 1
[2025-01-29 10:23:54,975][gurobipy][INFO] -   Cover: 1
[2025-01-29 10:23:54,975][gurobipy][INFO] -   Implied bound: 2
[2025-01-29 10:23:54,975][gurobipy][INFO] -   MIR: 9
[2025-01-29 10:23:54,975][gurobipy][INFO] -   RLT: 5
[2025-01-29 10:23:54,993][gurobipy][INFO] - 
[2025-01-29 10:23:54,993][gurobipy][INFO] - Explored 113 nodes (148717 simplex iterations) in 262.57 seconds (742.02 work units)
[2025-01-29 10:23:54,993][gurobipy][INFO] - Thread count was 32 (of 128 available processors)
[2025-01-29 10:23:54,993][gurobipy][INFO] - 
[2025-01-29 10:23:54,993][gurobipy][INFO] - Solution count 10: 0.25355 0.252101 0.236705 ... 0.003533
[2025-01-29 10:23:54,993][gurobipy][INFO] - No other solutions better than 0.25355
[2025-01-29 10:23:54,993][gurobipy][INFO] - 
[2025-01-29 10:23:54,993][gurobipy][INFO] - Optimal solution found (tolerance 1.00e-04)
[2025-01-29 10:23:55,007][gurobipy][INFO] - Best objective 2.535499032175e-01, best bound 2.535499032175e-01, gap 0.0000%
[2025-01-29 10:23:55,532][__main__][INFO] - Finished size 37595 (5/5)
