[2025-01-29 09:17:16,643][gurobipy][INFO] - Set parameter TokenServer to value "147.32.84.36"
[2025-01-29 09:17:18,883][gurobipy][INFO] - Set parameter TimeLimit to value 600
[2025-01-29 09:17:18,893][gurobipy][INFO] - Gurobi Optimizer version 11.0.2 build v11.0.2rc0 (linux64)
[2025-01-29 09:17:18,894][gurobipy][INFO] - 
[2025-01-29 09:17:18,906][gurobipy][INFO] - CPU model: AMD EPYC 7543 32-Core Processor, instruction set [SSE2|AVX|AVX2]
[2025-01-29 09:17:18,906][gurobipy][INFO] - Thread count: 64 physical cores, 128 logical processors, using up to 32 threads
[2025-01-29 09:17:18,906][gurobipy][INFO] - 
[2025-01-29 09:17:18,906][gurobipy][INFO] - Optimize a model with 53133 rows, 872 columns and 137659 nonzeros
[2025-01-29 09:17:18,907][gurobipy][INFO] - Model fingerprint: 0x39569217
[2025-01-29 09:17:18,907][gurobipy][INFO] - Variable types: 806 continuous, 66 integer (66 binary)
[2025-01-29 09:17:18,908][gurobipy][INFO] - Coefficient statistics:
[2025-01-29 09:17:18,908][gurobipy][INFO] -   Matrix range     [1e-03, 2e+00]
[2025-01-29 09:17:18,908][gurobipy][INFO] -   Objective range  [1e+00, 1e+00]
[2025-01-29 09:17:18,908][gurobipy][INFO] -   Bounds range     [1e+00, 1e+00]
[2025-01-29 09:17:18,908][gurobipy][INFO] -   RHS range        [1e+00, 1e+01]
[2025-01-29 09:17:18,915][gurobipy][INFO] - Found heuristic solution: objective -0.0000000
[2025-01-29 09:17:19,173][gurobipy][INFO] - Presolve removed 17688 rows and 8 columns
[2025-01-29 09:17:19,173][gurobipy][INFO] - Presolve time: 0.26s
[2025-01-29 09:17:19,173][gurobipy][INFO] - Presolved: 35445 rows, 864 columns, 107135 nonzeros
[2025-01-29 09:17:19,197][gurobipy][INFO] - Variable types: 806 continuous, 58 integer (58 binary)
[2025-01-29 09:17:19,231][gurobipy][INFO] - Root relaxation presolved: 864 rows, 36309 columns, 107999 nonzeros
[2025-01-29 09:17:19,231][gurobipy][INFO] - 
[2025-01-29 09:17:19,249][gurobipy][INFO] - 
[2025-01-29 09:17:19,249][gurobipy][INFO] - Root relaxation: objective 1.000000e+00, 459 iterations, 0.05 seconds (0.11 work units)
[2025-01-29 09:17:19,261][gurobipy][INFO] - 
[2025-01-29 09:17:19,261][gurobipy][INFO] -     Nodes    |    Current Node    |     Objective Bounds      |     Work
[2025-01-29 09:17:19,261][gurobipy][INFO] -  Expl Unexpl |  Obj  Depth IntInf | Incumbent    BestBd   Gap | It/Node Time
[2025-01-29 09:17:19,261][gurobipy][INFO] - 
[2025-01-29 09:17:19,261][gurobipy][INFO] -      0     0    1.00000    0    2   -0.00000    1.00000      -     -    0s
[2025-01-29 09:17:19,267][gurobipy][INFO] - H    0     0                       0.0183549    1.00000  5348%     -    0s
[2025-01-29 09:17:19,283][gurobipy][INFO] - H    0     0                       0.0198452    1.00000  4939%     -    0s
[2025-01-29 09:17:19,291][gurobipy][INFO] - H    0     0                       0.0213355    1.00000  4587%     -    0s
[2025-01-29 09:17:19,932][gurobipy][INFO] -      0     0    1.00000    0   54    0.02134    1.00000  4587%     -    1s
[2025-01-29 09:17:19,941][gurobipy][INFO] -      0     0    1.00000    0   53    0.02134    1.00000  4587%     -    1s
[2025-01-29 09:17:20,069][gurobipy][INFO] - H    0     0                       0.1231660    1.00000   712%     -    1s
[2025-01-29 09:17:20,637][gurobipy][INFO] - H    0     0                       0.2249738    1.00000   344%     -    1s
[2025-01-29 09:17:22,917][gurobipy][INFO] -      0     0    0.97499    0    2    0.22497    0.97499   333%     -    4s
[2025-01-29 09:17:23,031][gurobipy][INFO] - H    0     0                       0.2280722    0.97499   327%     -    4s
[2025-01-29 09:17:23,352][gurobipy][INFO] -      0     0    0.97480    0    1    0.22807    0.97480   327%     -    4s
[2025-01-29 09:17:23,459][gurobipy][INFO] -      0     0    0.97480    0   15    0.22807    0.97480   327%     -    4s
[2025-01-29 09:17:23,480][gurobipy][INFO] -      0     0    0.97480    0   14    0.22807    0.97480   327%     -    4s
[2025-01-29 09:17:25,411][gurobipy][INFO] -      0     0    0.95649    0    2    0.22807    0.95649   319%     -    6s
[2025-01-29 09:17:25,591][gurobipy][INFO] -      0     0    0.95226    0    9    0.22807    0.95226   318%     -    6s
[2025-01-29 09:17:25,892][gurobipy][INFO] -      0     0    0.22807    0   25    0.22807    0.22807  0.00%     -    6s
[2025-01-29 09:17:25,893][gurobipy][INFO] - 
[2025-01-29 09:17:25,893][gurobipy][INFO] - Cutting planes:
[2025-01-29 09:17:25,893][gurobipy][INFO] -   Cover: 2
[2025-01-29 09:17:25,893][gurobipy][INFO] -   MIR: 5
[2025-01-29 09:17:25,894][gurobipy][INFO] - 
[2025-01-29 09:17:25,894][gurobipy][INFO] - Explored 1 nodes (12524 simplex iterations) in 6.99 seconds (13.77 work units)
[2025-01-29 09:17:25,894][gurobipy][INFO] - Thread count was 32 (of 128 available processors)
[2025-01-29 09:17:25,894][gurobipy][INFO] - 
[2025-01-29 09:17:25,894][gurobipy][INFO] - Solution count 7: 0.228072 0.224974 0.123166 ... -0
[2025-01-29 09:17:25,894][gurobipy][INFO] - No other solutions better than 0.228072
[2025-01-29 09:17:25,894][gurobipy][INFO] - 
[2025-01-29 09:17:25,895][gurobipy][INFO] - Optimal solution found (tolerance 1.00e-04)
[2025-01-29 09:17:25,895][gurobipy][INFO] - Best objective 2.280722416753e-01, best bound 2.280722416753e-01, gap 0.0000%
[2025-01-29 09:17:25,934][__main__][INFO] - Finished size 1000 (1/5)
[2025-01-29 09:17:34,787][gurobipy][INFO] - Set parameter TimeLimit to value 600
[2025-01-29 09:17:34,811][gurobipy][INFO] - Gurobi Optimizer version 11.0.2 build v11.0.2rc0 (linux64)
[2025-01-29 09:17:34,811][gurobipy][INFO] - 
[2025-01-29 09:17:34,822][gurobipy][INFO] - CPU model: AMD EPYC 7543 32-Core Processor, instruction set [SSE2|AVX|AVX2]
[2025-01-29 09:17:34,822][gurobipy][INFO] - Thread count: 64 physical cores, 128 logical processors, using up to 32 threads
[2025-01-29 09:17:34,822][gurobipy][INFO] - 
[2025-01-29 09:17:34,822][gurobipy][INFO] - Optimize a model with 113193 rows, 1782 columns and 293269 nonzeros
[2025-01-29 09:17:34,825][gurobipy][INFO] - Model fingerprint: 0xc5294137
[2025-01-29 09:17:34,825][gurobipy][INFO] - Variable types: 1716 continuous, 66 integer (66 binary)
[2025-01-29 09:17:34,825][gurobipy][INFO] - Coefficient statistics:
[2025-01-29 09:17:34,825][gurobipy][INFO] -   Matrix range     [6e-04, 2e+00]
[2025-01-29 09:17:34,825][gurobipy][INFO] -   Objective range  [1e+00, 1e+00]
[2025-01-29 09:17:34,825][gurobipy][INFO] -   Bounds range     [1e+00, 1e+00]
[2025-01-29 09:17:34,825][gurobipy][INFO] -   RHS range        [1e+00, 1e+01]
[2025-01-29 09:17:34,841][gurobipy][INFO] - Found heuristic solution: objective 0.0000000
[2025-01-29 09:17:35,390][gurobipy][INFO] - Presolve removed 35992 rows and 7 columns
[2025-01-29 09:17:35,391][gurobipy][INFO] - Presolve time: 0.55s
[2025-01-29 09:17:35,391][gurobipy][INFO] - Presolved: 77201 rows, 1775 columns, 233313 nonzeros
[2025-01-29 09:17:35,442][gurobipy][INFO] - Variable types: 1716 continuous, 59 integer (59 binary)
[2025-01-29 09:17:35,520][gurobipy][INFO] - Root relaxation presolved: 1775 rows, 78976 columns, 235088 nonzeros
[2025-01-29 09:17:35,520][gurobipy][INFO] - 
[2025-01-29 09:17:35,552][gurobipy][INFO] - 
[2025-01-29 09:17:35,552][gurobipy][INFO] - Root relaxation: objective 1.000000e+00, 367 iterations, 0.11 seconds (0.20 work units)
[2025-01-29 09:17:35,569][gurobipy][INFO] - 
[2025-01-29 09:17:35,569][gurobipy][INFO] -     Nodes    |    Current Node    |     Objective Bounds      |     Work
[2025-01-29 09:17:35,569][gurobipy][INFO] -  Expl Unexpl |  Obj  Depth IntInf | Incumbent    BestBd   Gap | It/Node Time
[2025-01-29 09:17:35,569][gurobipy][INFO] - 
[2025-01-29 09:17:35,569][gurobipy][INFO] -      0     0    1.00000    0    9    0.00000    1.00000      -     -    0s
[2025-01-29 09:17:35,613][gurobipy][INFO] - H    0     0                       0.0222348    1.00000  4397%     -    0s
[2025-01-29 09:17:35,649][gurobipy][INFO] - H    0     0                       0.0244186    1.00000  3995%     -    0s
[2025-01-29 09:17:37,897][gurobipy][INFO] -      0     0    1.00000    0   59    0.02442    1.00000  3995%     -    3s
[2025-01-29 09:17:38,058][gurobipy][INFO] -      0     0    1.00000    0   54    0.02442    1.00000  3995%     -    3s
[2025-01-29 09:17:38,318][gurobipy][INFO] - H    0     0                       0.0511061    1.00000  1857%     -    3s
[2025-01-29 09:17:44,192][gurobipy][INFO] -      0     0    1.00000    0   50    0.05111    1.00000  1857%     -    9s
[2025-01-29 09:17:45,172][gurobipy][INFO] -      0     0    1.00000    0   50    0.05111    1.00000  1857%     -   10s
[2025-01-29 09:17:52,404][gurobipy][INFO] -      0     0    1.00000    0   49    0.05111    1.00000  1857%     -   17s
[2025-01-29 09:17:52,664][gurobipy][INFO] - H    0     0                       0.1252127    1.00000   699%     -   17s
[2025-01-29 09:17:53,585][gurobipy][INFO] -      0     0    1.00000    0   47    0.12521    1.00000   699%     -   18s
[2025-01-29 09:17:59,681][gurobipy][INFO] -      0     0    1.00000    0   10    0.12521    1.00000   699%     -   24s
[2025-01-29 09:17:59,939][gurobipy][INFO] - H    0     0                       0.1273965    1.00000   685%     -   25s
[2025-01-29 09:18:00,512][gurobipy][INFO] -      0     0    1.00000    0    6    0.12740    1.00000   685%     -   25s
[2025-01-29 09:18:00,888][gurobipy][INFO] -      0     0    1.00000    0    6    0.12740    1.00000   685%     -   26s
[2025-01-29 09:18:01,568][gurobipy][INFO] -      0     0    1.00000    0    9    0.12740    1.00000   685%     -   26s
[2025-01-29 09:18:01,697][gurobipy][INFO] - H    0     0                       0.2762337    1.00000   262%     -   26s
[2025-01-29 09:18:01,993][gurobipy][INFO] -      0     0    1.00000    0   10    0.27623    1.00000   262%     -   27s
[2025-01-29 09:18:05,493][gurobipy][INFO] -      0     0    1.00000    0    6    0.27623    1.00000   262%     -   30s
[2025-01-29 09:18:06,480][gurobipy][INFO] -      0     0    1.00000    0    6    0.27623    1.00000   262%     -   31s
[2025-01-29 09:18:08,404][gurobipy][INFO] -      0     2    1.00000    0    6    0.27623    1.00000   262%     -   33s
[2025-01-29 09:18:10,114][gurobipy][INFO] -      9     4    1.00000    5    7    0.27623    1.00000   262%  80.7   35s
[2025-01-29 09:18:14,854][gurobipy][INFO] -     15     8    1.00000    7   22    0.27623    1.00000   262%   474   40s
[2025-01-29 09:18:21,833][gurobipy][INFO] -     27    12    0.95652    9   30    0.27623    1.00000   262%   800   47s
[2025-01-29 09:18:24,937][gurobipy][INFO] -     89    14    0.94444   14   25    0.27623    0.94714   243%   357   50s
[2025-01-29 09:18:30,357][gurobipy][INFO] -    273    22    0.85401   26   14    0.27623    0.87295   216%   173   55s
[2025-01-29 09:18:34,977][gurobipy][INFO] -    460    65 infeasible   31         0.27623    0.77323   180%   143   60s
[2025-01-29 09:18:39,379][gurobipy][INFO] - 
[2025-01-29 09:18:39,379][gurobipy][INFO] - Cutting planes:
[2025-01-29 09:18:39,379][gurobipy][INFO] -   Implied bound: 2
[2025-01-29 09:18:39,379][gurobipy][INFO] -   MIR: 17
[2025-01-29 09:18:39,379][gurobipy][INFO] -   RLT: 3
[2025-01-29 09:18:39,383][gurobipy][INFO] - 
[2025-01-29 09:18:39,383][gurobipy][INFO] - Explored 745 nodes (126384 simplex iterations) in 64.56 seconds (142.76 work units)
[2025-01-29 09:18:39,383][gurobipy][INFO] - Thread count was 32 (of 128 available processors)
[2025-01-29 09:18:39,383][gurobipy][INFO] - 
[2025-01-29 09:18:39,383][gurobipy][INFO] - Solution count 7: 0.276234 0.127396 0.125213 ... 1.53211e-14
[2025-01-29 09:18:39,383][gurobipy][INFO] - No other solutions better than 0.276234
[2025-01-29 09:18:39,383][gurobipy][INFO] - 
[2025-01-29 09:18:39,383][gurobipy][INFO] - Optimal solution found (tolerance 1.00e-04)
[2025-01-29 09:18:39,384][gurobipy][INFO] - Best objective 2.762336925695e-01, best bound 2.762336925695e-01, gap 0.0000%
[2025-01-29 09:18:39,508][__main__][INFO] - Finished size 2583 (2/5)
[2025-01-29 09:18:58,096][gurobipy][INFO] - Set parameter TimeLimit to value 600
[2025-01-29 09:18:58,144][gurobipy][INFO] - Gurobi Optimizer version 11.0.2 build v11.0.2rc0 (linux64)
[2025-01-29 09:18:58,144][gurobipy][INFO] - 
[2025-01-29 09:18:58,156][gurobipy][INFO] - CPU model: AMD EPYC 7543 32-Core Processor, instruction set [SSE2|AVX|AVX2]
[2025-01-29 09:18:58,156][gurobipy][INFO] - Thread count: 64 physical cores, 128 logical processors, using up to 32 threads
[2025-01-29 09:18:58,156][gurobipy][INFO] - 
[2025-01-29 09:18:58,156][gurobipy][INFO] - Optimize a model with 230871 rows, 3565 columns and 598162 nonzeros
[2025-01-29 09:18:58,161][gurobipy][INFO] - Model fingerprint: 0x16ba3a4f
[2025-01-29 09:18:58,161][gurobipy][INFO] - Variable types: 3499 continuous, 66 integer (66 binary)
[2025-01-29 09:18:58,162][gurobipy][INFO] - Coefficient statistics:
[2025-01-29 09:18:58,162][gurobipy][INFO] -   Matrix range     [2e-04, 2e+00]
[2025-01-29 09:18:58,162][gurobipy][INFO] -   Objective range  [1e+00, 1e+00]
[2025-01-29 09:18:58,162][gurobipy][INFO] -   Bounds range     [1e+00, 1e+00]
[2025-01-29 09:18:58,162][gurobipy][INFO] -   RHS range        [1e+00, 1e+01]
[2025-01-29 09:18:58,195][gurobipy][INFO] - Found heuristic solution: objective -0.0000000
[2025-01-29 09:18:59,326][gurobipy][INFO] - Presolve removed 62953 rows and 4 columns
[2025-01-29 09:18:59,326][gurobipy][INFO] - Presolve time: 1.13s
[2025-01-29 09:18:59,326][gurobipy][INFO] - Presolved: 167918 rows, 3561 columns, 507247 nonzeros
[2025-01-29 09:18:59,435][gurobipy][INFO] - Variable types: 3499 continuous, 62 integer (62 binary)
[2025-01-29 09:18:59,616][gurobipy][INFO] - Root relaxation presolved: 3561 rows, 171479 columns, 510808 nonzeros
[2025-01-29 09:18:59,617][gurobipy][INFO] - 
[2025-01-29 09:18:59,691][gurobipy][INFO] - 
[2025-01-29 09:18:59,691][gurobipy][INFO] - Root relaxation: objective 1.000000e+00, 59 iterations, 0.25 seconds (0.42 work units)
[2025-01-29 09:18:59,707][gurobipy][INFO] - 
[2025-01-29 09:18:59,707][gurobipy][INFO] -     Nodes    |    Current Node    |     Objective Bounds      |     Work
[2025-01-29 09:18:59,707][gurobipy][INFO] -  Expl Unexpl |  Obj  Depth IntInf | Incumbent    BestBd   Gap | It/Node Time
[2025-01-29 09:18:59,707][gurobipy][INFO] - 
[2025-01-29 09:18:59,708][gurobipy][INFO] -      0     0    1.00000    0    1   -0.00000    1.00000      -     -    1s
[2025-01-29 09:18:59,715][gurobipy][INFO] - H    0     0                       0.0090368    1.00000      -     -    1s
[2025-01-29 09:18:59,823][gurobipy][INFO] - H    0     0                       0.0478628    1.00000  1989%     -    1s
[2025-01-29 09:18:59,921][gurobipy][INFO] - H    0     0                       0.0731248    1.00000  1268%     -    1s
[2025-01-29 09:19:00,137][gurobipy][INFO] -      0     0    1.00000    0    2    0.07312    1.00000  1268%     -    1s
[2025-01-29 09:19:02,476][gurobipy][INFO] -      0     0    1.00000    0    2    0.07312    1.00000  1268%     -    4s
[2025-01-29 09:19:02,656][gurobipy][INFO] -      0     0    1.00000    0    2    0.07312    1.00000  1268%     -    4s
[2025-01-29 09:19:09,493][gurobipy][INFO] -      0     0    1.00000    0   62    0.07312    1.00000  1268%     -   11s
[2025-01-29 09:19:11,430][gurobipy][INFO] -      0     0    1.00000    0   33    0.07312    1.00000  1268%     -   13s
[2025-01-29 09:19:11,988][gurobipy][INFO] -      0     0    1.00000    0   31    0.07312    1.00000  1268%     -   13s
[2025-01-29 09:19:14,822][gurobipy][INFO] -      0     0    1.00000    0    5    0.07312    1.00000  1268%     -   16s
[2025-01-29 09:19:15,486][gurobipy][INFO] -      0     0    1.00000    0    1    0.07312    1.00000  1268%     -   17s
[2025-01-29 09:19:16,023][gurobipy][INFO] - H    0     0                       0.1397484    1.00000   616%     -   17s
[2025-01-29 09:19:18,470][gurobipy][INFO] -      0     0    1.00000    0   24    0.13975    1.00000   616%     -   20s
[2025-01-29 09:19:18,968][gurobipy][INFO] -      0     0    1.00000    0   15    0.13975    1.00000   616%     -   20s
[2025-01-29 09:19:23,126][gurobipy][INFO] -      0     0    1.00000    0   16    0.13975    1.00000   616%     -   24s
[2025-01-29 09:19:23,454][gurobipy][INFO] -      0     0    1.00000    0   16    0.13975    1.00000   616%     -   25s
[2025-01-29 09:19:27,472][gurobipy][INFO] -      0     0    1.00000    0   15    0.13975    1.00000   616%     -   29s
[2025-01-29 09:19:27,864][gurobipy][INFO] -      0     0    1.00000    0   15    0.13975    1.00000   616%     -   29s
[2025-01-29 09:19:31,108][gurobipy][INFO] -      0     0    1.00000    0   15    0.13975    1.00000   616%     -   32s
[2025-01-29 09:19:32,344][gurobipy][INFO] -      0     0    1.00000    0   17    0.13975    1.00000   616%     -   34s
[2025-01-29 09:19:36,836][gurobipy][INFO] -      0     0    1.00000    0   17    0.13975    1.00000   616%     -   38s
[2025-01-29 09:19:37,520][gurobipy][INFO] -      0     0    1.00000    0   17    0.13975    1.00000   616%     -   39s
[2025-01-29 09:19:41,763][gurobipy][INFO] -      0     0    1.00000    0   18    0.13975    1.00000   616%     -   43s
[2025-01-29 09:19:45,539][gurobipy][INFO] -      0     0    1.00000    0   18    0.13975    1.00000   616%     -   47s
[2025-01-29 09:20:00,004][gurobipy][INFO] -      0     2    1.00000    0   18    0.13975    1.00000   616%     -   61s
[2025-01-29 09:20:04,034][gurobipy][INFO] -      7    12    1.00000    3   15    0.13975    1.00000   616%  2630   65s
[2025-01-29 09:20:08,254][gurobipy][INFO] -     25    18    0.75000    5    8    0.13975    1.00000   616%  1404   70s
[2025-01-29 09:20:09,397][gurobipy][INFO] - H   39    16                       0.2701587    0.74996   178%  1249   71s
[2025-01-29 09:20:12,749][gurobipy][INFO] - 
[2025-01-29 09:20:12,769][gurobipy][INFO] - Cutting planes:
[2025-01-29 09:20:12,769][gurobipy][INFO] -   Gomory: 1
[2025-01-29 09:20:12,769][gurobipy][INFO] -   Implied bound: 3
[2025-01-29 09:20:12,769][gurobipy][INFO] -   MIR: 13
[2025-01-29 09:20:12,769][gurobipy][INFO] -   RLT: 5
[2025-01-29 09:20:12,796][gurobipy][INFO] - 
[2025-01-29 09:20:12,796][gurobipy][INFO] - Explored 87 nodes (117810 simplex iterations) in 74.64 seconds (205.91 work units)
[2025-01-29 09:20:12,796][gurobipy][INFO] - Thread count was 32 (of 128 available processors)
[2025-01-29 09:20:12,796][gurobipy][INFO] - 
[2025-01-29 09:20:12,796][gurobipy][INFO] - Solution count 6: 0.270159 0.139748 0.0731248 ... -0
[2025-01-29 09:20:12,796][gurobipy][INFO] - No other solutions better than 0.270159
[2025-01-29 09:20:12,796][gurobipy][INFO] - 
[2025-01-29 09:20:12,796][gurobipy][INFO] - Optimal solution found (tolerance 1.00e-04)
[2025-01-29 09:20:12,798][gurobipy][INFO] - Best objective 2.701586550802e-01, best bound 2.701586550802e-01, gap 0.0000%
[2025-01-29 09:20:12,980][__main__][INFO] - Finished size 6670 (3/5)
[2025-01-29 09:20:47,722][gurobipy][INFO] - Set parameter TimeLimit to value 600
[2025-01-29 09:20:47,809][gurobipy][INFO] - Gurobi Optimizer version 11.0.2 build v11.0.2rc0 (linux64)
[2025-01-29 09:20:47,809][gurobipy][INFO] - 
[2025-01-29 09:20:47,821][gurobipy][INFO] - CPU model: AMD EPYC 7543 32-Core Processor, instruction set [SSE2|AVX|AVX2]
[2025-01-29 09:20:47,821][gurobipy][INFO] - Thread count: 64 physical cores, 128 logical processors, using up to 32 threads
[2025-01-29 09:20:47,821][gurobipy][INFO] - 
[2025-01-29 09:20:47,821][gurobipy][INFO] - Optimize a model with 437055 rows, 6689 columns and 1132366 nonzeros
[2025-01-29 09:20:47,830][gurobipy][INFO] - Model fingerprint: 0xc85cd822
[2025-01-29 09:20:47,830][gurobipy][INFO] - Variable types: 6623 continuous, 66 integer (66 binary)
[2025-01-29 09:20:47,831][gurobipy][INFO] - Coefficient statistics:
[2025-01-29 09:20:47,831][gurobipy][INFO] -   Matrix range     [9e-05, 2e+00]
[2025-01-29 09:20:47,831][gurobipy][INFO] -   Objective range  [1e+00, 1e+00]
[2025-01-29 09:20:47,831][gurobipy][INFO] -   Bounds range     [1e+00, 1e+00]
[2025-01-29 09:20:47,831][gurobipy][INFO] -   RHS range        [1e+00, 1e+01]
[2025-01-29 09:20:47,895][gurobipy][INFO] - Found heuristic solution: objective -0.0000000
[2025-01-29 09:20:50,251][gurobipy][INFO] - Presolve removed 112557 rows and 3 columns
[2025-01-29 09:20:50,251][gurobipy][INFO] - Presolve time: 2.36s
[2025-01-29 09:20:50,251][gurobipy][INFO] - Presolved: 324498 rows, 6686 columns, 980111 nonzeros
[2025-01-29 09:20:50,461][gurobipy][INFO] - Variable types: 6623 continuous, 63 integer (63 binary)
[2025-01-29 09:20:50,830][gurobipy][INFO] - Root relaxation presolved: 6686 rows, 331184 columns, 986797 nonzeros
[2025-01-29 09:20:50,830][gurobipy][INFO] - 
[2025-01-29 09:20:50,971][gurobipy][INFO] - 
[2025-01-29 09:20:50,971][gurobipy][INFO] - Root relaxation: objective 1.000000e+00, 435 iterations, 0.50 seconds (0.83 work units)
[2025-01-29 09:20:51,002][gurobipy][INFO] - 
[2025-01-29 09:20:51,002][gurobipy][INFO] -     Nodes    |    Current Node    |     Objective Bounds      |     Work
[2025-01-29 09:20:51,002][gurobipy][INFO] -  Expl Unexpl |  Obj  Depth IntInf | Incumbent    BestBd   Gap | It/Node Time
[2025-01-29 09:20:51,002][gurobipy][INFO] - 
[2025-01-29 09:20:51,002][gurobipy][INFO] -      0     0    1.00000    0    1   -0.00000    1.00000      -     -    3s
[2025-01-29 09:20:51,282][gurobipy][INFO] - H    0     0                       0.1029485    1.00000   871%     -    3s
[2025-01-29 09:20:51,368][gurobipy][INFO] - H    0     0                       0.1303031    1.00000   667%     -    3s
[2025-01-29 09:20:51,991][gurobipy][INFO] -      0     0    1.00000    0    2    0.13030    1.00000   667%     -    4s
[2025-01-29 09:20:52,593][gurobipy][INFO] -      0     0    1.00000    0    3    0.13030    1.00000   667%     -    4s
[2025-01-29 09:20:53,338][gurobipy][INFO] -      0     0    1.00000    0    2    0.13030    1.00000   667%     -    5s
[2025-01-29 09:20:53,480][gurobipy][INFO] - H    0     0                       0.2579137    1.00000   288%     -    5s
[2025-01-29 09:20:54,097][gurobipy][INFO] -      0     0    1.00000    0    5    0.25791    1.00000   288%     -    6s
[2025-01-29 09:20:54,473][gurobipy][INFO] -      0     0    1.00000    0    6    0.25791    1.00000   288%     -    6s
[2025-01-29 09:20:54,587][gurobipy][INFO] -      0     0    1.00000    0    2    0.25791    1.00000   288%     -    6s
[2025-01-29 09:20:55,517][gurobipy][INFO] -      0     0    1.00000    0    9    0.25791    1.00000   288%     -    7s
[2025-01-29 09:20:56,308][gurobipy][INFO] -      0     0    1.00000    0    6    0.25791    1.00000   288%     -    8s
[2025-01-29 09:20:56,421][gurobipy][INFO] -      0     0    1.00000    0    1    0.25791    1.00000   288%     -    8s
[2025-01-29 09:21:15,259][gurobipy][INFO] -      0     0    1.00000    0   46    0.25791    1.00000   288%     -   27s
[2025-01-29 09:21:18,744][gurobipy][INFO] -      0     0    1.00000    0   10    0.25791    1.00000   288%     -   30s
[2025-01-29 09:21:22,148][gurobipy][INFO] -      0     0    1.00000    0   14    0.25791    1.00000   288%     -   34s
[2025-01-29 09:21:23,535][gurobipy][INFO] -      0     0    1.00000    0    9    0.25791    1.00000   288%     -   35s
[2025-01-29 09:21:24,047][gurobipy][INFO] -      0     0    1.00000    0   13    0.25791    1.00000   288%     -   36s
[2025-01-29 09:21:24,291][gurobipy][INFO] -      0     0    1.00000    0   13    0.25791    1.00000   288%     -   36s
[2025-01-29 09:21:25,186][gurobipy][INFO] -      0     0    0.25791    0    8    0.25791    0.25791  0.00%     -   37s
[2025-01-29 09:21:25,187][gurobipy][INFO] - 
[2025-01-29 09:21:25,187][gurobipy][INFO] - Cutting planes:
[2025-01-29 09:21:25,187][gurobipy][INFO] -   Gomory: 3
[2025-01-29 09:21:25,187][gurobipy][INFO] -   MIR: 256
[2025-01-29 09:21:25,187][gurobipy][INFO] -   RLT: 30
[2025-01-29 09:21:25,196][gurobipy][INFO] - 
[2025-01-29 09:21:25,196][gurobipy][INFO] - Explored 1 nodes (24602 simplex iterations) in 37.38 seconds (78.11 work units)
[2025-01-29 09:21:25,196][gurobipy][INFO] - Thread count was 32 (of 128 available processors)
[2025-01-29 09:21:25,196][gurobipy][INFO] - 
[2025-01-29 09:21:25,196][gurobipy][INFO] - Solution count 4: 0.257914 0.130303 0.102948 -0 
[2025-01-29 09:21:25,196][gurobipy][INFO] - No other solutions better than 0.257914
[2025-01-29 09:21:25,197][gurobipy][INFO] - 
[2025-01-29 09:21:25,197][gurobipy][INFO] - Optimal solution found (tolerance 1.00e-04)
[2025-01-29 09:21:25,199][gurobipy][INFO] - Best objective 2.579136603055e-01, best bound 2.579136603055e-01, gap 0.0000%
[2025-01-29 09:21:25,428][__main__][INFO] - Finished size 17225 (4/5)
[2025-01-29 09:22:27,297][gurobipy][INFO] - Set parameter TimeLimit to value 600
[2025-01-29 09:22:27,465][gurobipy][INFO] - Gurobi Optimizer version 11.0.2 build v11.0.2rc0 (linux64)
[2025-01-29 09:22:27,465][gurobipy][INFO] - 
[2025-01-29 09:22:27,476][gurobipy][INFO] - CPU model: AMD EPYC 7543 32-Core Processor, instruction set [SSE2|AVX|AVX2]
[2025-01-29 09:22:27,476][gurobipy][INFO] - Thread count: 64 physical cores, 128 logical processors, using up to 32 threads
[2025-01-29 09:22:27,476][gurobipy][INFO] - 
[2025-01-29 09:22:27,476][gurobipy][INFO] - Optimize a model with 779067 rows, 11871 columns and 2018488 nonzeros
[2025-01-29 09:22:27,493][gurobipy][INFO] - Model fingerprint: 0x92ac5f42
[2025-01-29 09:22:27,493][gurobipy][INFO] - Variable types: 11805 continuous, 66 integer (66 binary)
[2025-01-29 09:22:27,494][gurobipy][INFO] - Coefficient statistics:
[2025-01-29 09:22:27,494][gurobipy][INFO] -   Matrix range     [3e-05, 2e+00]
[2025-01-29 09:22:27,494][gurobipy][INFO] -   Objective range  [1e+00, 1e+00]
[2025-01-29 09:22:27,494][gurobipy][INFO] -   Bounds range     [1e+00, 1e+00]
[2025-01-29 09:22:27,494][gurobipy][INFO] -   RHS range        [1e+00, 1e+01]
[2025-01-29 09:22:27,609][gurobipy][INFO] - Found heuristic solution: objective 0.0000000
[2025-01-29 09:22:30,724][gurobipy][INFO] - Presolve removed 177059 rows and 1 columns
[2025-01-29 09:22:30,725][gurobipy][INFO] - Presolve time: 3.11s
[2025-01-29 09:22:30,725][gurobipy][INFO] - Presolved: 602008 rows, 11870 columns, 1817823 nonzeros
[2025-01-29 09:22:31,117][gurobipy][INFO] - Variable types: 11805 continuous, 65 integer (65 binary)
[2025-01-29 09:22:31,921][gurobipy][INFO] - Root relaxation presolved: 11870 rows, 613878 columns, 1829693 nonzeros
[2025-01-29 09:22:31,921][gurobipy][INFO] - 
[2025-01-29 09:22:31,924][gurobipy][INFO] - Deterministic concurrent LP optimizer: primal and dual simplex
[2025-01-29 09:22:31,924][gurobipy][INFO] - Showing primal log only...
[2025-01-29 09:22:31,924][gurobipy][INFO] - 
[2025-01-29 09:22:32,099][gurobipy][INFO] - Concurrent spin time: 0.02s
[2025-01-29 09:22:32,099][gurobipy][INFO] - 
[2025-01-29 09:22:32,099][gurobipy][INFO] - Solved with dual simplex
[2025-01-29 09:22:32,161][gurobipy][INFO] - 
[2025-01-29 09:22:32,161][gurobipy][INFO] - Root relaxation: objective 1.000000e+00, 67 iterations, 1.02 seconds (1.48 work units)
[2025-01-29 09:22:32,259][gurobipy][INFO] - 
[2025-01-29 09:22:32,259][gurobipy][INFO] -     Nodes    |    Current Node    |     Objective Bounds      |     Work
[2025-01-29 09:22:32,259][gurobipy][INFO] -  Expl Unexpl |  Obj  Depth IntInf | Incumbent    BestBd   Gap | It/Node Time
[2025-01-29 09:22:32,259][gurobipy][INFO] - 
[2025-01-29 09:22:32,259][gurobipy][INFO] -      0     0    1.00000    0    4    0.00000    1.00000      -     -    4s
[2025-01-29 09:22:32,374][gurobipy][INFO] - H    0     0                       0.0003342    1.00000      -     -    4s
[2025-01-29 09:22:32,694][gurobipy][INFO] - H    0     0                       0.0003676    1.00000      -     -    5s
[2025-01-29 09:22:33,763][gurobipy][INFO] -      0     0    1.00000    0    6    0.00037    1.00000      -     -    6s
[2025-01-29 09:22:34,737][gurobipy][INFO] -      0     0    1.00000    0    6    0.00037    1.00000      -     -    7s
[2025-01-29 09:22:35,600][gurobipy][INFO] -      0     0    1.00000    0    1    0.00037    1.00000      -     -    8s
[2025-01-29 09:22:36,677][gurobipy][INFO] - H    0     0                       0.0648503    1.00000  1442%     -    9s
[2025-01-29 09:23:09,582][gurobipy][INFO] -      0     0    1.00000    0   64    0.06485    1.00000  1442%     -   42s
[2025-01-29 09:23:21,171][gurobipy][INFO] -      0     0    1.00000    0   38    0.06485    1.00000  1442%     -   53s
[2025-01-29 09:23:22,273][gurobipy][INFO] -      0     0    1.00000    0   38    0.06485    1.00000  1442%     -   54s
[2025-01-29 09:23:46,588][gurobipy][INFO] -      0     0    1.00000    0   10    0.06485    1.00000  1442%     -   79s
[2025-01-29 09:23:51,733][gurobipy][INFO] - H    0     0                       0.0670597    1.00000  1391%     -   84s
[2025-01-29 09:23:52,493][gurobipy][INFO] -      0     0    1.00000    0   11    0.06706    1.00000  1391%     -   85s
[2025-01-29 09:23:58,084][gurobipy][INFO] - H    0     0                       0.1099393    1.00000   810%     -   90s
[2025-01-29 09:24:09,120][gurobipy][INFO] -      0     0    1.00000    0   26    0.10994    1.00000   810%     -  101s
[2025-01-29 09:24:10,414][gurobipy][INFO] -      0     0    1.00000    0   24    0.10994    1.00000   810%     -  102s
[2025-01-29 09:24:28,714][gurobipy][INFO] -      0     0    1.00000    0   23    0.10994    1.00000   810%     -  121s
[2025-01-29 09:24:29,852][gurobipy][INFO] - H    0     0                       0.1182106    1.00000   746%     -  122s
[2025-01-29 09:24:30,553][gurobipy][INFO] -      0     0    1.00000    0   23    0.11821    1.00000   746%     -  123s
[2025-01-29 09:24:47,294][gurobipy][INFO] -      0     0    1.00000    0   22    0.11821    1.00000   746%     -  139s
[2025-01-29 09:24:48,157][gurobipy][INFO] -      0     0    1.00000    0   19    0.11821    1.00000   746%     -  140s
[2025-01-29 09:24:53,941][gurobipy][INFO] -      0     0    1.00000    0   17    0.11821    1.00000   746%     -  146s
[2025-01-29 09:24:55,485][gurobipy][INFO] -      0     0    1.00000    0   10    0.11821    1.00000   746%     -  148s
[2025-01-29 09:24:56,424][gurobipy][INFO] -      0     0    1.00000    0    9    0.11821    1.00000   746%     -  148s
[2025-01-29 09:25:19,984][gurobipy][INFO] -      0     0    1.00000    0   22    0.11821    1.00000   746%     -  172s
[2025-01-29 09:25:26,766][gurobipy][INFO] -      0     0    1.00000    0   22    0.11821    1.00000   746%     -  179s
[2025-01-29 09:25:33,791][gurobipy][INFO] -      0     0    1.00000    0   22    0.11821    1.00000   746%     -  186s
[2025-01-29 09:25:54,282][gurobipy][INFO] -      0     2    1.00000    0   22    0.11821    1.00000   746%     -  206s
[2025-01-29 09:25:58,704][gurobipy][INFO] -      1     2    1.00000    1   21    0.11821    1.00000   746%  3761  211s
[2025-01-29 09:26:09,792][gurobipy][INFO] -      5     4    1.00000    3   22    0.11821    1.00000   746%  1361  222s
[2025-01-29 09:26:18,561][gurobipy][INFO] -      7     6    1.00000    4   20    0.11821    1.00000   746%  2103  231s
[2025-01-29 09:26:26,005][gurobipy][INFO] -     11    10    1.00000    5   18    0.11821    1.00000   746%  2768  238s
[2025-01-29 09:26:30,725][gurobipy][INFO] -     17    12    1.00000    6   17    0.11821    1.00000   746%  3030  243s
[2025-01-29 09:26:49,086][gurobipy][INFO] -     27    16    0.87099    7   20    0.11821    1.00000   746%  2534  261s
[2025-01-29 09:26:49,101][gurobipy][INFO] - H   28    16                       0.1371621    1.00000   629%  2443  261s
[2025-01-29 09:26:59,188][gurobipy][INFO] -     39    16    0.82956    8   18    0.13716    0.87098   535%  2521  271s
[2025-01-29 09:27:05,227][gurobipy][INFO] -     50    18    0.80536    9   17    0.13716    0.85211   521%  2249  277s
[2025-01-29 09:27:18,229][gurobipy][INFO] - H   66    20                       0.1385316    0.82872   498%  1843  290s
[2025-01-29 09:27:27,224][gurobipy][INFO] -    104    20    0.68117   12   15    0.13853    0.76515   452%  1388  299s
[2025-01-29 09:27:31,923][gurobipy][INFO] -    122    20    0.59987   13   13    0.13853    0.70970   412%  1282  304s
[2025-01-29 09:27:47,323][gurobipy][INFO] -    142    18    0.56698   14   12    0.13853    0.63940   362%  1158  319s
[2025-01-29 09:27:52,792][gurobipy][INFO] -    162    20    0.44260   15   12    0.13853    0.58374   321%  1169  325s
[2025-01-29 09:27:58,118][gurobipy][INFO] -    180    21    0.28306   16   11    0.13853    0.52382   278%  1185  330s
[2025-01-29 09:28:01,329][gurobipy][INFO] - *  208    12              17       0.2634185    0.28576  8.48%  1219  333s
[2025-01-29 09:28:03,132][gurobipy][INFO] -    222     0     cutoff   18         0.26342    0.28460  8.04%  1195  335s
[2025-01-29 09:28:03,165][gurobipy][INFO] - 
[2025-01-29 09:28:03,165][gurobipy][INFO] - Cutting planes:
[2025-01-29 09:28:03,165][gurobipy][INFO] -   Implied bound: 2
[2025-01-29 09:28:03,165][gurobipy][INFO] -   MIR: 3
[2025-01-29 09:28:03,165][gurobipy][INFO] -   RLT: 17
[2025-01-29 09:28:03,185][gurobipy][INFO] - 
[2025-01-29 09:28:03,185][gurobipy][INFO] - Explored 229 nodes (323825 simplex iterations) in 335.71 seconds (947.53 work units)
[2025-01-29 09:28:03,185][gurobipy][INFO] - Thread count was 32 (of 128 available processors)
[2025-01-29 09:28:03,185][gurobipy][INFO] - 
[2025-01-29 09:28:03,185][gurobipy][INFO] - Solution count 10: 0.263418 0.138532 0.137162 ... 4.59632e-14
[2025-01-29 09:28:03,185][gurobipy][INFO] - No other solutions better than 0.263418
[2025-01-29 09:28:03,185][gurobipy][INFO] - 
[2025-01-29 09:28:03,185][gurobipy][INFO] - Optimal solution found (tolerance 1.00e-04)
[2025-01-29 09:28:03,192][gurobipy][INFO] - Best objective 2.634184772909e-01, best bound 2.634184772909e-01, gap 0.0000%
[2025-01-29 09:28:03,760][__main__][INFO] - Finished size 44482 (5/5)
