[2025-01-29 10:01:58,911][gurobipy][INFO] - Set parameter TimeLimit to value 600
[2025-01-29 10:01:58,918][gurobipy][INFO] - Gurobi Optimizer version 11.0.2 build v11.0.2rc0 (linux64)
[2025-01-29 10:01:58,918][gurobipy][INFO] - 
[2025-01-29 10:01:58,919][gurobipy][INFO] - CPU model: Intel(R) Xeon(R) Gold 6136 CPU @ 3.00GHz, instruction set [SSE2|AVX|AVX2|AVX512]
[2025-01-29 10:01:58,919][gurobipy][INFO] - Thread count: 24 physical cores, 48 logical processors, using up to 24 threads
[2025-01-29 10:01:58,919][gurobipy][INFO] - 
[2025-01-29 10:01:58,919][gurobipy][INFO] - Optimize a model with 28864 rows, 639 columns and 73040 nonzeros
[2025-01-29 10:01:58,919][gurobipy][INFO] - Model fingerprint: 0xcc48a070
[2025-01-29 10:01:58,919][gurobipy][INFO] - Variable types: 590 continuous, 49 integer (49 binary)
[2025-01-29 10:01:58,920][gurobipy][INFO] - Coefficient statistics:
[2025-01-29 10:01:58,920][gurobipy][INFO] -   Matrix range     [2e-03, 2e+00]
[2025-01-29 10:01:58,920][gurobipy][INFO] -   Objective range  [1e+00, 1e+00]
[2025-01-29 10:01:58,920][gurobipy][INFO] -   Bounds range     [1e+00, 1e+00]
[2025-01-29 10:01:58,920][gurobipy][INFO] -   RHS range        [1e+00, 1e+01]
[2025-01-29 10:01:58,924][gurobipy][INFO] - Found heuristic solution: objective -0.0000000
[2025-01-29 10:01:59,095][gurobipy][INFO] - Presolve removed 11741 rows and 8 columns
[2025-01-29 10:01:59,095][gurobipy][INFO] - Presolve time: 0.17s
[2025-01-29 10:01:59,095][gurobipy][INFO] - Presolved: 17123 rows, 631 columns, 51953 nonzeros
[2025-01-29 10:01:59,107][gurobipy][INFO] - Variable types: 590 continuous, 41 integer (41 binary)
[2025-01-29 10:01:59,128][gurobipy][INFO] - Root relaxation presolved: 17123 rows, 631 columns, 51953 nonzeros
[2025-01-29 10:01:59,128][gurobipy][INFO] - 
[2025-01-29 10:01:59,159][gurobipy][INFO] - 
[2025-01-29 10:01:59,159][gurobipy][INFO] - Root relaxation: objective 1.000000e+00, 325 iterations, 0.05 seconds (0.08 work units)
[2025-01-29 10:01:59,166][gurobipy][INFO] - 
[2025-01-29 10:01:59,166][gurobipy][INFO] -     Nodes    |    Current Node    |     Objective Bounds      |     Work
[2025-01-29 10:01:59,166][gurobipy][INFO] -  Expl Unexpl |  Obj  Depth IntInf | Incumbent    BestBd   Gap | It/Node Time
[2025-01-29 10:01:59,166][gurobipy][INFO] - 
[2025-01-29 10:01:59,166][gurobipy][INFO] -      0     0    1.00000    0    6   -0.00000    1.00000      -     -    0s
[2025-01-29 10:01:59,180][gurobipy][INFO] - H    0     0                       0.0300416    1.00000  3229%     -    0s
[2025-01-29 10:01:59,520][gurobipy][INFO] - H    0     0                       0.0347073    1.00000  2781%     -    0s
[2025-01-29 10:01:59,551][gurobipy][INFO] -      0     0    1.00000    0   37    0.03471    1.00000  2781%     -    0s
[2025-01-29 10:01:59,562][gurobipy][INFO] -      0     0    1.00000    0   31    0.03471    1.00000  2781%     -    0s
[2025-01-29 10:01:59,653][gurobipy][INFO] - H    0     0                       0.0561896    1.00000  1680%     -    0s
[2025-01-29 10:02:01,159][gurobipy][INFO] - H    0     0                       0.1177833    1.00000   749%     -    2s
[2025-01-29 10:02:01,160][gurobipy][INFO] - H    0     0                       0.1314111    1.00000   661%     -    2s
[2025-01-29 10:02:01,434][gurobipy][INFO] -      0     0    0.88886    0   12    0.13141    0.88886   576%     -    2s
[2025-01-29 10:02:01,471][gurobipy][INFO] - H    0     0                       0.1731002    0.88886   413%     -    2s
[2025-01-29 10:02:01,549][gurobipy][INFO] - H    0     0                       0.1832707    0.85939   369%     -    2s
[2025-01-29 10:02:01,552][gurobipy][INFO] -      0     0    0.85939    0   12    0.18327    0.85939   369%     -    2s
[2025-01-29 10:02:02,027][gurobipy][INFO] -      0     0    0.75007    0    1    0.18327    0.75007   309%     -    3s
[2025-01-29 10:02:02,121][gurobipy][INFO] -      0     0    0.70502    0   23    0.18327    0.70502   285%     -    3s
[2025-01-29 10:02:02,954][gurobipy][INFO] -      0     0    0.18327    0    1    0.18327    0.18327  0.00%     -    4s
[2025-01-29 10:02:02,955][gurobipy][INFO] - 
[2025-01-29 10:02:02,955][gurobipy][INFO] - Cutting planes:
[2025-01-29 10:02:02,955][gurobipy][INFO] -   Implied bound: 1
[2025-01-29 10:02:02,955][gurobipy][INFO] -   MIR: 11
[2025-01-29 10:02:02,955][gurobipy][INFO] -   RLT: 4
[2025-01-29 10:02:02,956][gurobipy][INFO] - 
[2025-01-29 10:02:02,956][gurobipy][INFO] - Explored 1 nodes (11323 simplex iterations) in 4.04 seconds (6.07 work units)
[2025-01-29 10:02:02,956][gurobipy][INFO] - Thread count was 24 (of 48 available processors)
[2025-01-29 10:02:02,956][gurobipy][INFO] - 
[2025-01-29 10:02:02,956][gurobipy][INFO] - Solution count 8: 0.183271 0.1731 0.131411 ... -0
[2025-01-29 10:02:02,956][gurobipy][INFO] - No other solutions better than 0.183271
[2025-01-29 10:02:02,956][gurobipy][INFO] - 
[2025-01-29 10:02:02,956][gurobipy][INFO] - Optimal solution found (tolerance 1.00e-04)
[2025-01-29 10:02:02,956][gurobipy][INFO] - Best objective 1.832706766918e-01, best bound 1.832706766918e-01, gap 0.0000%
[2025-01-29 10:02:02,981][__main__][INFO] - Finished size 1000 (1/5)
[2025-01-29 10:02:10,786][gurobipy][INFO] - Set parameter TimeLimit to value 600
[2025-01-29 10:02:10,801][gurobipy][INFO] - Gurobi Optimizer version 11.0.2 build v11.0.2rc0 (linux64)
[2025-01-29 10:02:10,802][gurobipy][INFO] - 
[2025-01-29 10:02:10,814][gurobipy][INFO] - CPU model: Intel(R) Xeon(R) Gold 6136 CPU @ 3.00GHz, instruction set [SSE2|AVX|AVX2|AVX512]
[2025-01-29 10:02:10,814][gurobipy][INFO] - Thread count: 24 physical cores, 48 logical processors, using up to 24 threads
[2025-01-29 10:02:10,814][gurobipy][INFO] - 
[2025-01-29 10:02:10,814][gurobipy][INFO] - Optimize a model with 63458 rows, 1345 columns and 160584 nonzeros
[2025-01-29 10:02:10,815][gurobipy][INFO] - Model fingerprint: 0xd1cc97f2
[2025-01-29 10:02:10,815][gurobipy][INFO] - Variable types: 1296 continuous, 49 integer (49 binary)
[2025-01-29 10:02:10,815][gurobipy][INFO] - Coefficient statistics:
[2025-01-29 10:02:10,815][gurobipy][INFO] -   Matrix range     [5e-04, 2e+00]
[2025-01-29 10:02:10,815][gurobipy][INFO] -   Objective range  [1e+00, 1e+00]
[2025-01-29 10:02:10,815][gurobipy][INFO] -   Bounds range     [1e+00, 1e+00]
[2025-01-29 10:02:10,816][gurobipy][INFO] -   RHS range        [1e+00, 1e+01]
[2025-01-29 10:02:10,827][gurobipy][INFO] - Found heuristic solution: objective -0.0000000
[2025-01-29 10:02:11,253][gurobipy][INFO] - Presolve removed 19412 rows and 3 columns
[2025-01-29 10:02:11,253][gurobipy][INFO] - Presolve time: 0.43s
[2025-01-29 10:02:11,253][gurobipy][INFO] - Presolved: 44046 rows, 1342 columns, 133428 nonzeros
[2025-01-29 10:02:11,286][gurobipy][INFO] - Variable types: 1296 continuous, 46 integer (46 binary)
[2025-01-29 10:02:11,344][gurobipy][INFO] - Root relaxation presolved: 1342 rows, 45388 columns, 134770 nonzeros
[2025-01-29 10:02:11,344][gurobipy][INFO] - 
[2025-01-29 10:02:11,606][gurobipy][INFO] - 
[2025-01-29 10:02:11,606][gurobipy][INFO] - Root relaxation: objective 1.000000e+00, 2058 iterations, 0.32 seconds (0.76 work units)
[2025-01-29 10:02:11,617][gurobipy][INFO] - 
[2025-01-29 10:02:11,617][gurobipy][INFO] -     Nodes    |    Current Node    |     Objective Bounds      |     Work
[2025-01-29 10:02:11,617][gurobipy][INFO] -  Expl Unexpl |  Obj  Depth IntInf | Incumbent    BestBd   Gap | It/Node Time
[2025-01-29 10:02:11,617][gurobipy][INFO] - 
[2025-01-29 10:02:11,617][gurobipy][INFO] -      0     0    1.00000    0    1   -0.00000    1.00000      -     -    0s
[2025-01-29 10:02:11,620][gurobipy][INFO] - H    0     0                       0.0000216    1.00000      -     -    0s
[2025-01-29 10:02:12,055][gurobipy][INFO] -      0     0    1.00000    0   37    0.00002    1.00000      -     -    1s
[2025-01-29 10:02:12,095][gurobipy][INFO] -      0     0    1.00000    0   36    0.00002    1.00000      -     -    1s
[2025-01-29 10:02:12,218][gurobipy][INFO] - H    0     0                       0.1075901    1.00000   829%     -    1s
[2025-01-29 10:02:12,317][gurobipy][INFO] - H    0     0                       0.1780645    1.00000   462%     -    1s
[2025-01-29 10:02:13,171][gurobipy][INFO] -      0     0    1.00000    0   21    0.17806    1.00000   462%     -    2s
[2025-01-29 10:02:17,068][gurobipy][INFO] -      0     0    0.96428    0    1    0.17806    0.96428   442%     -    6s
[2025-01-29 10:02:18,331][gurobipy][INFO] - H    0     0                       0.1780645    0.96292   441%     -    7s
[2025-01-29 10:02:18,333][gurobipy][INFO] -      0     0    0.95452    0    1    0.17806    0.95452   436%     -    7s
[2025-01-29 10:02:18,947][gurobipy][INFO] -      0     0    0.95452    0   45    0.17806    0.95452   436%     -    8s
[2025-01-29 10:02:19,016][gurobipy][INFO] -      0     0    0.95452    0   40    0.17806    0.95452   436%     -    8s
[2025-01-29 10:02:24,530][gurobipy][INFO] -      0     0    0.84493    0    2    0.17806    0.84493   375%     -   13s
[2025-01-29 10:02:24,658][gurobipy][INFO] -      0     0    0.84493    0    2    0.17806    0.84493   375%     -   13s
[2025-01-29 10:02:27,738][gurobipy][INFO] -      0     0    0.17806    0    2    0.17806    0.17806  0.00%     -   16s
[2025-01-29 10:02:27,740][gurobipy][INFO] - 
[2025-01-29 10:02:27,740][gurobipy][INFO] - Cutting planes:
[2025-01-29 10:02:27,740][gurobipy][INFO] -   Gomory: 1
[2025-01-29 10:02:27,740][gurobipy][INFO] -   Cover: 1
[2025-01-29 10:02:27,740][gurobipy][INFO] -   Implied bound: 1
[2025-01-29 10:02:27,741][gurobipy][INFO] -   MIR: 4
[2025-01-29 10:02:27,742][gurobipy][INFO] - 
[2025-01-29 10:02:27,742][gurobipy][INFO] - Explored 1 nodes (24372 simplex iterations) in 16.93 seconds (27.49 work units)
[2025-01-29 10:02:27,743][gurobipy][INFO] - Thread count was 24 (of 48 available processors)
[2025-01-29 10:02:27,743][gurobipy][INFO] - 
[2025-01-29 10:02:27,743][gurobipy][INFO] - Solution count 4: 0.178064 0.10759 2.16194e-05 -0 
[2025-01-29 10:02:27,743][gurobipy][INFO] - No other solutions better than 0.178064
[2025-01-29 10:02:27,743][gurobipy][INFO] - 
[2025-01-29 10:02:27,743][gurobipy][INFO] - Optimal solution found (tolerance 1.00e-04)
[2025-01-29 10:02:27,743][gurobipy][INFO] - Best objective 1.780644727480e-01, best bound 1.780644727480e-01, gap 0.0000%
[2025-01-29 10:02:27,804][__main__][INFO] - Finished size 3431 (2/5)
[2025-01-29 10:02:39,565][gurobipy][INFO] - Set parameter TimeLimit to value 600
[2025-01-29 10:02:39,595][gurobipy][INFO] - Gurobi Optimizer version 11.0.2 build v11.0.2rc0 (linux64)
[2025-01-29 10:02:39,595][gurobipy][INFO] - 
[2025-01-29 10:02:39,607][gurobipy][INFO] - CPU model: Intel(R) Xeon(R) Gold 6136 CPU @ 3.00GHz, instruction set [SSE2|AVX|AVX2|AVX512]
[2025-01-29 10:02:39,607][gurobipy][INFO] - Thread count: 24 physical cores, 48 logical processors, using up to 24 threads
[2025-01-29 10:02:39,607][gurobipy][INFO] - 
[2025-01-29 10:02:39,607][gurobipy][INFO] - Optimize a model with 128481 rows, 2672 columns and 325132 nonzeros
[2025-01-29 10:02:39,610][gurobipy][INFO] - Model fingerprint: 0x5283d90e
[2025-01-29 10:02:39,610][gurobipy][INFO] - Variable types: 2623 continuous, 49 integer (49 binary)
[2025-01-29 10:02:39,611][gurobipy][INFO] - Coefficient statistics:
[2025-01-29 10:02:39,611][gurobipy][INFO] -   Matrix range     [1e-04, 2e+00]
[2025-01-29 10:02:39,611][gurobipy][INFO] -   Objective range  [1e+00, 1e+00]
[2025-01-29 10:02:39,611][gurobipy][INFO] -   Bounds range     [1e+00, 1e+00]
[2025-01-29 10:02:39,611][gurobipy][INFO] -   RHS range        [1e+00, 1e+01]
[2025-01-29 10:02:39,634][gurobipy][INFO] - Found heuristic solution: objective -0.0000000
[2025-01-29 10:02:40,476][gurobipy][INFO] - Presolve removed 34085 rows and 1 columns
[2025-01-29 10:02:40,476][gurobipy][INFO] - Presolve time: 0.84s
[2025-01-29 10:02:40,476][gurobipy][INFO] - Presolved: 94396 rows, 2671 columns, 285805 nonzeros
[2025-01-29 10:02:40,548][gurobipy][INFO] - Variable types: 2623 continuous, 48 integer (48 binary)
[2025-01-29 10:02:40,695][gurobipy][INFO] - Root relaxation presolved: 2671 rows, 97067 columns, 288476 nonzeros
[2025-01-29 10:02:40,696][gurobipy][INFO] - 
[2025-01-29 10:02:40,781][gurobipy][INFO] - 
[2025-01-29 10:02:40,781][gurobipy][INFO] - Root relaxation: objective 1.000000e+00, 364 iterations, 0.23 seconds (0.29 work units)
[2025-01-29 10:02:40,794][gurobipy][INFO] - 
[2025-01-29 10:02:40,794][gurobipy][INFO] -     Nodes    |    Current Node    |     Objective Bounds      |     Work
[2025-01-29 10:02:40,794][gurobipy][INFO] -  Expl Unexpl |  Obj  Depth IntInf | Incumbent    BestBd   Gap | It/Node Time
[2025-01-29 10:02:40,794][gurobipy][INFO] - 
[2025-01-29 10:02:40,795][gurobipy][INFO] -      0     0    1.00000    0    2   -0.00000    1.00000      -     -    1s
[2025-01-29 10:02:40,874][gurobipy][INFO] - H    0     0                       0.0022756    1.00000      -     -    1s
[2025-01-29 10:02:40,943][gurobipy][INFO] - H    0     0                       0.0043601    1.00000      -     -    1s
[2025-01-29 10:02:40,977][gurobipy][INFO] - H    0     0                       0.0468283    1.00000  2035%     -    1s
[2025-01-29 10:02:41,224][gurobipy][INFO] -      0     0    1.00000    0    3    0.04683    1.00000  2035%     -    1s
[2025-01-29 10:02:44,049][gurobipy][INFO] -      0     0    1.00000    0   48    0.04683    1.00000  2035%     -    4s
[2025-01-29 10:02:44,764][gurobipy][INFO] -      0     0    1.00000    0   33    0.04683    1.00000  2035%     -    5s
[2025-01-29 10:02:47,189][gurobipy][INFO] -      0     0    1.00000    0    7    0.04683    1.00000  2035%     -    7s
[2025-01-29 10:02:47,693][gurobipy][INFO] -      0     0    1.00000    0    8    0.04683    1.00000  2035%     -    8s
[2025-01-29 10:02:48,088][gurobipy][INFO] -      0     0    1.00000    0    6    0.04683    1.00000  2035%     -    8s
[2025-01-29 10:02:48,237][gurobipy][INFO] -      0     0    1.00000    0    8    0.04683    1.00000  2035%     -    8s
[2025-01-29 10:02:49,487][gurobipy][INFO] -      0     0    1.00000    0   33    0.04683    1.00000  2035%     -    9s
[2025-01-29 10:02:56,441][gurobipy][INFO] - H    0     0                       0.1036577    1.00000   865%     -   16s
[2025-01-29 10:02:57,677][gurobipy][INFO] - H    0     0                       0.1720889    1.00000   481%     -   18s
[2025-01-29 10:02:57,680][gurobipy][INFO] - H    0     0                       0.1831027    1.00000   446%     -   18s
[2025-01-29 10:03:01,612][gurobipy][INFO] -      0     0    1.00000    0   32    0.18310    1.00000   446%     -   22s
[2025-01-29 10:03:03,656][gurobipy][INFO] -      0     0    0.18310    0   32    0.18310    0.18310  0.00%     -   24s
[2025-01-29 10:03:03,659][gurobipy][INFO] - 
[2025-01-29 10:03:03,659][gurobipy][INFO] - Cutting planes:
[2025-01-29 10:03:03,659][gurobipy][INFO] -   Gomory: 5
[2025-01-29 10:03:03,659][gurobipy][INFO] -   Implied bound: 1
[2025-01-29 10:03:03,659][gurobipy][INFO] -   MIR: 16
[2025-01-29 10:03:03,659][gurobipy][INFO] -   RLT: 2
[2025-01-29 10:03:03,662][gurobipy][INFO] - 
[2025-01-29 10:03:03,662][gurobipy][INFO] - Explored 1 nodes (14821 simplex iterations) in 24.06 seconds (37.49 work units)
[2025-01-29 10:03:03,662][gurobipy][INFO] - Thread count was 24 (of 48 available processors)
[2025-01-29 10:03:03,662][gurobipy][INFO] - 
[2025-01-29 10:03:03,662][gurobipy][INFO] - Solution count 7: 0.183103 0.172089 0.103658 ... -0
[2025-01-29 10:03:03,662][gurobipy][INFO] - No other solutions better than 0.183103
[2025-01-29 10:03:03,662][gurobipy][INFO] - 
[2025-01-29 10:03:03,662][gurobipy][INFO] - Optimal solution found (tolerance 1.00e-04)
[2025-01-29 10:03:03,663][gurobipy][INFO] - Best objective 1.831027019947e-01, best bound 1.831027019947e-01, gap 0.0000%
[2025-01-29 10:03:03,800][__main__][INFO] - Finished size 11771 (3/5)
[2025-01-29 10:03:25,506][gurobipy][INFO] - Set parameter TimeLimit to value 600
[2025-01-29 10:03:25,563][gurobipy][INFO] - Gurobi Optimizer version 11.0.2 build v11.0.2rc0 (linux64)
[2025-01-29 10:03:25,563][gurobipy][INFO] - 
[2025-01-29 10:03:25,575][gurobipy][INFO] - CPU model: Intel(R) Xeon(R) Gold 6136 CPU @ 3.00GHz, instruction set [SSE2|AVX|AVX2|AVX512]
[2025-01-29 10:03:25,575][gurobipy][INFO] - Thread count: 24 physical cores, 48 logical processors, using up to 24 threads
[2025-01-29 10:03:25,575][gurobipy][INFO] - 
[2025-01-29 10:03:25,575][gurobipy][INFO] - Optimize a model with 246375 rows, 5078 columns and 623476 nonzeros
[2025-01-29 10:03:25,580][gurobipy][INFO] - Model fingerprint: 0xfa75b554
[2025-01-29 10:03:25,580][gurobipy][INFO] - Variable types: 5029 continuous, 49 integer (49 binary)
[2025-01-29 10:03:25,581][gurobipy][INFO] - Coefficient statistics:
[2025-01-29 10:03:25,581][gurobipy][INFO] -   Matrix range     [4e-05, 2e+00]
[2025-01-29 10:03:25,581][gurobipy][INFO] -   Objective range  [1e+00, 1e+00]
[2025-01-29 10:03:25,581][gurobipy][INFO] -   Bounds range     [1e+00, 1e+00]
[2025-01-29 10:03:25,581][gurobipy][INFO] -   RHS range        [1e+00, 1e+01]
[2025-01-29 10:03:25,638][gurobipy][INFO] - Found heuristic solution: objective 0.0000000
[2025-01-29 10:03:27,601][gurobipy][INFO] - Presolve removed 65361 rows and 1 columns
[2025-01-29 10:03:27,601][gurobipy][INFO] - Presolve time: 1.96s
[2025-01-29 10:03:27,601][gurobipy][INFO] - Presolved: 181014 rows, 5077 columns, 548065 nonzeros
[2025-01-29 10:03:27,749][gurobipy][INFO] - Variable types: 5029 continuous, 48 integer (48 binary)
[2025-01-29 10:03:28,083][gurobipy][INFO] - Root relaxation presolved: 5077 rows, 186091 columns, 553142 nonzeros
[2025-01-29 10:03:28,083][gurobipy][INFO] - 
[2025-01-29 10:03:28,208][gurobipy][INFO] - 
[2025-01-29 10:03:28,208][gurobipy][INFO] - Root relaxation: objective 1.000000e+00, 140 iterations, 0.45 seconds (0.48 work units)
[2025-01-29 10:03:28,246][gurobipy][INFO] - 
[2025-01-29 10:03:28,246][gurobipy][INFO] -     Nodes    |    Current Node    |     Objective Bounds      |     Work
[2025-01-29 10:03:28,246][gurobipy][INFO] -  Expl Unexpl |  Obj  Depth IntInf | Incumbent    BestBd   Gap | It/Node Time
[2025-01-29 10:03:28,246][gurobipy][INFO] - 
[2025-01-29 10:03:28,246][gurobipy][INFO] -      0     0    1.00000    0    2    0.00000    1.00000      -     -    2s
[2025-01-29 10:03:28,295][gurobipy][INFO] - H    0     0                       0.0010903    1.00000      -     -    2s
[2025-01-29 10:03:28,456][gurobipy][INFO] - H    0     0                       0.0022550    1.00000      -     -    2s
[2025-01-29 10:03:28,503][gurobipy][INFO] - H    0     0                       0.0049761    1.00000      -     -    2s
[2025-01-29 10:03:28,954][gurobipy][INFO] -      0     0    1.00000    0    4    0.00498    1.00000      -     -    3s
[2025-01-29 10:03:29,361][gurobipy][INFO] - H    0     0                       0.0218219    1.00000  4483%     -    3s
[2025-01-29 10:03:34,853][gurobipy][INFO] -      0     0    1.00000    0   47    0.02182    1.00000  4483%     -    9s
[2025-01-29 10:03:36,231][gurobipy][INFO] -      0     0    1.00000    0   38    0.02182    1.00000  4483%     -   10s
[2025-01-29 10:03:42,927][gurobipy][INFO] -      0     0    1.00000    0   37    0.02182    1.00000  4483%     -   17s
[2025-01-29 10:03:44,246][gurobipy][INFO] - H    0     0                       0.1113797    1.00000   798%     -   18s
[2025-01-29 10:03:50,081][gurobipy][INFO] -      0     0    1.00000    0   37    0.11138    1.00000   798%     -   24s
[2025-01-29 10:04:00,329][gurobipy][INFO] -      0     0    1.00000    0   37    0.11138    1.00000   798%     -   34s
[2025-01-29 10:04:04,169][gurobipy][INFO] -      0     0    1.00000    0   37    0.11138    1.00000   798%     -   38s
[2025-01-29 10:04:14,482][gurobipy][INFO] -      0     0    1.00000    0   37    0.11138    1.00000   798%     -   48s
[2025-01-29 10:04:18,365][gurobipy][INFO] -      0     0    1.00000    0   37    0.11138    1.00000   798%     -   52s
[2025-01-29 10:04:24,639][gurobipy][INFO] -      0     0    1.00000    0   37    0.11138    1.00000   798%     -   59s
[2025-01-29 10:04:28,057][gurobipy][INFO] -      0     0    1.00000    0   37    0.11138    1.00000   798%     -   62s
[2025-01-29 10:04:34,417][gurobipy][INFO] -      0     0    1.00000    0   37    0.11138    1.00000   798%     -   68s
[2025-01-29 10:04:42,544][gurobipy][INFO] -      0     0    1.00000    0   37    0.11138    1.00000   798%     -   76s
[2025-01-29 10:05:19,773][gurobipy][INFO] -      0     2    1.00000    0   37    0.11138    1.00000   798%     -  114s
[2025-01-29 10:05:20,591][gurobipy][INFO] -      1     2    1.00000    1   36    0.11138    1.00000   798%  2539  115s
[2025-01-29 10:05:25,784][gurobipy][INFO] -      9     2    1.00000    5   31    0.11138    1.00000   798%   395  120s
[2025-01-29 10:05:35,176][gurobipy][INFO] -     15     4    1.00000    8   18    0.11138    1.00000   798%   459  129s
[2025-01-29 10:05:41,370][gurobipy][INFO] -     17     6    1.00000    9   17    0.11138    1.00000   798%   755  135s
[2025-01-29 10:05:45,889][gurobipy][INFO] -     39     8    1.00000   13   20    0.11138    1.00000   798%   620  140s
[2025-01-29 10:05:58,733][gurobipy][INFO] -     45    12    0.90909   14   18    0.11138    1.00000   798%   751  153s
[2025-01-29 10:06:01,187][gurobipy][INFO] -     53    16    0.90000   15   17    0.11138    0.90908   716%   818  155s
[2025-01-29 10:06:06,149][gurobipy][INFO] - H   81    22                       0.1220910    0.88888   628%   731  160s
[2025-01-29 10:06:06,153][gurobipy][INFO] - H   83    22                       0.1704926    0.88885   421%   721  160s
[2025-01-29 10:06:13,262][gurobipy][INFO] -    121    10    0.82438   20   13    0.17049    0.85252   400%   597  167s
[2025-01-29 10:06:16,794][gurobipy][INFO] -    129    10    0.79393   21   12    0.17049    0.82804   386%   600  171s
[2025-01-29 10:06:21,898][gurobipy][INFO] -    161    10    0.60669   24    9    0.17049    0.70401   313%   565  176s
[2025-01-29 10:06:27,979][gurobipy][INFO] -    183    16    0.40644   26   11    0.17049    0.54763   221%   570  182s
[2025-01-29 10:06:31,882][gurobipy][INFO] -    223    17    0.31979   28    9    0.17049    0.37170   118%   559  186s
[2025-01-29 10:06:34,332][gurobipy][INFO] - *  290     0              32       0.1749805    0.17498  0.00%   516  188s
[2025-01-29 10:06:34,349][gurobipy][INFO] - 
[2025-01-29 10:06:34,349][gurobipy][INFO] - Cutting planes:
[2025-01-29 10:06:34,349][gurobipy][INFO] -   Lift-and-project: 1
[2025-01-29 10:06:34,349][gurobipy][INFO] -   Implied bound: 1
[2025-01-29 10:06:34,349][gurobipy][INFO] -   MIR: 3
[2025-01-29 10:06:34,349][gurobipy][INFO] -   RLT: 8
[2025-01-29 10:06:34,364][gurobipy][INFO] - 
[2025-01-29 10:06:34,364][gurobipy][INFO] - Explored 291 nodes (178737 simplex iterations) in 188.79 seconds (391.01 work units)
[2025-01-29 10:06:34,364][gurobipy][INFO] - Thread count was 24 (of 48 available processors)
[2025-01-29 10:06:34,364][gurobipy][INFO] - 
[2025-01-29 10:06:34,364][gurobipy][INFO] - Solution count 9: 0.174981 0.170493 0.122091 ... 2.20268e-13
[2025-01-29 10:06:34,364][gurobipy][INFO] - No other solutions better than 0.174981
[2025-01-29 10:06:34,364][gurobipy][INFO] - 
[2025-01-29 10:06:34,364][gurobipy][INFO] - Optimal solution found (tolerance 1.00e-04)
[2025-01-29 10:06:34,367][gurobipy][INFO] - Best objective 1.749805258630e-01, best bound 1.749805258630e-01, gap 0.0000%
[2025-01-29 10:06:34,655][__main__][INFO] - Finished size 40385 (4/5)
[2025-01-29 10:07:16,206][gurobipy][INFO] - Set parameter TimeLimit to value 600
[2025-01-29 10:07:16,310][gurobipy][INFO] - Gurobi Optimizer version 11.0.2 build v11.0.2rc0 (linux64)
[2025-01-29 10:07:16,310][gurobipy][INFO] - 
[2025-01-29 10:07:16,323][gurobipy][INFO] - CPU model: Intel(R) Xeon(R) Gold 6136 CPU @ 3.00GHz, instruction set [SSE2|AVX|AVX2|AVX512]
[2025-01-29 10:07:16,323][gurobipy][INFO] - Thread count: 24 physical cores, 48 logical processors, using up to 24 threads
[2025-01-29 10:07:16,323][gurobipy][INFO] - 
[2025-01-29 10:07:16,323][gurobipy][INFO] - Optimize a model with 440170 rows, 9033 columns and 1113896 nonzeros
[2025-01-29 10:07:16,332][gurobipy][INFO] - Model fingerprint: 0xffdc31ec
[2025-01-29 10:07:16,332][gurobipy][INFO] - Variable types: 8984 continuous, 49 integer (49 binary)
[2025-01-29 10:07:16,334][gurobipy][INFO] - Coefficient statistics:
[2025-01-29 10:07:16,334][gurobipy][INFO] -   Matrix range     [1e-05, 2e+00]
[2025-01-29 10:07:16,334][gurobipy][INFO] -   Objective range  [1e+00, 1e+00]
[2025-01-29 10:07:16,334][gurobipy][INFO] -   Bounds range     [1e+00, 1e+00]
[2025-01-29 10:07:16,334][gurobipy][INFO] -   RHS range        [1e+00, 1e+01]
[2025-01-29 10:07:16,452][gurobipy][INFO] - Found heuristic solution: objective 0.0000000
[2025-01-29 10:07:19,311][gurobipy][INFO] - Presolve removed 107796 rows and 0 columns
[2025-01-29 10:07:19,311][gurobipy][INFO] - Presolve time: 2.86s
[2025-01-29 10:07:19,311][gurobipy][INFO] - Presolved: 332374 rows, 9033 columns, 1006100 nonzeros
[2025-01-29 10:07:19,586][gurobipy][INFO] - Variable types: 8984 continuous, 49 integer (49 binary)
[2025-01-29 10:07:20,275][gurobipy][INFO] - Root relaxation presolved: 9033 rows, 341407 columns, 1015133 nonzeros
[2025-01-29 10:07:20,276][gurobipy][INFO] - 
[2025-01-29 10:07:20,505][gurobipy][INFO] - 
[2025-01-29 10:07:20,505][gurobipy][INFO] - Root relaxation: objective 1.000000e+00, 151 iterations, 0.90 seconds (0.90 work units)
[2025-01-29 10:07:20,688][gurobipy][INFO] - 
[2025-01-29 10:07:20,688][gurobipy][INFO] -     Nodes    |    Current Node    |     Objective Bounds      |     Work
[2025-01-29 10:07:20,688][gurobipy][INFO] -  Expl Unexpl |  Obj  Depth IntInf | Incumbent    BestBd   Gap | It/Node Time
[2025-01-29 10:07:20,688][gurobipy][INFO] - 
[2025-01-29 10:07:20,688][gurobipy][INFO] -      0     0    1.00000    0    6    0.00000    1.00000      -     -    4s
[2025-01-29 10:07:20,790][gurobipy][INFO] - H    0     0                       0.0064989    1.00000      -     -    4s
[2025-01-29 10:07:21,177][gurobipy][INFO] - H    0     0                       0.0162368    1.00000  6059%     -    4s
[2025-01-29 10:07:21,475][gurobipy][INFO] - H    0     0                       0.0395626    1.00000  2428%     -    5s
[2025-01-29 10:07:22,486][gurobipy][INFO] -      0     0    1.00000    0    6    0.03956    1.00000  2428%     -    6s
[2025-01-29 10:07:34,492][gurobipy][INFO] -      0     0    1.00000    0   49    0.03956    1.00000  2428%     -   18s
[2025-01-29 10:07:38,357][gurobipy][INFO] -      0     0    1.00000    0   30    0.03956    1.00000  2428%     -   22s
[2025-01-29 10:07:45,197][gurobipy][INFO] -      0     0    1.00000    0    3    0.03956    1.00000  2428%     -   28s
[2025-01-29 10:07:50,638][gurobipy][INFO] -      0     0    1.00000    0    4    0.03956    1.00000  2428%     -   34s
[2025-01-29 10:08:02,484][gurobipy][INFO] -      0     0    1.00000    0   32    0.03956    1.00000  2428%     -   46s
[2025-01-29 10:08:12,954][gurobipy][INFO] -      0     0    1.00000    0   30    0.03956    1.00000  2428%     -   56s
[2025-01-29 10:08:14,229][gurobipy][INFO] - H    0     0                       0.1056395    1.00000   847%     -   57s
[2025-01-29 10:08:14,434][gurobipy][INFO] - H    0     0                       0.1177292    1.00000   749%     -   58s
[2025-01-29 10:08:15,038][gurobipy][INFO] -      0     0    1.00000    0   30    0.11773    1.00000   749%     -   58s
[2025-01-29 10:08:26,269][gurobipy][INFO] -      0     0    1.00000    0   30    0.11773    1.00000   749%     -   69s
[2025-01-29 10:08:27,818][gurobipy][INFO] - H    0     0                       0.1690253    1.00000   492%     -   71s
[2025-01-29 10:08:28,613][gurobipy][INFO] -      0     0    1.00000    0   31    0.16903    1.00000   492%     -   72s
[2025-01-29 10:08:34,049][gurobipy][INFO] -      0     0    1.00000    0   30    0.16903    1.00000   492%     -   77s
[2025-01-29 10:08:35,760][gurobipy][INFO] -      0     0    1.00000    0   30    0.16903    1.00000   492%     -   79s
[2025-01-29 10:08:40,975][gurobipy][INFO] -      0     0    1.00000    0   29    0.16903    1.00000   492%     -   84s
[2025-01-29 10:08:48,746][gurobipy][INFO] -      0     0    1.00000    0   32    0.16903    1.00000   492%     -   92s
[2025-01-29 10:08:54,415][gurobipy][INFO] -      0     0    1.00000    0   32    0.16903    1.00000   492%     -   98s
[2025-01-29 10:09:03,727][gurobipy][INFO] -      0     0    1.00000    0   32    0.16903    1.00000   492%     -  107s
[2025-01-29 10:09:05,126][gurobipy][INFO] - H    0     0                       0.1739170    1.00000   475%     -  108s
[2025-01-29 10:09:35,232][gurobipy][INFO] -      0     2    1.00000    0   32    0.17392    1.00000   475%     -  138s
[2025-01-29 10:09:37,174][gurobipy][INFO] -      1     2    1.00000    1   30    0.17392    1.00000   475%  1804  140s
[2025-01-29 10:09:42,387][gurobipy][INFO] -      7     2    1.00000    4   27    0.17392    1.00000   475%   285  146s
[2025-01-29 10:09:47,500][gurobipy][INFO] -      9     2    1.00000    5   19    0.17392    1.00000   475%   307  151s
[2025-01-29 10:09:51,751][gurobipy][INFO] -     15     2    1.00000    8   20    0.17392    1.00000   475%   308  155s
[2025-01-29 10:10:16,365][gurobipy][INFO] -     17     4    1.00000    9   18    0.17392    1.00000   475%   289  180s
[2025-01-29 10:10:23,611][gurobipy][INFO] -     27     6    1.00000   12   13    0.17392    1.00000   475%   862  187s
[2025-01-29 10:10:27,369][gurobipy][INFO] -     31     8    1.00000   13   16    0.17392    1.00000   475%   849  191s
[2025-01-29 10:10:42,700][gurobipy][INFO] -     45    10    1.00000   15   15    0.17392    1.00000   475%   810  206s
[2025-01-29 10:11:06,502][gurobipy][INFO] -     51    10    1.00000   16   15    0.17392    1.00000   475%  1446  230s
[2025-01-29 10:11:27,290][gurobipy][INFO] -     61    12    0.86664   17   18    0.17392    1.00000   475%  1499  250s
[2025-01-29 10:11:34,107][gurobipy][INFO] -     83    12    0.82824   19   16    0.17392    0.84938   388%  1382  257s
[2025-01-29 10:11:44,719][gurobipy][INFO] -     95    14    0.79574   20   15    0.17392    0.82833   376%  1290  268s
[2025-01-29 10:11:48,902][gurobipy][INFO] -    107    20    0.77811   21   14    0.17392    0.79569   358%  1246  272s
[2025-01-29 10:11:52,636][gurobipy][INFO] -    121    29    0.72804   22   13    0.17392    0.77811   347%  1250  276s
[2025-01-29 10:11:58,850][gurobipy][INFO] -    173    30    0.57477   24   11    0.17392    0.67267   287%  1069  282s
[2025-01-29 10:12:02,446][gurobipy][INFO] -    201    22    0.50582   25   10    0.17392    0.58869   238%  1024  286s
[2025-01-29 10:12:09,738][gurobipy][INFO] -    253    11    0.23425   27    5    0.17392    0.38596   122%  1015  293s
[2025-01-29 10:12:11,563][gurobipy][INFO] -    284     9 infeasible   28         0.17392    0.34345  97.5%   969  295s
[2025-01-29 10:12:12,534][gurobipy][INFO] - 
[2025-01-29 10:12:12,534][gurobipy][INFO] - Cutting planes:
[2025-01-29 10:12:12,534][gurobipy][INFO] -   MIR: 12
[2025-01-29 10:12:12,534][gurobipy][INFO] -   RLT: 8
[2025-01-29 10:12:12,552][gurobipy][INFO] - 
[2025-01-29 10:12:12,552][gurobipy][INFO] - Explored 315 nodes (311140 simplex iterations) in 296.23 seconds (671.77 work units)
[2025-01-29 10:12:12,552][gurobipy][INFO] - Thread count was 24 (of 48 available processors)
[2025-01-29 10:12:12,552][gurobipy][INFO] - 
[2025-01-29 10:12:12,552][gurobipy][INFO] - Solution count 8: 0.173917 0.169025 0.117729 ... 3.55271e-15
[2025-01-29 10:12:12,552][gurobipy][INFO] - No other solutions better than 0.173917
[2025-01-29 10:12:12,552][gurobipy][INFO] - 
[2025-01-29 10:12:12,553][gurobipy][INFO] - Optimal solution found (tolerance 1.00e-04)
[2025-01-29 10:12:12,557][gurobipy][INFO] - Best objective 1.739170232327e-01, best bound 1.739170232327e-01, gap 0.0000%
[2025-01-29 10:12:13,084][__main__][INFO] - Finished size 138554 (5/5)
