[2025-01-29 13:11:22,565][__main__][INFO] - In total, there are 1229 possible subgroups
[2025-01-29 13:11:22,595][__main__][INFO] - [0], []
[2025-01-29 13:11:22,777][__main__][INFO] - [1], []
[2025-01-29 13:11:23,016][__main__][INFO] - [2], []
[2025-01-29 13:11:23,235][__main__][INFO] - [3], []
[2025-01-29 13:11:23,412][__main__][INFO] - [4], []
[2025-01-29 13:11:23,626][__main__][INFO] - [5], []
[2025-01-29 13:11:23,812][__main__][INFO] - [6], []
[2025-01-29 13:11:23,894][__main__][INFO] - [7], []
[2025-01-29 13:11:23,938][__main__][INFO] - [8], []
[2025-01-29 13:11:23,959][__main__][INFO] - [9], []
[2025-01-29 13:11:23,982][__main__][INFO] - [10], []
[2025-01-29 13:11:24,840][__main__][INFO] - [11], []
[2025-01-29 13:11:24,883][__main__][INFO] - [12], []
[2025-01-29 13:11:25,041][__main__][INFO] - [13], []
[2025-01-29 13:11:25,067][__main__][INFO] - [14], []
[2025-01-29 13:11:25,093][__main__][INFO] - [15], []
[2025-01-29 13:11:25,275][__main__][INFO] - [16], []
[2025-01-29 13:11:25,841][__main__][INFO] - [], [16]
[2025-01-29 13:11:26,478][__main__][INFO] - [17], []
[2025-01-29 13:11:26,610][__main__][INFO] - [18], []
[2025-01-29 13:11:27,367][__main__][INFO] - [19], []
[2025-01-29 13:11:27,420][__main__][INFO] - [20], []
[2025-01-29 13:11:27,474][__main__][INFO] - [21], []
[2025-01-29 13:11:27,497][__main__][INFO] - [22], []
[2025-01-29 13:11:27,518][__main__][INFO] - [23], []
[2025-01-29 13:11:27,704][__main__][INFO] - [24], []
[2025-01-29 13:11:27,724][__main__][INFO] - [25], []
[2025-01-29 13:11:27,775][__main__][INFO] - [0, 10], []
[2025-01-29 13:11:27,939][__main__][INFO] - [0, 11], []
[2025-01-29 13:11:27,961][__main__][INFO] - [0, 12], []
[2025-01-29 13:11:27,992][__main__][INFO] - [0, 13], []
[2025-01-29 13:11:28,014][__main__][INFO] - [0, 14], []
[2025-01-29 13:11:28,036][__main__][INFO] - [0, 15], []
[2025-01-29 13:11:28,066][__main__][INFO] - [0, 16], []
[2025-01-29 13:11:28,163][__main__][INFO] - [0], [16]
[2025-01-29 13:11:28,261][__main__][INFO] - [0, 17], []
[2025-01-29 13:11:28,302][__main__][INFO] - [0, 18], []
[2025-01-29 13:11:28,412][__main__][INFO] - [0, 19], []
[2025-01-29 13:11:28,441][__main__][INFO] - [0, 20], []
[2025-01-29 13:11:28,468][__main__][INFO] - [0, 21], []
[2025-01-29 13:11:28,494][__main__][INFO] - [0, 22], []
[2025-01-29 13:11:28,519][__main__][INFO] - [0, 23], []
[2025-01-29 13:11:28,556][__main__][INFO] - [0, 24], []
[2025-01-29 13:11:28,608][__main__][INFO] - [1, 10], []
[2025-01-29 13:11:28,795][__main__][INFO] - [1, 11], []
[2025-01-29 13:11:28,819][__main__][INFO] - [1, 12], []
[2025-01-29 13:11:28,856][__main__][INFO] - [1, 13], []
[2025-01-29 13:11:28,878][__main__][INFO] - [1, 14], []
[2025-01-29 13:11:28,902][__main__][INFO] - [1, 15], []
[2025-01-29 13:11:28,941][__main__][INFO] - [1, 16], []
[2025-01-29 13:11:29,054][__main__][INFO] - [1], [16]
[2025-01-29 13:11:29,181][__main__][INFO] - [1, 17], []
[2025-01-29 13:11:29,226][__main__][INFO] - [1, 18], []
[2025-01-29 13:11:29,364][__main__][INFO] - [1, 19], []
[2025-01-29 13:11:29,394][__main__][INFO] - [1, 20], []
[2025-01-29 13:11:29,422][__main__][INFO] - [1, 21], []
[2025-01-29 13:11:29,443][__main__][INFO] - [1, 22], []
[2025-01-29 13:11:29,465][__main__][INFO] - [1, 23], []
[2025-01-29 13:11:29,513][__main__][INFO] - [1, 24], []
[2025-01-29 13:11:29,565][__main__][INFO] - [2, 10], []
[2025-01-29 13:11:29,715][__main__][INFO] - [2, 11], []
[2025-01-29 13:11:29,740][__main__][INFO] - [2, 12], []
[2025-01-29 13:11:29,784][__main__][INFO] - [2, 13], []
[2025-01-29 13:11:29,807][__main__][INFO] - [2, 14], []
[2025-01-29 13:11:29,832][__main__][INFO] - [2, 15], []
[2025-01-29 13:11:29,882][__main__][INFO] - [2, 16], []
[2025-01-29 13:11:29,988][__main__][INFO] - [2], [16]
[2025-01-29 13:11:30,111][__main__][INFO] - [2, 17], []
[2025-01-29 13:11:30,152][__main__][INFO] - [2, 18], []
[2025-01-29 13:11:30,290][__main__][INFO] - [2, 19], []
[2025-01-29 13:11:30,318][__main__][INFO] - [2, 20], []
[2025-01-29 13:11:30,344][__main__][INFO] - [2, 21], []
[2025-01-29 13:11:30,370][__main__][INFO] - [2, 22], []
[2025-01-29 13:11:30,392][__main__][INFO] - [2, 23], []
[2025-01-29 13:11:30,443][__main__][INFO] - [2, 24], []
[2025-01-29 13:11:30,494][__main__][INFO] - [3, 10], []
[2025-01-29 13:11:30,602][__main__][INFO] - [3, 11], []
[2025-01-29 13:11:30,627][__main__][INFO] - [3, 12], []
[2025-01-29 13:11:30,672][__main__][INFO] - [3, 13], []
[2025-01-29 13:11:30,694][__main__][INFO] - [3, 14], []
[2025-01-29 13:11:30,716][__main__][INFO] - [3, 15], []
[2025-01-29 13:11:30,767][__main__][INFO] - [3, 16], []
[2025-01-29 13:11:30,855][__main__][INFO] - [3], [16]
[2025-01-29 13:11:30,954][__main__][INFO] - [3, 17], []
[2025-01-29 13:11:30,990][__main__][INFO] - [3, 18], []
[2025-01-29 13:11:31,098][__main__][INFO] - [3, 19], []
[2025-01-29 13:11:31,123][__main__][INFO] - [3, 20], []
[2025-01-29 13:11:31,149][__main__][INFO] - [3, 21], []
[2025-01-29 13:11:31,171][__main__][INFO] - [3, 22], []
[2025-01-29 13:11:31,193][__main__][INFO] - [3, 23], []
[2025-01-29 13:11:31,243][__main__][INFO] - [3, 24], []
[2025-01-29 13:11:31,304][__main__][INFO] - [4, 10], []
[2025-01-29 13:11:31,439][__main__][INFO] - [4, 11], []
[2025-01-29 13:11:31,468][__main__][INFO] - [4, 12], []
[2025-01-29 13:11:31,516][__main__][INFO] - [4, 13], []
[2025-01-29 13:11:31,539][__main__][INFO] - [4, 14], []
[2025-01-29 13:11:31,560][__main__][INFO] - [4, 15], []
[2025-01-29 13:11:31,618][__main__][INFO] - [4, 16], []
[2025-01-29 13:11:31,723][__main__][INFO] - [4], [16]
[2025-01-29 13:11:31,841][__main__][INFO] - [4, 17], []
[2025-01-29 13:11:31,880][__main__][INFO] - [4, 18], []
[2025-01-29 13:11:32,025][__main__][INFO] - [4, 19], []
[2025-01-29 13:11:32,050][__main__][INFO] - [4, 20], []
[2025-01-29 13:11:32,077][__main__][INFO] - [4, 21], []
[2025-01-29 13:11:32,099][__main__][INFO] - [4, 22], []
[2025-01-29 13:11:32,120][__main__][INFO] - [4, 23], []
[2025-01-29 13:11:32,169][__main__][INFO] - [4, 24], []
[2025-01-29 13:11:32,221][__main__][INFO] - [5, 10], []
[2025-01-29 13:11:32,350][__main__][INFO] - [5, 11], []
[2025-01-29 13:11:32,375][__main__][INFO] - [5, 12], []
[2025-01-29 13:11:32,420][__main__][INFO] - [5, 13], []
[2025-01-29 13:11:32,445][__main__][INFO] - [5, 14], []
[2025-01-29 13:11:32,471][__main__][INFO] - [5, 15], []
[2025-01-29 13:11:32,516][__main__][INFO] - [5, 16], []
[2025-01-29 13:11:32,612][__main__][INFO] - [5], [16]
[2025-01-29 13:11:32,716][__main__][INFO] - [5, 17], []
[2025-01-29 13:11:32,746][__main__][INFO] - [5, 18], []
[2025-01-29 13:11:32,878][__main__][INFO] - [5, 19], []
[2025-01-29 13:11:32,906][__main__][INFO] - [5, 20], []
[2025-01-29 13:11:32,933][__main__][INFO] - [5, 21], []
[2025-01-29 13:11:32,955][__main__][INFO] - [5, 22], []
[2025-01-29 13:11:32,980][__main__][INFO] - [5, 23], []
[2025-01-29 13:11:33,023][__main__][INFO] - [5, 24], []
[2025-01-29 13:11:33,076][__main__][INFO] - [6, 10], []
[2025-01-29 13:11:33,140][__main__][INFO] - [6, 11], []
[2025-01-29 13:11:33,163][__main__][INFO] - [6, 12], []
[2025-01-29 13:11:33,192][__main__][INFO] - [6, 13], []
[2025-01-29 13:11:33,216][__main__][INFO] - [6, 14], []
[2025-01-29 13:11:33,238][__main__][INFO] - [6, 15], []
[2025-01-29 13:11:33,265][__main__][INFO] - [6, 16], []
[2025-01-29 13:11:33,313][__main__][INFO] - [6], [16]
[2025-01-29 13:11:33,367][__main__][INFO] - [6, 17], []
[2025-01-29 13:11:33,391][__main__][INFO] - [6, 18], []
[2025-01-29 13:11:33,461][__main__][INFO] - [6, 19], []
[2025-01-29 13:11:33,486][__main__][INFO] - [6, 20], []
[2025-01-29 13:11:33,510][__main__][INFO] - [6, 21], []
[2025-01-29 13:11:33,531][__main__][INFO] - [6, 22], []
[2025-01-29 13:11:33,553][__main__][INFO] - [6, 23], []
[2025-01-29 13:11:33,583][__main__][INFO] - [6, 24], []
[2025-01-29 13:11:33,635][__main__][INFO] - [7, 10], []
[2025-01-29 13:11:33,670][__main__][INFO] - [7, 11], []
[2025-01-29 13:11:33,692][__main__][INFO] - [7, 12], []
[2025-01-29 13:11:33,715][__main__][INFO] - [7, 13], []
[2025-01-29 13:11:33,739][__main__][INFO] - [7, 14], []
[2025-01-29 13:11:33,760][__main__][INFO] - [7, 15], []
[2025-01-29 13:11:33,782][__main__][INFO] - [7, 16], []
[2025-01-29 13:11:33,811][__main__][INFO] - [7], [16]
[2025-01-29 13:11:33,843][__main__][INFO] - [7, 17], []
[2025-01-29 13:11:33,868][__main__][INFO] - [7, 18], []
[2025-01-29 13:11:33,904][__main__][INFO] - [7, 19], []
[2025-01-29 13:11:33,926][__main__][INFO] - [7, 20], []
[2025-01-29 13:11:33,951][__main__][INFO] - [7, 21], []
[2025-01-29 13:11:33,988][__main__][INFO] - [7, 23], []
[2025-01-29 13:11:34,057][__main__][INFO] - [8, 10], []
[2025-01-29 13:11:34,084][__main__][INFO] - [8, 11], []
[2025-01-29 13:11:34,109][__main__][INFO] - [8, 12], []
[2025-01-29 13:11:34,161][__main__][INFO] - [8, 15], []
[2025-01-29 13:11:34,187][__main__][INFO] - [8, 16], []
[2025-01-29 13:11:34,213][__main__][INFO] - [8], [16]
[2025-01-29 13:11:34,236][__main__][INFO] - [8, 17], []
[2025-01-29 13:11:34,258][__main__][INFO] - [8, 18], []
[2025-01-29 13:11:34,281][__main__][INFO] - [8, 19], []
[2025-01-29 13:11:34,302][__main__][INFO] - [8, 20], []
[2025-01-29 13:11:34,364][__main__][INFO] - [8, 23], []
[2025-01-29 13:11:34,437][__main__][INFO] - [9, 10], []
[2025-01-29 13:11:34,475][__main__][INFO] - [9, 12], []
[2025-01-29 13:11:34,545][__main__][INFO] - [9, 16], []
[2025-01-29 13:11:34,567][__main__][INFO] - [9], [16]
[2025-01-29 13:11:34,604][__main__][INFO] - [9, 18], []
[2025-01-29 13:11:34,704][__main__][INFO] - [9, 23], []
[2025-01-29 13:11:34,771][__main__][INFO] - [10, 16], []
[2025-01-29 13:11:35,170][__main__][INFO] - [10], [16]
[2025-01-29 13:11:35,599][__main__][INFO] - [10, 17], []
[2025-01-29 13:11:35,677][__main__][INFO] - [10, 18], []
[2025-01-29 13:11:36,304][__main__][INFO] - [10, 19], []
[2025-01-29 13:11:36,356][__main__][INFO] - [10, 20], []
[2025-01-29 13:11:36,413][__main__][INFO] - [10, 21], []
[2025-01-29 13:11:36,441][__main__][INFO] - [10, 22], []
[2025-01-29 13:11:36,463][__main__][INFO] - [10, 23], []
[2025-01-29 13:11:36,525][__main__][INFO] - [10, 24], []
[2025-01-29 13:11:36,551][__main__][INFO] - [10, 25], []
[2025-01-29 13:11:36,588][__main__][INFO] - [11, 16], []
[2025-01-29 13:11:36,618][__main__][INFO] - [11], [16]
[2025-01-29 13:11:36,650][__main__][INFO] - [11, 17], []
[2025-01-29 13:11:36,675][__main__][INFO] - [11, 18], []
[2025-01-29 13:11:36,716][__main__][INFO] - [11, 19], []
[2025-01-29 13:11:36,740][__main__][INFO] - [11, 20], []
[2025-01-29 13:11:36,792][__main__][INFO] - [11, 23], []
[2025-01-29 13:11:36,859][__main__][INFO] - [12, 16], []
[2025-01-29 13:11:36,942][__main__][INFO] - [12], [16]
[2025-01-29 13:11:37,027][__main__][INFO] - [12, 17], []
[2025-01-29 13:11:37,052][__main__][INFO] - [12, 18], []
[2025-01-29 13:11:37,085][__main__][INFO] - [12, 19], []
[2025-01-29 13:11:37,112][__main__][INFO] - [12, 20], []
[2025-01-29 13:11:37,165][__main__][INFO] - [12, 23], []
[2025-01-29 13:11:37,361][__main__][INFO] - [13, 16], []
[2025-01-29 13:11:37,385][__main__][INFO] - [13], [16]
[2025-01-29 13:11:37,408][__main__][INFO] - [13, 17], []
[2025-01-29 13:11:37,430][__main__][INFO] - [13, 18], []
[2025-01-29 13:11:37,453][__main__][INFO] - [13, 19], []
[2025-01-29 13:11:37,477][__main__][INFO] - [13, 20], []
[2025-01-29 13:11:37,529][__main__][INFO] - [13, 23], []
[2025-01-29 13:11:37,609][__main__][INFO] - [14, 16], []
[2025-01-29 13:11:37,632][__main__][INFO] - [14], [16]
[2025-01-29 13:11:37,669][__main__][INFO] - [14, 18], []
[2025-01-29 13:11:37,692][__main__][INFO] - [14, 19], []
[2025-01-29 13:11:37,744][__main__][INFO] - [14, 22], []
[2025-01-29 13:11:37,770][__main__][INFO] - [14, 23], []
[2025-01-29 13:11:37,837][__main__][INFO] - [15, 16], []
[2025-01-29 13:11:37,923][__main__][INFO] - [15], [16]
[2025-01-29 13:11:38,030][__main__][INFO] - [15, 17], []
[2025-01-29 13:11:38,106][__main__][INFO] - [15, 18], []
[2025-01-29 13:11:38,212][__main__][INFO] - [15, 19], []
[2025-01-29 13:11:38,236][__main__][INFO] - [15, 20], []
[2025-01-29 13:11:38,259][__main__][INFO] - [15, 21], []
[2025-01-29 13:11:38,281][__main__][INFO] - [15, 22], []
[2025-01-29 13:11:38,303][__main__][INFO] - [15, 23], []
[2025-01-29 13:11:38,328][__main__][INFO] - [15, 24], []
[2025-01-29 13:11:38,380][__main__][INFO] - [16, 17], []
[2025-01-29 13:11:38,449][__main__][INFO] - [16, 18], []
[2025-01-29 13:11:38,791][__main__][INFO] - [16, 19], []
[2025-01-29 13:11:38,831][__main__][INFO] - [16, 20], []
[2025-01-29 13:11:38,872][__main__][INFO] - [16, 21], []
[2025-01-29 13:11:38,899][__main__][INFO] - [16, 22], []
[2025-01-29 13:11:38,925][__main__][INFO] - [16, 23], []
[2025-01-29 13:11:39,027][__main__][INFO] - [16, 24], []
[2025-01-29 13:11:39,087][__main__][INFO] - [17], [16]
[2025-01-29 13:11:39,170][__main__][INFO] - [18], [16]
[2025-01-29 13:11:39,567][__main__][INFO] - [19], [16]
[2025-01-29 13:11:39,608][__main__][INFO] - [20], [16]
[2025-01-29 13:11:39,648][__main__][INFO] - [21], [16]
[2025-01-29 13:11:39,674][__main__][INFO] - [22], [16]
[2025-01-29 13:11:39,700][__main__][INFO] - [23], [16]
[2025-01-29 13:11:39,801][__main__][INFO] - [24], [16]
[2025-01-29 13:11:39,883][__main__][INFO] - [0, 10, 16], []
[2025-01-29 13:11:39,971][__main__][INFO] - [0, 10], [16]
[2025-01-29 13:11:40,060][__main__][INFO] - [0, 10, 17], []
[2025-01-29 13:11:40,100][__main__][INFO] - [0, 10, 18], []
[2025-01-29 13:11:40,206][__main__][INFO] - [0, 10, 19], []
[2025-01-29 13:11:40,237][__main__][INFO] - [0, 10, 20], []
[2025-01-29 13:11:40,268][__main__][INFO] - [0, 10, 21], []
[2025-01-29 13:11:40,293][__main__][INFO] - [0, 10, 22], []
[2025-01-29 13:11:40,317][__main__][INFO] - [0, 10, 23], []
[2025-01-29 13:11:40,351][__main__][INFO] - [0, 10, 24], []
[2025-01-29 13:11:40,407][__main__][INFO] - [0, 11, 16], []
[2025-01-29 13:11:40,435][__main__][INFO] - [0, 11], [16]
[2025-01-29 13:11:40,475][__main__][INFO] - [0, 11, 18], []
[2025-01-29 13:11:40,500][__main__][INFO] - [0, 11, 19], []
[2025-01-29 13:11:40,573][__main__][INFO] - [0, 11, 23], []
[2025-01-29 13:11:40,653][__main__][INFO] - [0, 12, 16], []
[2025-01-29 13:11:40,680][__main__][INFO] - [0, 12], [16]
[2025-01-29 13:11:40,727][__main__][INFO] - [0, 12, 18], []
[2025-01-29 13:11:40,753][__main__][INFO] - [0, 12, 19], []
[2025-01-29 13:11:40,836][__main__][INFO] - [0, 12, 23], []
[2025-01-29 13:11:40,924][__main__][INFO] - [0, 13, 16], []
[2025-01-29 13:11:40,951][__main__][INFO] - [0, 13], [16]
[2025-01-29 13:11:40,997][__main__][INFO] - [0, 13, 18], []
[2025-01-29 13:11:41,042][__main__][INFO] - [0, 13, 20], []
[2025-01-29 13:11:41,181][__main__][INFO] - [0, 14, 16], []
[2025-01-29 13:11:41,208][__main__][INFO] - [0, 14], [16]
[2025-01-29 13:11:41,252][__main__][INFO] - [0, 14, 18], []
[2025-01-29 13:11:41,332][__main__][INFO] - [0, 14, 22], []
[2025-01-29 13:11:41,433][__main__][INFO] - [0, 15, 16], []
[2025-01-29 13:11:41,464][__main__][INFO] - [0, 15], [16]
[2025-01-29 13:11:41,494][__main__][INFO] - [0, 15, 17], []
[2025-01-29 13:11:41,524][__main__][INFO] - [0, 15, 18], []
[2025-01-29 13:11:41,555][__main__][INFO] - [0, 15, 19], []
[2025-01-29 13:11:41,582][__main__][INFO] - [0, 15, 20], []
[2025-01-29 13:11:41,609][__main__][INFO] - [0, 15, 21], []
[2025-01-29 13:11:41,654][__main__][INFO] - [0, 15, 23], []
[2025-01-29 13:11:41,737][__main__][INFO] - [0, 16, 17], []
[2025-01-29 13:11:41,769][__main__][INFO] - [0, 16, 18], []
[2025-01-29 13:11:41,836][__main__][INFO] - [0, 16, 19], []
[2025-01-29 13:11:41,863][__main__][INFO] - [0, 16, 20], []
[2025-01-29 13:11:41,890][__main__][INFO] - [0, 16, 21], []
[2025-01-29 13:11:41,914][__main__][INFO] - [0, 16, 22], []
[2025-01-29 13:11:41,938][__main__][INFO] - [0, 16, 23], []
[2025-01-29 13:11:41,969][__main__][INFO] - [0, 16, 24], []
[2025-01-29 13:11:42,024][__main__][INFO] - [0, 17], [16]
[2025-01-29 13:11:42,058][__main__][INFO] - [0, 18], [16]
[2025-01-29 13:11:42,127][__main__][INFO] - [0, 19], [16]
[2025-01-29 13:11:42,155][__main__][INFO] - [0, 20], [16]
[2025-01-29 13:11:42,182][__main__][INFO] - [0, 21], [16]
[2025-01-29 13:11:42,207][__main__][INFO] - [0, 22], [16]
[2025-01-29 13:11:42,231][__main__][INFO] - [0, 23], [16]
[2025-01-29 13:11:42,263][__main__][INFO] - [0, 24], [16]
[2025-01-29 13:11:42,338][__main__][INFO] - [1, 10, 16], []
[2025-01-29 13:11:42,434][__main__][INFO] - [1, 10], [16]
[2025-01-29 13:11:42,538][__main__][INFO] - [1, 10, 17], []
[2025-01-29 13:11:42,579][__main__][INFO] - [1, 10, 18], []
[2025-01-29 13:11:42,703][__main__][INFO] - [1, 10, 19], []
[2025-01-29 13:11:42,735][__main__][INFO] - [1, 10, 20], []
[2025-01-29 13:11:42,765][__main__][INFO] - [1, 10, 21], []
[2025-01-29 13:11:42,790][__main__][INFO] - [1, 10, 22], []
[2025-01-29 13:11:42,815][__main__][INFO] - [1, 10, 23], []
[2025-01-29 13:11:42,850][__main__][INFO] - [1, 10, 24], []
[2025-01-29 13:11:42,908][__main__][INFO] - [1, 11, 16], []
[2025-01-29 13:11:42,933][__main__][INFO] - [1, 11], [16]
[2025-01-29 13:11:42,974][__main__][INFO] - [1, 11, 18], []
[2025-01-29 13:11:43,001][__main__][INFO] - [1, 11, 19], []
[2025-01-29 13:11:43,025][__main__][INFO] - [1, 11, 20], []
[2025-01-29 13:11:43,081][__main__][INFO] - [1, 11, 23], []
[2025-01-29 13:11:43,157][__main__][INFO] - [1, 12, 16], []
[2025-01-29 13:11:43,188][__main__][INFO] - [1, 12], [16]
[2025-01-29 13:11:43,241][__main__][INFO] - [1, 12, 18], []
[2025-01-29 13:11:43,266][__main__][INFO] - [1, 12, 19], []
[2025-01-29 13:11:43,350][__main__][INFO] - [1, 12, 23], []
[2025-01-29 13:11:43,444][__main__][INFO] - [1, 13, 16], []
[2025-01-29 13:11:43,468][__main__][INFO] - [1, 13], [16]
[2025-01-29 13:11:43,514][__main__][INFO] - [1, 13, 18], []
[2025-01-29 13:11:43,554][__main__][INFO] - [1, 13, 20], []
[2025-01-29 13:11:43,672][__main__][INFO] - [1, 14, 16], []
[2025-01-29 13:11:43,696][__main__][INFO] - [1, 14], [16]
[2025-01-29 13:11:43,738][__main__][INFO] - [1, 14, 18], []
[2025-01-29 13:11:43,820][__main__][INFO] - [1, 14, 22], []
[2025-01-29 13:11:43,845][__main__][INFO] - [1, 14, 23], []
[2025-01-29 13:11:43,914][__main__][INFO] - [1, 15, 16], []
[2025-01-29 13:11:43,945][__main__][INFO] - [1, 15], [16]
[2025-01-29 13:11:43,981][__main__][INFO] - [1, 15, 17], []
[2025-01-29 13:11:44,011][__main__][INFO] - [1, 15, 18], []
[2025-01-29 13:11:44,044][__main__][INFO] - [1, 15, 19], []
[2025-01-29 13:11:44,069][__main__][INFO] - [1, 15, 20], []
[2025-01-29 13:11:44,096][__main__][INFO] - [1, 15, 21], []
[2025-01-29 13:11:44,136][__main__][INFO] - [1, 15, 23], []
[2025-01-29 13:11:44,161][__main__][INFO] - [1, 15, 24], []
[2025-01-29 13:11:44,216][__main__][INFO] - [1, 16, 17], []
[2025-01-29 13:11:44,253][__main__][INFO] - [1, 16, 18], []
[2025-01-29 13:11:44,328][__main__][INFO] - [1, 16, 19], []
[2025-01-29 13:11:44,356][__main__][INFO] - [1, 16, 20], []
[2025-01-29 13:11:44,383][__main__][INFO] - [1, 16, 21], []
[2025-01-29 13:11:44,408][__main__][INFO] - [1, 16, 22], []
[2025-01-29 13:11:44,435][__main__][INFO] - [1, 16, 23], []
[2025-01-29 13:11:44,470][__main__][INFO] - [1, 16, 24], []
[2025-01-29 13:11:44,524][__main__][INFO] - [1, 17], [16]
[2025-01-29 13:11:44,560][__main__][INFO] - [1, 18], [16]
[2025-01-29 13:11:44,643][__main__][INFO] - [1, 19], [16]
[2025-01-29 13:11:44,674][__main__][INFO] - [1, 20], [16]
[2025-01-29 13:11:44,704][__main__][INFO] - [1, 21], [16]
[2025-01-29 13:11:44,729][__main__][INFO] - [1, 22], [16]
[2025-01-29 13:11:44,754][__main__][INFO] - [1, 23], [16]
[2025-01-29 13:11:44,790][__main__][INFO] - [1, 24], [16]
[2025-01-29 13:11:44,862][__main__][INFO] - [2, 10, 16], []
[2025-01-29 13:11:44,944][__main__][INFO] - [2, 10], [16]
[2025-01-29 13:11:45,034][__main__][INFO] - [2, 10, 17], []
[2025-01-29 13:11:45,067][__main__][INFO] - [2, 10, 18], []
[2025-01-29 13:11:45,175][__main__][INFO] - [2, 10, 19], []
[2025-01-29 13:11:45,204][__main__][INFO] - [2, 10, 20], []
[2025-01-29 13:11:45,233][__main__][INFO] - [2, 10, 21], []
[2025-01-29 13:11:45,258][__main__][INFO] - [2, 10, 22], []
[2025-01-29 13:11:45,285][__main__][INFO] - [2, 10, 23], []
[2025-01-29 13:11:45,318][__main__][INFO] - [2, 10, 24], []
[2025-01-29 13:11:45,383][__main__][INFO] - [2, 11, 16], []
[2025-01-29 13:11:45,408][__main__][INFO] - [2, 11], [16]
[2025-01-29 13:11:45,450][__main__][INFO] - [2, 11, 18], []
[2025-01-29 13:11:45,478][__main__][INFO] - [2, 11, 19], []
[2025-01-29 13:11:45,548][__main__][INFO] - [2, 11, 23], []
[2025-01-29 13:11:45,617][__main__][INFO] - [2, 12, 16], []
[2025-01-29 13:11:45,651][__main__][INFO] - [2, 12], [16]
[2025-01-29 13:11:45,702][__main__][INFO] - [2, 12, 18], []
[2025-01-29 13:11:45,730][__main__][INFO] - [2, 12, 19], []
[2025-01-29 13:11:45,814][__main__][INFO] - [2, 12, 23], []
[2025-01-29 13:11:45,904][__main__][INFO] - [2, 13, 16], []
[2025-01-29 13:11:45,929][__main__][INFO] - [2, 13], [16]
[2025-01-29 13:11:45,969][__main__][INFO] - [2, 13, 18], []
[2025-01-29 13:11:46,009][__main__][INFO] - [2, 13, 20], []
[2025-01-29 13:11:46,064][__main__][INFO] - [2, 13, 23], []
[2025-01-29 13:11:46,135][__main__][INFO] - [2, 14, 16], []
[2025-01-29 13:11:46,158][__main__][INFO] - [2, 14], [16]
[2025-01-29 13:11:46,199][__main__][INFO] - [2, 14, 18], []
[2025-01-29 13:11:46,282][__main__][INFO] - [2, 14, 22], []
[2025-01-29 13:11:46,309][__main__][INFO] - [2, 14, 23], []
[2025-01-29 13:11:46,380][__main__][INFO] - [2, 15, 16], []
[2025-01-29 13:11:46,418][__main__][INFO] - [2, 15], [16]
[2025-01-29 13:11:46,459][__main__][INFO] - [2, 15, 17], []
[2025-01-29 13:11:46,493][__main__][INFO] - [2, 15, 18], []
[2025-01-29 13:11:46,532][__main__][INFO] - [2, 15, 19], []
[2025-01-29 13:11:46,556][__main__][INFO] - [2, 15, 20], []
[2025-01-29 13:11:46,580][__main__][INFO] - [2, 15, 21], []
[2025-01-29 13:11:46,622][__main__][INFO] - [2, 15, 23], []
[2025-01-29 13:11:46,645][__main__][INFO] - [2, 15, 24], []
[2025-01-29 13:11:46,700][__main__][INFO] - [2, 16, 17], []
[2025-01-29 13:11:46,732][__main__][INFO] - [2, 16, 18], []
[2025-01-29 13:11:46,802][__main__][INFO] - [2, 16, 19], []
[2025-01-29 13:11:46,828][__main__][INFO] - [2, 16, 20], []
[2025-01-29 13:11:46,855][__main__][INFO] - [2, 16, 21], []
[2025-01-29 13:11:46,880][__main__][INFO] - [2, 16, 22], []
[2025-01-29 13:11:46,904][__main__][INFO] - [2, 16, 23], []
[2025-01-29 13:11:46,945][__main__][INFO] - [2, 16, 24], []
[2025-01-29 13:11:47,002][__main__][INFO] - [2, 17], [16]
[2025-01-29 13:11:47,037][__main__][INFO] - [2, 18], [16]
[2025-01-29 13:11:47,122][__main__][INFO] - [2, 19], [16]
[2025-01-29 13:11:47,148][__main__][INFO] - [2, 20], [16]
[2025-01-29 13:11:47,174][__main__][INFO] - [2, 21], [16]
[2025-01-29 13:11:47,198][__main__][INFO] - [2, 22], [16]
[2025-01-29 13:11:47,222][__main__][INFO] - [2, 23], [16]
[2025-01-29 13:11:47,260][__main__][INFO] - [2, 24], [16]
[2025-01-29 13:11:47,330][__main__][INFO] - [3, 10, 16], []
[2025-01-29 13:11:47,391][__main__][INFO] - [3, 10], [16]
[2025-01-29 13:11:47,455][__main__][INFO] - [3, 10, 17], []
[2025-01-29 13:11:47,486][__main__][INFO] - [3, 10, 18], []
[2025-01-29 13:11:47,574][__main__][INFO] - [3, 10, 19], []
[2025-01-29 13:11:47,601][__main__][INFO] - [3, 10, 20], []
[2025-01-29 13:11:47,629][__main__][INFO] - [3, 10, 21], []
[2025-01-29 13:11:47,654][__main__][INFO] - [3, 10, 22], []
[2025-01-29 13:11:47,680][__main__][INFO] - [3, 10, 23], []
[2025-01-29 13:11:47,707][__main__][INFO] - [3, 10, 24], []
[2025-01-29 13:11:47,764][__main__][INFO] - [3, 11, 16], []
[2025-01-29 13:11:47,789][__main__][INFO] - [3, 11], [16]
[2025-01-29 13:11:47,832][__main__][INFO] - [3, 11, 18], []
[2025-01-29 13:11:47,862][__main__][INFO] - [3, 11, 19], []
[2025-01-29 13:11:47,934][__main__][INFO] - [3, 11, 23], []
[2025-01-29 13:11:48,004][__main__][INFO] - [3, 12, 16], []
[2025-01-29 13:11:48,039][__main__][INFO] - [3, 12], [16]
[2025-01-29 13:11:48,090][__main__][INFO] - [3, 12, 18], []
[2025-01-29 13:11:48,115][__main__][INFO] - [3, 12, 19], []
[2025-01-29 13:11:48,186][__main__][INFO] - [3, 12, 23], []
[2025-01-29 13:11:48,276][__main__][INFO] - [3, 13, 16], []
[2025-01-29 13:11:48,300][__main__][INFO] - [3, 13], [16]
[2025-01-29 13:11:48,339][__main__][INFO] - [3, 13, 18], []
[2025-01-29 13:11:48,379][__main__][INFO] - [3, 13, 20], []
[2025-01-29 13:11:48,441][__main__][INFO] - [3, 13, 23], []
[2025-01-29 13:11:48,512][__main__][INFO] - [3, 14, 16], []
[2025-01-29 13:11:48,536][__main__][INFO] - [3, 14], [16]
[2025-01-29 13:11:48,582][__main__][INFO] - [3, 14, 18], []
[2025-01-29 13:11:48,607][__main__][INFO] - [3, 14, 19], []
[2025-01-29 13:11:48,662][__main__][INFO] - [3, 14, 22], []
[2025-01-29 13:11:48,687][__main__][INFO] - [3, 14, 23], []
[2025-01-29 13:11:48,763][__main__][INFO] - [3, 15, 16], []
[2025-01-29 13:11:48,798][__main__][INFO] - [3, 15], [16]
[2025-01-29 13:11:48,837][__main__][INFO] - [3, 15, 17], []
[2025-01-29 13:11:48,870][__main__][INFO] - [3, 15, 18], []
[2025-01-29 13:11:48,910][__main__][INFO] - [3, 15, 19], []
[2025-01-29 13:11:48,935][__main__][INFO] - [3, 15, 20], []
[2025-01-29 13:11:48,959][__main__][INFO] - [3, 15, 21], []
[2025-01-29 13:11:48,999][__main__][INFO] - [3, 15, 23], []
[2025-01-29 13:11:49,024][__main__][INFO] - [3, 15, 24], []
[2025-01-29 13:11:49,079][__main__][INFO] - [3, 16, 17], []
[2025-01-29 13:11:49,109][__main__][INFO] - [3, 16, 18], []
[2025-01-29 13:11:49,170][__main__][INFO] - [3, 16, 19], []
[2025-01-29 13:11:49,196][__main__][INFO] - [3, 16, 20], []
[2025-01-29 13:11:49,222][__main__][INFO] - [3, 16, 21], []
[2025-01-29 13:11:49,247][__main__][INFO] - [3, 16, 22], []
[2025-01-29 13:11:49,271][__main__][INFO] - [3, 16, 23], []
[2025-01-29 13:11:49,306][__main__][INFO] - [3, 16, 24], []
[2025-01-29 13:11:49,359][__main__][INFO] - [3, 17], [16]
[2025-01-29 13:11:49,391][__main__][INFO] - [3, 18], [16]
[2025-01-29 13:11:49,458][__main__][INFO] - [3, 19], [16]
[2025-01-29 13:11:49,484][__main__][INFO] - [3, 20], [16]
[2025-01-29 13:11:49,510][__main__][INFO] - [3, 21], [16]
[2025-01-29 13:11:49,535][__main__][INFO] - [3, 22], [16]
[2025-01-29 13:11:49,559][__main__][INFO] - [3, 23], [16]
[2025-01-29 13:11:49,595][__main__][INFO] - [3, 24], [16]
[2025-01-29 13:11:49,665][__main__][INFO] - [4, 10, 16], []
[2025-01-29 13:11:49,736][__main__][INFO] - [4, 10], [16]
[2025-01-29 13:11:49,814][__main__][INFO] - [4, 10, 17], []
[2025-01-29 13:11:49,844][__main__][INFO] - [4, 10, 18], []
[2025-01-29 13:11:49,954][__main__][INFO] - [4, 10, 19], []
[2025-01-29 13:11:49,981][__main__][INFO] - [4, 10, 20], []
[2025-01-29 13:11:50,010][__main__][INFO] - [4, 10, 21], []
[2025-01-29 13:11:50,038][__main__][INFO] - [4, 10, 22], []
[2025-01-29 13:11:50,063][__main__][INFO] - [4, 10, 23], []
[2025-01-29 13:11:50,090][__main__][INFO] - [4, 10, 24], []
[2025-01-29 13:11:50,145][__main__][INFO] - [4, 11, 16], []
[2025-01-29 13:11:50,171][__main__][INFO] - [4, 11], [16]
[2025-01-29 13:11:50,213][__main__][INFO] - [4, 11, 18], []
[2025-01-29 13:11:50,244][__main__][INFO] - [4, 11, 19], []
[2025-01-29 13:11:50,269][__main__][INFO] - [4, 11, 20], []
[2025-01-29 13:11:50,324][__main__][INFO] - [4, 11, 23], []
[2025-01-29 13:11:50,394][__main__][INFO] - [4, 12, 16], []
[2025-01-29 13:11:50,430][__main__][INFO] - [4, 12], [16]
[2025-01-29 13:11:50,488][__main__][INFO] - [4, 12, 18], []
[2025-01-29 13:11:50,514][__main__][INFO] - [4, 12, 19], []
[2025-01-29 13:11:50,585][__main__][INFO] - [4, 12, 23], []
[2025-01-29 13:11:50,698][__main__][INFO] - [4, 13, 16], []
[2025-01-29 13:11:50,725][__main__][INFO] - [4, 13], [16]
[2025-01-29 13:11:50,769][__main__][INFO] - [4, 13, 18], []
[2025-01-29 13:11:50,809][__main__][INFO] - [4, 13, 20], []
[2025-01-29 13:11:50,873][__main__][INFO] - [4, 13, 23], []
[2025-01-29 13:11:50,942][__main__][INFO] - [4, 14, 16], []
[2025-01-29 13:11:50,969][__main__][INFO] - [4, 14], [16]
[2025-01-29 13:11:51,008][__main__][INFO] - [4, 14, 18], []
[2025-01-29 13:11:51,033][__main__][INFO] - [4, 14, 19], []
[2025-01-29 13:11:51,091][__main__][INFO] - [4, 14, 22], []
[2025-01-29 13:11:51,178][__main__][INFO] - [4, 15, 16], []
[2025-01-29 13:11:51,217][__main__][INFO] - [4, 15], [16]
[2025-01-29 13:11:51,260][__main__][INFO] - [4, 15, 17], []
[2025-01-29 13:11:51,298][__main__][INFO] - [4, 15, 18], []
[2025-01-29 13:11:51,341][__main__][INFO] - [4, 15, 19], []
[2025-01-29 13:11:51,366][__main__][INFO] - [4, 15, 20], []
[2025-01-29 13:11:51,391][__main__][INFO] - [4, 15, 21], []
[2025-01-29 13:11:51,430][__main__][INFO] - [4, 15, 23], []
[2025-01-29 13:11:51,454][__main__][INFO] - [4, 15, 24], []
[2025-01-29 13:11:51,515][__main__][INFO] - [4, 16, 17], []
[2025-01-29 13:11:51,546][__main__][INFO] - [4, 16, 18], []
[2025-01-29 13:11:51,619][__main__][INFO] - [4, 16, 19], []
[2025-01-29 13:11:51,645][__main__][INFO] - [4, 16, 20], []
[2025-01-29 13:11:51,672][__main__][INFO] - [4, 16, 21], []
[2025-01-29 13:11:51,696][__main__][INFO] - [4, 16, 22], []
[2025-01-29 13:11:51,725][__main__][INFO] - [4, 16, 23], []
[2025-01-29 13:11:51,766][__main__][INFO] - [4, 16, 24], []
[2025-01-29 13:11:51,821][__main__][INFO] - [4, 17], [16]
[2025-01-29 13:11:51,857][__main__][INFO] - [4, 18], [16]
[2025-01-29 13:11:51,940][__main__][INFO] - [4, 19], [16]
[2025-01-29 13:11:51,966][__main__][INFO] - [4, 20], [16]
[2025-01-29 13:11:51,995][__main__][INFO] - [4, 21], [16]
[2025-01-29 13:11:52,019][__main__][INFO] - [4, 22], [16]
[2025-01-29 13:11:52,045][__main__][INFO] - [4, 23], [16]
[2025-01-29 13:11:52,081][__main__][INFO] - [4, 24], [16]
[2025-01-29 13:11:52,161][__main__][INFO] - [5, 10, 16], []
[2025-01-29 13:11:52,232][__main__][INFO] - [5, 10], [16]
[2025-01-29 13:11:52,307][__main__][INFO] - [5, 10, 17], []
[2025-01-29 13:11:52,334][__main__][INFO] - [5, 10, 18], []
[2025-01-29 13:11:52,448][__main__][INFO] - [5, 10, 19], []
[2025-01-29 13:11:52,474][__main__][INFO] - [5, 10, 20], []
[2025-01-29 13:11:52,506][__main__][INFO] - [5, 10, 21], []
[2025-01-29 13:11:52,534][__main__][INFO] - [5, 10, 22], []
[2025-01-29 13:11:52,557][__main__][INFO] - [5, 10, 23], []
[2025-01-29 13:11:52,583][__main__][INFO] - [5, 10, 24], []
[2025-01-29 13:11:52,637][__main__][INFO] - [5, 11, 16], []
[2025-01-29 13:11:52,663][__main__][INFO] - [5, 11], [16]
[2025-01-29 13:11:52,712][__main__][INFO] - [5, 11, 18], []
[2025-01-29 13:11:52,742][__main__][INFO] - [5, 11, 19], []
[2025-01-29 13:11:52,875][__main__][INFO] - [5, 12, 16], []
[2025-01-29 13:11:52,912][__main__][INFO] - [5, 12], [16]
[2025-01-29 13:11:52,968][__main__][INFO] - [5, 12, 18], []
[2025-01-29 13:11:52,994][__main__][INFO] - [5, 12, 19], []
[2025-01-29 13:11:53,077][__main__][INFO] - [5, 12, 23], []
[2025-01-29 13:11:53,176][__main__][INFO] - [5, 13, 16], []
[2025-01-29 13:11:53,200][__main__][INFO] - [5, 13], [16]
[2025-01-29 13:11:53,241][__main__][INFO] - [5, 13, 18], []
[2025-01-29 13:11:53,281][__main__][INFO] - [5, 13, 20], []
[2025-01-29 13:11:53,339][__main__][INFO] - [5, 13, 23], []
[2025-01-29 13:11:53,410][__main__][INFO] - [5, 14, 16], []
[2025-01-29 13:11:53,437][__main__][INFO] - [5, 14], [16]
[2025-01-29 13:11:53,478][__main__][INFO] - [5, 14, 18], []
[2025-01-29 13:11:53,503][__main__][INFO] - [5, 14, 19], []
[2025-01-29 13:11:53,558][__main__][INFO] - [5, 14, 22], []
[2025-01-29 13:11:53,583][__main__][INFO] - [5, 14, 23], []
[2025-01-29 13:11:53,651][__main__][INFO] - [5, 15, 16], []
[2025-01-29 13:11:53,684][__main__][INFO] - [5, 15], [16]
[2025-01-29 13:11:53,723][__main__][INFO] - [5, 15, 17], []
[2025-01-29 13:11:53,757][__main__][INFO] - [5, 15, 18], []
[2025-01-29 13:11:53,797][__main__][INFO] - [5, 15, 19], []
[2025-01-29 13:11:53,825][__main__][INFO] - [5, 15, 20], []
[2025-01-29 13:11:53,852][__main__][INFO] - [5, 15, 21], []
[2025-01-29 13:11:53,898][__main__][INFO] - [5, 15, 23], []
[2025-01-29 13:11:53,926][__main__][INFO] - [5, 15, 24], []
[2025-01-29 13:11:53,990][__main__][INFO] - [5, 16, 17], []
[2025-01-29 13:11:54,021][__main__][INFO] - [5, 16, 18], []
[2025-01-29 13:11:54,095][__main__][INFO] - [5, 16, 19], []
[2025-01-29 13:11:54,123][__main__][INFO] - [5, 16, 20], []
[2025-01-29 13:11:54,152][__main__][INFO] - [5, 16, 21], []
[2025-01-29 13:11:54,178][__main__][INFO] - [5, 16, 22], []
[2025-01-29 13:11:54,205][__main__][INFO] - [5, 16, 23], []
[2025-01-29 13:11:54,241][__main__][INFO] - [5, 16, 24], []
[2025-01-29 13:11:54,306][__main__][INFO] - [5, 17], [16]
[2025-01-29 13:11:54,337][__main__][INFO] - [5, 18], [16]
[2025-01-29 13:11:54,420][__main__][INFO] - [5, 19], [16]
[2025-01-29 13:11:54,448][__main__][INFO] - [5, 20], [16]
[2025-01-29 13:11:54,477][__main__][INFO] - [5, 21], [16]
[2025-01-29 13:11:54,504][__main__][INFO] - [5, 22], [16]
[2025-01-29 13:11:54,531][__main__][INFO] - [5, 23], [16]
[2025-01-29 13:11:54,569][__main__][INFO] - [5, 24], [16]
[2025-01-29 13:11:54,651][__main__][INFO] - [6, 10, 16], []
[2025-01-29 13:11:54,697][__main__][INFO] - [6, 10], [16]
[2025-01-29 13:11:54,742][__main__][INFO] - [6, 10, 17], []
[2025-01-29 13:11:54,769][__main__][INFO] - [6, 10, 18], []
[2025-01-29 13:11:54,831][__main__][INFO] - [6, 10, 19], []
[2025-01-29 13:11:54,856][__main__][INFO] - [6, 10, 20], []
[2025-01-29 13:11:54,885][__main__][INFO] - [6, 10, 21], []
[2025-01-29 13:11:54,909][__main__][INFO] - [6, 10, 22], []
[2025-01-29 13:11:54,937][__main__][INFO] - [6, 10, 23], []
[2025-01-29 13:11:55,008][__main__][INFO] - [6, 11, 16], []
[2025-01-29 13:11:55,033][__main__][INFO] - [6, 11], [16]
[2025-01-29 13:11:55,074][__main__][INFO] - [6, 11, 18], []
[2025-01-29 13:11:55,247][__main__][INFO] - [6, 12, 16], []
[2025-01-29 13:11:55,278][__main__][INFO] - [6, 12], [16]
[2025-01-29 13:11:55,321][__main__][INFO] - [6, 12, 18], []
[2025-01-29 13:11:55,349][__main__][INFO] - [6, 12, 19], []
[2025-01-29 13:11:55,420][__main__][INFO] - [6, 12, 23], []
[2025-01-29 13:11:55,510][__main__][INFO] - [6, 13, 16], []
[2025-01-29 13:11:55,534][__main__][INFO] - [6, 13], [16]
[2025-01-29 13:11:55,574][__main__][INFO] - [6, 13, 18], []
[2025-01-29 13:11:55,614][__main__][INFO] - [6, 13, 20], []
[2025-01-29 13:11:55,767][__main__][INFO] - [6, 14], [16]
[2025-01-29 13:11:55,974][__main__][INFO] - [6, 15, 16], []
[2025-01-29 13:11:56,000][__main__][INFO] - [6, 15], [16]
[2025-01-29 13:11:56,030][__main__][INFO] - [6, 15, 17], []
[2025-01-29 13:11:56,056][__main__][INFO] - [6, 15, 18], []
[2025-01-29 13:11:56,084][__main__][INFO] - [6, 15, 19], []
[2025-01-29 13:11:56,108][__main__][INFO] - [6, 15, 20], []
[2025-01-29 13:11:56,164][__main__][INFO] - [6, 15, 23], []
[2025-01-29 13:11:56,235][__main__][INFO] - [6, 16, 17], []
[2025-01-29 13:11:56,260][__main__][INFO] - [6, 16, 18], []
[2025-01-29 13:11:56,302][__main__][INFO] - [6, 16, 19], []
[2025-01-29 13:11:56,326][__main__][INFO] - [6, 16, 20], []
[2025-01-29 13:11:56,350][__main__][INFO] - [6, 16, 21], []
[2025-01-29 13:11:56,373][__main__][INFO] - [6, 16, 22], []
[2025-01-29 13:11:56,400][__main__][INFO] - [6, 16, 23], []
[2025-01-29 13:11:56,474][__main__][INFO] - [6, 17], [16]
[2025-01-29 13:11:56,500][__main__][INFO] - [6, 18], [16]
[2025-01-29 13:11:56,550][__main__][INFO] - [6, 19], [16]
[2025-01-29 13:11:56,575][__main__][INFO] - [6, 20], [16]
[2025-01-29 13:11:56,600][__main__][INFO] - [6, 21], [16]
[2025-01-29 13:11:56,625][__main__][INFO] - [6, 22], [16]
[2025-01-29 13:11:56,649][__main__][INFO] - [6, 23], [16]
[2025-01-29 13:11:56,745][__main__][INFO] - [7, 10, 16], []
[2025-01-29 13:11:56,774][__main__][INFO] - [7, 10], [16]
[2025-01-29 13:11:56,806][__main__][INFO] - [7, 10, 17], []
[2025-01-29 13:11:56,834][__main__][INFO] - [7, 10, 18], []
[2025-01-29 13:11:56,869][__main__][INFO] - [7, 10, 19], []
[2025-01-29 13:11:56,893][__main__][INFO] - [7, 10, 20], []
[2025-01-29 13:11:56,917][__main__][INFO] - [7, 10, 21], []
[2025-01-29 13:11:56,957][__main__][INFO] - [7, 10, 23], []
[2025-01-29 13:11:57,028][__main__][INFO] - [7, 11, 16], []
[2025-01-29 13:11:57,052][__main__][INFO] - [7, 11], [16]
[2025-01-29 13:11:57,092][__main__][INFO] - [7, 11, 18], []
[2025-01-29 13:11:57,246][__main__][INFO] - [7, 12, 16], []
[2025-01-29 13:11:57,271][__main__][INFO] - [7, 12], [16]
[2025-01-29 13:11:57,318][__main__][INFO] - [7, 12, 18], []
[2025-01-29 13:11:57,343][__main__][INFO] - [7, 12, 19], []
[2025-01-29 13:11:57,412][__main__][INFO] - [7, 12, 23], []
[2025-01-29 13:11:57,499][__main__][INFO] - [7, 13], [16]
[2025-01-29 13:11:57,539][__main__][INFO] - [7, 13, 18], []
[2025-01-29 13:11:57,888][__main__][INFO] - [7, 15, 16], []
[2025-01-29 13:11:57,916][__main__][INFO] - [7, 15], [16]
[2025-01-29 13:11:57,939][__main__][INFO] - [7, 15, 17], []
[2025-01-29 13:11:57,963][__main__][INFO] - [7, 15, 18], []
[2025-01-29 13:11:57,987][__main__][INFO] - [7, 15, 19], []
[2025-01-29 13:11:58,130][__main__][INFO] - [7, 16, 17], []
[2025-01-29 13:11:58,154][__main__][INFO] - [7, 16, 18], []
[2025-01-29 13:11:58,184][__main__][INFO] - [7, 16, 19], []
[2025-01-29 13:11:58,208][__main__][INFO] - [7, 16, 20], []
[2025-01-29 13:11:58,233][__main__][INFO] - [7, 16, 21], []
[2025-01-29 13:11:58,273][__main__][INFO] - [7, 16, 23], []
[2025-01-29 13:11:58,357][__main__][INFO] - [7, 17], [16]
[2025-01-29 13:11:58,385][__main__][INFO] - [7, 18], [16]
[2025-01-29 13:11:58,417][__main__][INFO] - [7, 19], [16]
[2025-01-29 13:11:58,441][__main__][INFO] - [7, 20], [16]
[2025-01-29 13:11:58,464][__main__][INFO] - [7, 21], [16]
[2025-01-29 13:11:58,509][__main__][INFO] - [7, 23], [16]
[2025-01-29 13:11:58,594][__main__][INFO] - [8, 10, 16], []
[2025-01-29 13:11:58,620][__main__][INFO] - [8, 10], [16]
[2025-01-29 13:11:58,661][__main__][INFO] - [8, 10, 18], []
[2025-01-29 13:11:58,688][__main__][INFO] - [8, 10, 19], []
[2025-01-29 13:11:58,715][__main__][INFO] - [8, 10, 20], []
[2025-01-29 13:11:58,771][__main__][INFO] - [8, 10, 23], []
[2025-01-29 13:11:58,842][__main__][INFO] - [8, 11, 16], []
[2025-01-29 13:11:58,867][__main__][INFO] - [8, 11], [16]
[2025-01-29 13:11:58,906][__main__][INFO] - [8, 11, 18], []
[2025-01-29 13:11:59,059][__main__][INFO] - [8, 12, 16], []
[2025-01-29 13:11:59,086][__main__][INFO] - [8, 12], [16]
[2025-01-29 13:11:59,128][__main__][INFO] - [8, 12, 18], []
[2025-01-29 13:11:59,215][__main__][INFO] - [8, 12, 23], []
[2025-01-29 13:11:59,318][__main__][INFO] - [8, 15, 16], []
[2025-01-29 13:11:59,343][__main__][INFO] - [8, 15], [16]
[2025-01-29 13:11:59,383][__main__][INFO] - [8, 15, 18], []
[2025-01-29 13:11:59,570][__main__][INFO] - [8, 16, 18], []
[2025-01-29 13:11:59,595][__main__][INFO] - [8, 16, 19], []
[2025-01-29 13:11:59,621][__main__][INFO] - [8, 16, 20], []
[2025-01-29 13:11:59,677][__main__][INFO] - [8, 16, 23], []
[2025-01-29 13:11:59,748][__main__][INFO] - [8, 17], [16]
[2025-01-29 13:11:59,772][__main__][INFO] - [8, 18], [16]
[2025-01-29 13:11:59,801][__main__][INFO] - [8, 19], [16]
[2025-01-29 13:11:59,825][__main__][INFO] - [8, 20], [16]
[2025-01-29 13:11:59,881][__main__][INFO] - [8, 23], [16]
[2025-01-29 13:11:59,978][__main__][INFO] - [9, 10, 16], []
[2025-01-29 13:12:00,010][__main__][INFO] - [9, 10], [16]
[2025-01-29 13:12:00,050][__main__][INFO] - [9, 10, 18], []
[2025-01-29 13:12:00,496][__main__][INFO] - [9, 16, 18], []
[2025-01-29 13:12:00,660][__main__][INFO] - [9, 18], [16]
[2025-01-29 13:12:00,846][__main__][INFO] - [10, 16, 17], []
[2025-01-29 13:12:00,894][__main__][INFO] - [10, 16, 18], []
[2025-01-29 13:12:01,175][__main__][INFO] - [10, 16, 19], []
[2025-01-29 13:12:01,211][__main__][INFO] - [10, 16, 20], []
[2025-01-29 13:12:01,249][__main__][INFO] - [10, 16, 21], []
[2025-01-29 13:12:01,278][__main__][INFO] - [10, 16, 22], []
[2025-01-29 13:12:01,303][__main__][INFO] - [10, 16, 23], []
[2025-01-29 13:12:01,346][__main__][INFO] - [10, 16, 24], []
[2025-01-29 13:12:01,401][__main__][INFO] - [10, 17], [16]
[2025-01-29 13:12:01,451][__main__][INFO] - [10, 18], [16]
[2025-01-29 13:12:01,768][__main__][INFO] - [10, 19], [16]
[2025-01-29 13:12:01,805][__main__][INFO] - [10, 20], [16]
[2025-01-29 13:12:01,843][__main__][INFO] - [10, 21], [16]
[2025-01-29 13:12:01,869][__main__][INFO] - [10, 22], [16]
[2025-01-29 13:12:01,897][__main__][INFO] - [10, 23], [16]
[2025-01-29 13:12:01,940][__main__][INFO] - [10, 24], [16]
[2025-01-29 13:12:02,017][__main__][INFO] - [11, 16, 17], []
[2025-01-29 13:12:02,041][__main__][INFO] - [11, 16, 18], []
[2025-01-29 13:12:02,073][__main__][INFO] - [11, 16, 19], []
[2025-01-29 13:12:02,097][__main__][INFO] - [11, 16, 20], []
[2025-01-29 13:12:02,153][__main__][INFO] - [11, 16, 23], []
[2025-01-29 13:12:02,223][__main__][INFO] - [11, 17], [16]
[2025-01-29 13:12:02,250][__main__][INFO] - [11, 18], [16]
[2025-01-29 13:12:02,282][__main__][INFO] - [11, 19], [16]
[2025-01-29 13:12:02,306][__main__][INFO] - [11, 20], [16]
[2025-01-29 13:12:02,371][__main__][INFO] - [11, 23], [16]
[2025-01-29 13:12:02,466][__main__][INFO] - [12, 16, 17], []
[2025-01-29 13:12:02,490][__main__][INFO] - [12, 16, 18], []
[2025-01-29 13:12:02,517][__main__][INFO] - [12, 16, 19], []
[2025-01-29 13:12:02,602][__main__][INFO] - [12, 16, 23], []
[2025-01-29 13:12:02,727][__main__][INFO] - [12, 17], [16]
[2025-01-29 13:12:02,751][__main__][INFO] - [12, 18], [16]
[2025-01-29 13:12:02,778][__main__][INFO] - [12, 19], [16]
[2025-01-29 13:12:02,860][__main__][INFO] - [12, 23], [16]
[2025-01-29 13:12:03,014][__main__][INFO] - [13, 16, 18], []
[2025-01-29 13:12:03,038][__main__][INFO] - [13, 16, 19], []
[2025-01-29 13:12:03,062][__main__][INFO] - [13, 16, 20], []
[2025-01-29 13:12:03,124][__main__][INFO] - [13, 16, 23], []
[2025-01-29 13:12:03,211][__main__][INFO] - [13, 18], [16]
[2025-01-29 13:12:03,236][__main__][INFO] - [13, 19], [16]
[2025-01-29 13:12:03,263][__main__][INFO] - [13, 20], [16]
[2025-01-29 13:12:03,322][__main__][INFO] - [13, 23], [16]
[2025-01-29 13:12:03,428][__main__][INFO] - [14, 16, 18], []
[2025-01-29 13:12:03,452][__main__][INFO] - [14, 16, 19], []
[2025-01-29 13:12:03,508][__main__][INFO] - [14, 16, 22], []
[2025-01-29 13:12:03,533][__main__][INFO] - [14, 16, 23], []
[2025-01-29 13:12:03,624][__main__][INFO] - [14, 18], [16]
[2025-01-29 13:12:03,649][__main__][INFO] - [14, 19], [16]
[2025-01-29 13:12:03,704][__main__][INFO] - [14, 22], [16]
[2025-01-29 13:12:03,732][__main__][INFO] - [14, 23], [16]
[2025-01-29 13:12:03,818][__main__][INFO] - [15, 16, 17], []
[2025-01-29 13:12:03,861][__main__][INFO] - [15, 16, 18], []
[2025-01-29 13:12:03,916][__main__][INFO] - [15, 16, 19], []
[2025-01-29 13:12:03,941][__main__][INFO] - [15, 16, 20], []
[2025-01-29 13:12:03,965][__main__][INFO] - [15, 16, 21], []
[2025-01-29 13:12:04,005][__main__][INFO] - [15, 16, 23], []
[2025-01-29 13:12:04,030][__main__][INFO] - [15, 16, 24], []
[2025-01-29 13:12:04,086][__main__][INFO] - [15, 17], [16]
[2025-01-29 13:12:04,142][__main__][INFO] - [15, 18], [16]
[2025-01-29 13:12:04,212][__main__][INFO] - [15, 19], [16]
[2025-01-29 13:12:04,237][__main__][INFO] - [15, 20], [16]
[2025-01-29 13:12:04,262][__main__][INFO] - [15, 21], [16]
[2025-01-29 13:12:04,302][__main__][INFO] - [15, 23], [16]
[2025-01-29 13:12:04,330][__main__][INFO] - [15, 24], [16]
[2025-01-29 23:41:18,309][__main__][INFO] - In total, there are 1229 possible subgroups
[2025-01-29 23:41:18,338][__main__][INFO] - [0], []
[2025-01-29 23:41:18,515][__main__][INFO] - [1], []
[2025-01-29 23:41:18,741][__main__][INFO] - [2], []
[2025-01-29 23:41:18,955][__main__][INFO] - [3], []
[2025-01-29 23:41:19,127][__main__][INFO] - [4], []
[2025-01-29 23:41:19,335][__main__][INFO] - [5], []
[2025-01-29 23:41:19,517][__main__][INFO] - [6], []
[2025-01-29 23:41:19,596][__main__][INFO] - [7], []
[2025-01-29 23:41:19,635][__main__][INFO] - [8], []
[2025-01-29 23:41:19,656][__main__][INFO] - [9], []
[2025-01-29 23:41:19,676][__main__][INFO] - [10], []
[2025-01-29 23:41:20,515][__main__][INFO] - [11], []
[2025-01-29 23:41:20,554][__main__][INFO] - [12], []
[2025-01-29 23:41:20,712][__main__][INFO] - [13], []
[2025-01-29 23:41:20,734][__main__][INFO] - [14], []
[2025-01-29 23:41:20,757][__main__][INFO] - [15], []
[2025-01-29 23:41:20,933][__main__][INFO] - [16], []
[2025-01-29 23:41:21,489][__main__][INFO] - [], [16]
[2025-01-29 23:41:22,116][__main__][INFO] - [17], []
[2025-01-29 23:41:22,246][__main__][INFO] - [18], []
[2025-01-29 23:41:22,989][__main__][INFO] - [19], []
[2025-01-29 23:41:23,041][__main__][INFO] - [20], []
[2025-01-29 23:41:23,094][__main__][INFO] - [21], []
[2025-01-29 23:41:23,116][__main__][INFO] - [22], []
[2025-01-29 23:41:23,135][__main__][INFO] - [23], []
[2025-01-29 23:41:23,317][__main__][INFO] - [24], []
[2025-01-29 23:41:23,336][__main__][INFO] - [25], []
[2025-01-29 23:41:23,385][__main__][INFO] - [0, 10], []
[2025-01-29 23:41:23,542][__main__][INFO] - [0, 11], []
[2025-01-29 23:41:23,564][__main__][INFO] - [0, 12], []
[2025-01-29 23:41:23,590][__main__][INFO] - [0, 13], []
[2025-01-29 23:41:23,610][__main__][INFO] - [0, 14], []
[2025-01-29 23:41:23,630][__main__][INFO] - [0, 15], []
[2025-01-29 23:41:23,658][__main__][INFO] - [0, 16], []
[2025-01-29 23:41:23,750][__main__][INFO] - [0], [16]
[2025-01-29 23:41:23,845][__main__][INFO] - [0, 17], []
[2025-01-29 23:41:23,884][__main__][INFO] - [0, 18], []
[2025-01-29 23:41:23,993][__main__][INFO] - [0, 19], []
[2025-01-29 23:41:24,021][__main__][INFO] - [0, 20], []
[2025-01-29 23:41:24,046][__main__][INFO] - [0, 21], []
[2025-01-29 23:41:24,067][__main__][INFO] - [0, 22], []
[2025-01-29 23:41:24,090][__main__][INFO] - [0, 23], []
[2025-01-29 23:41:24,127][__main__][INFO] - [0, 24], []
[2025-01-29 23:41:24,176][__main__][INFO] - [1, 10], []
[2025-01-29 23:41:24,356][__main__][INFO] - [1, 11], []
[2025-01-29 23:41:24,379][__main__][INFO] - [1, 12], []
[2025-01-29 23:41:24,414][__main__][INFO] - [1, 13], []
[2025-01-29 23:41:24,435][__main__][INFO] - [1, 14], []
[2025-01-29 23:41:24,455][__main__][INFO] - [1, 15], []
[2025-01-29 23:41:24,493][__main__][INFO] - [1, 16], []
[2025-01-29 23:41:24,603][__main__][INFO] - [1], [16]
[2025-01-29 23:41:24,726][__main__][INFO] - [1, 17], []
[2025-01-29 23:41:24,769][__main__][INFO] - [1, 18], []
[2025-01-29 23:41:24,905][__main__][INFO] - [1, 19], []
[2025-01-29 23:41:24,933][__main__][INFO] - [1, 20], []
[2025-01-29 23:41:24,960][__main__][INFO] - [1, 21], []
[2025-01-29 23:41:24,980][__main__][INFO] - [1, 22], []
[2025-01-29 23:41:25,000][__main__][INFO] - [1, 23], []
[2025-01-29 23:41:25,046][__main__][INFO] - [1, 24], []
[2025-01-29 23:41:25,095][__main__][INFO] - [2, 10], []
[2025-01-29 23:41:25,240][__main__][INFO] - [2, 11], []
[2025-01-29 23:41:25,264][__main__][INFO] - [2, 12], []
[2025-01-29 23:41:25,306][__main__][INFO] - [2, 13], []
[2025-01-29 23:41:25,327][__main__][INFO] - [2, 14], []
[2025-01-29 23:41:25,348][__main__][INFO] - [2, 15], []
[2025-01-29 23:41:25,395][__main__][INFO] - [2, 16], []
[2025-01-29 23:41:25,498][__main__][INFO] - [2], [16]
[2025-01-29 23:41:25,617][__main__][INFO] - [2, 17], []
[2025-01-29 23:41:25,658][__main__][INFO] - [2, 18], []
[2025-01-29 23:41:25,788][__main__][INFO] - [2, 19], []
[2025-01-29 23:41:25,814][__main__][INFO] - [2, 20], []
[2025-01-29 23:41:25,839][__main__][INFO] - [2, 21], []
[2025-01-29 23:41:25,859][__main__][INFO] - [2, 22], []
[2025-01-29 23:41:25,879][__main__][INFO] - [2, 23], []
[2025-01-29 23:41:25,928][__main__][INFO] - [2, 24], []
[2025-01-29 23:41:25,977][__main__][INFO] - [3, 10], []
[2025-01-29 23:41:26,080][__main__][INFO] - [3, 11], []
[2025-01-29 23:41:26,103][__main__][INFO] - [3, 12], []
[2025-01-29 23:41:26,146][__main__][INFO] - [3, 13], []
[2025-01-29 23:41:26,167][__main__][INFO] - [3, 14], []
[2025-01-29 23:41:26,187][__main__][INFO] - [3, 15], []
[2025-01-29 23:41:26,236][__main__][INFO] - [3, 16], []
[2025-01-29 23:41:26,322][__main__][INFO] - [3], [16]
[2025-01-29 23:41:26,419][__main__][INFO] - [3, 17], []
[2025-01-29 23:41:26,453][__main__][INFO] - [3, 18], []
[2025-01-29 23:41:26,557][__main__][INFO] - [3, 19], []
[2025-01-29 23:41:26,581][__main__][INFO] - [3, 20], []
[2025-01-29 23:41:26,605][__main__][INFO] - [3, 21], []
[2025-01-29 23:41:26,626][__main__][INFO] - [3, 22], []
[2025-01-29 23:41:26,646][__main__][INFO] - [3, 23], []
[2025-01-29 23:41:26,690][__main__][INFO] - [3, 24], []
[2025-01-29 23:41:26,739][__main__][INFO] - [4, 10], []
[2025-01-29 23:41:26,868][__main__][INFO] - [4, 11], []
[2025-01-29 23:41:26,892][__main__][INFO] - [4, 12], []
[2025-01-29 23:41:26,939][__main__][INFO] - [4, 13], []
[2025-01-29 23:41:26,959][__main__][INFO] - [4, 14], []
[2025-01-29 23:41:26,980][__main__][INFO] - [4, 15], []
[2025-01-29 23:41:27,036][__main__][INFO] - [4, 16], []
[2025-01-29 23:41:27,140][__main__][INFO] - [4], [16]
[2025-01-29 23:41:27,255][__main__][INFO] - [4, 17], []
[2025-01-29 23:41:27,293][__main__][INFO] - [4, 18], []
[2025-01-29 23:41:27,431][__main__][INFO] - [4, 19], []
[2025-01-29 23:41:27,454][__main__][INFO] - [4, 20], []
[2025-01-29 23:41:27,480][__main__][INFO] - [4, 21], []
[2025-01-29 23:41:27,500][__main__][INFO] - [4, 22], []
[2025-01-29 23:41:27,521][__main__][INFO] - [4, 23], []
[2025-01-29 23:41:27,568][__main__][INFO] - [4, 24], []
[2025-01-29 23:41:27,617][__main__][INFO] - [5, 10], []
[2025-01-29 23:41:27,740][__main__][INFO] - [5, 11], []
[2025-01-29 23:41:27,764][__main__][INFO] - [5, 12], []
[2025-01-29 23:41:27,806][__main__][INFO] - [5, 13], []
[2025-01-29 23:41:27,827][__main__][INFO] - [5, 14], []
[2025-01-29 23:41:27,848][__main__][INFO] - [5, 15], []
[2025-01-29 23:41:27,891][__main__][INFO] - [5, 16], []
[2025-01-29 23:41:27,983][__main__][INFO] - [5], [16]
[2025-01-29 23:41:28,084][__main__][INFO] - [5, 17], []
[2025-01-29 23:41:28,113][__main__][INFO] - [5, 18], []
[2025-01-29 23:41:28,243][__main__][INFO] - [5, 19], []
[2025-01-29 23:41:28,266][__main__][INFO] - [5, 20], []
[2025-01-29 23:41:28,292][__main__][INFO] - [5, 21], []
[2025-01-29 23:41:28,312][__main__][INFO] - [5, 22], []
[2025-01-29 23:41:28,332][__main__][INFO] - [5, 23], []
[2025-01-29 23:41:28,374][__main__][INFO] - [5, 24], []
[2025-01-29 23:41:28,423][__main__][INFO] - [6, 10], []
[2025-01-29 23:41:28,485][__main__][INFO] - [6, 11], []
[2025-01-29 23:41:28,506][__main__][INFO] - [6, 12], []
[2025-01-29 23:41:28,534][__main__][INFO] - [6, 13], []
[2025-01-29 23:41:28,554][__main__][INFO] - [6, 14], []
[2025-01-29 23:41:28,574][__main__][INFO] - [6, 15], []
[2025-01-29 23:41:28,600][__main__][INFO] - [6, 16], []
[2025-01-29 23:41:28,646][__main__][INFO] - [6], [16]
[2025-01-29 23:41:28,697][__main__][INFO] - [6, 17], []
[2025-01-29 23:41:28,720][__main__][INFO] - [6, 18], []
[2025-01-29 23:41:28,784][__main__][INFO] - [6, 19], []
[2025-01-29 23:41:28,805][__main__][INFO] - [6, 20], []
[2025-01-29 23:41:28,826][__main__][INFO] - [6, 21], []
[2025-01-29 23:41:28,846][__main__][INFO] - [6, 22], []
[2025-01-29 23:41:28,867][__main__][INFO] - [6, 23], []
[2025-01-29 23:41:28,894][__main__][INFO] - [6, 24], []
[2025-01-29 23:41:28,944][__main__][INFO] - [7, 10], []
[2025-01-29 23:41:28,977][__main__][INFO] - [7, 11], []
[2025-01-29 23:41:28,997][__main__][INFO] - [7, 12], []
[2025-01-29 23:41:29,019][__main__][INFO] - [7, 13], []
[2025-01-29 23:41:29,039][__main__][INFO] - [7, 14], []
[2025-01-29 23:41:29,059][__main__][INFO] - [7, 15], []
[2025-01-29 23:41:29,080][__main__][INFO] - [7, 16], []
[2025-01-29 23:41:29,107][__main__][INFO] - [7], [16]
[2025-01-29 23:41:29,137][__main__][INFO] - [7, 17], []
[2025-01-29 23:41:29,157][__main__][INFO] - [7, 18], []
[2025-01-29 23:41:29,191][__main__][INFO] - [7, 19], []
[2025-01-29 23:41:29,211][__main__][INFO] - [7, 20], []
[2025-01-29 23:41:29,232][__main__][INFO] - [7, 21], []
[2025-01-29 23:41:29,266][__main__][INFO] - [7, 23], []
[2025-01-29 23:41:29,331][__main__][INFO] - [8, 10], []
[2025-01-29 23:41:29,354][__main__][INFO] - [8, 11], []
[2025-01-29 23:41:29,373][__main__][INFO] - [8, 12], []
[2025-01-29 23:41:29,423][__main__][INFO] - [8, 15], []
[2025-01-29 23:41:29,442][__main__][INFO] - [8, 16], []
[2025-01-29 23:41:29,464][__main__][INFO] - [8], [16]
[2025-01-29 23:41:29,485][__main__][INFO] - [8, 17], []
[2025-01-29 23:41:29,505][__main__][INFO] - [8, 18], []
[2025-01-29 23:41:29,528][__main__][INFO] - [8, 19], []
[2025-01-29 23:41:29,548][__main__][INFO] - [8, 20], []
[2025-01-29 23:41:29,597][__main__][INFO] - [8, 23], []
[2025-01-29 23:41:29,661][__main__][INFO] - [9, 10], []
[2025-01-29 23:41:29,696][__main__][INFO] - [9, 12], []
[2025-01-29 23:41:29,760][__main__][INFO] - [9, 16], []
[2025-01-29 23:41:29,780][__main__][INFO] - [9], [16]
[2025-01-29 23:41:29,815][__main__][INFO] - [9, 18], []
[2025-01-29 23:41:29,894][__main__][INFO] - [9, 23], []
[2025-01-29 23:41:29,958][__main__][INFO] - [10, 16], []
[2025-01-29 23:41:30,349][__main__][INFO] - [10], [16]
[2025-01-29 23:41:30,769][__main__][INFO] - [10, 17], []
[2025-01-29 23:41:30,841][__main__][INFO] - [10, 18], []
[2025-01-29 23:41:31,442][__main__][INFO] - [10, 19], []
[2025-01-29 23:41:31,490][__main__][INFO] - [10, 20], []
[2025-01-29 23:41:31,541][__main__][INFO] - [10, 21], []
[2025-01-29 23:41:31,564][__main__][INFO] - [10, 22], []
[2025-01-29 23:41:31,586][__main__][INFO] - [10, 23], []
[2025-01-29 23:41:31,645][__main__][INFO] - [10, 24], []
[2025-01-29 23:41:31,666][__main__][INFO] - [10, 25], []
[2025-01-29 23:41:31,701][__main__][INFO] - [11, 16], []
[2025-01-29 23:41:31,729][__main__][INFO] - [11], [16]
[2025-01-29 23:41:31,760][__main__][INFO] - [11, 17], []
[2025-01-29 23:41:31,780][__main__][INFO] - [11, 18], []
[2025-01-29 23:41:31,819][__main__][INFO] - [11, 19], []
[2025-01-29 23:41:31,839][__main__][INFO] - [11, 20], []
[2025-01-29 23:41:31,888][__main__][INFO] - [11, 23], []
[2025-01-29 23:41:31,953][__main__][INFO] - [12, 16], []
[2025-01-29 23:41:32,033][__main__][INFO] - [12], [16]
[2025-01-29 23:41:32,115][__main__][INFO] - [12, 17], []
[2025-01-29 23:41:32,135][__main__][INFO] - [12, 18], []
[2025-01-29 23:41:32,163][__main__][INFO] - [12, 19], []
[2025-01-29 23:41:32,185][__main__][INFO] - [12, 20], []
[2025-01-29 23:41:32,235][__main__][INFO] - [12, 23], []
[2025-01-29 23:41:32,415][__main__][INFO] - [13, 16], []
[2025-01-29 23:41:32,436][__main__][INFO] - [13], [16]
[2025-01-29 23:41:32,458][__main__][INFO] - [13, 17], []
[2025-01-29 23:41:32,478][__main__][INFO] - [13, 18], []
[2025-01-29 23:41:32,499][__main__][INFO] - [13, 19], []
[2025-01-29 23:41:32,519][__main__][INFO] - [13, 20], []
[2025-01-29 23:41:32,570][__main__][INFO] - [13, 23], []
[2025-01-29 23:41:32,633][__main__][INFO] - [14, 16], []
[2025-01-29 23:41:32,654][__main__][INFO] - [14], [16]
[2025-01-29 23:41:32,689][__main__][INFO] - [14, 18], []
[2025-01-29 23:41:32,709][__main__][INFO] - [14, 19], []
[2025-01-29 23:41:32,758][__main__][INFO] - [14, 22], []
[2025-01-29 23:41:32,779][__main__][INFO] - [14, 23], []
[2025-01-29 23:41:32,843][__main__][INFO] - [15, 16], []
[2025-01-29 23:41:32,924][__main__][INFO] - [15], [16]
[2025-01-29 23:41:33,028][__main__][INFO] - [15, 17], []
[2025-01-29 23:41:33,102][__main__][INFO] - [15, 18], []
[2025-01-29 23:41:33,208][__main__][INFO] - [15, 19], []
[2025-01-29 23:41:33,231][__main__][INFO] - [15, 20], []
[2025-01-29 23:41:33,252][__main__][INFO] - [15, 21], []
[2025-01-29 23:41:33,273][__main__][INFO] - [15, 22], []
[2025-01-29 23:41:33,293][__main__][INFO] - [15, 23], []
[2025-01-29 23:41:33,313][__main__][INFO] - [15, 24], []
[2025-01-29 23:41:33,363][__main__][INFO] - [16, 17], []
[2025-01-29 23:41:33,430][__main__][INFO] - [16, 18], []
[2025-01-29 23:41:33,764][__main__][INFO] - [16, 19], []
[2025-01-29 23:41:33,800][__main__][INFO] - [16, 20], []
[2025-01-29 23:41:33,837][__main__][INFO] - [16, 21], []
[2025-01-29 23:41:33,858][__main__][INFO] - [16, 22], []
[2025-01-29 23:41:33,879][__main__][INFO] - [16, 23], []
[2025-01-29 23:41:33,976][__main__][INFO] - [16, 24], []
[2025-01-29 23:41:34,026][__main__][INFO] - [17], [16]
[2025-01-29 23:41:34,103][__main__][INFO] - [18], [16]
[2025-01-29 23:41:34,486][__main__][INFO] - [19], [16]
[2025-01-29 23:41:34,522][__main__][INFO] - [20], [16]
[2025-01-29 23:41:34,558][__main__][INFO] - [21], [16]
[2025-01-29 23:41:34,579][__main__][INFO] - [22], [16]
[2025-01-29 23:41:34,599][__main__][INFO] - [23], [16]
[2025-01-29 23:41:34,693][__main__][INFO] - [24], [16]
[2025-01-29 23:41:34,772][__main__][INFO] - [0, 10, 16], []
[2025-01-29 23:41:34,856][__main__][INFO] - [0, 10], [16]
[2025-01-29 23:41:34,943][__main__][INFO] - [0, 10, 17], []
[2025-01-29 23:41:34,981][__main__][INFO] - [0, 10, 18], []
[2025-01-29 23:41:35,083][__main__][INFO] - [0, 10, 19], []
[2025-01-29 23:41:35,114][__main__][INFO] - [0, 10, 20], []
[2025-01-29 23:41:35,141][__main__][INFO] - [0, 10, 21], []
[2025-01-29 23:41:35,164][__main__][INFO] - [0, 10, 22], []
[2025-01-29 23:41:35,186][__main__][INFO] - [0, 10, 23], []
[2025-01-29 23:41:35,218][__main__][INFO] - [0, 10, 24], []
[2025-01-29 23:41:35,271][__main__][INFO] - [0, 11, 16], []
[2025-01-29 23:41:35,294][__main__][INFO] - [0, 11], [16]
[2025-01-29 23:41:35,332][__main__][INFO] - [0, 11, 18], []
[2025-01-29 23:41:35,356][__main__][INFO] - [0, 11, 19], []
[2025-01-29 23:41:35,423][__main__][INFO] - [0, 11, 23], []
[2025-01-29 23:41:35,490][__main__][INFO] - [0, 12, 16], []
[2025-01-29 23:41:35,515][__main__][INFO] - [0, 12], [16]
[2025-01-29 23:41:35,555][__main__][INFO] - [0, 12, 18], []
[2025-01-29 23:41:35,578][__main__][INFO] - [0, 12, 19], []
[2025-01-29 23:41:35,652][__main__][INFO] - [0, 12, 23], []
[2025-01-29 23:41:35,725][__main__][INFO] - [0, 13, 16], []
[2025-01-29 23:41:35,748][__main__][INFO] - [0, 13], [16]
[2025-01-29 23:41:35,786][__main__][INFO] - [0, 13, 18], []
[2025-01-29 23:41:35,823][__main__][INFO] - [0, 13, 20], []
[2025-01-29 23:41:35,936][__main__][INFO] - [0, 14, 16], []
[2025-01-29 23:41:35,958][__main__][INFO] - [0, 14], [16]
[2025-01-29 23:41:35,995][__main__][INFO] - [0, 14, 18], []
[2025-01-29 23:41:36,062][__main__][INFO] - [0, 14, 22], []
[2025-01-29 23:41:36,145][__main__][INFO] - [0, 15, 16], []
[2025-01-29 23:41:36,170][__main__][INFO] - [0, 15], [16]
[2025-01-29 23:41:36,197][__main__][INFO] - [0, 15, 17], []
[2025-01-29 23:41:36,221][__main__][INFO] - [0, 15, 18], []
[2025-01-29 23:41:36,247][__main__][INFO] - [0, 15, 19], []
[2025-01-29 23:41:36,270][__main__][INFO] - [0, 15, 20], []
[2025-01-29 23:41:36,292][__main__][INFO] - [0, 15, 21], []
[2025-01-29 23:41:36,329][__main__][INFO] - [0, 15, 23], []
[2025-01-29 23:41:36,396][__main__][INFO] - [0, 16, 17], []
[2025-01-29 23:41:36,427][__main__][INFO] - [0, 16, 18], []
[2025-01-29 23:41:36,489][__main__][INFO] - [0, 16, 19], []
[2025-01-29 23:41:36,515][__main__][INFO] - [0, 16, 20], []
[2025-01-29 23:41:36,539][__main__][INFO] - [0, 16, 21], []
[2025-01-29 23:41:36,561][__main__][INFO] - [0, 16, 22], []
[2025-01-29 23:41:36,583][__main__][INFO] - [0, 16, 23], []
[2025-01-29 23:41:36,612][__main__][INFO] - [0, 16, 24], []
[2025-01-29 23:41:36,664][__main__][INFO] - [0, 17], [16]
[2025-01-29 23:41:36,695][__main__][INFO] - [0, 18], [16]
[2025-01-29 23:41:36,760][__main__][INFO] - [0, 19], [16]
[2025-01-29 23:41:36,786][__main__][INFO] - [0, 20], [16]
[2025-01-29 23:41:36,811][__main__][INFO] - [0, 21], [16]
[2025-01-29 23:41:36,833][__main__][INFO] - [0, 22], [16]
[2025-01-29 23:41:36,856][__main__][INFO] - [0, 23], [16]
[2025-01-29 23:41:36,885][__main__][INFO] - [0, 24], [16]
[2025-01-29 23:41:36,952][__main__][INFO] - [1, 10, 16], []
[2025-01-29 23:41:37,045][__main__][INFO] - [1, 10], [16]
[2025-01-29 23:41:37,146][__main__][INFO] - [1, 10, 17], []
[2025-01-29 23:41:37,184][__main__][INFO] - [1, 10, 18], []
[2025-01-29 23:41:37,308][__main__][INFO] - [1, 10, 19], []
[2025-01-29 23:41:37,338][__main__][INFO] - [1, 10, 20], []
[2025-01-29 23:41:37,366][__main__][INFO] - [1, 10, 21], []
[2025-01-29 23:41:37,389][__main__][INFO] - [1, 10, 22], []
[2025-01-29 23:41:37,412][__main__][INFO] - [1, 10, 23], []
[2025-01-29 23:41:37,447][__main__][INFO] - [1, 10, 24], []
[2025-01-29 23:41:37,499][__main__][INFO] - [1, 11, 16], []
[2025-01-29 23:41:37,523][__main__][INFO] - [1, 11], [16]
[2025-01-29 23:41:37,562][__main__][INFO] - [1, 11, 18], []
[2025-01-29 23:41:37,587][__main__][INFO] - [1, 11, 19], []
[2025-01-29 23:41:37,609][__main__][INFO] - [1, 11, 20], []
[2025-01-29 23:41:37,662][__main__][INFO] - [1, 11, 23], []
[2025-01-29 23:41:37,729][__main__][INFO] - [1, 12, 16], []
[2025-01-29 23:41:37,758][__main__][INFO] - [1, 12], [16]
[2025-01-29 23:41:37,803][__main__][INFO] - [1, 12, 18], []
[2025-01-29 23:41:37,827][__main__][INFO] - [1, 12, 19], []
[2025-01-29 23:41:37,894][__main__][INFO] - [1, 12, 23], []
[2025-01-29 23:41:37,974][__main__][INFO] - [1, 13, 16], []
[2025-01-29 23:41:37,997][__main__][INFO] - [1, 13], [16]
[2025-01-29 23:41:38,035][__main__][INFO] - [1, 13, 18], []
[2025-01-29 23:41:38,073][__main__][INFO] - [1, 13, 20], []
[2025-01-29 23:41:38,185][__main__][INFO] - [1, 14, 16], []
[2025-01-29 23:41:38,208][__main__][INFO] - [1, 14], [16]
[2025-01-29 23:41:38,245][__main__][INFO] - [1, 14, 18], []
[2025-01-29 23:41:38,313][__main__][INFO] - [1, 14, 22], []
[2025-01-29 23:41:38,335][__main__][INFO] - [1, 14, 23], []
[2025-01-29 23:41:38,402][__main__][INFO] - [1, 15, 16], []
[2025-01-29 23:41:38,431][__main__][INFO] - [1, 15], [16]
[2025-01-29 23:41:38,463][__main__][INFO] - [1, 15, 17], []
[2025-01-29 23:41:38,491][__main__][INFO] - [1, 15, 18], []
[2025-01-29 23:41:38,523][__main__][INFO] - [1, 15, 19], []
[2025-01-29 23:41:38,545][__main__][INFO] - [1, 15, 20], []
[2025-01-29 23:41:38,568][__main__][INFO] - [1, 15, 21], []
[2025-01-29 23:41:38,605][__main__][INFO] - [1, 15, 23], []
[2025-01-29 23:41:38,628][__main__][INFO] - [1, 15, 24], []
[2025-01-29 23:41:38,680][__main__][INFO] - [1, 16, 17], []
[2025-01-29 23:41:38,712][__main__][INFO] - [1, 16, 18], []
[2025-01-29 23:41:38,785][__main__][INFO] - [1, 16, 19], []
[2025-01-29 23:41:38,811][__main__][INFO] - [1, 16, 20], []
[2025-01-29 23:41:38,836][__main__][INFO] - [1, 16, 21], []
[2025-01-29 23:41:38,858][__main__][INFO] - [1, 16, 22], []
[2025-01-29 23:41:38,881][__main__][INFO] - [1, 16, 23], []
[2025-01-29 23:41:38,915][__main__][INFO] - [1, 16, 24], []
[2025-01-29 23:41:38,967][__main__][INFO] - [1, 17], [16]
[2025-01-29 23:41:39,002][__main__][INFO] - [1, 18], [16]
[2025-01-29 23:41:39,082][__main__][INFO] - [1, 19], [16]
[2025-01-29 23:41:39,108][__main__][INFO] - [1, 20], [16]
[2025-01-29 23:41:39,133][__main__][INFO] - [1, 21], [16]
[2025-01-29 23:41:39,156][__main__][INFO] - [1, 22], [16]
[2025-01-29 23:41:39,178][__main__][INFO] - [1, 23], [16]
[2025-01-29 23:41:39,213][__main__][INFO] - [1, 24], [16]
[2025-01-29 23:41:39,279][__main__][INFO] - [2, 10, 16], []
[2025-01-29 23:41:39,357][__main__][INFO] - [2, 10], [16]
[2025-01-29 23:41:39,442][__main__][INFO] - [2, 10, 17], []
[2025-01-29 23:41:39,474][__main__][INFO] - [2, 10, 18], []
[2025-01-29 23:41:39,581][__main__][INFO] - [2, 10, 19], []
[2025-01-29 23:41:39,609][__main__][INFO] - [2, 10, 20], []
[2025-01-29 23:41:39,636][__main__][INFO] - [2, 10, 21], []
[2025-01-29 23:41:39,659][__main__][INFO] - [2, 10, 22], []
[2025-01-29 23:41:39,682][__main__][INFO] - [2, 10, 23], []
[2025-01-29 23:41:39,713][__main__][INFO] - [2, 10, 24], []
[2025-01-29 23:41:39,766][__main__][INFO] - [2, 11, 16], []
[2025-01-29 23:41:39,790][__main__][INFO] - [2, 11], [16]
[2025-01-29 23:41:39,830][__main__][INFO] - [2, 11, 18], []
[2025-01-29 23:41:39,856][__main__][INFO] - [2, 11, 19], []
[2025-01-29 23:41:39,924][__main__][INFO] - [2, 11, 23], []
[2025-01-29 23:41:39,992][__main__][INFO] - [2, 12, 16], []
[2025-01-29 23:41:40,025][__main__][INFO] - [2, 12], [16]
[2025-01-29 23:41:40,074][__main__][INFO] - [2, 12, 18], []
[2025-01-29 23:41:40,098][__main__][INFO] - [2, 12, 19], []
[2025-01-29 23:41:40,166][__main__][INFO] - [2, 12, 23], []
[2025-01-29 23:41:40,252][__main__][INFO] - [2, 13, 16], []
[2025-01-29 23:41:40,275][__main__][INFO] - [2, 13], [16]
[2025-01-29 23:41:40,313][__main__][INFO] - [2, 13, 18], []
[2025-01-29 23:41:40,351][__main__][INFO] - [2, 13, 20], []
[2025-01-29 23:41:40,404][__main__][INFO] - [2, 13, 23], []
[2025-01-29 23:41:40,471][__main__][INFO] - [2, 14, 16], []
[2025-01-29 23:41:40,494][__main__][INFO] - [2, 14], [16]
[2025-01-29 23:41:40,531][__main__][INFO] - [2, 14, 18], []
[2025-01-29 23:41:40,599][__main__][INFO] - [2, 14, 22], []
[2025-01-29 23:41:40,621][__main__][INFO] - [2, 14, 23], []
[2025-01-29 23:41:40,689][__main__][INFO] - [2, 15, 16], []
[2025-01-29 23:41:40,721][__main__][INFO] - [2, 15], [16]
[2025-01-29 23:41:40,760][__main__][INFO] - [2, 15, 17], []
[2025-01-29 23:41:40,792][__main__][INFO] - [2, 15, 18], []
[2025-01-29 23:41:40,829][__main__][INFO] - [2, 15, 19], []
[2025-01-29 23:41:40,851][__main__][INFO] - [2, 15, 20], []
[2025-01-29 23:41:40,874][__main__][INFO] - [2, 15, 21], []
[2025-01-29 23:41:40,912][__main__][INFO] - [2, 15, 23], []
[2025-01-29 23:41:40,934][__main__][INFO] - [2, 15, 24], []
[2025-01-29 23:41:40,987][__main__][INFO] - [2, 16, 17], []
[2025-01-29 23:41:41,017][__main__][INFO] - [2, 16, 18], []
[2025-01-29 23:41:41,084][__main__][INFO] - [2, 16, 19], []
[2025-01-29 23:41:41,109][__main__][INFO] - [2, 16, 20], []
[2025-01-29 23:41:41,133][__main__][INFO] - [2, 16, 21], []
[2025-01-29 23:41:41,156][__main__][INFO] - [2, 16, 22], []
[2025-01-29 23:41:41,178][__main__][INFO] - [2, 16, 23], []
[2025-01-29 23:41:41,214][__main__][INFO] - [2, 16, 24], []
[2025-01-29 23:41:41,266][__main__][INFO] - [2, 17], [16]
[2025-01-29 23:41:41,299][__main__][INFO] - [2, 18], [16]
[2025-01-29 23:41:41,379][__main__][INFO] - [2, 19], [16]
[2025-01-29 23:41:41,404][__main__][INFO] - [2, 20], [16]
[2025-01-29 23:41:41,429][__main__][INFO] - [2, 21], [16]
[2025-01-29 23:41:41,451][__main__][INFO] - [2, 22], [16]
[2025-01-29 23:41:41,474][__main__][INFO] - [2, 23], [16]
[2025-01-29 23:41:41,510][__main__][INFO] - [2, 24], [16]
[2025-01-29 23:41:41,577][__main__][INFO] - [3, 10, 16], []
[2025-01-29 23:41:41,635][__main__][INFO] - [3, 10], [16]
[2025-01-29 23:41:41,698][__main__][INFO] - [3, 10, 17], []
[2025-01-29 23:41:41,725][__main__][INFO] - [3, 10, 18], []
[2025-01-29 23:41:41,807][__main__][INFO] - [3, 10, 19], []
[2025-01-29 23:41:41,833][__main__][INFO] - [3, 10, 20], []
[2025-01-29 23:41:41,859][__main__][INFO] - [3, 10, 21], []
[2025-01-29 23:41:41,882][__main__][INFO] - [3, 10, 22], []
[2025-01-29 23:41:41,905][__main__][INFO] - [3, 10, 23], []
[2025-01-29 23:41:41,931][__main__][INFO] - [3, 10, 24], []
[2025-01-29 23:41:41,983][__main__][INFO] - [3, 11, 16], []
[2025-01-29 23:41:42,007][__main__][INFO] - [3, 11], [16]
[2025-01-29 23:41:42,047][__main__][INFO] - [3, 11, 18], []
[2025-01-29 23:41:42,072][__main__][INFO] - [3, 11, 19], []
[2025-01-29 23:41:42,140][__main__][INFO] - [3, 11, 23], []
[2025-01-29 23:41:42,208][__main__][INFO] - [3, 12, 16], []
[2025-01-29 23:41:42,242][__main__][INFO] - [3, 12], [16]
[2025-01-29 23:41:42,290][__main__][INFO] - [3, 12, 18], []
[2025-01-29 23:41:42,314][__main__][INFO] - [3, 12, 19], []
[2025-01-29 23:41:42,382][__main__][INFO] - [3, 12, 23], []
[2025-01-29 23:41:42,469][__main__][INFO] - [3, 13, 16], []
[2025-01-29 23:41:42,492][__main__][INFO] - [3, 13], [16]
[2025-01-29 23:41:42,530][__main__][INFO] - [3, 13, 18], []
[2025-01-29 23:41:42,567][__main__][INFO] - [3, 13, 20], []
[2025-01-29 23:41:42,621][__main__][INFO] - [3, 13, 23], []
[2025-01-29 23:41:42,688][__main__][INFO] - [3, 14, 16], []
[2025-01-29 23:41:42,711][__main__][INFO] - [3, 14], [16]
[2025-01-29 23:41:42,748][__main__][INFO] - [3, 14, 18], []
[2025-01-29 23:41:42,771][__main__][INFO] - [3, 14, 19], []
[2025-01-29 23:41:42,823][__main__][INFO] - [3, 14, 22], []
[2025-01-29 23:41:42,846][__main__][INFO] - [3, 14, 23], []
[2025-01-29 23:41:42,913][__main__][INFO] - [3, 15, 16], []
[2025-01-29 23:41:42,948][__main__][INFO] - [3, 15], [16]
[2025-01-29 23:41:42,986][__main__][INFO] - [3, 15, 17], []
[2025-01-29 23:41:43,018][__main__][INFO] - [3, 15, 18], []
[2025-01-29 23:41:43,056][__main__][INFO] - [3, 15, 19], []
[2025-01-29 23:41:43,078][__main__][INFO] - [3, 15, 20], []
[2025-01-29 23:41:43,101][__main__][INFO] - [3, 15, 21], []
[2025-01-29 23:41:43,138][__main__][INFO] - [3, 15, 23], []
[2025-01-29 23:41:43,161][__main__][INFO] - [3, 15, 24], []
[2025-01-29 23:41:43,213][__main__][INFO] - [3, 16, 17], []
[2025-01-29 23:41:43,241][__main__][INFO] - [3, 16, 18], []
[2025-01-29 23:41:43,300][__main__][INFO] - [3, 16, 19], []
[2025-01-29 23:41:43,324][__main__][INFO] - [3, 16, 20], []
[2025-01-29 23:41:43,348][__main__][INFO] - [3, 16, 21], []
[2025-01-29 23:41:43,371][__main__][INFO] - [3, 16, 22], []
[2025-01-29 23:41:43,393][__main__][INFO] - [3, 16, 23], []
[2025-01-29 23:41:43,427][__main__][INFO] - [3, 16, 24], []
[2025-01-29 23:41:43,479][__main__][INFO] - [3, 17], [16]
[2025-01-29 23:41:43,509][__main__][INFO] - [3, 18], [16]
[2025-01-29 23:41:43,574][__main__][INFO] - [3, 19], [16]
[2025-01-29 23:41:43,598][__main__][INFO] - [3, 20], [16]
[2025-01-29 23:41:43,622][__main__][INFO] - [3, 21], [16]
[2025-01-29 23:41:43,644][__main__][INFO] - [3, 22], [16]
[2025-01-29 23:41:43,667][__main__][INFO] - [3, 23], [16]
[2025-01-29 23:41:43,701][__main__][INFO] - [3, 24], [16]
[2025-01-29 23:41:43,768][__main__][INFO] - [4, 10, 16], []
[2025-01-29 23:41:43,836][__main__][INFO] - [4, 10], [16]
[2025-01-29 23:41:43,911][__main__][INFO] - [4, 10, 17], []
[2025-01-29 23:41:43,937][__main__][INFO] - [4, 10, 18], []
[2025-01-29 23:41:44,046][__main__][INFO] - [4, 10, 19], []
[2025-01-29 23:41:44,071][__main__][INFO] - [4, 10, 20], []
[2025-01-29 23:41:44,098][__main__][INFO] - [4, 10, 21], []
[2025-01-29 23:41:44,122][__main__][INFO] - [4, 10, 22], []
[2025-01-29 23:41:44,145][__main__][INFO] - [4, 10, 23], []
[2025-01-29 23:41:44,170][__main__][INFO] - [4, 10, 24], []
[2025-01-29 23:41:44,223][__main__][INFO] - [4, 11, 16], []
[2025-01-29 23:41:44,247][__main__][INFO] - [4, 11], [16]
[2025-01-29 23:41:44,287][__main__][INFO] - [4, 11, 18], []
[2025-01-29 23:41:44,313][__main__][INFO] - [4, 11, 19], []
[2025-01-29 23:41:44,336][__main__][INFO] - [4, 11, 20], []
[2025-01-29 23:41:44,388][__main__][INFO] - [4, 11, 23], []
[2025-01-29 23:41:44,456][__main__][INFO] - [4, 12, 16], []
[2025-01-29 23:41:44,491][__main__][INFO] - [4, 12], [16]
[2025-01-29 23:41:44,541][__main__][INFO] - [4, 12, 18], []
[2025-01-29 23:41:44,565][__main__][INFO] - [4, 12, 19], []
[2025-01-29 23:41:44,633][__main__][INFO] - [4, 12, 23], []
[2025-01-29 23:41:44,725][__main__][INFO] - [4, 13, 16], []
[2025-01-29 23:41:44,748][__main__][INFO] - [4, 13], [16]
[2025-01-29 23:41:44,786][__main__][INFO] - [4, 13, 18], []
[2025-01-29 23:41:44,824][__main__][INFO] - [4, 13, 20], []
[2025-01-29 23:41:44,877][__main__][INFO] - [4, 13, 23], []
[2025-01-29 23:41:44,945][__main__][INFO] - [4, 14, 16], []
[2025-01-29 23:41:44,967][__main__][INFO] - [4, 14], [16]
[2025-01-29 23:41:45,005][__main__][INFO] - [4, 14, 18], []
[2025-01-29 23:41:45,027][__main__][INFO] - [4, 14, 19], []
[2025-01-29 23:41:45,080][__main__][INFO] - [4, 14, 22], []
[2025-01-29 23:41:45,162][__main__][INFO] - [4, 15, 16], []
[2025-01-29 23:41:45,201][__main__][INFO] - [4, 15], [16]
[2025-01-29 23:41:45,242][__main__][INFO] - [4, 15, 17], []
[2025-01-29 23:41:45,278][__main__][INFO] - [4, 15, 18], []
[2025-01-29 23:41:45,318][__main__][INFO] - [4, 15, 19], []
[2025-01-29 23:41:45,341][__main__][INFO] - [4, 15, 20], []
[2025-01-29 23:41:45,363][__main__][INFO] - [4, 15, 21], []
[2025-01-29 23:41:45,401][__main__][INFO] - [4, 15, 23], []
[2025-01-29 23:41:45,424][__main__][INFO] - [4, 15, 24], []
[2025-01-29 23:41:45,476][__main__][INFO] - [4, 16, 17], []
[2025-01-29 23:41:45,505][__main__][INFO] - [4, 16, 18], []
[2025-01-29 23:41:45,576][__main__][INFO] - [4, 16, 19], []
[2025-01-29 23:41:45,600][__main__][INFO] - [4, 16, 20], []
[2025-01-29 23:41:45,625][__main__][INFO] - [4, 16, 21], []
[2025-01-29 23:41:45,647][__main__][INFO] - [4, 16, 22], []
[2025-01-29 23:41:45,670][__main__][INFO] - [4, 16, 23], []
[2025-01-29 23:41:45,706][__main__][INFO] - [4, 16, 24], []
[2025-01-29 23:41:45,758][__main__][INFO] - [4, 17], [16]
[2025-01-29 23:41:45,789][__main__][INFO] - [4, 18], [16]
[2025-01-29 23:41:45,870][__main__][INFO] - [4, 19], [16]
[2025-01-29 23:41:45,894][__main__][INFO] - [4, 20], [16]
[2025-01-29 23:41:45,919][__main__][INFO] - [4, 21], [16]
[2025-01-29 23:41:45,941][__main__][INFO] - [4, 22], [16]
[2025-01-29 23:41:45,964][__main__][INFO] - [4, 23], [16]
[2025-01-29 23:41:45,998][__main__][INFO] - [4, 24], [16]
[2025-01-29 23:41:46,065][__main__][INFO] - [5, 10, 16], []
[2025-01-29 23:41:46,134][__main__][INFO] - [5, 10], [16]
[2025-01-29 23:41:46,207][__main__][INFO] - [5, 10, 17], []
[2025-01-29 23:41:46,231][__main__][INFO] - [5, 10, 18], []
[2025-01-29 23:41:46,340][__main__][INFO] - [5, 10, 19], []
[2025-01-29 23:41:46,365][__main__][INFO] - [5, 10, 20], []
[2025-01-29 23:41:46,392][__main__][INFO] - [5, 10, 21], []
[2025-01-29 23:41:46,414][__main__][INFO] - [5, 10, 22], []
[2025-01-29 23:41:46,437][__main__][INFO] - [5, 10, 23], []
[2025-01-29 23:41:46,462][__main__][INFO] - [5, 10, 24], []
[2025-01-29 23:41:46,514][__main__][INFO] - [5, 11, 16], []
[2025-01-29 23:41:46,538][__main__][INFO] - [5, 11], [16]
[2025-01-29 23:41:46,578][__main__][INFO] - [5, 11, 18], []
[2025-01-29 23:41:46,604][__main__][INFO] - [5, 11, 19], []
[2025-01-29 23:41:46,731][__main__][INFO] - [5, 12, 16], []
[2025-01-29 23:41:46,764][__main__][INFO] - [5, 12], [16]
[2025-01-29 23:41:46,812][__main__][INFO] - [5, 12, 18], []
[2025-01-29 23:41:46,836][__main__][INFO] - [5, 12, 19], []
[2025-01-29 23:41:46,904][__main__][INFO] - [5, 12, 23], []
[2025-01-29 23:41:46,990][__main__][INFO] - [5, 13, 16], []
[2025-01-29 23:41:47,013][__main__][INFO] - [5, 13], [16]
[2025-01-29 23:41:47,050][__main__][INFO] - [5, 13, 18], []
[2025-01-29 23:41:47,088][__main__][INFO] - [5, 13, 20], []
[2025-01-29 23:41:47,141][__main__][INFO] - [5, 13, 23], []
[2025-01-29 23:41:47,209][__main__][INFO] - [5, 14, 16], []
[2025-01-29 23:41:47,231][__main__][INFO] - [5, 14], [16]
[2025-01-29 23:41:47,269][__main__][INFO] - [5, 14, 18], []
[2025-01-29 23:41:47,291][__main__][INFO] - [5, 14, 19], []
[2025-01-29 23:41:47,343][__main__][INFO] - [5, 14, 22], []
[2025-01-29 23:41:47,366][__main__][INFO] - [5, 14, 23], []
[2025-01-29 23:41:47,434][__main__][INFO] - [5, 15, 16], []
[2025-01-29 23:41:47,465][__main__][INFO] - [5, 15], [16]
[2025-01-29 23:41:47,500][__main__][INFO] - [5, 15, 17], []
[2025-01-29 23:41:47,529][__main__][INFO] - [5, 15, 18], []
[2025-01-29 23:41:47,564][__main__][INFO] - [5, 15, 19], []
[2025-01-29 23:41:47,586][__main__][INFO] - [5, 15, 20], []
[2025-01-29 23:41:47,609][__main__][INFO] - [5, 15, 21], []
[2025-01-29 23:41:47,646][__main__][INFO] - [5, 15, 23], []
[2025-01-29 23:41:47,669][__main__][INFO] - [5, 15, 24], []
[2025-01-29 23:41:47,723][__main__][INFO] - [5, 16, 17], []
[2025-01-29 23:41:47,749][__main__][INFO] - [5, 16, 18], []
[2025-01-29 23:41:47,818][__main__][INFO] - [5, 16, 19], []
[2025-01-29 23:41:47,841][__main__][INFO] - [5, 16, 20], []
[2025-01-29 23:41:47,866][__main__][INFO] - [5, 16, 21], []
[2025-01-29 23:41:47,888][__main__][INFO] - [5, 16, 22], []
[2025-01-29 23:41:47,910][__main__][INFO] - [5, 16, 23], []
[2025-01-29 23:41:47,943][__main__][INFO] - [5, 16, 24], []
[2025-01-29 23:41:47,996][__main__][INFO] - [5, 17], [16]
[2025-01-29 23:41:48,023][__main__][INFO] - [5, 18], [16]
[2025-01-29 23:41:48,100][__main__][INFO] - [5, 19], [16]
[2025-01-29 23:41:48,123][__main__][INFO] - [5, 20], [16]
[2025-01-29 23:41:48,148][__main__][INFO] - [5, 21], [16]
[2025-01-29 23:41:48,170][__main__][INFO] - [5, 22], [16]
[2025-01-29 23:41:48,193][__main__][INFO] - [5, 23], [16]
[2025-01-29 23:41:48,225][__main__][INFO] - [5, 24], [16]
[2025-01-29 23:41:48,292][__main__][INFO] - [6, 10, 16], []
[2025-01-29 23:41:48,333][__main__][INFO] - [6, 10], [16]
[2025-01-29 23:41:48,377][__main__][INFO] - [6, 10, 17], []
[2025-01-29 23:41:48,400][__main__][INFO] - [6, 10, 18], []
[2025-01-29 23:41:48,459][__main__][INFO] - [6, 10, 19], []
[2025-01-29 23:41:48,482][__main__][INFO] - [6, 10, 20], []
[2025-01-29 23:41:48,506][__main__][INFO] - [6, 10, 21], []
[2025-01-29 23:41:48,528][__main__][INFO] - [6, 10, 22], []
[2025-01-29 23:41:48,551][__main__][INFO] - [6, 10, 23], []
[2025-01-29 23:41:48,619][__main__][INFO] - [6, 11, 16], []
[2025-01-29 23:41:48,641][__main__][INFO] - [6, 11], [16]
[2025-01-29 23:41:48,680][__main__][INFO] - [6, 11, 18], []
[2025-01-29 23:41:48,823][__main__][INFO] - [6, 12, 16], []
[2025-01-29 23:41:48,849][__main__][INFO] - [6, 12], [16]
[2025-01-29 23:41:48,890][__main__][INFO] - [6, 12, 18], []
[2025-01-29 23:41:48,913][__main__][INFO] - [6, 12, 19], []
[2025-01-29 23:41:48,981][__main__][INFO] - [6, 12, 23], []
[2025-01-29 23:41:49,055][__main__][INFO] - [6, 13, 16], []
[2025-01-29 23:41:49,077][__main__][INFO] - [6, 13], [16]
[2025-01-29 23:41:49,115][__main__][INFO] - [6, 13, 18], []
[2025-01-29 23:41:49,152][__main__][INFO] - [6, 13, 20], []
[2025-01-29 23:41:49,279][__main__][INFO] - [6, 14], [16]
[2025-01-29 23:41:49,452][__main__][INFO] - [6, 15, 16], []
[2025-01-29 23:41:49,476][__main__][INFO] - [6, 15], [16]
[2025-01-29 23:41:49,502][__main__][INFO] - [6, 15, 17], []
[2025-01-29 23:41:49,525][__main__][INFO] - [6, 15, 18], []
[2025-01-29 23:41:49,551][__main__][INFO] - [6, 15, 19], []
[2025-01-29 23:41:49,573][__main__][INFO] - [6, 15, 20], []
[2025-01-29 23:41:49,626][__main__][INFO] - [6, 15, 23], []
[2025-01-29 23:41:49,693][__main__][INFO] - [6, 16, 17], []
[2025-01-29 23:41:49,716][__main__][INFO] - [6, 16, 18], []
[2025-01-29 23:41:49,756][__main__][INFO] - [6, 16, 19], []
[2025-01-29 23:41:49,778][__main__][INFO] - [6, 16, 20], []
[2025-01-29 23:41:49,801][__main__][INFO] - [6, 16, 21], []
[2025-01-29 23:41:49,824][__main__][INFO] - [6, 16, 22], []
[2025-01-29 23:41:49,846][__main__][INFO] - [6, 16, 23], []
[2025-01-29 23:41:49,916][__main__][INFO] - [6, 17], [16]
[2025-01-29 23:41:49,940][__main__][INFO] - [6, 18], [16]
[2025-01-29 23:41:49,984][__main__][INFO] - [6, 19], [16]
[2025-01-29 23:41:50,007][__main__][INFO] - [6, 20], [16]
[2025-01-29 23:41:50,030][__main__][INFO] - [6, 21], [16]
[2025-01-29 23:41:50,053][__main__][INFO] - [6, 22], [16]
[2025-01-29 23:41:50,075][__main__][INFO] - [6, 23], [16]
[2025-01-29 23:41:50,160][__main__][INFO] - [7, 10, 16], []
[2025-01-29 23:41:50,188][__main__][INFO] - [7, 10], [16]
[2025-01-29 23:41:50,218][__main__][INFO] - [7, 10, 17], []
[2025-01-29 23:41:50,241][__main__][INFO] - [7, 10, 18], []
[2025-01-29 23:41:50,275][__main__][INFO] - [7, 10, 19], []
[2025-01-29 23:41:50,298][__main__][INFO] - [7, 10, 20], []
[2025-01-29 23:41:50,321][__main__][INFO] - [7, 10, 21], []
[2025-01-29 23:41:50,358][__main__][INFO] - [7, 10, 23], []
[2025-01-29 23:41:50,426][__main__][INFO] - [7, 11, 16], []
[2025-01-29 23:41:50,448][__main__][INFO] - [7, 11], [16]
[2025-01-29 23:41:50,486][__main__][INFO] - [7, 11, 18], []
[2025-01-29 23:41:50,629][__main__][INFO] - [7, 12, 16], []
[2025-01-29 23:41:50,653][__main__][INFO] - [7, 12], [16]
[2025-01-29 23:41:50,692][__main__][INFO] - [7, 12, 18], []
[2025-01-29 23:41:50,715][__main__][INFO] - [7, 12, 19], []
[2025-01-29 23:41:50,783][__main__][INFO] - [7, 12, 23], []
[2025-01-29 23:41:50,867][__main__][INFO] - [7, 13], [16]
[2025-01-29 23:41:50,905][__main__][INFO] - [7, 13, 18], []
[2025-01-29 23:41:51,226][__main__][INFO] - [7, 15, 16], []
[2025-01-29 23:41:51,249][__main__][INFO] - [7, 15], [16]
[2025-01-29 23:41:51,272][__main__][INFO] - [7, 15, 17], []
[2025-01-29 23:41:51,294][__main__][INFO] - [7, 15, 18], []
[2025-01-29 23:41:51,317][__main__][INFO] - [7, 15, 19], []
[2025-01-29 23:41:51,444][__main__][INFO] - [7, 16, 17], []
[2025-01-29 23:41:51,466][__main__][INFO] - [7, 16, 18], []
[2025-01-29 23:41:51,494][__main__][INFO] - [7, 16, 19], []
[2025-01-29 23:41:51,516][__main__][INFO] - [7, 16, 20], []
[2025-01-29 23:41:51,538][__main__][INFO] - [7, 16, 21], []
[2025-01-29 23:41:51,575][__main__][INFO] - [7, 16, 23], []
[2025-01-29 23:41:51,643][__main__][INFO] - [7, 17], [16]
[2025-01-29 23:41:51,665][__main__][INFO] - [7, 18], [16]
[2025-01-29 23:41:51,695][__main__][INFO] - [7, 19], [16]
[2025-01-29 23:41:51,718][__main__][INFO] - [7, 20], [16]
[2025-01-29 23:41:51,740][__main__][INFO] - [7, 21], [16]
[2025-01-29 23:41:51,777][__main__][INFO] - [7, 23], [16]
[2025-01-29 23:41:51,860][__main__][INFO] - [8, 10, 16], []
[2025-01-29 23:41:51,883][__main__][INFO] - [8, 10], [16]
[2025-01-29 23:41:51,922][__main__][INFO] - [8, 10, 18], []
[2025-01-29 23:41:51,947][__main__][INFO] - [8, 10, 19], []
[2025-01-29 23:41:51,969][__main__][INFO] - [8, 10, 20], []
[2025-01-29 23:41:52,022][__main__][INFO] - [8, 10, 23], []
[2025-01-29 23:41:52,089][__main__][INFO] - [8, 11, 16], []
[2025-01-29 23:41:52,111][__main__][INFO] - [8, 11], [16]
[2025-01-29 23:41:52,149][__main__][INFO] - [8, 11, 18], []
[2025-01-29 23:41:52,291][__main__][INFO] - [8, 12, 16], []
[2025-01-29 23:41:52,313][__main__][INFO] - [8, 12], [16]
[2025-01-29 23:41:52,350][__main__][INFO] - [8, 12, 18], []
[2025-01-29 23:41:52,432][__main__][INFO] - [8, 12, 23], []
[2025-01-29 23:41:52,529][__main__][INFO] - [8, 15, 16], []
[2025-01-29 23:41:52,551][__main__][INFO] - [8, 15], [16]
[2025-01-29 23:41:52,589][__main__][INFO] - [8, 15, 18], []
[2025-01-29 23:41:52,745][__main__][INFO] - [8, 16, 18], []
[2025-01-29 23:41:52,769][__main__][INFO] - [8, 16, 19], []
[2025-01-29 23:41:52,791][__main__][INFO] - [8, 16, 20], []
[2025-01-29 23:41:52,843][__main__][INFO] - [8, 16, 23], []
[2025-01-29 23:41:52,910][__main__][INFO] - [8, 17], [16]
[2025-01-29 23:41:52,932][__main__][INFO] - [8, 18], [16]
[2025-01-29 23:41:52,956][__main__][INFO] - [8, 19], [16]
[2025-01-29 23:41:52,978][__main__][INFO] - [8, 20], [16]
[2025-01-29 23:41:53,030][__main__][INFO] - [8, 23], [16]
[2025-01-29 23:41:53,112][__main__][INFO] - [9, 10, 16], []
[2025-01-29 23:41:53,135][__main__][INFO] - [9, 10], [16]
[2025-01-29 23:41:53,173][__main__][INFO] - [9, 10, 18], []
[2025-01-29 23:41:53,568][__main__][INFO] - [9, 16, 18], []
[2025-01-29 23:41:53,726][__main__][INFO] - [9, 18], [16]
[2025-01-29 23:41:53,882][__main__][INFO] - [10, 16, 17], []
[2025-01-29 23:41:53,927][__main__][INFO] - [10, 16, 18], []
[2025-01-29 23:41:54,203][__main__][INFO] - [10, 16, 19], []
[2025-01-29 23:41:54,239][__main__][INFO] - [10, 16, 20], []
[2025-01-29 23:41:54,275][__main__][INFO] - [10, 16, 21], []
[2025-01-29 23:41:54,299][__main__][INFO] - [10, 16, 22], []
[2025-01-29 23:41:54,322][__main__][INFO] - [10, 16, 23], []
[2025-01-29 23:41:54,362][__main__][INFO] - [10, 16, 24], []
[2025-01-29 23:41:54,415][__main__][INFO] - [10, 17], [16]
[2025-01-29 23:41:54,461][__main__][INFO] - [10, 18], [16]
[2025-01-29 23:41:54,773][__main__][INFO] - [10, 19], [16]
[2025-01-29 23:41:54,808][__main__][INFO] - [10, 20], [16]
[2025-01-29 23:41:54,844][__main__][INFO] - [10, 21], [16]
[2025-01-29 23:41:54,867][__main__][INFO] - [10, 22], [16]
[2025-01-29 23:41:54,890][__main__][INFO] - [10, 23], [16]
[2025-01-29 23:41:54,931][__main__][INFO] - [10, 24], [16]
[2025-01-29 23:41:54,998][__main__][INFO] - [11, 16, 17], []
[2025-01-29 23:41:55,020][__main__][INFO] - [11, 16, 18], []
[2025-01-29 23:41:55,049][__main__][INFO] - [11, 16, 19], []
[2025-01-29 23:41:55,071][__main__][INFO] - [11, 16, 20], []
[2025-01-29 23:41:55,124][__main__][INFO] - [11, 16, 23], []
[2025-01-29 23:41:55,191][__main__][INFO] - [11, 17], [16]
[2025-01-29 23:41:55,213][__main__][INFO] - [11, 18], [16]
[2025-01-29 23:41:55,245][__main__][INFO] - [11, 19], [16]
[2025-01-29 23:41:55,267][__main__][INFO] - [11, 20], [16]
[2025-01-29 23:41:55,319][__main__][INFO] - [11, 23], [16]
[2025-01-29 23:41:55,400][__main__][INFO] - [12, 16, 17], []
[2025-01-29 23:41:55,422][__main__][INFO] - [12, 16, 18], []
[2025-01-29 23:41:55,447][__main__][INFO] - [12, 16, 19], []
[2025-01-29 23:41:55,514][__main__][INFO] - [12, 16, 23], []
[2025-01-29 23:41:55,635][__main__][INFO] - [12, 17], [16]
[2025-01-29 23:41:55,657][__main__][INFO] - [12, 18], [16]
[2025-01-29 23:41:55,683][__main__][INFO] - [12, 19], [16]
[2025-01-29 23:41:55,751][__main__][INFO] - [12, 23], [16]
[2025-01-29 23:41:55,899][__main__][INFO] - [13, 16, 18], []
[2025-01-29 23:41:55,922][__main__][INFO] - [13, 16, 19], []
[2025-01-29 23:41:55,943][__main__][INFO] - [13, 16, 20], []
[2025-01-29 23:41:55,996][__main__][INFO] - [13, 16, 23], []
[2025-01-29 23:41:56,078][__main__][INFO] - [13, 18], [16]
[2025-01-29 23:41:56,100][__main__][INFO] - [13, 19], [16]
[2025-01-29 23:41:56,122][__main__][INFO] - [13, 20], [16]
[2025-01-29 23:41:56,175][__main__][INFO] - [13, 23], [16]
[2025-01-29 23:41:56,271][__main__][INFO] - [14, 16, 18], []
[2025-01-29 23:41:56,293][__main__][INFO] - [14, 16, 19], []
[2025-01-29 23:41:56,345][__main__][INFO] - [14, 16, 22], []
[2025-01-29 23:41:56,367][__main__][INFO] - [14, 16, 23], []
[2025-01-29 23:41:56,449][__main__][INFO] - [14, 18], [16]
[2025-01-29 23:41:56,471][__main__][INFO] - [14, 19], [16]
[2025-01-29 23:41:56,522][__main__][INFO] - [14, 22], [16]
[2025-01-29 23:41:56,544][__main__][INFO] - [14, 23], [16]
[2025-01-29 23:41:56,626][__main__][INFO] - [15, 16, 17], []
[2025-01-29 23:41:56,667][__main__][INFO] - [15, 16, 18], []
[2025-01-29 23:41:56,721][__main__][INFO] - [15, 16, 19], []
[2025-01-29 23:41:56,744][__main__][INFO] - [15, 16, 20], []
[2025-01-29 23:41:56,765][__main__][INFO] - [15, 16, 21], []
[2025-01-29 23:41:56,802][__main__][INFO] - [15, 16, 23], []
[2025-01-29 23:41:56,824][__main__][INFO] - [15, 16, 24], []
[2025-01-29 23:41:56,876][__main__][INFO] - [15, 17], [16]
[2025-01-29 23:41:56,928][__main__][INFO] - [15, 18], [16]
[2025-01-29 23:41:56,994][__main__][INFO] - [15, 19], [16]
[2025-01-29 23:41:57,017][__main__][INFO] - [15, 20], [16]
[2025-01-29 23:41:57,039][__main__][INFO] - [15, 21], [16]
[2025-01-29 23:41:57,076][__main__][INFO] - [15, 23], [16]
[2025-01-29 23:41:57,098][__main__][INFO] - [15, 24], [16]
