[2025-01-29 10:07:55,493][gurobipy][INFO] - Set parameter TimeLimit to value 600
[2025-01-29 10:07:55,504][gurobipy][INFO] - Gurobi Optimizer version 11.0.2 build v11.0.2rc0 (linux64)
[2025-01-29 10:07:55,504][gurobipy][INFO] - 
[2025-01-29 10:07:55,517][gurobipy][INFO] - CPU model: AMD EPYC 7543 32-Core Processor, instruction set [SSE2|AVX|AVX2]
[2025-01-29 10:07:55,517][gurobipy][INFO] - Thread count: 64 physical cores, 128 logical processors, using up to 32 threads
[2025-01-29 10:07:55,517][gurobipy][INFO] - 
[2025-01-29 10:07:55,517][gurobipy][INFO] - Optimize a model with 50823 rows, 837 columns and 131674 nonzeros
[2025-01-29 10:07:55,518][gurobipy][INFO] - Model fingerprint: 0x825928e6
[2025-01-29 10:07:55,518][gurobipy][INFO] - Variable types: 771 continuous, 66 integer (66 binary)
[2025-01-29 10:07:55,518][gurobipy][INFO] - Coefficient statistics:
[2025-01-29 10:07:55,518][gurobipy][INFO] -   Matrix range     [1e-03, 2e+00]
[2025-01-29 10:07:55,518][gurobipy][INFO] -   Objective range  [1e+00, 1e+00]
[2025-01-29 10:07:55,518][gurobipy][INFO] -   Bounds range     [1e+00, 1e+00]
[2025-01-29 10:07:55,518][gurobipy][INFO] -   RHS range        [1e+00, 1e+01]
[2025-01-29 10:07:55,525][gurobipy][INFO] - Found heuristic solution: objective 0.0000000
[2025-01-29 10:07:55,760][gurobipy][INFO] - Presolve removed 16913 rows and 8 columns
[2025-01-29 10:07:55,760][gurobipy][INFO] - Presolve time: 0.24s
[2025-01-29 10:07:55,760][gurobipy][INFO] - Presolved: 33910 rows, 829 columns, 102495 nonzeros
[2025-01-29 10:07:55,782][gurobipy][INFO] - Variable types: 771 continuous, 58 integer (58 binary)
[2025-01-29 10:07:55,812][gurobipy][INFO] - Root relaxation presolved: 829 rows, 34739 columns, 103324 nonzeros
[2025-01-29 10:07:55,812][gurobipy][INFO] - 
[2025-01-29 10:07:55,845][gurobipy][INFO] - 
[2025-01-29 10:07:55,845][gurobipy][INFO] - Root relaxation: objective 1.000000e+00, 885 iterations, 0.06 seconds (0.14 work units)
[2025-01-29 10:07:55,851][gurobipy][INFO] - 
[2025-01-29 10:07:55,851][gurobipy][INFO] -     Nodes    |    Current Node    |     Objective Bounds      |     Work
[2025-01-29 10:07:55,851][gurobipy][INFO] -  Expl Unexpl |  Obj  Depth IntInf | Incumbent    BestBd   Gap | It/Node Time
[2025-01-29 10:07:55,851][gurobipy][INFO] - 
[2025-01-29 10:07:55,851][gurobipy][INFO] -      0     0    1.00000    0    1    0.00000    1.00000      -     -    0s
[2025-01-29 10:07:55,856][gurobipy][INFO] - H    0     0                       0.0111902    1.00000  8836%     -    0s
[2025-01-29 10:07:55,890][gurobipy][INFO] - H    0     0                       0.0445814    1.00000  2143%     -    0s
[2025-01-29 10:07:56,030][gurobipy][INFO] -      0     0    1.00000    0   44    0.04458    1.00000  2143%     -    0s
[2025-01-29 10:07:56,054][gurobipy][INFO] -      0     0    1.00000    0   37    0.04458    1.00000  2143%     -    0s
[2025-01-29 10:07:56,122][gurobipy][INFO] - H    0     0                       0.2756867    1.00000   263%     -    0s
[2025-01-29 10:07:56,988][gurobipy][INFO] - H    0     0                       0.2757465    1.00000   263%     -    1s
[2025-01-29 10:07:56,989][gurobipy][INFO] - H    0     0                       0.2777213    1.00000   260%     -    1s
[2025-01-29 10:07:56,993][gurobipy][INFO] -      0     0    1.00000    0    1    0.27772    1.00000   260%     -    1s
[2025-01-29 10:07:57,070][gurobipy][INFO] - H    0     0                       0.2868769    1.00000   249%     -    1s
[2025-01-29 10:07:57,124][gurobipy][INFO] -      0     0    1.00000    0    8    0.28688    1.00000   249%     -    1s
[2025-01-29 10:07:57,133][gurobipy][INFO] -      0     0    1.00000    0    7    0.28688    1.00000   249%     -    1s
[2025-01-29 10:07:57,263][gurobipy][INFO] -      0     0    1.00000    0    7    0.28688    1.00000   249%     -    1s
[2025-01-29 10:07:57,336][gurobipy][INFO] -      0     0    1.00000    0    6    0.28688    1.00000   249%     -    1s
[2025-01-29 10:07:57,451][gurobipy][INFO] -      0     0    1.00000    0    5    0.28688    1.00000   249%     -    1s
[2025-01-29 10:07:57,529][gurobipy][INFO] - H    0     0                       0.3348692    1.00000   199%     -    2s
[2025-01-29 10:07:57,550][gurobipy][INFO] -      0     0    1.00000    0    5    0.33487    1.00000   199%     -    2s
[2025-01-29 10:07:57,676][gurobipy][INFO] -      0     0    1.00000    0    4    0.33487    1.00000   199%     -    2s
[2025-01-29 10:07:57,698][gurobipy][INFO] -      0     0    1.00000    0    4    0.33487    1.00000   199%     -    2s
[2025-01-29 10:07:58,258][gurobipy][INFO] -      0     2    1.00000    0    4    0.33487    1.00000   199%     -    2s
[2025-01-29 10:08:00,742][gurobipy][INFO] -     15     6    1.00000    8    3    0.33487    1.00000   199%   105    5s
[2025-01-29 10:08:02,611][gurobipy][INFO] - H   33    12                       0.3403148    1.00000   194%   295    7s
[2025-01-29 10:08:02,612][gurobipy][INFO] - H   35    12                       0.4467716    1.00000   124%   317    7s
[2025-01-29 10:08:03,871][gurobipy][INFO] - 
[2025-01-29 10:08:03,871][gurobipy][INFO] - Cutting planes:
[2025-01-29 10:08:03,871][gurobipy][INFO] -   Cover: 1
[2025-01-29 10:08:03,871][gurobipy][INFO] -   MIR: 10
[2025-01-29 10:08:03,871][gurobipy][INFO] -   RLT: 2
[2025-01-29 10:08:03,872][gurobipy][INFO] - 
[2025-01-29 10:08:03,872][gurobipy][INFO] - Explored 119 nodes (20224 simplex iterations) in 8.36 seconds (12.82 work units)
[2025-01-29 10:08:03,872][gurobipy][INFO] - Thread count was 32 (of 128 available processors)
[2025-01-29 10:08:03,872][gurobipy][INFO] - 
[2025-01-29 10:08:03,872][gurobipy][INFO] - Solution count 10: 0.446772 0.340315 0.334869 ... 3.01981e-14
[2025-01-29 10:08:03,872][gurobipy][INFO] - No other solutions better than 0.446772
[2025-01-29 10:08:03,872][gurobipy][INFO] - 
[2025-01-29 10:08:03,872][gurobipy][INFO] - Optimal solution found (tolerance 1.00e-04)
[2025-01-29 10:08:03,873][gurobipy][INFO] - Best objective 4.467715875771e-01, best bound 4.467715875771e-01, gap 0.0000%
[2025-01-29 10:08:03,918][__main__][INFO] - Finished size 1000 (1/5)
[2025-01-29 10:08:12,839][gurobipy][INFO] - Set parameter TimeLimit to value 600
[2025-01-29 10:08:12,870][gurobipy][INFO] - Gurobi Optimizer version 11.0.2 build v11.0.2rc0 (linux64)
[2025-01-29 10:08:12,870][gurobipy][INFO] - 
[2025-01-29 10:08:12,883][gurobipy][INFO] - CPU model: AMD EPYC 7543 32-Core Processor, instruction set [SSE2|AVX|AVX2]
[2025-01-29 10:08:12,883][gurobipy][INFO] - Thread count: 64 physical cores, 128 logical processors, using up to 32 threads
[2025-01-29 10:08:12,883][gurobipy][INFO] - 
[2025-01-29 10:08:12,883][gurobipy][INFO] - Optimize a model with 145467 rows, 2271 columns and 376888 nonzeros
[2025-01-29 10:08:12,886][gurobipy][INFO] - Model fingerprint: 0x0a55a7df
[2025-01-29 10:08:12,886][gurobipy][INFO] - Variable types: 2205 continuous, 66 integer (66 binary)
[2025-01-29 10:08:12,887][gurobipy][INFO] - Coefficient statistics:
[2025-01-29 10:08:12,887][gurobipy][INFO] -   Matrix range     [3e-04, 2e+00]
[2025-01-29 10:08:12,887][gurobipy][INFO] -   Objective range  [1e+00, 1e+00]
[2025-01-29 10:08:12,887][gurobipy][INFO] -   Bounds range     [1e+00, 1e+00]
[2025-01-29 10:08:12,887][gurobipy][INFO] -   RHS range        [1e+00, 1e+01]
[2025-01-29 10:08:12,906][gurobipy][INFO] - Found heuristic solution: objective -0.0000000
[2025-01-29 10:08:13,593][gurobipy][INFO] - Presolve removed 37452 rows and 3 columns
[2025-01-29 10:08:13,593][gurobipy][INFO] - Presolve time: 0.69s
[2025-01-29 10:08:13,594][gurobipy][INFO] - Presolved: 108015 rows, 2268 columns, 326244 nonzeros
[2025-01-29 10:08:13,663][gurobipy][INFO] - Variable types: 2205 continuous, 63 integer (63 binary)
[2025-01-29 10:08:13,764][gurobipy][INFO] - Root relaxation presolved: 2268 rows, 110283 columns, 328512 nonzeros
[2025-01-29 10:08:13,764][gurobipy][INFO] - 
[2025-01-29 10:08:13,811][gurobipy][INFO] - 
[2025-01-29 10:08:13,811][gurobipy][INFO] - Root relaxation: objective 1.000000e+00, 177 iterations, 0.14 seconds (0.29 work units)
[2025-01-29 10:08:13,819][gurobipy][INFO] - 
[2025-01-29 10:08:13,820][gurobipy][INFO] -     Nodes    |    Current Node    |     Objective Bounds      |     Work
[2025-01-29 10:08:13,820][gurobipy][INFO] -  Expl Unexpl |  Obj  Depth IntInf | Incumbent    BestBd   Gap | It/Node Time
[2025-01-29 10:08:13,820][gurobipy][INFO] - 
[2025-01-29 10:08:13,820][gurobipy][INFO] -      0     0    1.00000    0    2   -0.00000    1.00000      -     -    0s
[2025-01-29 10:08:13,883][gurobipy][INFO] - H    0     0                       0.0128030    1.00000  7711%     -    0s
[2025-01-29 10:08:13,922][gurobipy][INFO] - H    0     0                       0.0481132    1.00000  1978%     -    1s
[2025-01-29 10:08:13,948][gurobipy][INFO] - H    0     0                       0.0500263    1.00000  1899%     -    1s
[2025-01-29 10:08:15,466][gurobipy][INFO] -      0     0    1.00000    0   51    0.05003    1.00000  1899%     -    2s
[2025-01-29 10:08:15,954][gurobipy][INFO] -      0     0    1.00000    0   31    0.05003    1.00000  1899%     -    3s
[2025-01-29 10:08:15,988][gurobipy][INFO] - H    0     0                       0.2369836    1.00000   322%     -    3s
[2025-01-29 10:08:16,261][gurobipy][INFO] -      0     0    1.00000    0   23    0.23698    1.00000   322%     -    3s
[2025-01-29 10:08:18,005][gurobipy][INFO] -      0     0    1.00000    0    5    0.23698    1.00000   322%     -    5s
[2025-01-29 10:08:19,013][gurobipy][INFO] -      0     0    1.00000    0   14    0.23698    1.00000   322%     -    6s
[2025-01-29 10:08:19,345][gurobipy][INFO] -      0     0    1.00000    0   14    0.23698    1.00000   322%     -    6s
[2025-01-29 10:08:20,015][gurobipy][INFO] -      0     0    1.00000    0   14    0.23698    1.00000   322%     -    7s
[2025-01-29 10:08:20,175][gurobipy][INFO] -      0     0    1.00000    0    9    0.23698    1.00000   322%     -    7s
[2025-01-29 10:08:20,525][gurobipy][INFO] -      0     0    1.00000    0   11    0.23698    1.00000   322%     -    7s
[2025-01-29 10:08:20,566][gurobipy][INFO] - H    0     0                       0.3103412    1.00000   222%     -    7s
[2025-01-29 10:08:20,927][gurobipy][INFO] -      0     0    1.00000    0   13    0.31034    1.00000   222%     -    8s
[2025-01-29 10:08:21,302][gurobipy][INFO] - H    0     0                       0.3891648    1.00000   157%     -    8s
[2025-01-29 10:08:21,302][gurobipy][INFO] -      0     0    0.38916    0    5    0.38916    0.38916  0.00%     -    8s
[2025-01-29 10:08:21,302][gurobipy][INFO] - 
[2025-01-29 10:08:21,303][gurobipy][INFO] - Cutting planes:
[2025-01-29 10:08:21,303][gurobipy][INFO] -   Gomory: 2
[2025-01-29 10:08:21,303][gurobipy][INFO] -   MIR: 132
[2025-01-29 10:08:21,303][gurobipy][INFO] -   RLT: 41
[2025-01-29 10:08:21,305][gurobipy][INFO] - 
[2025-01-29 10:08:21,305][gurobipy][INFO] - Explored 1 nodes (13835 simplex iterations) in 8.42 seconds (14.86 work units)
[2025-01-29 10:08:21,305][gurobipy][INFO] - Thread count was 32 (of 128 available processors)
[2025-01-29 10:08:21,305][gurobipy][INFO] - 
[2025-01-29 10:08:21,305][gurobipy][INFO] - Solution count 8: 0.389165 0.310341 0.236984 ... -0
[2025-01-29 10:08:21,305][gurobipy][INFO] - No other solutions better than 0.389165
[2025-01-29 10:08:21,305][gurobipy][INFO] - 
[2025-01-29 10:08:21,305][gurobipy][INFO] - Optimal solution found (tolerance 1.00e-04)
[2025-01-29 10:08:21,306][gurobipy][INFO] - Best objective 3.891647570795e-01, best bound 3.891647570795e-01, gap 0.0000%
[2025-01-29 10:08:21,396][__main__][INFO] - Finished size 3724 (2/5)
[2025-01-29 10:09:00,281][gurobipy][INFO] - Set parameter TimeLimit to value 600
[2025-01-29 10:09:00,353][gurobipy][INFO] - Gurobi Optimizer version 11.0.2 build v11.0.2rc0 (linux64)
[2025-01-29 10:09:00,353][gurobipy][INFO] - 
[2025-01-29 10:09:00,353][gurobipy][INFO] - CPU model: AMD EPYC 7543 32-Core Processor, instruction set [SSE2|AVX|AVX2]
[2025-01-29 10:09:00,353][gurobipy][INFO] - Thread count: 64 physical cores, 128 logical processors, using up to 32 threads
[2025-01-29 10:09:00,353][gurobipy][INFO] - 
[2025-01-29 10:09:00,354][gurobipy][INFO] - Optimize a model with 363729 rows, 5578 columns and 942385 nonzeros
[2025-01-29 10:09:00,361][gurobipy][INFO] - Model fingerprint: 0x96db2256
[2025-01-29 10:09:00,361][gurobipy][INFO] - Variable types: 5512 continuous, 66 integer (66 binary)
[2025-01-29 10:09:00,362][gurobipy][INFO] - Coefficient statistics:
[2025-01-29 10:09:00,362][gurobipy][INFO] -   Matrix range     [7e-05, 2e+00]
[2025-01-29 10:09:00,362][gurobipy][INFO] -   Objective range  [1e+00, 1e+00]
[2025-01-29 10:09:00,362][gurobipy][INFO] -   Bounds range     [1e+00, 1e+00]
[2025-01-29 10:09:00,362][gurobipy][INFO] -   RHS range        [1e+00, 1e+01]
[2025-01-29 10:09:00,414][gurobipy][INFO] - Found heuristic solution: objective 0.0000000
[2025-01-29 10:09:02,257][gurobipy][INFO] - Presolve removed 82662 rows and 1 columns
[2025-01-29 10:09:02,257][gurobipy][INFO] - Presolve time: 1.84s
[2025-01-29 10:09:02,258][gurobipy][INFO] - Presolved: 281067 rows, 5577 columns, 848707 nonzeros
[2025-01-29 10:09:02,435][gurobipy][INFO] - Variable types: 5512 continuous, 65 integer (65 binary)
[2025-01-29 10:09:02,709][gurobipy][INFO] - Root relaxation presolved: 5577 rows, 286644 columns, 854284 nonzeros
[2025-01-29 10:09:02,709][gurobipy][INFO] - 
[2025-01-29 10:09:02,800][gurobipy][INFO] - 
[2025-01-29 10:09:02,800][gurobipy][INFO] - Root relaxation: objective 1.000000e+00, 84 iterations, 0.36 seconds (0.71 work units)
[2025-01-29 10:09:02,817][gurobipy][INFO] - 
[2025-01-29 10:09:02,817][gurobipy][INFO] -     Nodes    |    Current Node    |     Objective Bounds      |     Work
[2025-01-29 10:09:02,817][gurobipy][INFO] -  Expl Unexpl |  Obj  Depth IntInf | Incumbent    BestBd   Gap | It/Node Time
[2025-01-29 10:09:02,817][gurobipy][INFO] - 
[2025-01-29 10:09:02,817][gurobipy][INFO] -      0     0    1.00000    0    1    0.00000    1.00000      -     -    2s
[2025-01-29 10:09:02,924][gurobipy][INFO] - H    0     0                       0.0005671    1.00000      -     -    2s
[2025-01-29 10:09:03,055][gurobipy][INFO] - H    0     0                       0.0092182    1.00000      -     -    2s
[2025-01-29 10:09:03,195][gurobipy][INFO] - H    0     0                       0.0115361    1.00000  8568%     -    2s
[2025-01-29 10:09:08,005][gurobipy][INFO] -      0     0    1.00000    0   65    0.01154    1.00000  8568%     -    7s
[2025-01-29 10:09:08,204][gurobipy][INFO] -      0     0    1.00000    0   58    0.01154    1.00000  8568%     -    7s
[2025-01-29 10:09:08,907][gurobipy][INFO] - H    0     0                       0.0116937    1.00000  8452%     -    8s
[2025-01-29 10:09:16,629][gurobipy][INFO] -      0     0    1.00000    0   46    0.01169    1.00000  8452%     -   16s
[2025-01-29 10:09:17,528][gurobipy][INFO] - H    0     0                       0.0273137    1.00000  3561%     -   17s
[2025-01-29 10:09:17,634][gurobipy][INFO] - H    0     0                       0.0615581    1.00000  1524%     -   17s
[2025-01-29 10:09:24,407][gurobipy][INFO] -      0     0    1.00000    0   42    0.06156    1.00000  1524%     -   24s
[2025-01-29 10:09:27,919][gurobipy][INFO] -      0     0    1.00000    0   51    0.06156    1.00000  1524%     -   27s
[2025-01-29 10:09:35,683][gurobipy][INFO] -      0     0    1.00000    0   35    0.06156    1.00000  1524%     -   35s
[2025-01-29 10:09:36,714][gurobipy][INFO] -      0     0    1.00000    0   35    0.06156    1.00000  1524%     -   36s
[2025-01-29 10:09:43,431][gurobipy][INFO] -      0     0    1.00000    0   54    0.06156    1.00000  1524%     -   43s
[2025-01-29 10:09:51,166][gurobipy][INFO] -      0     0    1.00000    0   47    0.06156    1.00000  1524%     -   50s
[2025-01-29 10:09:58,108][gurobipy][INFO] -      0     0    1.00000    0   47    0.06156    1.00000  1524%     -   57s
[2025-01-29 10:10:02,263][gurobipy][INFO] - H    0     0                       0.1265060    1.00000   690%     -   61s
[2025-01-29 10:10:03,770][gurobipy][INFO] - H    0     0                       0.2266152    1.00000   341%     -   63s
[2025-01-29 10:10:13,363][gurobipy][INFO] - H    0     2                       0.2292803    1.00000   336%     -   73s
[2025-01-29 10:10:13,363][gurobipy][INFO] -      0     2    1.00000    0   47    0.22928    1.00000   336%     -   73s
[2025-01-29 10:10:15,501][gurobipy][INFO] -      3     2    1.00000    2   45    0.22928    1.00000   336%   620   75s
[2025-01-29 10:10:20,525][gurobipy][INFO] -      9     2    1.00000    5   41    0.22928    1.00000   336%   273   80s
[2025-01-29 10:10:25,484][gurobipy][INFO] -     17     2    1.00000    9   35    0.22928    1.00000   336%   162   85s
[2025-01-29 10:10:30,771][gurobipy][INFO] -     25     2    1.00000   13   20    0.22928    1.00000   336%   194   90s
[2025-01-29 10:10:36,031][gurobipy][INFO] -     35     2    1.00000   18   29    0.22928    1.00000   336%   163   95s
[2025-01-29 10:10:41,004][gurobipy][INFO] -     53     2    1.00000   27   14    0.22928    1.00000   336%   178  100s
[2025-01-29 10:10:48,840][gurobipy][INFO] -     55     2    1.00000   28   20    0.22928    1.00000   336%   478  108s
[2025-01-29 10:10:58,182][gurobipy][INFO] -     57     4    0.90909   29   17    0.22928    1.00000   336%   574  117s
[2025-01-29 10:11:01,691][gurobipy][INFO] -     59     4    0.90000   30   16    0.22928    0.90909   296%   685  121s
[2025-01-29 10:11:11,999][gurobipy][INFO] -     67     6    0.87500   32   13    0.22928    0.89062   288%   634  131s
[2025-01-29 10:11:16,088][gurobipy][INFO] -     71     6    0.85714   33   12    0.22928    0.87935   284%   721  135s
[2025-01-29 10:11:21,216][gurobipy][INFO] -     83     6    0.81351   35   14    0.22928    0.84688   269%   651  140s
[2025-01-29 10:11:25,750][gurobipy][INFO] -     89     6    0.77974   36   13    0.22928    0.82268   259%   630  145s
[2025-01-29 10:11:32,341][gurobipy][INFO] -    101     4    0.69053   38   11    0.22928    0.76424   233%   600  151s
[2025-01-29 10:11:35,379][gurobipy][INFO] -    105     4    0.60940   39   10    0.22928    0.71055   210%   597  155s
[2025-01-29 10:11:41,741][gurobipy][INFO] -    109     6    0.53157   40   11    0.22928    0.64934   183%   604  161s
[2025-01-29 10:11:58,425][gurobipy][INFO] -    119    12    0.43202   42   12    0.22928    0.56990   149%   628  178s
[2025-01-29 10:12:02,313][gurobipy][INFO] -    129    20    0.31345   43   11    0.22928    0.50332   120%   660  181s
[2025-01-29 10:12:05,588][gurobipy][INFO] -    161     7     cutoff   45         0.22928    0.42806  86.7%   622  185s
[2025-01-29 10:12:05,596][gurobipy][INFO] - H  162     7                       0.3732795    0.42806  14.7%   619  185s
[2025-01-29 10:12:05,603][gurobipy][INFO] - H  166     7                       0.3795306    0.40400  6.45%   616  185s
[2025-01-29 10:12:05,755][gurobipy][INFO] - 
[2025-01-29 10:12:05,755][gurobipy][INFO] - Cutting planes:
[2025-01-29 10:12:05,755][gurobipy][INFO] -   Implied bound: 2
[2025-01-29 10:12:05,756][gurobipy][INFO] -   MIR: 6
[2025-01-29 10:12:05,756][gurobipy][INFO] -   RLT: 4
[2025-01-29 10:12:05,764][gurobipy][INFO] - 
[2025-01-29 10:12:05,764][gurobipy][INFO] - Explored 179 nodes (122771 simplex iterations) in 185.41 seconds (685.88 work units)
[2025-01-29 10:12:05,764][gurobipy][INFO] - Thread count was 32 (of 128 available processors)
[2025-01-29 10:12:05,764][gurobipy][INFO] - 
[2025-01-29 10:12:05,764][gurobipy][INFO] - Solution count 10: 0.379531 0.37328 0.22928 ... 0.000567132
[2025-01-29 10:12:05,764][gurobipy][INFO] - No other solutions better than 0.379531
[2025-01-29 10:12:05,764][gurobipy][INFO] - 
[2025-01-29 10:12:05,765][gurobipy][INFO] - Optimal solution found (tolerance 1.00e-04)
[2025-01-29 10:12:05,767][gurobipy][INFO] - Best objective 3.795305980080e-01, best bound 3.795305980080e-01, gap 0.0000%
[2025-01-29 10:12:06,060][__main__][INFO] - Finished size 13867 (3/5)
[2025-01-29 10:13:11,686][gurobipy][INFO] - Set parameter TimeLimit to value 600
[2025-01-29 10:13:11,860][gurobipy][INFO] - Gurobi Optimizer version 11.0.2 build v11.0.2rc0 (linux64)
[2025-01-29 10:13:11,860][gurobipy][INFO] - 
[2025-01-29 10:13:11,872][gurobipy][INFO] - CPU model: AMD EPYC 7543 32-Core Processor, instruction set [SSE2|AVX|AVX2]
[2025-01-29 10:13:11,872][gurobipy][INFO] - Thread count: 64 physical cores, 128 logical processors, using up to 32 threads
[2025-01-29 10:13:11,872][gurobipy][INFO] - 
[2025-01-29 10:13:11,872][gurobipy][INFO] - Optimize a model with 819459 rows, 12483 columns and 2123140 nonzeros
[2025-01-29 10:13:11,889][gurobipy][INFO] - Model fingerprint: 0x26e1c55b
[2025-01-29 10:13:11,889][gurobipy][INFO] - Variable types: 12417 continuous, 66 integer (66 binary)
[2025-01-29 10:13:11,890][gurobipy][INFO] - Coefficient statistics:
[2025-01-29 10:13:11,890][gurobipy][INFO] -   Matrix range     [2e-05, 2e+00]
[2025-01-29 10:13:11,890][gurobipy][INFO] -   Objective range  [1e+00, 1e+00]
[2025-01-29 10:13:11,890][gurobipy][INFO] -   Bounds range     [1e+00, 1e+00]
[2025-01-29 10:13:11,890][gurobipy][INFO] -   RHS range        [1e+00, 1e+01]
[2025-01-29 10:13:12,012][gurobipy][INFO] - Found heuristic solution: objective 0.0000000
[2025-01-29 10:13:15,323][gurobipy][INFO] - Presolve removed 186236 rows and 1 columns
[2025-01-29 10:13:15,323][gurobipy][INFO] - Presolve time: 3.31s
[2025-01-29 10:13:15,323][gurobipy][INFO] - Presolved: 633223 rows, 12482 columns, 1912080 nonzeros
[2025-01-29 10:13:15,722][gurobipy][INFO] - Variable types: 12417 continuous, 65 integer (65 binary)
[2025-01-29 10:13:16,487][gurobipy][INFO] - Root relaxation presolved: 12482 rows, 645705 columns, 1924562 nonzeros
[2025-01-29 10:13:16,487][gurobipy][INFO] - 
[2025-01-29 10:13:16,488][gurobipy][INFO] - Deterministic concurrent LP optimizer: primal and dual simplex
[2025-01-29 10:13:16,489][gurobipy][INFO] - Showing primal log only...
[2025-01-29 10:13:16,489][gurobipy][INFO] - 
[2025-01-29 10:13:16,784][gurobipy][INFO] - Concurrent spin time: 0.00s
[2025-01-29 10:13:16,784][gurobipy][INFO] - 
[2025-01-29 10:13:16,784][gurobipy][INFO] - Solved with dual simplex
[2025-01-29 10:13:16,835][gurobipy][INFO] - 
[2025-01-29 10:13:16,835][gurobipy][INFO] - Root relaxation: objective 1.000000e+00, 295 iterations, 1.10 seconds (2.00 work units)
[2025-01-29 10:13:17,005][gurobipy][INFO] - 
[2025-01-29 10:13:17,005][gurobipy][INFO] -     Nodes    |    Current Node    |     Objective Bounds      |     Work
[2025-01-29 10:13:17,005][gurobipy][INFO] -  Expl Unexpl |  Obj  Depth IntInf | Incumbent    BestBd   Gap | It/Node Time
[2025-01-29 10:13:17,005][gurobipy][INFO] - 
[2025-01-29 10:13:17,005][gurobipy][INFO] -      0     0    1.00000    0    6    0.00000    1.00000      -     -    5s
[2025-01-29 10:13:17,130][gurobipy][INFO] - H    0     0                       0.0014236    1.00000      -     -    5s
[2025-01-29 10:13:17,471][gurobipy][INFO] - H    0     0                       0.0023479    1.00000      -     -    5s
[2025-01-29 10:13:46,003][gurobipy][INFO] -      0     0    1.00000    0   65    0.00235    1.00000      -     -   34s
[2025-01-29 10:13:46,237][gurobipy][INFO] -      0     0    1.00000    0   64    0.00235    1.00000      -     -   34s
[2025-01-29 10:13:47,361][gurobipy][INFO] - H    0     0                       0.0073965    1.00000      -     -   35s
[2025-01-29 10:14:30,268][gurobipy][INFO] -      0     0    1.00000    0   62    0.00740    1.00000      -     -   78s
[2025-01-29 10:14:32,750][gurobipy][INFO] - H    0     0                       0.0333048    1.00000  2903%     -   80s
[2025-01-29 10:15:12,806][gurobipy][INFO] -      0     0    1.00000    0   62    0.03330    1.00000  2903%     -  120s
[2025-01-29 10:15:25,014][gurobipy][INFO] -      0     0    1.00000    0   57    0.03330    1.00000  2903%     -  133s
[2025-01-29 10:15:28,051][gurobipy][INFO] - H    0     0                       0.0420077    1.00000  2281%     -  136s
[2025-01-29 10:15:41,963][gurobipy][INFO] -      0     0    1.00000    0   62    0.04201    1.00000  2281%     -  150s
[2025-01-29 10:15:55,069][gurobipy][INFO] -      0     0    1.00000    0   62    0.04201    1.00000  2281%     -  163s
[2025-01-29 10:15:57,584][gurobipy][INFO] - H    0     0                       0.1375822    1.00000   627%     -  165s
[2025-01-29 10:16:09,429][gurobipy][INFO] -      0     0    1.00000    0   62    0.13758    1.00000   627%     -  177s
[2025-01-29 10:16:19,762][gurobipy][INFO] -      0     0    1.00000    0   62    0.13758    1.00000   627%     -  187s
[2025-01-29 10:16:38,801][gurobipy][INFO] -      0     0    1.00000    0   62    0.13758    1.00000   627%     -  206s
[2025-01-29 10:17:57,275][gurobipy][INFO] - H    0     0                       0.2356757    1.00000   324%     -  285s
[2025-01-29 10:18:15,470][gurobipy][INFO] -      0     2    1.00000    0   62    0.23568    1.00000   324%     -  303s
[2025-01-29 10:18:20,384][gurobipy][INFO] -      1     2    1.00000    1   61    0.23568    1.00000   324%  1199  308s
[2025-01-29 10:18:25,277][gurobipy][INFO] -      3     2    1.00000    2   60    0.23568    1.00000   324%   455  313s
[2025-01-29 10:18:51,490][gurobipy][INFO] -      5     2    1.00000    3   49    0.23568    1.00000   324%   756  339s
[2025-01-29 10:19:10,699][gurobipy][INFO] -      7     2    1.00000    4   28    0.23568    1.00000   324%   866  358s
[2025-01-29 10:19:13,562][gurobipy][INFO] -      9     2    1.00000    5   30    0.23568    1.00000   324%   692  361s
[2025-01-29 10:19:19,450][gurobipy][INFO] -     13     2    1.00000    7   28    0.23568    1.00000   324%   506  367s
[2025-01-29 10:19:30,352][gurobipy][INFO] -     15     2    1.00000    8   16    0.23568    1.00000   324%   550  378s
[2025-01-29 10:19:32,184][gurobipy][INFO] -     17     2    1.00000    9   15    0.23568    1.00000   324%   537  380s
[2025-01-29 10:20:16,618][gurobipy][INFO] -     21     2    1.00000   11   16    0.23568    1.00000   324%   561  424s
[2025-01-29 10:20:20,072][gurobipy][INFO] -     23     2    1.00000   12   15    0.23568    1.00000   324%   517  428s
[2025-01-29 10:20:23,332][gurobipy][INFO] -     25     2    1.00000   13   14    0.23568    1.00000   324%   496  431s
[2025-01-29 10:21:59,077][gurobipy][INFO] -     27     4    1.00000   14   16    0.23568    1.00000   324%   539  527s
[2025-01-29 10:22:03,872][gurobipy][INFO] -     29     4    1.00000   15   14    0.23568    1.00000   324%  1271  531s
[2025-01-29 10:22:14,482][gurobipy][INFO] -     33     4    1.00000   16   15    0.23568    1.00000   324%  1171  542s
[2025-01-29 10:22:32,105][gurobipy][INFO] -     37     4    1.00000   17   41    0.23568    1.00000   324%  1072  560s
[2025-01-29 10:22:37,167][gurobipy][INFO] -     45     4    1.00000   19   38    0.23568    1.00000   324%   901  565s
[2025-01-29 10:22:42,400][gurobipy][INFO] -     53     4    1.00000   21   36    0.23568    1.00000   324%   787  570s
[2025-01-29 10:22:47,762][gurobipy][INFO] -     65     4    1.00000   24   22    0.23568    1.00000   324%   663  575s
[2025-01-29 10:22:52,524][gurobipy][INFO] -     73     4    1.00000   26   15    0.23568    1.00000   324%   607  580s
[2025-01-29 10:22:57,969][gurobipy][INFO] -     85     4    1.00000   29   18    0.23568    1.00000   324%   549  586s
[2025-01-29 10:23:04,437][gurobipy][INFO] -     89     4    1.00000   30   17    0.23568    1.00000   324%   530  592s
[2025-01-29 10:23:07,921][gurobipy][INFO] -     93     4    1.00000   31   16    0.23568    1.00000   324%   523  596s
[2025-01-29 10:23:11,883][gurobipy][INFO] -    101     3    0.24591   33   24    0.23568    1.00000   324%   498  600s
[2025-01-29 10:23:11,932][gurobipy][INFO] - 
[2025-01-29 10:23:11,932][gurobipy][INFO] - Cutting planes:
[2025-01-29 10:23:11,932][gurobipy][INFO] -   MIR: 7
[2025-01-29 10:23:11,932][gurobipy][INFO] -   RLT: 6
[2025-01-29 10:23:11,951][gurobipy][INFO] - 
[2025-01-29 10:23:11,951][gurobipy][INFO] - Explored 104 nodes (73439 simplex iterations) in 600.08 seconds (1578.12 work units)
[2025-01-29 10:23:11,951][gurobipy][INFO] - Thread count was 32 (of 128 available processors)
[2025-01-29 10:23:11,951][gurobipy][INFO] - 
[2025-01-29 10:23:11,951][gurobipy][INFO] - Solution count 8: 0.235676 0.137582 0.0420077 ... 5.57554e-13
[2025-01-29 10:23:11,951][gurobipy][INFO] - 
[2025-01-29 10:23:11,951][gurobipy][INFO] - Time limit reached
[2025-01-29 10:23:11,958][gurobipy][INFO] - Best objective 2.356756513381e-01, best bound 1.000000000003e+00, gap 324.3120%
[2025-01-29 10:23:11,994][pyomo.core][WARNING] - Loading a SolverResults object with an 'aborted' status, but containing a solution
[2025-01-29 10:23:12,502][one_rule][INFO] - Solver did not find an optimal sollution
[2025-01-29 10:23:12,503][__main__][INFO] - Finished size 51636 (4/5)
[2025-01-29 10:25:28,694][gurobipy][INFO] - Set parameter TimeLimit to value 600
[2025-01-29 10:25:29,161][gurobipy][INFO] - Gurobi Optimizer version 11.0.2 build v11.0.2rc0 (linux64)
[2025-01-29 10:25:29,161][gurobipy][INFO] - 
[2025-01-29 10:25:29,174][gurobipy][INFO] - CPU model: AMD EPYC 7543 32-Core Processor, instruction set [SSE2|AVX|AVX2]
[2025-01-29 10:25:29,174][gurobipy][INFO] - Thread count: 64 physical cores, 128 logical processors, using up to 32 threads
[2025-01-29 10:25:29,174][gurobipy][INFO] - 
[2025-01-29 10:25:29,174][gurobipy][INFO] - Optimize a model with 1732503 rows, 26317 columns and 4488754 nonzeros
[2025-01-29 10:25:29,210][gurobipy][INFO] - Model fingerprint: 0xd7037dbc
[2025-01-29 10:25:29,210][gurobipy][INFO] - Variable types: 26251 continuous, 66 integer (66 binary)
[2025-01-29 10:25:29,213][gurobipy][INFO] - Coefficient statistics:
[2025-01-29 10:25:29,213][gurobipy][INFO] -   Matrix range     [5e-06, 2e+00]
[2025-01-29 10:25:29,213][gurobipy][INFO] -   Objective range  [1e+00, 1e+00]
[2025-01-29 10:25:29,213][gurobipy][INFO] -   Bounds range     [1e+00, 1e+00]
[2025-01-29 10:25:29,213][gurobipy][INFO] -   RHS range        [1e+00, 1e+01]
[2025-01-29 10:25:29,579][gurobipy][INFO] - Found heuristic solution: objective 0.0000000
[2025-01-29 10:25:34,611][gurobipy][INFO] - Presolve removed 367500 rows and 0 columns (presolve time = 5s) ...
[2025-01-29 10:25:36,294][gurobipy][INFO] - Presolve removed 367500 rows and 0 columns
[2025-01-29 10:25:36,294][gurobipy][INFO] - Presolve time: 6.71s
[2025-01-29 10:25:36,294][gurobipy][INFO] - Presolved: 1365003 rows, 26317 columns, 4121254 nonzeros
[2025-01-29 10:25:37,163][gurobipy][INFO] - Variable types: 26251 continuous, 66 integer (66 binary)
[2025-01-29 10:25:38,899][gurobipy][INFO] - Root relaxation presolved: 26317 rows, 1391320 columns, 4147571 nonzeros
[2025-01-29 10:25:38,899][gurobipy][INFO] - 
[2025-01-29 10:25:38,901][gurobipy][INFO] - Deterministic concurrent LP optimizer: primal simplex, dual simplex, and barrier
[2025-01-29 10:25:38,901][gurobipy][INFO] - Showing barrier log only...
[2025-01-29 10:25:38,901][gurobipy][INFO] - 
[2025-01-29 10:25:39,872][gurobipy][INFO] - Root relaxation presolved: 26317 rows, 1391320 columns, 4147571 nonzeros
[2025-01-29 10:25:39,872][gurobipy][INFO] - 
[2025-01-29 10:25:39,951][gurobipy][INFO] - Root barrier log...
[2025-01-29 10:25:39,951][gurobipy][INFO] - 
[2025-01-29 10:25:40,131][gurobipy][INFO] - Ordering time: 0.09s
[2025-01-29 10:25:41,428][gurobipy][INFO] - 
[2025-01-29 10:25:41,428][gurobipy][INFO] - Barrier statistics:
[2025-01-29 10:25:41,428][gurobipy][INFO] -  Dense cols : 3
[2025-01-29 10:25:41,428][gurobipy][INFO] -  AA' NZ     : 1.420e+06
[2025-01-29 10:25:41,428][gurobipy][INFO] -  Factor NZ  : 1.451e+06 (roughly 600 MB of memory)
[2025-01-29 10:25:41,428][gurobipy][INFO] -  Factor Ops : 8.013e+07 (less than 1 second per iteration)
[2025-01-29 10:25:41,428][gurobipy][INFO] -  Threads    : 30
[2025-01-29 10:25:41,681][gurobipy][INFO] - 
[2025-01-29 10:25:41,681][gurobipy][INFO] -                   Objective                Residual
[2025-01-29 10:25:41,681][gurobipy][INFO] - Iter       Primal          Dual         Primal    Dual     Compl     Time
[2025-01-29 10:25:41,749][gurobipy][INFO] -    0   1.00415845e+06  7.50000000e-01  0.00e+00 0.00e+00  2.32e+00    13s
[2025-01-29 10:25:42,039][gurobipy][INFO] -    1   1.10578551e+06  9.27563673e-02  0.00e+00 8.66e-13  7.80e-01    13s
[2025-01-29 10:25:42,434][gurobipy][INFO] -    2   4.07358830e+04  8.42728974e-01  0.00e+00 5.93e-10  2.87e-02    13s
[2025-01-29 10:25:42,745][gurobipy][INFO] -    3   7.82409891e+02  9.99694440e-01  0.00e+00 1.78e-15  5.51e-04    14s
[2025-01-29 10:25:43,179][gurobipy][INFO] -    4   1.78140989e+00  9.99999695e-01  0.00e+00 8.88e-16  5.51e-07    14s
[2025-01-29 10:25:43,389][gurobipy][INFO] -    5   1.00000079e+00  1.00000000e+00  0.00e+00 4.44e-16  5.55e-13    14s
[2025-01-29 10:25:43,978][gurobipy][INFO] -    6   1.00000079e+00  1.00000000e+00  0.00e+00 5.13e-11  5.54e-13    15s
[2025-01-29 10:25:44,285][gurobipy][INFO] -    7   1.00000079e+00  9.99999999e-01  0.00e+00 6.94e-09  5.54e-13    15s
[2025-01-29 10:25:44,797][gurobipy][INFO] -    8   1.00000071e+00  1.00000000e+00  0.00e+00 2.56e-10  4.99e-13    16s
[2025-01-29 10:25:44,818][gurobipy][INFO] - 
[2025-01-29 10:25:44,818][gurobipy][INFO] - Barrier performed 8 iterations in 15.62 seconds (23.76 work units)
[2025-01-29 10:25:44,818][gurobipy][INFO] - Barrier solve interrupted - model solved by another algorithm
[2025-01-29 10:25:44,818][gurobipy][INFO] - 
[2025-01-29 10:25:44,840][gurobipy][INFO] - Concurrent spin time: 4.50s (can be avoided by choosing Method=3)
[2025-01-29 10:25:44,840][gurobipy][INFO] - 
[2025-01-29 10:25:44,840][gurobipy][INFO] - Solved with primal simplex
[2025-01-29 10:25:45,237][gurobipy][INFO] - 
[2025-01-29 10:25:45,237][gurobipy][INFO] - Root simplex log...
[2025-01-29 10:25:45,237][gurobipy][INFO] - 
[2025-01-29 10:25:45,237][gurobipy][INFO] - Iteration    Objective       Primal Inf.    Dual Inf.      Time
[2025-01-29 10:25:45,237][gurobipy][INFO] -     1133    1.0000000e+00   0.000000e+00   0.000000e+00     16s
[2025-01-29 10:25:45,237][gurobipy][INFO] - 
[2025-01-29 10:25:45,237][gurobipy][INFO] - Root relaxation: objective 1.000000e+00, 1133 iterations, 8.03 seconds (6.77 work units)
[2025-01-29 10:25:45,428][gurobipy][INFO] - 
[2025-01-29 10:25:45,428][gurobipy][INFO] -     Nodes    |    Current Node    |     Objective Bounds      |     Work
[2025-01-29 10:25:45,428][gurobipy][INFO] -  Expl Unexpl |  Obj  Depth IntInf | Incumbent    BestBd   Gap | It/Node Time
[2025-01-29 10:25:45,428][gurobipy][INFO] - 
[2025-01-29 10:25:45,429][gurobipy][INFO] -      0     0    1.00000    0    4    0.00000    1.00000      -     -   16s
[2025-01-29 10:25:45,702][gurobipy][INFO] - H    0     0                       0.0097704    1.00000      -     -   16s
[2025-01-29 10:25:54,236][gurobipy][INFO] - H    0     0                       0.0308032    1.00000  3146%     -   25s
[2025-01-29 10:25:57,390][gurobipy][INFO] -      0     0    1.00000    0    3    0.03080    1.00000  3146%     -   28s
[2025-01-29 10:26:07,888][gurobipy][INFO] -      0     0    1.00000    0    4    0.03080    1.00000  3146%     -   38s
[2025-01-29 10:26:12,405][gurobipy][INFO] -      0     0    1.00000    0    6    0.03080    1.00000  3146%     -   43s
[2025-01-29 10:27:45,972][gurobipy][INFO] -      0     0    1.00000    0   66    0.03080    1.00000  3146%     -  136s
[2025-01-29 10:28:14,440][gurobipy][INFO] -      0     0    1.00000    0   47    0.03080    1.00000  3146%     -  165s
[2025-01-29 10:29:14,099][gurobipy][INFO] -      0     0    1.00000    0    4    0.03080    1.00000  3146%     -  224s
[2025-01-29 10:29:25,098][gurobipy][INFO] - H    0     0                       0.0442475    1.00000  2160%     -  235s
[2025-01-29 10:29:27,813][gurobipy][INFO] -      0     0    1.00000    0    4    0.04425    1.00000  2160%     -  238s
[2025-01-29 10:32:03,688][gurobipy][INFO] -      0     0    1.00000    0   50    0.04425    1.00000  2160%     -  394s
[2025-01-29 10:33:10,089][gurobipy][INFO] -      0     0    1.00000    0   49    0.04425    1.00000  2160%     -  460s
[2025-01-29 10:33:24,602][gurobipy][INFO] -      0     0    1.00000    0   49    0.04425    1.00000  2160%     -  475s
[2025-01-29 10:34:29,686][gurobipy][INFO] -      0     0    1.00000    0   48    0.04425    1.00000  2160%     -  540s
[2025-01-29 10:35:29,175][gurobipy][INFO] -      0     0          -    0         0.04425    1.00000  2160%     -  600s
[2025-01-29 10:35:29,176][gurobipy][INFO] - 
[2025-01-29 10:35:29,176][gurobipy][INFO] - Cutting planes:
[2025-01-29 10:35:29,176][gurobipy][INFO] -   Implied bound: 2
[2025-01-29 10:35:29,176][gurobipy][INFO] -   MIR: 5
[2025-01-29 10:35:29,176][gurobipy][INFO] -   RLT: 7
[2025-01-29 10:35:29,208][gurobipy][INFO] - 
[2025-01-29 10:35:29,208][gurobipy][INFO] - Explored 1 nodes (23874 simplex iterations) in 600.03 seconds (906.27 work units)
[2025-01-29 10:35:29,208][gurobipy][INFO] - Thread count was 32 (of 128 available processors)
[2025-01-29 10:35:29,208][gurobipy][INFO] - 
[2025-01-29 10:35:29,208][gurobipy][INFO] - Solution count 4: 0.0442475 0.0308032 0.00977039 8.48432e-13 
[2025-01-29 10:35:29,208][gurobipy][INFO] - 
[2025-01-29 10:35:29,208][gurobipy][INFO] - Time limit reached
[2025-01-29 10:35:29,219][gurobipy][INFO] - Best objective 4.424746049020e-02, best bound 1.000000000005e+00, gap 2160.0167%
[2025-01-29 10:35:29,321][pyomo.core][WARNING] - Loading a SolverResults object with an 'aborted' status, but containing a solution
[2025-01-29 10:35:30,364][one_rule][INFO] - Solver did not find an optimal sollution
[2025-01-29 10:35:30,366][__main__][INFO] - Finished size 192278 (5/5)
