[2025-01-29 09:49:14,065][gurobipy][INFO] - Set parameter TimeLimit to value 600
[2025-01-29 09:49:14,075][gurobipy][INFO] - Gurobi Optimizer version 11.0.2 build v11.0.2rc0 (linux64)
[2025-01-29 09:49:14,075][gurobipy][INFO] - 
[2025-01-29 09:49:14,087][gurobipy][INFO] - CPU model: AMD EPYC 7543 32-Core Processor, instruction set [SSE2|AVX|AVX2]
[2025-01-29 09:49:14,087][gurobipy][INFO] - Thread count: 64 physical cores, 128 logical processors, using up to 32 threads
[2025-01-29 09:49:14,087][gurobipy][INFO] - 
[2025-01-29 09:49:14,087][gurobipy][INFO] - Optimize a model with 51153 rows, 842 columns and 132529 nonzeros
[2025-01-29 09:49:14,089][gurobipy][INFO] - Model fingerprint: 0x259313ed
[2025-01-29 09:49:14,089][gurobipy][INFO] - Variable types: 776 continuous, 66 integer (66 binary)
[2025-01-29 09:49:14,089][gurobipy][INFO] - Coefficient statistics:
[2025-01-29 09:49:14,089][gurobipy][INFO] -   Matrix range     [1e-03, 2e+00]
[2025-01-29 09:49:14,089][gurobipy][INFO] -   Objective range  [1e+00, 1e+00]
[2025-01-29 09:49:14,089][gurobipy][INFO] -   Bounds range     [1e+00, 1e+00]
[2025-01-29 09:49:14,089][gurobipy][INFO] -   RHS range        [1e+00, 1e+01]
[2025-01-29 09:49:14,096][gurobipy][INFO] - Found heuristic solution: objective -0.0000000
[2025-01-29 09:49:14,340][gurobipy][INFO] - Presolve removed 17035 rows and 8 columns
[2025-01-29 09:49:14,340][gurobipy][INFO] - Presolve time: 0.24s
[2025-01-29 09:49:14,340][gurobipy][INFO] - Presolved: 34118 rows, 834 columns, 103124 nonzeros
[2025-01-29 09:49:14,362][gurobipy][INFO] - Variable types: 776 continuous, 58 integer (58 binary)
[2025-01-29 09:49:14,392][gurobipy][INFO] - Root relaxation presolved: 834 rows, 34952 columns, 103958 nonzeros
[2025-01-29 09:49:14,392][gurobipy][INFO] - 
[2025-01-29 09:49:14,498][gurobipy][INFO] - 
[2025-01-29 09:49:14,498][gurobipy][INFO] - Root relaxation: objective 1.000000e+00, 1289 iterations, 0.14 seconds (0.39 work units)
[2025-01-29 09:49:14,504][gurobipy][INFO] - 
[2025-01-29 09:49:14,504][gurobipy][INFO] -     Nodes    |    Current Node    |     Objective Bounds      |     Work
[2025-01-29 09:49:14,504][gurobipy][INFO] -  Expl Unexpl |  Obj  Depth IntInf | Incumbent    BestBd   Gap | It/Node Time
[2025-01-29 09:49:14,504][gurobipy][INFO] - 
[2025-01-29 09:49:14,504][gurobipy][INFO] -      0     0    1.00000    0    1   -0.00000    1.00000      -     -    0s
[2025-01-29 09:49:14,505][gurobipy][INFO] - H    0     0                       0.0080356    1.00000      -     -    0s
[2025-01-29 09:49:14,533][gurobipy][INFO] - H    0     0                       0.1207904    1.00000   728%     -    0s
[2025-01-29 09:49:14,774][gurobipy][INFO] -      0     0    1.00000    0   31    0.12079    1.00000   728%     -    0s
[2025-01-29 09:49:14,808][gurobipy][INFO] -      0     0    1.00000    0   21    0.12079    1.00000   728%     -    0s
[2025-01-29 09:49:15,082][gurobipy][INFO] -      0     0    1.00000    0   29    0.12079    1.00000   728%     -    0s
[2025-01-29 09:49:15,678][gurobipy][INFO] -      0     0    1.00000    0    4    0.12079    1.00000   728%     -    1s
[2025-01-29 09:49:16,030][gurobipy][INFO] - H    0     0                       0.1622288    1.00000   516%     -    1s
[2025-01-29 09:49:16,201][gurobipy][INFO] -      0     0    1.00000    0   16    0.16223    1.00000   516%     -    2s
[2025-01-29 09:49:16,262][gurobipy][INFO] - H    0     0                       0.2606655    1.00000   284%     -    2s
[2025-01-29 09:49:16,265][gurobipy][INFO] - H    0     0                       0.3213164    1.00000   211%     -    2s
[2025-01-29 09:49:16,310][gurobipy][INFO] -      0     0    1.00000    0   13    0.32132    1.00000   211%     -    2s
[2025-01-29 09:49:16,823][gurobipy][INFO] - H    0     0                       0.3215721    1.00000   211%     -    2s
[2025-01-29 09:49:16,824][gurobipy][INFO] -      0     0    0.32157    0    6    0.32157    0.32157  0.00%     -    2s
[2025-01-29 09:49:16,824][gurobipy][INFO] - 
[2025-01-29 09:49:16,825][gurobipy][INFO] - Cutting planes:
[2025-01-29 09:49:16,825][gurobipy][INFO] -   Gomory: 3
[2025-01-29 09:49:16,825][gurobipy][INFO] -   MIR: 108
[2025-01-29 09:49:16,825][gurobipy][INFO] -   RLT: 20
[2025-01-29 09:49:16,826][gurobipy][INFO] - 
[2025-01-29 09:49:16,826][gurobipy][INFO] - Explored 1 nodes (7991 simplex iterations) in 2.74 seconds (4.04 work units)
[2025-01-29 09:49:16,826][gurobipy][INFO] - Thread count was 32 (of 128 available processors)
[2025-01-29 09:49:16,826][gurobipy][INFO] - 
[2025-01-29 09:49:16,826][gurobipy][INFO] - Solution count 7: 0.321572 0.321316 0.260665 ... -0
[2025-01-29 09:49:16,826][gurobipy][INFO] - No other solutions better than 0.321572
[2025-01-29 09:49:16,826][gurobipy][INFO] - 
[2025-01-29 09:49:16,826][gurobipy][INFO] - Optimal solution found (tolerance 1.00e-04)
[2025-01-29 09:49:16,826][gurobipy][INFO] - Best objective 3.215720651618e-01, best bound 3.215720651618e-01, gap 0.0000%
[2025-01-29 09:49:16,868][__main__][INFO] - Finished size 1000 (1/5)
[2025-01-29 09:49:29,986][gurobipy][INFO] - Set parameter TimeLimit to value 600
[2025-01-29 09:49:30,011][gurobipy][INFO] - Gurobi Optimizer version 11.0.2 build v11.0.2rc0 (linux64)
[2025-01-29 09:49:30,012][gurobipy][INFO] - 
[2025-01-29 09:49:30,023][gurobipy][INFO] - CPU model: AMD EPYC 7543 32-Core Processor, instruction set [SSE2|AVX|AVX2]
[2025-01-29 09:49:30,023][gurobipy][INFO] - Thread count: 64 physical cores, 128 logical processors, using up to 32 threads
[2025-01-29 09:49:30,023][gurobipy][INFO] - 
[2025-01-29 09:49:30,023][gurobipy][INFO] - Optimize a model with 111477 rows, 1756 columns and 288823 nonzeros
[2025-01-29 09:49:30,026][gurobipy][INFO] - Model fingerprint: 0x1ed06a01
[2025-01-29 09:49:30,026][gurobipy][INFO] - Variable types: 1690 continuous, 66 integer (66 binary)
[2025-01-29 09:49:30,026][gurobipy][INFO] - Coefficient statistics:
[2025-01-29 09:49:30,026][gurobipy][INFO] -   Matrix range     [6e-04, 2e+00]
[2025-01-29 09:49:30,026][gurobipy][INFO] -   Objective range  [1e+00, 1e+00]
[2025-01-29 09:49:30,026][gurobipy][INFO] -   Bounds range     [1e+00, 1e+00]
[2025-01-29 09:49:30,026][gurobipy][INFO] -   RHS range        [1e+00, 1e+01]
[2025-01-29 09:49:30,042][gurobipy][INFO] - Found heuristic solution: objective -0.0000000
[2025-01-29 09:49:30,583][gurobipy][INFO] - Presolve removed 35448 rows and 7 columns
[2025-01-29 09:49:30,583][gurobipy][INFO] - Presolve time: 0.54s
[2025-01-29 09:49:30,583][gurobipy][INFO] - Presolved: 76029 rows, 1749 columns, 229771 nonzeros
[2025-01-29 09:49:30,634][gurobipy][INFO] - Variable types: 1690 continuous, 59 integer (59 binary)
[2025-01-29 09:49:30,708][gurobipy][INFO] - Root relaxation presolved: 1749 rows, 77778 columns, 231520 nonzeros
[2025-01-29 09:49:30,708][gurobipy][INFO] - 
[2025-01-29 09:49:30,816][gurobipy][INFO] - 
[2025-01-29 09:49:30,816][gurobipy][INFO] - Root relaxation: objective 1.000000e+00, 1758 iterations, 0.18 seconds (0.40 work units)
[2025-01-29 09:49:30,827][gurobipy][INFO] - 
[2025-01-29 09:49:30,827][gurobipy][INFO] -     Nodes    |    Current Node    |     Objective Bounds      |     Work
[2025-01-29 09:49:30,827][gurobipy][INFO] -  Expl Unexpl |  Obj  Depth IntInf | Incumbent    BestBd   Gap | It/Node Time
[2025-01-29 09:49:30,827][gurobipy][INFO] - 
[2025-01-29 09:49:30,827][gurobipy][INFO] -      0     0    1.00000    0    1   -0.00000    1.00000      -     -    0s
[2025-01-29 09:49:30,840][gurobipy][INFO] - H    0     0                       0.0045750    1.00000      -     -    0s
[2025-01-29 09:49:33,330][gurobipy][INFO] - H    0     0                       0.0045750    1.00000      -     -    3s
[2025-01-29 09:49:33,478][gurobipy][INFO] - H    0     0                       0.0135229    1.00000  7295%     -    3s
[2025-01-29 09:49:33,480][gurobipy][INFO] - H    0     0                       0.0276400    1.00000  3518%     -    3s
[2025-01-29 09:49:33,574][gurobipy][INFO] -      0     0    1.00000    0   59    0.02764    1.00000  3518%     -    3s
[2025-01-29 09:49:33,756][gurobipy][INFO] -      0     0    1.00000    0   52    0.02764    1.00000  3518%     -    3s
[2025-01-29 09:49:33,969][gurobipy][INFO] - H    0     0                       0.0619006    1.00000  1515%     -    3s
[2025-01-29 09:49:42,089][gurobipy][INFO] - H    0     0                       0.1084347    0.97484   799%     -   12s
[2025-01-29 09:49:45,603][gurobipy][INFO] -      0     0    0.97484    0   43    0.10843    0.97484   799%     -   15s
[2025-01-29 09:49:45,986][gurobipy][INFO] - H    0     0                       0.1149818    0.97484   748%     -   15s
[2025-01-29 09:49:56,224][gurobipy][INFO] -      0     0    0.88922    0   41    0.11498    0.88922   673%     -   26s
[2025-01-29 09:49:57,037][gurobipy][INFO] - H    0     0                       0.1432526    0.88922   521%     -   27s
[2025-01-29 09:49:57,045][gurobipy][INFO] -      0     0    0.88026    0   38    0.14325    0.88026   514%     -   27s
[2025-01-29 09:50:00,213][gurobipy][INFO] - H    0     0                       0.1959664    0.85003   334%     -   30s
[2025-01-29 09:50:04,312][gurobipy][INFO] - H    0     0                       0.2851211    0.29650  3.99%     -   34s
[2025-01-29 09:50:04,314][gurobipy][INFO] - H    0     0                       0.2863950    0.29650  3.53%     -   34s
[2025-01-29 09:50:04,314][gurobipy][INFO] -      0     0    0.28639    0   37    0.28639    0.28639  0.00%     -   34s
[2025-01-29 09:50:04,316][gurobipy][INFO] - 
[2025-01-29 09:50:04,316][gurobipy][INFO] - Cutting planes:
[2025-01-29 09:50:04,316][gurobipy][INFO] -   Implied bound: 1
[2025-01-29 09:50:04,316][gurobipy][INFO] -   MIR: 7
[2025-01-29 09:50:04,316][gurobipy][INFO] -   RLT: 4
[2025-01-29 09:50:04,319][gurobipy][INFO] - 
[2025-01-29 09:50:04,319][gurobipy][INFO] - Explored 1 nodes (33619 simplex iterations) in 34.30 seconds (73.07 work units)
[2025-01-29 09:50:04,319][gurobipy][INFO] - Thread count was 32 (of 128 available processors)
[2025-01-29 09:50:04,319][gurobipy][INFO] - 
[2025-01-29 09:50:04,319][gurobipy][INFO] - Solution count 10: 0.286395 0.285121 0.195966 ... 0.00457502
[2025-01-29 09:50:04,319][gurobipy][INFO] - No other solutions better than 0.286395
[2025-01-29 09:50:04,319][gurobipy][INFO] - 
[2025-01-29 09:50:04,319][gurobipy][INFO] - Optimal solution found (tolerance 1.00e-04)
[2025-01-29 09:50:04,319][gurobipy][INFO] - Best objective 2.863949827901e-01, best bound 2.863949827901e-01, gap 0.0000%
[2025-01-29 09:50:04,403][__main__][INFO] - Finished size 2583 (2/5)
[2025-01-29 09:50:22,117][gurobipy][INFO] - Set parameter TimeLimit to value 600
[2025-01-29 09:50:22,162][gurobipy][INFO] - Gurobi Optimizer version 11.0.2 build v11.0.2rc0 (linux64)
[2025-01-29 09:50:22,162][gurobipy][INFO] - 
[2025-01-29 09:50:22,174][gurobipy][INFO] - CPU model: AMD EPYC 7543 32-Core Processor, instruction set [SSE2|AVX|AVX2]
[2025-01-29 09:50:22,174][gurobipy][INFO] - Thread count: 64 physical cores, 128 logical processors, using up to 32 threads
[2025-01-29 09:50:22,174][gurobipy][INFO] - 
[2025-01-29 09:50:22,174][gurobipy][INFO] - Optimize a model with 228099 rows, 3523 columns and 590980 nonzeros
[2025-01-29 09:50:22,179][gurobipy][INFO] - Model fingerprint: 0xc4f092d3
[2025-01-29 09:50:22,179][gurobipy][INFO] - Variable types: 3457 continuous, 66 integer (66 binary)
[2025-01-29 09:50:22,180][gurobipy][INFO] - Coefficient statistics:
[2025-01-29 09:50:22,180][gurobipy][INFO] -   Matrix range     [2e-04, 2e+00]
[2025-01-29 09:50:22,180][gurobipy][INFO] -   Objective range  [1e+00, 1e+00]
[2025-01-29 09:50:22,180][gurobipy][INFO] -   Bounds range     [1e+00, 1e+00]
[2025-01-29 09:50:22,180][gurobipy][INFO] -   RHS range        [1e+00, 1e+01]
[2025-01-29 09:50:22,212][gurobipy][INFO] - Found heuristic solution: objective 0.0000000
[2025-01-29 09:50:23,323][gurobipy][INFO] - Presolve removed 62202 rows and 4 columns
[2025-01-29 09:50:23,323][gurobipy][INFO] - Presolve time: 1.11s
[2025-01-29 09:50:23,323][gurobipy][INFO] - Presolved: 165897 rows, 3519 columns, 501142 nonzeros
[2025-01-29 09:50:23,431][gurobipy][INFO] - Variable types: 3457 continuous, 62 integer (62 binary)
[2025-01-29 09:50:23,601][gurobipy][INFO] - Root relaxation presolved: 3519 rows, 169416 columns, 504661 nonzeros
[2025-01-29 09:50:23,601][gurobipy][INFO] - 
[2025-01-29 09:50:23,657][gurobipy][INFO] - 
[2025-01-29 09:50:23,657][gurobipy][INFO] - Root relaxation: objective 1.000000e+00, 95 iterations, 0.22 seconds (0.41 work units)
[2025-01-29 09:50:23,668][gurobipy][INFO] - 
[2025-01-29 09:50:23,668][gurobipy][INFO] -     Nodes    |    Current Node    |     Objective Bounds      |     Work
[2025-01-29 09:50:23,668][gurobipy][INFO] -  Expl Unexpl |  Obj  Depth IntInf | Incumbent    BestBd   Gap | It/Node Time
[2025-01-29 09:50:23,668][gurobipy][INFO] - 
[2025-01-29 09:50:23,668][gurobipy][INFO] -      0     0    1.00000    0    1    0.00000    1.00000      -     -    1s
[2025-01-29 09:50:23,675][gurobipy][INFO] - H    0     0                       0.0205378    1.00000  4769%     -    1s
[2025-01-29 09:50:23,783][gurobipy][INFO] - H    0     0                       0.0451088    1.00000  2117%     -    1s
[2025-01-29 09:50:23,842][gurobipy][INFO] - H    0     0                       0.0645712    1.00000  1449%     -    1s
[2025-01-29 09:50:24,053][gurobipy][INFO] -      0     0    1.00000    0    2    0.06457    1.00000  1449%     -    1s
[2025-01-29 09:50:30,082][gurobipy][INFO] -      0     0    1.00000    0   62    0.06457    1.00000  1449%     -    7s
[2025-01-29 09:50:31,907][gurobipy][INFO] -      0     0    1.00000    0   36    0.06457    1.00000  1449%     -    9s
[2025-01-29 09:50:32,603][gurobipy][INFO] -      0     0    1.00000    0   36    0.06457    1.00000  1449%     -   10s
[2025-01-29 09:50:36,368][gurobipy][INFO] -      0     0    1.00000    0    5    0.06457    1.00000  1449%     -   14s
[2025-01-29 09:50:36,680][gurobipy][INFO] -      0     0    1.00000    0    1    0.06457    1.00000  1449%     -   14s
[2025-01-29 09:50:36,765][gurobipy][INFO] - H    0     0                       0.1464578    1.00000   583%     -   14s
[2025-01-29 09:50:39,062][gurobipy][INFO] -      0     0    1.00000    0   19    0.14646    1.00000   583%     -   16s
[2025-01-29 09:50:39,233][gurobipy][INFO] -      0     0    1.00000    0   11    0.14646    1.00000   583%     -   17s
[2025-01-29 09:50:42,724][gurobipy][INFO] -      0     0    1.00000    0   10    0.14646    1.00000   583%     -   20s
[2025-01-29 09:50:42,892][gurobipy][INFO] - H    0     0                       0.1517827    1.00000   559%     -   20s
[2025-01-29 09:50:42,959][gurobipy][INFO] - H    0     0                       0.1521991    1.00000   557%     -   20s
[2025-01-29 09:50:43,244][gurobipy][INFO] -      0     0    1.00000    0    9    0.15220    1.00000   557%     -   21s
[2025-01-29 09:50:47,041][gurobipy][INFO] -      0     0    1.00000    0    1    0.15220    1.00000   557%     -   24s
[2025-01-29 09:50:47,174][gurobipy][INFO] - H    0     0                       0.1867216    1.00000   436%     -   24s
[2025-01-29 09:50:49,451][gurobipy][INFO] -      0     0    1.00000    0    7    0.18672    1.00000   436%     -   27s
[2025-01-29 09:50:49,835][gurobipy][INFO] -      0     0    1.00000    0    7    0.18672    1.00000   436%     -   27s
[2025-01-29 09:50:54,557][gurobipy][INFO] -      0     0    1.00000    0   13    0.18672    1.00000   436%     -   32s
[2025-01-29 09:50:54,980][gurobipy][INFO] - H    0     0                       0.2742366    1.00000   265%     -   32s
[2025-01-29 09:50:55,579][gurobipy][INFO] -      0     0    1.00000    0   11    0.27424    1.00000   265%     -   33s
[2025-01-29 09:50:58,780][gurobipy][INFO] -      0     0    1.00000    0   11    0.27424    1.00000   265%     -   36s
[2025-01-29 09:51:02,710][gurobipy][INFO] -      0     0    1.00000    0    3    0.27424    1.00000   265%     -   40s
[2025-01-29 09:51:03,672][gurobipy][INFO] -      0     2    1.00000    0    3    0.27424    1.00000   265%     -   41s
[2025-01-29 09:51:09,540][gurobipy][INFO] -      9     3    1.00000    5    7    0.27424    1.00000   265%   704   47s
[2025-01-29 09:51:12,651][gurobipy][INFO] -     15     8    1.00000    7    5    0.27424    1.00000   265%  1011   50s
[2025-01-29 09:51:16,376][gurobipy][INFO] - 
[2025-01-29 09:51:16,376][gurobipy][INFO] - Cutting planes:
[2025-01-29 09:51:16,376][gurobipy][INFO] -   Gomory: 1
[2025-01-29 09:51:16,376][gurobipy][INFO] -   Implied bound: 3
[2025-01-29 09:51:16,376][gurobipy][INFO] -   MIR: 5
[2025-01-29 09:51:16,376][gurobipy][INFO] -   RLT: 1
[2025-01-29 09:51:16,376][gurobipy][INFO] -   Relax-and-lift: 2
[2025-01-29 09:51:16,382][gurobipy][INFO] - 
[2025-01-29 09:51:16,382][gurobipy][INFO] - Explored 37 nodes (86463 simplex iterations) in 54.21 seconds (153.72 work units)
[2025-01-29 09:51:16,382][gurobipy][INFO] - Thread count was 32 (of 128 available processors)
[2025-01-29 09:51:16,382][gurobipy][INFO] - 
[2025-01-29 09:51:16,382][gurobipy][INFO] - Solution count 9: 0.274237 0.186722 0.152199 ... 2.43139e-13
[2025-01-29 09:51:16,382][gurobipy][INFO] - No other solutions better than 0.274237
[2025-01-29 09:51:16,382][gurobipy][INFO] - 
[2025-01-29 09:51:16,382][gurobipy][INFO] - Optimal solution found (tolerance 1.00e-04)
[2025-01-29 09:51:16,384][gurobipy][INFO] - Best objective 2.742365629961e-01, best bound 2.742365629961e-01, gap 0.0000%
[2025-01-29 09:51:16,539][__main__][INFO] - Finished size 6670 (3/5)
[2025-01-29 09:51:51,323][gurobipy][INFO] - Set parameter TimeLimit to value 600
[2025-01-29 09:51:51,417][gurobipy][INFO] - Gurobi Optimizer version 11.0.2 build v11.0.2rc0 (linux64)
[2025-01-29 09:51:51,417][gurobipy][INFO] - 
[2025-01-29 09:51:51,429][gurobipy][INFO] - CPU model: AMD EPYC 7543 32-Core Processor, instruction set [SSE2|AVX|AVX2]
[2025-01-29 09:51:51,429][gurobipy][INFO] - Thread count: 64 physical cores, 128 logical processors, using up to 32 threads
[2025-01-29 09:51:51,429][gurobipy][INFO] - 
[2025-01-29 09:51:51,429][gurobipy][INFO] - Optimize a model with 431577 rows, 6606 columns and 1118173 nonzeros
[2025-01-29 09:51:51,442][gurobipy][INFO] - Model fingerprint: 0x40d67ce6
[2025-01-29 09:51:51,442][gurobipy][INFO] - Variable types: 6540 continuous, 66 integer (66 binary)
[2025-01-29 09:51:51,443][gurobipy][INFO] - Coefficient statistics:
[2025-01-29 09:51:51,443][gurobipy][INFO] -   Matrix range     [9e-05, 2e+00]
[2025-01-29 09:51:51,443][gurobipy][INFO] -   Objective range  [1e+00, 1e+00]
[2025-01-29 09:51:51,443][gurobipy][INFO] -   Bounds range     [1e+00, 1e+00]
[2025-01-29 09:51:51,443][gurobipy][INFO] -   RHS range        [1e+00, 1e+01]
[2025-01-29 09:51:51,509][gurobipy][INFO] - Found heuristic solution: objective -0.0000000
[2025-01-29 09:51:53,791][gurobipy][INFO] - Presolve removed 117684 rows and 4 columns
[2025-01-29 09:51:53,791][gurobipy][INFO] - Presolve time: 2.28s
[2025-01-29 09:51:53,791][gurobipy][INFO] - Presolved: 313893 rows, 6602 columns, 948213 nonzeros
[2025-01-29 09:51:53,995][gurobipy][INFO] - Variable types: 6540 continuous, 62 integer (62 binary)
[2025-01-29 09:51:54,328][gurobipy][INFO] - Root relaxation presolved: 6602 rows, 320495 columns, 954815 nonzeros
[2025-01-29 09:51:54,329][gurobipy][INFO] - 
[2025-01-29 09:51:54,436][gurobipy][INFO] - 
[2025-01-29 09:51:54,436][gurobipy][INFO] - Root relaxation: objective 1.000000e+00, 56 iterations, 0.43 seconds (0.80 work units)
[2025-01-29 09:51:54,457][gurobipy][INFO] - 
[2025-01-29 09:51:54,457][gurobipy][INFO] -     Nodes    |    Current Node    |     Objective Bounds      |     Work
[2025-01-29 09:51:54,457][gurobipy][INFO] -  Expl Unexpl |  Obj  Depth IntInf | Incumbent    BestBd   Gap | It/Node Time
[2025-01-29 09:51:54,457][gurobipy][INFO] - 
[2025-01-29 09:51:54,457][gurobipy][INFO] -      0     0    1.00000    0    1   -0.00000    1.00000      -     -    3s
[2025-01-29 09:51:54,471][gurobipy][INFO] - H    0     0                       0.0157967    1.00000  6230%     -    3s
[2025-01-29 09:51:54,693][gurobipy][INFO] - H    0     0                       0.0316973    1.00000  3055%     -    3s
[2025-01-29 09:51:55,106][gurobipy][INFO] -      0     0    1.00000    0    2    0.03170    1.00000  3055%     -    3s
[2025-01-29 09:52:12,549][gurobipy][INFO] -      0     0    1.00000    0   62    0.03170    1.00000  3055%     -   21s
[2025-01-29 09:52:16,717][gurobipy][INFO] -      0     0    1.00000    0   51    0.03170    1.00000  3055%     -   25s
[2025-01-29 09:52:17,831][gurobipy][INFO] -      0     0    1.00000    0   49    0.03170    1.00000  3055%     -   26s
[2025-01-29 09:52:29,237][gurobipy][INFO] -      0     0    1.00000    0    1    0.03170    1.00000  3055%     -   37s
[2025-01-29 09:52:29,285][gurobipy][INFO] - H    0     0                       0.1047922    1.00000   854%     -   37s
[2025-01-29 09:52:29,441][gurobipy][INFO] - H    0     0                       0.1409564    1.00000   609%     -   38s
[2025-01-29 09:52:29,793][gurobipy][INFO] -      0     0    1.00000    0    2    0.14096    1.00000   609%     -   38s
[2025-01-29 09:52:29,986][gurobipy][INFO] - H    0     0                       0.1898421    1.00000   427%     -   38s
[2025-01-29 09:52:30,201][gurobipy][INFO] - H    0     0                       0.1943448    1.00000   415%     -   38s
[2025-01-29 09:52:40,558][gurobipy][INFO] -      0     0    1.00000    0   37    0.19434    1.00000   415%     -   49s
[2025-01-29 09:52:44,068][gurobipy][INFO] -      0     0    1.00000    0   15    0.19434    1.00000   415%     -   52s
[2025-01-29 09:52:51,084][gurobipy][INFO] -      0     0    1.00000    0   14    0.19434    1.00000   415%     -   59s
[2025-01-29 09:52:51,957][gurobipy][INFO] - H    0     0                       0.2155354    1.00000   364%     -   60s
[2025-01-29 09:53:00,060][gurobipy][INFO] -      0     0    1.00000    0   15    0.21554    1.00000   364%     -   68s
[2025-01-29 09:53:09,432][gurobipy][INFO] -      0     0    1.00000    0   17    0.21554    1.00000   364%     -   78s
[2025-01-29 09:53:10,265][gurobipy][INFO] - H    0     0                       0.2655733    1.00000   277%     -   78s
[2025-01-29 09:53:10,863][gurobipy][INFO] -      0     0    1.00000    0   17    0.26557    1.00000   277%     -   79s
[2025-01-29 09:53:16,994][gurobipy][INFO] -      0     0    1.00000    0   17    0.26557    1.00000   277%     -   85s
[2025-01-29 09:53:17,609][gurobipy][INFO] -      0     0    1.00000    0   17    0.26557    1.00000   277%     -   86s
[2025-01-29 09:53:21,900][gurobipy][INFO] -      0     0    1.00000    0   15    0.26557    1.00000   277%     -   90s
[2025-01-29 09:53:22,438][gurobipy][INFO] -      0     0    1.00000    0   15    0.26557    1.00000   277%     -   91s
[2025-01-29 09:53:26,765][gurobipy][INFO] -      0     0    1.00000    0   15    0.26557    1.00000   277%     -   95s
[2025-01-29 09:53:30,594][gurobipy][INFO] -      0     0    1.00000    0   15    0.26557    1.00000   277%     -   99s
[2025-01-29 09:53:42,938][gurobipy][INFO] -      0     2    1.00000    0   15    0.26557    1.00000   277%     -  111s
[2025-01-29 09:53:48,060][gurobipy][INFO] -      9     5    1.00000    5    1    0.26557    1.00000   277%  2032  116s
[2025-01-29 09:53:52,602][gurobipy][INFO] -     13     4    0.36346    6   12    0.26557    1.00000   277%  2407  121s
[2025-01-29 09:53:57,318][gurobipy][INFO] -     24     0 infeasible    9         0.26557    0.30299  14.1%  2242  125s
[2025-01-29 09:53:57,353][gurobipy][INFO] - 
[2025-01-29 09:53:57,353][gurobipy][INFO] - Cutting planes:
[2025-01-29 09:53:57,353][gurobipy][INFO] -   Implied bound: 2
[2025-01-29 09:53:57,354][gurobipy][INFO] -   MIR: 27
[2025-01-29 09:53:57,354][gurobipy][INFO] -   RLT: 30
[2025-01-29 09:53:57,354][gurobipy][INFO] -   Relax-and-lift: 14
[2025-01-29 09:53:57,366][gurobipy][INFO] - 
[2025-01-29 09:53:57,366][gurobipy][INFO] - Explored 28 nodes (115623 simplex iterations) in 125.94 seconds (327.70 work units)
[2025-01-29 09:53:57,366][gurobipy][INFO] - Thread count was 32 (of 128 available processors)
[2025-01-29 09:53:57,366][gurobipy][INFO] - 
[2025-01-29 09:53:57,366][gurobipy][INFO] - Solution count 9: 0.265573 0.215535 0.194345 ... -0
[2025-01-29 09:53:57,366][gurobipy][INFO] - No other solutions better than 0.265573
[2025-01-29 09:53:57,366][gurobipy][INFO] - 
[2025-01-29 09:53:57,366][gurobipy][INFO] - Optimal solution found (tolerance 1.00e-04)
[2025-01-29 09:53:57,369][gurobipy][INFO] - Best objective 2.655733202757e-01, best bound 2.655733202757e-01, gap 0.0000%
[2025-01-29 09:53:57,665][__main__][INFO] - Finished size 17225 (4/5)
[2025-01-29 09:54:59,304][gurobipy][INFO] - Set parameter TimeLimit to value 600
[2025-01-29 09:54:59,469][gurobipy][INFO] - Gurobi Optimizer version 11.0.2 build v11.0.2rc0 (linux64)
[2025-01-29 09:54:59,469][gurobipy][INFO] - 
[2025-01-29 09:54:59,480][gurobipy][INFO] - CPU model: AMD EPYC 7543 32-Core Processor, instruction set [SSE2|AVX|AVX2]
[2025-01-29 09:54:59,480][gurobipy][INFO] - Thread count: 64 physical cores, 128 logical processors, using up to 32 threads
[2025-01-29 09:54:59,480][gurobipy][INFO] - 
[2025-01-29 09:54:59,480][gurobipy][INFO] - Optimize a model with 772797 rows, 11776 columns and 2002243 nonzeros
[2025-01-29 09:54:59,496][gurobipy][INFO] - Model fingerprint: 0xd31d997d
[2025-01-29 09:54:59,496][gurobipy][INFO] - Variable types: 11710 continuous, 66 integer (66 binary)
[2025-01-29 09:54:59,498][gurobipy][INFO] - Coefficient statistics:
[2025-01-29 09:54:59,498][gurobipy][INFO] -   Matrix range     [3e-05, 2e+00]
[2025-01-29 09:54:59,498][gurobipy][INFO] -   Objective range  [1e+00, 1e+00]
[2025-01-29 09:54:59,498][gurobipy][INFO] -   Bounds range     [1e+00, 1e+00]
[2025-01-29 09:54:59,498][gurobipy][INFO] -   RHS range        [1e+00, 1e+01]
[2025-01-29 09:54:59,615][gurobipy][INFO] - Found heuristic solution: objective 0.0000000
[2025-01-29 09:55:02,717][gurobipy][INFO] - Presolve removed 175634 rows and 1 columns
[2025-01-29 09:55:02,717][gurobipy][INFO] - Presolve time: 3.10s
[2025-01-29 09:55:02,717][gurobipy][INFO] - Presolved: 597163 rows, 11775 columns, 1803193 nonzeros
[2025-01-29 09:55:03,104][gurobipy][INFO] - Variable types: 11710 continuous, 65 integer (65 binary)
[2025-01-29 09:55:03,845][gurobipy][INFO] - Root relaxation presolved: 11775 rows, 608938 columns, 1814968 nonzeros
[2025-01-29 09:55:03,845][gurobipy][INFO] - 
[2025-01-29 09:55:03,846][gurobipy][INFO] - Deterministic concurrent LP optimizer: primal and dual simplex
[2025-01-29 09:55:03,846][gurobipy][INFO] - Showing primal log only...
[2025-01-29 09:55:03,846][gurobipy][INFO] - 
[2025-01-29 09:55:04,073][gurobipy][INFO] - Concurrent spin time: 0.01s
[2025-01-29 09:55:04,073][gurobipy][INFO] - 
[2025-01-29 09:55:04,073][gurobipy][INFO] - Solved with primal simplex
[2025-01-29 09:55:04,131][gurobipy][INFO] - 
[2025-01-29 09:55:04,132][gurobipy][INFO] - Root relaxation: objective 1.000000e+00, 96 iterations, 1.01 seconds (1.62 work units)
[2025-01-29 09:55:04,175][gurobipy][INFO] - 
[2025-01-29 09:55:04,175][gurobipy][INFO] -     Nodes    |    Current Node    |     Objective Bounds      |     Work
[2025-01-29 09:55:04,175][gurobipy][INFO] -  Expl Unexpl |  Obj  Depth IntInf | Incumbent    BestBd   Gap | It/Node Time
[2025-01-29 09:55:04,175][gurobipy][INFO] - 
[2025-01-29 09:55:04,175][gurobipy][INFO] -      0     0    1.00000    0    1    0.00000    1.00000      -     -    4s
[2025-01-29 09:55:04,284][gurobipy][INFO] - H    0     0                       0.0306628    1.00000  3161%     -    4s
[2025-01-29 09:55:04,579][gurobipy][INFO] - H    0     0                       0.0495077    1.00000  1920%     -    5s
[2025-01-29 09:55:05,928][gurobipy][INFO] -      0     0    1.00000    0    7    0.04951    1.00000  1920%     -    6s
[2025-01-29 09:55:06,679][gurobipy][INFO] - H    0     0                       0.0701760    1.00000  1325%     -    7s
[2025-01-29 09:55:06,795][gurobipy][INFO] - H    0     0                       0.1004836    1.00000   895%     -    7s
[2025-01-29 09:55:35,297][gurobipy][INFO] -      0     0    1.00000    0   65    0.10048    1.00000   895%     -   35s
[2025-01-29 09:55:50,568][gurobipy][INFO] -      0     0    1.00000    0   26    0.10048    1.00000   895%     -   51s
[2025-01-29 09:56:05,052][gurobipy][INFO] -      0     0    1.00000    0    9    0.10048    1.00000   895%     -   65s
[2025-01-29 09:56:07,349][gurobipy][INFO] - H    0     0                       0.1005522    1.00000   895%     -   67s
[2025-01-29 09:56:07,747][gurobipy][INFO] -      0     0    1.00000    0    7    0.10055    1.00000   895%     -   68s
[2025-01-29 09:56:14,885][gurobipy][INFO] -      0     0    1.00000    0   21    0.10055    1.00000   895%     -   75s
[2025-01-29 09:56:23,252][gurobipy][INFO] -      0     0    1.00000    0   22    0.10055    1.00000   895%     -   83s
[2025-01-29 09:56:24,074][gurobipy][INFO] - H    0     0                       0.1095813    1.00000   813%     -   84s
[2025-01-29 09:56:24,179][gurobipy][INFO] -      0     0    1.00000    0   21    0.10958    1.00000   813%     -   84s
[2025-01-29 09:56:32,612][gurobipy][INFO] -      0     0    1.00000    0   22    0.10958    1.00000   813%     -   93s
[2025-01-29 09:56:33,567][gurobipy][INFO] -      0     0    1.00000    0   22    0.10958    1.00000   813%     -   94s
[2025-01-29 09:56:38,258][gurobipy][INFO] -      0     0    1.00000    0   22    0.10958    1.00000   813%     -   98s
[2025-01-29 09:56:40,550][gurobipy][INFO] - H    0     0                       0.1188040    1.00000   742%     -  101s
[2025-01-29 09:56:51,588][gurobipy][INFO] -      0     0    1.00000    0   22    0.11880    1.00000   742%     -  112s
[2025-01-29 09:56:56,554][gurobipy][INFO] -      0     0    1.00000    0   23    0.11880    1.00000   742%     -  117s
[2025-01-29 09:56:57,406][gurobipy][INFO] -      0     0    1.00000    0   23    0.11880    1.00000   742%     -  117s
[2025-01-29 09:57:02,588][gurobipy][INFO] -      0     0    1.00000    0   24    0.11880    1.00000   742%     -  123s
[2025-01-29 09:57:07,652][gurobipy][INFO] -      0     0    1.00000    0   24    0.11880    1.00000   742%     -  128s
[2025-01-29 09:57:08,833][gurobipy][INFO] - H    0     0                       0.1387202    1.00000   621%     -  129s
[2025-01-29 09:57:13,976][gurobipy][INFO] - H    0     0                       0.1403460    1.00000   613%     -  134s
[2025-01-29 09:57:22,288][gurobipy][INFO] -      0     2    1.00000    0   24    0.14035    1.00000   613%     -  142s
[2025-01-29 09:57:24,482][gurobipy][INFO] -     13     6    1.00000    7   15    0.14035    1.00000   613%   740  145s
[2025-01-29 09:57:29,496][gurobipy][INFO] -     41    12    1.00000   11   11    0.14035    1.00000   613%   671  150s
[2025-01-29 09:57:36,570][gurobipy][INFO] -     91    18    1.00000   15   12    0.14035    1.00000   613%   499  157s
[2025-01-29 09:57:45,383][gurobipy][INFO] -    105    22    1.00000   16   12    0.14035    1.00000   613%   723  165s
[2025-01-29 09:57:55,245][gurobipy][INFO] -    123    32    1.00000   17   10    0.14035    1.00000   613%  1267  175s
[2025-01-29 09:58:00,797][gurobipy][INFO] -    145    28    0.33862   18   10    0.14035    1.00000   613%  1493  181s
[2025-01-29 09:58:03,833][gurobipy][INFO] - H  178    28                       0.2420527    0.33861  39.9%  1577  184s
[2025-01-29 09:58:04,720][gurobipy][INFO] - *  205     0              20       0.2650324    0.31797  20.0%  1479  185s
[2025-01-29 09:58:04,741][gurobipy][INFO] - 
[2025-01-29 09:58:04,741][gurobipy][INFO] - Cutting planes:
[2025-01-29 09:58:04,741][gurobipy][INFO] -   Implied bound: 1
[2025-01-29 09:58:04,741][gurobipy][INFO] -   MIR: 122
[2025-01-29 09:58:04,741][gurobipy][INFO] -   RLT: 8
[2025-01-29 09:58:04,761][gurobipy][INFO] - 
[2025-01-29 09:58:04,761][gurobipy][INFO] - Explored 221 nodes (349889 simplex iterations) in 185.28 seconds (510.12 work units)
[2025-01-29 09:58:04,761][gurobipy][INFO] - Thread count was 32 (of 128 available processors)
[2025-01-29 09:58:04,762][gurobipy][INFO] - 
[2025-01-29 09:58:04,762][gurobipy][INFO] - Solution count 10: 0.265032 0.242053 0.140346 ... 0.0495077
[2025-01-29 09:58:04,762][gurobipy][INFO] - No other solutions better than 0.265032
[2025-01-29 09:58:04,762][gurobipy][INFO] - 
[2025-01-29 09:58:04,762][gurobipy][INFO] - Optimal solution found (tolerance 1.00e-04)
[2025-01-29 09:58:04,768][gurobipy][INFO] - Best objective 2.650324272684e-01, best bound 2.650324272684e-01, gap 0.0000%
[2025-01-29 09:58:05,367][__main__][INFO] - Finished size 44482 (5/5)
