[2025-01-29 09:45:48,667][gurobipy][INFO] - Set parameter TimeLimit to value 600
[2025-01-29 09:45:48,680][gurobipy][INFO] - Gurobi Optimizer version 11.0.2 build v11.0.2rc0 (linux64)
[2025-01-29 09:45:48,680][gurobipy][INFO] - 
[2025-01-29 09:45:48,692][gurobipy][INFO] - CPU model: AMD EPYC 7543 32-Core Processor, instruction set [SSE2|AVX|AVX2]
[2025-01-29 09:45:48,692][gurobipy][INFO] - Thread count: 64 physical cores, 128 logical processors, using up to 32 threads
[2025-01-29 09:45:48,692][gurobipy][INFO] - 
[2025-01-29 09:45:48,692][gurobipy][INFO] - Optimize a model with 53991 rows, 885 columns and 139882 nonzeros
[2025-01-29 09:45:48,694][gurobipy][INFO] - Model fingerprint: 0x6f083aef
[2025-01-29 09:45:48,694][gurobipy][INFO] - Variable types: 819 continuous, 66 integer (66 binary)
[2025-01-29 09:45:48,694][gurobipy][INFO] - Coefficient statistics:
[2025-01-29 09:45:48,694][gurobipy][INFO] -   Matrix range     [2e-03, 2e+00]
[2025-01-29 09:45:48,694][gurobipy][INFO] -   Objective range  [1e+00, 1e+00]
[2025-01-29 09:45:48,694][gurobipy][INFO] -   Bounds range     [1e+00, 1e+00]
[2025-01-29 09:45:48,694][gurobipy][INFO] -   RHS range        [1e+00, 1e+01]
[2025-01-29 09:45:48,701][gurobipy][INFO] - Found heuristic solution: objective -0.0000000
[2025-01-29 09:45:48,959][gurobipy][INFO] - Presolve removed 16344 rows and 6 columns
[2025-01-29 09:45:48,959][gurobipy][INFO] - Presolve time: 0.26s
[2025-01-29 09:45:48,959][gurobipy][INFO] - Presolved: 37647 rows, 879 columns, 113754 nonzeros
[2025-01-29 09:45:48,984][gurobipy][INFO] - Variable types: 819 continuous, 60 integer (60 binary)
[2025-01-29 09:45:49,018][gurobipy][INFO] - Root relaxation presolved: 879 rows, 38526 columns, 114633 nonzeros
[2025-01-29 09:45:49,018][gurobipy][INFO] - 
[2025-01-29 09:45:49,052][gurobipy][INFO] - 
[2025-01-29 09:45:49,052][gurobipy][INFO] - Root relaxation: objective 1.000000e+00, 892 iterations, 0.07 seconds (0.15 work units)
[2025-01-29 09:45:49,058][gurobipy][INFO] - 
[2025-01-29 09:45:49,058][gurobipy][INFO] -     Nodes    |    Current Node    |     Objective Bounds      |     Work
[2025-01-29 09:45:49,058][gurobipy][INFO] -  Expl Unexpl |  Obj  Depth IntInf | Incumbent    BestBd   Gap | It/Node Time
[2025-01-29 09:45:49,058][gurobipy][INFO] - 
[2025-01-29 09:45:49,058][gurobipy][INFO] -      0     0    1.00000    0    2   -0.00000    1.00000      -     -    0s
[2025-01-29 09:45:49,067][gurobipy][INFO] - H    0     0                       0.0210728    1.00000  4645%     -    0s
[2025-01-29 09:45:49,803][gurobipy][INFO] -      0     0    1.00000    0   60    0.02107    1.00000  4645%     -    1s
[2025-01-29 09:45:49,857][gurobipy][INFO] -      0     0    1.00000    0   52    0.02107    1.00000  4645%     -    1s
[2025-01-29 09:45:50,017][gurobipy][INFO] - H    0     0                       0.1263887    1.00000   691%     -    1s
[2025-01-29 09:45:50,105][gurobipy][INFO] - H    0     0                       0.7341974    1.00000  36.2%     -    1s
[2025-01-29 09:45:53,471][gurobipy][INFO] -      0     0    0.96751    0   24    0.73420    0.96751  31.8%     -    4s
[2025-01-29 09:45:55,632][gurobipy][INFO] -      0     0    0.91664    0    3    0.73420    0.91664  24.8%     -    6s
[2025-01-29 09:45:55,811][gurobipy][INFO] -      0     0    0.90366    0    7    0.73420    0.90366  23.1%     -    7s
[2025-01-29 09:45:55,978][gurobipy][INFO] -      0     0    0.88918    0    7    0.73420    0.88918  21.1%     -    7s
[2025-01-29 09:45:57,930][gurobipy][INFO] -      0     0    0.73420    0    2    0.73420    0.73420  0.00%     -    9s
[2025-01-29 09:45:57,931][gurobipy][INFO] - 
[2025-01-29 09:45:57,931][gurobipy][INFO] - Cutting planes:
[2025-01-29 09:45:57,931][gurobipy][INFO] -   MIR: 4
[2025-01-29 09:45:57,931][gurobipy][INFO] -   RLT: 2
[2025-01-29 09:45:57,931][gurobipy][INFO] - 
[2025-01-29 09:45:57,931][gurobipy][INFO] - Explored 1 nodes (18066 simplex iterations) in 9.24 seconds (21.40 work units)
[2025-01-29 09:45:57,931][gurobipy][INFO] - Thread count was 32 (of 128 available processors)
[2025-01-29 09:45:57,932][gurobipy][INFO] - 
[2025-01-29 09:45:57,932][gurobipy][INFO] - Solution count 4: 0.734197 0.126389 0.0210728 -0 
[2025-01-29 09:45:57,932][gurobipy][INFO] - No other solutions better than 0.734197
[2025-01-29 09:45:57,932][gurobipy][INFO] - 
[2025-01-29 09:45:57,932][gurobipy][INFO] - Optimal solution found (tolerance 1.00e-04)
[2025-01-29 09:45:57,932][gurobipy][INFO] - Best objective 7.341974061784e-01, best bound 7.341974061784e-01, gap 0.0000%
[2025-01-29 09:45:57,966][__main__][INFO] - Finished size 1000 (1/5)
[2025-01-29 09:46:05,209][gurobipy][INFO] - Set parameter TimeLimit to value 600
[2025-01-29 09:46:05,228][gurobipy][INFO] - Gurobi Optimizer version 11.0.2 build v11.0.2rc0 (linux64)
[2025-01-29 09:46:05,228][gurobipy][INFO] - 
[2025-01-29 09:46:05,240][gurobipy][INFO] - CPU model: AMD EPYC 7543 32-Core Processor, instruction set [SSE2|AVX|AVX2]
[2025-01-29 09:46:05,240][gurobipy][INFO] - Thread count: 64 physical cores, 128 logical processors, using up to 32 threads
[2025-01-29 09:46:05,240][gurobipy][INFO] - 
[2025-01-29 09:46:05,240][gurobipy][INFO] - Optimize a model with 92337 rows, 1466 columns and 239233 nonzeros
[2025-01-29 09:46:05,242][gurobipy][INFO] - Model fingerprint: 0xf954f362
[2025-01-29 09:46:05,242][gurobipy][INFO] - Variable types: 1400 continuous, 66 integer (66 binary)
[2025-01-29 09:46:05,243][gurobipy][INFO] - Coefficient statistics:
[2025-01-29 09:46:05,243][gurobipy][INFO] -   Matrix range     [1e-03, 2e+00]
[2025-01-29 09:46:05,243][gurobipy][INFO] -   Objective range  [1e+00, 1e+00]
[2025-01-29 09:46:05,243][gurobipy][INFO] -   Bounds range     [1e+00, 1e+00]
[2025-01-29 09:46:05,243][gurobipy][INFO] -   RHS range        [1e+00, 1e+01]
[2025-01-29 09:46:05,255][gurobipy][INFO] - Found heuristic solution: objective 0.0000000
[2025-01-29 09:46:05,688][gurobipy][INFO] - Presolve removed 26572 rows and 5 columns
[2025-01-29 09:46:05,688][gurobipy][INFO] - Presolve time: 0.43s
[2025-01-29 09:46:05,688][gurobipy][INFO] - Presolved: 65765 rows, 1461 columns, 198689 nonzeros
[2025-01-29 09:46:05,732][gurobipy][INFO] - Variable types: 1400 continuous, 61 integer (61 binary)
[2025-01-29 09:46:05,792][gurobipy][INFO] - Root relaxation presolved: 1461 rows, 67226 columns, 200150 nonzeros
[2025-01-29 09:46:05,792][gurobipy][INFO] - 
[2025-01-29 09:46:05,840][gurobipy][INFO] - 
[2025-01-29 09:46:05,841][gurobipy][INFO] - Root relaxation: objective 1.000000e+00, 907 iterations, 0.11 seconds (0.27 work units)
[2025-01-29 09:46:05,852][gurobipy][INFO] - 
[2025-01-29 09:46:05,852][gurobipy][INFO] -     Nodes    |    Current Node    |     Objective Bounds      |     Work
[2025-01-29 09:46:05,852][gurobipy][INFO] -  Expl Unexpl |  Obj  Depth IntInf | Incumbent    BestBd   Gap | It/Node Time
[2025-01-29 09:46:05,852][gurobipy][INFO] - 
[2025-01-29 09:46:05,852][gurobipy][INFO] -      0     0    1.00000    0    4    0.00000    1.00000      -     -    0s
[2025-01-29 09:46:05,864][gurobipy][INFO] - H    0     0                       0.0092900    1.00000      -     -    0s
[2025-01-29 09:46:05,999][gurobipy][INFO] - H    0     0                       0.0092900    1.00000      -     -    0s
[2025-01-29 09:46:07,865][gurobipy][INFO] - H    0     0                       0.0251868    1.00000  3870%     -    2s
[2025-01-29 09:46:07,943][gurobipy][INFO] -      0     0    1.00000    0   61    0.02519    1.00000  3870%     -    2s
[2025-01-29 09:46:08,061][gurobipy][INFO] -      0     0    1.00000    0   54    0.02519    1.00000  3870%     -    2s
[2025-01-29 09:46:13,457][gurobipy][INFO] - H    0     0                       0.1445077    1.00000   592%     -    8s
[2025-01-29 09:46:14,128][gurobipy][INFO] - H    0     0                       0.1568367    0.97727   523%     -    8s
[2025-01-29 09:46:14,136][gurobipy][INFO] -      0     0    0.97727    0    1    0.15684    0.97727   523%     -    8s
[2025-01-29 09:46:14,213][gurobipy][INFO] - H    0     0                       0.6876704    0.97727  42.1%     -    8s
[2025-01-29 09:46:14,264][gurobipy][INFO] - H    0     0                       0.6979031    0.97727  40.0%     -    9s
[2025-01-29 09:46:16,324][gurobipy][INFO] -      0     0    0.97364    0    1    0.69790    0.97364  39.5%     -   11s
[2025-01-29 09:46:16,716][gurobipy][INFO] -      0     0    0.97364    0   40    0.69790    0.97364  39.5%     -   11s
[2025-01-29 09:46:22,236][gurobipy][INFO] -      0     0    0.69790    0   14    0.69790    0.69790  0.00%     -   16s
[2025-01-29 09:46:22,245][gurobipy][INFO] - 
[2025-01-29 09:46:22,245][gurobipy][INFO] - Cutting planes:
[2025-01-29 09:46:22,245][gurobipy][INFO] -   Implied bound: 1
[2025-01-29 09:46:22,245][gurobipy][INFO] -   MIR: 12
[2025-01-29 09:46:22,246][gurobipy][INFO] -   RLT: 4
[2025-01-29 09:46:22,247][gurobipy][INFO] - 
[2025-01-29 09:46:22,247][gurobipy][INFO] - Explored 1 nodes (24915 simplex iterations) in 17.01 seconds (36.90 work units)
[2025-01-29 09:46:22,247][gurobipy][INFO] - Thread count was 32 (of 128 available processors)
[2025-01-29 09:46:22,247][gurobipy][INFO] - 
[2025-01-29 09:46:22,247][gurobipy][INFO] - Solution count 7: 0.697903 0.68767 0.156837 ... 1.55431e-15
[2025-01-29 09:46:22,247][gurobipy][INFO] - No other solutions better than 0.697903
[2025-01-29 09:46:22,247][gurobipy][INFO] - 
[2025-01-29 09:46:22,247][gurobipy][INFO] - Optimal solution found (tolerance 1.00e-04)
[2025-01-29 09:46:22,247][gurobipy][INFO] - Best objective 6.979031398079e-01, best bound 6.979031398079e-01, gap 0.0000%
[2025-01-29 09:46:22,297][__main__][INFO] - Finished size 1929 (2/5)
[2025-01-29 09:46:34,809][gurobipy][INFO] - Set parameter TimeLimit to value 600
[2025-01-29 09:46:34,842][gurobipy][INFO] - Gurobi Optimizer version 11.0.2 build v11.0.2rc0 (linux64)
[2025-01-29 09:46:34,842][gurobipy][INFO] - 
[2025-01-29 09:46:34,854][gurobipy][INFO] - CPU model: AMD EPYC 7543 32-Core Processor, instruction set [SSE2|AVX|AVX2]
[2025-01-29 09:46:34,854][gurobipy][INFO] - Thread count: 64 physical cores, 128 logical processors, using up to 32 threads
[2025-01-29 09:46:34,854][gurobipy][INFO] - 
[2025-01-29 09:46:34,854][gurobipy][INFO] - Optimize a model with 154245 rows, 2404 columns and 399631 nonzeros
[2025-01-29 09:46:34,858][gurobipy][INFO] - Model fingerprint: 0xee35b904
[2025-01-29 09:46:34,858][gurobipy][INFO] - Variable types: 2338 continuous, 66 integer (66 binary)
[2025-01-29 09:46:34,858][gurobipy][INFO] - Coefficient statistics:
[2025-01-29 09:46:34,858][gurobipy][INFO] -   Matrix range     [5e-04, 2e+00]
[2025-01-29 09:46:34,858][gurobipy][INFO] -   Objective range  [1e+00, 1e+00]
[2025-01-29 09:46:34,858][gurobipy][INFO] -   Bounds range     [1e+00, 1e+00]
[2025-01-29 09:46:34,858][gurobipy][INFO] -   RHS range        [1e+00, 1e+01]
[2025-01-29 09:46:34,879][gurobipy][INFO] - Found heuristic solution: objective -0.0000000
[2025-01-29 09:46:35,629][gurobipy][INFO] - Presolve removed 39722 rows and 3 columns
[2025-01-29 09:46:35,629][gurobipy][INFO] - Presolve time: 0.75s
[2025-01-29 09:46:35,629][gurobipy][INFO] - Presolved: 114523 rows, 2401 columns, 345901 nonzeros
[2025-01-29 09:46:35,703][gurobipy][INFO] - Variable types: 2338 continuous, 63 integer (63 binary)
[2025-01-29 09:46:35,810][gurobipy][INFO] - Root relaxation presolved: 2401 rows, 116924 columns, 348302 nonzeros
[2025-01-29 09:46:35,810][gurobipy][INFO] - 
[2025-01-29 09:46:35,847][gurobipy][INFO] - 
[2025-01-29 09:46:35,847][gurobipy][INFO] - Root relaxation: objective 1.000000e+00, 25 iterations, 0.14 seconds (0.28 work units)
[2025-01-29 09:46:35,854][gurobipy][INFO] - 
[2025-01-29 09:46:35,854][gurobipy][INFO] -     Nodes    |    Current Node    |     Objective Bounds      |     Work
[2025-01-29 09:46:35,854][gurobipy][INFO] -  Expl Unexpl |  Obj  Depth IntInf | Incumbent    BestBd   Gap | It/Node Time
[2025-01-29 09:46:35,854][gurobipy][INFO] - 
[2025-01-29 09:46:35,854][gurobipy][INFO] -      0     0    1.00000    0    1   -0.00000    1.00000      -     -    0s
[2025-01-29 09:46:35,859][gurobipy][INFO] - H    0     0                       0.0056282    1.00000      -     -    1s
[2025-01-29 09:46:35,932][gurobipy][INFO] - H    0     0                       0.0070370    1.00000      -     -    1s
[2025-01-29 09:46:36,063][gurobipy][INFO] - H    0     0                       0.0535754    1.00000  1767%     -    1s
[2025-01-29 09:46:40,966][gurobipy][INFO] -      0     0    1.00000    0   63    0.05358    1.00000  1767%     -    6s
[2025-01-29 09:46:41,838][gurobipy][INFO] -      0     0    1.00000    0   47    0.05358    1.00000  1767%     -    6s
[2025-01-29 09:46:41,877][gurobipy][INFO] - H    0     0                       0.7136562    1.00000  40.1%     -    7s
[2025-01-29 09:46:42,669][gurobipy][INFO] -      0     0    1.00000    0   31    0.71366    1.00000  40.1%     -    7s
[2025-01-29 09:46:43,757][gurobipy][INFO] - 
[2025-01-29 09:46:43,757][gurobipy][INFO] - Explored 1 nodes (6423 simplex iterations) in 8.90 seconds (19.19 work units)
[2025-01-29 09:46:43,757][gurobipy][INFO] - Thread count was 32 (of 128 available processors)
[2025-01-29 09:46:43,757][gurobipy][INFO] - 
[2025-01-29 09:46:43,757][gurobipy][INFO] - Solution count 5: 0.713656 0.0535754 0.00703698 ... -0
[2025-01-29 09:46:43,757][gurobipy][INFO] - No other solutions better than 0.713656
[2025-01-29 09:46:43,757][gurobipy][INFO] - 
[2025-01-29 09:46:43,757][gurobipy][INFO] - Optimal solution found (tolerance 1.00e-04)
[2025-01-29 09:46:43,758][gurobipy][INFO] - Best objective 7.136561736620e-01, best bound 7.136561736620e-01, gap 0.0000%
[2025-01-29 09:46:43,839][__main__][INFO] - Finished size 3720 (3/5)
[2025-01-29 09:47:03,539][gurobipy][INFO] - Set parameter TimeLimit to value 600
[2025-01-29 09:47:03,588][gurobipy][INFO] - Gurobi Optimizer version 11.0.2 build v11.0.2rc0 (linux64)
[2025-01-29 09:47:03,588][gurobipy][INFO] - 
[2025-01-29 09:47:03,600][gurobipy][INFO] - CPU model: AMD EPYC 7543 32-Core Processor, instruction set [SSE2|AVX|AVX2]
[2025-01-29 09:47:03,600][gurobipy][INFO] - Thread count: 64 physical cores, 128 logical processors, using up to 32 threads
[2025-01-29 09:47:03,600][gurobipy][INFO] - 
[2025-01-29 09:47:03,600][gurobipy][INFO] - Optimize a model with 246909 rows, 3808 columns and 639715 nonzeros
[2025-01-29 09:47:03,606][gurobipy][INFO] - Model fingerprint: 0x2752632a
[2025-01-29 09:47:03,606][gurobipy][INFO] - Variable types: 3742 continuous, 66 integer (66 binary)
[2025-01-29 09:47:03,606][gurobipy][INFO] - Coefficient statistics:
[2025-01-29 09:47:03,606][gurobipy][INFO] -   Matrix range     [3e-04, 2e+00]
[2025-01-29 09:47:03,606][gurobipy][INFO] -   Objective range  [1e+00, 1e+00]
[2025-01-29 09:47:03,606][gurobipy][INFO] -   Bounds range     [1e+00, 1e+00]
[2025-01-29 09:47:03,606][gurobipy][INFO] -   RHS range        [1e+00, 1e+01]
[2025-01-29 09:47:03,641][gurobipy][INFO] - Found heuristic solution: objective -0.0000000
[2025-01-29 09:47:04,806][gurobipy][INFO] - Presolve removed 63583 rows and 3 columns
[2025-01-29 09:47:04,807][gurobipy][INFO] - Presolve time: 1.17s
[2025-01-29 09:47:04,807][gurobipy][INFO] - Presolved: 183326 rows, 3805 columns, 553714 nonzeros
[2025-01-29 09:47:04,924][gurobipy][INFO] - Variable types: 3742 continuous, 63 integer (63 binary)
[2025-01-29 09:47:05,105][gurobipy][INFO] - Root relaxation presolved: 3805 rows, 187131 columns, 557519 nonzeros
[2025-01-29 09:47:05,105][gurobipy][INFO] - 
[2025-01-29 09:47:05,164][gurobipy][INFO] - 
[2025-01-29 09:47:05,164][gurobipy][INFO] - Root relaxation: objective 1.000000e+00, 64 iterations, 0.23 seconds (0.45 work units)
[2025-01-29 09:47:05,175][gurobipy][INFO] - 
[2025-01-29 09:47:05,175][gurobipy][INFO] -     Nodes    |    Current Node    |     Objective Bounds      |     Work
[2025-01-29 09:47:05,175][gurobipy][INFO] -  Expl Unexpl |  Obj  Depth IntInf | Incumbent    BestBd   Gap | It/Node Time
[2025-01-29 09:47:05,175][gurobipy][INFO] - 
[2025-01-29 09:47:05,175][gurobipy][INFO] -      0     0    1.00000    0    1   -0.00000    1.00000      -     -    1s
[2025-01-29 09:47:05,183][gurobipy][INFO] - H    0     0                       0.0079964    1.00000      -     -    1s
[2025-01-29 09:47:05,302][gurobipy][INFO] - H    0     0                       0.0295734    1.00000  3281%     -    1s
[2025-01-29 09:47:05,414][gurobipy][INFO] - H    0     0                       0.0635792    1.00000  1473%     -    1s
[2025-01-29 09:47:05,646][gurobipy][INFO] -      0     0    1.00000    0    2    0.06358    1.00000  1473%     -    2s
[2025-01-29 09:47:08,491][gurobipy][INFO] -      0     0    1.00000    0    2    0.06358    1.00000  1473%     -    4s
[2025-01-29 09:47:08,679][gurobipy][INFO] -      0     0    1.00000    0    3    0.06358    1.00000  1473%     -    5s
[2025-01-29 09:47:11,378][gurobipy][INFO] -      0     0    1.00000    0    4    0.06358    1.00000  1473%     -    7s
[2025-01-29 09:47:11,583][gurobipy][INFO] -      0     0    1.00000    0    4    0.06358    1.00000  1473%     -    7s
[2025-01-29 09:47:14,162][gurobipy][INFO] -      0     0    1.00000    0    4    0.06358    1.00000  1473%     -   10s
[2025-01-29 09:47:14,383][gurobipy][INFO] -      0     0    1.00000    0    5    0.06358    1.00000  1473%     -   10s
[2025-01-29 09:47:14,648][gurobipy][INFO] -      0     0    1.00000    0    7    0.06358    1.00000  1473%     -   11s
[2025-01-29 09:47:15,082][gurobipy][INFO] -      0     0    1.00000    0    4    0.06358    1.00000  1473%     -   11s
[2025-01-29 09:47:15,265][gurobipy][INFO] -      0     0    1.00000    0    4    0.06358    1.00000  1473%     -   11s
[2025-01-29 09:47:16,981][gurobipy][INFO] - H    0     0                       0.1209725    1.00000   727%     -   13s
[2025-01-29 09:47:24,107][gurobipy][INFO] -      0     0    1.00000    0   61    0.12097    1.00000   727%     -   20s
[2025-01-29 09:47:26,956][gurobipy][INFO] -      0     0    1.00000    0   21    0.12097    1.00000   727%     -   23s
[2025-01-29 09:47:27,325][gurobipy][INFO] -      0     0    1.00000    0   21    0.12097    1.00000   727%     -   23s
[2025-01-29 09:47:28,788][gurobipy][INFO] -      0     0    1.00000    0    1    0.12097    1.00000   727%     -   25s
[2025-01-29 09:47:30,163][gurobipy][INFO] - H    0     0                       0.7146832    1.00000  39.9%     -   26s
[2025-01-29 09:47:30,428][gurobipy][INFO] -      0     0    1.00000    0   19    0.71468    1.00000  39.9%     -   26s
[2025-01-29 09:47:30,522][gurobipy][INFO] -      0     0    0.72470    0    3    0.71468    0.72470  1.40%     -   26s
[2025-01-29 09:47:30,555][gurobipy][INFO] - 
[2025-01-29 09:47:30,555][gurobipy][INFO] - Explored 1 nodes (13700 simplex iterations) in 26.95 seconds (46.15 work units)
[2025-01-29 09:47:30,555][gurobipy][INFO] - Thread count was 32 (of 128 available processors)
[2025-01-29 09:47:30,555][gurobipy][INFO] - 
[2025-01-29 09:47:30,555][gurobipy][INFO] - Solution count 7: 0.714683 0.120973 0.120972 ... -0
[2025-01-29 09:47:30,555][gurobipy][INFO] - No other solutions better than 0.714683
[2025-01-29 09:47:30,555][gurobipy][INFO] - 
[2025-01-29 09:47:30,555][gurobipy][INFO] - Optimal solution found (tolerance 1.00e-04)
[2025-01-29 09:47:30,556][gurobipy][INFO] - Best objective 7.146832203441e-01, best bound 7.146832203441e-01, gap 0.0000%
[2025-01-29 09:47:30,726][__main__][INFO] - Finished size 7175 (4/5)
[2025-01-29 09:48:01,732][gurobipy][INFO] - Set parameter TimeLimit to value 600
[2025-01-29 09:48:01,811][gurobipy][INFO] - Gurobi Optimizer version 11.0.2 build v11.0.2rc0 (linux64)
[2025-01-29 09:48:01,811][gurobipy][INFO] - 
[2025-01-29 09:48:01,824][gurobipy][INFO] - CPU model: AMD EPYC 7543 32-Core Processor, instruction set [SSE2|AVX|AVX2]
[2025-01-29 09:48:01,824][gurobipy][INFO] - Thread count: 64 physical cores, 128 logical processors, using up to 32 threads
[2025-01-29 09:48:01,824][gurobipy][INFO] - 
[2025-01-29 09:48:01,824][gurobipy][INFO] - Optimize a model with 380889 rows, 5838 columns and 986845 nonzeros
[2025-01-29 09:48:01,833][gurobipy][INFO] - Model fingerprint: 0x76a6d5d2
[2025-01-29 09:48:01,833][gurobipy][INFO] - Variable types: 5772 continuous, 66 integer (66 binary)
[2025-01-29 09:48:01,833][gurobipy][INFO] - Coefficient statistics:
[2025-01-29 09:48:01,833][gurobipy][INFO] -   Matrix range     [1e-04, 2e+00]
[2025-01-29 09:48:01,833][gurobipy][INFO] -   Objective range  [1e+00, 1e+00]
[2025-01-29 09:48:01,833][gurobipy][INFO] -   Bounds range     [1e+00, 1e+00]
[2025-01-29 09:48:01,833][gurobipy][INFO] -   RHS range        [1e+00, 1e+01]
[2025-01-29 09:48:01,888][gurobipy][INFO] - Found heuristic solution: objective -0.0000000
[2025-01-29 09:48:03,838][gurobipy][INFO] - Presolve removed 92328 rows and 2 columns
[2025-01-29 09:48:03,838][gurobipy][INFO] - Presolve time: 1.95s
[2025-01-29 09:48:03,838][gurobipy][INFO] - Presolved: 288561 rows, 5836 columns, 871449 nonzeros
[2025-01-29 09:48:04,024][gurobipy][INFO] - Variable types: 5772 continuous, 64 integer (64 binary)
[2025-01-29 09:48:04,326][gurobipy][INFO] - Root relaxation presolved: 5836 rows, 294397 columns, 877285 nonzeros
[2025-01-29 09:48:04,326][gurobipy][INFO] - 
[2025-01-29 09:48:04,433][gurobipy][INFO] - 
[2025-01-29 09:48:04,433][gurobipy][INFO] - Root relaxation: objective 1.000000e+00, 64 iterations, 0.40 seconds (0.73 work units)
[2025-01-29 09:48:04,461][gurobipy][INFO] - 
[2025-01-29 09:48:04,461][gurobipy][INFO] -     Nodes    |    Current Node    |     Objective Bounds      |     Work
[2025-01-29 09:48:04,461][gurobipy][INFO] -  Expl Unexpl |  Obj  Depth IntInf | Incumbent    BestBd   Gap | It/Node Time
[2025-01-29 09:48:04,461][gurobipy][INFO] - 
[2025-01-29 09:48:04,461][gurobipy][INFO] -      0     0    1.00000    0    1   -0.00000    1.00000      -     -    2s
[2025-01-29 09:48:04,474][gurobipy][INFO] - H    0     0                       0.0092455    1.00000      -     -    2s
[2025-01-29 09:48:04,676][gurobipy][INFO] - H    0     0                       0.0214151    1.00000  4570%     -    2s
[2025-01-29 09:48:04,931][gurobipy][INFO] - H    0     0                       0.0297765    1.00000  3258%     -    3s
[2025-01-29 09:48:05,329][gurobipy][INFO] -      0     0    1.00000    0    2    0.02978    1.00000  3258%     -    3s
[2025-01-29 09:48:09,005][gurobipy][INFO] - H    0     0                       0.0350128    1.00000  2756%     -    7s
[2025-01-29 09:48:21,507][gurobipy][INFO] -      0     0    1.00000    0   64    0.03501    1.00000  2756%     -   19s
[2025-01-29 09:48:25,148][gurobipy][INFO] -      0     0    1.00000    0   49    0.03501    1.00000  2756%     -   23s
[2025-01-29 09:48:26,263][gurobipy][INFO] -      0     0    1.00000    0   48    0.03501    1.00000  2756%     -   24s
[2025-01-29 09:48:34,189][gurobipy][INFO] -      0     0    1.00000    0    1    0.03501    1.00000  2756%     -   32s
[2025-01-29 09:48:37,623][gurobipy][INFO] - H    0     0                       0.0632073    1.00000  1482%     -   35s
[2025-01-29 09:48:37,916][gurobipy][INFO] -      0     0    1.00000    0    2    0.06321    1.00000  1482%     -   36s
[2025-01-29 09:48:52,383][gurobipy][INFO] -      0     0    1.00000    0   47    0.06321    1.00000  1482%     -   50s
[2025-01-29 09:48:53,527][gurobipy][INFO] -      0     0    1.00000    0   43    0.06321    1.00000  1482%     -   51s
[2025-01-29 09:49:07,229][gurobipy][INFO] -      0     0    1.00000    0   42    0.06321    1.00000  1482%     -   65s
[2025-01-29 09:49:08,787][gurobipy][INFO] -      0     0    1.00000    0   42    0.06321    1.00000  1482%     -   66s
[2025-01-29 09:49:20,922][gurobipy][INFO] -      0     0    1.00000    0   37    0.06321    1.00000  1482%     -   79s
[2025-01-29 09:49:21,804][gurobipy][INFO] - H    0     0                       0.7064934    1.00000  41.5%     -   79s
[2025-01-29 09:49:22,146][gurobipy][INFO] -      0     0    1.00000    0   27    0.70649    1.00000  41.5%     -   80s
[2025-01-29 09:49:29,461][gurobipy][INFO] -      0     0    1.00000    0   25    0.70649    1.00000  41.5%     -   87s
[2025-01-29 09:49:31,249][gurobipy][INFO] -      0     0    1.00000    0    8    0.70649    1.00000  41.5%     -   89s
[2025-01-29 09:49:31,630][gurobipy][INFO] -      0     0    1.00000    0    5    0.70649    1.00000  41.5%     -   89s
[2025-01-29 09:49:53,942][gurobipy][INFO] -      0     0    1.00000    0   26    0.70649    1.00000  41.5%     -  112s
[2025-01-29 09:49:58,417][gurobipy][INFO] -      0     0    1.00000    0   26    0.70649    1.00000  41.5%     -  116s
[2025-01-29 09:50:04,002][gurobipy][INFO] -      0     0    1.00000    0   26    0.70649    1.00000  41.5%     -  122s
[2025-01-29 09:50:17,967][gurobipy][INFO] -      0     2    1.00000    0   26    0.70649    1.00000  41.5%     -  136s
[2025-01-29 09:50:21,846][gurobipy][INFO] -     27     2    1.00000   14   10    0.70649    1.00000  41.5%   294  140s
[2025-01-29 09:50:27,721][gurobipy][INFO] -     39     2    1.00000   20   12    0.70649    1.00000  41.5%   437  145s
[2025-01-29 09:50:31,494][gurobipy][INFO] - 
[2025-01-29 09:50:31,495][gurobipy][INFO] - Cutting planes:
[2025-01-29 09:50:31,495][gurobipy][INFO] -   Implied bound: 2
[2025-01-29 09:50:31,495][gurobipy][INFO] -   MIR: 191
[2025-01-29 09:50:31,495][gurobipy][INFO] -   RLT: 4
[2025-01-29 09:50:31,516][gurobipy][INFO] - 
[2025-01-29 09:50:31,516][gurobipy][INFO] - Explored 49 nodes (66208 simplex iterations) in 149.69 seconds (314.59 work units)
[2025-01-29 09:50:31,516][gurobipy][INFO] - Thread count was 32 (of 128 available processors)
[2025-01-29 09:50:31,516][gurobipy][INFO] - 
[2025-01-29 09:50:31,516][gurobipy][INFO] - Solution count 7: 0.706493 0.0632073 0.0350128 ... -0
[2025-01-29 09:50:31,516][gurobipy][INFO] - No other solutions better than 0.706493
[2025-01-29 09:50:31,516][gurobipy][INFO] - 
[2025-01-29 09:50:31,516][gurobipy][INFO] - Optimal solution found (tolerance 1.00e-04)
[2025-01-29 09:50:31,519][gurobipy][INFO] - Best objective 7.064933956119e-01, best bound 7.064933956119e-01, gap 0.0000%
[2025-01-29 09:50:31,786][__main__][INFO] - Finished size 13837 (5/5)
