[2025-01-29 23:41:11,057][__main__][INFO] - In total, there are 1229 possible subgroups
[2025-01-29 23:41:11,086][__main__][INFO] - [0], []
[2025-01-29 23:41:11,112][__main__][INFO] - [1], []
[2025-01-29 23:41:11,134][__main__][INFO] - [2], []
[2025-01-29 23:41:11,157][__main__][INFO] - [3], []
[2025-01-29 23:41:11,179][__main__][INFO] - [4], []
[2025-01-29 23:41:11,201][__main__][INFO] - [5], []
[2025-01-29 23:41:11,223][__main__][INFO] - [6], []
[2025-01-29 23:41:11,243][__main__][INFO] - [7], []
[2025-01-29 23:41:11,263][__main__][INFO] - [8], []
[2025-01-29 23:41:11,283][__main__][INFO] - [9], []
[2025-01-29 23:41:11,302][__main__][INFO] - [10], []
[2025-01-29 23:41:11,328][__main__][INFO] - [11], []
[2025-01-29 23:41:11,348][__main__][INFO] - [12], []
[2025-01-29 23:41:11,370][__main__][INFO] - [13], []
[2025-01-29 23:41:11,389][__main__][INFO] - [14], []
[2025-01-29 23:41:11,409][__main__][INFO] - [15], []
[2025-01-29 23:41:11,431][__main__][INFO] - [16], []
[2025-01-29 23:41:11,456][__main__][INFO] - [], [16]
[2025-01-29 23:41:11,482][__main__][INFO] - [17], []
[2025-01-29 23:41:11,504][__main__][INFO] - [18], []
[2025-01-29 23:41:11,530][__main__][INFO] - [19], []
[2025-01-29 23:41:11,551][__main__][INFO] - [20], []
[2025-01-29 23:41:11,571][__main__][INFO] - [21], []
[2025-01-29 23:41:11,590][__main__][INFO] - [22], []
[2025-01-29 23:41:11,610][__main__][INFO] - [23], []
[2025-01-29 23:41:11,632][__main__][INFO] - [24], []
[2025-01-29 23:41:11,651][__main__][INFO] - [25], []
[2025-01-29 23:41:11,700][__main__][INFO] - [0, 10], []
[2025-01-29 23:41:11,724][__main__][INFO] - [0, 11], []
[2025-01-29 23:41:11,746][__main__][INFO] - [0, 12], []
[2025-01-29 23:41:11,769][__main__][INFO] - [0, 13], []
[2025-01-29 23:41:11,791][__main__][INFO] - [0, 14], []
[2025-01-29 23:41:11,813][__main__][INFO] - [0, 15], []
[2025-01-29 23:41:11,836][__main__][INFO] - [0, 16], []
[2025-01-29 23:41:11,859][__main__][INFO] - [0], [16]
[2025-01-29 23:41:11,882][__main__][INFO] - [0, 17], []
[2025-01-29 23:41:11,905][__main__][INFO] - [0, 18], []
[2025-01-29 23:41:11,929][__main__][INFO] - [0, 19], []
[2025-01-29 23:41:11,951][__main__][INFO] - [0, 20], []
[2025-01-29 23:41:11,973][__main__][INFO] - [0, 21], []
[2025-01-29 23:41:11,996][__main__][INFO] - [0, 22], []
[2025-01-29 23:41:12,018][__main__][INFO] - [0, 23], []
[2025-01-29 23:41:12,040][__main__][INFO] - [0, 24], []
[2025-01-29 23:41:12,090][__main__][INFO] - [1, 10], []
[2025-01-29 23:41:12,115][__main__][INFO] - [1, 11], []
[2025-01-29 23:41:12,137][__main__][INFO] - [1, 12], []
[2025-01-29 23:41:12,160][__main__][INFO] - [1, 13], []
[2025-01-29 23:41:12,182][__main__][INFO] - [1, 14], []
[2025-01-29 23:41:12,205][__main__][INFO] - [1, 15], []
[2025-01-29 23:41:12,227][__main__][INFO] - [1, 16], []
[2025-01-29 23:41:12,251][__main__][INFO] - [1], [16]
[2025-01-29 23:41:12,275][__main__][INFO] - [1, 17], []
[2025-01-29 23:41:12,298][__main__][INFO] - [1, 18], []
[2025-01-29 23:41:12,322][__main__][INFO] - [1, 19], []
[2025-01-29 23:41:12,344][__main__][INFO] - [1, 20], []
[2025-01-29 23:41:12,366][__main__][INFO] - [1, 21], []
[2025-01-29 23:41:12,389][__main__][INFO] - [1, 22], []
[2025-01-29 23:41:12,411][__main__][INFO] - [1, 23], []
[2025-01-29 23:41:12,433][__main__][INFO] - [1, 24], []
[2025-01-29 23:41:12,484][__main__][INFO] - [2, 10], []
[2025-01-29 23:41:12,508][__main__][INFO] - [2, 11], []
[2025-01-29 23:41:12,531][__main__][INFO] - [2, 12], []
[2025-01-29 23:41:12,553][__main__][INFO] - [2, 13], []
[2025-01-29 23:41:12,576][__main__][INFO] - [2, 14], []
[2025-01-29 23:41:12,598][__main__][INFO] - [2, 15], []
[2025-01-29 23:41:12,621][__main__][INFO] - [2, 16], []
[2025-01-29 23:41:12,645][__main__][INFO] - [2], [16]
[2025-01-29 23:41:12,669][__main__][INFO] - [2, 17], []
[2025-01-29 23:41:12,692][__main__][INFO] - [2, 18], []
[2025-01-29 23:41:12,716][__main__][INFO] - [2, 19], []
[2025-01-29 23:41:12,739][__main__][INFO] - [2, 20], []
[2025-01-29 23:41:12,761][__main__][INFO] - [2, 21], []
[2025-01-29 23:41:12,784][__main__][INFO] - [2, 22], []
[2025-01-29 23:41:12,806][__main__][INFO] - [2, 23], []
[2025-01-29 23:41:12,829][__main__][INFO] - [2, 24], []
[2025-01-29 23:41:12,880][__main__][INFO] - [3, 10], []
[2025-01-29 23:41:12,904][__main__][INFO] - [3, 11], []
[2025-01-29 23:41:12,926][__main__][INFO] - [3, 12], []
[2025-01-29 23:41:12,949][__main__][INFO] - [3, 13], []
[2025-01-29 23:41:12,971][__main__][INFO] - [3, 14], []
[2025-01-29 23:41:12,994][__main__][INFO] - [3, 15], []
[2025-01-29 23:41:13,016][__main__][INFO] - [3, 16], []
[2025-01-29 23:41:13,040][__main__][INFO] - [3], [16]
[2025-01-29 23:41:13,064][__main__][INFO] - [3, 17], []
[2025-01-29 23:41:13,086][__main__][INFO] - [3, 18], []
[2025-01-29 23:41:13,110][__main__][INFO] - [3, 19], []
[2025-01-29 23:41:13,132][__main__][INFO] - [3, 20], []
[2025-01-29 23:41:13,155][__main__][INFO] - [3, 21], []
[2025-01-29 23:41:13,177][__main__][INFO] - [3, 22], []
[2025-01-29 23:41:13,199][__main__][INFO] - [3, 23], []
[2025-01-29 23:41:13,222][__main__][INFO] - [3, 24], []
[2025-01-29 23:41:13,273][__main__][INFO] - [4, 10], []
[2025-01-29 23:41:13,297][__main__][INFO] - [4, 11], []
[2025-01-29 23:41:13,320][__main__][INFO] - [4, 12], []
[2025-01-29 23:41:13,343][__main__][INFO] - [4, 13], []
[2025-01-29 23:41:13,365][__main__][INFO] - [4, 14], []
[2025-01-29 23:41:13,387][__main__][INFO] - [4, 15], []
[2025-01-29 23:41:13,410][__main__][INFO] - [4, 16], []
[2025-01-29 23:41:13,434][__main__][INFO] - [4], [16]
[2025-01-29 23:41:13,458][__main__][INFO] - [4, 17], []
[2025-01-29 23:41:13,480][__main__][INFO] - [4, 18], []
[2025-01-29 23:41:13,505][__main__][INFO] - [4, 19], []
[2025-01-29 23:41:13,527][__main__][INFO] - [4, 20], []
[2025-01-29 23:41:13,549][__main__][INFO] - [4, 21], []
[2025-01-29 23:41:13,571][__main__][INFO] - [4, 22], []
[2025-01-29 23:41:13,594][__main__][INFO] - [4, 23], []
[2025-01-29 23:41:13,617][__main__][INFO] - [4, 24], []
[2025-01-29 23:41:13,668][__main__][INFO] - [5, 10], []
[2025-01-29 23:41:13,692][__main__][INFO] - [5, 11], []
[2025-01-29 23:41:13,715][__main__][INFO] - [5, 12], []
[2025-01-29 23:41:13,737][__main__][INFO] - [5, 13], []
[2025-01-29 23:41:13,760][__main__][INFO] - [5, 14], []
[2025-01-29 23:41:13,782][__main__][INFO] - [5, 15], []
[2025-01-29 23:41:13,805][__main__][INFO] - [5, 16], []
[2025-01-29 23:41:13,828][__main__][INFO] - [5], [16]
[2025-01-29 23:41:13,852][__main__][INFO] - [5, 17], []
[2025-01-29 23:41:13,874][__main__][INFO] - [5, 18], []
[2025-01-29 23:41:13,899][__main__][INFO] - [5, 19], []
[2025-01-29 23:41:13,921][__main__][INFO] - [5, 20], []
[2025-01-29 23:41:13,943][__main__][INFO] - [5, 21], []
[2025-01-29 23:41:13,966][__main__][INFO] - [5, 22], []
[2025-01-29 23:41:13,988][__main__][INFO] - [5, 23], []
[2025-01-29 23:41:14,011][__main__][INFO] - [5, 24], []
[2025-01-29 23:41:14,062][__main__][INFO] - [6, 10], []
[2025-01-29 23:41:14,085][__main__][INFO] - [6, 11], []
[2025-01-29 23:41:14,108][__main__][INFO] - [6, 12], []
[2025-01-29 23:41:14,130][__main__][INFO] - [6, 13], []
[2025-01-29 23:41:14,152][__main__][INFO] - [6, 14], []
[2025-01-29 23:41:14,174][__main__][INFO] - [6, 15], []
[2025-01-29 23:41:14,197][__main__][INFO] - [6, 16], []
[2025-01-29 23:41:14,220][__main__][INFO] - [6], [16]
[2025-01-29 23:41:14,243][__main__][INFO] - [6, 17], []
[2025-01-29 23:41:14,265][__main__][INFO] - [6, 18], []
[2025-01-29 23:41:14,288][__main__][INFO] - [6, 19], []
[2025-01-29 23:41:14,310][__main__][INFO] - [6, 20], []
[2025-01-29 23:41:14,333][__main__][INFO] - [6, 21], []
[2025-01-29 23:41:14,355][__main__][INFO] - [6, 22], []
[2025-01-29 23:41:14,377][__main__][INFO] - [6, 23], []
[2025-01-29 23:41:14,400][__main__][INFO] - [6, 24], []
[2025-01-29 23:41:14,451][__main__][INFO] - [7, 10], []
[2025-01-29 23:41:14,473][__main__][INFO] - [7, 11], []
[2025-01-29 23:41:14,495][__main__][INFO] - [7, 12], []
[2025-01-29 23:41:14,518][__main__][INFO] - [7, 13], []
[2025-01-29 23:41:14,540][__main__][INFO] - [7, 14], []
[2025-01-29 23:41:14,562][__main__][INFO] - [7, 15], []
[2025-01-29 23:41:14,584][__main__][INFO] - [7, 16], []
[2025-01-29 23:41:14,606][__main__][INFO] - [7], [16]
[2025-01-29 23:41:14,629][__main__][INFO] - [7, 17], []
[2025-01-29 23:41:14,652][__main__][INFO] - [7, 18], []
[2025-01-29 23:41:14,675][__main__][INFO] - [7, 19], []
[2025-01-29 23:41:14,697][__main__][INFO] - [7, 20], []
[2025-01-29 23:41:14,719][__main__][INFO] - [7, 21], []
[2025-01-29 23:41:14,756][__main__][INFO] - [7, 23], []
[2025-01-29 23:41:14,822][__main__][INFO] - [8, 10], []
[2025-01-29 23:41:14,845][__main__][INFO] - [8, 11], []
[2025-01-29 23:41:14,867][__main__][INFO] - [8, 12], []
[2025-01-29 23:41:14,918][__main__][INFO] - [8, 15], []
[2025-01-29 23:41:14,940][__main__][INFO] - [8, 16], []
[2025-01-29 23:41:14,962][__main__][INFO] - [8], [16]
[2025-01-29 23:41:14,984][__main__][INFO] - [8, 17], []
[2025-01-29 23:41:15,007][__main__][INFO] - [8, 18], []
[2025-01-29 23:41:15,029][__main__][INFO] - [8, 19], []
[2025-01-29 23:41:15,051][__main__][INFO] - [8, 20], []
[2025-01-29 23:41:15,103][__main__][INFO] - [8, 23], []
[2025-01-29 23:41:15,169][__main__][INFO] - [9, 10], []
[2025-01-29 23:41:15,206][__main__][INFO] - [9, 12], []
[2025-01-29 23:41:15,273][__main__][INFO] - [9, 16], []
[2025-01-29 23:41:15,295][__main__][INFO] - [9], [16]
[2025-01-29 23:41:15,332][__main__][INFO] - [9, 18], []
[2025-01-29 23:41:15,413][__main__][INFO] - [9, 23], []
[2025-01-29 23:41:15,480][__main__][INFO] - [10, 16], []
[2025-01-29 23:41:15,507][__main__][INFO] - [10], [16]
[2025-01-29 23:41:15,535][__main__][INFO] - [10, 17], []
[2025-01-29 23:41:15,558][__main__][INFO] - [10, 18], []
[2025-01-29 23:41:15,587][__main__][INFO] - [10, 19], []
[2025-01-29 23:41:15,610][__main__][INFO] - [10, 20], []
[2025-01-29 23:41:15,633][__main__][INFO] - [10, 21], []
[2025-01-29 23:41:15,655][__main__][INFO] - [10, 22], []
[2025-01-29 23:41:15,678][__main__][INFO] - [10, 23], []
[2025-01-29 23:41:15,701][__main__][INFO] - [10, 24], []
[2025-01-29 23:41:15,723][__main__][INFO] - [10, 25], []
[2025-01-29 23:41:15,760][__main__][INFO] - [11, 16], []
[2025-01-29 23:41:15,782][__main__][INFO] - [11], [16]
[2025-01-29 23:41:15,805][__main__][INFO] - [11, 17], []
[2025-01-29 23:41:15,827][__main__][INFO] - [11, 18], []
[2025-01-29 23:41:15,850][__main__][INFO] - [11, 19], []
[2025-01-29 23:41:15,872][__main__][INFO] - [11, 20], []
[2025-01-29 23:41:15,923][__main__][INFO] - [11, 23], []
[2025-01-29 23:41:15,990][__main__][INFO] - [12, 16], []
[2025-01-29 23:41:16,013][__main__][INFO] - [12], [16]
[2025-01-29 23:41:16,037][__main__][INFO] - [12, 17], []
[2025-01-29 23:41:16,059][__main__][INFO] - [12, 18], []
[2025-01-29 23:41:16,081][__main__][INFO] - [12, 19], []
[2025-01-29 23:41:16,103][__main__][INFO] - [12, 20], []
[2025-01-29 23:41:16,155][__main__][INFO] - [12, 23], []
[2025-01-29 23:41:16,224][__main__][INFO] - [13, 16], []
[2025-01-29 23:41:16,246][__main__][INFO] - [13], [16]
[2025-01-29 23:41:16,268][__main__][INFO] - [13, 17], []
[2025-01-29 23:41:16,290][__main__][INFO] - [13, 18], []
[2025-01-29 23:41:16,312][__main__][INFO] - [13, 19], []
[2025-01-29 23:41:16,334][__main__][INFO] - [13, 20], []
[2025-01-29 23:41:16,386][__main__][INFO] - [13, 23], []
[2025-01-29 23:41:16,453][__main__][INFO] - [14, 16], []
[2025-01-29 23:41:16,475][__main__][INFO] - [14], [16]
[2025-01-29 23:41:16,511][__main__][INFO] - [14, 18], []
[2025-01-29 23:41:16,533][__main__][INFO] - [14, 19], []
[2025-01-29 23:41:16,584][__main__][INFO] - [14, 22], []
[2025-01-29 23:41:16,606][__main__][INFO] - [14, 23], []
[2025-01-29 23:41:16,673][__main__][INFO] - [15, 16], []
[2025-01-29 23:41:16,696][__main__][INFO] - [15], [16]
[2025-01-29 23:41:16,719][__main__][INFO] - [15, 17], []
[2025-01-29 23:41:16,742][__main__][INFO] - [15, 18], []
[2025-01-29 23:41:16,765][__main__][INFO] - [15, 19], []
[2025-01-29 23:41:16,787][__main__][INFO] - [15, 20], []
[2025-01-29 23:41:16,809][__main__][INFO] - [15, 21], []
[2025-01-29 23:41:16,831][__main__][INFO] - [15, 22], []
[2025-01-29 23:41:16,854][__main__][INFO] - [15, 23], []
[2025-01-29 23:41:16,876][__main__][INFO] - [15, 24], []
[2025-01-29 23:41:16,927][__main__][INFO] - [16, 17], []
[2025-01-29 23:41:16,950][__main__][INFO] - [16, 18], []
[2025-01-29 23:41:16,976][__main__][INFO] - [16, 19], []
[2025-01-29 23:41:16,998][__main__][INFO] - [16, 20], []
[2025-01-29 23:41:17,021][__main__][INFO] - [16, 21], []
[2025-01-29 23:41:17,042][__main__][INFO] - [16, 22], []
[2025-01-29 23:41:17,064][__main__][INFO] - [16, 23], []
[2025-01-29 23:41:17,088][__main__][INFO] - [16, 24], []
[2025-01-29 23:41:17,140][__main__][INFO] - [17], [16]
[2025-01-29 23:41:17,167][__main__][INFO] - [18], [16]
[2025-01-29 23:41:17,194][__main__][INFO] - [19], [16]
[2025-01-29 23:41:17,216][__main__][INFO] - [20], [16]
[2025-01-29 23:41:17,238][__main__][INFO] - [21], [16]
[2025-01-29 23:41:17,260][__main__][INFO] - [22], [16]
[2025-01-29 23:41:17,282][__main__][INFO] - [23], [16]
[2025-01-29 23:41:17,305][__main__][INFO] - [24], [16]
[2025-01-29 23:41:17,385][__main__][INFO] - [0, 10, 16], []
[2025-01-29 23:41:17,411][__main__][INFO] - [0, 10], [16]
[2025-01-29 23:41:17,437][__main__][INFO] - [0, 10, 17], []
[2025-01-29 23:41:17,463][__main__][INFO] - [0, 10, 18], []
[2025-01-29 23:41:17,489][__main__][INFO] - [0, 10, 19], []
[2025-01-29 23:41:17,514][__main__][INFO] - [0, 10, 20], []
[2025-01-29 23:41:17,544][__main__][INFO] - [0, 10, 21], []
[2025-01-29 23:41:17,576][__main__][INFO] - [0, 10, 22], []
[2025-01-29 23:41:17,601][__main__][INFO] - [0, 10, 23], []
[2025-01-29 23:41:17,630][__main__][INFO] - [0, 10, 24], []
[2025-01-29 23:41:17,696][__main__][INFO] - [0, 11, 16], []
[2025-01-29 23:41:17,727][__main__][INFO] - [0, 11], [16]
[2025-01-29 23:41:17,777][__main__][INFO] - [0, 11, 18], []
[2025-01-29 23:41:17,802][__main__][INFO] - [0, 11, 19], []
[2025-01-29 23:41:17,869][__main__][INFO] - [0, 11, 23], []
[2025-01-29 23:41:17,940][__main__][INFO] - [0, 12, 16], []
[2025-01-29 23:41:17,965][__main__][INFO] - [0, 12], [16]
[2025-01-29 23:41:18,005][__main__][INFO] - [0, 12, 18], []
[2025-01-29 23:41:18,030][__main__][INFO] - [0, 12, 19], []
[2025-01-29 23:41:18,100][__main__][INFO] - [0, 12, 23], []
[2025-01-29 23:41:18,171][__main__][INFO] - [0, 13, 16], []
[2025-01-29 23:41:18,196][__main__][INFO] - [0, 13], [16]
[2025-01-29 23:41:18,236][__main__][INFO] - [0, 13, 18], []
[2025-01-29 23:41:18,273][__main__][INFO] - [0, 13, 20], []
[2025-01-29 23:41:18,388][__main__][INFO] - [0, 14, 16], []
[2025-01-29 23:41:18,409][__main__][INFO] - [0, 14], [16]
[2025-01-29 23:41:18,449][__main__][INFO] - [0, 14, 18], []
[2025-01-29 23:41:18,515][__main__][INFO] - [0, 14, 22], []
[2025-01-29 23:41:18,600][__main__][INFO] - [0, 15, 16], []
[2025-01-29 23:41:18,625][__main__][INFO] - [0, 15], [16]
[2025-01-29 23:41:18,650][__main__][INFO] - [0, 15, 17], []
[2025-01-29 23:41:18,675][__main__][INFO] - [0, 15, 18], []
[2025-01-29 23:41:18,700][__main__][INFO] - [0, 15, 19], []
[2025-01-29 23:41:18,725][__main__][INFO] - [0, 15, 20], []
[2025-01-29 23:41:18,750][__main__][INFO] - [0, 15, 21], []
[2025-01-29 23:41:18,786][__main__][INFO] - [0, 15, 23], []
[2025-01-29 23:41:18,856][__main__][INFO] - [0, 16, 17], []
[2025-01-29 23:41:18,881][__main__][INFO] - [0, 16, 18], []
[2025-01-29 23:41:18,906][__main__][INFO] - [0, 16, 19], []
[2025-01-29 23:41:18,931][__main__][INFO] - [0, 16, 20], []
[2025-01-29 23:41:18,956][__main__][INFO] - [0, 16, 21], []
[2025-01-29 23:41:18,980][__main__][INFO] - [0, 16, 22], []
[2025-01-29 23:41:19,002][__main__][INFO] - [0, 16, 23], []
[2025-01-29 23:41:19,027][__main__][INFO] - [0, 16, 24], []
[2025-01-29 23:41:19,078][__main__][INFO] - [0, 17], [16]
[2025-01-29 23:41:19,103][__main__][INFO] - [0, 18], [16]
[2025-01-29 23:41:19,128][__main__][INFO] - [0, 19], [16]
[2025-01-29 23:41:19,153][__main__][INFO] - [0, 20], [16]
[2025-01-29 23:41:19,178][__main__][INFO] - [0, 21], [16]
[2025-01-29 23:41:19,202][__main__][INFO] - [0, 22], [16]
[2025-01-29 23:41:19,227][__main__][INFO] - [0, 23], [16]
[2025-01-29 23:41:19,252][__main__][INFO] - [0, 24], [16]
[2025-01-29 23:41:19,322][__main__][INFO] - [1, 10, 16], []
[2025-01-29 23:41:19,348][__main__][INFO] - [1, 10], [16]
[2025-01-29 23:41:19,374][__main__][INFO] - [1, 10, 17], []
[2025-01-29 23:41:19,400][__main__][INFO] - [1, 10, 18], []
[2025-01-29 23:41:19,426][__main__][INFO] - [1, 10, 19], []
[2025-01-29 23:41:19,452][__main__][INFO] - [1, 10, 20], []
[2025-01-29 23:41:19,477][__main__][INFO] - [1, 10, 21], []
[2025-01-29 23:41:19,502][__main__][INFO] - [1, 10, 22], []
[2025-01-29 23:41:19,527][__main__][INFO] - [1, 10, 23], []
[2025-01-29 23:41:19,553][__main__][INFO] - [1, 10, 24], []
[2025-01-29 23:41:19,608][__main__][INFO] - [1, 11, 16], []
[2025-01-29 23:41:19,633][__main__][INFO] - [1, 11], [16]
[2025-01-29 23:41:19,673][__main__][INFO] - [1, 11, 18], []
[2025-01-29 23:41:19,699][__main__][INFO] - [1, 11, 19], []
[2025-01-29 23:41:19,724][__main__][INFO] - [1, 11, 20], []
[2025-01-29 23:41:19,779][__main__][INFO] - [1, 11, 23], []
[2025-01-29 23:41:19,849][__main__][INFO] - [1, 12, 16], []
[2025-01-29 23:41:19,874][__main__][INFO] - [1, 12], [16]
[2025-01-29 23:41:19,915][__main__][INFO] - [1, 12, 18], []
[2025-01-29 23:41:19,940][__main__][INFO] - [1, 12, 19], []
[2025-01-29 23:41:20,010][__main__][INFO] - [1, 12, 23], []
[2025-01-29 23:41:20,080][__main__][INFO] - [1, 13, 16], []
[2025-01-29 23:41:20,105][__main__][INFO] - [1, 13], [16]
[2025-01-29 23:41:20,145][__main__][INFO] - [1, 13, 18], []
[2025-01-29 23:41:20,185][__main__][INFO] - [1, 13, 20], []
[2025-01-29 23:41:20,300][__main__][INFO] - [1, 14, 16], []
[2025-01-29 23:41:20,325][__main__][INFO] - [1, 14], [16]
[2025-01-29 23:41:20,364][__main__][INFO] - [1, 14, 18], []
[2025-01-29 23:41:20,434][__main__][INFO] - [1, 14, 22], []
[2025-01-29 23:41:20,459][__main__][INFO] - [1, 14, 23], []
[2025-01-29 23:41:20,529][__main__][INFO] - [1, 15, 16], []
[2025-01-29 23:41:20,554][__main__][INFO] - [1, 15], [16]
[2025-01-29 23:41:20,579][__main__][INFO] - [1, 15, 17], []
[2025-01-29 23:41:20,604][__main__][INFO] - [1, 15, 18], []
[2025-01-29 23:41:20,629][__main__][INFO] - [1, 15, 19], []
[2025-01-29 23:41:20,654][__main__][INFO] - [1, 15, 20], []
[2025-01-29 23:41:20,679][__main__][INFO] - [1, 15, 21], []
[2025-01-29 23:41:20,719][__main__][INFO] - [1, 15, 23], []
[2025-01-29 23:41:20,744][__main__][INFO] - [1, 15, 24], []
[2025-01-29 23:41:20,799][__main__][INFO] - [1, 16, 17], []
[2025-01-29 23:41:20,824][__main__][INFO] - [1, 16, 18], []
[2025-01-29 23:41:20,849][__main__][INFO] - [1, 16, 19], []
[2025-01-29 23:41:20,874][__main__][INFO] - [1, 16, 20], []
[2025-01-29 23:41:20,899][__main__][INFO] - [1, 16, 21], []
[2025-01-29 23:41:20,924][__main__][INFO] - [1, 16, 22], []
[2025-01-29 23:41:20,948][__main__][INFO] - [1, 16, 23], []
[2025-01-29 23:41:20,974][__main__][INFO] - [1, 16, 24], []
[2025-01-29 23:41:21,028][__main__][INFO] - [1, 17], [16]
[2025-01-29 23:41:21,053][__main__][INFO] - [1, 18], [16]
[2025-01-29 23:41:21,079][__main__][INFO] - [1, 19], [16]
[2025-01-29 23:41:21,103][__main__][INFO] - [1, 20], [16]
[2025-01-29 23:41:21,128][__main__][INFO] - [1, 21], [16]
[2025-01-29 23:41:21,153][__main__][INFO] - [1, 22], [16]
[2025-01-29 23:41:21,178][__main__][INFO] - [1, 23], [16]
[2025-01-29 23:41:21,203][__main__][INFO] - [1, 24], [16]
[2025-01-29 23:41:21,272][__main__][INFO] - [2, 10, 16], []
[2025-01-29 23:41:21,298][__main__][INFO] - [2, 10], [16]
[2025-01-29 23:41:21,324][__main__][INFO] - [2, 10, 17], []
[2025-01-29 23:41:21,350][__main__][INFO] - [2, 10, 18], []
[2025-01-29 23:41:21,376][__main__][INFO] - [2, 10, 19], []
[2025-01-29 23:41:21,401][__main__][INFO] - [2, 10, 20], []
[2025-01-29 23:41:21,427][__main__][INFO] - [2, 10, 21], []
[2025-01-29 23:41:21,452][__main__][INFO] - [2, 10, 22], []
[2025-01-29 23:41:21,477][__main__][INFO] - [2, 10, 23], []
[2025-01-29 23:41:21,503][__main__][INFO] - [2, 10, 24], []
[2025-01-29 23:41:21,558][__main__][INFO] - [2, 11, 16], []
[2025-01-29 23:41:21,583][__main__][INFO] - [2, 11], [16]
[2025-01-29 23:41:21,623][__main__][INFO] - [2, 11, 18], []
[2025-01-29 23:41:21,649][__main__][INFO] - [2, 11, 19], []
[2025-01-29 23:41:21,719][__main__][INFO] - [2, 11, 23], []
[2025-01-29 23:41:21,789][__main__][INFO] - [2, 12, 16], []
[2025-01-29 23:41:21,815][__main__][INFO] - [2, 12], [16]
[2025-01-29 23:41:21,855][__main__][INFO] - [2, 12, 18], []
[2025-01-29 23:41:21,880][__main__][INFO] - [2, 12, 19], []
[2025-01-29 23:41:21,950][__main__][INFO] - [2, 12, 23], []
[2025-01-29 23:41:22,020][__main__][INFO] - [2, 13, 16], []
[2025-01-29 23:41:22,045][__main__][INFO] - [2, 13], [16]
[2025-01-29 23:41:22,085][__main__][INFO] - [2, 13, 18], []
[2025-01-29 23:41:22,125][__main__][INFO] - [2, 13, 20], []
[2025-01-29 23:41:22,181][__main__][INFO] - [2, 13, 23], []
[2025-01-29 23:41:22,251][__main__][INFO] - [2, 14, 16], []
[2025-01-29 23:41:22,276][__main__][INFO] - [2, 14], [16]
[2025-01-29 23:41:22,316][__main__][INFO] - [2, 14, 18], []
[2025-01-29 23:41:22,385][__main__][INFO] - [2, 14, 22], []
[2025-01-29 23:41:22,411][__main__][INFO] - [2, 14, 23], []
[2025-01-29 23:41:22,481][__main__][INFO] - [2, 15, 16], []
[2025-01-29 23:41:22,506][__main__][INFO] - [2, 15], [16]
[2025-01-29 23:41:22,531][__main__][INFO] - [2, 15, 17], []
[2025-01-29 23:41:22,556][__main__][INFO] - [2, 15, 18], []
[2025-01-29 23:41:22,581][__main__][INFO] - [2, 15, 19], []
[2025-01-29 23:41:22,605][__main__][INFO] - [2, 15, 20], []
[2025-01-29 23:41:22,630][__main__][INFO] - [2, 15, 21], []
[2025-01-29 23:41:22,671][__main__][INFO] - [2, 15, 23], []
[2025-01-29 23:41:22,696][__main__][INFO] - [2, 15, 24], []
[2025-01-29 23:41:22,751][__main__][INFO] - [2, 16, 17], []
[2025-01-29 23:41:22,776][__main__][INFO] - [2, 16, 18], []
[2025-01-29 23:41:22,801][__main__][INFO] - [2, 16, 19], []
[2025-01-29 23:41:22,826][__main__][INFO] - [2, 16, 20], []
[2025-01-29 23:41:22,851][__main__][INFO] - [2, 16, 21], []
[2025-01-29 23:41:22,876][__main__][INFO] - [2, 16, 22], []
[2025-01-29 23:41:22,901][__main__][INFO] - [2, 16, 23], []
[2025-01-29 23:41:22,926][__main__][INFO] - [2, 16, 24], []
[2025-01-29 23:41:22,981][__main__][INFO] - [2, 17], [16]
[2025-01-29 23:41:23,006][__main__][INFO] - [2, 18], [16]
[2025-01-29 23:41:23,031][__main__][INFO] - [2, 19], [16]
[2025-01-29 23:41:23,056][__main__][INFO] - [2, 20], [16]
[2025-01-29 23:41:23,081][__main__][INFO] - [2, 21], [16]
[2025-01-29 23:41:23,106][__main__][INFO] - [2, 22], [16]
[2025-01-29 23:41:23,131][__main__][INFO] - [2, 23], [16]
[2025-01-29 23:41:23,156][__main__][INFO] - [2, 24], [16]
[2025-01-29 23:41:23,225][__main__][INFO] - [3, 10, 16], []
[2025-01-29 23:41:23,251][__main__][INFO] - [3, 10], [16]
[2025-01-29 23:41:23,277][__main__][INFO] - [3, 10, 17], []
[2025-01-29 23:41:23,302][__main__][INFO] - [3, 10, 18], []
[2025-01-29 23:41:23,328][__main__][INFO] - [3, 10, 19], []
[2025-01-29 23:41:23,354][__main__][INFO] - [3, 10, 20], []
[2025-01-29 23:41:23,379][__main__][INFO] - [3, 10, 21], []
[2025-01-29 23:41:23,404][__main__][INFO] - [3, 10, 22], []
[2025-01-29 23:41:23,430][__main__][INFO] - [3, 10, 23], []
[2025-01-29 23:41:23,455][__main__][INFO] - [3, 10, 24], []
[2025-01-29 23:41:23,510][__main__][INFO] - [3, 11, 16], []
[2025-01-29 23:41:23,535][__main__][INFO] - [3, 11], [16]
[2025-01-29 23:41:23,576][__main__][INFO] - [3, 11, 18], []
[2025-01-29 23:41:23,601][__main__][INFO] - [3, 11, 19], []
[2025-01-29 23:41:23,671][__main__][INFO] - [3, 11, 23], []
[2025-01-29 23:41:23,741][__main__][INFO] - [3, 12, 16], []
[2025-01-29 23:41:23,767][__main__][INFO] - [3, 12], [16]
[2025-01-29 23:41:23,807][__main__][INFO] - [3, 12, 18], []
[2025-01-29 23:41:23,832][__main__][INFO] - [3, 12, 19], []
[2025-01-29 23:41:23,902][__main__][INFO] - [3, 12, 23], []
[2025-01-29 23:41:23,973][__main__][INFO] - [3, 13, 16], []
[2025-01-29 23:41:23,998][__main__][INFO] - [3, 13], [16]
[2025-01-29 23:41:24,038][__main__][INFO] - [3, 13, 18], []
[2025-01-29 23:41:24,078][__main__][INFO] - [3, 13, 20], []
[2025-01-29 23:41:24,133][__main__][INFO] - [3, 13, 23], []
[2025-01-29 23:41:24,203][__main__][INFO] - [3, 14, 16], []
[2025-01-29 23:41:24,228][__main__][INFO] - [3, 14], [16]
[2025-01-29 23:41:24,268][__main__][INFO] - [3, 14, 18], []
[2025-01-29 23:41:24,293][__main__][INFO] - [3, 14, 19], []
[2025-01-29 23:41:24,348][__main__][INFO] - [3, 14, 22], []
[2025-01-29 23:41:24,373][__main__][INFO] - [3, 14, 23], []
[2025-01-29 23:41:24,443][__main__][INFO] - [3, 15, 16], []
[2025-01-29 23:41:24,468][__main__][INFO] - [3, 15], [16]
[2025-01-29 23:41:24,493][__main__][INFO] - [3, 15, 17], []
[2025-01-29 23:41:24,518][__main__][INFO] - [3, 15, 18], []
[2025-01-29 23:41:24,543][__main__][INFO] - [3, 15, 19], []
[2025-01-29 23:41:24,568][__main__][INFO] - [3, 15, 20], []
[2025-01-29 23:41:24,593][__main__][INFO] - [3, 15, 21], []
[2025-01-29 23:41:24,633][__main__][INFO] - [3, 15, 23], []
[2025-01-29 23:41:24,659][__main__][INFO] - [3, 15, 24], []
[2025-01-29 23:41:24,714][__main__][INFO] - [3, 16, 17], []
[2025-01-29 23:41:24,739][__main__][INFO] - [3, 16, 18], []
[2025-01-29 23:41:24,765][__main__][INFO] - [3, 16, 19], []
[2025-01-29 23:41:24,789][__main__][INFO] - [3, 16, 20], []
[2025-01-29 23:41:24,814][__main__][INFO] - [3, 16, 21], []
[2025-01-29 23:41:24,839][__main__][INFO] - [3, 16, 22], []
[2025-01-29 23:41:24,864][__main__][INFO] - [3, 16, 23], []
[2025-01-29 23:41:24,890][__main__][INFO] - [3, 16, 24], []
[2025-01-29 23:41:24,945][__main__][INFO] - [3, 17], [16]
[2025-01-29 23:41:24,970][__main__][INFO] - [3, 18], [16]
[2025-01-29 23:41:24,995][__main__][INFO] - [3, 19], [16]
[2025-01-29 23:41:25,020][__main__][INFO] - [3, 20], [16]
[2025-01-29 23:41:25,045][__main__][INFO] - [3, 21], [16]
[2025-01-29 23:41:25,070][__main__][INFO] - [3, 22], [16]
[2025-01-29 23:41:25,095][__main__][INFO] - [3, 23], [16]
[2025-01-29 23:41:25,120][__main__][INFO] - [3, 24], [16]
[2025-01-29 23:41:25,189][__main__][INFO] - [4, 10, 16], []
[2025-01-29 23:41:25,215][__main__][INFO] - [4, 10], [16]
[2025-01-29 23:41:25,241][__main__][INFO] - [4, 10, 17], []
[2025-01-29 23:41:25,266][__main__][INFO] - [4, 10, 18], []
[2025-01-29 23:41:25,293][__main__][INFO] - [4, 10, 19], []
[2025-01-29 23:41:25,318][__main__][INFO] - [4, 10, 20], []
[2025-01-29 23:41:25,344][__main__][INFO] - [4, 10, 21], []
[2025-01-29 23:41:25,369][__main__][INFO] - [4, 10, 22], []
[2025-01-29 23:41:25,394][__main__][INFO] - [4, 10, 23], []
[2025-01-29 23:41:25,419][__main__][INFO] - [4, 10, 24], []
[2025-01-29 23:41:25,475][__main__][INFO] - [4, 11, 16], []
[2025-01-29 23:41:25,500][__main__][INFO] - [4, 11], [16]
[2025-01-29 23:41:25,540][__main__][INFO] - [4, 11, 18], []
[2025-01-29 23:41:25,565][__main__][INFO] - [4, 11, 19], []
[2025-01-29 23:41:25,590][__main__][INFO] - [4, 11, 20], []
[2025-01-29 23:41:25,646][__main__][INFO] - [4, 11, 23], []
[2025-01-29 23:41:25,716][__main__][INFO] - [4, 12, 16], []
[2025-01-29 23:41:25,741][__main__][INFO] - [4, 12], [16]
[2025-01-29 23:41:25,782][__main__][INFO] - [4, 12, 18], []
[2025-01-29 23:41:25,807][__main__][INFO] - [4, 12, 19], []
[2025-01-29 23:41:25,877][__main__][INFO] - [4, 12, 23], []
[2025-01-29 23:41:25,948][__main__][INFO] - [4, 13, 16], []
[2025-01-29 23:41:25,973][__main__][INFO] - [4, 13], [16]
[2025-01-29 23:41:26,013][__main__][INFO] - [4, 13, 18], []
[2025-01-29 23:41:26,053][__main__][INFO] - [4, 13, 20], []
[2025-01-29 23:41:26,108][__main__][INFO] - [4, 13, 23], []
[2025-01-29 23:41:26,178][__main__][INFO] - [4, 14, 16], []
[2025-01-29 23:41:26,203][__main__][INFO] - [4, 14], [16]
[2025-01-29 23:41:26,243][__main__][INFO] - [4, 14, 18], []
[2025-01-29 23:41:26,268][__main__][INFO] - [4, 14, 19], []
[2025-01-29 23:41:26,323][__main__][INFO] - [4, 14, 22], []
[2025-01-29 23:41:26,408][__main__][INFO] - [4, 15, 16], []
[2025-01-29 23:41:26,433][__main__][INFO] - [4, 15], [16]
[2025-01-29 23:41:26,458][__main__][INFO] - [4, 15, 17], []
[2025-01-29 23:41:26,483][__main__][INFO] - [4, 15, 18], []
[2025-01-29 23:41:26,508][__main__][INFO] - [4, 15, 19], []
[2025-01-29 23:41:26,533][__main__][INFO] - [4, 15, 20], []
[2025-01-29 23:41:26,558][__main__][INFO] - [4, 15, 21], []
[2025-01-29 23:41:26,598][__main__][INFO] - [4, 15, 23], []
[2025-01-29 23:41:26,624][__main__][INFO] - [4, 15, 24], []
[2025-01-29 23:41:26,679][__main__][INFO] - [4, 16, 17], []
[2025-01-29 23:41:26,704][__main__][INFO] - [4, 16, 18], []
[2025-01-29 23:41:26,729][__main__][INFO] - [4, 16, 19], []
[2025-01-29 23:41:26,754][__main__][INFO] - [4, 16, 20], []
[2025-01-29 23:41:26,779][__main__][INFO] - [4, 16, 21], []
[2025-01-29 23:41:26,804][__main__][INFO] - [4, 16, 22], []
[2025-01-29 23:41:26,829][__main__][INFO] - [4, 16, 23], []
[2025-01-29 23:41:26,854][__main__][INFO] - [4, 16, 24], []
[2025-01-29 23:41:26,909][__main__][INFO] - [4, 17], [16]
[2025-01-29 23:41:26,934][__main__][INFO] - [4, 18], [16]
[2025-01-29 23:41:26,959][__main__][INFO] - [4, 19], [16]
[2025-01-29 23:41:26,984][__main__][INFO] - [4, 20], [16]
[2025-01-29 23:41:27,009][__main__][INFO] - [4, 21], [16]
[2025-01-29 23:41:27,034][__main__][INFO] - [4, 22], [16]
[2025-01-29 23:41:27,059][__main__][INFO] - [4, 23], [16]
[2025-01-29 23:41:27,084][__main__][INFO] - [4, 24], [16]
[2025-01-29 23:41:27,153][__main__][INFO] - [5, 10, 16], []
[2025-01-29 23:41:27,179][__main__][INFO] - [5, 10], [16]
[2025-01-29 23:41:27,205][__main__][INFO] - [5, 10, 17], []
[2025-01-29 23:41:27,230][__main__][INFO] - [5, 10, 18], []
[2025-01-29 23:41:27,257][__main__][INFO] - [5, 10, 19], []
[2025-01-29 23:41:27,282][__main__][INFO] - [5, 10, 20], []
[2025-01-29 23:41:27,307][__main__][INFO] - [5, 10, 21], []
[2025-01-29 23:41:27,333][__main__][INFO] - [5, 10, 22], []
[2025-01-29 23:41:27,358][__main__][INFO] - [5, 10, 23], []
[2025-01-29 23:41:27,383][__main__][INFO] - [5, 10, 24], []
[2025-01-29 23:41:27,438][__main__][INFO] - [5, 11, 16], []
[2025-01-29 23:41:27,464][__main__][INFO] - [5, 11], [16]
[2025-01-29 23:41:27,504][__main__][INFO] - [5, 11, 18], []
[2025-01-29 23:41:27,529][__main__][INFO] - [5, 11, 19], []
[2025-01-29 23:41:27,659][__main__][INFO] - [5, 12, 16], []
[2025-01-29 23:41:27,684][__main__][INFO] - [5, 12], [16]
[2025-01-29 23:41:27,725][__main__][INFO] - [5, 12, 18], []
[2025-01-29 23:41:27,750][__main__][INFO] - [5, 12, 19], []
[2025-01-29 23:41:27,820][__main__][INFO] - [5, 12, 23], []
[2025-01-29 23:41:27,890][__main__][INFO] - [5, 13, 16], []
[2025-01-29 23:41:27,916][__main__][INFO] - [5, 13], [16]
[2025-01-29 23:41:27,956][__main__][INFO] - [5, 13, 18], []
[2025-01-29 23:41:27,996][__main__][INFO] - [5, 13, 20], []
[2025-01-29 23:41:28,051][__main__][INFO] - [5, 13, 23], []
[2025-01-29 23:41:28,121][__main__][INFO] - [5, 14, 16], []
[2025-01-29 23:41:28,146][__main__][INFO] - [5, 14], [16]
[2025-01-29 23:41:28,186][__main__][INFO] - [5, 14, 18], []
[2025-01-29 23:41:28,211][__main__][INFO] - [5, 14, 19], []
[2025-01-29 23:41:28,266][__main__][INFO] - [5, 14, 22], []
[2025-01-29 23:41:28,291][__main__][INFO] - [5, 14, 23], []
[2025-01-29 23:41:28,361][__main__][INFO] - [5, 15, 16], []
[2025-01-29 23:41:28,386][__main__][INFO] - [5, 15], [16]
[2025-01-29 23:41:28,411][__main__][INFO] - [5, 15, 17], []
[2025-01-29 23:41:28,436][__main__][INFO] - [5, 15, 18], []
[2025-01-29 23:41:28,461][__main__][INFO] - [5, 15, 19], []
[2025-01-29 23:41:28,486][__main__][INFO] - [5, 15, 20], []
[2025-01-29 23:41:28,511][__main__][INFO] - [5, 15, 21], []
[2025-01-29 23:41:28,551][__main__][INFO] - [5, 15, 23], []
[2025-01-29 23:41:28,577][__main__][INFO] - [5, 15, 24], []
[2025-01-29 23:41:28,632][__main__][INFO] - [5, 16, 17], []
[2025-01-29 23:41:28,656][__main__][INFO] - [5, 16, 18], []
[2025-01-29 23:41:28,682][__main__][INFO] - [5, 16, 19], []
[2025-01-29 23:41:28,707][__main__][INFO] - [5, 16, 20], []
[2025-01-29 23:41:28,732][__main__][INFO] - [5, 16, 21], []
[2025-01-29 23:41:28,756][__main__][INFO] - [5, 16, 22], []
[2025-01-29 23:41:28,781][__main__][INFO] - [5, 16, 23], []
[2025-01-29 23:41:28,807][__main__][INFO] - [5, 16, 24], []
[2025-01-29 23:41:28,862][__main__][INFO] - [5, 17], [16]
[2025-01-29 23:41:28,887][__main__][INFO] - [5, 18], [16]
[2025-01-29 23:41:28,912][__main__][INFO] - [5, 19], [16]
[2025-01-29 23:41:28,937][__main__][INFO] - [5, 20], [16]
[2025-01-29 23:41:28,962][__main__][INFO] - [5, 21], [16]
[2025-01-29 23:41:28,987][__main__][INFO] - [5, 22], [16]
[2025-01-29 23:41:29,012][__main__][INFO] - [5, 23], [16]
[2025-01-29 23:41:29,037][__main__][INFO] - [5, 24], [16]
[2025-01-29 23:41:29,106][__main__][INFO] - [6, 10, 16], []
[2025-01-29 23:41:29,132][__main__][INFO] - [6, 10], [16]
[2025-01-29 23:41:29,158][__main__][INFO] - [6, 10, 17], []
[2025-01-29 23:41:29,183][__main__][INFO] - [6, 10, 18], []
[2025-01-29 23:41:29,208][__main__][INFO] - [6, 10, 19], []
[2025-01-29 23:41:29,233][__main__][INFO] - [6, 10, 20], []
[2025-01-29 23:41:29,259][__main__][INFO] - [6, 10, 21], []
[2025-01-29 23:41:29,284][__main__][INFO] - [6, 10, 22], []
[2025-01-29 23:41:29,309][__main__][INFO] - [6, 10, 23], []
[2025-01-29 23:41:29,379][__main__][INFO] - [6, 11, 16], []
[2025-01-29 23:41:29,404][__main__][INFO] - [6, 11], [16]
[2025-01-29 23:41:29,444][__main__][INFO] - [6, 11, 18], []
[2025-01-29 23:41:29,589][__main__][INFO] - [6, 12, 16], []
[2025-01-29 23:41:29,614][__main__][INFO] - [6, 12], [16]
[2025-01-29 23:41:29,654][__main__][INFO] - [6, 12, 18], []
[2025-01-29 23:41:29,679][__main__][INFO] - [6, 12, 19], []
[2025-01-29 23:41:29,750][__main__][INFO] - [6, 12, 23], []
[2025-01-29 23:41:29,821][__main__][INFO] - [6, 13, 16], []
[2025-01-29 23:41:29,846][__main__][INFO] - [6, 13], [16]
[2025-01-29 23:41:29,886][__main__][INFO] - [6, 13, 18], []
[2025-01-29 23:41:29,926][__main__][INFO] - [6, 13, 20], []
[2025-01-29 23:41:30,058][__main__][INFO] - [6, 14], [16]
[2025-01-29 23:41:30,234][__main__][INFO] - [6, 15, 16], []
[2025-01-29 23:41:30,259][__main__][INFO] - [6, 15], [16]
[2025-01-29 23:41:30,284][__main__][INFO] - [6, 15, 17], []
[2025-01-29 23:41:30,308][__main__][INFO] - [6, 15, 18], []
[2025-01-29 23:41:30,333][__main__][INFO] - [6, 15, 19], []
[2025-01-29 23:41:30,358][__main__][INFO] - [6, 15, 20], []
[2025-01-29 23:41:30,413][__main__][INFO] - [6, 15, 23], []
[2025-01-29 23:41:30,483][__main__][INFO] - [6, 16, 17], []
[2025-01-29 23:41:30,508][__main__][INFO] - [6, 16, 18], []
[2025-01-29 23:41:30,533][__main__][INFO] - [6, 16, 19], []
[2025-01-29 23:41:30,558][__main__][INFO] - [6, 16, 20], []
[2025-01-29 23:41:30,582][__main__][INFO] - [6, 16, 21], []
[2025-01-29 23:41:30,607][__main__][INFO] - [6, 16, 22], []
[2025-01-29 23:41:30,632][__main__][INFO] - [6, 16, 23], []
[2025-01-29 23:41:30,702][__main__][INFO] - [6, 17], [16]
[2025-01-29 23:41:30,727][__main__][INFO] - [6, 18], [16]
[2025-01-29 23:41:30,752][__main__][INFO] - [6, 19], [16]
[2025-01-29 23:41:30,777][__main__][INFO] - [6, 20], [16]
[2025-01-29 23:41:30,802][__main__][INFO] - [6, 21], [16]
[2025-01-29 23:41:30,826][__main__][INFO] - [6, 22], [16]
[2025-01-29 23:41:30,851][__main__][INFO] - [6, 23], [16]
[2025-01-29 23:41:30,936][__main__][INFO] - [7, 10, 16], []
[2025-01-29 23:41:30,961][__main__][INFO] - [7, 10], [16]
[2025-01-29 23:41:30,986][__main__][INFO] - [7, 10, 17], []
[2025-01-29 23:41:31,011][__main__][INFO] - [7, 10, 18], []
[2025-01-29 23:41:31,036][__main__][INFO] - [7, 10, 19], []
[2025-01-29 23:41:31,061][__main__][INFO] - [7, 10, 20], []
[2025-01-29 23:41:31,087][__main__][INFO] - [7, 10, 21], []
[2025-01-29 23:41:31,127][__main__][INFO] - [7, 10, 23], []
[2025-01-29 23:41:31,197][__main__][INFO] - [7, 11, 16], []
[2025-01-29 23:41:31,222][__main__][INFO] - [7, 11], [16]
[2025-01-29 23:41:31,262][__main__][INFO] - [7, 11, 18], []
[2025-01-29 23:41:31,407][__main__][INFO] - [7, 12, 16], []
[2025-01-29 23:41:31,432][__main__][INFO] - [7, 12], [16]
[2025-01-29 23:41:31,472][__main__][INFO] - [7, 12, 18], []
[2025-01-29 23:41:31,497][__main__][INFO] - [7, 12, 19], []
[2025-01-29 23:41:31,567][__main__][INFO] - [7, 12, 23], []
[2025-01-29 23:41:31,652][__main__][INFO] - [7, 13], [16]
[2025-01-29 23:41:31,692][__main__][INFO] - [7, 13, 18], []
[2025-01-29 23:41:32,016][__main__][INFO] - [7, 15, 16], []
[2025-01-29 23:41:32,041][__main__][INFO] - [7, 15], [16]
[2025-01-29 23:41:32,066][__main__][INFO] - [7, 15, 17], []
[2025-01-29 23:41:32,090][__main__][INFO] - [7, 15, 18], []
[2025-01-29 23:41:32,115][__main__][INFO] - [7, 15, 19], []
[2025-01-29 23:41:32,245][__main__][INFO] - [7, 16, 17], []
[2025-01-29 23:41:32,269][__main__][INFO] - [7, 16, 18], []
[2025-01-29 23:41:32,294][__main__][INFO] - [7, 16, 19], []
[2025-01-29 23:41:32,319][__main__][INFO] - [7, 16, 20], []
[2025-01-29 23:41:32,343][__main__][INFO] - [7, 16, 21], []
[2025-01-29 23:41:32,383][__main__][INFO] - [7, 16, 23], []
[2025-01-29 23:41:32,453][__main__][INFO] - [7, 17], [16]
[2025-01-29 23:41:32,478][__main__][INFO] - [7, 18], [16]
[2025-01-29 23:41:32,503][__main__][INFO] - [7, 19], [16]
[2025-01-29 23:41:32,527][__main__][INFO] - [7, 20], [16]
[2025-01-29 23:41:32,562][__main__][INFO] - [7, 21], [16]
[2025-01-29 23:41:32,603][__main__][INFO] - [7, 23], [16]
[2025-01-29 23:41:32,687][__main__][INFO] - [8, 10, 16], []
[2025-01-29 23:41:32,713][__main__][INFO] - [8, 10], [16]
[2025-01-29 23:41:32,753][__main__][INFO] - [8, 10, 18], []
[2025-01-29 23:41:32,778][__main__][INFO] - [8, 10, 19], []
[2025-01-29 23:41:32,803][__main__][INFO] - [8, 10, 20], []
[2025-01-29 23:41:32,858][__main__][INFO] - [8, 10, 23], []
[2025-01-29 23:41:32,928][__main__][INFO] - [8, 11, 16], []
[2025-01-29 23:41:32,953][__main__][INFO] - [8, 11], [16]
[2025-01-29 23:41:32,993][__main__][INFO] - [8, 11, 18], []
[2025-01-29 23:41:33,137][__main__][INFO] - [8, 12, 16], []
[2025-01-29 23:41:33,162][__main__][INFO] - [8, 12], [16]
[2025-01-29 23:41:33,202][__main__][INFO] - [8, 12, 18], []
[2025-01-29 23:41:33,287][__main__][INFO] - [8, 12, 23], []
[2025-01-29 23:41:33,386][__main__][INFO] - [8, 15, 16], []
[2025-01-29 23:41:33,411][__main__][INFO] - [8, 15], [16]
[2025-01-29 23:41:33,451][__main__][INFO] - [8, 15, 18], []
[2025-01-29 23:41:33,610][__main__][INFO] - [8, 16, 18], []
[2025-01-29 23:41:33,635][__main__][INFO] - [8, 16, 19], []
[2025-01-29 23:41:33,659][__main__][INFO] - [8, 16, 20], []
[2025-01-29 23:41:33,714][__main__][INFO] - [8, 16, 23], []
[2025-01-29 23:41:33,784][__main__][INFO] - [8, 17], [16]
[2025-01-29 23:41:33,809][__main__][INFO] - [8, 18], [16]
[2025-01-29 23:41:33,834][__main__][INFO] - [8, 19], [16]
[2025-01-29 23:41:33,858][__main__][INFO] - [8, 20], [16]
[2025-01-29 23:41:33,914][__main__][INFO] - [8, 23], [16]
[2025-01-29 23:41:33,998][__main__][INFO] - [9, 10, 16], []
[2025-01-29 23:41:34,023][__main__][INFO] - [9, 10], [16]
[2025-01-29 23:41:34,063][__main__][INFO] - [9, 10, 18], []
[2025-01-29 23:41:34,462][__main__][INFO] - [9, 16, 18], []
[2025-01-29 23:41:34,621][__main__][INFO] - [9, 18], [16]
[2025-01-29 23:41:34,780][__main__][INFO] - [10, 16, 17], []
[2025-01-29 23:41:34,805][__main__][INFO] - [10, 16, 18], []
[2025-01-29 23:41:34,833][__main__][INFO] - [10, 16, 19], []
[2025-01-29 23:41:34,858][__main__][INFO] - [10, 16, 20], []
[2025-01-29 23:41:34,883][__main__][INFO] - [10, 16, 21], []
[2025-01-29 23:41:34,908][__main__][INFO] - [10, 16, 22], []
[2025-01-29 23:41:34,933][__main__][INFO] - [10, 16, 23], []
[2025-01-29 23:41:34,958][__main__][INFO] - [10, 16, 24], []
[2025-01-29 23:41:35,013][__main__][INFO] - [10, 17], [16]
[2025-01-29 23:41:35,038][__main__][INFO] - [10, 18], [16]
[2025-01-29 23:41:35,067][__main__][INFO] - [10, 19], [16]
[2025-01-29 23:41:35,092][__main__][INFO] - [10, 20], [16]
[2025-01-29 23:41:35,117][__main__][INFO] - [10, 21], [16]
[2025-01-29 23:41:35,141][__main__][INFO] - [10, 22], [16]
[2025-01-29 23:41:35,166][__main__][INFO] - [10, 23], [16]
[2025-01-29 23:41:35,192][__main__][INFO] - [10, 24], [16]
[2025-01-29 23:41:35,262][__main__][INFO] - [11, 16, 17], []
[2025-01-29 23:41:35,286][__main__][INFO] - [11, 16, 18], []
[2025-01-29 23:41:35,311][__main__][INFO] - [11, 16, 19], []
[2025-01-29 23:41:35,336][__main__][INFO] - [11, 16, 20], []
[2025-01-29 23:41:35,390][__main__][INFO] - [11, 16, 23], []
[2025-01-29 23:41:35,460][__main__][INFO] - [11, 17], [16]
[2025-01-29 23:41:35,485][__main__][INFO] - [11, 18], [16]
[2025-01-29 23:41:35,509][__main__][INFO] - [11, 19], [16]
[2025-01-29 23:41:35,534][__main__][INFO] - [11, 20], [16]
[2025-01-29 23:41:35,588][__main__][INFO] - [11, 23], [16]
[2025-01-29 23:41:35,674][__main__][INFO] - [12, 16, 17], []
[2025-01-29 23:41:35,698][__main__][INFO] - [12, 16, 18], []
[2025-01-29 23:41:35,722][__main__][INFO] - [12, 16, 19], []
[2025-01-29 23:41:35,792][__main__][INFO] - [12, 16, 23], []
[2025-01-29 23:41:35,862][__main__][INFO] - [12, 17], [16]
[2025-01-29 23:41:35,886][__main__][INFO] - [12, 18], [16]
[2025-01-29 23:41:35,911][__main__][INFO] - [12, 19], [16]
[2025-01-29 23:41:35,980][__main__][INFO] - [12, 23], [16]
[2025-01-29 23:41:36,080][__main__][INFO] - [13, 16, 18], []
[2025-01-29 23:41:36,105][__main__][INFO] - [13, 16, 19], []
[2025-01-29 23:41:36,129][__main__][INFO] - [13, 16, 20], []
[2025-01-29 23:41:36,183][__main__][INFO] - [13, 16, 23], []
[2025-01-29 23:41:36,268][__main__][INFO] - [13, 18], [16]
[2025-01-29 23:41:36,293][__main__][INFO] - [13, 19], [16]
[2025-01-29 23:41:36,317][__main__][INFO] - [13, 20], [16]
[2025-01-29 23:41:36,371][__main__][INFO] - [13, 23], [16]
[2025-01-29 23:41:36,470][__main__][INFO] - [14, 16, 18], []
[2025-01-29 23:41:36,495][__main__][INFO] - [14, 16, 19], []
[2025-01-29 23:41:36,548][__main__][INFO] - [14, 16, 22], []
[2025-01-29 23:41:36,573][__main__][INFO] - [14, 16, 23], []
[2025-01-29 23:41:36,657][__main__][INFO] - [14, 18], [16]
[2025-01-29 23:41:36,682][__main__][INFO] - [14, 19], [16]
[2025-01-29 23:41:36,736][__main__][INFO] - [14, 22], [16]
[2025-01-29 23:41:36,760][__main__][INFO] - [14, 23], [16]
[2025-01-29 23:41:36,844][__main__][INFO] - [15, 16, 17], []
[2025-01-29 23:41:36,868][__main__][INFO] - [15, 16, 18], []
[2025-01-29 23:41:36,892][__main__][INFO] - [15, 16, 19], []
[2025-01-29 23:41:36,916][__main__][INFO] - [15, 16, 20], []
[2025-01-29 23:41:36,941][__main__][INFO] - [15, 16, 21], []
[2025-01-29 23:41:36,980][__main__][INFO] - [15, 16, 23], []
[2025-01-29 23:41:37,004][__main__][INFO] - [15, 16, 24], []
[2025-01-29 23:41:37,059][__main__][INFO] - [15, 17], [16]
[2025-01-29 23:41:37,084][__main__][INFO] - [15, 18], [16]
[2025-01-29 23:41:37,108][__main__][INFO] - [15, 19], [16]
[2025-01-29 23:41:37,132][__main__][INFO] - [15, 20], [16]
[2025-01-29 23:41:37,156][__main__][INFO] - [15, 21], [16]
[2025-01-29 23:41:37,196][__main__][INFO] - [15, 23], [16]
[2025-01-29 23:41:37,220][__main__][INFO] - [15, 24], [16]
