[2025-01-29 13:11:07,414][__main__][INFO] - In total, there are 1229 possible subgroups
[2025-01-29 13:11:07,442][__main__][INFO] - [0], []
[2025-01-29 13:11:07,624][__main__][INFO] - [1], []
[2025-01-29 13:11:07,857][__main__][INFO] - [2], []
[2025-01-29 13:11:08,078][__main__][INFO] - [3], []
[2025-01-29 13:11:08,253][__main__][INFO] - [4], []
[2025-01-29 13:11:08,470][__main__][INFO] - [5], []
[2025-01-29 13:11:08,657][__main__][INFO] - [6], []
[2025-01-29 13:11:08,738][__main__][INFO] - [7], []
[2025-01-29 13:11:08,775][__main__][INFO] - [8], []
[2025-01-29 13:11:08,796][__main__][INFO] - [9], []
[2025-01-29 13:11:08,814][__main__][INFO] - [10], []
[2025-01-29 13:11:09,680][__main__][INFO] - [11], []
[2025-01-29 13:11:09,719][__main__][INFO] - [12], []
[2025-01-29 13:11:09,873][__main__][INFO] - [13], []
[2025-01-29 13:11:09,895][__main__][INFO] - [14], []
[2025-01-29 13:11:09,915][__main__][INFO] - [15], []
[2025-01-29 13:11:10,098][__main__][INFO] - [16], []
[2025-01-29 13:11:10,669][__main__][INFO] - [], [16]
[2025-01-29 13:11:11,315][__main__][INFO] - [17], []
[2025-01-29 13:11:11,447][__main__][INFO] - [18], []
[2025-01-29 13:11:12,216][__main__][INFO] - [19], []
[2025-01-29 13:11:12,269][__main__][INFO] - [20], []
[2025-01-29 13:11:12,323][__main__][INFO] - [21], []
[2025-01-29 13:11:12,344][__main__][INFO] - [22], []
[2025-01-29 13:11:12,364][__main__][INFO] - [23], []
[2025-01-29 13:11:12,550][__main__][INFO] - [24], []
[2025-01-29 13:11:12,569][__main__][INFO] - [25], []
[2025-01-29 13:11:12,618][__main__][INFO] - [0, 10], []
[2025-01-29 13:11:12,778][__main__][INFO] - [0, 11], []
[2025-01-29 13:11:12,799][__main__][INFO] - [0, 12], []
[2025-01-29 13:11:12,825][__main__][INFO] - [0, 13], []
[2025-01-29 13:11:12,846][__main__][INFO] - [0, 14], []
[2025-01-29 13:11:12,866][__main__][INFO] - [0, 15], []
[2025-01-29 13:11:12,894][__main__][INFO] - [0, 16], []
[2025-01-29 13:11:12,987][__main__][INFO] - [0], [16]
[2025-01-29 13:11:13,083][__main__][INFO] - [0, 17], []
[2025-01-29 13:11:13,122][__main__][INFO] - [0, 18], []
[2025-01-29 13:11:13,232][__main__][INFO] - [0, 19], []
[2025-01-29 13:11:13,261][__main__][INFO] - [0, 20], []
[2025-01-29 13:11:13,286][__main__][INFO] - [0, 21], []
[2025-01-29 13:11:13,307][__main__][INFO] - [0, 22], []
[2025-01-29 13:11:13,330][__main__][INFO] - [0, 23], []
[2025-01-29 13:11:13,365][__main__][INFO] - [0, 24], []
[2025-01-29 13:11:13,414][__main__][INFO] - [1, 10], []
[2025-01-29 13:11:13,597][__main__][INFO] - [1, 11], []
[2025-01-29 13:11:13,621][__main__][INFO] - [1, 12], []
[2025-01-29 13:11:13,656][__main__][INFO] - [1, 13], []
[2025-01-29 13:11:13,676][__main__][INFO] - [1, 14], []
[2025-01-29 13:11:13,697][__main__][INFO] - [1, 15], []
[2025-01-29 13:11:13,735][__main__][INFO] - [1, 16], []
[2025-01-29 13:11:13,848][__main__][INFO] - [1], [16]
[2025-01-29 13:11:13,973][__main__][INFO] - [1, 17], []
[2025-01-29 13:11:14,017][__main__][INFO] - [1, 18], []
[2025-01-29 13:11:14,155][__main__][INFO] - [1, 19], []
[2025-01-29 13:11:14,183][__main__][INFO] - [1, 20], []
[2025-01-29 13:11:14,210][__main__][INFO] - [1, 21], []
[2025-01-29 13:11:14,231][__main__][INFO] - [1, 22], []
[2025-01-29 13:11:14,251][__main__][INFO] - [1, 23], []
[2025-01-29 13:11:14,298][__main__][INFO] - [1, 24], []
[2025-01-29 13:11:14,347][__main__][INFO] - [2, 10], []
[2025-01-29 13:11:14,494][__main__][INFO] - [2, 11], []
[2025-01-29 13:11:14,518][__main__][INFO] - [2, 12], []
[2025-01-29 13:11:14,561][__main__][INFO] - [2, 13], []
[2025-01-29 13:11:14,582][__main__][INFO] - [2, 14], []
[2025-01-29 13:11:14,603][__main__][INFO] - [2, 15], []
[2025-01-29 13:11:14,651][__main__][INFO] - [2, 16], []
[2025-01-29 13:11:14,755][__main__][INFO] - [2], [16]
[2025-01-29 13:11:14,881][__main__][INFO] - [2, 17], []
[2025-01-29 13:11:14,922][__main__][INFO] - [2, 18], []
[2025-01-29 13:11:15,055][__main__][INFO] - [2, 19], []
[2025-01-29 13:11:15,081][__main__][INFO] - [2, 20], []
[2025-01-29 13:11:15,106][__main__][INFO] - [2, 21], []
[2025-01-29 13:11:15,127][__main__][INFO] - [2, 22], []
[2025-01-29 13:11:15,148][__main__][INFO] - [2, 23], []
[2025-01-29 13:11:15,197][__main__][INFO] - [2, 24], []
[2025-01-29 13:11:15,246][__main__][INFO] - [3, 10], []
[2025-01-29 13:11:15,351][__main__][INFO] - [3, 11], []
[2025-01-29 13:11:15,375][__main__][INFO] - [3, 12], []
[2025-01-29 13:11:15,418][__main__][INFO] - [3, 13], []
[2025-01-29 13:11:15,439][__main__][INFO] - [3, 14], []
[2025-01-29 13:11:15,460][__main__][INFO] - [3, 15], []
[2025-01-29 13:11:15,509][__main__][INFO] - [3, 16], []
[2025-01-29 13:11:15,596][__main__][INFO] - [3], [16]
[2025-01-29 13:11:15,693][__main__][INFO] - [3, 17], []
[2025-01-29 13:11:15,728][__main__][INFO] - [3, 18], []
[2025-01-29 13:11:15,834][__main__][INFO] - [3, 19], []
[2025-01-29 13:11:15,858][__main__][INFO] - [3, 20], []
[2025-01-29 13:11:15,882][__main__][INFO] - [3, 21], []
[2025-01-29 13:11:15,903][__main__][INFO] - [3, 22], []
[2025-01-29 13:11:15,923][__main__][INFO] - [3, 23], []
[2025-01-29 13:11:15,968][__main__][INFO] - [3, 24], []
[2025-01-29 13:11:16,017][__main__][INFO] - [4, 10], []
[2025-01-29 13:11:16,147][__main__][INFO] - [4, 11], []
[2025-01-29 13:11:16,171][__main__][INFO] - [4, 12], []
[2025-01-29 13:11:16,219][__main__][INFO] - [4, 13], []
[2025-01-29 13:11:16,240][__main__][INFO] - [4, 14], []
[2025-01-29 13:11:16,260][__main__][INFO] - [4, 15], []
[2025-01-29 13:11:16,317][__main__][INFO] - [4, 16], []
[2025-01-29 13:11:16,422][__main__][INFO] - [4], [16]
[2025-01-29 13:11:16,539][__main__][INFO] - [4, 17], []
[2025-01-29 13:11:16,577][__main__][INFO] - [4, 18], []
[2025-01-29 13:11:16,717][__main__][INFO] - [4, 19], []
[2025-01-29 13:11:16,741][__main__][INFO] - [4, 20], []
[2025-01-29 13:11:16,767][__main__][INFO] - [4, 21], []
[2025-01-29 13:11:16,788][__main__][INFO] - [4, 22], []
[2025-01-29 13:11:16,808][__main__][INFO] - [4, 23], []
[2025-01-29 13:11:16,862][__main__][INFO] - [4, 24], []
[2025-01-29 13:11:16,911][__main__][INFO] - [5, 10], []
[2025-01-29 13:11:17,035][__main__][INFO] - [5, 11], []
[2025-01-29 13:11:17,059][__main__][INFO] - [5, 12], []
[2025-01-29 13:11:17,103][__main__][INFO] - [5, 13], []
[2025-01-29 13:11:17,123][__main__][INFO] - [5, 14], []
[2025-01-29 13:11:17,144][__main__][INFO] - [5, 15], []
[2025-01-29 13:11:17,188][__main__][INFO] - [5, 16], []
[2025-01-29 13:11:17,282][__main__][INFO] - [5], [16]
[2025-01-29 13:11:17,390][__main__][INFO] - [5, 17], []
[2025-01-29 13:11:17,420][__main__][INFO] - [5, 18], []
[2025-01-29 13:11:17,550][__main__][INFO] - [5, 19], []
[2025-01-29 13:11:17,573][__main__][INFO] - [5, 20], []
[2025-01-29 13:11:17,599][__main__][INFO] - [5, 21], []
[2025-01-29 13:11:17,619][__main__][INFO] - [5, 22], []
[2025-01-29 13:11:17,640][__main__][INFO] - [5, 23], []
[2025-01-29 13:11:17,682][__main__][INFO] - [5, 24], []
[2025-01-29 13:11:17,731][__main__][INFO] - [6, 10], []
[2025-01-29 13:11:17,794][__main__][INFO] - [6, 11], []
[2025-01-29 13:11:17,815][__main__][INFO] - [6, 12], []
[2025-01-29 13:11:17,849][__main__][INFO] - [6, 13], []
[2025-01-29 13:11:17,869][__main__][INFO] - [6, 14], []
[2025-01-29 13:11:17,889][__main__][INFO] - [6, 15], []
[2025-01-29 13:11:17,915][__main__][INFO] - [6, 16], []
[2025-01-29 13:11:17,962][__main__][INFO] - [6], [16]
[2025-01-29 13:11:18,014][__main__][INFO] - [6, 17], []
[2025-01-29 13:11:18,036][__main__][INFO] - [6, 18], []
[2025-01-29 13:11:18,101][__main__][INFO] - [6, 19], []
[2025-01-29 13:11:18,122][__main__][INFO] - [6, 20], []
[2025-01-29 13:11:18,144][__main__][INFO] - [6, 21], []
[2025-01-29 13:11:18,164][__main__][INFO] - [6, 22], []
[2025-01-29 13:11:18,184][__main__][INFO] - [6, 23], []
[2025-01-29 13:11:18,212][__main__][INFO] - [6, 24], []
[2025-01-29 13:11:18,261][__main__][INFO] - [7, 10], []
[2025-01-29 13:11:18,295][__main__][INFO] - [7, 11], []
[2025-01-29 13:11:18,315][__main__][INFO] - [7, 12], []
[2025-01-29 13:11:18,336][__main__][INFO] - [7, 13], []
[2025-01-29 13:11:18,361][__main__][INFO] - [7, 14], []
[2025-01-29 13:11:18,381][__main__][INFO] - [7, 15], []
[2025-01-29 13:11:18,402][__main__][INFO] - [7, 16], []
[2025-01-29 13:11:18,429][__main__][INFO] - [7], [16]
[2025-01-29 13:11:18,459][__main__][INFO] - [7, 17], []
[2025-01-29 13:11:18,480][__main__][INFO] - [7, 18], []
[2025-01-29 13:11:18,514][__main__][INFO] - [7, 19], []
[2025-01-29 13:11:18,534][__main__][INFO] - [7, 20], []
[2025-01-29 13:11:18,555][__main__][INFO] - [7, 21], []
[2025-01-29 13:11:18,590][__main__][INFO] - [7, 23], []
[2025-01-29 13:11:18,655][__main__][INFO] - [8, 10], []
[2025-01-29 13:11:18,677][__main__][INFO] - [8, 11], []
[2025-01-29 13:11:18,697][__main__][INFO] - [8, 12], []
[2025-01-29 13:11:18,746][__main__][INFO] - [8, 15], []
[2025-01-29 13:11:18,766][__main__][INFO] - [8, 16], []
[2025-01-29 13:11:18,788][__main__][INFO] - [8], [16]
[2025-01-29 13:11:18,809][__main__][INFO] - [8, 17], []
[2025-01-29 13:11:18,830][__main__][INFO] - [8, 18], []
[2025-01-29 13:11:18,852][__main__][INFO] - [8, 19], []
[2025-01-29 13:11:18,872][__main__][INFO] - [8, 20], []
[2025-01-29 13:11:18,922][__main__][INFO] - [8, 23], []
[2025-01-29 13:11:18,985][__main__][INFO] - [9, 10], []
[2025-01-29 13:11:19,020][__main__][INFO] - [9, 12], []
[2025-01-29 13:11:19,084][__main__][INFO] - [9, 16], []
[2025-01-29 13:11:19,104][__main__][INFO] - [9], [16]
[2025-01-29 13:11:19,139][__main__][INFO] - [9, 18], []
[2025-01-29 13:11:19,218][__main__][INFO] - [9, 23], []
[2025-01-29 13:11:19,281][__main__][INFO] - [10, 16], []
[2025-01-29 13:11:19,678][__main__][INFO] - [10], [16]
[2025-01-29 13:11:20,102][__main__][INFO] - [10, 17], []
[2025-01-29 13:11:20,175][__main__][INFO] - [10, 18], []
[2025-01-29 13:11:20,786][__main__][INFO] - [10, 19], []
[2025-01-29 13:11:20,834][__main__][INFO] - [10, 20], []
[2025-01-29 13:11:20,891][__main__][INFO] - [10, 21], []
[2025-01-29 13:11:20,915][__main__][INFO] - [10, 22], []
[2025-01-29 13:11:20,937][__main__][INFO] - [10, 23], []
[2025-01-29 13:11:20,997][__main__][INFO] - [10, 24], []
[2025-01-29 13:11:21,018][__main__][INFO] - [10, 25], []
[2025-01-29 13:11:21,053][__main__][INFO] - [11, 16], []
[2025-01-29 13:11:21,082][__main__][INFO] - [11], [16]
[2025-01-29 13:11:21,112][__main__][INFO] - [11, 17], []
[2025-01-29 13:11:21,132][__main__][INFO] - [11, 18], []
[2025-01-29 13:11:21,171][__main__][INFO] - [11, 19], []
[2025-01-29 13:11:21,192][__main__][INFO] - [11, 20], []
[2025-01-29 13:11:21,241][__main__][INFO] - [11, 23], []
[2025-01-29 13:11:21,305][__main__][INFO] - [12, 16], []
[2025-01-29 13:11:21,386][__main__][INFO] - [12], [16]
[2025-01-29 13:11:21,469][__main__][INFO] - [12, 17], []
[2025-01-29 13:11:21,490][__main__][INFO] - [12, 18], []
[2025-01-29 13:11:21,518][__main__][INFO] - [12, 19], []
[2025-01-29 13:11:21,540][__main__][INFO] - [12, 20], []
[2025-01-29 13:11:21,590][__main__][INFO] - [12, 23], []
[2025-01-29 13:11:21,772][__main__][INFO] - [13, 16], []
[2025-01-29 13:11:21,793][__main__][INFO] - [13], [16]
[2025-01-29 13:11:21,815][__main__][INFO] - [13, 17], []
[2025-01-29 13:11:21,835][__main__][INFO] - [13, 18], []
[2025-01-29 13:11:21,856][__main__][INFO] - [13, 19], []
[2025-01-29 13:11:21,876][__main__][INFO] - [13, 20], []
[2025-01-29 13:11:21,927][__main__][INFO] - [13, 23], []
[2025-01-29 13:11:21,991][__main__][INFO] - [14, 16], []
[2025-01-29 13:11:22,011][__main__][INFO] - [14], [16]
[2025-01-29 13:11:22,047][__main__][INFO] - [14, 18], []
[2025-01-29 13:11:22,067][__main__][INFO] - [14, 19], []
[2025-01-29 13:11:22,116][__main__][INFO] - [14, 22], []
[2025-01-29 13:11:22,137][__main__][INFO] - [14, 23], []
[2025-01-29 13:11:22,200][__main__][INFO] - [15, 16], []
[2025-01-29 13:11:22,283][__main__][INFO] - [15], [16]
[2025-01-29 13:11:22,393][__main__][INFO] - [15, 17], []
[2025-01-29 13:11:22,468][__main__][INFO] - [15, 18], []
[2025-01-29 13:11:22,572][__main__][INFO] - [15, 19], []
[2025-01-29 13:11:22,594][__main__][INFO] - [15, 20], []
[2025-01-29 13:11:22,615][__main__][INFO] - [15, 21], []
[2025-01-29 13:11:22,636][__main__][INFO] - [15, 22], []
[2025-01-29 13:11:22,656][__main__][INFO] - [15, 23], []
[2025-01-29 13:11:22,676][__main__][INFO] - [15, 24], []
[2025-01-29 13:11:22,726][__main__][INFO] - [16, 17], []
[2025-01-29 13:11:22,792][__main__][INFO] - [16, 18], []
[2025-01-29 13:11:23,124][__main__][INFO] - [16, 19], []
[2025-01-29 13:11:23,160][__main__][INFO] - [16, 20], []
[2025-01-29 13:11:23,196][__main__][INFO] - [16, 21], []
[2025-01-29 13:11:23,218][__main__][INFO] - [16, 22], []
[2025-01-29 13:11:23,239][__main__][INFO] - [16, 23], []
[2025-01-29 13:11:23,335][__main__][INFO] - [16, 24], []
[2025-01-29 13:11:23,385][__main__][INFO] - [17], [16]
[2025-01-29 13:11:23,470][__main__][INFO] - [18], [16]
[2025-01-29 13:11:23,863][__main__][INFO] - [19], [16]
[2025-01-29 13:11:23,909][__main__][INFO] - [20], [16]
[2025-01-29 13:11:23,945][__main__][INFO] - [21], [16]
[2025-01-29 13:11:23,966][__main__][INFO] - [22], [16]
[2025-01-29 13:11:23,987][__main__][INFO] - [23], [16]
[2025-01-29 13:11:24,082][__main__][INFO] - [24], [16]
[2025-01-29 13:11:24,160][__main__][INFO] - [0, 10, 16], []
[2025-01-29 13:11:24,247][__main__][INFO] - [0, 10], [16]
[2025-01-29 13:11:24,335][__main__][INFO] - [0, 10, 17], []
[2025-01-29 13:11:24,374][__main__][INFO] - [0, 10, 18], []
[2025-01-29 13:11:24,478][__main__][INFO] - [0, 10, 19], []
[2025-01-29 13:11:24,508][__main__][INFO] - [0, 10, 20], []
[2025-01-29 13:11:24,536][__main__][INFO] - [0, 10, 21], []
[2025-01-29 13:11:24,560][__main__][INFO] - [0, 10, 22], []
[2025-01-29 13:11:24,582][__main__][INFO] - [0, 10, 23], []
[2025-01-29 13:11:24,614][__main__][INFO] - [0, 10, 24], []
[2025-01-29 13:11:24,667][__main__][INFO] - [0, 11, 16], []
[2025-01-29 13:11:24,690][__main__][INFO] - [0, 11], [16]
[2025-01-29 13:11:24,728][__main__][INFO] - [0, 11, 18], []
[2025-01-29 13:11:24,752][__main__][INFO] - [0, 11, 19], []
[2025-01-29 13:11:24,818][__main__][INFO] - [0, 11, 23], []
[2025-01-29 13:11:24,886][__main__][INFO] - [0, 12, 16], []
[2025-01-29 13:11:24,911][__main__][INFO] - [0, 12], [16]
[2025-01-29 13:11:24,952][__main__][INFO] - [0, 12, 18], []
[2025-01-29 13:11:24,975][__main__][INFO] - [0, 12, 19], []
[2025-01-29 13:11:25,042][__main__][INFO] - [0, 12, 23], []
[2025-01-29 13:11:25,114][__main__][INFO] - [0, 13, 16], []
[2025-01-29 13:11:25,137][__main__][INFO] - [0, 13], [16]
[2025-01-29 13:11:25,175][__main__][INFO] - [0, 13, 18], []
[2025-01-29 13:11:25,212][__main__][INFO] - [0, 13, 20], []
[2025-01-29 13:11:25,324][__main__][INFO] - [0, 14, 16], []
[2025-01-29 13:11:25,346][__main__][INFO] - [0, 14], [16]
[2025-01-29 13:11:25,383][__main__][INFO] - [0, 14, 18], []
[2025-01-29 13:11:25,450][__main__][INFO] - [0, 14, 22], []
[2025-01-29 13:11:25,532][__main__][INFO] - [0, 15, 16], []
[2025-01-29 13:11:25,558][__main__][INFO] - [0, 15], [16]
[2025-01-29 13:11:25,584][__main__][INFO] - [0, 15, 17], []
[2025-01-29 13:11:25,609][__main__][INFO] - [0, 15, 18], []
[2025-01-29 13:11:25,636][__main__][INFO] - [0, 15, 19], []
[2025-01-29 13:11:25,658][__main__][INFO] - [0, 15, 20], []
[2025-01-29 13:11:25,681][__main__][INFO] - [0, 15, 21], []
[2025-01-29 13:11:25,718][__main__][INFO] - [0, 15, 23], []
[2025-01-29 13:11:25,785][__main__][INFO] - [0, 16, 17], []
[2025-01-29 13:11:25,816][__main__][INFO] - [0, 16, 18], []
[2025-01-29 13:11:25,879][__main__][INFO] - [0, 16, 19], []
[2025-01-29 13:11:25,905][__main__][INFO] - [0, 16, 20], []
[2025-01-29 13:11:25,930][__main__][INFO] - [0, 16, 21], []
[2025-01-29 13:11:25,952][__main__][INFO] - [0, 16, 22], []
[2025-01-29 13:11:25,974][__main__][INFO] - [0, 16, 23], []
[2025-01-29 13:11:26,004][__main__][INFO] - [0, 16, 24], []
[2025-01-29 13:11:26,055][__main__][INFO] - [0, 17], [16]
[2025-01-29 13:11:26,087][__main__][INFO] - [0, 18], [16]
[2025-01-29 13:11:26,151][__main__][INFO] - [0, 19], [16]
[2025-01-29 13:11:26,177][__main__][INFO] - [0, 20], [16]
[2025-01-29 13:11:26,203][__main__][INFO] - [0, 21], [16]
[2025-01-29 13:11:26,225][__main__][INFO] - [0, 22], [16]
[2025-01-29 13:11:26,248][__main__][INFO] - [0, 23], [16]
[2025-01-29 13:11:26,277][__main__][INFO] - [0, 24], [16]
[2025-01-29 13:11:26,344][__main__][INFO] - [1, 10, 16], []
[2025-01-29 13:11:26,439][__main__][INFO] - [1, 10], [16]
[2025-01-29 13:11:26,542][__main__][INFO] - [1, 10, 17], []
[2025-01-29 13:11:26,581][__main__][INFO] - [1, 10, 18], []
[2025-01-29 13:11:26,705][__main__][INFO] - [1, 10, 19], []
[2025-01-29 13:11:26,735][__main__][INFO] - [1, 10, 20], []
[2025-01-29 13:11:26,764][__main__][INFO] - [1, 10, 21], []
[2025-01-29 13:11:26,788][__main__][INFO] - [1, 10, 22], []
[2025-01-29 13:11:26,811][__main__][INFO] - [1, 10, 23], []
[2025-01-29 13:11:26,846][__main__][INFO] - [1, 10, 24], []
[2025-01-29 13:11:26,899][__main__][INFO] - [1, 11, 16], []
[2025-01-29 13:11:26,923][__main__][INFO] - [1, 11], [16]
[2025-01-29 13:11:26,962][__main__][INFO] - [1, 11, 18], []
[2025-01-29 13:11:26,987][__main__][INFO] - [1, 11, 19], []
[2025-01-29 13:11:27,010][__main__][INFO] - [1, 11, 20], []
[2025-01-29 13:11:27,063][__main__][INFO] - [1, 11, 23], []
[2025-01-29 13:11:27,130][__main__][INFO] - [1, 12, 16], []
[2025-01-29 13:11:27,159][__main__][INFO] - [1, 12], [16]
[2025-01-29 13:11:27,204][__main__][INFO] - [1, 12, 18], []
[2025-01-29 13:11:27,228][__main__][INFO] - [1, 12, 19], []
[2025-01-29 13:11:27,296][__main__][INFO] - [1, 12, 23], []
[2025-01-29 13:11:27,376][__main__][INFO] - [1, 13, 16], []
[2025-01-29 13:11:27,399][__main__][INFO] - [1, 13], [16]
[2025-01-29 13:11:27,436][__main__][INFO] - [1, 13, 18], []
[2025-01-29 13:11:27,474][__main__][INFO] - [1, 13, 20], []
[2025-01-29 13:11:27,586][__main__][INFO] - [1, 14, 16], []
[2025-01-29 13:11:27,609][__main__][INFO] - [1, 14], [16]
[2025-01-29 13:11:27,646][__main__][INFO] - [1, 14, 18], []
[2025-01-29 13:11:27,713][__main__][INFO] - [1, 14, 22], []
[2025-01-29 13:11:27,736][__main__][INFO] - [1, 14, 23], []
[2025-01-29 13:11:27,803][__main__][INFO] - [1, 15, 16], []
[2025-01-29 13:11:27,833][__main__][INFO] - [1, 15], [16]
[2025-01-29 13:11:27,865][__main__][INFO] - [1, 15, 17], []
[2025-01-29 13:11:27,893][__main__][INFO] - [1, 15, 18], []
[2025-01-29 13:11:27,925][__main__][INFO] - [1, 15, 19], []
[2025-01-29 13:11:27,948][__main__][INFO] - [1, 15, 20], []
[2025-01-29 13:11:27,971][__main__][INFO] - [1, 15, 21], []
[2025-01-29 13:11:28,008][__main__][INFO] - [1, 15, 23], []
[2025-01-29 13:11:28,031][__main__][INFO] - [1, 15, 24], []
[2025-01-29 13:11:28,084][__main__][INFO] - [1, 16, 17], []
[2025-01-29 13:11:28,116][__main__][INFO] - [1, 16, 18], []
[2025-01-29 13:11:28,189][__main__][INFO] - [1, 16, 19], []
[2025-01-29 13:11:28,215][__main__][INFO] - [1, 16, 20], []
[2025-01-29 13:11:28,241][__main__][INFO] - [1, 16, 21], []
[2025-01-29 13:11:28,264][__main__][INFO] - [1, 16, 22], []
[2025-01-29 13:11:28,286][__main__][INFO] - [1, 16, 23], []
[2025-01-29 13:11:28,321][__main__][INFO] - [1, 16, 24], []
[2025-01-29 13:11:28,373][__main__][INFO] - [1, 17], [16]
[2025-01-29 13:11:28,408][__main__][INFO] - [1, 18], [16]
[2025-01-29 13:11:28,489][__main__][INFO] - [1, 19], [16]
[2025-01-29 13:11:28,516][__main__][INFO] - [1, 20], [16]
[2025-01-29 13:11:28,541][__main__][INFO] - [1, 21], [16]
[2025-01-29 13:11:28,564][__main__][INFO] - [1, 22], [16]
[2025-01-29 13:11:28,586][__main__][INFO] - [1, 23], [16]
[2025-01-29 13:11:28,621][__main__][INFO] - [1, 24], [16]
[2025-01-29 13:11:28,688][__main__][INFO] - [2, 10, 16], []
[2025-01-29 13:11:28,766][__main__][INFO] - [2, 10], [16]
[2025-01-29 13:11:28,853][__main__][INFO] - [2, 10, 17], []
[2025-01-29 13:11:28,885][__main__][INFO] - [2, 10, 18], []
[2025-01-29 13:11:28,992][__main__][INFO] - [2, 10, 19], []
[2025-01-29 13:11:29,020][__main__][INFO] - [2, 10, 20], []
[2025-01-29 13:11:29,048][__main__][INFO] - [2, 10, 21], []
[2025-01-29 13:11:29,071][__main__][INFO] - [2, 10, 22], []
[2025-01-29 13:11:29,094][__main__][INFO] - [2, 10, 23], []
[2025-01-29 13:11:29,126][__main__][INFO] - [2, 10, 24], []
[2025-01-29 13:11:29,178][__main__][INFO] - [2, 11, 16], []
[2025-01-29 13:11:29,202][__main__][INFO] - [2, 11], [16]
[2025-01-29 13:11:29,242][__main__][INFO] - [2, 11, 18], []
[2025-01-29 13:11:29,269][__main__][INFO] - [2, 11, 19], []
[2025-01-29 13:11:29,336][__main__][INFO] - [2, 11, 23], []
[2025-01-29 13:11:29,404][__main__][INFO] - [2, 12, 16], []
[2025-01-29 13:11:29,436][__main__][INFO] - [2, 12], [16]
[2025-01-29 13:11:29,485][__main__][INFO] - [2, 12, 18], []
[2025-01-29 13:11:29,509][__main__][INFO] - [2, 12, 19], []
[2025-01-29 13:11:29,577][__main__][INFO] - [2, 12, 23], []
[2025-01-29 13:11:29,663][__main__][INFO] - [2, 13, 16], []
[2025-01-29 13:11:29,686][__main__][INFO] - [2, 13], [16]
[2025-01-29 13:11:29,724][__main__][INFO] - [2, 13, 18], []
[2025-01-29 13:11:29,762][__main__][INFO] - [2, 13, 20], []
[2025-01-29 13:11:29,815][__main__][INFO] - [2, 13, 23], []
[2025-01-29 13:11:29,882][__main__][INFO] - [2, 14, 16], []
[2025-01-29 13:11:29,905][__main__][INFO] - [2, 14], [16]
[2025-01-29 13:11:29,943][__main__][INFO] - [2, 14, 18], []
[2025-01-29 13:11:30,010][__main__][INFO] - [2, 14, 22], []
[2025-01-29 13:11:30,033][__main__][INFO] - [2, 14, 23], []
[2025-01-29 13:11:30,101][__main__][INFO] - [2, 15, 16], []
[2025-01-29 13:11:30,134][__main__][INFO] - [2, 15], [16]
[2025-01-29 13:11:30,173][__main__][INFO] - [2, 15, 17], []
[2025-01-29 13:11:30,206][__main__][INFO] - [2, 15, 18], []
[2025-01-29 13:11:30,243][__main__][INFO] - [2, 15, 19], []
[2025-01-29 13:11:30,266][__main__][INFO] - [2, 15, 20], []
[2025-01-29 13:11:30,289][__main__][INFO] - [2, 15, 21], []
[2025-01-29 13:11:30,327][__main__][INFO] - [2, 15, 23], []
[2025-01-29 13:11:30,350][__main__][INFO] - [2, 15, 24], []
[2025-01-29 13:11:30,402][__main__][INFO] - [2, 16, 17], []
[2025-01-29 13:11:30,432][__main__][INFO] - [2, 16, 18], []
[2025-01-29 13:11:30,500][__main__][INFO] - [2, 16, 19], []
[2025-01-29 13:11:30,526][__main__][INFO] - [2, 16, 20], []
[2025-01-29 13:11:30,550][__main__][INFO] - [2, 16, 21], []
[2025-01-29 13:11:30,573][__main__][INFO] - [2, 16, 22], []
[2025-01-29 13:11:30,596][__main__][INFO] - [2, 16, 23], []
[2025-01-29 13:11:30,632][__main__][INFO] - [2, 16, 24], []
[2025-01-29 13:11:30,685][__main__][INFO] - [2, 17], [16]
[2025-01-29 13:11:30,718][__main__][INFO] - [2, 18], [16]
[2025-01-29 13:11:30,798][__main__][INFO] - [2, 19], [16]
[2025-01-29 13:11:30,823][__main__][INFO] - [2, 20], [16]
[2025-01-29 13:11:30,848][__main__][INFO] - [2, 21], [16]
[2025-01-29 13:11:30,871][__main__][INFO] - [2, 22], [16]
[2025-01-29 13:11:30,894][__main__][INFO] - [2, 23], [16]
[2025-01-29 13:11:30,930][__main__][INFO] - [2, 24], [16]
[2025-01-29 13:11:30,997][__main__][INFO] - [3, 10, 16], []
[2025-01-29 13:11:31,056][__main__][INFO] - [3, 10], [16]
[2025-01-29 13:11:31,120][__main__][INFO] - [3, 10, 17], []
[2025-01-29 13:11:31,147][__main__][INFO] - [3, 10, 18], []
[2025-01-29 13:11:31,230][__main__][INFO] - [3, 10, 19], []
[2025-01-29 13:11:31,255][__main__][INFO] - [3, 10, 20], []
[2025-01-29 13:11:31,282][__main__][INFO] - [3, 10, 21], []
[2025-01-29 13:11:31,305][__main__][INFO] - [3, 10, 22], []
[2025-01-29 13:11:31,328][__main__][INFO] - [3, 10, 23], []
[2025-01-29 13:11:31,355][__main__][INFO] - [3, 10, 24], []
[2025-01-29 13:11:31,407][__main__][INFO] - [3, 11, 16], []
[2025-01-29 13:11:31,431][__main__][INFO] - [3, 11], [16]
[2025-01-29 13:11:31,471][__main__][INFO] - [3, 11, 18], []
[2025-01-29 13:11:31,496][__main__][INFO] - [3, 11, 19], []
[2025-01-29 13:11:31,564][__main__][INFO] - [3, 11, 23], []
[2025-01-29 13:11:31,631][__main__][INFO] - [3, 12, 16], []
[2025-01-29 13:11:31,665][__main__][INFO] - [3, 12], [16]
[2025-01-29 13:11:31,713][__main__][INFO] - [3, 12, 18], []
[2025-01-29 13:11:31,737][__main__][INFO] - [3, 12, 19], []
[2025-01-29 13:11:31,804][__main__][INFO] - [3, 12, 23], []
[2025-01-29 13:11:31,892][__main__][INFO] - [3, 13, 16], []
[2025-01-29 13:11:31,915][__main__][INFO] - [3, 13], [16]
[2025-01-29 13:11:31,953][__main__][INFO] - [3, 13, 18], []
[2025-01-29 13:11:31,990][__main__][INFO] - [3, 13, 20], []
[2025-01-29 13:11:32,044][__main__][INFO] - [3, 13, 23], []
[2025-01-29 13:11:32,111][__main__][INFO] - [3, 14, 16], []
[2025-01-29 13:11:32,134][__main__][INFO] - [3, 14], [16]
[2025-01-29 13:11:32,171][__main__][INFO] - [3, 14, 18], []
[2025-01-29 13:11:32,194][__main__][INFO] - [3, 14, 19], []
[2025-01-29 13:11:32,246][__main__][INFO] - [3, 14, 22], []
[2025-01-29 13:11:32,269][__main__][INFO] - [3, 14, 23], []
[2025-01-29 13:11:32,337][__main__][INFO] - [3, 15, 16], []
[2025-01-29 13:11:32,371][__main__][INFO] - [3, 15], [16]
[2025-01-29 13:11:32,409][__main__][INFO] - [3, 15, 17], []
[2025-01-29 13:11:32,441][__main__][INFO] - [3, 15, 18], []
[2025-01-29 13:11:32,479][__main__][INFO] - [3, 15, 19], []
[2025-01-29 13:11:32,502][__main__][INFO] - [3, 15, 20], []
[2025-01-29 13:11:32,525][__main__][INFO] - [3, 15, 21], []
[2025-01-29 13:11:32,563][__main__][INFO] - [3, 15, 23], []
[2025-01-29 13:11:32,586][__main__][INFO] - [3, 15, 24], []
[2025-01-29 13:11:32,638][__main__][INFO] - [3, 16, 17], []
[2025-01-29 13:11:32,667][__main__][INFO] - [3, 16, 18], []
[2025-01-29 13:11:32,726][__main__][INFO] - [3, 16, 19], []
[2025-01-29 13:11:32,750][__main__][INFO] - [3, 16, 20], []
[2025-01-29 13:11:32,774][__main__][INFO] - [3, 16, 21], []
[2025-01-29 13:11:32,797][__main__][INFO] - [3, 16, 22], []
[2025-01-29 13:11:32,820][__main__][INFO] - [3, 16, 23], []
[2025-01-29 13:11:32,854][__main__][INFO] - [3, 16, 24], []
[2025-01-29 13:11:32,906][__main__][INFO] - [3, 17], [16]
[2025-01-29 13:11:32,936][__main__][INFO] - [3, 18], [16]
[2025-01-29 13:11:33,002][__main__][INFO] - [3, 19], [16]
[2025-01-29 13:11:33,026][__main__][INFO] - [3, 20], [16]
[2025-01-29 13:11:33,050][__main__][INFO] - [3, 21], [16]
[2025-01-29 13:11:33,073][__main__][INFO] - [3, 22], [16]
[2025-01-29 13:11:33,096][__main__][INFO] - [3, 23], [16]
[2025-01-29 13:11:33,130][__main__][INFO] - [3, 24], [16]
[2025-01-29 13:11:33,196][__main__][INFO] - [4, 10, 16], []
[2025-01-29 13:11:33,266][__main__][INFO] - [4, 10], [16]
[2025-01-29 13:11:33,342][__main__][INFO] - [4, 10, 17], []
[2025-01-29 13:11:33,368][__main__][INFO] - [4, 10, 18], []
[2025-01-29 13:11:33,478][__main__][INFO] - [4, 10, 19], []
[2025-01-29 13:11:33,504][__main__][INFO] - [4, 10, 20], []
[2025-01-29 13:11:33,531][__main__][INFO] - [4, 10, 21], []
[2025-01-29 13:11:33,555][__main__][INFO] - [4, 10, 22], []
[2025-01-29 13:11:33,578][__main__][INFO] - [4, 10, 23], []
[2025-01-29 13:11:33,603][__main__][INFO] - [4, 10, 24], []
[2025-01-29 13:11:33,656][__main__][INFO] - [4, 11, 16], []
[2025-01-29 13:11:33,680][__main__][INFO] - [4, 11], [16]
[2025-01-29 13:11:33,720][__main__][INFO] - [4, 11, 18], []
[2025-01-29 13:11:33,746][__main__][INFO] - [4, 11, 19], []
[2025-01-29 13:11:33,769][__main__][INFO] - [4, 11, 20], []
[2025-01-29 13:11:33,822][__main__][INFO] - [4, 11, 23], []
[2025-01-29 13:11:33,889][__main__][INFO] - [4, 12, 16], []
[2025-01-29 13:11:33,925][__main__][INFO] - [4, 12], [16]
[2025-01-29 13:11:33,975][__main__][INFO] - [4, 12, 18], []
[2025-01-29 13:11:33,999][__main__][INFO] - [4, 12, 19], []
[2025-01-29 13:11:34,067][__main__][INFO] - [4, 12, 23], []
[2025-01-29 13:11:34,158][__main__][INFO] - [4, 13, 16], []
[2025-01-29 13:11:34,181][__main__][INFO] - [4, 13], [16]
[2025-01-29 13:11:34,219][__main__][INFO] - [4, 13, 18], []
[2025-01-29 13:11:34,257][__main__][INFO] - [4, 13, 20], []
[2025-01-29 13:11:34,310][__main__][INFO] - [4, 13, 23], []
[2025-01-29 13:11:34,377][__main__][INFO] - [4, 14, 16], []
[2025-01-29 13:11:34,400][__main__][INFO] - [4, 14], [16]
[2025-01-29 13:11:34,438][__main__][INFO] - [4, 14, 18], []
[2025-01-29 13:11:34,460][__main__][INFO] - [4, 14, 19], []
[2025-01-29 13:11:34,512][__main__][INFO] - [4, 14, 22], []
[2025-01-29 13:11:34,595][__main__][INFO] - [4, 15, 16], []
[2025-01-29 13:11:34,632][__main__][INFO] - [4, 15], [16]
[2025-01-29 13:11:34,674][__main__][INFO] - [4, 15, 17], []
[2025-01-29 13:11:34,710][__main__][INFO] - [4, 15, 18], []
[2025-01-29 13:11:34,751][__main__][INFO] - [4, 15, 19], []
[2025-01-29 13:11:34,774][__main__][INFO] - [4, 15, 20], []
[2025-01-29 13:11:34,797][__main__][INFO] - [4, 15, 21], []
[2025-01-29 13:11:34,835][__main__][INFO] - [4, 15, 23], []
[2025-01-29 13:11:34,858][__main__][INFO] - [4, 15, 24], []
[2025-01-29 13:11:34,910][__main__][INFO] - [4, 16, 17], []
[2025-01-29 13:11:34,940][__main__][INFO] - [4, 16, 18], []
[2025-01-29 13:11:35,011][__main__][INFO] - [4, 16, 19], []
[2025-01-29 13:11:35,036][__main__][INFO] - [4, 16, 20], []
[2025-01-29 13:11:35,062][__main__][INFO] - [4, 16, 21], []
[2025-01-29 13:11:35,084][__main__][INFO] - [4, 16, 22], []
[2025-01-29 13:11:35,107][__main__][INFO] - [4, 16, 23], []
[2025-01-29 13:11:35,143][__main__][INFO] - [4, 16, 24], []
[2025-01-29 13:11:35,196][__main__][INFO] - [4, 17], [16]
[2025-01-29 13:11:35,228][__main__][INFO] - [4, 18], [16]
[2025-01-29 13:11:35,309][__main__][INFO] - [4, 19], [16]
[2025-01-29 13:11:35,333][__main__][INFO] - [4, 20], [16]
[2025-01-29 13:11:35,358][__main__][INFO] - [4, 21], [16]
[2025-01-29 13:11:35,381][__main__][INFO] - [4, 22], [16]
[2025-01-29 13:11:35,404][__main__][INFO] - [4, 23], [16]
[2025-01-29 13:11:35,441][__main__][INFO] - [4, 24], [16]
[2025-01-29 13:11:35,508][__main__][INFO] - [5, 10, 16], []
[2025-01-29 13:11:35,578][__main__][INFO] - [5, 10], [16]
[2025-01-29 13:11:35,652][__main__][INFO] - [5, 10, 17], []
[2025-01-29 13:11:35,677][__main__][INFO] - [5, 10, 18], []
[2025-01-29 13:11:35,787][__main__][INFO] - [5, 10, 19], []
[2025-01-29 13:11:35,812][__main__][INFO] - [5, 10, 20], []
[2025-01-29 13:11:35,839][__main__][INFO] - [5, 10, 21], []
[2025-01-29 13:11:35,862][__main__][INFO] - [5, 10, 22], []
[2025-01-29 13:11:35,885][__main__][INFO] - [5, 10, 23], []
[2025-01-29 13:11:35,910][__main__][INFO] - [5, 10, 24], []
[2025-01-29 13:11:35,963][__main__][INFO] - [5, 11, 16], []
[2025-01-29 13:11:35,987][__main__][INFO] - [5, 11], [16]
[2025-01-29 13:11:36,027][__main__][INFO] - [5, 11, 18], []
[2025-01-29 13:11:36,053][__main__][INFO] - [5, 11, 19], []
[2025-01-29 13:11:36,180][__main__][INFO] - [5, 12, 16], []
[2025-01-29 13:11:36,213][__main__][INFO] - [5, 12], [16]
[2025-01-29 13:11:36,261][__main__][INFO] - [5, 12, 18], []
[2025-01-29 13:11:36,285][__main__][INFO] - [5, 12, 19], []
[2025-01-29 13:11:36,353][__main__][INFO] - [5, 12, 23], []
[2025-01-29 13:11:36,440][__main__][INFO] - [5, 13, 16], []
[2025-01-29 13:11:36,463][__main__][INFO] - [5, 13], [16]
[2025-01-29 13:11:36,501][__main__][INFO] - [5, 13, 18], []
[2025-01-29 13:11:36,539][__main__][INFO] - [5, 13, 20], []
[2025-01-29 13:11:36,592][__main__][INFO] - [5, 13, 23], []
[2025-01-29 13:11:36,659][__main__][INFO] - [5, 14, 16], []
[2025-01-29 13:11:36,682][__main__][INFO] - [5, 14], [16]
[2025-01-29 13:11:36,720][__main__][INFO] - [5, 14, 18], []
[2025-01-29 13:11:36,742][__main__][INFO] - [5, 14, 19], []
[2025-01-29 13:11:36,794][__main__][INFO] - [5, 14, 22], []
[2025-01-29 13:11:36,817][__main__][INFO] - [5, 14, 23], []
[2025-01-29 13:11:36,885][__main__][INFO] - [5, 15, 16], []
[2025-01-29 13:11:36,917][__main__][INFO] - [5, 15], [16]
[2025-01-29 13:11:36,951][__main__][INFO] - [5, 15, 17], []
[2025-01-29 13:11:36,981][__main__][INFO] - [5, 15, 18], []
[2025-01-29 13:11:37,016][__main__][INFO] - [5, 15, 19], []
[2025-01-29 13:11:37,039][__main__][INFO] - [5, 15, 20], []
[2025-01-29 13:11:37,062][__main__][INFO] - [5, 15, 21], []
[2025-01-29 13:11:37,100][__main__][INFO] - [5, 15, 23], []
[2025-01-29 13:11:37,123][__main__][INFO] - [5, 15, 24], []
[2025-01-29 13:11:37,176][__main__][INFO] - [5, 16, 17], []
[2025-01-29 13:11:37,202][__main__][INFO] - [5, 16, 18], []
[2025-01-29 13:11:37,271][__main__][INFO] - [5, 16, 19], []
[2025-01-29 13:11:37,295][__main__][INFO] - [5, 16, 20], []
[2025-01-29 13:11:37,320][__main__][INFO] - [5, 16, 21], []
[2025-01-29 13:11:37,342][__main__][INFO] - [5, 16, 22], []
[2025-01-29 13:11:37,365][__main__][INFO] - [5, 16, 23], []
[2025-01-29 13:11:37,399][__main__][INFO] - [5, 16, 24], []
[2025-01-29 13:11:37,451][__main__][INFO] - [5, 17], [16]
[2025-01-29 13:11:37,478][__main__][INFO] - [5, 18], [16]
[2025-01-29 13:11:37,556][__main__][INFO] - [5, 19], [16]
[2025-01-29 13:11:37,580][__main__][INFO] - [5, 20], [16]
[2025-01-29 13:11:37,605][__main__][INFO] - [5, 21], [16]
[2025-01-29 13:11:37,627][__main__][INFO] - [5, 22], [16]
[2025-01-29 13:11:37,650][__main__][INFO] - [5, 23], [16]
[2025-01-29 13:11:37,683][__main__][INFO] - [5, 24], [16]
[2025-01-29 13:11:37,750][__main__][INFO] - [6, 10, 16], []
[2025-01-29 13:11:37,791][__main__][INFO] - [6, 10], [16]
[2025-01-29 13:11:37,835][__main__][INFO] - [6, 10, 17], []
[2025-01-29 13:11:37,859][__main__][INFO] - [6, 10, 18], []
[2025-01-29 13:11:37,919][__main__][INFO] - [6, 10, 19], []
[2025-01-29 13:11:37,942][__main__][INFO] - [6, 10, 20], []
[2025-01-29 13:11:37,966][__main__][INFO] - [6, 10, 21], []
[2025-01-29 13:11:37,989][__main__][INFO] - [6, 10, 22], []
[2025-01-29 13:11:38,012][__main__][INFO] - [6, 10, 23], []
[2025-01-29 13:11:38,080][__main__][INFO] - [6, 11, 16], []
[2025-01-29 13:11:38,103][__main__][INFO] - [6, 11], [16]
[2025-01-29 13:11:38,142][__main__][INFO] - [6, 11, 18], []
[2025-01-29 13:11:38,284][__main__][INFO] - [6, 12, 16], []
[2025-01-29 13:11:38,311][__main__][INFO] - [6, 12], [16]
[2025-01-29 13:11:38,352][__main__][INFO] - [6, 12, 18], []
[2025-01-29 13:11:38,375][__main__][INFO] - [6, 12, 19], []
[2025-01-29 13:11:38,443][__main__][INFO] - [6, 12, 23], []
[2025-01-29 13:11:38,522][__main__][INFO] - [6, 13, 16], []
[2025-01-29 13:11:38,545][__main__][INFO] - [6, 13], [16]
[2025-01-29 13:11:38,583][__main__][INFO] - [6, 13, 18], []
[2025-01-29 13:11:38,620][__main__][INFO] - [6, 13, 20], []
[2025-01-29 13:11:38,748][__main__][INFO] - [6, 14], [16]
[2025-01-29 13:11:38,919][__main__][INFO] - [6, 15, 16], []
[2025-01-29 13:11:38,944][__main__][INFO] - [6, 15], [16]
[2025-01-29 13:11:38,970][__main__][INFO] - [6, 15, 17], []
[2025-01-29 13:11:38,994][__main__][INFO] - [6, 15, 18], []
[2025-01-29 13:11:39,020][__main__][INFO] - [6, 15, 19], []
[2025-01-29 13:11:39,042][__main__][INFO] - [6, 15, 20], []
[2025-01-29 13:11:39,095][__main__][INFO] - [6, 15, 23], []
[2025-01-29 13:11:39,163][__main__][INFO] - [6, 16, 17], []
[2025-01-29 13:11:39,186][__main__][INFO] - [6, 16, 18], []
[2025-01-29 13:11:39,227][__main__][INFO] - [6, 16, 19], []
[2025-01-29 13:11:39,250][__main__][INFO] - [6, 16, 20], []
[2025-01-29 13:11:39,273][__main__][INFO] - [6, 16, 21], []
[2025-01-29 13:11:39,296][__main__][INFO] - [6, 16, 22], []
[2025-01-29 13:11:39,318][__main__][INFO] - [6, 16, 23], []
[2025-01-29 13:11:39,389][__main__][INFO] - [6, 17], [16]
[2025-01-29 13:11:39,413][__main__][INFO] - [6, 18], [16]
[2025-01-29 13:11:39,457][__main__][INFO] - [6, 19], [16]
[2025-01-29 13:11:39,480][__main__][INFO] - [6, 20], [16]
[2025-01-29 13:11:39,504][__main__][INFO] - [6, 21], [16]
[2025-01-29 13:11:39,527][__main__][INFO] - [6, 22], [16]
[2025-01-29 13:11:39,549][__main__][INFO] - [6, 23], [16]
[2025-01-29 13:11:39,634][__main__][INFO] - [7, 10, 16], []
[2025-01-29 13:11:39,663][__main__][INFO] - [7, 10], [16]
[2025-01-29 13:11:39,693][__main__][INFO] - [7, 10, 17], []
[2025-01-29 13:11:39,716][__main__][INFO] - [7, 10, 18], []
[2025-01-29 13:11:39,751][__main__][INFO] - [7, 10, 19], []
[2025-01-29 13:11:39,774][__main__][INFO] - [7, 10, 20], []
[2025-01-29 13:11:39,798][__main__][INFO] - [7, 10, 21], []
[2025-01-29 13:11:39,835][__main__][INFO] - [7, 10, 23], []
[2025-01-29 13:11:39,903][__main__][INFO] - [7, 11, 16], []
[2025-01-29 13:11:39,926][__main__][INFO] - [7, 11], [16]
[2025-01-29 13:11:39,964][__main__][INFO] - [7, 11, 18], []
[2025-01-29 13:11:40,106][__main__][INFO] - [7, 12, 16], []
[2025-01-29 13:11:40,129][__main__][INFO] - [7, 12], [16]
[2025-01-29 13:11:40,167][__main__][INFO] - [7, 12, 18], []
[2025-01-29 13:11:40,191][__main__][INFO] - [7, 12, 19], []
[2025-01-29 13:11:40,258][__main__][INFO] - [7, 12, 23], []
[2025-01-29 13:11:40,342][__main__][INFO] - [7, 13], [16]
[2025-01-29 13:11:40,379][__main__][INFO] - [7, 13, 18], []
[2025-01-29 13:11:40,700][__main__][INFO] - [7, 15, 16], []
[2025-01-29 13:11:40,723][__main__][INFO] - [7, 15], [16]
[2025-01-29 13:11:40,746][__main__][INFO] - [7, 15, 17], []
[2025-01-29 13:11:40,768][__main__][INFO] - [7, 15, 18], []
[2025-01-29 13:11:40,791][__main__][INFO] - [7, 15, 19], []
[2025-01-29 13:11:40,918][__main__][INFO] - [7, 16, 17], []
[2025-01-29 13:11:40,940][__main__][INFO] - [7, 16, 18], []
[2025-01-29 13:11:40,968][__main__][INFO] - [7, 16, 19], []
[2025-01-29 13:11:40,990][__main__][INFO] - [7, 16, 20], []
[2025-01-29 13:11:41,013][__main__][INFO] - [7, 16, 21], []
[2025-01-29 13:11:41,051][__main__][INFO] - [7, 16, 23], []
[2025-01-29 13:11:41,118][__main__][INFO] - [7, 17], [16]
[2025-01-29 13:11:41,141][__main__][INFO] - [7, 18], [16]
[2025-01-29 13:11:41,171][__main__][INFO] - [7, 19], [16]
[2025-01-29 13:11:41,193][__main__][INFO] - [7, 20], [16]
[2025-01-29 13:11:41,216][__main__][INFO] - [7, 21], [16]
[2025-01-29 13:11:41,253][__main__][INFO] - [7, 23], [16]
[2025-01-29 13:11:41,335][__main__][INFO] - [8, 10, 16], []
[2025-01-29 13:11:41,359][__main__][INFO] - [8, 10], [16]
[2025-01-29 13:11:41,398][__main__][INFO] - [8, 10, 18], []
[2025-01-29 13:11:41,423][__main__][INFO] - [8, 10, 19], []
[2025-01-29 13:11:41,446][__main__][INFO] - [8, 10, 20], []
[2025-01-29 13:11:41,498][__main__][INFO] - [8, 10, 23], []
[2025-01-29 13:11:41,566][__main__][INFO] - [8, 11, 16], []
[2025-01-29 13:11:41,589][__main__][INFO] - [8, 11], [16]
[2025-01-29 13:11:41,626][__main__][INFO] - [8, 11, 18], []
[2025-01-29 13:11:41,767][__main__][INFO] - [8, 12, 16], []
[2025-01-29 13:11:41,790][__main__][INFO] - [8, 12], [16]
[2025-01-29 13:11:41,827][__main__][INFO] - [8, 12, 18], []
[2025-01-29 13:11:41,909][__main__][INFO] - [8, 12, 23], []
[2025-01-29 13:11:42,006][__main__][INFO] - [8, 15, 16], []
[2025-01-29 13:11:42,029][__main__][INFO] - [8, 15], [16]
[2025-01-29 13:11:42,066][__main__][INFO] - [8, 15, 18], []
[2025-01-29 13:11:42,222][__main__][INFO] - [8, 16, 18], []
[2025-01-29 13:11:42,246][__main__][INFO] - [8, 16, 19], []
[2025-01-29 13:11:42,268][__main__][INFO] - [8, 16, 20], []
[2025-01-29 13:11:42,321][__main__][INFO] - [8, 16, 23], []
[2025-01-29 13:11:42,388][__main__][INFO] - [8, 17], [16]
[2025-01-29 13:11:42,410][__main__][INFO] - [8, 18], [16]
[2025-01-29 13:11:42,434][__main__][INFO] - [8, 19], [16]
[2025-01-29 13:11:42,456][__main__][INFO] - [8, 20], [16]
[2025-01-29 13:11:42,509][__main__][INFO] - [8, 23], [16]
[2025-01-29 13:11:42,590][__main__][INFO] - [9, 10, 16], []
[2025-01-29 13:11:42,613][__main__][INFO] - [9, 10], [16]
[2025-01-29 13:11:42,651][__main__][INFO] - [9, 10, 18], []
[2025-01-29 13:11:43,044][__main__][INFO] - [9, 16, 18], []
[2025-01-29 13:11:43,200][__main__][INFO] - [9, 18], [16]
[2025-01-29 13:11:43,356][__main__][INFO] - [10, 16, 17], []
[2025-01-29 13:11:43,401][__main__][INFO] - [10, 16, 18], []
[2025-01-29 13:11:43,683][__main__][INFO] - [10, 16, 19], []
[2025-01-29 13:11:43,719][__main__][INFO] - [10, 16, 20], []
[2025-01-29 13:11:43,756][__main__][INFO] - [10, 16, 21], []
[2025-01-29 13:11:43,780][__main__][INFO] - [10, 16, 22], []
[2025-01-29 13:11:43,803][__main__][INFO] - [10, 16, 23], []
[2025-01-29 13:11:43,844][__main__][INFO] - [10, 16, 24], []
[2025-01-29 13:11:43,896][__main__][INFO] - [10, 17], [16]
[2025-01-29 13:11:43,943][__main__][INFO] - [10, 18], [16]
[2025-01-29 13:11:44,256][__main__][INFO] - [10, 19], [16]
[2025-01-29 13:11:44,292][__main__][INFO] - [10, 20], [16]
[2025-01-29 13:11:44,328][__main__][INFO] - [10, 21], [16]
[2025-01-29 13:11:44,352][__main__][INFO] - [10, 22], [16]
[2025-01-29 13:11:44,375][__main__][INFO] - [10, 23], [16]
[2025-01-29 13:11:44,416][__main__][INFO] - [10, 24], [16]
[2025-01-29 13:11:44,483][__main__][INFO] - [11, 16, 17], []
[2025-01-29 13:11:44,505][__main__][INFO] - [11, 16, 18], []
[2025-01-29 13:11:44,534][__main__][INFO] - [11, 16, 19], []
[2025-01-29 13:11:44,556][__main__][INFO] - [11, 16, 20], []
[2025-01-29 13:11:44,609][__main__][INFO] - [11, 16, 23], []
[2025-01-29 13:11:44,676][__main__][INFO] - [11, 17], [16]
[2025-01-29 13:11:44,698][__main__][INFO] - [11, 18], [16]
[2025-01-29 13:11:44,730][__main__][INFO] - [11, 19], [16]
[2025-01-29 13:11:44,752][__main__][INFO] - [11, 20], [16]
[2025-01-29 13:11:44,804][__main__][INFO] - [11, 23], [16]
[2025-01-29 13:11:44,886][__main__][INFO] - [12, 16, 17], []
[2025-01-29 13:11:44,908][__main__][INFO] - [12, 16, 18], []
[2025-01-29 13:11:44,932][__main__][INFO] - [12, 16, 19], []
[2025-01-29 13:11:44,999][__main__][INFO] - [12, 16, 23], []
[2025-01-29 13:11:45,121][__main__][INFO] - [12, 17], [16]
[2025-01-29 13:11:45,143][__main__][INFO] - [12, 18], [16]
[2025-01-29 13:11:45,170][__main__][INFO] - [12, 19], [16]
[2025-01-29 13:11:45,237][__main__][INFO] - [12, 23], [16]
[2025-01-29 13:11:45,385][__main__][INFO] - [13, 16, 18], []
[2025-01-29 13:11:45,408][__main__][INFO] - [13, 16, 19], []
[2025-01-29 13:11:45,430][__main__][INFO] - [13, 16, 20], []
[2025-01-29 13:11:45,482][__main__][INFO] - [13, 16, 23], []
[2025-01-29 13:11:45,570][__main__][INFO] - [13, 18], [16]
[2025-01-29 13:11:45,593][__main__][INFO] - [13, 19], [16]
[2025-01-29 13:11:45,615][__main__][INFO] - [13, 20], [16]
[2025-01-29 13:11:45,668][__main__][INFO] - [13, 23], [16]
[2025-01-29 13:11:45,764][__main__][INFO] - [14, 16, 18], []
[2025-01-29 13:11:45,787][__main__][INFO] - [14, 16, 19], []
[2025-01-29 13:11:45,838][__main__][INFO] - [14, 16, 22], []
[2025-01-29 13:11:45,861][__main__][INFO] - [14, 16, 23], []
[2025-01-29 13:11:45,942][__main__][INFO] - [14, 18], [16]
[2025-01-29 13:11:45,965][__main__][INFO] - [14, 19], [16]
[2025-01-29 13:11:46,016][__main__][INFO] - [14, 22], [16]
[2025-01-29 13:11:46,038][__main__][INFO] - [14, 23], [16]
[2025-01-29 13:11:46,119][__main__][INFO] - [15, 16, 17], []
[2025-01-29 13:11:46,161][__main__][INFO] - [15, 16, 18], []
[2025-01-29 13:11:46,215][__main__][INFO] - [15, 16, 19], []
[2025-01-29 13:11:46,238][__main__][INFO] - [15, 16, 20], []
[2025-01-29 13:11:46,260][__main__][INFO] - [15, 16, 21], []
[2025-01-29 13:11:46,297][__main__][INFO] - [15, 16, 23], []
[2025-01-29 13:11:46,319][__main__][INFO] - [15, 16, 24], []
[2025-01-29 13:11:46,372][__main__][INFO] - [15, 17], [16]
[2025-01-29 13:11:46,423][__main__][INFO] - [15, 18], [16]
[2025-01-29 13:11:46,489][__main__][INFO] - [15, 19], [16]
[2025-01-29 13:11:46,511][__main__][INFO] - [15, 20], [16]
[2025-01-29 13:11:46,533][__main__][INFO] - [15, 21], [16]
[2025-01-29 13:11:46,570][__main__][INFO] - [15, 23], [16]
[2025-01-29 13:11:46,593][__main__][INFO] - [15, 24], [16]
[2025-01-29 23:41:22,104][__main__][INFO] - In total, there are 1229 possible subgroups
[2025-01-29 23:41:22,134][__main__][INFO] - [0], []
[2025-01-29 23:41:22,314][__main__][INFO] - [1], []
[2025-01-29 23:41:22,544][__main__][INFO] - [2], []
[2025-01-29 23:41:22,762][__main__][INFO] - [3], []
[2025-01-29 23:41:22,936][__main__][INFO] - [4], []
[2025-01-29 23:41:23,147][__main__][INFO] - [5], []
[2025-01-29 23:41:23,333][__main__][INFO] - [6], []
[2025-01-29 23:41:23,414][__main__][INFO] - [7], []
[2025-01-29 23:41:23,451][__main__][INFO] - [8], []
[2025-01-29 23:41:23,476][__main__][INFO] - [9], []
[2025-01-29 23:41:23,495][__main__][INFO] - [10], []
[2025-01-29 23:41:24,345][__main__][INFO] - [11], []
[2025-01-29 23:41:24,385][__main__][INFO] - [12], []
[2025-01-29 23:41:24,538][__main__][INFO] - [13], []
[2025-01-29 23:41:24,561][__main__][INFO] - [14], []
[2025-01-29 23:41:24,582][__main__][INFO] - [15], []
[2025-01-29 23:41:24,765][__main__][INFO] - [16], []
[2025-01-29 23:41:25,334][__main__][INFO] - [], [16]
[2025-01-29 23:41:25,978][__main__][INFO] - [17], []
[2025-01-29 23:41:26,109][__main__][INFO] - [18], []
[2025-01-29 23:41:26,865][__main__][INFO] - [19], []
[2025-01-29 23:41:26,918][__main__][INFO] - [20], []
[2025-01-29 23:41:26,973][__main__][INFO] - [21], []
[2025-01-29 23:41:26,995][__main__][INFO] - [22], []
[2025-01-29 23:41:27,016][__main__][INFO] - [23], []
[2025-01-29 23:41:27,201][__main__][INFO] - [24], []
[2025-01-29 23:41:27,221][__main__][INFO] - [25], []
[2025-01-29 23:41:27,272][__main__][INFO] - [0, 10], []
[2025-01-29 23:41:27,432][__main__][INFO] - [0, 11], []
[2025-01-29 23:41:27,455][__main__][INFO] - [0, 12], []
[2025-01-29 23:41:27,482][__main__][INFO] - [0, 13], []
[2025-01-29 23:41:27,504][__main__][INFO] - [0, 14], []
[2025-01-29 23:41:27,526][__main__][INFO] - [0, 15], []
[2025-01-29 23:41:27,555][__main__][INFO] - [0, 16], []
[2025-01-29 23:41:27,649][__main__][INFO] - [0], [16]
[2025-01-29 23:41:27,746][__main__][INFO] - [0, 17], []
[2025-01-29 23:41:27,786][__main__][INFO] - [0, 18], []
[2025-01-29 23:41:27,897][__main__][INFO] - [0, 19], []
[2025-01-29 23:41:27,926][__main__][INFO] - [0, 20], []
[2025-01-29 23:41:27,953][__main__][INFO] - [0, 21], []
[2025-01-29 23:41:27,976][__main__][INFO] - [0, 22], []
[2025-01-29 23:41:28,001][__main__][INFO] - [0, 23], []
[2025-01-29 23:41:28,038][__main__][INFO] - [0, 24], []
[2025-01-29 23:41:28,090][__main__][INFO] - [1, 10], []
[2025-01-29 23:41:28,273][__main__][INFO] - [1, 11], []
[2025-01-29 23:41:28,298][__main__][INFO] - [1, 12], []
[2025-01-29 23:41:28,335][__main__][INFO] - [1, 13], []
[2025-01-29 23:41:28,357][__main__][INFO] - [1, 14], []
[2025-01-29 23:41:28,379][__main__][INFO] - [1, 15], []
[2025-01-29 23:41:28,418][__main__][INFO] - [1, 16], []
[2025-01-29 23:41:28,531][__main__][INFO] - [1], [16]
[2025-01-29 23:41:28,657][__main__][INFO] - [1, 17], []
[2025-01-29 23:41:28,702][__main__][INFO] - [1, 18], []
[2025-01-29 23:41:28,839][__main__][INFO] - [1, 19], []
[2025-01-29 23:41:28,869][__main__][INFO] - [1, 20], []
[2025-01-29 23:41:28,897][__main__][INFO] - [1, 21], []
[2025-01-29 23:41:28,919][__main__][INFO] - [1, 22], []
[2025-01-29 23:41:28,941][__main__][INFO] - [1, 23], []
[2025-01-29 23:41:28,989][__main__][INFO] - [1, 24], []
[2025-01-29 23:41:29,040][__main__][INFO] - [2, 10], []
[2025-01-29 23:41:29,187][__main__][INFO] - [2, 11], []
[2025-01-29 23:41:29,213][__main__][INFO] - [2, 12], []
[2025-01-29 23:41:29,257][__main__][INFO] - [2, 13], []
[2025-01-29 23:41:29,279][__main__][INFO] - [2, 14], []
[2025-01-29 23:41:29,301][__main__][INFO] - [2, 15], []
[2025-01-29 23:41:29,351][__main__][INFO] - [2, 16], []
[2025-01-29 23:41:29,456][__main__][INFO] - [2], [16]
[2025-01-29 23:41:29,577][__main__][INFO] - [2, 17], []
[2025-01-29 23:41:29,619][__main__][INFO] - [2, 18], []
[2025-01-29 23:41:29,751][__main__][INFO] - [2, 19], []
[2025-01-29 23:41:29,779][__main__][INFO] - [2, 20], []
[2025-01-29 23:41:29,806][__main__][INFO] - [2, 21], []
[2025-01-29 23:41:29,828][__main__][INFO] - [2, 22], []
[2025-01-29 23:41:29,850][__main__][INFO] - [2, 23], []
[2025-01-29 23:41:29,901][__main__][INFO] - [2, 24], []
[2025-01-29 23:41:29,953][__main__][INFO] - [3, 10], []
[2025-01-29 23:41:30,058][__main__][INFO] - [3, 11], []
[2025-01-29 23:41:30,084][__main__][INFO] - [3, 12], []
[2025-01-29 23:41:30,128][__main__][INFO] - [3, 13], []
[2025-01-29 23:41:30,151][__main__][INFO] - [3, 14], []
[2025-01-29 23:41:30,173][__main__][INFO] - [3, 15], []
[2025-01-29 23:41:30,223][__main__][INFO] - [3, 16], []
[2025-01-29 23:41:30,311][__main__][INFO] - [3], [16]
[2025-01-29 23:41:30,407][__main__][INFO] - [3, 17], []
[2025-01-29 23:41:30,443][__main__][INFO] - [3, 18], []
[2025-01-29 23:41:30,550][__main__][INFO] - [3, 19], []
[2025-01-29 23:41:30,576][__main__][INFO] - [3, 20], []
[2025-01-29 23:41:30,602][__main__][INFO] - [3, 21], []
[2025-01-29 23:41:30,624][__main__][INFO] - [3, 22], []
[2025-01-29 23:41:30,646][__main__][INFO] - [3, 23], []
[2025-01-29 23:41:30,692][__main__][INFO] - [3, 24], []
[2025-01-29 23:41:30,744][__main__][INFO] - [4, 10], []
[2025-01-29 23:41:30,874][__main__][INFO] - [4, 11], []
[2025-01-29 23:41:30,900][__main__][INFO] - [4, 12], []
[2025-01-29 23:41:30,949][__main__][INFO] - [4, 13], []
[2025-01-29 23:41:30,972][__main__][INFO] - [4, 14], []
[2025-01-29 23:41:30,993][__main__][INFO] - [4, 15], []
[2025-01-29 23:41:31,051][__main__][INFO] - [4, 16], []
[2025-01-29 23:41:31,157][__main__][INFO] - [4], [16]
[2025-01-29 23:41:31,273][__main__][INFO] - [4, 17], []
[2025-01-29 23:41:31,312][__main__][INFO] - [4, 18], []
[2025-01-29 23:41:31,451][__main__][INFO] - [4, 19], []
[2025-01-29 23:41:31,476][__main__][INFO] - [4, 20], []
[2025-01-29 23:41:31,503][__main__][INFO] - [4, 21], []
[2025-01-29 23:41:31,526][__main__][INFO] - [4, 22], []
[2025-01-29 23:41:31,548][__main__][INFO] - [4, 23], []
[2025-01-29 23:41:31,597][__main__][INFO] - [4, 24], []
[2025-01-29 23:41:31,649][__main__][INFO] - [5, 10], []
[2025-01-29 23:41:31,774][__main__][INFO] - [5, 11], []
[2025-01-29 23:41:31,799][__main__][INFO] - [5, 12], []
[2025-01-29 23:41:31,843][__main__][INFO] - [5, 13], []
[2025-01-29 23:41:31,866][__main__][INFO] - [5, 14], []
[2025-01-29 23:41:31,888][__main__][INFO] - [5, 15], []
[2025-01-29 23:41:31,933][__main__][INFO] - [5, 16], []
[2025-01-29 23:41:32,028][__main__][INFO] - [5], [16]
[2025-01-29 23:41:32,130][__main__][INFO] - [5, 17], []
[2025-01-29 23:41:32,161][__main__][INFO] - [5, 18], []
[2025-01-29 23:41:32,291][__main__][INFO] - [5, 19], []
[2025-01-29 23:41:32,316][__main__][INFO] - [5, 20], []
[2025-01-29 23:41:32,343][__main__][INFO] - [5, 21], []
[2025-01-29 23:41:32,365][__main__][INFO] - [5, 22], []
[2025-01-29 23:41:32,387][__main__][INFO] - [5, 23], []
[2025-01-29 23:41:32,431][__main__][INFO] - [5, 24], []
[2025-01-29 23:41:32,482][__main__][INFO] - [6, 10], []
[2025-01-29 23:41:32,546][__main__][INFO] - [6, 11], []
[2025-01-29 23:41:32,569][__main__][INFO] - [6, 12], []
[2025-01-29 23:41:32,598][__main__][INFO] - [6, 13], []
[2025-01-29 23:41:32,620][__main__][INFO] - [6, 14], []
[2025-01-29 23:41:32,641][__main__][INFO] - [6, 15], []
[2025-01-29 23:41:32,669][__main__][INFO] - [6, 16], []
[2025-01-29 23:41:32,717][__main__][INFO] - [6], [16]
[2025-01-29 23:41:32,770][__main__][INFO] - [6, 17], []
[2025-01-29 23:41:32,794][__main__][INFO] - [6, 18], []
[2025-01-29 23:41:32,859][__main__][INFO] - [6, 19], []
[2025-01-29 23:41:32,882][__main__][INFO] - [6, 20], []
[2025-01-29 23:41:32,905][__main__][INFO] - [6, 21], []
[2025-01-29 23:41:32,927][__main__][INFO] - [6, 22], []
[2025-01-29 23:41:32,949][__main__][INFO] - [6, 23], []
[2025-01-29 23:41:32,978][__main__][INFO] - [6, 24], []
[2025-01-29 23:41:33,030][__main__][INFO] - [7, 10], []
[2025-01-29 23:41:33,065][__main__][INFO] - [7, 11], []
[2025-01-29 23:41:33,087][__main__][INFO] - [7, 12], []
[2025-01-29 23:41:33,111][__main__][INFO] - [7, 13], []
[2025-01-29 23:41:33,132][__main__][INFO] - [7, 14], []
[2025-01-29 23:41:33,154][__main__][INFO] - [7, 15], []
[2025-01-29 23:41:33,177][__main__][INFO] - [7, 16], []
[2025-01-29 23:41:33,206][__main__][INFO] - [7], [16]
[2025-01-29 23:41:33,237][__main__][INFO] - [7, 17], []
[2025-01-29 23:41:33,259][__main__][INFO] - [7, 18], []
[2025-01-29 23:41:33,295][__main__][INFO] - [7, 19], []
[2025-01-29 23:41:33,317][__main__][INFO] - [7, 20], []
[2025-01-29 23:41:33,339][__main__][INFO] - [7, 21], []
[2025-01-29 23:41:33,376][__main__][INFO] - [7, 23], []
[2025-01-29 23:41:33,444][__main__][INFO] - [8, 10], []
[2025-01-29 23:41:33,468][__main__][INFO] - [8, 11], []
[2025-01-29 23:41:33,490][__main__][INFO] - [8, 12], []
[2025-01-29 23:41:33,543][__main__][INFO] - [8, 15], []
[2025-01-29 23:41:33,565][__main__][INFO] - [8, 16], []
[2025-01-29 23:41:33,588][__main__][INFO] - [8], [16]
[2025-01-29 23:41:33,611][__main__][INFO] - [8, 17], []
[2025-01-29 23:41:33,633][__main__][INFO] - [8, 18], []
[2025-01-29 23:41:33,657][__main__][INFO] - [8, 19], []
[2025-01-29 23:41:33,679][__main__][INFO] - [8, 20], []
[2025-01-29 23:41:33,730][__main__][INFO] - [8, 23], []
[2025-01-29 23:41:33,797][__main__][INFO] - [9, 10], []
[2025-01-29 23:41:33,833][__main__][INFO] - [9, 12], []
[2025-01-29 23:41:33,900][__main__][INFO] - [9, 16], []
[2025-01-29 23:41:33,922][__main__][INFO] - [9], [16]
[2025-01-29 23:41:33,959][__main__][INFO] - [9, 18], []
[2025-01-29 23:41:34,042][__main__][INFO] - [9, 23], []
[2025-01-29 23:41:34,109][__main__][INFO] - [10, 16], []
[2025-01-29 23:41:34,505][__main__][INFO] - [10], [16]
[2025-01-29 23:41:34,931][__main__][INFO] - [10, 17], []
[2025-01-29 23:41:35,007][__main__][INFO] - [10, 18], []
[2025-01-29 23:41:35,614][__main__][INFO] - [10, 19], []
[2025-01-29 23:41:35,663][__main__][INFO] - [10, 20], []
[2025-01-29 23:41:35,717][__main__][INFO] - [10, 21], []
[2025-01-29 23:41:35,742][__main__][INFO] - [10, 22], []
[2025-01-29 23:41:35,765][__main__][INFO] - [10, 23], []
[2025-01-29 23:41:35,826][__main__][INFO] - [10, 24], []
[2025-01-29 23:41:35,849][__main__][INFO] - [10, 25], []
[2025-01-29 23:41:35,886][__main__][INFO] - [11, 16], []
[2025-01-29 23:41:35,916][__main__][INFO] - [11], [16]
[2025-01-29 23:41:35,948][__main__][INFO] - [11, 17], []
[2025-01-29 23:41:35,970][__main__][INFO] - [11, 18], []
[2025-01-29 23:41:36,010][__main__][INFO] - [11, 19], []
[2025-01-29 23:41:36,032][__main__][INFO] - [11, 20], []
[2025-01-29 23:41:36,085][__main__][INFO] - [11, 23], []
[2025-01-29 23:41:36,152][__main__][INFO] - [12, 16], []
[2025-01-29 23:41:36,234][__main__][INFO] - [12], [16]
[2025-01-29 23:41:36,319][__main__][INFO] - [12, 17], []
[2025-01-29 23:41:36,340][__main__][INFO] - [12, 18], []
[2025-01-29 23:41:36,370][__main__][INFO] - [12, 19], []
[2025-01-29 23:41:36,394][__main__][INFO] - [12, 20], []
[2025-01-29 23:41:36,446][__main__][INFO] - [12, 23], []
[2025-01-29 23:41:36,629][__main__][INFO] - [13, 16], []
[2025-01-29 23:41:36,652][__main__][INFO] - [13], [16]
[2025-01-29 23:41:36,676][__main__][INFO] - [13, 17], []
[2025-01-29 23:41:36,697][__main__][INFO] - [13, 18], []
[2025-01-29 23:41:36,720][__main__][INFO] - [13, 19], []
[2025-01-29 23:41:36,742][__main__][INFO] - [13, 20], []
[2025-01-29 23:41:36,796][__main__][INFO] - [13, 23], []
[2025-01-29 23:41:36,863][__main__][INFO] - [14, 16], []
[2025-01-29 23:41:36,885][__main__][INFO] - [14], [16]
[2025-01-29 23:41:36,923][__main__][INFO] - [14, 18], []
[2025-01-29 23:41:36,946][__main__][INFO] - [14, 19], []
[2025-01-29 23:41:36,998][__main__][INFO] - [14, 22], []
[2025-01-29 23:41:37,020][__main__][INFO] - [14, 23], []
[2025-01-29 23:41:37,087][__main__][INFO] - [15, 16], []
[2025-01-29 23:41:37,171][__main__][INFO] - [15], [16]
[2025-01-29 23:41:37,279][__main__][INFO] - [15, 17], []
[2025-01-29 23:41:37,354][__main__][INFO] - [15, 18], []
[2025-01-29 23:41:37,460][__main__][INFO] - [15, 19], []
[2025-01-29 23:41:37,484][__main__][INFO] - [15, 20], []
[2025-01-29 23:41:37,506][__main__][INFO] - [15, 21], []
[2025-01-29 23:41:37,528][__main__][INFO] - [15, 22], []
[2025-01-29 23:41:37,550][__main__][INFO] - [15, 23], []
[2025-01-29 23:41:37,572][__main__][INFO] - [15, 24], []
[2025-01-29 23:41:37,624][__main__][INFO] - [16, 17], []
[2025-01-29 23:41:37,692][__main__][INFO] - [16, 18], []
[2025-01-29 23:41:38,029][__main__][INFO] - [16, 19], []
[2025-01-29 23:41:38,065][__main__][INFO] - [16, 20], []
[2025-01-29 23:41:38,104][__main__][INFO] - [16, 21], []
[2025-01-29 23:41:38,127][__main__][INFO] - [16, 22], []
[2025-01-29 23:41:38,149][__main__][INFO] - [16, 23], []
[2025-01-29 23:41:38,248][__main__][INFO] - [16, 24], []
[2025-01-29 23:41:38,300][__main__][INFO] - [17], [16]
[2025-01-29 23:41:38,380][__main__][INFO] - [18], [16]
[2025-01-29 23:41:38,771][__main__][INFO] - [19], [16]
[2025-01-29 23:41:38,808][__main__][INFO] - [20], [16]
[2025-01-29 23:41:38,846][__main__][INFO] - [21], [16]
[2025-01-29 23:41:38,869][__main__][INFO] - [22], [16]
[2025-01-29 23:41:38,891][__main__][INFO] - [23], [16]
[2025-01-29 23:41:38,987][__main__][INFO] - [24], [16]
[2025-01-29 23:41:39,068][__main__][INFO] - [0, 10, 16], []
[2025-01-29 23:41:39,157][__main__][INFO] - [0, 10], [16]
[2025-01-29 23:41:39,245][__main__][INFO] - [0, 10, 17], []
[2025-01-29 23:41:39,285][__main__][INFO] - [0, 10, 18], []
[2025-01-29 23:41:39,389][__main__][INFO] - [0, 10, 19], []
[2025-01-29 23:41:39,421][__main__][INFO] - [0, 10, 20], []
[2025-01-29 23:41:39,449][__main__][INFO] - [0, 10, 21], []
[2025-01-29 23:41:39,474][__main__][INFO] - [0, 10, 22], []
[2025-01-29 23:41:39,497][__main__][INFO] - [0, 10, 23], []
[2025-01-29 23:41:39,531][__main__][INFO] - [0, 10, 24], []
[2025-01-29 23:41:39,586][__main__][INFO] - [0, 11, 16], []
[2025-01-29 23:41:39,611][__main__][INFO] - [0, 11], [16]
[2025-01-29 23:41:39,651][__main__][INFO] - [0, 11, 18], []
[2025-01-29 23:41:39,676][__main__][INFO] - [0, 11, 19], []
[2025-01-29 23:41:39,745][__main__][INFO] - [0, 11, 23], []
[2025-01-29 23:41:39,816][__main__][INFO] - [0, 12, 16], []
[2025-01-29 23:41:39,842][__main__][INFO] - [0, 12], [16]
[2025-01-29 23:41:39,885][__main__][INFO] - [0, 12, 18], []
[2025-01-29 23:41:39,909][__main__][INFO] - [0, 12, 19], []
[2025-01-29 23:41:39,980][__main__][INFO] - [0, 12, 23], []
[2025-01-29 23:41:40,054][__main__][INFO] - [0, 13, 16], []
[2025-01-29 23:41:40,078][__main__][INFO] - [0, 13], [16]
[2025-01-29 23:41:40,118][__main__][INFO] - [0, 13, 18], []
[2025-01-29 23:41:40,157][__main__][INFO] - [0, 13, 20], []
[2025-01-29 23:41:40,274][__main__][INFO] - [0, 14, 16], []
[2025-01-29 23:41:40,297][__main__][INFO] - [0, 14], [16]
[2025-01-29 23:41:40,336][__main__][INFO] - [0, 14, 18], []
[2025-01-29 23:41:40,405][__main__][INFO] - [0, 14, 22], []
[2025-01-29 23:41:40,491][__main__][INFO] - [0, 15, 16], []
[2025-01-29 23:41:40,519][__main__][INFO] - [0, 15], [16]
[2025-01-29 23:41:40,546][__main__][INFO] - [0, 15, 17], []
[2025-01-29 23:41:40,573][__main__][INFO] - [0, 15, 18], []
[2025-01-29 23:41:40,601][__main__][INFO] - [0, 15, 19], []
[2025-01-29 23:41:40,625][__main__][INFO] - [0, 15, 20], []
[2025-01-29 23:41:40,649][__main__][INFO] - [0, 15, 21], []
[2025-01-29 23:41:40,688][__main__][INFO] - [0, 15, 23], []
[2025-01-29 23:41:40,758][__main__][INFO] - [0, 16, 17], []
[2025-01-29 23:41:40,790][__main__][INFO] - [0, 16, 18], []
[2025-01-29 23:41:40,854][__main__][INFO] - [0, 16, 19], []
[2025-01-29 23:41:40,882][__main__][INFO] - [0, 16, 20], []
[2025-01-29 23:41:40,908][__main__][INFO] - [0, 16, 21], []
[2025-01-29 23:41:40,932][__main__][INFO] - [0, 16, 22], []
[2025-01-29 23:41:40,955][__main__][INFO] - [0, 16, 23], []
[2025-01-29 23:41:40,987][__main__][INFO] - [0, 16, 24], []
[2025-01-29 23:41:41,041][__main__][INFO] - [0, 17], [16]
[2025-01-29 23:41:41,074][__main__][INFO] - [0, 18], [16]
[2025-01-29 23:41:41,140][__main__][INFO] - [0, 19], [16]
[2025-01-29 23:41:41,168][__main__][INFO] - [0, 20], [16]
[2025-01-29 23:41:41,194][__main__][INFO] - [0, 21], [16]
[2025-01-29 23:41:41,219][__main__][INFO] - [0, 22], [16]
[2025-01-29 23:41:41,243][__main__][INFO] - [0, 23], [16]
[2025-01-29 23:41:41,274][__main__][INFO] - [0, 24], [16]
[2025-01-29 23:41:41,344][__main__][INFO] - [1, 10, 16], []
[2025-01-29 23:41:41,440][__main__][INFO] - [1, 10], [16]
[2025-01-29 23:41:41,543][__main__][INFO] - [1, 10, 17], []
[2025-01-29 23:41:41,583][__main__][INFO] - [1, 10, 18], []
[2025-01-29 23:41:41,706][__main__][INFO] - [1, 10, 19], []
[2025-01-29 23:41:41,737][__main__][INFO] - [1, 10, 20], []
[2025-01-29 23:41:41,767][__main__][INFO] - [1, 10, 21], []
[2025-01-29 23:41:41,791][__main__][INFO] - [1, 10, 22], []
[2025-01-29 23:41:41,816][__main__][INFO] - [1, 10, 23], []
[2025-01-29 23:41:41,852][__main__][INFO] - [1, 10, 24], []
[2025-01-29 23:41:41,907][__main__][INFO] - [1, 11, 16], []
[2025-01-29 23:41:41,932][__main__][INFO] - [1, 11], [16]
[2025-01-29 23:41:41,973][__main__][INFO] - [1, 11, 18], []
[2025-01-29 23:41:41,999][__main__][INFO] - [1, 11, 19], []
[2025-01-29 23:41:42,023][__main__][INFO] - [1, 11, 20], []
[2025-01-29 23:41:42,078][__main__][INFO] - [1, 11, 23], []
[2025-01-29 23:41:42,149][__main__][INFO] - [1, 12, 16], []
[2025-01-29 23:41:42,179][__main__][INFO] - [1, 12], [16]
[2025-01-29 23:41:42,226][__main__][INFO] - [1, 12, 18], []
[2025-01-29 23:41:42,251][__main__][INFO] - [1, 12, 19], []
[2025-01-29 23:41:42,322][__main__][INFO] - [1, 12, 23], []
[2025-01-29 23:41:42,405][__main__][INFO] - [1, 13, 16], []
[2025-01-29 23:41:42,429][__main__][INFO] - [1, 13], [16]
[2025-01-29 23:41:42,468][__main__][INFO] - [1, 13, 18], []
[2025-01-29 23:41:42,508][__main__][INFO] - [1, 13, 20], []
[2025-01-29 23:41:42,625][__main__][INFO] - [1, 14, 16], []
[2025-01-29 23:41:42,649][__main__][INFO] - [1, 14], [16]
[2025-01-29 23:41:42,689][__main__][INFO] - [1, 14, 18], []
[2025-01-29 23:41:42,759][__main__][INFO] - [1, 14, 22], []
[2025-01-29 23:41:42,783][__main__][INFO] - [1, 14, 23], []
[2025-01-29 23:41:42,854][__main__][INFO] - [1, 15, 16], []
[2025-01-29 23:41:42,884][__main__][INFO] - [1, 15], [16]
[2025-01-29 23:41:42,918][__main__][INFO] - [1, 15, 17], []
[2025-01-29 23:41:42,948][__main__][INFO] - [1, 15, 18], []
[2025-01-29 23:41:42,981][__main__][INFO] - [1, 15, 19], []
[2025-01-29 23:41:43,005][__main__][INFO] - [1, 15, 20], []
[2025-01-29 23:41:43,029][__main__][INFO] - [1, 15, 21], []
[2025-01-29 23:41:43,069][__main__][INFO] - [1, 15, 23], []
[2025-01-29 23:41:43,093][__main__][INFO] - [1, 15, 24], []
[2025-01-29 23:41:43,148][__main__][INFO] - [1, 16, 17], []
[2025-01-29 23:41:43,181][__main__][INFO] - [1, 16, 18], []
[2025-01-29 23:41:43,255][__main__][INFO] - [1, 16, 19], []
[2025-01-29 23:41:43,283][__main__][INFO] - [1, 16, 20], []
[2025-01-29 23:41:43,310][__main__][INFO] - [1, 16, 21], []
[2025-01-29 23:41:43,334][__main__][INFO] - [1, 16, 22], []
[2025-01-29 23:41:43,359][__main__][INFO] - [1, 16, 23], []
[2025-01-29 23:41:43,395][__main__][INFO] - [1, 16, 24], []
[2025-01-29 23:41:43,449][__main__][INFO] - [1, 17], [16]
[2025-01-29 23:41:43,485][__main__][INFO] - [1, 18], [16]
[2025-01-29 23:41:43,568][__main__][INFO] - [1, 19], [16]
[2025-01-29 23:41:43,595][__main__][INFO] - [1, 20], [16]
[2025-01-29 23:41:43,622][__main__][INFO] - [1, 21], [16]
[2025-01-29 23:41:43,647][__main__][INFO] - [1, 22], [16]
[2025-01-29 23:41:43,671][__main__][INFO] - [1, 23], [16]
[2025-01-29 23:41:43,708][__main__][INFO] - [1, 24], [16]
[2025-01-29 23:41:43,778][__main__][INFO] - [2, 10, 16], []
[2025-01-29 23:41:43,857][__main__][INFO] - [2, 10], [16]
[2025-01-29 23:41:43,943][__main__][INFO] - [2, 10, 17], []
[2025-01-29 23:41:43,976][__main__][INFO] - [2, 10, 18], []
[2025-01-29 23:41:44,084][__main__][INFO] - [2, 10, 19], []
[2025-01-29 23:41:44,113][__main__][INFO] - [2, 10, 20], []
[2025-01-29 23:41:44,142][__main__][INFO] - [2, 10, 21], []
[2025-01-29 23:41:44,166][__main__][INFO] - [2, 10, 22], []
[2025-01-29 23:41:44,190][__main__][INFO] - [2, 10, 23], []
[2025-01-29 23:41:44,222][__main__][INFO] - [2, 10, 24], []
[2025-01-29 23:41:44,276][__main__][INFO] - [2, 11, 16], []
[2025-01-29 23:41:44,302][__main__][INFO] - [2, 11], [16]
[2025-01-29 23:41:44,342][__main__][INFO] - [2, 11, 18], []
[2025-01-29 23:41:44,370][__main__][INFO] - [2, 11, 19], []
[2025-01-29 23:41:44,441][__main__][INFO] - [2, 11, 23], []
[2025-01-29 23:41:44,511][__main__][INFO] - [2, 12, 16], []
[2025-01-29 23:41:44,544][__main__][INFO] - [2, 12], [16]
[2025-01-29 23:41:44,595][__main__][INFO] - [2, 12, 18], []
[2025-01-29 23:41:44,620][__main__][INFO] - [2, 12, 19], []
[2025-01-29 23:41:44,691][__main__][INFO] - [2, 12, 23], []
[2025-01-29 23:41:44,781][__main__][INFO] - [2, 13, 16], []
[2025-01-29 23:41:44,805][__main__][INFO] - [2, 13], [16]
[2025-01-29 23:41:44,845][__main__][INFO] - [2, 13, 18], []
[2025-01-29 23:41:44,884][__main__][INFO] - [2, 13, 20], []
[2025-01-29 23:41:44,940][__main__][INFO] - [2, 13, 23], []
[2025-01-29 23:41:45,010][__main__][INFO] - [2, 14, 16], []
[2025-01-29 23:41:45,034][__main__][INFO] - [2, 14], [16]
[2025-01-29 23:41:45,074][__main__][INFO] - [2, 14, 18], []
[2025-01-29 23:41:45,145][__main__][INFO] - [2, 14, 22], []
[2025-01-29 23:41:45,169][__main__][INFO] - [2, 14, 23], []
[2025-01-29 23:41:45,239][__main__][INFO] - [2, 15, 16], []
[2025-01-29 23:41:45,273][__main__][INFO] - [2, 15], [16]
[2025-01-29 23:41:45,314][__main__][INFO] - [2, 15, 17], []
[2025-01-29 23:41:45,348][__main__][INFO] - [2, 15, 18], []
[2025-01-29 23:41:45,386][__main__][INFO] - [2, 15, 19], []
[2025-01-29 23:41:45,411][__main__][INFO] - [2, 15, 20], []
[2025-01-29 23:41:45,435][__main__][INFO] - [2, 15, 21], []
[2025-01-29 23:41:45,474][__main__][INFO] - [2, 15, 23], []
[2025-01-29 23:41:45,498][__main__][INFO] - [2, 15, 24], []
[2025-01-29 23:41:45,553][__main__][INFO] - [2, 16, 17], []
[2025-01-29 23:41:45,585][__main__][INFO] - [2, 16, 18], []
[2025-01-29 23:41:45,654][__main__][INFO] - [2, 16, 19], []
[2025-01-29 23:41:45,681][__main__][INFO] - [2, 16, 20], []
[2025-01-29 23:41:45,707][__main__][INFO] - [2, 16, 21], []
[2025-01-29 23:41:45,732][__main__][INFO] - [2, 16, 22], []
[2025-01-29 23:41:45,756][__main__][INFO] - [2, 16, 23], []
[2025-01-29 23:41:45,794][__main__][INFO] - [2, 16, 24], []
[2025-01-29 23:41:45,849][__main__][INFO] - [2, 17], [16]
[2025-01-29 23:41:45,883][__main__][INFO] - [2, 18], [16]
[2025-01-29 23:41:45,964][__main__][INFO] - [2, 19], [16]
[2025-01-29 23:41:45,991][__main__][INFO] - [2, 20], [16]
[2025-01-29 23:41:46,018][__main__][INFO] - [2, 21], [16]
[2025-01-29 23:41:46,042][__main__][INFO] - [2, 22], [16]
[2025-01-29 23:41:46,066][__main__][INFO] - [2, 23], [16]
[2025-01-29 23:41:46,104][__main__][INFO] - [2, 24], [16]
[2025-01-29 23:41:46,174][__main__][INFO] - [3, 10, 16], []
[2025-01-29 23:41:46,234][__main__][INFO] - [3, 10], [16]
[2025-01-29 23:41:46,298][__main__][INFO] - [3, 10, 17], []
[2025-01-29 23:41:46,326][__main__][INFO] - [3, 10, 18], []
[2025-01-29 23:41:46,411][__main__][INFO] - [3, 10, 19], []
[2025-01-29 23:41:46,437][__main__][INFO] - [3, 10, 20], []
[2025-01-29 23:41:46,465][__main__][INFO] - [3, 10, 21], []
[2025-01-29 23:41:46,493][__main__][INFO] - [3, 10, 22], []
[2025-01-29 23:41:46,517][__main__][INFO] - [3, 10, 23], []
[2025-01-29 23:41:46,545][__main__][INFO] - [3, 10, 24], []
[2025-01-29 23:41:46,599][__main__][INFO] - [3, 11, 16], []
[2025-01-29 23:41:46,625][__main__][INFO] - [3, 11], [16]
[2025-01-29 23:41:46,666][__main__][INFO] - [3, 11, 18], []
[2025-01-29 23:41:46,693][__main__][INFO] - [3, 11, 19], []
[2025-01-29 23:41:46,763][__main__][INFO] - [3, 11, 23], []
[2025-01-29 23:41:46,832][__main__][INFO] - [3, 12, 16], []
[2025-01-29 23:41:46,866][__main__][INFO] - [3, 12], [16]
[2025-01-29 23:41:46,916][__main__][INFO] - [3, 12, 18], []
[2025-01-29 23:41:46,941][__main__][INFO] - [3, 12, 19], []
[2025-01-29 23:41:47,012][__main__][INFO] - [3, 12, 23], []
[2025-01-29 23:41:47,103][__main__][INFO] - [3, 13, 16], []
[2025-01-29 23:41:47,127][__main__][INFO] - [3, 13], [16]
[2025-01-29 23:41:47,167][__main__][INFO] - [3, 13, 18], []
[2025-01-29 23:41:47,207][__main__][INFO] - [3, 13, 20], []
[2025-01-29 23:41:47,262][__main__][INFO] - [3, 13, 23], []
[2025-01-29 23:41:47,333][__main__][INFO] - [3, 14, 16], []
[2025-01-29 23:41:47,357][__main__][INFO] - [3, 14], [16]
[2025-01-29 23:41:47,397][__main__][INFO] - [3, 14, 18], []
[2025-01-29 23:41:47,421][__main__][INFO] - [3, 14, 19], []
[2025-01-29 23:41:47,476][__main__][INFO] - [3, 14, 22], []
[2025-01-29 23:41:47,500][__main__][INFO] - [3, 14, 23], []
[2025-01-29 23:41:47,571][__main__][INFO] - [3, 15, 16], []
[2025-01-29 23:41:47,607][__main__][INFO] - [3, 15], [16]
[2025-01-29 23:41:47,646][__main__][INFO] - [3, 15, 17], []
[2025-01-29 23:41:47,680][__main__][INFO] - [3, 15, 18], []
[2025-01-29 23:41:47,719][__main__][INFO] - [3, 15, 19], []
[2025-01-29 23:41:47,744][__main__][INFO] - [3, 15, 20], []
[2025-01-29 23:41:47,768][__main__][INFO] - [3, 15, 21], []
[2025-01-29 23:41:47,808][__main__][INFO] - [3, 15, 23], []
[2025-01-29 23:41:47,832][__main__][INFO] - [3, 15, 24], []
[2025-01-29 23:41:47,887][__main__][INFO] - [3, 16, 17], []
[2025-01-29 23:41:47,917][__main__][INFO] - [3, 16, 18], []
[2025-01-29 23:41:47,977][__main__][INFO] - [3, 16, 19], []
[2025-01-29 23:41:48,002][__main__][INFO] - [3, 16, 20], []
[2025-01-29 23:41:48,029][__main__][INFO] - [3, 16, 21], []
[2025-01-29 23:41:48,053][__main__][INFO] - [3, 16, 22], []
[2025-01-29 23:41:48,077][__main__][INFO] - [3, 16, 23], []
[2025-01-29 23:41:48,112][__main__][INFO] - [3, 16, 24], []
[2025-01-29 23:41:48,167][__main__][INFO] - [3, 17], [16]
[2025-01-29 23:41:48,199][__main__][INFO] - [3, 18], [16]
[2025-01-29 23:41:48,266][__main__][INFO] - [3, 19], [16]
[2025-01-29 23:41:48,292][__main__][INFO] - [3, 20], [16]
[2025-01-29 23:41:48,317][__main__][INFO] - [3, 21], [16]
[2025-01-29 23:41:48,342][__main__][INFO] - [3, 22], [16]
[2025-01-29 23:41:48,366][__main__][INFO] - [3, 23], [16]
[2025-01-29 23:41:48,401][__main__][INFO] - [3, 24], [16]
[2025-01-29 23:41:48,471][__main__][INFO] - [4, 10, 16], []
[2025-01-29 23:41:48,542][__main__][INFO] - [4, 10], [16]
[2025-01-29 23:41:48,619][__main__][INFO] - [4, 10, 17], []
[2025-01-29 23:41:48,646][__main__][INFO] - [4, 10, 18], []
[2025-01-29 23:41:48,756][__main__][INFO] - [4, 10, 19], []
[2025-01-29 23:41:48,783][__main__][INFO] - [4, 10, 20], []
[2025-01-29 23:41:48,812][__main__][INFO] - [4, 10, 21], []
[2025-01-29 23:41:48,836][__main__][INFO] - [4, 10, 22], []
[2025-01-29 23:41:48,860][__main__][INFO] - [4, 10, 23], []
[2025-01-29 23:41:48,887][__main__][INFO] - [4, 10, 24], []
[2025-01-29 23:41:48,942][__main__][INFO] - [4, 11, 16], []
[2025-01-29 23:41:48,968][__main__][INFO] - [4, 11], [16]
[2025-01-29 23:41:49,009][__main__][INFO] - [4, 11, 18], []
[2025-01-29 23:41:49,037][__main__][INFO] - [4, 11, 19], []
[2025-01-29 23:41:49,061][__main__][INFO] - [4, 11, 20], []
[2025-01-29 23:41:49,116][__main__][INFO] - [4, 11, 23], []
[2025-01-29 23:41:49,187][__main__][INFO] - [4, 12, 16], []
[2025-01-29 23:41:49,224][__main__][INFO] - [4, 12], [16]
[2025-01-29 23:41:49,275][__main__][INFO] - [4, 12, 18], []
[2025-01-29 23:41:49,301][__main__][INFO] - [4, 12, 19], []
[2025-01-29 23:41:49,371][__main__][INFO] - [4, 12, 23], []
[2025-01-29 23:41:49,463][__main__][INFO] - [4, 13, 16], []
[2025-01-29 23:41:49,488][__main__][INFO] - [4, 13], [16]
[2025-01-29 23:41:49,528][__main__][INFO] - [4, 13, 18], []
[2025-01-29 23:41:49,568][__main__][INFO] - [4, 13, 20], []
[2025-01-29 23:41:49,623][__main__][INFO] - [4, 13, 23], []
[2025-01-29 23:41:49,693][__main__][INFO] - [4, 14, 16], []
[2025-01-29 23:41:49,717][__main__][INFO] - [4, 14], [16]
[2025-01-29 23:41:49,757][__main__][INFO] - [4, 14, 18], []
[2025-01-29 23:41:49,781][__main__][INFO] - [4, 14, 19], []
[2025-01-29 23:41:49,836][__main__][INFO] - [4, 14, 22], []
[2025-01-29 23:41:49,923][__main__][INFO] - [4, 15, 16], []
[2025-01-29 23:41:49,961][__main__][INFO] - [4, 15], [16]
[2025-01-29 23:41:50,004][__main__][INFO] - [4, 15, 17], []
[2025-01-29 23:41:50,042][__main__][INFO] - [4, 15, 18], []
[2025-01-29 23:41:50,084][__main__][INFO] - [4, 15, 19], []
[2025-01-29 23:41:50,109][__main__][INFO] - [4, 15, 20], []
[2025-01-29 23:41:50,133][__main__][INFO] - [4, 15, 21], []
[2025-01-29 23:41:50,173][__main__][INFO] - [4, 15, 23], []
[2025-01-29 23:41:50,197][__main__][INFO] - [4, 15, 24], []
[2025-01-29 23:41:50,252][__main__][INFO] - [4, 16, 17], []
[2025-01-29 23:41:50,282][__main__][INFO] - [4, 16, 18], []
[2025-01-29 23:41:50,355][__main__][INFO] - [4, 16, 19], []
[2025-01-29 23:41:50,380][__main__][INFO] - [4, 16, 20], []
[2025-01-29 23:41:50,407][__main__][INFO] - [4, 16, 21], []
[2025-01-29 23:41:50,431][__main__][INFO] - [4, 16, 22], []
[2025-01-29 23:41:50,456][__main__][INFO] - [4, 16, 23], []
[2025-01-29 23:41:50,493][__main__][INFO] - [4, 16, 24], []
[2025-01-29 23:41:50,548][__main__][INFO] - [4, 17], [16]
[2025-01-29 23:41:50,581][__main__][INFO] - [4, 18], [16]
[2025-01-29 23:41:50,663][__main__][INFO] - [4, 19], [16]
[2025-01-29 23:41:50,688][__main__][INFO] - [4, 20], [16]
[2025-01-29 23:41:50,715][__main__][INFO] - [4, 21], [16]
[2025-01-29 23:41:50,739][__main__][INFO] - [4, 22], [16]
[2025-01-29 23:41:50,764][__main__][INFO] - [4, 23], [16]
[2025-01-29 23:41:50,800][__main__][INFO] - [4, 24], [16]
[2025-01-29 23:41:50,870][__main__][INFO] - [5, 10, 16], []
[2025-01-29 23:41:50,940][__main__][INFO] - [5, 10], [16]
[2025-01-29 23:41:51,015][__main__][INFO] - [5, 10, 17], []
[2025-01-29 23:41:51,041][__main__][INFO] - [5, 10, 18], []
[2025-01-29 23:41:51,151][__main__][INFO] - [5, 10, 19], []
[2025-01-29 23:41:51,177][__main__][INFO] - [5, 10, 20], []
[2025-01-29 23:41:51,206][__main__][INFO] - [5, 10, 21], []
[2025-01-29 23:41:51,230][__main__][INFO] - [5, 10, 22], []
[2025-01-29 23:41:51,254][__main__][INFO] - [5, 10, 23], []
[2025-01-29 23:41:51,280][__main__][INFO] - [5, 10, 24], []
[2025-01-29 23:41:51,336][__main__][INFO] - [5, 11, 16], []
[2025-01-29 23:41:51,361][__main__][INFO] - [5, 11], [16]
[2025-01-29 23:41:51,403][__main__][INFO] - [5, 11, 18], []
[2025-01-29 23:41:51,430][__main__][INFO] - [5, 11, 19], []
[2025-01-29 23:41:51,563][__main__][INFO] - [5, 12, 16], []
[2025-01-29 23:41:51,597][__main__][INFO] - [5, 12], [16]
[2025-01-29 23:41:51,647][__main__][INFO] - [5, 12, 18], []
[2025-01-29 23:41:51,672][__main__][INFO] - [5, 12, 19], []
[2025-01-29 23:41:51,744][__main__][INFO] - [5, 12, 23], []
[2025-01-29 23:41:51,832][__main__][INFO] - [5, 13, 16], []
[2025-01-29 23:41:51,856][__main__][INFO] - [5, 13], [16]
[2025-01-29 23:41:51,896][__main__][INFO] - [5, 13, 18], []
[2025-01-29 23:41:51,935][__main__][INFO] - [5, 13, 20], []
[2025-01-29 23:41:51,990][__main__][INFO] - [5, 13, 23], []
[2025-01-29 23:41:52,060][__main__][INFO] - [5, 14, 16], []
[2025-01-29 23:41:52,084][__main__][INFO] - [5, 14], [16]
[2025-01-29 23:41:52,123][__main__][INFO] - [5, 14, 18], []
[2025-01-29 23:41:52,148][__main__][INFO] - [5, 14, 19], []
[2025-01-29 23:41:52,203][__main__][INFO] - [5, 14, 22], []
[2025-01-29 23:41:52,227][__main__][INFO] - [5, 14, 23], []
[2025-01-29 23:41:52,298][__main__][INFO] - [5, 15, 16], []
[2025-01-29 23:41:52,330][__main__][INFO] - [5, 15], [16]
[2025-01-29 23:41:52,367][__main__][INFO] - [5, 15, 17], []
[2025-01-29 23:41:52,398][__main__][INFO] - [5, 15, 18], []
[2025-01-29 23:41:52,435][__main__][INFO] - [5, 15, 19], []
[2025-01-29 23:41:52,459][__main__][INFO] - [5, 15, 20], []
[2025-01-29 23:41:52,483][__main__][INFO] - [5, 15, 21], []
[2025-01-29 23:41:52,523][__main__][INFO] - [5, 15, 23], []
[2025-01-29 23:41:52,547][__main__][INFO] - [5, 15, 24], []
[2025-01-29 23:41:52,602][__main__][INFO] - [5, 16, 17], []
[2025-01-29 23:41:52,630][__main__][INFO] - [5, 16, 18], []
[2025-01-29 23:41:52,700][__main__][INFO] - [5, 16, 19], []
[2025-01-29 23:41:52,725][__main__][INFO] - [5, 16, 20], []
[2025-01-29 23:41:52,751][__main__][INFO] - [5, 16, 21], []
[2025-01-29 23:41:52,775][__main__][INFO] - [5, 16, 22], []
[2025-01-29 23:41:52,799][__main__][INFO] - [5, 16, 23], []
[2025-01-29 23:41:52,834][__main__][INFO] - [5, 16, 24], []
[2025-01-29 23:41:52,889][__main__][INFO] - [5, 17], [16]
[2025-01-29 23:41:52,918][__main__][INFO] - [5, 18], [16]
[2025-01-29 23:41:52,997][__main__][INFO] - [5, 19], [16]
[2025-01-29 23:41:53,022][__main__][INFO] - [5, 20], [16]
[2025-01-29 23:41:53,048][__main__][INFO] - [5, 21], [16]
[2025-01-29 23:41:53,073][__main__][INFO] - [5, 22], [16]
[2025-01-29 23:41:53,097][__main__][INFO] - [5, 23], [16]
[2025-01-29 23:41:53,131][__main__][INFO] - [5, 24], [16]
[2025-01-29 23:41:53,201][__main__][INFO] - [6, 10, 16], []
[2025-01-29 23:41:53,243][__main__][INFO] - [6, 10], [16]
[2025-01-29 23:41:53,289][__main__][INFO] - [6, 10, 17], []
[2025-01-29 23:41:53,313][__main__][INFO] - [6, 10, 18], []
[2025-01-29 23:41:53,374][__main__][INFO] - [6, 10, 19], []
[2025-01-29 23:41:53,398][__main__][INFO] - [6, 10, 20], []
[2025-01-29 23:41:53,424][__main__][INFO] - [6, 10, 21], []
[2025-01-29 23:41:53,448][__main__][INFO] - [6, 10, 22], []
[2025-01-29 23:41:53,481][__main__][INFO] - [6, 10, 23], []
[2025-01-29 23:41:53,552][__main__][INFO] - [6, 11, 16], []
[2025-01-29 23:41:53,576][__main__][INFO] - [6, 11], [16]
[2025-01-29 23:41:53,616][__main__][INFO] - [6, 11, 18], []
[2025-01-29 23:41:53,766][__main__][INFO] - [6, 12, 16], []
[2025-01-29 23:41:53,793][__main__][INFO] - [6, 12], [16]
[2025-01-29 23:41:53,837][__main__][INFO] - [6, 12, 18], []
[2025-01-29 23:41:53,861][__main__][INFO] - [6, 12, 19], []
[2025-01-29 23:41:53,932][__main__][INFO] - [6, 12, 23], []
[2025-01-29 23:41:54,010][__main__][INFO] - [6, 13, 16], []
[2025-01-29 23:41:54,034][__main__][INFO] - [6, 13], [16]
[2025-01-29 23:41:54,073][__main__][INFO] - [6, 13, 18], []
[2025-01-29 23:41:54,113][__main__][INFO] - [6, 13, 20], []
[2025-01-29 23:41:54,246][__main__][INFO] - [6, 14], [16]
[2025-01-29 23:41:54,425][__main__][INFO] - [6, 15, 16], []
[2025-01-29 23:41:54,451][__main__][INFO] - [6, 15], [16]
[2025-01-29 23:41:54,479][__main__][INFO] - [6, 15, 17], []
[2025-01-29 23:41:54,504][__main__][INFO] - [6, 15, 18], []
[2025-01-29 23:41:54,531][__main__][INFO] - [6, 15, 19], []
[2025-01-29 23:41:54,555][__main__][INFO] - [6, 15, 20], []
[2025-01-29 23:41:54,610][__main__][INFO] - [6, 15, 23], []
[2025-01-29 23:41:54,679][__main__][INFO] - [6, 16, 17], []
[2025-01-29 23:41:54,704][__main__][INFO] - [6, 16, 18], []
[2025-01-29 23:41:54,746][__main__][INFO] - [6, 16, 19], []
[2025-01-29 23:41:54,770][__main__][INFO] - [6, 16, 20], []
[2025-01-29 23:41:54,795][__main__][INFO] - [6, 16, 21], []
[2025-01-29 23:41:54,819][__main__][INFO] - [6, 16, 22], []
[2025-01-29 23:41:54,843][__main__][INFO] - [6, 16, 23], []
[2025-01-29 23:41:54,917][__main__][INFO] - [6, 17], [16]
[2025-01-29 23:41:54,942][__main__][INFO] - [6, 18], [16]
[2025-01-29 23:41:54,989][__main__][INFO] - [6, 19], [16]
[2025-01-29 23:41:55,013][__main__][INFO] - [6, 20], [16]
[2025-01-29 23:41:55,038][__main__][INFO] - [6, 21], [16]
[2025-01-29 23:41:55,062][__main__][INFO] - [6, 22], [16]
[2025-01-29 23:41:55,087][__main__][INFO] - [6, 23], [16]
[2025-01-29 23:41:55,175][__main__][INFO] - [7, 10, 16], []
[2025-01-29 23:41:55,205][__main__][INFO] - [7, 10], [16]
[2025-01-29 23:41:55,236][__main__][INFO] - [7, 10, 17], []
[2025-01-29 23:41:55,260][__main__][INFO] - [7, 10, 18], []
[2025-01-29 23:41:55,297][__main__][INFO] - [7, 10, 19], []
[2025-01-29 23:41:55,321][__main__][INFO] - [7, 10, 20], []
[2025-01-29 23:41:55,346][__main__][INFO] - [7, 10, 21], []
[2025-01-29 23:41:55,385][__main__][INFO] - [7, 10, 23], []
[2025-01-29 23:41:55,456][__main__][INFO] - [7, 11, 16], []
[2025-01-29 23:41:55,480][__main__][INFO] - [7, 11], [16]
[2025-01-29 23:41:55,520][__main__][INFO] - [7, 11, 18], []
[2025-01-29 23:41:55,669][__main__][INFO] - [7, 12, 16], []
[2025-01-29 23:41:55,693][__main__][INFO] - [7, 12], [16]
[2025-01-29 23:41:55,734][__main__][INFO] - [7, 12, 18], []
[2025-01-29 23:41:55,758][__main__][INFO] - [7, 12, 19], []
[2025-01-29 23:41:55,829][__main__][INFO] - [7, 12, 23], []
[2025-01-29 23:41:55,916][__main__][INFO] - [7, 13], [16]
[2025-01-29 23:41:55,956][__main__][INFO] - [7, 13, 18], []
[2025-01-29 23:41:56,290][__main__][INFO] - [7, 15, 16], []
[2025-01-29 23:41:56,314][__main__][INFO] - [7, 15], [16]
[2025-01-29 23:41:56,339][__main__][INFO] - [7, 15, 17], []
[2025-01-29 23:41:56,363][__main__][INFO] - [7, 15, 18], []
[2025-01-29 23:41:56,388][__main__][INFO] - [7, 15, 19], []
[2025-01-29 23:41:56,520][__main__][INFO] - [7, 16, 17], []
[2025-01-29 23:41:56,544][__main__][INFO] - [7, 16, 18], []
[2025-01-29 23:41:56,574][__main__][INFO] - [7, 16, 19], []
[2025-01-29 23:41:56,598][__main__][INFO] - [7, 16, 20], []
[2025-01-29 23:41:56,622][__main__][INFO] - [7, 16, 21], []
[2025-01-29 23:41:56,661][__main__][INFO] - [7, 16, 23], []
[2025-01-29 23:41:56,732][__main__][INFO] - [7, 17], [16]
[2025-01-29 23:41:56,756][__main__][INFO] - [7, 18], [16]
[2025-01-29 23:41:56,788][__main__][INFO] - [7, 19], [16]
[2025-01-29 23:41:56,812][__main__][INFO] - [7, 20], [16]
[2025-01-29 23:41:56,837][__main__][INFO] - [7, 21], [16]
[2025-01-29 23:41:56,876][__main__][INFO] - [7, 23], [16]
[2025-01-29 23:41:56,962][__main__][INFO] - [8, 10, 16], []
[2025-01-29 23:41:56,987][__main__][INFO] - [8, 10], [16]
[2025-01-29 23:41:57,028][__main__][INFO] - [8, 10, 18], []
[2025-01-29 23:41:57,054][__main__][INFO] - [8, 10, 19], []
[2025-01-29 23:41:57,079][__main__][INFO] - [8, 10, 20], []
[2025-01-29 23:41:57,133][__main__][INFO] - [8, 10, 23], []
[2025-01-29 23:41:57,203][__main__][INFO] - [8, 11, 16], []
[2025-01-29 23:41:57,226][__main__][INFO] - [8, 11], [16]
[2025-01-29 23:41:57,266][__main__][INFO] - [8, 11, 18], []
[2025-01-29 23:41:57,413][__main__][INFO] - [8, 12, 16], []
[2025-01-29 23:41:57,437][__main__][INFO] - [8, 12], [16]
[2025-01-29 23:41:57,477][__main__][INFO] - [8, 12, 18], []
[2025-01-29 23:41:57,563][__main__][INFO] - [8, 12, 23], []
[2025-01-29 23:41:57,664][__main__][INFO] - [8, 15, 16], []
[2025-01-29 23:41:57,688][__main__][INFO] - [8, 15], [16]
[2025-01-29 23:41:57,728][__main__][INFO] - [8, 15, 18], []
[2025-01-29 23:41:57,891][__main__][INFO] - [8, 16, 18], []
[2025-01-29 23:41:57,916][__main__][INFO] - [8, 16, 19], []
[2025-01-29 23:41:57,940][__main__][INFO] - [8, 16, 20], []
[2025-01-29 23:41:57,995][__main__][INFO] - [8, 16, 23], []
[2025-01-29 23:41:58,065][__main__][INFO] - [8, 17], [16]
[2025-01-29 23:41:58,089][__main__][INFO] - [8, 18], [16]
[2025-01-29 23:41:58,115][__main__][INFO] - [8, 19], [16]
[2025-01-29 23:41:58,139][__main__][INFO] - [8, 20], [16]
[2025-01-29 23:41:58,194][__main__][INFO] - [8, 23], [16]
[2025-01-29 23:41:58,279][__main__][INFO] - [9, 10, 16], []
[2025-01-29 23:41:58,303][__main__][INFO] - [9, 10], [16]
[2025-01-29 23:41:58,343][__main__][INFO] - [9, 10, 18], []
[2025-01-29 23:41:58,758][__main__][INFO] - [9, 16, 18], []
[2025-01-29 23:41:58,932][__main__][INFO] - [9, 18], [16]
[2025-01-29 23:41:59,095][__main__][INFO] - [10, 16, 17], []
[2025-01-29 23:41:59,141][__main__][INFO] - [10, 16, 18], []
[2025-01-29 23:41:59,421][__main__][INFO] - [10, 16, 19], []
[2025-01-29 23:41:59,457][__main__][INFO] - [10, 16, 20], []
[2025-01-29 23:41:59,495][__main__][INFO] - [10, 16, 21], []
[2025-01-29 23:41:59,521][__main__][INFO] - [10, 16, 22], []
[2025-01-29 23:41:59,545][__main__][INFO] - [10, 16, 23], []
[2025-01-29 23:41:59,587][__main__][INFO] - [10, 16, 24], []
[2025-01-29 23:41:59,642][__main__][INFO] - [10, 17], [16]
[2025-01-29 23:41:59,691][__main__][INFO] - [10, 18], [16]
[2025-01-29 23:42:00,004][__main__][INFO] - [10, 19], [16]
[2025-01-29 23:42:00,040][__main__][INFO] - [10, 20], [16]
[2025-01-29 23:42:00,078][__main__][INFO] - [10, 21], [16]
[2025-01-29 23:42:00,103][__main__][INFO] - [10, 22], [16]
[2025-01-29 23:42:00,128][__main__][INFO] - [10, 23], [16]
[2025-01-29 23:42:00,170][__main__][INFO] - [10, 24], [16]
[2025-01-29 23:42:00,240][__main__][INFO] - [11, 16, 17], []
[2025-01-29 23:42:00,264][__main__][INFO] - [11, 16, 18], []
[2025-01-29 23:42:00,295][__main__][INFO] - [11, 16, 19], []
[2025-01-29 23:42:00,319][__main__][INFO] - [11, 16, 20], []
[2025-01-29 23:42:00,374][__main__][INFO] - [11, 16, 23], []
[2025-01-29 23:42:00,444][__main__][INFO] - [11, 17], [16]
[2025-01-29 23:42:00,468][__main__][INFO] - [11, 18], [16]
[2025-01-29 23:42:00,502][__main__][INFO] - [11, 19], [16]
[2025-01-29 23:42:00,526][__main__][INFO] - [11, 20], [16]
[2025-01-29 23:42:00,581][__main__][INFO] - [11, 23], [16]
[2025-01-29 23:42:00,666][__main__][INFO] - [12, 16, 17], []
[2025-01-29 23:42:00,690][__main__][INFO] - [12, 16, 18], []
[2025-01-29 23:42:00,717][__main__][INFO] - [12, 16, 19], []
[2025-01-29 23:42:00,788][__main__][INFO] - [12, 16, 23], []
[2025-01-29 23:42:00,912][__main__][INFO] - [12, 17], [16]
[2025-01-29 23:42:00,936][__main__][INFO] - [12, 18], [16]
[2025-01-29 23:42:00,964][__main__][INFO] - [12, 19], [16]
[2025-01-29 23:42:01,036][__main__][INFO] - [12, 23], [16]
[2025-01-29 23:42:01,188][__main__][INFO] - [13, 16, 18], []
[2025-01-29 23:42:01,212][__main__][INFO] - [13, 16, 19], []
[2025-01-29 23:42:01,236][__main__][INFO] - [13, 16, 20], []
[2025-01-29 23:42:01,292][__main__][INFO] - [13, 16, 23], []
[2025-01-29 23:42:01,378][__main__][INFO] - [13, 18], [16]
[2025-01-29 23:42:01,402][__main__][INFO] - [13, 19], [16]
[2025-01-29 23:42:01,427][__main__][INFO] - [13, 20], [16]
[2025-01-29 23:42:01,483][__main__][INFO] - [13, 23], [16]
[2025-01-29 23:42:01,583][__main__][INFO] - [14, 16, 18], []
[2025-01-29 23:42:01,607][__main__][INFO] - [14, 16, 19], []
[2025-01-29 23:42:01,662][__main__][INFO] - [14, 16, 22], []
[2025-01-29 23:42:01,686][__main__][INFO] - [14, 16, 23], []
[2025-01-29 23:42:01,772][__main__][INFO] - [14, 18], [16]
[2025-01-29 23:42:01,796][__main__][INFO] - [14, 19], [16]
[2025-01-29 23:42:01,851][__main__][INFO] - [14, 22], [16]
[2025-01-29 23:42:01,876][__main__][INFO] - [14, 23], [16]
[2025-01-29 23:42:01,961][__main__][INFO] - [15, 16, 17], []
[2025-01-29 23:42:02,004][__main__][INFO] - [15, 16, 18], []
[2025-01-29 23:42:02,060][__main__][INFO] - [15, 16, 19], []
[2025-01-29 23:42:02,085][__main__][INFO] - [15, 16, 20], []
[2025-01-29 23:42:02,109][__main__][INFO] - [15, 16, 21], []
[2025-01-29 23:42:02,149][__main__][INFO] - [15, 16, 23], []
[2025-01-29 23:42:02,173][__main__][INFO] - [15, 16, 24], []
[2025-01-29 23:42:02,228][__main__][INFO] - [15, 17], [16]
[2025-01-29 23:42:02,280][__main__][INFO] - [15, 18], [16]
[2025-01-29 23:42:02,348][__main__][INFO] - [15, 19], [16]
[2025-01-29 23:42:02,373][__main__][INFO] - [15, 20], [16]
[2025-01-29 23:42:02,397][__main__][INFO] - [15, 21], [16]
[2025-01-29 23:42:02,437][__main__][INFO] - [15, 23], [16]
[2025-01-29 23:42:02,461][__main__][INFO] - [15, 24], [16]
