[2025-01-29 13:08:44,481][__main__][INFO] - In total, there are 1229 possible subgroups
[2025-01-29 13:08:44,510][__main__][INFO] - [0], []
[2025-01-29 13:08:44,699][__main__][INFO] - [1], []
[2025-01-29 13:08:44,938][__main__][INFO] - [2], []
[2025-01-29 13:08:45,164][__main__][INFO] - [3], []
[2025-01-29 13:08:45,344][__main__][INFO] - [4], []
[2025-01-29 13:08:45,568][__main__][INFO] - [5], []
[2025-01-29 13:08:45,763][__main__][INFO] - [6], []
[2025-01-29 13:08:45,848][__main__][INFO] - [7], []
[2025-01-29 13:08:45,886][__main__][INFO] - [8], []
[2025-01-29 13:08:45,908][__main__][INFO] - [9], []
[2025-01-29 13:08:45,926][__main__][INFO] - [10], []
[2025-01-29 13:08:46,810][__main__][INFO] - [11], []
[2025-01-29 13:08:46,853][__main__][INFO] - [12], []
[2025-01-29 13:08:47,014][__main__][INFO] - [13], []
[2025-01-29 13:08:47,038][__main__][INFO] - [14], []
[2025-01-29 13:08:47,061][__main__][INFO] - [15], []
[2025-01-29 13:08:47,254][__main__][INFO] - [16], []
[2025-01-29 13:08:47,864][__main__][INFO] - [], [16]
[2025-01-29 13:08:48,530][__main__][INFO] - [17], []
[2025-01-29 13:08:48,667][__main__][INFO] - [18], []
[2025-01-29 13:08:49,433][__main__][INFO] - [19], []
[2025-01-29 13:08:49,491][__main__][INFO] - [20], []
[2025-01-29 13:08:49,548][__main__][INFO] - [21], []
[2025-01-29 13:08:49,571][__main__][INFO] - [22], []
[2025-01-29 13:08:49,593][__main__][INFO] - [23], []
[2025-01-29 13:08:49,784][__main__][INFO] - [24], []
[2025-01-29 13:08:49,804][__main__][INFO] - [25], []
[2025-01-29 13:08:49,852][__main__][INFO] - [0, 10], []
[2025-01-29 13:08:50,015][__main__][INFO] - [0, 11], []
[2025-01-29 13:08:50,037][__main__][INFO] - [0, 12], []
[2025-01-29 13:08:50,063][__main__][INFO] - [0, 13], []
[2025-01-29 13:08:50,087][__main__][INFO] - [0, 14], []
[2025-01-29 13:08:50,107][__main__][INFO] - [0, 15], []
[2025-01-29 13:08:50,135][__main__][INFO] - [0, 16], []
[2025-01-29 13:08:50,231][__main__][INFO] - [0], [16]
[2025-01-29 13:08:50,328][__main__][INFO] - [0, 17], []
[2025-01-29 13:08:50,368][__main__][INFO] - [0, 18], []
[2025-01-29 13:08:50,479][__main__][INFO] - [0, 19], []
[2025-01-29 13:08:50,507][__main__][INFO] - [0, 20], []
[2025-01-29 13:08:50,533][__main__][INFO] - [0, 21], []
[2025-01-29 13:08:50,553][__main__][INFO] - [0, 22], []
[2025-01-29 13:08:50,575][__main__][INFO] - [0, 23], []
[2025-01-29 13:08:50,610][__main__][INFO] - [0, 24], []
[2025-01-29 13:08:50,664][__main__][INFO] - [1, 10], []
[2025-01-29 13:08:50,847][__main__][INFO] - [1, 11], []
[2025-01-29 13:08:50,871][__main__][INFO] - [1, 12], []
[2025-01-29 13:08:50,907][__main__][INFO] - [1, 13], []
[2025-01-29 13:08:50,927][__main__][INFO] - [1, 14], []
[2025-01-29 13:08:50,948][__main__][INFO] - [1, 15], []
[2025-01-29 13:08:50,986][__main__][INFO] - [1, 16], []
[2025-01-29 13:08:51,100][__main__][INFO] - [1], [16]
[2025-01-29 13:08:51,227][__main__][INFO] - [1, 17], []
[2025-01-29 13:08:51,271][__main__][INFO] - [1, 18], []
[2025-01-29 13:08:51,409][__main__][INFO] - [1, 19], []
[2025-01-29 13:08:51,438][__main__][INFO] - [1, 20], []
[2025-01-29 13:08:51,465][__main__][INFO] - [1, 21], []
[2025-01-29 13:08:51,485][__main__][INFO] - [1, 22], []
[2025-01-29 13:08:51,506][__main__][INFO] - [1, 23], []
[2025-01-29 13:08:51,553][__main__][INFO] - [1, 24], []
[2025-01-29 13:08:51,602][__main__][INFO] - [2, 10], []
[2025-01-29 13:08:51,751][__main__][INFO] - [2, 11], []
[2025-01-29 13:08:51,775][__main__][INFO] - [2, 12], []
[2025-01-29 13:08:51,818][__main__][INFO] - [2, 13], []
[2025-01-29 13:08:51,839][__main__][INFO] - [2, 14], []
[2025-01-29 13:08:51,859][__main__][INFO] - [2, 15], []
[2025-01-29 13:08:51,909][__main__][INFO] - [2, 16], []
[2025-01-29 13:08:52,014][__main__][INFO] - [2], [16]
[2025-01-29 13:08:52,136][__main__][INFO] - [2, 17], []
[2025-01-29 13:08:52,176][__main__][INFO] - [2, 18], []
[2025-01-29 13:08:52,308][__main__][INFO] - [2, 19], []
[2025-01-29 13:08:52,334][__main__][INFO] - [2, 20], []
[2025-01-29 13:08:52,360][__main__][INFO] - [2, 21], []
[2025-01-29 13:08:52,380][__main__][INFO] - [2, 22], []
[2025-01-29 13:08:52,401][__main__][INFO] - [2, 23], []
[2025-01-29 13:08:52,451][__main__][INFO] - [2, 24], []
[2025-01-29 13:08:52,501][__main__][INFO] - [3, 10], []
[2025-01-29 13:08:52,607][__main__][INFO] - [3, 11], []
[2025-01-29 13:08:52,630][__main__][INFO] - [3, 12], []
[2025-01-29 13:08:52,674][__main__][INFO] - [3, 13], []
[2025-01-29 13:08:52,695][__main__][INFO] - [3, 14], []
[2025-01-29 13:08:52,715][__main__][INFO] - [3, 15], []
[2025-01-29 13:08:52,765][__main__][INFO] - [3, 16], []
[2025-01-29 13:08:52,853][__main__][INFO] - [3], [16]
[2025-01-29 13:08:52,954][__main__][INFO] - [3, 17], []
[2025-01-29 13:08:52,989][__main__][INFO] - [3, 18], []
[2025-01-29 13:08:53,096][__main__][INFO] - [3, 19], []
[2025-01-29 13:08:53,121][__main__][INFO] - [3, 20], []
[2025-01-29 13:08:53,145][__main__][INFO] - [3, 21], []
[2025-01-29 13:08:53,166][__main__][INFO] - [3, 22], []
[2025-01-29 13:08:53,186][__main__][INFO] - [3, 23], []
[2025-01-29 13:08:53,232][__main__][INFO] - [3, 24], []
[2025-01-29 13:08:53,281][__main__][INFO] - [4, 10], []
[2025-01-29 13:08:53,413][__main__][INFO] - [4, 11], []
[2025-01-29 13:08:53,438][__main__][INFO] - [4, 12], []
[2025-01-29 13:08:53,486][__main__][INFO] - [4, 13], []
[2025-01-29 13:08:53,507][__main__][INFO] - [4, 14], []
[2025-01-29 13:08:53,528][__main__][INFO] - [4, 15], []
[2025-01-29 13:08:53,586][__main__][INFO] - [4, 16], []
[2025-01-29 13:08:53,693][__main__][INFO] - [4], [16]
[2025-01-29 13:08:53,811][__main__][INFO] - [4, 17], []
[2025-01-29 13:08:53,849][__main__][INFO] - [4, 18], []
[2025-01-29 13:08:53,988][__main__][INFO] - [4, 19], []
[2025-01-29 13:08:54,011][__main__][INFO] - [4, 20], []
[2025-01-29 13:08:54,037][__main__][INFO] - [4, 21], []
[2025-01-29 13:08:54,058][__main__][INFO] - [4, 22], []
[2025-01-29 13:08:54,079][__main__][INFO] - [4, 23], []
[2025-01-29 13:08:54,127][__main__][INFO] - [4, 24], []
[2025-01-29 13:08:54,177][__main__][INFO] - [5, 10], []
[2025-01-29 13:08:54,308][__main__][INFO] - [5, 11], []
[2025-01-29 13:08:54,333][__main__][INFO] - [5, 12], []
[2025-01-29 13:08:54,377][__main__][INFO] - [5, 13], []
[2025-01-29 13:08:54,398][__main__][INFO] - [5, 14], []
[2025-01-29 13:08:54,419][__main__][INFO] - [5, 15], []
[2025-01-29 13:08:54,463][__main__][INFO] - [5, 16], []
[2025-01-29 13:08:54,559][__main__][INFO] - [5], [16]
[2025-01-29 13:08:54,666][__main__][INFO] - [5, 17], []
[2025-01-29 13:08:54,696][__main__][INFO] - [5, 18], []
[2025-01-29 13:08:54,829][__main__][INFO] - [5, 19], []
[2025-01-29 13:08:54,852][__main__][INFO] - [5, 20], []
[2025-01-29 13:08:54,877][__main__][INFO] - [5, 21], []
[2025-01-29 13:08:54,898][__main__][INFO] - [5, 22], []
[2025-01-29 13:08:54,918][__main__][INFO] - [5, 23], []
[2025-01-29 13:08:54,961][__main__][INFO] - [5, 24], []
[2025-01-29 13:08:55,010][__main__][INFO] - [6, 10], []
[2025-01-29 13:08:55,076][__main__][INFO] - [6, 11], []
[2025-01-29 13:08:55,097][__main__][INFO] - [6, 12], []
[2025-01-29 13:08:55,128][__main__][INFO] - [6, 13], []
[2025-01-29 13:08:55,159][__main__][INFO] - [6, 14], []
[2025-01-29 13:08:55,179][__main__][INFO] - [6, 15], []
[2025-01-29 13:08:55,206][__main__][INFO] - [6, 16], []
[2025-01-29 13:08:55,254][__main__][INFO] - [6], [16]
[2025-01-29 13:08:55,307][__main__][INFO] - [6, 17], []
[2025-01-29 13:08:55,330][__main__][INFO] - [6, 18], []
[2025-01-29 13:08:55,394][__main__][INFO] - [6, 19], []
[2025-01-29 13:08:55,415][__main__][INFO] - [6, 20], []
[2025-01-29 13:08:55,437][__main__][INFO] - [6, 21], []
[2025-01-29 13:08:55,458][__main__][INFO] - [6, 22], []
[2025-01-29 13:08:55,478][__main__][INFO] - [6, 23], []
[2025-01-29 13:08:55,505][__main__][INFO] - [6, 24], []
[2025-01-29 13:08:55,555][__main__][INFO] - [7, 10], []
[2025-01-29 13:08:55,589][__main__][INFO] - [7, 11], []
[2025-01-29 13:08:55,609][__main__][INFO] - [7, 12], []
[2025-01-29 13:08:55,631][__main__][INFO] - [7, 13], []
[2025-01-29 13:08:55,654][__main__][INFO] - [7, 14], []
[2025-01-29 13:08:55,674][__main__][INFO] - [7, 15], []
[2025-01-29 13:08:55,696][__main__][INFO] - [7, 16], []
[2025-01-29 13:08:55,724][__main__][INFO] - [7], [16]
[2025-01-29 13:08:55,754][__main__][INFO] - [7, 17], []
[2025-01-29 13:08:55,775][__main__][INFO] - [7, 18], []
[2025-01-29 13:08:55,810][__main__][INFO] - [7, 19], []
[2025-01-29 13:08:55,830][__main__][INFO] - [7, 20], []
[2025-01-29 13:08:55,850][__main__][INFO] - [7, 21], []
[2025-01-29 13:08:55,885][__main__][INFO] - [7, 23], []
[2025-01-29 13:08:55,950][__main__][INFO] - [8, 10], []
[2025-01-29 13:08:55,973][__main__][INFO] - [8, 11], []
[2025-01-29 13:08:55,992][__main__][INFO] - [8, 12], []
[2025-01-29 13:08:56,042][__main__][INFO] - [8, 15], []
[2025-01-29 13:08:56,062][__main__][INFO] - [8, 16], []
[2025-01-29 13:08:56,083][__main__][INFO] - [8], [16]
[2025-01-29 13:08:56,105][__main__][INFO] - [8, 17], []
[2025-01-29 13:08:56,126][__main__][INFO] - [8, 18], []
[2025-01-29 13:08:56,148][__main__][INFO] - [8, 19], []
[2025-01-29 13:08:56,168][__main__][INFO] - [8, 20], []
[2025-01-29 13:08:56,218][__main__][INFO] - [8, 23], []
[2025-01-29 13:08:56,282][__main__][INFO] - [9, 10], []
[2025-01-29 13:08:56,317][__main__][INFO] - [9, 12], []
[2025-01-29 13:08:56,381][__main__][INFO] - [9, 16], []
[2025-01-29 13:08:56,401][__main__][INFO] - [9], [16]
[2025-01-29 13:08:56,436][__main__][INFO] - [9, 18], []
[2025-01-29 13:08:56,515][__main__][INFO] - [9, 23], []
[2025-01-29 13:08:56,579][__main__][INFO] - [10, 16], []
[2025-01-29 13:08:56,984][__main__][INFO] - [10], [16]
[2025-01-29 13:08:57,420][__main__][INFO] - [10, 17], []
[2025-01-29 13:08:57,496][__main__][INFO] - [10, 18], []
[2025-01-29 13:08:58,112][__main__][INFO] - [10, 19], []
[2025-01-29 13:08:58,162][__main__][INFO] - [10, 20], []
[2025-01-29 13:08:58,214][__main__][INFO] - [10, 21], []
[2025-01-29 13:08:58,238][__main__][INFO] - [10, 22], []
[2025-01-29 13:08:58,260][__main__][INFO] - [10, 23], []
[2025-01-29 13:08:58,321][__main__][INFO] - [10, 24], []
[2025-01-29 13:08:58,342][__main__][INFO] - [10, 25], []
[2025-01-29 13:08:58,377][__main__][INFO] - [11, 16], []
[2025-01-29 13:08:58,406][__main__][INFO] - [11], [16]
[2025-01-29 13:08:58,438][__main__][INFO] - [11, 17], []
[2025-01-29 13:08:58,459][__main__][INFO] - [11, 18], []
[2025-01-29 13:08:58,499][__main__][INFO] - [11, 19], []
[2025-01-29 13:08:58,533][__main__][INFO] - [11, 20], []
[2025-01-29 13:08:58,583][__main__][INFO] - [11, 23], []
[2025-01-29 13:08:58,647][__main__][INFO] - [12, 16], []
[2025-01-29 13:08:58,731][__main__][INFO] - [12], [16]
[2025-01-29 13:08:58,818][__main__][INFO] - [12, 17], []
[2025-01-29 13:08:58,838][__main__][INFO] - [12, 18], []
[2025-01-29 13:08:58,867][__main__][INFO] - [12, 19], []
[2025-01-29 13:08:58,890][__main__][INFO] - [12, 20], []
[2025-01-29 13:08:58,943][__main__][INFO] - [12, 23], []
[2025-01-29 13:08:59,128][__main__][INFO] - [13, 16], []
[2025-01-29 13:08:59,151][__main__][INFO] - [13], [16]
[2025-01-29 13:08:59,174][__main__][INFO] - [13, 17], []
[2025-01-29 13:08:59,194][__main__][INFO] - [13, 18], []
[2025-01-29 13:08:59,215][__main__][INFO] - [13, 19], []
[2025-01-29 13:08:59,236][__main__][INFO] - [13, 20], []
[2025-01-29 13:08:59,287][__main__][INFO] - [13, 23], []
[2025-01-29 13:08:59,352][__main__][INFO] - [14, 16], []
[2025-01-29 13:08:59,373][__main__][INFO] - [14], [16]
[2025-01-29 13:08:59,410][__main__][INFO] - [14, 18], []
[2025-01-29 13:08:59,430][__main__][INFO] - [14, 19], []
[2025-01-29 13:08:59,480][__main__][INFO] - [14, 22], []
[2025-01-29 13:08:59,501][__main__][INFO] - [14, 23], []
[2025-01-29 13:08:59,565][__main__][INFO] - [15, 16], []
[2025-01-29 13:08:59,652][__main__][INFO] - [15], [16]
[2025-01-29 13:08:59,764][__main__][INFO] - [15, 17], []
[2025-01-29 13:08:59,840][__main__][INFO] - [15, 18], []
[2025-01-29 13:08:59,949][__main__][INFO] - [15, 19], []
[2025-01-29 13:08:59,971][__main__][INFO] - [15, 20], []
[2025-01-29 13:08:59,993][__main__][INFO] - [15, 21], []
[2025-01-29 13:09:00,014][__main__][INFO] - [15, 22], []
[2025-01-29 13:09:00,034][__main__][INFO] - [15, 23], []
[2025-01-29 13:09:00,056][__main__][INFO] - [15, 24], []
[2025-01-29 13:09:00,106][__main__][INFO] - [16, 17], []
[2025-01-29 13:09:00,173][__main__][INFO] - [16, 18], []
[2025-01-29 13:09:00,521][__main__][INFO] - [16, 19], []
[2025-01-29 13:09:00,560][__main__][INFO] - [16, 20], []
[2025-01-29 13:09:00,598][__main__][INFO] - [16, 21], []
[2025-01-29 13:09:00,620][__main__][INFO] - [16, 22], []
[2025-01-29 13:09:00,642][__main__][INFO] - [16, 23], []
[2025-01-29 13:09:00,743][__main__][INFO] - [16, 24], []
[2025-01-29 13:09:00,794][__main__][INFO] - [17], [16]
[2025-01-29 13:09:00,873][__main__][INFO] - [18], [16]
[2025-01-29 13:09:01,266][__main__][INFO] - [19], [16]
[2025-01-29 13:09:01,305][__main__][INFO] - [20], [16]
[2025-01-29 13:09:01,342][__main__][INFO] - [21], [16]
[2025-01-29 13:09:01,364][__main__][INFO] - [22], [16]
[2025-01-29 13:09:01,385][__main__][INFO] - [23], [16]
[2025-01-29 13:09:01,483][__main__][INFO] - [24], [16]
[2025-01-29 13:09:01,563][__main__][INFO] - [0, 10, 16], []
[2025-01-29 13:09:01,650][__main__][INFO] - [0, 10], [16]
[2025-01-29 13:09:01,739][__main__][INFO] - [0, 10, 17], []
[2025-01-29 13:09:01,777][__main__][INFO] - [0, 10, 18], []
[2025-01-29 13:09:01,881][__main__][INFO] - [0, 10, 19], []
[2025-01-29 13:09:01,913][__main__][INFO] - [0, 10, 20], []
[2025-01-29 13:09:01,940][__main__][INFO] - [0, 10, 21], []
[2025-01-29 13:09:01,964][__main__][INFO] - [0, 10, 22], []
[2025-01-29 13:09:01,986][__main__][INFO] - [0, 10, 23], []
[2025-01-29 13:09:02,018][__main__][INFO] - [0, 10, 24], []
[2025-01-29 13:09:02,070][__main__][INFO] - [0, 11, 16], []
[2025-01-29 13:09:02,093][__main__][INFO] - [0, 11], [16]
[2025-01-29 13:09:02,131][__main__][INFO] - [0, 11, 18], []
[2025-01-29 13:09:02,155][__main__][INFO] - [0, 11, 19], []
[2025-01-29 13:09:02,222][__main__][INFO] - [0, 11, 23], []
[2025-01-29 13:09:02,289][__main__][INFO] - [0, 12, 16], []
[2025-01-29 13:09:02,314][__main__][INFO] - [0, 12], [16]
[2025-01-29 13:09:02,354][__main__][INFO] - [0, 12, 18], []
[2025-01-29 13:09:02,377][__main__][INFO] - [0, 12, 19], []
[2025-01-29 13:09:02,445][__main__][INFO] - [0, 12, 23], []
[2025-01-29 13:09:02,518][__main__][INFO] - [0, 13, 16], []
[2025-01-29 13:09:02,540][__main__][INFO] - [0, 13], [16]
[2025-01-29 13:09:02,578][__main__][INFO] - [0, 13, 18], []
[2025-01-29 13:09:02,615][__main__][INFO] - [0, 13, 20], []
[2025-01-29 13:09:02,728][__main__][INFO] - [0, 14, 16], []
[2025-01-29 13:09:02,749][__main__][INFO] - [0, 14], [16]
[2025-01-29 13:09:02,787][__main__][INFO] - [0, 14, 18], []
[2025-01-29 13:09:02,853][__main__][INFO] - [0, 14, 22], []
[2025-01-29 13:09:02,936][__main__][INFO] - [0, 15, 16], []
[2025-01-29 13:09:02,962][__main__][INFO] - [0, 15], [16]
[2025-01-29 13:09:02,988][__main__][INFO] - [0, 15, 17], []
[2025-01-29 13:09:03,013][__main__][INFO] - [0, 15, 18], []
[2025-01-29 13:09:03,039][__main__][INFO] - [0, 15, 19], []
[2025-01-29 13:09:03,061][__main__][INFO] - [0, 15, 20], []
[2025-01-29 13:09:03,084][__main__][INFO] - [0, 15, 21], []
[2025-01-29 13:09:03,120][__main__][INFO] - [0, 15, 23], []
[2025-01-29 13:09:03,188][__main__][INFO] - [0, 16, 17], []
[2025-01-29 13:09:03,218][__main__][INFO] - [0, 16, 18], []
[2025-01-29 13:09:03,284][__main__][INFO] - [0, 16, 19], []
[2025-01-29 13:09:03,310][__main__][INFO] - [0, 16, 20], []
[2025-01-29 13:09:03,335][__main__][INFO] - [0, 16, 21], []
[2025-01-29 13:09:03,357][__main__][INFO] - [0, 16, 22], []
[2025-01-29 13:09:03,379][__main__][INFO] - [0, 16, 23], []
[2025-01-29 13:09:03,409][__main__][INFO] - [0, 16, 24], []
[2025-01-29 13:09:03,460][__main__][INFO] - [0, 17], [16]
[2025-01-29 13:09:03,491][__main__][INFO] - [0, 18], [16]
[2025-01-29 13:09:03,559][__main__][INFO] - [0, 19], [16]
[2025-01-29 13:09:03,585][__main__][INFO] - [0, 20], [16]
[2025-01-29 13:09:03,609][__main__][INFO] - [0, 21], [16]
[2025-01-29 13:09:03,632][__main__][INFO] - [0, 22], [16]
[2025-01-29 13:09:03,654][__main__][INFO] - [0, 23], [16]
[2025-01-29 13:09:03,683][__main__][INFO] - [0, 24], [16]
[2025-01-29 13:09:03,750][__main__][INFO] - [1, 10, 16], []
[2025-01-29 13:09:03,846][__main__][INFO] - [1, 10], [16]
[2025-01-29 13:09:03,950][__main__][INFO] - [1, 10, 17], []
[2025-01-29 13:09:03,990][__main__][INFO] - [1, 10, 18], []
[2025-01-29 13:09:04,113][__main__][INFO] - [1, 10, 19], []
[2025-01-29 13:09:04,142][__main__][INFO] - [1, 10, 20], []
[2025-01-29 13:09:04,171][__main__][INFO] - [1, 10, 21], []
[2025-01-29 13:09:04,194][__main__][INFO] - [1, 10, 22], []
[2025-01-29 13:09:04,217][__main__][INFO] - [1, 10, 23], []
[2025-01-29 13:09:04,252][__main__][INFO] - [1, 10, 24], []
[2025-01-29 13:09:04,305][__main__][INFO] - [1, 11, 16], []
[2025-01-29 13:09:04,329][__main__][INFO] - [1, 11], [16]
[2025-01-29 13:09:04,368][__main__][INFO] - [1, 11, 18], []
[2025-01-29 13:09:04,393][__main__][INFO] - [1, 11, 19], []
[2025-01-29 13:09:04,415][__main__][INFO] - [1, 11, 20], []
[2025-01-29 13:09:04,468][__main__][INFO] - [1, 11, 23], []
[2025-01-29 13:09:04,536][__main__][INFO] - [1, 12, 16], []
[2025-01-29 13:09:04,565][__main__][INFO] - [1, 12], [16]
[2025-01-29 13:09:04,610][__main__][INFO] - [1, 12, 18], []
[2025-01-29 13:09:04,633][__main__][INFO] - [1, 12, 19], []
[2025-01-29 13:09:04,701][__main__][INFO] - [1, 12, 23], []
[2025-01-29 13:09:04,782][__main__][INFO] - [1, 13, 16], []
[2025-01-29 13:09:04,805][__main__][INFO] - [1, 13], [16]
[2025-01-29 13:09:04,843][__main__][INFO] - [1, 13, 18], []
[2025-01-29 13:09:04,881][__main__][INFO] - [1, 13, 20], []
[2025-01-29 13:09:04,994][__main__][INFO] - [1, 14, 16], []
[2025-01-29 13:09:05,016][__main__][INFO] - [1, 14], [16]
[2025-01-29 13:09:05,053][__main__][INFO] - [1, 14, 18], []
[2025-01-29 13:09:05,121][__main__][INFO] - [1, 14, 22], []
[2025-01-29 13:09:05,144][__main__][INFO] - [1, 14, 23], []
[2025-01-29 13:09:05,211][__main__][INFO] - [1, 15, 16], []
[2025-01-29 13:09:05,240][__main__][INFO] - [1, 15], [16]
[2025-01-29 13:09:05,273][__main__][INFO] - [1, 15, 17], []
[2025-01-29 13:09:05,301][__main__][INFO] - [1, 15, 18], []
[2025-01-29 13:09:05,333][__main__][INFO] - [1, 15, 19], []
[2025-01-29 13:09:05,355][__main__][INFO] - [1, 15, 20], []
[2025-01-29 13:09:05,378][__main__][INFO] - [1, 15, 21], []
[2025-01-29 13:09:05,415][__main__][INFO] - [1, 15, 23], []
[2025-01-29 13:09:05,438][__main__][INFO] - [1, 15, 24], []
[2025-01-29 13:09:05,490][__main__][INFO] - [1, 16, 17], []
[2025-01-29 13:09:05,523][__main__][INFO] - [1, 16, 18], []
[2025-01-29 13:09:05,597][__main__][INFO] - [1, 16, 19], []
[2025-01-29 13:09:05,626][__main__][INFO] - [1, 16, 20], []
[2025-01-29 13:09:05,665][__main__][INFO] - [1, 16, 21], []
[2025-01-29 13:09:05,691][__main__][INFO] - [1, 16, 22], []
[2025-01-29 13:09:05,716][__main__][INFO] - [1, 16, 23], []
[2025-01-29 13:09:05,757][__main__][INFO] - [1, 16, 24], []
[2025-01-29 13:09:05,818][__main__][INFO] - [1, 17], [16]
[2025-01-29 13:09:05,857][__main__][INFO] - [1, 18], [16]
[2025-01-29 13:09:05,951][__main__][INFO] - [1, 19], [16]
[2025-01-29 13:09:05,981][__main__][INFO] - [1, 20], [16]
[2025-01-29 13:09:06,011][__main__][INFO] - [1, 21], [16]
[2025-01-29 13:09:06,037][__main__][INFO] - [1, 22], [16]
[2025-01-29 13:09:06,062][__main__][INFO] - [1, 23], [16]
[2025-01-29 13:09:06,101][__main__][INFO] - [1, 24], [16]
[2025-01-29 13:09:06,180][__main__][INFO] - [2, 10, 16], []
[2025-01-29 13:09:06,270][__main__][INFO] - [2, 10], [16]
[2025-01-29 13:09:06,376][__main__][INFO] - [2, 10, 17], []
[2025-01-29 13:09:06,425][__main__][INFO] - [2, 10, 18], []
[2025-01-29 13:09:06,553][__main__][INFO] - [2, 10, 19], []
[2025-01-29 13:09:06,585][__main__][INFO] - [2, 10, 20], []
[2025-01-29 13:09:06,616][__main__][INFO] - [2, 10, 21], []
[2025-01-29 13:09:06,643][__main__][INFO] - [2, 10, 22], []
[2025-01-29 13:09:06,669][__main__][INFO] - [2, 10, 23], []
[2025-01-29 13:09:06,706][__main__][INFO] - [2, 10, 24], []
[2025-01-29 13:09:06,769][__main__][INFO] - [2, 11, 16], []
[2025-01-29 13:09:06,797][__main__][INFO] - [2, 11], [16]
[2025-01-29 13:09:06,845][__main__][INFO] - [2, 11, 18], []
[2025-01-29 13:09:06,875][__main__][INFO] - [2, 11, 19], []
[2025-01-29 13:09:06,956][__main__][INFO] - [2, 11, 23], []
[2025-01-29 13:09:07,034][__main__][INFO] - [2, 12, 16], []
[2025-01-29 13:09:07,071][__main__][INFO] - [2, 12], [16]
[2025-01-29 13:09:07,127][__main__][INFO] - [2, 12, 18], []
[2025-01-29 13:09:07,154][__main__][INFO] - [2, 12, 19], []
[2025-01-29 13:09:07,235][__main__][INFO] - [2, 12, 23], []
[2025-01-29 13:09:07,337][__main__][INFO] - [2, 13, 16], []
[2025-01-29 13:09:07,363][__main__][INFO] - [2, 13], [16]
[2025-01-29 13:09:07,407][__main__][INFO] - [2, 13, 18], []
[2025-01-29 13:09:07,449][__main__][INFO] - [2, 13, 20], []
[2025-01-29 13:09:07,513][__main__][INFO] - [2, 13, 23], []
[2025-01-29 13:09:07,593][__main__][INFO] - [2, 14, 16], []
[2025-01-29 13:09:07,618][__main__][INFO] - [2, 14], [16]
[2025-01-29 13:09:07,662][__main__][INFO] - [2, 14, 18], []
[2025-01-29 13:09:07,743][__main__][INFO] - [2, 14, 22], []
[2025-01-29 13:09:07,768][__main__][INFO] - [2, 14, 23], []
[2025-01-29 13:09:07,848][__main__][INFO] - [2, 15, 16], []
[2025-01-29 13:09:07,886][__main__][INFO] - [2, 15], [16]
[2025-01-29 13:09:07,930][__main__][INFO] - [2, 15, 17], []
[2025-01-29 13:09:07,968][__main__][INFO] - [2, 15, 18], []
[2025-01-29 13:09:08,009][__main__][INFO] - [2, 15, 19], []
[2025-01-29 13:09:08,035][__main__][INFO] - [2, 15, 20], []
[2025-01-29 13:09:08,060][__main__][INFO] - [2, 15, 21], []
[2025-01-29 13:09:08,104][__main__][INFO] - [2, 15, 23], []
[2025-01-29 13:09:08,130][__main__][INFO] - [2, 15, 24], []
[2025-01-29 13:09:08,193][__main__][INFO] - [2, 16, 17], []
[2025-01-29 13:09:08,228][__main__][INFO] - [2, 16, 18], []
[2025-01-29 13:09:08,308][__main__][INFO] - [2, 16, 19], []
[2025-01-29 13:09:08,336][__main__][INFO] - [2, 16, 20], []
[2025-01-29 13:09:08,364][__main__][INFO] - [2, 16, 21], []
[2025-01-29 13:09:08,390][__main__][INFO] - [2, 16, 22], []
[2025-01-29 13:09:08,415][__main__][INFO] - [2, 16, 23], []
[2025-01-29 13:09:08,457][__main__][INFO] - [2, 16, 24], []
[2025-01-29 13:09:08,518][__main__][INFO] - [2, 17], [16]
[2025-01-29 13:09:08,555][__main__][INFO] - [2, 18], [16]
[2025-01-29 13:09:08,645][__main__][INFO] - [2, 19], [16]
[2025-01-29 13:09:08,674][__main__][INFO] - [2, 20], [16]
[2025-01-29 13:09:08,702][__main__][INFO] - [2, 21], [16]
[2025-01-29 13:09:08,727][__main__][INFO] - [2, 22], [16]
[2025-01-29 13:09:08,753][__main__][INFO] - [2, 23], [16]
[2025-01-29 13:09:08,794][__main__][INFO] - [2, 24], [16]
[2025-01-29 13:09:08,871][__main__][INFO] - [3, 10, 16], []
[2025-01-29 13:09:08,941][__main__][INFO] - [3, 10], [16]
[2025-01-29 13:09:09,015][__main__][INFO] - [3, 10, 17], []
[2025-01-29 13:09:09,046][__main__][INFO] - [3, 10, 18], []
[2025-01-29 13:09:09,144][__main__][INFO] - [3, 10, 19], []
[2025-01-29 13:09:09,172][__main__][INFO] - [3, 10, 20], []
[2025-01-29 13:09:09,201][__main__][INFO] - [3, 10, 21], []
[2025-01-29 13:09:09,227][__main__][INFO] - [3, 10, 22], []
[2025-01-29 13:09:09,249][__main__][INFO] - [3, 10, 23], []
[2025-01-29 13:09:09,275][__main__][INFO] - [3, 10, 24], []
[2025-01-29 13:09:09,328][__main__][INFO] - [3, 11, 16], []
[2025-01-29 13:09:09,352][__main__][INFO] - [3, 11], [16]
[2025-01-29 13:09:09,392][__main__][INFO] - [3, 11, 18], []
[2025-01-29 13:09:09,417][__main__][INFO] - [3, 11, 19], []
[2025-01-29 13:09:09,485][__main__][INFO] - [3, 11, 23], []
[2025-01-29 13:09:09,553][__main__][INFO] - [3, 12, 16], []
[2025-01-29 13:09:09,586][__main__][INFO] - [3, 12], [16]
[2025-01-29 13:09:09,635][__main__][INFO] - [3, 12, 18], []
[2025-01-29 13:09:09,658][__main__][INFO] - [3, 12, 19], []
[2025-01-29 13:09:09,727][__main__][INFO] - [3, 12, 23], []
[2025-01-29 13:09:09,815][__main__][INFO] - [3, 13, 16], []
[2025-01-29 13:09:09,837][__main__][INFO] - [3, 13], [16]
[2025-01-29 13:09:09,875][__main__][INFO] - [3, 13, 18], []
[2025-01-29 13:09:09,913][__main__][INFO] - [3, 13, 20], []
[2025-01-29 13:09:09,966][__main__][INFO] - [3, 13, 23], []
[2025-01-29 13:09:10,034][__main__][INFO] - [3, 14, 16], []
[2025-01-29 13:09:10,057][__main__][INFO] - [3, 14], [16]
[2025-01-29 13:09:10,094][__main__][INFO] - [3, 14, 18], []
[2025-01-29 13:09:10,117][__main__][INFO] - [3, 14, 19], []
[2025-01-29 13:09:10,169][__main__][INFO] - [3, 14, 22], []
[2025-01-29 13:09:10,192][__main__][INFO] - [3, 14, 23], []
[2025-01-29 13:09:10,260][__main__][INFO] - [3, 15, 16], []
[2025-01-29 13:09:10,294][__main__][INFO] - [3, 15], [16]
[2025-01-29 13:09:10,333][__main__][INFO] - [3, 15, 17], []
[2025-01-29 13:09:10,365][__main__][INFO] - [3, 15, 18], []
[2025-01-29 13:09:10,404][__main__][INFO] - [3, 15, 19], []
[2025-01-29 13:09:10,426][__main__][INFO] - [3, 15, 20], []
[2025-01-29 13:09:10,449][__main__][INFO] - [3, 15, 21], []
[2025-01-29 13:09:10,487][__main__][INFO] - [3, 15, 23], []
[2025-01-29 13:09:10,509][__main__][INFO] - [3, 15, 24], []
[2025-01-29 13:09:10,562][__main__][INFO] - [3, 16, 17], []
[2025-01-29 13:09:10,590][__main__][INFO] - [3, 16, 18], []
[2025-01-29 13:09:10,649][__main__][INFO] - [3, 16, 19], []
[2025-01-29 13:09:10,673][__main__][INFO] - [3, 16, 20], []
[2025-01-29 13:09:10,698][__main__][INFO] - [3, 16, 21], []
[2025-01-29 13:09:10,721][__main__][INFO] - [3, 16, 22], []
[2025-01-29 13:09:10,744][__main__][INFO] - [3, 16, 23], []
[2025-01-29 13:09:10,779][__main__][INFO] - [3, 16, 24], []
[2025-01-29 13:09:10,831][__main__][INFO] - [3, 17], [16]
[2025-01-29 13:09:10,861][__main__][INFO] - [3, 18], [16]
[2025-01-29 13:09:10,926][__main__][INFO] - [3, 19], [16]
[2025-01-29 13:09:10,950][__main__][INFO] - [3, 20], [16]
[2025-01-29 13:09:10,974][__main__][INFO] - [3, 21], [16]
[2025-01-29 13:09:10,996][__main__][INFO] - [3, 22], [16]
[2025-01-29 13:09:11,019][__main__][INFO] - [3, 23], [16]
[2025-01-29 13:09:11,053][__main__][INFO] - [3, 24], [16]
[2025-01-29 13:09:11,120][__main__][INFO] - [4, 10, 16], []
[2025-01-29 13:09:11,191][__main__][INFO] - [4, 10], [16]
[2025-01-29 13:09:11,270][__main__][INFO] - [4, 10, 17], []
[2025-01-29 13:09:11,295][__main__][INFO] - [4, 10, 18], []
[2025-01-29 13:09:11,403][__main__][INFO] - [4, 10, 19], []
[2025-01-29 13:09:11,428][__main__][INFO] - [4, 10, 20], []
[2025-01-29 13:09:11,456][__main__][INFO] - [4, 10, 21], []
[2025-01-29 13:09:11,479][__main__][INFO] - [4, 10, 22], []
[2025-01-29 13:09:11,502][__main__][INFO] - [4, 10, 23], []
[2025-01-29 13:09:11,527][__main__][INFO] - [4, 10, 24], []
[2025-01-29 13:09:11,580][__main__][INFO] - [4, 11, 16], []
[2025-01-29 13:09:11,604][__main__][INFO] - [4, 11], [16]
[2025-01-29 13:09:11,644][__main__][INFO] - [4, 11, 18], []
[2025-01-29 13:09:11,670][__main__][INFO] - [4, 11, 19], []
[2025-01-29 13:09:11,693][__main__][INFO] - [4, 11, 20], []
[2025-01-29 13:09:11,746][__main__][INFO] - [4, 11, 23], []
[2025-01-29 13:09:11,813][__main__][INFO] - [4, 12, 16], []
[2025-01-29 13:09:11,849][__main__][INFO] - [4, 12], [16]
[2025-01-29 13:09:11,899][__main__][INFO] - [4, 12, 18], []
[2025-01-29 13:09:11,923][__main__][INFO] - [4, 12, 19], []
[2025-01-29 13:09:11,991][__main__][INFO] - [4, 12, 23], []
[2025-01-29 13:09:12,083][__main__][INFO] - [4, 13, 16], []
[2025-01-29 13:09:12,106][__main__][INFO] - [4, 13], [16]
[2025-01-29 13:09:12,144][__main__][INFO] - [4, 13, 18], []
[2025-01-29 13:09:12,182][__main__][INFO] - [4, 13, 20], []
[2025-01-29 13:09:12,235][__main__][INFO] - [4, 13, 23], []
[2025-01-29 13:09:12,303][__main__][INFO] - [4, 14, 16], []
[2025-01-29 13:09:12,326][__main__][INFO] - [4, 14], [16]
[2025-01-29 13:09:12,363][__main__][INFO] - [4, 14, 18], []
[2025-01-29 13:09:12,386][__main__][INFO] - [4, 14, 19], []
[2025-01-29 13:09:12,438][__main__][INFO] - [4, 14, 22], []
[2025-01-29 13:09:12,521][__main__][INFO] - [4, 15, 16], []
[2025-01-29 13:09:12,558][__main__][INFO] - [4, 15], [16]
[2025-01-29 13:09:12,600][__main__][INFO] - [4, 15, 17], []
[2025-01-29 13:09:12,636][__main__][INFO] - [4, 15, 18], []
[2025-01-29 13:09:12,678][__main__][INFO] - [4, 15, 19], []
[2025-01-29 13:09:12,701][__main__][INFO] - [4, 15, 20], []
[2025-01-29 13:09:12,723][__main__][INFO] - [4, 15, 21], []
[2025-01-29 13:09:12,761][__main__][INFO] - [4, 15, 23], []
[2025-01-29 13:09:12,784][__main__][INFO] - [4, 15, 24], []
[2025-01-29 13:09:12,836][__main__][INFO] - [4, 16, 17], []
[2025-01-29 13:09:12,866][__main__][INFO] - [4, 16, 18], []
[2025-01-29 13:09:12,937][__main__][INFO] - [4, 16, 19], []
[2025-01-29 13:09:12,961][__main__][INFO] - [4, 16, 20], []
[2025-01-29 13:09:12,986][__main__][INFO] - [4, 16, 21], []
[2025-01-29 13:09:13,009][__main__][INFO] - [4, 16, 22], []
[2025-01-29 13:09:13,031][__main__][INFO] - [4, 16, 23], []
[2025-01-29 13:09:13,068][__main__][INFO] - [4, 16, 24], []
[2025-01-29 13:09:13,121][__main__][INFO] - [4, 17], [16]
[2025-01-29 13:09:13,152][__main__][INFO] - [4, 18], [16]
[2025-01-29 13:09:13,233][__main__][INFO] - [4, 19], [16]
[2025-01-29 13:09:13,257][__main__][INFO] - [4, 20], [16]
[2025-01-29 13:09:13,282][__main__][INFO] - [4, 21], [16]
[2025-01-29 13:09:13,305][__main__][INFO] - [4, 22], [16]
[2025-01-29 13:09:13,327][__main__][INFO] - [4, 23], [16]
[2025-01-29 13:09:13,362][__main__][INFO] - [4, 24], [16]
[2025-01-29 13:09:13,429][__main__][INFO] - [5, 10, 16], []
[2025-01-29 13:09:13,499][__main__][INFO] - [5, 10], [16]
[2025-01-29 13:09:13,573][__main__][INFO] - [5, 10, 17], []
[2025-01-29 13:09:13,597][__main__][INFO] - [5, 10, 18], []
[2025-01-29 13:09:13,707][__main__][INFO] - [5, 10, 19], []
[2025-01-29 13:09:13,731][__main__][INFO] - [5, 10, 20], []
[2025-01-29 13:09:13,758][__main__][INFO] - [5, 10, 21], []
[2025-01-29 13:09:13,781][__main__][INFO] - [5, 10, 22], []
[2025-01-29 13:09:13,804][__main__][INFO] - [5, 10, 23], []
[2025-01-29 13:09:13,829][__main__][INFO] - [5, 10, 24], []
[2025-01-29 13:09:13,881][__main__][INFO] - [5, 11, 16], []
[2025-01-29 13:09:13,906][__main__][INFO] - [5, 11], [16]
[2025-01-29 13:09:13,945][__main__][INFO] - [5, 11, 18], []
[2025-01-29 13:09:13,971][__main__][INFO] - [5, 11, 19], []
[2025-01-29 13:09:14,099][__main__][INFO] - [5, 12, 16], []
[2025-01-29 13:09:14,132][__main__][INFO] - [5, 12], [16]
[2025-01-29 13:09:14,180][__main__][INFO] - [5, 12, 18], []
[2025-01-29 13:09:14,205][__main__][INFO] - [5, 12, 19], []
[2025-01-29 13:09:14,273][__main__][INFO] - [5, 12, 23], []
[2025-01-29 13:09:14,360][__main__][INFO] - [5, 13, 16], []
[2025-01-29 13:09:14,383][__main__][INFO] - [5, 13], [16]
[2025-01-29 13:09:14,421][__main__][INFO] - [5, 13, 18], []
[2025-01-29 13:09:14,459][__main__][INFO] - [5, 13, 20], []
[2025-01-29 13:09:14,512][__main__][INFO] - [5, 13, 23], []
[2025-01-29 13:09:14,580][__main__][INFO] - [5, 14, 16], []
[2025-01-29 13:09:14,602][__main__][INFO] - [5, 14], [16]
[2025-01-29 13:09:14,640][__main__][INFO] - [5, 14, 18], []
[2025-01-29 13:09:14,662][__main__][INFO] - [5, 14, 19], []
[2025-01-29 13:09:14,715][__main__][INFO] - [5, 14, 22], []
[2025-01-29 13:09:14,737][__main__][INFO] - [5, 14, 23], []
[2025-01-29 13:09:14,805][__main__][INFO] - [5, 15, 16], []
[2025-01-29 13:09:14,837][__main__][INFO] - [5, 15], [16]
[2025-01-29 13:09:14,872][__main__][INFO] - [5, 15, 17], []
[2025-01-29 13:09:14,901][__main__][INFO] - [5, 15, 18], []
[2025-01-29 13:09:14,936][__main__][INFO] - [5, 15, 19], []
[2025-01-29 13:09:14,959][__main__][INFO] - [5, 15, 20], []
[2025-01-29 13:09:14,982][__main__][INFO] - [5, 15, 21], []
[2025-01-29 13:09:15,019][__main__][INFO] - [5, 15, 23], []
[2025-01-29 13:09:15,042][__main__][INFO] - [5, 15, 24], []
[2025-01-29 13:09:15,095][__main__][INFO] - [5, 16, 17], []
[2025-01-29 13:09:15,121][__main__][INFO] - [5, 16, 18], []
[2025-01-29 13:09:15,191][__main__][INFO] - [5, 16, 19], []
[2025-01-29 13:09:15,215][__main__][INFO] - [5, 16, 20], []
[2025-01-29 13:09:15,240][__main__][INFO] - [5, 16, 21], []
[2025-01-29 13:09:15,262][__main__][INFO] - [5, 16, 22], []
[2025-01-29 13:09:15,285][__main__][INFO] - [5, 16, 23], []
[2025-01-29 13:09:15,318][__main__][INFO] - [5, 16, 24], []
[2025-01-29 13:09:15,371][__main__][INFO] - [5, 17], [16]
[2025-01-29 13:09:15,398][__main__][INFO] - [5, 18], [16]
[2025-01-29 13:09:15,477][__main__][INFO] - [5, 19], [16]
[2025-01-29 13:09:15,501][__main__][INFO] - [5, 20], [16]
[2025-01-29 13:09:15,525][__main__][INFO] - [5, 21], [16]
[2025-01-29 13:09:15,547][__main__][INFO] - [5, 22], [16]
[2025-01-29 13:09:15,570][__main__][INFO] - [5, 23], [16]
[2025-01-29 13:09:15,602][__main__][INFO] - [5, 24], [16]
[2025-01-29 13:09:15,669][__main__][INFO] - [6, 10, 16], []
[2025-01-29 13:09:15,711][__main__][INFO] - [6, 10], [16]
[2025-01-29 13:09:15,757][__main__][INFO] - [6, 10, 17], []
[2025-01-29 13:09:15,780][__main__][INFO] - [6, 10, 18], []
[2025-01-29 13:09:15,840][__main__][INFO] - [6, 10, 19], []
[2025-01-29 13:09:15,863][__main__][INFO] - [6, 10, 20], []
[2025-01-29 13:09:15,887][__main__][INFO] - [6, 10, 21], []
[2025-01-29 13:09:15,910][__main__][INFO] - [6, 10, 22], []
[2025-01-29 13:09:15,933][__main__][INFO] - [6, 10, 23], []
[2025-01-29 13:09:16,001][__main__][INFO] - [6, 11, 16], []
[2025-01-29 13:09:16,023][__main__][INFO] - [6, 11], [16]
[2025-01-29 13:09:16,062][__main__][INFO] - [6, 11, 18], []
[2025-01-29 13:09:16,205][__main__][INFO] - [6, 12, 16], []
[2025-01-29 13:09:16,231][__main__][INFO] - [6, 12], [16]
[2025-01-29 13:09:16,273][__main__][INFO] - [6, 12, 18], []
[2025-01-29 13:09:16,296][__main__][INFO] - [6, 12, 19], []
[2025-01-29 13:09:16,364][__main__][INFO] - [6, 12, 23], []
[2025-01-29 13:09:16,438][__main__][INFO] - [6, 13, 16], []
[2025-01-29 13:09:16,475][__main__][INFO] - [6, 13], [16]
[2025-01-29 13:09:16,513][__main__][INFO] - [6, 13, 18], []
[2025-01-29 13:09:16,551][__main__][INFO] - [6, 13, 20], []
[2025-01-29 13:09:16,679][__main__][INFO] - [6, 14], [16]
[2025-01-29 13:09:16,851][__main__][INFO] - [6, 15, 16], []
[2025-01-29 13:09:16,876][__main__][INFO] - [6, 15], [16]
[2025-01-29 13:09:16,902][__main__][INFO] - [6, 15, 17], []
[2025-01-29 13:09:16,926][__main__][INFO] - [6, 15, 18], []
[2025-01-29 13:09:16,951][__main__][INFO] - [6, 15, 19], []
[2025-01-29 13:09:16,974][__main__][INFO] - [6, 15, 20], []
[2025-01-29 13:09:17,027][__main__][INFO] - [6, 15, 23], []
[2025-01-29 13:09:17,095][__main__][INFO] - [6, 16, 17], []
[2025-01-29 13:09:17,118][__main__][INFO] - [6, 16, 18], []
[2025-01-29 13:09:17,159][__main__][INFO] - [6, 16, 19], []
[2025-01-29 13:09:17,182][__main__][INFO] - [6, 16, 20], []
[2025-01-29 13:09:17,205][__main__][INFO] - [6, 16, 21], []
[2025-01-29 13:09:17,227][__main__][INFO] - [6, 16, 22], []
[2025-01-29 13:09:17,250][__main__][INFO] - [6, 16, 23], []
[2025-01-29 13:09:17,320][__main__][INFO] - [6, 17], [16]
[2025-01-29 13:09:17,344][__main__][INFO] - [6, 18], [16]
[2025-01-29 13:09:17,389][__main__][INFO] - [6, 19], [16]
[2025-01-29 13:09:17,412][__main__][INFO] - [6, 20], [16]
[2025-01-29 13:09:17,435][__main__][INFO] - [6, 21], [16]
[2025-01-29 13:09:17,457][__main__][INFO] - [6, 22], [16]
[2025-01-29 13:09:17,480][__main__][INFO] - [6, 23], [16]
[2025-01-29 13:09:17,565][__main__][INFO] - [7, 10, 16], []
[2025-01-29 13:09:17,594][__main__][INFO] - [7, 10], [16]
[2025-01-29 13:09:17,624][__main__][INFO] - [7, 10, 17], []
[2025-01-29 13:09:17,646][__main__][INFO] - [7, 10, 18], []
[2025-01-29 13:09:17,682][__main__][INFO] - [7, 10, 19], []
[2025-01-29 13:09:17,704][__main__][INFO] - [7, 10, 20], []
[2025-01-29 13:09:17,727][__main__][INFO] - [7, 10, 21], []
[2025-01-29 13:09:17,765][__main__][INFO] - [7, 10, 23], []
[2025-01-29 13:09:17,833][__main__][INFO] - [7, 11, 16], []
[2025-01-29 13:09:17,856][__main__][INFO] - [7, 11], [16]
[2025-01-29 13:09:17,893][__main__][INFO] - [7, 11, 18], []
[2025-01-29 13:09:18,036][__main__][INFO] - [7, 12, 16], []
[2025-01-29 13:09:18,059][__main__][INFO] - [7, 12], [16]
[2025-01-29 13:09:18,098][__main__][INFO] - [7, 12, 18], []
[2025-01-29 13:09:18,120][__main__][INFO] - [7, 12, 19], []
[2025-01-29 13:09:18,188][__main__][INFO] - [7, 12, 23], []
[2025-01-29 13:09:18,272][__main__][INFO] - [7, 13], [16]
[2025-01-29 13:09:18,310][__main__][INFO] - [7, 13, 18], []
[2025-01-29 13:09:18,632][__main__][INFO] - [7, 15, 16], []
[2025-01-29 13:09:18,655][__main__][INFO] - [7, 15], [16]
[2025-01-29 13:09:18,678][__main__][INFO] - [7, 15, 17], []
[2025-01-29 13:09:18,700][__main__][INFO] - [7, 15, 18], []
[2025-01-29 13:09:18,724][__main__][INFO] - [7, 15, 19], []
[2025-01-29 13:09:18,851][__main__][INFO] - [7, 16, 17], []
[2025-01-29 13:09:18,873][__main__][INFO] - [7, 16, 18], []
[2025-01-29 13:09:18,900][__main__][INFO] - [7, 16, 19], []
[2025-01-29 13:09:18,923][__main__][INFO] - [7, 16, 20], []
[2025-01-29 13:09:18,945][__main__][INFO] - [7, 16, 21], []
[2025-01-29 13:09:18,982][__main__][INFO] - [7, 16, 23], []
[2025-01-29 13:09:19,050][__main__][INFO] - [7, 17], [16]
[2025-01-29 13:09:19,073][__main__][INFO] - [7, 18], [16]
[2025-01-29 13:09:19,103][__main__][INFO] - [7, 19], [16]
[2025-01-29 13:09:19,125][__main__][INFO] - [7, 20], [16]
[2025-01-29 13:09:19,148][__main__][INFO] - [7, 21], [16]
[2025-01-29 13:09:19,185][__main__][INFO] - [7, 23], [16]
[2025-01-29 13:09:19,267][__main__][INFO] - [8, 10, 16], []
[2025-01-29 13:09:19,291][__main__][INFO] - [8, 10], [16]
[2025-01-29 13:09:19,330][__main__][INFO] - [8, 10, 18], []
[2025-01-29 13:09:19,355][__main__][INFO] - [8, 10, 19], []
[2025-01-29 13:09:19,377][__main__][INFO] - [8, 10, 20], []
[2025-01-29 13:09:19,430][__main__][INFO] - [8, 10, 23], []
[2025-01-29 13:09:19,497][__main__][INFO] - [8, 11, 16], []
[2025-01-29 13:09:19,519][__main__][INFO] - [8, 11], [16]
[2025-01-29 13:09:19,557][__main__][INFO] - [8, 11, 18], []
[2025-01-29 13:09:19,699][__main__][INFO] - [8, 12, 16], []
[2025-01-29 13:09:19,722][__main__][INFO] - [8, 12], [16]
[2025-01-29 13:09:19,759][__main__][INFO] - [8, 12, 18], []
[2025-01-29 13:09:19,842][__main__][INFO] - [8, 12, 23], []
[2025-01-29 13:09:19,939][__main__][INFO] - [8, 15, 16], []
[2025-01-29 13:09:19,961][__main__][INFO] - [8, 15], [16]
[2025-01-29 13:09:19,998][__main__][INFO] - [8, 15, 18], []
[2025-01-29 13:09:20,155][__main__][INFO] - [8, 16, 18], []
[2025-01-29 13:09:20,179][__main__][INFO] - [8, 16, 19], []
[2025-01-29 13:09:20,201][__main__][INFO] - [8, 16, 20], []
[2025-01-29 13:09:20,253][__main__][INFO] - [8, 16, 23], []
[2025-01-29 13:09:20,321][__main__][INFO] - [8, 17], [16]
[2025-01-29 13:09:20,343][__main__][INFO] - [8, 18], [16]
[2025-01-29 13:09:20,367][__main__][INFO] - [8, 19], [16]
[2025-01-29 13:09:20,389][__main__][INFO] - [8, 20], [16]
[2025-01-29 13:09:20,441][__main__][INFO] - [8, 23], [16]
[2025-01-29 13:09:20,523][__main__][INFO] - [9, 10, 16], []
[2025-01-29 13:09:20,546][__main__][INFO] - [9, 10], [16]
[2025-01-29 13:09:20,583][__main__][INFO] - [9, 10, 18], []
[2025-01-29 13:09:20,988][__main__][INFO] - [9, 16, 18], []
[2025-01-29 13:09:21,147][__main__][INFO] - [9, 18], [16]
[2025-01-29 13:09:21,303][__main__][INFO] - [10, 16, 17], []
[2025-01-29 13:09:21,349][__main__][INFO] - [10, 16, 18], []
[2025-01-29 13:09:21,641][__main__][INFO] - [10, 16, 19], []
[2025-01-29 13:09:21,677][__main__][INFO] - [10, 16, 20], []
[2025-01-29 13:09:21,715][__main__][INFO] - [10, 16, 21], []
[2025-01-29 13:09:21,739][__main__][INFO] - [10, 16, 22], []
[2025-01-29 13:09:21,762][__main__][INFO] - [10, 16, 23], []
[2025-01-29 13:09:21,803][__main__][INFO] - [10, 16, 24], []
[2025-01-29 13:09:21,855][__main__][INFO] - [10, 17], [16]
[2025-01-29 13:09:21,903][__main__][INFO] - [10, 18], [16]
[2025-01-29 13:09:22,230][__main__][INFO] - [10, 19], [16]
[2025-01-29 13:09:22,266][__main__][INFO] - [10, 20], [16]
[2025-01-29 13:09:22,303][__main__][INFO] - [10, 21], [16]
[2025-01-29 13:09:22,326][__main__][INFO] - [10, 22], [16]
[2025-01-29 13:09:22,349][__main__][INFO] - [10, 23], [16]
[2025-01-29 13:09:22,390][__main__][INFO] - [10, 24], [16]
[2025-01-29 13:09:22,458][__main__][INFO] - [11, 16, 17], []
[2025-01-29 13:09:22,480][__main__][INFO] - [11, 16, 18], []
[2025-01-29 13:09:22,509][__main__][INFO] - [11, 16, 19], []
[2025-01-29 13:09:22,532][__main__][INFO] - [11, 16, 20], []
[2025-01-29 13:09:22,584][__main__][INFO] - [11, 16, 23], []
[2025-01-29 13:09:22,652][__main__][INFO] - [11, 17], [16]
[2025-01-29 13:09:22,674][__main__][INFO] - [11, 18], [16]
[2025-01-29 13:09:22,706][__main__][INFO] - [11, 19], [16]
[2025-01-29 13:09:22,728][__main__][INFO] - [11, 20], [16]
[2025-01-29 13:09:22,780][__main__][INFO] - [11, 23], [16]
[2025-01-29 13:09:22,862][__main__][INFO] - [12, 16, 17], []
[2025-01-29 13:09:22,884][__main__][INFO] - [12, 16, 18], []
[2025-01-29 13:09:22,909][__main__][INFO] - [12, 16, 19], []
[2025-01-29 13:09:22,976][__main__][INFO] - [12, 16, 23], []
[2025-01-29 13:09:23,100][__main__][INFO] - [12, 17], [16]
[2025-01-29 13:09:23,122][__main__][INFO] - [12, 18], [16]
[2025-01-29 13:09:23,149][__main__][INFO] - [12, 19], [16]
[2025-01-29 13:09:23,217][__main__][INFO] - [12, 23], [16]
[2025-01-29 13:09:23,368][__main__][INFO] - [13, 16, 18], []
[2025-01-29 13:09:23,391][__main__][INFO] - [13, 16, 19], []
[2025-01-29 13:09:23,413][__main__][INFO] - [13, 16, 20], []
[2025-01-29 13:09:23,466][__main__][INFO] - [13, 16, 23], []
[2025-01-29 13:09:23,548][__main__][INFO] - [13, 18], [16]
[2025-01-29 13:09:23,571][__main__][INFO] - [13, 19], [16]
[2025-01-29 13:09:23,593][__main__][INFO] - [13, 20], [16]
[2025-01-29 13:09:23,646][__main__][INFO] - [13, 23], [16]
[2025-01-29 13:09:23,742][__main__][INFO] - [14, 16, 18], []
[2025-01-29 13:09:23,765][__main__][INFO] - [14, 16, 19], []
[2025-01-29 13:09:23,816][__main__][INFO] - [14, 16, 22], []
[2025-01-29 13:09:23,839][__main__][INFO] - [14, 16, 23], []
[2025-01-29 13:09:23,921][__main__][INFO] - [14, 18], [16]
[2025-01-29 13:09:23,944][__main__][INFO] - [14, 19], [16]
[2025-01-29 13:09:23,995][__main__][INFO] - [14, 22], [16]
[2025-01-29 13:09:24,018][__main__][INFO] - [14, 23], [16]
[2025-01-29 13:09:24,099][__main__][INFO] - [15, 16, 17], []
[2025-01-29 13:09:24,141][__main__][INFO] - [15, 16, 18], []
[2025-01-29 13:09:24,196][__main__][INFO] - [15, 16, 19], []
[2025-01-29 13:09:24,218][__main__][INFO] - [15, 16, 20], []
[2025-01-29 13:09:24,241][__main__][INFO] - [15, 16, 21], []
[2025-01-29 13:09:24,279][__main__][INFO] - [15, 16, 23], []
[2025-01-29 13:09:24,302][__main__][INFO] - [15, 16, 24], []
[2025-01-29 13:09:24,355][__main__][INFO] - [15, 17], [16]
[2025-01-29 13:09:24,406][__main__][INFO] - [15, 18], [16]
[2025-01-29 13:09:24,472][__main__][INFO] - [15, 19], [16]
[2025-01-29 13:09:24,495][__main__][INFO] - [15, 20], [16]
[2025-01-29 13:09:24,517][__main__][INFO] - [15, 21], [16]
[2025-01-29 13:09:24,554][__main__][INFO] - [15, 23], [16]
[2025-01-29 13:09:24,577][__main__][INFO] - [15, 24], [16]
[2025-01-29 23:38:53,421][__main__][INFO] - In total, there are 1229 possible subgroups
[2025-01-29 23:38:53,450][__main__][INFO] - [0], []
[2025-01-29 23:38:53,630][__main__][INFO] - [1], []
[2025-01-29 23:38:53,864][__main__][INFO] - [2], []
[2025-01-29 23:38:54,083][__main__][INFO] - [3], []
[2025-01-29 23:38:54,259][__main__][INFO] - [4], []
[2025-01-29 23:38:54,476][__main__][INFO] - [5], []
[2025-01-29 23:38:54,666][__main__][INFO] - [6], []
[2025-01-29 23:38:54,749][__main__][INFO] - [7], []
[2025-01-29 23:38:54,786][__main__][INFO] - [8], []
[2025-01-29 23:38:54,808][__main__][INFO] - [9], []
[2025-01-29 23:38:54,826][__main__][INFO] - [10], []
[2025-01-29 23:38:55,680][__main__][INFO] - [11], []
[2025-01-29 23:38:55,721][__main__][INFO] - [12], []
[2025-01-29 23:38:55,877][__main__][INFO] - [13], []
[2025-01-29 23:38:55,901][__main__][INFO] - [14], []
[2025-01-29 23:38:55,923][__main__][INFO] - [15], []
[2025-01-29 23:38:56,109][__main__][INFO] - [16], []
[2025-01-29 23:38:56,694][__main__][INFO] - [], [16]
[2025-01-29 23:38:57,344][__main__][INFO] - [17], []
[2025-01-29 23:38:57,477][__main__][INFO] - [18], []
[2025-01-29 23:38:58,218][__main__][INFO] - [19], []
[2025-01-29 23:38:58,275][__main__][INFO] - [20], []
[2025-01-29 23:38:58,332][__main__][INFO] - [21], []
[2025-01-29 23:38:58,355][__main__][INFO] - [22], []
[2025-01-29 23:38:58,376][__main__][INFO] - [23], []
[2025-01-29 23:38:58,564][__main__][INFO] - [24], []
[2025-01-29 23:38:58,584][__main__][INFO] - [25], []
[2025-01-29 23:38:58,630][__main__][INFO] - [0, 10], []
[2025-01-29 23:38:58,785][__main__][INFO] - [0, 11], []
[2025-01-29 23:38:58,807][__main__][INFO] - [0, 12], []
[2025-01-29 23:38:58,832][__main__][INFO] - [0, 13], []
[2025-01-29 23:38:58,856][__main__][INFO] - [0, 14], []
[2025-01-29 23:38:58,876][__main__][INFO] - [0, 15], []
[2025-01-29 23:38:58,904][__main__][INFO] - [0, 16], []
[2025-01-29 23:38:58,998][__main__][INFO] - [0], [16]
[2025-01-29 23:38:59,096][__main__][INFO] - [0, 17], []
[2025-01-29 23:38:59,135][__main__][INFO] - [0, 18], []
[2025-01-29 23:38:59,244][__main__][INFO] - [0, 19], []
[2025-01-29 23:38:59,272][__main__][INFO] - [0, 20], []
[2025-01-29 23:38:59,298][__main__][INFO] - [0, 21], []
[2025-01-29 23:38:59,318][__main__][INFO] - [0, 22], []
[2025-01-29 23:38:59,339][__main__][INFO] - [0, 23], []
[2025-01-29 23:38:59,374][__main__][INFO] - [0, 24], []
[2025-01-29 23:38:59,423][__main__][INFO] - [1, 10], []
[2025-01-29 23:38:59,606][__main__][INFO] - [1, 11], []
[2025-01-29 23:38:59,629][__main__][INFO] - [1, 12], []
[2025-01-29 23:38:59,665][__main__][INFO] - [1, 13], []
[2025-01-29 23:38:59,685][__main__][INFO] - [1, 14], []
[2025-01-29 23:38:59,706][__main__][INFO] - [1, 15], []
[2025-01-29 23:38:59,743][__main__][INFO] - [1, 16], []
[2025-01-29 23:38:59,855][__main__][INFO] - [1], [16]
[2025-01-29 23:38:59,978][__main__][INFO] - [1, 17], []
[2025-01-29 23:39:00,021][__main__][INFO] - [1, 18], []
[2025-01-29 23:39:00,155][__main__][INFO] - [1, 19], []
[2025-01-29 23:39:00,183][__main__][INFO] - [1, 20], []
[2025-01-29 23:39:00,210][__main__][INFO] - [1, 21], []
[2025-01-29 23:39:00,231][__main__][INFO] - [1, 22], []
[2025-01-29 23:39:00,251][__main__][INFO] - [1, 23], []
[2025-01-29 23:39:00,297][__main__][INFO] - [1, 24], []
[2025-01-29 23:39:00,346][__main__][INFO] - [2, 10], []
[2025-01-29 23:39:00,491][__main__][INFO] - [2, 11], []
[2025-01-29 23:39:00,515][__main__][INFO] - [2, 12], []
[2025-01-29 23:39:00,557][__main__][INFO] - [2, 13], []
[2025-01-29 23:39:00,578][__main__][INFO] - [2, 14], []
[2025-01-29 23:39:00,599][__main__][INFO] - [2, 15], []
[2025-01-29 23:39:00,647][__main__][INFO] - [2, 16], []
[2025-01-29 23:39:00,750][__main__][INFO] - [2], [16]
[2025-01-29 23:39:00,869][__main__][INFO] - [2, 17], []
[2025-01-29 23:39:00,909][__main__][INFO] - [2, 18], []
[2025-01-29 23:39:01,037][__main__][INFO] - [2, 19], []
[2025-01-29 23:39:01,063][__main__][INFO] - [2, 20], []
[2025-01-29 23:39:01,089][__main__][INFO] - [2, 21], []
[2025-01-29 23:39:01,109][__main__][INFO] - [2, 22], []
[2025-01-29 23:39:01,129][__main__][INFO] - [2, 23], []
[2025-01-29 23:39:01,179][__main__][INFO] - [2, 24], []
[2025-01-29 23:39:01,228][__main__][INFO] - [3, 10], []
[2025-01-29 23:39:01,329][__main__][INFO] - [3, 11], []
[2025-01-29 23:39:01,353][__main__][INFO] - [3, 12], []
[2025-01-29 23:39:01,395][__main__][INFO] - [3, 13], []
[2025-01-29 23:39:01,416][__main__][INFO] - [3, 14], []
[2025-01-29 23:39:01,436][__main__][INFO] - [3, 15], []
[2025-01-29 23:39:01,485][__main__][INFO] - [3, 16], []
[2025-01-29 23:39:01,573][__main__][INFO] - [3], [16]
[2025-01-29 23:39:01,671][__main__][INFO] - [3, 17], []
[2025-01-29 23:39:01,705][__main__][INFO] - [3, 18], []
[2025-01-29 23:39:01,809][__main__][INFO] - [3, 19], []
[2025-01-29 23:39:01,833][__main__][INFO] - [3, 20], []
[2025-01-29 23:39:01,858][__main__][INFO] - [3, 21], []
[2025-01-29 23:39:01,878][__main__][INFO] - [3, 22], []
[2025-01-29 23:39:01,898][__main__][INFO] - [3, 23], []
[2025-01-29 23:39:01,943][__main__][INFO] - [3, 24], []
[2025-01-29 23:39:01,992][__main__][INFO] - [4, 10], []
[2025-01-29 23:39:02,119][__main__][INFO] - [4, 11], []
[2025-01-29 23:39:02,144][__main__][INFO] - [4, 12], []
[2025-01-29 23:39:02,191][__main__][INFO] - [4, 13], []
[2025-01-29 23:39:02,211][__main__][INFO] - [4, 14], []
[2025-01-29 23:39:02,232][__main__][INFO] - [4, 15], []
[2025-01-29 23:39:02,289][__main__][INFO] - [4, 16], []
[2025-01-29 23:39:02,393][__main__][INFO] - [4], [16]
[2025-01-29 23:39:02,508][__main__][INFO] - [4, 17], []
[2025-01-29 23:39:02,546][__main__][INFO] - [4, 18], []
[2025-01-29 23:39:02,683][__main__][INFO] - [4, 19], []
[2025-01-29 23:39:02,707][__main__][INFO] - [4, 20], []
[2025-01-29 23:39:02,733][__main__][INFO] - [4, 21], []
[2025-01-29 23:39:02,754][__main__][INFO] - [4, 22], []
[2025-01-29 23:39:02,775][__main__][INFO] - [4, 23], []
[2025-01-29 23:39:02,822][__main__][INFO] - [4, 24], []
[2025-01-29 23:39:02,872][__main__][INFO] - [5, 10], []
[2025-01-29 23:39:02,995][__main__][INFO] - [5, 11], []
[2025-01-29 23:39:03,020][__main__][INFO] - [5, 12], []
[2025-01-29 23:39:03,062][__main__][INFO] - [5, 13], []
[2025-01-29 23:39:03,083][__main__][INFO] - [5, 14], []
[2025-01-29 23:39:03,104][__main__][INFO] - [5, 15], []
[2025-01-29 23:39:03,147][__main__][INFO] - [5, 16], []
[2025-01-29 23:39:03,240][__main__][INFO] - [5], [16]
[2025-01-29 23:39:03,344][__main__][INFO] - [5, 17], []
[2025-01-29 23:39:03,374][__main__][INFO] - [5, 18], []
[2025-01-29 23:39:03,502][__main__][INFO] - [5, 19], []
[2025-01-29 23:39:03,526][__main__][INFO] - [5, 20], []
[2025-01-29 23:39:03,551][__main__][INFO] - [5, 21], []
[2025-01-29 23:39:03,571][__main__][INFO] - [5, 22], []
[2025-01-29 23:39:03,592][__main__][INFO] - [5, 23], []
[2025-01-29 23:39:03,634][__main__][INFO] - [5, 24], []
[2025-01-29 23:39:03,684][__main__][INFO] - [6, 10], []
[2025-01-29 23:39:03,746][__main__][INFO] - [6, 11], []
[2025-01-29 23:39:03,767][__main__][INFO] - [6, 12], []
[2025-01-29 23:39:03,795][__main__][INFO] - [6, 13], []
[2025-01-29 23:39:03,815][__main__][INFO] - [6, 14], []
[2025-01-29 23:39:03,836][__main__][INFO] - [6, 15], []
[2025-01-29 23:39:03,862][__main__][INFO] - [6, 16], []
[2025-01-29 23:39:03,909][__main__][INFO] - [6], [16]
[2025-01-29 23:39:03,961][__main__][INFO] - [6, 17], []
[2025-01-29 23:39:03,983][__main__][INFO] - [6, 18], []
[2025-01-29 23:39:04,048][__main__][INFO] - [6, 19], []
[2025-01-29 23:39:04,080][__main__][INFO] - [6, 20], []
[2025-01-29 23:39:04,102][__main__][INFO] - [6, 21], []
[2025-01-29 23:39:04,122][__main__][INFO] - [6, 22], []
[2025-01-29 23:39:04,142][__main__][INFO] - [6, 23], []
[2025-01-29 23:39:04,170][__main__][INFO] - [6, 24], []
[2025-01-29 23:39:04,219][__main__][INFO] - [7, 10], []
[2025-01-29 23:39:04,253][__main__][INFO] - [7, 11], []
[2025-01-29 23:39:04,273][__main__][INFO] - [7, 12], []
[2025-01-29 23:39:04,295][__main__][INFO] - [7, 13], []
[2025-01-29 23:39:04,317][__main__][INFO] - [7, 14], []
[2025-01-29 23:39:04,337][__main__][INFO] - [7, 15], []
[2025-01-29 23:39:04,358][__main__][INFO] - [7, 16], []
[2025-01-29 23:39:04,386][__main__][INFO] - [7], [16]
[2025-01-29 23:39:04,416][__main__][INFO] - [7, 17], []
[2025-01-29 23:39:04,436][__main__][INFO] - [7, 18], []
[2025-01-29 23:39:04,470][__main__][INFO] - [7, 19], []
[2025-01-29 23:39:04,490][__main__][INFO] - [7, 20], []
[2025-01-29 23:39:04,510][__main__][INFO] - [7, 21], []
[2025-01-29 23:39:04,545][__main__][INFO] - [7, 23], []
[2025-01-29 23:39:04,610][__main__][INFO] - [8, 10], []
[2025-01-29 23:39:04,632][__main__][INFO] - [8, 11], []
[2025-01-29 23:39:04,652][__main__][INFO] - [8, 12], []
[2025-01-29 23:39:04,701][__main__][INFO] - [8, 15], []
[2025-01-29 23:39:04,720][__main__][INFO] - [8, 16], []
[2025-01-29 23:39:04,742][__main__][INFO] - [8], [16]
[2025-01-29 23:39:04,764][__main__][INFO] - [8, 17], []
[2025-01-29 23:39:04,784][__main__][INFO] - [8, 18], []
[2025-01-29 23:39:04,806][__main__][INFO] - [8, 19], []
[2025-01-29 23:39:04,826][__main__][INFO] - [8, 20], []
[2025-01-29 23:39:04,875][__main__][INFO] - [8, 23], []
[2025-01-29 23:39:04,939][__main__][INFO] - [9, 10], []
[2025-01-29 23:39:04,973][__main__][INFO] - [9, 12], []
[2025-01-29 23:39:05,037][__main__][INFO] - [9, 16], []
[2025-01-29 23:39:05,057][__main__][INFO] - [9], [16]
[2025-01-29 23:39:05,092][__main__][INFO] - [9, 18], []
[2025-01-29 23:39:05,170][__main__][INFO] - [9, 23], []
[2025-01-29 23:39:05,234][__main__][INFO] - [10, 16], []
[2025-01-29 23:39:05,623][__main__][INFO] - [10], [16]
[2025-01-29 23:39:06,045][__main__][INFO] - [10, 17], []
[2025-01-29 23:39:06,118][__main__][INFO] - [10, 18], []
[2025-01-29 23:39:06,716][__main__][INFO] - [10, 19], []
[2025-01-29 23:39:06,764][__main__][INFO] - [10, 20], []
[2025-01-29 23:39:06,816][__main__][INFO] - [10, 21], []
[2025-01-29 23:39:06,840][__main__][INFO] - [10, 22], []
[2025-01-29 23:39:06,862][__main__][INFO] - [10, 23], []
[2025-01-29 23:39:06,921][__main__][INFO] - [10, 24], []
[2025-01-29 23:39:06,942][__main__][INFO] - [10, 25], []
[2025-01-29 23:39:06,977][__main__][INFO] - [11, 16], []
[2025-01-29 23:39:07,006][__main__][INFO] - [11], [16]
[2025-01-29 23:39:07,037][__main__][INFO] - [11, 17], []
[2025-01-29 23:39:07,057][__main__][INFO] - [11, 18], []
[2025-01-29 23:39:07,096][__main__][INFO] - [11, 19], []
[2025-01-29 23:39:07,116][__main__][INFO] - [11, 20], []
[2025-01-29 23:39:07,166][__main__][INFO] - [11, 23], []
[2025-01-29 23:39:07,233][__main__][INFO] - [12, 16], []
[2025-01-29 23:39:07,327][__main__][INFO] - [12], [16]
[2025-01-29 23:39:07,410][__main__][INFO] - [12, 17], []
[2025-01-29 23:39:07,431][__main__][INFO] - [12, 18], []
[2025-01-29 23:39:07,459][__main__][INFO] - [12, 19], []
[2025-01-29 23:39:07,482][__main__][INFO] - [12, 20], []
[2025-01-29 23:39:07,534][__main__][INFO] - [12, 23], []
[2025-01-29 23:39:07,715][__main__][INFO] - [13, 16], []
[2025-01-29 23:39:07,737][__main__][INFO] - [13], [16]
[2025-01-29 23:39:07,760][__main__][INFO] - [13, 17], []
[2025-01-29 23:39:07,780][__main__][INFO] - [13, 18], []
[2025-01-29 23:39:07,801][__main__][INFO] - [13, 19], []
[2025-01-29 23:39:07,821][__main__][INFO] - [13, 20], []
[2025-01-29 23:39:07,873][__main__][INFO] - [13, 23], []
[2025-01-29 23:39:07,937][__main__][INFO] - [14, 16], []
[2025-01-29 23:39:07,959][__main__][INFO] - [14], [16]
[2025-01-29 23:39:07,995][__main__][INFO] - [14, 18], []
[2025-01-29 23:39:08,015][__main__][INFO] - [14, 19], []
[2025-01-29 23:39:08,064][__main__][INFO] - [14, 22], []
[2025-01-29 23:39:08,085][__main__][INFO] - [14, 23], []
[2025-01-29 23:39:08,149][__main__][INFO] - [15, 16], []
[2025-01-29 23:39:08,233][__main__][INFO] - [15], [16]
[2025-01-29 23:39:08,340][__main__][INFO] - [15, 17], []
[2025-01-29 23:39:08,413][__main__][INFO] - [15, 18], []
[2025-01-29 23:39:08,515][__main__][INFO] - [15, 19], []
[2025-01-29 23:39:08,538][__main__][INFO] - [15, 20], []
[2025-01-29 23:39:08,559][__main__][INFO] - [15, 21], []
[2025-01-29 23:39:08,579][__main__][INFO] - [15, 22], []
[2025-01-29 23:39:08,599][__main__][INFO] - [15, 23], []
[2025-01-29 23:39:08,620][__main__][INFO] - [15, 24], []
[2025-01-29 23:39:08,669][__main__][INFO] - [16, 17], []
[2025-01-29 23:39:08,735][__main__][INFO] - [16, 18], []
[2025-01-29 23:39:09,074][__main__][INFO] - [16, 19], []
[2025-01-29 23:39:09,112][__main__][INFO] - [16, 20], []
[2025-01-29 23:39:09,150][__main__][INFO] - [16, 21], []
[2025-01-29 23:39:09,172][__main__][INFO] - [16, 22], []
[2025-01-29 23:39:09,193][__main__][INFO] - [16, 23], []
[2025-01-29 23:39:09,290][__main__][INFO] - [16, 24], []
[2025-01-29 23:39:09,340][__main__][INFO] - [17], [16]
[2025-01-29 23:39:09,418][__main__][INFO] - [18], [16]
[2025-01-29 23:39:09,799][__main__][INFO] - [19], [16]
[2025-01-29 23:39:09,837][__main__][INFO] - [20], [16]
[2025-01-29 23:39:09,874][__main__][INFO] - [21], [16]
[2025-01-29 23:39:09,895][__main__][INFO] - [22], [16]
[2025-01-29 23:39:09,916][__main__][INFO] - [23], [16]
[2025-01-29 23:39:10,013][__main__][INFO] - [24], [16]
[2025-01-29 23:39:10,092][__main__][INFO] - [0, 10, 16], []
[2025-01-29 23:39:10,178][__main__][INFO] - [0, 10], [16]
[2025-01-29 23:39:10,264][__main__][INFO] - [0, 10, 17], []
[2025-01-29 23:39:10,301][__main__][INFO] - [0, 10, 18], []
[2025-01-29 23:39:10,404][__main__][INFO] - [0, 10, 19], []
[2025-01-29 23:39:10,434][__main__][INFO] - [0, 10, 20], []
[2025-01-29 23:39:10,462][__main__][INFO] - [0, 10, 21], []
[2025-01-29 23:39:10,485][__main__][INFO] - [0, 10, 22], []
[2025-01-29 23:39:10,507][__main__][INFO] - [0, 10, 23], []
[2025-01-29 23:39:10,538][__main__][INFO] - [0, 10, 24], []
[2025-01-29 23:39:10,591][__main__][INFO] - [0, 11, 16], []
[2025-01-29 23:39:10,614][__main__][INFO] - [0, 11], [16]
[2025-01-29 23:39:10,652][__main__][INFO] - [0, 11, 18], []
[2025-01-29 23:39:10,675][__main__][INFO] - [0, 11, 19], []
[2025-01-29 23:39:10,742][__main__][INFO] - [0, 11, 23], []
[2025-01-29 23:39:10,810][__main__][INFO] - [0, 12, 16], []
[2025-01-29 23:39:10,835][__main__][INFO] - [0, 12], [16]
[2025-01-29 23:39:10,875][__main__][INFO] - [0, 12, 18], []
[2025-01-29 23:39:10,898][__main__][INFO] - [0, 12, 19], []
[2025-01-29 23:39:10,965][__main__][INFO] - [0, 12, 23], []
[2025-01-29 23:39:11,037][__main__][INFO] - [0, 13, 16], []
[2025-01-29 23:39:11,059][__main__][INFO] - [0, 13], [16]
[2025-01-29 23:39:11,097][__main__][INFO] - [0, 13, 18], []
[2025-01-29 23:39:11,134][__main__][INFO] - [0, 13, 20], []
[2025-01-29 23:39:11,246][__main__][INFO] - [0, 14, 16], []
[2025-01-29 23:39:11,268][__main__][INFO] - [0, 14], [16]
[2025-01-29 23:39:11,306][__main__][INFO] - [0, 14, 18], []
[2025-01-29 23:39:11,372][__main__][INFO] - [0, 14, 22], []
[2025-01-29 23:39:11,455][__main__][INFO] - [0, 15, 16], []
[2025-01-29 23:39:11,481][__main__][INFO] - [0, 15], [16]
[2025-01-29 23:39:11,507][__main__][INFO] - [0, 15, 17], []
[2025-01-29 23:39:11,531][__main__][INFO] - [0, 15, 18], []
[2025-01-29 23:39:11,557][__main__][INFO] - [0, 15, 19], []
[2025-01-29 23:39:11,580][__main__][INFO] - [0, 15, 20], []
[2025-01-29 23:39:11,602][__main__][INFO] - [0, 15, 21], []
[2025-01-29 23:39:11,639][__main__][INFO] - [0, 15, 23], []
[2025-01-29 23:39:11,706][__main__][INFO] - [0, 16, 17], []
[2025-01-29 23:39:11,737][__main__][INFO] - [0, 16, 18], []
[2025-01-29 23:39:11,798][__main__][INFO] - [0, 16, 19], []
[2025-01-29 23:39:11,824][__main__][INFO] - [0, 16, 20], []
[2025-01-29 23:39:11,849][__main__][INFO] - [0, 16, 21], []
[2025-01-29 23:39:11,871][__main__][INFO] - [0, 16, 22], []
[2025-01-29 23:39:11,893][__main__][INFO] - [0, 16, 23], []
[2025-01-29 23:39:11,922][__main__][INFO] - [0, 16, 24], []
[2025-01-29 23:39:11,974][__main__][INFO] - [0, 17], [16]
[2025-01-29 23:39:12,004][__main__][INFO] - [0, 18], [16]
[2025-01-29 23:39:12,069][__main__][INFO] - [0, 19], [16]
[2025-01-29 23:39:12,095][__main__][INFO] - [0, 20], [16]
[2025-01-29 23:39:12,119][__main__][INFO] - [0, 21], [16]
[2025-01-29 23:39:12,142][__main__][INFO] - [0, 22], [16]
[2025-01-29 23:39:12,164][__main__][INFO] - [0, 23], [16]
[2025-01-29 23:39:12,193][__main__][INFO] - [0, 24], [16]
[2025-01-29 23:39:12,259][__main__][INFO] - [1, 10, 16], []
[2025-01-29 23:39:12,353][__main__][INFO] - [1, 10], [16]
[2025-01-29 23:39:12,452][__main__][INFO] - [1, 10, 17], []
[2025-01-29 23:39:12,491][__main__][INFO] - [1, 10, 18], []
[2025-01-29 23:39:12,611][__main__][INFO] - [1, 10, 19], []
[2025-01-29 23:39:12,640][__main__][INFO] - [1, 10, 20], []
[2025-01-29 23:39:12,669][__main__][INFO] - [1, 10, 21], []
[2025-01-29 23:39:12,692][__main__][INFO] - [1, 10, 22], []
[2025-01-29 23:39:12,715][__main__][INFO] - [1, 10, 23], []
[2025-01-29 23:39:12,748][__main__][INFO] - [1, 10, 24], []
[2025-01-29 23:39:12,801][__main__][INFO] - [1, 11, 16], []
[2025-01-29 23:39:12,825][__main__][INFO] - [1, 11], [16]
[2025-01-29 23:39:12,864][__main__][INFO] - [1, 11, 18], []
[2025-01-29 23:39:12,889][__main__][INFO] - [1, 11, 19], []
[2025-01-29 23:39:12,911][__main__][INFO] - [1, 11, 20], []
[2025-01-29 23:39:12,964][__main__][INFO] - [1, 11, 23], []
[2025-01-29 23:39:13,031][__main__][INFO] - [1, 12, 16], []
[2025-01-29 23:39:13,060][__main__][INFO] - [1, 12], [16]
[2025-01-29 23:39:13,105][__main__][INFO] - [1, 12, 18], []
[2025-01-29 23:39:13,128][__main__][INFO] - [1, 12, 19], []
[2025-01-29 23:39:13,195][__main__][INFO] - [1, 12, 23], []
[2025-01-29 23:39:13,275][__main__][INFO] - [1, 13, 16], []
[2025-01-29 23:39:13,298][__main__][INFO] - [1, 13], [16]
[2025-01-29 23:39:13,336][__main__][INFO] - [1, 13, 18], []
[2025-01-29 23:39:13,374][__main__][INFO] - [1, 13, 20], []
[2025-01-29 23:39:13,487][__main__][INFO] - [1, 14, 16], []
[2025-01-29 23:39:13,509][__main__][INFO] - [1, 14], [16]
[2025-01-29 23:39:13,547][__main__][INFO] - [1, 14, 18], []
[2025-01-29 23:39:13,614][__main__][INFO] - [1, 14, 22], []
[2025-01-29 23:39:13,637][__main__][INFO] - [1, 14, 23], []
[2025-01-29 23:39:13,704][__main__][INFO] - [1, 15, 16], []
[2025-01-29 23:39:13,733][__main__][INFO] - [1, 15], [16]
[2025-01-29 23:39:13,765][__main__][INFO] - [1, 15, 17], []
[2025-01-29 23:39:13,792][__main__][INFO] - [1, 15, 18], []
[2025-01-29 23:39:13,823][__main__][INFO] - [1, 15, 19], []
[2025-01-29 23:39:13,846][__main__][INFO] - [1, 15, 20], []
[2025-01-29 23:39:13,868][__main__][INFO] - [1, 15, 21], []
[2025-01-29 23:39:13,906][__main__][INFO] - [1, 15, 23], []
[2025-01-29 23:39:13,929][__main__][INFO] - [1, 15, 24], []
[2025-01-29 23:39:13,981][__main__][INFO] - [1, 16, 17], []
[2025-01-29 23:39:14,012][__main__][INFO] - [1, 16, 18], []
[2025-01-29 23:39:14,084][__main__][INFO] - [1, 16, 19], []
[2025-01-29 23:39:14,110][__main__][INFO] - [1, 16, 20], []
[2025-01-29 23:39:14,135][__main__][INFO] - [1, 16, 21], []
[2025-01-29 23:39:14,157][__main__][INFO] - [1, 16, 22], []
[2025-01-29 23:39:14,180][__main__][INFO] - [1, 16, 23], []
[2025-01-29 23:39:14,214][__main__][INFO] - [1, 16, 24], []
[2025-01-29 23:39:14,266][__main__][INFO] - [1, 17], [16]
[2025-01-29 23:39:14,300][__main__][INFO] - [1, 18], [16]
[2025-01-29 23:39:14,379][__main__][INFO] - [1, 19], [16]
[2025-01-29 23:39:14,405][__main__][INFO] - [1, 20], [16]
[2025-01-29 23:39:14,430][__main__][INFO] - [1, 21], [16]
[2025-01-29 23:39:14,456][__main__][INFO] - [1, 22], [16]
[2025-01-29 23:39:14,490][__main__][INFO] - [1, 23], [16]
[2025-01-29 23:39:14,525][__main__][INFO] - [1, 24], [16]
[2025-01-29 23:39:14,592][__main__][INFO] - [2, 10, 16], []
[2025-01-29 23:39:14,670][__main__][INFO] - [2, 10], [16]
[2025-01-29 23:39:14,755][__main__][INFO] - [2, 10, 17], []
[2025-01-29 23:39:14,786][__main__][INFO] - [2, 10, 18], []
[2025-01-29 23:39:14,894][__main__][INFO] - [2, 10, 19], []
[2025-01-29 23:39:14,921][__main__][INFO] - [2, 10, 20], []
[2025-01-29 23:39:14,948][__main__][INFO] - [2, 10, 21], []
[2025-01-29 23:39:14,971][__main__][INFO] - [2, 10, 22], []
[2025-01-29 23:39:14,994][__main__][INFO] - [2, 10, 23], []
[2025-01-29 23:39:15,025][__main__][INFO] - [2, 10, 24], []
[2025-01-29 23:39:15,077][__main__][INFO] - [2, 11, 16], []
[2025-01-29 23:39:15,101][__main__][INFO] - [2, 11], [16]
[2025-01-29 23:39:15,141][__main__][INFO] - [2, 11, 18], []
[2025-01-29 23:39:15,167][__main__][INFO] - [2, 11, 19], []
[2025-01-29 23:39:15,235][__main__][INFO] - [2, 11, 23], []
[2025-01-29 23:39:15,302][__main__][INFO] - [2, 12, 16], []
[2025-01-29 23:39:15,334][__main__][INFO] - [2, 12], [16]
[2025-01-29 23:39:15,382][__main__][INFO] - [2, 12, 18], []
[2025-01-29 23:39:15,406][__main__][INFO] - [2, 12, 19], []
[2025-01-29 23:39:15,473][__main__][INFO] - [2, 12, 23], []
[2025-01-29 23:39:15,560][__main__][INFO] - [2, 13, 16], []
[2025-01-29 23:39:15,583][__main__][INFO] - [2, 13], [16]
[2025-01-29 23:39:15,620][__main__][INFO] - [2, 13, 18], []
[2025-01-29 23:39:15,658][__main__][INFO] - [2, 13, 20], []
[2025-01-29 23:39:15,711][__main__][INFO] - [2, 13, 23], []
[2025-01-29 23:39:15,778][__main__][INFO] - [2, 14, 16], []
[2025-01-29 23:39:15,800][__main__][INFO] - [2, 14], [16]
[2025-01-29 23:39:15,838][__main__][INFO] - [2, 14, 18], []
[2025-01-29 23:39:15,905][__main__][INFO] - [2, 14, 22], []
[2025-01-29 23:39:15,927][__main__][INFO] - [2, 14, 23], []
[2025-01-29 23:39:15,994][__main__][INFO] - [2, 15, 16], []
[2025-01-29 23:39:16,027][__main__][INFO] - [2, 15], [16]
[2025-01-29 23:39:16,065][__main__][INFO] - [2, 15, 17], []
[2025-01-29 23:39:16,096][__main__][INFO] - [2, 15, 18], []
[2025-01-29 23:39:16,133][__main__][INFO] - [2, 15, 19], []
[2025-01-29 23:39:16,155][__main__][INFO] - [2, 15, 20], []
[2025-01-29 23:39:16,178][__main__][INFO] - [2, 15, 21], []
[2025-01-29 23:39:16,215][__main__][INFO] - [2, 15, 23], []
[2025-01-29 23:39:16,238][__main__][INFO] - [2, 15, 24], []
[2025-01-29 23:39:16,291][__main__][INFO] - [2, 16, 17], []
[2025-01-29 23:39:16,321][__main__][INFO] - [2, 16, 18], []
[2025-01-29 23:39:16,388][__main__][INFO] - [2, 16, 19], []
[2025-01-29 23:39:16,413][__main__][INFO] - [2, 16, 20], []
[2025-01-29 23:39:16,437][__main__][INFO] - [2, 16, 21], []
[2025-01-29 23:39:16,460][__main__][INFO] - [2, 16, 22], []
[2025-01-29 23:39:16,483][__main__][INFO] - [2, 16, 23], []
[2025-01-29 23:39:16,518][__main__][INFO] - [2, 16, 24], []
[2025-01-29 23:39:16,570][__main__][INFO] - [2, 17], [16]
[2025-01-29 23:39:16,603][__main__][INFO] - [2, 18], [16]
[2025-01-29 23:39:16,681][__main__][INFO] - [2, 19], [16]
[2025-01-29 23:39:16,706][__main__][INFO] - [2, 20], [16]
[2025-01-29 23:39:16,731][__main__][INFO] - [2, 21], [16]
[2025-01-29 23:39:16,753][__main__][INFO] - [2, 22], [16]
[2025-01-29 23:39:16,776][__main__][INFO] - [2, 23], [16]
[2025-01-29 23:39:16,812][__main__][INFO] - [2, 24], [16]
[2025-01-29 23:39:16,878][__main__][INFO] - [3, 10, 16], []
[2025-01-29 23:39:16,938][__main__][INFO] - [3, 10], [16]
[2025-01-29 23:39:17,000][__main__][INFO] - [3, 10, 17], []
[2025-01-29 23:39:17,027][__main__][INFO] - [3, 10, 18], []
[2025-01-29 23:39:17,107][__main__][INFO] - [3, 10, 19], []
[2025-01-29 23:39:17,132][__main__][INFO] - [3, 10, 20], []
[2025-01-29 23:39:17,159][__main__][INFO] - [3, 10, 21], []
[2025-01-29 23:39:17,182][__main__][INFO] - [3, 10, 22], []
[2025-01-29 23:39:17,205][__main__][INFO] - [3, 10, 23], []
[2025-01-29 23:39:17,230][__main__][INFO] - [3, 10, 24], []
[2025-01-29 23:39:17,283][__main__][INFO] - [3, 11, 16], []
[2025-01-29 23:39:17,307][__main__][INFO] - [3, 11], [16]
[2025-01-29 23:39:17,346][__main__][INFO] - [3, 11, 18], []
[2025-01-29 23:39:17,372][__main__][INFO] - [3, 11, 19], []
[2025-01-29 23:39:17,439][__main__][INFO] - [3, 11, 23], []
[2025-01-29 23:39:17,506][__main__][INFO] - [3, 12, 16], []
[2025-01-29 23:39:17,539][__main__][INFO] - [3, 12], [16]
[2025-01-29 23:39:17,589][__main__][INFO] - [3, 12, 18], []
[2025-01-29 23:39:17,613][__main__][INFO] - [3, 12, 19], []
[2025-01-29 23:39:17,681][__main__][INFO] - [3, 12, 23], []
[2025-01-29 23:39:17,768][__main__][INFO] - [3, 13, 16], []
[2025-01-29 23:39:17,791][__main__][INFO] - [3, 13], [16]
[2025-01-29 23:39:17,829][__main__][INFO] - [3, 13, 18], []
[2025-01-29 23:39:17,867][__main__][INFO] - [3, 13, 20], []
[2025-01-29 23:39:17,920][__main__][INFO] - [3, 13, 23], []
[2025-01-29 23:39:17,987][__main__][INFO] - [3, 14, 16], []
[2025-01-29 23:39:18,010][__main__][INFO] - [3, 14], [16]
[2025-01-29 23:39:18,047][__main__][INFO] - [3, 14, 18], []
[2025-01-29 23:39:18,070][__main__][INFO] - [3, 14, 19], []
[2025-01-29 23:39:18,122][__main__][INFO] - [3, 14, 22], []
[2025-01-29 23:39:18,145][__main__][INFO] - [3, 14, 23], []
[2025-01-29 23:39:18,212][__main__][INFO] - [3, 15, 16], []
[2025-01-29 23:39:18,247][__main__][INFO] - [3, 15], [16]
[2025-01-29 23:39:18,285][__main__][INFO] - [3, 15, 17], []
[2025-01-29 23:39:18,317][__main__][INFO] - [3, 15, 18], []
[2025-01-29 23:39:18,354][__main__][INFO] - [3, 15, 19], []
[2025-01-29 23:39:18,377][__main__][INFO] - [3, 15, 20], []
[2025-01-29 23:39:18,399][__main__][INFO] - [3, 15, 21], []
[2025-01-29 23:39:18,436][__main__][INFO] - [3, 15, 23], []
[2025-01-29 23:39:18,459][__main__][INFO] - [3, 15, 24], []
[2025-01-29 23:39:18,511][__main__][INFO] - [3, 16, 17], []
[2025-01-29 23:39:18,539][__main__][INFO] - [3, 16, 18], []
[2025-01-29 23:39:18,598][__main__][INFO] - [3, 16, 19], []
[2025-01-29 23:39:18,622][__main__][INFO] - [3, 16, 20], []
[2025-01-29 23:39:18,646][__main__][INFO] - [3, 16, 21], []
[2025-01-29 23:39:18,669][__main__][INFO] - [3, 16, 22], []
[2025-01-29 23:39:18,691][__main__][INFO] - [3, 16, 23], []
[2025-01-29 23:39:18,725][__main__][INFO] - [3, 16, 24], []
[2025-01-29 23:39:18,777][__main__][INFO] - [3, 17], [16]
[2025-01-29 23:39:18,806][__main__][INFO] - [3, 18], [16]
[2025-01-29 23:39:18,870][__main__][INFO] - [3, 19], [16]
[2025-01-29 23:39:18,894][__main__][INFO] - [3, 20], [16]
[2025-01-29 23:39:18,918][__main__][INFO] - [3, 21], [16]
[2025-01-29 23:39:18,940][__main__][INFO] - [3, 22], [16]
[2025-01-29 23:39:18,963][__main__][INFO] - [3, 23], [16]
[2025-01-29 23:39:18,996][__main__][INFO] - [3, 24], [16]
[2025-01-29 23:39:19,063][__main__][INFO] - [4, 10, 16], []
[2025-01-29 23:39:19,132][__main__][INFO] - [4, 10], [16]
[2025-01-29 23:39:19,209][__main__][INFO] - [4, 10, 17], []
[2025-01-29 23:39:19,235][__main__][INFO] - [4, 10, 18], []
[2025-01-29 23:39:19,339][__main__][INFO] - [4, 10, 19], []
[2025-01-29 23:39:19,365][__main__][INFO] - [4, 10, 20], []
[2025-01-29 23:39:19,392][__main__][INFO] - [4, 10, 21], []
[2025-01-29 23:39:19,415][__main__][INFO] - [4, 10, 22], []
[2025-01-29 23:39:19,438][__main__][INFO] - [4, 10, 23], []
[2025-01-29 23:39:19,463][__main__][INFO] - [4, 10, 24], []
[2025-01-29 23:39:19,516][__main__][INFO] - [4, 11, 16], []
[2025-01-29 23:39:19,540][__main__][INFO] - [4, 11], [16]
[2025-01-29 23:39:19,579][__main__][INFO] - [4, 11, 18], []
[2025-01-29 23:39:19,605][__main__][INFO] - [4, 11, 19], []
[2025-01-29 23:39:19,627][__main__][INFO] - [4, 11, 20], []
[2025-01-29 23:39:19,680][__main__][INFO] - [4, 11, 23], []
[2025-01-29 23:39:19,747][__main__][INFO] - [4, 12, 16], []
[2025-01-29 23:39:19,783][__main__][INFO] - [4, 12], [16]
[2025-01-29 23:39:19,832][__main__][INFO] - [4, 12, 18], []
[2025-01-29 23:39:19,856][__main__][INFO] - [4, 12, 19], []
[2025-01-29 23:39:19,924][__main__][INFO] - [4, 12, 23], []
[2025-01-29 23:39:20,015][__main__][INFO] - [4, 13, 16], []
[2025-01-29 23:39:20,038][__main__][INFO] - [4, 13], [16]
[2025-01-29 23:39:20,075][__main__][INFO] - [4, 13, 18], []
[2025-01-29 23:39:20,113][__main__][INFO] - [4, 13, 20], []
[2025-01-29 23:39:20,166][__main__][INFO] - [4, 13, 23], []
[2025-01-29 23:39:20,234][__main__][INFO] - [4, 14, 16], []
[2025-01-29 23:39:20,256][__main__][INFO] - [4, 14], [16]
[2025-01-29 23:39:20,294][__main__][INFO] - [4, 14, 18], []
[2025-01-29 23:39:20,316][__main__][INFO] - [4, 14, 19], []
[2025-01-29 23:39:20,369][__main__][INFO] - [4, 14, 22], []
[2025-01-29 23:39:20,451][__main__][INFO] - [4, 15, 16], []
[2025-01-29 23:39:20,488][__main__][INFO] - [4, 15], [16]
[2025-01-29 23:39:20,529][__main__][INFO] - [4, 15, 17], []
[2025-01-29 23:39:20,564][__main__][INFO] - [4, 15, 18], []
[2025-01-29 23:39:20,604][__main__][INFO] - [4, 15, 19], []
[2025-01-29 23:39:20,627][__main__][INFO] - [4, 15, 20], []
[2025-01-29 23:39:20,650][__main__][INFO] - [4, 15, 21], []
[2025-01-29 23:39:20,687][__main__][INFO] - [4, 15, 23], []
[2025-01-29 23:39:20,710][__main__][INFO] - [4, 15, 24], []
[2025-01-29 23:39:20,762][__main__][INFO] - [4, 16, 17], []
[2025-01-29 23:39:20,791][__main__][INFO] - [4, 16, 18], []
[2025-01-29 23:39:20,861][__main__][INFO] - [4, 16, 19], []
[2025-01-29 23:39:20,885][__main__][INFO] - [4, 16, 20], []
[2025-01-29 23:39:20,910][__main__][INFO] - [4, 16, 21], []
[2025-01-29 23:39:20,932][__main__][INFO] - [4, 16, 22], []
[2025-01-29 23:39:20,955][__main__][INFO] - [4, 16, 23], []
[2025-01-29 23:39:20,990][__main__][INFO] - [4, 16, 24], []
[2025-01-29 23:39:21,043][__main__][INFO] - [4, 17], [16]
[2025-01-29 23:39:21,074][__main__][INFO] - [4, 18], [16]
[2025-01-29 23:39:21,154][__main__][INFO] - [4, 19], [16]
[2025-01-29 23:39:21,178][__main__][INFO] - [4, 20], [16]
[2025-01-29 23:39:21,203][__main__][INFO] - [4, 21], [16]
[2025-01-29 23:39:21,226][__main__][INFO] - [4, 22], [16]
[2025-01-29 23:39:21,248][__main__][INFO] - [4, 23], [16]
[2025-01-29 23:39:21,283][__main__][INFO] - [4, 24], [16]
[2025-01-29 23:39:21,349][__main__][INFO] - [5, 10, 16], []
[2025-01-29 23:39:21,417][__main__][INFO] - [5, 10], [16]
[2025-01-29 23:39:21,490][__main__][INFO] - [5, 10, 17], []
[2025-01-29 23:39:21,515][__main__][INFO] - [5, 10, 18], []
[2025-01-29 23:39:21,621][__main__][INFO] - [5, 10, 19], []
[2025-01-29 23:39:21,645][__main__][INFO] - [5, 10, 20], []
[2025-01-29 23:39:21,673][__main__][INFO] - [5, 10, 21], []
[2025-01-29 23:39:21,695][__main__][INFO] - [5, 10, 22], []
[2025-01-29 23:39:21,718][__main__][INFO] - [5, 10, 23], []
[2025-01-29 23:39:21,743][__main__][INFO] - [5, 10, 24], []
[2025-01-29 23:39:21,795][__main__][INFO] - [5, 11, 16], []
[2025-01-29 23:39:21,819][__main__][INFO] - [5, 11], [16]
[2025-01-29 23:39:21,858][__main__][INFO] - [5, 11, 18], []
[2025-01-29 23:39:21,884][__main__][INFO] - [5, 11, 19], []
[2025-01-29 23:39:22,011][__main__][INFO] - [5, 12, 16], []
[2025-01-29 23:39:22,045][__main__][INFO] - [5, 12], [16]
[2025-01-29 23:39:22,092][__main__][INFO] - [5, 12, 18], []
[2025-01-29 23:39:22,116][__main__][INFO] - [5, 12, 19], []
[2025-01-29 23:39:22,183][__main__][INFO] - [5, 12, 23], []
[2025-01-29 23:39:22,269][__main__][INFO] - [5, 13, 16], []
[2025-01-29 23:39:22,292][__main__][INFO] - [5, 13], [16]
[2025-01-29 23:39:22,330][__main__][INFO] - [5, 13, 18], []
[2025-01-29 23:39:22,367][__main__][INFO] - [5, 13, 20], []
[2025-01-29 23:39:22,420][__main__][INFO] - [5, 13, 23], []
[2025-01-29 23:39:22,487][__main__][INFO] - [5, 14, 16], []
[2025-01-29 23:39:22,510][__main__][INFO] - [5, 14], [16]
[2025-01-29 23:39:22,548][__main__][INFO] - [5, 14, 18], []
[2025-01-29 23:39:22,570][__main__][INFO] - [5, 14, 19], []
[2025-01-29 23:39:22,622][__main__][INFO] - [5, 14, 22], []
[2025-01-29 23:39:22,645][__main__][INFO] - [5, 14, 23], []
[2025-01-29 23:39:22,712][__main__][INFO] - [5, 15, 16], []
[2025-01-29 23:39:22,743][__main__][INFO] - [5, 15], [16]
[2025-01-29 23:39:22,777][__main__][INFO] - [5, 15, 17], []
[2025-01-29 23:39:22,806][__main__][INFO] - [5, 15, 18], []
[2025-01-29 23:39:22,841][__main__][INFO] - [5, 15, 19], []
[2025-01-29 23:39:22,864][__main__][INFO] - [5, 15, 20], []
[2025-01-29 23:39:22,886][__main__][INFO] - [5, 15, 21], []
[2025-01-29 23:39:22,924][__main__][INFO] - [5, 15, 23], []
[2025-01-29 23:39:22,946][__main__][INFO] - [5, 15, 24], []
[2025-01-29 23:39:22,999][__main__][INFO] - [5, 16, 17], []
[2025-01-29 23:39:23,025][__main__][INFO] - [5, 16, 18], []
[2025-01-29 23:39:23,094][__main__][INFO] - [5, 16, 19], []
[2025-01-29 23:39:23,117][__main__][INFO] - [5, 16, 20], []
[2025-01-29 23:39:23,142][__main__][INFO] - [5, 16, 21], []
[2025-01-29 23:39:23,164][__main__][INFO] - [5, 16, 22], []
[2025-01-29 23:39:23,187][__main__][INFO] - [5, 16, 23], []
[2025-01-29 23:39:23,219][__main__][INFO] - [5, 16, 24], []
[2025-01-29 23:39:23,272][__main__][INFO] - [5, 17], [16]
[2025-01-29 23:39:23,299][__main__][INFO] - [5, 18], [16]
[2025-01-29 23:39:23,376][__main__][INFO] - [5, 19], [16]
[2025-01-29 23:39:23,399][__main__][INFO] - [5, 20], [16]
[2025-01-29 23:39:23,424][__main__][INFO] - [5, 21], [16]
[2025-01-29 23:39:23,446][__main__][INFO] - [5, 22], [16]
[2025-01-29 23:39:23,469][__main__][INFO] - [5, 23], [16]
[2025-01-29 23:39:23,501][__main__][INFO] - [5, 24], [16]
[2025-01-29 23:39:23,567][__main__][INFO] - [6, 10, 16], []
[2025-01-29 23:39:23,609][__main__][INFO] - [6, 10], [16]
[2025-01-29 23:39:23,653][__main__][INFO] - [6, 10, 17], []
[2025-01-29 23:39:23,675][__main__][INFO] - [6, 10, 18], []
[2025-01-29 23:39:23,734][__main__][INFO] - [6, 10, 19], []
[2025-01-29 23:39:23,757][__main__][INFO] - [6, 10, 20], []
[2025-01-29 23:39:23,782][__main__][INFO] - [6, 10, 21], []
[2025-01-29 23:39:23,804][__main__][INFO] - [6, 10, 22], []
[2025-01-29 23:39:23,827][__main__][INFO] - [6, 10, 23], []
[2025-01-29 23:39:23,909][__main__][INFO] - [6, 11, 16], []
[2025-01-29 23:39:23,933][__main__][INFO] - [6, 11], [16]
[2025-01-29 23:39:23,972][__main__][INFO] - [6, 11, 18], []
[2025-01-29 23:39:24,116][__main__][INFO] - [6, 12, 16], []
[2025-01-29 23:39:24,141][__main__][INFO] - [6, 12], [16]
[2025-01-29 23:39:24,182][__main__][INFO] - [6, 12, 18], []
[2025-01-29 23:39:24,205][__main__][INFO] - [6, 12, 19], []
[2025-01-29 23:39:24,273][__main__][INFO] - [6, 12, 23], []
[2025-01-29 23:39:24,346][__main__][INFO] - [6, 13, 16], []
[2025-01-29 23:39:24,369][__main__][INFO] - [6, 13], [16]
[2025-01-29 23:39:24,407][__main__][INFO] - [6, 13, 18], []
[2025-01-29 23:39:24,444][__main__][INFO] - [6, 13, 20], []
[2025-01-29 23:39:24,571][__main__][INFO] - [6, 14], [16]
[2025-01-29 23:39:24,744][__main__][INFO] - [6, 15, 16], []
[2025-01-29 23:39:24,769][__main__][INFO] - [6, 15], [16]
[2025-01-29 23:39:24,794][__main__][INFO] - [6, 15, 17], []
[2025-01-29 23:39:24,818][__main__][INFO] - [6, 15, 18], []
[2025-01-29 23:39:24,844][__main__][INFO] - [6, 15, 19], []
[2025-01-29 23:39:24,866][__main__][INFO] - [6, 15, 20], []
[2025-01-29 23:39:24,918][__main__][INFO] - [6, 15, 23], []
[2025-01-29 23:39:24,985][__main__][INFO] - [6, 16, 17], []
[2025-01-29 23:39:25,008][__main__][INFO] - [6, 16, 18], []
[2025-01-29 23:39:25,049][__main__][INFO] - [6, 16, 19], []
[2025-01-29 23:39:25,071][__main__][INFO] - [6, 16, 20], []
[2025-01-29 23:39:25,094][__main__][INFO] - [6, 16, 21], []
[2025-01-29 23:39:25,117][__main__][INFO] - [6, 16, 22], []
[2025-01-29 23:39:25,139][__main__][INFO] - [6, 16, 23], []
[2025-01-29 23:39:25,209][__main__][INFO] - [6, 17], [16]
[2025-01-29 23:39:25,232][__main__][INFO] - [6, 18], [16]
[2025-01-29 23:39:25,277][__main__][INFO] - [6, 19], [16]
[2025-01-29 23:39:25,300][__main__][INFO] - [6, 20], [16]
[2025-01-29 23:39:25,323][__main__][INFO] - [6, 21], [16]
[2025-01-29 23:39:25,345][__main__][INFO] - [6, 22], [16]
[2025-01-29 23:39:25,367][__main__][INFO] - [6, 23], [16]
[2025-01-29 23:39:25,453][__main__][INFO] - [7, 10, 16], []
[2025-01-29 23:39:25,481][__main__][INFO] - [7, 10], [16]
[2025-01-29 23:39:25,511][__main__][INFO] - [7, 10, 17], []
[2025-01-29 23:39:25,534][__main__][INFO] - [7, 10, 18], []
[2025-01-29 23:39:25,568][__main__][INFO] - [7, 10, 19], []
[2025-01-29 23:39:25,591][__main__][INFO] - [7, 10, 20], []
[2025-01-29 23:39:25,614][__main__][INFO] - [7, 10, 21], []
[2025-01-29 23:39:25,651][__main__][INFO] - [7, 10, 23], []
[2025-01-29 23:39:25,719][__main__][INFO] - [7, 11, 16], []
[2025-01-29 23:39:25,742][__main__][INFO] - [7, 11], [16]
[2025-01-29 23:39:25,779][__main__][INFO] - [7, 11, 18], []
[2025-01-29 23:39:25,921][__main__][INFO] - [7, 12, 16], []
[2025-01-29 23:39:25,944][__main__][INFO] - [7, 12], [16]
[2025-01-29 23:39:25,983][__main__][INFO] - [7, 12, 18], []
[2025-01-29 23:39:26,006][__main__][INFO] - [7, 12, 19], []
[2025-01-29 23:39:26,073][__main__][INFO] - [7, 12, 23], []
[2025-01-29 23:39:26,156][__main__][INFO] - [7, 13], [16]
[2025-01-29 23:39:26,194][__main__][INFO] - [7, 13, 18], []
[2025-01-29 23:39:26,518][__main__][INFO] - [7, 15, 16], []
[2025-01-29 23:39:26,541][__main__][INFO] - [7, 15], [16]
[2025-01-29 23:39:26,563][__main__][INFO] - [7, 15, 17], []
[2025-01-29 23:39:26,586][__main__][INFO] - [7, 15, 18], []
[2025-01-29 23:39:26,608][__main__][INFO] - [7, 15, 19], []
[2025-01-29 23:39:26,735][__main__][INFO] - [7, 16, 17], []
[2025-01-29 23:39:26,757][__main__][INFO] - [7, 16, 18], []
[2025-01-29 23:39:26,784][__main__][INFO] - [7, 16, 19], []
[2025-01-29 23:39:26,806][__main__][INFO] - [7, 16, 20], []
[2025-01-29 23:39:26,829][__main__][INFO] - [7, 16, 21], []
[2025-01-29 23:39:26,866][__main__][INFO] - [7, 16, 23], []
[2025-01-29 23:39:26,934][__main__][INFO] - [7, 17], [16]
[2025-01-29 23:39:26,956][__main__][INFO] - [7, 18], [16]
[2025-01-29 23:39:26,986][__main__][INFO] - [7, 19], [16]
[2025-01-29 23:39:27,008][__main__][INFO] - [7, 20], [16]
[2025-01-29 23:39:27,030][__main__][INFO] - [7, 21], [16]
[2025-01-29 23:39:27,067][__main__][INFO] - [7, 23], [16]
[2025-01-29 23:39:27,150][__main__][INFO] - [8, 10, 16], []
[2025-01-29 23:39:27,174][__main__][INFO] - [8, 10], [16]
[2025-01-29 23:39:27,213][__main__][INFO] - [8, 10, 18], []
[2025-01-29 23:39:27,237][__main__][INFO] - [8, 10, 19], []
[2025-01-29 23:39:27,260][__main__][INFO] - [8, 10, 20], []
[2025-01-29 23:39:27,312][__main__][INFO] - [8, 10, 23], []
[2025-01-29 23:39:27,380][__main__][INFO] - [8, 11, 16], []
[2025-01-29 23:39:27,402][__main__][INFO] - [8, 11], [16]
[2025-01-29 23:39:27,439][__main__][INFO] - [8, 11, 18], []
[2025-01-29 23:39:27,580][__main__][INFO] - [8, 12, 16], []
[2025-01-29 23:39:27,603][__main__][INFO] - [8, 12], [16]
[2025-01-29 23:39:27,640][__main__][INFO] - [8, 12, 18], []
[2025-01-29 23:39:27,722][__main__][INFO] - [8, 12, 23], []
[2025-01-29 23:39:27,819][__main__][INFO] - [8, 15, 16], []
[2025-01-29 23:39:27,841][__main__][INFO] - [8, 15], [16]
[2025-01-29 23:39:27,878][__main__][INFO] - [8, 15, 18], []
[2025-01-29 23:39:28,034][__main__][INFO] - [8, 16, 18], []
[2025-01-29 23:39:28,058][__main__][INFO] - [8, 16, 19], []
[2025-01-29 23:39:28,080][__main__][INFO] - [8, 16, 20], []
[2025-01-29 23:39:28,132][__main__][INFO] - [8, 16, 23], []
[2025-01-29 23:39:28,199][__main__][INFO] - [8, 17], [16]
[2025-01-29 23:39:28,222][__main__][INFO] - [8, 18], [16]
[2025-01-29 23:39:28,245][__main__][INFO] - [8, 19], [16]
[2025-01-29 23:39:28,267][__main__][INFO] - [8, 20], [16]
[2025-01-29 23:39:28,319][__main__][INFO] - [8, 23], [16]
[2025-01-29 23:39:28,400][__main__][INFO] - [9, 10, 16], []
[2025-01-29 23:39:28,423][__main__][INFO] - [9, 10], [16]
[2025-01-29 23:39:28,460][__main__][INFO] - [9, 10, 18], []
[2025-01-29 23:39:28,856][__main__][INFO] - [9, 16, 18], []
[2025-01-29 23:39:29,013][__main__][INFO] - [9, 18], [16]
[2025-01-29 23:39:29,170][__main__][INFO] - [10, 16, 17], []
[2025-01-29 23:39:29,215][__main__][INFO] - [10, 16, 18], []
[2025-01-29 23:39:29,492][__main__][INFO] - [10, 16, 19], []
[2025-01-29 23:39:29,527][__main__][INFO] - [10, 16, 20], []
[2025-01-29 23:39:29,564][__main__][INFO] - [10, 16, 21], []
[2025-01-29 23:39:29,588][__main__][INFO] - [10, 16, 22], []
[2025-01-29 23:39:29,610][__main__][INFO] - [10, 16, 23], []
[2025-01-29 23:39:29,651][__main__][INFO] - [10, 16, 24], []
[2025-01-29 23:39:29,703][__main__][INFO] - [10, 17], [16]
[2025-01-29 23:39:29,750][__main__][INFO] - [10, 18], [16]
[2025-01-29 23:39:30,058][__main__][INFO] - [10, 19], [16]
[2025-01-29 23:39:30,094][__main__][INFO] - [10, 20], [16]
[2025-01-29 23:39:30,130][__main__][INFO] - [10, 21], [16]
[2025-01-29 23:39:30,153][__main__][INFO] - [10, 22], [16]
[2025-01-29 23:39:30,177][__main__][INFO] - [10, 23], [16]
[2025-01-29 23:39:30,217][__main__][INFO] - [10, 24], [16]
[2025-01-29 23:39:30,285][__main__][INFO] - [11, 16, 17], []
[2025-01-29 23:39:30,307][__main__][INFO] - [11, 16, 18], []
[2025-01-29 23:39:30,337][__main__][INFO] - [11, 16, 19], []
[2025-01-29 23:39:30,359][__main__][INFO] - [11, 16, 20], []
[2025-01-29 23:39:30,411][__main__][INFO] - [11, 16, 23], []
[2025-01-29 23:39:30,478][__main__][INFO] - [11, 17], [16]
[2025-01-29 23:39:30,500][__main__][INFO] - [11, 18], [16]
[2025-01-29 23:39:30,532][__main__][INFO] - [11, 19], [16]
[2025-01-29 23:39:30,554][__main__][INFO] - [11, 20], [16]
[2025-01-29 23:39:30,607][__main__][INFO] - [11, 23], [16]
[2025-01-29 23:39:30,688][__main__][INFO] - [12, 16, 17], []
[2025-01-29 23:39:30,710][__main__][INFO] - [12, 16, 18], []
[2025-01-29 23:39:30,735][__main__][INFO] - [12, 16, 19], []
[2025-01-29 23:39:30,803][__main__][INFO] - [12, 16, 23], []
[2025-01-29 23:39:30,924][__main__][INFO] - [12, 17], [16]
[2025-01-29 23:39:30,946][__main__][INFO] - [12, 18], [16]
[2025-01-29 23:39:30,972][__main__][INFO] - [12, 19], [16]
[2025-01-29 23:39:31,040][__main__][INFO] - [12, 23], [16]
[2025-01-29 23:39:31,188][__main__][INFO] - [13, 16, 18], []
[2025-01-29 23:39:31,211][__main__][INFO] - [13, 16, 19], []
[2025-01-29 23:39:31,233][__main__][INFO] - [13, 16, 20], []
[2025-01-29 23:39:31,286][__main__][INFO] - [13, 16, 23], []
[2025-01-29 23:39:31,368][__main__][INFO] - [13, 18], [16]
[2025-01-29 23:39:31,391][__main__][INFO] - [13, 19], [16]
[2025-01-29 23:39:31,413][__main__][INFO] - [13, 20], [16]
[2025-01-29 23:39:31,465][__main__][INFO] - [13, 23], [16]
[2025-01-29 23:39:31,563][__main__][INFO] - [14, 16, 18], []
[2025-01-29 23:39:31,585][__main__][INFO] - [14, 16, 19], []
[2025-01-29 23:39:31,636][__main__][INFO] - [14, 16, 22], []
[2025-01-29 23:39:31,658][__main__][INFO] - [14, 16, 23], []
[2025-01-29 23:39:31,740][__main__][INFO] - [14, 18], [16]
[2025-01-29 23:39:31,762][__main__][INFO] - [14, 19], [16]
[2025-01-29 23:39:31,813][__main__][INFO] - [14, 22], [16]
[2025-01-29 23:39:31,836][__main__][INFO] - [14, 23], [16]
[2025-01-29 23:39:31,918][__main__][INFO] - [15, 16, 17], []
[2025-01-29 23:39:31,959][__main__][INFO] - [15, 16, 18], []
[2025-01-29 23:39:32,012][__main__][INFO] - [15, 16, 19], []
[2025-01-29 23:39:32,035][__main__][INFO] - [15, 16, 20], []
[2025-01-29 23:39:32,056][__main__][INFO] - [15, 16, 21], []
[2025-01-29 23:39:32,093][__main__][INFO] - [15, 16, 23], []
[2025-01-29 23:39:32,116][__main__][INFO] - [15, 16, 24], []
[2025-01-29 23:39:32,168][__main__][INFO] - [15, 17], [16]
[2025-01-29 23:39:32,218][__main__][INFO] - [15, 18], [16]
[2025-01-29 23:39:32,283][__main__][INFO] - [15, 19], [16]
[2025-01-29 23:39:32,305][__main__][INFO] - [15, 20], [16]
[2025-01-29 23:39:32,327][__main__][INFO] - [15, 21], [16]
[2025-01-29 23:39:32,364][__main__][INFO] - [15, 23], [16]
[2025-01-29 23:39:32,387][__main__][INFO] - [15, 24], [16]
