[2025-01-29 13:11:12,682][__main__][INFO] - In total, there are 1229 possible subgroups
[2025-01-29 13:11:12,711][__main__][INFO] - [0], []
[2025-01-29 13:11:12,899][__main__][INFO] - [1], []
[2025-01-29 13:11:13,138][__main__][INFO] - [2], []
[2025-01-29 13:11:13,365][__main__][INFO] - [3], []
[2025-01-29 13:11:13,547][__main__][INFO] - [4], []
[2025-01-29 13:11:13,769][__main__][INFO] - [5], []
[2025-01-29 13:11:13,960][__main__][INFO] - [6], []
[2025-01-29 13:11:14,045][__main__][INFO] - [7], []
[2025-01-29 13:11:14,084][__main__][INFO] - [8], []
[2025-01-29 13:11:14,106][__main__][INFO] - [9], []
[2025-01-29 13:11:14,124][__main__][INFO] - [10], []
[2025-01-29 13:11:15,003][__main__][INFO] - [11], []
[2025-01-29 13:11:15,046][__main__][INFO] - [12], []
[2025-01-29 13:11:15,207][__main__][INFO] - [13], []
[2025-01-29 13:11:15,231][__main__][INFO] - [14], []
[2025-01-29 13:11:15,254][__main__][INFO] - [15], []
[2025-01-29 13:11:15,450][__main__][INFO] - [16], []
[2025-01-29 13:11:16,047][__main__][INFO] - [], [16]
[2025-01-29 13:11:16,716][__main__][INFO] - [17], []
[2025-01-29 13:11:16,854][__main__][INFO] - [18], []
[2025-01-29 13:11:17,651][__main__][INFO] - [19], []
[2025-01-29 13:11:17,709][__main__][INFO] - [20], []
[2025-01-29 13:11:17,768][__main__][INFO] - [21], []
[2025-01-29 13:11:17,791][__main__][INFO] - [22], []
[2025-01-29 13:11:17,812][__main__][INFO] - [23], []
[2025-01-29 13:11:18,004][__main__][INFO] - [24], []
[2025-01-29 13:11:18,024][__main__][INFO] - [25], []
[2025-01-29 13:11:18,070][__main__][INFO] - [0, 10], []
[2025-01-29 13:11:18,234][__main__][INFO] - [0, 11], []
[2025-01-29 13:11:18,256][__main__][INFO] - [0, 12], []
[2025-01-29 13:11:18,282][__main__][INFO] - [0, 13], []
[2025-01-29 13:11:18,306][__main__][INFO] - [0, 14], []
[2025-01-29 13:11:18,326][__main__][INFO] - [0, 15], []
[2025-01-29 13:11:18,354][__main__][INFO] - [0, 16], []
[2025-01-29 13:11:18,450][__main__][INFO] - [0], [16]
[2025-01-29 13:11:18,549][__main__][INFO] - [0, 17], []
[2025-01-29 13:11:18,588][__main__][INFO] - [0, 18], []
[2025-01-29 13:11:18,701][__main__][INFO] - [0, 19], []
[2025-01-29 13:11:18,730][__main__][INFO] - [0, 20], []
[2025-01-29 13:11:18,756][__main__][INFO] - [0, 21], []
[2025-01-29 13:11:18,776][__main__][INFO] - [0, 22], []
[2025-01-29 13:11:18,796][__main__][INFO] - [0, 23], []
[2025-01-29 13:11:18,832][__main__][INFO] - [0, 24], []
[2025-01-29 13:11:18,881][__main__][INFO] - [1, 10], []
[2025-01-29 13:11:19,069][__main__][INFO] - [1, 11], []
[2025-01-29 13:11:19,093][__main__][INFO] - [1, 12], []
[2025-01-29 13:11:19,128][__main__][INFO] - [1, 13], []
[2025-01-29 13:11:19,149][__main__][INFO] - [1, 14], []
[2025-01-29 13:11:19,169][__main__][INFO] - [1, 15], []
[2025-01-29 13:11:19,208][__main__][INFO] - [1, 16], []
[2025-01-29 13:11:19,326][__main__][INFO] - [1], [16]
[2025-01-29 13:11:19,459][__main__][INFO] - [1, 17], []
[2025-01-29 13:11:19,503][__main__][INFO] - [1, 18], []
[2025-01-29 13:11:19,643][__main__][INFO] - [1, 19], []
[2025-01-29 13:11:19,672][__main__][INFO] - [1, 20], []
[2025-01-29 13:11:19,699][__main__][INFO] - [1, 21], []
[2025-01-29 13:11:19,720][__main__][INFO] - [1, 22], []
[2025-01-29 13:11:19,740][__main__][INFO] - [1, 23], []
[2025-01-29 13:11:19,788][__main__][INFO] - [1, 24], []
[2025-01-29 13:11:19,837][__main__][INFO] - [2, 10], []
[2025-01-29 13:11:19,988][__main__][INFO] - [2, 11], []
[2025-01-29 13:11:20,013][__main__][INFO] - [2, 12], []
[2025-01-29 13:11:20,056][__main__][INFO] - [2, 13], []
[2025-01-29 13:11:20,077][__main__][INFO] - [2, 14], []
[2025-01-29 13:11:20,097][__main__][INFO] - [2, 15], []
[2025-01-29 13:11:20,147][__main__][INFO] - [2, 16], []
[2025-01-29 13:11:20,253][__main__][INFO] - [2], [16]
[2025-01-29 13:11:20,379][__main__][INFO] - [2, 17], []
[2025-01-29 13:11:20,420][__main__][INFO] - [2, 18], []
[2025-01-29 13:11:20,553][__main__][INFO] - [2, 19], []
[2025-01-29 13:11:20,580][__main__][INFO] - [2, 20], []
[2025-01-29 13:11:20,606][__main__][INFO] - [2, 21], []
[2025-01-29 13:11:20,626][__main__][INFO] - [2, 22], []
[2025-01-29 13:11:20,661][__main__][INFO] - [2, 23], []
[2025-01-29 13:11:20,758][__main__][INFO] - [2, 24], []
[2025-01-29 13:11:20,913][__main__][INFO] - [3, 10], []
[2025-01-29 13:11:21,218][__main__][INFO] - [3, 11], []
[2025-01-29 13:11:21,260][__main__][INFO] - [3, 12], []
[2025-01-29 13:11:21,334][__main__][INFO] - [3, 13], []
[2025-01-29 13:11:21,358][__main__][INFO] - [3, 14], []
[2025-01-29 13:11:21,381][__main__][INFO] - [3, 15], []
[2025-01-29 13:11:21,441][__main__][INFO] - [3, 16], []
[2025-01-29 13:11:21,547][__main__][INFO] - [3], [16]
[2025-01-29 13:11:21,663][__main__][INFO] - [3, 17], []
[2025-01-29 13:11:21,705][__main__][INFO] - [3, 18], []
[2025-01-29 13:11:21,831][__main__][INFO] - [3, 19], []
[2025-01-29 13:11:21,859][__main__][INFO] - [3, 20], []
[2025-01-29 13:11:21,887][__main__][INFO] - [3, 21], []
[2025-01-29 13:11:21,910][__main__][INFO] - [3, 22], []
[2025-01-29 13:11:21,933][__main__][INFO] - [3, 23], []
[2025-01-29 13:11:21,985][__main__][INFO] - [3, 24], []
[2025-01-29 13:11:22,043][__main__][INFO] - [4, 10], []
[2025-01-29 13:11:22,200][__main__][INFO] - [4, 11], []
[2025-01-29 13:11:22,228][__main__][INFO] - [4, 12], []
[2025-01-29 13:11:22,284][__main__][INFO] - [4, 13], []
[2025-01-29 13:11:22,307][__main__][INFO] - [4, 14], []
[2025-01-29 13:11:22,331][__main__][INFO] - [4, 15], []
[2025-01-29 13:11:22,397][__main__][INFO] - [4, 16], []
[2025-01-29 13:11:22,523][__main__][INFO] - [4], [16]
[2025-01-29 13:11:22,661][__main__][INFO] - [4, 17], []
[2025-01-29 13:11:22,705][__main__][INFO] - [4, 18], []
[2025-01-29 13:11:22,869][__main__][INFO] - [4, 19], []
[2025-01-29 13:11:22,897][__main__][INFO] - [4, 20], []
[2025-01-29 13:11:22,928][__main__][INFO] - [4, 21], []
[2025-01-29 13:11:22,953][__main__][INFO] - [4, 22], []
[2025-01-29 13:11:22,976][__main__][INFO] - [4, 23], []
[2025-01-29 13:11:23,032][__main__][INFO] - [4, 24], []
[2025-01-29 13:11:23,089][__main__][INFO] - [5, 10], []
[2025-01-29 13:11:23,238][__main__][INFO] - [5, 11], []
[2025-01-29 13:11:23,267][__main__][INFO] - [5, 12], []
[2025-01-29 13:11:23,319][__main__][INFO] - [5, 13], []
[2025-01-29 13:11:23,343][__main__][INFO] - [5, 14], []
[2025-01-29 13:11:23,366][__main__][INFO] - [5, 15], []
[2025-01-29 13:11:23,418][__main__][INFO] - [5, 16], []
[2025-01-29 13:11:23,531][__main__][INFO] - [5], [16]
[2025-01-29 13:11:23,661][__main__][INFO] - [5, 17], []
[2025-01-29 13:11:23,703][__main__][INFO] - [5, 18], []
[2025-01-29 13:11:23,857][__main__][INFO] - [5, 19], []
[2025-01-29 13:11:23,885][__main__][INFO] - [5, 20], []
[2025-01-29 13:11:23,915][__main__][INFO] - [5, 21], []
[2025-01-29 13:11:23,939][__main__][INFO] - [5, 22], []
[2025-01-29 13:11:23,962][__main__][INFO] - [5, 23], []
[2025-01-29 13:11:24,013][__main__][INFO] - [5, 24], []
[2025-01-29 13:11:24,072][__main__][INFO] - [6, 10], []
[2025-01-29 13:11:24,148][__main__][INFO] - [6, 11], []
[2025-01-29 13:11:24,172][__main__][INFO] - [6, 12], []
[2025-01-29 13:11:24,205][__main__][INFO] - [6, 13], []
[2025-01-29 13:11:24,243][__main__][INFO] - [6, 14], []
[2025-01-29 13:11:24,266][__main__][INFO] - [6, 15], []
[2025-01-29 13:11:24,298][__main__][INFO] - [6, 16], []
[2025-01-29 13:11:24,355][__main__][INFO] - [6], [16]
[2025-01-29 13:11:24,418][__main__][INFO] - [6, 17], []
[2025-01-29 13:11:24,444][__main__][INFO] - [6, 18], []
[2025-01-29 13:11:24,522][__main__][INFO] - [6, 19], []
[2025-01-29 13:11:24,546][__main__][INFO] - [6, 20], []
[2025-01-29 13:11:24,572][__main__][INFO] - [6, 21], []
[2025-01-29 13:11:24,596][__main__][INFO] - [6, 22], []
[2025-01-29 13:11:24,619][__main__][INFO] - [6, 23], []
[2025-01-29 13:11:24,652][__main__][INFO] - [6, 24], []
[2025-01-29 13:11:24,731][__main__][INFO] - [7, 10], []
[2025-01-29 13:11:24,796][__main__][INFO] - [7, 11], []
[2025-01-29 13:11:24,839][__main__][INFO] - [7, 12], []
[2025-01-29 13:11:24,887][__main__][INFO] - [7, 13], []
[2025-01-29 13:11:24,946][__main__][INFO] - [7, 14], []
[2025-01-29 13:11:25,009][__main__][INFO] - [7, 15], []
[2025-01-29 13:11:25,080][__main__][INFO] - [7, 16], []
[2025-01-29 13:11:25,170][__main__][INFO] - [7], [16]
[2025-01-29 13:11:25,261][__main__][INFO] - [7, 17], []
[2025-01-29 13:11:25,306][__main__][INFO] - [7, 18], []
[2025-01-29 13:11:25,370][__main__][INFO] - [7, 19], []
[2025-01-29 13:11:25,394][__main__][INFO] - [7, 20], []
[2025-01-29 13:11:25,417][__main__][INFO] - [7, 21], []
[2025-01-29 13:11:25,457][__main__][INFO] - [7, 23], []
[2025-01-29 13:11:25,535][__main__][INFO] - [8, 10], []
[2025-01-29 13:11:25,562][__main__][INFO] - [8, 11], []
[2025-01-29 13:11:25,584][__main__][INFO] - [8, 12], []
[2025-01-29 13:11:25,639][__main__][INFO] - [8, 15], []
[2025-01-29 13:11:25,662][__main__][INFO] - [8, 16], []
[2025-01-29 13:11:25,687][__main__][INFO] - [8], [16]
[2025-01-29 13:11:25,712][__main__][INFO] - [8, 17], []
[2025-01-29 13:11:25,735][__main__][INFO] - [8, 18], []
[2025-01-29 13:11:25,762][__main__][INFO] - [8, 19], []
[2025-01-29 13:11:25,785][__main__][INFO] - [8, 20], []
[2025-01-29 13:11:25,841][__main__][INFO] - [8, 23], []
[2025-01-29 13:11:25,914][__main__][INFO] - [9, 10], []
[2025-01-29 13:11:25,954][__main__][INFO] - [9, 12], []
[2025-01-29 13:11:26,028][__main__][INFO] - [9, 16], []
[2025-01-29 13:11:26,050][__main__][INFO] - [9], [16]
[2025-01-29 13:11:26,091][__main__][INFO] - [9, 18], []
[2025-01-29 13:11:26,187][__main__][INFO] - [9, 23], []
[2025-01-29 13:11:26,263][__main__][INFO] - [10, 16], []
[2025-01-29 13:11:26,758][__main__][INFO] - [10], [16]
[2025-01-29 13:11:27,291][__main__][INFO] - [10, 17], []
[2025-01-29 13:11:27,380][__main__][INFO] - [10, 18], []
[2025-01-29 13:11:28,104][__main__][INFO] - [10, 19], []
[2025-01-29 13:11:28,159][__main__][INFO] - [10, 20], []
[2025-01-29 13:11:28,221][__main__][INFO] - [10, 21], []
[2025-01-29 13:11:28,248][__main__][INFO] - [10, 22], []
[2025-01-29 13:11:28,273][__main__][INFO] - [10, 23], []
[2025-01-29 13:11:28,344][__main__][INFO] - [10, 24], []
[2025-01-29 13:11:28,368][__main__][INFO] - [10, 25], []
[2025-01-29 13:11:28,408][__main__][INFO] - [11, 16], []
[2025-01-29 13:11:28,441][__main__][INFO] - [11], [16]
[2025-01-29 13:11:28,478][__main__][INFO] - [11, 17], []
[2025-01-29 13:11:28,499][__main__][INFO] - [11, 18], []
[2025-01-29 13:11:28,546][__main__][INFO] - [11, 19], []
[2025-01-29 13:11:28,570][__main__][INFO] - [11, 20], []
[2025-01-29 13:11:28,628][__main__][INFO] - [11, 23], []
[2025-01-29 13:11:28,703][__main__][INFO] - [12, 16], []
[2025-01-29 13:11:28,800][__main__][INFO] - [12], [16]
[2025-01-29 13:11:28,900][__main__][INFO] - [12, 17], []
[2025-01-29 13:11:28,923][__main__][INFO] - [12, 18], []
[2025-01-29 13:11:28,959][__main__][INFO] - [12, 19], []
[2025-01-29 13:11:28,985][__main__][INFO] - [12, 20], []
[2025-01-29 13:11:29,045][__main__][INFO] - [12, 23], []
[2025-01-29 13:11:29,261][__main__][INFO] - [13, 16], []
[2025-01-29 13:11:29,287][__main__][INFO] - [13], [16]
[2025-01-29 13:11:29,314][__main__][INFO] - [13, 17], []
[2025-01-29 13:11:29,338][__main__][INFO] - [13, 18], []
[2025-01-29 13:11:29,362][__main__][INFO] - [13, 19], []
[2025-01-29 13:11:29,384][__main__][INFO] - [13, 20], []
[2025-01-29 13:11:29,446][__main__][INFO] - [13, 23], []
[2025-01-29 13:11:29,525][__main__][INFO] - [14, 16], []
[2025-01-29 13:11:29,549][__main__][INFO] - [14], [16]
[2025-01-29 13:11:29,592][__main__][INFO] - [14, 18], []
[2025-01-29 13:11:29,615][__main__][INFO] - [14, 19], []
[2025-01-29 13:11:29,674][__main__][INFO] - [14, 22], []
[2025-01-29 13:11:29,698][__main__][INFO] - [14, 23], []
[2025-01-29 13:11:29,775][__main__][INFO] - [15, 16], []
[2025-01-29 13:11:29,874][__main__][INFO] - [15], [16]
[2025-01-29 13:11:30,002][__main__][INFO] - [15, 17], []
[2025-01-29 13:11:30,092][__main__][INFO] - [15, 18], []
[2025-01-29 13:11:30,219][__main__][INFO] - [15, 19], []
[2025-01-29 13:11:30,246][__main__][INFO] - [15, 20], []
[2025-01-29 13:11:30,270][__main__][INFO] - [15, 21], []
[2025-01-29 13:11:30,294][__main__][INFO] - [15, 22], []
[2025-01-29 13:11:30,317][__main__][INFO] - [15, 23], []
[2025-01-29 13:11:30,341][__main__][INFO] - [15, 24], []
[2025-01-29 13:11:30,400][__main__][INFO] - [16, 17], []
[2025-01-29 13:11:30,480][__main__][INFO] - [16, 18], []
[2025-01-29 13:11:30,884][__main__][INFO] - [16, 19], []
[2025-01-29 13:11:30,930][__main__][INFO] - [16, 20], []
[2025-01-29 13:11:30,970][__main__][INFO] - [16, 21], []
[2025-01-29 13:11:30,993][__main__][INFO] - [16, 22], []
[2025-01-29 13:11:31,018][__main__][INFO] - [16, 23], []
[2025-01-29 13:11:31,121][__main__][INFO] - [16, 24], []
[2025-01-29 13:11:31,173][__main__][INFO] - [17], [16]
[2025-01-29 13:11:31,261][__main__][INFO] - [18], [16]
[2025-01-29 13:11:31,710][__main__][INFO] - [19], [16]
[2025-01-29 13:11:31,762][__main__][INFO] - [20], [16]
[2025-01-29 13:11:31,806][__main__][INFO] - [21], [16]
[2025-01-29 13:11:31,832][__main__][INFO] - [22], [16]
[2025-01-29 13:11:31,856][__main__][INFO] - [23], [16]
[2025-01-29 13:11:31,972][__main__][INFO] - [24], [16]
[2025-01-29 13:11:32,067][__main__][INFO] - [0, 10, 16], []
[2025-01-29 13:11:32,170][__main__][INFO] - [0, 10], [16]
[2025-01-29 13:11:32,277][__main__][INFO] - [0, 10, 17], []
[2025-01-29 13:11:32,325][__main__][INFO] - [0, 10, 18], []
[2025-01-29 13:11:32,447][__main__][INFO] - [0, 10, 19], []
[2025-01-29 13:11:32,483][__main__][INFO] - [0, 10, 20], []
[2025-01-29 13:11:32,514][__main__][INFO] - [0, 10, 21], []
[2025-01-29 13:11:32,541][__main__][INFO] - [0, 10, 22], []
[2025-01-29 13:11:32,566][__main__][INFO] - [0, 10, 23], []
[2025-01-29 13:11:32,603][__main__][INFO] - [0, 10, 24], []
[2025-01-29 13:11:32,665][__main__][INFO] - [0, 11, 16], []
[2025-01-29 13:11:32,692][__main__][INFO] - [0, 11], [16]
[2025-01-29 13:11:32,736][__main__][INFO] - [0, 11, 18], []
[2025-01-29 13:11:32,764][__main__][INFO] - [0, 11, 19], []
[2025-01-29 13:11:32,845][__main__][INFO] - [0, 11, 23], []
[2025-01-29 13:11:32,924][__main__][INFO] - [0, 12, 16], []
[2025-01-29 13:11:32,953][__main__][INFO] - [0, 12], [16]
[2025-01-29 13:11:32,999][__main__][INFO] - [0, 12, 18], []
[2025-01-29 13:11:33,025][__main__][INFO] - [0, 12, 19], []
[2025-01-29 13:11:33,106][__main__][INFO] - [0, 12, 23], []
[2025-01-29 13:11:33,194][__main__][INFO] - [0, 13, 16], []
[2025-01-29 13:11:33,220][__main__][INFO] - [0, 13], [16]
[2025-01-29 13:11:33,263][__main__][INFO] - [0, 13, 18], []
[2025-01-29 13:11:33,305][__main__][INFO] - [0, 13, 20], []
[2025-01-29 13:11:33,440][__main__][INFO] - [0, 14, 16], []
[2025-01-29 13:11:33,465][__main__][INFO] - [0, 14], [16]
[2025-01-29 13:11:33,508][__main__][INFO] - [0, 14, 18], []
[2025-01-29 13:11:33,584][__main__][INFO] - [0, 14, 22], []
[2025-01-29 13:11:33,680][__main__][INFO] - [0, 15, 16], []
[2025-01-29 13:11:33,710][__main__][INFO] - [0, 15], [16]
[2025-01-29 13:11:33,741][__main__][INFO] - [0, 15, 17], []
[2025-01-29 13:11:33,769][__main__][INFO] - [0, 15, 18], []
[2025-01-29 13:11:33,812][__main__][INFO] - [0, 15, 19], []
[2025-01-29 13:11:33,835][__main__][INFO] - [0, 15, 20], []
[2025-01-29 13:11:33,860][__main__][INFO] - [0, 15, 21], []
[2025-01-29 13:11:33,898][__main__][INFO] - [0, 15, 23], []
[2025-01-29 13:11:33,967][__main__][INFO] - [0, 16, 17], []
[2025-01-29 13:11:34,000][__main__][INFO] - [0, 16, 18], []
[2025-01-29 13:11:34,066][__main__][INFO] - [0, 16, 19], []
[2025-01-29 13:11:34,093][__main__][INFO] - [0, 16, 20], []
[2025-01-29 13:11:34,121][__main__][INFO] - [0, 16, 21], []
[2025-01-29 13:11:34,144][__main__][INFO] - [0, 16, 22], []
[2025-01-29 13:11:34,166][__main__][INFO] - [0, 16, 23], []
[2025-01-29 13:11:34,197][__main__][INFO] - [0, 16, 24], []
[2025-01-29 13:11:34,253][__main__][INFO] - [0, 17], [16]
[2025-01-29 13:11:34,285][__main__][INFO] - [0, 18], [16]
[2025-01-29 13:11:34,388][__main__][INFO] - [0, 19], [16]
[2025-01-29 13:11:34,421][__main__][INFO] - [0, 20], [16]
[2025-01-29 13:11:34,450][__main__][INFO] - [0, 21], [16]
[2025-01-29 13:11:34,475][__main__][INFO] - [0, 22], [16]
[2025-01-29 13:11:34,499][__main__][INFO] - [0, 23], [16]
[2025-01-29 13:11:34,532][__main__][INFO] - [0, 24], [16]
[2025-01-29 13:11:34,609][__main__][INFO] - [1, 10, 16], []
[2025-01-29 13:11:34,721][__main__][INFO] - [1, 10], [16]
[2025-01-29 13:11:34,843][__main__][INFO] - [1, 10, 17], []
[2025-01-29 13:11:34,888][__main__][INFO] - [1, 10, 18], []
[2025-01-29 13:11:35,034][__main__][INFO] - [1, 10, 19], []
[2025-01-29 13:11:35,070][__main__][INFO] - [1, 10, 20], []
[2025-01-29 13:11:35,103][__main__][INFO] - [1, 10, 21], []
[2025-01-29 13:11:35,130][__main__][INFO] - [1, 10, 22], []
[2025-01-29 13:11:35,156][__main__][INFO] - [1, 10, 23], []
[2025-01-29 13:11:35,239][__main__][INFO] - [1, 10, 24], []
[2025-01-29 13:11:35,345][__main__][INFO] - [1, 11, 16], []
[2025-01-29 13:11:35,372][__main__][INFO] - [1, 11], [16]
[2025-01-29 13:11:35,417][__main__][INFO] - [1, 11, 18], []
[2025-01-29 13:11:35,445][__main__][INFO] - [1, 11, 19], []
[2025-01-29 13:11:35,472][__main__][INFO] - [1, 11, 20], []
[2025-01-29 13:11:35,534][__main__][INFO] - [1, 11, 23], []
[2025-01-29 13:11:35,612][__main__][INFO] - [1, 12, 16], []
[2025-01-29 13:11:35,661][__main__][INFO] - [1, 12], [16]
[2025-01-29 13:11:35,715][__main__][INFO] - [1, 12, 18], []
[2025-01-29 13:11:35,742][__main__][INFO] - [1, 12, 19], []
[2025-01-29 13:11:35,819][__main__][INFO] - [1, 12, 23], []
[2025-01-29 13:11:35,911][__main__][INFO] - [1, 13, 16], []
[2025-01-29 13:11:35,937][__main__][INFO] - [1, 13], [16]
[2025-01-29 13:11:35,981][__main__][INFO] - [1, 13, 18], []
[2025-01-29 13:11:36,022][__main__][INFO] - [1, 13, 20], []
[2025-01-29 13:11:36,155][__main__][INFO] - [1, 14, 16], []
[2025-01-29 13:11:36,182][__main__][INFO] - [1, 14], [16]
[2025-01-29 13:11:36,224][__main__][INFO] - [1, 14, 18], []
[2025-01-29 13:11:36,301][__main__][INFO] - [1, 14, 22], []
[2025-01-29 13:11:36,328][__main__][INFO] - [1, 14, 23], []
[2025-01-29 13:11:36,407][__main__][INFO] - [1, 15, 16], []
[2025-01-29 13:11:36,441][__main__][INFO] - [1, 15], [16]
[2025-01-29 13:11:36,479][__main__][INFO] - [1, 15, 17], []
[2025-01-29 13:11:36,512][__main__][INFO] - [1, 15, 18], []
[2025-01-29 13:11:36,550][__main__][INFO] - [1, 15, 19], []
[2025-01-29 13:11:36,575][__main__][INFO] - [1, 15, 20], []
[2025-01-29 13:11:36,601][__main__][INFO] - [1, 15, 21], []
[2025-01-29 13:11:36,645][__main__][INFO] - [1, 15, 23], []
[2025-01-29 13:11:36,670][__main__][INFO] - [1, 15, 24], []
[2025-01-29 13:11:36,733][__main__][INFO] - [1, 16, 17], []
[2025-01-29 13:11:36,772][__main__][INFO] - [1, 16, 18], []
[2025-01-29 13:11:36,861][__main__][INFO] - [1, 16, 19], []
[2025-01-29 13:11:36,890][__main__][INFO] - [1, 16, 20], []
[2025-01-29 13:11:36,919][__main__][INFO] - [1, 16, 21], []
[2025-01-29 13:11:36,944][__main__][INFO] - [1, 16, 22], []
[2025-01-29 13:11:36,970][__main__][INFO] - [1, 16, 23], []
[2025-01-29 13:11:37,011][__main__][INFO] - [1, 16, 24], []
[2025-01-29 13:11:37,073][__main__][INFO] - [1, 17], [16]
[2025-01-29 13:11:37,111][__main__][INFO] - [1, 18], [16]
[2025-01-29 13:11:37,210][__main__][INFO] - [1, 19], [16]
[2025-01-29 13:11:37,239][__main__][INFO] - [1, 20], [16]
[2025-01-29 13:11:37,268][__main__][INFO] - [1, 21], [16]
[2025-01-29 13:11:37,293][__main__][INFO] - [1, 22], [16]
[2025-01-29 13:11:37,318][__main__][INFO] - [1, 23], [16]
[2025-01-29 13:11:37,359][__main__][INFO] - [1, 24], [16]
[2025-01-29 13:11:37,436][__main__][INFO] - [2, 10, 16], []
[2025-01-29 13:11:37,528][__main__][INFO] - [2, 10], [16]
[2025-01-29 13:11:37,630][__main__][INFO] - [2, 10, 17], []
[2025-01-29 13:11:37,668][__main__][INFO] - [2, 10, 18], []
[2025-01-29 13:11:37,795][__main__][INFO] - [2, 10, 19], []
[2025-01-29 13:11:37,826][__main__][INFO] - [2, 10, 20], []
[2025-01-29 13:11:37,857][__main__][INFO] - [2, 10, 21], []
[2025-01-29 13:11:37,883][__main__][INFO] - [2, 10, 22], []
[2025-01-29 13:11:37,909][__main__][INFO] - [2, 10, 23], []
[2025-01-29 13:11:37,946][__main__][INFO] - [2, 10, 24], []
[2025-01-29 13:11:38,008][__main__][INFO] - [2, 11, 16], []
[2025-01-29 13:11:38,035][__main__][INFO] - [2, 11], [16]
[2025-01-29 13:11:38,081][__main__][INFO] - [2, 11, 18], []
[2025-01-29 13:11:38,112][__main__][INFO] - [2, 11, 19], []
[2025-01-29 13:11:38,191][__main__][INFO] - [2, 11, 23], []
[2025-01-29 13:11:38,269][__main__][INFO] - [2, 12, 16], []
[2025-01-29 13:11:38,304][__main__][INFO] - [2, 12], [16]
[2025-01-29 13:11:38,359][__main__][INFO] - [2, 12, 18], []
[2025-01-29 13:11:38,386][__main__][INFO] - [2, 12, 19], []
[2025-01-29 13:11:38,466][__main__][INFO] - [2, 12, 23], []
[2025-01-29 13:11:38,568][__main__][INFO] - [2, 13, 16], []
[2025-01-29 13:11:38,593][__main__][INFO] - [2, 13], [16]
[2025-01-29 13:11:38,637][__main__][INFO] - [2, 13, 18], []
[2025-01-29 13:11:38,679][__main__][INFO] - [2, 13, 20], []
[2025-01-29 13:11:38,741][__main__][INFO] - [2, 13, 23], []
[2025-01-29 13:11:38,823][__main__][INFO] - [2, 14, 16], []
[2025-01-29 13:11:38,848][__main__][INFO] - [2, 14], [16]
[2025-01-29 13:11:38,892][__main__][INFO] - [2, 14, 18], []
[2025-01-29 13:11:38,971][__main__][INFO] - [2, 14, 22], []
[2025-01-29 13:11:38,997][__main__][INFO] - [2, 14, 23], []
[2025-01-29 13:11:39,076][__main__][INFO] - [2, 15, 16], []
[2025-01-29 13:11:39,116][__main__][INFO] - [2, 15], [16]
[2025-01-29 13:11:39,234][__main__][INFO] - [2, 15, 17], []
[2025-01-29 13:11:39,304][__main__][INFO] - [2, 15, 18], []
[2025-01-29 13:11:39,342][__main__][INFO] - [2, 15, 19], []
[2025-01-29 13:11:39,364][__main__][INFO] - [2, 15, 20], []
[2025-01-29 13:11:39,387][__main__][INFO] - [2, 15, 21], []
[2025-01-29 13:11:39,424][__main__][INFO] - [2, 15, 23], []
[2025-01-29 13:11:39,447][__main__][INFO] - [2, 15, 24], []
[2025-01-29 13:11:39,500][__main__][INFO] - [2, 16, 17], []
[2025-01-29 13:11:39,530][__main__][INFO] - [2, 16, 18], []
[2025-01-29 13:11:39,599][__main__][INFO] - [2, 16, 19], []
[2025-01-29 13:11:39,624][__main__][INFO] - [2, 16, 20], []
[2025-01-29 13:11:39,649][__main__][INFO] - [2, 16, 21], []
[2025-01-29 13:11:39,672][__main__][INFO] - [2, 16, 22], []
[2025-01-29 13:11:39,694][__main__][INFO] - [2, 16, 23], []
[2025-01-29 13:11:39,731][__main__][INFO] - [2, 16, 24], []
[2025-01-29 13:11:39,784][__main__][INFO] - [2, 17], [16]
[2025-01-29 13:11:39,817][__main__][INFO] - [2, 18], [16]
[2025-01-29 13:11:39,898][__main__][INFO] - [2, 19], [16]
[2025-01-29 13:11:39,923][__main__][INFO] - [2, 20], [16]
[2025-01-29 13:11:39,948][__main__][INFO] - [2, 21], [16]
[2025-01-29 13:11:39,970][__main__][INFO] - [2, 22], [16]
[2025-01-29 13:11:39,993][__main__][INFO] - [2, 23], [16]
[2025-01-29 13:11:40,029][__main__][INFO] - [2, 24], [16]
[2025-01-29 13:11:40,096][__main__][INFO] - [3, 10, 16], []
[2025-01-29 13:11:40,156][__main__][INFO] - [3, 10], [16]
[2025-01-29 13:11:40,220][__main__][INFO] - [3, 10, 17], []
[2025-01-29 13:11:40,246][__main__][INFO] - [3, 10, 18], []
[2025-01-29 13:11:40,331][__main__][INFO] - [3, 10, 19], []
[2025-01-29 13:11:40,356][__main__][INFO] - [3, 10, 20], []
[2025-01-29 13:11:40,383][__main__][INFO] - [3, 10, 21], []
[2025-01-29 13:11:40,406][__main__][INFO] - [3, 10, 22], []
[2025-01-29 13:11:40,429][__main__][INFO] - [3, 10, 23], []
[2025-01-29 13:11:40,455][__main__][INFO] - [3, 10, 24], []
[2025-01-29 13:11:40,508][__main__][INFO] - [3, 11, 16], []
[2025-01-29 13:11:40,532][__main__][INFO] - [3, 11], [16]
[2025-01-29 13:11:40,571][__main__][INFO] - [3, 11, 18], []
[2025-01-29 13:11:40,597][__main__][INFO] - [3, 11, 19], []
[2025-01-29 13:11:40,665][__main__][INFO] - [3, 11, 23], []
[2025-01-29 13:11:40,732][__main__][INFO] - [3, 12, 16], []
[2025-01-29 13:11:40,766][__main__][INFO] - [3, 12], [16]
[2025-01-29 13:11:40,814][__main__][INFO] - [3, 12, 18], []
[2025-01-29 13:11:40,838][__main__][INFO] - [3, 12, 19], []
[2025-01-29 13:11:40,906][__main__][INFO] - [3, 12, 23], []
[2025-01-29 13:11:40,994][__main__][INFO] - [3, 13, 16], []
[2025-01-29 13:11:41,017][__main__][INFO] - [3, 13], [16]
[2025-01-29 13:11:41,055][__main__][INFO] - [3, 13, 18], []
[2025-01-29 13:11:41,092][__main__][INFO] - [3, 13, 20], []
[2025-01-29 13:11:41,145][__main__][INFO] - [3, 13, 23], []
[2025-01-29 13:11:41,213][__main__][INFO] - [3, 14, 16], []
[2025-01-29 13:11:41,236][__main__][INFO] - [3, 14], [16]
[2025-01-29 13:11:41,273][__main__][INFO] - [3, 14, 18], []
[2025-01-29 13:11:41,295][__main__][INFO] - [3, 14, 19], []
[2025-01-29 13:11:41,348][__main__][INFO] - [3, 14, 22], []
[2025-01-29 13:11:41,371][__main__][INFO] - [3, 14, 23], []
[2025-01-29 13:11:41,438][__main__][INFO] - [3, 15, 16], []
[2025-01-29 13:11:41,473][__main__][INFO] - [3, 15], [16]
[2025-01-29 13:11:41,511][__main__][INFO] - [3, 15, 17], []
[2025-01-29 13:11:41,544][__main__][INFO] - [3, 15, 18], []
[2025-01-29 13:11:41,583][__main__][INFO] - [3, 15, 19], []
[2025-01-29 13:11:41,605][__main__][INFO] - [3, 15, 20], []
[2025-01-29 13:11:41,628][__main__][INFO] - [3, 15, 21], []
[2025-01-29 13:11:41,666][__main__][INFO] - [3, 15, 23], []
[2025-01-29 13:11:41,688][__main__][INFO] - [3, 15, 24], []
[2025-01-29 13:11:41,741][__main__][INFO] - [3, 16, 17], []
[2025-01-29 13:11:41,769][__main__][INFO] - [3, 16, 18], []
[2025-01-29 13:11:41,829][__main__][INFO] - [3, 16, 19], []
[2025-01-29 13:11:41,853][__main__][INFO] - [3, 16, 20], []
[2025-01-29 13:11:41,877][__main__][INFO] - [3, 16, 21], []
[2025-01-29 13:11:41,900][__main__][INFO] - [3, 16, 22], []
[2025-01-29 13:11:41,922][__main__][INFO] - [3, 16, 23], []
[2025-01-29 13:11:41,957][__main__][INFO] - [3, 16, 24], []
[2025-01-29 13:11:42,009][__main__][INFO] - [3, 17], [16]
[2025-01-29 13:11:42,039][__main__][INFO] - [3, 18], [16]
[2025-01-29 13:11:42,104][__main__][INFO] - [3, 19], [16]
[2025-01-29 13:11:42,129][__main__][INFO] - [3, 20], [16]
[2025-01-29 13:11:42,152][__main__][INFO] - [3, 21], [16]
[2025-01-29 13:11:42,175][__main__][INFO] - [3, 22], [16]
[2025-01-29 13:11:42,197][__main__][INFO] - [3, 23], [16]
[2025-01-29 13:11:42,231][__main__][INFO] - [3, 24], [16]
[2025-01-29 13:11:42,298][__main__][INFO] - [4, 10, 16], []
[2025-01-29 13:11:42,369][__main__][INFO] - [4, 10], [16]
[2025-01-29 13:11:42,446][__main__][INFO] - [4, 10, 17], []
[2025-01-29 13:11:42,472][__main__][INFO] - [4, 10, 18], []
[2025-01-29 13:11:42,584][__main__][INFO] - [4, 10, 19], []
[2025-01-29 13:11:42,609][__main__][INFO] - [4, 10, 20], []
[2025-01-29 13:11:42,637][__main__][INFO] - [4, 10, 21], []
[2025-01-29 13:11:42,660][__main__][INFO] - [4, 10, 22], []
[2025-01-29 13:11:42,683][__main__][INFO] - [4, 10, 23], []
[2025-01-29 13:11:42,708][__main__][INFO] - [4, 10, 24], []
[2025-01-29 13:11:42,761][__main__][INFO] - [4, 11, 16], []
[2025-01-29 13:11:42,785][__main__][INFO] - [4, 11], [16]
[2025-01-29 13:11:42,824][__main__][INFO] - [4, 11, 18], []
[2025-01-29 13:11:42,850][__main__][INFO] - [4, 11, 19], []
[2025-01-29 13:11:42,873][__main__][INFO] - [4, 11, 20], []
[2025-01-29 13:11:42,926][__main__][INFO] - [4, 11, 23], []
[2025-01-29 13:11:42,993][__main__][INFO] - [4, 12, 16], []
[2025-01-29 13:11:43,029][__main__][INFO] - [4, 12], [16]
[2025-01-29 13:11:43,079][__main__][INFO] - [4, 12, 18], []
[2025-01-29 13:11:43,103][__main__][INFO] - [4, 12, 19], []
[2025-01-29 13:11:43,171][__main__][INFO] - [4, 12, 23], []
[2025-01-29 13:11:43,263][__main__][INFO] - [4, 13, 16], []
[2025-01-29 13:11:43,285][__main__][INFO] - [4, 13], [16]
[2025-01-29 13:11:43,323][__main__][INFO] - [4, 13, 18], []
[2025-01-29 13:11:43,361][__main__][INFO] - [4, 13, 20], []
[2025-01-29 13:11:43,414][__main__][INFO] - [4, 13, 23], []
[2025-01-29 13:11:43,483][__main__][INFO] - [4, 14, 16], []
[2025-01-29 13:11:43,506][__main__][INFO] - [4, 14], [16]
[2025-01-29 13:11:43,543][__main__][INFO] - [4, 14, 18], []
[2025-01-29 13:11:43,565][__main__][INFO] - [4, 14, 19], []
[2025-01-29 13:11:43,618][__main__][INFO] - [4, 14, 22], []
[2025-01-29 13:11:43,700][__main__][INFO] - [4, 15, 16], []
[2025-01-29 13:11:43,738][__main__][INFO] - [4, 15], [16]
[2025-01-29 13:11:43,780][__main__][INFO] - [4, 15, 17], []
[2025-01-29 13:11:43,816][__main__][INFO] - [4, 15, 18], []
[2025-01-29 13:11:43,857][__main__][INFO] - [4, 15, 19], []
[2025-01-29 13:11:43,880][__main__][INFO] - [4, 15, 20], []
[2025-01-29 13:11:43,903][__main__][INFO] - [4, 15, 21], []
[2025-01-29 13:11:43,940][__main__][INFO] - [4, 15, 23], []
[2025-01-29 13:11:43,963][__main__][INFO] - [4, 15, 24], []
[2025-01-29 13:11:44,016][__main__][INFO] - [4, 16, 17], []
[2025-01-29 13:11:44,045][__main__][INFO] - [4, 16, 18], []
[2025-01-29 13:11:44,117][__main__][INFO] - [4, 16, 19], []
[2025-01-29 13:11:44,141][__main__][INFO] - [4, 16, 20], []
[2025-01-29 13:11:44,166][__main__][INFO] - [4, 16, 21], []
[2025-01-29 13:11:44,189][__main__][INFO] - [4, 16, 22], []
[2025-01-29 13:11:44,212][__main__][INFO] - [4, 16, 23], []
[2025-01-29 13:11:44,248][__main__][INFO] - [4, 16, 24], []
[2025-01-29 13:11:44,301][__main__][INFO] - [4, 17], [16]
[2025-01-29 13:11:44,332][__main__][INFO] - [4, 18], [16]
[2025-01-29 13:11:44,414][__main__][INFO] - [4, 19], [16]
[2025-01-29 13:11:44,438][__main__][INFO] - [4, 20], [16]
[2025-01-29 13:11:44,463][__main__][INFO] - [4, 21], [16]
[2025-01-29 13:11:44,485][__main__][INFO] - [4, 22], [16]
[2025-01-29 13:11:44,508][__main__][INFO] - [4, 23], [16]
[2025-01-29 13:11:44,543][__main__][INFO] - [4, 24], [16]
[2025-01-29 13:11:44,610][__main__][INFO] - [5, 10, 16], []
[2025-01-29 13:11:44,680][__main__][INFO] - [5, 10], [16]
[2025-01-29 13:11:44,755][__main__][INFO] - [5, 10, 17], []
[2025-01-29 13:11:44,780][__main__][INFO] - [5, 10, 18], []
[2025-01-29 13:11:44,892][__main__][INFO] - [5, 10, 19], []
[2025-01-29 13:11:44,917][__main__][INFO] - [5, 10, 20], []
[2025-01-29 13:11:44,944][__main__][INFO] - [5, 10, 21], []
[2025-01-29 13:11:44,967][__main__][INFO] - [5, 10, 22], []
[2025-01-29 13:11:44,990][__main__][INFO] - [5, 10, 23], []
[2025-01-29 13:11:45,014][__main__][INFO] - [5, 10, 24], []
[2025-01-29 13:11:45,067][__main__][INFO] - [5, 11, 16], []
[2025-01-29 13:11:45,091][__main__][INFO] - [5, 11], [16]
[2025-01-29 13:11:45,131][__main__][INFO] - [5, 11, 18], []
[2025-01-29 13:11:45,157][__main__][INFO] - [5, 11, 19], []
[2025-01-29 13:11:45,284][__main__][INFO] - [5, 12, 16], []
[2025-01-29 13:11:45,318][__main__][INFO] - [5, 12], [16]
[2025-01-29 13:11:45,366][__main__][INFO] - [5, 12, 18], []
[2025-01-29 13:11:45,390][__main__][INFO] - [5, 12, 19], []
[2025-01-29 13:11:45,458][__main__][INFO] - [5, 12, 23], []
[2025-01-29 13:11:45,545][__main__][INFO] - [5, 13, 16], []
[2025-01-29 13:11:45,568][__main__][INFO] - [5, 13], [16]
[2025-01-29 13:11:45,605][__main__][INFO] - [5, 13, 18], []
[2025-01-29 13:11:45,643][__main__][INFO] - [5, 13, 20], []
[2025-01-29 13:11:45,696][__main__][INFO] - [5, 13, 23], []
[2025-01-29 13:11:45,764][__main__][INFO] - [5, 14, 16], []
[2025-01-29 13:11:45,786][__main__][INFO] - [5, 14], [16]
[2025-01-29 13:11:45,824][__main__][INFO] - [5, 14, 18], []
[2025-01-29 13:11:45,846][__main__][INFO] - [5, 14, 19], []
[2025-01-29 13:11:45,899][__main__][INFO] - [5, 14, 22], []
[2025-01-29 13:11:45,921][__main__][INFO] - [5, 14, 23], []
[2025-01-29 13:11:45,989][__main__][INFO] - [5, 15, 16], []
[2025-01-29 13:11:46,021][__main__][INFO] - [5, 15], [16]
[2025-01-29 13:11:46,056][__main__][INFO] - [5, 15, 17], []
[2025-01-29 13:11:46,085][__main__][INFO] - [5, 15, 18], []
[2025-01-29 13:11:46,121][__main__][INFO] - [5, 15, 19], []
[2025-01-29 13:11:46,143][__main__][INFO] - [5, 15, 20], []
[2025-01-29 13:11:46,166][__main__][INFO] - [5, 15, 21], []
[2025-01-29 13:11:46,203][__main__][INFO] - [5, 15, 23], []
[2025-01-29 13:11:46,226][__main__][INFO] - [5, 15, 24], []
[2025-01-29 13:11:46,279][__main__][INFO] - [5, 16, 17], []
[2025-01-29 13:11:46,305][__main__][INFO] - [5, 16, 18], []
[2025-01-29 13:11:46,375][__main__][INFO] - [5, 16, 19], []
[2025-01-29 13:11:46,399][__main__][INFO] - [5, 16, 20], []
[2025-01-29 13:11:46,423][__main__][INFO] - [5, 16, 21], []
[2025-01-29 13:11:46,446][__main__][INFO] - [5, 16, 22], []
[2025-01-29 13:11:46,468][__main__][INFO] - [5, 16, 23], []
[2025-01-29 13:11:46,502][__main__][INFO] - [5, 16, 24], []
[2025-01-29 13:11:46,554][__main__][INFO] - [5, 17], [16]
[2025-01-29 13:11:46,581][__main__][INFO] - [5, 18], [16]
[2025-01-29 13:11:46,659][__main__][INFO] - [5, 19], [16]
[2025-01-29 13:11:46,683][__main__][INFO] - [5, 20], [16]
[2025-01-29 13:11:46,707][__main__][INFO] - [5, 21], [16]
[2025-01-29 13:11:46,730][__main__][INFO] - [5, 22], [16]
[2025-01-29 13:11:46,753][__main__][INFO] - [5, 23], [16]
[2025-01-29 13:11:46,785][__main__][INFO] - [5, 24], [16]
[2025-01-29 13:11:46,852][__main__][INFO] - [6, 10, 16], []
[2025-01-29 13:11:46,894][__main__][INFO] - [6, 10], [16]
[2025-01-29 13:11:46,938][__main__][INFO] - [6, 10, 17], []
[2025-01-29 13:11:46,961][__main__][INFO] - [6, 10, 18], []
[2025-01-29 13:11:47,021][__main__][INFO] - [6, 10, 19], []
[2025-01-29 13:11:47,044][__main__][INFO] - [6, 10, 20], []
[2025-01-29 13:11:47,069][__main__][INFO] - [6, 10, 21], []
[2025-01-29 13:11:47,091][__main__][INFO] - [6, 10, 22], []
[2025-01-29 13:11:47,114][__main__][INFO] - [6, 10, 23], []
[2025-01-29 13:11:47,182][__main__][INFO] - [6, 11, 16], []
[2025-01-29 13:11:47,205][__main__][INFO] - [6, 11], [16]
[2025-01-29 13:11:47,243][__main__][INFO] - [6, 11, 18], []
[2025-01-29 13:11:47,387][__main__][INFO] - [6, 12, 16], []
[2025-01-29 13:11:47,413][__main__][INFO] - [6, 12], [16]
[2025-01-29 13:11:47,454][__main__][INFO] - [6, 12, 18], []
[2025-01-29 13:11:47,477][__main__][INFO] - [6, 12, 19], []
[2025-01-29 13:11:47,545][__main__][INFO] - [6, 12, 23], []
[2025-01-29 13:11:47,619][__main__][INFO] - [6, 13, 16], []
[2025-01-29 13:11:47,641][__main__][INFO] - [6, 13], [16]
[2025-01-29 13:11:47,679][__main__][INFO] - [6, 13, 18], []
[2025-01-29 13:11:47,716][__main__][INFO] - [6, 13, 20], []
[2025-01-29 13:11:47,844][__main__][INFO] - [6, 14], [16]
[2025-01-29 13:11:48,016][__main__][INFO] - [6, 15, 16], []
[2025-01-29 13:11:48,041][__main__][INFO] - [6, 15], [16]
[2025-01-29 13:11:48,067][__main__][INFO] - [6, 15, 17], []
[2025-01-29 13:11:48,091][__main__][INFO] - [6, 15, 18], []
[2025-01-29 13:11:48,116][__main__][INFO] - [6, 15, 19], []
[2025-01-29 13:11:48,139][__main__][INFO] - [6, 15, 20], []
[2025-01-29 13:11:48,192][__main__][INFO] - [6, 15, 23], []
[2025-01-29 13:11:48,259][__main__][INFO] - [6, 16, 17], []
[2025-01-29 13:11:48,282][__main__][INFO] - [6, 16, 18], []
[2025-01-29 13:11:48,323][__main__][INFO] - [6, 16, 19], []
[2025-01-29 13:11:48,346][__main__][INFO] - [6, 16, 20], []
[2025-01-29 13:11:48,369][__main__][INFO] - [6, 16, 21], []
[2025-01-29 13:11:48,391][__main__][INFO] - [6, 16, 22], []
[2025-01-29 13:11:48,414][__main__][INFO] - [6, 16, 23], []
[2025-01-29 13:11:48,485][__main__][INFO] - [6, 17], [16]
[2025-01-29 13:11:48,508][__main__][INFO] - [6, 18], [16]
[2025-01-29 13:11:48,553][__main__][INFO] - [6, 19], [16]
[2025-01-29 13:11:48,576][__main__][INFO] - [6, 20], [16]
[2025-01-29 13:11:48,599][__main__][INFO] - [6, 21], [16]
[2025-01-29 13:11:48,621][__main__][INFO] - [6, 22], [16]
[2025-01-29 13:11:48,643][__main__][INFO] - [6, 23], [16]
[2025-01-29 13:11:48,729][__main__][INFO] - [7, 10, 16], []
[2025-01-29 13:11:48,757][__main__][INFO] - [7, 10], [16]
[2025-01-29 13:11:48,787][__main__][INFO] - [7, 10, 17], []
[2025-01-29 13:11:48,810][__main__][INFO] - [7, 10, 18], []
[2025-01-29 13:11:48,845][__main__][INFO] - [7, 10, 19], []
[2025-01-29 13:11:48,867][__main__][INFO] - [7, 10, 20], []
[2025-01-29 13:11:48,890][__main__][INFO] - [7, 10, 21], []
[2025-01-29 13:11:48,928][__main__][INFO] - [7, 10, 23], []
[2025-01-29 13:11:48,995][__main__][INFO] - [7, 11, 16], []
[2025-01-29 13:11:49,018][__main__][INFO] - [7, 11], [16]
[2025-01-29 13:11:49,056][__main__][INFO] - [7, 11, 18], []
[2025-01-29 13:11:49,198][__main__][INFO] - [7, 12, 16], []
[2025-01-29 13:11:49,221][__main__][INFO] - [7, 12], [16]
[2025-01-29 13:11:49,259][__main__][INFO] - [7, 12, 18], []
[2025-01-29 13:11:49,282][__main__][INFO] - [7, 12, 19], []
[2025-01-29 13:11:49,349][__main__][INFO] - [7, 12, 23], []
[2025-01-29 13:11:49,433][__main__][INFO] - [7, 13], [16]
[2025-01-29 13:11:49,470][__main__][INFO] - [7, 13, 18], []
[2025-01-29 13:11:49,792][__main__][INFO] - [7, 15, 16], []
[2025-01-29 13:11:49,815][__main__][INFO] - [7, 15], [16]
[2025-01-29 13:11:49,838][__main__][INFO] - [7, 15, 17], []
[2025-01-29 13:11:49,860][__main__][INFO] - [7, 15, 18], []
[2025-01-29 13:11:49,883][__main__][INFO] - [7, 15, 19], []
[2025-01-29 13:11:50,010][__main__][INFO] - [7, 16, 17], []
[2025-01-29 13:11:50,032][__main__][INFO] - [7, 16, 18], []
[2025-01-29 13:11:50,060][__main__][INFO] - [7, 16, 19], []
[2025-01-29 13:11:50,082][__main__][INFO] - [7, 16, 20], []
[2025-01-29 13:11:50,104][__main__][INFO] - [7, 16, 21], []
[2025-01-29 13:11:50,142][__main__][INFO] - [7, 16, 23], []
[2025-01-29 13:11:50,210][__main__][INFO] - [7, 17], [16]
[2025-01-29 13:11:50,232][__main__][INFO] - [7, 18], [16]
[2025-01-29 13:11:50,262][__main__][INFO] - [7, 19], [16]
[2025-01-29 13:11:50,284][__main__][INFO] - [7, 20], [16]
[2025-01-29 13:11:50,307][__main__][INFO] - [7, 21], [16]
[2025-01-29 13:11:50,344][__main__][INFO] - [7, 23], [16]
[2025-01-29 13:11:50,426][__main__][INFO] - [8, 10, 16], []
[2025-01-29 13:11:50,450][__main__][INFO] - [8, 10], [16]
[2025-01-29 13:11:50,489][__main__][INFO] - [8, 10, 18], []
[2025-01-29 13:11:50,514][__main__][INFO] - [8, 10, 19], []
[2025-01-29 13:11:50,536][__main__][INFO] - [8, 10, 20], []
[2025-01-29 13:11:50,589][__main__][INFO] - [8, 10, 23], []
[2025-01-29 13:11:50,663][__main__][INFO] - [8, 11, 16], []
[2025-01-29 13:11:50,686][__main__][INFO] - [8, 11], [16]
[2025-01-29 13:11:50,724][__main__][INFO] - [8, 11, 18], []
[2025-01-29 13:11:50,866][__main__][INFO] - [8, 12, 16], []
[2025-01-29 13:11:50,889][__main__][INFO] - [8, 12], [16]
[2025-01-29 13:11:50,926][__main__][INFO] - [8, 12, 18], []
[2025-01-29 13:11:51,009][__main__][INFO] - [8, 12, 23], []
[2025-01-29 13:11:51,106][__main__][INFO] - [8, 15, 16], []
[2025-01-29 13:11:51,128][__main__][INFO] - [8, 15], [16]
[2025-01-29 13:11:51,165][__main__][INFO] - [8, 15, 18], []
[2025-01-29 13:11:51,323][__main__][INFO] - [8, 16, 18], []
[2025-01-29 13:11:51,346][__main__][INFO] - [8, 16, 19], []
[2025-01-29 13:11:51,368][__main__][INFO] - [8, 16, 20], []
[2025-01-29 13:11:51,420][__main__][INFO] - [8, 16, 23], []
[2025-01-29 13:11:51,488][__main__][INFO] - [8, 17], [16]
[2025-01-29 13:11:51,510][__main__][INFO] - [8, 18], [16]
[2025-01-29 13:11:51,533][__main__][INFO] - [8, 19], [16]
[2025-01-29 13:11:51,555][__main__][INFO] - [8, 20], [16]
[2025-01-29 13:11:51,608][__main__][INFO] - [8, 23], [16]
[2025-01-29 13:11:51,689][__main__][INFO] - [9, 10, 16], []
[2025-01-29 13:11:51,712][__main__][INFO] - [9, 10], [16]
[2025-01-29 13:11:51,750][__main__][INFO] - [9, 10, 18], []
[2025-01-29 13:11:52,147][__main__][INFO] - [9, 16, 18], []
[2025-01-29 13:11:52,304][__main__][INFO] - [9, 18], [16]
[2025-01-29 13:11:52,460][__main__][INFO] - [10, 16, 17], []
[2025-01-29 13:11:52,506][__main__][INFO] - [10, 16, 18], []
[2025-01-29 13:11:52,792][__main__][INFO] - [10, 16, 19], []
[2025-01-29 13:11:52,828][__main__][INFO] - [10, 16, 20], []
[2025-01-29 13:11:52,865][__main__][INFO] - [10, 16, 21], []
[2025-01-29 13:11:52,889][__main__][INFO] - [10, 16, 22], []
[2025-01-29 13:11:52,912][__main__][INFO] - [10, 16, 23], []
[2025-01-29 13:11:52,953][__main__][INFO] - [10, 16, 24], []
[2025-01-29 13:11:53,005][__main__][INFO] - [10, 17], [16]
[2025-01-29 13:11:53,053][__main__][INFO] - [10, 18], [16]
[2025-01-29 13:11:53,370][__main__][INFO] - [10, 19], [16]
[2025-01-29 13:11:53,406][__main__][INFO] - [10, 20], [16]
[2025-01-29 13:11:53,442][__main__][INFO] - [10, 21], [16]
[2025-01-29 13:11:53,466][__main__][INFO] - [10, 22], [16]
[2025-01-29 13:11:53,489][__main__][INFO] - [10, 23], [16]
[2025-01-29 13:11:53,530][__main__][INFO] - [10, 24], [16]
[2025-01-29 13:11:53,598][__main__][INFO] - [11, 16, 17], []
[2025-01-29 13:11:53,620][__main__][INFO] - [11, 16, 18], []
[2025-01-29 13:11:53,649][__main__][INFO] - [11, 16, 19], []
[2025-01-29 13:11:53,671][__main__][INFO] - [11, 16, 20], []
[2025-01-29 13:11:53,724][__main__][INFO] - [11, 16, 23], []
[2025-01-29 13:11:53,791][__main__][INFO] - [11, 17], [16]
[2025-01-29 13:11:53,813][__main__][INFO] - [11, 18], [16]
[2025-01-29 13:11:53,845][__main__][INFO] - [11, 19], [16]
[2025-01-29 13:11:53,867][__main__][INFO] - [11, 20], [16]
[2025-01-29 13:11:53,919][__main__][INFO] - [11, 23], [16]
[2025-01-29 13:11:54,001][__main__][INFO] - [12, 16, 17], []
[2025-01-29 13:11:54,023][__main__][INFO] - [12, 16, 18], []
[2025-01-29 13:11:54,048][__main__][INFO] - [12, 16, 19], []
[2025-01-29 13:11:54,116][__main__][INFO] - [12, 16, 23], []
[2025-01-29 13:11:54,238][__main__][INFO] - [12, 17], [16]
[2025-01-29 13:11:54,261][__main__][INFO] - [12, 18], [16]
[2025-01-29 13:11:54,288][__main__][INFO] - [12, 19], [16]
[2025-01-29 13:11:54,357][__main__][INFO] - [12, 23], [16]
[2025-01-29 13:11:54,507][__main__][INFO] - [13, 16, 18], []
[2025-01-29 13:11:54,530][__main__][INFO] - [13, 16, 19], []
[2025-01-29 13:11:54,552][__main__][INFO] - [13, 16, 20], []
[2025-01-29 13:11:54,605][__main__][INFO] - [13, 16, 23], []
[2025-01-29 13:11:54,688][__main__][INFO] - [13, 18], [16]
[2025-01-29 13:11:54,710][__main__][INFO] - [13, 19], [16]
[2025-01-29 13:11:54,732][__main__][INFO] - [13, 20], [16]
[2025-01-29 13:11:54,785][__main__][INFO] - [13, 23], [16]
[2025-01-29 13:11:54,882][__main__][INFO] - [14, 16, 18], []
[2025-01-29 13:11:54,904][__main__][INFO] - [14, 16, 19], []
[2025-01-29 13:11:54,955][__main__][INFO] - [14, 16, 22], []
[2025-01-29 13:11:54,978][__main__][INFO] - [14, 16, 23], []
[2025-01-29 13:11:55,060][__main__][INFO] - [14, 18], [16]
[2025-01-29 13:11:55,082][__main__][INFO] - [14, 19], [16]
[2025-01-29 13:11:55,134][__main__][INFO] - [14, 22], [16]
[2025-01-29 13:11:55,156][__main__][INFO] - [14, 23], [16]
[2025-01-29 13:11:55,237][__main__][INFO] - [15, 16, 17], []
[2025-01-29 13:11:55,279][__main__][INFO] - [15, 16, 18], []
[2025-01-29 13:11:55,334][__main__][INFO] - [15, 16, 19], []
[2025-01-29 13:11:55,357][__main__][INFO] - [15, 16, 20], []
[2025-01-29 13:11:55,379][__main__][INFO] - [15, 16, 21], []
[2025-01-29 13:11:55,416][__main__][INFO] - [15, 16, 23], []
[2025-01-29 13:11:55,438][__main__][INFO] - [15, 16, 24], []
[2025-01-29 13:11:55,491][__main__][INFO] - [15, 17], [16]
[2025-01-29 13:11:55,544][__main__][INFO] - [15, 18], [16]
[2025-01-29 13:11:55,611][__main__][INFO] - [15, 19], [16]
[2025-01-29 13:11:55,634][__main__][INFO] - [15, 20], [16]
[2025-01-29 13:11:55,656][__main__][INFO] - [15, 21], [16]
[2025-01-29 13:11:55,693][__main__][INFO] - [15, 23], [16]
[2025-01-29 13:11:55,716][__main__][INFO] - [15, 24], [16]
[2025-01-29 23:41:15,469][__main__][INFO] - In total, there are 1229 possible subgroups
[2025-01-29 23:41:15,498][__main__][INFO] - [0], []
[2025-01-29 23:41:15,676][__main__][INFO] - [1], []
[2025-01-29 23:41:15,902][__main__][INFO] - [2], []
[2025-01-29 23:41:16,117][__main__][INFO] - [3], []
[2025-01-29 23:41:16,289][__main__][INFO] - [4], []
[2025-01-29 23:41:16,501][__main__][INFO] - [5], []
[2025-01-29 23:41:16,681][__main__][INFO] - [6], []
[2025-01-29 23:41:16,762][__main__][INFO] - [7], []
[2025-01-29 23:41:16,799][__main__][INFO] - [8], []
[2025-01-29 23:41:16,821][__main__][INFO] - [9], []
[2025-01-29 23:41:16,839][__main__][INFO] - [10], []
[2025-01-29 23:41:17,682][__main__][INFO] - [11], []
[2025-01-29 23:41:17,724][__main__][INFO] - [12], []
[2025-01-29 23:41:17,878][__main__][INFO] - [13], []
[2025-01-29 23:41:17,902][__main__][INFO] - [14], []
[2025-01-29 23:41:17,924][__main__][INFO] - [15], []
[2025-01-29 23:41:18,105][__main__][INFO] - [16], []
[2025-01-29 23:41:18,672][__main__][INFO] - [], [16]
[2025-01-29 23:41:19,305][__main__][INFO] - [17], []
[2025-01-29 23:41:19,436][__main__][INFO] - [18], []
[2025-01-29 23:41:20,180][__main__][INFO] - [19], []
[2025-01-29 23:41:20,236][__main__][INFO] - [20], []
[2025-01-29 23:41:20,292][__main__][INFO] - [21], []
[2025-01-29 23:41:20,314][__main__][INFO] - [22], []
[2025-01-29 23:41:20,336][__main__][INFO] - [23], []
[2025-01-29 23:41:20,520][__main__][INFO] - [24], []
[2025-01-29 23:41:20,539][__main__][INFO] - [25], []
[2025-01-29 23:41:20,586][__main__][INFO] - [0, 10], []
[2025-01-29 23:41:20,741][__main__][INFO] - [0, 11], []
[2025-01-29 23:41:20,762][__main__][INFO] - [0, 12], []
[2025-01-29 23:41:20,788][__main__][INFO] - [0, 13], []
[2025-01-29 23:41:20,812][__main__][INFO] - [0, 14], []
[2025-01-29 23:41:20,832][__main__][INFO] - [0, 15], []
[2025-01-29 23:41:20,859][__main__][INFO] - [0, 16], []
[2025-01-29 23:41:20,950][__main__][INFO] - [0], [16]
[2025-01-29 23:41:21,045][__main__][INFO] - [0, 17], []
[2025-01-29 23:41:21,083][__main__][INFO] - [0, 18], []
[2025-01-29 23:41:21,191][__main__][INFO] - [0, 19], []
[2025-01-29 23:41:21,219][__main__][INFO] - [0, 20], []
[2025-01-29 23:41:21,244][__main__][INFO] - [0, 21], []
[2025-01-29 23:41:21,265][__main__][INFO] - [0, 22], []
[2025-01-29 23:41:21,285][__main__][INFO] - [0, 23], []
[2025-01-29 23:41:21,320][__main__][INFO] - [0, 24], []
[2025-01-29 23:41:21,368][__main__][INFO] - [1, 10], []
[2025-01-29 23:41:21,547][__main__][INFO] - [1, 11], []
[2025-01-29 23:41:21,571][__main__][INFO] - [1, 12], []
[2025-01-29 23:41:21,606][__main__][INFO] - [1, 13], []
[2025-01-29 23:41:21,626][__main__][INFO] - [1, 14], []
[2025-01-29 23:41:21,646][__main__][INFO] - [1, 15], []
[2025-01-29 23:41:21,685][__main__][INFO] - [1, 16], []
[2025-01-29 23:41:21,795][__main__][INFO] - [1], [16]
[2025-01-29 23:41:21,917][__main__][INFO] - [1, 17], []
[2025-01-29 23:41:21,961][__main__][INFO] - [1, 18], []
[2025-01-29 23:41:22,095][__main__][INFO] - [1, 19], []
[2025-01-29 23:41:22,123][__main__][INFO] - [1, 20], []
[2025-01-29 23:41:22,150][__main__][INFO] - [1, 21], []
[2025-01-29 23:41:22,170][__main__][INFO] - [1, 22], []
[2025-01-29 23:41:22,191][__main__][INFO] - [1, 23], []
[2025-01-29 23:41:22,237][__main__][INFO] - [1, 24], []
[2025-01-29 23:41:22,286][__main__][INFO] - [2, 10], []
[2025-01-29 23:41:22,429][__main__][INFO] - [2, 11], []
[2025-01-29 23:41:22,453][__main__][INFO] - [2, 12], []
[2025-01-29 23:41:22,495][__main__][INFO] - [2, 13], []
[2025-01-29 23:41:22,516][__main__][INFO] - [2, 14], []
[2025-01-29 23:41:22,536][__main__][INFO] - [2, 15], []
[2025-01-29 23:41:22,584][__main__][INFO] - [2, 16], []
[2025-01-29 23:41:22,685][__main__][INFO] - [2], [16]
[2025-01-29 23:41:22,807][__main__][INFO] - [2, 17], []
[2025-01-29 23:41:22,846][__main__][INFO] - [2, 18], []
[2025-01-29 23:41:22,975][__main__][INFO] - [2, 19], []
[2025-01-29 23:41:23,001][__main__][INFO] - [2, 20], []
[2025-01-29 23:41:23,026][__main__][INFO] - [2, 21], []
[2025-01-29 23:41:23,047][__main__][INFO] - [2, 22], []
[2025-01-29 23:41:23,067][__main__][INFO] - [2, 23], []
[2025-01-29 23:41:23,116][__main__][INFO] - [2, 24], []
[2025-01-29 23:41:23,166][__main__][INFO] - [3, 10], []
[2025-01-29 23:41:23,270][__main__][INFO] - [3, 11], []
[2025-01-29 23:41:23,293][__main__][INFO] - [3, 12], []
[2025-01-29 23:41:23,336][__main__][INFO] - [3, 13], []
[2025-01-29 23:41:23,357][__main__][INFO] - [3, 14], []
[2025-01-29 23:41:23,377][__main__][INFO] - [3, 15], []
[2025-01-29 23:41:23,426][__main__][INFO] - [3, 16], []
[2025-01-29 23:41:23,513][__main__][INFO] - [3], [16]
[2025-01-29 23:41:23,608][__main__][INFO] - [3, 17], []
[2025-01-29 23:41:23,643][__main__][INFO] - [3, 18], []
[2025-01-29 23:41:23,747][__main__][INFO] - [3, 19], []
[2025-01-29 23:41:23,771][__main__][INFO] - [3, 20], []
[2025-01-29 23:41:23,796][__main__][INFO] - [3, 21], []
[2025-01-29 23:41:23,816][__main__][INFO] - [3, 22], []
[2025-01-29 23:41:23,836][__main__][INFO] - [3, 23], []
[2025-01-29 23:41:23,880][__main__][INFO] - [3, 24], []
[2025-01-29 23:41:23,929][__main__][INFO] - [4, 10], []
[2025-01-29 23:41:24,055][__main__][INFO] - [4, 11], []
[2025-01-29 23:41:24,079][__main__][INFO] - [4, 12], []
[2025-01-29 23:41:24,126][__main__][INFO] - [4, 13], []
[2025-01-29 23:41:24,147][__main__][INFO] - [4, 14], []
[2025-01-29 23:41:24,167][__main__][INFO] - [4, 15], []
[2025-01-29 23:41:24,224][__main__][INFO] - [4, 16], []
[2025-01-29 23:41:24,327][__main__][INFO] - [4], [16]
[2025-01-29 23:41:24,441][__main__][INFO] - [4, 17], []
[2025-01-29 23:41:24,479][__main__][INFO] - [4, 18], []
[2025-01-29 23:41:24,614][__main__][INFO] - [4, 19], []
[2025-01-29 23:41:24,638][__main__][INFO] - [4, 20], []
[2025-01-29 23:41:24,663][__main__][INFO] - [4, 21], []
[2025-01-29 23:41:24,684][__main__][INFO] - [4, 22], []
[2025-01-29 23:41:24,704][__main__][INFO] - [4, 23], []
[2025-01-29 23:41:24,752][__main__][INFO] - [4, 24], []
[2025-01-29 23:41:24,801][__main__][INFO] - [5, 10], []
[2025-01-29 23:41:24,922][__main__][INFO] - [5, 11], []
[2025-01-29 23:41:24,946][__main__][INFO] - [5, 12], []
[2025-01-29 23:41:24,988][__main__][INFO] - [5, 13], []
[2025-01-29 23:41:25,009][__main__][INFO] - [5, 14], []
[2025-01-29 23:41:25,029][__main__][INFO] - [5, 15], []
[2025-01-29 23:41:25,072][__main__][INFO] - [5, 16], []
[2025-01-29 23:41:25,164][__main__][INFO] - [5], [16]
[2025-01-29 23:41:25,266][__main__][INFO] - [5, 17], []
[2025-01-29 23:41:25,295][__main__][INFO] - [5, 18], []
[2025-01-29 23:41:25,423][__main__][INFO] - [5, 19], []
[2025-01-29 23:41:25,445][__main__][INFO] - [5, 20], []
[2025-01-29 23:41:25,471][__main__][INFO] - [5, 21], []
[2025-01-29 23:41:25,491][__main__][INFO] - [5, 22], []
[2025-01-29 23:41:25,511][__main__][INFO] - [5, 23], []
[2025-01-29 23:41:25,553][__main__][INFO] - [5, 24], []
[2025-01-29 23:41:25,602][__main__][INFO] - [6, 10], []
[2025-01-29 23:41:25,663][__main__][INFO] - [6, 11], []
[2025-01-29 23:41:25,685][__main__][INFO] - [6, 12], []
[2025-01-29 23:41:25,712][__main__][INFO] - [6, 13], []
[2025-01-29 23:41:25,732][__main__][INFO] - [6, 14], []
[2025-01-29 23:41:25,752][__main__][INFO] - [6, 15], []
[2025-01-29 23:41:25,778][__main__][INFO] - [6, 16], []
[2025-01-29 23:41:25,825][__main__][INFO] - [6], [16]
[2025-01-29 23:41:25,877][__main__][INFO] - [6, 17], []
[2025-01-29 23:41:25,899][__main__][INFO] - [6, 18], []
[2025-01-29 23:41:25,963][__main__][INFO] - [6, 19], []
[2025-01-29 23:41:25,984][__main__][INFO] - [6, 20], []
[2025-01-29 23:41:26,005][__main__][INFO] - [6, 21], []
[2025-01-29 23:41:26,026][__main__][INFO] - [6, 22], []
[2025-01-29 23:41:26,046][__main__][INFO] - [6, 23], []
[2025-01-29 23:41:26,073][__main__][INFO] - [6, 24], []
[2025-01-29 23:41:26,122][__main__][INFO] - [7, 10], []
[2025-01-29 23:41:26,155][__main__][INFO] - [7, 11], []
[2025-01-29 23:41:26,175][__main__][INFO] - [7, 12], []
[2025-01-29 23:41:26,197][__main__][INFO] - [7, 13], []
[2025-01-29 23:41:26,219][__main__][INFO] - [7, 14], []
[2025-01-29 23:41:26,239][__main__][INFO] - [7, 15], []
[2025-01-29 23:41:26,260][__main__][INFO] - [7, 16], []
[2025-01-29 23:41:26,288][__main__][INFO] - [7], [16]
[2025-01-29 23:41:26,318][__main__][INFO] - [7, 17], []
[2025-01-29 23:41:26,338][__main__][INFO] - [7, 18], []
[2025-01-29 23:41:26,372][__main__][INFO] - [7, 19], []
[2025-01-29 23:41:26,393][__main__][INFO] - [7, 20], []
[2025-01-29 23:41:26,413][__main__][INFO] - [7, 21], []
[2025-01-29 23:41:26,447][__main__][INFO] - [7, 23], []
[2025-01-29 23:41:26,512][__main__][INFO] - [8, 10], []
[2025-01-29 23:41:26,535][__main__][INFO] - [8, 11], []
[2025-01-29 23:41:26,554][__main__][INFO] - [8, 12], []
[2025-01-29 23:41:26,603][__main__][INFO] - [8, 15], []
[2025-01-29 23:41:26,623][__main__][INFO] - [8, 16], []
[2025-01-29 23:41:26,644][__main__][INFO] - [8], [16]
[2025-01-29 23:41:26,666][__main__][INFO] - [8, 17], []
[2025-01-29 23:41:26,686][__main__][INFO] - [8, 18], []
[2025-01-29 23:41:26,709][__main__][INFO] - [8, 19], []
[2025-01-29 23:41:26,729][__main__][INFO] - [8, 20], []
[2025-01-29 23:41:26,778][__main__][INFO] - [8, 23], []
[2025-01-29 23:41:26,841][__main__][INFO] - [9, 10], []
[2025-01-29 23:41:26,876][__main__][INFO] - [9, 12], []
[2025-01-29 23:41:26,939][__main__][INFO] - [9, 16], []
[2025-01-29 23:41:26,959][__main__][INFO] - [9], [16]
[2025-01-29 23:41:26,994][__main__][INFO] - [9, 18], []
[2025-01-29 23:41:27,073][__main__][INFO] - [9, 23], []
[2025-01-29 23:41:27,136][__main__][INFO] - [10, 16], []
[2025-01-29 23:41:27,527][__main__][INFO] - [10], [16]
[2025-01-29 23:41:27,951][__main__][INFO] - [10, 17], []
[2025-01-29 23:41:28,024][__main__][INFO] - [10, 18], []
[2025-01-29 23:41:28,613][__main__][INFO] - [10, 19], []
[2025-01-29 23:41:28,662][__main__][INFO] - [10, 20], []
[2025-01-29 23:41:28,713][__main__][INFO] - [10, 21], []
[2025-01-29 23:41:28,737][__main__][INFO] - [10, 22], []
[2025-01-29 23:41:28,759][__main__][INFO] - [10, 23], []
[2025-01-29 23:41:28,818][__main__][INFO] - [10, 24], []
[2025-01-29 23:41:28,840][__main__][INFO] - [10, 25], []
[2025-01-29 23:41:28,874][__main__][INFO] - [11, 16], []
[2025-01-29 23:41:28,903][__main__][INFO] - [11], [16]
[2025-01-29 23:41:28,934][__main__][INFO] - [11, 17], []
[2025-01-29 23:41:28,954][__main__][INFO] - [11, 18], []
[2025-01-29 23:41:28,993][__main__][INFO] - [11, 19], []
[2025-01-29 23:41:29,014][__main__][INFO] - [11, 20], []
[2025-01-29 23:41:29,063][__main__][INFO] - [11, 23], []
[2025-01-29 23:41:29,127][__main__][INFO] - [12, 16], []
[2025-01-29 23:41:29,208][__main__][INFO] - [12], [16]
[2025-01-29 23:41:29,290][__main__][INFO] - [12, 17], []
[2025-01-29 23:41:29,311][__main__][INFO] - [12, 18], []
[2025-01-29 23:41:29,340][__main__][INFO] - [12, 19], []
[2025-01-29 23:41:29,362][__main__][INFO] - [12, 20], []
[2025-01-29 23:41:29,414][__main__][INFO] - [12, 23], []
[2025-01-29 23:41:29,591][__main__][INFO] - [13, 16], []
[2025-01-29 23:41:29,614][__main__][INFO] - [13], [16]
[2025-01-29 23:41:29,637][__main__][INFO] - [13, 17], []
[2025-01-29 23:41:29,657][__main__][INFO] - [13, 18], []
[2025-01-29 23:41:29,678][__main__][INFO] - [13, 19], []
[2025-01-29 23:41:29,698][__main__][INFO] - [13, 20], []
[2025-01-29 23:41:29,749][__main__][INFO] - [13, 23], []
[2025-01-29 23:41:29,813][__main__][INFO] - [14, 16], []
[2025-01-29 23:41:29,834][__main__][INFO] - [14], [16]
[2025-01-29 23:41:29,870][__main__][INFO] - [14, 18], []
[2025-01-29 23:41:29,891][__main__][INFO] - [14, 19], []
[2025-01-29 23:41:29,940][__main__][INFO] - [14, 22], []
[2025-01-29 23:41:29,960][__main__][INFO] - [14, 23], []
[2025-01-29 23:41:30,024][__main__][INFO] - [15, 16], []
[2025-01-29 23:41:30,108][__main__][INFO] - [15], [16]
[2025-01-29 23:41:30,212][__main__][INFO] - [15, 17], []
[2025-01-29 23:41:30,288][__main__][INFO] - [15, 18], []
[2025-01-29 23:41:30,390][__main__][INFO] - [15, 19], []
[2025-01-29 23:41:30,413][__main__][INFO] - [15, 20], []
[2025-01-29 23:41:30,434][__main__][INFO] - [15, 21], []
[2025-01-29 23:41:30,455][__main__][INFO] - [15, 22], []
[2025-01-29 23:41:30,475][__main__][INFO] - [15, 23], []
[2025-01-29 23:41:30,496][__main__][INFO] - [15, 24], []
[2025-01-29 23:41:30,545][__main__][INFO] - [16, 17], []
[2025-01-29 23:41:30,611][__main__][INFO] - [16, 18], []
[2025-01-29 23:41:30,943][__main__][INFO] - [16, 19], []
[2025-01-29 23:41:30,980][__main__][INFO] - [16, 20], []
[2025-01-29 23:41:31,017][__main__][INFO] - [16, 21], []
[2025-01-29 23:41:31,039][__main__][INFO] - [16, 22], []
[2025-01-29 23:41:31,060][__main__][INFO] - [16, 23], []
[2025-01-29 23:41:31,157][__main__][INFO] - [16, 24], []
[2025-01-29 23:41:31,207][__main__][INFO] - [17], [16]
[2025-01-29 23:41:31,284][__main__][INFO] - [18], [16]
[2025-01-29 23:41:31,660][__main__][INFO] - [19], [16]
[2025-01-29 23:41:31,698][__main__][INFO] - [20], [16]
[2025-01-29 23:41:31,734][__main__][INFO] - [21], [16]
[2025-01-29 23:41:31,756][__main__][INFO] - [22], [16]
[2025-01-29 23:41:31,777][__main__][INFO] - [23], [16]
[2025-01-29 23:41:31,871][__main__][INFO] - [24], [16]
[2025-01-29 23:41:31,950][__main__][INFO] - [0, 10, 16], []
[2025-01-29 23:41:32,042][__main__][INFO] - [0, 10], [16]
[2025-01-29 23:41:32,134][__main__][INFO] - [0, 10, 17], []
[2025-01-29 23:41:32,172][__main__][INFO] - [0, 10, 18], []
[2025-01-29 23:41:32,277][__main__][INFO] - [0, 10, 19], []
[2025-01-29 23:41:32,307][__main__][INFO] - [0, 10, 20], []
[2025-01-29 23:41:32,334][__main__][INFO] - [0, 10, 21], []
[2025-01-29 23:41:32,357][__main__][INFO] - [0, 10, 22], []
[2025-01-29 23:41:32,379][__main__][INFO] - [0, 10, 23], []
[2025-01-29 23:41:32,411][__main__][INFO] - [0, 10, 24], []
[2025-01-29 23:41:32,463][__main__][INFO] - [0, 11, 16], []
[2025-01-29 23:41:32,486][__main__][INFO] - [0, 11], [16]
[2025-01-29 23:41:32,524][__main__][INFO] - [0, 11, 18], []
[2025-01-29 23:41:32,557][__main__][INFO] - [0, 11, 19], []
[2025-01-29 23:41:32,625][__main__][INFO] - [0, 11, 23], []
[2025-01-29 23:41:32,692][__main__][INFO] - [0, 12, 16], []
[2025-01-29 23:41:32,717][__main__][INFO] - [0, 12], [16]
[2025-01-29 23:41:32,757][__main__][INFO] - [0, 12, 18], []
[2025-01-29 23:41:32,780][__main__][INFO] - [0, 12, 19], []
[2025-01-29 23:41:32,847][__main__][INFO] - [0, 12, 23], []
[2025-01-29 23:41:32,919][__main__][INFO] - [0, 13, 16], []
[2025-01-29 23:41:32,942][__main__][INFO] - [0, 13], [16]
[2025-01-29 23:41:32,979][__main__][INFO] - [0, 13, 18], []
[2025-01-29 23:41:33,016][__main__][INFO] - [0, 13, 20], []
[2025-01-29 23:41:33,127][__main__][INFO] - [0, 14, 16], []
[2025-01-29 23:41:33,149][__main__][INFO] - [0, 14], [16]
[2025-01-29 23:41:33,186][__main__][INFO] - [0, 14, 18], []
[2025-01-29 23:41:33,252][__main__][INFO] - [0, 14, 22], []
[2025-01-29 23:41:33,334][__main__][INFO] - [0, 15, 16], []
[2025-01-29 23:41:33,360][__main__][INFO] - [0, 15], [16]
[2025-01-29 23:41:33,386][__main__][INFO] - [0, 15, 17], []
[2025-01-29 23:41:33,411][__main__][INFO] - [0, 15, 18], []
[2025-01-29 23:41:33,437][__main__][INFO] - [0, 15, 19], []
[2025-01-29 23:41:33,459][__main__][INFO] - [0, 15, 20], []
[2025-01-29 23:41:33,482][__main__][INFO] - [0, 15, 21], []
[2025-01-29 23:41:33,518][__main__][INFO] - [0, 15, 23], []
[2025-01-29 23:41:33,585][__main__][INFO] - [0, 16, 17], []
[2025-01-29 23:41:33,616][__main__][INFO] - [0, 16, 18], []
[2025-01-29 23:41:33,678][__main__][INFO] - [0, 16, 19], []
[2025-01-29 23:41:33,704][__main__][INFO] - [0, 16, 20], []
[2025-01-29 23:41:33,728][__main__][INFO] - [0, 16, 21], []
[2025-01-29 23:41:33,751][__main__][INFO] - [0, 16, 22], []
[2025-01-29 23:41:33,772][__main__][INFO] - [0, 16, 23], []
[2025-01-29 23:41:33,802][__main__][INFO] - [0, 16, 24], []
[2025-01-29 23:41:33,853][__main__][INFO] - [0, 17], [16]
[2025-01-29 23:41:33,884][__main__][INFO] - [0, 18], [16]
[2025-01-29 23:41:33,950][__main__][INFO] - [0, 19], [16]
[2025-01-29 23:41:33,975][__main__][INFO] - [0, 20], [16]
[2025-01-29 23:41:34,000][__main__][INFO] - [0, 21], [16]
[2025-01-29 23:41:34,022][__main__][INFO] - [0, 22], [16]
[2025-01-29 23:41:34,045][__main__][INFO] - [0, 23], [16]
[2025-01-29 23:41:34,074][__main__][INFO] - [0, 24], [16]
[2025-01-29 23:41:34,140][__main__][INFO] - [1, 10, 16], []
[2025-01-29 23:41:34,233][__main__][INFO] - [1, 10], [16]
[2025-01-29 23:41:34,332][__main__][INFO] - [1, 10, 17], []
[2025-01-29 23:41:34,372][__main__][INFO] - [1, 10, 18], []
[2025-01-29 23:41:34,492][__main__][INFO] - [1, 10, 19], []
[2025-01-29 23:41:34,522][__main__][INFO] - [1, 10, 20], []
[2025-01-29 23:41:34,551][__main__][INFO] - [1, 10, 21], []
[2025-01-29 23:41:34,574][__main__][INFO] - [1, 10, 22], []
[2025-01-29 23:41:34,597][__main__][INFO] - [1, 10, 23], []
[2025-01-29 23:41:34,631][__main__][INFO] - [1, 10, 24], []
[2025-01-29 23:41:34,684][__main__][INFO] - [1, 11, 16], []
[2025-01-29 23:41:34,708][__main__][INFO] - [1, 11], [16]
[2025-01-29 23:41:34,746][__main__][INFO] - [1, 11, 18], []
[2025-01-29 23:41:34,771][__main__][INFO] - [1, 11, 19], []
[2025-01-29 23:41:34,794][__main__][INFO] - [1, 11, 20], []
[2025-01-29 23:41:34,847][__main__][INFO] - [1, 11, 23], []
[2025-01-29 23:41:34,914][__main__][INFO] - [1, 12, 16], []
[2025-01-29 23:41:34,942][__main__][INFO] - [1, 12], [16]
[2025-01-29 23:41:34,987][__main__][INFO] - [1, 12, 18], []
[2025-01-29 23:41:35,010][__main__][INFO] - [1, 12, 19], []
[2025-01-29 23:41:35,078][__main__][INFO] - [1, 12, 23], []
[2025-01-29 23:41:35,158][__main__][INFO] - [1, 13, 16], []
[2025-01-29 23:41:35,180][__main__][INFO] - [1, 13], [16]
[2025-01-29 23:41:35,218][__main__][INFO] - [1, 13, 18], []
[2025-01-29 23:41:35,255][__main__][INFO] - [1, 13, 20], []
[2025-01-29 23:41:35,367][__main__][INFO] - [1, 14, 16], []
[2025-01-29 23:41:35,390][__main__][INFO] - [1, 14], [16]
[2025-01-29 23:41:35,427][__main__][INFO] - [1, 14, 18], []
[2025-01-29 23:41:35,494][__main__][INFO] - [1, 14, 22], []
[2025-01-29 23:41:35,516][__main__][INFO] - [1, 14, 23], []
[2025-01-29 23:41:35,583][__main__][INFO] - [1, 15, 16], []
[2025-01-29 23:41:35,612][__main__][INFO] - [1, 15], [16]
[2025-01-29 23:41:35,644][__main__][INFO] - [1, 15, 17], []
[2025-01-29 23:41:35,672][__main__][INFO] - [1, 15, 18], []
[2025-01-29 23:41:35,703][__main__][INFO] - [1, 15, 19], []
[2025-01-29 23:41:35,726][__main__][INFO] - [1, 15, 20], []
[2025-01-29 23:41:35,749][__main__][INFO] - [1, 15, 21], []
[2025-01-29 23:41:35,786][__main__][INFO] - [1, 15, 23], []
[2025-01-29 23:41:35,809][__main__][INFO] - [1, 15, 24], []
[2025-01-29 23:41:35,861][__main__][INFO] - [1, 16, 17], []
[2025-01-29 23:41:35,892][__main__][INFO] - [1, 16, 18], []
[2025-01-29 23:41:35,964][__main__][INFO] - [1, 16, 19], []
[2025-01-29 23:41:35,989][__main__][INFO] - [1, 16, 20], []
[2025-01-29 23:41:36,015][__main__][INFO] - [1, 16, 21], []
[2025-01-29 23:41:36,037][__main__][INFO] - [1, 16, 22], []
[2025-01-29 23:41:36,060][__main__][INFO] - [1, 16, 23], []
[2025-01-29 23:41:36,094][__main__][INFO] - [1, 16, 24], []
[2025-01-29 23:41:36,146][__main__][INFO] - [1, 17], [16]
[2025-01-29 23:41:36,180][__main__][INFO] - [1, 18], [16]
[2025-01-29 23:41:36,260][__main__][INFO] - [1, 19], [16]
[2025-01-29 23:41:36,286][__main__][INFO] - [1, 20], [16]
[2025-01-29 23:41:36,311][__main__][INFO] - [1, 21], [16]
[2025-01-29 23:41:36,333][__main__][INFO] - [1, 22], [16]
[2025-01-29 23:41:36,356][__main__][INFO] - [1, 23], [16]
[2025-01-29 23:41:36,390][__main__][INFO] - [1, 24], [16]
[2025-01-29 23:41:36,456][__main__][INFO] - [2, 10, 16], []
[2025-01-29 23:41:36,532][__main__][INFO] - [2, 10], [16]
[2025-01-29 23:41:36,618][__main__][INFO] - [2, 10, 17], []
[2025-01-29 23:41:36,649][__main__][INFO] - [2, 10, 18], []
[2025-01-29 23:41:36,755][__main__][INFO] - [2, 10, 19], []
[2025-01-29 23:41:36,782][__main__][INFO] - [2, 10, 20], []
[2025-01-29 23:41:36,809][__main__][INFO] - [2, 10, 21], []
[2025-01-29 23:41:36,832][__main__][INFO] - [2, 10, 22], []
[2025-01-29 23:41:36,855][__main__][INFO] - [2, 10, 23], []
[2025-01-29 23:41:36,886][__main__][INFO] - [2, 10, 24], []
[2025-01-29 23:41:36,938][__main__][INFO] - [2, 11, 16], []
[2025-01-29 23:41:36,963][__main__][INFO] - [2, 11], [16]
[2025-01-29 23:41:37,002][__main__][INFO] - [2, 11, 18], []
[2025-01-29 23:41:37,028][__main__][INFO] - [2, 11, 19], []
[2025-01-29 23:41:37,095][__main__][INFO] - [2, 11, 23], []
[2025-01-29 23:41:37,163][__main__][INFO] - [2, 12, 16], []
[2025-01-29 23:41:37,194][__main__][INFO] - [2, 12], [16]
[2025-01-29 23:41:37,242][__main__][INFO] - [2, 12, 18], []
[2025-01-29 23:41:37,266][__main__][INFO] - [2, 12, 19], []
[2025-01-29 23:41:37,334][__main__][INFO] - [2, 12, 23], []
[2025-01-29 23:41:37,420][__main__][INFO] - [2, 13, 16], []
[2025-01-29 23:41:37,443][__main__][INFO] - [2, 13], [16]
[2025-01-29 23:41:37,481][__main__][INFO] - [2, 13, 18], []
[2025-01-29 23:41:37,519][__main__][INFO] - [2, 13, 20], []
[2025-01-29 23:41:37,573][__main__][INFO] - [2, 13, 23], []
[2025-01-29 23:41:37,640][__main__][INFO] - [2, 14, 16], []
[2025-01-29 23:41:37,662][__main__][INFO] - [2, 14], [16]
[2025-01-29 23:41:37,700][__main__][INFO] - [2, 14, 18], []
[2025-01-29 23:41:37,767][__main__][INFO] - [2, 14, 22], []
[2025-01-29 23:41:37,789][__main__][INFO] - [2, 14, 23], []
[2025-01-29 23:41:37,857][__main__][INFO] - [2, 15, 16], []
[2025-01-29 23:41:37,889][__main__][INFO] - [2, 15], [16]
[2025-01-29 23:41:37,928][__main__][INFO] - [2, 15, 17], []
[2025-01-29 23:41:37,960][__main__][INFO] - [2, 15, 18], []
[2025-01-29 23:41:37,996][__main__][INFO] - [2, 15, 19], []
[2025-01-29 23:41:38,019][__main__][INFO] - [2, 15, 20], []
[2025-01-29 23:41:38,041][__main__][INFO] - [2, 15, 21], []
[2025-01-29 23:41:38,079][__main__][INFO] - [2, 15, 23], []
[2025-01-29 23:41:38,101][__main__][INFO] - [2, 15, 24], []
[2025-01-29 23:41:38,154][__main__][INFO] - [2, 16, 17], []
[2025-01-29 23:41:38,183][__main__][INFO] - [2, 16, 18], []
[2025-01-29 23:41:38,250][__main__][INFO] - [2, 16, 19], []
[2025-01-29 23:41:38,275][__main__][INFO] - [2, 16, 20], []
[2025-01-29 23:41:38,299][__main__][INFO] - [2, 16, 21], []
[2025-01-29 23:41:38,322][__main__][INFO] - [2, 16, 22], []
[2025-01-29 23:41:38,345][__main__][INFO] - [2, 16, 23], []
[2025-01-29 23:41:38,381][__main__][INFO] - [2, 16, 24], []
[2025-01-29 23:41:38,433][__main__][INFO] - [2, 17], [16]
[2025-01-29 23:41:38,465][__main__][INFO] - [2, 18], [16]
[2025-01-29 23:41:38,543][__main__][INFO] - [2, 19], [16]
[2025-01-29 23:41:38,568][__main__][INFO] - [2, 20], [16]
[2025-01-29 23:41:38,592][__main__][INFO] - [2, 21], [16]
[2025-01-29 23:41:38,615][__main__][INFO] - [2, 22], [16]
[2025-01-29 23:41:38,637][__main__][INFO] - [2, 23], [16]
[2025-01-29 23:41:38,673][__main__][INFO] - [2, 24], [16]
[2025-01-29 23:41:38,740][__main__][INFO] - [3, 10, 16], []
[2025-01-29 23:41:38,799][__main__][INFO] - [3, 10], [16]
[2025-01-29 23:41:38,860][__main__][INFO] - [3, 10, 17], []
[2025-01-29 23:41:38,887][__main__][INFO] - [3, 10, 18], []
[2025-01-29 23:41:38,969][__main__][INFO] - [3, 10, 19], []
[2025-01-29 23:41:38,994][__main__][INFO] - [3, 10, 20], []
[2025-01-29 23:41:39,020][__main__][INFO] - [3, 10, 21], []
[2025-01-29 23:41:39,043][__main__][INFO] - [3, 10, 22], []
[2025-01-29 23:41:39,066][__main__][INFO] - [3, 10, 23], []
[2025-01-29 23:41:39,092][__main__][INFO] - [3, 10, 24], []
[2025-01-29 23:41:39,144][__main__][INFO] - [3, 11, 16], []
[2025-01-29 23:41:39,168][__main__][INFO] - [3, 11], [16]
[2025-01-29 23:41:39,207][__main__][INFO] - [3, 11, 18], []
[2025-01-29 23:41:39,233][__main__][INFO] - [3, 11, 19], []
[2025-01-29 23:41:39,300][__main__][INFO] - [3, 11, 23], []
[2025-01-29 23:41:39,367][__main__][INFO] - [3, 12, 16], []
[2025-01-29 23:41:39,400][__main__][INFO] - [3, 12], [16]
[2025-01-29 23:41:39,448][__main__][INFO] - [3, 12, 18], []
[2025-01-29 23:41:39,472][__main__][INFO] - [3, 12, 19], []
[2025-01-29 23:41:39,539][__main__][INFO] - [3, 12, 23], []
[2025-01-29 23:41:39,626][__main__][INFO] - [3, 13, 16], []
[2025-01-29 23:41:39,649][__main__][INFO] - [3, 13], [16]
[2025-01-29 23:41:39,686][__main__][INFO] - [3, 13, 18], []
[2025-01-29 23:41:39,724][__main__][INFO] - [3, 13, 20], []
[2025-01-29 23:41:39,776][__main__][INFO] - [3, 13, 23], []
[2025-01-29 23:41:39,843][__main__][INFO] - [3, 14, 16], []
[2025-01-29 23:41:39,866][__main__][INFO] - [3, 14], [16]
[2025-01-29 23:41:39,904][__main__][INFO] - [3, 14, 18], []
[2025-01-29 23:41:39,926][__main__][INFO] - [3, 14, 19], []
[2025-01-29 23:41:39,978][__main__][INFO] - [3, 14, 22], []
[2025-01-29 23:41:40,001][__main__][INFO] - [3, 14, 23], []
[2025-01-29 23:41:40,068][__main__][INFO] - [3, 15, 16], []
[2025-01-29 23:41:40,102][__main__][INFO] - [3, 15], [16]
[2025-01-29 23:41:40,139][__main__][INFO] - [3, 15, 17], []
[2025-01-29 23:41:40,171][__main__][INFO] - [3, 15, 18], []
[2025-01-29 23:41:40,209][__main__][INFO] - [3, 15, 19], []
[2025-01-29 23:41:40,231][__main__][INFO] - [3, 15, 20], []
[2025-01-29 23:41:40,254][__main__][INFO] - [3, 15, 21], []
[2025-01-29 23:41:40,291][__main__][INFO] - [3, 15, 23], []
[2025-01-29 23:41:40,314][__main__][INFO] - [3, 15, 24], []
[2025-01-29 23:41:40,366][__main__][INFO] - [3, 16, 17], []
[2025-01-29 23:41:40,394][__main__][INFO] - [3, 16, 18], []
[2025-01-29 23:41:40,452][__main__][INFO] - [3, 16, 19], []
[2025-01-29 23:41:40,476][__main__][INFO] - [3, 16, 20], []
[2025-01-29 23:41:40,500][__main__][INFO] - [3, 16, 21], []
[2025-01-29 23:41:40,523][__main__][INFO] - [3, 16, 22], []
[2025-01-29 23:41:40,545][__main__][INFO] - [3, 16, 23], []
[2025-01-29 23:41:40,579][__main__][INFO] - [3, 16, 24], []
[2025-01-29 23:41:40,631][__main__][INFO] - [3, 17], [16]
[2025-01-29 23:41:40,661][__main__][INFO] - [3, 18], [16]
[2025-01-29 23:41:40,724][__main__][INFO] - [3, 19], [16]
[2025-01-29 23:41:40,748][__main__][INFO] - [3, 20], [16]
[2025-01-29 23:41:40,773][__main__][INFO] - [3, 21], [16]
[2025-01-29 23:41:40,795][__main__][INFO] - [3, 22], [16]
[2025-01-29 23:41:40,818][__main__][INFO] - [3, 23], [16]
[2025-01-29 23:41:40,851][__main__][INFO] - [3, 24], [16]
[2025-01-29 23:41:40,918][__main__][INFO] - [4, 10, 16], []
[2025-01-29 23:41:40,986][__main__][INFO] - [4, 10], [16]
[2025-01-29 23:41:41,061][__main__][INFO] - [4, 10, 17], []
[2025-01-29 23:41:41,087][__main__][INFO] - [4, 10, 18], []
[2025-01-29 23:41:41,193][__main__][INFO] - [4, 10, 19], []
[2025-01-29 23:41:41,218][__main__][INFO] - [4, 10, 20], []
[2025-01-29 23:41:41,245][__main__][INFO] - [4, 10, 21], []
[2025-01-29 23:41:41,268][__main__][INFO] - [4, 10, 22], []
[2025-01-29 23:41:41,291][__main__][INFO] - [4, 10, 23], []
[2025-01-29 23:41:41,316][__main__][INFO] - [4, 10, 24], []
[2025-01-29 23:41:41,369][__main__][INFO] - [4, 11, 16], []
[2025-01-29 23:41:41,393][__main__][INFO] - [4, 11], [16]
[2025-01-29 23:41:41,432][__main__][INFO] - [4, 11, 18], []
[2025-01-29 23:41:41,458][__main__][INFO] - [4, 11, 19], []
[2025-01-29 23:41:41,481][__main__][INFO] - [4, 11, 20], []
[2025-01-29 23:41:41,533][__main__][INFO] - [4, 11, 23], []
[2025-01-29 23:41:41,600][__main__][INFO] - [4, 12, 16], []
[2025-01-29 23:41:41,636][__main__][INFO] - [4, 12], [16]
[2025-01-29 23:41:41,685][__main__][INFO] - [4, 12, 18], []
[2025-01-29 23:41:41,709][__main__][INFO] - [4, 12, 19], []
[2025-01-29 23:41:41,777][__main__][INFO] - [4, 12, 23], []
[2025-01-29 23:41:41,866][__main__][INFO] - [4, 13, 16], []
[2025-01-29 23:41:41,889][__main__][INFO] - [4, 13], [16]
[2025-01-29 23:41:41,927][__main__][INFO] - [4, 13, 18], []
[2025-01-29 23:41:41,964][__main__][INFO] - [4, 13, 20], []
[2025-01-29 23:41:42,017][__main__][INFO] - [4, 13, 23], []
[2025-01-29 23:41:42,084][__main__][INFO] - [4, 14, 16], []
[2025-01-29 23:41:42,107][__main__][INFO] - [4, 14], [16]
[2025-01-29 23:41:42,144][__main__][INFO] - [4, 14, 18], []
[2025-01-29 23:41:42,166][__main__][INFO] - [4, 14, 19], []
[2025-01-29 23:41:42,219][__main__][INFO] - [4, 14, 22], []
[2025-01-29 23:41:42,300][__main__][INFO] - [4, 15, 16], []
[2025-01-29 23:41:42,338][__main__][INFO] - [4, 15], [16]
[2025-01-29 23:41:42,379][__main__][INFO] - [4, 15, 17], []
[2025-01-29 23:41:42,414][__main__][INFO] - [4, 15, 18], []
[2025-01-29 23:41:42,455][__main__][INFO] - [4, 15, 19], []
[2025-01-29 23:41:42,477][__main__][INFO] - [4, 15, 20], []
[2025-01-29 23:41:42,500][__main__][INFO] - [4, 15, 21], []
[2025-01-29 23:41:42,537][__main__][INFO] - [4, 15, 23], []
[2025-01-29 23:41:42,560][__main__][INFO] - [4, 15, 24], []
[2025-01-29 23:41:42,612][__main__][INFO] - [4, 16, 17], []
[2025-01-29 23:41:42,641][__main__][INFO] - [4, 16, 18], []
[2025-01-29 23:41:42,711][__main__][INFO] - [4, 16, 19], []
[2025-01-29 23:41:42,735][__main__][INFO] - [4, 16, 20], []
[2025-01-29 23:41:42,760][__main__][INFO] - [4, 16, 21], []
[2025-01-29 23:41:42,782][__main__][INFO] - [4, 16, 22], []
[2025-01-29 23:41:42,805][__main__][INFO] - [4, 16, 23], []
[2025-01-29 23:41:42,841][__main__][INFO] - [4, 16, 24], []
[2025-01-29 23:41:42,893][__main__][INFO] - [4, 17], [16]
[2025-01-29 23:41:42,924][__main__][INFO] - [4, 18], [16]
[2025-01-29 23:41:43,003][__main__][INFO] - [4, 19], [16]
[2025-01-29 23:41:43,027][__main__][INFO] - [4, 20], [16]
[2025-01-29 23:41:43,052][__main__][INFO] - [4, 21], [16]
[2025-01-29 23:41:43,075][__main__][INFO] - [4, 22], [16]
[2025-01-29 23:41:43,097][__main__][INFO] - [4, 23], [16]
[2025-01-29 23:41:43,132][__main__][INFO] - [4, 24], [16]
[2025-01-29 23:41:43,198][__main__][INFO] - [5, 10, 16], []
[2025-01-29 23:41:43,267][__main__][INFO] - [5, 10], [16]
[2025-01-29 23:41:43,338][__main__][INFO] - [5, 10, 17], []
[2025-01-29 23:41:43,363][__main__][INFO] - [5, 10, 18], []
[2025-01-29 23:41:43,470][__main__][INFO] - [5, 10, 19], []
[2025-01-29 23:41:43,494][__main__][INFO] - [5, 10, 20], []
[2025-01-29 23:41:43,521][__main__][INFO] - [5, 10, 21], []
[2025-01-29 23:41:43,544][__main__][INFO] - [5, 10, 22], []
[2025-01-29 23:41:43,567][__main__][INFO] - [5, 10, 23], []
[2025-01-29 23:41:43,591][__main__][INFO] - [5, 10, 24], []
[2025-01-29 23:41:43,644][__main__][INFO] - [5, 11, 16], []
[2025-01-29 23:41:43,668][__main__][INFO] - [5, 11], [16]
[2025-01-29 23:41:43,707][__main__][INFO] - [5, 11, 18], []
[2025-01-29 23:41:43,733][__main__][INFO] - [5, 11, 19], []
[2025-01-29 23:41:43,860][__main__][INFO] - [5, 12, 16], []
[2025-01-29 23:41:43,893][__main__][INFO] - [5, 12], [16]
[2025-01-29 23:41:43,940][__main__][INFO] - [5, 12, 18], []
[2025-01-29 23:41:43,964][__main__][INFO] - [5, 12, 19], []
[2025-01-29 23:41:44,032][__main__][INFO] - [5, 12, 23], []
[2025-01-29 23:41:44,121][__main__][INFO] - [5, 13, 16], []
[2025-01-29 23:41:44,144][__main__][INFO] - [5, 13], [16]
[2025-01-29 23:41:44,181][__main__][INFO] - [5, 13, 18], []
[2025-01-29 23:41:44,219][__main__][INFO] - [5, 13, 20], []
[2025-01-29 23:41:44,272][__main__][INFO] - [5, 13, 23], []
[2025-01-29 23:41:44,339][__main__][INFO] - [5, 14, 16], []
[2025-01-29 23:41:44,362][__main__][INFO] - [5, 14], [16]
[2025-01-29 23:41:44,399][__main__][INFO] - [5, 14, 18], []
[2025-01-29 23:41:44,421][__main__][INFO] - [5, 14, 19], []
[2025-01-29 23:41:44,473][__main__][INFO] - [5, 14, 22], []
[2025-01-29 23:41:44,496][__main__][INFO] - [5, 14, 23], []
[2025-01-29 23:41:44,563][__main__][INFO] - [5, 15, 16], []
[2025-01-29 23:41:44,595][__main__][INFO] - [5, 15], [16]
[2025-01-29 23:41:44,629][__main__][INFO] - [5, 15, 17], []
[2025-01-29 23:41:44,658][__main__][INFO] - [5, 15, 18], []
[2025-01-29 23:41:44,693][__main__][INFO] - [5, 15, 19], []
[2025-01-29 23:41:44,715][__main__][INFO] - [5, 15, 20], []
[2025-01-29 23:41:44,738][__main__][INFO] - [5, 15, 21], []
[2025-01-29 23:41:44,775][__main__][INFO] - [5, 15, 23], []
[2025-01-29 23:41:44,798][__main__][INFO] - [5, 15, 24], []
[2025-01-29 23:41:44,850][__main__][INFO] - [5, 16, 17], []
[2025-01-29 23:41:44,876][__main__][INFO] - [5, 16, 18], []
[2025-01-29 23:41:44,944][__main__][INFO] - [5, 16, 19], []
[2025-01-29 23:41:44,967][__main__][INFO] - [5, 16, 20], []
[2025-01-29 23:41:44,992][__main__][INFO] - [5, 16, 21], []
[2025-01-29 23:41:45,014][__main__][INFO] - [5, 16, 22], []
[2025-01-29 23:41:45,037][__main__][INFO] - [5, 16, 23], []
[2025-01-29 23:41:45,069][__main__][INFO] - [5, 16, 24], []
[2025-01-29 23:41:45,122][__main__][INFO] - [5, 17], [16]
[2025-01-29 23:41:45,149][__main__][INFO] - [5, 18], [16]
[2025-01-29 23:41:45,224][__main__][INFO] - [5, 19], [16]
[2025-01-29 23:41:45,247][__main__][INFO] - [5, 20], [16]
[2025-01-29 23:41:45,272][__main__][INFO] - [5, 21], [16]
[2025-01-29 23:41:45,294][__main__][INFO] - [5, 22], [16]
[2025-01-29 23:41:45,317][__main__][INFO] - [5, 23], [16]
[2025-01-29 23:41:45,349][__main__][INFO] - [5, 24], [16]
[2025-01-29 23:41:45,415][__main__][INFO] - [6, 10, 16], []
[2025-01-29 23:41:45,456][__main__][INFO] - [6, 10], [16]
[2025-01-29 23:41:45,500][__main__][INFO] - [6, 10, 17], []
[2025-01-29 23:41:45,523][__main__][INFO] - [6, 10, 18], []
[2025-01-29 23:41:45,581][__main__][INFO] - [6, 10, 19], []
[2025-01-29 23:41:45,604][__main__][INFO] - [6, 10, 20], []
[2025-01-29 23:41:45,628][__main__][INFO] - [6, 10, 21], []
[2025-01-29 23:41:45,651][__main__][INFO] - [6, 10, 22], []
[2025-01-29 23:41:45,673][__main__][INFO] - [6, 10, 23], []
[2025-01-29 23:41:45,741][__main__][INFO] - [6, 11, 16], []
[2025-01-29 23:41:45,764][__main__][INFO] - [6, 11], [16]
[2025-01-29 23:41:45,802][__main__][INFO] - [6, 11, 18], []
[2025-01-29 23:41:45,944][__main__][INFO] - [6, 12, 16], []
[2025-01-29 23:41:45,970][__main__][INFO] - [6, 12], [16]
[2025-01-29 23:41:46,011][__main__][INFO] - [6, 12, 18], []
[2025-01-29 23:41:46,034][__main__][INFO] - [6, 12, 19], []
[2025-01-29 23:41:46,101][__main__][INFO] - [6, 12, 23], []
[2025-01-29 23:41:46,174][__main__][INFO] - [6, 13, 16], []
[2025-01-29 23:41:46,197][__main__][INFO] - [6, 13], [16]
[2025-01-29 23:41:46,234][__main__][INFO] - [6, 13, 18], []
[2025-01-29 23:41:46,271][__main__][INFO] - [6, 13, 20], []
[2025-01-29 23:41:46,398][__main__][INFO] - [6, 14], [16]
[2025-01-29 23:41:46,570][__main__][INFO] - [6, 15, 16], []
[2025-01-29 23:41:46,594][__main__][INFO] - [6, 15], [16]
[2025-01-29 23:41:46,620][__main__][INFO] - [6, 15, 17], []
[2025-01-29 23:41:46,643][__main__][INFO] - [6, 15, 18], []
[2025-01-29 23:41:46,669][__main__][INFO] - [6, 15, 19], []
[2025-01-29 23:41:46,691][__main__][INFO] - [6, 15, 20], []
[2025-01-29 23:41:46,743][__main__][INFO] - [6, 15, 23], []
[2025-01-29 23:41:46,810][__main__][INFO] - [6, 16, 17], []
[2025-01-29 23:41:46,833][__main__][INFO] - [6, 16, 18], []
[2025-01-29 23:41:46,873][__main__][INFO] - [6, 16, 19], []
[2025-01-29 23:41:46,896][__main__][INFO] - [6, 16, 20], []
[2025-01-29 23:41:46,919][__main__][INFO] - [6, 16, 21], []
[2025-01-29 23:41:46,941][__main__][INFO] - [6, 16, 22], []
[2025-01-29 23:41:46,963][__main__][INFO] - [6, 16, 23], []
[2025-01-29 23:41:47,034][__main__][INFO] - [6, 17], [16]
[2025-01-29 23:41:47,057][__main__][INFO] - [6, 18], [16]
[2025-01-29 23:41:47,101][__main__][INFO] - [6, 19], [16]
[2025-01-29 23:41:47,124][__main__][INFO] - [6, 20], [16]
[2025-01-29 23:41:47,147][__main__][INFO] - [6, 21], [16]
[2025-01-29 23:41:47,169][__main__][INFO] - [6, 22], [16]
[2025-01-29 23:41:47,191][__main__][INFO] - [6, 23], [16]
[2025-01-29 23:41:47,276][__main__][INFO] - [7, 10, 16], []
[2025-01-29 23:41:47,304][__main__][INFO] - [7, 10], [16]
[2025-01-29 23:41:47,334][__main__][INFO] - [7, 10, 17], []
[2025-01-29 23:41:47,357][__main__][INFO] - [7, 10, 18], []
[2025-01-29 23:41:47,391][__main__][INFO] - [7, 10, 19], []
[2025-01-29 23:41:47,414][__main__][INFO] - [7, 10, 20], []
[2025-01-29 23:41:47,437][__main__][INFO] - [7, 10, 21], []
[2025-01-29 23:41:47,474][__main__][INFO] - [7, 10, 23], []
[2025-01-29 23:41:47,542][__main__][INFO] - [7, 11, 16], []
[2025-01-29 23:41:47,565][__main__][INFO] - [7, 11], [16]
[2025-01-29 23:41:47,603][__main__][INFO] - [7, 11, 18], []
[2025-01-29 23:41:47,744][__main__][INFO] - [7, 12, 16], []
[2025-01-29 23:41:47,767][__main__][INFO] - [7, 12], [16]
[2025-01-29 23:41:47,805][__main__][INFO] - [7, 12, 18], []
[2025-01-29 23:41:47,828][__main__][INFO] - [7, 12, 19], []
[2025-01-29 23:41:47,895][__main__][INFO] - [7, 12, 23], []
[2025-01-29 23:41:47,978][__main__][INFO] - [7, 13], [16]
[2025-01-29 23:41:48,016][__main__][INFO] - [7, 13, 18], []
[2025-01-29 23:41:48,335][__main__][INFO] - [7, 15, 16], []
[2025-01-29 23:41:48,358][__main__][INFO] - [7, 15], [16]
[2025-01-29 23:41:48,381][__main__][INFO] - [7, 15, 17], []
[2025-01-29 23:41:48,403][__main__][INFO] - [7, 15, 18], []
[2025-01-29 23:41:48,426][__main__][INFO] - [7, 15, 19], []
[2025-01-29 23:41:48,552][__main__][INFO] - [7, 16, 17], []
[2025-01-29 23:41:48,574][__main__][INFO] - [7, 16, 18], []
[2025-01-29 23:41:48,601][__main__][INFO] - [7, 16, 19], []
[2025-01-29 23:41:48,623][__main__][INFO] - [7, 16, 20], []
[2025-01-29 23:41:48,646][__main__][INFO] - [7, 16, 21], []
[2025-01-29 23:41:48,683][__main__][INFO] - [7, 16, 23], []
[2025-01-29 23:41:48,750][__main__][INFO] - [7, 17], [16]
[2025-01-29 23:41:48,773][__main__][INFO] - [7, 18], [16]
[2025-01-29 23:41:48,803][__main__][INFO] - [7, 19], [16]
[2025-01-29 23:41:48,825][__main__][INFO] - [7, 20], [16]
[2025-01-29 23:41:48,847][__main__][INFO] - [7, 21], [16]
[2025-01-29 23:41:48,884][__main__][INFO] - [7, 23], [16]
[2025-01-29 23:41:48,966][__main__][INFO] - [8, 10, 16], []
[2025-01-29 23:41:48,990][__main__][INFO] - [8, 10], [16]
[2025-01-29 23:41:49,029][__main__][INFO] - [8, 10, 18], []
[2025-01-29 23:41:49,053][__main__][INFO] - [8, 10, 19], []
[2025-01-29 23:41:49,076][__main__][INFO] - [8, 10, 20], []
[2025-01-29 23:41:49,128][__main__][INFO] - [8, 10, 23], []
[2025-01-29 23:41:49,195][__main__][INFO] - [8, 11, 16], []
[2025-01-29 23:41:49,217][__main__][INFO] - [8, 11], [16]
[2025-01-29 23:41:49,254][__main__][INFO] - [8, 11, 18], []
[2025-01-29 23:41:49,396][__main__][INFO] - [8, 12, 16], []
[2025-01-29 23:41:49,418][__main__][INFO] - [8, 12], [16]
[2025-01-29 23:41:49,455][__main__][INFO] - [8, 12, 18], []
[2025-01-29 23:41:49,537][__main__][INFO] - [8, 12, 23], []
[2025-01-29 23:41:49,633][__main__][INFO] - [8, 15, 16], []
[2025-01-29 23:41:49,655][__main__][INFO] - [8, 15], [16]
[2025-01-29 23:41:49,692][__main__][INFO] - [8, 15, 18], []
[2025-01-29 23:41:49,848][__main__][INFO] - [8, 16, 18], []
[2025-01-29 23:41:49,871][__main__][INFO] - [8, 16, 19], []
[2025-01-29 23:41:49,893][__main__][INFO] - [8, 16, 20], []
[2025-01-29 23:41:49,945][__main__][INFO] - [8, 16, 23], []
[2025-01-29 23:41:50,012][__main__][INFO] - [8, 17], [16]
[2025-01-29 23:41:50,034][__main__][INFO] - [8, 18], [16]
[2025-01-29 23:41:50,058][__main__][INFO] - [8, 19], [16]
[2025-01-29 23:41:50,080][__main__][INFO] - [8, 20], [16]
[2025-01-29 23:41:50,132][__main__][INFO] - [8, 23], [16]
[2025-01-29 23:41:50,213][__main__][INFO] - [9, 10, 16], []
[2025-01-29 23:41:50,236][__main__][INFO] - [9, 10], [16]
[2025-01-29 23:41:50,273][__main__][INFO] - [9, 10, 18], []
[2025-01-29 23:41:50,666][__main__][INFO] - [9, 16, 18], []
[2025-01-29 23:41:50,822][__main__][INFO] - [9, 18], [16]
[2025-01-29 23:41:50,978][__main__][INFO] - [10, 16, 17], []
[2025-01-29 23:41:51,022][__main__][INFO] - [10, 16, 18], []
[2025-01-29 23:41:51,301][__main__][INFO] - [10, 16, 19], []
[2025-01-29 23:41:51,336][__main__][INFO] - [10, 16, 20], []
[2025-01-29 23:41:51,372][__main__][INFO] - [10, 16, 21], []
[2025-01-29 23:41:51,396][__main__][INFO] - [10, 16, 22], []
[2025-01-29 23:41:51,419][__main__][INFO] - [10, 16, 23], []
[2025-01-29 23:41:51,459][__main__][INFO] - [10, 16, 24], []
[2025-01-29 23:41:51,511][__main__][INFO] - [10, 17], [16]
[2025-01-29 23:41:51,558][__main__][INFO] - [10, 18], [16]
[2025-01-29 23:41:51,860][__main__][INFO] - [10, 19], [16]
[2025-01-29 23:41:51,895][__main__][INFO] - [10, 20], [16]
[2025-01-29 23:41:51,931][__main__][INFO] - [10, 21], [16]
[2025-01-29 23:41:51,954][__main__][INFO] - [10, 22], [16]
[2025-01-29 23:41:51,977][__main__][INFO] - [10, 23], [16]
[2025-01-29 23:41:52,017][__main__][INFO] - [10, 24], [16]
[2025-01-29 23:41:52,084][__main__][INFO] - [11, 16, 17], []
[2025-01-29 23:41:52,106][__main__][INFO] - [11, 16, 18], []
[2025-01-29 23:41:52,135][__main__][INFO] - [11, 16, 19], []
[2025-01-29 23:41:52,157][__main__][INFO] - [11, 16, 20], []
[2025-01-29 23:41:52,209][__main__][INFO] - [11, 16, 23], []
[2025-01-29 23:41:52,276][__main__][INFO] - [11, 17], [16]
[2025-01-29 23:41:52,298][__main__][INFO] - [11, 18], [16]
[2025-01-29 23:41:52,329][__main__][INFO] - [11, 19], [16]
[2025-01-29 23:41:52,351][__main__][INFO] - [11, 20], [16]
[2025-01-29 23:41:52,403][__main__][INFO] - [11, 23], [16]
[2025-01-29 23:41:52,485][__main__][INFO] - [12, 16, 17], []
[2025-01-29 23:41:52,507][__main__][INFO] - [12, 16, 18], []
[2025-01-29 23:41:52,531][__main__][INFO] - [12, 16, 19], []
[2025-01-29 23:41:52,598][__main__][INFO] - [12, 16, 23], []
[2025-01-29 23:41:52,718][__main__][INFO] - [12, 17], [16]
[2025-01-29 23:41:52,740][__main__][INFO] - [12, 18], [16]
[2025-01-29 23:41:52,766][__main__][INFO] - [12, 19], [16]
[2025-01-29 23:41:52,834][__main__][INFO] - [12, 23], [16]
[2025-01-29 23:41:52,980][__main__][INFO] - [13, 16, 18], []
[2025-01-29 23:41:53,003][__main__][INFO] - [13, 16, 19], []
[2025-01-29 23:41:53,024][__main__][INFO] - [13, 16, 20], []
[2025-01-29 23:41:53,077][__main__][INFO] - [13, 16, 23], []
[2025-01-29 23:41:53,158][__main__][INFO] - [13, 18], [16]
[2025-01-29 23:41:53,181][__main__][INFO] - [13, 19], [16]
[2025-01-29 23:41:53,203][__main__][INFO] - [13, 20], [16]
[2025-01-29 23:41:53,255][__main__][INFO] - [13, 23], [16]
[2025-01-29 23:41:53,352][__main__][INFO] - [14, 16, 18], []
[2025-01-29 23:41:53,374][__main__][INFO] - [14, 16, 19], []
[2025-01-29 23:41:53,425][__main__][INFO] - [14, 16, 22], []
[2025-01-29 23:41:53,448][__main__][INFO] - [14, 16, 23], []
[2025-01-29 23:41:53,529][__main__][INFO] - [14, 18], [16]
[2025-01-29 23:41:53,551][__main__][INFO] - [14, 19], [16]
[2025-01-29 23:41:53,602][__main__][INFO] - [14, 22], [16]
[2025-01-29 23:41:53,625][__main__][INFO] - [14, 23], [16]
[2025-01-29 23:41:53,705][__main__][INFO] - [15, 16, 17], []
[2025-01-29 23:41:53,746][__main__][INFO] - [15, 16, 18], []
[2025-01-29 23:41:53,799][__main__][INFO] - [15, 16, 19], []
[2025-01-29 23:41:53,822][__main__][INFO] - [15, 16, 20], []
[2025-01-29 23:41:53,844][__main__][INFO] - [15, 16, 21], []
[2025-01-29 23:41:53,881][__main__][INFO] - [15, 16, 23], []
[2025-01-29 23:41:53,904][__main__][INFO] - [15, 16, 24], []
[2025-01-29 23:41:53,956][__main__][INFO] - [15, 17], [16]
[2025-01-29 23:41:54,006][__main__][INFO] - [15, 18], [16]
[2025-01-29 23:41:54,071][__main__][INFO] - [15, 19], [16]
[2025-01-29 23:41:54,094][__main__][INFO] - [15, 20], [16]
[2025-01-29 23:41:54,116][__main__][INFO] - [15, 21], [16]
[2025-01-29 23:41:54,153][__main__][INFO] - [15, 23], [16]
[2025-01-29 23:41:54,175][__main__][INFO] - [15, 24], [16]
