[2025-01-29 09:43:40,611][gurobipy][INFO] - Set parameter TimeLimit to value 600
[2025-01-29 09:43:40,622][gurobipy][INFO] - Gurobi Optimizer version 11.0.2 build v11.0.2rc0 (linux64)
[2025-01-29 09:43:40,622][gurobipy][INFO] - 
[2025-01-29 09:43:40,635][gurobipy][INFO] - CPU model: AMD EPYC 7543 32-Core Processor, instruction set [SSE2|AVX|AVX2]
[2025-01-29 09:43:40,635][gurobipy][INFO] - Thread count: 64 physical cores, 128 logical processors, using up to 32 threads
[2025-01-29 09:43:40,635][gurobipy][INFO] - 
[2025-01-29 09:43:40,635][gurobipy][INFO] - Optimize a model with 50493 rows, 832 columns and 130819 nonzeros
[2025-01-29 09:43:40,636][gurobipy][INFO] - Model fingerprint: 0x850b3f0a
[2025-01-29 09:43:40,636][gurobipy][INFO] - Variable types: 766 continuous, 66 integer (66 binary)
[2025-01-29 09:43:40,636][gurobipy][INFO] - Coefficient statistics:
[2025-01-29 09:43:40,636][gurobipy][INFO] -   Matrix range     [1e-03, 2e+00]
[2025-01-29 09:43:40,636][gurobipy][INFO] -   Objective range  [1e+00, 1e+00]
[2025-01-29 09:43:40,636][gurobipy][INFO] -   Bounds range     [1e+00, 1e+00]
[2025-01-29 09:43:40,636][gurobipy][INFO] -   RHS range        [1e+00, 1e+01]
[2025-01-29 09:43:40,642][gurobipy][INFO] - Found heuristic solution: objective 0.0000000
[2025-01-29 09:43:40,875][gurobipy][INFO] - Presolve removed 18324 rows and 10 columns
[2025-01-29 09:43:40,875][gurobipy][INFO] - Presolve time: 0.23s
[2025-01-29 09:43:40,875][gurobipy][INFO] - Presolved: 32169 rows, 822 columns, 97267 nonzeros
[2025-01-29 09:43:40,895][gurobipy][INFO] - Variable types: 766 continuous, 56 integer (56 binary)
[2025-01-29 09:43:40,923][gurobipy][INFO] - Root relaxation presolved: 822 rows, 32991 columns, 98089 nonzeros
[2025-01-29 09:43:40,923][gurobipy][INFO] - 
[2025-01-29 09:43:40,945][gurobipy][INFO] - 
[2025-01-29 09:43:40,945][gurobipy][INFO] - Root relaxation: objective 1.000000e+00, 793 iterations, 0.05 seconds (0.12 work units)
[2025-01-29 09:43:40,950][gurobipy][INFO] - 
[2025-01-29 09:43:40,950][gurobipy][INFO] -     Nodes    |    Current Node    |     Objective Bounds      |     Work
[2025-01-29 09:43:40,950][gurobipy][INFO] -  Expl Unexpl |  Obj  Depth IntInf | Incumbent    BestBd   Gap | It/Node Time
[2025-01-29 09:43:40,950][gurobipy][INFO] - 
[2025-01-29 09:43:40,950][gurobipy][INFO] -      0     0    1.00000    0    1    0.00000    1.00000      -     -    0s
[2025-01-29 09:43:40,952][gurobipy][INFO] - H    0     0                       0.0443539    1.00000  2155%     -    0s
[2025-01-29 09:43:40,956][gurobipy][INFO] - H    0     0                       0.0453723    1.00000  2104%     -    0s
[2025-01-29 09:43:41,106][gurobipy][INFO] - H    0     0                       0.0453723    1.00000  2104%     -    0s
[2025-01-29 09:43:41,139][gurobipy][INFO] -      0     0    1.00000    0   23    0.04537    1.00000  2104%     -    0s
[2025-01-29 09:43:41,156][gurobipy][INFO] -      0     0    1.00000    0   28    0.04537    1.00000  2104%     -    0s
[2025-01-29 09:43:41,233][gurobipy][INFO] - H    0     0                       0.2224485    1.00000   350%     -    0s
[2025-01-29 09:43:41,265][gurobipy][INFO] - H    0     0                       0.3423852    1.00000   192%     -    0s
[2025-01-29 09:43:41,322][gurobipy][INFO] -      0     0    1.00000    0   23    0.34239    1.00000   192%     -    0s
[2025-01-29 09:43:41,379][gurobipy][INFO] -      0     0    1.00000    0   19    0.34239    1.00000   192%     -    0s
[2025-01-29 09:43:41,386][gurobipy][INFO] -      0     0    1.00000    0   15    0.34239    1.00000   192%     -    0s
[2025-01-29 09:43:41,590][gurobipy][INFO] -      0     0    1.00000    0    7    0.34239    1.00000   192%     -    0s
[2025-01-29 09:43:41,750][gurobipy][INFO] -      0     0    1.00000    0   22    0.34239    1.00000   192%     -    1s
[2025-01-29 09:43:41,772][gurobipy][INFO] -      0     0    1.00000    0   18    0.34239    1.00000   192%     -    1s
[2025-01-29 09:43:43,241][gurobipy][INFO] - H    0     0                       0.4110659    0.94733   130%     -    2s
[2025-01-29 09:43:43,242][gurobipy][INFO] - H    0     0                       0.4392396    0.94733   116%     -    2s
[2025-01-29 09:43:43,242][gurobipy][INFO] -      0     0    0.43924    0   10    0.43924    0.43924  0.00%     -    2s
[2025-01-29 09:43:43,244][gurobipy][INFO] - 
[2025-01-29 09:43:43,244][gurobipy][INFO] - Cutting planes:
[2025-01-29 09:43:43,244][gurobipy][INFO] -   Gomory: 1
[2025-01-29 09:43:43,244][gurobipy][INFO] -   Clique: 1
[2025-01-29 09:43:43,244][gurobipy][INFO] -   MIR: 6
[2025-01-29 09:43:43,244][gurobipy][INFO] -   RLT: 5
[2025-01-29 09:43:43,245][gurobipy][INFO] - 
[2025-01-29 09:43:43,245][gurobipy][INFO] - Explored 1 nodes (6312 simplex iterations) in 2.61 seconds (5.58 work units)
[2025-01-29 09:43:43,245][gurobipy][INFO] - Thread count was 32 (of 128 available processors)
[2025-01-29 09:43:43,245][gurobipy][INFO] - 
[2025-01-29 09:43:43,245][gurobipy][INFO] - Solution count 8: 0.43924 0.411066 0.342385 ... 2.79776e-14
[2025-01-29 09:43:43,245][gurobipy][INFO] - No other solutions better than 0.43924
[2025-01-29 09:43:43,245][gurobipy][INFO] - 
[2025-01-29 09:43:43,245][gurobipy][INFO] - Optimal solution found (tolerance 1.00e-04)
[2025-01-29 09:43:43,245][gurobipy][INFO] - Best objective 4.392396469790e-01, best bound 4.392396469790e-01, gap 0.0000%
[2025-01-29 09:43:43,273][__main__][INFO] - Finished size 1000 (1/5)
[2025-01-29 09:43:51,992][gurobipy][INFO] - Set parameter TimeLimit to value 600
[2025-01-29 09:43:52,022][gurobipy][INFO] - Gurobi Optimizer version 11.0.2 build v11.0.2rc0 (linux64)
[2025-01-29 09:43:52,022][gurobipy][INFO] - 
[2025-01-29 09:43:52,034][gurobipy][INFO] - CPU model: AMD EPYC 7543 32-Core Processor, instruction set [SSE2|AVX|AVX2]
[2025-01-29 09:43:52,034][gurobipy][INFO] - Thread count: 64 physical cores, 128 logical processors, using up to 32 threads
[2025-01-29 09:43:52,034][gurobipy][INFO] - 
[2025-01-29 09:43:52,034][gurobipy][INFO] - Optimize a model with 142959 rows, 2233 columns and 370390 nonzeros
[2025-01-29 09:43:52,037][gurobipy][INFO] - Model fingerprint: 0x0588d686
[2025-01-29 09:43:52,037][gurobipy][INFO] - Variable types: 2167 continuous, 66 integer (66 binary)
[2025-01-29 09:43:52,037][gurobipy][INFO] - Coefficient statistics:
[2025-01-29 09:43:52,037][gurobipy][INFO] -   Matrix range     [3e-04, 2e+00]
[2025-01-29 09:43:52,037][gurobipy][INFO] -   Objective range  [1e+00, 1e+00]
[2025-01-29 09:43:52,037][gurobipy][INFO] -   Bounds range     [1e+00, 1e+00]
[2025-01-29 09:43:52,037][gurobipy][INFO] -   RHS range        [1e+00, 1e+01]
[2025-01-29 09:43:52,057][gurobipy][INFO] - Found heuristic solution: objective -0.0000000
[2025-01-29 09:43:52,716][gurobipy][INFO] - Presolve removed 41132 rows and 5 columns
[2025-01-29 09:43:52,716][gurobipy][INFO] - Presolve time: 0.66s
[2025-01-29 09:43:52,716][gurobipy][INFO] - Presolved: 101827 rows, 2228 columns, 307642 nonzeros
[2025-01-29 09:43:52,782][gurobipy][INFO] - Variable types: 2167 continuous, 61 integer (61 binary)
[2025-01-29 09:43:52,878][gurobipy][INFO] - Root relaxation presolved: 2228 rows, 104055 columns, 309870 nonzeros
[2025-01-29 09:43:52,878][gurobipy][INFO] - 
[2025-01-29 09:43:52,932][gurobipy][INFO] - 
[2025-01-29 09:43:52,932][gurobipy][INFO] - Root relaxation: objective 1.000000e+00, 286 iterations, 0.15 seconds (0.31 work units)
[2025-01-29 09:43:52,940][gurobipy][INFO] - 
[2025-01-29 09:43:52,940][gurobipy][INFO] -     Nodes    |    Current Node    |     Objective Bounds      |     Work
[2025-01-29 09:43:52,940][gurobipy][INFO] -  Expl Unexpl |  Obj  Depth IntInf | Incumbent    BestBd   Gap | It/Node Time
[2025-01-29 09:43:52,940][gurobipy][INFO] - 
[2025-01-29 09:43:52,940][gurobipy][INFO] -      0     0    1.00000    0    2   -0.00000    1.00000      -     -    0s
[2025-01-29 09:43:53,011][gurobipy][INFO] - H    0     0                       0.0576968    1.00000  1633%     -    0s
[2025-01-29 09:43:53,048][gurobipy][INFO] - H    0     0                       0.0617740    1.00000  1519%     -    1s
[2025-01-29 09:43:54,196][gurobipy][INFO] -      0     0    1.00000    0   57    0.06177    1.00000  1519%     -    2s
[2025-01-29 09:43:54,620][gurobipy][INFO] -      0     0    1.00000    0   38    0.06177    1.00000  1519%     -    2s
[2025-01-29 09:43:54,679][gurobipy][INFO] - H    0     0                       0.0981909    1.00000   918%     -    2s
[2025-01-29 09:43:54,694][gurobipy][INFO] - H    0     0                       0.2629096    1.00000   280%     -    2s
[2025-01-29 09:43:54,907][gurobipy][INFO] -      0     0    1.00000    0   26    0.26291    1.00000   280%     -    2s
[2025-01-29 09:43:55,630][gurobipy][INFO] -      0     0    1.00000    0    9    0.26291    1.00000   280%     -    3s
[2025-01-29 09:43:55,647][gurobipy][INFO] - H    0     0                       0.2770439    1.00000   261%     -    3s
[2025-01-29 09:43:56,166][gurobipy][INFO] - H    0     0                       0.3226179    1.00000   210%     -    4s
[2025-01-29 09:43:56,581][gurobipy][INFO] -      0     0    1.00000    0    9    0.32262    1.00000   210%     -    4s
[2025-01-29 09:43:56,626][gurobipy][INFO] - H    0     0                       0.3581710    1.00000   179%     -    4s
[2025-01-29 09:43:56,783][gurobipy][INFO] - H    0     0                       0.3741355    1.00000   167%     -    4s
[2025-01-29 09:43:56,784][gurobipy][INFO] - H    0     0                       0.3916704    1.00000   155%     -    4s
[2025-01-29 09:43:56,831][gurobipy][INFO] -      0     0    0.39167    0   13    0.39167    0.39167  0.00%     -    4s
[2025-01-29 09:43:56,831][gurobipy][INFO] - 
[2025-01-29 09:43:56,831][gurobipy][INFO] - Cutting planes:
[2025-01-29 09:43:56,831][gurobipy][INFO] -   Gomory: 3
[2025-01-29 09:43:56,831][gurobipy][INFO] -   MIR: 17
[2025-01-29 09:43:56,832][gurobipy][INFO] -   RLT: 15
[2025-01-29 09:43:56,833][gurobipy][INFO] - 
[2025-01-29 09:43:56,833][gurobipy][INFO] - Explored 1 nodes (5461 simplex iterations) in 4.80 seconds (9.83 work units)
[2025-01-29 09:43:56,834][gurobipy][INFO] - Thread count was 32 (of 128 available processors)
[2025-01-29 09:43:56,834][gurobipy][INFO] - 
[2025-01-29 09:43:56,834][gurobipy][INFO] - Solution count 10: 0.39167 0.374135 0.358171 ... -0
[2025-01-29 09:43:56,834][gurobipy][INFO] - No other solutions better than 0.39167
[2025-01-29 09:43:56,834][gurobipy][INFO] - 
[2025-01-29 09:43:56,834][gurobipy][INFO] - Optimal solution found (tolerance 1.00e-04)
[2025-01-29 09:43:56,835][gurobipy][INFO] - Best objective 3.916704418471e-01, best bound 3.916704418471e-01, gap 0.0000%
[2025-01-29 09:43:56,942][__main__][INFO] - Finished size 3724 (2/5)
[2025-01-29 09:44:33,754][gurobipy][INFO] - Set parameter TimeLimit to value 600
[2025-01-29 09:44:33,826][gurobipy][INFO] - Gurobi Optimizer version 11.0.2 build v11.0.2rc0 (linux64)
[2025-01-29 09:44:33,826][gurobipy][INFO] - 
[2025-01-29 09:44:33,838][gurobipy][INFO] - CPU model: AMD EPYC 7543 32-Core Processor, instruction set [SSE2|AVX|AVX2]
[2025-01-29 09:44:33,838][gurobipy][INFO] - Thread count: 64 physical cores, 128 logical processors, using up to 32 threads
[2025-01-29 09:44:33,838][gurobipy][INFO] - 
[2025-01-29 09:44:33,838][gurobipy][INFO] - Optimize a model with 357195 rows, 5479 columns and 925456 nonzeros
[2025-01-29 09:44:33,845][gurobipy][INFO] - Model fingerprint: 0xa072d1ca
[2025-01-29 09:44:33,845][gurobipy][INFO] - Variable types: 5413 continuous, 66 integer (66 binary)
[2025-01-29 09:44:33,846][gurobipy][INFO] - Coefficient statistics:
[2025-01-29 09:44:33,846][gurobipy][INFO] -   Matrix range     [7e-05, 2e+00]
[2025-01-29 09:44:33,846][gurobipy][INFO] -   Objective range  [1e+00, 1e+00]
[2025-01-29 09:44:33,846][gurobipy][INFO] -   Bounds range     [1e+00, 1e+00]
[2025-01-29 09:44:33,846][gurobipy][INFO] -   RHS range        [1e+00, 1e+01]
[2025-01-29 09:44:33,896][gurobipy][INFO] - Found heuristic solution: objective -0.0000000
[2025-01-29 09:44:35,687][gurobipy][INFO] - Presolve removed 81180 rows and 1 columns
[2025-01-29 09:44:35,687][gurobipy][INFO] - Presolve time: 1.79s
[2025-01-29 09:44:35,687][gurobipy][INFO] - Presolved: 276015 rows, 5478 columns, 833452 nonzeros
[2025-01-29 09:44:35,864][gurobipy][INFO] - Variable types: 5413 continuous, 65 integer (65 binary)
[2025-01-29 09:44:36,132][gurobipy][INFO] - Root relaxation presolved: 5478 rows, 281493 columns, 838930 nonzeros
[2025-01-29 09:44:36,133][gurobipy][INFO] - 
[2025-01-29 09:44:36,223][gurobipy][INFO] - 
[2025-01-29 09:44:36,223][gurobipy][INFO] - Root relaxation: objective 1.000000e+00, 88 iterations, 0.35 seconds (0.69 work units)
[2025-01-29 09:44:36,239][gurobipy][INFO] - 
[2025-01-29 09:44:36,239][gurobipy][INFO] -     Nodes    |    Current Node    |     Objective Bounds      |     Work
[2025-01-29 09:44:36,239][gurobipy][INFO] -  Expl Unexpl |  Obj  Depth IntInf | Incumbent    BestBd   Gap | It/Node Time
[2025-01-29 09:44:36,239][gurobipy][INFO] - 
[2025-01-29 09:44:36,239][gurobipy][INFO] -      0     0    1.00000    0    1   -0.00000    1.00000      -     -    2s
[2025-01-29 09:44:36,251][gurobipy][INFO] - H    0     0                       0.0272336    1.00000  3572%     -    2s
[2025-01-29 09:44:36,410][gurobipy][INFO] - H    0     0                       0.0566735    1.00000  1664%     -    2s
[2025-01-29 09:44:36,485][gurobipy][INFO] - H    0     0                       0.0635873    1.00000  1473%     -    2s
[2025-01-29 09:44:40,376][gurobipy][INFO] -      0     0    1.00000    0   63    0.06359    1.00000  1473%     -    6s
[2025-01-29 09:44:41,713][gurobipy][INFO] -      0     0    1.00000    0   34    0.06359    1.00000  1473%     -    7s
[2025-01-29 09:44:41,984][gurobipy][INFO] - H    0     0                       0.0942216    1.00000   961%     -    8s
[2025-01-29 09:44:42,753][gurobipy][INFO] -      0     0    1.00000    0   28    0.09422    1.00000   961%     -    8s
[2025-01-29 09:44:46,417][gurobipy][INFO] -      0     0    1.00000    0    5    0.09422    1.00000   961%     -   12s
[2025-01-29 09:44:49,517][gurobipy][INFO] -      0     0    1.00000    0   26    0.09422    1.00000   961%     -   15s
[2025-01-29 09:44:49,771][gurobipy][INFO] - H    0     0                       0.2289986    1.00000   337%     -   15s
[2025-01-29 09:44:50,024][gurobipy][INFO] -      0     0    1.00000    0   18    0.22900    1.00000   337%     -   16s
[2025-01-29 09:44:55,431][gurobipy][INFO] -      0     0    1.00000    0   18    0.22900    1.00000   337%     -   21s
[2025-01-29 09:45:01,656][gurobipy][INFO] -      0     0    1.00000    0   19    0.22900    1.00000   337%     -   27s
[2025-01-29 09:45:02,255][gurobipy][INFO] -      0     0    1.00000    0   19    0.22900    1.00000   337%     -   28s
[2025-01-29 09:45:06,343][gurobipy][INFO] -      0     0    1.00000    0   22    0.22900    1.00000   337%     -   32s
[2025-01-29 09:45:07,231][gurobipy][INFO] -      0     0    1.00000    0   21    0.22900    1.00000   337%     -   33s
[2025-01-29 09:45:11,609][gurobipy][INFO] -      0     0    1.00000    0   20    0.22900    1.00000   337%     -   37s
[2025-01-29 09:45:12,761][gurobipy][INFO] -      0     0    1.00000    0   19    0.22900    1.00000   337%     -   38s
[2025-01-29 09:45:17,478][gurobipy][INFO] -      0     0    1.00000    0   21    0.22900    1.00000   337%     -   43s
[2025-01-29 09:45:21,575][gurobipy][INFO] -      0     0    1.00000    0   21    0.22900    1.00000   337%     -   47s
[2025-01-29 09:45:31,912][gurobipy][INFO] -      0     2    1.00000    0   21    0.22900    1.00000   337%     -   58s
[2025-01-29 09:45:37,956][gurobipy][INFO] -      1     4    0.90909    1   18    0.22900    1.00000   337% 11949   64s
[2025-01-29 09:45:38,988][gurobipy][INFO] -      3     4    0.90000    2   17    0.22900    0.90904   297%  4867   65s
[2025-01-29 09:45:44,972][gurobipy][INFO] -     19     8    0.85989    5   15    0.22900    0.88127   285%  1228   71s
[2025-01-29 09:45:49,402][gurobipy][INFO] -     47    12    0.80220    8   13    0.22900    0.83330   264%   673   75s
[2025-01-29 09:45:54,383][gurobipy][INFO] -     91     6    0.57509   12    9    0.22900    0.68542   199%   458   80s
[2025-01-29 09:45:59,613][gurobipy][INFO] -    109    12    0.45421   15   10    0.22900    0.50827   122%   451   85s
[2025-01-29 09:46:01,899][gurobipy][INFO] - *  131     6              17       0.3348360    0.41936  25.2%   480   88s
[2025-01-29 09:46:02,009][gurobipy][INFO] - *  147     0              18       0.3494337    0.34943  0.00%   456   88s
[2025-01-29 09:46:02,015][gurobipy][INFO] - 
[2025-01-29 09:46:02,015][gurobipy][INFO] - Cutting planes:
[2025-01-29 09:46:02,015][gurobipy][INFO] -   Implied bound: 1
[2025-01-29 09:46:02,015][gurobipy][INFO] -   MIR: 19
[2025-01-29 09:46:02,015][gurobipy][INFO] -   RLT: 9
[2025-01-29 09:46:02,015][gurobipy][INFO] -   Relax-and-lift: 26
[2025-01-29 09:46:02,023][gurobipy][INFO] - 
[2025-01-29 09:46:02,023][gurobipy][INFO] - Explored 148 nodes (109439 simplex iterations) in 88.18 seconds (258.40 work units)
[2025-01-29 09:46:02,023][gurobipy][INFO] - Thread count was 32 (of 128 available processors)
[2025-01-29 09:46:02,023][gurobipy][INFO] - 
[2025-01-29 09:46:02,023][gurobipy][INFO] - Solution count 8: 0.349434 0.334836 0.228999 ... -0
[2025-01-29 09:46:02,023][gurobipy][INFO] - No other solutions better than 0.349434
[2025-01-29 09:46:02,023][gurobipy][INFO] - 
[2025-01-29 09:46:02,023][gurobipy][INFO] - Optimal solution found (tolerance 1.00e-04)
[2025-01-29 09:46:02,026][gurobipy][INFO] - Best objective 3.494336865181e-01, best bound 3.494336865181e-01, gap 0.0000%
[2025-01-29 09:46:02,285][__main__][INFO] - Finished size 13867 (3/5)
[2025-01-29 09:47:07,009][gurobipy][INFO] - Set parameter TimeLimit to value 600
[2025-01-29 09:47:07,192][gurobipy][INFO] - Gurobi Optimizer version 11.0.2 build v11.0.2rc0 (linux64)
[2025-01-29 09:47:07,192][gurobipy][INFO] - 
[2025-01-29 09:47:07,204][gurobipy][INFO] - CPU model: AMD EPYC 7543 32-Core Processor, instruction set [SSE2|AVX|AVX2]
[2025-01-29 09:47:07,204][gurobipy][INFO] - Thread count: 64 physical cores, 128 logical processors, using up to 32 threads
[2025-01-29 09:47:07,204][gurobipy][INFO] - 
[2025-01-29 09:47:07,204][gurobipy][INFO] - Optimize a model with 821835 rows, 12519 columns and 2129296 nonzeros
[2025-01-29 09:47:07,221][gurobipy][INFO] - Model fingerprint: 0x00ff632f
[2025-01-29 09:47:07,221][gurobipy][INFO] - Variable types: 12453 continuous, 66 integer (66 binary)
[2025-01-29 09:47:07,222][gurobipy][INFO] - Coefficient statistics:
[2025-01-29 09:47:07,222][gurobipy][INFO] -   Matrix range     [2e-05, 2e+00]
[2025-01-29 09:47:07,222][gurobipy][INFO] -   Objective range  [1e+00, 1e+00]
[2025-01-29 09:47:07,222][gurobipy][INFO] -   Bounds range     [1e+00, 1e+00]
[2025-01-29 09:47:07,223][gurobipy][INFO] -   RHS range        [1e+00, 1e+01]
[2025-01-29 09:47:07,341][gurobipy][INFO] - Found heuristic solution: objective -0.0000000
[2025-01-29 09:47:10,572][gurobipy][INFO] - Presolve removed 186778 rows and 1 columns
[2025-01-29 09:47:10,572][gurobipy][INFO] - Presolve time: 3.23s
[2025-01-29 09:47:10,572][gurobipy][INFO] - Presolved: 635057 rows, 12518 columns, 1917618 nonzeros
[2025-01-29 09:47:10,972][gurobipy][INFO] - Variable types: 12453 continuous, 65 integer (65 binary)
[2025-01-29 09:47:11,715][gurobipy][INFO] - Root relaxation presolved: 12518 rows, 647575 columns, 1930136 nonzeros
[2025-01-29 09:47:11,715][gurobipy][INFO] - 
[2025-01-29 09:47:11,716][gurobipy][INFO] - Deterministic concurrent LP optimizer: primal and dual simplex
[2025-01-29 09:47:11,716][gurobipy][INFO] - Showing primal log only...
[2025-01-29 09:47:11,716][gurobipy][INFO] - 
[2025-01-29 09:47:11,890][gurobipy][INFO] - Concurrent spin time: 0.00s
[2025-01-29 09:47:11,890][gurobipy][INFO] - 
[2025-01-29 09:47:11,890][gurobipy][INFO] - Solved with dual simplex
[2025-01-29 09:47:11,943][gurobipy][INFO] - 
[2025-01-29 09:47:11,943][gurobipy][INFO] - Root relaxation: objective 1.000000e+00, 213 iterations, 0.95 seconds (1.68 work units)
[2025-01-29 09:47:12,118][gurobipy][INFO] - 
[2025-01-29 09:47:12,118][gurobipy][INFO] -     Nodes    |    Current Node    |     Objective Bounds      |     Work
[2025-01-29 09:47:12,118][gurobipy][INFO] -  Expl Unexpl |  Obj  Depth IntInf | Incumbent    BestBd   Gap | It/Node Time
[2025-01-29 09:47:12,118][gurobipy][INFO] - 
[2025-01-29 09:47:12,118][gurobipy][INFO] -      0     0    1.00000    0    7   -0.00000    1.00000      -     -    4s
[2025-01-29 09:47:12,238][gurobipy][INFO] - H    0     0                       0.0006488    1.00000      -     -    5s
[2025-01-29 09:47:12,667][gurobipy][INFO] - H    0     0                       0.0037524    1.00000      -     -    5s
[2025-01-29 09:47:40,367][gurobipy][INFO] -      0     0    1.00000    0   65    0.00375    1.00000      -     -   33s
[2025-01-29 09:47:40,640][gurobipy][INFO] -      0     0    1.00000    0   63    0.00375    1.00000      -     -   33s
[2025-01-29 09:47:41,820][gurobipy][INFO] - H    0     0                       0.0063178    1.00000      -     -   34s
[2025-01-29 09:48:24,670][gurobipy][INFO] -      0     0    1.00000    0   62    0.00632    1.00000      -     -   77s
[2025-01-29 09:48:27,996][gurobipy][INFO] -      0     0    1.00000    0   62    0.00632    1.00000      -     -   80s
[2025-01-29 09:49:01,579][gurobipy][INFO] -      0     0    1.00000    0   61    0.00632    1.00000      -     -  114s
[2025-01-29 09:49:03,730][gurobipy][INFO] - H    0     0                       0.0067593    1.00000      -     -  116s
[2025-01-29 09:49:04,090][gurobipy][INFO] - H    0     0                       0.0508402    1.00000  1867%     -  116s
[2025-01-29 09:49:13,841][gurobipy][INFO] -      0     0    1.00000    0   61    0.05084    1.00000  1867%     -  126s
[2025-01-29 09:49:16,155][gurobipy][INFO] - H    0     0                       0.0894110    1.00000  1018%     -  128s
[2025-01-29 09:49:27,096][gurobipy][INFO] -      0     0    1.00000    0   61    0.08941    1.00000  1018%     -  139s
[2025-01-29 09:49:36,603][gurobipy][INFO] -      0     0    1.00000    0   61    0.08941    1.00000  1018%     -  149s
[2025-01-29 09:49:39,698][gurobipy][INFO] - H    0     0                       0.2918726    1.00000   243%     -  152s
[2025-01-29 09:49:52,137][gurobipy][INFO] -      0     0    1.00000    0   61    0.29187    1.00000   243%     -  164s
[2025-01-29 09:50:02,188][gurobipy][INFO] -      0     0    1.00000    0   61    0.29187    1.00000   243%     -  174s
[2025-01-29 09:50:19,500][gurobipy][INFO] -      0     0    1.00000    0   61    0.29187    1.00000   243%     -  192s
[2025-01-29 09:51:40,523][gurobipy][INFO] -      0     2    1.00000    0   61    0.29187    1.00000   243%     -  273s
[2025-01-29 09:51:44,188][gurobipy][INFO] -      1     2    1.00000    1   60    0.29187    1.00000   243%  1055  276s
[2025-01-29 09:51:47,248][gurobipy][INFO] -      3     2    1.00000    2   59    0.29187    1.00000   243%   421  280s
[2025-01-29 09:51:54,399][gurobipy][INFO] -      9     2    1.00000    5   53    0.29187    1.00000   243%   150  287s
[2025-01-29 09:51:59,782][gurobipy][INFO] -     13     2    1.00000    7   54    0.29187    1.00000   243%   109  292s
[2025-01-29 09:52:02,662][gurobipy][INFO] -     15     2    1.00000    8   53    0.29187    1.00000   243%   108  295s
[2025-01-29 09:52:09,879][gurobipy][INFO] -     19     2    1.00000   10   51    0.29187    1.00000   243%  99.5  302s
[2025-01-29 09:52:12,995][gurobipy][INFO] -     21     2    1.00000   11   50    0.29187    1.00000   243%  97.6  305s
[2025-01-29 09:52:18,122][gurobipy][INFO] -     25     2    1.00000   13   48    0.29187    1.00000   243%  83.6  310s
[2025-01-29 09:52:22,323][gurobipy][INFO] -     31     2    1.00000   16   45    0.29187    1.00000   243%  80.7  315s
[2025-01-29 09:52:27,659][gurobipy][INFO] -     37     2    1.00000   19   33    0.29187    1.00000   243%   120  320s
[2025-01-29 09:52:34,096][gurobipy][INFO] -     43     2    1.00000   22   37    0.29187    1.00000   243%   116  326s
[2025-01-29 09:52:44,761][gurobipy][INFO] -     45     2    1.00000   23   22    0.29187    1.00000   243%   171  337s
[2025-01-29 09:52:49,385][gurobipy][INFO] -     49     2    1.00000   25   21    0.29187    1.00000   243%   169  342s
[2025-01-29 09:52:53,009][gurobipy][INFO] -     61     2    1.00000   31   18    0.29187    1.00000   243%   172  345s
[2025-01-29 09:53:02,072][gurobipy][INFO] -     65     2    1.00000   33   14    0.29187    1.00000   243%   197  354s
[2025-01-29 09:53:04,589][gurobipy][INFO] -     67     2    1.00000   34   11    0.29187    1.00000   243%   210  357s
[2025-01-29 09:53:07,864][gurobipy][INFO] -     69     2    1.00000   35   16    0.29187    1.00000   243%   205  360s
[2025-01-29 09:53:20,065][gurobipy][INFO] -     75     2    1.00000   38   14    0.29187    1.00000   243%   225  372s
[2025-01-29 09:53:23,669][gurobipy][INFO] -     79     2    1.00000   40   15    0.29187    1.00000   243%   245  376s
[2025-01-29 09:53:31,017][gurobipy][INFO] -     85     2    1.00000   43   15    0.29187    1.00000   243%   258  383s
[2025-01-29 09:53:35,413][gurobipy][INFO] -     87     2    1.00000   44   14    0.29187    1.00000   243%   285  388s
[2025-01-29 09:53:37,906][gurobipy][INFO] -     89     2    1.00000   45   14    0.29187    1.00000   243%   287  390s
[2025-01-29 09:54:19,711][gurobipy][INFO] -     91     4    0.62300   46   10    0.29187    1.00000   243%   484  432s
[2025-01-29 09:54:41,423][gurobipy][INFO] -     93     4    0.54561   47   12    0.29187    0.65323   124%   567  454s
[2025-01-29 09:54:56,356][gurobipy][INFO] -     97     6    0.45232   48   13    0.29187    0.57508  97.0%   611  469s
[2025-01-29 09:55:18,727][gurobipy][INFO] -    101     4    0.34046   49    8    0.29187    0.50862  74.3%   729  491s
[2025-01-29 09:55:26,388][gurobipy][INFO] -    107     2     cutoff   50         0.29187    0.44879  53.8%   804  499s
[2025-01-29 09:55:27,515][gurobipy][INFO] -    111     2     cutoff   51         0.29187    0.39258  34.5%   830  500s
[2025-01-29 09:55:27,862][gurobipy][INFO] - *  113     2              52       0.3789356    0.39058  3.07%   820  500s
[2025-01-29 09:55:28,108][gurobipy][INFO] - *  115     0              53       0.3794856    0.38633  1.80%   807  500s
[2025-01-29 09:55:28,135][gurobipy][INFO] - 
[2025-01-29 09:55:28,135][gurobipy][INFO] - Cutting planes:
[2025-01-29 09:55:28,135][gurobipy][INFO] -   Implied bound: 1
[2025-01-29 09:55:28,135][gurobipy][INFO] -   MIR: 4
[2025-01-29 09:55:28,135][gurobipy][INFO] -   RLT: 9
[2025-01-29 09:55:28,171][gurobipy][INFO] - 
[2025-01-29 09:55:28,171][gurobipy][INFO] - Explored 117 nodes (114351 simplex iterations) in 500.97 seconds (1879.72 work units)
[2025-01-29 09:55:28,171][gurobipy][INFO] - Thread count was 32 (of 128 available processors)
[2025-01-29 09:55:28,171][gurobipy][INFO] - 
[2025-01-29 09:55:28,171][gurobipy][INFO] - Solution count 10: 0.379486 0.378936 0.291873 ... -0
[2025-01-29 09:55:28,172][gurobipy][INFO] - No other solutions better than 0.379486
[2025-01-29 09:55:28,172][gurobipy][INFO] - 
[2025-01-29 09:55:28,172][gurobipy][INFO] - Optimal solution found (tolerance 1.00e-04)
[2025-01-29 09:55:28,185][gurobipy][INFO] - Best objective 3.794855612687e-01, best bound 3.794855612687e-01, gap 0.0000%
[2025-01-29 09:55:28,778][__main__][INFO] - Finished size 51636 (4/5)
[2025-01-29 09:57:46,155][gurobipy][INFO] - Set parameter TimeLimit to value 600
[2025-01-29 09:57:46,542][gurobipy][INFO] - Gurobi Optimizer version 11.0.2 build v11.0.2rc0 (linux64)
[2025-01-29 09:57:46,542][gurobipy][INFO] - 
[2025-01-29 09:57:46,554][gurobipy][INFO] - CPU model: AMD EPYC 7543 32-Core Processor, instruction set [SSE2|AVX|AVX2]
[2025-01-29 09:57:46,554][gurobipy][INFO] - Thread count: 64 physical cores, 128 logical processors, using up to 32 threads
[2025-01-29 09:57:46,554][gurobipy][INFO] - 
[2025-01-29 09:57:46,554][gurobipy][INFO] - Optimize a model with 1732701 rows, 26320 columns and 4489267 nonzeros
[2025-01-29 09:57:46,589][gurobipy][INFO] - Model fingerprint: 0x3fd8e090
[2025-01-29 09:57:46,590][gurobipy][INFO] - Variable types: 26254 continuous, 66 integer (66 binary)
[2025-01-29 09:57:46,593][gurobipy][INFO] - Coefficient statistics:
[2025-01-29 09:57:46,593][gurobipy][INFO] -   Matrix range     [5e-06, 2e+00]
[2025-01-29 09:57:46,593][gurobipy][INFO] -   Objective range  [1e+00, 1e+00]
[2025-01-29 09:57:46,593][gurobipy][INFO] -   Bounds range     [1e+00, 1e+00]
[2025-01-29 09:57:46,593][gurobipy][INFO] -   RHS range        [1e+00, 1e+01]
[2025-01-29 09:57:46,958][gurobipy][INFO] - Found heuristic solution: objective 0.0000000
[2025-01-29 09:57:51,959][gurobipy][INFO] - Presolve removed 367542 rows and 0 columns (presolve time = 5s) ...
[2025-01-29 09:57:53,632][gurobipy][INFO] - Presolve removed 393786 rows and 1 columns
[2025-01-29 09:57:53,632][gurobipy][INFO] - Presolve time: 6.67s
[2025-01-29 09:57:53,632][gurobipy][INFO] - Presolved: 1338915 rows, 26319 columns, 4042993 nonzeros
[2025-01-29 09:57:54,468][gurobipy][INFO] - Variable types: 26254 continuous, 65 integer (65 binary)
[2025-01-29 09:57:56,183][gurobipy][INFO] - Root relaxation presolved: 26319 rows, 1365234 columns, 4069312 nonzeros
[2025-01-29 09:57:56,183][gurobipy][INFO] - 
[2025-01-29 09:57:56,186][gurobipy][INFO] - Deterministic concurrent LP optimizer: primal simplex, dual simplex, and barrier
[2025-01-29 09:57:56,186][gurobipy][INFO] - Showing barrier log only...
[2025-01-29 09:57:56,186][gurobipy][INFO] - 
[2025-01-29 09:57:56,879][gurobipy][INFO] - Concurrent spin time: 0.01s
[2025-01-29 09:57:56,879][gurobipy][INFO] - 
[2025-01-29 09:57:56,879][gurobipy][INFO] - Solved with dual simplex
[2025-01-29 09:57:56,997][gurobipy][INFO] - 
[2025-01-29 09:57:56,997][gurobipy][INFO] - Root simplex log...
[2025-01-29 09:57:56,997][gurobipy][INFO] - 
[2025-01-29 09:57:56,997][gurobipy][INFO] - Iteration    Objective       Primal Inf.    Dual Inf.      Time
[2025-01-29 09:57:56,997][gurobipy][INFO] -      391    1.0000000e+00   0.000000e+00   0.000000e+00     10s
[2025-01-29 09:57:56,998][gurobipy][INFO] - 
[2025-01-29 09:57:56,998][gurobipy][INFO] - Root relaxation: objective 1.000000e+00, 391 iterations, 2.49 seconds (4.23 work units)
[2025-01-29 09:57:57,473][gurobipy][INFO] - 
[2025-01-29 09:57:57,474][gurobipy][INFO] -     Nodes    |    Current Node    |     Objective Bounds      |     Work
[2025-01-29 09:57:57,474][gurobipy][INFO] -  Expl Unexpl |  Obj  Depth IntInf | Incumbent    BestBd   Gap | It/Node Time
[2025-01-29 09:57:57,474][gurobipy][INFO] - 
[2025-01-29 09:57:57,474][gurobipy][INFO] -      0     0    1.00000    0    9    0.00000    1.00000      -     -   10s
[2025-01-29 09:57:59,786][gurobipy][INFO] - H    0     0                       0.0011035    1.00000      -     -   13s
[2025-01-29 09:58:02,711][gurobipy][INFO] -      0     0    1.00000    0   12    0.00110    1.00000      -     -   16s
[2025-01-29 09:58:05,914][gurobipy][INFO] -      0     0    1.00000    0   12    0.00110    1.00000      -     -   19s
[2025-01-29 09:58:19,190][gurobipy][INFO] -      0     0    1.00000    0   11    0.00110    1.00000      -     -   32s
[2025-01-29 09:58:22,123][gurobipy][INFO] -      0     0    1.00000    0   11    0.00110    1.00000      -     -   35s
[2025-01-29 09:58:24,611][gurobipy][INFO] -      0     0    1.00000    0    7    0.00110    1.00000      -     -   38s
[2025-01-29 09:59:38,564][gurobipy][INFO] -      0     0    1.00000    0   65    0.00110    1.00000      -     -  112s
[2025-01-29 10:00:00,352][gurobipy][INFO] -      0     0    1.00000    0   64    0.00110    1.00000      -     -  133s
[2025-01-29 10:00:06,712][gurobipy][INFO] - H    0     0                       0.0411825    1.00000  2328%     -  140s
[2025-01-29 10:03:05,677][gurobipy][INFO] -      0     0    1.00000    0   63    0.04118    1.00000  2328%     -  319s
[2025-01-29 10:03:27,190][gurobipy][INFO] -      0     0    1.00000    0   63    0.04118    1.00000  2328%     -  340s
[2025-01-29 10:05:10,523][gurobipy][INFO] -      0     0    1.00000    0   63    0.04118    1.00000  2328%     -  443s
[2025-01-29 10:05:56,425][gurobipy][INFO] -      0     0    1.00000    0   63    0.04118    1.00000  2328%     -  489s
[2025-01-29 10:06:02,287][gurobipy][INFO] - H    0     0                       0.0449825    1.00000  2123%     -  495s
[2025-01-29 10:06:03,397][gurobipy][INFO] -      0     0    1.00000    0   63    0.04498    1.00000  2123%     -  496s
[2025-01-29 10:06:23,632][gurobipy][INFO] -      0     0    1.00000    0   61    0.04498    1.00000  2123%     -  517s
[2025-01-29 10:07:06,854][gurobipy][INFO] -      0     0    1.00000    0   61    0.04498    1.00000  2123%     -  560s
[2025-01-29 10:07:46,565][gurobipy][INFO] - 
[2025-01-29 10:07:46,565][gurobipy][INFO] - Cutting planes:
[2025-01-29 10:07:46,565][gurobipy][INFO] -   Implied bound: 1
[2025-01-29 10:07:46,565][gurobipy][INFO] -   MIR: 5
[2025-01-29 10:07:46,565][gurobipy][INFO] -   RLT: 8
[2025-01-29 10:07:46,594][gurobipy][INFO] - 
[2025-01-29 10:07:46,594][gurobipy][INFO] - Explored 1 nodes (33366 simplex iterations) in 600.04 seconds (1308.34 work units)
[2025-01-29 10:07:46,594][gurobipy][INFO] - Thread count was 32 (of 128 available processors)
[2025-01-29 10:07:46,594][gurobipy][INFO] - 
[2025-01-29 10:07:46,594][gurobipy][INFO] - Solution count 4: 0.0449825 0.0411825 0.00110348 8.471e-13 
[2025-01-29 10:07:46,594][gurobipy][INFO] - 
[2025-01-29 10:07:46,594][gurobipy][INFO] - Time limit reached
[2025-01-29 10:07:46,605][gurobipy][INFO] - Best objective 4.498250336842e-02, best bound 1.000000000005e+00, gap 2123.0866%
[2025-01-29 10:07:46,675][pyomo.core][WARNING] - Loading a SolverResults object with an 'aborted' status, but containing a solution
[2025-01-29 10:07:47,680][one_rule][INFO] - Solver did not find an optimal sollution
[2025-01-29 10:07:47,681][__main__][INFO] - Finished size 192278 (5/5)
