[2025-01-29 13:09:38,476][__main__][INFO] - In total, there are 1229 possible subgroups
[2025-01-29 13:09:38,505][__main__][INFO] - [0], []
[2025-01-29 13:09:38,696][__main__][INFO] - [1], []
[2025-01-29 13:09:38,931][__main__][INFO] - [2], []
[2025-01-29 13:09:39,148][__main__][INFO] - [3], []
[2025-01-29 13:09:39,323][__main__][INFO] - [4], []
[2025-01-29 13:09:39,538][__main__][INFO] - [5], []
[2025-01-29 13:09:39,727][__main__][INFO] - [6], []
[2025-01-29 13:09:39,812][__main__][INFO] - [7], []
[2025-01-29 13:09:39,853][__main__][INFO] - [8], []
[2025-01-29 13:09:39,874][__main__][INFO] - [9], []
[2025-01-29 13:09:39,899][__main__][INFO] - [10], []
[2025-01-29 13:09:40,776][__main__][INFO] - [11], []
[2025-01-29 13:09:40,815][__main__][INFO] - [12], []
[2025-01-29 13:09:40,971][__main__][INFO] - [13], []
[2025-01-29 13:09:40,997][__main__][INFO] - [14], []
[2025-01-29 13:09:41,021][__main__][INFO] - [15], []
[2025-01-29 13:09:41,201][__main__][INFO] - [16], []
[2025-01-29 13:09:41,782][__main__][INFO] - [], [16]
[2025-01-29 13:09:42,430][__main__][INFO] - [17], []
[2025-01-29 13:09:42,568][__main__][INFO] - [18], []
[2025-01-29 13:09:43,342][__main__][INFO] - [19], []
[2025-01-29 13:09:43,397][__main__][INFO] - [20], []
[2025-01-29 13:09:43,455][__main__][INFO] - [21], []
[2025-01-29 13:09:43,477][__main__][INFO] - [22], []
[2025-01-29 13:09:43,498][__main__][INFO] - [23], []
[2025-01-29 13:09:43,687][__main__][INFO] - [24], []
[2025-01-29 13:09:43,711][__main__][INFO] - [25], []
[2025-01-29 13:09:43,772][__main__][INFO] - [0, 10], []
[2025-01-29 13:09:43,936][__main__][INFO] - [0, 11], []
[2025-01-29 13:09:43,959][__main__][INFO] - [0, 12], []
[2025-01-29 13:09:43,986][__main__][INFO] - [0, 13], []
[2025-01-29 13:09:44,007][__main__][INFO] - [0, 14], []
[2025-01-29 13:09:44,031][__main__][INFO] - [0, 15], []
[2025-01-29 13:09:44,061][__main__][INFO] - [0, 16], []
[2025-01-29 13:09:44,156][__main__][INFO] - [0], [16]
[2025-01-29 13:09:44,255][__main__][INFO] - [0, 17], []
[2025-01-29 13:09:44,297][__main__][INFO] - [0, 18], []
[2025-01-29 13:09:44,409][__main__][INFO] - [0, 19], []
[2025-01-29 13:09:44,439][__main__][INFO] - [0, 20], []
[2025-01-29 13:09:44,466][__main__][INFO] - [0, 21], []
[2025-01-29 13:09:44,489][__main__][INFO] - [0, 22], []
[2025-01-29 13:09:44,516][__main__][INFO] - [0, 23], []
[2025-01-29 13:09:44,552][__main__][INFO] - [0, 24], []
[2025-01-29 13:09:44,610][__main__][INFO] - [1, 10], []
[2025-01-29 13:09:44,802][__main__][INFO] - [1, 11], []
[2025-01-29 13:09:44,827][__main__][INFO] - [1, 12], []
[2025-01-29 13:09:44,864][__main__][INFO] - [1, 13], []
[2025-01-29 13:09:44,886][__main__][INFO] - [1, 14], []
[2025-01-29 13:09:44,908][__main__][INFO] - [1, 15], []
[2025-01-29 13:09:44,948][__main__][INFO] - [1, 16], []
[2025-01-29 13:09:45,064][__main__][INFO] - [1], [16]
[2025-01-29 13:09:45,190][__main__][INFO] - [1, 17], []
[2025-01-29 13:09:45,240][__main__][INFO] - [1, 18], []
[2025-01-29 13:09:45,378][__main__][INFO] - [1, 19], []
[2025-01-29 13:09:45,408][__main__][INFO] - [1, 20], []
[2025-01-29 13:09:45,436][__main__][INFO] - [1, 21], []
[2025-01-29 13:09:45,459][__main__][INFO] - [1, 22], []
[2025-01-29 13:09:45,481][__main__][INFO] - [1, 23], []
[2025-01-29 13:09:45,530][__main__][INFO] - [1, 24], []
[2025-01-29 13:09:45,581][__main__][INFO] - [2, 10], []
[2025-01-29 13:09:45,734][__main__][INFO] - [2, 11], []
[2025-01-29 13:09:45,762][__main__][INFO] - [2, 12], []
[2025-01-29 13:09:45,807][__main__][INFO] - [2, 13], []
[2025-01-29 13:09:45,829][__main__][INFO] - [2, 14], []
[2025-01-29 13:09:45,855][__main__][INFO] - [2, 15], []
[2025-01-29 13:09:45,907][__main__][INFO] - [2, 16], []
[2025-01-29 13:09:46,013][__main__][INFO] - [2], [16]
[2025-01-29 13:09:46,134][__main__][INFO] - [2, 17], []
[2025-01-29 13:09:46,175][__main__][INFO] - [2, 18], []
[2025-01-29 13:09:46,310][__main__][INFO] - [2, 19], []
[2025-01-29 13:09:46,338][__main__][INFO] - [2, 20], []
[2025-01-29 13:09:46,365][__main__][INFO] - [2, 21], []
[2025-01-29 13:09:46,387][__main__][INFO] - [2, 22], []
[2025-01-29 13:09:46,410][__main__][INFO] - [2, 23], []
[2025-01-29 13:09:46,461][__main__][INFO] - [2, 24], []
[2025-01-29 13:09:46,513][__main__][INFO] - [3, 10], []
[2025-01-29 13:09:46,624][__main__][INFO] - [3, 11], []
[2025-01-29 13:09:46,652][__main__][INFO] - [3, 12], []
[2025-01-29 13:09:46,696][__main__][INFO] - [3, 13], []
[2025-01-29 13:09:46,718][__main__][INFO] - [3, 14], []
[2025-01-29 13:09:46,740][__main__][INFO] - [3, 15], []
[2025-01-29 13:09:46,791][__main__][INFO] - [3, 16], []
[2025-01-29 13:09:46,880][__main__][INFO] - [3], [16]
[2025-01-29 13:09:46,978][__main__][INFO] - [3, 17], []
[2025-01-29 13:09:47,014][__main__][INFO] - [3, 18], []
[2025-01-29 13:09:47,127][__main__][INFO] - [3, 19], []
[2025-01-29 13:09:47,152][__main__][INFO] - [3, 20], []
[2025-01-29 13:09:47,182][__main__][INFO] - [3, 21], []
[2025-01-29 13:09:47,203][__main__][INFO] - [3, 22], []
[2025-01-29 13:09:47,224][__main__][INFO] - [3, 23], []
[2025-01-29 13:09:47,270][__main__][INFO] - [3, 24], []
[2025-01-29 13:09:47,331][__main__][INFO] - [4, 10], []
[2025-01-29 13:09:47,465][__main__][INFO] - [4, 11], []
[2025-01-29 13:09:47,491][__main__][INFO] - [4, 12], []
[2025-01-29 13:09:47,540][__main__][INFO] - [4, 13], []
[2025-01-29 13:09:47,562][__main__][INFO] - [4, 14], []
[2025-01-29 13:09:47,585][__main__][INFO] - [4, 15], []
[2025-01-29 13:09:47,643][__main__][INFO] - [4, 16], []
[2025-01-29 13:09:47,753][__main__][INFO] - [4], [16]
[2025-01-29 13:09:47,874][__main__][INFO] - [4, 17], []
[2025-01-29 13:09:47,913][__main__][INFO] - [4, 18], []
[2025-01-29 13:09:48,054][__main__][INFO] - [4, 19], []
[2025-01-29 13:09:48,079][__main__][INFO] - [4, 20], []
[2025-01-29 13:09:48,107][__main__][INFO] - [4, 21], []
[2025-01-29 13:09:48,129][__main__][INFO] - [4, 22], []
[2025-01-29 13:09:48,151][__main__][INFO] - [4, 23], []
[2025-01-29 13:09:48,203][__main__][INFO] - [4, 24], []
[2025-01-29 13:09:48,264][__main__][INFO] - [5, 10], []
[2025-01-29 13:09:48,393][__main__][INFO] - [5, 11], []
[2025-01-29 13:09:48,419][__main__][INFO] - [5, 12], []
[2025-01-29 13:09:48,464][__main__][INFO] - [5, 13], []
[2025-01-29 13:09:48,489][__main__][INFO] - [5, 14], []
[2025-01-29 13:09:48,511][__main__][INFO] - [5, 15], []
[2025-01-29 13:09:48,560][__main__][INFO] - [5, 16], []
[2025-01-29 13:09:48,657][__main__][INFO] - [5], [16]
[2025-01-29 13:09:48,765][__main__][INFO] - [5, 17], []
[2025-01-29 13:09:48,796][__main__][INFO] - [5, 18], []
[2025-01-29 13:09:48,929][__main__][INFO] - [5, 19], []
[2025-01-29 13:09:48,953][__main__][INFO] - [5, 20], []
[2025-01-29 13:09:48,980][__main__][INFO] - [5, 21], []
[2025-01-29 13:09:49,002][__main__][INFO] - [5, 22], []
[2025-01-29 13:09:49,024][__main__][INFO] - [5, 23], []
[2025-01-29 13:09:49,068][__main__][INFO] - [5, 24], []
[2025-01-29 13:09:49,120][__main__][INFO] - [6, 10], []
[2025-01-29 13:09:49,185][__main__][INFO] - [6, 11], []
[2025-01-29 13:09:49,208][__main__][INFO] - [6, 12], []
[2025-01-29 13:09:49,238][__main__][INFO] - [6, 13], []
[2025-01-29 13:09:49,260][__main__][INFO] - [6, 14], []
[2025-01-29 13:09:49,282][__main__][INFO] - [6, 15], []
[2025-01-29 13:09:49,310][__main__][INFO] - [6, 16], []
[2025-01-29 13:09:49,361][__main__][INFO] - [6], [16]
[2025-01-29 13:09:49,414][__main__][INFO] - [6, 17], []
[2025-01-29 13:09:49,437][__main__][INFO] - [6, 18], []
[2025-01-29 13:09:49,504][__main__][INFO] - [6, 19], []
[2025-01-29 13:09:49,527][__main__][INFO] - [6, 20], []
[2025-01-29 13:09:49,550][__main__][INFO] - [6, 21], []
[2025-01-29 13:09:49,575][__main__][INFO] - [6, 22], []
[2025-01-29 13:09:49,597][__main__][INFO] - [6, 23], []
[2025-01-29 13:09:49,627][__main__][INFO] - [6, 24], []
[2025-01-29 13:09:49,685][__main__][INFO] - [7, 10], []
[2025-01-29 13:09:49,721][__main__][INFO] - [7, 11], []
[2025-01-29 13:09:49,743][__main__][INFO] - [7, 12], []
[2025-01-29 13:09:49,766][__main__][INFO] - [7, 13], []
[2025-01-29 13:09:49,788][__main__][INFO] - [7, 14], []
[2025-01-29 13:09:49,810][__main__][INFO] - [7, 15], []
[2025-01-29 13:09:49,833][__main__][INFO] - [7, 16], []
[2025-01-29 13:09:49,865][__main__][INFO] - [7], [16]
[2025-01-29 13:09:49,906][__main__][INFO] - [7, 17], []
[2025-01-29 13:09:49,928][__main__][INFO] - [7, 18], []
[2025-01-29 13:09:49,963][__main__][INFO] - [7, 19], []
[2025-01-29 13:09:49,989][__main__][INFO] - [7, 20], []
[2025-01-29 13:09:50,014][__main__][INFO] - [7, 21], []
[2025-01-29 13:09:50,051][__main__][INFO] - [7, 23], []
[2025-01-29 13:09:50,120][__main__][INFO] - [8, 10], []
[2025-01-29 13:09:50,144][__main__][INFO] - [8, 11], []
[2025-01-29 13:09:50,166][__main__][INFO] - [8, 12], []
[2025-01-29 13:09:50,218][__main__][INFO] - [8, 15], []
[2025-01-29 13:09:50,240][__main__][INFO] - [8, 16], []
[2025-01-29 13:09:50,263][__main__][INFO] - [8], [16]
[2025-01-29 13:09:50,287][__main__][INFO] - [8, 17], []
[2025-01-29 13:09:50,309][__main__][INFO] - [8, 18], []
[2025-01-29 13:09:50,333][__main__][INFO] - [8, 19], []
[2025-01-29 13:09:50,355][__main__][INFO] - [8, 20], []
[2025-01-29 13:09:50,407][__main__][INFO] - [8, 23], []
[2025-01-29 13:09:50,473][__main__][INFO] - [9, 10], []
[2025-01-29 13:09:50,509][__main__][INFO] - [9, 12], []
[2025-01-29 13:09:50,590][__main__][INFO] - [9, 16], []
[2025-01-29 13:09:50,612][__main__][INFO] - [9], [16]
[2025-01-29 13:09:50,660][__main__][INFO] - [9, 18], []
[2025-01-29 13:09:50,768][__main__][INFO] - [9, 23], []
[2025-01-29 13:09:50,857][__main__][INFO] - [10, 16], []
[2025-01-29 13:09:51,261][__main__][INFO] - [10], [16]
[2025-01-29 13:09:51,699][__main__][INFO] - [10, 17], []
[2025-01-29 13:09:51,778][__main__][INFO] - [10, 18], []
[2025-01-29 13:09:52,403][__main__][INFO] - [10, 19], []
[2025-01-29 13:09:52,454][__main__][INFO] - [10, 20], []
[2025-01-29 13:09:52,510][__main__][INFO] - [10, 21], []
[2025-01-29 13:09:52,538][__main__][INFO] - [10, 22], []
[2025-01-29 13:09:52,564][__main__][INFO] - [10, 23], []
[2025-01-29 13:09:52,628][__main__][INFO] - [10, 24], []
[2025-01-29 13:09:52,653][__main__][INFO] - [10, 25], []
[2025-01-29 13:09:52,694][__main__][INFO] - [11, 16], []
[2025-01-29 13:09:52,727][__main__][INFO] - [11], [16]
[2025-01-29 13:09:52,763][__main__][INFO] - [11, 17], []
[2025-01-29 13:09:52,784][__main__][INFO] - [11, 18], []
[2025-01-29 13:09:52,825][__main__][INFO] - [11, 19], []
[2025-01-29 13:09:52,851][__main__][INFO] - [11, 20], []
[2025-01-29 13:09:52,913][__main__][INFO] - [11, 23], []
[2025-01-29 13:09:52,980][__main__][INFO] - [12, 16], []
[2025-01-29 13:09:53,064][__main__][INFO] - [12], [16]
[2025-01-29 13:09:53,151][__main__][INFO] - [12, 17], []
[2025-01-29 13:09:53,173][__main__][INFO] - [12, 18], []
[2025-01-29 13:09:53,203][__main__][INFO] - [12, 19], []
[2025-01-29 13:09:53,227][__main__][INFO] - [12, 20], []
[2025-01-29 13:09:53,286][__main__][INFO] - [12, 23], []
[2025-01-29 13:09:53,469][__main__][INFO] - [13, 16], []
[2025-01-29 13:09:53,492][__main__][INFO] - [13], [16]
[2025-01-29 13:09:53,516][__main__][INFO] - [13, 17], []
[2025-01-29 13:09:53,537][__main__][INFO] - [13, 18], []
[2025-01-29 13:09:53,560][__main__][INFO] - [13, 19], []
[2025-01-29 13:09:53,582][__main__][INFO] - [13, 20], []
[2025-01-29 13:09:53,642][__main__][INFO] - [13, 23], []
[2025-01-29 13:09:53,708][__main__][INFO] - [14, 16], []
[2025-01-29 13:09:53,730][__main__][INFO] - [14], [16]
[2025-01-29 13:09:53,768][__main__][INFO] - [14, 18], []
[2025-01-29 13:09:53,791][__main__][INFO] - [14, 19], []
[2025-01-29 13:09:53,843][__main__][INFO] - [14, 22], []
[2025-01-29 13:09:53,865][__main__][INFO] - [14, 23], []
[2025-01-29 13:09:53,932][__main__][INFO] - [15, 16], []
[2025-01-29 13:09:54,018][__main__][INFO] - [15], [16]
[2025-01-29 13:09:54,126][__main__][INFO] - [15, 17], []
[2025-01-29 13:09:54,202][__main__][INFO] - [15, 18], []
[2025-01-29 13:09:54,308][__main__][INFO] - [15, 19], []
[2025-01-29 13:09:54,332][__main__][INFO] - [15, 20], []
[2025-01-29 13:09:54,355][__main__][INFO] - [15, 21], []
[2025-01-29 13:09:54,377][__main__][INFO] - [15, 22], []
[2025-01-29 13:09:54,399][__main__][INFO] - [15, 23], []
[2025-01-29 13:09:54,425][__main__][INFO] - [15, 24], []
[2025-01-29 13:09:54,477][__main__][INFO] - [16, 17], []
[2025-01-29 13:09:54,545][__main__][INFO] - [16, 18], []
[2025-01-29 13:09:54,888][__main__][INFO] - [16, 19], []
[2025-01-29 13:09:54,925][__main__][INFO] - [16, 20], []
[2025-01-29 13:09:54,964][__main__][INFO] - [16, 21], []
[2025-01-29 13:09:54,987][__main__][INFO] - [16, 22], []
[2025-01-29 13:09:55,013][__main__][INFO] - [16, 23], []
[2025-01-29 13:09:55,113][__main__][INFO] - [16, 24], []
[2025-01-29 13:09:55,166][__main__][INFO] - [17], [16]
[2025-01-29 13:09:55,248][__main__][INFO] - [18], [16]
[2025-01-29 13:09:55,641][__main__][INFO] - [19], [16]
[2025-01-29 13:09:55,682][__main__][INFO] - [20], [16]
[2025-01-29 13:09:55,723][__main__][INFO] - [21], [16]
[2025-01-29 13:09:55,750][__main__][INFO] - [22], [16]
[2025-01-29 13:09:55,772][__main__][INFO] - [23], [16]
[2025-01-29 13:09:55,869][__main__][INFO] - [24], [16]
[2025-01-29 13:09:55,953][__main__][INFO] - [0, 10, 16], []
[2025-01-29 13:09:56,043][__main__][INFO] - [0, 10], [16]
[2025-01-29 13:09:56,134][__main__][INFO] - [0, 10, 17], []
[2025-01-29 13:09:56,174][__main__][INFO] - [0, 10, 18], []
[2025-01-29 13:09:56,281][__main__][INFO] - [0, 10, 19], []
[2025-01-29 13:09:56,312][__main__][INFO] - [0, 10, 20], []
[2025-01-29 13:09:56,340][__main__][INFO] - [0, 10, 21], []
[2025-01-29 13:09:56,367][__main__][INFO] - [0, 10, 22], []
[2025-01-29 13:09:56,391][__main__][INFO] - [0, 10, 23], []
[2025-01-29 13:09:56,428][__main__][INFO] - [0, 10, 24], []
[2025-01-29 13:09:56,484][__main__][INFO] - [0, 11, 16], []
[2025-01-29 13:09:56,509][__main__][INFO] - [0, 11], [16]
[2025-01-29 13:09:56,549][__main__][INFO] - [0, 11, 18], []
[2025-01-29 13:09:56,575][__main__][INFO] - [0, 11, 19], []
[2025-01-29 13:09:56,647][__main__][INFO] - [0, 11, 23], []
[2025-01-29 13:09:56,731][__main__][INFO] - [0, 12, 16], []
[2025-01-29 13:09:56,758][__main__][INFO] - [0, 12], [16]
[2025-01-29 13:09:56,800][__main__][INFO] - [0, 12, 18], []
[2025-01-29 13:09:56,828][__main__][INFO] - [0, 12, 19], []
[2025-01-29 13:09:56,909][__main__][INFO] - [0, 12, 23], []
[2025-01-29 13:09:56,985][__main__][INFO] - [0, 13, 16], []
[2025-01-29 13:09:57,009][__main__][INFO] - [0, 13], [16]
[2025-01-29 13:09:57,049][__main__][INFO] - [0, 13, 18], []
[2025-01-29 13:09:57,089][__main__][INFO] - [0, 13, 20], []
[2025-01-29 13:09:57,207][__main__][INFO] - [0, 14, 16], []
[2025-01-29 13:09:57,230][__main__][INFO] - [0, 14], [16]
[2025-01-29 13:09:57,271][__main__][INFO] - [0, 14, 18], []
[2025-01-29 13:09:57,351][__main__][INFO] - [0, 14, 22], []
[2025-01-29 13:09:57,437][__main__][INFO] - [0, 15, 16], []
[2025-01-29 13:09:57,467][__main__][INFO] - [0, 15], [16]
[2025-01-29 13:09:57,502][__main__][INFO] - [0, 15, 17], []
[2025-01-29 13:09:57,529][__main__][INFO] - [0, 15, 18], []
[2025-01-29 13:09:57,557][__main__][INFO] - [0, 15, 19], []
[2025-01-29 13:09:57,582][__main__][INFO] - [0, 15, 20], []
[2025-01-29 13:09:57,606][__main__][INFO] - [0, 15, 21], []
[2025-01-29 13:09:57,646][__main__][INFO] - [0, 15, 23], []
[2025-01-29 13:09:57,729][__main__][INFO] - [0, 16, 17], []
[2025-01-29 13:09:57,762][__main__][INFO] - [0, 16, 18], []
[2025-01-29 13:09:57,831][__main__][INFO] - [0, 16, 19], []
[2025-01-29 13:09:57,860][__main__][INFO] - [0, 16, 20], []
[2025-01-29 13:09:57,886][__main__][INFO] - [0, 16, 21], []
[2025-01-29 13:09:57,910][__main__][INFO] - [0, 16, 22], []
[2025-01-29 13:09:57,936][__main__][INFO] - [0, 16, 23], []
[2025-01-29 13:09:57,969][__main__][INFO] - [0, 16, 24], []
[2025-01-29 13:09:58,023][__main__][INFO] - [0, 17], [16]
[2025-01-29 13:09:58,057][__main__][INFO] - [0, 18], [16]
[2025-01-29 13:09:58,127][__main__][INFO] - [0, 19], [16]
[2025-01-29 13:09:58,155][__main__][INFO] - [0, 20], [16]
[2025-01-29 13:09:58,182][__main__][INFO] - [0, 21], [16]
[2025-01-29 13:09:58,207][__main__][INFO] - [0, 22], [16]
[2025-01-29 13:09:58,231][__main__][INFO] - [0, 23], [16]
[2025-01-29 13:09:58,263][__main__][INFO] - [0, 24], [16]
[2025-01-29 13:09:58,337][__main__][INFO] - [1, 10, 16], []
[2025-01-29 13:09:58,435][__main__][INFO] - [1, 10], [16]
[2025-01-29 13:09:58,540][__main__][INFO] - [1, 10, 17], []
[2025-01-29 13:09:58,581][__main__][INFO] - [1, 10, 18], []
[2025-01-29 13:09:58,709][__main__][INFO] - [1, 10, 19], []
[2025-01-29 13:09:58,744][__main__][INFO] - [1, 10, 20], []
[2025-01-29 13:09:58,774][__main__][INFO] - [1, 10, 21], []
[2025-01-29 13:09:58,802][__main__][INFO] - [1, 10, 22], []
[2025-01-29 13:09:58,827][__main__][INFO] - [1, 10, 23], []
[2025-01-29 13:09:58,864][__main__][INFO] - [1, 10, 24], []
[2025-01-29 13:09:58,919][__main__][INFO] - [1, 11, 16], []
[2025-01-29 13:09:58,945][__main__][INFO] - [1, 11], [16]
[2025-01-29 13:09:58,986][__main__][INFO] - [1, 11, 18], []
[2025-01-29 13:09:59,012][__main__][INFO] - [1, 11, 19], []
[2025-01-29 13:09:59,036][__main__][INFO] - [1, 11, 20], []
[2025-01-29 13:09:59,093][__main__][INFO] - [1, 11, 23], []
[2025-01-29 13:09:59,164][__main__][INFO] - [1, 12, 16], []
[2025-01-29 13:09:59,195][__main__][INFO] - [1, 12], [16]
[2025-01-29 13:09:59,243][__main__][INFO] - [1, 12, 18], []
[2025-01-29 13:09:59,268][__main__][INFO] - [1, 12, 19], []
[2025-01-29 13:09:59,351][__main__][INFO] - [1, 12, 23], []
[2025-01-29 13:09:59,435][__main__][INFO] - [1, 13, 16], []
[2025-01-29 13:09:59,463][__main__][INFO] - [1, 13], [16]
[2025-01-29 13:09:59,510][__main__][INFO] - [1, 13, 18], []
[2025-01-29 13:09:59,550][__main__][INFO] - [1, 13, 20], []
[2025-01-29 13:09:59,684][__main__][INFO] - [1, 14, 16], []
[2025-01-29 13:09:59,709][__main__][INFO] - [1, 14], [16]
[2025-01-29 13:09:59,749][__main__][INFO] - [1, 14, 18], []
[2025-01-29 13:09:59,820][__main__][INFO] - [1, 14, 22], []
[2025-01-29 13:09:59,845][__main__][INFO] - [1, 14, 23], []
[2025-01-29 13:09:59,916][__main__][INFO] - [1, 15, 16], []
[2025-01-29 13:09:59,947][__main__][INFO] - [1, 15], [16]
[2025-01-29 13:09:59,981][__main__][INFO] - [1, 15, 17], []
[2025-01-29 13:10:00,011][__main__][INFO] - [1, 15, 18], []
[2025-01-29 13:10:00,048][__main__][INFO] - [1, 15, 19], []
[2025-01-29 13:10:00,072][__main__][INFO] - [1, 15, 20], []
[2025-01-29 13:10:00,095][__main__][INFO] - [1, 15, 21], []
[2025-01-29 13:10:00,134][__main__][INFO] - [1, 15, 23], []
[2025-01-29 13:10:00,161][__main__][INFO] - [1, 15, 24], []
[2025-01-29 13:10:00,217][__main__][INFO] - [1, 16, 17], []
[2025-01-29 13:10:00,250][__main__][INFO] - [1, 16, 18], []
[2025-01-29 13:10:00,327][__main__][INFO] - [1, 16, 19], []
[2025-01-29 13:10:00,355][__main__][INFO] - [1, 16, 20], []
[2025-01-29 13:10:00,382][__main__][INFO] - [1, 16, 21], []
[2025-01-29 13:10:00,407][__main__][INFO] - [1, 16, 22], []
[2025-01-29 13:10:00,434][__main__][INFO] - [1, 16, 23], []
[2025-01-29 13:10:00,471][__main__][INFO] - [1, 16, 24], []
[2025-01-29 13:10:00,535][__main__][INFO] - [1, 17], [16]
[2025-01-29 13:10:00,572][__main__][INFO] - [1, 18], [16]
[2025-01-29 13:10:00,658][__main__][INFO] - [1, 19], [16]
[2025-01-29 13:10:00,686][__main__][INFO] - [1, 20], [16]
[2025-01-29 13:10:00,715][__main__][INFO] - [1, 21], [16]
[2025-01-29 13:10:00,743][__main__][INFO] - [1, 22], [16]
[2025-01-29 13:10:00,768][__main__][INFO] - [1, 23], [16]
[2025-01-29 13:10:00,805][__main__][INFO] - [1, 24], [16]
[2025-01-29 13:10:00,875][__main__][INFO] - [2, 10, 16], []
[2025-01-29 13:10:00,956][__main__][INFO] - [2, 10], [16]
[2025-01-29 13:10:01,044][__main__][INFO] - [2, 10, 17], []
[2025-01-29 13:10:01,078][__main__][INFO] - [2, 10, 18], []
[2025-01-29 13:10:01,193][__main__][INFO] - [2, 10, 19], []
[2025-01-29 13:10:01,221][__main__][INFO] - [2, 10, 20], []
[2025-01-29 13:10:01,249][__main__][INFO] - [2, 10, 21], []
[2025-01-29 13:10:01,274][__main__][INFO] - [2, 10, 22], []
[2025-01-29 13:10:01,302][__main__][INFO] - [2, 10, 23], []
[2025-01-29 13:10:01,336][__main__][INFO] - [2, 10, 24], []
[2025-01-29 13:10:01,391][__main__][INFO] - [2, 11, 16], []
[2025-01-29 13:10:01,417][__main__][INFO] - [2, 11], [16]
[2025-01-29 13:10:01,459][__main__][INFO] - [2, 11, 18], []
[2025-01-29 13:10:01,490][__main__][INFO] - [2, 11, 19], []
[2025-01-29 13:10:01,561][__main__][INFO] - [2, 11, 23], []
[2025-01-29 13:10:01,635][__main__][INFO] - [2, 12, 16], []
[2025-01-29 13:10:01,669][__main__][INFO] - [2, 12], [16]
[2025-01-29 13:10:01,719][__main__][INFO] - [2, 12, 18], []
[2025-01-29 13:10:01,744][__main__][INFO] - [2, 12, 19], []
[2025-01-29 13:10:01,824][__main__][INFO] - [2, 12, 23], []
[2025-01-29 13:10:01,917][__main__][INFO] - [2, 13, 16], []
[2025-01-29 13:10:01,942][__main__][INFO] - [2, 13], [16]
[2025-01-29 13:10:01,988][__main__][INFO] - [2, 13, 18], []
[2025-01-29 13:10:02,029][__main__][INFO] - [2, 13, 20], []
[2025-01-29 13:10:02,085][__main__][INFO] - [2, 13, 23], []
[2025-01-29 13:10:02,160][__main__][INFO] - [2, 14, 16], []
[2025-01-29 13:10:02,185][__main__][INFO] - [2, 14], [16]
[2025-01-29 13:10:02,224][__main__][INFO] - [2, 14, 18], []
[2025-01-29 13:10:02,305][__main__][INFO] - [2, 14, 22], []
[2025-01-29 13:10:02,329][__main__][INFO] - [2, 14, 23], []
[2025-01-29 13:10:02,412][__main__][INFO] - [2, 15, 16], []
[2025-01-29 13:10:02,450][__main__][INFO] - [2, 15], [16]
[2025-01-29 13:10:02,493][__main__][INFO] - [2, 15, 17], []
[2025-01-29 13:10:02,528][__main__][INFO] - [2, 15, 18], []
[2025-01-29 13:10:02,566][__main__][INFO] - [2, 15, 19], []
[2025-01-29 13:10:02,594][__main__][INFO] - [2, 15, 20], []
[2025-01-29 13:10:02,619][__main__][INFO] - [2, 15, 21], []
[2025-01-29 13:10:02,659][__main__][INFO] - [2, 15, 23], []
[2025-01-29 13:10:02,683][__main__][INFO] - [2, 15, 24], []
[2025-01-29 13:10:02,739][__main__][INFO] - [2, 16, 17], []
[2025-01-29 13:10:02,770][__main__][INFO] - [2, 16, 18], []
[2025-01-29 13:10:02,839][__main__][INFO] - [2, 16, 19], []
[2025-01-29 13:10:02,865][__main__][INFO] - [2, 16, 20], []
[2025-01-29 13:10:02,892][__main__][INFO] - [2, 16, 21], []
[2025-01-29 13:10:02,917][__main__][INFO] - [2, 16, 22], []
[2025-01-29 13:10:02,944][__main__][INFO] - [2, 16, 23], []
[2025-01-29 13:10:02,986][__main__][INFO] - [2, 16, 24], []
[2025-01-29 13:10:03,041][__main__][INFO] - [2, 17], [16]
[2025-01-29 13:10:03,079][__main__][INFO] - [2, 18], [16]
[2025-01-29 13:10:03,165][__main__][INFO] - [2, 19], [16]
[2025-01-29 13:10:03,192][__main__][INFO] - [2, 20], [16]
[2025-01-29 13:10:03,219][__main__][INFO] - [2, 21], [16]
[2025-01-29 13:10:03,244][__main__][INFO] - [2, 22], [16]
[2025-01-29 13:10:03,268][__main__][INFO] - [2, 23], [16]
[2025-01-29 13:10:03,307][__main__][INFO] - [2, 24], [16]
[2025-01-29 13:10:03,375][__main__][INFO] - [3, 10, 16], []
[2025-01-29 13:10:03,436][__main__][INFO] - [3, 10], [16]
[2025-01-29 13:10:03,501][__main__][INFO] - [3, 10, 17], []
[2025-01-29 13:10:03,530][__main__][INFO] - [3, 10, 18], []
[2025-01-29 13:10:03,616][__main__][INFO] - [3, 10, 19], []
[2025-01-29 13:10:03,647][__main__][INFO] - [3, 10, 20], []
[2025-01-29 13:10:03,678][__main__][INFO] - [3, 10, 21], []
[2025-01-29 13:10:03,702][__main__][INFO] - [3, 10, 22], []
[2025-01-29 13:10:03,727][__main__][INFO] - [3, 10, 23], []
[2025-01-29 13:10:03,755][__main__][INFO] - [3, 10, 24], []
[2025-01-29 13:10:03,810][__main__][INFO] - [3, 11, 16], []
[2025-01-29 13:10:03,836][__main__][INFO] - [3, 11], [16]
[2025-01-29 13:10:03,876][__main__][INFO] - [3, 11, 18], []
[2025-01-29 13:10:03,906][__main__][INFO] - [3, 11, 19], []
[2025-01-29 13:10:03,984][__main__][INFO] - [3, 11, 23], []
[2025-01-29 13:10:04,067][__main__][INFO] - [3, 12, 16], []
[2025-01-29 13:10:04,103][__main__][INFO] - [3, 12], [16]
[2025-01-29 13:10:04,153][__main__][INFO] - [3, 12, 18], []
[2025-01-29 13:10:04,179][__main__][INFO] - [3, 12, 19], []
[2025-01-29 13:10:04,255][__main__][INFO] - [3, 12, 23], []
[2025-01-29 13:10:04,347][__main__][INFO] - [3, 13, 16], []
[2025-01-29 13:10:04,371][__main__][INFO] - [3, 13], [16]
[2025-01-29 13:10:04,409][__main__][INFO] - [3, 13, 18], []
[2025-01-29 13:10:04,448][__main__][INFO] - [3, 13, 20], []
[2025-01-29 13:10:04,504][__main__][INFO] - [3, 13, 23], []
[2025-01-29 13:10:04,575][__main__][INFO] - [3, 14, 16], []
[2025-01-29 13:10:04,602][__main__][INFO] - [3, 14], [16]
[2025-01-29 13:10:04,642][__main__][INFO] - [3, 14, 18], []
[2025-01-29 13:10:04,666][__main__][INFO] - [3, 14, 19], []
[2025-01-29 13:10:04,722][__main__][INFO] - [3, 14, 22], []
[2025-01-29 13:10:04,747][__main__][INFO] - [3, 14, 23], []
[2025-01-29 13:10:04,818][__main__][INFO] - [3, 15, 16], []
[2025-01-29 13:10:04,855][__main__][INFO] - [3, 15], [16]
[2025-01-29 13:10:04,894][__main__][INFO] - [3, 15, 17], []
[2025-01-29 13:10:04,928][__main__][INFO] - [3, 15, 18], []
[2025-01-29 13:10:04,967][__main__][INFO] - [3, 15, 19], []
[2025-01-29 13:10:04,991][__main__][INFO] - [3, 15, 20], []
[2025-01-29 13:10:05,018][__main__][INFO] - [3, 15, 21], []
[2025-01-29 13:10:05,060][__main__][INFO] - [3, 15, 23], []
[2025-01-29 13:10:05,084][__main__][INFO] - [3, 15, 24], []
[2025-01-29 13:10:05,144][__main__][INFO] - [3, 16, 17], []
[2025-01-29 13:10:05,178][__main__][INFO] - [3, 16, 18], []
[2025-01-29 13:10:05,239][__main__][INFO] - [3, 16, 19], []
[2025-01-29 13:10:05,265][__main__][INFO] - [3, 16, 20], []
[2025-01-29 13:10:05,291][__main__][INFO] - [3, 16, 21], []
[2025-01-29 13:10:05,316][__main__][INFO] - [3, 16, 22], []
[2025-01-29 13:10:05,340][__main__][INFO] - [3, 16, 23], []
[2025-01-29 13:10:05,376][__main__][INFO] - [3, 16, 24], []
[2025-01-29 13:10:05,433][__main__][INFO] - [3, 17], [16]
[2025-01-29 13:10:05,464][__main__][INFO] - [3, 18], [16]
[2025-01-29 13:10:05,530][__main__][INFO] - [3, 19], [16]
[2025-01-29 13:10:05,555][__main__][INFO] - [3, 20], [16]
[2025-01-29 13:10:05,582][__main__][INFO] - [3, 21], [16]
[2025-01-29 13:10:05,606][__main__][INFO] - [3, 22], [16]
[2025-01-29 13:10:05,642][__main__][INFO] - [3, 23], [16]
[2025-01-29 13:10:05,678][__main__][INFO] - [3, 24], [16]
[2025-01-29 13:10:05,761][__main__][INFO] - [4, 10, 16], []
[2025-01-29 13:10:05,836][__main__][INFO] - [4, 10], [16]
[2025-01-29 13:10:05,917][__main__][INFO] - [4, 10, 17], []
[2025-01-29 13:10:05,947][__main__][INFO] - [4, 10, 18], []
[2025-01-29 13:10:06,060][__main__][INFO] - [4, 10, 19], []
[2025-01-29 13:10:06,089][__main__][INFO] - [4, 10, 20], []
[2025-01-29 13:10:06,121][__main__][INFO] - [4, 10, 21], []
[2025-01-29 13:10:06,148][__main__][INFO] - [4, 10, 22], []
[2025-01-29 13:10:06,175][__main__][INFO] - [4, 10, 23], []
[2025-01-29 13:10:06,204][__main__][INFO] - [4, 10, 24], []
[2025-01-29 13:10:06,268][__main__][INFO] - [4, 11, 16], []
[2025-01-29 13:10:06,297][__main__][INFO] - [4, 11], [16]
[2025-01-29 13:10:06,344][__main__][INFO] - [4, 11, 18], []
[2025-01-29 13:10:06,375][__main__][INFO] - [4, 11, 19], []
[2025-01-29 13:10:06,402][__main__][INFO] - [4, 11, 20], []
[2025-01-29 13:10:06,467][__main__][INFO] - [4, 11, 23], []
[2025-01-29 13:10:06,550][__main__][INFO] - [4, 12, 16], []
[2025-01-29 13:10:06,588][__main__][INFO] - [4, 12], [16]
[2025-01-29 13:10:06,646][__main__][INFO] - [4, 12, 18], []
[2025-01-29 13:10:06,675][__main__][INFO] - [4, 12, 19], []
[2025-01-29 13:10:06,759][__main__][INFO] - [4, 12, 23], []
[2025-01-29 13:10:06,867][__main__][INFO] - [4, 13, 16], []
[2025-01-29 13:10:06,891][__main__][INFO] - [4, 13], [16]
[2025-01-29 13:10:06,932][__main__][INFO] - [4, 13, 18], []
[2025-01-29 13:10:06,972][__main__][INFO] - [4, 13, 20], []
[2025-01-29 13:10:07,028][__main__][INFO] - [4, 13, 23], []
[2025-01-29 13:10:07,098][__main__][INFO] - [4, 14, 16], []
[2025-01-29 13:10:07,124][__main__][INFO] - [4, 14], [16]
[2025-01-29 13:10:07,165][__main__][INFO] - [4, 14, 18], []
[2025-01-29 13:10:07,189][__main__][INFO] - [4, 14, 19], []
[2025-01-29 13:10:07,245][__main__][INFO] - [4, 14, 22], []
[2025-01-29 13:10:07,335][__main__][INFO] - [4, 15, 16], []
[2025-01-29 13:10:07,374][__main__][INFO] - [4, 15], [16]
[2025-01-29 13:10:07,418][__main__][INFO] - [4, 15, 17], []
[2025-01-29 13:10:07,456][__main__][INFO] - [4, 15, 18], []
[2025-01-29 13:10:07,499][__main__][INFO] - [4, 15, 19], []
[2025-01-29 13:10:07,524][__main__][INFO] - [4, 15, 20], []
[2025-01-29 13:10:07,548][__main__][INFO] - [4, 15, 21], []
[2025-01-29 13:10:07,588][__main__][INFO] - [4, 15, 23], []
[2025-01-29 13:10:07,614][__main__][INFO] - [4, 15, 24], []
[2025-01-29 13:10:07,670][__main__][INFO] - [4, 16, 17], []
[2025-01-29 13:10:07,700][__main__][INFO] - [4, 16, 18], []
[2025-01-29 13:10:07,777][__main__][INFO] - [4, 16, 19], []
[2025-01-29 13:10:07,803][__main__][INFO] - [4, 16, 20], []
[2025-01-29 13:10:07,829][__main__][INFO] - [4, 16, 21], []
[2025-01-29 13:10:07,854][__main__][INFO] - [4, 16, 22], []
[2025-01-29 13:10:07,882][__main__][INFO] - [4, 16, 23], []
[2025-01-29 13:10:07,920][__main__][INFO] - [4, 16, 24], []
[2025-01-29 13:10:07,975][__main__][INFO] - [4, 17], [16]
[2025-01-29 13:10:08,009][__main__][INFO] - [4, 18], [16]
[2025-01-29 13:10:08,094][__main__][INFO] - [4, 19], [16]
[2025-01-29 13:10:08,119][__main__][INFO] - [4, 20], [16]
[2025-01-29 13:10:08,146][__main__][INFO] - [4, 21], [16]
[2025-01-29 13:10:08,169][__main__][INFO] - [4, 22], [16]
[2025-01-29 13:10:08,192][__main__][INFO] - [4, 23], [16]
[2025-01-29 13:10:08,228][__main__][INFO] - [4, 24], [16]
[2025-01-29 13:10:08,299][__main__][INFO] - [5, 10, 16], []
[2025-01-29 13:10:08,370][__main__][INFO] - [5, 10], [16]
[2025-01-29 13:10:08,449][__main__][INFO] - [5, 10, 17], []
[2025-01-29 13:10:08,476][__main__][INFO] - [5, 10, 18], []
[2025-01-29 13:10:08,587][__main__][INFO] - [5, 10, 19], []
[2025-01-29 13:10:08,616][__main__][INFO] - [5, 10, 20], []
[2025-01-29 13:10:08,645][__main__][INFO] - [5, 10, 21], []
[2025-01-29 13:10:08,669][__main__][INFO] - [5, 10, 22], []
[2025-01-29 13:10:08,693][__main__][INFO] - [5, 10, 23], []
[2025-01-29 13:10:08,718][__main__][INFO] - [5, 10, 24], []
[2025-01-29 13:10:08,772][__main__][INFO] - [5, 11, 16], []
[2025-01-29 13:10:08,798][__main__][INFO] - [5, 11], [16]
[2025-01-29 13:10:08,846][__main__][INFO] - [5, 11, 18], []
[2025-01-29 13:10:08,874][__main__][INFO] - [5, 11, 19], []
[2025-01-29 13:10:09,008][__main__][INFO] - [5, 12, 16], []
[2025-01-29 13:10:09,043][__main__][INFO] - [5, 12], [16]
[2025-01-29 13:10:09,099][__main__][INFO] - [5, 12, 18], []
[2025-01-29 13:10:09,128][__main__][INFO] - [5, 12, 19], []
[2025-01-29 13:10:09,206][__main__][INFO] - [5, 12, 23], []
[2025-01-29 13:10:09,304][__main__][INFO] - [5, 13, 16], []
[2025-01-29 13:10:09,328][__main__][INFO] - [5, 13], [16]
[2025-01-29 13:10:09,369][__main__][INFO] - [5, 13, 18], []
[2025-01-29 13:10:09,415][__main__][INFO] - [5, 13, 20], []
[2025-01-29 13:10:09,471][__main__][INFO] - [5, 13, 23], []
[2025-01-29 13:10:09,546][__main__][INFO] - [5, 14, 16], []
[2025-01-29 13:10:09,571][__main__][INFO] - [5, 14], [16]
[2025-01-29 13:10:09,614][__main__][INFO] - [5, 14, 18], []
[2025-01-29 13:10:09,638][__main__][INFO] - [5, 14, 19], []
[2025-01-29 13:10:09,694][__main__][INFO] - [5, 14, 22], []
[2025-01-29 13:10:09,718][__main__][INFO] - [5, 14, 23], []
[2025-01-29 13:10:09,788][__main__][INFO] - [5, 15, 16], []
[2025-01-29 13:10:09,823][__main__][INFO] - [5, 15], [16]
[2025-01-29 13:10:09,859][__main__][INFO] - [5, 15, 17], []
[2025-01-29 13:10:09,894][__main__][INFO] - [5, 15, 18], []
[2025-01-29 13:10:09,931][__main__][INFO] - [5, 15, 19], []
[2025-01-29 13:10:09,959][__main__][INFO] - [5, 15, 20], []
[2025-01-29 13:10:09,984][__main__][INFO] - [5, 15, 21], []
[2025-01-29 13:10:10,027][__main__][INFO] - [5, 15, 23], []
[2025-01-29 13:10:10,051][__main__][INFO] - [5, 15, 24], []
[2025-01-29 13:10:10,113][__main__][INFO] - [5, 16, 17], []
[2025-01-29 13:10:10,141][__main__][INFO] - [5, 16, 18], []
[2025-01-29 13:10:10,216][__main__][INFO] - [5, 16, 19], []
[2025-01-29 13:10:10,241][__main__][INFO] - [5, 16, 20], []
[2025-01-29 13:10:10,268][__main__][INFO] - [5, 16, 21], []
[2025-01-29 13:10:10,295][__main__][INFO] - [5, 16, 22], []
[2025-01-29 13:10:10,318][__main__][INFO] - [5, 16, 23], []
[2025-01-29 13:10:10,352][__main__][INFO] - [5, 16, 24], []
[2025-01-29 13:10:10,407][__main__][INFO] - [5, 17], [16]
[2025-01-29 13:10:10,436][__main__][INFO] - [5, 18], [16]
[2025-01-29 13:10:10,519][__main__][INFO] - [5, 19], [16]
[2025-01-29 13:10:10,545][__main__][INFO] - [5, 20], [16]
[2025-01-29 13:10:10,571][__main__][INFO] - [5, 21], [16]
[2025-01-29 13:10:10,596][__main__][INFO] - [5, 22], [16]
[2025-01-29 13:10:10,621][__main__][INFO] - [5, 23], [16]
[2025-01-29 13:10:10,655][__main__][INFO] - [5, 24], [16]
[2025-01-29 13:10:10,738][__main__][INFO] - [6, 10, 16], []
[2025-01-29 13:10:10,781][__main__][INFO] - [6, 10], [16]
[2025-01-29 13:10:10,827][__main__][INFO] - [6, 10, 17], []
[2025-01-29 13:10:10,850][__main__][INFO] - [6, 10, 18], []
[2025-01-29 13:10:10,910][__main__][INFO] - [6, 10, 19], []
[2025-01-29 13:10:10,934][__main__][INFO] - [6, 10, 20], []
[2025-01-29 13:10:10,963][__main__][INFO] - [6, 10, 21], []
[2025-01-29 13:10:10,988][__main__][INFO] - [6, 10, 22], []
[2025-01-29 13:10:11,013][__main__][INFO] - [6, 10, 23], []
[2025-01-29 13:10:11,097][__main__][INFO] - [6, 11, 16], []
[2025-01-29 13:10:11,125][__main__][INFO] - [6, 11], [16]
[2025-01-29 13:10:11,166][__main__][INFO] - [6, 11, 18], []
[2025-01-29 13:10:11,317][__main__][INFO] - [6, 12, 16], []
[2025-01-29 13:10:11,344][__main__][INFO] - [6, 12], [16]
[2025-01-29 13:10:11,387][__main__][INFO] - [6, 12, 18], []
[2025-01-29 13:10:11,414][__main__][INFO] - [6, 12, 19], []
[2025-01-29 13:10:11,490][__main__][INFO] - [6, 12, 23], []
[2025-01-29 13:10:11,577][__main__][INFO] - [6, 13, 16], []
[2025-01-29 13:10:11,601][__main__][INFO] - [6, 13], [16]
[2025-01-29 13:10:11,641][__main__][INFO] - [6, 13, 18], []
[2025-01-29 13:10:11,681][__main__][INFO] - [6, 13, 20], []
[2025-01-29 13:10:11,827][__main__][INFO] - [6, 14], [16]
[2025-01-29 13:10:12,029][__main__][INFO] - [6, 15, 16], []
[2025-01-29 13:10:12,059][__main__][INFO] - [6, 15], [16]
[2025-01-29 13:10:12,087][__main__][INFO] - [6, 15, 17], []
[2025-01-29 13:10:12,112][__main__][INFO] - [6, 15, 18], []
[2025-01-29 13:10:12,140][__main__][INFO] - [6, 15, 19], []
[2025-01-29 13:10:12,168][__main__][INFO] - [6, 15, 20], []
[2025-01-29 13:10:12,233][__main__][INFO] - [6, 15, 23], []
[2025-01-29 13:10:12,313][__main__][INFO] - [6, 16, 17], []
[2025-01-29 13:10:12,338][__main__][INFO] - [6, 16, 18], []
[2025-01-29 13:10:12,381][__main__][INFO] - [6, 16, 19], []
[2025-01-29 13:10:12,405][__main__][INFO] - [6, 16, 20], []
[2025-01-29 13:10:12,430][__main__][INFO] - [6, 16, 21], []
[2025-01-29 13:10:12,453][__main__][INFO] - [6, 16, 22], []
[2025-01-29 13:10:12,476][__main__][INFO] - [6, 16, 23], []
[2025-01-29 13:10:12,555][__main__][INFO] - [6, 17], [16]
[2025-01-29 13:10:12,581][__main__][INFO] - [6, 18], [16]
[2025-01-29 13:10:12,630][__main__][INFO] - [6, 19], [16]
[2025-01-29 13:10:12,655][__main__][INFO] - [6, 20], [16]
[2025-01-29 13:10:12,680][__main__][INFO] - [6, 21], [16]
[2025-01-29 13:10:12,705][__main__][INFO] - [6, 22], [16]
[2025-01-29 13:10:12,730][__main__][INFO] - [6, 23], [16]
[2025-01-29 13:10:12,827][__main__][INFO] - [7, 10, 16], []
[2025-01-29 13:10:12,857][__main__][INFO] - [7, 10], [16]
[2025-01-29 13:10:12,889][__main__][INFO] - [7, 10, 17], []
[2025-01-29 13:10:12,913][__main__][INFO] - [7, 10, 18], []
[2025-01-29 13:10:12,951][__main__][INFO] - [7, 10, 19], []
[2025-01-29 13:10:12,975][__main__][INFO] - [7, 10, 20], []
[2025-01-29 13:10:12,999][__main__][INFO] - [7, 10, 21], []
[2025-01-29 13:10:13,043][__main__][INFO] - [7, 10, 23], []
[2025-01-29 13:10:13,114][__main__][INFO] - [7, 11, 16], []
[2025-01-29 13:10:13,142][__main__][INFO] - [7, 11], [16]
[2025-01-29 13:10:13,182][__main__][INFO] - [7, 11, 18], []
[2025-01-29 13:10:13,343][__main__][INFO] - [7, 12, 16], []
[2025-01-29 13:10:13,368][__main__][INFO] - [7, 12], [16]
[2025-01-29 13:10:13,409][__main__][INFO] - [7, 12, 18], []
[2025-01-29 13:10:13,434][__main__][INFO] - [7, 12, 19], []
[2025-01-29 13:10:13,505][__main__][INFO] - [7, 12, 23], []
[2025-01-29 13:10:13,591][__main__][INFO] - [7, 13], [16]
[2025-01-29 13:10:13,633][__main__][INFO] - [7, 13, 18], []
[2025-01-29 13:10:14,034][__main__][INFO] - [7, 15, 16], []
[2025-01-29 13:10:14,058][__main__][INFO] - [7, 15], [16]
[2025-01-29 13:10:14,082][__main__][INFO] - [7, 15, 17], []
[2025-01-29 13:10:14,105][__main__][INFO] - [7, 15, 18], []
[2025-01-29 13:10:14,129][__main__][INFO] - [7, 15, 19], []
[2025-01-29 13:10:14,262][__main__][INFO] - [7, 16, 17], []
[2025-01-29 13:10:14,290][__main__][INFO] - [7, 16, 18], []
[2025-01-29 13:10:14,322][__main__][INFO] - [7, 16, 19], []
[2025-01-29 13:10:14,347][__main__][INFO] - [7, 16, 20], []
[2025-01-29 13:10:14,371][__main__][INFO] - [7, 16, 21], []
[2025-01-29 13:10:14,413][__main__][INFO] - [7, 16, 23], []
[2025-01-29 13:10:14,489][__main__][INFO] - [7, 17], [16]
[2025-01-29 13:10:14,513][__main__][INFO] - [7, 18], [16]
[2025-01-29 13:10:14,545][__main__][INFO] - [7, 19], [16]
[2025-01-29 13:10:14,570][__main__][INFO] - [7, 20], [16]
[2025-01-29 13:10:14,593][__main__][INFO] - [7, 21], [16]
[2025-01-29 13:10:14,637][__main__][INFO] - [7, 23], [16]
[2025-01-29 13:10:14,723][__main__][INFO] - [8, 10, 16], []
[2025-01-29 13:10:14,748][__main__][INFO] - [8, 10], [16]
[2025-01-29 13:10:14,796][__main__][INFO] - [8, 10, 18], []
[2025-01-29 13:10:14,826][__main__][INFO] - [8, 10, 19], []
[2025-01-29 13:10:14,850][__main__][INFO] - [8, 10, 20], []
[2025-01-29 13:10:14,906][__main__][INFO] - [8, 10, 23], []
[2025-01-29 13:10:14,993][__main__][INFO] - [8, 11, 16], []
[2025-01-29 13:10:15,022][__main__][INFO] - [8, 11], [16]
[2025-01-29 13:10:15,063][__main__][INFO] - [8, 11, 18], []
[2025-01-29 13:10:15,229][__main__][INFO] - [8, 12, 16], []
[2025-01-29 13:10:15,253][__main__][INFO] - [8, 12], [16]
[2025-01-29 13:10:15,299][__main__][INFO] - [8, 12, 18], []
[2025-01-29 13:10:15,386][__main__][INFO] - [8, 12, 23], []
[2025-01-29 13:10:15,504][__main__][INFO] - [8, 15, 16], []
[2025-01-29 13:10:15,528][__main__][INFO] - [8, 15], [16]
[2025-01-29 13:10:15,575][__main__][INFO] - [8, 15, 18], []
[2025-01-29 13:10:15,737][__main__][INFO] - [8, 16, 18], []
[2025-01-29 13:10:15,762][__main__][INFO] - [8, 16, 19], []
[2025-01-29 13:10:15,786][__main__][INFO] - [8, 16, 20], []
[2025-01-29 13:10:15,842][__main__][INFO] - [8, 16, 23], []
[2025-01-29 13:10:15,913][__main__][INFO] - [8, 17], [16]
[2025-01-29 13:10:15,937][__main__][INFO] - [8, 18], [16]
[2025-01-29 13:10:15,966][__main__][INFO] - [8, 19], [16]
[2025-01-29 13:10:15,991][__main__][INFO] - [8, 20], [16]
[2025-01-29 13:10:16,047][__main__][INFO] - [8, 23], [16]
[2025-01-29 13:10:16,133][__main__][INFO] - [9, 10, 16], []
[2025-01-29 13:10:16,157][__main__][INFO] - [9, 10], [16]
[2025-01-29 13:10:16,204][__main__][INFO] - [9, 10, 18], []
[2025-01-29 13:10:16,680][__main__][INFO] - [9, 16, 18], []
[2025-01-29 13:10:16,856][__main__][INFO] - [9, 18], [16]
[2025-01-29 13:10:17,051][__main__][INFO] - [10, 16, 17], []
[2025-01-29 13:10:17,098][__main__][INFO] - [10, 16, 18], []
[2025-01-29 13:10:17,384][__main__][INFO] - [10, 16, 19], []
[2025-01-29 13:10:17,420][__main__][INFO] - [10, 16, 20], []
[2025-01-29 13:10:17,460][__main__][INFO] - [10, 16, 21], []
[2025-01-29 13:10:17,488][__main__][INFO] - [10, 16, 22], []
[2025-01-29 13:10:17,513][__main__][INFO] - [10, 16, 23], []
[2025-01-29 13:10:17,556][__main__][INFO] - [10, 16, 24], []
[2025-01-29 13:10:17,615][__main__][INFO] - [10, 17], [16]
[2025-01-29 13:10:17,667][__main__][INFO] - [10, 18], [16]
[2025-01-29 13:10:17,985][__main__][INFO] - [10, 19], [16]
[2025-01-29 13:10:18,022][__main__][INFO] - [10, 20], [16]
[2025-01-29 13:10:18,063][__main__][INFO] - [10, 21], [16]
[2025-01-29 13:10:18,089][__main__][INFO] - [10, 22], [16]
[2025-01-29 13:10:18,115][__main__][INFO] - [10, 23], [16]
[2025-01-29 13:10:18,158][__main__][INFO] - [10, 24], [16]
[2025-01-29 13:10:18,233][__main__][INFO] - [11, 16, 17], []
[2025-01-29 13:10:18,258][__main__][INFO] - [11, 16, 18], []
[2025-01-29 13:10:18,289][__main__][INFO] - [11, 16, 19], []
[2025-01-29 13:10:18,316][__main__][INFO] - [11, 16, 20], []
[2025-01-29 13:10:18,371][__main__][INFO] - [11, 16, 23], []
[2025-01-29 13:10:18,452][__main__][INFO] - [11, 17], [16]
[2025-01-29 13:10:18,480][__main__][INFO] - [11, 18], [16]
[2025-01-29 13:10:18,514][__main__][INFO] - [11, 19], [16]
[2025-01-29 13:10:18,539][__main__][INFO] - [11, 20], [16]
[2025-01-29 13:10:18,595][__main__][INFO] - [11, 23], [16]
[2025-01-29 13:10:18,681][__main__][INFO] - [12, 16, 17], []
[2025-01-29 13:10:18,709][__main__][INFO] - [12, 16, 18], []
[2025-01-29 13:10:18,738][__main__][INFO] - [12, 16, 19], []
[2025-01-29 13:10:18,822][__main__][INFO] - [12, 16, 23], []
[2025-01-29 13:10:18,957][__main__][INFO] - [12, 17], [16]
[2025-01-29 13:10:18,983][__main__][INFO] - [12, 18], [16]
[2025-01-29 13:10:19,014][__main__][INFO] - [12, 19], [16]
[2025-01-29 13:10:19,098][__main__][INFO] - [12, 23], [16]
[2025-01-29 13:10:19,270][__main__][INFO] - [13, 16, 18], []
[2025-01-29 13:10:19,298][__main__][INFO] - [13, 16, 19], []
[2025-01-29 13:10:19,325][__main__][INFO] - [13, 16, 20], []
[2025-01-29 13:10:19,390][__main__][INFO] - [13, 16, 23], []
[2025-01-29 13:10:19,490][__main__][INFO] - [13, 18], [16]
[2025-01-29 13:10:19,517][__main__][INFO] - [13, 19], [16]
[2025-01-29 13:10:19,544][__main__][INFO] - [13, 20], [16]
[2025-01-29 13:10:19,609][__main__][INFO] - [13, 23], [16]
[2025-01-29 13:10:19,730][__main__][INFO] - [14, 16, 18], []
[2025-01-29 13:10:19,755][__main__][INFO] - [14, 16, 19], []
[2025-01-29 13:10:19,810][__main__][INFO] - [14, 16, 22], []
[2025-01-29 13:10:19,835][__main__][INFO] - [14, 16, 23], []
[2025-01-29 13:10:19,937][__main__][INFO] - [14, 18], [16]
[2025-01-29 13:10:19,961][__main__][INFO] - [14, 19], [16]
[2025-01-29 13:10:20,014][__main__][INFO] - [14, 22], [16]
[2025-01-29 13:10:20,038][__main__][INFO] - [14, 23], [16]
[2025-01-29 13:10:20,124][__main__][INFO] - [15, 16, 17], []
[2025-01-29 13:10:20,172][__main__][INFO] - [15, 16, 18], []
[2025-01-29 13:10:20,230][__main__][INFO] - [15, 16, 19], []
[2025-01-29 13:10:20,255][__main__][INFO] - [15, 16, 20], []
[2025-01-29 13:10:20,279][__main__][INFO] - [15, 16, 21], []
[2025-01-29 13:10:20,320][__main__][INFO] - [15, 16, 23], []
[2025-01-29 13:10:20,344][__main__][INFO] - [15, 16, 24], []
[2025-01-29 13:10:20,400][__main__][INFO] - [15, 17], [16]
[2025-01-29 13:10:20,454][__main__][INFO] - [15, 18], [16]
[2025-01-29 13:10:20,523][__main__][INFO] - [15, 19], [16]
[2025-01-29 13:10:20,547][__main__][INFO] - [15, 20], [16]
[2025-01-29 13:10:20,571][__main__][INFO] - [15, 21], [16]
[2025-01-29 13:10:20,611][__main__][INFO] - [15, 23], [16]
[2025-01-29 13:10:20,648][__main__][INFO] - [15, 24], [16]
[2025-01-29 23:39:43,418][__main__][INFO] - In total, there are 1229 possible subgroups
[2025-01-29 23:39:43,447][__main__][INFO] - [0], []
[2025-01-29 23:39:43,629][__main__][INFO] - [1], []
[2025-01-29 23:39:43,859][__main__][INFO] - [2], []
[2025-01-29 23:39:44,071][__main__][INFO] - [3], []
[2025-01-29 23:39:44,253][__main__][INFO] - [4], []
[2025-01-29 23:39:44,463][__main__][INFO] - [5], []
[2025-01-29 23:39:44,649][__main__][INFO] - [6], []
[2025-01-29 23:39:44,729][__main__][INFO] - [7], []
[2025-01-29 23:39:44,767][__main__][INFO] - [8], []
[2025-01-29 23:39:44,788][__main__][INFO] - [9], []
[2025-01-29 23:39:44,808][__main__][INFO] - [10], []
[2025-01-29 23:39:45,649][__main__][INFO] - [11], []
[2025-01-29 23:39:45,687][__main__][INFO] - [12], []
[2025-01-29 23:39:45,838][__main__][INFO] - [13], []
[2025-01-29 23:39:45,860][__main__][INFO] - [14], []
[2025-01-29 23:39:45,882][__main__][INFO] - [15], []
[2025-01-29 23:39:46,057][__main__][INFO] - [16], []
[2025-01-29 23:39:46,607][__main__][INFO] - [], [16]
[2025-01-29 23:39:47,223][__main__][INFO] - [17], []
[2025-01-29 23:39:47,353][__main__][INFO] - [18], []
[2025-01-29 23:39:48,094][__main__][INFO] - [19], []
[2025-01-29 23:39:48,146][__main__][INFO] - [20], []
[2025-01-29 23:39:48,199][__main__][INFO] - [21], []
[2025-01-29 23:39:48,220][__main__][INFO] - [22], []
[2025-01-29 23:39:48,240][__main__][INFO] - [23], []
[2025-01-29 23:39:48,422][__main__][INFO] - [24], []
[2025-01-29 23:39:48,440][__main__][INFO] - [25], []
[2025-01-29 23:39:48,489][__main__][INFO] - [0, 10], []
[2025-01-29 23:39:48,647][__main__][INFO] - [0, 11], []
[2025-01-29 23:39:48,668][__main__][INFO] - [0, 12], []
[2025-01-29 23:39:48,693][__main__][INFO] - [0, 13], []
[2025-01-29 23:39:48,713][__main__][INFO] - [0, 14], []
[2025-01-29 23:39:48,733][__main__][INFO] - [0, 15], []
[2025-01-29 23:39:48,760][__main__][INFO] - [0, 16], []
[2025-01-29 23:39:48,850][__main__][INFO] - [0], [16]
[2025-01-29 23:39:48,944][__main__][INFO] - [0, 17], []
[2025-01-29 23:39:48,983][__main__][INFO] - [0, 18], []
[2025-01-29 23:39:49,090][__main__][INFO] - [0, 19], []
[2025-01-29 23:39:49,118][__main__][INFO] - [0, 20], []
[2025-01-29 23:39:49,142][__main__][INFO] - [0, 21], []
[2025-01-29 23:39:49,163][__main__][INFO] - [0, 22], []
[2025-01-29 23:39:49,185][__main__][INFO] - [0, 23], []
[2025-01-29 23:39:49,220][__main__][INFO] - [0, 24], []
[2025-01-29 23:39:49,268][__main__][INFO] - [1, 10], []
[2025-01-29 23:39:49,452][__main__][INFO] - [1, 11], []
[2025-01-29 23:39:49,476][__main__][INFO] - [1, 12], []
[2025-01-29 23:39:49,510][__main__][INFO] - [1, 13], []
[2025-01-29 23:39:49,530][__main__][INFO] - [1, 14], []
[2025-01-29 23:39:49,550][__main__][INFO] - [1, 15], []
[2025-01-29 23:39:49,587][__main__][INFO] - [1, 16], []
[2025-01-29 23:39:49,697][__main__][INFO] - [1], [16]
[2025-01-29 23:39:49,817][__main__][INFO] - [1, 17], []
[2025-01-29 23:39:49,860][__main__][INFO] - [1, 18], []
[2025-01-29 23:39:49,994][__main__][INFO] - [1, 19], []
[2025-01-29 23:39:50,021][__main__][INFO] - [1, 20], []
[2025-01-29 23:39:50,048][__main__][INFO] - [1, 21], []
[2025-01-29 23:39:50,068][__main__][INFO] - [1, 22], []
[2025-01-29 23:39:50,088][__main__][INFO] - [1, 23], []
[2025-01-29 23:39:50,133][__main__][INFO] - [1, 24], []
[2025-01-29 23:39:50,181][__main__][INFO] - [2, 10], []
[2025-01-29 23:39:50,329][__main__][INFO] - [2, 11], []
[2025-01-29 23:39:50,352][__main__][INFO] - [2, 12], []
[2025-01-29 23:39:50,394][__main__][INFO] - [2, 13], []
[2025-01-29 23:39:50,415][__main__][INFO] - [2, 14], []
[2025-01-29 23:39:50,435][__main__][INFO] - [2, 15], []
[2025-01-29 23:39:50,483][__main__][INFO] - [2, 16], []
[2025-01-29 23:39:50,585][__main__][INFO] - [2], [16]
[2025-01-29 23:39:50,712][__main__][INFO] - [2, 17], []
[2025-01-29 23:39:50,754][__main__][INFO] - [2, 18], []
[2025-01-29 23:39:50,893][__main__][INFO] - [2, 19], []
[2025-01-29 23:39:50,919][__main__][INFO] - [2, 20], []
[2025-01-29 23:39:50,945][__main__][INFO] - [2, 21], []
[2025-01-29 23:39:50,966][__main__][INFO] - [2, 22], []
[2025-01-29 23:39:50,986][__main__][INFO] - [2, 23], []
[2025-01-29 23:39:51,038][__main__][INFO] - [2, 24], []
[2025-01-29 23:39:51,090][__main__][INFO] - [3, 10], []
[2025-01-29 23:39:51,201][__main__][INFO] - [3, 11], []
[2025-01-29 23:39:51,226][__main__][INFO] - [3, 12], []
[2025-01-29 23:39:51,271][__main__][INFO] - [3, 13], []
[2025-01-29 23:39:51,292][__main__][INFO] - [3, 14], []
[2025-01-29 23:39:51,315][__main__][INFO] - [3, 15], []
[2025-01-29 23:39:51,366][__main__][INFO] - [3, 16], []
[2025-01-29 23:39:51,457][__main__][INFO] - [3], [16]
[2025-01-29 23:39:51,554][__main__][INFO] - [3, 17], []
[2025-01-29 23:39:51,589][__main__][INFO] - [3, 18], []
[2025-01-29 23:39:51,698][__main__][INFO] - [3, 19], []
[2025-01-29 23:39:51,723][__main__][INFO] - [3, 20], []
[2025-01-29 23:39:51,748][__main__][INFO] - [3, 21], []
[2025-01-29 23:39:51,769][__main__][INFO] - [3, 22], []
[2025-01-29 23:39:51,789][__main__][INFO] - [3, 23], []
[2025-01-29 23:39:51,834][__main__][INFO] - [3, 24], []
[2025-01-29 23:39:51,887][__main__][INFO] - [4, 10], []
[2025-01-29 23:39:52,020][__main__][INFO] - [4, 11], []
[2025-01-29 23:39:52,047][__main__][INFO] - [4, 12], []
[2025-01-29 23:39:52,095][__main__][INFO] - [4, 13], []
[2025-01-29 23:39:52,116][__main__][INFO] - [4, 14], []
[2025-01-29 23:39:52,137][__main__][INFO] - [4, 15], []
[2025-01-29 23:39:52,199][__main__][INFO] - [4, 16], []
[2025-01-29 23:39:52,307][__main__][INFO] - [4], [16]
[2025-01-29 23:39:52,433][__main__][INFO] - [4, 17], []
[2025-01-29 23:39:52,471][__main__][INFO] - [4, 18], []
[2025-01-29 23:39:52,612][__main__][INFO] - [4, 19], []
[2025-01-29 23:39:52,636][__main__][INFO] - [4, 20], []
[2025-01-29 23:39:52,662][__main__][INFO] - [4, 21], []
[2025-01-29 23:39:52,683][__main__][INFO] - [4, 22], []
[2025-01-29 23:39:52,704][__main__][INFO] - [4, 23], []
[2025-01-29 23:39:52,755][__main__][INFO] - [4, 24], []
[2025-01-29 23:39:52,806][__main__][INFO] - [5, 10], []
[2025-01-29 23:39:52,937][__main__][INFO] - [5, 11], []
[2025-01-29 23:39:52,962][__main__][INFO] - [5, 12], []
[2025-01-29 23:39:53,006][__main__][INFO] - [5, 13], []
[2025-01-29 23:39:53,029][__main__][INFO] - [5, 14], []
[2025-01-29 23:39:53,050][__main__][INFO] - [5, 15], []
[2025-01-29 23:39:53,094][__main__][INFO] - [5, 16], []
[2025-01-29 23:39:53,195][__main__][INFO] - [5], [16]
[2025-01-29 23:39:53,298][__main__][INFO] - [5, 17], []
[2025-01-29 23:39:53,328][__main__][INFO] - [5, 18], []
[2025-01-29 23:39:53,463][__main__][INFO] - [5, 19], []
[2025-01-29 23:39:53,487][__main__][INFO] - [5, 20], []
[2025-01-29 23:39:53,512][__main__][INFO] - [5, 21], []
[2025-01-29 23:39:53,534][__main__][INFO] - [5, 22], []
[2025-01-29 23:39:53,554][__main__][INFO] - [5, 23], []
[2025-01-29 23:39:53,597][__main__][INFO] - [5, 24], []
[2025-01-29 23:39:53,647][__main__][INFO] - [6, 10], []
[2025-01-29 23:39:53,713][__main__][INFO] - [6, 11], []
[2025-01-29 23:39:53,735][__main__][INFO] - [6, 12], []
[2025-01-29 23:39:53,764][__main__][INFO] - [6, 13], []
[2025-01-29 23:39:53,785][__main__][INFO] - [6, 14], []
[2025-01-29 23:39:53,805][__main__][INFO] - [6, 15], []
[2025-01-29 23:39:53,832][__main__][INFO] - [6, 16], []
[2025-01-29 23:39:53,880][__main__][INFO] - [6], [16]
[2025-01-29 23:39:53,932][__main__][INFO] - [6, 17], []
[2025-01-29 23:39:53,955][__main__][INFO] - [6, 18], []
[2025-01-29 23:39:54,023][__main__][INFO] - [6, 19], []
[2025-01-29 23:39:54,044][__main__][INFO] - [6, 20], []
[2025-01-29 23:39:54,066][__main__][INFO] - [6, 21], []
[2025-01-29 23:39:54,088][__main__][INFO] - [6, 22], []
[2025-01-29 23:39:54,109][__main__][INFO] - [6, 23], []
[2025-01-29 23:39:54,141][__main__][INFO] - [6, 24], []
[2025-01-29 23:39:54,196][__main__][INFO] - [7, 10], []
[2025-01-29 23:39:54,232][__main__][INFO] - [7, 11], []
[2025-01-29 23:39:54,253][__main__][INFO] - [7, 12], []
[2025-01-29 23:39:54,275][__main__][INFO] - [7, 13], []
[2025-01-29 23:39:54,295][__main__][INFO] - [7, 14], []
[2025-01-29 23:39:54,315][__main__][INFO] - [7, 15], []
[2025-01-29 23:39:54,337][__main__][INFO] - [7, 16], []
[2025-01-29 23:39:54,364][__main__][INFO] - [7], [16]
[2025-01-29 23:39:54,395][__main__][INFO] - [7, 17], []
[2025-01-29 23:39:54,416][__main__][INFO] - [7, 18], []
[2025-01-29 23:39:54,450][__main__][INFO] - [7, 19], []
[2025-01-29 23:39:54,472][__main__][INFO] - [7, 20], []
[2025-01-29 23:39:54,492][__main__][INFO] - [7, 21], []
[2025-01-29 23:39:54,528][__main__][INFO] - [7, 23], []
[2025-01-29 23:39:54,594][__main__][INFO] - [8, 10], []
[2025-01-29 23:39:54,617][__main__][INFO] - [8, 11], []
[2025-01-29 23:39:54,637][__main__][INFO] - [8, 12], []
[2025-01-29 23:39:54,692][__main__][INFO] - [8, 15], []
[2025-01-29 23:39:54,712][__main__][INFO] - [8, 16], []
[2025-01-29 23:39:54,734][__main__][INFO] - [8], [16]
[2025-01-29 23:39:54,755][__main__][INFO] - [8, 17], []
[2025-01-29 23:39:54,776][__main__][INFO] - [8, 18], []
[2025-01-29 23:39:54,798][__main__][INFO] - [8, 19], []
[2025-01-29 23:39:54,819][__main__][INFO] - [8, 20], []
[2025-01-29 23:39:54,871][__main__][INFO] - [8, 23], []
[2025-01-29 23:39:54,938][__main__][INFO] - [9, 10], []
[2025-01-29 23:39:54,973][__main__][INFO] - [9, 12], []
[2025-01-29 23:39:55,044][__main__][INFO] - [9, 16], []
[2025-01-29 23:39:55,064][__main__][INFO] - [9], [16]
[2025-01-29 23:39:55,100][__main__][INFO] - [9, 18], []
[2025-01-29 23:39:55,185][__main__][INFO] - [9, 23], []
[2025-01-29 23:39:55,251][__main__][INFO] - [10, 16], []
[2025-01-29 23:39:55,657][__main__][INFO] - [10], [16]
[2025-01-29 23:39:56,112][__main__][INFO] - [10, 17], []
[2025-01-29 23:39:56,196][__main__][INFO] - [10, 18], []
[2025-01-29 23:39:56,846][__main__][INFO] - [10, 19], []
[2025-01-29 23:39:56,897][__main__][INFO] - [10, 20], []
[2025-01-29 23:39:56,950][__main__][INFO] - [10, 21], []
[2025-01-29 23:39:56,974][__main__][INFO] - [10, 22], []
[2025-01-29 23:39:56,995][__main__][INFO] - [10, 23], []
[2025-01-29 23:39:57,059][__main__][INFO] - [10, 24], []
[2025-01-29 23:39:57,081][__main__][INFO] - [10, 25], []
[2025-01-29 23:39:57,117][__main__][INFO] - [11, 16], []
[2025-01-29 23:39:57,146][__main__][INFO] - [11], [16]
[2025-01-29 23:39:57,178][__main__][INFO] - [11, 17], []
[2025-01-29 23:39:57,199][__main__][INFO] - [11, 18], []
[2025-01-29 23:39:57,243][__main__][INFO] - [11, 19], []
[2025-01-29 23:39:57,264][__main__][INFO] - [11, 20], []
[2025-01-29 23:39:57,314][__main__][INFO] - [11, 23], []
[2025-01-29 23:39:57,384][__main__][INFO] - [12, 16], []
[2025-01-29 23:39:57,468][__main__][INFO] - [12], [16]
[2025-01-29 23:39:57,554][__main__][INFO] - [12, 17], []
[2025-01-29 23:39:57,574][__main__][INFO] - [12, 18], []
[2025-01-29 23:39:57,603][__main__][INFO] - [12, 19], []
[2025-01-29 23:39:57,625][__main__][INFO] - [12, 20], []
[2025-01-29 23:39:57,677][__main__][INFO] - [12, 23], []
[2025-01-29 23:39:57,860][__main__][INFO] - [13, 16], []
[2025-01-29 23:39:57,885][__main__][INFO] - [13], [16]
[2025-01-29 23:39:57,908][__main__][INFO] - [13, 17], []
[2025-01-29 23:39:57,929][__main__][INFO] - [13, 18], []
[2025-01-29 23:39:57,950][__main__][INFO] - [13, 19], []
[2025-01-29 23:39:57,970][__main__][INFO] - [13, 20], []
[2025-01-29 23:39:58,026][__main__][INFO] - [13, 23], []
[2025-01-29 23:39:58,092][__main__][INFO] - [14, 16], []
[2025-01-29 23:39:58,115][__main__][INFO] - [14], [16]
[2025-01-29 23:39:58,151][__main__][INFO] - [14, 18], []
[2025-01-29 23:39:58,172][__main__][INFO] - [14, 19], []
[2025-01-29 23:39:58,228][__main__][INFO] - [14, 22], []
[2025-01-29 23:39:58,250][__main__][INFO] - [14, 23], []
[2025-01-29 23:39:58,322][__main__][INFO] - [15, 16], []
[2025-01-29 23:39:58,413][__main__][INFO] - [15], [16]
[2025-01-29 23:39:58,528][__main__][INFO] - [15, 17], []
[2025-01-29 23:39:58,603][__main__][INFO] - [15, 18], []
[2025-01-29 23:39:58,711][__main__][INFO] - [15, 19], []
[2025-01-29 23:39:58,734][__main__][INFO] - [15, 20], []
[2025-01-29 23:39:58,755][__main__][INFO] - [15, 21], []
[2025-01-29 23:39:58,775][__main__][INFO] - [15, 22], []
[2025-01-29 23:39:58,795][__main__][INFO] - [15, 23], []
[2025-01-29 23:39:58,817][__main__][INFO] - [15, 24], []
[2025-01-29 23:39:58,867][__main__][INFO] - [16, 17], []
[2025-01-29 23:39:58,939][__main__][INFO] - [16, 18], []
[2025-01-29 23:39:59,296][__main__][INFO] - [16, 19], []
[2025-01-29 23:39:59,333][__main__][INFO] - [16, 20], []
[2025-01-29 23:39:59,375][__main__][INFO] - [16, 21], []
[2025-01-29 23:39:59,400][__main__][INFO] - [16, 22], []
[2025-01-29 23:39:59,422][__main__][INFO] - [16, 23], []
[2025-01-29 23:39:59,529][__main__][INFO] - [16, 24], []
[2025-01-29 23:39:59,580][__main__][INFO] - [17], [16]
[2025-01-29 23:39:59,664][__main__][INFO] - [18], [16]
[2025-01-29 23:40:00,100][__main__][INFO] - [19], [16]
[2025-01-29 23:40:00,139][__main__][INFO] - [20], [16]
[2025-01-29 23:40:00,178][__main__][INFO] - [21], [16]
[2025-01-29 23:40:00,203][__main__][INFO] - [22], [16]
[2025-01-29 23:40:00,226][__main__][INFO] - [23], [16]
[2025-01-29 23:40:00,326][__main__][INFO] - [24], [16]
[2025-01-29 23:40:00,411][__main__][INFO] - [0, 10, 16], []
[2025-01-29 23:40:00,503][__main__][INFO] - [0, 10], [16]
[2025-01-29 23:40:00,598][__main__][INFO] - [0, 10, 17], []
[2025-01-29 23:40:00,637][__main__][INFO] - [0, 10, 18], []
[2025-01-29 23:40:00,743][__main__][INFO] - [0, 10, 19], []
[2025-01-29 23:40:00,774][__main__][INFO] - [0, 10, 20], []
[2025-01-29 23:40:00,802][__main__][INFO] - [0, 10, 21], []
[2025-01-29 23:40:00,825][__main__][INFO] - [0, 10, 22], []
[2025-01-29 23:40:00,847][__main__][INFO] - [0, 10, 23], []
[2025-01-29 23:40:00,881][__main__][INFO] - [0, 10, 24], []
[2025-01-29 23:40:00,936][__main__][INFO] - [0, 11, 16], []
[2025-01-29 23:40:00,960][__main__][INFO] - [0, 11], [16]
[2025-01-29 23:40:01,001][__main__][INFO] - [0, 11, 18], []
[2025-01-29 23:40:01,024][__main__][INFO] - [0, 11, 19], []
[2025-01-29 23:40:01,091][__main__][INFO] - [0, 11, 23], []
[2025-01-29 23:40:01,158][__main__][INFO] - [0, 12, 16], []
[2025-01-29 23:40:01,182][__main__][INFO] - [0, 12], [16]
[2025-01-29 23:40:01,222][__main__][INFO] - [0, 12, 18], []
[2025-01-29 23:40:01,245][__main__][INFO] - [0, 12, 19], []
[2025-01-29 23:40:01,313][__main__][INFO] - [0, 12, 23], []
[2025-01-29 23:40:01,385][__main__][INFO] - [0, 13, 16], []
[2025-01-29 23:40:01,407][__main__][INFO] - [0, 13], [16]
[2025-01-29 23:40:01,444][__main__][INFO] - [0, 13, 18], []
[2025-01-29 23:40:01,481][__main__][INFO] - [0, 13, 20], []
[2025-01-29 23:40:01,592][__main__][INFO] - [0, 14, 16], []
[2025-01-29 23:40:01,614][__main__][INFO] - [0, 14], [16]
[2025-01-29 23:40:01,651][__main__][INFO] - [0, 14, 18], []
[2025-01-29 23:40:01,717][__main__][INFO] - [0, 14, 22], []
[2025-01-29 23:40:01,800][__main__][INFO] - [0, 15, 16], []
[2025-01-29 23:40:01,825][__main__][INFO] - [0, 15], [16]
[2025-01-29 23:40:01,850][__main__][INFO] - [0, 15, 17], []
[2025-01-29 23:40:01,875][__main__][INFO] - [0, 15, 18], []
[2025-01-29 23:40:01,901][__main__][INFO] - [0, 15, 19], []
[2025-01-29 23:40:01,923][__main__][INFO] - [0, 15, 20], []
[2025-01-29 23:40:01,945][__main__][INFO] - [0, 15, 21], []
[2025-01-29 23:40:01,981][__main__][INFO] - [0, 15, 23], []
[2025-01-29 23:40:02,048][__main__][INFO] - [0, 16, 17], []
[2025-01-29 23:40:02,078][__main__][INFO] - [0, 16, 18], []
[2025-01-29 23:40:02,140][__main__][INFO] - [0, 16, 19], []
[2025-01-29 23:40:02,166][__main__][INFO] - [0, 16, 20], []
[2025-01-29 23:40:02,190][__main__][INFO] - [0, 16, 21], []
[2025-01-29 23:40:02,212][__main__][INFO] - [0, 16, 22], []
[2025-01-29 23:40:02,234][__main__][INFO] - [0, 16, 23], []
[2025-01-29 23:40:02,263][__main__][INFO] - [0, 16, 24], []
[2025-01-29 23:40:02,314][__main__][INFO] - [0, 17], [16]
[2025-01-29 23:40:02,345][__main__][INFO] - [0, 18], [16]
[2025-01-29 23:40:02,408][__main__][INFO] - [0, 19], [16]
[2025-01-29 23:40:02,433][__main__][INFO] - [0, 20], [16]
[2025-01-29 23:40:02,458][__main__][INFO] - [0, 21], [16]
[2025-01-29 23:40:02,480][__main__][INFO] - [0, 22], [16]
[2025-01-29 23:40:02,502][__main__][INFO] - [0, 23], [16]
[2025-01-29 23:40:02,531][__main__][INFO] - [0, 24], [16]
[2025-01-29 23:40:02,597][__main__][INFO] - [1, 10, 16], []
[2025-01-29 23:40:02,690][__main__][INFO] - [1, 10], [16]
[2025-01-29 23:40:02,790][__main__][INFO] - [1, 10, 17], []
[2025-01-29 23:40:02,829][__main__][INFO] - [1, 10, 18], []
[2025-01-29 23:40:02,950][__main__][INFO] - [1, 10, 19], []
[2025-01-29 23:40:02,980][__main__][INFO] - [1, 10, 20], []
[2025-01-29 23:40:03,008][__main__][INFO] - [1, 10, 21], []
[2025-01-29 23:40:03,031][__main__][INFO] - [1, 10, 22], []
[2025-01-29 23:40:03,054][__main__][INFO] - [1, 10, 23], []
[2025-01-29 23:40:03,088][__main__][INFO] - [1, 10, 24], []
[2025-01-29 23:40:03,140][__main__][INFO] - [1, 11, 16], []
[2025-01-29 23:40:03,164][__main__][INFO] - [1, 11], [16]
[2025-01-29 23:40:03,202][__main__][INFO] - [1, 11, 18], []
[2025-01-29 23:40:03,227][__main__][INFO] - [1, 11, 19], []
[2025-01-29 23:40:03,250][__main__][INFO] - [1, 11, 20], []
[2025-01-29 23:40:03,302][__main__][INFO] - [1, 11, 23], []
[2025-01-29 23:40:03,369][__main__][INFO] - [1, 12, 16], []
[2025-01-29 23:40:03,398][__main__][INFO] - [1, 12], [16]
[2025-01-29 23:40:03,442][__main__][INFO] - [1, 12, 18], []
[2025-01-29 23:40:03,465][__main__][INFO] - [1, 12, 19], []
[2025-01-29 23:40:03,532][__main__][INFO] - [1, 12, 23], []
[2025-01-29 23:40:03,614][__main__][INFO] - [1, 13, 16], []
[2025-01-29 23:40:03,637][__main__][INFO] - [1, 13], [16]
[2025-01-29 23:40:03,675][__main__][INFO] - [1, 13, 18], []
[2025-01-29 23:40:03,712][__main__][INFO] - [1, 13, 20], []
[2025-01-29 23:40:03,823][__main__][INFO] - [1, 14, 16], []
[2025-01-29 23:40:03,845][__main__][INFO] - [1, 14], [16]
[2025-01-29 23:40:03,882][__main__][INFO] - [1, 14, 18], []
[2025-01-29 23:40:03,949][__main__][INFO] - [1, 14, 22], []
[2025-01-29 23:40:03,971][__main__][INFO] - [1, 14, 23], []
[2025-01-29 23:40:04,038][__main__][INFO] - [1, 15, 16], []
[2025-01-29 23:40:04,067][__main__][INFO] - [1, 15], [16]
[2025-01-29 23:40:04,098][__main__][INFO] - [1, 15, 17], []
[2025-01-29 23:40:04,126][__main__][INFO] - [1, 15, 18], []
[2025-01-29 23:40:04,157][__main__][INFO] - [1, 15, 19], []
[2025-01-29 23:40:04,179][__main__][INFO] - [1, 15, 20], []
[2025-01-29 23:40:04,202][__main__][INFO] - [1, 15, 21], []
[2025-01-29 23:40:04,239][__main__][INFO] - [1, 15, 23], []
[2025-01-29 23:40:04,261][__main__][INFO] - [1, 15, 24], []
[2025-01-29 23:40:04,313][__main__][INFO] - [1, 16, 17], []
[2025-01-29 23:40:04,345][__main__][INFO] - [1, 16, 18], []
[2025-01-29 23:40:04,417][__main__][INFO] - [1, 16, 19], []
[2025-01-29 23:40:04,442][__main__][INFO] - [1, 16, 20], []
[2025-01-29 23:40:04,467][__main__][INFO] - [1, 16, 21], []
[2025-01-29 23:40:04,489][__main__][INFO] - [1, 16, 22], []
[2025-01-29 23:40:04,512][__main__][INFO] - [1, 16, 23], []
[2025-01-29 23:40:04,546][__main__][INFO] - [1, 16, 24], []
[2025-01-29 23:40:04,597][__main__][INFO] - [1, 17], [16]
[2025-01-29 23:40:04,631][__main__][INFO] - [1, 18], [16]
[2025-01-29 23:40:04,711][__main__][INFO] - [1, 19], [16]
[2025-01-29 23:40:04,736][__main__][INFO] - [1, 20], [16]
[2025-01-29 23:40:04,761][__main__][INFO] - [1, 21], [16]
[2025-01-29 23:40:04,783][__main__][INFO] - [1, 22], [16]
[2025-01-29 23:40:04,805][__main__][INFO] - [1, 23], [16]
[2025-01-29 23:40:04,839][__main__][INFO] - [1, 24], [16]
[2025-01-29 23:40:04,906][__main__][INFO] - [2, 10, 16], []
[2025-01-29 23:40:04,982][__main__][INFO] - [2, 10], [16]
[2025-01-29 23:40:05,066][__main__][INFO] - [2, 10, 17], []
[2025-01-29 23:40:05,098][__main__][INFO] - [2, 10, 18], []
[2025-01-29 23:40:05,206][__main__][INFO] - [2, 10, 19], []
[2025-01-29 23:40:05,233][__main__][INFO] - [2, 10, 20], []
[2025-01-29 23:40:05,260][__main__][INFO] - [2, 10, 21], []
[2025-01-29 23:40:05,282][__main__][INFO] - [2, 10, 22], []
[2025-01-29 23:40:05,305][__main__][INFO] - [2, 10, 23], []
[2025-01-29 23:40:05,336][__main__][INFO] - [2, 10, 24], []
[2025-01-29 23:40:05,388][__main__][INFO] - [2, 11, 16], []
[2025-01-29 23:40:05,412][__main__][INFO] - [2, 11], [16]
[2025-01-29 23:40:05,451][__main__][INFO] - [2, 11, 18], []
[2025-01-29 23:40:05,476][__main__][INFO] - [2, 11, 19], []
[2025-01-29 23:40:05,544][__main__][INFO] - [2, 11, 23], []
[2025-01-29 23:40:05,611][__main__][INFO] - [2, 12, 16], []
[2025-01-29 23:40:05,647][__main__][INFO] - [2, 12], [16]
[2025-01-29 23:40:05,695][__main__][INFO] - [2, 12, 18], []
[2025-01-29 23:40:05,719][__main__][INFO] - [2, 12, 19], []
[2025-01-29 23:40:05,787][__main__][INFO] - [2, 12, 23], []
[2025-01-29 23:40:05,873][__main__][INFO] - [2, 13, 16], []
[2025-01-29 23:40:05,895][__main__][INFO] - [2, 13], [16]
[2025-01-29 23:40:05,933][__main__][INFO] - [2, 13, 18], []
[2025-01-29 23:40:05,970][__main__][INFO] - [2, 13, 20], []
[2025-01-29 23:40:06,022][__main__][INFO] - [2, 13, 23], []
[2025-01-29 23:40:06,089][__main__][INFO] - [2, 14, 16], []
[2025-01-29 23:40:06,111][__main__][INFO] - [2, 14], [16]
[2025-01-29 23:40:06,148][__main__][INFO] - [2, 14, 18], []
[2025-01-29 23:40:06,215][__main__][INFO] - [2, 14, 22], []
[2025-01-29 23:40:06,238][__main__][INFO] - [2, 14, 23], []
[2025-01-29 23:40:06,305][__main__][INFO] - [2, 15, 16], []
[2025-01-29 23:40:06,338][__main__][INFO] - [2, 15], [16]
[2025-01-29 23:40:06,375][__main__][INFO] - [2, 15, 17], []
[2025-01-29 23:40:06,407][__main__][INFO] - [2, 15, 18], []
[2025-01-29 23:40:06,443][__main__][INFO] - [2, 15, 19], []
[2025-01-29 23:40:06,465][__main__][INFO] - [2, 15, 20], []
[2025-01-29 23:40:06,488][__main__][INFO] - [2, 15, 21], []
[2025-01-29 23:40:06,525][__main__][INFO] - [2, 15, 23], []
[2025-01-29 23:40:06,547][__main__][INFO] - [2, 15, 24], []
[2025-01-29 23:40:06,599][__main__][INFO] - [2, 16, 17], []
[2025-01-29 23:40:06,629][__main__][INFO] - [2, 16, 18], []
[2025-01-29 23:40:06,696][__main__][INFO] - [2, 16, 19], []
[2025-01-29 23:40:06,721][__main__][INFO] - [2, 16, 20], []
[2025-01-29 23:40:06,745][__main__][INFO] - [2, 16, 21], []
[2025-01-29 23:40:06,767][__main__][INFO] - [2, 16, 22], []
[2025-01-29 23:40:06,790][__main__][INFO] - [2, 16, 23], []
[2025-01-29 23:40:06,825][__main__][INFO] - [2, 16, 24], []
[2025-01-29 23:40:06,877][__main__][INFO] - [2, 17], [16]
[2025-01-29 23:40:06,909][__main__][INFO] - [2, 18], [16]
[2025-01-29 23:40:06,988][__main__][INFO] - [2, 19], [16]
[2025-01-29 23:40:07,012][__main__][INFO] - [2, 20], [16]
[2025-01-29 23:40:07,037][__main__][INFO] - [2, 21], [16]
[2025-01-29 23:40:07,059][__main__][INFO] - [2, 22], [16]
[2025-01-29 23:40:07,081][__main__][INFO] - [2, 23], [16]
[2025-01-29 23:40:07,117][__main__][INFO] - [2, 24], [16]
[2025-01-29 23:40:07,184][__main__][INFO] - [3, 10, 16], []
[2025-01-29 23:40:07,243][__main__][INFO] - [3, 10], [16]
[2025-01-29 23:40:07,304][__main__][INFO] - [3, 10, 17], []
[2025-01-29 23:40:07,330][__main__][INFO] - [3, 10, 18], []
[2025-01-29 23:40:07,414][__main__][INFO] - [3, 10, 19], []
[2025-01-29 23:40:07,439][__main__][INFO] - [3, 10, 20], []
[2025-01-29 23:40:07,465][__main__][INFO] - [3, 10, 21], []
[2025-01-29 23:40:07,488][__main__][INFO] - [3, 10, 22], []
[2025-01-29 23:40:07,510][__main__][INFO] - [3, 10, 23], []
[2025-01-29 23:40:07,536][__main__][INFO] - [3, 10, 24], []
[2025-01-29 23:40:07,588][__main__][INFO] - [3, 11, 16], []
[2025-01-29 23:40:07,611][__main__][INFO] - [3, 11], [16]
[2025-01-29 23:40:07,650][__main__][INFO] - [3, 11, 18], []
[2025-01-29 23:40:07,676][__main__][INFO] - [3, 11, 19], []
[2025-01-29 23:40:07,743][__main__][INFO] - [3, 11, 23], []
[2025-01-29 23:40:07,810][__main__][INFO] - [3, 12, 16], []
[2025-01-29 23:40:07,843][__main__][INFO] - [3, 12], [16]
[2025-01-29 23:40:07,890][__main__][INFO] - [3, 12, 18], []
[2025-01-29 23:40:07,914][__main__][INFO] - [3, 12, 19], []
[2025-01-29 23:40:07,981][__main__][INFO] - [3, 12, 23], []
[2025-01-29 23:40:08,068][__main__][INFO] - [3, 13, 16], []
[2025-01-29 23:40:08,090][__main__][INFO] - [3, 13], [16]
[2025-01-29 23:40:08,128][__main__][INFO] - [3, 13, 18], []
[2025-01-29 23:40:08,165][__main__][INFO] - [3, 13, 20], []
[2025-01-29 23:40:08,217][__main__][INFO] - [3, 13, 23], []
[2025-01-29 23:40:08,285][__main__][INFO] - [3, 14, 16], []
[2025-01-29 23:40:08,307][__main__][INFO] - [3, 14], [16]
[2025-01-29 23:40:08,344][__main__][INFO] - [3, 14, 18], []
[2025-01-29 23:40:08,366][__main__][INFO] - [3, 14, 19], []
[2025-01-29 23:40:08,418][__main__][INFO] - [3, 14, 22], []
[2025-01-29 23:40:08,440][__main__][INFO] - [3, 14, 23], []
[2025-01-29 23:40:08,507][__main__][INFO] - [3, 15, 16], []
[2025-01-29 23:40:08,541][__main__][INFO] - [3, 15], [16]
[2025-01-29 23:40:08,577][__main__][INFO] - [3, 15, 17], []
[2025-01-29 23:40:08,609][__main__][INFO] - [3, 15, 18], []
[2025-01-29 23:40:08,646][__main__][INFO] - [3, 15, 19], []
[2025-01-29 23:40:08,669][__main__][INFO] - [3, 15, 20], []
[2025-01-29 23:40:08,691][__main__][INFO] - [3, 15, 21], []
[2025-01-29 23:40:08,728][__main__][INFO] - [3, 15, 23], []
[2025-01-29 23:40:08,751][__main__][INFO] - [3, 15, 24], []
[2025-01-29 23:40:08,803][__main__][INFO] - [3, 16, 17], []
[2025-01-29 23:40:08,831][__main__][INFO] - [3, 16, 18], []
[2025-01-29 23:40:08,888][__main__][INFO] - [3, 16, 19], []
[2025-01-29 23:40:08,912][__main__][INFO] - [3, 16, 20], []
[2025-01-29 23:40:08,936][__main__][INFO] - [3, 16, 21], []
[2025-01-29 23:40:08,958][__main__][INFO] - [3, 16, 22], []
[2025-01-29 23:40:08,980][__main__][INFO] - [3, 16, 23], []
[2025-01-29 23:40:09,014][__main__][INFO] - [3, 16, 24], []
[2025-01-29 23:40:09,066][__main__][INFO] - [3, 17], [16]
[2025-01-29 23:40:09,095][__main__][INFO] - [3, 18], [16]
[2025-01-29 23:40:09,159][__main__][INFO] - [3, 19], [16]
[2025-01-29 23:40:09,182][__main__][INFO] - [3, 20], [16]
[2025-01-29 23:40:09,206][__main__][INFO] - [3, 21], [16]
[2025-01-29 23:40:09,228][__main__][INFO] - [3, 22], [16]
[2025-01-29 23:40:09,250][__main__][INFO] - [3, 23], [16]
[2025-01-29 23:40:09,284][__main__][INFO] - [3, 24], [16]
[2025-01-29 23:40:09,350][__main__][INFO] - [4, 10, 16], []
[2025-01-29 23:40:09,418][__main__][INFO] - [4, 10], [16]
[2025-01-29 23:40:09,493][__main__][INFO] - [4, 10, 17], []
[2025-01-29 23:40:09,518][__main__][INFO] - [4, 10, 18], []
[2025-01-29 23:40:09,627][__main__][INFO] - [4, 10, 19], []
[2025-01-29 23:40:09,652][__main__][INFO] - [4, 10, 20], []
[2025-01-29 23:40:09,679][__main__][INFO] - [4, 10, 21], []
[2025-01-29 23:40:09,702][__main__][INFO] - [4, 10, 22], []
[2025-01-29 23:40:09,724][__main__][INFO] - [4, 10, 23], []
[2025-01-29 23:40:09,749][__main__][INFO] - [4, 10, 24], []
[2025-01-29 23:40:09,802][__main__][INFO] - [4, 11, 16], []
[2025-01-29 23:40:09,825][__main__][INFO] - [4, 11], [16]
[2025-01-29 23:40:09,864][__main__][INFO] - [4, 11, 18], []
[2025-01-29 23:40:09,890][__main__][INFO] - [4, 11, 19], []
[2025-01-29 23:40:09,913][__main__][INFO] - [4, 11, 20], []
[2025-01-29 23:40:09,965][__main__][INFO] - [4, 11, 23], []
[2025-01-29 23:40:10,032][__main__][INFO] - [4, 12, 16], []
[2025-01-29 23:40:10,067][__main__][INFO] - [4, 12], [16]
[2025-01-29 23:40:10,116][__main__][INFO] - [4, 12, 18], []
[2025-01-29 23:40:10,139][__main__][INFO] - [4, 12, 19], []
[2025-01-29 23:40:10,207][__main__][INFO] - [4, 12, 23], []
[2025-01-29 23:40:10,297][__main__][INFO] - [4, 13, 16], []
[2025-01-29 23:40:10,320][__main__][INFO] - [4, 13], [16]
[2025-01-29 23:40:10,357][__main__][INFO] - [4, 13, 18], []
[2025-01-29 23:40:10,395][__main__][INFO] - [4, 13, 20], []
[2025-01-29 23:40:10,447][__main__][INFO] - [4, 13, 23], []
[2025-01-29 23:40:10,514][__main__][INFO] - [4, 14, 16], []
[2025-01-29 23:40:10,537][__main__][INFO] - [4, 14], [16]
[2025-01-29 23:40:10,574][__main__][INFO] - [4, 14, 18], []
[2025-01-29 23:40:10,596][__main__][INFO] - [4, 14, 19], []
[2025-01-29 23:40:10,648][__main__][INFO] - [4, 14, 22], []
[2025-01-29 23:40:10,731][__main__][INFO] - [4, 15, 16], []
[2025-01-29 23:40:10,767][__main__][INFO] - [4, 15], [16]
[2025-01-29 23:40:10,808][__main__][INFO] - [4, 15, 17], []
[2025-01-29 23:40:10,842][__main__][INFO] - [4, 15, 18], []
[2025-01-29 23:40:10,883][__main__][INFO] - [4, 15, 19], []
[2025-01-29 23:40:10,905][__main__][INFO] - [4, 15, 20], []
[2025-01-29 23:40:10,928][__main__][INFO] - [4, 15, 21], []
[2025-01-29 23:40:10,965][__main__][INFO] - [4, 15, 23], []
[2025-01-29 23:40:10,987][__main__][INFO] - [4, 15, 24], []
[2025-01-29 23:40:11,040][__main__][INFO] - [4, 16, 17], []
[2025-01-29 23:40:11,068][__main__][INFO] - [4, 16, 18], []
[2025-01-29 23:40:11,138][__main__][INFO] - [4, 16, 19], []
[2025-01-29 23:40:11,161][__main__][INFO] - [4, 16, 20], []
[2025-01-29 23:40:11,186][__main__][INFO] - [4, 16, 21], []
[2025-01-29 23:40:11,208][__main__][INFO] - [4, 16, 22], []
[2025-01-29 23:40:11,230][__main__][INFO] - [4, 16, 23], []
[2025-01-29 23:40:11,266][__main__][INFO] - [4, 16, 24], []
[2025-01-29 23:40:11,318][__main__][INFO] - [4, 17], [16]
[2025-01-29 23:40:11,349][__main__][INFO] - [4, 18], [16]
[2025-01-29 23:40:11,429][__main__][INFO] - [4, 19], [16]
[2025-01-29 23:40:11,453][__main__][INFO] - [4, 20], [16]
[2025-01-29 23:40:11,477][__main__][INFO] - [4, 21], [16]
[2025-01-29 23:40:11,499][__main__][INFO] - [4, 22], [16]
[2025-01-29 23:40:11,522][__main__][INFO] - [4, 23], [16]
[2025-01-29 23:40:11,556][__main__][INFO] - [4, 24], [16]
[2025-01-29 23:40:11,623][__main__][INFO] - [5, 10, 16], []
[2025-01-29 23:40:11,690][__main__][INFO] - [5, 10], [16]
[2025-01-29 23:40:11,763][__main__][INFO] - [5, 10, 17], []
[2025-01-29 23:40:11,788][__main__][INFO] - [5, 10, 18], []
[2025-01-29 23:40:11,895][__main__][INFO] - [5, 10, 19], []
[2025-01-29 23:40:11,919][__main__][INFO] - [5, 10, 20], []
[2025-01-29 23:40:11,946][__main__][INFO] - [5, 10, 21], []
[2025-01-29 23:40:11,969][__main__][INFO] - [5, 10, 22], []
[2025-01-29 23:40:11,992][__main__][INFO] - [5, 10, 23], []
[2025-01-29 23:40:12,016][__main__][INFO] - [5, 10, 24], []
[2025-01-29 23:40:12,068][__main__][INFO] - [5, 11, 16], []
[2025-01-29 23:40:12,092][__main__][INFO] - [5, 11], [16]
[2025-01-29 23:40:12,131][__main__][INFO] - [5, 11, 18], []
[2025-01-29 23:40:12,157][__main__][INFO] - [5, 11, 19], []
[2025-01-29 23:40:12,285][__main__][INFO] - [5, 12, 16], []
[2025-01-29 23:40:12,317][__main__][INFO] - [5, 12], [16]
[2025-01-29 23:40:12,364][__main__][INFO] - [5, 12, 18], []
[2025-01-29 23:40:12,388][__main__][INFO] - [5, 12, 19], []
[2025-01-29 23:40:12,455][__main__][INFO] - [5, 12, 23], []
[2025-01-29 23:40:12,541][__main__][INFO] - [5, 13, 16], []
[2025-01-29 23:40:12,564][__main__][INFO] - [5, 13], [16]
[2025-01-29 23:40:12,601][__main__][INFO] - [5, 13, 18], []
[2025-01-29 23:40:12,638][__main__][INFO] - [5, 13, 20], []
[2025-01-29 23:40:12,691][__main__][INFO] - [5, 13, 23], []
[2025-01-29 23:40:12,758][__main__][INFO] - [5, 14, 16], []
[2025-01-29 23:40:12,780][__main__][INFO] - [5, 14], [16]
[2025-01-29 23:40:12,817][__main__][INFO] - [5, 14, 18], []
[2025-01-29 23:40:12,839][__main__][INFO] - [5, 14, 19], []
[2025-01-29 23:40:12,891][__main__][INFO] - [5, 14, 22], []
[2025-01-29 23:40:12,913][__main__][INFO] - [5, 14, 23], []
[2025-01-29 23:40:12,980][__main__][INFO] - [5, 15, 16], []
[2025-01-29 23:40:13,011][__main__][INFO] - [5, 15], [16]
[2025-01-29 23:40:13,045][__main__][INFO] - [5, 15, 17], []
[2025-01-29 23:40:13,074][__main__][INFO] - [5, 15, 18], []
[2025-01-29 23:40:13,109][__main__][INFO] - [5, 15, 19], []
[2025-01-29 23:40:13,131][__main__][INFO] - [5, 15, 20], []
[2025-01-29 23:40:13,153][__main__][INFO] - [5, 15, 21], []
[2025-01-29 23:40:13,190][__main__][INFO] - [5, 15, 23], []
[2025-01-29 23:40:13,213][__main__][INFO] - [5, 15, 24], []
[2025-01-29 23:40:13,265][__main__][INFO] - [5, 16, 17], []
[2025-01-29 23:40:13,291][__main__][INFO] - [5, 16, 18], []
[2025-01-29 23:40:13,361][__main__][INFO] - [5, 16, 19], []
[2025-01-29 23:40:13,385][__main__][INFO] - [5, 16, 20], []
[2025-01-29 23:40:13,410][__main__][INFO] - [5, 16, 21], []
[2025-01-29 23:40:13,432][__main__][INFO] - [5, 16, 22], []
[2025-01-29 23:40:13,454][__main__][INFO] - [5, 16, 23], []
[2025-01-29 23:40:13,487][__main__][INFO] - [5, 16, 24], []
[2025-01-29 23:40:13,539][__main__][INFO] - [5, 17], [16]
[2025-01-29 23:40:13,567][__main__][INFO] - [5, 18], [16]
[2025-01-29 23:40:13,644][__main__][INFO] - [5, 19], [16]
[2025-01-29 23:40:13,667][__main__][INFO] - [5, 20], [16]
[2025-01-29 23:40:13,691][__main__][INFO] - [5, 21], [16]
[2025-01-29 23:40:13,713][__main__][INFO] - [5, 22], [16]
[2025-01-29 23:40:13,735][__main__][INFO] - [5, 23], [16]
[2025-01-29 23:40:13,767][__main__][INFO] - [5, 24], [16]
[2025-01-29 23:40:13,834][__main__][INFO] - [6, 10, 16], []
[2025-01-29 23:40:13,874][__main__][INFO] - [6, 10], [16]
[2025-01-29 23:40:13,917][__main__][INFO] - [6, 10, 17], []
[2025-01-29 23:40:13,940][__main__][INFO] - [6, 10, 18], []
[2025-01-29 23:40:13,998][__main__][INFO] - [6, 10, 19], []
[2025-01-29 23:40:14,021][__main__][INFO] - [6, 10, 20], []
[2025-01-29 23:40:14,045][__main__][INFO] - [6, 10, 21], []
[2025-01-29 23:40:14,067][__main__][INFO] - [6, 10, 22], []
[2025-01-29 23:40:14,089][__main__][INFO] - [6, 10, 23], []
[2025-01-29 23:40:14,157][__main__][INFO] - [6, 11, 16], []
[2025-01-29 23:40:14,180][__main__][INFO] - [6, 11], [16]
[2025-01-29 23:40:14,217][__main__][INFO] - [6, 11, 18], []
[2025-01-29 23:40:14,360][__main__][INFO] - [6, 12, 16], []
[2025-01-29 23:40:14,385][__main__][INFO] - [6, 12], [16]
[2025-01-29 23:40:14,426][__main__][INFO] - [6, 12, 18], []
[2025-01-29 23:40:14,449][__main__][INFO] - [6, 12, 19], []
[2025-01-29 23:40:14,516][__main__][INFO] - [6, 12, 23], []
[2025-01-29 23:40:14,590][__main__][INFO] - [6, 13, 16], []
[2025-01-29 23:40:14,612][__main__][INFO] - [6, 13], [16]
[2025-01-29 23:40:14,649][__main__][INFO] - [6, 13, 18], []
[2025-01-29 23:40:14,686][__main__][INFO] - [6, 13, 20], []
[2025-01-29 23:40:14,813][__main__][INFO] - [6, 14], [16]
[2025-01-29 23:40:14,983][__main__][INFO] - [6, 15, 16], []
[2025-01-29 23:40:15,007][__main__][INFO] - [6, 15], [16]
[2025-01-29 23:40:15,033][__main__][INFO] - [6, 15, 17], []
[2025-01-29 23:40:15,056][__main__][INFO] - [6, 15, 18], []
[2025-01-29 23:40:15,081][__main__][INFO] - [6, 15, 19], []
[2025-01-29 23:40:15,103][__main__][INFO] - [6, 15, 20], []
[2025-01-29 23:40:15,155][__main__][INFO] - [6, 15, 23], []
[2025-01-29 23:40:15,222][__main__][INFO] - [6, 16, 17], []
[2025-01-29 23:40:15,245][__main__][INFO] - [6, 16, 18], []
[2025-01-29 23:40:15,285][__main__][INFO] - [6, 16, 19], []
[2025-01-29 23:40:15,307][__main__][INFO] - [6, 16, 20], []
[2025-01-29 23:40:15,330][__main__][INFO] - [6, 16, 21], []
[2025-01-29 23:40:15,352][__main__][INFO] - [6, 16, 22], []
[2025-01-29 23:40:15,375][__main__][INFO] - [6, 16, 23], []
[2025-01-29 23:40:15,445][__main__][INFO] - [6, 17], [16]
[2025-01-29 23:40:15,469][__main__][INFO] - [6, 18], [16]
[2025-01-29 23:40:15,513][__main__][INFO] - [6, 19], [16]
[2025-01-29 23:40:15,535][__main__][INFO] - [6, 20], [16]
[2025-01-29 23:40:15,558][__main__][INFO] - [6, 21], [16]
[2025-01-29 23:40:15,580][__main__][INFO] - [6, 22], [16]
[2025-01-29 23:40:15,603][__main__][INFO] - [6, 23], [16]
[2025-01-29 23:40:15,688][__main__][INFO] - [7, 10, 16], []
[2025-01-29 23:40:15,715][__main__][INFO] - [7, 10], [16]
[2025-01-29 23:40:15,745][__main__][INFO] - [7, 10, 17], []
[2025-01-29 23:40:15,768][__main__][INFO] - [7, 10, 18], []
[2025-01-29 23:40:15,806][__main__][INFO] - [7, 10, 19], []
[2025-01-29 23:40:15,828][__main__][INFO] - [7, 10, 20], []
[2025-01-29 23:40:15,851][__main__][INFO] - [7, 10, 21], []
[2025-01-29 23:40:15,888][__main__][INFO] - [7, 10, 23], []
[2025-01-29 23:40:15,955][__main__][INFO] - [7, 11, 16], []
[2025-01-29 23:40:15,977][__main__][INFO] - [7, 11], [16]
[2025-01-29 23:40:16,015][__main__][INFO] - [7, 11, 18], []
[2025-01-29 23:40:16,157][__main__][INFO] - [7, 12, 16], []
[2025-01-29 23:40:16,180][__main__][INFO] - [7, 12], [16]
[2025-01-29 23:40:16,218][__main__][INFO] - [7, 12, 18], []
[2025-01-29 23:40:16,240][__main__][INFO] - [7, 12, 19], []
[2025-01-29 23:40:16,308][__main__][INFO] - [7, 12, 23], []
[2025-01-29 23:40:16,390][__main__][INFO] - [7, 13], [16]
[2025-01-29 23:40:16,427][__main__][INFO] - [7, 13, 18], []
[2025-01-29 23:40:16,746][__main__][INFO] - [7, 15, 16], []
[2025-01-29 23:40:16,769][__main__][INFO] - [7, 15], [16]
[2025-01-29 23:40:16,791][__main__][INFO] - [7, 15, 17], []
[2025-01-29 23:40:16,813][__main__][INFO] - [7, 15, 18], []
[2025-01-29 23:40:16,836][__main__][INFO] - [7, 15, 19], []
[2025-01-29 23:40:16,961][__main__][INFO] - [7, 16, 17], []
[2025-01-29 23:40:16,983][__main__][INFO] - [7, 16, 18], []
[2025-01-29 23:40:17,010][__main__][INFO] - [7, 16, 19], []
[2025-01-29 23:40:17,032][__main__][INFO] - [7, 16, 20], []
[2025-01-29 23:40:17,054][__main__][INFO] - [7, 16, 21], []
[2025-01-29 23:40:17,091][__main__][INFO] - [7, 16, 23], []
[2025-01-29 23:40:17,158][__main__][INFO] - [7, 17], [16]
[2025-01-29 23:40:17,180][__main__][INFO] - [7, 18], [16]
[2025-01-29 23:40:17,210][__main__][INFO] - [7, 19], [16]
[2025-01-29 23:40:17,232][__main__][INFO] - [7, 20], [16]
[2025-01-29 23:40:17,254][__main__][INFO] - [7, 21], [16]
[2025-01-29 23:40:17,291][__main__][INFO] - [7, 23], [16]
[2025-01-29 23:40:17,372][__main__][INFO] - [8, 10, 16], []
[2025-01-29 23:40:17,395][__main__][INFO] - [8, 10], [16]
[2025-01-29 23:40:17,433][__main__][INFO] - [8, 10, 18], []
[2025-01-29 23:40:17,458][__main__][INFO] - [8, 10, 19], []
[2025-01-29 23:40:17,480][__main__][INFO] - [8, 10, 20], []
[2025-01-29 23:40:17,532][__main__][INFO] - [8, 10, 23], []
[2025-01-29 23:40:17,599][__main__][INFO] - [8, 11, 16], []
[2025-01-29 23:40:17,622][__main__][INFO] - [8, 11], [16]
[2025-01-29 23:40:17,659][__main__][INFO] - [8, 11, 18], []
[2025-01-29 23:40:17,799][__main__][INFO] - [8, 12, 16], []
[2025-01-29 23:40:17,821][__main__][INFO] - [8, 12], [16]
[2025-01-29 23:40:17,858][__main__][INFO] - [8, 12, 18], []
[2025-01-29 23:40:17,940][__main__][INFO] - [8, 12, 23], []
[2025-01-29 23:40:18,036][__main__][INFO] - [8, 15, 16], []
[2025-01-29 23:40:18,058][__main__][INFO] - [8, 15], [16]
[2025-01-29 23:40:18,095][__main__][INFO] - [8, 15, 18], []
[2025-01-29 23:40:18,250][__main__][INFO] - [8, 16, 18], []
[2025-01-29 23:40:18,273][__main__][INFO] - [8, 16, 19], []
[2025-01-29 23:40:18,295][__main__][INFO] - [8, 16, 20], []
[2025-01-29 23:40:18,346][__main__][INFO] - [8, 16, 23], []
[2025-01-29 23:40:18,413][__main__][INFO] - [8, 17], [16]
[2025-01-29 23:40:18,435][__main__][INFO] - [8, 18], [16]
[2025-01-29 23:40:18,458][__main__][INFO] - [8, 19], [16]
[2025-01-29 23:40:18,480][__main__][INFO] - [8, 20], [16]
[2025-01-29 23:40:18,531][__main__][INFO] - [8, 23], [16]
[2025-01-29 23:40:18,612][__main__][INFO] - [9, 10, 16], []
[2025-01-29 23:40:18,635][__main__][INFO] - [9, 10], [16]
[2025-01-29 23:40:18,672][__main__][INFO] - [9, 10, 18], []
[2025-01-29 23:40:19,064][__main__][INFO] - [9, 16, 18], []
[2025-01-29 23:40:19,221][__main__][INFO] - [9, 18], [16]
[2025-01-29 23:40:19,376][__main__][INFO] - [10, 16, 17], []
[2025-01-29 23:40:19,421][__main__][INFO] - [10, 16, 18], []
[2025-01-29 23:40:19,701][__main__][INFO] - [10, 16, 19], []
[2025-01-29 23:40:19,736][__main__][INFO] - [10, 16, 20], []
[2025-01-29 23:40:19,773][__main__][INFO] - [10, 16, 21], []
[2025-01-29 23:40:19,796][__main__][INFO] - [10, 16, 22], []
[2025-01-29 23:40:19,818][__main__][INFO] - [10, 16, 23], []
[2025-01-29 23:40:19,858][__main__][INFO] - [10, 16, 24], []
[2025-01-29 23:40:19,911][__main__][INFO] - [10, 17], [16]
[2025-01-29 23:40:19,957][__main__][INFO] - [10, 18], [16]
[2025-01-29 23:40:20,270][__main__][INFO] - [10, 19], [16]
[2025-01-29 23:40:20,305][__main__][INFO] - [10, 20], [16]
[2025-01-29 23:40:20,340][__main__][INFO] - [10, 21], [16]
[2025-01-29 23:40:20,363][__main__][INFO] - [10, 22], [16]
[2025-01-29 23:40:20,386][__main__][INFO] - [10, 23], [16]
[2025-01-29 23:40:20,426][__main__][INFO] - [10, 24], [16]
[2025-01-29 23:40:20,492][__main__][INFO] - [11, 16, 17], []
[2025-01-29 23:40:20,514][__main__][INFO] - [11, 16, 18], []
[2025-01-29 23:40:20,543][__main__][INFO] - [11, 16, 19], []
[2025-01-29 23:40:20,564][__main__][INFO] - [11, 16, 20], []
[2025-01-29 23:40:20,616][__main__][INFO] - [11, 16, 23], []
[2025-01-29 23:40:20,693][__main__][INFO] - [11, 17], [16]
[2025-01-29 23:40:20,716][__main__][INFO] - [11, 18], [16]
[2025-01-29 23:40:20,747][__main__][INFO] - [11, 19], [16]
[2025-01-29 23:40:20,769][__main__][INFO] - [11, 20], [16]
[2025-01-29 23:40:20,821][__main__][INFO] - [11, 23], [16]
[2025-01-29 23:40:20,902][__main__][INFO] - [12, 16, 17], []
[2025-01-29 23:40:20,923][__main__][INFO] - [12, 16, 18], []
[2025-01-29 23:40:20,947][__main__][INFO] - [12, 16, 19], []
[2025-01-29 23:40:21,014][__main__][INFO] - [12, 16, 23], []
[2025-01-29 23:40:21,134][__main__][INFO] - [12, 17], [16]
[2025-01-29 23:40:21,156][__main__][INFO] - [12, 18], [16]
[2025-01-29 23:40:21,182][__main__][INFO] - [12, 19], [16]
[2025-01-29 23:40:21,249][__main__][INFO] - [12, 23], [16]
[2025-01-29 23:40:21,396][__main__][INFO] - [13, 16, 18], []
[2025-01-29 23:40:21,419][__main__][INFO] - [13, 16, 19], []
[2025-01-29 23:40:21,440][__main__][INFO] - [13, 16, 20], []
[2025-01-29 23:40:21,492][__main__][INFO] - [13, 16, 23], []
[2025-01-29 23:40:21,574][__main__][INFO] - [13, 18], [16]
[2025-01-29 23:40:21,596][__main__][INFO] - [13, 19], [16]
[2025-01-29 23:40:21,617][__main__][INFO] - [13, 20], [16]
[2025-01-29 23:40:21,669][__main__][INFO] - [13, 23], [16]
[2025-01-29 23:40:21,765][__main__][INFO] - [14, 16, 18], []
[2025-01-29 23:40:21,787][__main__][INFO] - [14, 16, 19], []
[2025-01-29 23:40:21,838][__main__][INFO] - [14, 16, 22], []
[2025-01-29 23:40:21,859][__main__][INFO] - [14, 16, 23], []
[2025-01-29 23:40:21,941][__main__][INFO] - [14, 18], [16]
[2025-01-29 23:40:21,962][__main__][INFO] - [14, 19], [16]
[2025-01-29 23:40:22,013][__main__][INFO] - [14, 22], [16]
[2025-01-29 23:40:22,035][__main__][INFO] - [14, 23], [16]
[2025-01-29 23:40:22,115][__main__][INFO] - [15, 16, 17], []
[2025-01-29 23:40:22,156][__main__][INFO] - [15, 16, 18], []
[2025-01-29 23:40:22,210][__main__][INFO] - [15, 16, 19], []
[2025-01-29 23:40:22,232][__main__][INFO] - [15, 16, 20], []
[2025-01-29 23:40:22,254][__main__][INFO] - [15, 16, 21], []
[2025-01-29 23:40:22,290][__main__][INFO] - [15, 16, 23], []
[2025-01-29 23:40:22,313][__main__][INFO] - [15, 16, 24], []
[2025-01-29 23:40:22,364][__main__][INFO] - [15, 17], [16]
[2025-01-29 23:40:22,414][__main__][INFO] - [15, 18], [16]
[2025-01-29 23:40:22,479][__main__][INFO] - [15, 19], [16]
[2025-01-29 23:40:22,501][__main__][INFO] - [15, 20], [16]
[2025-01-29 23:40:22,523][__main__][INFO] - [15, 21], [16]
[2025-01-29 23:40:22,560][__main__][INFO] - [15, 23], [16]
[2025-01-29 23:40:22,581][__main__][INFO] - [15, 24], [16]
