[2025-01-29 09:25:31,271][gurobipy][INFO] - Set parameter TimeLimit to value 600
[2025-01-29 09:25:31,282][gurobipy][INFO] - Gurobi Optimizer version 11.0.2 build v11.0.2rc0 (linux64)
[2025-01-29 09:25:31,283][gurobipy][INFO] - 
[2025-01-29 09:25:31,295][gurobipy][INFO] - CPU model: AMD EPYC 7543 32-Core Processor, instruction set [SSE2|AVX|AVX2]
[2025-01-29 09:25:31,295][gurobipy][INFO] - Thread count: 64 physical cores, 128 logical processors, using up to 32 threads
[2025-01-29 09:25:31,295][gurobipy][INFO] - 
[2025-01-29 09:25:31,295][gurobipy][INFO] - Optimize a model with 52539 rows, 863 columns and 136120 nonzeros
[2025-01-29 09:25:31,297][gurobipy][INFO] - Model fingerprint: 0x9b3530e8
[2025-01-29 09:25:31,297][gurobipy][INFO] - Variable types: 797 continuous, 66 integer (66 binary)
[2025-01-29 09:25:31,297][gurobipy][INFO] - Coefficient statistics:
[2025-01-29 09:25:31,297][gurobipy][INFO] -   Matrix range     [2e-03, 2e+00]
[2025-01-29 09:25:31,297][gurobipy][INFO] -   Objective range  [1e+00, 1e+00]
[2025-01-29 09:25:31,297][gurobipy][INFO] -   Bounds range     [1e+00, 1e+00]
[2025-01-29 09:25:31,297][gurobipy][INFO] -   RHS range        [1e+00, 1e+01]
[2025-01-29 09:25:31,304][gurobipy][INFO] - Found heuristic solution: objective -0.0000000
[2025-01-29 09:25:31,600][gurobipy][INFO] - Presolve removed 16689 rows and 7 columns
[2025-01-29 09:25:31,600][gurobipy][INFO] - Presolve time: 0.30s
[2025-01-29 09:25:31,600][gurobipy][INFO] - Presolved: 35850 rows, 856 columns, 108341 nonzeros
[2025-01-29 09:25:31,624][gurobipy][INFO] - Variable types: 797 continuous, 59 integer (59 binary)
[2025-01-29 09:25:31,657][gurobipy][INFO] - Root relaxation presolved: 856 rows, 36706 columns, 109197 nonzeros
[2025-01-29 09:25:31,657][gurobipy][INFO] - 
[2025-01-29 09:25:31,746][gurobipy][INFO] - 
[2025-01-29 09:25:31,746][gurobipy][INFO] - Root relaxation: objective 1.000000e+00, 1288 iterations, 0.12 seconds (0.37 work units)
[2025-01-29 09:25:31,752][gurobipy][INFO] - 
[2025-01-29 09:25:31,753][gurobipy][INFO] -     Nodes    |    Current Node    |     Objective Bounds      |     Work
[2025-01-29 09:25:31,753][gurobipy][INFO] -  Expl Unexpl |  Obj  Depth IntInf | Incumbent    BestBd   Gap | It/Node Time
[2025-01-29 09:25:31,753][gurobipy][INFO] - 
[2025-01-29 09:25:31,753][gurobipy][INFO] -      0     0    1.00000    0    1   -0.00000    1.00000      -     -    0s
[2025-01-29 09:25:31,768][gurobipy][INFO] - H    0     0                       0.0050418    1.00000      -     -    0s
[2025-01-29 09:25:31,803][gurobipy][INFO] - H    0     0                       0.0137867    1.00000  7153%     -    0s
[2025-01-29 09:25:32,029][gurobipy][INFO] - H    0     0                       0.0139149    1.00000  7087%     -    0s
[2025-01-29 09:25:32,087][gurobipy][INFO] -      0     0    1.00000    0   47    0.01391    1.00000  7087%     -    0s
[2025-01-29 09:25:32,207][gurobipy][INFO] - H    0     0                       0.6882204    1.00000  45.3%     -    0s
[2025-01-29 09:25:32,638][gurobipy][INFO] -      0     0    1.00000    0   28    0.68822    1.00000  45.3%     -    1s
[2025-01-29 09:25:34,672][gurobipy][INFO] -      0     0    0.97500    0   23    0.68822    0.97500  41.7%     -    3s
[2025-01-29 09:25:34,693][gurobipy][INFO] -      0     0    0.97500    0   21    0.68822    0.97500  41.7%     -    3s
[2025-01-29 09:25:34,762][gurobipy][INFO] - H    0     0                       0.6890781    0.97500  41.5%     -    3s
[2025-01-29 09:25:35,813][gurobipy][INFO] -      0     0    0.97500    0    3    0.68908    0.97500  41.5%     -    4s
[2025-01-29 09:25:35,935][gurobipy][INFO] -      0     0    0.97500    0   13    0.68908    0.97500  41.5%     -    4s
[2025-01-29 09:25:37,074][gurobipy][INFO] -      0     0    0.96552    0   11    0.68908    0.96552  40.1%     -    5s
[2025-01-29 09:25:37,197][gurobipy][INFO] -      0     0    0.96294    0   11    0.68908    0.96294  39.7%     -    5s
[2025-01-29 09:25:37,347][gurobipy][INFO] -      0     0    0.95997    0    9    0.68908    0.95997  39.3%     -    6s
[2025-01-29 09:25:37,583][gurobipy][INFO] -      0     0    0.68908    0   13    0.68908    0.68908  0.00%     -    6s
[2025-01-29 09:25:37,584][gurobipy][INFO] - 
[2025-01-29 09:25:37,584][gurobipy][INFO] - Cutting planes:
[2025-01-29 09:25:37,584][gurobipy][INFO] -   MIR: 6
[2025-01-29 09:25:37,584][gurobipy][INFO] -   RLT: 3
[2025-01-29 09:25:37,585][gurobipy][INFO] - 
[2025-01-29 09:25:37,585][gurobipy][INFO] - Explored 1 nodes (12179 simplex iterations) in 6.29 seconds (12.76 work units)
[2025-01-29 09:25:37,585][gurobipy][INFO] - Thread count was 32 (of 128 available processors)
[2025-01-29 09:25:37,585][gurobipy][INFO] - 
[2025-01-29 09:25:37,585][gurobipy][INFO] - Solution count 6: 0.689078 0.68822 0.0139149 ... -0
[2025-01-29 09:25:37,585][gurobipy][INFO] - No other solutions better than 0.689078
[2025-01-29 09:25:37,585][gurobipy][INFO] - 
[2025-01-29 09:25:37,585][gurobipy][INFO] - Optimal solution found (tolerance 1.00e-04)
[2025-01-29 09:25:37,585][gurobipy][INFO] - Best objective 6.890780551147e-01, best bound 6.890780551147e-01, gap 0.0000%
[2025-01-29 09:25:37,623][__main__][INFO] - Finished size 1000 (1/5)
[2025-01-29 09:25:45,419][gurobipy][INFO] - Set parameter TimeLimit to value 600
[2025-01-29 09:25:45,438][gurobipy][INFO] - Gurobi Optimizer version 11.0.2 build v11.0.2rc0 (linux64)
[2025-01-29 09:25:45,438][gurobipy][INFO] - 
[2025-01-29 09:25:45,449][gurobipy][INFO] - CPU model: AMD EPYC 7543 32-Core Processor, instruction set [SSE2|AVX|AVX2]
[2025-01-29 09:25:45,449][gurobipy][INFO] - Thread count: 64 physical cores, 128 logical processors, using up to 32 threads
[2025-01-29 09:25:45,449][gurobipy][INFO] - 
[2025-01-29 09:25:45,449][gurobipy][INFO] - Optimize a model with 93261 rows, 1480 columns and 241627 nonzeros
[2025-01-29 09:25:45,451][gurobipy][INFO] - Model fingerprint: 0xcadee9c3
[2025-01-29 09:25:45,451][gurobipy][INFO] - Variable types: 1414 continuous, 66 integer (66 binary)
[2025-01-29 09:25:45,452][gurobipy][INFO] - Coefficient statistics:
[2025-01-29 09:25:45,452][gurobipy][INFO] -   Matrix range     [1e-03, 2e+00]
[2025-01-29 09:25:45,452][gurobipy][INFO] -   Objective range  [1e+00, 1e+00]
[2025-01-29 09:25:45,452][gurobipy][INFO] -   Bounds range     [1e+00, 1e+00]
[2025-01-29 09:25:45,452][gurobipy][INFO] -   RHS range        [1e+00, 1e+01]
[2025-01-29 09:25:45,465][gurobipy][INFO] - Found heuristic solution: objective -0.0000000
[2025-01-29 09:25:45,905][gurobipy][INFO] - Presolve removed 28238 rows and 6 columns
[2025-01-29 09:25:45,905][gurobipy][INFO] - Presolve time: 0.44s
[2025-01-29 09:25:45,905][gurobipy][INFO] - Presolved: 65023 rows, 1474 columns, 196477 nonzeros
[2025-01-29 09:25:45,948][gurobipy][INFO] - Variable types: 1414 continuous, 60 integer (60 binary)
[2025-01-29 09:25:46,010][gurobipy][INFO] - Root relaxation presolved: 1474 rows, 66497 columns, 197951 nonzeros
[2025-01-29 09:25:46,010][gurobipy][INFO] - 
[2025-01-29 09:25:46,100][gurobipy][INFO] - 
[2025-01-29 09:25:46,100][gurobipy][INFO] - Root relaxation: objective 1.000000e+00, 1534 iterations, 0.15 seconds (0.32 work units)
[2025-01-29 09:25:46,110][gurobipy][INFO] - 
[2025-01-29 09:25:46,110][gurobipy][INFO] -     Nodes    |    Current Node    |     Objective Bounds      |     Work
[2025-01-29 09:25:46,110][gurobipy][INFO] -  Expl Unexpl |  Obj  Depth IntInf | Incumbent    BestBd   Gap | It/Node Time
[2025-01-29 09:25:46,110][gurobipy][INFO] - 
[2025-01-29 09:25:46,110][gurobipy][INFO] -      0     0    1.00000    0    1   -0.00000    1.00000      -     -    0s
[2025-01-29 09:25:46,120][gurobipy][INFO] - H    0     0                       0.0111234    1.00000  8890%     -    0s
[2025-01-29 09:25:46,148][gurobipy][INFO] - H    0     0                       0.0121827    1.00000  8108%     -    0s
[2025-01-29 09:25:48,217][gurobipy][INFO] - H    0     0                       0.0121827    1.00000  8108%     -    2s
[2025-01-29 09:25:48,329][gurobipy][INFO] -      0     0    1.00000    0   59    0.01218    1.00000  8108%     -    2s
[2025-01-29 09:25:48,352][gurobipy][INFO] -      0     0    1.00000    0   58    0.01218    1.00000  8108%     -    2s
[2025-01-29 09:25:48,489][gurobipy][INFO] - H    0     0                       0.0176536    1.00000  5565%     -    3s
[2025-01-29 09:25:49,855][gurobipy][INFO] - H    0     0                       0.0217156    1.00000  4505%     -    4s
[2025-01-29 09:25:49,857][gurobipy][INFO] - H    0     0                       0.1239030    1.00000   707%     -    4s
[2025-01-29 09:25:56,049][gurobipy][INFO] - H    0     0                       0.1248731    1.00000   701%     -   10s
[2025-01-29 09:25:57,818][gurobipy][INFO] - H    0     0                       0.3244322    0.97222   200%     -   12s
[2025-01-29 09:25:57,820][gurobipy][INFO] - H    0     0                       0.6763207    0.97222  43.8%     -   12s
[2025-01-29 09:25:57,828][gurobipy][INFO] -      0     0    0.97222    0    3    0.67632    0.97222  43.8%     -   12s
[2025-01-29 09:25:58,106][gurobipy][INFO] -      0     0    0.97222    0    3    0.67632    0.97222  43.8%     -   12s
[2025-01-29 09:26:02,310][gurobipy][INFO] -      0     0    0.67632    0   21    0.67632    0.67632  0.00%     -   16s
[2025-01-29 09:26:02,311][gurobipy][INFO] - 
[2025-01-29 09:26:02,312][gurobipy][INFO] - Cutting planes:
[2025-01-29 09:26:02,312][gurobipy][INFO] -   Cover: 1
[2025-01-29 09:26:02,312][gurobipy][INFO] -   MIR: 7
[2025-01-29 09:26:02,312][gurobipy][INFO] -   RLT: 3
[2025-01-29 09:26:02,313][gurobipy][INFO] - 
[2025-01-29 09:26:02,313][gurobipy][INFO] - Explored 1 nodes (22109 simplex iterations) in 16.86 seconds (39.84 work units)
[2025-01-29 09:26:02,313][gurobipy][INFO] - Thread count was 32 (of 128 available processors)
[2025-01-29 09:26:02,313][gurobipy][INFO] - 
[2025-01-29 09:26:02,313][gurobipy][INFO] - Solution count 9: 0.676321 0.324432 0.124873 ... -0
[2025-01-29 09:26:02,313][gurobipy][INFO] - No other solutions better than 0.676321
[2025-01-29 09:26:02,313][gurobipy][INFO] - 
[2025-01-29 09:26:02,313][gurobipy][INFO] - Optimal solution found (tolerance 1.00e-04)
[2025-01-29 09:26:02,314][gurobipy][INFO] - Best objective 6.763206573174e-01, best bound 6.763206573174e-01, gap 0.0000%
[2025-01-29 09:26:02,387][__main__][INFO] - Finished size 1929 (2/5)
[2025-01-29 09:26:14,901][gurobipy][INFO] - Set parameter TimeLimit to value 600
[2025-01-29 09:26:14,933][gurobipy][INFO] - Gurobi Optimizer version 11.0.2 build v11.0.2rc0 (linux64)
[2025-01-29 09:26:14,933][gurobipy][INFO] - 
[2025-01-29 09:26:14,944][gurobipy][INFO] - CPU model: AMD EPYC 7543 32-Core Processor, instruction set [SSE2|AVX|AVX2]
[2025-01-29 09:26:14,944][gurobipy][INFO] - Thread count: 64 physical cores, 128 logical processors, using up to 32 threads
[2025-01-29 09:26:14,944][gurobipy][INFO] - 
[2025-01-29 09:26:14,944][gurobipy][INFO] - Optimize a model with 154377 rows, 2406 columns and 399973 nonzeros
[2025-01-29 09:26:14,948][gurobipy][INFO] - Model fingerprint: 0xe3e4759d
[2025-01-29 09:26:14,948][gurobipy][INFO] - Variable types: 2340 continuous, 66 integer (66 binary)
[2025-01-29 09:26:14,948][gurobipy][INFO] - Coefficient statistics:
[2025-01-29 09:26:14,948][gurobipy][INFO] -   Matrix range     [5e-04, 2e+00]
[2025-01-29 09:26:14,948][gurobipy][INFO] -   Objective range  [1e+00, 1e+00]
[2025-01-29 09:26:14,948][gurobipy][INFO] -   Bounds range     [1e+00, 1e+00]
[2025-01-29 09:26:14,948][gurobipy][INFO] -   RHS range        [1e+00, 1e+01]
[2025-01-29 09:26:14,970][gurobipy][INFO] - Found heuristic solution: objective -0.0000000
[2025-01-29 09:26:15,730][gurobipy][INFO] - Presolve removed 42084 rows and 4 columns
[2025-01-29 09:26:15,730][gurobipy][INFO] - Presolve time: 0.76s
[2025-01-29 09:26:15,731][gurobipy][INFO] - Presolved: 112293 rows, 2402 columns, 339213 nonzeros
[2025-01-29 09:26:15,804][gurobipy][INFO] - Variable types: 2340 continuous, 62 integer (62 binary)
[2025-01-29 09:26:15,916][gurobipy][INFO] - Root relaxation presolved: 2402 rows, 114695 columns, 341615 nonzeros
[2025-01-29 09:26:15,916][gurobipy][INFO] - 
[2025-01-29 09:26:15,965][gurobipy][INFO] - 
[2025-01-29 09:26:15,965][gurobipy][INFO] - Root relaxation: objective 1.000000e+00, 151 iterations, 0.16 seconds (0.31 work units)
[2025-01-29 09:26:15,983][gurobipy][INFO] - 
[2025-01-29 09:26:15,983][gurobipy][INFO] -     Nodes    |    Current Node    |     Objective Bounds      |     Work
[2025-01-29 09:26:15,983][gurobipy][INFO] -  Expl Unexpl |  Obj  Depth IntInf | Incumbent    BestBd   Gap | It/Node Time
[2025-01-29 09:26:15,983][gurobipy][INFO] - 
[2025-01-29 09:26:15,983][gurobipy][INFO] -      0     0    1.00000    0    2   -0.00000    1.00000      -     -    1s
[2025-01-29 09:26:17,304][gurobipy][INFO] - H    0     0                       0.0482872    1.00000  1971%     -    2s
[2025-01-29 09:26:23,181][gurobipy][INFO] -      0     0    1.00000    0   62    0.04829    1.00000  1971%     -    8s
[2025-01-29 09:26:24,338][gurobipy][INFO] -      0     0    1.00000    0   47    0.04829    1.00000  1971%     -    9s
[2025-01-29 09:26:24,472][gurobipy][INFO] - H    0     0                       0.6902514    1.00000  44.9%     -    9s
[2025-01-29 09:26:25,292][gurobipy][INFO] -      0     0    1.00000    0   35    0.69025    1.00000  44.9%     -   10s
[2025-01-29 09:26:26,430][gurobipy][INFO] - 
[2025-01-29 09:26:26,430][gurobipy][INFO] - Explored 1 nodes (7661 simplex iterations) in 11.49 seconds (24.49 work units)
[2025-01-29 09:26:26,430][gurobipy][INFO] - Thread count was 32 (of 128 available processors)
[2025-01-29 09:26:26,430][gurobipy][INFO] - 
[2025-01-29 09:26:26,430][gurobipy][INFO] - Solution count 3: 0.690251 0.0482872 -0 
[2025-01-29 09:26:26,430][gurobipy][INFO] - No other solutions better than 0.690251
[2025-01-29 09:26:26,430][gurobipy][INFO] - 
[2025-01-29 09:26:26,430][gurobipy][INFO] - Optimal solution found (tolerance 1.00e-04)
[2025-01-29 09:26:26,431][gurobipy][INFO] - Best objective 6.902513771749e-01, best bound 6.902513771749e-01, gap 0.0000%
[2025-01-29 09:26:26,539][__main__][INFO] - Finished size 3720 (3/5)
[2025-01-29 09:26:46,143][gurobipy][INFO] - Set parameter TimeLimit to value 600
[2025-01-29 09:26:46,195][gurobipy][INFO] - Gurobi Optimizer version 11.0.2 build v11.0.2rc0 (linux64)
[2025-01-29 09:26:46,196][gurobipy][INFO] - 
[2025-01-29 09:26:46,208][gurobipy][INFO] - CPU model: AMD EPYC 7543 32-Core Processor, instruction set [SSE2|AVX|AVX2]
[2025-01-29 09:26:46,208][gurobipy][INFO] - Thread count: 64 physical cores, 128 logical processors, using up to 32 threads
[2025-01-29 09:26:46,208][gurobipy][INFO] - 
[2025-01-29 09:26:46,208][gurobipy][INFO] - Optimize a model with 248493 rows, 3832 columns and 643819 nonzeros
[2025-01-29 09:26:46,214][gurobipy][INFO] - Model fingerprint: 0x17e6ed85
[2025-01-29 09:26:46,214][gurobipy][INFO] - Variable types: 3766 continuous, 66 integer (66 binary)
[2025-01-29 09:26:46,214][gurobipy][INFO] - Coefficient statistics:
[2025-01-29 09:26:46,214][gurobipy][INFO] -   Matrix range     [3e-04, 2e+00]
[2025-01-29 09:26:46,214][gurobipy][INFO] -   Objective range  [1e+00, 1e+00]
[2025-01-29 09:26:46,214][gurobipy][INFO] -   Bounds range     [1e+00, 1e+00]
[2025-01-29 09:26:46,214][gurobipy][INFO] -   RHS range        [1e+00, 1e+01]
[2025-01-29 09:26:46,250][gurobipy][INFO] - Found heuristic solution: objective -0.0000000
[2025-01-29 09:26:47,475][gurobipy][INFO] - Presolve removed 60233 rows and 2 columns
[2025-01-29 09:26:47,475][gurobipy][INFO] - Presolve time: 1.23s
[2025-01-29 09:26:47,475][gurobipy][INFO] - Presolved: 188260 rows, 3830 columns, 568540 nonzeros
[2025-01-29 09:26:47,597][gurobipy][INFO] - Variable types: 3766 continuous, 64 integer (64 binary)
[2025-01-29 09:26:47,790][gurobipy][INFO] - Root relaxation presolved: 3830 rows, 192090 columns, 572370 nonzeros
[2025-01-29 09:26:47,791][gurobipy][INFO] - 
[2025-01-29 09:26:47,855][gurobipy][INFO] - 
[2025-01-29 09:26:47,856][gurobipy][INFO] - Root relaxation: objective 1.000000e+00, 51 iterations, 0.25 seconds (0.47 work units)
[2025-01-29 09:26:47,867][gurobipy][INFO] - 
[2025-01-29 09:26:47,867][gurobipy][INFO] -     Nodes    |    Current Node    |     Objective Bounds      |     Work
[2025-01-29 09:26:47,867][gurobipy][INFO] -  Expl Unexpl |  Obj  Depth IntInf | Incumbent    BestBd   Gap | It/Node Time
[2025-01-29 09:26:47,867][gurobipy][INFO] - 
[2025-01-29 09:26:47,867][gurobipy][INFO] -      0     0    1.00000    0    1   -0.00000    1.00000      -     -    1s
[2025-01-29 09:26:47,875][gurobipy][INFO] - H    0     0                       0.0107416    1.00000  9210%     -    1s
[2025-01-29 09:26:47,999][gurobipy][INFO] - H    0     0                       0.0205943    1.00000  4756%     -    1s
[2025-01-29 09:26:48,578][gurobipy][INFO] - H    0     0                       0.0305956    1.00000  3168%     -    2s
[2025-01-29 09:26:48,820][gurobipy][INFO] -      0     0    1.00000    0    2    0.03060    1.00000  3168%     -    2s
[2025-01-29 09:26:50,359][gurobipy][INFO] - H    0     0                       0.0619240    1.00000  1515%     -    4s
[2025-01-29 09:26:50,394][gurobipy][INFO] -      0     0    1.00000    0    2    0.06192    1.00000  1515%     -    4s
[2025-01-29 09:26:50,600][gurobipy][INFO] -      0     0    1.00000    0    2    0.06192    1.00000  1515%     -    4s
[2025-01-29 09:26:53,792][gurobipy][INFO] -      0     0    1.00000    0    3    0.06192    1.00000  1515%     -    7s
[2025-01-29 09:26:53,964][gurobipy][INFO] -      0     0    1.00000    0    4    0.06192    1.00000  1515%     -    7s
[2025-01-29 09:26:57,021][gurobipy][INFO] - H    0     0                       0.0623058    1.00000  1505%     -   10s
[2025-01-29 09:26:57,069][gurobipy][INFO] -      0     0    1.00000    0    5    0.06231    1.00000  1505%     -   10s
[2025-01-29 09:26:57,295][gurobipy][INFO] -      0     0    1.00000    0    5    0.06231    1.00000  1505%     -   11s
[2025-01-29 09:27:00,351][gurobipy][INFO] -      0     0    1.00000    0    5    0.06231    1.00000  1505%     -   14s
[2025-01-29 09:27:00,711][gurobipy][INFO] -      0     0    1.00000    0    8    0.06231    1.00000  1505%     -   14s
[2025-01-29 09:27:04,018][gurobipy][INFO] -      0     0    1.00000    0    8    0.06231    1.00000  1505%     -   17s
[2025-01-29 09:27:04,493][gurobipy][INFO] -      0     0    1.00000    0    3    0.06231    1.00000  1505%     -   18s
[2025-01-29 09:27:04,532][gurobipy][INFO] -      0     0    1.00000    0    7    0.06231    1.00000  1505%     -   18s
[2025-01-29 09:27:05,716][gurobipy][INFO] -      0     0    1.00000    0    7    0.06231    1.00000  1505%     -   19s
[2025-01-29 09:27:06,478][gurobipy][INFO] - H    0     0                       0.0682554    1.00000  1365%     -   20s
[2025-01-29 09:27:06,536][gurobipy][INFO] - H    0     0                       0.0697026    1.00000  1335%     -   20s
[2025-01-29 09:27:06,801][gurobipy][INFO] -      0     2    1.00000    0    7    0.06970    1.00000  1335%     -   20s
[2025-01-29 09:27:18,067][gurobipy][INFO] -      3     6    1.00000    2   58    0.06970    1.00000  1335%  1731   31s
[2025-01-29 09:27:21,893][gurobipy][INFO] -      7     8    1.00000    3   34    0.06970    1.00000  1335%  2152   35s
[2025-01-29 09:27:34,571][gurobipy][INFO] -     21    14    0.95652    5   33    0.06970    1.00000  1335%  1584   48s
[2025-01-29 09:27:36,900][gurobipy][INFO] - H   33    16                       0.7134307    0.95833  34.3%  1229   50s
[2025-01-29 09:27:41,874][gurobipy][INFO] -     47     4    0.91667    7   18    0.71343    0.95652  34.1%  1081   55s
[2025-01-29 09:27:46,798][gurobipy][INFO] -     65     4    0.90000   10   16    0.71343    0.91225  27.9%   866   60s
[2025-01-29 09:27:52,254][gurobipy][INFO] -     77     4    0.86112   13   18    0.71343    0.88619  24.2%   767   66s
[2025-01-29 09:27:56,330][gurobipy][INFO] -     93     4    0.74961   17   15    0.71343    0.81432  14.1%   681   70s
[2025-01-29 09:28:00,409][gurobipy][INFO] - 
[2025-01-29 09:28:00,409][gurobipy][INFO] - Cutting planes:
[2025-01-29 09:28:00,409][gurobipy][INFO] -   Gomory: 1
[2025-01-29 09:28:00,409][gurobipy][INFO] -   Implied bound: 1
[2025-01-29 09:28:00,409][gurobipy][INFO] -   MIR: 1
[2025-01-29 09:28:00,437][gurobipy][INFO] - 
[2025-01-29 09:28:00,437][gurobipy][INFO] - Explored 109 nodes (67451 simplex iterations) in 74.23 seconds (201.82 work units)
[2025-01-29 09:28:00,437][gurobipy][INFO] - Thread count was 32 (of 128 available processors)
[2025-01-29 09:28:00,437][gurobipy][INFO] - 
[2025-01-29 09:28:00,437][gurobipy][INFO] - Solution count 9: 0.713431 0.0697026 0.0682554 ... -0
[2025-01-29 09:28:00,437][gurobipy][INFO] - No other solutions better than 0.713431
[2025-01-29 09:28:00,437][gurobipy][INFO] - 
[2025-01-29 09:28:00,437][gurobipy][INFO] - Optimal solution found (tolerance 1.00e-04)
[2025-01-29 09:28:00,461][gurobipy][INFO] - Best objective 7.134307191078e-01, best bound 7.134307191078e-01, gap 0.0000%
[2025-01-29 09:28:00,714][__main__][INFO] - Finished size 7175 (4/5)
[2025-01-29 09:28:30,324][gurobipy][INFO] - Set parameter TimeLimit to value 600
[2025-01-29 09:28:30,399][gurobipy][INFO] - Gurobi Optimizer version 11.0.2 build v11.0.2rc0 (linux64)
[2025-01-29 09:28:30,399][gurobipy][INFO] - 
[2025-01-29 09:28:30,412][gurobipy][INFO] - CPU model: AMD EPYC 7543 32-Core Processor, instruction set [SSE2|AVX|AVX2]
[2025-01-29 09:28:30,412][gurobipy][INFO] - Thread count: 64 physical cores, 128 logical processors, using up to 32 threads
[2025-01-29 09:28:30,412][gurobipy][INFO] - 
[2025-01-29 09:28:30,412][gurobipy][INFO] - Optimize a model with 380229 rows, 5828 columns and 985135 nonzeros
[2025-01-29 09:28:30,420][gurobipy][INFO] - Model fingerprint: 0xa3d2b30b
[2025-01-29 09:28:30,420][gurobipy][INFO] - Variable types: 5762 continuous, 66 integer (66 binary)
[2025-01-29 09:28:30,421][gurobipy][INFO] - Coefficient statistics:
[2025-01-29 09:28:30,421][gurobipy][INFO] -   Matrix range     [1e-04, 2e+00]
[2025-01-29 09:28:30,421][gurobipy][INFO] -   Objective range  [1e+00, 1e+00]
[2025-01-29 09:28:30,421][gurobipy][INFO] -   Bounds range     [1e+00, 1e+00]
[2025-01-29 09:28:30,421][gurobipy][INFO] -   RHS range        [1e+00, 1e+01]
[2025-01-29 09:28:30,476][gurobipy][INFO] - Found heuristic solution: objective -0.0000000
[2025-01-29 09:28:32,467][gurobipy][INFO] - Presolve removed 92166 rows and 2 columns
[2025-01-29 09:28:32,467][gurobipy][INFO] - Presolve time: 1.99s
[2025-01-29 09:28:32,467][gurobipy][INFO] - Presolved: 288063 rows, 5826 columns, 869945 nonzeros
[2025-01-29 09:28:32,651][gurobipy][INFO] - Variable types: 5762 continuous, 64 integer (64 binary)
[2025-01-29 09:28:32,961][gurobipy][INFO] - Root relaxation presolved: 5826 rows, 293889 columns, 875771 nonzeros
[2025-01-29 09:28:32,961][gurobipy][INFO] - 
[2025-01-29 09:28:33,121][gurobipy][INFO] - 
[2025-01-29 09:28:33,122][gurobipy][INFO] - Root relaxation: objective 1.000000e+00, 179 iterations, 0.46 seconds (0.80 work units)
[2025-01-29 09:28:33,221][gurobipy][INFO] - 
[2025-01-29 09:28:33,222][gurobipy][INFO] -     Nodes    |    Current Node    |     Objective Bounds      |     Work
[2025-01-29 09:28:33,222][gurobipy][INFO] -  Expl Unexpl |  Obj  Depth IntInf | Incumbent    BestBd   Gap | It/Node Time
[2025-01-29 09:28:33,222][gurobipy][INFO] - 
[2025-01-29 09:28:33,222][gurobipy][INFO] -      0     0    1.00000    0    9   -0.00000    1.00000      -     -    2s
[2025-01-29 09:28:33,276][gurobipy][INFO] - H    0     0                       0.0077220    1.00000      -     -    2s
[2025-01-29 09:28:33,457][gurobipy][INFO] - H    0     0                       0.0296036    1.00000  3278%     -    3s
[2025-01-29 09:28:33,512][gurobipy][INFO] - H    0     0                       0.0343746    1.00000  2809%     -    3s
[2025-01-29 09:28:33,609][gurobipy][INFO] - H    0     0                       0.0646904    1.00000  1446%     -    3s
[2025-01-29 09:28:34,240][gurobipy][INFO] -      0     0    1.00000    0   13    0.06469    1.00000  1446%     -    3s
[2025-01-29 09:28:57,355][gurobipy][INFO] -      0     0    1.00000    0   64    0.06469    1.00000  1446%     -   26s
[2025-01-29 09:29:02,088][gurobipy][INFO] -      0     0    1.00000    0   43    0.06469    1.00000  1446%     -   31s
[2025-01-29 09:29:13,480][gurobipy][INFO] -      0     0    1.00000    0    4    0.06469    1.00000  1446%     -   43s
[2025-01-29 09:29:15,653][gurobipy][INFO] -      0     0    1.00000    0    4    0.06469    1.00000  1446%     -   45s
[2025-01-29 09:29:20,173][gurobipy][INFO] -      0     0    1.00000    0    4    0.06469    1.00000  1446%     -   49s
[2025-01-29 09:29:20,607][gurobipy][INFO] -      0     0    1.00000    0    5    0.06469    1.00000  1446%     -   50s
[2025-01-29 09:29:28,541][gurobipy][INFO] -      0     0    1.00000    0   37    0.06469    1.00000  1446%     -   58s
[2025-01-29 09:29:44,850][gurobipy][INFO] -      0     0    1.00000    0   36    0.06469    1.00000  1446%     -   74s
[2025-01-29 09:29:45,838][gurobipy][INFO] - H    0     0                       0.1308053    1.00000   664%     -   75s
[2025-01-29 09:29:55,813][gurobipy][INFO] -      0     0    1.00000    0   34    0.13081    1.00000   664%     -   85s
[2025-01-29 09:30:01,052][gurobipy][INFO] -      0     0    1.00000    0   32    0.13081    1.00000   664%     -   90s
[2025-01-29 09:30:01,954][gurobipy][INFO] - H    0     0                       0.1465555    1.00000   582%     -   91s
[2025-01-29 09:30:09,550][gurobipy][INFO] -      0     0    1.00000    0   32    0.14656    1.00000   582%     -   99s
[2025-01-29 09:30:20,283][gurobipy][INFO] -      0     0    1.00000    0   30    0.14656    1.00000   582%     -  109s
[2025-01-29 09:30:21,495][gurobipy][INFO] - H    0     0                       0.3506584    1.00000   185%     -  111s
[2025-01-29 09:30:22,617][gurobipy][INFO] -      0     0    1.00000    0   29    0.35066    1.00000   185%     -  112s
[2025-01-29 09:30:32,282][gurobipy][INFO] -      0     0    1.00000    0   28    0.35066    1.00000   185%     -  121s
[2025-01-29 09:30:39,061][gurobipy][INFO] -      0     0    1.00000    0   28    0.35066    1.00000   185%     -  128s
[2025-01-29 09:31:20,354][gurobipy][INFO] -      0     2    1.00000    0   28    0.35066    1.00000   185%     -  169s
[2025-01-29 09:31:23,434][gurobipy][INFO] -      1     2    1.00000    1   27    0.35066    1.00000   185%  3935  173s
[2025-01-29 09:31:27,658][gurobipy][INFO] -      5     2    1.00000    3   25    0.35066    1.00000   185%  1142  177s
[2025-01-29 09:31:30,715][gurobipy][INFO] -     11     2    1.00000    6   20    0.35066    1.00000   185%   769  180s
[2025-01-29 09:31:49,198][gurobipy][INFO] -     21     2    1.00000   11   21    0.35066    1.00000   185%  1219  198s
[2025-01-29 09:31:52,254][gurobipy][INFO] -     23     2    1.00000   12   19    0.35066    1.00000   185%  1168  201s
[2025-01-29 09:31:57,013][gurobipy][INFO] -     27     2    1.00000   14   17    0.35066    1.00000   185%  1114  206s
[2025-01-29 09:32:02,383][gurobipy][INFO] -     29     2    1.00000   15   11    0.35066    1.00000   185%  1155  211s
[2025-01-29 09:32:05,742][gurobipy][INFO] -     35     2    1.00000   18   12    0.35066    1.00000   185%  1168  215s
[2025-01-29 09:32:10,971][gurobipy][INFO] -     37     4    1.00000   19   12    0.35066    1.00000   185%  1152  220s
[2025-01-29 09:32:16,541][gurobipy][INFO] -     43     4    1.00000   21   10    0.35066    1.00000   185%  1315  226s
[2025-01-29 09:32:27,726][gurobipy][INFO] -     47     6    1.00000   22   11    0.35066    1.00000   185%  1946  237s
[2025-01-29 09:32:27,731][gurobipy][INFO] - *   49     6              22       0.3694471    1.00000   171%  1995  237s
[2025-01-29 09:32:33,955][gurobipy][INFO] -     51     2 infeasible   23         0.36945    1.00000   171%  2058  243s
[2025-01-29 09:32:33,959][gurobipy][INFO] - *   54     2              23       0.3726025    0.97269   161%  2114  243s
[2025-01-29 09:32:34,347][gurobipy][INFO] - *   57     2              24       0.6954249    0.71120  2.27%  2076  243s
[2025-01-29 09:32:34,418][gurobipy][INFO] - *   60     0              25       0.7035532    0.70355  0.00%  1977  244s
[2025-01-29 09:32:34,437][gurobipy][INFO] - 
[2025-01-29 09:32:34,437][gurobipy][INFO] - Cutting planes:
[2025-01-29 09:32:34,437][gurobipy][INFO] -   Implied bound: 4
[2025-01-29 09:32:34,438][gurobipy][INFO] -   MIR: 8
[2025-01-29 09:32:34,438][gurobipy][INFO] -   RLT: 4
[2025-01-29 09:32:34,455][gurobipy][INFO] - 
[2025-01-29 09:32:34,455][gurobipy][INFO] - Explored 61 nodes (168163 simplex iterations) in 244.04 seconds (754.01 work units)
[2025-01-29 09:32:34,455][gurobipy][INFO] - Thread count was 32 (of 128 available processors)
[2025-01-29 09:32:34,455][gurobipy][INFO] - 
[2025-01-29 09:32:34,463][gurobipy][INFO] - Solution count 10: 0.703553 0.695425 0.372603 ... 0.0296036
[2025-01-29 09:32:34,463][gurobipy][INFO] - No other solutions better than 0.703553
[2025-01-29 09:32:34,463][gurobipy][INFO] - 
[2025-01-29 09:32:34,463][gurobipy][INFO] - Optimal solution found (tolerance 1.00e-04)
[2025-01-29 09:32:34,466][gurobipy][INFO] - Best objective 7.035531657543e-01, best bound 7.035531657543e-01, gap 0.0000%
[2025-01-29 09:32:34,732][__main__][INFO] - Finished size 13837 (5/5)
