[2025-01-29 13:12:04,198][__main__][INFO] - In total, there are 1229 possible subgroups
[2025-01-29 13:12:04,227][__main__][INFO] - [0], []
[2025-01-29 13:12:04,412][__main__][INFO] - [1], []
[2025-01-29 13:12:04,650][__main__][INFO] - [2], []
[2025-01-29 13:12:04,879][__main__][INFO] - [3], []
[2025-01-29 13:12:05,060][__main__][INFO] - [4], []
[2025-01-29 13:12:05,282][__main__][INFO] - [5], []
[2025-01-29 13:12:05,475][__main__][INFO] - [6], []
[2025-01-29 13:12:05,560][__main__][INFO] - [7], []
[2025-01-29 13:12:05,599][__main__][INFO] - [8], []
[2025-01-29 13:12:05,621][__main__][INFO] - [9], []
[2025-01-29 13:12:05,648][__main__][INFO] - [10], []
[2025-01-29 13:12:06,542][__main__][INFO] - [11], []
[2025-01-29 13:12:06,585][__main__][INFO] - [12], []
[2025-01-29 13:12:06,745][__main__][INFO] - [13], []
[2025-01-29 13:12:06,769][__main__][INFO] - [14], []
[2025-01-29 13:12:06,792][__main__][INFO] - [15], []
[2025-01-29 13:12:06,986][__main__][INFO] - [16], []
[2025-01-29 13:12:07,592][__main__][INFO] - [], [16]
[2025-01-29 13:12:08,269][__main__][INFO] - [17], []
[2025-01-29 13:12:08,407][__main__][INFO] - [18], []
[2025-01-29 13:12:09,184][__main__][INFO] - [19], []
[2025-01-29 13:12:09,242][__main__][INFO] - [20], []
[2025-01-29 13:12:09,300][__main__][INFO] - [21], []
[2025-01-29 13:12:09,323][__main__][INFO] - [22], []
[2025-01-29 13:12:09,344][__main__][INFO] - [23], []
[2025-01-29 13:12:09,536][__main__][INFO] - [24], []
[2025-01-29 13:12:09,555][__main__][INFO] - [25], []
[2025-01-29 13:12:09,602][__main__][INFO] - [0, 10], []
[2025-01-29 13:12:09,768][__main__][INFO] - [0, 11], []
[2025-01-29 13:12:09,790][__main__][INFO] - [0, 12], []
[2025-01-29 13:12:09,816][__main__][INFO] - [0, 13], []
[2025-01-29 13:12:09,839][__main__][INFO] - [0, 14], []
[2025-01-29 13:12:09,859][__main__][INFO] - [0, 15], []
[2025-01-29 13:12:09,887][__main__][INFO] - [0, 16], []
[2025-01-29 13:12:09,984][__main__][INFO] - [0], [16]
[2025-01-29 13:12:10,085][__main__][INFO] - [0, 17], []
[2025-01-29 13:12:10,125][__main__][INFO] - [0, 18], []
[2025-01-29 13:12:10,238][__main__][INFO] - [0, 19], []
[2025-01-29 13:12:10,267][__main__][INFO] - [0, 20], []
[2025-01-29 13:12:10,292][__main__][INFO] - [0, 21], []
[2025-01-29 13:12:10,313][__main__][INFO] - [0, 22], []
[2025-01-29 13:12:10,333][__main__][INFO] - [0, 23], []
[2025-01-29 13:12:10,368][__main__][INFO] - [0, 24], []
[2025-01-29 13:12:10,416][__main__][INFO] - [1, 10], []
[2025-01-29 13:12:10,609][__main__][INFO] - [1, 11], []
[2025-01-29 13:12:10,633][__main__][INFO] - [1, 12], []
[2025-01-29 13:12:10,668][__main__][INFO] - [1, 13], []
[2025-01-29 13:12:10,689][__main__][INFO] - [1, 14], []
[2025-01-29 13:12:10,709][__main__][INFO] - [1, 15], []
[2025-01-29 13:12:10,748][__main__][INFO] - [1, 16], []
[2025-01-29 13:12:10,863][__main__][INFO] - [1], [16]
[2025-01-29 13:12:10,991][__main__][INFO] - [1, 17], []
[2025-01-29 13:12:11,036][__main__][INFO] - [1, 18], []
[2025-01-29 13:12:11,176][__main__][INFO] - [1, 19], []
[2025-01-29 13:12:11,205][__main__][INFO] - [1, 20], []
[2025-01-29 13:12:11,232][__main__][INFO] - [1, 21], []
[2025-01-29 13:12:11,252][__main__][INFO] - [1, 22], []
[2025-01-29 13:12:11,272][__main__][INFO] - [1, 23], []
[2025-01-29 13:12:11,319][__main__][INFO] - [1, 24], []
[2025-01-29 13:12:11,368][__main__][INFO] - [2, 10], []
[2025-01-29 13:12:11,520][__main__][INFO] - [2, 11], []
[2025-01-29 13:12:11,544][__main__][INFO] - [2, 12], []
[2025-01-29 13:12:11,588][__main__][INFO] - [2, 13], []
[2025-01-29 13:12:11,609][__main__][INFO] - [2, 14], []
[2025-01-29 13:12:11,629][__main__][INFO] - [2, 15], []
[2025-01-29 13:12:11,678][__main__][INFO] - [2, 16], []
[2025-01-29 13:12:11,784][__main__][INFO] - [2], [16]
[2025-01-29 13:12:11,908][__main__][INFO] - [2, 17], []
[2025-01-29 13:12:11,950][__main__][INFO] - [2, 18], []
[2025-01-29 13:12:12,083][__main__][INFO] - [2, 19], []
[2025-01-29 13:12:12,110][__main__][INFO] - [2, 20], []
[2025-01-29 13:12:12,135][__main__][INFO] - [2, 21], []
[2025-01-29 13:12:12,156][__main__][INFO] - [2, 22], []
[2025-01-29 13:12:12,176][__main__][INFO] - [2, 23], []
[2025-01-29 13:12:12,227][__main__][INFO] - [2, 24], []
[2025-01-29 13:12:12,276][__main__][INFO] - [3, 10], []
[2025-01-29 13:12:12,382][__main__][INFO] - [3, 11], []
[2025-01-29 13:12:12,405][__main__][INFO] - [3, 12], []
[2025-01-29 13:12:12,449][__main__][INFO] - [3, 13], []
[2025-01-29 13:12:12,470][__main__][INFO] - [3, 14], []
[2025-01-29 13:12:12,490][__main__][INFO] - [3, 15], []
[2025-01-29 13:12:12,541][__main__][INFO] - [3, 16], []
[2025-01-29 13:12:12,629][__main__][INFO] - [3], [16]
[2025-01-29 13:12:12,729][__main__][INFO] - [3, 17], []
[2025-01-29 13:12:12,765][__main__][INFO] - [3, 18], []
[2025-01-29 13:12:12,872][__main__][INFO] - [3, 19], []
[2025-01-29 13:12:12,896][__main__][INFO] - [3, 20], []
[2025-01-29 13:12:12,921][__main__][INFO] - [3, 21], []
[2025-01-29 13:12:12,941][__main__][INFO] - [3, 22], []
[2025-01-29 13:12:12,961][__main__][INFO] - [3, 23], []
[2025-01-29 13:12:13,007][__main__][INFO] - [3, 24], []
[2025-01-29 13:12:13,055][__main__][INFO] - [4, 10], []
[2025-01-29 13:12:13,189][__main__][INFO] - [4, 11], []
[2025-01-29 13:12:13,213][__main__][INFO] - [4, 12], []
[2025-01-29 13:12:13,262][__main__][INFO] - [4, 13], []
[2025-01-29 13:12:13,282][__main__][INFO] - [4, 14], []
[2025-01-29 13:12:13,303][__main__][INFO] - [4, 15], []
[2025-01-29 13:12:13,361][__main__][INFO] - [4, 16], []
[2025-01-29 13:12:13,470][__main__][INFO] - [4], [16]
[2025-01-29 13:12:13,591][__main__][INFO] - [4, 17], []
[2025-01-29 13:12:13,630][__main__][INFO] - [4, 18], []
[2025-01-29 13:12:13,770][__main__][INFO] - [4, 19], []
[2025-01-29 13:12:13,794][__main__][INFO] - [4, 20], []
[2025-01-29 13:12:13,820][__main__][INFO] - [4, 21], []
[2025-01-29 13:12:13,841][__main__][INFO] - [4, 22], []
[2025-01-29 13:12:13,861][__main__][INFO] - [4, 23], []
[2025-01-29 13:12:13,910][__main__][INFO] - [4, 24], []
[2025-01-29 13:12:13,959][__main__][INFO] - [5, 10], []
[2025-01-29 13:12:14,085][__main__][INFO] - [5, 11], []
[2025-01-29 13:12:14,109][__main__][INFO] - [5, 12], []
[2025-01-29 13:12:14,153][__main__][INFO] - [5, 13], []
[2025-01-29 13:12:14,173][__main__][INFO] - [5, 14], []
[2025-01-29 13:12:14,194][__main__][INFO] - [5, 15], []
[2025-01-29 13:12:14,238][__main__][INFO] - [5, 16], []
[2025-01-29 13:12:14,336][__main__][INFO] - [5], [16]
[2025-01-29 13:12:14,441][__main__][INFO] - [5, 17], []
[2025-01-29 13:12:14,471][__main__][INFO] - [5, 18], []
[2025-01-29 13:12:14,603][__main__][INFO] - [5, 19], []
[2025-01-29 13:12:14,626][__main__][INFO] - [5, 20], []
[2025-01-29 13:12:14,651][__main__][INFO] - [5, 21], []
[2025-01-29 13:12:14,672][__main__][INFO] - [5, 22], []
[2025-01-29 13:12:14,692][__main__][INFO] - [5, 23], []
[2025-01-29 13:12:14,735][__main__][INFO] - [5, 24], []
[2025-01-29 13:12:14,784][__main__][INFO] - [6, 10], []
[2025-01-29 13:12:14,849][__main__][INFO] - [6, 11], []
[2025-01-29 13:12:14,870][__main__][INFO] - [6, 12], []
[2025-01-29 13:12:14,899][__main__][INFO] - [6, 13], []
[2025-01-29 13:12:14,919][__main__][INFO] - [6, 14], []
[2025-01-29 13:12:14,939][__main__][INFO] - [6, 15], []
[2025-01-29 13:12:14,965][__main__][INFO] - [6, 16], []
[2025-01-29 13:12:15,013][__main__][INFO] - [6], [16]
[2025-01-29 13:12:15,066][__main__][INFO] - [6, 17], []
[2025-01-29 13:12:15,089][__main__][INFO] - [6, 18], []
[2025-01-29 13:12:15,153][__main__][INFO] - [6, 19], []
[2025-01-29 13:12:15,174][__main__][INFO] - [6, 20], []
[2025-01-29 13:12:15,196][__main__][INFO] - [6, 21], []
[2025-01-29 13:12:15,216][__main__][INFO] - [6, 22], []
[2025-01-29 13:12:15,236][__main__][INFO] - [6, 23], []
[2025-01-29 13:12:15,264][__main__][INFO] - [6, 24], []
[2025-01-29 13:12:15,312][__main__][INFO] - [7, 10], []
[2025-01-29 13:12:15,347][__main__][INFO] - [7, 11], []
[2025-01-29 13:12:15,367][__main__][INFO] - [7, 12], []
[2025-01-29 13:12:15,388][__main__][INFO] - [7, 13], []
[2025-01-29 13:12:15,411][__main__][INFO] - [7, 14], []
[2025-01-29 13:12:15,430][__main__][INFO] - [7, 15], []
[2025-01-29 13:12:15,451][__main__][INFO] - [7, 16], []
[2025-01-29 13:12:15,479][__main__][INFO] - [7], [16]
[2025-01-29 13:12:15,510][__main__][INFO] - [7, 17], []
[2025-01-29 13:12:15,530][__main__][INFO] - [7, 18], []
[2025-01-29 13:12:15,565][__main__][INFO] - [7, 19], []
[2025-01-29 13:12:15,585][__main__][INFO] - [7, 20], []
[2025-01-29 13:12:15,605][__main__][INFO] - [7, 21], []
[2025-01-29 13:12:15,639][__main__][INFO] - [7, 23], []
[2025-01-29 13:12:15,704][__main__][INFO] - [8, 10], []
[2025-01-29 13:12:15,726][__main__][INFO] - [8, 11], []
[2025-01-29 13:12:15,746][__main__][INFO] - [8, 12], []
[2025-01-29 13:12:15,795][__main__][INFO] - [8, 15], []
[2025-01-29 13:12:15,814][__main__][INFO] - [8, 16], []
[2025-01-29 13:12:15,835][__main__][INFO] - [8], [16]
[2025-01-29 13:12:15,857][__main__][INFO] - [8, 17], []
[2025-01-29 13:12:15,877][__main__][INFO] - [8, 18], []
[2025-01-29 13:12:15,900][__main__][INFO] - [8, 19], []
[2025-01-29 13:12:15,920][__main__][INFO] - [8, 20], []
[2025-01-29 13:12:15,969][__main__][INFO] - [8, 23], []
[2025-01-29 13:12:16,032][__main__][INFO] - [9, 10], []
[2025-01-29 13:12:16,067][__main__][INFO] - [9, 12], []
[2025-01-29 13:12:16,130][__main__][INFO] - [9, 16], []
[2025-01-29 13:12:16,150][__main__][INFO] - [9], [16]
[2025-01-29 13:12:16,184][__main__][INFO] - [9, 18], []
[2025-01-29 13:12:16,263][__main__][INFO] - [9, 23], []
[2025-01-29 13:12:16,326][__main__][INFO] - [10, 16], []
[2025-01-29 13:12:16,734][__main__][INFO] - [10], [16]
[2025-01-29 13:12:17,179][__main__][INFO] - [10, 17], []
[2025-01-29 13:12:17,254][__main__][INFO] - [10, 18], []
[2025-01-29 13:12:17,879][__main__][INFO] - [10, 19], []
[2025-01-29 13:12:17,929][__main__][INFO] - [10, 20], []
[2025-01-29 13:12:17,982][__main__][INFO] - [10, 21], []
[2025-01-29 13:12:18,006][__main__][INFO] - [10, 22], []
[2025-01-29 13:12:18,027][__main__][INFO] - [10, 23], []
[2025-01-29 13:12:18,088][__main__][INFO] - [10, 24], []
[2025-01-29 13:12:18,109][__main__][INFO] - [10, 25], []
[2025-01-29 13:12:18,144][__main__][INFO] - [11, 16], []
[2025-01-29 13:12:18,173][__main__][INFO] - [11], [16]
[2025-01-29 13:12:18,205][__main__][INFO] - [11, 17], []
[2025-01-29 13:12:18,225][__main__][INFO] - [11, 18], []
[2025-01-29 13:12:18,264][__main__][INFO] - [11, 19], []
[2025-01-29 13:12:18,285][__main__][INFO] - [11, 20], []
[2025-01-29 13:12:18,334][__main__][INFO] - [11, 23], []
[2025-01-29 13:12:18,398][__main__][INFO] - [12, 16], []
[2025-01-29 13:12:18,483][__main__][INFO] - [12], [16]
[2025-01-29 13:12:18,568][__main__][INFO] - [12, 17], []
[2025-01-29 13:12:18,588][__main__][INFO] - [12, 18], []
[2025-01-29 13:12:18,618][__main__][INFO] - [12, 19], []
[2025-01-29 13:12:18,640][__main__][INFO] - [12, 20], []
[2025-01-29 13:12:18,692][__main__][INFO] - [12, 23], []
[2025-01-29 13:12:18,875][__main__][INFO] - [13, 16], []
[2025-01-29 13:12:18,898][__main__][INFO] - [13], [16]
[2025-01-29 13:12:18,921][__main__][INFO] - [13, 17], []
[2025-01-29 13:12:18,940][__main__][INFO] - [13, 18], []
[2025-01-29 13:12:18,962][__main__][INFO] - [13, 19], []
[2025-01-29 13:12:18,981][__main__][INFO] - [13, 20], []
[2025-01-29 13:12:19,032][__main__][INFO] - [13, 23], []
[2025-01-29 13:12:19,096][__main__][INFO] - [14, 16], []
[2025-01-29 13:12:19,117][__main__][INFO] - [14], [16]
[2025-01-29 13:12:19,154][__main__][INFO] - [14, 18], []
[2025-01-29 13:12:19,174][__main__][INFO] - [14, 19], []
[2025-01-29 13:12:19,223][__main__][INFO] - [14, 22], []
[2025-01-29 13:12:19,243][__main__][INFO] - [14, 23], []
[2025-01-29 13:12:19,307][__main__][INFO] - [15, 16], []
[2025-01-29 13:12:19,394][__main__][INFO] - [15], [16]
[2025-01-29 13:12:19,507][__main__][INFO] - [15, 17], []
[2025-01-29 13:12:19,584][__main__][INFO] - [15, 18], []
[2025-01-29 13:12:19,694][__main__][INFO] - [15, 19], []
[2025-01-29 13:12:19,728][__main__][INFO] - [15, 20], []
[2025-01-29 13:12:19,749][__main__][INFO] - [15, 21], []
[2025-01-29 13:12:19,770][__main__][INFO] - [15, 22], []
[2025-01-29 13:12:19,790][__main__][INFO] - [15, 23], []
[2025-01-29 13:12:19,811][__main__][INFO] - [15, 24], []
[2025-01-29 13:12:19,861][__main__][INFO] - [16, 17], []
[2025-01-29 13:12:19,929][__main__][INFO] - [16, 18], []
[2025-01-29 13:12:20,286][__main__][INFO] - [16, 19], []
[2025-01-29 13:12:20,325][__main__][INFO] - [16, 20], []
[2025-01-29 13:12:20,364][__main__][INFO] - [16, 21], []
[2025-01-29 13:12:20,386][__main__][INFO] - [16, 22], []
[2025-01-29 13:12:20,407][__main__][INFO] - [16, 23], []
[2025-01-29 13:12:20,509][__main__][INFO] - [16, 24], []
[2025-01-29 13:12:20,559][__main__][INFO] - [17], [16]
[2025-01-29 13:12:20,643][__main__][INFO] - [18], [16]
[2025-01-29 13:12:21,048][__main__][INFO] - [19], [16]
[2025-01-29 13:12:21,087][__main__][INFO] - [20], [16]
[2025-01-29 13:12:21,125][__main__][INFO] - [21], [16]
[2025-01-29 13:12:21,146][__main__][INFO] - [22], [16]
[2025-01-29 13:12:21,167][__main__][INFO] - [23], [16]
[2025-01-29 13:12:21,266][__main__][INFO] - [24], [16]
[2025-01-29 13:12:21,345][__main__][INFO] - [0, 10, 16], []
[2025-01-29 13:12:21,432][__main__][INFO] - [0, 10], [16]
[2025-01-29 13:12:21,522][__main__][INFO] - [0, 10, 17], []
[2025-01-29 13:12:21,560][__main__][INFO] - [0, 10, 18], []
[2025-01-29 13:12:21,666][__main__][INFO] - [0, 10, 19], []
[2025-01-29 13:12:21,697][__main__][INFO] - [0, 10, 20], []
[2025-01-29 13:12:21,724][__main__][INFO] - [0, 10, 21], []
[2025-01-29 13:12:21,747][__main__][INFO] - [0, 10, 22], []
[2025-01-29 13:12:21,769][__main__][INFO] - [0, 10, 23], []
[2025-01-29 13:12:21,802][__main__][INFO] - [0, 10, 24], []
[2025-01-29 13:12:21,854][__main__][INFO] - [0, 11, 16], []
[2025-01-29 13:12:21,877][__main__][INFO] - [0, 11], [16]
[2025-01-29 13:12:21,915][__main__][INFO] - [0, 11, 18], []
[2025-01-29 13:12:21,938][__main__][INFO] - [0, 11, 19], []
[2025-01-29 13:12:22,005][__main__][INFO] - [0, 11, 23], []
[2025-01-29 13:12:22,072][__main__][INFO] - [0, 12, 16], []
[2025-01-29 13:12:22,097][__main__][INFO] - [0, 12], [16]
[2025-01-29 13:12:22,137][__main__][INFO] - [0, 12, 18], []
[2025-01-29 13:12:22,160][__main__][INFO] - [0, 12, 19], []
[2025-01-29 13:12:22,227][__main__][INFO] - [0, 12, 23], []
[2025-01-29 13:12:22,299][__main__][INFO] - [0, 13, 16], []
[2025-01-29 13:12:22,321][__main__][INFO] - [0, 13], [16]
[2025-01-29 13:12:22,359][__main__][INFO] - [0, 13, 18], []
[2025-01-29 13:12:22,395][__main__][INFO] - [0, 13, 20], []
[2025-01-29 13:12:22,507][__main__][INFO] - [0, 14, 16], []
[2025-01-29 13:12:22,529][__main__][INFO] - [0, 14], [16]
[2025-01-29 13:12:22,566][__main__][INFO] - [0, 14, 18], []
[2025-01-29 13:12:22,632][__main__][INFO] - [0, 14, 22], []
[2025-01-29 13:12:22,714][__main__][INFO] - [0, 15, 16], []
[2025-01-29 13:12:22,739][__main__][INFO] - [0, 15], [16]
[2025-01-29 13:12:22,766][__main__][INFO] - [0, 15, 17], []
[2025-01-29 13:12:22,791][__main__][INFO] - [0, 15, 18], []
[2025-01-29 13:12:22,816][__main__][INFO] - [0, 15, 19], []
[2025-01-29 13:12:22,839][__main__][INFO] - [0, 15, 20], []
[2025-01-29 13:12:22,861][__main__][INFO] - [0, 15, 21], []
[2025-01-29 13:12:22,897][__main__][INFO] - [0, 15, 23], []
[2025-01-29 13:12:22,964][__main__][INFO] - [0, 16, 17], []
[2025-01-29 13:12:22,995][__main__][INFO] - [0, 16, 18], []
[2025-01-29 13:12:23,060][__main__][INFO] - [0, 16, 19], []
[2025-01-29 13:12:23,086][__main__][INFO] - [0, 16, 20], []
[2025-01-29 13:12:23,110][__main__][INFO] - [0, 16, 21], []
[2025-01-29 13:12:23,133][__main__][INFO] - [0, 16, 22], []
[2025-01-29 13:12:23,154][__main__][INFO] - [0, 16, 23], []
[2025-01-29 13:12:23,184][__main__][INFO] - [0, 16, 24], []
[2025-01-29 13:12:23,235][__main__][INFO] - [0, 17], [16]
[2025-01-29 13:12:23,266][__main__][INFO] - [0, 18], [16]
[2025-01-29 13:12:23,333][__main__][INFO] - [0, 19], [16]
[2025-01-29 13:12:23,359][__main__][INFO] - [0, 20], [16]
[2025-01-29 13:12:23,384][__main__][INFO] - [0, 21], [16]
[2025-01-29 13:12:23,406][__main__][INFO] - [0, 22], [16]
[2025-01-29 13:12:23,428][__main__][INFO] - [0, 23], [16]
[2025-01-29 13:12:23,458][__main__][INFO] - [0, 24], [16]
[2025-01-29 13:12:23,524][__main__][INFO] - [1, 10, 16], []
[2025-01-29 13:12:23,621][__main__][INFO] - [1, 10], [16]
[2025-01-29 13:12:23,725][__main__][INFO] - [1, 10, 17], []
[2025-01-29 13:12:23,765][__main__][INFO] - [1, 10, 18], []
[2025-01-29 13:12:23,890][__main__][INFO] - [1, 10, 19], []
[2025-01-29 13:12:23,919][__main__][INFO] - [1, 10, 20], []
[2025-01-29 13:12:23,948][__main__][INFO] - [1, 10, 21], []
[2025-01-29 13:12:23,971][__main__][INFO] - [1, 10, 22], []
[2025-01-29 13:12:23,994][__main__][INFO] - [1, 10, 23], []
[2025-01-29 13:12:24,029][__main__][INFO] - [1, 10, 24], []
[2025-01-29 13:12:24,081][__main__][INFO] - [1, 11, 16], []
[2025-01-29 13:12:24,105][__main__][INFO] - [1, 11], [16]
[2025-01-29 13:12:24,143][__main__][INFO] - [1, 11, 18], []
[2025-01-29 13:12:24,169][__main__][INFO] - [1, 11, 19], []
[2025-01-29 13:12:24,191][__main__][INFO] - [1, 11, 20], []
[2025-01-29 13:12:24,244][__main__][INFO] - [1, 11, 23], []
[2025-01-29 13:12:24,311][__main__][INFO] - [1, 12, 16], []
[2025-01-29 13:12:24,341][__main__][INFO] - [1, 12], [16]
[2025-01-29 13:12:24,386][__main__][INFO] - [1, 12, 18], []
[2025-01-29 13:12:24,409][__main__][INFO] - [1, 12, 19], []
[2025-01-29 13:12:24,476][__main__][INFO] - [1, 12, 23], []
[2025-01-29 13:12:24,557][__main__][INFO] - [1, 13, 16], []
[2025-01-29 13:12:24,579][__main__][INFO] - [1, 13], [16]
[2025-01-29 13:12:24,617][__main__][INFO] - [1, 13, 18], []
[2025-01-29 13:12:24,654][__main__][INFO] - [1, 13, 20], []
[2025-01-29 13:12:24,766][__main__][INFO] - [1, 14, 16], []
[2025-01-29 13:12:24,788][__main__][INFO] - [1, 14], [16]
[2025-01-29 13:12:24,825][__main__][INFO] - [1, 14, 18], []
[2025-01-29 13:12:24,892][__main__][INFO] - [1, 14, 22], []
[2025-01-29 13:12:24,915][__main__][INFO] - [1, 14, 23], []
[2025-01-29 13:12:24,981][__main__][INFO] - [1, 15, 16], []
[2025-01-29 13:12:25,010][__main__][INFO] - [1, 15], [16]
[2025-01-29 13:12:25,043][__main__][INFO] - [1, 15, 17], []
[2025-01-29 13:12:25,071][__main__][INFO] - [1, 15, 18], []
[2025-01-29 13:12:25,102][__main__][INFO] - [1, 15, 19], []
[2025-01-29 13:12:25,125][__main__][INFO] - [1, 15, 20], []
[2025-01-29 13:12:25,147][__main__][INFO] - [1, 15, 21], []
[2025-01-29 13:12:25,185][__main__][INFO] - [1, 15, 23], []
[2025-01-29 13:12:25,207][__main__][INFO] - [1, 15, 24], []
[2025-01-29 13:12:25,259][__main__][INFO] - [1, 16, 17], []
[2025-01-29 13:12:25,291][__main__][INFO] - [1, 16, 18], []
[2025-01-29 13:12:25,366][__main__][INFO] - [1, 16, 19], []
[2025-01-29 13:12:25,392][__main__][INFO] - [1, 16, 20], []
[2025-01-29 13:12:25,417][__main__][INFO] - [1, 16, 21], []
[2025-01-29 13:12:25,439][__main__][INFO] - [1, 16, 22], []
[2025-01-29 13:12:25,462][__main__][INFO] - [1, 16, 23], []
[2025-01-29 13:12:25,497][__main__][INFO] - [1, 16, 24], []
[2025-01-29 13:12:25,549][__main__][INFO] - [1, 17], [16]
[2025-01-29 13:12:25,584][__main__][INFO] - [1, 18], [16]
[2025-01-29 13:12:25,666][__main__][INFO] - [1, 19], [16]
[2025-01-29 13:12:25,692][__main__][INFO] - [1, 20], [16]
[2025-01-29 13:12:25,717][__main__][INFO] - [1, 21], [16]
[2025-01-29 13:12:25,739][__main__][INFO] - [1, 22], [16]
[2025-01-29 13:12:25,762][__main__][INFO] - [1, 23], [16]
[2025-01-29 13:12:25,797][__main__][INFO] - [1, 24], [16]
[2025-01-29 13:12:25,863][__main__][INFO] - [2, 10, 16], []
[2025-01-29 13:12:25,942][__main__][INFO] - [2, 10], [16]
[2025-01-29 13:12:26,031][__main__][INFO] - [2, 10, 17], []
[2025-01-29 13:12:26,062][__main__][INFO] - [2, 10, 18], []
[2025-01-29 13:12:26,173][__main__][INFO] - [2, 10, 19], []
[2025-01-29 13:12:26,201][__main__][INFO] - [2, 10, 20], []
[2025-01-29 13:12:26,228][__main__][INFO] - [2, 10, 21], []
[2025-01-29 13:12:26,251][__main__][INFO] - [2, 10, 22], []
[2025-01-29 13:12:26,274][__main__][INFO] - [2, 10, 23], []
[2025-01-29 13:12:26,305][__main__][INFO] - [2, 10, 24], []
[2025-01-29 13:12:26,357][__main__][INFO] - [2, 11, 16], []
[2025-01-29 13:12:26,381][__main__][INFO] - [2, 11], [16]
[2025-01-29 13:12:26,420][__main__][INFO] - [2, 11, 18], []
[2025-01-29 13:12:26,446][__main__][INFO] - [2, 11, 19], []
[2025-01-29 13:12:26,514][__main__][INFO] - [2, 11, 23], []
[2025-01-29 13:12:26,581][__main__][INFO] - [2, 12, 16], []
[2025-01-29 13:12:26,613][__main__][INFO] - [2, 12], [16]
[2025-01-29 13:12:26,661][__main__][INFO] - [2, 12, 18], []
[2025-01-29 13:12:26,685][__main__][INFO] - [2, 12, 19], []
[2025-01-29 13:12:26,753][__main__][INFO] - [2, 12, 23], []
[2025-01-29 13:12:26,840][__main__][INFO] - [2, 13, 16], []
[2025-01-29 13:12:26,863][__main__][INFO] - [2, 13], [16]
[2025-01-29 13:12:26,900][__main__][INFO] - [2, 13, 18], []
[2025-01-29 13:12:26,938][__main__][INFO] - [2, 13, 20], []
[2025-01-29 13:12:26,990][__main__][INFO] - [2, 13, 23], []
[2025-01-29 13:12:27,057][__main__][INFO] - [2, 14, 16], []
[2025-01-29 13:12:27,080][__main__][INFO] - [2, 14], [16]
[2025-01-29 13:12:27,117][__main__][INFO] - [2, 14, 18], []
[2025-01-29 13:12:27,184][__main__][INFO] - [2, 14, 22], []
[2025-01-29 13:12:27,207][__main__][INFO] - [2, 14, 23], []
[2025-01-29 13:12:27,273][__main__][INFO] - [2, 15, 16], []
[2025-01-29 13:12:27,307][__main__][INFO] - [2, 15], [16]
[2025-01-29 13:12:27,345][__main__][INFO] - [2, 15, 17], []
[2025-01-29 13:12:27,378][__main__][INFO] - [2, 15, 18], []
[2025-01-29 13:12:27,415][__main__][INFO] - [2, 15, 19], []
[2025-01-29 13:12:27,437][__main__][INFO] - [2, 15, 20], []
[2025-01-29 13:12:27,460][__main__][INFO] - [2, 15, 21], []
[2025-01-29 13:12:27,497][__main__][INFO] - [2, 15, 23], []
[2025-01-29 13:12:27,520][__main__][INFO] - [2, 15, 24], []
[2025-01-29 13:12:27,572][__main__][INFO] - [2, 16, 17], []
[2025-01-29 13:12:27,602][__main__][INFO] - [2, 16, 18], []
[2025-01-29 13:12:27,672][__main__][INFO] - [2, 16, 19], []
[2025-01-29 13:12:27,697][__main__][INFO] - [2, 16, 20], []
[2025-01-29 13:12:27,721][__main__][INFO] - [2, 16, 21], []
[2025-01-29 13:12:27,744][__main__][INFO] - [2, 16, 22], []
[2025-01-29 13:12:27,766][__main__][INFO] - [2, 16, 23], []
[2025-01-29 13:12:27,802][__main__][INFO] - [2, 16, 24], []
[2025-01-29 13:12:27,854][__main__][INFO] - [2, 17], [16]
[2025-01-29 13:12:27,887][__main__][INFO] - [2, 18], [16]
[2025-01-29 13:12:27,968][__main__][INFO] - [2, 19], [16]
[2025-01-29 13:12:27,993][__main__][INFO] - [2, 20], [16]
[2025-01-29 13:12:28,018][__main__][INFO] - [2, 21], [16]
[2025-01-29 13:12:28,040][__main__][INFO] - [2, 22], [16]
[2025-01-29 13:12:28,063][__main__][INFO] - [2, 23], [16]
[2025-01-29 13:12:28,099][__main__][INFO] - [2, 24], [16]
[2025-01-29 13:12:28,166][__main__][INFO] - [3, 10, 16], []
[2025-01-29 13:12:28,226][__main__][INFO] - [3, 10], [16]
[2025-01-29 13:12:28,290][__main__][INFO] - [3, 10, 17], []
[2025-01-29 13:12:28,317][__main__][INFO] - [3, 10, 18], []
[2025-01-29 13:12:28,401][__main__][INFO] - [3, 10, 19], []
[2025-01-29 13:12:28,426][__main__][INFO] - [3, 10, 20], []
[2025-01-29 13:12:28,452][__main__][INFO] - [3, 10, 21], []
[2025-01-29 13:12:28,475][__main__][INFO] - [3, 10, 22], []
[2025-01-29 13:12:28,498][__main__][INFO] - [3, 10, 23], []
[2025-01-29 13:12:28,524][__main__][INFO] - [3, 10, 24], []
[2025-01-29 13:12:28,576][__main__][INFO] - [3, 11, 16], []
[2025-01-29 13:12:28,600][__main__][INFO] - [3, 11], [16]
[2025-01-29 13:12:28,639][__main__][INFO] - [3, 11, 18], []
[2025-01-29 13:12:28,665][__main__][INFO] - [3, 11, 19], []
[2025-01-29 13:12:28,732][__main__][INFO] - [3, 11, 23], []
[2025-01-29 13:12:28,799][__main__][INFO] - [3, 12, 16], []
[2025-01-29 13:12:28,833][__main__][INFO] - [3, 12], [16]
[2025-01-29 13:12:28,881][__main__][INFO] - [3, 12, 18], []
[2025-01-29 13:12:28,905][__main__][INFO] - [3, 12, 19], []
[2025-01-29 13:12:28,972][__main__][INFO] - [3, 12, 23], []
[2025-01-29 13:12:29,059][__main__][INFO] - [3, 13, 16], []
[2025-01-29 13:12:29,082][__main__][INFO] - [3, 13], [16]
[2025-01-29 13:12:29,120][__main__][INFO] - [3, 13, 18], []
[2025-01-29 13:12:29,157][__main__][INFO] - [3, 13, 20], []
[2025-01-29 13:12:29,210][__main__][INFO] - [3, 13, 23], []
[2025-01-29 13:12:29,277][__main__][INFO] - [3, 14, 16], []
[2025-01-29 13:12:29,299][__main__][INFO] - [3, 14], [16]
[2025-01-29 13:12:29,336][__main__][INFO] - [3, 14, 18], []
[2025-01-29 13:12:29,358][__main__][INFO] - [3, 14, 19], []
[2025-01-29 13:12:29,410][__main__][INFO] - [3, 14, 22], []
[2025-01-29 13:12:29,433][__main__][INFO] - [3, 14, 23], []
[2025-01-29 13:12:29,500][__main__][INFO] - [3, 15, 16], []
[2025-01-29 13:12:29,535][__main__][INFO] - [3, 15], [16]
[2025-01-29 13:12:29,573][__main__][INFO] - [3, 15, 17], []
[2025-01-29 13:12:29,605][__main__][INFO] - [3, 15, 18], []
[2025-01-29 13:12:29,643][__main__][INFO] - [3, 15, 19], []
[2025-01-29 13:12:29,665][__main__][INFO] - [3, 15, 20], []
[2025-01-29 13:12:29,687][__main__][INFO] - [3, 15, 21], []
[2025-01-29 13:12:29,725][__main__][INFO] - [3, 15, 23], []
[2025-01-29 13:12:29,747][__main__][INFO] - [3, 15, 24], []
[2025-01-29 13:12:29,800][__main__][INFO] - [3, 16, 17], []
[2025-01-29 13:12:29,828][__main__][INFO] - [3, 16, 18], []
[2025-01-29 13:12:29,888][__main__][INFO] - [3, 16, 19], []
[2025-01-29 13:12:29,912][__main__][INFO] - [3, 16, 20], []
[2025-01-29 13:12:29,937][__main__][INFO] - [3, 16, 21], []
[2025-01-29 13:12:29,959][__main__][INFO] - [3, 16, 22], []
[2025-01-29 13:12:29,982][__main__][INFO] - [3, 16, 23], []
[2025-01-29 13:12:30,016][__main__][INFO] - [3, 16, 24], []
[2025-01-29 13:12:30,069][__main__][INFO] - [3, 17], [16]
[2025-01-29 13:12:30,099][__main__][INFO] - [3, 18], [16]
[2025-01-29 13:12:30,165][__main__][INFO] - [3, 19], [16]
[2025-01-29 13:12:30,189][__main__][INFO] - [3, 20], [16]
[2025-01-29 13:12:30,213][__main__][INFO] - [3, 21], [16]
[2025-01-29 13:12:30,236][__main__][INFO] - [3, 22], [16]
[2025-01-29 13:12:30,258][__main__][INFO] - [3, 23], [16]
[2025-01-29 13:12:30,292][__main__][INFO] - [3, 24], [16]
[2025-01-29 13:12:30,358][__main__][INFO] - [4, 10, 16], []
[2025-01-29 13:12:30,430][__main__][INFO] - [4, 10], [16]
[2025-01-29 13:12:30,509][__main__][INFO] - [4, 10, 17], []
[2025-01-29 13:12:30,535][__main__][INFO] - [4, 10, 18], []
[2025-01-29 13:12:30,645][__main__][INFO] - [4, 10, 19], []
[2025-01-29 13:12:30,670][__main__][INFO] - [4, 10, 20], []
[2025-01-29 13:12:30,697][__main__][INFO] - [4, 10, 21], []
[2025-01-29 13:12:30,720][__main__][INFO] - [4, 10, 22], []
[2025-01-29 13:12:30,743][__main__][INFO] - [4, 10, 23], []
[2025-01-29 13:12:30,768][__main__][INFO] - [4, 10, 24], []
[2025-01-29 13:12:30,820][__main__][INFO] - [4, 11, 16], []
[2025-01-29 13:12:30,845][__main__][INFO] - [4, 11], [16]
[2025-01-29 13:12:30,884][__main__][INFO] - [4, 11, 18], []
[2025-01-29 13:12:30,910][__main__][INFO] - [4, 11, 19], []
[2025-01-29 13:12:30,932][__main__][INFO] - [4, 11, 20], []
[2025-01-29 13:12:30,985][__main__][INFO] - [4, 11, 23], []
[2025-01-29 13:12:31,052][__main__][INFO] - [4, 12, 16], []
[2025-01-29 13:12:31,088][__main__][INFO] - [4, 12], [16]
[2025-01-29 13:12:31,137][__main__][INFO] - [4, 12, 18], []
[2025-01-29 13:12:31,161][__main__][INFO] - [4, 12, 19], []
[2025-01-29 13:12:31,229][__main__][INFO] - [4, 12, 23], []
[2025-01-29 13:12:31,320][__main__][INFO] - [4, 13, 16], []
[2025-01-29 13:12:31,343][__main__][INFO] - [4, 13], [16]
[2025-01-29 13:12:31,380][__main__][INFO] - [4, 13, 18], []
[2025-01-29 13:12:31,418][__main__][INFO] - [4, 13, 20], []
[2025-01-29 13:12:31,470][__main__][INFO] - [4, 13, 23], []
[2025-01-29 13:12:31,538][__main__][INFO] - [4, 14, 16], []
[2025-01-29 13:12:31,560][__main__][INFO] - [4, 14], [16]
[2025-01-29 13:12:31,597][__main__][INFO] - [4, 14, 18], []
[2025-01-29 13:12:31,620][__main__][INFO] - [4, 14, 19], []
[2025-01-29 13:12:31,672][__main__][INFO] - [4, 14, 22], []
[2025-01-29 13:12:31,755][__main__][INFO] - [4, 15, 16], []
[2025-01-29 13:12:31,793][__main__][INFO] - [4, 15], [16]
[2025-01-29 13:12:31,834][__main__][INFO] - [4, 15, 17], []
[2025-01-29 13:12:31,871][__main__][INFO] - [4, 15, 18], []
[2025-01-29 13:12:31,912][__main__][INFO] - [4, 15, 19], []
[2025-01-29 13:12:31,935][__main__][INFO] - [4, 15, 20], []
[2025-01-29 13:12:31,957][__main__][INFO] - [4, 15, 21], []
[2025-01-29 13:12:31,994][__main__][INFO] - [4, 15, 23], []
[2025-01-29 13:12:32,017][__main__][INFO] - [4, 15, 24], []
[2025-01-29 13:12:32,069][__main__][INFO] - [4, 16, 17], []
[2025-01-29 13:12:32,099][__main__][INFO] - [4, 16, 18], []
[2025-01-29 13:12:32,171][__main__][INFO] - [4, 16, 19], []
[2025-01-29 13:12:32,196][__main__][INFO] - [4, 16, 20], []
[2025-01-29 13:12:32,221][__main__][INFO] - [4, 16, 21], []
[2025-01-29 13:12:32,243][__main__][INFO] - [4, 16, 22], []
[2025-01-29 13:12:32,266][__main__][INFO] - [4, 16, 23], []
[2025-01-29 13:12:32,302][__main__][INFO] - [4, 16, 24], []
[2025-01-29 13:12:32,354][__main__][INFO] - [4, 17], [16]
[2025-01-29 13:12:32,386][__main__][INFO] - [4, 18], [16]
[2025-01-29 13:12:32,470][__main__][INFO] - [4, 19], [16]
[2025-01-29 13:12:32,494][__main__][INFO] - [4, 20], [16]
[2025-01-29 13:12:32,519][__main__][INFO] - [4, 21], [16]
[2025-01-29 13:12:32,541][__main__][INFO] - [4, 22], [16]
[2025-01-29 13:12:32,564][__main__][INFO] - [4, 23], [16]
[2025-01-29 13:12:32,599][__main__][INFO] - [4, 24], [16]
[2025-01-29 13:12:32,665][__main__][INFO] - [5, 10, 16], []
[2025-01-29 13:12:32,735][__main__][INFO] - [5, 10], [16]
[2025-01-29 13:12:32,812][__main__][INFO] - [5, 10, 17], []
[2025-01-29 13:12:32,836][__main__][INFO] - [5, 10, 18], []
[2025-01-29 13:12:32,946][__main__][INFO] - [5, 10, 19], []
[2025-01-29 13:12:32,971][__main__][INFO] - [5, 10, 20], []
[2025-01-29 13:12:32,998][__main__][INFO] - [5, 10, 21], []
[2025-01-29 13:12:33,021][__main__][INFO] - [5, 10, 22], []
[2025-01-29 13:12:33,043][__main__][INFO] - [5, 10, 23], []
[2025-01-29 13:12:33,068][__main__][INFO] - [5, 10, 24], []
[2025-01-29 13:12:33,120][__main__][INFO] - [5, 11, 16], []
[2025-01-29 13:12:33,144][__main__][INFO] - [5, 11], [16]
[2025-01-29 13:12:33,183][__main__][INFO] - [5, 11, 18], []
[2025-01-29 13:12:33,209][__main__][INFO] - [5, 11, 19], []
[2025-01-29 13:12:33,336][__main__][INFO] - [5, 12, 16], []
[2025-01-29 13:12:33,369][__main__][INFO] - [5, 12], [16]
[2025-01-29 13:12:33,417][__main__][INFO] - [5, 12, 18], []
[2025-01-29 13:12:33,441][__main__][INFO] - [5, 12, 19], []
[2025-01-29 13:12:33,508][__main__][INFO] - [5, 12, 23], []
[2025-01-29 13:12:33,595][__main__][INFO] - [5, 13, 16], []
[2025-01-29 13:12:33,618][__main__][INFO] - [5, 13], [16]
[2025-01-29 13:12:33,655][__main__][INFO] - [5, 13, 18], []
[2025-01-29 13:12:33,693][__main__][INFO] - [5, 13, 20], []
[2025-01-29 13:12:33,745][__main__][INFO] - [5, 13, 23], []
[2025-01-29 13:12:33,812][__main__][INFO] - [5, 14, 16], []
[2025-01-29 13:12:33,835][__main__][INFO] - [5, 14], [16]
[2025-01-29 13:12:33,872][__main__][INFO] - [5, 14, 18], []
[2025-01-29 13:12:33,894][__main__][INFO] - [5, 14, 19], []
[2025-01-29 13:12:33,946][__main__][INFO] - [5, 14, 22], []
[2025-01-29 13:12:33,969][__main__][INFO] - [5, 14, 23], []
[2025-01-29 13:12:34,036][__main__][INFO] - [5, 15, 16], []
[2025-01-29 13:12:34,067][__main__][INFO] - [5, 15], [16]
[2025-01-29 13:12:34,102][__main__][INFO] - [5, 15, 17], []
[2025-01-29 13:12:34,132][__main__][INFO] - [5, 15, 18], []
[2025-01-29 13:12:34,167][__main__][INFO] - [5, 15, 19], []
[2025-01-29 13:12:34,190][__main__][INFO] - [5, 15, 20], []
[2025-01-29 13:12:34,212][__main__][INFO] - [5, 15, 21], []
[2025-01-29 13:12:34,250][__main__][INFO] - [5, 15, 23], []
[2025-01-29 13:12:34,273][__main__][INFO] - [5, 15, 24], []
[2025-01-29 13:12:34,325][__main__][INFO] - [5, 16, 17], []
[2025-01-29 13:12:34,351][__main__][INFO] - [5, 16, 18], []
[2025-01-29 13:12:34,422][__main__][INFO] - [5, 16, 19], []
[2025-01-29 13:12:34,445][__main__][INFO] - [5, 16, 20], []
[2025-01-29 13:12:34,470][__main__][INFO] - [5, 16, 21], []
[2025-01-29 13:12:34,492][__main__][INFO] - [5, 16, 22], []
[2025-01-29 13:12:34,515][__main__][INFO] - [5, 16, 23], []
[2025-01-29 13:12:34,548][__main__][INFO] - [5, 16, 24], []
[2025-01-29 13:12:34,600][__main__][INFO] - [5, 17], [16]
[2025-01-29 13:12:34,628][__main__][INFO] - [5, 18], [16]
[2025-01-29 13:12:34,706][__main__][INFO] - [5, 19], [16]
[2025-01-29 13:12:34,730][__main__][INFO] - [5, 20], [16]
[2025-01-29 13:12:34,754][__main__][INFO] - [5, 21], [16]
[2025-01-29 13:12:34,776][__main__][INFO] - [5, 22], [16]
[2025-01-29 13:12:34,799][__main__][INFO] - [5, 23], [16]
[2025-01-29 13:12:34,832][__main__][INFO] - [5, 24], [16]
[2025-01-29 13:12:34,898][__main__][INFO] - [6, 10, 16], []
[2025-01-29 13:12:34,940][__main__][INFO] - [6, 10], [16]
[2025-01-29 13:12:34,984][__main__][INFO] - [6, 10, 17], []
[2025-01-29 13:12:35,007][__main__][INFO] - [6, 10, 18], []
[2025-01-29 13:12:35,067][__main__][INFO] - [6, 10, 19], []
[2025-01-29 13:12:35,090][__main__][INFO] - [6, 10, 20], []
[2025-01-29 13:12:35,114][__main__][INFO] - [6, 10, 21], []
[2025-01-29 13:12:35,136][__main__][INFO] - [6, 10, 22], []
[2025-01-29 13:12:35,159][__main__][INFO] - [6, 10, 23], []
[2025-01-29 13:12:35,226][__main__][INFO] - [6, 11, 16], []
[2025-01-29 13:12:35,249][__main__][INFO] - [6, 11], [16]
[2025-01-29 13:12:35,287][__main__][INFO] - [6, 11, 18], []
[2025-01-29 13:12:35,429][__main__][INFO] - [6, 12, 16], []
[2025-01-29 13:12:35,455][__main__][INFO] - [6, 12], [16]
[2025-01-29 13:12:35,496][__main__][INFO] - [6, 12, 18], []
[2025-01-29 13:12:35,519][__main__][INFO] - [6, 12, 19], []
[2025-01-29 13:12:35,586][__main__][INFO] - [6, 12, 23], []
[2025-01-29 13:12:35,672][__main__][INFO] - [6, 13, 16], []
[2025-01-29 13:12:35,695][__main__][INFO] - [6, 13], [16]
[2025-01-29 13:12:35,732][__main__][INFO] - [6, 13, 18], []
[2025-01-29 13:12:35,770][__main__][INFO] - [6, 13, 20], []
[2025-01-29 13:12:35,896][__main__][INFO] - [6, 14], [16]
[2025-01-29 13:12:36,067][__main__][INFO] - [6, 15, 16], []
[2025-01-29 13:12:36,092][__main__][INFO] - [6, 15], [16]
[2025-01-29 13:12:36,118][__main__][INFO] - [6, 15, 17], []
[2025-01-29 13:12:36,141][__main__][INFO] - [6, 15, 18], []
[2025-01-29 13:12:36,167][__main__][INFO] - [6, 15, 19], []
[2025-01-29 13:12:36,189][__main__][INFO] - [6, 15, 20], []
[2025-01-29 13:12:36,241][__main__][INFO] - [6, 15, 23], []
[2025-01-29 13:12:36,308][__main__][INFO] - [6, 16, 17], []
[2025-01-29 13:12:36,331][__main__][INFO] - [6, 16, 18], []
[2025-01-29 13:12:36,372][__main__][INFO] - [6, 16, 19], []
[2025-01-29 13:12:36,395][__main__][INFO] - [6, 16, 20], []
[2025-01-29 13:12:36,418][__main__][INFO] - [6, 16, 21], []
[2025-01-29 13:12:36,440][__main__][INFO] - [6, 16, 22], []
[2025-01-29 13:12:36,462][__main__][INFO] - [6, 16, 23], []
[2025-01-29 13:12:36,532][__main__][INFO] - [6, 17], [16]
[2025-01-29 13:12:36,556][__main__][INFO] - [6, 18], [16]
[2025-01-29 13:12:36,601][__main__][INFO] - [6, 19], [16]
[2025-01-29 13:12:36,623][__main__][INFO] - [6, 20], [16]
[2025-01-29 13:12:36,646][__main__][INFO] - [6, 21], [16]
[2025-01-29 13:12:36,668][__main__][INFO] - [6, 22], [16]
[2025-01-29 13:12:36,691][__main__][INFO] - [6, 23], [16]
[2025-01-29 13:12:36,776][__main__][INFO] - [7, 10, 16], []
[2025-01-29 13:12:36,804][__main__][INFO] - [7, 10], [16]
[2025-01-29 13:12:36,834][__main__][INFO] - [7, 10, 17], []
[2025-01-29 13:12:36,856][__main__][INFO] - [7, 10, 18], []
[2025-01-29 13:12:36,891][__main__][INFO] - [7, 10, 19], []
[2025-01-29 13:12:36,914][__main__][INFO] - [7, 10, 20], []
[2025-01-29 13:12:36,937][__main__][INFO] - [7, 10, 21], []
[2025-01-29 13:12:36,974][__main__][INFO] - [7, 10, 23], []
[2025-01-29 13:12:37,041][__main__][INFO] - [7, 11, 16], []
[2025-01-29 13:12:37,063][__main__][INFO] - [7, 11], [16]
[2025-01-29 13:12:37,101][__main__][INFO] - [7, 11, 18], []
[2025-01-29 13:12:37,242][__main__][INFO] - [7, 12, 16], []
[2025-01-29 13:12:37,266][__main__][INFO] - [7, 12], [16]
[2025-01-29 13:12:37,304][__main__][INFO] - [7, 12, 18], []
[2025-01-29 13:12:37,326][__main__][INFO] - [7, 12, 19], []
[2025-01-29 13:12:37,393][__main__][INFO] - [7, 12, 23], []
[2025-01-29 13:12:37,476][__main__][INFO] - [7, 13], [16]
[2025-01-29 13:12:37,513][__main__][INFO] - [7, 13, 18], []
[2025-01-29 13:12:37,832][__main__][INFO] - [7, 15, 16], []
[2025-01-29 13:12:37,855][__main__][INFO] - [7, 15], [16]
[2025-01-29 13:12:37,878][__main__][INFO] - [7, 15, 17], []
[2025-01-29 13:12:37,900][__main__][INFO] - [7, 15, 18], []
[2025-01-29 13:12:37,923][__main__][INFO] - [7, 15, 19], []
[2025-01-29 13:12:38,049][__main__][INFO] - [7, 16, 17], []
[2025-01-29 13:12:38,071][__main__][INFO] - [7, 16, 18], []
[2025-01-29 13:12:38,098][__main__][INFO] - [7, 16, 19], []
[2025-01-29 13:12:38,120][__main__][INFO] - [7, 16, 20], []
[2025-01-29 13:12:38,143][__main__][INFO] - [7, 16, 21], []
[2025-01-29 13:12:38,180][__main__][INFO] - [7, 16, 23], []
[2025-01-29 13:12:38,247][__main__][INFO] - [7, 17], [16]
[2025-01-29 13:12:38,269][__main__][INFO] - [7, 18], [16]
[2025-01-29 13:12:38,300][__main__][INFO] - [7, 19], [16]
[2025-01-29 13:12:38,322][__main__][INFO] - [7, 20], [16]
[2025-01-29 13:12:38,344][__main__][INFO] - [7, 21], [16]
[2025-01-29 13:12:38,381][__main__][INFO] - [7, 23], [16]
[2025-01-29 13:12:38,462][__main__][INFO] - [8, 10, 16], []
[2025-01-29 13:12:38,486][__main__][INFO] - [8, 10], [16]
[2025-01-29 13:12:38,525][__main__][INFO] - [8, 10, 18], []
[2025-01-29 13:12:38,549][__main__][INFO] - [8, 10, 19], []
[2025-01-29 13:12:38,572][__main__][INFO] - [8, 10, 20], []
[2025-01-29 13:12:38,624][__main__][INFO] - [8, 10, 23], []
[2025-01-29 13:12:38,691][__main__][INFO] - [8, 11, 16], []
[2025-01-29 13:12:38,713][__main__][INFO] - [8, 11], [16]
[2025-01-29 13:12:38,750][__main__][INFO] - [8, 11, 18], []
[2025-01-29 13:12:38,890][__main__][INFO] - [8, 12, 16], []
[2025-01-29 13:12:38,913][__main__][INFO] - [8, 12], [16]
[2025-01-29 13:12:38,950][__main__][INFO] - [8, 12, 18], []
[2025-01-29 13:12:39,032][__main__][INFO] - [8, 12, 23], []
[2025-01-29 13:12:39,128][__main__][INFO] - [8, 15, 16], []
[2025-01-29 13:12:39,150][__main__][INFO] - [8, 15], [16]
[2025-01-29 13:12:39,187][__main__][INFO] - [8, 15, 18], []
[2025-01-29 13:12:39,342][__main__][INFO] - [8, 16, 18], []
[2025-01-29 13:12:39,366][__main__][INFO] - [8, 16, 19], []
[2025-01-29 13:12:39,388][__main__][INFO] - [8, 16, 20], []
[2025-01-29 13:12:39,439][__main__][INFO] - [8, 16, 23], []
[2025-01-29 13:12:39,506][__main__][INFO] - [8, 17], [16]
[2025-01-29 13:12:39,528][__main__][INFO] - [8, 18], [16]
[2025-01-29 13:12:39,552][__main__][INFO] - [8, 19], [16]
[2025-01-29 13:12:39,574][__main__][INFO] - [8, 20], [16]
[2025-01-29 13:12:39,626][__main__][INFO] - [8, 23], [16]
[2025-01-29 13:12:39,707][__main__][INFO] - [9, 10, 16], []
[2025-01-29 13:12:39,730][__main__][INFO] - [9, 10], [16]
[2025-01-29 13:12:39,767][__main__][INFO] - [9, 10, 18], []
[2025-01-29 13:12:40,159][__main__][INFO] - [9, 16, 18], []
[2025-01-29 13:12:40,315][__main__][INFO] - [9, 18], [16]
[2025-01-29 13:12:40,470][__main__][INFO] - [10, 16, 17], []
[2025-01-29 13:12:40,516][__main__][INFO] - [10, 16, 18], []
[2025-01-29 13:12:40,801][__main__][INFO] - [10, 16, 19], []
[2025-01-29 13:12:40,836][__main__][INFO] - [10, 16, 20], []
[2025-01-29 13:12:40,873][__main__][INFO] - [10, 16, 21], []
[2025-01-29 13:12:40,897][__main__][INFO] - [10, 16, 22], []
[2025-01-29 13:12:40,920][__main__][INFO] - [10, 16, 23], []
[2025-01-29 13:12:40,961][__main__][INFO] - [10, 16, 24], []
[2025-01-29 13:12:41,014][__main__][INFO] - [10, 17], [16]
[2025-01-29 13:12:41,061][__main__][INFO] - [10, 18], [16]
[2025-01-29 13:12:41,388][__main__][INFO] - [10, 19], [16]
[2025-01-29 13:12:41,424][__main__][INFO] - [10, 20], [16]
[2025-01-29 13:12:41,460][__main__][INFO] - [10, 21], [16]
[2025-01-29 13:12:41,484][__main__][INFO] - [10, 22], [16]
[2025-01-29 13:12:41,507][__main__][INFO] - [10, 23], [16]
[2025-01-29 13:12:41,548][__main__][INFO] - [10, 24], [16]
[2025-01-29 13:12:41,615][__main__][INFO] - [11, 16, 17], []
[2025-01-29 13:12:41,637][__main__][INFO] - [11, 16, 18], []
[2025-01-29 13:12:41,666][__main__][INFO] - [11, 16, 19], []
[2025-01-29 13:12:41,688][__main__][INFO] - [11, 16, 20], []
[2025-01-29 13:12:41,740][__main__][INFO] - [11, 16, 23], []
[2025-01-29 13:12:41,807][__main__][INFO] - [11, 17], [16]
[2025-01-29 13:12:41,829][__main__][INFO] - [11, 18], [16]
[2025-01-29 13:12:41,862][__main__][INFO] - [11, 19], [16]
[2025-01-29 13:12:41,884][__main__][INFO] - [11, 20], [16]
[2025-01-29 13:12:41,936][__main__][INFO] - [11, 23], [16]
[2025-01-29 13:12:42,017][__main__][INFO] - [12, 16, 17], []
[2025-01-29 13:12:42,038][__main__][INFO] - [12, 16, 18], []
[2025-01-29 13:12:42,063][__main__][INFO] - [12, 16, 19], []
[2025-01-29 13:12:42,130][__main__][INFO] - [12, 16, 23], []
[2025-01-29 13:12:42,252][__main__][INFO] - [12, 17], [16]
[2025-01-29 13:12:42,274][__main__][INFO] - [12, 18], [16]
[2025-01-29 13:12:42,301][__main__][INFO] - [12, 19], [16]
[2025-01-29 13:12:42,368][__main__][INFO] - [12, 23], [16]
[2025-01-29 13:12:42,518][__main__][INFO] - [13, 16, 18], []
[2025-01-29 13:12:42,541][__main__][INFO] - [13, 16, 19], []
[2025-01-29 13:12:42,562][__main__][INFO] - [13, 16, 20], []
[2025-01-29 13:12:42,615][__main__][INFO] - [13, 16, 23], []
[2025-01-29 13:12:42,696][__main__][INFO] - [13, 18], [16]
[2025-01-29 13:12:42,719][__main__][INFO] - [13, 19], [16]
[2025-01-29 13:12:42,741][__main__][INFO] - [13, 20], [16]
[2025-01-29 13:12:42,793][__main__][INFO] - [13, 23], [16]
[2025-01-29 13:12:42,889][__main__][INFO] - [14, 16, 18], []
[2025-01-29 13:12:42,911][__main__][INFO] - [14, 16, 19], []
[2025-01-29 13:12:42,963][__main__][INFO] - [14, 16, 22], []
[2025-01-29 13:12:42,985][__main__][INFO] - [14, 16, 23], []
[2025-01-29 13:12:43,066][__main__][INFO] - [14, 18], [16]
[2025-01-29 13:12:43,089][__main__][INFO] - [14, 19], [16]
[2025-01-29 13:12:43,140][__main__][INFO] - [14, 22], [16]
[2025-01-29 13:12:43,162][__main__][INFO] - [14, 23], [16]
[2025-01-29 13:12:43,242][__main__][INFO] - [15, 16, 17], []
[2025-01-29 13:12:43,285][__main__][INFO] - [15, 16, 18], []
[2025-01-29 13:12:43,341][__main__][INFO] - [15, 16, 19], []
[2025-01-29 13:12:43,363][__main__][INFO] - [15, 16, 20], []
[2025-01-29 13:12:43,385][__main__][INFO] - [15, 16, 21], []
[2025-01-29 13:12:43,422][__main__][INFO] - [15, 16, 23], []
[2025-01-29 13:12:43,444][__main__][INFO] - [15, 16, 24], []
[2025-01-29 13:12:43,496][__main__][INFO] - [15, 17], [16]
[2025-01-29 13:12:43,548][__main__][INFO] - [15, 18], [16]
[2025-01-29 13:12:43,614][__main__][INFO] - [15, 19], [16]
[2025-01-29 13:12:43,637][__main__][INFO] - [15, 20], [16]
[2025-01-29 13:12:43,659][__main__][INFO] - [15, 21], [16]
[2025-01-29 13:12:43,695][__main__][INFO] - [15, 23], [16]
[2025-01-29 13:12:43,718][__main__][INFO] - [15, 24], [16]
[2025-01-29 23:42:02,627][__main__][INFO] - In total, there are 1229 possible subgroups
[2025-01-29 23:42:02,656][__main__][INFO] - [0], []
[2025-01-29 23:42:02,836][__main__][INFO] - [1], []
[2025-01-29 23:42:03,066][__main__][INFO] - [2], []
[2025-01-29 23:42:03,283][__main__][INFO] - [3], []
[2025-01-29 23:42:03,457][__main__][INFO] - [4], []
[2025-01-29 23:42:03,671][__main__][INFO] - [5], []
[2025-01-29 23:42:03,855][__main__][INFO] - [6], []
[2025-01-29 23:42:03,937][__main__][INFO] - [7], []
[2025-01-29 23:42:03,975][__main__][INFO] - [8], []
[2025-01-29 23:42:03,997][__main__][INFO] - [9], []
[2025-01-29 23:42:04,015][__main__][INFO] - [10], []
[2025-01-29 23:42:04,867][__main__][INFO] - [11], []
[2025-01-29 23:42:04,909][__main__][INFO] - [12], []
[2025-01-29 23:42:05,062][__main__][INFO] - [13], []
[2025-01-29 23:42:05,086][__main__][INFO] - [14], []
[2025-01-29 23:42:05,109][__main__][INFO] - [15], []
[2025-01-29 23:42:05,292][__main__][INFO] - [16], []
[2025-01-29 23:42:05,870][__main__][INFO] - [], [16]
[2025-01-29 23:42:06,517][__main__][INFO] - [17], []
[2025-01-29 23:42:06,651][__main__][INFO] - [18], []
[2025-01-29 23:42:07,397][__main__][INFO] - [19], []
[2025-01-29 23:42:07,453][__main__][INFO] - [20], []
[2025-01-29 23:42:07,510][__main__][INFO] - [21], []
[2025-01-29 23:42:07,533][__main__][INFO] - [22], []
[2025-01-29 23:42:07,554][__main__][INFO] - [23], []
[2025-01-29 23:42:07,739][__main__][INFO] - [24], []
[2025-01-29 23:42:07,758][__main__][INFO] - [25], []
[2025-01-29 23:42:07,805][__main__][INFO] - [0, 10], []
[2025-01-29 23:42:07,961][__main__][INFO] - [0, 11], []
[2025-01-29 23:42:07,983][__main__][INFO] - [0, 12], []
[2025-01-29 23:42:08,008][__main__][INFO] - [0, 13], []
[2025-01-29 23:42:08,032][__main__][INFO] - [0, 14], []
[2025-01-29 23:42:08,052][__main__][INFO] - [0, 15], []
[2025-01-29 23:42:08,080][__main__][INFO] - [0, 16], []
[2025-01-29 23:42:08,172][__main__][INFO] - [0], [16]
[2025-01-29 23:42:08,268][__main__][INFO] - [0, 17], []
[2025-01-29 23:42:08,308][__main__][INFO] - [0, 18], []
[2025-01-29 23:42:08,420][__main__][INFO] - [0, 19], []
[2025-01-29 23:42:08,448][__main__][INFO] - [0, 20], []
[2025-01-29 23:42:08,474][__main__][INFO] - [0, 21], []
[2025-01-29 23:42:08,494][__main__][INFO] - [0, 22], []
[2025-01-29 23:42:08,514][__main__][INFO] - [0, 23], []
[2025-01-29 23:42:08,549][__main__][INFO] - [0, 24], []
[2025-01-29 23:42:08,598][__main__][INFO] - [1, 10], []
[2025-01-29 23:42:08,781][__main__][INFO] - [1, 11], []
[2025-01-29 23:42:08,804][__main__][INFO] - [1, 12], []
[2025-01-29 23:42:08,840][__main__][INFO] - [1, 13], []
[2025-01-29 23:42:08,861][__main__][INFO] - [1, 14], []
[2025-01-29 23:42:08,881][__main__][INFO] - [1, 15], []
[2025-01-29 23:42:08,919][__main__][INFO] - [1, 16], []
[2025-01-29 23:42:09,031][__main__][INFO] - [1], [16]
[2025-01-29 23:42:09,153][__main__][INFO] - [1, 17], []
[2025-01-29 23:42:09,196][__main__][INFO] - [1, 18], []
[2025-01-29 23:42:09,331][__main__][INFO] - [1, 19], []
[2025-01-29 23:42:09,360][__main__][INFO] - [1, 20], []
[2025-01-29 23:42:09,387][__main__][INFO] - [1, 21], []
[2025-01-29 23:42:09,407][__main__][INFO] - [1, 22], []
[2025-01-29 23:42:09,428][__main__][INFO] - [1, 23], []
[2025-01-29 23:42:09,474][__main__][INFO] - [1, 24], []
[2025-01-29 23:42:09,523][__main__][INFO] - [2, 10], []
[2025-01-29 23:42:09,667][__main__][INFO] - [2, 11], []
[2025-01-29 23:42:09,691][__main__][INFO] - [2, 12], []
[2025-01-29 23:42:09,735][__main__][INFO] - [2, 13], []
[2025-01-29 23:42:09,756][__main__][INFO] - [2, 14], []
[2025-01-29 23:42:09,776][__main__][INFO] - [2, 15], []
[2025-01-29 23:42:09,824][__main__][INFO] - [2, 16], []
[2025-01-29 23:42:09,927][__main__][INFO] - [2], [16]
[2025-01-29 23:42:10,046][__main__][INFO] - [2, 17], []
[2025-01-29 23:42:10,086][__main__][INFO] - [2, 18], []
[2025-01-29 23:42:10,215][__main__][INFO] - [2, 19], []
[2025-01-29 23:42:10,241][__main__][INFO] - [2, 20], []
[2025-01-29 23:42:10,266][__main__][INFO] - [2, 21], []
[2025-01-29 23:42:10,287][__main__][INFO] - [2, 22], []
[2025-01-29 23:42:10,308][__main__][INFO] - [2, 23], []
[2025-01-29 23:42:10,357][__main__][INFO] - [2, 24], []
[2025-01-29 23:42:10,406][__main__][INFO] - [3, 10], []
[2025-01-29 23:42:10,507][__main__][INFO] - [3, 11], []
[2025-01-29 23:42:10,531][__main__][INFO] - [3, 12], []
[2025-01-29 23:42:10,574][__main__][INFO] - [3, 13], []
[2025-01-29 23:42:10,595][__main__][INFO] - [3, 14], []
[2025-01-29 23:42:10,616][__main__][INFO] - [3, 15], []
[2025-01-29 23:42:10,665][__main__][INFO] - [3, 16], []
[2025-01-29 23:42:10,751][__main__][INFO] - [3], [16]
[2025-01-29 23:42:10,847][__main__][INFO] - [3, 17], []
[2025-01-29 23:42:10,882][__main__][INFO] - [3, 18], []
[2025-01-29 23:42:10,986][__main__][INFO] - [3, 19], []
[2025-01-29 23:42:11,010][__main__][INFO] - [3, 20], []
[2025-01-29 23:42:11,035][__main__][INFO] - [3, 21], []
[2025-01-29 23:42:11,056][__main__][INFO] - [3, 22], []
[2025-01-29 23:42:11,076][__main__][INFO] - [3, 23], []
[2025-01-29 23:42:11,120][__main__][INFO] - [3, 24], []
[2025-01-29 23:42:11,170][__main__][INFO] - [4, 10], []
[2025-01-29 23:42:11,297][__main__][INFO] - [4, 11], []
[2025-01-29 23:42:11,322][__main__][INFO] - [4, 12], []
[2025-01-29 23:42:11,369][__main__][INFO] - [4, 13], []
[2025-01-29 23:42:11,390][__main__][INFO] - [4, 14], []
[2025-01-29 23:42:11,411][__main__][INFO] - [4, 15], []
[2025-01-29 23:42:11,467][__main__][INFO] - [4, 16], []
[2025-01-29 23:42:11,572][__main__][INFO] - [4], [16]
[2025-01-29 23:42:11,689][__main__][INFO] - [4, 17], []
[2025-01-29 23:42:11,726][__main__][INFO] - [4, 18], []
[2025-01-29 23:42:11,861][__main__][INFO] - [4, 19], []
[2025-01-29 23:42:11,886][__main__][INFO] - [4, 20], []
[2025-01-29 23:42:11,912][__main__][INFO] - [4, 21], []
[2025-01-29 23:42:11,932][__main__][INFO] - [4, 22], []
[2025-01-29 23:42:11,953][__main__][INFO] - [4, 23], []
[2025-01-29 23:42:12,001][__main__][INFO] - [4, 24], []
[2025-01-29 23:42:12,050][__main__][INFO] - [5, 10], []
[2025-01-29 23:42:12,171][__main__][INFO] - [5, 11], []
[2025-01-29 23:42:12,195][__main__][INFO] - [5, 12], []
[2025-01-29 23:42:12,238][__main__][INFO] - [5, 13], []
[2025-01-29 23:42:12,259][__main__][INFO] - [5, 14], []
[2025-01-29 23:42:12,279][__main__][INFO] - [5, 15], []
[2025-01-29 23:42:12,322][__main__][INFO] - [5, 16], []
[2025-01-29 23:42:12,416][__main__][INFO] - [5], [16]
[2025-01-29 23:42:12,517][__main__][INFO] - [5, 17], []
[2025-01-29 23:42:12,548][__main__][INFO] - [5, 18], []
[2025-01-29 23:42:12,674][__main__][INFO] - [5, 19], []
[2025-01-29 23:42:12,697][__main__][INFO] - [5, 20], []
[2025-01-29 23:42:12,723][__main__][INFO] - [5, 21], []
[2025-01-29 23:42:12,743][__main__][INFO] - [5, 22], []
[2025-01-29 23:42:12,764][__main__][INFO] - [5, 23], []
[2025-01-29 23:42:12,806][__main__][INFO] - [5, 24], []
[2025-01-29 23:42:12,855][__main__][INFO] - [6, 10], []
[2025-01-29 23:42:12,918][__main__][INFO] - [6, 11], []
[2025-01-29 23:42:12,939][__main__][INFO] - [6, 12], []
[2025-01-29 23:42:12,967][__main__][INFO] - [6, 13], []
[2025-01-29 23:42:12,987][__main__][INFO] - [6, 14], []
[2025-01-29 23:42:13,008][__main__][INFO] - [6, 15], []
[2025-01-29 23:42:13,034][__main__][INFO] - [6, 16], []
[2025-01-29 23:42:13,081][__main__][INFO] - [6], [16]
[2025-01-29 23:42:13,133][__main__][INFO] - [6, 17], []
[2025-01-29 23:42:13,156][__main__][INFO] - [6, 18], []
[2025-01-29 23:42:13,218][__main__][INFO] - [6, 19], []
[2025-01-29 23:42:13,240][__main__][INFO] - [6, 20], []
[2025-01-29 23:42:13,262][__main__][INFO] - [6, 21], []
[2025-01-29 23:42:13,282][__main__][INFO] - [6, 22], []
[2025-01-29 23:42:13,302][__main__][INFO] - [6, 23], []
[2025-01-29 23:42:13,330][__main__][INFO] - [6, 24], []
[2025-01-29 23:42:13,379][__main__][INFO] - [7, 10], []
[2025-01-29 23:42:13,413][__main__][INFO] - [7, 11], []
[2025-01-29 23:42:13,433][__main__][INFO] - [7, 12], []
[2025-01-29 23:42:13,455][__main__][INFO] - [7, 13], []
[2025-01-29 23:42:13,478][__main__][INFO] - [7, 14], []
[2025-01-29 23:42:13,498][__main__][INFO] - [7, 15], []
[2025-01-29 23:42:13,519][__main__][INFO] - [7, 16], []
[2025-01-29 23:42:13,547][__main__][INFO] - [7], [16]
[2025-01-29 23:42:13,578][__main__][INFO] - [7, 17], []
[2025-01-29 23:42:13,598][__main__][INFO] - [7, 18], []
[2025-01-29 23:42:13,632][__main__][INFO] - [7, 19], []
[2025-01-29 23:42:13,653][__main__][INFO] - [7, 20], []
[2025-01-29 23:42:13,673][__main__][INFO] - [7, 21], []
[2025-01-29 23:42:13,708][__main__][INFO] - [7, 23], []
[2025-01-29 23:42:13,774][__main__][INFO] - [8, 10], []
[2025-01-29 23:42:13,796][__main__][INFO] - [8, 11], []
[2025-01-29 23:42:13,816][__main__][INFO] - [8, 12], []
[2025-01-29 23:42:13,865][__main__][INFO] - [8, 15], []
[2025-01-29 23:42:13,885][__main__][INFO] - [8, 16], []
[2025-01-29 23:42:13,907][__main__][INFO] - [8], [16]
[2025-01-29 23:42:13,929][__main__][INFO] - [8, 17], []
[2025-01-29 23:42:13,949][__main__][INFO] - [8, 18], []
[2025-01-29 23:42:13,972][__main__][INFO] - [8, 19], []
[2025-01-29 23:42:13,992][__main__][INFO] - [8, 20], []
[2025-01-29 23:42:14,041][__main__][INFO] - [8, 23], []
[2025-01-29 23:42:14,105][__main__][INFO] - [9, 10], []
[2025-01-29 23:42:14,140][__main__][INFO] - [9, 12], []
[2025-01-29 23:42:14,204][__main__][INFO] - [9, 16], []
[2025-01-29 23:42:14,225][__main__][INFO] - [9], [16]
[2025-01-29 23:42:14,260][__main__][INFO] - [9, 18], []
[2025-01-29 23:42:14,339][__main__][INFO] - [9, 23], []
[2025-01-29 23:42:14,404][__main__][INFO] - [10, 16], []
[2025-01-29 23:42:14,800][__main__][INFO] - [10], [16]
[2025-01-29 23:42:15,229][__main__][INFO] - [10, 17], []
[2025-01-29 23:42:15,302][__main__][INFO] - [10, 18], []
[2025-01-29 23:42:15,906][__main__][INFO] - [10, 19], []
[2025-01-29 23:42:15,955][__main__][INFO] - [10, 20], []
[2025-01-29 23:42:16,007][__main__][INFO] - [10, 21], []
[2025-01-29 23:42:16,031][__main__][INFO] - [10, 22], []
[2025-01-29 23:42:16,052][__main__][INFO] - [10, 23], []
[2025-01-29 23:42:16,112][__main__][INFO] - [10, 24], []
[2025-01-29 23:42:16,133][__main__][INFO] - [10, 25], []
[2025-01-29 23:42:16,168][__main__][INFO] - [11, 16], []
[2025-01-29 23:42:16,198][__main__][INFO] - [11], [16]
[2025-01-29 23:42:16,229][__main__][INFO] - [11, 17], []
[2025-01-29 23:42:16,250][__main__][INFO] - [11, 18], []
[2025-01-29 23:42:16,289][__main__][INFO] - [11, 19], []
[2025-01-29 23:42:16,309][__main__][INFO] - [11, 20], []
[2025-01-29 23:42:16,359][__main__][INFO] - [11, 23], []
[2025-01-29 23:42:16,424][__main__][INFO] - [12, 16], []
[2025-01-29 23:42:16,505][__main__][INFO] - [12], [16]
[2025-01-29 23:42:16,588][__main__][INFO] - [12, 17], []
[2025-01-29 23:42:16,609][__main__][INFO] - [12, 18], []
[2025-01-29 23:42:16,638][__main__][INFO] - [12, 19], []
[2025-01-29 23:42:16,660][__main__][INFO] - [12, 20], []
[2025-01-29 23:42:16,713][__main__][INFO] - [12, 23], []
[2025-01-29 23:42:16,893][__main__][INFO] - [13, 16], []
[2025-01-29 23:42:16,915][__main__][INFO] - [13], [16]
[2025-01-29 23:42:16,938][__main__][INFO] - [13, 17], []
[2025-01-29 23:42:16,958][__main__][INFO] - [13, 18], []
[2025-01-29 23:42:16,980][__main__][INFO] - [13, 19], []
[2025-01-29 23:42:17,000][__main__][INFO] - [13, 20], []
[2025-01-29 23:42:17,051][__main__][INFO] - [13, 23], []
[2025-01-29 23:42:17,116][__main__][INFO] - [14, 16], []
[2025-01-29 23:42:17,137][__main__][INFO] - [14], [16]
[2025-01-29 23:42:17,174][__main__][INFO] - [14, 18], []
[2025-01-29 23:42:17,194][__main__][INFO] - [14, 19], []
[2025-01-29 23:42:17,244][__main__][INFO] - [14, 22], []
[2025-01-29 23:42:17,265][__main__][INFO] - [14, 23], []
[2025-01-29 23:42:17,329][__main__][INFO] - [15, 16], []
[2025-01-29 23:42:17,413][__main__][INFO] - [15], [16]
[2025-01-29 23:42:17,521][__main__][INFO] - [15, 17], []
[2025-01-29 23:42:17,600][__main__][INFO] - [15, 18], []
[2025-01-29 23:42:17,704][__main__][INFO] - [15, 19], []
[2025-01-29 23:42:17,727][__main__][INFO] - [15, 20], []
[2025-01-29 23:42:17,748][__main__][INFO] - [15, 21], []
[2025-01-29 23:42:17,770][__main__][INFO] - [15, 22], []
[2025-01-29 23:42:17,790][__main__][INFO] - [15, 23], []
[2025-01-29 23:42:17,811][__main__][INFO] - [15, 24], []
[2025-01-29 23:42:17,862][__main__][INFO] - [16, 17], []
[2025-01-29 23:42:17,927][__main__][INFO] - [16, 18], []
[2025-01-29 23:42:18,257][__main__][INFO] - [16, 19], []
[2025-01-29 23:42:18,295][__main__][INFO] - [16, 20], []
[2025-01-29 23:42:18,332][__main__][INFO] - [16, 21], []
[2025-01-29 23:42:18,355][__main__][INFO] - [16, 22], []
[2025-01-29 23:42:18,376][__main__][INFO] - [16, 23], []
[2025-01-29 23:42:18,473][__main__][INFO] - [16, 24], []
[2025-01-29 23:42:18,523][__main__][INFO] - [17], [16]
[2025-01-29 23:42:18,601][__main__][INFO] - [18], [16]
[2025-01-29 23:42:18,980][__main__][INFO] - [19], [16]
[2025-01-29 23:42:19,018][__main__][INFO] - [20], [16]
[2025-01-29 23:42:19,055][__main__][INFO] - [21], [16]
[2025-01-29 23:42:19,077][__main__][INFO] - [22], [16]
[2025-01-29 23:42:19,097][__main__][INFO] - [23], [16]
[2025-01-29 23:42:19,192][__main__][INFO] - [24], [16]
[2025-01-29 23:42:19,272][__main__][INFO] - [0, 10, 16], []
[2025-01-29 23:42:19,357][__main__][INFO] - [0, 10], [16]
[2025-01-29 23:42:19,443][__main__][INFO] - [0, 10, 17], []
[2025-01-29 23:42:19,481][__main__][INFO] - [0, 10, 18], []
[2025-01-29 23:42:19,583][__main__][INFO] - [0, 10, 19], []
[2025-01-29 23:42:19,613][__main__][INFO] - [0, 10, 20], []
[2025-01-29 23:42:19,641][__main__][INFO] - [0, 10, 21], []
[2025-01-29 23:42:19,664][__main__][INFO] - [0, 10, 22], []
[2025-01-29 23:42:19,686][__main__][INFO] - [0, 10, 23], []
[2025-01-29 23:42:19,719][__main__][INFO] - [0, 10, 24], []
[2025-01-29 23:42:19,771][__main__][INFO] - [0, 11, 16], []
[2025-01-29 23:42:19,795][__main__][INFO] - [0, 11], [16]
[2025-01-29 23:42:19,833][__main__][INFO] - [0, 11, 18], []
[2025-01-29 23:42:19,857][__main__][INFO] - [0, 11, 19], []
[2025-01-29 23:42:19,924][__main__][INFO] - [0, 11, 23], []
[2025-01-29 23:42:19,991][__main__][INFO] - [0, 12, 16], []
[2025-01-29 23:42:20,016][__main__][INFO] - [0, 12], [16]
[2025-01-29 23:42:20,057][__main__][INFO] - [0, 12, 18], []
[2025-01-29 23:42:20,080][__main__][INFO] - [0, 12, 19], []
[2025-01-29 23:42:20,147][__main__][INFO] - [0, 12, 23], []
[2025-01-29 23:42:20,220][__main__][INFO] - [0, 13, 16], []
[2025-01-29 23:42:20,242][__main__][INFO] - [0, 13], [16]
[2025-01-29 23:42:20,280][__main__][INFO] - [0, 13, 18], []
[2025-01-29 23:42:20,317][__main__][INFO] - [0, 13, 20], []
[2025-01-29 23:42:20,430][__main__][INFO] - [0, 14, 16], []
[2025-01-29 23:42:20,451][__main__][INFO] - [0, 14], [16]
[2025-01-29 23:42:20,492][__main__][INFO] - [0, 14, 18], []
[2025-01-29 23:42:20,566][__main__][INFO] - [0, 14, 22], []
[2025-01-29 23:42:20,650][__main__][INFO] - [0, 15, 16], []
[2025-01-29 23:42:20,676][__main__][INFO] - [0, 15], [16]
[2025-01-29 23:42:20,703][__main__][INFO] - [0, 15, 17], []
[2025-01-29 23:42:20,728][__main__][INFO] - [0, 15, 18], []
[2025-01-29 23:42:20,754][__main__][INFO] - [0, 15, 19], []
[2025-01-29 23:42:20,776][__main__][INFO] - [0, 15, 20], []
[2025-01-29 23:42:20,799][__main__][INFO] - [0, 15, 21], []
[2025-01-29 23:42:20,836][__main__][INFO] - [0, 15, 23], []
[2025-01-29 23:42:20,904][__main__][INFO] - [0, 16, 17], []
[2025-01-29 23:42:20,934][__main__][INFO] - [0, 16, 18], []
[2025-01-29 23:42:20,997][__main__][INFO] - [0, 16, 19], []
[2025-01-29 23:42:21,023][__main__][INFO] - [0, 16, 20], []
[2025-01-29 23:42:21,048][__main__][INFO] - [0, 16, 21], []
[2025-01-29 23:42:21,070][__main__][INFO] - [0, 16, 22], []
[2025-01-29 23:42:21,092][__main__][INFO] - [0, 16, 23], []
[2025-01-29 23:42:21,121][__main__][INFO] - [0, 16, 24], []
[2025-01-29 23:42:21,173][__main__][INFO] - [0, 17], [16]
[2025-01-29 23:42:21,204][__main__][INFO] - [0, 18], [16]
[2025-01-29 23:42:21,269][__main__][INFO] - [0, 19], [16]
[2025-01-29 23:42:21,295][__main__][INFO] - [0, 20], [16]
[2025-01-29 23:42:21,320][__main__][INFO] - [0, 21], [16]
[2025-01-29 23:42:21,342][__main__][INFO] - [0, 22], [16]
[2025-01-29 23:42:21,365][__main__][INFO] - [0, 23], [16]
[2025-01-29 23:42:21,394][__main__][INFO] - [0, 24], [16]
[2025-01-29 23:42:21,461][__main__][INFO] - [1, 10, 16], []
[2025-01-29 23:42:21,555][__main__][INFO] - [1, 10], [16]
[2025-01-29 23:42:21,655][__main__][INFO] - [1, 10, 17], []
[2025-01-29 23:42:21,694][__main__][INFO] - [1, 10, 18], []
[2025-01-29 23:42:21,816][__main__][INFO] - [1, 10, 19], []
[2025-01-29 23:42:21,846][__main__][INFO] - [1, 10, 20], []
[2025-01-29 23:42:21,875][__main__][INFO] - [1, 10, 21], []
[2025-01-29 23:42:21,898][__main__][INFO] - [1, 10, 22], []
[2025-01-29 23:42:21,921][__main__][INFO] - [1, 10, 23], []
[2025-01-29 23:42:21,956][__main__][INFO] - [1, 10, 24], []
[2025-01-29 23:42:22,008][__main__][INFO] - [1, 11, 16], []
[2025-01-29 23:42:22,032][__main__][INFO] - [1, 11], [16]
[2025-01-29 23:42:22,072][__main__][INFO] - [1, 11, 18], []
[2025-01-29 23:42:22,097][__main__][INFO] - [1, 11, 19], []
[2025-01-29 23:42:22,120][__main__][INFO] - [1, 11, 20], []
[2025-01-29 23:42:22,173][__main__][INFO] - [1, 11, 23], []
[2025-01-29 23:42:22,241][__main__][INFO] - [1, 12, 16], []
[2025-01-29 23:42:22,270][__main__][INFO] - [1, 12], [16]
[2025-01-29 23:42:22,316][__main__][INFO] - [1, 12, 18], []
[2025-01-29 23:42:22,340][__main__][INFO] - [1, 12, 19], []
[2025-01-29 23:42:22,408][__main__][INFO] - [1, 12, 23], []
[2025-01-29 23:42:22,488][__main__][INFO] - [1, 13, 16], []
[2025-01-29 23:42:22,511][__main__][INFO] - [1, 13], [16]
[2025-01-29 23:42:22,549][__main__][INFO] - [1, 13, 18], []
[2025-01-29 23:42:22,587][__main__][INFO] - [1, 13, 20], []
[2025-01-29 23:42:22,700][__main__][INFO] - [1, 14, 16], []
[2025-01-29 23:42:22,723][__main__][INFO] - [1, 14], [16]
[2025-01-29 23:42:22,760][__main__][INFO] - [1, 14, 18], []
[2025-01-29 23:42:22,828][__main__][INFO] - [1, 14, 22], []
[2025-01-29 23:42:22,850][__main__][INFO] - [1, 14, 23], []
[2025-01-29 23:42:22,918][__main__][INFO] - [1, 15, 16], []
[2025-01-29 23:42:22,947][__main__][INFO] - [1, 15], [16]
[2025-01-29 23:42:22,979][__main__][INFO] - [1, 15, 17], []
[2025-01-29 23:42:23,007][__main__][INFO] - [1, 15, 18], []
[2025-01-29 23:42:23,039][__main__][INFO] - [1, 15, 19], []
[2025-01-29 23:42:23,061][__main__][INFO] - [1, 15, 20], []
[2025-01-29 23:42:23,084][__main__][INFO] - [1, 15, 21], []
[2025-01-29 23:42:23,122][__main__][INFO] - [1, 15, 23], []
[2025-01-29 23:42:23,145][__main__][INFO] - [1, 15, 24], []
[2025-01-29 23:42:23,197][__main__][INFO] - [1, 16, 17], []
[2025-01-29 23:42:23,229][__main__][INFO] - [1, 16, 18], []
[2025-01-29 23:42:23,301][__main__][INFO] - [1, 16, 19], []
[2025-01-29 23:42:23,327][__main__][INFO] - [1, 16, 20], []
[2025-01-29 23:42:23,353][__main__][INFO] - [1, 16, 21], []
[2025-01-29 23:42:23,375][__main__][INFO] - [1, 16, 22], []
[2025-01-29 23:42:23,398][__main__][INFO] - [1, 16, 23], []
[2025-01-29 23:42:23,433][__main__][INFO] - [1, 16, 24], []
[2025-01-29 23:42:23,485][__main__][INFO] - [1, 17], [16]
[2025-01-29 23:42:23,520][__main__][INFO] - [1, 18], [16]
[2025-01-29 23:42:23,600][__main__][INFO] - [1, 19], [16]
[2025-01-29 23:42:23,626][__main__][INFO] - [1, 20], [16]
[2025-01-29 23:42:23,651][__main__][INFO] - [1, 21], [16]
[2025-01-29 23:42:23,674][__main__][INFO] - [1, 22], [16]
[2025-01-29 23:42:23,697][__main__][INFO] - [1, 23], [16]
[2025-01-29 23:42:23,731][__main__][INFO] - [1, 24], [16]
[2025-01-29 23:42:23,798][__main__][INFO] - [2, 10, 16], []
[2025-01-29 23:42:23,876][__main__][INFO] - [2, 10], [16]
[2025-01-29 23:42:23,961][__main__][INFO] - [2, 10, 17], []
[2025-01-29 23:42:23,993][__main__][INFO] - [2, 10, 18], []
[2025-01-29 23:42:24,099][__main__][INFO] - [2, 10, 19], []
[2025-01-29 23:42:24,126][__main__][INFO] - [2, 10, 20], []
[2025-01-29 23:42:24,154][__main__][INFO] - [2, 10, 21], []
[2025-01-29 23:42:24,177][__main__][INFO] - [2, 10, 22], []
[2025-01-29 23:42:24,200][__main__][INFO] - [2, 10, 23], []
[2025-01-29 23:42:24,231][__main__][INFO] - [2, 10, 24], []
[2025-01-29 23:42:24,284][__main__][INFO] - [2, 11, 16], []
[2025-01-29 23:42:24,308][__main__][INFO] - [2, 11], [16]
[2025-01-29 23:42:24,348][__main__][INFO] - [2, 11, 18], []
[2025-01-29 23:42:24,374][__main__][INFO] - [2, 11, 19], []
[2025-01-29 23:42:24,443][__main__][INFO] - [2, 11, 23], []
[2025-01-29 23:42:24,511][__main__][INFO] - [2, 12, 16], []
[2025-01-29 23:42:24,543][__main__][INFO] - [2, 12], [16]
[2025-01-29 23:42:24,592][__main__][INFO] - [2, 12, 18], []
[2025-01-29 23:42:24,616][__main__][INFO] - [2, 12, 19], []
[2025-01-29 23:42:24,684][__main__][INFO] - [2, 12, 23], []
[2025-01-29 23:42:24,771][__main__][INFO] - [2, 13, 16], []
[2025-01-29 23:42:24,794][__main__][INFO] - [2, 13], [16]
[2025-01-29 23:42:24,832][__main__][INFO] - [2, 13, 18], []
[2025-01-29 23:42:24,870][__main__][INFO] - [2, 13, 20], []
[2025-01-29 23:42:24,924][__main__][INFO] - [2, 13, 23], []
[2025-01-29 23:42:24,992][__main__][INFO] - [2, 14, 16], []
[2025-01-29 23:42:25,015][__main__][INFO] - [2, 14], [16]
[2025-01-29 23:42:25,053][__main__][INFO] - [2, 14, 18], []
[2025-01-29 23:42:25,120][__main__][INFO] - [2, 14, 22], []
[2025-01-29 23:42:25,143][__main__][INFO] - [2, 14, 23], []
[2025-01-29 23:42:25,211][__main__][INFO] - [2, 15, 16], []
[2025-01-29 23:42:25,244][__main__][INFO] - [2, 15], [16]
[2025-01-29 23:42:25,282][__main__][INFO] - [2, 15, 17], []
[2025-01-29 23:42:25,314][__main__][INFO] - [2, 15, 18], []
[2025-01-29 23:42:25,351][__main__][INFO] - [2, 15, 19], []
[2025-01-29 23:42:25,374][__main__][INFO] - [2, 15, 20], []
[2025-01-29 23:42:25,397][__main__][INFO] - [2, 15, 21], []
[2025-01-29 23:42:25,435][__main__][INFO] - [2, 15, 23], []
[2025-01-29 23:42:25,457][__main__][INFO] - [2, 15, 24], []
[2025-01-29 23:42:25,510][__main__][INFO] - [2, 16, 17], []
[2025-01-29 23:42:25,540][__main__][INFO] - [2, 16, 18], []
[2025-01-29 23:42:25,608][__main__][INFO] - [2, 16, 19], []
[2025-01-29 23:42:25,633][__main__][INFO] - [2, 16, 20], []
[2025-01-29 23:42:25,658][__main__][INFO] - [2, 16, 21], []
[2025-01-29 23:42:25,680][__main__][INFO] - [2, 16, 22], []
[2025-01-29 23:42:25,703][__main__][INFO] - [2, 16, 23], []
[2025-01-29 23:42:25,739][__main__][INFO] - [2, 16, 24], []
[2025-01-29 23:42:25,792][__main__][INFO] - [2, 17], [16]
[2025-01-29 23:42:25,825][__main__][INFO] - [2, 18], [16]
[2025-01-29 23:42:25,904][__main__][INFO] - [2, 19], [16]
[2025-01-29 23:42:25,929][__main__][INFO] - [2, 20], [16]
[2025-01-29 23:42:25,954][__main__][INFO] - [2, 21], [16]
[2025-01-29 23:42:25,977][__main__][INFO] - [2, 22], [16]
[2025-01-29 23:42:25,999][__main__][INFO] - [2, 23], [16]
[2025-01-29 23:42:26,036][__main__][INFO] - [2, 24], [16]
[2025-01-29 23:42:26,103][__main__][INFO] - [3, 10, 16], []
[2025-01-29 23:42:26,162][__main__][INFO] - [3, 10], [16]
[2025-01-29 23:42:26,225][__main__][INFO] - [3, 10, 17], []
[2025-01-29 23:42:26,252][__main__][INFO] - [3, 10, 18], []
[2025-01-29 23:42:26,334][__main__][INFO] - [3, 10, 19], []
[2025-01-29 23:42:26,359][__main__][INFO] - [3, 10, 20], []
[2025-01-29 23:42:26,386][__main__][INFO] - [3, 10, 21], []
[2025-01-29 23:42:26,409][__main__][INFO] - [3, 10, 22], []
[2025-01-29 23:42:26,432][__main__][INFO] - [3, 10, 23], []
[2025-01-29 23:42:26,458][__main__][INFO] - [3, 10, 24], []
[2025-01-29 23:42:26,511][__main__][INFO] - [3, 11, 16], []
[2025-01-29 23:42:26,536][__main__][INFO] - [3, 11], [16]
[2025-01-29 23:42:26,575][__main__][INFO] - [3, 11, 18], []
[2025-01-29 23:42:26,601][__main__][INFO] - [3, 11, 19], []
[2025-01-29 23:42:26,669][__main__][INFO] - [3, 11, 23], []
[2025-01-29 23:42:26,737][__main__][INFO] - [3, 12, 16], []
[2025-01-29 23:42:26,770][__main__][INFO] - [3, 12], [16]
[2025-01-29 23:42:26,818][__main__][INFO] - [3, 12, 18], []
[2025-01-29 23:42:26,842][__main__][INFO] - [3, 12, 19], []
[2025-01-29 23:42:26,910][__main__][INFO] - [3, 12, 23], []
[2025-01-29 23:42:26,997][__main__][INFO] - [3, 13, 16], []
[2025-01-29 23:42:27,021][__main__][INFO] - [3, 13], [16]
[2025-01-29 23:42:27,059][__main__][INFO] - [3, 13, 18], []
[2025-01-29 23:42:27,097][__main__][INFO] - [3, 13, 20], []
[2025-01-29 23:42:27,150][__main__][INFO] - [3, 13, 23], []
[2025-01-29 23:42:27,219][__main__][INFO] - [3, 14, 16], []
[2025-01-29 23:42:27,241][__main__][INFO] - [3, 14], [16]
[2025-01-29 23:42:27,279][__main__][INFO] - [3, 14, 18], []
[2025-01-29 23:42:27,302][__main__][INFO] - [3, 14, 19], []
[2025-01-29 23:42:27,355][__main__][INFO] - [3, 14, 22], []
[2025-01-29 23:42:27,378][__main__][INFO] - [3, 14, 23], []
[2025-01-29 23:42:27,446][__main__][INFO] - [3, 15, 16], []
[2025-01-29 23:42:27,480][__main__][INFO] - [3, 15], [16]
[2025-01-29 23:42:27,518][__main__][INFO] - [3, 15, 17], []
[2025-01-29 23:42:27,550][__main__][INFO] - [3, 15, 18], []
[2025-01-29 23:42:27,587][__main__][INFO] - [3, 15, 19], []
[2025-01-29 23:42:27,610][__main__][INFO] - [3, 15, 20], []
[2025-01-29 23:42:27,633][__main__][INFO] - [3, 15, 21], []
[2025-01-29 23:42:27,671][__main__][INFO] - [3, 15, 23], []
[2025-01-29 23:42:27,694][__main__][INFO] - [3, 15, 24], []
[2025-01-29 23:42:27,747][__main__][INFO] - [3, 16, 17], []
[2025-01-29 23:42:27,775][__main__][INFO] - [3, 16, 18], []
[2025-01-29 23:42:27,833][__main__][INFO] - [3, 16, 19], []
[2025-01-29 23:42:27,857][__main__][INFO] - [3, 16, 20], []
[2025-01-29 23:42:27,882][__main__][INFO] - [3, 16, 21], []
[2025-01-29 23:42:27,905][__main__][INFO] - [3, 16, 22], []
[2025-01-29 23:42:27,927][__main__][INFO] - [3, 16, 23], []
[2025-01-29 23:42:27,962][__main__][INFO] - [3, 16, 24], []
[2025-01-29 23:42:28,014][__main__][INFO] - [3, 17], [16]
[2025-01-29 23:42:28,044][__main__][INFO] - [3, 18], [16]
[2025-01-29 23:42:28,109][__main__][INFO] - [3, 19], [16]
[2025-01-29 23:42:28,133][__main__][INFO] - [3, 20], [16]
[2025-01-29 23:42:28,158][__main__][INFO] - [3, 21], [16]
[2025-01-29 23:42:28,180][__main__][INFO] - [3, 22], [16]
[2025-01-29 23:42:28,203][__main__][INFO] - [3, 23], [16]
[2025-01-29 23:42:28,237][__main__][INFO] - [3, 24], [16]
[2025-01-29 23:42:28,304][__main__][INFO] - [4, 10, 16], []
[2025-01-29 23:42:28,374][__main__][INFO] - [4, 10], [16]
[2025-01-29 23:42:28,451][__main__][INFO] - [4, 10, 17], []
[2025-01-29 23:42:28,477][__main__][INFO] - [4, 10, 18], []
[2025-01-29 23:42:28,582][__main__][INFO] - [4, 10, 19], []
[2025-01-29 23:42:28,608][__main__][INFO] - [4, 10, 20], []
[2025-01-29 23:42:28,635][__main__][INFO] - [4, 10, 21], []
[2025-01-29 23:42:28,659][__main__][INFO] - [4, 10, 22], []
[2025-01-29 23:42:28,682][__main__][INFO] - [4, 10, 23], []
[2025-01-29 23:42:28,707][__main__][INFO] - [4, 10, 24], []
[2025-01-29 23:42:28,760][__main__][INFO] - [4, 11, 16], []
[2025-01-29 23:42:28,784][__main__][INFO] - [4, 11], [16]
[2025-01-29 23:42:28,824][__main__][INFO] - [4, 11, 18], []
[2025-01-29 23:42:28,850][__main__][INFO] - [4, 11, 19], []
[2025-01-29 23:42:28,873][__main__][INFO] - [4, 11, 20], []
[2025-01-29 23:42:28,926][__main__][INFO] - [4, 11, 23], []
[2025-01-29 23:42:28,994][__main__][INFO] - [4, 12, 16], []
[2025-01-29 23:42:29,030][__main__][INFO] - [4, 12], [16]
[2025-01-29 23:42:29,080][__main__][INFO] - [4, 12, 18], []
[2025-01-29 23:42:29,104][__main__][INFO] - [4, 12, 19], []
[2025-01-29 23:42:29,172][__main__][INFO] - [4, 12, 23], []
[2025-01-29 23:42:29,264][__main__][INFO] - [4, 13, 16], []
[2025-01-29 23:42:29,287][__main__][INFO] - [4, 13], [16]
[2025-01-29 23:42:29,325][__main__][INFO] - [4, 13, 18], []
[2025-01-29 23:42:29,363][__main__][INFO] - [4, 13, 20], []
[2025-01-29 23:42:29,417][__main__][INFO] - [4, 13, 23], []
[2025-01-29 23:42:29,485][__main__][INFO] - [4, 14, 16], []
[2025-01-29 23:42:29,508][__main__][INFO] - [4, 14], [16]
[2025-01-29 23:42:29,545][__main__][INFO] - [4, 14, 18], []
[2025-01-29 23:42:29,568][__main__][INFO] - [4, 14, 19], []
[2025-01-29 23:42:29,621][__main__][INFO] - [4, 14, 22], []
[2025-01-29 23:42:29,704][__main__][INFO] - [4, 15, 16], []
[2025-01-29 23:42:29,741][__main__][INFO] - [4, 15], [16]
[2025-01-29 23:42:29,782][__main__][INFO] - [4, 15, 17], []
[2025-01-29 23:42:29,818][__main__][INFO] - [4, 15, 18], []
[2025-01-29 23:42:29,859][__main__][INFO] - [4, 15, 19], []
[2025-01-29 23:42:29,882][__main__][INFO] - [4, 15, 20], []
[2025-01-29 23:42:29,904][__main__][INFO] - [4, 15, 21], []
[2025-01-29 23:42:29,942][__main__][INFO] - [4, 15, 23], []
[2025-01-29 23:42:29,966][__main__][INFO] - [4, 15, 24], []
[2025-01-29 23:42:30,019][__main__][INFO] - [4, 16, 17], []
[2025-01-29 23:42:30,048][__main__][INFO] - [4, 16, 18], []
[2025-01-29 23:42:30,119][__main__][INFO] - [4, 16, 19], []
[2025-01-29 23:42:30,143][__main__][INFO] - [4, 16, 20], []
[2025-01-29 23:42:30,168][__main__][INFO] - [4, 16, 21], []
[2025-01-29 23:42:30,191][__main__][INFO] - [4, 16, 22], []
[2025-01-29 23:42:30,214][__main__][INFO] - [4, 16, 23], []
[2025-01-29 23:42:30,250][__main__][INFO] - [4, 16, 24], []
[2025-01-29 23:42:30,303][__main__][INFO] - [4, 17], [16]
[2025-01-29 23:42:30,334][__main__][INFO] - [4, 18], [16]
[2025-01-29 23:42:30,414][__main__][INFO] - [4, 19], [16]
[2025-01-29 23:42:30,439][__main__][INFO] - [4, 20], [16]
[2025-01-29 23:42:30,464][__main__][INFO] - [4, 21], [16]
[2025-01-29 23:42:30,486][__main__][INFO] - [4, 22], [16]
[2025-01-29 23:42:30,509][__main__][INFO] - [4, 23], [16]
[2025-01-29 23:42:30,544][__main__][INFO] - [4, 24], [16]
[2025-01-29 23:42:30,611][__main__][INFO] - [5, 10, 16], []
[2025-01-29 23:42:30,679][__main__][INFO] - [5, 10], [16]
[2025-01-29 23:42:30,753][__main__][INFO] - [5, 10, 17], []
[2025-01-29 23:42:30,778][__main__][INFO] - [5, 10, 18], []
[2025-01-29 23:42:30,883][__main__][INFO] - [5, 10, 19], []
[2025-01-29 23:42:30,908][__main__][INFO] - [5, 10, 20], []
[2025-01-29 23:42:30,935][__main__][INFO] - [5, 10, 21], []
[2025-01-29 23:42:30,959][__main__][INFO] - [5, 10, 22], []
[2025-01-29 23:42:30,982][__main__][INFO] - [5, 10, 23], []
[2025-01-29 23:42:31,006][__main__][INFO] - [5, 10, 24], []
[2025-01-29 23:42:31,059][__main__][INFO] - [5, 11, 16], []
[2025-01-29 23:42:31,084][__main__][INFO] - [5, 11], [16]
[2025-01-29 23:42:31,123][__main__][INFO] - [5, 11, 18], []
[2025-01-29 23:42:31,149][__main__][INFO] - [5, 11, 19], []
[2025-01-29 23:42:31,277][__main__][INFO] - [5, 12, 16], []
[2025-01-29 23:42:31,310][__main__][INFO] - [5, 12], [16]
[2025-01-29 23:42:31,358][__main__][INFO] - [5, 12, 18], []
[2025-01-29 23:42:31,382][__main__][INFO] - [5, 12, 19], []
[2025-01-29 23:42:31,450][__main__][INFO] - [5, 12, 23], []
[2025-01-29 23:42:31,537][__main__][INFO] - [5, 13, 16], []
[2025-01-29 23:42:31,560][__main__][INFO] - [5, 13], [16]
[2025-01-29 23:42:31,599][__main__][INFO] - [5, 13, 18], []
[2025-01-29 23:42:31,637][__main__][INFO] - [5, 13, 20], []
[2025-01-29 23:42:31,690][__main__][INFO] - [5, 13, 23], []
[2025-01-29 23:42:31,758][__main__][INFO] - [5, 14, 16], []
[2025-01-29 23:42:31,781][__main__][INFO] - [5, 14], [16]
[2025-01-29 23:42:31,819][__main__][INFO] - [5, 14, 18], []
[2025-01-29 23:42:31,842][__main__][INFO] - [5, 14, 19], []
[2025-01-29 23:42:31,895][__main__][INFO] - [5, 14, 22], []
[2025-01-29 23:42:31,918][__main__][INFO] - [5, 14, 23], []
[2025-01-29 23:42:31,985][__main__][INFO] - [5, 15, 16], []
[2025-01-29 23:42:32,017][__main__][INFO] - [5, 15], [16]
[2025-01-29 23:42:32,051][__main__][INFO] - [5, 15, 17], []
[2025-01-29 23:42:32,081][__main__][INFO] - [5, 15, 18], []
[2025-01-29 23:42:32,115][__main__][INFO] - [5, 15, 19], []
[2025-01-29 23:42:32,138][__main__][INFO] - [5, 15, 20], []
[2025-01-29 23:42:32,161][__main__][INFO] - [5, 15, 21], []
[2025-01-29 23:42:32,199][__main__][INFO] - [5, 15, 23], []
[2025-01-29 23:42:32,222][__main__][INFO] - [5, 15, 24], []
[2025-01-29 23:42:32,275][__main__][INFO] - [5, 16, 17], []
[2025-01-29 23:42:32,301][__main__][INFO] - [5, 16, 18], []
[2025-01-29 23:42:32,369][__main__][INFO] - [5, 16, 19], []
[2025-01-29 23:42:32,393][__main__][INFO] - [5, 16, 20], []
[2025-01-29 23:42:32,418][__main__][INFO] - [5, 16, 21], []
[2025-01-29 23:42:32,440][__main__][INFO] - [5, 16, 22], []
[2025-01-29 23:42:32,463][__main__][INFO] - [5, 16, 23], []
[2025-01-29 23:42:32,496][__main__][INFO] - [5, 16, 24], []
[2025-01-29 23:42:32,559][__main__][INFO] - [5, 17], [16]
[2025-01-29 23:42:32,587][__main__][INFO] - [5, 18], [16]
[2025-01-29 23:42:32,667][__main__][INFO] - [5, 19], [16]
[2025-01-29 23:42:32,691][__main__][INFO] - [5, 20], [16]
[2025-01-29 23:42:32,716][__main__][INFO] - [5, 21], [16]
[2025-01-29 23:42:32,739][__main__][INFO] - [5, 22], [16]
[2025-01-29 23:42:32,761][__main__][INFO] - [5, 23], [16]
[2025-01-29 23:42:32,794][__main__][INFO] - [5, 24], [16]
[2025-01-29 23:42:32,862][__main__][INFO] - [6, 10, 16], []
[2025-01-29 23:42:32,903][__main__][INFO] - [6, 10], [16]
[2025-01-29 23:42:32,946][__main__][INFO] - [6, 10, 17], []
[2025-01-29 23:42:32,969][__main__][INFO] - [6, 10, 18], []
[2025-01-29 23:42:33,028][__main__][INFO] - [6, 10, 19], []
[2025-01-29 23:42:33,051][__main__][INFO] - [6, 10, 20], []
[2025-01-29 23:42:33,075][__main__][INFO] - [6, 10, 21], []
[2025-01-29 23:42:33,098][__main__][INFO] - [6, 10, 22], []
[2025-01-29 23:42:33,121][__main__][INFO] - [6, 10, 23], []
[2025-01-29 23:42:33,190][__main__][INFO] - [6, 11, 16], []
[2025-01-29 23:42:33,213][__main__][INFO] - [6, 11], [16]
[2025-01-29 23:42:33,252][__main__][INFO] - [6, 11, 18], []
[2025-01-29 23:42:33,396][__main__][INFO] - [6, 12, 16], []
[2025-01-29 23:42:33,422][__main__][INFO] - [6, 12], [16]
[2025-01-29 23:42:33,463][__main__][INFO] - [6, 12, 18], []
[2025-01-29 23:42:33,487][__main__][INFO] - [6, 12, 19], []
[2025-01-29 23:42:33,555][__main__][INFO] - [6, 12, 23], []
[2025-01-29 23:42:33,629][__main__][INFO] - [6, 13, 16], []
[2025-01-29 23:42:33,652][__main__][INFO] - [6, 13], [16]
[2025-01-29 23:42:33,689][__main__][INFO] - [6, 13, 18], []
[2025-01-29 23:42:33,727][__main__][INFO] - [6, 13, 20], []
[2025-01-29 23:42:33,855][__main__][INFO] - [6, 14], [16]
[2025-01-29 23:42:34,028][__main__][INFO] - [6, 15, 16], []
[2025-01-29 23:42:34,053][__main__][INFO] - [6, 15], [16]
[2025-01-29 23:42:34,078][__main__][INFO] - [6, 15, 17], []
[2025-01-29 23:42:34,102][__main__][INFO] - [6, 15, 18], []
[2025-01-29 23:42:34,128][__main__][INFO] - [6, 15, 19], []
[2025-01-29 23:42:34,150][__main__][INFO] - [6, 15, 20], []
[2025-01-29 23:42:34,203][__main__][INFO] - [6, 15, 23], []
[2025-01-29 23:42:34,271][__main__][INFO] - [6, 16, 17], []
[2025-01-29 23:42:34,294][__main__][INFO] - [6, 16, 18], []
[2025-01-29 23:42:34,334][__main__][INFO] - [6, 16, 19], []
[2025-01-29 23:42:34,357][__main__][INFO] - [6, 16, 20], []
[2025-01-29 23:42:34,380][__main__][INFO] - [6, 16, 21], []
[2025-01-29 23:42:34,403][__main__][INFO] - [6, 16, 22], []
[2025-01-29 23:42:34,426][__main__][INFO] - [6, 16, 23], []
[2025-01-29 23:42:34,497][__main__][INFO] - [6, 17], [16]
[2025-01-29 23:42:34,520][__main__][INFO] - [6, 18], [16]
[2025-01-29 23:42:34,565][__main__][INFO] - [6, 19], [16]
[2025-01-29 23:42:34,588][__main__][INFO] - [6, 20], [16]
[2025-01-29 23:42:34,611][__main__][INFO] - [6, 21], [16]
[2025-01-29 23:42:34,633][__main__][INFO] - [6, 22], [16]
[2025-01-29 23:42:34,656][__main__][INFO] - [6, 23], [16]
[2025-01-29 23:42:34,742][__main__][INFO] - [7, 10, 16], []
[2025-01-29 23:42:34,770][__main__][INFO] - [7, 10], [16]
[2025-01-29 23:42:34,800][__main__][INFO] - [7, 10, 17], []
[2025-01-29 23:42:34,823][__main__][INFO] - [7, 10, 18], []
[2025-01-29 23:42:34,857][__main__][INFO] - [7, 10, 19], []
[2025-01-29 23:42:34,880][__main__][INFO] - [7, 10, 20], []
[2025-01-29 23:42:34,903][__main__][INFO] - [7, 10, 21], []
[2025-01-29 23:42:34,941][__main__][INFO] - [7, 10, 23], []
[2025-01-29 23:42:35,009][__main__][INFO] - [7, 11, 16], []
[2025-01-29 23:42:35,032][__main__][INFO] - [7, 11], [16]
[2025-01-29 23:42:35,070][__main__][INFO] - [7, 11, 18], []
[2025-01-29 23:42:35,212][__main__][INFO] - [7, 12, 16], []
[2025-01-29 23:42:35,236][__main__][INFO] - [7, 12], [16]
[2025-01-29 23:42:35,274][__main__][INFO] - [7, 12, 18], []
[2025-01-29 23:42:35,297][__main__][INFO] - [7, 12, 19], []
[2025-01-29 23:42:35,365][__main__][INFO] - [7, 12, 23], []
[2025-01-29 23:42:35,449][__main__][INFO] - [7, 13], [16]
[2025-01-29 23:42:35,486][__main__][INFO] - [7, 13, 18], []
[2025-01-29 23:42:35,809][__main__][INFO] - [7, 15, 16], []
[2025-01-29 23:42:35,832][__main__][INFO] - [7, 15], [16]
[2025-01-29 23:42:35,855][__main__][INFO] - [7, 15, 17], []
[2025-01-29 23:42:35,878][__main__][INFO] - [7, 15, 18], []
[2025-01-29 23:42:35,901][__main__][INFO] - [7, 15, 19], []
[2025-01-29 23:42:36,028][__main__][INFO] - [7, 16, 17], []
[2025-01-29 23:42:36,050][__main__][INFO] - [7, 16, 18], []
[2025-01-29 23:42:36,078][__main__][INFO] - [7, 16, 19], []
[2025-01-29 23:42:36,100][__main__][INFO] - [7, 16, 20], []
[2025-01-29 23:42:36,123][__main__][INFO] - [7, 16, 21], []
[2025-01-29 23:42:36,160][__main__][INFO] - [7, 16, 23], []
[2025-01-29 23:42:36,229][__main__][INFO] - [7, 17], [16]
[2025-01-29 23:42:36,251][__main__][INFO] - [7, 18], [16]
[2025-01-29 23:42:36,281][__main__][INFO] - [7, 19], [16]
[2025-01-29 23:42:36,304][__main__][INFO] - [7, 20], [16]
[2025-01-29 23:42:36,326][__main__][INFO] - [7, 21], [16]
[2025-01-29 23:42:36,364][__main__][INFO] - [7, 23], [16]
[2025-01-29 23:42:36,447][__main__][INFO] - [8, 10, 16], []
[2025-01-29 23:42:36,471][__main__][INFO] - [8, 10], [16]
[2025-01-29 23:42:36,510][__main__][INFO] - [8, 10, 18], []
[2025-01-29 23:42:36,535][__main__][INFO] - [8, 10, 19], []
[2025-01-29 23:42:36,557][__main__][INFO] - [8, 10, 20], []
[2025-01-29 23:42:36,611][__main__][INFO] - [8, 10, 23], []
[2025-01-29 23:42:36,678][__main__][INFO] - [8, 11, 16], []
[2025-01-29 23:42:36,701][__main__][INFO] - [8, 11], [16]
[2025-01-29 23:42:36,739][__main__][INFO] - [8, 11, 18], []
[2025-01-29 23:42:36,883][__main__][INFO] - [8, 12, 16], []
[2025-01-29 23:42:36,905][__main__][INFO] - [8, 12], [16]
[2025-01-29 23:42:36,943][__main__][INFO] - [8, 12, 18], []
[2025-01-29 23:42:37,025][__main__][INFO] - [8, 12, 23], []
[2025-01-29 23:42:37,123][__main__][INFO] - [8, 15, 16], []
[2025-01-29 23:42:37,146][__main__][INFO] - [8, 15], [16]
[2025-01-29 23:42:37,183][__main__][INFO] - [8, 15, 18], []
[2025-01-29 23:42:37,341][__main__][INFO] - [8, 16, 18], []
[2025-01-29 23:42:37,364][__main__][INFO] - [8, 16, 19], []
[2025-01-29 23:42:37,386][__main__][INFO] - [8, 16, 20], []
[2025-01-29 23:42:37,439][__main__][INFO] - [8, 16, 23], []
[2025-01-29 23:42:37,507][__main__][INFO] - [8, 17], [16]
[2025-01-29 23:42:37,529][__main__][INFO] - [8, 18], [16]
[2025-01-29 23:42:37,553][__main__][INFO] - [8, 19], [16]
[2025-01-29 23:42:37,575][__main__][INFO] - [8, 20], [16]
[2025-01-29 23:42:37,628][__main__][INFO] - [8, 23], [16]
[2025-01-29 23:42:37,711][__main__][INFO] - [9, 10, 16], []
[2025-01-29 23:42:37,734][__main__][INFO] - [9, 10], [16]
[2025-01-29 23:42:37,772][__main__][INFO] - [9, 10, 18], []
[2025-01-29 23:42:38,171][__main__][INFO] - [9, 16, 18], []
[2025-01-29 23:42:38,330][__main__][INFO] - [9, 18], [16]
[2025-01-29 23:42:38,488][__main__][INFO] - [10, 16, 17], []
[2025-01-29 23:42:38,533][__main__][INFO] - [10, 16, 18], []
[2025-01-29 23:42:38,808][__main__][INFO] - [10, 16, 19], []
[2025-01-29 23:42:38,843][__main__][INFO] - [10, 16, 20], []
[2025-01-29 23:42:38,880][__main__][INFO] - [10, 16, 21], []
[2025-01-29 23:42:38,904][__main__][INFO] - [10, 16, 22], []
[2025-01-29 23:42:38,927][__main__][INFO] - [10, 16, 23], []
[2025-01-29 23:42:38,968][__main__][INFO] - [10, 16, 24], []
[2025-01-29 23:42:39,021][__main__][INFO] - [10, 17], [16]
[2025-01-29 23:42:39,068][__main__][INFO] - [10, 18], [16]
[2025-01-29 23:42:39,377][__main__][INFO] - [10, 19], [16]
[2025-01-29 23:42:39,412][__main__][INFO] - [10, 20], [16]
[2025-01-29 23:42:39,449][__main__][INFO] - [10, 21], [16]
[2025-01-29 23:42:39,473][__main__][INFO] - [10, 22], [16]
[2025-01-29 23:42:39,496][__main__][INFO] - [10, 23], [16]
[2025-01-29 23:42:39,536][__main__][INFO] - [10, 24], [16]
[2025-01-29 23:42:39,604][__main__][INFO] - [11, 16, 17], []
[2025-01-29 23:42:39,626][__main__][INFO] - [11, 16, 18], []
[2025-01-29 23:42:39,656][__main__][INFO] - [11, 16, 19], []
[2025-01-29 23:42:39,678][__main__][INFO] - [11, 16, 20], []
[2025-01-29 23:42:39,731][__main__][INFO] - [11, 16, 23], []
[2025-01-29 23:42:39,799][__main__][INFO] - [11, 17], [16]
[2025-01-29 23:42:39,821][__main__][INFO] - [11, 18], [16]
[2025-01-29 23:42:39,853][__main__][INFO] - [11, 19], [16]
[2025-01-29 23:42:39,876][__main__][INFO] - [11, 20], [16]
[2025-01-29 23:42:39,928][__main__][INFO] - [11, 23], [16]
[2025-01-29 23:42:40,010][__main__][INFO] - [12, 16, 17], []
[2025-01-29 23:42:40,032][__main__][INFO] - [12, 16, 18], []
[2025-01-29 23:42:40,057][__main__][INFO] - [12, 16, 19], []
[2025-01-29 23:42:40,125][__main__][INFO] - [12, 16, 23], []
[2025-01-29 23:42:40,245][__main__][INFO] - [12, 17], [16]
[2025-01-29 23:42:40,268][__main__][INFO] - [12, 18], [16]
[2025-01-29 23:42:40,294][__main__][INFO] - [12, 19], [16]
[2025-01-29 23:42:40,363][__main__][INFO] - [12, 23], [16]
[2025-01-29 23:42:40,511][__main__][INFO] - [13, 16, 18], []
[2025-01-29 23:42:40,534][__main__][INFO] - [13, 16, 19], []
[2025-01-29 23:42:40,556][__main__][INFO] - [13, 16, 20], []
[2025-01-29 23:42:40,610][__main__][INFO] - [13, 16, 23], []
[2025-01-29 23:42:40,692][__main__][INFO] - [13, 18], [16]
[2025-01-29 23:42:40,715][__main__][INFO] - [13, 19], [16]
[2025-01-29 23:42:40,737][__main__][INFO] - [13, 20], [16]
[2025-01-29 23:42:40,790][__main__][INFO] - [13, 23], [16]
[2025-01-29 23:42:40,887][__main__][INFO] - [14, 16, 18], []
[2025-01-29 23:42:40,910][__main__][INFO] - [14, 16, 19], []
[2025-01-29 23:42:40,962][__main__][INFO] - [14, 16, 22], []
[2025-01-29 23:42:40,984][__main__][INFO] - [14, 16, 23], []
[2025-01-29 23:42:41,067][__main__][INFO] - [14, 18], [16]
[2025-01-29 23:42:41,090][__main__][INFO] - [14, 19], [16]
[2025-01-29 23:42:41,141][__main__][INFO] - [14, 22], [16]
[2025-01-29 23:42:41,164][__main__][INFO] - [14, 23], [16]
[2025-01-29 23:42:41,246][__main__][INFO] - [15, 16, 17], []
[2025-01-29 23:42:41,287][__main__][INFO] - [15, 16, 18], []
[2025-01-29 23:42:41,341][__main__][INFO] - [15, 16, 19], []
[2025-01-29 23:42:41,364][__main__][INFO] - [15, 16, 20], []
[2025-01-29 23:42:41,387][__main__][INFO] - [15, 16, 21], []
[2025-01-29 23:42:41,424][__main__][INFO] - [15, 16, 23], []
[2025-01-29 23:42:41,447][__main__][INFO] - [15, 16, 24], []
[2025-01-29 23:42:41,499][__main__][INFO] - [15, 17], [16]
[2025-01-29 23:42:41,550][__main__][INFO] - [15, 18], [16]
[2025-01-29 23:42:41,615][__main__][INFO] - [15, 19], [16]
[2025-01-29 23:42:41,638][__main__][INFO] - [15, 20], [16]
[2025-01-29 23:42:41,660][__main__][INFO] - [15, 21], [16]
[2025-01-29 23:42:41,698][__main__][INFO] - [15, 23], [16]
[2025-01-29 23:42:41,720][__main__][INFO] - [15, 24], [16]
