[2025-01-29 13:10:19,733][__main__][INFO] - In total, there are 1229 possible subgroups
[2025-01-29 13:10:19,762][__main__][INFO] - [0], []
[2025-01-29 13:10:19,943][__main__][INFO] - [1], []
[2025-01-29 13:10:20,172][__main__][INFO] - [2], []
[2025-01-29 13:10:20,392][__main__][INFO] - [3], []
[2025-01-29 13:10:20,568][__main__][INFO] - [4], []
[2025-01-29 13:10:20,778][__main__][INFO] - [5], []
[2025-01-29 13:10:20,964][__main__][INFO] - [6], []
[2025-01-29 13:10:21,046][__main__][INFO] - [7], []
[2025-01-29 13:10:21,082][__main__][INFO] - [8], []
[2025-01-29 13:10:21,103][__main__][INFO] - [9], []
[2025-01-29 13:10:21,121][__main__][INFO] - [10], []
[2025-01-29 13:10:21,992][__main__][INFO] - [11], []
[2025-01-29 13:10:22,031][__main__][INFO] - [12], []
[2025-01-29 13:10:22,186][__main__][INFO] - [13], []
[2025-01-29 13:10:22,208][__main__][INFO] - [14], []
[2025-01-29 13:10:22,228][__main__][INFO] - [15], []
[2025-01-29 13:10:22,412][__main__][INFO] - [16], []
[2025-01-29 13:10:22,982][__main__][INFO] - [], [16]
[2025-01-29 13:10:23,629][__main__][INFO] - [17], []
[2025-01-29 13:10:23,762][__main__][INFO] - [18], []
[2025-01-29 13:10:24,520][__main__][INFO] - [19], []
[2025-01-29 13:10:24,573][__main__][INFO] - [20], []
[2025-01-29 13:10:24,627][__main__][INFO] - [21], []
[2025-01-29 13:10:24,648][__main__][INFO] - [22], []
[2025-01-29 13:10:24,668][__main__][INFO] - [23], []
[2025-01-29 13:10:24,853][__main__][INFO] - [24], []
[2025-01-29 13:10:24,872][__main__][INFO] - [25], []
[2025-01-29 13:10:24,922][__main__][INFO] - [0, 10], []
[2025-01-29 13:10:25,081][__main__][INFO] - [0, 11], []
[2025-01-29 13:10:25,103][__main__][INFO] - [0, 12], []
[2025-01-29 13:10:25,129][__main__][INFO] - [0, 13], []
[2025-01-29 13:10:25,150][__main__][INFO] - [0, 14], []
[2025-01-29 13:10:25,170][__main__][INFO] - [0, 15], []
[2025-01-29 13:10:25,198][__main__][INFO] - [0, 16], []
[2025-01-29 13:10:25,291][__main__][INFO] - [0], [16]
[2025-01-29 13:10:25,388][__main__][INFO] - [0, 17], []
[2025-01-29 13:10:25,428][__main__][INFO] - [0, 18], []
[2025-01-29 13:10:25,537][__main__][INFO] - [0, 19], []
[2025-01-29 13:10:25,566][__main__][INFO] - [0, 20], []
[2025-01-29 13:10:25,591][__main__][INFO] - [0, 21], []
[2025-01-29 13:10:25,612][__main__][INFO] - [0, 22], []
[2025-01-29 13:10:25,635][__main__][INFO] - [0, 23], []
[2025-01-29 13:10:25,670][__main__][INFO] - [0, 24], []
[2025-01-29 13:10:25,719][__main__][INFO] - [1, 10], []
[2025-01-29 13:10:25,904][__main__][INFO] - [1, 11], []
[2025-01-29 13:10:25,928][__main__][INFO] - [1, 12], []
[2025-01-29 13:10:25,963][__main__][INFO] - [1, 13], []
[2025-01-29 13:10:25,984][__main__][INFO] - [1, 14], []
[2025-01-29 13:10:26,004][__main__][INFO] - [1, 15], []
[2025-01-29 13:10:26,042][__main__][INFO] - [1, 16], []
[2025-01-29 13:10:26,156][__main__][INFO] - [1], [16]
[2025-01-29 13:10:26,278][__main__][INFO] - [1, 17], []
[2025-01-29 13:10:26,322][__main__][INFO] - [1, 18], []
[2025-01-29 13:10:26,461][__main__][INFO] - [1, 19], []
[2025-01-29 13:10:26,489][__main__][INFO] - [1, 20], []
[2025-01-29 13:10:26,516][__main__][INFO] - [1, 21], []
[2025-01-29 13:10:26,537][__main__][INFO] - [1, 22], []
[2025-01-29 13:10:26,558][__main__][INFO] - [1, 23], []
[2025-01-29 13:10:26,605][__main__][INFO] - [1, 24], []
[2025-01-29 13:10:26,654][__main__][INFO] - [2, 10], []
[2025-01-29 13:10:26,801][__main__][INFO] - [2, 11], []
[2025-01-29 13:10:26,825][__main__][INFO] - [2, 12], []
[2025-01-29 13:10:26,869][__main__][INFO] - [2, 13], []
[2025-01-29 13:10:26,890][__main__][INFO] - [2, 14], []
[2025-01-29 13:10:26,910][__main__][INFO] - [2, 15], []
[2025-01-29 13:10:26,959][__main__][INFO] - [2, 16], []
[2025-01-29 13:10:27,063][__main__][INFO] - [2], [16]
[2025-01-29 13:10:27,182][__main__][INFO] - [2, 17], []
[2025-01-29 13:10:27,223][__main__][INFO] - [2, 18], []
[2025-01-29 13:10:27,357][__main__][INFO] - [2, 19], []
[2025-01-29 13:10:27,383][__main__][INFO] - [2, 20], []
[2025-01-29 13:10:27,408][__main__][INFO] - [2, 21], []
[2025-01-29 13:10:27,429][__main__][INFO] - [2, 22], []
[2025-01-29 13:10:27,450][__main__][INFO] - [2, 23], []
[2025-01-29 13:10:27,500][__main__][INFO] - [2, 24], []
[2025-01-29 13:10:27,549][__main__][INFO] - [3, 10], []
[2025-01-29 13:10:27,653][__main__][INFO] - [3, 11], []
[2025-01-29 13:10:27,677][__main__][INFO] - [3, 12], []
[2025-01-29 13:10:27,721][__main__][INFO] - [3, 13], []
[2025-01-29 13:10:27,742][__main__][INFO] - [3, 14], []
[2025-01-29 13:10:27,762][__main__][INFO] - [3, 15], []
[2025-01-29 13:10:27,812][__main__][INFO] - [3, 16], []
[2025-01-29 13:10:27,898][__main__][INFO] - [3], [16]
[2025-01-29 13:10:27,995][__main__][INFO] - [3, 17], []
[2025-01-29 13:10:28,030][__main__][INFO] - [3, 18], []
[2025-01-29 13:10:28,137][__main__][INFO] - [3, 19], []
[2025-01-29 13:10:28,161][__main__][INFO] - [3, 20], []
[2025-01-29 13:10:28,186][__main__][INFO] - [3, 21], []
[2025-01-29 13:10:28,207][__main__][INFO] - [3, 22], []
[2025-01-29 13:10:28,227][__main__][INFO] - [3, 23], []
[2025-01-29 13:10:28,272][__main__][INFO] - [3, 24], []
[2025-01-29 13:10:28,321][__main__][INFO] - [4, 10], []
[2025-01-29 13:10:28,451][__main__][INFO] - [4, 11], []
[2025-01-29 13:10:28,475][__main__][INFO] - [4, 12], []
[2025-01-29 13:10:28,523][__main__][INFO] - [4, 13], []
[2025-01-29 13:10:28,544][__main__][INFO] - [4, 14], []
[2025-01-29 13:10:28,565][__main__][INFO] - [4, 15], []
[2025-01-29 13:10:28,622][__main__][INFO] - [4, 16], []
[2025-01-29 13:10:28,727][__main__][INFO] - [4], [16]
[2025-01-29 13:10:28,842][__main__][INFO] - [4, 17], []
[2025-01-29 13:10:28,880][__main__][INFO] - [4, 18], []
[2025-01-29 13:10:29,017][__main__][INFO] - [4, 19], []
[2025-01-29 13:10:29,041][__main__][INFO] - [4, 20], []
[2025-01-29 13:10:29,067][__main__][INFO] - [4, 21], []
[2025-01-29 13:10:29,088][__main__][INFO] - [4, 22], []
[2025-01-29 13:10:29,108][__main__][INFO] - [4, 23], []
[2025-01-29 13:10:29,156][__main__][INFO] - [4, 24], []
[2025-01-29 13:10:29,206][__main__][INFO] - [5, 10], []
[2025-01-29 13:10:29,332][__main__][INFO] - [5, 11], []
[2025-01-29 13:10:29,357][__main__][INFO] - [5, 12], []
[2025-01-29 13:10:29,399][__main__][INFO] - [5, 13], []
[2025-01-29 13:10:29,421][__main__][INFO] - [5, 14], []
[2025-01-29 13:10:29,441][__main__][INFO] - [5, 15], []
[2025-01-29 13:10:29,485][__main__][INFO] - [5, 16], []
[2025-01-29 13:10:29,579][__main__][INFO] - [5], [16]
[2025-01-29 13:10:29,683][__main__][INFO] - [5, 17], []
[2025-01-29 13:10:29,713][__main__][INFO] - [5, 18], []
[2025-01-29 13:10:29,845][__main__][INFO] - [5, 19], []
[2025-01-29 13:10:29,868][__main__][INFO] - [5, 20], []
[2025-01-29 13:10:29,894][__main__][INFO] - [5, 21], []
[2025-01-29 13:10:29,915][__main__][INFO] - [5, 22], []
[2025-01-29 13:10:29,935][__main__][INFO] - [5, 23], []
[2025-01-29 13:10:29,977][__main__][INFO] - [5, 24], []
[2025-01-29 13:10:30,027][__main__][INFO] - [6, 10], []
[2025-01-29 13:10:30,091][__main__][INFO] - [6, 11], []
[2025-01-29 13:10:30,114][__main__][INFO] - [6, 12], []
[2025-01-29 13:10:30,142][__main__][INFO] - [6, 13], []
[2025-01-29 13:10:30,162][__main__][INFO] - [6, 14], []
[2025-01-29 13:10:30,183][__main__][INFO] - [6, 15], []
[2025-01-29 13:10:30,209][__main__][INFO] - [6, 16], []
[2025-01-29 13:10:30,256][__main__][INFO] - [6], [16]
[2025-01-29 13:10:30,308][__main__][INFO] - [6, 17], []
[2025-01-29 13:10:30,331][__main__][INFO] - [6, 18], []
[2025-01-29 13:10:30,396][__main__][INFO] - [6, 19], []
[2025-01-29 13:10:30,418][__main__][INFO] - [6, 20], []
[2025-01-29 13:10:30,440][__main__][INFO] - [6, 21], []
[2025-01-29 13:10:30,460][__main__][INFO] - [6, 22], []
[2025-01-29 13:10:30,481][__main__][INFO] - [6, 23], []
[2025-01-29 13:10:30,509][__main__][INFO] - [6, 24], []
[2025-01-29 13:10:30,558][__main__][INFO] - [7, 10], []
[2025-01-29 13:10:30,592][__main__][INFO] - [7, 11], []
[2025-01-29 13:10:30,612][__main__][INFO] - [7, 12], []
[2025-01-29 13:10:30,637][__main__][INFO] - [7, 13], []
[2025-01-29 13:10:30,663][__main__][INFO] - [7, 14], []
[2025-01-29 13:10:30,683][__main__][INFO] - [7, 15], []
[2025-01-29 13:10:30,705][__main__][INFO] - [7, 16], []
[2025-01-29 13:10:30,732][__main__][INFO] - [7], [16]
[2025-01-29 13:10:30,762][__main__][INFO] - [7, 17], []
[2025-01-29 13:10:30,783][__main__][INFO] - [7, 18], []
[2025-01-29 13:10:30,817][__main__][INFO] - [7, 19], []
[2025-01-29 13:10:30,838][__main__][INFO] - [7, 20], []
[2025-01-29 13:10:30,858][__main__][INFO] - [7, 21], []
[2025-01-29 13:10:30,894][__main__][INFO] - [7, 23], []
[2025-01-29 13:10:30,959][__main__][INFO] - [8, 10], []
[2025-01-29 13:10:30,982][__main__][INFO] - [8, 11], []
[2025-01-29 13:10:31,002][__main__][INFO] - [8, 12], []
[2025-01-29 13:10:31,052][__main__][INFO] - [8, 15], []
[2025-01-29 13:10:31,072][__main__][INFO] - [8, 16], []
[2025-01-29 13:10:31,094][__main__][INFO] - [8], [16]
[2025-01-29 13:10:31,116][__main__][INFO] - [8, 17], []
[2025-01-29 13:10:31,136][__main__][INFO] - [8, 18], []
[2025-01-29 13:10:31,159][__main__][INFO] - [8, 19], []
[2025-01-29 13:10:31,179][__main__][INFO] - [8, 20], []
[2025-01-29 13:10:31,229][__main__][INFO] - [8, 23], []
[2025-01-29 13:10:31,293][__main__][INFO] - [9, 10], []
[2025-01-29 13:10:31,328][__main__][INFO] - [9, 12], []
[2025-01-29 13:10:31,393][__main__][INFO] - [9, 16], []
[2025-01-29 13:10:31,413][__main__][INFO] - [9], [16]
[2025-01-29 13:10:31,448][__main__][INFO] - [9, 18], []
[2025-01-29 13:10:31,528][__main__][INFO] - [9, 23], []
[2025-01-29 13:10:31,592][__main__][INFO] - [10, 16], []
[2025-01-29 13:10:31,991][__main__][INFO] - [10], [16]
[2025-01-29 13:10:32,422][__main__][INFO] - [10, 17], []
[2025-01-29 13:10:32,497][__main__][INFO] - [10, 18], []
[2025-01-29 13:10:33,115][__main__][INFO] - [10, 19], []
[2025-01-29 13:10:33,164][__main__][INFO] - [10, 20], []
[2025-01-29 13:10:33,217][__main__][INFO] - [10, 21], []
[2025-01-29 13:10:33,241][__main__][INFO] - [10, 22], []
[2025-01-29 13:10:33,262][__main__][INFO] - [10, 23], []
[2025-01-29 13:10:33,323][__main__][INFO] - [10, 24], []
[2025-01-29 13:10:33,344][__main__][INFO] - [10, 25], []
[2025-01-29 13:10:33,379][__main__][INFO] - [11, 16], []
[2025-01-29 13:10:33,407][__main__][INFO] - [11], [16]
[2025-01-29 13:10:33,438][__main__][INFO] - [11, 17], []
[2025-01-29 13:10:33,458][__main__][INFO] - [11, 18], []
[2025-01-29 13:10:33,497][__main__][INFO] - [11, 19], []
[2025-01-29 13:10:33,518][__main__][INFO] - [11, 20], []
[2025-01-29 13:10:33,568][__main__][INFO] - [11, 23], []
[2025-01-29 13:10:33,632][__main__][INFO] - [12, 16], []
[2025-01-29 13:10:33,714][__main__][INFO] - [12], [16]
[2025-01-29 13:10:33,797][__main__][INFO] - [12, 17], []
[2025-01-29 13:10:33,817][__main__][INFO] - [12, 18], []
[2025-01-29 13:10:33,846][__main__][INFO] - [12, 19], []
[2025-01-29 13:10:33,868][__main__][INFO] - [12, 20], []
[2025-01-29 13:10:33,918][__main__][INFO] - [12, 23], []
[2025-01-29 13:10:34,100][__main__][INFO] - [13, 16], []
[2025-01-29 13:10:34,123][__main__][INFO] - [13], [16]
[2025-01-29 13:10:34,145][__main__][INFO] - [13, 17], []
[2025-01-29 13:10:34,165][__main__][INFO] - [13, 18], []
[2025-01-29 13:10:34,186][__main__][INFO] - [13, 19], []
[2025-01-29 13:10:34,206][__main__][INFO] - [13, 20], []
[2025-01-29 13:10:34,258][__main__][INFO] - [13, 23], []
[2025-01-29 13:10:34,322][__main__][INFO] - [14, 16], []
[2025-01-29 13:10:34,343][__main__][INFO] - [14], [16]
[2025-01-29 13:10:34,378][__main__][INFO] - [14, 18], []
[2025-01-29 13:10:34,398][__main__][INFO] - [14, 19], []
[2025-01-29 13:10:34,448][__main__][INFO] - [14, 22], []
[2025-01-29 13:10:34,469][__main__][INFO] - [14, 23], []
[2025-01-29 13:10:34,533][__main__][INFO] - [15, 16], []
[2025-01-29 13:10:34,616][__main__][INFO] - [15], [16]
[2025-01-29 13:10:34,722][__main__][INFO] - [15, 17], []
[2025-01-29 13:10:34,796][__main__][INFO] - [15, 18], []
[2025-01-29 13:10:34,900][__main__][INFO] - [15, 19], []
[2025-01-29 13:10:34,923][__main__][INFO] - [15, 20], []
[2025-01-29 13:10:34,944][__main__][INFO] - [15, 21], []
[2025-01-29 13:10:34,964][__main__][INFO] - [15, 22], []
[2025-01-29 13:10:34,985][__main__][INFO] - [15, 23], []
[2025-01-29 13:10:35,005][__main__][INFO] - [15, 24], []
[2025-01-29 13:10:35,055][__main__][INFO] - [16, 17], []
[2025-01-29 13:10:35,121][__main__][INFO] - [16, 18], []
[2025-01-29 13:10:35,458][__main__][INFO] - [16, 19], []
[2025-01-29 13:10:35,494][__main__][INFO] - [16, 20], []
[2025-01-29 13:10:35,531][__main__][INFO] - [16, 21], []
[2025-01-29 13:10:35,553][__main__][INFO] - [16, 22], []
[2025-01-29 13:10:35,573][__main__][INFO] - [16, 23], []
[2025-01-29 13:10:35,670][__main__][INFO] - [16, 24], []
[2025-01-29 13:10:35,720][__main__][INFO] - [17], [16]
[2025-01-29 13:10:35,798][__main__][INFO] - [18], [16]
[2025-01-29 13:10:36,188][__main__][INFO] - [19], [16]
[2025-01-29 13:10:36,224][__main__][INFO] - [20], [16]
[2025-01-29 13:10:36,260][__main__][INFO] - [21], [16]
[2025-01-29 13:10:36,282][__main__][INFO] - [22], [16]
[2025-01-29 13:10:36,302][__main__][INFO] - [23], [16]
[2025-01-29 13:10:36,397][__main__][INFO] - [24], [16]
[2025-01-29 13:10:36,476][__main__][INFO] - [0, 10, 16], []
[2025-01-29 13:10:36,562][__main__][INFO] - [0, 10], [16]
[2025-01-29 13:10:36,650][__main__][INFO] - [0, 10, 17], []
[2025-01-29 13:10:36,689][__main__][INFO] - [0, 10, 18], []
[2025-01-29 13:10:36,792][__main__][INFO] - [0, 10, 19], []
[2025-01-29 13:10:36,823][__main__][INFO] - [0, 10, 20], []
[2025-01-29 13:10:36,851][__main__][INFO] - [0, 10, 21], []
[2025-01-29 13:10:36,875][__main__][INFO] - [0, 10, 22], []
[2025-01-29 13:10:36,897][__main__][INFO] - [0, 10, 23], []
[2025-01-29 13:10:36,929][__main__][INFO] - [0, 10, 24], []
[2025-01-29 13:10:36,982][__main__][INFO] - [0, 11, 16], []
[2025-01-29 13:10:37,006][__main__][INFO] - [0, 11], [16]
[2025-01-29 13:10:37,044][__main__][INFO] - [0, 11, 18], []
[2025-01-29 13:10:37,068][__main__][INFO] - [0, 11, 19], []
[2025-01-29 13:10:37,135][__main__][INFO] - [0, 11, 23], []
[2025-01-29 13:10:37,203][__main__][INFO] - [0, 12, 16], []
[2025-01-29 13:10:37,228][__main__][INFO] - [0, 12], [16]
[2025-01-29 13:10:37,269][__main__][INFO] - [0, 12, 18], []
[2025-01-29 13:10:37,292][__main__][INFO] - [0, 12, 19], []
[2025-01-29 13:10:37,360][__main__][INFO] - [0, 12, 23], []
[2025-01-29 13:10:37,433][__main__][INFO] - [0, 13, 16], []
[2025-01-29 13:10:37,456][__main__][INFO] - [0, 13], [16]
[2025-01-29 13:10:37,494][__main__][INFO] - [0, 13, 18], []
[2025-01-29 13:10:37,531][__main__][INFO] - [0, 13, 20], []
[2025-01-29 13:10:37,644][__main__][INFO] - [0, 14, 16], []
[2025-01-29 13:10:37,665][__main__][INFO] - [0, 14], [16]
[2025-01-29 13:10:37,703][__main__][INFO] - [0, 14, 18], []
[2025-01-29 13:10:37,770][__main__][INFO] - [0, 14, 22], []
[2025-01-29 13:10:37,853][__main__][INFO] - [0, 15, 16], []
[2025-01-29 13:10:37,879][__main__][INFO] - [0, 15], [16]
[2025-01-29 13:10:37,905][__main__][INFO] - [0, 15, 17], []
[2025-01-29 13:10:37,930][__main__][INFO] - [0, 15, 18], []
[2025-01-29 13:10:37,957][__main__][INFO] - [0, 15, 19], []
[2025-01-29 13:10:37,979][__main__][INFO] - [0, 15, 20], []
[2025-01-29 13:10:38,002][__main__][INFO] - [0, 15, 21], []
[2025-01-29 13:10:38,039][__main__][INFO] - [0, 15, 23], []
[2025-01-29 13:10:38,107][__main__][INFO] - [0, 16, 17], []
[2025-01-29 13:10:38,138][__main__][INFO] - [0, 16, 18], []
[2025-01-29 13:10:38,200][__main__][INFO] - [0, 16, 19], []
[2025-01-29 13:10:38,227][__main__][INFO] - [0, 16, 20], []
[2025-01-29 13:10:38,251][__main__][INFO] - [0, 16, 21], []
[2025-01-29 13:10:38,274][__main__][INFO] - [0, 16, 22], []
[2025-01-29 13:10:38,296][__main__][INFO] - [0, 16, 23], []
[2025-01-29 13:10:38,325][__main__][INFO] - [0, 16, 24], []
[2025-01-29 13:10:38,377][__main__][INFO] - [0, 17], [16]
[2025-01-29 13:10:38,409][__main__][INFO] - [0, 18], [16]
[2025-01-29 13:10:38,476][__main__][INFO] - [0, 19], [16]
[2025-01-29 13:10:38,503][__main__][INFO] - [0, 20], [16]
[2025-01-29 13:10:38,528][__main__][INFO] - [0, 21], [16]
[2025-01-29 13:10:38,551][__main__][INFO] - [0, 22], [16]
[2025-01-29 13:10:38,574][__main__][INFO] - [0, 23], [16]
[2025-01-29 13:10:38,604][__main__][INFO] - [0, 24], [16]
[2025-01-29 13:10:38,671][__main__][INFO] - [1, 10, 16], []
[2025-01-29 13:10:38,766][__main__][INFO] - [1, 10], [16]
[2025-01-29 13:10:38,868][__main__][INFO] - [1, 10, 17], []
[2025-01-29 13:10:38,908][__main__][INFO] - [1, 10, 18], []
[2025-01-29 13:10:39,030][__main__][INFO] - [1, 10, 19], []
[2025-01-29 13:10:39,061][__main__][INFO] - [1, 10, 20], []
[2025-01-29 13:10:39,090][__main__][INFO] - [1, 10, 21], []
[2025-01-29 13:10:39,113][__main__][INFO] - [1, 10, 22], []
[2025-01-29 13:10:39,137][__main__][INFO] - [1, 10, 23], []
[2025-01-29 13:10:39,172][__main__][INFO] - [1, 10, 24], []
[2025-01-29 13:10:39,225][__main__][INFO] - [1, 11, 16], []
[2025-01-29 13:10:39,249][__main__][INFO] - [1, 11], [16]
[2025-01-29 13:10:39,288][__main__][INFO] - [1, 11, 18], []
[2025-01-29 13:10:39,314][__main__][INFO] - [1, 11, 19], []
[2025-01-29 13:10:39,337][__main__][INFO] - [1, 11, 20], []
[2025-01-29 13:10:39,390][__main__][INFO] - [1, 11, 23], []
[2025-01-29 13:10:39,458][__main__][INFO] - [1, 12, 16], []
[2025-01-29 13:10:39,488][__main__][INFO] - [1, 12], [16]
[2025-01-29 13:10:39,533][__main__][INFO] - [1, 12, 18], []
[2025-01-29 13:10:39,557][__main__][INFO] - [1, 12, 19], []
[2025-01-29 13:10:39,626][__main__][INFO] - [1, 12, 23], []
[2025-01-29 13:10:39,708][__main__][INFO] - [1, 13, 16], []
[2025-01-29 13:10:39,732][__main__][INFO] - [1, 13], [16]
[2025-01-29 13:10:39,770][__main__][INFO] - [1, 13, 18], []
[2025-01-29 13:10:39,808][__main__][INFO] - [1, 13, 20], []
[2025-01-29 13:10:39,921][__main__][INFO] - [1, 14, 16], []
[2025-01-29 13:10:39,944][__main__][INFO] - [1, 14], [16]
[2025-01-29 13:10:39,981][__main__][INFO] - [1, 14, 18], []
[2025-01-29 13:10:40,049][__main__][INFO] - [1, 14, 22], []
[2025-01-29 13:10:40,072][__main__][INFO] - [1, 14, 23], []
[2025-01-29 13:10:40,140][__main__][INFO] - [1, 15, 16], []
[2025-01-29 13:10:40,169][__main__][INFO] - [1, 15], [16]
[2025-01-29 13:10:40,202][__main__][INFO] - [1, 15, 17], []
[2025-01-29 13:10:40,231][__main__][INFO] - [1, 15, 18], []
[2025-01-29 13:10:40,263][__main__][INFO] - [1, 15, 19], []
[2025-01-29 13:10:40,286][__main__][INFO] - [1, 15, 20], []
[2025-01-29 13:10:40,309][__main__][INFO] - [1, 15, 21], []
[2025-01-29 13:10:40,347][__main__][INFO] - [1, 15, 23], []
[2025-01-29 13:10:40,370][__main__][INFO] - [1, 15, 24], []
[2025-01-29 13:10:40,423][__main__][INFO] - [1, 16, 17], []
[2025-01-29 13:10:40,455][__main__][INFO] - [1, 16, 18], []
[2025-01-29 13:10:40,529][__main__][INFO] - [1, 16, 19], []
[2025-01-29 13:10:40,555][__main__][INFO] - [1, 16, 20], []
[2025-01-29 13:10:40,581][__main__][INFO] - [1, 16, 21], []
[2025-01-29 13:10:40,604][__main__][INFO] - [1, 16, 22], []
[2025-01-29 13:10:40,627][__main__][INFO] - [1, 16, 23], []
[2025-01-29 13:10:40,662][__main__][INFO] - [1, 16, 24], []
[2025-01-29 13:10:40,714][__main__][INFO] - [1, 17], [16]
[2025-01-29 13:10:40,749][__main__][INFO] - [1, 18], [16]
[2025-01-29 13:10:40,830][__main__][INFO] - [1, 19], [16]
[2025-01-29 13:10:40,856][__main__][INFO] - [1, 20], [16]
[2025-01-29 13:10:40,882][__main__][INFO] - [1, 21], [16]
[2025-01-29 13:10:40,904][__main__][INFO] - [1, 22], [16]
[2025-01-29 13:10:40,927][__main__][INFO] - [1, 23], [16]
[2025-01-29 13:10:40,962][__main__][INFO] - [1, 24], [16]
[2025-01-29 13:10:41,029][__main__][INFO] - [2, 10, 16], []
[2025-01-29 13:10:41,108][__main__][INFO] - [2, 10], [16]
[2025-01-29 13:10:41,195][__main__][INFO] - [2, 10, 17], []
[2025-01-29 13:10:41,227][__main__][INFO] - [2, 10, 18], []
[2025-01-29 13:10:41,335][__main__][INFO] - [2, 10, 19], []
[2025-01-29 13:10:41,363][__main__][INFO] - [2, 10, 20], []
[2025-01-29 13:10:41,390][__main__][INFO] - [2, 10, 21], []
[2025-01-29 13:10:41,414][__main__][INFO] - [2, 10, 22], []
[2025-01-29 13:10:41,437][__main__][INFO] - [2, 10, 23], []
[2025-01-29 13:10:41,469][__main__][INFO] - [2, 10, 24], []
[2025-01-29 13:10:41,522][__main__][INFO] - [2, 11, 16], []
[2025-01-29 13:10:41,546][__main__][INFO] - [2, 11], [16]
[2025-01-29 13:10:41,586][__main__][INFO] - [2, 11, 18], []
[2025-01-29 13:10:41,613][__main__][INFO] - [2, 11, 19], []
[2025-01-29 13:10:41,681][__main__][INFO] - [2, 11, 23], []
[2025-01-29 13:10:41,749][__main__][INFO] - [2, 12, 16], []
[2025-01-29 13:10:41,782][__main__][INFO] - [2, 12], [16]
[2025-01-29 13:10:41,831][__main__][INFO] - [2, 12, 18], []
[2025-01-29 13:10:41,855][__main__][INFO] - [2, 12, 19], []
[2025-01-29 13:10:41,924][__main__][INFO] - [2, 12, 23], []
[2025-01-29 13:10:42,011][__main__][INFO] - [2, 13, 16], []
[2025-01-29 13:10:42,034][__main__][INFO] - [2, 13], [16]
[2025-01-29 13:10:42,073][__main__][INFO] - [2, 13, 18], []
[2025-01-29 13:10:42,111][__main__][INFO] - [2, 13, 20], []
[2025-01-29 13:10:42,164][__main__][INFO] - [2, 13, 23], []
[2025-01-29 13:10:42,233][__main__][INFO] - [2, 14, 16], []
[2025-01-29 13:10:42,256][__main__][INFO] - [2, 14], [16]
[2025-01-29 13:10:42,294][__main__][INFO] - [2, 14, 18], []
[2025-01-29 13:10:42,361][__main__][INFO] - [2, 14, 22], []
[2025-01-29 13:10:42,385][__main__][INFO] - [2, 14, 23], []
[2025-01-29 13:10:42,453][__main__][INFO] - [2, 15, 16], []
[2025-01-29 13:10:42,486][__main__][INFO] - [2, 15], [16]
[2025-01-29 13:10:42,524][__main__][INFO] - [2, 15, 17], []
[2025-01-29 13:10:42,557][__main__][INFO] - [2, 15, 18], []
[2025-01-29 13:10:42,594][__main__][INFO] - [2, 15, 19], []
[2025-01-29 13:10:42,617][__main__][INFO] - [2, 15, 20], []
[2025-01-29 13:10:42,640][__main__][INFO] - [2, 15, 21], []
[2025-01-29 13:10:42,679][__main__][INFO] - [2, 15, 23], []
[2025-01-29 13:10:42,702][__main__][INFO] - [2, 15, 24], []
[2025-01-29 13:10:42,755][__main__][INFO] - [2, 16, 17], []
[2025-01-29 13:10:42,785][__main__][INFO] - [2, 16, 18], []
[2025-01-29 13:10:42,853][__main__][INFO] - [2, 16, 19], []
[2025-01-29 13:10:42,878][__main__][INFO] - [2, 16, 20], []
[2025-01-29 13:10:42,903][__main__][INFO] - [2, 16, 21], []
[2025-01-29 13:10:42,926][__main__][INFO] - [2, 16, 22], []
[2025-01-29 13:10:42,949][__main__][INFO] - [2, 16, 23], []
[2025-01-29 13:10:42,986][__main__][INFO] - [2, 16, 24], []
[2025-01-29 13:10:43,039][__main__][INFO] - [2, 17], [16]
[2025-01-29 13:10:43,072][__main__][INFO] - [2, 18], [16]
[2025-01-29 13:10:43,152][__main__][INFO] - [2, 19], [16]
[2025-01-29 13:10:43,177][__main__][INFO] - [2, 20], [16]
[2025-01-29 13:10:43,203][__main__][INFO] - [2, 21], [16]
[2025-01-29 13:10:43,226][__main__][INFO] - [2, 22], [16]
[2025-01-29 13:10:43,248][__main__][INFO] - [2, 23], [16]
[2025-01-29 13:10:43,285][__main__][INFO] - [2, 24], [16]
[2025-01-29 13:10:43,352][__main__][INFO] - [3, 10, 16], []
[2025-01-29 13:10:43,412][__main__][INFO] - [3, 10], [16]
[2025-01-29 13:10:43,476][__main__][INFO] - [3, 10, 17], []
[2025-01-29 13:10:43,503][__main__][INFO] - [3, 10, 18], []
[2025-01-29 13:10:43,588][__main__][INFO] - [3, 10, 19], []
[2025-01-29 13:10:43,614][__main__][INFO] - [3, 10, 20], []
[2025-01-29 13:10:43,641][__main__][INFO] - [3, 10, 21], []
[2025-01-29 13:10:43,664][__main__][INFO] - [3, 10, 22], []
[2025-01-29 13:10:43,688][__main__][INFO] - [3, 10, 23], []
[2025-01-29 13:10:43,714][__main__][INFO] - [3, 10, 24], []
[2025-01-29 13:10:43,767][__main__][INFO] - [3, 11, 16], []
[2025-01-29 13:10:43,791][__main__][INFO] - [3, 11], [16]
[2025-01-29 13:10:43,832][__main__][INFO] - [3, 11, 18], []
[2025-01-29 13:10:43,858][__main__][INFO] - [3, 11, 19], []
[2025-01-29 13:10:43,926][__main__][INFO] - [3, 11, 23], []
[2025-01-29 13:10:43,995][__main__][INFO] - [3, 12, 16], []
[2025-01-29 13:10:44,028][__main__][INFO] - [3, 12], [16]
[2025-01-29 13:10:44,077][__main__][INFO] - [3, 12, 18], []
[2025-01-29 13:10:44,101][__main__][INFO] - [3, 12, 19], []
[2025-01-29 13:10:44,169][__main__][INFO] - [3, 12, 23], []
[2025-01-29 13:10:44,257][__main__][INFO] - [3, 13, 16], []
[2025-01-29 13:10:44,280][__main__][INFO] - [3, 13], [16]
[2025-01-29 13:10:44,318][__main__][INFO] - [3, 13, 18], []
[2025-01-29 13:10:44,357][__main__][INFO] - [3, 13, 20], []
[2025-01-29 13:10:44,410][__main__][INFO] - [3, 13, 23], []
[2025-01-29 13:10:44,478][__main__][INFO] - [3, 14, 16], []
[2025-01-29 13:10:44,501][__main__][INFO] - [3, 14], [16]
[2025-01-29 13:10:44,539][__main__][INFO] - [3, 14, 18], []
[2025-01-29 13:10:44,562][__main__][INFO] - [3, 14, 19], []
[2025-01-29 13:10:44,615][__main__][INFO] - [3, 14, 22], []
[2025-01-29 13:10:44,638][__main__][INFO] - [3, 14, 23], []
[2025-01-29 13:10:44,706][__main__][INFO] - [3, 15, 16], []
[2025-01-29 13:10:44,741][__main__][INFO] - [3, 15], [16]
[2025-01-29 13:10:44,779][__main__][INFO] - [3, 15, 17], []
[2025-01-29 13:10:44,811][__main__][INFO] - [3, 15, 18], []
[2025-01-29 13:10:44,849][__main__][INFO] - [3, 15, 19], []
[2025-01-29 13:10:44,872][__main__][INFO] - [3, 15, 20], []
[2025-01-29 13:10:44,895][__main__][INFO] - [3, 15, 21], []
[2025-01-29 13:10:44,933][__main__][INFO] - [3, 15, 23], []
[2025-01-29 13:10:44,957][__main__][INFO] - [3, 15, 24], []
[2025-01-29 13:10:45,009][__main__][INFO] - [3, 16, 17], []
[2025-01-29 13:10:45,038][__main__][INFO] - [3, 16, 18], []
[2025-01-29 13:10:45,097][__main__][INFO] - [3, 16, 19], []
[2025-01-29 13:10:45,121][__main__][INFO] - [3, 16, 20], []
[2025-01-29 13:10:45,146][__main__][INFO] - [3, 16, 21], []
[2025-01-29 13:10:45,169][__main__][INFO] - [3, 16, 22], []
[2025-01-29 13:10:45,193][__main__][INFO] - [3, 16, 23], []
[2025-01-29 13:10:45,227][__main__][INFO] - [3, 16, 24], []
[2025-01-29 13:10:45,280][__main__][INFO] - [3, 17], [16]
[2025-01-29 13:10:45,310][__main__][INFO] - [3, 18], [16]
[2025-01-29 13:10:45,375][__main__][INFO] - [3, 19], [16]
[2025-01-29 13:10:45,399][__main__][INFO] - [3, 20], [16]
[2025-01-29 13:10:45,424][__main__][INFO] - [3, 21], [16]
[2025-01-29 13:10:45,447][__main__][INFO] - [3, 22], [16]
[2025-01-29 13:10:45,470][__main__][INFO] - [3, 23], [16]
[2025-01-29 13:10:45,504][__main__][INFO] - [3, 24], [16]
[2025-01-29 13:10:45,571][__main__][INFO] - [4, 10, 16], []
[2025-01-29 13:10:45,642][__main__][INFO] - [4, 10], [16]
[2025-01-29 13:10:45,719][__main__][INFO] - [4, 10, 17], []
[2025-01-29 13:10:45,745][__main__][INFO] - [4, 10, 18], []
[2025-01-29 13:10:45,854][__main__][INFO] - [4, 10, 19], []
[2025-01-29 13:10:45,880][__main__][INFO] - [4, 10, 20], []
[2025-01-29 13:10:45,908][__main__][INFO] - [4, 10, 21], []
[2025-01-29 13:10:45,931][__main__][INFO] - [4, 10, 22], []
[2025-01-29 13:10:45,954][__main__][INFO] - [4, 10, 23], []
[2025-01-29 13:10:45,980][__main__][INFO] - [4, 10, 24], []
[2025-01-29 13:10:46,033][__main__][INFO] - [4, 11, 16], []
[2025-01-29 13:10:46,058][__main__][INFO] - [4, 11], [16]
[2025-01-29 13:10:46,098][__main__][INFO] - [4, 11, 18], []
[2025-01-29 13:10:46,125][__main__][INFO] - [4, 11, 19], []
[2025-01-29 13:10:46,148][__main__][INFO] - [4, 11, 20], []
[2025-01-29 13:10:46,202][__main__][INFO] - [4, 11, 23], []
[2025-01-29 13:10:46,270][__main__][INFO] - [4, 12, 16], []
[2025-01-29 13:10:46,307][__main__][INFO] - [4, 12], [16]
[2025-01-29 13:10:46,356][__main__][INFO] - [4, 12, 18], []
[2025-01-29 13:10:46,381][__main__][INFO] - [4, 12, 19], []
[2025-01-29 13:10:46,449][__main__][INFO] - [4, 12, 23], []
[2025-01-29 13:10:46,541][__main__][INFO] - [4, 13, 16], []
[2025-01-29 13:10:46,565][__main__][INFO] - [4, 13], [16]
[2025-01-29 13:10:46,603][__main__][INFO] - [4, 13, 18], []
[2025-01-29 13:10:46,641][__main__][INFO] - [4, 13, 20], []
[2025-01-29 13:10:46,694][__main__][INFO] - [4, 13, 23], []
[2025-01-29 13:10:46,762][__main__][INFO] - [4, 14, 16], []
[2025-01-29 13:10:46,785][__main__][INFO] - [4, 14], [16]
[2025-01-29 13:10:46,823][__main__][INFO] - [4, 14, 18], []
[2025-01-29 13:10:46,846][__main__][INFO] - [4, 14, 19], []
[2025-01-29 13:10:46,898][__main__][INFO] - [4, 14, 22], []
[2025-01-29 13:10:46,981][__main__][INFO] - [4, 15, 16], []
[2025-01-29 13:10:47,019][__main__][INFO] - [4, 15], [16]
[2025-01-29 13:10:47,061][__main__][INFO] - [4, 15, 17], []
[2025-01-29 13:10:47,097][__main__][INFO] - [4, 15, 18], []
[2025-01-29 13:10:47,138][__main__][INFO] - [4, 15, 19], []
[2025-01-29 13:10:47,161][__main__][INFO] - [4, 15, 20], []
[2025-01-29 13:10:47,184][__main__][INFO] - [4, 15, 21], []
[2025-01-29 13:10:47,223][__main__][INFO] - [4, 15, 23], []
[2025-01-29 13:10:47,246][__main__][INFO] - [4, 15, 24], []
[2025-01-29 13:10:47,299][__main__][INFO] - [4, 16, 17], []
[2025-01-29 13:10:47,328][__main__][INFO] - [4, 16, 18], []
[2025-01-29 13:10:47,400][__main__][INFO] - [4, 16, 19], []
[2025-01-29 13:10:47,424][__main__][INFO] - [4, 16, 20], []
[2025-01-29 13:10:47,449][__main__][INFO] - [4, 16, 21], []
[2025-01-29 13:10:47,472][__main__][INFO] - [4, 16, 22], []
[2025-01-29 13:10:47,495][__main__][INFO] - [4, 16, 23], []
[2025-01-29 13:10:47,532][__main__][INFO] - [4, 16, 24], []
[2025-01-29 13:10:47,585][__main__][INFO] - [4, 17], [16]
[2025-01-29 13:10:47,616][__main__][INFO] - [4, 18], [16]
[2025-01-29 13:10:47,697][__main__][INFO] - [4, 19], [16]
[2025-01-29 13:10:47,721][__main__][INFO] - [4, 20], [16]
[2025-01-29 13:10:47,747][__main__][INFO] - [4, 21], [16]
[2025-01-29 13:10:47,770][__main__][INFO] - [4, 22], [16]
[2025-01-29 13:10:47,793][__main__][INFO] - [4, 23], [16]
[2025-01-29 13:10:47,828][__main__][INFO] - [4, 24], [16]
[2025-01-29 13:10:47,895][__main__][INFO] - [5, 10, 16], []
[2025-01-29 13:10:47,964][__main__][INFO] - [5, 10], [16]
[2025-01-29 13:10:48,038][__main__][INFO] - [5, 10, 17], []
[2025-01-29 13:10:48,063][__main__][INFO] - [5, 10, 18], []
[2025-01-29 13:10:48,173][__main__][INFO] - [5, 10, 19], []
[2025-01-29 13:10:48,198][__main__][INFO] - [5, 10, 20], []
[2025-01-29 13:10:48,225][__main__][INFO] - [5, 10, 21], []
[2025-01-29 13:10:48,249][__main__][INFO] - [5, 10, 22], []
[2025-01-29 13:10:48,272][__main__][INFO] - [5, 10, 23], []
[2025-01-29 13:10:48,297][__main__][INFO] - [5, 10, 24], []
[2025-01-29 13:10:48,350][__main__][INFO] - [5, 11, 16], []
[2025-01-29 13:10:48,374][__main__][INFO] - [5, 11], [16]
[2025-01-29 13:10:48,414][__main__][INFO] - [5, 11, 18], []
[2025-01-29 13:10:48,440][__main__][INFO] - [5, 11, 19], []
[2025-01-29 13:10:48,568][__main__][INFO] - [5, 12, 16], []
[2025-01-29 13:10:48,601][__main__][INFO] - [5, 12], [16]
[2025-01-29 13:10:48,650][__main__][INFO] - [5, 12, 18], []
[2025-01-29 13:10:48,676][__main__][INFO] - [5, 12, 19], []
[2025-01-29 13:10:48,744][__main__][INFO] - [5, 12, 23], []
[2025-01-29 13:10:48,832][__main__][INFO] - [5, 13, 16], []
[2025-01-29 13:10:48,855][__main__][INFO] - [5, 13], [16]
[2025-01-29 13:10:48,893][__main__][INFO] - [5, 13, 18], []
[2025-01-29 13:10:48,931][__main__][INFO] - [5, 13, 20], []
[2025-01-29 13:10:48,985][__main__][INFO] - [5, 13, 23], []
[2025-01-29 13:10:49,053][__main__][INFO] - [5, 14, 16], []
[2025-01-29 13:10:49,076][__main__][INFO] - [5, 14], [16]
[2025-01-29 13:10:49,114][__main__][INFO] - [5, 14, 18], []
[2025-01-29 13:10:49,137][__main__][INFO] - [5, 14, 19], []
[2025-01-29 13:10:49,190][__main__][INFO] - [5, 14, 22], []
[2025-01-29 13:10:49,213][__main__][INFO] - [5, 14, 23], []
[2025-01-29 13:10:49,281][__main__][INFO] - [5, 15, 16], []
[2025-01-29 13:10:49,313][__main__][INFO] - [5, 15], [16]
[2025-01-29 13:10:49,348][__main__][INFO] - [5, 15, 17], []
[2025-01-29 13:10:49,377][__main__][INFO] - [5, 15, 18], []
[2025-01-29 13:10:49,413][__main__][INFO] - [5, 15, 19], []
[2025-01-29 13:10:49,436][__main__][INFO] - [5, 15, 20], []
[2025-01-29 13:10:49,459][__main__][INFO] - [5, 15, 21], []
[2025-01-29 13:10:49,497][__main__][INFO] - [5, 15, 23], []
[2025-01-29 13:10:49,520][__main__][INFO] - [5, 15, 24], []
[2025-01-29 13:10:49,573][__main__][INFO] - [5, 16, 17], []
[2025-01-29 13:10:49,599][__main__][INFO] - [5, 16, 18], []
[2025-01-29 13:10:49,669][__main__][INFO] - [5, 16, 19], []
[2025-01-29 13:10:49,693][__main__][INFO] - [5, 16, 20], []
[2025-01-29 13:10:49,718][__main__][INFO] - [5, 16, 21], []
[2025-01-29 13:10:49,741][__main__][INFO] - [5, 16, 22], []
[2025-01-29 13:10:49,763][__main__][INFO] - [5, 16, 23], []
[2025-01-29 13:10:49,797][__main__][INFO] - [5, 16, 24], []
[2025-01-29 13:10:49,850][__main__][INFO] - [5, 17], [16]
[2025-01-29 13:10:49,877][__main__][INFO] - [5, 18], [16]
[2025-01-29 13:10:49,955][__main__][INFO] - [5, 19], [16]
[2025-01-29 13:10:49,980][__main__][INFO] - [5, 20], [16]
[2025-01-29 13:10:50,004][__main__][INFO] - [5, 21], [16]
[2025-01-29 13:10:50,027][__main__][INFO] - [5, 22], [16]
[2025-01-29 13:10:50,050][__main__][INFO] - [5, 23], [16]
[2025-01-29 13:10:50,083][__main__][INFO] - [5, 24], [16]
[2025-01-29 13:10:50,150][__main__][INFO] - [6, 10, 16], []
[2025-01-29 13:10:50,192][__main__][INFO] - [6, 10], [16]
[2025-01-29 13:10:50,236][__main__][INFO] - [6, 10, 17], []
[2025-01-29 13:10:50,259][__main__][INFO] - [6, 10, 18], []
[2025-01-29 13:10:50,319][__main__][INFO] - [6, 10, 19], []
[2025-01-29 13:10:50,343][__main__][INFO] - [6, 10, 20], []
[2025-01-29 13:10:50,367][__main__][INFO] - [6, 10, 21], []
[2025-01-29 13:10:50,390][__main__][INFO] - [6, 10, 22], []
[2025-01-29 13:10:50,413][__main__][INFO] - [6, 10, 23], []
[2025-01-29 13:10:50,482][__main__][INFO] - [6, 11, 16], []
[2025-01-29 13:10:50,505][__main__][INFO] - [6, 11], [16]
[2025-01-29 13:10:50,544][__main__][INFO] - [6, 11, 18], []
[2025-01-29 13:10:50,688][__main__][INFO] - [6, 12, 16], []
[2025-01-29 13:10:50,714][__main__][INFO] - [6, 12], [16]
[2025-01-29 13:10:50,756][__main__][INFO] - [6, 12, 18], []
[2025-01-29 13:10:50,779][__main__][INFO] - [6, 12, 19], []
[2025-01-29 13:10:50,848][__main__][INFO] - [6, 12, 23], []
[2025-01-29 13:10:50,922][__main__][INFO] - [6, 13, 16], []
[2025-01-29 13:10:50,945][__main__][INFO] - [6, 13], [16]
[2025-01-29 13:10:50,983][__main__][INFO] - [6, 13, 18], []
[2025-01-29 13:10:51,021][__main__][INFO] - [6, 13, 20], []
[2025-01-29 13:10:51,148][__main__][INFO] - [6, 14], [16]
[2025-01-29 13:10:51,321][__main__][INFO] - [6, 15, 16], []
[2025-01-29 13:10:51,346][__main__][INFO] - [6, 15], [16]
[2025-01-29 13:10:51,372][__main__][INFO] - [6, 15, 17], []
[2025-01-29 13:10:51,396][__main__][INFO] - [6, 15, 18], []
[2025-01-29 13:10:51,422][__main__][INFO] - [6, 15, 19], []
[2025-01-29 13:10:51,445][__main__][INFO] - [6, 15, 20], []
[2025-01-29 13:10:51,498][__main__][INFO] - [6, 15, 23], []
[2025-01-29 13:10:51,566][__main__][INFO] - [6, 16, 17], []
[2025-01-29 13:10:51,589][__main__][INFO] - [6, 16, 18], []
[2025-01-29 13:10:51,630][__main__][INFO] - [6, 16, 19], []
[2025-01-29 13:10:51,653][__main__][INFO] - [6, 16, 20], []
[2025-01-29 13:10:51,676][__main__][INFO] - [6, 16, 21], []
[2025-01-29 13:10:51,699][__main__][INFO] - [6, 16, 22], []
[2025-01-29 13:10:51,722][__main__][INFO] - [6, 16, 23], []
[2025-01-29 13:10:51,793][__main__][INFO] - [6, 17], [16]
[2025-01-29 13:10:51,816][__main__][INFO] - [6, 18], [16]
[2025-01-29 13:10:51,861][__main__][INFO] - [6, 19], [16]
[2025-01-29 13:10:51,884][__main__][INFO] - [6, 20], [16]
[2025-01-29 13:10:51,908][__main__][INFO] - [6, 21], [16]
[2025-01-29 13:10:51,930][__main__][INFO] - [6, 22], [16]
[2025-01-29 13:10:51,953][__main__][INFO] - [6, 23], [16]
[2025-01-29 13:10:52,039][__main__][INFO] - [7, 10, 16], []
[2025-01-29 13:10:52,067][__main__][INFO] - [7, 10], [16]
[2025-01-29 13:10:52,098][__main__][INFO] - [7, 10, 17], []
[2025-01-29 13:10:52,120][__main__][INFO] - [7, 10, 18], []
[2025-01-29 13:10:52,155][__main__][INFO] - [7, 10, 19], []
[2025-01-29 13:10:52,178][__main__][INFO] - [7, 10, 20], []
[2025-01-29 13:10:52,202][__main__][INFO] - [7, 10, 21], []
[2025-01-29 13:10:52,240][__main__][INFO] - [7, 10, 23], []
[2025-01-29 13:10:52,308][__main__][INFO] - [7, 11, 16], []
[2025-01-29 13:10:52,331][__main__][INFO] - [7, 11], [16]
[2025-01-29 13:10:52,369][__main__][INFO] - [7, 11, 18], []
[2025-01-29 13:10:52,513][__main__][INFO] - [7, 12, 16], []
[2025-01-29 13:10:52,536][__main__][INFO] - [7, 12], [16]
[2025-01-29 13:10:52,575][__main__][INFO] - [7, 12, 18], []
[2025-01-29 13:10:52,598][__main__][INFO] - [7, 12, 19], []
[2025-01-29 13:10:52,666][__main__][INFO] - [7, 12, 23], []
[2025-01-29 13:10:52,750][__main__][INFO] - [7, 13], [16]
[2025-01-29 13:10:52,788][__main__][INFO] - [7, 13, 18], []
[2025-01-29 13:10:53,110][__main__][INFO] - [7, 15, 16], []
[2025-01-29 13:10:53,133][__main__][INFO] - [7, 15], [16]
[2025-01-29 13:10:53,156][__main__][INFO] - [7, 15, 17], []
[2025-01-29 13:10:53,179][__main__][INFO] - [7, 15, 18], []
[2025-01-29 13:10:53,202][__main__][INFO] - [7, 15, 19], []
[2025-01-29 13:10:53,330][__main__][INFO] - [7, 16, 17], []
[2025-01-29 13:10:53,352][__main__][INFO] - [7, 16, 18], []
[2025-01-29 13:10:53,380][__main__][INFO] - [7, 16, 19], []
[2025-01-29 13:10:53,403][__main__][INFO] - [7, 16, 20], []
[2025-01-29 13:10:53,426][__main__][INFO] - [7, 16, 21], []
[2025-01-29 13:10:53,465][__main__][INFO] - [7, 16, 23], []
[2025-01-29 13:10:53,535][__main__][INFO] - [7, 17], [16]
[2025-01-29 13:10:53,558][__main__][INFO] - [7, 18], [16]
[2025-01-29 13:10:53,588][__main__][INFO] - [7, 19], [16]
[2025-01-29 13:10:53,611][__main__][INFO] - [7, 20], [16]
[2025-01-29 13:10:53,634][__main__][INFO] - [7, 21], [16]
[2025-01-29 13:10:53,671][__main__][INFO] - [7, 23], [16]
[2025-01-29 13:10:53,754][__main__][INFO] - [8, 10, 16], []
[2025-01-29 13:10:53,778][__main__][INFO] - [8, 10], [16]
[2025-01-29 13:10:53,818][__main__][INFO] - [8, 10, 18], []
[2025-01-29 13:10:53,843][__main__][INFO] - [8, 10, 19], []
[2025-01-29 13:10:53,866][__main__][INFO] - [8, 10, 20], []
[2025-01-29 13:10:53,919][__main__][INFO] - [8, 10, 23], []
[2025-01-29 13:10:53,987][__main__][INFO] - [8, 11, 16], []
[2025-01-29 13:10:54,009][__main__][INFO] - [8, 11], [16]
[2025-01-29 13:10:54,047][__main__][INFO] - [8, 11, 18], []
[2025-01-29 13:10:54,190][__main__][INFO] - [8, 12, 16], []
[2025-01-29 13:10:54,213][__main__][INFO] - [8, 12], [16]
[2025-01-29 13:10:54,250][__main__][INFO] - [8, 12, 18], []
[2025-01-29 13:10:54,333][__main__][INFO] - [8, 12, 23], []
[2025-01-29 13:10:54,430][__main__][INFO] - [8, 15, 16], []
[2025-01-29 13:10:54,453][__main__][INFO] - [8, 15], [16]
[2025-01-29 13:10:54,491][__main__][INFO] - [8, 15, 18], []
[2025-01-29 13:10:54,649][__main__][INFO] - [8, 16, 18], []
[2025-01-29 13:10:54,673][__main__][INFO] - [8, 16, 19], []
[2025-01-29 13:10:54,695][__main__][INFO] - [8, 16, 20], []
[2025-01-29 13:10:54,748][__main__][INFO] - [8, 16, 23], []
[2025-01-29 13:10:54,816][__main__][INFO] - [8, 17], [16]
[2025-01-29 13:10:54,839][__main__][INFO] - [8, 18], [16]
[2025-01-29 13:10:54,863][__main__][INFO] - [8, 19], [16]
[2025-01-29 13:10:54,885][__main__][INFO] - [8, 20], [16]
[2025-01-29 13:10:54,938][__main__][INFO] - [8, 23], [16]
[2025-01-29 13:10:55,020][__main__][INFO] - [9, 10, 16], []
[2025-01-29 13:10:55,043][__main__][INFO] - [9, 10], [16]
[2025-01-29 13:10:55,081][__main__][INFO] - [9, 10, 18], []
[2025-01-29 13:10:55,478][__main__][INFO] - [9, 16, 18], []
[2025-01-29 13:10:55,636][__main__][INFO] - [9, 18], [16]
[2025-01-29 13:10:55,793][__main__][INFO] - [10, 16, 17], []
[2025-01-29 13:10:55,838][__main__][INFO] - [10, 16, 18], []
[2025-01-29 13:10:56,118][__main__][INFO] - [10, 16, 19], []
[2025-01-29 13:10:56,153][__main__][INFO] - [10, 16, 20], []
[2025-01-29 13:10:56,190][__main__][INFO] - [10, 16, 21], []
[2025-01-29 13:10:56,214][__main__][INFO] - [10, 16, 22], []
[2025-01-29 13:10:56,238][__main__][INFO] - [10, 16, 23], []
[2025-01-29 13:10:56,278][__main__][INFO] - [10, 16, 24], []
[2025-01-29 13:10:56,331][__main__][INFO] - [10, 17], [16]
[2025-01-29 13:10:56,379][__main__][INFO] - [10, 18], [16]
[2025-01-29 13:10:56,692][__main__][INFO] - [10, 19], [16]
[2025-01-29 13:10:56,728][__main__][INFO] - [10, 20], [16]
[2025-01-29 13:10:56,764][__main__][INFO] - [10, 21], [16]
[2025-01-29 13:10:56,788][__main__][INFO] - [10, 22], [16]
[2025-01-29 13:10:56,812][__main__][INFO] - [10, 23], [16]
[2025-01-29 13:10:56,852][__main__][INFO] - [10, 24], [16]
[2025-01-29 13:10:56,920][__main__][INFO] - [11, 16, 17], []
[2025-01-29 13:10:56,942][__main__][INFO] - [11, 16, 18], []
[2025-01-29 13:10:56,971][__main__][INFO] - [11, 16, 19], []
[2025-01-29 13:10:56,994][__main__][INFO] - [11, 16, 20], []
[2025-01-29 13:10:57,047][__main__][INFO] - [11, 16, 23], []
[2025-01-29 13:10:57,115][__main__][INFO] - [11, 17], [16]
[2025-01-29 13:10:57,138][__main__][INFO] - [11, 18], [16]
[2025-01-29 13:10:57,170][__main__][INFO] - [11, 19], [16]
[2025-01-29 13:10:57,192][__main__][INFO] - [11, 20], [16]
[2025-01-29 13:10:57,245][__main__][INFO] - [11, 23], [16]
[2025-01-29 13:10:57,327][__main__][INFO] - [12, 16, 17], []
[2025-01-29 13:10:57,349][__main__][INFO] - [12, 16, 18], []
[2025-01-29 13:10:57,374][__main__][INFO] - [12, 16, 19], []
[2025-01-29 13:10:57,442][__main__][INFO] - [12, 16, 23], []
[2025-01-29 13:10:57,564][__main__][INFO] - [12, 17], [16]
[2025-01-29 13:10:57,586][__main__][INFO] - [12, 18], [16]
[2025-01-29 13:10:57,613][__main__][INFO] - [12, 19], [16]
[2025-01-29 13:10:57,681][__main__][INFO] - [12, 23], [16]
[2025-01-29 13:10:57,831][__main__][INFO] - [13, 16, 18], []
[2025-01-29 13:10:57,854][__main__][INFO] - [13, 16, 19], []
[2025-01-29 13:10:57,876][__main__][INFO] - [13, 16, 20], []
[2025-01-29 13:10:57,929][__main__][INFO] - [13, 16, 23], []
[2025-01-29 13:10:58,011][__main__][INFO] - [13, 18], [16]
[2025-01-29 13:10:58,034][__main__][INFO] - [13, 19], [16]
[2025-01-29 13:10:58,057][__main__][INFO] - [13, 20], [16]
[2025-01-29 13:10:58,110][__main__][INFO] - [13, 23], [16]
[2025-01-29 13:10:58,207][__main__][INFO] - [14, 16, 18], []
[2025-01-29 13:10:58,229][__main__][INFO] - [14, 16, 19], []
[2025-01-29 13:10:58,281][__main__][INFO] - [14, 16, 22], []
[2025-01-29 13:10:58,303][__main__][INFO] - [14, 16, 23], []
[2025-01-29 13:10:58,386][__main__][INFO] - [14, 18], [16]
[2025-01-29 13:10:58,408][__main__][INFO] - [14, 19], [16]
[2025-01-29 13:10:58,460][__main__][INFO] - [14, 22], [16]
[2025-01-29 13:10:58,483][__main__][INFO] - [14, 23], [16]
[2025-01-29 13:10:58,564][__main__][INFO] - [15, 16, 17], []
[2025-01-29 13:10:58,606][__main__][INFO] - [15, 16, 18], []
[2025-01-29 13:10:58,660][__main__][INFO] - [15, 16, 19], []
[2025-01-29 13:10:58,683][__main__][INFO] - [15, 16, 20], []
[2025-01-29 13:10:58,706][__main__][INFO] - [15, 16, 21], []
[2025-01-29 13:10:58,743][__main__][INFO] - [15, 16, 23], []
[2025-01-29 13:10:58,766][__main__][INFO] - [15, 16, 24], []
[2025-01-29 13:10:58,818][__main__][INFO] - [15, 17], [16]
[2025-01-29 13:10:58,870][__main__][INFO] - [15, 18], [16]
[2025-01-29 13:10:58,935][__main__][INFO] - [15, 19], [16]
[2025-01-29 13:10:58,958][__main__][INFO] - [15, 20], [16]
[2025-01-29 13:10:58,980][__main__][INFO] - [15, 21], [16]
[2025-01-29 13:10:59,018][__main__][INFO] - [15, 23], [16]
[2025-01-29 13:10:59,040][__main__][INFO] - [15, 24], [16]
[2025-01-29 23:40:32,067][__main__][INFO] - In total, there are 1229 possible subgroups
[2025-01-29 23:40:32,097][__main__][INFO] - [0], []
[2025-01-29 23:40:32,274][__main__][INFO] - [1], []
[2025-01-29 23:40:32,505][__main__][INFO] - [2], []
[2025-01-29 23:40:32,726][__main__][INFO] - [3], []
[2025-01-29 23:40:32,901][__main__][INFO] - [4], []
[2025-01-29 23:40:33,112][__main__][INFO] - [5], []
[2025-01-29 23:40:33,299][__main__][INFO] - [6], []
[2025-01-29 23:40:33,381][__main__][INFO] - [7], []
[2025-01-29 23:40:33,418][__main__][INFO] - [8], []
[2025-01-29 23:40:33,440][__main__][INFO] - [9], []
[2025-01-29 23:40:33,459][__main__][INFO] - [10], []
[2025-01-29 23:40:34,328][__main__][INFO] - [11], []
[2025-01-29 23:40:34,367][__main__][INFO] - [12], []
[2025-01-29 23:40:34,523][__main__][INFO] - [13], []
[2025-01-29 23:40:34,545][__main__][INFO] - [14], []
[2025-01-29 23:40:34,566][__main__][INFO] - [15], []
[2025-01-29 23:40:34,753][__main__][INFO] - [16], []
[2025-01-29 23:40:35,321][__main__][INFO] - [], [16]
[2025-01-29 23:40:35,962][__main__][INFO] - [17], []
[2025-01-29 23:40:36,093][__main__][INFO] - [18], []
[2025-01-29 23:40:36,856][__main__][INFO] - [19], []
[2025-01-29 23:40:36,909][__main__][INFO] - [20], []
[2025-01-29 23:40:36,964][__main__][INFO] - [21], []
[2025-01-29 23:40:36,986][__main__][INFO] - [22], []
[2025-01-29 23:40:37,007][__main__][INFO] - [23], []
[2025-01-29 23:40:37,193][__main__][INFO] - [24], []
[2025-01-29 23:40:37,213][__main__][INFO] - [25], []
[2025-01-29 23:40:37,265][__main__][INFO] - [0, 10], []
[2025-01-29 23:40:37,427][__main__][INFO] - [0, 11], []
[2025-01-29 23:40:37,450][__main__][INFO] - [0, 12], []
[2025-01-29 23:40:37,477][__main__][INFO] - [0, 13], []
[2025-01-29 23:40:37,499][__main__][INFO] - [0, 14], []
[2025-01-29 23:40:37,520][__main__][INFO] - [0, 15], []
[2025-01-29 23:40:37,549][__main__][INFO] - [0, 16], []
[2025-01-29 23:40:37,645][__main__][INFO] - [0], [16]
[2025-01-29 23:40:37,741][__main__][INFO] - [0, 17], []
[2025-01-29 23:40:37,782][__main__][INFO] - [0, 18], []
[2025-01-29 23:40:37,890][__main__][INFO] - [0, 19], []
[2025-01-29 23:40:37,920][__main__][INFO] - [0, 20], []
[2025-01-29 23:40:37,947][__main__][INFO] - [0, 21], []
[2025-01-29 23:40:37,969][__main__][INFO] - [0, 22], []
[2025-01-29 23:40:37,994][__main__][INFO] - [0, 23], []
[2025-01-29 23:40:38,031][__main__][INFO] - [0, 24], []
[2025-01-29 23:40:38,083][__main__][INFO] - [1, 10], []
[2025-01-29 23:40:38,270][__main__][INFO] - [1, 11], []
[2025-01-29 23:40:38,294][__main__][INFO] - [1, 12], []
[2025-01-29 23:40:38,331][__main__][INFO] - [1, 13], []
[2025-01-29 23:40:38,353][__main__][INFO] - [1, 14], []
[2025-01-29 23:40:38,375][__main__][INFO] - [1, 15], []
[2025-01-29 23:40:38,414][__main__][INFO] - [1, 16], []
[2025-01-29 23:40:38,535][__main__][INFO] - [1], [16]
[2025-01-29 23:40:38,658][__main__][INFO] - [1, 17], []
[2025-01-29 23:40:38,703][__main__][INFO] - [1, 18], []
[2025-01-29 23:40:38,841][__main__][INFO] - [1, 19], []
[2025-01-29 23:40:38,871][__main__][INFO] - [1, 20], []
[2025-01-29 23:40:38,899][__main__][INFO] - [1, 21], []
[2025-01-29 23:40:38,921][__main__][INFO] - [1, 22], []
[2025-01-29 23:40:38,943][__main__][INFO] - [1, 23], []
[2025-01-29 23:40:38,992][__main__][INFO] - [1, 24], []
[2025-01-29 23:40:39,044][__main__][INFO] - [2, 10], []
[2025-01-29 23:40:39,192][__main__][INFO] - [2, 11], []
[2025-01-29 23:40:39,217][__main__][INFO] - [2, 12], []
[2025-01-29 23:40:39,262][__main__][INFO] - [2, 13], []
[2025-01-29 23:40:39,284][__main__][INFO] - [2, 14], []
[2025-01-29 23:40:39,306][__main__][INFO] - [2, 15], []
[2025-01-29 23:40:39,356][__main__][INFO] - [2, 16], []
[2025-01-29 23:40:39,462][__main__][INFO] - [2], [16]
[2025-01-29 23:40:39,582][__main__][INFO] - [2, 17], []
[2025-01-29 23:40:39,625][__main__][INFO] - [2, 18], []
[2025-01-29 23:40:39,759][__main__][INFO] - [2, 19], []
[2025-01-29 23:40:39,786][__main__][INFO] - [2, 20], []
[2025-01-29 23:40:39,813][__main__][INFO] - [2, 21], []
[2025-01-29 23:40:39,835][__main__][INFO] - [2, 22], []
[2025-01-29 23:40:39,857][__main__][INFO] - [2, 23], []
[2025-01-29 23:40:39,907][__main__][INFO] - [2, 24], []
[2025-01-29 23:40:39,959][__main__][INFO] - [3, 10], []
[2025-01-29 23:40:40,064][__main__][INFO] - [3, 11], []
[2025-01-29 23:40:40,089][__main__][INFO] - [3, 12], []
[2025-01-29 23:40:40,133][__main__][INFO] - [3, 13], []
[2025-01-29 23:40:40,156][__main__][INFO] - [3, 14], []
[2025-01-29 23:40:40,178][__main__][INFO] - [3, 15], []
[2025-01-29 23:40:40,228][__main__][INFO] - [3, 16], []
[2025-01-29 23:40:40,316][__main__][INFO] - [3], [16]
[2025-01-29 23:40:40,415][__main__][INFO] - [3, 17], []
[2025-01-29 23:40:40,451][__main__][INFO] - [3, 18], []
[2025-01-29 23:40:40,559][__main__][INFO] - [3, 19], []
[2025-01-29 23:40:40,584][__main__][INFO] - [3, 20], []
[2025-01-29 23:40:40,610][__main__][INFO] - [3, 21], []
[2025-01-29 23:40:40,633][__main__][INFO] - [3, 22], []
[2025-01-29 23:40:40,655][__main__][INFO] - [3, 23], []
[2025-01-29 23:40:40,701][__main__][INFO] - [3, 24], []
[2025-01-29 23:40:40,752][__main__][INFO] - [4, 10], []
[2025-01-29 23:40:40,882][__main__][INFO] - [4, 11], []
[2025-01-29 23:40:40,908][__main__][INFO] - [4, 12], []
[2025-01-29 23:40:40,957][__main__][INFO] - [4, 13], []
[2025-01-29 23:40:40,979][__main__][INFO] - [4, 14], []
[2025-01-29 23:40:41,001][__main__][INFO] - [4, 15], []
[2025-01-29 23:40:41,059][__main__][INFO] - [4, 16], []
[2025-01-29 23:40:41,166][__main__][INFO] - [4], [16]
[2025-01-29 23:40:41,283][__main__][INFO] - [4, 17], []
[2025-01-29 23:40:41,322][__main__][INFO] - [4, 18], []
[2025-01-29 23:40:41,460][__main__][INFO] - [4, 19], []
[2025-01-29 23:40:41,485][__main__][INFO] - [4, 20], []
[2025-01-29 23:40:41,512][__main__][INFO] - [4, 21], []
[2025-01-29 23:40:41,535][__main__][INFO] - [4, 22], []
[2025-01-29 23:40:41,557][__main__][INFO] - [4, 23], []
[2025-01-29 23:40:41,606][__main__][INFO] - [4, 24], []
[2025-01-29 23:40:41,658][__main__][INFO] - [5, 10], []
[2025-01-29 23:40:41,785][__main__][INFO] - [5, 11], []
[2025-01-29 23:40:41,810][__main__][INFO] - [5, 12], []
[2025-01-29 23:40:41,855][__main__][INFO] - [5, 13], []
[2025-01-29 23:40:41,877][__main__][INFO] - [5, 14], []
[2025-01-29 23:40:41,899][__main__][INFO] - [5, 15], []
[2025-01-29 23:40:41,944][__main__][INFO] - [5, 16], []
[2025-01-29 23:40:42,039][__main__][INFO] - [5], [16]
[2025-01-29 23:40:42,145][__main__][INFO] - [5, 17], []
[2025-01-29 23:40:42,176][__main__][INFO] - [5, 18], []
[2025-01-29 23:40:42,309][__main__][INFO] - [5, 19], []
[2025-01-29 23:40:42,333][__main__][INFO] - [5, 20], []
[2025-01-29 23:40:42,360][__main__][INFO] - [5, 21], []
[2025-01-29 23:40:42,382][__main__][INFO] - [5, 22], []
[2025-01-29 23:40:42,404][__main__][INFO] - [5, 23], []
[2025-01-29 23:40:42,447][__main__][INFO] - [5, 24], []
[2025-01-29 23:40:42,499][__main__][INFO] - [6, 10], []
[2025-01-29 23:40:42,563][__main__][INFO] - [6, 11], []
[2025-01-29 23:40:42,586][__main__][INFO] - [6, 12], []
[2025-01-29 23:40:42,616][__main__][INFO] - [6, 13], []
[2025-01-29 23:40:42,638][__main__][INFO] - [6, 14], []
[2025-01-29 23:40:42,660][__main__][INFO] - [6, 15], []
[2025-01-29 23:40:42,688][__main__][INFO] - [6, 16], []
[2025-01-29 23:40:42,736][__main__][INFO] - [6], [16]
[2025-01-29 23:40:42,790][__main__][INFO] - [6, 17], []
[2025-01-29 23:40:42,814][__main__][INFO] - [6, 18], []
[2025-01-29 23:40:42,881][__main__][INFO] - [6, 19], []
[2025-01-29 23:40:42,903][__main__][INFO] - [6, 20], []
[2025-01-29 23:40:42,927][__main__][INFO] - [6, 21], []
[2025-01-29 23:40:42,948][__main__][INFO] - [6, 22], []
[2025-01-29 23:40:42,970][__main__][INFO] - [6, 23], []
[2025-01-29 23:40:43,000][__main__][INFO] - [6, 24], []
[2025-01-29 23:40:43,051][__main__][INFO] - [7, 10], []
[2025-01-29 23:40:43,086][__main__][INFO] - [7, 11], []
[2025-01-29 23:40:43,108][__main__][INFO] - [7, 12], []
[2025-01-29 23:40:43,132][__main__][INFO] - [7, 13], []
[2025-01-29 23:40:43,154][__main__][INFO] - [7, 14], []
[2025-01-29 23:40:43,175][__main__][INFO] - [7, 15], []
[2025-01-29 23:40:43,198][__main__][INFO] - [7, 16], []
[2025-01-29 23:40:43,227][__main__][INFO] - [7], [16]
[2025-01-29 23:40:43,259][__main__][INFO] - [7, 17], []
[2025-01-29 23:40:43,281][__main__][INFO] - [7, 18], []
[2025-01-29 23:40:43,321][__main__][INFO] - [7, 19], []
[2025-01-29 23:40:43,344][__main__][INFO] - [7, 20], []
[2025-01-29 23:40:43,366][__main__][INFO] - [7, 21], []
[2025-01-29 23:40:43,403][__main__][INFO] - [7, 23], []
[2025-01-29 23:40:43,472][__main__][INFO] - [8, 10], []
[2025-01-29 23:40:43,496][__main__][INFO] - [8, 11], []
[2025-01-29 23:40:43,518][__main__][INFO] - [8, 12], []
[2025-01-29 23:40:43,570][__main__][INFO] - [8, 15], []
[2025-01-29 23:40:43,592][__main__][INFO] - [8, 16], []
[2025-01-29 23:40:43,615][__main__][INFO] - [8], [16]
[2025-01-29 23:40:43,638][__main__][INFO] - [8, 17], []
[2025-01-29 23:40:43,660][__main__][INFO] - [8, 18], []
[2025-01-29 23:40:43,685][__main__][INFO] - [8, 19], []
[2025-01-29 23:40:43,706][__main__][INFO] - [8, 20], []
[2025-01-29 23:40:43,759][__main__][INFO] - [8, 23], []
[2025-01-29 23:40:43,826][__main__][INFO] - [9, 10], []
[2025-01-29 23:40:43,863][__main__][INFO] - [9, 12], []
[2025-01-29 23:40:43,931][__main__][INFO] - [9, 16], []
[2025-01-29 23:40:43,952][__main__][INFO] - [9], [16]
[2025-01-29 23:40:43,990][__main__][INFO] - [9, 18], []
[2025-01-29 23:40:44,073][__main__][INFO] - [9, 23], []
[2025-01-29 23:40:44,140][__main__][INFO] - [10, 16], []
[2025-01-29 23:40:44,533][__main__][INFO] - [10], [16]
[2025-01-29 23:40:44,962][__main__][INFO] - [10, 17], []
[2025-01-29 23:40:45,037][__main__][INFO] - [10, 18], []
[2025-01-29 23:40:45,650][__main__][INFO] - [10, 19], []
[2025-01-29 23:40:45,699][__main__][INFO] - [10, 20], []
[2025-01-29 23:40:45,753][__main__][INFO] - [10, 21], []
[2025-01-29 23:40:45,778][__main__][INFO] - [10, 22], []
[2025-01-29 23:40:45,801][__main__][INFO] - [10, 23], []
[2025-01-29 23:40:45,863][__main__][INFO] - [10, 24], []
[2025-01-29 23:40:45,886][__main__][INFO] - [10, 25], []
[2025-01-29 23:40:45,922][__main__][INFO] - [11, 16], []
[2025-01-29 23:40:45,952][__main__][INFO] - [11], [16]
[2025-01-29 23:40:45,985][__main__][INFO] - [11, 17], []
[2025-01-29 23:40:46,007][__main__][INFO] - [11, 18], []
[2025-01-29 23:40:46,048][__main__][INFO] - [11, 19], []
[2025-01-29 23:40:46,070][__main__][INFO] - [11, 20], []
[2025-01-29 23:40:46,122][__main__][INFO] - [11, 23], []
[2025-01-29 23:40:46,189][__main__][INFO] - [12, 16], []
[2025-01-29 23:40:46,273][__main__][INFO] - [12], [16]
[2025-01-29 23:40:46,356][__main__][INFO] - [12, 17], []
[2025-01-29 23:40:46,378][__main__][INFO] - [12, 18], []
[2025-01-29 23:40:46,408][__main__][INFO] - [12, 19], []
[2025-01-29 23:40:46,432][__main__][INFO] - [12, 20], []
[2025-01-29 23:40:46,484][__main__][INFO] - [12, 23], []
[2025-01-29 23:40:46,667][__main__][INFO] - [13, 16], []
[2025-01-29 23:40:46,691][__main__][INFO] - [13], [16]
[2025-01-29 23:40:46,714][__main__][INFO] - [13, 17], []
[2025-01-29 23:40:46,736][__main__][INFO] - [13, 18], []
[2025-01-29 23:40:46,759][__main__][INFO] - [13, 19], []
[2025-01-29 23:40:46,781][__main__][INFO] - [13, 20], []
[2025-01-29 23:40:46,835][__main__][INFO] - [13, 23], []
[2025-01-29 23:40:46,902][__main__][INFO] - [14, 16], []
[2025-01-29 23:40:46,924][__main__][INFO] - [14], [16]
[2025-01-29 23:40:46,962][__main__][INFO] - [14, 18], []
[2025-01-29 23:40:46,984][__main__][INFO] - [14, 19], []
[2025-01-29 23:40:47,037][__main__][INFO] - [14, 22], []
[2025-01-29 23:40:47,059][__main__][INFO] - [14, 23], []
[2025-01-29 23:40:47,126][__main__][INFO] - [15, 16], []
[2025-01-29 23:40:47,209][__main__][INFO] - [15], [16]
[2025-01-29 23:40:47,317][__main__][INFO] - [15, 17], []
[2025-01-29 23:40:47,392][__main__][INFO] - [15, 18], []
[2025-01-29 23:40:47,499][__main__][INFO] - [15, 19], []
[2025-01-29 23:40:47,523][__main__][INFO] - [15, 20], []
[2025-01-29 23:40:47,546][__main__][INFO] - [15, 21], []
[2025-01-29 23:40:47,568][__main__][INFO] - [15, 22], []
[2025-01-29 23:40:47,590][__main__][INFO] - [15, 23], []
[2025-01-29 23:40:47,612][__main__][INFO] - [15, 24], []
[2025-01-29 23:40:47,664][__main__][INFO] - [16, 17], []
[2025-01-29 23:40:47,731][__main__][INFO] - [16, 18], []
[2025-01-29 23:40:48,072][__main__][INFO] - [16, 19], []
[2025-01-29 23:40:48,109][__main__][INFO] - [16, 20], []
[2025-01-29 23:40:48,147][__main__][INFO] - [16, 21], []
[2025-01-29 23:40:48,171][__main__][INFO] - [16, 22], []
[2025-01-29 23:40:48,193][__main__][INFO] - [16, 23], []
[2025-01-29 23:40:48,291][__main__][INFO] - [16, 24], []
[2025-01-29 23:40:48,343][__main__][INFO] - [17], [16]
[2025-01-29 23:40:48,422][__main__][INFO] - [18], [16]
[2025-01-29 23:40:48,815][__main__][INFO] - [19], [16]
[2025-01-29 23:40:48,853][__main__][INFO] - [20], [16]
[2025-01-29 23:40:48,890][__main__][INFO] - [21], [16]
[2025-01-29 23:40:48,914][__main__][INFO] - [22], [16]
[2025-01-29 23:40:48,936][__main__][INFO] - [23], [16]
[2025-01-29 23:40:49,033][__main__][INFO] - [24], [16]
[2025-01-29 23:40:49,114][__main__][INFO] - [0, 10, 16], []
[2025-01-29 23:40:49,200][__main__][INFO] - [0, 10], [16]
[2025-01-29 23:40:49,291][__main__][INFO] - [0, 10, 17], []
[2025-01-29 23:40:49,330][__main__][INFO] - [0, 10, 18], []
[2025-01-29 23:40:49,436][__main__][INFO] - [0, 10, 19], []
[2025-01-29 23:40:49,468][__main__][INFO] - [0, 10, 20], []
[2025-01-29 23:40:49,497][__main__][INFO] - [0, 10, 21], []
[2025-01-29 23:40:49,521][__main__][INFO] - [0, 10, 22], []
[2025-01-29 23:40:49,544][__main__][INFO] - [0, 10, 23], []
[2025-01-29 23:40:49,578][__main__][INFO] - [0, 10, 24], []
[2025-01-29 23:40:49,632][__main__][INFO] - [0, 11, 16], []
[2025-01-29 23:40:49,656][__main__][INFO] - [0, 11], [16]
[2025-01-29 23:40:49,696][__main__][INFO] - [0, 11, 18], []
[2025-01-29 23:40:49,721][__main__][INFO] - [0, 11, 19], []
[2025-01-29 23:40:49,791][__main__][INFO] - [0, 11, 23], []
[2025-01-29 23:40:49,861][__main__][INFO] - [0, 12, 16], []
[2025-01-29 23:40:49,888][__main__][INFO] - [0, 12], [16]
[2025-01-29 23:40:49,930][__main__][INFO] - [0, 12, 18], []
[2025-01-29 23:40:49,955][__main__][INFO] - [0, 12, 19], []
[2025-01-29 23:40:50,026][__main__][INFO] - [0, 12, 23], []
[2025-01-29 23:40:50,104][__main__][INFO] - [0, 13, 16], []
[2025-01-29 23:40:50,128][__main__][INFO] - [0, 13], [16]
[2025-01-29 23:40:50,168][__main__][INFO] - [0, 13, 18], []
[2025-01-29 23:40:50,207][__main__][INFO] - [0, 13, 20], []
[2025-01-29 23:40:50,324][__main__][INFO] - [0, 14, 16], []
[2025-01-29 23:40:50,347][__main__][INFO] - [0, 14], [16]
[2025-01-29 23:40:50,387][__main__][INFO] - [0, 14, 18], []
[2025-01-29 23:40:50,457][__main__][INFO] - [0, 14, 22], []
[2025-01-29 23:40:50,542][__main__][INFO] - [0, 15, 16], []
[2025-01-29 23:40:50,570][__main__][INFO] - [0, 15], [16]
[2025-01-29 23:40:50,598][__main__][INFO] - [0, 15, 17], []
[2025-01-29 23:40:50,624][__main__][INFO] - [0, 15, 18], []
[2025-01-29 23:40:50,652][__main__][INFO] - [0, 15, 19], []
[2025-01-29 23:40:50,676][__main__][INFO] - [0, 15, 20], []
[2025-01-29 23:40:50,701][__main__][INFO] - [0, 15, 21], []
[2025-01-29 23:40:50,739][__main__][INFO] - [0, 15, 23], []
[2025-01-29 23:40:50,810][__main__][INFO] - [0, 16, 17], []
[2025-01-29 23:40:50,841][__main__][INFO] - [0, 16, 18], []
[2025-01-29 23:40:50,906][__main__][INFO] - [0, 16, 19], []
[2025-01-29 23:40:50,934][__main__][INFO] - [0, 16, 20], []
[2025-01-29 23:40:50,960][__main__][INFO] - [0, 16, 21], []
[2025-01-29 23:40:50,984][__main__][INFO] - [0, 16, 22], []
[2025-01-29 23:40:51,007][__main__][INFO] - [0, 16, 23], []
[2025-01-29 23:40:51,039][__main__][INFO] - [0, 16, 24], []
[2025-01-29 23:40:51,092][__main__][INFO] - [0, 17], [16]
[2025-01-29 23:40:51,125][__main__][INFO] - [0, 18], [16]
[2025-01-29 23:40:51,193][__main__][INFO] - [0, 19], [16]
[2025-01-29 23:40:51,220][__main__][INFO] - [0, 20], [16]
[2025-01-29 23:40:51,247][__main__][INFO] - [0, 21], [16]
[2025-01-29 23:40:51,271][__main__][INFO] - [0, 22], [16]
[2025-01-29 23:40:51,296][__main__][INFO] - [0, 23], [16]
[2025-01-29 23:40:51,327][__main__][INFO] - [0, 24], [16]
[2025-01-29 23:40:51,397][__main__][INFO] - [1, 10, 16], []
[2025-01-29 23:40:51,493][__main__][INFO] - [1, 10], [16]
[2025-01-29 23:40:51,596][__main__][INFO] - [1, 10, 17], []
[2025-01-29 23:40:51,637][__main__][INFO] - [1, 10, 18], []
[2025-01-29 23:40:51,760][__main__][INFO] - [1, 10, 19], []
[2025-01-29 23:40:51,791][__main__][INFO] - [1, 10, 20], []
[2025-01-29 23:40:51,821][__main__][INFO] - [1, 10, 21], []
[2025-01-29 23:40:51,846][__main__][INFO] - [1, 10, 22], []
[2025-01-29 23:40:51,871][__main__][INFO] - [1, 10, 23], []
[2025-01-29 23:40:51,906][__main__][INFO] - [1, 10, 24], []
[2025-01-29 23:40:51,962][__main__][INFO] - [1, 11, 16], []
[2025-01-29 23:40:51,987][__main__][INFO] - [1, 11], [16]
[2025-01-29 23:40:52,028][__main__][INFO] - [1, 11, 18], []
[2025-01-29 23:40:52,054][__main__][INFO] - [1, 11, 19], []
[2025-01-29 23:40:52,078][__main__][INFO] - [1, 11, 20], []
[2025-01-29 23:40:52,133][__main__][INFO] - [1, 11, 23], []
[2025-01-29 23:40:52,202][__main__][INFO] - [1, 12, 16], []
[2025-01-29 23:40:52,233][__main__][INFO] - [1, 12], [16]
[2025-01-29 23:40:52,280][__main__][INFO] - [1, 12, 18], []
[2025-01-29 23:40:52,305][__main__][INFO] - [1, 12, 19], []
[2025-01-29 23:40:52,376][__main__][INFO] - [1, 12, 23], []
[2025-01-29 23:40:52,459][__main__][INFO] - [1, 13, 16], []
[2025-01-29 23:40:52,483][__main__][INFO] - [1, 13], [16]
[2025-01-29 23:40:52,523][__main__][INFO] - [1, 13, 18], []
[2025-01-29 23:40:52,563][__main__][INFO] - [1, 13, 20], []
[2025-01-29 23:40:52,680][__main__][INFO] - [1, 14, 16], []
[2025-01-29 23:40:52,704][__main__][INFO] - [1, 14], [16]
[2025-01-29 23:40:52,744][__main__][INFO] - [1, 14, 18], []
[2025-01-29 23:40:52,815][__main__][INFO] - [1, 14, 22], []
[2025-01-29 23:40:52,839][__main__][INFO] - [1, 14, 23], []
[2025-01-29 23:40:52,910][__main__][INFO] - [1, 15, 16], []
[2025-01-29 23:40:52,940][__main__][INFO] - [1, 15], [16]
[2025-01-29 23:40:52,974][__main__][INFO] - [1, 15, 17], []
[2025-01-29 23:40:53,004][__main__][INFO] - [1, 15, 18], []
[2025-01-29 23:40:53,038][__main__][INFO] - [1, 15, 19], []
[2025-01-29 23:40:53,062][__main__][INFO] - [1, 15, 20], []
[2025-01-29 23:40:53,086][__main__][INFO] - [1, 15, 21], []
[2025-01-29 23:40:53,126][__main__][INFO] - [1, 15, 23], []
[2025-01-29 23:40:53,150][__main__][INFO] - [1, 15, 24], []
[2025-01-29 23:40:53,205][__main__][INFO] - [1, 16, 17], []
[2025-01-29 23:40:53,239][__main__][INFO] - [1, 16, 18], []
[2025-01-29 23:40:53,313][__main__][INFO] - [1, 16, 19], []
[2025-01-29 23:40:53,340][__main__][INFO] - [1, 16, 20], []
[2025-01-29 23:40:53,368][__main__][INFO] - [1, 16, 21], []
[2025-01-29 23:40:53,392][__main__][INFO] - [1, 16, 22], []
[2025-01-29 23:40:53,416][__main__][INFO] - [1, 16, 23], []
[2025-01-29 23:40:53,453][__main__][INFO] - [1, 16, 24], []
[2025-01-29 23:40:53,511][__main__][INFO] - [1, 17], [16]
[2025-01-29 23:40:53,547][__main__][INFO] - [1, 18], [16]
[2025-01-29 23:40:53,629][__main__][INFO] - [1, 19], [16]
[2025-01-29 23:40:53,656][__main__][INFO] - [1, 20], [16]
[2025-01-29 23:40:53,684][__main__][INFO] - [1, 21], [16]
[2025-01-29 23:40:53,708][__main__][INFO] - [1, 22], [16]
[2025-01-29 23:40:53,733][__main__][INFO] - [1, 23], [16]
[2025-01-29 23:40:53,769][__main__][INFO] - [1, 24], [16]
[2025-01-29 23:40:53,839][__main__][INFO] - [2, 10, 16], []
[2025-01-29 23:40:53,919][__main__][INFO] - [2, 10], [16]
[2025-01-29 23:40:54,007][__main__][INFO] - [2, 10, 17], []
[2025-01-29 23:40:54,040][__main__][INFO] - [2, 10, 18], []
[2025-01-29 23:40:54,149][__main__][INFO] - [2, 10, 19], []
[2025-01-29 23:40:54,178][__main__][INFO] - [2, 10, 20], []
[2025-01-29 23:40:54,207][__main__][INFO] - [2, 10, 21], []
[2025-01-29 23:40:54,231][__main__][INFO] - [2, 10, 22], []
[2025-01-29 23:40:54,256][__main__][INFO] - [2, 10, 23], []
[2025-01-29 23:40:54,288][__main__][INFO] - [2, 10, 24], []
[2025-01-29 23:40:54,344][__main__][INFO] - [2, 11, 16], []
[2025-01-29 23:40:54,369][__main__][INFO] - [2, 11], [16]
[2025-01-29 23:40:54,411][__main__][INFO] - [2, 11, 18], []
[2025-01-29 23:40:54,438][__main__][INFO] - [2, 11, 19], []
[2025-01-29 23:40:54,509][__main__][INFO] - [2, 11, 23], []
[2025-01-29 23:40:54,580][__main__][INFO] - [2, 12, 16], []
[2025-01-29 23:40:54,613][__main__][INFO] - [2, 12], [16]
[2025-01-29 23:40:54,663][__main__][INFO] - [2, 12, 18], []
[2025-01-29 23:40:54,688][__main__][INFO] - [2, 12, 19], []
[2025-01-29 23:40:54,758][__main__][INFO] - [2, 12, 23], []
[2025-01-29 23:40:54,848][__main__][INFO] - [2, 13, 16], []
[2025-01-29 23:40:54,873][__main__][INFO] - [2, 13], [16]
[2025-01-29 23:40:54,912][__main__][INFO] - [2, 13, 18], []
[2025-01-29 23:40:54,952][__main__][INFO] - [2, 13, 20], []
[2025-01-29 23:40:55,008][__main__][INFO] - [2, 13, 23], []
[2025-01-29 23:40:55,079][__main__][INFO] - [2, 14, 16], []
[2025-01-29 23:40:55,103][__main__][INFO] - [2, 14], [16]
[2025-01-29 23:40:55,143][__main__][INFO] - [2, 14, 18], []
[2025-01-29 23:40:55,214][__main__][INFO] - [2, 14, 22], []
[2025-01-29 23:40:55,238][__main__][INFO] - [2, 14, 23], []
[2025-01-29 23:40:55,309][__main__][INFO] - [2, 15, 16], []
[2025-01-29 23:40:55,344][__main__][INFO] - [2, 15], [16]
[2025-01-29 23:40:55,383][__main__][INFO] - [2, 15, 17], []
[2025-01-29 23:40:55,417][__main__][INFO] - [2, 15, 18], []
[2025-01-29 23:40:55,456][__main__][INFO] - [2, 15, 19], []
[2025-01-29 23:40:55,480][__main__][INFO] - [2, 15, 20], []
[2025-01-29 23:40:55,504][__main__][INFO] - [2, 15, 21], []
[2025-01-29 23:40:55,544][__main__][INFO] - [2, 15, 23], []
[2025-01-29 23:40:55,568][__main__][INFO] - [2, 15, 24], []
[2025-01-29 23:40:55,624][__main__][INFO] - [2, 16, 17], []
[2025-01-29 23:40:55,655][__main__][INFO] - [2, 16, 18], []
[2025-01-29 23:40:55,725][__main__][INFO] - [2, 16, 19], []
[2025-01-29 23:40:55,751][__main__][INFO] - [2, 16, 20], []
[2025-01-29 23:40:55,778][__main__][INFO] - [2, 16, 21], []
[2025-01-29 23:40:55,802][__main__][INFO] - [2, 16, 22], []
[2025-01-29 23:40:55,826][__main__][INFO] - [2, 16, 23], []
[2025-01-29 23:40:55,864][__main__][INFO] - [2, 16, 24], []
[2025-01-29 23:40:55,919][__main__][INFO] - [2, 17], [16]
[2025-01-29 23:40:55,954][__main__][INFO] - [2, 18], [16]
[2025-01-29 23:40:56,034][__main__][INFO] - [2, 19], [16]
[2025-01-29 23:40:56,061][__main__][INFO] - [2, 20], [16]
[2025-01-29 23:40:56,088][__main__][INFO] - [2, 21], [16]
[2025-01-29 23:40:56,112][__main__][INFO] - [2, 22], [16]
[2025-01-29 23:40:56,136][__main__][INFO] - [2, 23], [16]
[2025-01-29 23:40:56,174][__main__][INFO] - [2, 24], [16]
[2025-01-29 23:40:56,244][__main__][INFO] - [3, 10, 16], []
[2025-01-29 23:40:56,305][__main__][INFO] - [3, 10], [16]
[2025-01-29 23:40:56,370][__main__][INFO] - [3, 10, 17], []
[2025-01-29 23:40:56,398][__main__][INFO] - [3, 10, 18], []
[2025-01-29 23:40:56,482][__main__][INFO] - [3, 10, 19], []
[2025-01-29 23:40:56,509][__main__][INFO] - [3, 10, 20], []
[2025-01-29 23:40:56,537][__main__][INFO] - [3, 10, 21], []
[2025-01-29 23:40:56,561][__main__][INFO] - [3, 10, 22], []
[2025-01-29 23:40:56,586][__main__][INFO] - [3, 10, 23], []
[2025-01-29 23:40:56,613][__main__][INFO] - [3, 10, 24], []
[2025-01-29 23:40:56,668][__main__][INFO] - [3, 11, 16], []
[2025-01-29 23:40:56,694][__main__][INFO] - [3, 11], [16]
[2025-01-29 23:40:56,736][__main__][INFO] - [3, 11, 18], []
[2025-01-29 23:40:56,763][__main__][INFO] - [3, 11, 19], []
[2025-01-29 23:40:56,838][__main__][INFO] - [3, 11, 23], []
[2025-01-29 23:40:56,918][__main__][INFO] - [3, 12, 16], []
[2025-01-29 23:40:56,953][__main__][INFO] - [3, 12], [16]
[2025-01-29 23:40:57,004][__main__][INFO] - [3, 12, 18], []
[2025-01-29 23:40:57,029][__main__][INFO] - [3, 12, 19], []
[2025-01-29 23:40:57,100][__main__][INFO] - [3, 12, 23], []
[2025-01-29 23:40:57,190][__main__][INFO] - [3, 13, 16], []
[2025-01-29 23:40:57,214][__main__][INFO] - [3, 13], [16]
[2025-01-29 23:40:57,254][__main__][INFO] - [3, 13, 18], []
[2025-01-29 23:40:57,293][__main__][INFO] - [3, 13, 20], []
[2025-01-29 23:40:57,348][__main__][INFO] - [3, 13, 23], []
[2025-01-29 23:40:57,417][__main__][INFO] - [3, 14, 16], []
[2025-01-29 23:40:57,442][__main__][INFO] - [3, 14], [16]
[2025-01-29 23:40:57,481][__main__][INFO] - [3, 14, 18], []
[2025-01-29 23:40:57,505][__main__][INFO] - [3, 14, 19], []
[2025-01-29 23:40:57,560][__main__][INFO] - [3, 14, 22], []
[2025-01-29 23:40:57,584][__main__][INFO] - [3, 14, 23], []
[2025-01-29 23:40:57,655][__main__][INFO] - [3, 15, 16], []
[2025-01-29 23:40:57,691][__main__][INFO] - [3, 15], [16]
[2025-01-29 23:40:57,730][__main__][INFO] - [3, 15, 17], []
[2025-01-29 23:40:57,764][__main__][INFO] - [3, 15, 18], []
[2025-01-29 23:40:57,803][__main__][INFO] - [3, 15, 19], []
[2025-01-29 23:40:57,828][__main__][INFO] - [3, 15, 20], []
[2025-01-29 23:40:57,852][__main__][INFO] - [3, 15, 21], []
[2025-01-29 23:40:57,892][__main__][INFO] - [3, 15, 23], []
[2025-01-29 23:40:57,916][__main__][INFO] - [3, 15, 24], []
[2025-01-29 23:40:57,971][__main__][INFO] - [3, 16, 17], []
[2025-01-29 23:40:58,001][__main__][INFO] - [3, 16, 18], []
[2025-01-29 23:40:58,061][__main__][INFO] - [3, 16, 19], []
[2025-01-29 23:40:58,087][__main__][INFO] - [3, 16, 20], []
[2025-01-29 23:40:58,113][__main__][INFO] - [3, 16, 21], []
[2025-01-29 23:40:58,137][__main__][INFO] - [3, 16, 22], []
[2025-01-29 23:40:58,161][__main__][INFO] - [3, 16, 23], []
[2025-01-29 23:40:58,197][__main__][INFO] - [3, 16, 24], []
[2025-01-29 23:40:58,252][__main__][INFO] - [3, 17], [16]
[2025-01-29 23:40:58,283][__main__][INFO] - [3, 18], [16]
[2025-01-29 23:40:58,351][__main__][INFO] - [3, 19], [16]
[2025-01-29 23:40:58,376][__main__][INFO] - [3, 20], [16]
[2025-01-29 23:40:58,402][__main__][INFO] - [3, 21], [16]
[2025-01-29 23:40:58,427][__main__][INFO] - [3, 22], [16]
[2025-01-29 23:40:58,451][__main__][INFO] - [3, 23], [16]
[2025-01-29 23:40:58,486][__main__][INFO] - [3, 24], [16]
[2025-01-29 23:40:58,557][__main__][INFO] - [4, 10, 16], []
[2025-01-29 23:40:58,628][__main__][INFO] - [4, 10], [16]
[2025-01-29 23:40:58,706][__main__][INFO] - [4, 10, 17], []
[2025-01-29 23:40:58,733][__main__][INFO] - [4, 10, 18], []
[2025-01-29 23:40:58,842][__main__][INFO] - [4, 10, 19], []
[2025-01-29 23:40:58,869][__main__][INFO] - [4, 10, 20], []
[2025-01-29 23:40:58,898][__main__][INFO] - [4, 10, 21], []
[2025-01-29 23:40:58,922][__main__][INFO] - [4, 10, 22], []
[2025-01-29 23:40:58,947][__main__][INFO] - [4, 10, 23], []
[2025-01-29 23:40:58,973][__main__][INFO] - [4, 10, 24], []
[2025-01-29 23:40:59,029][__main__][INFO] - [4, 11, 16], []
[2025-01-29 23:40:59,054][__main__][INFO] - [4, 11], [16]
[2025-01-29 23:40:59,096][__main__][INFO] - [4, 11, 18], []
[2025-01-29 23:40:59,124][__main__][INFO] - [4, 11, 19], []
[2025-01-29 23:40:59,148][__main__][INFO] - [4, 11, 20], []
[2025-01-29 23:40:59,203][__main__][INFO] - [4, 11, 23], []
[2025-01-29 23:40:59,274][__main__][INFO] - [4, 12, 16], []
[2025-01-29 23:40:59,311][__main__][INFO] - [4, 12], [16]
[2025-01-29 23:40:59,363][__main__][INFO] - [4, 12, 18], []
[2025-01-29 23:40:59,389][__main__][INFO] - [4, 12, 19], []
[2025-01-29 23:40:59,460][__main__][INFO] - [4, 12, 23], []
[2025-01-29 23:40:59,555][__main__][INFO] - [4, 13, 16], []
[2025-01-29 23:40:59,579][__main__][INFO] - [4, 13], [16]
[2025-01-29 23:40:59,619][__main__][INFO] - [4, 13, 18], []
[2025-01-29 23:40:59,659][__main__][INFO] - [4, 13, 20], []
[2025-01-29 23:40:59,715][__main__][INFO] - [4, 13, 23], []
[2025-01-29 23:40:59,785][__main__][INFO] - [4, 14, 16], []
[2025-01-29 23:40:59,809][__main__][INFO] - [4, 14], [16]
[2025-01-29 23:40:59,849][__main__][INFO] - [4, 14, 18], []
[2025-01-29 23:40:59,873][__main__][INFO] - [4, 14, 19], []
[2025-01-29 23:40:59,927][__main__][INFO] - [4, 14, 22], []
[2025-01-29 23:41:00,012][__main__][INFO] - [4, 15, 16], []
[2025-01-29 23:41:00,051][__main__][INFO] - [4, 15], [16]
[2025-01-29 23:41:00,094][__main__][INFO] - [4, 15, 17], []
[2025-01-29 23:41:00,132][__main__][INFO] - [4, 15, 18], []
[2025-01-29 23:41:00,174][__main__][INFO] - [4, 15, 19], []
[2025-01-29 23:41:00,198][__main__][INFO] - [4, 15, 20], []
[2025-01-29 23:41:00,222][__main__][INFO] - [4, 15, 21], []
[2025-01-29 23:41:00,262][__main__][INFO] - [4, 15, 23], []
[2025-01-29 23:41:00,287][__main__][INFO] - [4, 15, 24], []
[2025-01-29 23:41:00,342][__main__][INFO] - [4, 16, 17], []
[2025-01-29 23:41:00,373][__main__][INFO] - [4, 16, 18], []
[2025-01-29 23:41:00,445][__main__][INFO] - [4, 16, 19], []
[2025-01-29 23:41:00,471][__main__][INFO] - [4, 16, 20], []
[2025-01-29 23:41:00,498][__main__][INFO] - [4, 16, 21], []
[2025-01-29 23:41:00,522][__main__][INFO] - [4, 16, 22], []
[2025-01-29 23:41:00,546][__main__][INFO] - [4, 16, 23], []
[2025-01-29 23:41:00,584][__main__][INFO] - [4, 16, 24], []
[2025-01-29 23:41:00,639][__main__][INFO] - [4, 17], [16]
[2025-01-29 23:41:00,672][__main__][INFO] - [4, 18], [16]
[2025-01-29 23:41:00,755][__main__][INFO] - [4, 19], [16]
[2025-01-29 23:41:00,780][__main__][INFO] - [4, 20], [16]
[2025-01-29 23:41:00,807][__main__][INFO] - [4, 21], [16]
[2025-01-29 23:41:00,832][__main__][INFO] - [4, 22], [16]
[2025-01-29 23:41:00,856][__main__][INFO] - [4, 23], [16]
[2025-01-29 23:41:00,893][__main__][INFO] - [4, 24], [16]
[2025-01-29 23:41:00,963][__main__][INFO] - [5, 10, 16], []
[2025-01-29 23:41:01,032][__main__][INFO] - [5, 10], [16]
[2025-01-29 23:41:01,107][__main__][INFO] - [5, 10, 17], []
[2025-01-29 23:41:01,133][__main__][INFO] - [5, 10, 18], []
[2025-01-29 23:41:01,243][__main__][INFO] - [5, 10, 19], []
[2025-01-29 23:41:01,269][__main__][INFO] - [5, 10, 20], []
[2025-01-29 23:41:01,298][__main__][INFO] - [5, 10, 21], []
[2025-01-29 23:41:01,322][__main__][INFO] - [5, 10, 22], []
[2025-01-29 23:41:01,347][__main__][INFO] - [5, 10, 23], []
[2025-01-29 23:41:01,373][__main__][INFO] - [5, 10, 24], []
[2025-01-29 23:41:01,428][__main__][INFO] - [5, 11, 16], []
[2025-01-29 23:41:01,453][__main__][INFO] - [5, 11], [16]
[2025-01-29 23:41:01,495][__main__][INFO] - [5, 11, 18], []
[2025-01-29 23:41:01,523][__main__][INFO] - [5, 11, 19], []
[2025-01-29 23:41:01,656][__main__][INFO] - [5, 12, 16], []
[2025-01-29 23:41:01,690][__main__][INFO] - [5, 12], [16]
[2025-01-29 23:41:01,741][__main__][INFO] - [5, 12, 18], []
[2025-01-29 23:41:01,766][__main__][INFO] - [5, 12, 19], []
[2025-01-29 23:41:01,838][__main__][INFO] - [5, 12, 23], []
[2025-01-29 23:41:01,927][__main__][INFO] - [5, 13, 16], []
[2025-01-29 23:41:01,951][__main__][INFO] - [5, 13], [16]
[2025-01-29 23:41:01,991][__main__][INFO] - [5, 13, 18], []
[2025-01-29 23:41:02,031][__main__][INFO] - [5, 13, 20], []
[2025-01-29 23:41:02,087][__main__][INFO] - [5, 13, 23], []
[2025-01-29 23:41:02,158][__main__][INFO] - [5, 14, 16], []
[2025-01-29 23:41:02,182][__main__][INFO] - [5, 14], [16]
[2025-01-29 23:41:02,221][__main__][INFO] - [5, 14, 18], []
[2025-01-29 23:41:02,246][__main__][INFO] - [5, 14, 19], []
[2025-01-29 23:41:02,301][__main__][INFO] - [5, 14, 22], []
[2025-01-29 23:41:02,325][__main__][INFO] - [5, 14, 23], []
[2025-01-29 23:41:02,396][__main__][INFO] - [5, 15, 16], []
[2025-01-29 23:41:02,428][__main__][INFO] - [5, 15], [16]
[2025-01-29 23:41:02,464][__main__][INFO] - [5, 15, 17], []
[2025-01-29 23:41:02,495][__main__][INFO] - [5, 15, 18], []
[2025-01-29 23:41:02,531][__main__][INFO] - [5, 15, 19], []
[2025-01-29 23:41:02,555][__main__][INFO] - [5, 15, 20], []
[2025-01-29 23:41:02,579][__main__][INFO] - [5, 15, 21], []
[2025-01-29 23:41:02,619][__main__][INFO] - [5, 15, 23], []
[2025-01-29 23:41:02,643][__main__][INFO] - [5, 15, 24], []
[2025-01-29 23:41:02,698][__main__][INFO] - [5, 16, 17], []
[2025-01-29 23:41:02,726][__main__][INFO] - [5, 16, 18], []
[2025-01-29 23:41:02,796][__main__][INFO] - [5, 16, 19], []
[2025-01-29 23:41:02,821][__main__][INFO] - [5, 16, 20], []
[2025-01-29 23:41:02,848][__main__][INFO] - [5, 16, 21], []
[2025-01-29 23:41:02,872][__main__][INFO] - [5, 16, 22], []
[2025-01-29 23:41:02,896][__main__][INFO] - [5, 16, 23], []
[2025-01-29 23:41:02,931][__main__][INFO] - [5, 16, 24], []
[2025-01-29 23:41:02,986][__main__][INFO] - [5, 17], [16]
[2025-01-29 23:41:03,015][__main__][INFO] - [5, 18], [16]
[2025-01-29 23:41:03,096][__main__][INFO] - [5, 19], [16]
[2025-01-29 23:41:03,121][__main__][INFO] - [5, 20], [16]
[2025-01-29 23:41:03,147][__main__][INFO] - [5, 21], [16]
[2025-01-29 23:41:03,172][__main__][INFO] - [5, 22], [16]
[2025-01-29 23:41:03,196][__main__][INFO] - [5, 23], [16]
[2025-01-29 23:41:03,230][__main__][INFO] - [5, 24], [16]
[2025-01-29 23:41:03,301][__main__][INFO] - [6, 10, 16], []
[2025-01-29 23:41:03,343][__main__][INFO] - [6, 10], [16]
[2025-01-29 23:41:03,389][__main__][INFO] - [6, 10, 17], []
[2025-01-29 23:41:03,414][__main__][INFO] - [6, 10, 18], []
[2025-01-29 23:41:03,475][__main__][INFO] - [6, 10, 19], []
[2025-01-29 23:41:03,500][__main__][INFO] - [6, 10, 20], []
[2025-01-29 23:41:03,525][__main__][INFO] - [6, 10, 21], []
[2025-01-29 23:41:03,551][__main__][INFO] - [6, 10, 22], []
[2025-01-29 23:41:03,576][__main__][INFO] - [6, 10, 23], []
[2025-01-29 23:41:03,647][__main__][INFO] - [6, 11, 16], []
[2025-01-29 23:41:03,672][__main__][INFO] - [6, 11], [16]
[2025-01-29 23:41:03,712][__main__][INFO] - [6, 11, 18], []
[2025-01-29 23:41:03,863][__main__][INFO] - [6, 12, 16], []
[2025-01-29 23:41:03,890][__main__][INFO] - [6, 12], [16]
[2025-01-29 23:41:03,934][__main__][INFO] - [6, 12, 18], []
[2025-01-29 23:41:03,959][__main__][INFO] - [6, 12, 19], []
[2025-01-29 23:41:04,030][__main__][INFO] - [6, 12, 23], []
[2025-01-29 23:41:04,107][__main__][INFO] - [6, 13, 16], []
[2025-01-29 23:41:04,131][__main__][INFO] - [6, 13], [16]
[2025-01-29 23:41:04,171][__main__][INFO] - [6, 13, 18], []
[2025-01-29 23:41:04,211][__main__][INFO] - [6, 13, 20], []
[2025-01-29 23:41:04,344][__main__][INFO] - [6, 14], [16]
[2025-01-29 23:41:04,524][__main__][INFO] - [6, 15, 16], []
[2025-01-29 23:41:04,550][__main__][INFO] - [6, 15], [16]
[2025-01-29 23:41:04,577][__main__][INFO] - [6, 15, 17], []
[2025-01-29 23:41:04,603][__main__][INFO] - [6, 15, 18], []
[2025-01-29 23:41:04,630][__main__][INFO] - [6, 15, 19], []
[2025-01-29 23:41:04,654][__main__][INFO] - [6, 15, 20], []
[2025-01-29 23:41:04,710][__main__][INFO] - [6, 15, 23], []
[2025-01-29 23:41:04,780][__main__][INFO] - [6, 16, 17], []
[2025-01-29 23:41:04,805][__main__][INFO] - [6, 16, 18], []
[2025-01-29 23:41:04,847][__main__][INFO] - [6, 16, 19], []
[2025-01-29 23:41:04,871][__main__][INFO] - [6, 16, 20], []
[2025-01-29 23:41:04,896][__main__][INFO] - [6, 16, 21], []
[2025-01-29 23:41:04,920][__main__][INFO] - [6, 16, 22], []
[2025-01-29 23:41:04,944][__main__][INFO] - [6, 16, 23], []
[2025-01-29 23:41:05,018][__main__][INFO] - [6, 17], [16]
[2025-01-29 23:41:05,043][__main__][INFO] - [6, 18], [16]
[2025-01-29 23:41:05,090][__main__][INFO] - [6, 19], [16]
[2025-01-29 23:41:05,114][__main__][INFO] - [6, 20], [16]
[2025-01-29 23:41:05,138][__main__][INFO] - [6, 21], [16]
[2025-01-29 23:41:05,162][__main__][INFO] - [6, 22], [16]
[2025-01-29 23:41:05,186][__main__][INFO] - [6, 23], [16]
[2025-01-29 23:41:05,274][__main__][INFO] - [7, 10, 16], []
[2025-01-29 23:41:05,303][__main__][INFO] - [7, 10], [16]
[2025-01-29 23:41:05,335][__main__][INFO] - [7, 10, 17], []
[2025-01-29 23:41:05,359][__main__][INFO] - [7, 10, 18], []
[2025-01-29 23:41:05,395][__main__][INFO] - [7, 10, 19], []
[2025-01-29 23:41:05,419][__main__][INFO] - [7, 10, 20], []
[2025-01-29 23:41:05,444][__main__][INFO] - [7, 10, 21], []
[2025-01-29 23:41:05,484][__main__][INFO] - [7, 10, 23], []
[2025-01-29 23:41:05,555][__main__][INFO] - [7, 11, 16], []
[2025-01-29 23:41:05,579][__main__][INFO] - [7, 11], [16]
[2025-01-29 23:41:05,619][__main__][INFO] - [7, 11, 18], []
[2025-01-29 23:41:05,768][__main__][INFO] - [7, 12, 16], []
[2025-01-29 23:41:05,793][__main__][INFO] - [7, 12], [16]
[2025-01-29 23:41:05,833][__main__][INFO] - [7, 12, 18], []
[2025-01-29 23:41:05,858][__main__][INFO] - [7, 12, 19], []
[2025-01-29 23:41:05,928][__main__][INFO] - [7, 12, 23], []
[2025-01-29 23:41:06,016][__main__][INFO] - [7, 13], [16]
[2025-01-29 23:41:06,056][__main__][INFO] - [7, 13, 18], []
[2025-01-29 23:41:06,391][__main__][INFO] - [7, 15, 16], []
[2025-01-29 23:41:06,415][__main__][INFO] - [7, 15], [16]
[2025-01-29 23:41:06,440][__main__][INFO] - [7, 15, 17], []
[2025-01-29 23:41:06,464][__main__][INFO] - [7, 15, 18], []
[2025-01-29 23:41:06,489][__main__][INFO] - [7, 15, 19], []
[2025-01-29 23:41:06,622][__main__][INFO] - [7, 16, 17], []
[2025-01-29 23:41:06,646][__main__][INFO] - [7, 16, 18], []
[2025-01-29 23:41:06,675][__main__][INFO] - [7, 16, 19], []
[2025-01-29 23:41:06,699][__main__][INFO] - [7, 16, 20], []
[2025-01-29 23:41:06,724][__main__][INFO] - [7, 16, 21], []
[2025-01-29 23:41:06,763][__main__][INFO] - [7, 16, 23], []
[2025-01-29 23:41:06,834][__main__][INFO] - [7, 17], [16]
[2025-01-29 23:41:06,859][__main__][INFO] - [7, 18], [16]
[2025-01-29 23:41:06,891][__main__][INFO] - [7, 19], [16]
[2025-01-29 23:41:06,915][__main__][INFO] - [7, 20], [16]
[2025-01-29 23:41:06,939][__main__][INFO] - [7, 21], [16]
[2025-01-29 23:41:06,979][__main__][INFO] - [7, 23], [16]
[2025-01-29 23:41:07,065][__main__][INFO] - [8, 10, 16], []
[2025-01-29 23:41:07,090][__main__][INFO] - [8, 10], [16]
[2025-01-29 23:41:07,131][__main__][INFO] - [8, 10, 18], []
[2025-01-29 23:41:07,158][__main__][INFO] - [8, 10, 19], []
[2025-01-29 23:41:07,182][__main__][INFO] - [8, 10, 20], []
[2025-01-29 23:41:07,237][__main__][INFO] - [8, 10, 23], []
[2025-01-29 23:41:07,308][__main__][INFO] - [8, 11, 16], []
[2025-01-29 23:41:07,332][__main__][INFO] - [8, 11], [16]
[2025-01-29 23:41:07,372][__main__][INFO] - [8, 11, 18], []
[2025-01-29 23:41:07,521][__main__][INFO] - [8, 12, 16], []
[2025-01-29 23:41:07,545][__main__][INFO] - [8, 12], [16]
[2025-01-29 23:41:07,584][__main__][INFO] - [8, 12, 18], []
[2025-01-29 23:41:07,671][__main__][INFO] - [8, 12, 23], []
[2025-01-29 23:41:07,770][__main__][INFO] - [8, 15, 16], []
[2025-01-29 23:41:07,794][__main__][INFO] - [8, 15], [16]
[2025-01-29 23:41:07,833][__main__][INFO] - [8, 15, 18], []
[2025-01-29 23:41:07,996][__main__][INFO] - [8, 16, 18], []
[2025-01-29 23:41:08,020][__main__][INFO] - [8, 16, 19], []
[2025-01-29 23:41:08,044][__main__][INFO] - [8, 16, 20], []
[2025-01-29 23:41:08,100][__main__][INFO] - [8, 16, 23], []
[2025-01-29 23:41:08,170][__main__][INFO] - [8, 17], [16]
[2025-01-29 23:41:08,194][__main__][INFO] - [8, 18], [16]
[2025-01-29 23:41:08,219][__main__][INFO] - [8, 19], [16]
[2025-01-29 23:41:08,243][__main__][INFO] - [8, 20], [16]
[2025-01-29 23:41:08,299][__main__][INFO] - [8, 23], [16]
[2025-01-29 23:41:08,384][__main__][INFO] - [9, 10, 16], []
[2025-01-29 23:41:08,408][__main__][INFO] - [9, 10], [16]
[2025-01-29 23:41:08,448][__main__][INFO] - [9, 10, 18], []
[2025-01-29 23:41:08,871][__main__][INFO] - [9, 16, 18], []
[2025-01-29 23:41:09,034][__main__][INFO] - [9, 18], [16]
[2025-01-29 23:41:09,197][__main__][INFO] - [10, 16, 17], []
[2025-01-29 23:41:09,244][__main__][INFO] - [10, 16, 18], []
[2025-01-29 23:41:09,528][__main__][INFO] - [10, 16, 19], []
[2025-01-29 23:41:09,564][__main__][INFO] - [10, 16, 20], []
[2025-01-29 23:41:09,602][__main__][INFO] - [10, 16, 21], []
[2025-01-29 23:41:09,627][__main__][INFO] - [10, 16, 22], []
[2025-01-29 23:41:09,652][__main__][INFO] - [10, 16, 23], []
[2025-01-29 23:41:09,694][__main__][INFO] - [10, 16, 24], []
[2025-01-29 23:41:09,749][__main__][INFO] - [10, 17], [16]
[2025-01-29 23:41:09,798][__main__][INFO] - [10, 18], [16]
[2025-01-29 23:41:10,113][__main__][INFO] - [10, 19], [16]
[2025-01-29 23:41:10,149][__main__][INFO] - [10, 20], [16]
[2025-01-29 23:41:10,187][__main__][INFO] - [10, 21], [16]
[2025-01-29 23:41:10,213][__main__][INFO] - [10, 22], [16]
[2025-01-29 23:41:10,237][__main__][INFO] - [10, 23], [16]
[2025-01-29 23:41:10,280][__main__][INFO] - [10, 24], [16]
[2025-01-29 23:41:10,350][__main__][INFO] - [11, 16, 17], []
[2025-01-29 23:41:10,373][__main__][INFO] - [11, 16, 18], []
[2025-01-29 23:41:10,404][__main__][INFO] - [11, 16, 19], []
[2025-01-29 23:41:10,427][__main__][INFO] - [11, 16, 20], []
[2025-01-29 23:41:10,482][__main__][INFO] - [11, 16, 23], []
[2025-01-29 23:41:10,552][__main__][INFO] - [11, 17], [16]
[2025-01-29 23:41:10,576][__main__][INFO] - [11, 18], [16]
[2025-01-29 23:41:10,610][__main__][INFO] - [11, 19], [16]
[2025-01-29 23:41:10,634][__main__][INFO] - [11, 20], [16]
[2025-01-29 23:41:10,689][__main__][INFO] - [11, 23], [16]
[2025-01-29 23:41:10,775][__main__][INFO] - [12, 16, 17], []
[2025-01-29 23:41:10,798][__main__][INFO] - [12, 16, 18], []
[2025-01-29 23:41:10,825][__main__][INFO] - [12, 16, 19], []
[2025-01-29 23:41:10,897][__main__][INFO] - [12, 16, 23], []
[2025-01-29 23:41:11,021][__main__][INFO] - [12, 17], [16]
[2025-01-29 23:41:11,044][__main__][INFO] - [12, 18], [16]
[2025-01-29 23:41:11,073][__main__][INFO] - [12, 19], [16]
[2025-01-29 23:41:11,144][__main__][INFO] - [12, 23], [16]
[2025-01-29 23:41:11,298][__main__][INFO] - [13, 16, 18], []
[2025-01-29 23:41:11,322][__main__][INFO] - [13, 16, 19], []
[2025-01-29 23:41:11,346][__main__][INFO] - [13, 16, 20], []
[2025-01-29 23:41:11,402][__main__][INFO] - [13, 16, 23], []
[2025-01-29 23:41:11,488][__main__][INFO] - [13, 18], [16]
[2025-01-29 23:41:11,513][__main__][INFO] - [13, 19], [16]
[2025-01-29 23:41:11,537][__main__][INFO] - [13, 20], [16]
[2025-01-29 23:41:11,593][__main__][INFO] - [13, 23], [16]
[2025-01-29 23:41:11,694][__main__][INFO] - [14, 16, 18], []
[2025-01-29 23:41:11,718][__main__][INFO] - [14, 16, 19], []
[2025-01-29 23:41:11,773][__main__][INFO] - [14, 16, 22], []
[2025-01-29 23:41:11,797][__main__][INFO] - [14, 16, 23], []
[2025-01-29 23:41:11,883][__main__][INFO] - [14, 18], [16]
[2025-01-29 23:41:11,908][__main__][INFO] - [14, 19], [16]
[2025-01-29 23:41:11,963][__main__][INFO] - [14, 22], [16]
[2025-01-29 23:41:11,987][__main__][INFO] - [14, 23], [16]
[2025-01-29 23:41:12,072][__main__][INFO] - [15, 16, 17], []
[2025-01-29 23:41:12,116][__main__][INFO] - [15, 16, 18], []
[2025-01-29 23:41:12,172][__main__][INFO] - [15, 16, 19], []
[2025-01-29 23:41:12,197][__main__][INFO] - [15, 16, 20], []
[2025-01-29 23:41:12,221][__main__][INFO] - [15, 16, 21], []
[2025-01-29 23:41:12,261][__main__][INFO] - [15, 16, 23], []
[2025-01-29 23:41:12,285][__main__][INFO] - [15, 16, 24], []
[2025-01-29 23:41:12,341][__main__][INFO] - [15, 17], [16]
[2025-01-29 23:41:12,393][__main__][INFO] - [15, 18], [16]
[2025-01-29 23:41:12,461][__main__][INFO] - [15, 19], [16]
[2025-01-29 23:41:12,486][__main__][INFO] - [15, 20], [16]
[2025-01-29 23:41:12,511][__main__][INFO] - [15, 21], [16]
[2025-01-29 23:41:12,550][__main__][INFO] - [15, 23], [16]
[2025-01-29 23:41:12,575][__main__][INFO] - [15, 24], [16]
