[2025-01-29 09:30:04,713][gurobipy][INFO] - Set parameter TimeLimit to value 600
[2025-01-29 09:30:04,719][gurobipy][INFO] - Gurobi Optimizer version 11.0.2 build v11.0.2rc0 (linux64)
[2025-01-29 09:30:04,719][gurobipy][INFO] - 
[2025-01-29 09:30:04,719][gurobipy][INFO] - CPU model: Intel(R) Xeon(R) Gold 6136 CPU @ 3.00GHz, instruction set [SSE2|AVX|AVX2|AVX512]
[2025-01-29 09:30:04,719][gurobipy][INFO] - Thread count: 24 physical cores, 48 logical processors, using up to 24 threads
[2025-01-29 09:30:04,719][gurobipy][INFO] - 
[2025-01-29 09:30:04,719][gurobipy][INFO] - Optimize a model with 24020 rows, 559 columns and 61324 nonzeros
[2025-01-29 09:30:04,719][gurobipy][INFO] - Model fingerprint: 0xee781f64
[2025-01-29 09:30:04,719][gurobipy][INFO] - Variable types: 512 continuous, 47 integer (47 binary)
[2025-01-29 09:30:04,719][gurobipy][INFO] - Coefficient statistics:
[2025-01-29 09:30:04,720][gurobipy][INFO] -   Matrix range     [2e-03, 2e+00]
[2025-01-29 09:30:04,720][gurobipy][INFO] -   Objective range  [1e+00, 1e+00]
[2025-01-29 09:30:04,720][gurobipy][INFO] -   Bounds range     [1e+00, 1e+00]
[2025-01-29 09:30:04,720][gurobipy][INFO] -   RHS range        [1e+00, 1e+01]
[2025-01-29 09:30:04,723][gurobipy][INFO] - Found heuristic solution: objective 0.0000000
[2025-01-29 09:30:04,855][gurobipy][INFO] - Presolve removed 8667 rows and 6 columns
[2025-01-29 09:30:04,855][gurobipy][INFO] - Presolve time: 0.13s
[2025-01-29 09:30:04,855][gurobipy][INFO] - Presolved: 15353 rows, 553 columns, 46565 nonzeros
[2025-01-29 09:30:04,865][gurobipy][INFO] - Variable types: 512 continuous, 41 integer (41 binary)
[2025-01-29 09:30:04,883][gurobipy][INFO] - Root relaxation presolved: 15353 rows, 553 columns, 46565 nonzeros
[2025-01-29 09:30:04,883][gurobipy][INFO] - 
[2025-01-29 09:30:04,895][gurobipy][INFO] - 
[2025-01-29 09:30:04,895][gurobipy][INFO] - Root relaxation: objective 1.000000e+00, 234 iterations, 0.03 seconds (0.05 work units)
[2025-01-29 09:30:04,898][gurobipy][INFO] - 
[2025-01-29 09:30:04,898][gurobipy][INFO] -     Nodes    |    Current Node    |     Objective Bounds      |     Work
[2025-01-29 09:30:04,898][gurobipy][INFO] -  Expl Unexpl |  Obj  Depth IntInf | Incumbent    BestBd   Gap | It/Node Time
[2025-01-29 09:30:04,898][gurobipy][INFO] - 
[2025-01-29 09:30:04,898][gurobipy][INFO] -      0     0    1.00000    0    1    0.00000    1.00000      -     -    0s
[2025-01-29 09:30:04,899][gurobipy][INFO] - H    0     0                       0.0406654    1.00000  2359%     -    0s
[2025-01-29 09:30:04,915][gurobipy][INFO] - H    0     0                       0.1117635    1.00000   795%     -    0s
[2025-01-29 09:30:05,220][gurobipy][INFO] - H    0     0                       0.1831918    1.00000   446%     -    0s
[2025-01-29 09:30:05,262][gurobipy][INFO] -      0     0    1.00000    0   33    0.18319    1.00000   446%     -    0s
[2025-01-29 09:30:05,322][gurobipy][INFO] -      0     0    1.00000    0   16    0.18319    1.00000   446%     -    0s
[2025-01-29 09:30:05,575][gurobipy][INFO] -      0     0    1.00000    0   16    0.18319    1.00000   446%     -    0s
[2025-01-29 09:30:05,816][gurobipy][INFO] -      0     0    1.00000    0    5    0.18319    1.00000   446%     -    1s
[2025-01-29 09:30:05,957][gurobipy][INFO] -      0     0    1.00000    0   12    0.18319    1.00000   446%     -    1s
[2025-01-29 09:30:05,995][gurobipy][INFO] - H    0     0                       0.2186421    1.00000   357%     -    1s
[2025-01-29 09:30:06,012][gurobipy][INFO] - H    0     0                       0.5371639    1.00000  86.2%     -    1s
[2025-01-29 09:30:06,112][gurobipy][INFO] -      0     0    1.00000    0   11    0.53716    1.00000  86.2%     -    1s
[2025-01-29 09:30:06,387][gurobipy][INFO] -      0     0    0.53716    0    4    0.53716    0.53716  0.00%     -    1s
[2025-01-29 09:30:06,395][gurobipy][INFO] - 
[2025-01-29 09:30:06,395][gurobipy][INFO] - Cutting planes:
[2025-01-29 09:30:06,395][gurobipy][INFO] -   Gomory: 6
[2025-01-29 09:30:06,395][gurobipy][INFO] -   MIR: 55
[2025-01-29 09:30:06,395][gurobipy][INFO] -   RLT: 1
[2025-01-29 09:30:06,395][gurobipy][INFO] - 
[2025-01-29 09:30:06,396][gurobipy][INFO] - Explored 1 nodes (3634 simplex iterations) in 1.68 seconds (1.28 work units)
[2025-01-29 09:30:06,396][gurobipy][INFO] - Thread count was 24 (of 48 available processors)
[2025-01-29 09:30:06,396][gurobipy][INFO] - 
[2025-01-29 09:30:06,396][gurobipy][INFO] - Solution count 6: 0.537164 0.218642 0.183192 ... 1.62093e-14
[2025-01-29 09:30:06,396][gurobipy][INFO] - No other solutions better than 0.537164
[2025-01-29 09:30:06,396][gurobipy][INFO] - 
[2025-01-29 09:30:06,396][gurobipy][INFO] - Optimal solution found (tolerance 1.00e-04)
[2025-01-29 09:30:06,396][gurobipy][INFO] - Best objective 5.371638899963e-01, best bound 5.371638899964e-01, gap 0.0000%
[2025-01-29 09:30:06,413][__main__][INFO] - Finished size 1000 (1/5)
[2025-01-29 09:30:14,232][gurobipy][INFO] - Set parameter TimeLimit to value 600
[2025-01-29 09:30:14,248][gurobipy][INFO] - Gurobi Optimizer version 11.0.2 build v11.0.2rc0 (linux64)
[2025-01-29 09:30:14,248][gurobipy][INFO] - 
[2025-01-29 09:30:14,260][gurobipy][INFO] - CPU model: Intel(R) Xeon(R) Gold 6136 CPU @ 3.00GHz, instruction set [SSE2|AVX|AVX2|AVX512]
[2025-01-29 09:30:14,260][gurobipy][INFO] - Thread count: 24 physical cores, 48 logical processors, using up to 24 threads
[2025-01-29 09:30:14,260][gurobipy][INFO] - 
[2025-01-29 09:30:14,260][gurobipy][INFO] - Optimize a model with 60398 rows, 1333 columns and 154204 nonzeros
[2025-01-29 09:30:14,261][gurobipy][INFO] - Model fingerprint: 0x1f6bf004
[2025-01-29 09:30:14,262][gurobipy][INFO] - Variable types: 1286 continuous, 47 integer (47 binary)
[2025-01-29 09:30:14,262][gurobipy][INFO] - Coefficient statistics:
[2025-01-29 09:30:14,262][gurobipy][INFO] -   Matrix range     [4e-04, 2e+00]
[2025-01-29 09:30:14,262][gurobipy][INFO] -   Objective range  [1e+00, 1e+00]
[2025-01-29 09:30:14,262][gurobipy][INFO] -   Bounds range     [1e+00, 1e+00]
[2025-01-29 09:30:14,262][gurobipy][INFO] -   RHS range        [1e+00, 1e+01]
[2025-01-29 09:30:14,272][gurobipy][INFO] - Found heuristic solution: objective 0.0000000
[2025-01-29 09:30:14,613][gurobipy][INFO] - Presolve removed 17975 rows and 3 columns
[2025-01-29 09:30:14,613][gurobipy][INFO] - Presolve time: 0.34s
[2025-01-29 09:30:14,613][gurobipy][INFO] - Presolved: 42423 rows, 1330 columns, 128549 nonzeros
[2025-01-29 09:30:14,642][gurobipy][INFO] - Variable types: 1286 continuous, 44 integer (44 binary)
[2025-01-29 09:30:14,694][gurobipy][INFO] - Root relaxation presolved: 1330 rows, 43753 columns, 129879 nonzeros
[2025-01-29 09:30:14,694][gurobipy][INFO] - 
[2025-01-29 09:30:14,753][gurobipy][INFO] - 
[2025-01-29 09:30:14,753][gurobipy][INFO] - Root relaxation: objective 1.000000e+00, 1327 iterations, 0.11 seconds (0.22 work units)
[2025-01-29 09:30:14,763][gurobipy][INFO] - 
[2025-01-29 09:30:14,763][gurobipy][INFO] -     Nodes    |    Current Node    |     Objective Bounds      |     Work
[2025-01-29 09:30:14,763][gurobipy][INFO] -  Expl Unexpl |  Obj  Depth IntInf | Incumbent    BestBd   Gap | It/Node Time
[2025-01-29 09:30:14,763][gurobipy][INFO] - 
[2025-01-29 09:30:14,763][gurobipy][INFO] -      0     0    1.00000    0    2    0.00000    1.00000      -     -    0s
[2025-01-29 09:30:14,773][gurobipy][INFO] - H    0     0                       0.0007984    1.00000      -     -    0s
[2025-01-29 09:30:15,495][gurobipy][INFO] -      0     0    1.00000    0   44    0.00080    1.00000      -     -    1s
[2025-01-29 09:30:15,652][gurobipy][INFO] - H    0     0                       0.1333713    1.00000   650%     -    1s
[2025-01-29 09:30:20,720][gurobipy][INFO] -      0     0    0.96153    0    2    0.13337    0.96153   621%     -    6s
[2025-01-29 09:30:20,880][gurobipy][INFO] - H    0     0                       0.4744369    0.96153   103%     -    6s
[2025-01-29 09:30:24,253][gurobipy][INFO] -      0     0    0.88873    0    2    0.47444    0.88873  87.3%     -    9s
[2025-01-29 09:30:24,490][gurobipy][INFO] -      0     0    0.87481    0    3    0.47444    0.87481  84.4%     -   10s
[2025-01-29 09:30:27,033][gurobipy][INFO] -      0     0    0.47444    0   13    0.47444    0.47444  0.00%     -   12s
[2025-01-29 09:30:27,033][gurobipy][INFO] - 
[2025-01-29 09:30:27,033][gurobipy][INFO] - Cutting planes:
[2025-01-29 09:30:27,033][gurobipy][INFO] -   Cover: 3
[2025-01-29 09:30:27,033][gurobipy][INFO] -   MIR: 4
[2025-01-29 09:30:27,034][gurobipy][INFO] - 
[2025-01-29 09:30:27,034][gurobipy][INFO] - Explored 1 nodes (16537 simplex iterations) in 12.77 seconds (22.98 work units)
[2025-01-29 09:30:27,034][gurobipy][INFO] - Thread count was 24 (of 48 available processors)
[2025-01-29 09:30:27,034][gurobipy][INFO] - 
[2025-01-29 09:30:27,035][gurobipy][INFO] - Solution count 4: 0.474437 0.133371 0.000798371 2.10942e-14 
[2025-01-29 09:30:27,035][gurobipy][INFO] - No other solutions better than 0.474437
[2025-01-29 09:30:27,035][gurobipy][INFO] - 
[2025-01-29 09:30:27,035][gurobipy][INFO] - Optimal solution found (tolerance 1.00e-04)
[2025-01-29 09:30:27,035][gurobipy][INFO] - Best objective 4.744368829559e-01, best bound 4.744368829559e-01, gap 0.0000%
[2025-01-29 09:30:27,092][__main__][INFO] - Finished size 4412 (2/5)
[2025-01-29 09:30:39,975][gurobipy][INFO] - Set parameter TimeLimit to value 600
[2025-01-29 09:30:40,013][gurobipy][INFO] - Gurobi Optimizer version 11.0.2 build v11.0.2rc0 (linux64)
[2025-01-29 09:30:40,013][gurobipy][INFO] - 
[2025-01-29 09:30:40,024][gurobipy][INFO] - CPU model: Intel(R) Xeon(R) Gold 6136 CPU @ 3.00GHz, instruction set [SSE2|AVX|AVX2|AVX512]
[2025-01-29 09:30:40,025][gurobipy][INFO] - Thread count: 24 physical cores, 48 logical processors, using up to 24 threads
[2025-01-29 09:30:40,025][gurobipy][INFO] - 
[2025-01-29 09:30:40,025][gurobipy][INFO] - Optimize a model with 137948 rows, 2983 columns and 352204 nonzeros
[2025-01-29 09:30:40,028][gurobipy][INFO] - Model fingerprint: 0xa249a371
[2025-01-29 09:30:40,028][gurobipy][INFO] - Variable types: 2936 continuous, 47 integer (47 binary)
[2025-01-29 09:30:40,028][gurobipy][INFO] - Coefficient statistics:
[2025-01-29 09:30:40,028][gurobipy][INFO] -   Matrix range     [9e-05, 2e+00]
[2025-01-29 09:30:40,028][gurobipy][INFO] -   Objective range  [1e+00, 1e+00]
[2025-01-29 09:30:40,028][gurobipy][INFO] -   Bounds range     [1e+00, 1e+00]
[2025-01-29 09:30:40,028][gurobipy][INFO] -   RHS range        [1e+00, 1e+01]
[2025-01-29 09:30:40,053][gurobipy][INFO] - Found heuristic solution: objective 0.0000000
[2025-01-29 09:30:40,940][gurobipy][INFO] - Presolve removed 35218 rows and 1 columns
[2025-01-29 09:30:40,940][gurobipy][INFO] - Presolve time: 0.89s
[2025-01-29 09:30:40,940][gurobipy][INFO] - Presolved: 102730 rows, 2982 columns, 311120 nonzeros
[2025-01-29 09:30:41,020][gurobipy][INFO] - Variable types: 2936 continuous, 46 integer (46 binary)
[2025-01-29 09:30:41,163][gurobipy][INFO] - Root relaxation presolved: 2982 rows, 105712 columns, 314102 nonzeros
[2025-01-29 09:30:41,163][gurobipy][INFO] - 
[2025-01-29 09:30:41,224][gurobipy][INFO] - 
[2025-01-29 09:30:41,224][gurobipy][INFO] - Root relaxation: objective 1.000000e+00, 92 iterations, 0.20 seconds (0.26 work units)
[2025-01-29 09:30:41,242][gurobipy][INFO] - 
[2025-01-29 09:30:41,242][gurobipy][INFO] -     Nodes    |    Current Node    |     Objective Bounds      |     Work
[2025-01-29 09:30:41,242][gurobipy][INFO] -  Expl Unexpl |  Obj  Depth IntInf | Incumbent    BestBd   Gap | It/Node Time
[2025-01-29 09:30:41,242][gurobipy][INFO] - 
[2025-01-29 09:30:41,242][gurobipy][INFO] -      0     0    1.00000    0    3    0.00000    1.00000      -     -    1s
[2025-01-29 09:30:41,271][gurobipy][INFO] - H    0     0                       0.0925508    1.00000   980%     -    1s
[2025-01-29 09:30:41,349][gurobipy][INFO] - H    0     0                       0.0966892    1.00000   934%     -    1s
[2025-01-29 09:30:41,429][gurobipy][INFO] - H    0     0                       0.1892400    1.00000   428%     -    1s
[2025-01-29 09:30:43,667][gurobipy][INFO] -      0     0    1.00000    0   46    0.18924    1.00000   428%     -    3s
[2025-01-29 09:30:44,391][gurobipy][INFO] -      0     0    1.00000    0   15    0.18924    1.00000   428%     -    4s
[2025-01-29 09:30:44,449][gurobipy][INFO] - H    0     0                       0.1906394    1.00000   425%     -    4s
[2025-01-29 09:30:45,938][gurobipy][INFO] -      0     0    1.00000    0    5    0.19064    1.00000   425%     -    5s
[2025-01-29 09:30:46,401][gurobipy][INFO] -      0     0    1.00000    0   11    0.19064    1.00000   425%     -    6s
[2025-01-29 09:30:48,334][gurobipy][INFO] - H    0     0                       0.3225885    1.00000   210%     -    8s
[2025-01-29 09:30:48,336][gurobipy][INFO] - H    0     0                       0.3473980    0.64478  85.6%     -    8s
[2025-01-29 09:30:48,337][gurobipy][INFO] - H    0     0                       0.4830383    0.64478  33.5%     -    8s
[2025-01-29 09:30:48,342][gurobipy][INFO] -      0     0    0.64478    0    3    0.48304    0.64478  33.5%     -    8s
[2025-01-29 09:30:48,445][gurobipy][INFO] -      0     0    0.64478    0    6    0.48304    0.64478  33.5%     -    8s
[2025-01-29 09:30:48,783][gurobipy][INFO] -      0     0    0.48304    0    8    0.48304    0.48304  0.00%     -    8s
[2025-01-29 09:30:48,784][gurobipy][INFO] - 
[2025-01-29 09:30:48,784][gurobipy][INFO] - Cutting planes:
[2025-01-29 09:30:48,784][gurobipy][INFO] -   Cover: 1
[2025-01-29 09:30:48,784][gurobipy][INFO] -   MIR: 5
[2025-01-29 09:30:48,787][gurobipy][INFO] - 
[2025-01-29 09:30:48,787][gurobipy][INFO] - Explored 1 nodes (10566 simplex iterations) in 8.76 seconds (12.64 work units)
[2025-01-29 09:30:48,787][gurobipy][INFO] - Thread count was 24 (of 48 available processors)
[2025-01-29 09:30:48,787][gurobipy][INFO] - 
[2025-01-29 09:30:48,787][gurobipy][INFO] - Solution count 8: 0.483038 0.347398 0.322588 ... 9.28146e-14
[2025-01-29 09:30:48,787][gurobipy][INFO] - No other solutions better than 0.483038
[2025-01-29 09:30:48,787][gurobipy][INFO] - 
[2025-01-29 09:30:48,787][gurobipy][INFO] - Optimal solution found (tolerance 1.00e-04)
[2025-01-29 09:30:48,788][gurobipy][INFO] - Best objective 4.830382847515e-01, best bound 4.830382847515e-01, gap 0.0000%
[2025-01-29 09:30:48,896][__main__][INFO] - Finished size 19464 (3/5)
[2025-01-29 09:31:15,107][gurobipy][INFO] - Set parameter TimeLimit to value 600
[2025-01-29 09:31:15,179][gurobipy][INFO] - Gurobi Optimizer version 11.0.2 build v11.0.2rc0 (linux64)
[2025-01-29 09:31:15,179][gurobipy][INFO] - 
[2025-01-29 09:31:15,190][gurobipy][INFO] - CPU model: Intel(R) Xeon(R) Gold 6136 CPU @ 3.00GHz, instruction set [SSE2|AVX|AVX2|AVX512]
[2025-01-29 09:31:15,191][gurobipy][INFO] - Thread count: 24 physical cores, 48 logical processors, using up to 24 threads
[2025-01-29 09:31:15,191][gurobipy][INFO] - 
[2025-01-29 09:31:15,191][gurobipy][INFO] - Optimize a model with 286562 rows, 6145 columns and 731644 nonzeros
[2025-01-29 09:31:15,197][gurobipy][INFO] - Model fingerprint: 0xa60472ae
[2025-01-29 09:31:15,197][gurobipy][INFO] - Variable types: 6098 continuous, 47 integer (47 binary)
[2025-01-29 09:31:15,198][gurobipy][INFO] - Coefficient statistics:
[2025-01-29 09:31:15,198][gurobipy][INFO] -   Matrix range     [2e-05, 2e+00]
[2025-01-29 09:31:15,198][gurobipy][INFO] -   Objective range  [1e+00, 1e+00]
[2025-01-29 09:31:15,198][gurobipy][INFO] -   Bounds range     [1e+00, 1e+00]
[2025-01-29 09:31:15,198][gurobipy][INFO] -   RHS range        [1e+00, 1e+01]
[2025-01-29 09:31:15,259][gurobipy][INFO] - Found heuristic solution: objective -0.0000000
[2025-01-29 09:31:17,813][gurobipy][INFO] - Presolve removed 73159 rows and 1 columns
[2025-01-29 09:31:17,813][gurobipy][INFO] - Presolve time: 2.55s
[2025-01-29 09:31:17,813][gurobipy][INFO] - Presolved: 213403 rows, 6144 columns, 646301 nonzeros
[2025-01-29 09:31:17,978][gurobipy][INFO] - Variable types: 6098 continuous, 46 integer (46 binary)
[2025-01-29 09:31:18,349][gurobipy][INFO] - Root relaxation presolved: 6144 rows, 219547 columns, 652445 nonzeros
[2025-01-29 09:31:18,349][gurobipy][INFO] - 
[2025-01-29 09:31:18,603][gurobipy][INFO] - 
[2025-01-29 09:31:18,603][gurobipy][INFO] - Root relaxation: objective 1.000000e+00, 455 iterations, 0.61 seconds (0.68 work units)
[2025-01-29 09:31:18,678][gurobipy][INFO] - 
[2025-01-29 09:31:18,678][gurobipy][INFO] -     Nodes    |    Current Node    |     Objective Bounds      |     Work
[2025-01-29 09:31:18,678][gurobipy][INFO] -  Expl Unexpl |  Obj  Depth IntInf | Incumbent    BestBd   Gap | It/Node Time
[2025-01-29 09:31:18,678][gurobipy][INFO] - 
[2025-01-29 09:31:18,678][gurobipy][INFO] -      0     0    1.00000    0    3   -0.00000    1.00000      -     -    3s
[2025-01-29 09:31:18,854][gurobipy][INFO] - H    0     0                       0.0298625    1.00000  3249%     -    3s
[2025-01-29 09:31:19,519][gurobipy][INFO] -      0     0    1.00000    0    3    0.02986    1.00000  3249%     -    4s
[2025-01-29 09:31:24,776][gurobipy][INFO] -      0     0    1.00000    0   46    0.02986    1.00000  3249%     -    9s
[2025-01-29 09:31:26,058][gurobipy][INFO] -      0     0    1.00000    0   37    0.02986    1.00000  3249%     -   10s
[2025-01-29 09:31:33,127][gurobipy][INFO] -      0     0    1.00000    0   35    0.02986    1.00000  3249%     -   17s
[2025-01-29 09:31:35,035][gurobipy][INFO] - H    0     0                       0.0908229    1.00000  1001%     -   19s
[2025-01-29 09:31:35,194][gurobipy][INFO] -      0     0    1.00000    0   28    0.09082    1.00000  1001%     -   20s
[2025-01-29 09:31:45,294][gurobipy][INFO] -      0     0    1.00000    0   21    0.09082    1.00000  1001%     -   30s
[2025-01-29 09:31:47,374][gurobipy][INFO] -      0     0    1.00000    0    8    0.09082    1.00000  1001%     -   32s
[2025-01-29 09:31:47,987][gurobipy][INFO] -      0     0    1.00000    0    7    0.09082    1.00000  1001%     -   32s
[2025-01-29 09:31:51,342][gurobipy][INFO] - H    0     0                       0.0941833    1.00000   962%     -   36s
[2025-01-29 09:31:52,266][gurobipy][INFO] -      0     0    1.00000    0   15    0.09418    1.00000   962%     -   37s
[2025-01-29 09:31:57,828][gurobipy][INFO] -      0     0    1.00000    0   15    0.09418    1.00000   962%     -   42s
[2025-01-29 09:31:58,506][gurobipy][INFO] - H    0     0                       0.1402942    1.00000   613%     -   43s
[2025-01-29 09:32:01,666][gurobipy][INFO] -      0     0    1.00000    0   28    0.14029    1.00000   613%     -   46s
[2025-01-29 09:32:07,775][gurobipy][INFO] -      0     0    1.00000    0   28    0.14029    1.00000   613%     -   52s
[2025-01-29 09:32:16,002][gurobipy][INFO] -      0     0    1.00000    0   28    0.14029    1.00000   613%     -   60s
[2025-01-29 09:32:17,630][gurobipy][INFO] - H    0     0                       0.1461055    1.00000   584%     -   62s
[2025-01-29 09:32:18,254][gurobipy][INFO] - H    0     0                       0.1949653    1.00000   413%     -   63s
[2025-01-29 09:32:51,696][gurobipy][INFO] -      0     2    1.00000    0   28    0.19497    1.00000   413%     -   96s
[2025-01-29 09:32:57,649][gurobipy][INFO] -      3     2    1.00000    2   19    0.19497    1.00000   413%  1209  102s
[2025-01-29 09:33:00,456][gurobipy][INFO] -      7     2    1.00000    4   14    0.19497    1.00000   413%   682  105s
[2025-01-29 09:33:06,097][gurobipy][INFO] -     15     2    1.00000    8   15    0.19497    1.00000   413%   492  110s
[2025-01-29 09:33:20,041][gurobipy][INFO] -     21     4    0.90909   11   18    0.19497    1.00000   413%   639  124s
[2025-01-29 09:33:27,863][gurobipy][INFO] -     23     4    0.90000   12   16    0.19497    0.90908   366%   956  132s
[2025-01-29 09:33:27,869][gurobipy][INFO] - *   25     4              12       0.3482529    0.89994   158%  1079  132s
[2025-01-29 09:33:31,164][gurobipy][INFO] -     30     4    0.87500   14   14    0.34825    0.88871   155%   947  135s
[2025-01-29 09:33:36,542][gurobipy][INFO] -     42     4    0.82541   17   13    0.34825    0.84267   142%   777  141s
[2025-01-29 09:33:41,799][gurobipy][INFO] -     54     4    0.69611   20   13    0.34825    0.75503   117%   712  146s
[2025-01-29 09:33:45,521][gurobipy][INFO] -     62     4    0.54127   22   11    0.34825    0.61825  77.5%   696  150s
[2025-01-29 09:33:51,326][gurobipy][INFO] - *   72     0              25       0.4806085    0.48201  0.29%   735  156s
[2025-01-29 09:33:51,355][gurobipy][INFO] - 
[2025-01-29 09:33:51,355][gurobipy][INFO] - Cutting planes:
[2025-01-29 09:33:51,355][gurobipy][INFO] -   Implied bound: 3
[2025-01-29 09:33:51,355][gurobipy][INFO] -   MIR: 3
[2025-01-29 09:33:51,355][gurobipy][INFO] -   RLT: 3
[2025-01-29 09:33:51,365][gurobipy][INFO] - 
[2025-01-29 09:33:51,365][gurobipy][INFO] - Explored 74 nodes (76061 simplex iterations) in 156.17 seconds (340.18 work units)
[2025-01-29 09:33:51,365][gurobipy][INFO] - Thread count was 24 (of 48 available processors)
[2025-01-29 09:33:51,365][gurobipy][INFO] - 
[2025-01-29 09:33:51,366][gurobipy][INFO] - Solution count 9: 0.480609 0.348253 0.194965 ... -0
[2025-01-29 09:33:51,366][gurobipy][INFO] - No other solutions better than 0.480609
[2025-01-29 09:33:51,366][gurobipy][INFO] - 
[2025-01-29 09:33:51,366][gurobipy][INFO] - Optimal solution found (tolerance 1.00e-04)
[2025-01-29 09:33:51,368][gurobipy][INFO] - Best objective 4.806085075030e-01, best bound 4.806085075030e-01, gap 0.0000%
[2025-01-29 09:33:51,634][__main__][INFO] - Finished size 85867 (4/5)
[2025-01-29 09:34:43,905][gurobipy][INFO] - Set parameter TimeLimit to value 600
[2025-01-29 09:34:44,029][gurobipy][INFO] - Gurobi Optimizer version 11.0.2 build v11.0.2rc0 (linux64)
[2025-01-29 09:34:44,029][gurobipy][INFO] - 
[2025-01-29 09:34:44,040][gurobipy][INFO] - CPU model: Intel(R) Xeon(R) Gold 6136 CPU @ 3.00GHz, instruction set [SSE2|AVX|AVX2|AVX512]
[2025-01-29 09:34:44,041][gurobipy][INFO] - Thread count: 24 physical cores, 48 logical processors, using up to 24 threads
[2025-01-29 09:34:44,041][gurobipy][INFO] - 
[2025-01-29 09:34:44,041][gurobipy][INFO] - Optimize a model with 543276 rows, 11607 columns and 1387084 nonzeros
[2025-01-29 09:34:44,053][gurobipy][INFO] - Model fingerprint: 0x00762f56
[2025-01-29 09:34:44,053][gurobipy][INFO] - Variable types: 11560 continuous, 47 integer (47 binary)
[2025-01-29 09:34:44,055][gurobipy][INFO] - Coefficient statistics:
[2025-01-29 09:34:44,055][gurobipy][INFO] -   Matrix range     [5e-06, 2e+00]
[2025-01-29 09:34:44,055][gurobipy][INFO] -   Objective range  [1e+00, 1e+00]
[2025-01-29 09:34:44,055][gurobipy][INFO] -   Bounds range     [1e+00, 1e+00]
[2025-01-29 09:34:44,055][gurobipy][INFO] -   RHS range        [1e+00, 1e+01]
[2025-01-29 09:34:44,179][gurobipy][INFO] - Found heuristic solution: objective -0.0000000
[2025-01-29 09:34:47,809][gurobipy][INFO] - Presolve removed 127149 rows and 0 columns
[2025-01-29 09:34:47,810][gurobipy][INFO] - Presolve time: 3.63s
[2025-01-29 09:34:47,810][gurobipy][INFO] - Presolved: 416127 rows, 11607 columns, 1259935 nonzeros
[2025-01-29 09:34:48,147][gurobipy][INFO] - Variable types: 11560 continuous, 47 integer (47 binary)
[2025-01-29 09:34:48,997][gurobipy][INFO] - Root relaxation presolved: 11607 rows, 427734 columns, 1271542 nonzeros
[2025-01-29 09:34:48,997][gurobipy][INFO] - 
[2025-01-29 09:34:48,998][gurobipy][INFO] - Deterministic concurrent LP optimizer: primal and dual simplex
[2025-01-29 09:34:48,998][gurobipy][INFO] - Showing primal log only...
[2025-01-29 09:34:48,998][gurobipy][INFO] - 
[2025-01-29 09:34:49,234][gurobipy][INFO] - 
[2025-01-29 09:34:49,234][gurobipy][INFO] - Root simplex log...
[2025-01-29 09:34:49,234][gurobipy][INFO] - 
[2025-01-29 09:34:49,235][gurobipy][INFO] - Iteration    Objective       Primal Inf.    Dual Inf.      Time
[2025-01-29 09:34:49,235][gurobipy][INFO] -        0    1.0000000e+00   0.000000e+00   1.157000e+04      5s
[2025-01-29 09:34:49,323][gurobipy][INFO] -      115    1.0000000e+00   0.000000e+00   0.000000e+00      5s
[2025-01-29 09:34:49,370][gurobipy][INFO] - Concurrent spin time: 0.05s
[2025-01-29 09:34:49,370][gurobipy][INFO] - 
[2025-01-29 09:34:49,370][gurobipy][INFO] - Solved with primal simplex
[2025-01-29 09:34:49,446][gurobipy][INFO] -      115    1.0000000e+00   0.000000e+00   0.000000e+00      5s
[2025-01-29 09:34:49,446][gurobipy][INFO] - 
[2025-01-29 09:34:49,446][gurobipy][INFO] - Root relaxation: objective 1.000000e+00, 115 iterations, 1.28 seconds (1.24 work units)
[2025-01-29 09:34:49,608][gurobipy][INFO] - 
[2025-01-29 09:34:49,608][gurobipy][INFO] -     Nodes    |    Current Node    |     Objective Bounds      |     Work
[2025-01-29 09:34:49,608][gurobipy][INFO] -  Expl Unexpl |  Obj  Depth IntInf | Incumbent    BestBd   Gap | It/Node Time
[2025-01-29 09:34:49,608][gurobipy][INFO] - 
[2025-01-29 09:34:49,608][gurobipy][INFO] -      0     0    1.00000    0    8   -0.00000    1.00000      -     -    5s
[2025-01-29 09:34:49,743][gurobipy][INFO] - H    0     0                       0.0447300    1.00000  2136%     -    5s
[2025-01-29 09:34:50,354][gurobipy][INFO] - H    0     0                       0.0531420    1.00000  1782%     -    6s
[2025-01-29 09:34:51,568][gurobipy][INFO] -      0     0    1.00000    0    5    0.05314    1.00000  1782%     -    7s
[2025-01-29 09:34:52,146][gurobipy][INFO] - H    0     0                       0.0536614    1.00000  1764%     -    8s
[2025-01-29 09:34:52,380][gurobipy][INFO] - H    0     0                       0.1937829    1.00000   416%     -    8s
[2025-01-29 09:34:59,521][gurobipy][INFO] -      0     0    1.00000    0   44    0.19378    1.00000   416%     -   15s
[2025-01-29 09:35:05,081][gurobipy][INFO] -      0     0    1.00000    0   17    0.19378    1.00000   416%     -   21s
[2025-01-29 09:35:12,926][gurobipy][INFO] -      0     0    1.00000    0    8    0.19378    1.00000   416%     -   28s
[2025-01-29 09:35:13,442][gurobipy][INFO] -      0     0    1.00000    0    7    0.19378    1.00000   416%     -   29s
[2025-01-29 09:35:14,194][gurobipy][INFO] - H    0     0                       0.3490603    1.00000   186%     -   30s
[2025-01-29 09:35:14,880][gurobipy][INFO] -      0     0    1.00000    0    9    0.34906    1.00000   186%     -   30s
[2025-01-29 09:35:15,454][gurobipy][INFO] -      0     0    1.00000    0    9    0.34906    1.00000   186%     -   31s
[2025-01-29 09:35:16,242][gurobipy][INFO] -      0     0    1.00000    0    9    0.34906    1.00000   186%     -   32s
[2025-01-29 09:35:16,878][gurobipy][INFO] -      0     0    1.00000    0    9    0.34906    1.00000   186%     -   32s
[2025-01-29 09:35:17,616][gurobipy][INFO] - H    0     0                       0.4801075    1.00000   108%     -   33s
[2025-01-29 09:35:17,626][gurobipy][INFO] -      0     0    1.00000    0    9    0.48011    1.00000   108%     -   33s
[2025-01-29 09:35:17,988][gurobipy][INFO] -      0     0    1.00000    0    9    0.48011    1.00000   108%     -   33s
[2025-01-29 09:35:18,793][gurobipy][INFO] -      0     0    1.00000    0    7    0.48011    1.00000   108%     -   34s
[2025-01-29 09:35:19,018][gurobipy][INFO] -      0     0    1.00000    0    7    0.48011    1.00000   108%     -   34s
[2025-01-29 09:35:19,958][gurobipy][INFO] -      0     0    0.48011    0    9    0.48011    0.48011  0.00%     -   35s
[2025-01-29 09:35:19,961][gurobipy][INFO] - 
[2025-01-29 09:35:19,961][gurobipy][INFO] - Cutting planes:
[2025-01-29 09:35:19,961][gurobipy][INFO] -   Cover: 1
[2025-01-29 09:35:19,961][gurobipy][INFO] -   Implied bound: 1
[2025-01-29 09:35:19,961][gurobipy][INFO] -   MIR: 567
[2025-01-29 09:35:19,961][gurobipy][INFO] -   RLT: 8
[2025-01-29 09:35:19,976][gurobipy][INFO] - 
[2025-01-29 09:35:19,976][gurobipy][INFO] - Explored 1 nodes (10836 simplex iterations) in 35.94 seconds (53.08 work units)
[2025-01-29 09:35:19,976][gurobipy][INFO] - Thread count was 24 (of 48 available processors)
[2025-01-29 09:35:19,976][gurobipy][INFO] - 
[2025-01-29 09:35:19,976][gurobipy][INFO] - Solution count 7: 0.480107 0.34906 0.193783 ... -0
[2025-01-29 09:35:19,976][gurobipy][INFO] - No other solutions better than 0.480107
[2025-01-29 09:35:19,976][gurobipy][INFO] - 
[2025-01-29 09:35:19,976][gurobipy][INFO] - Optimal solution found (tolerance 1.00e-04)
[2025-01-29 09:35:19,981][gurobipy][INFO] - Best objective 4.801074821723e-01, best bound 4.801074821723e-01, gap 0.0000%
[2025-01-29 09:35:20,477][__main__][INFO] - Finished size 378817 (5/5)
