[2025-01-29 09:50:26,499][gurobipy][INFO] - Set parameter TimeLimit to value 600
[2025-01-29 09:50:26,508][gurobipy][INFO] - Gurobi Optimizer version 11.0.2 build v11.0.2rc0 (linux64)
[2025-01-29 09:50:26,508][gurobipy][INFO] - 
[2025-01-29 09:50:26,520][gurobipy][INFO] - CPU model: Intel(R) Xeon(R) Gold 6136 CPU @ 3.00GHz, instruction set [SSE2|AVX|AVX2|AVX512]
[2025-01-29 09:50:26,520][gurobipy][INFO] - Thread count: 24 physical cores, 48 logical processors, using up to 24 threads
[2025-01-29 09:50:26,520][gurobipy][INFO] - 
[2025-01-29 09:50:26,520][gurobipy][INFO] - Optimize a model with 28031 rows, 622 columns and 70932 nonzeros
[2025-01-29 09:50:26,521][gurobipy][INFO] - Model fingerprint: 0xa6263c47
[2025-01-29 09:50:26,521][gurobipy][INFO] - Variable types: 573 continuous, 49 integer (49 binary)
[2025-01-29 09:50:26,521][gurobipy][INFO] - Coefficient statistics:
[2025-01-29 09:50:26,521][gurobipy][INFO] -   Matrix range     [2e-03, 2e+00]
[2025-01-29 09:50:26,521][gurobipy][INFO] -   Objective range  [1e+00, 1e+00]
[2025-01-29 09:50:26,521][gurobipy][INFO] -   Bounds range     [1e+00, 1e+00]
[2025-01-29 09:50:26,521][gurobipy][INFO] -   RHS range        [1e+00, 1e+01]
[2025-01-29 09:50:26,525][gurobipy][INFO] - Found heuristic solution: objective 0.0000000
[2025-01-29 09:50:26,686][gurobipy][INFO] - Presolve removed 11407 rows and 8 columns
[2025-01-29 09:50:26,686][gurobipy][INFO] - Presolve time: 0.16s
[2025-01-29 09:50:26,686][gurobipy][INFO] - Presolved: 16624 rows, 614 columns, 50439 nonzeros
[2025-01-29 09:50:26,697][gurobipy][INFO] - Variable types: 573 continuous, 41 integer (41 binary)
[2025-01-29 09:50:26,717][gurobipy][INFO] - Root relaxation presolved: 16624 rows, 614 columns, 50439 nonzeros
[2025-01-29 09:50:26,717][gurobipy][INFO] - 
[2025-01-29 09:50:26,738][gurobipy][INFO] - 
[2025-01-29 09:50:26,738][gurobipy][INFO] - Root relaxation: objective 1.000000e+00, 287 iterations, 0.04 seconds (0.06 work units)
[2025-01-29 09:50:26,745][gurobipy][INFO] - 
[2025-01-29 09:50:26,745][gurobipy][INFO] -     Nodes    |    Current Node    |     Objective Bounds      |     Work
[2025-01-29 09:50:26,745][gurobipy][INFO] -  Expl Unexpl |  Obj  Depth IntInf | Incumbent    BestBd   Gap | It/Node Time
[2025-01-29 09:50:26,745][gurobipy][INFO] - 
[2025-01-29 09:50:26,745][gurobipy][INFO] -      0     0    1.00000    0    4    0.00000    1.00000      -     -    0s
[2025-01-29 09:50:26,770][gurobipy][INFO] - H    0     0                       0.0121021    1.00000  8163%     -    0s
[2025-01-29 09:50:27,101][gurobipy][INFO] - H    0     0                       0.0393711    1.00000  2440%     -    0s
[2025-01-29 09:50:27,134][gurobipy][INFO] -      0     0    1.00000    0   39    0.03937    1.00000  2440%     -    0s
[2025-01-29 09:50:27,152][gurobipy][INFO] -      0     0    1.00000    0   36    0.03937    1.00000  2440%     -    0s
[2025-01-29 09:50:28,802][gurobipy][INFO] - H    0     0                       0.0668546    1.00000  1396%     -    2s
[2025-01-29 09:50:28,802][gurobipy][INFO] - H    0     0                       0.0668546    1.00000  1396%     -    2s
[2025-01-29 09:50:28,956][gurobipy][INFO] -      0     0    0.94152    0   16    0.06685    0.94152  1308%     -    2s
[2025-01-29 09:50:29,005][gurobipy][INFO] - H    0     0                       0.1489886    0.94152   532%     -    2s
[2025-01-29 09:50:29,019][gurobipy][INFO] - H    0     0                       0.1882255    0.94152   400%     -    2s
[2025-01-29 09:50:29,047][gurobipy][INFO] -      0     0    0.94085    0   15    0.18823    0.94085   400%     -    2s
[2025-01-29 09:50:29,719][gurobipy][INFO] -      0     0    0.90760    0    1    0.18823    0.90760   382%     -    3s
[2025-01-29 09:50:29,826][gurobipy][INFO] -      0     0    0.89951    0   20    0.18823    0.89951   378%     -    3s
[2025-01-29 09:50:30,479][gurobipy][INFO] -      0     0    0.27383    0    6    0.18823    0.27383  45.5%     -    3s
[2025-01-29 09:50:30,544][gurobipy][INFO] -      0     0    0.18823    0    6    0.18823    0.18823  0.00%     -    4s
[2025-01-29 09:50:30,545][gurobipy][INFO] - 
[2025-01-29 09:50:30,545][gurobipy][INFO] - Cutting planes:
[2025-01-29 09:50:30,545][gurobipy][INFO] -   Implied bound: 1
[2025-01-29 09:50:30,545][gurobipy][INFO] -   MIR: 8
[2025-01-29 09:50:30,545][gurobipy][INFO] - 
[2025-01-29 09:50:30,545][gurobipy][INFO] - Explored 1 nodes (10271 simplex iterations) in 4.03 seconds (6.04 work units)
[2025-01-29 09:50:30,545][gurobipy][INFO] - Thread count was 24 (of 48 available processors)
[2025-01-29 09:50:30,546][gurobipy][INFO] - 
[2025-01-29 09:50:30,546][gurobipy][INFO] - Solution count 6: 0.188225 0.148989 0.0668546 ... 2.13163e-14
[2025-01-29 09:50:30,546][gurobipy][INFO] - No other solutions better than 0.188225
[2025-01-29 09:50:30,546][gurobipy][INFO] - 
[2025-01-29 09:50:30,546][gurobipy][INFO] - Optimal solution found (tolerance 1.00e-04)
[2025-01-29 09:50:30,546][gurobipy][INFO] - Best objective 1.882254554689e-01, best bound 1.882254554689e-01, gap 0.0000%
[2025-01-29 09:50:30,579][__main__][INFO] - Finished size 1000 (1/5)
[2025-01-29 09:50:36,218][gurobipy][INFO] - Set parameter TimeLimit to value 600
[2025-01-29 09:50:36,236][gurobipy][INFO] - Gurobi Optimizer version 11.0.2 build v11.0.2rc0 (linux64)
[2025-01-29 09:50:36,236][gurobipy][INFO] - 
[2025-01-29 09:50:36,248][gurobipy][INFO] - CPU model: Intel(R) Xeon(R) Gold 6136 CPU @ 3.00GHz, instruction set [SSE2|AVX|AVX2|AVX512]
[2025-01-29 09:50:36,248][gurobipy][INFO] - Thread count: 24 physical cores, 48 logical processors, using up to 24 threads
[2025-01-29 09:50:36,248][gurobipy][INFO] - 
[2025-01-29 09:50:36,248][gurobipy][INFO] - Optimize a model with 63017 rows, 1336 columns and 159468 nonzeros
[2025-01-29 09:50:36,249][gurobipy][INFO] - Model fingerprint: 0x16072db3
[2025-01-29 09:50:36,249][gurobipy][INFO] - Variable types: 1287 continuous, 49 integer (49 binary)
[2025-01-29 09:50:36,250][gurobipy][INFO] - Coefficient statistics:
[2025-01-29 09:50:36,250][gurobipy][INFO] -   Matrix range     [5e-04, 2e+00]
[2025-01-29 09:50:36,250][gurobipy][INFO] -   Objective range  [1e+00, 1e+00]
[2025-01-29 09:50:36,250][gurobipy][INFO] -   Bounds range     [1e+00, 1e+00]
[2025-01-29 09:50:36,250][gurobipy][INFO] -   RHS range        [1e+00, 1e+01]
[2025-01-29 09:50:36,261][gurobipy][INFO] - Found heuristic solution: objective 0.0000000
[2025-01-29 09:50:36,637][gurobipy][INFO] - Presolve removed 16717 rows and 1 columns
[2025-01-29 09:50:36,637][gurobipy][INFO] - Presolve time: 0.38s
[2025-01-29 09:50:36,637][gurobipy][INFO] - Presolved: 46300 rows, 1335 columns, 140181 nonzeros
[2025-01-29 09:50:36,672][gurobipy][INFO] - Variable types: 1287 continuous, 48 integer (48 binary)
[2025-01-29 09:50:36,732][gurobipy][INFO] - Root relaxation presolved: 1335 rows, 47635 columns, 141516 nonzeros
[2025-01-29 09:50:36,732][gurobipy][INFO] - 
[2025-01-29 09:50:36,754][gurobipy][INFO] - 
[2025-01-29 09:50:36,755][gurobipy][INFO] - Root relaxation: objective 1.000000e+00, 146 iterations, 0.08 seconds (0.10 work units)
[2025-01-29 09:50:36,775][gurobipy][INFO] - 
[2025-01-29 09:50:36,775][gurobipy][INFO] -     Nodes    |    Current Node    |     Objective Bounds      |     Work
[2025-01-29 09:50:36,775][gurobipy][INFO] -  Expl Unexpl |  Obj  Depth IntInf | Incumbent    BestBd   Gap | It/Node Time
[2025-01-29 09:50:36,775][gurobipy][INFO] - 
[2025-01-29 09:50:36,776][gurobipy][INFO] -      0     0    1.00000    0    8    0.00000    1.00000      -     -    0s
[2025-01-29 09:50:36,807][gurobipy][INFO] - H    0     0                       0.0001648    1.00000      -     -    0s
[2025-01-29 09:50:37,816][gurobipy][INFO] - H    0     0                       0.0079224    1.00000      -     -    1s
[2025-01-29 09:50:37,937][gurobipy][INFO] -      0     0    1.00000    0   48    0.00792    1.00000      -     -    1s
[2025-01-29 09:50:38,015][gurobipy][INFO] -      0     0    1.00000    0   45    0.00792    1.00000      -     -    1s
[2025-01-29 09:50:38,187][gurobipy][INFO] - H    0     0                       0.0120089    1.00000  8227%     -    1s
[2025-01-29 09:50:38,214][gurobipy][INFO] - H    0     0                       0.0989171    1.00000   911%     -    1s
[2025-01-29 09:50:38,940][gurobipy][INFO] - H    0     0                       0.1858747    1.00000   438%     -    2s
[2025-01-29 09:50:44,192][gurobipy][INFO] -      0     0    0.96968    0   17    0.18587    0.96968   422%     -    7s
[2025-01-29 09:50:44,379][gurobipy][INFO] -      0     0    0.96962    0   17    0.18587    0.96962   422%     -    8s
[2025-01-29 09:50:47,347][gurobipy][INFO] -      0     0    0.94444    0    1    0.18587    0.94444   408%     -   11s
[2025-01-29 09:50:47,752][gurobipy][INFO] -      0     0    0.93736    0   24    0.18587    0.93736   404%     -   11s
[2025-01-29 09:50:49,079][gurobipy][INFO] - H    0     0                       0.1932201    0.92852   381%     -   12s
[2025-01-29 09:50:51,565][gurobipy][INFO] -      0     0    0.79254    0    2    0.19322    0.79254   310%     -   15s
[2025-01-29 09:50:51,931][gurobipy][INFO] -      0     0    0.72769    0    8    0.19322    0.72769   277%     -   15s
[2025-01-29 09:50:52,078][gurobipy][INFO] -      0     0    0.70945    0    5    0.19322    0.70945   267%     -   15s
[2025-01-29 09:50:52,403][gurobipy][INFO] -      0     0    0.70921    0    4    0.19322    0.70921   267%     -   16s
[2025-01-29 09:50:52,682][gurobipy][INFO] -      0     0    0.19322    0    5    0.19322    0.19322  0.00%     -   16s
[2025-01-29 09:50:52,683][gurobipy][INFO] - 
[2025-01-29 09:50:52,683][gurobipy][INFO] - Cutting planes:
[2025-01-29 09:50:52,683][gurobipy][INFO] -   MIR: 6
[2025-01-29 09:50:52,685][gurobipy][INFO] - 
[2025-01-29 09:50:52,685][gurobipy][INFO] - Explored 1 nodes (16331 simplex iterations) in 16.44 seconds (24.97 work units)
[2025-01-29 09:50:52,685][gurobipy][INFO] - Thread count was 24 (of 48 available processors)
[2025-01-29 09:50:52,685][gurobipy][INFO] - 
[2025-01-29 09:50:52,685][gurobipy][INFO] - Solution count 7: 0.19322 0.185875 0.0989171 ... 9.99201e-15
[2025-01-29 09:50:52,685][gurobipy][INFO] - No other solutions better than 0.19322
[2025-01-29 09:50:52,685][gurobipy][INFO] - 
[2025-01-29 09:50:52,685][gurobipy][INFO] - Optimal solution found (tolerance 1.00e-04)
[2025-01-29 09:50:52,686][gurobipy][INFO] - Best objective 1.932200860691e-01, best bound 1.932200860691e-01, gap 0.0000%
[2025-01-29 09:50:52,747][__main__][INFO] - Finished size 3431 (2/5)
[2025-01-29 09:51:03,897][gurobipy][INFO] - Set parameter TimeLimit to value 600
[2025-01-29 09:51:03,928][gurobipy][INFO] - Gurobi Optimizer version 11.0.2 build v11.0.2rc0 (linux64)
[2025-01-29 09:51:03,928][gurobipy][INFO] - 
[2025-01-29 09:51:03,941][gurobipy][INFO] - CPU model: Intel(R) Xeon(R) Gold 6136 CPU @ 3.00GHz, instruction set [SSE2|AVX|AVX2|AVX512]
[2025-01-29 09:51:03,941][gurobipy][INFO] - Thread count: 24 physical cores, 48 logical processors, using up to 24 threads
[2025-01-29 09:51:03,941][gurobipy][INFO] - 
[2025-01-29 09:51:03,941][gurobipy][INFO] - Optimize a model with 126129 rows, 2624 columns and 319180 nonzeros
[2025-01-29 09:51:03,944][gurobipy][INFO] - Model fingerprint: 0x8270cf0d
[2025-01-29 09:51:03,944][gurobipy][INFO] - Variable types: 2575 continuous, 49 integer (49 binary)
[2025-01-29 09:51:03,944][gurobipy][INFO] - Coefficient statistics:
[2025-01-29 09:51:03,944][gurobipy][INFO] -   Matrix range     [1e-04, 2e+00]
[2025-01-29 09:51:03,944][gurobipy][INFO] -   Objective range  [1e+00, 1e+00]
[2025-01-29 09:51:03,944][gurobipy][INFO] -   Bounds range     [1e+00, 1e+00]
[2025-01-29 09:51:03,944][gurobipy][INFO] -   RHS range        [1e+00, 1e+01]
[2025-01-29 09:51:03,968][gurobipy][INFO] - Found heuristic solution: objective -0.0000000
[2025-01-29 09:51:04,829][gurobipy][INFO] - Presolve removed 33461 rows and 1 columns
[2025-01-29 09:51:04,829][gurobipy][INFO] - Presolve time: 0.86s
[2025-01-29 09:51:04,829][gurobipy][INFO] - Presolved: 92668 rows, 2623 columns, 280573 nonzeros
[2025-01-29 09:51:04,900][gurobipy][INFO] - Variable types: 2575 continuous, 48 integer (48 binary)
[2025-01-29 09:51:05,042][gurobipy][INFO] - Root relaxation presolved: 2623 rows, 95291 columns, 283196 nonzeros
[2025-01-29 09:51:05,042][gurobipy][INFO] - 
[2025-01-29 09:51:05,106][gurobipy][INFO] - 
[2025-01-29 09:51:05,106][gurobipy][INFO] - Root relaxation: objective 1.000000e+00, 203 iterations, 0.20 seconds (0.26 work units)
[2025-01-29 09:51:05,140][gurobipy][INFO] - 
[2025-01-29 09:51:05,140][gurobipy][INFO] -     Nodes    |    Current Node    |     Objective Bounds      |     Work
[2025-01-29 09:51:05,140][gurobipy][INFO] -  Expl Unexpl |  Obj  Depth IntInf | Incumbent    BestBd   Gap | It/Node Time
[2025-01-29 09:51:05,140][gurobipy][INFO] - 
[2025-01-29 09:51:05,140][gurobipy][INFO] -      0     0    1.00000    0    3   -0.00000    1.00000      -     -    1s
[2025-01-29 09:51:05,206][gurobipy][INFO] - H    0     0                       0.0023390    1.00000      -     -    1s
[2025-01-29 09:51:05,260][gurobipy][INFO] - H    0     0                       0.0199714    1.00000  4907%     -    1s
[2025-01-29 09:51:05,478][gurobipy][INFO] -      0     0    1.00000    0    2    0.01997    1.00000  4907%     -    1s
[2025-01-29 09:51:05,681][gurobipy][INFO] - H    0     0                       0.0207558    1.00000  4718%     -    1s
[2025-01-29 09:51:07,503][gurobipy][INFO] -      0     0    1.00000    0   47    0.02076    1.00000  4718%     -    3s
[2025-01-29 09:51:08,051][gurobipy][INFO] -      0     0    1.00000    0   34    0.02076    1.00000  4718%     -    4s
[2025-01-29 09:51:13,030][gurobipy][INFO] -      0     0    1.00000    0   33    0.02076    1.00000  4718%     -    9s
[2025-01-29 09:51:13,431][gurobipy][INFO] - H    0     0                       0.0419965    1.00000  2281%     -    9s
[2025-01-29 09:51:16,006][gurobipy][INFO] -      0     0    1.00000    0   36    0.04200    1.00000  2281%     -   12s
[2025-01-29 09:51:25,164][gurobipy][INFO] -      0     0    1.00000    0   36    0.04200    1.00000  2281%     -   21s
[2025-01-29 09:51:25,757][gurobipy][INFO] - H    0     0                       0.1669611    1.00000   499%     -   21s
[2025-01-29 09:51:26,641][gurobipy][INFO] -      0     0    1.00000    0   35    0.16696    1.00000   499%     -   22s
[2025-01-29 09:51:36,224][gurobipy][INFO] -      0     0    1.00000    0   33    0.16696    1.00000   499%     -   32s
[2025-01-29 09:51:37,301][gurobipy][INFO] -      0     0    1.00000    0   30    0.16696    1.00000   499%     -   33s
[2025-01-29 09:51:42,856][gurobipy][INFO] -      0     0    1.00000    0   33    0.16696    1.00000   499%     -   38s
[2025-01-29 09:51:44,356][gurobipy][INFO] -      0     0    1.00000    0   35    0.16696    1.00000   499%     -   40s
[2025-01-29 09:51:51,349][gurobipy][INFO] -      0     0    1.00000    0   35    0.16696    1.00000   499%     -   47s
[2025-01-29 09:51:57,674][gurobipy][INFO] -      0     0    1.00000    0   35    0.16696    1.00000   499%     -   53s
[2025-01-29 09:52:16,306][gurobipy][INFO] -      0     2    1.00000    0   35    0.16696    1.00000   499%     -   72s
[2025-01-29 09:52:18,944][gurobipy][INFO] -      5     2    1.00000    3   22    0.16696    1.00000   499%  1139   75s
[2025-01-29 09:52:27,149][gurobipy][INFO] -     23     4    0.92308   12   22    0.16696    1.00000   499%   633   83s
[2025-01-29 09:52:29,607][gurobipy][INFO] -     25     8    0.91707   13   23    0.16696    0.92305   453%   748   85s
[2025-01-29 09:52:34,171][gurobipy][INFO] -     37    12    0.90267   15   18    0.16696    0.91008   445%   676   90s
[2025-01-29 09:52:40,284][gurobipy][INFO] -     83    14    0.85913   19   15    0.16696    0.87458   424%   412   96s
[2025-01-29 09:52:45,043][gurobipy][INFO] -    144    16    0.74737   23   11    0.16696    0.79767   378%   308  101s
[2025-01-29 09:52:49,838][gurobipy][INFO] -    206    19    0.42766   27   10    0.16696    0.52498   214%   279  105s
[2025-01-29 09:52:54,651][gurobipy][INFO] -    316    15    0.18653   32    5    0.16696    0.22601  35.4%   250  110s
[2025-01-29 09:52:54,876][gurobipy][INFO] - *  342     0              33       0.1672811    0.22029  31.7%   238  110s
[2025-01-29 09:52:54,890][gurobipy][INFO] - 
[2025-01-29 09:52:54,890][gurobipy][INFO] - Cutting planes:
[2025-01-29 09:52:54,890][gurobipy][INFO] -   Lift-and-project: 14
[2025-01-29 09:52:54,891][gurobipy][INFO] -   Implied bound: 1
[2025-01-29 09:52:54,891][gurobipy][INFO] -   MIR: 11
[2025-01-29 09:52:54,891][gurobipy][INFO] -   RLT: 7
[2025-01-29 09:52:54,896][gurobipy][INFO] - 
[2025-01-29 09:52:54,896][gurobipy][INFO] - Explored 355 nodes (121758 simplex iterations) in 110.96 seconds (219.57 work units)
[2025-01-29 09:52:54,896][gurobipy][INFO] - Thread count was 24 (of 48 available processors)
[2025-01-29 09:52:54,896][gurobipy][INFO] - 
[2025-01-29 09:52:54,896][gurobipy][INFO] - Solution count 7: 0.167281 0.166961 0.0419965 ... -0
[2025-01-29 09:52:54,896][gurobipy][INFO] - No other solutions better than 0.167281
[2025-01-29 09:52:54,897][gurobipy][INFO] - 
[2025-01-29 09:52:54,897][gurobipy][INFO] - Optimal solution found (tolerance 1.00e-04)
[2025-01-29 09:52:54,898][gurobipy][INFO] - Best objective 1.672810845348e-01, best bound 1.672810845348e-01, gap 0.0000%
[2025-01-29 09:52:55,203][__main__][INFO] - Finished size 11771 (3/5)
[2025-01-29 09:53:20,966][gurobipy][INFO] - Set parameter TimeLimit to value 600
[2025-01-29 09:53:21,069][gurobipy][INFO] - Gurobi Optimizer version 11.0.2 build v11.0.2rc0 (linux64)
[2025-01-29 09:53:21,070][gurobipy][INFO] - 
[2025-01-29 09:53:21,082][gurobipy][INFO] - CPU model: Intel(R) Xeon(R) Gold 6136 CPU @ 3.00GHz, instruction set [SSE2|AVX|AVX2|AVX512]
[2025-01-29 09:53:21,082][gurobipy][INFO] - Thread count: 24 physical cores, 48 logical processors, using up to 24 threads
[2025-01-29 09:53:21,082][gurobipy][INFO] - 
[2025-01-29 09:53:21,082][gurobipy][INFO] - Optimize a model with 242798 rows, 5005 columns and 614424 nonzeros
[2025-01-29 09:53:21,087][gurobipy][INFO] - Model fingerprint: 0xca8e5795
[2025-01-29 09:53:21,087][gurobipy][INFO] - Variable types: 4956 continuous, 49 integer (49 binary)
[2025-01-29 09:53:21,088][gurobipy][INFO] - Coefficient statistics:
[2025-01-29 09:53:21,088][gurobipy][INFO] -   Matrix range     [4e-05, 2e+00]
[2025-01-29 09:53:21,088][gurobipy][INFO] -   Objective range  [1e+00, 1e+00]
[2025-01-29 09:53:21,088][gurobipy][INFO] -   Bounds range     [1e+00, 1e+00]
[2025-01-29 09:53:21,088][gurobipy][INFO] -   RHS range        [1e+00, 1e+01]
[2025-01-29 09:53:21,139][gurobipy][INFO] - Found heuristic solution: objective 0.0000000
[2025-01-29 09:53:23,159][gurobipy][INFO] - Presolve removed 64408 rows and 1 columns
[2025-01-29 09:53:23,160][gurobipy][INFO] - Presolve time: 2.02s
[2025-01-29 09:53:23,160][gurobipy][INFO] - Presolved: 178390 rows, 5004 columns, 540120 nonzeros
[2025-01-29 09:53:23,312][gurobipy][INFO] - Variable types: 4956 continuous, 48 integer (48 binary)
[2025-01-29 09:53:23,659][gurobipy][INFO] - Root relaxation presolved: 5004 rows, 183394 columns, 545124 nonzeros
[2025-01-29 09:53:23,659][gurobipy][INFO] - 
[2025-01-29 09:53:23,784][gurobipy][INFO] - 
[2025-01-29 09:53:23,784][gurobipy][INFO] - Root relaxation: objective 1.000000e+00, 119 iterations, 0.46 seconds (0.47 work units)
[2025-01-29 09:53:23,822][gurobipy][INFO] - 
[2025-01-29 09:53:23,822][gurobipy][INFO] -     Nodes    |    Current Node    |     Objective Bounds      |     Work
[2025-01-29 09:53:23,822][gurobipy][INFO] -  Expl Unexpl |  Obj  Depth IntInf | Incumbent    BestBd   Gap | It/Node Time
[2025-01-29 09:53:23,822][gurobipy][INFO] - 
[2025-01-29 09:53:23,822][gurobipy][INFO] -      0     0    1.00000    0    2    0.00000    1.00000      -     -    2s
[2025-01-29 09:53:23,873][gurobipy][INFO] - H    0     0                       0.0055647    1.00000      -     -    2s
[2025-01-29 09:53:24,118][gurobipy][INFO] - H    0     0                       0.0117718    1.00000  8395%     -    3s
[2025-01-29 09:53:24,633][gurobipy][INFO] -      0     0    1.00000    0    4    0.01177    1.00000  8395%     -    3s
[2025-01-29 09:53:25,140][gurobipy][INFO] - H    0     0                       0.0159047    1.00000  6187%     -    4s
[2025-01-29 09:53:32,289][gurobipy][INFO] -      0     0    1.00000    0   47    0.01590    1.00000  6187%     -   11s
[2025-01-29 09:53:33,331][gurobipy][INFO] -      0     0    1.00000    0   39    0.01590    1.00000  6187%     -   12s
[2025-01-29 09:53:39,818][gurobipy][INFO] -      0     0    1.00000    0   37    0.01590    1.00000  6187%     -   18s
[2025-01-29 09:53:40,833][gurobipy][INFO] - H    0     0                       0.1057087    1.00000   846%     -   19s
[2025-01-29 09:53:41,076][gurobipy][INFO] -      0     0    1.00000    0   33    0.10571    1.00000   846%     -   19s
[2025-01-29 09:53:51,384][gurobipy][INFO] -      0     0    1.00000    0   33    0.10571    1.00000   846%     -   30s
[2025-01-29 09:53:57,910][gurobipy][INFO] -      0     0    1.00000    0   37    0.10571    1.00000   846%     -   36s
[2025-01-29 09:54:06,432][gurobipy][INFO] -      0     0    1.00000    0   37    0.10571    1.00000   846%     -   45s
[2025-01-29 09:54:07,702][gurobipy][INFO] -      0     0    1.00000    0   37    0.10571    1.00000   846%     -   46s
[2025-01-29 09:54:14,047][gurobipy][INFO] -      0     0    1.00000    0   37    0.10571    1.00000   846%     -   52s
[2025-01-29 09:54:17,345][gurobipy][INFO] -      0     0    1.00000    0   36    0.10571    1.00000   846%     -   56s
[2025-01-29 09:54:23,441][gurobipy][INFO] -      0     0    1.00000    0   36    0.10571    1.00000   846%     -   62s
[2025-01-29 09:54:31,587][gurobipy][INFO] -      0     0    1.00000    0   36    0.10571    1.00000   846%     -   70s
[2025-01-29 09:54:50,423][gurobipy][INFO] -      0     2    1.00000    0   36    0.10571    1.00000   846%     -   89s
[2025-01-29 09:54:52,075][gurobipy][INFO] -      1     2    1.00000    1   35    0.10571    1.00000   846%  2795   90s
[2025-01-29 09:54:56,169][gurobipy][INFO] -      5     2    1.00000    3   33    0.10571    1.00000   846%   684   95s
[2025-01-29 09:55:03,135][gurobipy][INFO] -     17     2    1.00000    9   21    0.10571    1.00000   846%   392  102s
[2025-01-29 09:55:06,338][gurobipy][INFO] -     21     2    1.00000   11   25    0.10571    1.00000   846%   340  105s
[2025-01-29 09:55:13,682][gurobipy][INFO] -     29    10    1.00000   14   21    0.10571    1.00000   846%   534  112s
[2025-01-29 09:55:23,806][gurobipy][INFO] -     37    14    0.90909   15   20    0.10571    1.00000   846%   707  122s
[2025-01-29 09:55:30,194][gurobipy][INFO] -     47    18    0.90090   16   22    0.10571    0.90909   760%   797  129s
[2025-01-29 09:55:31,581][gurobipy][INFO] -     61    18    0.89546   17   21    0.10571    0.90082   752%   773  130s
[2025-01-29 09:55:35,075][gurobipy][INFO] - H   79    22                       0.1133656    0.89546   690%   609  133s
[2025-01-29 09:55:35,079][gurobipy][INFO] - H   81    22                       0.1182459    0.89537   657%   609  133s
[2025-01-29 09:55:40,906][gurobipy][INFO] -     97    24    0.87122   19   19    0.11825    0.88580   649%   609  139s
[2025-01-29 09:55:43,448][gurobipy][INFO] -    118    26    0.85295   20   18    0.11825    0.87149   637%   578  142s
[2025-01-29 09:55:43,453][gurobipy][INFO] - H  119    26                       0.1239824    0.87149   603%   573  142s
[2025-01-29 09:55:43,458][gurobipy][INFO] - H  121    26                       0.1308405    0.87047   565%   570  142s
[2025-01-29 09:55:49,665][gurobipy][INFO] -    174    43    0.79646   22   15    0.13084    0.82946   534%   503  148s
[2025-01-29 09:55:53,321][gurobipy][INFO] -    239    46    0.42955   23   14    0.13084    0.79687   509%   436  152s
[2025-01-29 09:55:58,457][gurobipy][INFO] -    317    32    0.69546   25   13    0.13084    0.79687   509%   385  157s
[2025-01-29 09:56:02,440][gurobipy][INFO] -    384    19    0.47909   27   11    0.13084    0.79687   509%   382  161s
[2025-01-29 09:56:04,551][gurobipy][INFO] - *  413    13              28       0.1695665    0.79687   370%   383  163s
[2025-01-29 09:56:06,372][gurobipy][INFO] -    433    12    0.35270   29    6    0.16957    0.79687   370%   376  165s
[2025-01-29 09:56:08,081][gurobipy][INFO] - *  452     8              31       0.1721181    0.79687   363%   390  166s
[2025-01-29 09:56:11,272][gurobipy][INFO] -    464     3    0.40686   25   12    0.17212    0.42680   148%   395  170s
[2025-01-29 09:56:12,948][gurobipy][INFO] - 
[2025-01-29 09:56:12,948][gurobipy][INFO] - Cutting planes:
[2025-01-29 09:56:12,948][gurobipy][INFO] -   Cover: 2
[2025-01-29 09:56:12,948][gurobipy][INFO] -   Implied bound: 1
[2025-01-29 09:56:12,948][gurobipy][INFO] -   MIR: 4
[2025-01-29 09:56:12,948][gurobipy][INFO] -   RLT: 6
[2025-01-29 09:56:12,958][gurobipy][INFO] - 
[2025-01-29 09:56:12,958][gurobipy][INFO] - Explored 478 nodes (211957 simplex iterations) in 171.88 seconds (349.85 work units)
[2025-01-29 09:56:12,958][gurobipy][INFO] - Thread count was 24 (of 48 available processors)
[2025-01-29 09:56:12,958][gurobipy][INFO] - 
[2025-01-29 09:56:12,958][gurobipy][INFO] - Solution count 10: 0.172118 0.169566 0.13084 ... 0.00556467
[2025-01-29 09:56:12,958][gurobipy][INFO] - No other solutions better than 0.172118
[2025-01-29 09:56:12,958][gurobipy][INFO] - 
[2025-01-29 09:56:12,959][gurobipy][INFO] - Optimal solution found (tolerance 1.00e-04)
[2025-01-29 09:56:12,961][gurobipy][INFO] - Best objective 1.721181454662e-01, best bound 1.721181454662e-01, gap 0.0000%
[2025-01-29 09:56:13,261][__main__][INFO] - Finished size 40385 (4/5)
[2025-01-29 09:56:54,336][gurobipy][INFO] - Set parameter TimeLimit to value 600
[2025-01-29 09:56:54,441][gurobipy][INFO] - Gurobi Optimizer version 11.0.2 build v11.0.2rc0 (linux64)
[2025-01-29 09:56:54,441][gurobipy][INFO] - 
[2025-01-29 09:56:54,453][gurobipy][INFO] - CPU model: Intel(R) Xeon(R) Gold 6136 CPU @ 3.00GHz, instruction set [SSE2|AVX|AVX2|AVX512]
[2025-01-29 09:56:54,453][gurobipy][INFO] - Thread count: 24 physical cores, 48 logical processors, using up to 24 threads
[2025-01-29 09:56:54,453][gurobipy][INFO] - 
[2025-01-29 09:56:54,453][gurobipy][INFO] - Optimize a model with 440170 rows, 9033 columns and 1113896 nonzeros
[2025-01-29 09:56:54,462][gurobipy][INFO] - Model fingerprint: 0xffdc31ec
[2025-01-29 09:56:54,462][gurobipy][INFO] - Variable types: 8984 continuous, 49 integer (49 binary)
[2025-01-29 09:56:54,464][gurobipy][INFO] - Coefficient statistics:
[2025-01-29 09:56:54,464][gurobipy][INFO] -   Matrix range     [1e-05, 2e+00]
[2025-01-29 09:56:54,464][gurobipy][INFO] -   Objective range  [1e+00, 1e+00]
[2025-01-29 09:56:54,464][gurobipy][INFO] -   Bounds range     [1e+00, 1e+00]
[2025-01-29 09:56:54,464][gurobipy][INFO] -   RHS range        [1e+00, 1e+01]
[2025-01-29 09:56:54,572][gurobipy][INFO] - Found heuristic solution: objective 0.0000000
[2025-01-29 09:56:57,363][gurobipy][INFO] - Presolve removed 107796 rows and 0 columns
[2025-01-29 09:56:57,363][gurobipy][INFO] - Presolve time: 2.79s
[2025-01-29 09:56:57,363][gurobipy][INFO] - Presolved: 332374 rows, 9033 columns, 1006100 nonzeros
[2025-01-29 09:56:57,634][gurobipy][INFO] - Variable types: 8984 continuous, 49 integer (49 binary)
[2025-01-29 09:56:58,341][gurobipy][INFO] - Root relaxation presolved: 9033 rows, 341407 columns, 1015133 nonzeros
[2025-01-29 09:56:58,341][gurobipy][INFO] - 
[2025-01-29 09:56:58,574][gurobipy][INFO] - 
[2025-01-29 09:56:58,574][gurobipy][INFO] - Root relaxation: objective 1.000000e+00, 151 iterations, 0.92 seconds (0.90 work units)
[2025-01-29 09:56:58,759][gurobipy][INFO] - 
[2025-01-29 09:56:58,759][gurobipy][INFO] -     Nodes    |    Current Node    |     Objective Bounds      |     Work
[2025-01-29 09:56:58,759][gurobipy][INFO] -  Expl Unexpl |  Obj  Depth IntInf | Incumbent    BestBd   Gap | It/Node Time
[2025-01-29 09:56:58,759][gurobipy][INFO] - 
[2025-01-29 09:56:58,760][gurobipy][INFO] -      0     0    1.00000    0    6    0.00000    1.00000      -     -    4s
[2025-01-29 09:56:58,863][gurobipy][INFO] - H    0     0                       0.0064989    1.00000      -     -    4s
[2025-01-29 09:56:59,251][gurobipy][INFO] - H    0     0                       0.0162368    1.00000  6059%     -    4s
[2025-01-29 09:56:59,542][gurobipy][INFO] - H    0     0                       0.0395626    1.00000  2428%     -    5s
[2025-01-29 09:57:00,541][gurobipy][INFO] -      0     0    1.00000    0    6    0.03956    1.00000  2428%     -    6s
[2025-01-29 09:57:12,290][gurobipy][INFO] -      0     0    1.00000    0   49    0.03956    1.00000  2428%     -   17s
[2025-01-29 09:57:16,095][gurobipy][INFO] -      0     0    1.00000    0   30    0.03956    1.00000  2428%     -   21s
[2025-01-29 09:57:22,934][gurobipy][INFO] -      0     0    1.00000    0    3    0.03956    1.00000  2428%     -   28s
[2025-01-29 09:57:28,388][gurobipy][INFO] -      0     0    1.00000    0    4    0.03956    1.00000  2428%     -   33s
[2025-01-29 09:57:39,958][gurobipy][INFO] -      0     0    1.00000    0   32    0.03956    1.00000  2428%     -   45s
[2025-01-29 09:57:50,272][gurobipy][INFO] -      0     0    1.00000    0   30    0.03956    1.00000  2428%     -   55s
[2025-01-29 09:57:51,530][gurobipy][INFO] - H    0     0                       0.1056395    1.00000   847%     -   57s
[2025-01-29 09:57:51,733][gurobipy][INFO] - H    0     0                       0.1177292    1.00000   749%     -   57s
[2025-01-29 09:57:52,331][gurobipy][INFO] -      0     0    1.00000    0   30    0.11773    1.00000   749%     -   57s
[2025-01-29 09:58:03,433][gurobipy][INFO] -      0     0    1.00000    0   30    0.11773    1.00000   749%     -   68s
[2025-01-29 09:58:04,966][gurobipy][INFO] - H    0     0                       0.1690253    1.00000   492%     -   70s
[2025-01-29 09:58:05,766][gurobipy][INFO] -      0     0    1.00000    0   31    0.16903    1.00000   492%     -   71s
[2025-01-29 09:58:11,042][gurobipy][INFO] -      0     0    1.00000    0   30    0.16903    1.00000   492%     -   76s
[2025-01-29 09:58:12,744][gurobipy][INFO] -      0     0    1.00000    0   30    0.16903    1.00000   492%     -   78s
[2025-01-29 09:58:17,877][gurobipy][INFO] -      0     0    1.00000    0   29    0.16903    1.00000   492%     -   83s
[2025-01-29 09:58:25,583][gurobipy][INFO] -      0     0    1.00000    0   32    0.16903    1.00000   492%     -   91s
[2025-01-29 09:58:31,162][gurobipy][INFO] -      0     0    1.00000    0   32    0.16903    1.00000   492%     -   96s
[2025-01-29 09:58:40,593][gurobipy][INFO] -      0     0    1.00000    0   32    0.16903    1.00000   492%     -  106s
[2025-01-29 09:58:41,969][gurobipy][INFO] - H    0     0                       0.1739170    1.00000   475%     -  107s
[2025-01-29 09:59:11,210][gurobipy][INFO] -      0     2    1.00000    0   32    0.17392    1.00000   475%     -  136s
[2025-01-29 09:59:16,263][gurobipy][INFO] -      5     2    1.00000    3   28    0.17392    1.00000   475%   394  141s
[2025-01-29 09:59:22,081][gurobipy][INFO] -      9     2    1.00000    5   19    0.17392    1.00000   475%   307  147s
[2025-01-29 09:59:26,641][gurobipy][INFO] -     15     2    1.00000    8   20    0.17392    1.00000   475%   308  152s
[2025-01-29 09:59:49,884][gurobipy][INFO] -     17     4    1.00000    9   18    0.17392    1.00000   475%   289  175s
[2025-01-29 09:59:56,650][gurobipy][INFO] -     27     6    1.00000   12   13    0.17392    1.00000   475%   862  182s
[2025-01-29 10:00:00,250][gurobipy][INFO] -     31     8    1.00000   13   16    0.17392    1.00000   475%   849  185s
[2025-01-29 10:00:15,672][gurobipy][INFO] -     45    10    1.00000   15   15    0.17392    1.00000   475%   810  201s
[2025-01-29 10:00:40,323][gurobipy][INFO] -     51    10    1.00000   16   15    0.17392    1.00000   475%  1446  225s
[2025-01-29 10:01:01,370][gurobipy][INFO] -     61    12    0.86664   17   18    0.17392    1.00000   475%  1499  246s
[2025-01-29 10:01:04,852][gurobipy][INFO] -     71    12    0.84866   18   17    0.17392    0.86698   399%  1475  250s
[2025-01-29 10:01:17,531][gurobipy][INFO] -     95    14    0.79574   20   15    0.17392    0.82833   376%  1290  263s
[2025-01-29 10:01:24,723][gurobipy][INFO] -    107    20    0.77811   21   14    0.17392    0.79569   358%  1246  270s
[2025-01-29 10:01:31,227][gurobipy][INFO] -    144    28    0.66678   23   12    0.17392    0.73036   320%  1168  276s
[2025-01-29 10:01:38,397][gurobipy][INFO] -    201    22    0.50582   25   10    0.17392    0.58869   238%  1024  283s
[2025-01-29 10:01:42,359][gurobipy][INFO] -    229    20    0.30424   26    9    0.17392    0.54306   212%  1003  287s
[2025-01-29 10:01:45,957][gurobipy][INFO] -    253    11    0.23425   27    5    0.17392    0.38596   122%  1015  291s
[2025-01-29 10:01:48,940][gurobipy][INFO] - 
[2025-01-29 10:01:48,940][gurobipy][INFO] - Cutting planes:
[2025-01-29 10:01:48,940][gurobipy][INFO] -   MIR: 12
[2025-01-29 10:01:48,940][gurobipy][INFO] -   RLT: 8
[2025-01-29 10:01:48,961][gurobipy][INFO] - 
[2025-01-29 10:01:48,961][gurobipy][INFO] - Explored 315 nodes (311140 simplex iterations) in 294.51 seconds (671.77 work units)
[2025-01-29 10:01:48,962][gurobipy][INFO] - Thread count was 24 (of 48 available processors)
[2025-01-29 10:01:48,962][gurobipy][INFO] - 
[2025-01-29 10:01:48,962][gurobipy][INFO] - Solution count 8: 0.173917 0.169025 0.117729 ... 3.55271e-15
[2025-01-29 10:01:48,962][gurobipy][INFO] - No other solutions better than 0.173917
[2025-01-29 10:01:48,962][gurobipy][INFO] - 
[2025-01-29 10:01:48,962][gurobipy][INFO] - Optimal solution found (tolerance 1.00e-04)
[2025-01-29 10:01:48,968][gurobipy][INFO] - Best objective 1.739170232327e-01, best bound 1.739170232327e-01, gap 0.0000%
[2025-01-29 10:01:49,482][__main__][INFO] - Finished size 138554 (5/5)
