[2025-01-29 13:29:36,772][__main__][INFO] - In total, there are 5772124799 possible subgroups
[2025-01-29 13:29:36,801][__main__][INFO] - [0], []
[2025-01-29 13:30:05,746][__main__][INFO] - [], [0]
[2025-01-29 13:30:32,874][__main__][INFO] - [1], []
[2025-01-29 13:30:35,147][__main__][INFO] - [2], []
[2025-01-29 13:30:58,038][__main__][INFO] - [3], []
[2025-01-29 13:30:59,285][__main__][INFO] - [4], []
[2025-01-29 13:31:02,522][__main__][INFO] - [5], []
[2025-01-29 13:31:03,563][__main__][INFO] - [6], []
[2025-01-29 13:31:03,721][__main__][INFO] - [7], []
[2025-01-29 13:31:03,784][__main__][INFO] - [8], []
[2025-01-29 13:31:03,828][__main__][INFO] - [9], []
[2025-01-29 13:31:03,847][__main__][INFO] - [10], []
[2025-01-29 13:31:04,611][__main__][INFO] - [11], []
[2025-01-29 13:31:05,883][__main__][INFO] - [12], []
[2025-01-29 13:31:07,253][__main__][INFO] - [13], []
[2025-01-29 13:31:08,700][__main__][INFO] - [14], []
[2025-01-29 13:31:10,314][__main__][INFO] - [15], []
[2025-01-29 13:31:12,315][__main__][INFO] - [16], []
[2025-01-29 13:31:14,166][__main__][INFO] - [17], []
[2025-01-29 13:31:15,870][__main__][INFO] - [18], []
[2025-01-29 13:31:16,799][__main__][INFO] - [19], []
[2025-01-29 13:31:17,290][__main__][INFO] - [20], []
[2025-01-29 13:31:47,578][__main__][INFO] - [21], []
[2025-01-29 13:31:50,568][__main__][INFO] - [22], []
[2025-01-29 13:31:55,702][__main__][INFO] - [23], []
[2025-01-29 13:31:56,218][__main__][INFO] - [24], []
[2025-01-29 13:31:56,317][__main__][INFO] - [25], []
[2025-01-29 13:31:56,364][__main__][INFO] - [26], []
[2025-01-29 13:32:15,338][__main__][INFO] - [], [26]
[2025-01-29 13:32:52,322][__main__][INFO] - [27], []
[2025-01-29 13:33:21,939][__main__][INFO] - [28], []
[2025-01-29 13:33:25,261][__main__][INFO] - [29], []
[2025-01-29 13:33:31,831][__main__][INFO] - [30], []
[2025-01-29 13:33:32,304][__main__][INFO] - [31], []
[2025-01-29 13:33:32,344][__main__][INFO] - [32], []
[2025-01-29 13:34:28,242][__main__][INFO] - [33], []
[2025-01-29 13:34:29,713][__main__][INFO] - [34], []
[2025-01-29 13:34:29,752][__main__][INFO] - [35], []
[2025-01-29 13:34:29,859][__main__][INFO] - [36], []
[2025-01-29 13:34:32,181][__main__][INFO] - [37], []
[2025-01-29 13:35:00,988][__main__][INFO] - [38], []
[2025-01-29 13:35:06,491][__main__][INFO] - [39], []
[2025-01-29 13:35:13,210][__main__][INFO] - [40], []
[2025-01-29 13:35:13,426][__main__][INFO] - [41], []
[2025-01-29 13:35:31,607][__main__][INFO] - [], [41]
[2025-01-29 13:36:09,178][__main__][INFO] - [42], []
[2025-01-29 13:36:11,263][__main__][INFO] - [], [42]
[2025-01-29 13:37:31,266][__main__][INFO] - [43], []
[2025-01-29 13:37:32,867][__main__][INFO] - [], [43]
[2025-01-29 13:38:56,050][__main__][INFO] - [44], []
[2025-01-29 23:59:02,717][__main__][INFO] - In total, there are 5772124799 possible subgroups
[2025-01-29 23:59:02,744][__main__][INFO] - [0], []
[2025-01-29 23:59:15,241][__main__][INFO] - [], [0]
[2025-01-29 23:59:26,850][__main__][INFO] - [1], []
[2025-01-29 23:59:27,930][__main__][INFO] - [2], []
[2025-01-29 23:59:38,364][__main__][INFO] - [3], []
[2025-01-29 23:59:38,946][__main__][INFO] - [4], []
[2025-01-29 23:59:40,461][__main__][INFO] - [5], []
[2025-01-29 23:59:40,958][__main__][INFO] - [6], []
[2025-01-29 23:59:41,046][__main__][INFO] - [7], []
[2025-01-29 23:59:41,085][__main__][INFO] - [8], []
[2025-01-29 23:59:41,117][__main__][INFO] - [9], []
[2025-01-29 23:59:41,133][__main__][INFO] - [10], []
[2025-01-29 23:59:41,578][__main__][INFO] - [11], []
[2025-01-29 23:59:42,256][__main__][INFO] - [12], []
[2025-01-29 23:59:42,994][__main__][INFO] - [13], []
[2025-01-29 23:59:43,753][__main__][INFO] - [14], []
[2025-01-29 23:59:44,571][__main__][INFO] - [15], []
[2025-01-29 23:59:45,566][__main__][INFO] - [16], []
[2025-01-29 23:59:46,488][__main__][INFO] - [17], []
[2025-01-29 23:59:47,333][__main__][INFO] - [18], []
[2025-01-29 23:59:47,804][__main__][INFO] - [19], []
[2025-01-29 23:59:48,058][__main__][INFO] - [20], []
[2025-01-30 00:00:02,027][__main__][INFO] - [21], []
[2025-01-30 00:00:03,399][__main__][INFO] - [22], []
[2025-01-30 00:00:05,710][__main__][INFO] - [23], []
[2025-01-30 00:00:05,960][__main__][INFO] - [24], []
[2025-01-30 00:00:06,018][__main__][INFO] - [25], []
[2025-01-30 00:00:06,050][__main__][INFO] - [26], []
[2025-01-30 00:00:14,253][__main__][INFO] - [], [26]
[2025-01-30 00:00:31,177][__main__][INFO] - [27], []
[2025-01-30 00:00:44,551][__main__][INFO] - [28], []
[2025-01-30 00:00:46,074][__main__][INFO] - [29], []
[2025-01-30 00:00:48,990][__main__][INFO] - [30], []
[2025-01-30 00:00:49,210][__main__][INFO] - [31], []
[2025-01-30 00:00:49,238][__main__][INFO] - [32], []
[2025-01-30 00:01:13,551][__main__][INFO] - [33], []
[2025-01-30 00:01:14,195][__main__][INFO] - [34], []
[2025-01-30 00:01:14,224][__main__][INFO] - [35], []
[2025-01-30 00:01:14,287][__main__][INFO] - [36], []
[2025-01-30 00:01:15,465][__main__][INFO] - [37], []
[2025-01-30 00:01:28,091][__main__][INFO] - [38], []
[2025-01-30 00:01:30,639][__main__][INFO] - [39], []
[2025-01-30 00:01:33,539][__main__][INFO] - [40], []
[2025-01-30 00:01:33,658][__main__][INFO] - [41], []
[2025-01-30 00:01:41,746][__main__][INFO] - [], [41]
[2025-01-30 00:01:58,995][__main__][INFO] - [42], []
[2025-01-30 00:01:59,914][__main__][INFO] - [], [42]
[2025-01-30 00:02:34,128][__main__][INFO] - [43], []
[2025-01-30 00:02:34,821][__main__][INFO] - [], [43]
[2025-01-30 00:03:10,609][__main__][INFO] - [44], []
[2025-01-30 00:03:40,227][__main__][INFO] - [45], []
[2025-01-30 00:03:41,712][__main__][INFO] - [46], []
[2025-01-30 00:03:41,867][__main__][INFO] - [47], []
[2025-01-30 00:04:10,005][__main__][INFO] - [48], []
[2025-01-30 00:04:12,099][__main__][INFO] - [49], []
[2025-01-30 00:04:12,177][__main__][INFO] - [50], []
[2025-01-30 00:04:12,841][__main__][INFO] - [51], []
[2025-01-30 00:04:13,316][__main__][INFO] - [52], []
[2025-01-30 00:04:13,873][__main__][INFO] - [53], []
[2025-01-30 00:04:14,433][__main__][INFO] - [54], []
[2025-01-30 00:04:14,923][__main__][INFO] - [55], []
[2025-01-30 00:04:15,368][__main__][INFO] - [56], []
[2025-01-30 00:04:15,780][__main__][INFO] - [57], []
[2025-01-30 00:04:16,156][__main__][INFO] - [58], []
[2025-01-30 00:04:16,458][__main__][INFO] - [59], []
[2025-01-30 00:04:18,765][__main__][INFO] - [0, 1], []
[2025-01-30 00:04:19,136][__main__][INFO] - [0, 2], []
[2025-01-30 00:04:22,141][__main__][INFO] - [0, 3], []
[2025-01-30 00:04:22,339][__main__][INFO] - [0, 4], []
[2025-01-30 00:04:22,873][__main__][INFO] - [0, 5], []
[2025-01-30 00:04:23,035][__main__][INFO] - [0, 6], []
[2025-01-30 00:04:23,079][__main__][INFO] - [0, 7], []
[2025-01-30 00:04:23,096][__main__][INFO] - [0, 8], []
[2025-01-30 00:04:23,132][__main__][INFO] - [0, 10], []
[2025-01-30 00:04:23,315][__main__][INFO] - [0, 11], []
[2025-01-30 00:04:23,590][__main__][INFO] - [0, 12], []
[2025-01-30 00:04:23,861][__main__][INFO] - [0, 13], []
[2025-01-30 00:04:24,136][__main__][INFO] - [0, 14], []
[2025-01-30 00:04:24,436][__main__][INFO] - [0, 15], []
[2025-01-30 00:04:24,824][__main__][INFO] - [0, 16], []
[2025-01-30 00:04:25,136][__main__][INFO] - [0, 17], []
[2025-01-30 00:04:25,408][__main__][INFO] - [0, 18], []
[2025-01-30 00:04:25,571][__main__][INFO] - [0, 19], []
[2025-01-30 00:04:25,687][__main__][INFO] - [0, 20], []
[2025-01-30 00:04:29,549][__main__][INFO] - [0, 21], []
[2025-01-30 00:04:30,008][__main__][INFO] - [0, 22], []
[2025-01-30 00:04:30,760][__main__][INFO] - [0, 23], []
[2025-01-30 00:04:30,858][__main__][INFO] - [0, 24], []
[2025-01-30 00:04:30,890][__main__][INFO] - [0, 25], []
[2025-01-30 00:04:30,906][__main__][INFO] - [0, 26], []
[2025-01-30 00:04:33,072][__main__][INFO] - [0], [26]
[2025-01-30 00:04:38,086][__main__][INFO] - [0, 27], []
[2025-01-30 00:04:41,704][__main__][INFO] - [0, 28], []
[2025-01-30 00:04:42,224][__main__][INFO] - [0, 29], []
[2025-01-30 00:04:43,115][__main__][INFO] - [0, 30], []
[2025-01-30 00:04:43,193][__main__][INFO] - [0, 31], []
[2025-01-30 00:04:43,215][__main__][INFO] - [0, 32], []
[2025-01-30 00:04:51,706][__main__][INFO] - [0, 33], []
[2025-01-30 00:04:51,759][__main__][INFO] - [0, 34], []
[2025-01-30 00:04:51,778][__main__][INFO] - [0, 35], []
[2025-01-30 00:04:51,798][__main__][INFO] - [0, 36], []
[2025-01-30 00:04:52,238][__main__][INFO] - [0, 37], []
[2025-01-30 00:04:55,827][__main__][INFO] - [0, 38], []
[2025-01-30 00:04:56,623][__main__][INFO] - [0, 39], []
[2025-01-30 00:04:57,465][__main__][INFO] - [0, 40], []
[2025-01-30 00:04:57,519][__main__][INFO] - [0, 41], []
[2025-01-30 00:04:59,913][__main__][INFO] - [0], [41]
[2025-01-30 00:05:04,467][__main__][INFO] - [0, 42], []
[2025-01-30 00:05:04,686][__main__][INFO] - [0], [42]
[2025-01-30 00:05:14,420][__main__][INFO] - [0, 43], []
[2025-01-30 00:05:14,634][__main__][INFO] - [0], [43]
[2025-01-30 00:05:24,466][__main__][INFO] - [0, 44], []
[2025-01-30 00:05:32,897][__main__][INFO] - [0, 45], []
[2025-01-30 00:05:33,302][__main__][INFO] - [0, 46], []
[2025-01-30 00:05:33,377][__main__][INFO] - [0, 47], []
[2025-01-30 00:05:37,731][__main__][INFO] - [0, 48], []
[2025-01-30 00:05:39,782][__main__][INFO] - [0, 49], []
[2025-01-30 00:05:39,859][__main__][INFO] - [0, 50], []
[2025-01-30 00:05:40,070][__main__][INFO] - [0, 51], []
[2025-01-30 00:05:40,247][__main__][INFO] - [0, 52], []
[2025-01-30 00:05:40,440][__main__][INFO] - [0, 53], []
[2025-01-30 00:05:40,640][__main__][INFO] - [0, 54], []
[2025-01-30 00:05:40,815][__main__][INFO] - [0, 55], []
[2025-01-30 00:05:40,973][__main__][INFO] - [0, 56], []
[2025-01-30 00:05:41,124][__main__][INFO] - [0, 57], []
[2025-01-30 00:05:41,258][__main__][INFO] - [0, 58], []
[2025-01-30 00:05:41,369][__main__][INFO] - [0, 59], []
[2025-01-30 00:05:42,128][__main__][INFO] - [1], [0]
[2025-01-30 00:05:42,458][__main__][INFO] - [2], [0]
[2025-01-30 00:05:45,493][__main__][INFO] - [3], [0]
[2025-01-30 00:05:45,666][__main__][INFO] - [4], [0]
[2025-01-30 00:05:46,113][__main__][INFO] - [5], [0]
[2025-01-30 00:05:46,283][__main__][INFO] - [6], [0]
[2025-01-30 00:05:46,323][__main__][INFO] - [7], [0]
[2025-01-30 00:05:46,347][__main__][INFO] - [8], [0]
[2025-01-30 00:05:46,382][__main__][INFO] - [10], [0]
[2025-01-30 00:05:46,572][__main__][INFO] - [11], [0]
[2025-01-30 00:05:46,803][__main__][INFO] - [12], [0]
[2025-01-30 00:05:47,084][__main__][INFO] - [13], [0]
[2025-01-30 00:05:47,354][__main__][INFO] - [14], [0]
[2025-01-30 00:05:47,634][__main__][INFO] - [15], [0]
[2025-01-30 00:05:47,929][__main__][INFO] - [16], [0]
[2025-01-30 00:05:48,257][__main__][INFO] - [17], [0]
[2025-01-30 00:05:48,559][__main__][INFO] - [18], [0]
[2025-01-30 00:05:48,712][__main__][INFO] - [19], [0]
[2025-01-30 00:05:48,784][__main__][INFO] - [20], [0]
[2025-01-30 00:05:52,896][__main__][INFO] - [21], [0]
[2025-01-30 00:05:53,273][__main__][INFO] - [22], [0]
[2025-01-30 00:05:53,859][__main__][INFO] - [23], [0]
[2025-01-30 00:05:53,943][__main__][INFO] - [24], [0]
[2025-01-30 00:05:53,973][__main__][INFO] - [25], [0]
[2025-01-30 00:05:53,994][__main__][INFO] - [26], [0]
[2025-01-30 00:05:56,170][__main__][INFO] - [], [0, 26]
[2025-01-30 00:06:00,623][__main__][INFO] - [27], [0]
[2025-01-30 00:06:04,577][__main__][INFO] - [28], [0]
[2025-01-30 00:06:04,972][__main__][INFO] - [29], [0]
[2025-01-30 00:06:05,709][__main__][INFO] - [30], [0]
[2025-01-30 00:06:05,784][__main__][INFO] - [31], [0]
[2025-01-30 00:06:05,800][__main__][INFO] - [32], [0]
[2025-01-30 00:06:10,949][__main__][INFO] - [33], [0]
[2025-01-30 00:06:11,426][__main__][INFO] - [34], [0]
[2025-01-30 00:06:11,454][__main__][INFO] - [35], [0]
[2025-01-30 00:06:11,503][__main__][INFO] - [36], [0]
[2025-01-30 00:06:11,901][__main__][INFO] - [37], [0]
[2025-01-30 00:06:15,291][__main__][INFO] - [38], [0]
[2025-01-30 00:06:16,050][__main__][INFO] - [39], [0]
[2025-01-30 00:06:16,831][__main__][INFO] - [40], [0]
[2025-01-30 00:06:16,880][__main__][INFO] - [41], [0]
[2025-01-30 00:06:18,829][__main__][INFO] - [], [0, 41]
[2025-01-30 00:06:23,712][__main__][INFO] - [42], [0]
[2025-01-30 00:06:24,014][__main__][INFO] - [], [0, 42]
[2025-01-30 00:06:32,905][__main__][INFO] - [43], [0]
[2025-01-30 00:06:33,086][__main__][INFO] - [], [0, 43]
[2025-01-30 00:06:42,717][__main__][INFO] - [44], [0]
[2025-01-30 00:06:50,513][__main__][INFO] - [45], [0]
[2025-01-30 00:06:50,940][__main__][INFO] - [46], [0]
[2025-01-30 00:06:51,016][__main__][INFO] - [47], [0]
[2025-01-30 00:07:02,593][__main__][INFO] - [50], [0]
[2025-01-30 00:07:02,833][__main__][INFO] - [51], [0]
[2025-01-30 00:07:02,981][__main__][INFO] - [52], [0]
[2025-01-30 00:07:03,161][__main__][INFO] - [53], [0]
[2025-01-30 00:07:03,340][__main__][INFO] - [54], [0]
[2025-01-30 00:07:03,499][__main__][INFO] - [55], [0]
[2025-01-30 00:07:03,648][__main__][INFO] - [56], [0]
[2025-01-30 00:07:03,787][__main__][INFO] - [57], [0]
[2025-01-30 00:07:03,920][__main__][INFO] - [58], [0]
[2025-01-30 00:07:04,029][__main__][INFO] - [59], [0]
[2025-01-30 00:07:04,846][__main__][INFO] - [1, 10], []
[2025-01-30 00:07:04,898][__main__][INFO] - [1, 11], []
[2025-01-30 00:07:04,961][__main__][INFO] - [1, 12], []
[2025-01-30 00:07:05,029][__main__][INFO] - [1, 13], []
[2025-01-30 00:07:05,090][__main__][INFO] - [1, 14], []
[2025-01-30 00:07:05,153][__main__][INFO] - [1, 15], []
[2025-01-30 00:07:05,216][__main__][INFO] - [1, 16], []
[2025-01-30 00:07:05,263][__main__][INFO] - [1, 17], []
[2025-01-30 00:07:05,303][__main__][INFO] - [1, 18], []
[2025-01-30 00:07:05,328][__main__][INFO] - [1, 19], []
[2025-01-30 00:07:05,343][__main__][INFO] - [1, 20], []
[2025-01-30 00:07:05,677][__main__][INFO] - [1, 21], []
[2025-01-30 00:07:05,694][__main__][INFO] - [1, 22], []
[2025-01-30 00:07:06,041][__main__][INFO] - [1, 23], []
[2025-01-30 00:07:06,058][__main__][INFO] - [1, 24], []
[2025-01-30 00:07:06,087][__main__][INFO] - [1, 26], []
[2025-01-30 00:07:06,273][__main__][INFO] - [1], [26]
[2025-01-30 00:07:06,809][__main__][INFO] - [1, 27], []
[2025-01-30 00:07:07,125][__main__][INFO] - [1, 28], []
[2025-01-30 00:07:07,249][__main__][INFO] - [1, 29], []
[2025-01-30 00:07:07,361][__main__][INFO] - [1, 30], []
[2025-01-30 00:07:07,377][__main__][INFO] - [1, 31], []
[2025-01-30 00:07:07,394][__main__][INFO] - [1, 32], []
[2025-01-30 00:07:08,097][__main__][INFO] - [1, 33], []
[2025-01-30 00:07:08,121][__main__][INFO] - [1, 34], []
[2025-01-30 00:07:08,137][__main__][INFO] - [1, 35], []
[2025-01-30 00:07:08,153][__main__][INFO] - [1, 36], []
[2025-01-30 00:07:08,245][__main__][INFO] - [1, 37], []
[2025-01-30 00:07:08,718][__main__][INFO] - [1, 38], []
[2025-01-30 00:07:08,764][__main__][INFO] - [1, 39], []
[2025-01-30 00:07:08,881][__main__][INFO] - [1, 40], []
[2025-01-30 00:07:08,901][__main__][INFO] - [1, 41], []
[2025-01-30 00:07:09,221][__main__][INFO] - [1], [41]
[2025-01-30 00:07:09,594][__main__][INFO] - [1, 42], []
[2025-01-30 00:07:09,628][__main__][INFO] - [1], [42]
[2025-01-30 00:07:10,520][__main__][INFO] - [1, 43], []
[2025-01-30 00:07:10,554][__main__][INFO] - [1], [43]
[2025-01-30 00:07:11,442][__main__][INFO] - [1, 44], []
[2025-01-30 00:07:12,228][__main__][INFO] - [1, 45], []
[2025-01-30 00:07:12,278][__main__][INFO] - [1, 46], []
[2025-01-30 00:07:12,308][__main__][INFO] - [1, 47], []
[2025-01-30 00:07:12,978][__main__][INFO] - [1, 48], []
[2025-01-30 00:07:13,090][__main__][INFO] - [1, 49], []
[2025-01-30 00:07:13,106][__main__][INFO] - [1, 50], []
[2025-01-30 00:07:13,154][__main__][INFO] - [1, 51], []
[2025-01-30 00:07:13,198][__main__][INFO] - [1, 52], []
[2025-01-30 00:07:13,246][__main__][INFO] - [1, 53], []
[2025-01-30 00:07:13,295][__main__][INFO] - [1, 54], []
[2025-01-30 00:07:13,339][__main__][INFO] - [1, 55], []
[2025-01-30 00:07:13,378][__main__][INFO] - [1, 56], []
[2025-01-30 00:07:13,414][__main__][INFO] - [1, 57], []
[2025-01-30 00:07:13,446][__main__][INFO] - [1, 58], []
[2025-01-30 00:07:13,461][__main__][INFO] - [1, 59], []
[2025-01-30 00:07:13,532][__main__][INFO] - [2, 10], []
[2025-01-30 00:07:13,708][__main__][INFO] - [2, 11], []
[2025-01-30 00:07:13,926][__main__][INFO] - [2, 12], []
[2025-01-30 00:07:14,186][__main__][INFO] - [2, 13], []
[2025-01-30 00:07:14,446][__main__][INFO] - [2, 14], []
[2025-01-30 00:07:14,706][__main__][INFO] - [2, 15], []
[2025-01-30 00:07:15,034][__main__][INFO] - [2, 16], []
[2025-01-30 00:07:15,386][__main__][INFO] - [2, 17], []
[2025-01-30 00:07:15,721][__main__][INFO] - [2, 18], []
[2025-01-30 00:07:15,932][__main__][INFO] - [2, 19], []
[2025-01-30 00:07:16,058][__main__][INFO] - [2, 20], []
[2025-01-30 00:07:19,797][__main__][INFO] - [2, 21], []
[2025-01-30 00:07:19,904][__main__][INFO] - [2, 22], []
[2025-01-30 00:07:20,528][__main__][INFO] - [2, 23], []
[2025-01-30 00:07:20,728][__main__][INFO] - [2, 24], []
[2025-01-30 00:07:20,745][__main__][INFO] - [2, 25], []
[2025-01-30 00:07:20,765][__main__][INFO] - [2, 26], []
[2025-01-30 00:07:23,267][__main__][INFO] - [2], [26]
[2025-01-30 00:07:26,813][__main__][INFO] - [2, 27], []
[2025-01-30 00:07:30,521][__main__][INFO] - [2, 28], []
[2025-01-30 00:07:30,879][__main__][INFO] - [2, 29], []
[2025-01-30 00:07:31,506][__main__][INFO] - [2, 30], []
[2025-01-30 00:07:31,584][__main__][INFO] - [2, 31], []
[2025-01-30 00:07:31,604][__main__][INFO] - [2, 32], []
[2025-01-30 00:07:37,232][__main__][INFO] - [2, 33], []
[2025-01-30 00:07:37,504][__main__][INFO] - [2, 34], []
[2025-01-30 00:07:37,527][__main__][INFO] - [2, 35], []
[2025-01-30 00:07:37,568][__main__][INFO] - [2, 36], []
[2025-01-30 00:07:37,927][__main__][INFO] - [2, 37], []
[2025-01-30 00:07:40,685][__main__][INFO] - [2, 38], []
[2025-01-30 00:07:41,596][__main__][INFO] - [2, 39], []
[2025-01-30 00:07:42,362][__main__][INFO] - [2, 40], []
[2025-01-30 00:07:42,429][__main__][INFO] - [2, 41], []
[2025-01-30 00:07:44,084][__main__][INFO] - [2], [41]
[2025-01-30 00:07:48,593][__main__][INFO] - [2, 42], []
[2025-01-30 00:07:48,966][__main__][INFO] - [2], [42]
[2025-01-30 00:07:56,435][__main__][INFO] - [2, 43], []
[2025-01-30 00:07:56,681][__main__][INFO] - [2], [43]
[2025-01-30 00:08:04,692][__main__][INFO] - [2, 44], []
[2025-01-30 00:08:11,469][__main__][INFO] - [2, 45], []
[2025-01-30 00:08:11,929][__main__][INFO] - [2, 46], []
[2025-01-30 00:08:12,006][__main__][INFO] - [2, 47], []
[2025-01-30 00:08:18,957][__main__][INFO] - [2, 48], []
[2025-01-30 00:08:19,523][__main__][INFO] - [2, 49], []
[2025-01-30 00:08:19,560][__main__][INFO] - [2, 50], []
[2025-01-30 00:08:19,759][__main__][INFO] - [2, 51], []
[2025-01-30 00:08:19,914][__main__][INFO] - [2, 52], []
[2025-01-30 00:08:20,089][__main__][INFO] - [2, 53], []
[2025-01-30 00:08:20,273][__main__][INFO] - [2, 54], []
[2025-01-30 00:08:20,444][__main__][INFO] - [2, 55], []
[2025-01-30 00:08:20,600][__main__][INFO] - [2, 56], []
[2025-01-30 00:08:20,749][__main__][INFO] - [2, 57], []
[2025-01-30 00:08:20,887][__main__][INFO] - [2, 58], []
[2025-01-30 00:08:21,008][__main__][INFO] - [2, 59], []
[2025-01-30 00:08:21,892][__main__][INFO] - [3, 10], []
[2025-01-30 00:08:21,937][__main__][INFO] - [3, 11], []
[2025-01-30 00:08:21,980][__main__][INFO] - [3, 12], []
[2025-01-30 00:08:22,020][__main__][INFO] - [3, 13], []
[2025-01-30 00:08:22,054][__main__][INFO] - [3, 14], []
[2025-01-30 00:08:22,089][__main__][INFO] - [3, 15], []
[2025-01-30 00:08:22,122][__main__][INFO] - [3, 16], []
[2025-01-30 00:08:22,152][__main__][INFO] - [3, 17], []
[2025-01-30 00:08:22,177][__main__][INFO] - [3, 18], []
[2025-01-30 00:08:22,193][__main__][INFO] - [3, 19], []
[2025-01-30 00:08:22,209][__main__][INFO] - [3, 20], []
[2025-01-30 00:08:22,475][__main__][INFO] - [3, 21], []
[2025-01-30 00:08:22,509][__main__][INFO] - [3, 22], []
[2025-01-30 00:08:22,526][__main__][INFO] - [3, 23], []
[2025-01-30 00:08:22,541][__main__][INFO] - [3, 24], []
[2025-01-30 00:08:22,556][__main__][INFO] - [3, 25], []
[2025-01-30 00:08:22,572][__main__][INFO] - [3, 26], []
[2025-01-30 00:08:22,646][__main__][INFO] - [3], [26]
[2025-01-30 00:08:22,961][__main__][INFO] - [3, 27], []
[2025-01-30 00:08:23,218][__main__][INFO] - [3, 28], []
[2025-01-30 00:08:23,234][__main__][INFO] - [3, 29], []
[2025-01-30 00:08:23,250][__main__][INFO] - [3, 30], []
[2025-01-30 00:08:23,272][__main__][INFO] - [3, 31], []
[2025-01-30 00:08:23,288][__main__][INFO] - [3, 32], []
[2025-01-30 00:08:23,597][__main__][INFO] - [3, 33], []
[2025-01-30 00:08:23,620][__main__][INFO] - [3, 34], []
[2025-01-30 00:08:23,637][__main__][INFO] - [3, 35], []
[2025-01-30 00:08:23,652][__main__][INFO] - [3, 36], []
[2025-01-30 00:08:23,720][__main__][INFO] - [3, 37], []
[2025-01-30 00:08:23,821][__main__][INFO] - [3, 38], []
[2025-01-30 00:08:23,964][__main__][INFO] - [3, 39], []
[2025-01-30 00:08:24,014][__main__][INFO] - [3, 40], []
[2025-01-30 00:08:24,030][__main__][INFO] - [3, 41], []
[2025-01-30 00:08:24,046][__main__][INFO] - [3], [41]
[2025-01-30 00:08:24,362][__main__][INFO] - [3, 42], []
[2025-01-30 00:08:24,385][__main__][INFO] - [3], [42]
[2025-01-30 00:08:24,870][__main__][INFO] - [3, 43], []
[2025-01-30 00:08:24,892][__main__][INFO] - [3], [43]
[2025-01-30 00:08:25,377][__main__][INFO] - [3, 44], []
[2025-01-30 00:08:25,761][__main__][INFO] - [3, 45], []
[2025-01-30 00:08:25,796][__main__][INFO] - [3, 46], []
[2025-01-30 00:08:25,824][__main__][INFO] - [3, 47], []
[2025-01-30 00:08:26,163][__main__][INFO] - [3, 48], []
[2025-01-30 00:08:26,225][__main__][INFO] - [3, 49], []
[2025-01-30 00:08:26,241][__main__][INFO] - [3, 50], []
[2025-01-30 00:08:26,270][__main__][INFO] - [3, 51], []
[2025-01-30 00:08:26,295][__main__][INFO] - [3, 52], []
[2025-01-30 00:08:26,321][__main__][INFO] - [3, 53], []
[2025-01-30 00:08:26,347][__main__][INFO] - [3, 54], []
[2025-01-30 00:08:26,362][__main__][INFO] - [3, 55], []
[2025-01-30 00:08:26,387][__main__][INFO] - [3, 56], []
[2025-01-30 00:08:26,412][__main__][INFO] - [3, 57], []
[2025-01-30 00:08:26,428][__main__][INFO] - [3, 58], []
[2025-01-30 00:08:26,451][__main__][INFO] - [3, 59], []
[2025-01-30 00:08:26,535][__main__][INFO] - [4, 10], []
[2025-01-30 00:08:26,585][__main__][INFO] - [4, 11], []
[2025-01-30 00:08:26,647][__main__][INFO] - [4, 12], []
[2025-01-30 00:08:26,713][__main__][INFO] - [4, 13], []
[2025-01-30 00:08:26,784][__main__][INFO] - [4, 14], []
[2025-01-30 00:08:26,860][__main__][INFO] - [4, 15], []
[2025-01-30 00:08:26,932][__main__][INFO] - [4, 16], []
[2025-01-30 00:08:27,000][__main__][INFO] - [4, 17], []
[2025-01-30 00:08:27,061][__main__][INFO] - [4, 18], []
[2025-01-30 00:08:27,077][__main__][INFO] - [4, 19], []
[2025-01-30 00:08:27,108][__main__][INFO] - [4, 20], []
[2025-01-30 00:08:27,341][__main__][INFO] - [4, 21], []
[2025-01-30 00:08:28,028][__main__][INFO] - [4, 22], []
[2025-01-30 00:08:28,044][__main__][INFO] - [4, 23], []
[2025-01-30 00:08:28,060][__main__][INFO] - [4, 24], []
[2025-01-30 00:08:28,076][__main__][INFO] - [4, 25], []
[2025-01-30 00:08:28,092][__main__][INFO] - [4, 26], []
[2025-01-30 00:08:28,294][__main__][INFO] - [4], [26]
[2025-01-30 00:08:29,080][__main__][INFO] - [4, 27], []
[2025-01-30 00:08:29,319][__main__][INFO] - [4, 28], []
[2025-01-30 00:08:29,458][__main__][INFO] - [4, 29], []
[2025-01-30 00:08:29,799][__main__][INFO] - [4, 30], []
[2025-01-30 00:08:29,831][__main__][INFO] - [4, 31], []
[2025-01-30 00:08:29,847][__main__][INFO] - [4, 32], []
[2025-01-30 00:08:30,779][__main__][INFO] - [4, 33], []
[2025-01-30 00:08:30,810][__main__][INFO] - [4, 34], []
[2025-01-30 00:08:30,828][__main__][INFO] - [4, 35], []
[2025-01-30 00:08:30,846][__main__][INFO] - [4, 36], []
[2025-01-30 00:08:30,940][__main__][INFO] - [4, 37], []
[2025-01-30 00:08:31,581][__main__][INFO] - [4, 38], []
[2025-01-30 00:08:31,645][__main__][INFO] - [4, 39], []
[2025-01-30 00:08:31,788][__main__][INFO] - [4, 40], []
[2025-01-30 00:08:31,808][__main__][INFO] - [4, 41], []
[2025-01-30 00:08:32,480][__main__][INFO] - [4], [41]
[2025-01-30 00:08:32,785][__main__][INFO] - [4, 42], []
[2025-01-30 00:08:32,801][__main__][INFO] - [4], [42]
[2025-01-30 00:08:34,021][__main__][INFO] - [4, 43], []
[2025-01-30 00:08:34,055][__main__][INFO] - [4], [43]
[2025-01-30 00:08:35,319][__main__][INFO] - [4, 44], []
[2025-01-30 00:08:36,403][__main__][INFO] - [4, 45], []
[2025-01-30 00:08:36,460][__main__][INFO] - [4, 46], []
[2025-01-30 00:08:36,490][__main__][INFO] - [4, 47], []
[2025-01-30 00:08:37,446][__main__][INFO] - [4, 48], []
[2025-01-30 00:08:37,590][__main__][INFO] - [4, 49], []
[2025-01-30 00:08:37,606][__main__][INFO] - [4, 50], []
[2025-01-30 00:08:37,653][__main__][INFO] - [4, 51], []
[2025-01-30 00:08:37,669][__main__][INFO] - [4, 52], []
[2025-01-30 00:08:37,709][__main__][INFO] - [4, 53], []
[2025-01-30 00:08:37,750][__main__][INFO] - [4, 54], []
[2025-01-30 00:08:37,787][__main__][INFO] - [4, 55], []
[2025-01-30 00:08:37,825][__main__][INFO] - [4, 56], []
[2025-01-30 00:08:37,863][__main__][INFO] - [4, 57], []
[2025-01-30 00:08:37,900][__main__][INFO] - [4, 58], []
[2025-01-30 00:08:37,916][__main__][INFO] - [4, 59], []
[2025-01-30 00:08:38,136][__main__][INFO] - [5, 10], []
[2025-01-30 00:08:38,164][__main__][INFO] - [5, 11], []
[2025-01-30 00:08:38,180][__main__][INFO] - [5, 12], []
[2025-01-30 00:08:38,213][__main__][INFO] - [5, 13], []
[2025-01-30 00:08:38,244][__main__][INFO] - [5, 14], []
[2025-01-30 00:08:38,276][__main__][INFO] - [5, 15], []
[2025-01-30 00:08:38,312][__main__][INFO] - [5, 16], []
[2025-01-30 00:08:38,347][__main__][INFO] - [5, 17], []
[2025-01-30 00:08:38,376][__main__][INFO] - [5, 18], []
[2025-01-30 00:08:38,392][__main__][INFO] - [5, 19], []
[2025-01-30 00:08:38,407][__main__][INFO] - [5, 20], []
[2025-01-30 00:08:38,724][__main__][INFO] - [5, 21], []
[2025-01-30 00:08:38,741][__main__][INFO] - [5, 22], []
[2025-01-30 00:08:38,765][__main__][INFO] - [5, 23], []
[2025-01-30 00:08:38,781][__main__][INFO] - [5, 24], []
[2025-01-30 00:08:38,823][__main__][INFO] - [5, 26], []
[2025-01-30 00:08:38,919][__main__][INFO] - [5], [26]
[2025-01-30 00:08:39,153][__main__][INFO] - [5, 27], []
[2025-01-30 00:08:39,466][__main__][INFO] - [5, 28], []
[2025-01-30 00:08:39,488][__main__][INFO] - [5, 29], []
[2025-01-30 00:08:39,518][__main__][INFO] - [5, 30], []
[2025-01-30 00:08:39,534][__main__][INFO] - [5, 31], []
[2025-01-30 00:08:39,550][__main__][INFO] - [5, 32], []
[2025-01-30 00:08:39,811][__main__][INFO] - [5, 33], []
[2025-01-30 00:08:39,842][__main__][INFO] - [5, 34], []
[2025-01-30 00:08:39,858][__main__][INFO] - [5, 35], []
[2025-01-30 00:08:39,876][__main__][INFO] - [5, 36], []
[2025-01-30 00:08:39,915][__main__][INFO] - [5, 37], []
[2025-01-30 00:08:40,122][__main__][INFO] - [5, 38], []
[2025-01-30 00:08:40,139][__main__][INFO] - [5, 39], []
[2025-01-30 00:08:40,192][__main__][INFO] - [5, 40], []
[2025-01-30 00:08:40,208][__main__][INFO] - [5, 41], []
[2025-01-30 00:08:40,250][__main__][INFO] - [5], [41]
[2025-01-30 00:08:40,581][__main__][INFO] - [5, 42], []
[2025-01-30 00:08:40,605][__main__][INFO] - [5], [42]
[2025-01-30 00:08:41,020][__main__][INFO] - [5, 43], []
[2025-01-30 00:08:41,037][__main__][INFO] - [5], [43]
[2025-01-30 00:08:41,442][__main__][INFO] - [5, 44], []
[2025-01-30 00:08:41,783][__main__][INFO] - [5, 45], []
[2025-01-30 00:08:41,800][__main__][INFO] - [5, 46], []
[2025-01-30 00:08:41,820][__main__][INFO] - [5, 47], []
[2025-01-30 00:08:42,136][__main__][INFO] - [5, 48], []
[2025-01-30 00:08:42,188][__main__][INFO] - [5, 49], []
[2025-01-30 00:08:42,204][__main__][INFO] - [5, 50], []
[2025-01-30 00:08:42,220][__main__][INFO] - [5, 51], []
[2025-01-30 00:08:42,247][__main__][INFO] - [5, 52], []
[2025-01-30 00:08:42,274][__main__][INFO] - [5, 53], []
[2025-01-30 00:08:42,299][__main__][INFO] - [5, 54], []
[2025-01-30 00:08:42,323][__main__][INFO] - [5, 55], []
[2025-01-30 00:08:42,347][__main__][INFO] - [5, 56], []
[2025-01-30 00:08:42,363][__main__][INFO] - [5, 57], []
[2025-01-30 00:08:42,385][__main__][INFO] - [5, 58], []
[2025-01-30 00:08:42,406][__main__][INFO] - [5, 59], []
[2025-01-30 00:08:42,467][__main__][INFO] - [6, 10], []
[2025-01-30 00:08:42,487][__main__][INFO] - [6, 11], []
[2025-01-30 00:08:42,506][__main__][INFO] - [6, 12], []
[2025-01-30 00:08:42,525][__main__][INFO] - [6, 13], []
[2025-01-30 00:08:42,544][__main__][INFO] - [6, 14], []
[2025-01-30 00:08:42,564][__main__][INFO] - [6, 15], []
[2025-01-30 00:08:42,584][__main__][INFO] - [6, 16], []
[2025-01-30 00:08:42,603][__main__][INFO] - [6, 17], []
[2025-01-30 00:08:42,622][__main__][INFO] - [6, 18], []
[2025-01-30 00:08:42,639][__main__][INFO] - [6, 19], []
[2025-01-30 00:08:42,656][__main__][INFO] - [6, 20], []
[2025-01-30 00:08:42,737][__main__][INFO] - [6, 22], []
[2025-01-30 00:08:42,801][__main__][INFO] - [6, 26], []
[2025-01-30 00:08:42,825][__main__][INFO] - [6], [26]
[2025-01-30 00:08:42,884][__main__][INFO] - [6, 27], []
[2025-01-30 00:08:42,952][__main__][INFO] - [6, 28], []
[2025-01-30 00:08:42,967][__main__][INFO] - [6, 29], []
[2025-01-30 00:08:42,985][__main__][INFO] - [6, 30], []
[2025-01-30 00:08:43,016][__main__][INFO] - [6, 32], []
[2025-01-30 00:08:43,074][__main__][INFO] - [6, 33], []
[2025-01-30 00:08:43,119][__main__][INFO] - [6, 36], []
[2025-01-30 00:08:43,141][__main__][INFO] - [6, 37], []
[2025-01-30 00:08:43,190][__main__][INFO] - [6, 38], []
[2025-01-30 00:08:43,212][__main__][INFO] - [6, 39], []
[2025-01-30 00:08:43,232][__main__][INFO] - [6, 40], []
[2025-01-30 00:08:43,248][__main__][INFO] - [6, 41], []
[2025-01-30 00:08:43,268][__main__][INFO] - [6], [41]
[2025-01-30 00:08:43,337][__main__][INFO] - [6, 42], []
[2025-01-30 00:08:43,355][__main__][INFO] - [6], [42]
[2025-01-30 00:08:43,434][__main__][INFO] - [6, 43], []
[2025-01-30 00:08:43,451][__main__][INFO] - [6], [43]
[2025-01-30 00:08:43,532][__main__][INFO] - [6, 44], []
[2025-01-30 00:08:43,601][__main__][INFO] - [6, 45], []
[2025-01-30 00:08:43,620][__main__][INFO] - [6, 46], []
[2025-01-30 00:08:43,638][__main__][INFO] - [6, 47], []
[2025-01-30 00:08:43,698][__main__][INFO] - [6, 48], []
[2025-01-30 00:08:43,721][__main__][INFO] - [6, 49], []
[2025-01-30 00:08:43,738][__main__][INFO] - [6, 50], []
[2025-01-30 00:08:43,757][__main__][INFO] - [6, 51], []
[2025-01-30 00:08:43,775][__main__][INFO] - [6, 52], []
[2025-01-30 00:08:43,793][__main__][INFO] - [6, 53], []
[2025-01-30 00:08:43,812][__main__][INFO] - [6, 54], []
[2025-01-30 00:08:43,831][__main__][INFO] - [6, 55], []
[2025-01-30 00:08:43,849][__main__][INFO] - [6, 56], []
[2025-01-30 00:08:43,866][__main__][INFO] - [6, 57], []
[2025-01-30 00:08:43,884][__main__][INFO] - [6, 58], []
[2025-01-30 00:08:43,901][__main__][INFO] - [6, 59], []
[2025-01-30 00:08:43,936][__main__][INFO] - [7, 10], []
[2025-01-30 00:08:43,952][__main__][INFO] - [7, 11], []
[2025-01-30 00:08:43,967][__main__][INFO] - [7, 12], []
[2025-01-30 00:08:43,982][__main__][INFO] - [7, 13], []
[2025-01-30 00:08:43,997][__main__][INFO] - [7, 14], []
[2025-01-30 00:08:44,015][__main__][INFO] - [7, 15], []
[2025-01-30 00:08:44,030][__main__][INFO] - [7, 16], []
[2025-01-30 00:08:44,047][__main__][INFO] - [7, 17], []
[2025-01-30 00:08:44,063][__main__][INFO] - [7, 18], []
[2025-01-30 00:08:44,092][__main__][INFO] - [7, 20], []
[2025-01-30 00:08:44,120][__main__][INFO] - [7, 21], []
[2025-01-30 00:08:44,178][__main__][INFO] - [7, 25], []
[2025-01-30 00:08:44,194][__main__][INFO] - [7, 26], []
[2025-01-30 00:08:44,209][__main__][INFO] - [7], [26]
[2025-01-30 00:08:44,242][__main__][INFO] - [7, 27], []
[2025-01-30 00:08:44,267][__main__][INFO] - [7, 28], []
[2025-01-30 00:08:44,283][__main__][INFO] - [7, 29], []
[2025-01-30 00:08:44,298][__main__][INFO] - [7, 30], []
[2025-01-30 00:08:44,314][__main__][INFO] - [7, 31], []
[2025-01-30 00:08:44,330][__main__][INFO] - [7, 32], []
[2025-01-30 00:08:44,360][__main__][INFO] - [7, 33], []
[2025-01-30 00:08:44,404][__main__][INFO] - [7, 36], []
[2025-01-30 00:08:44,419][__main__][INFO] - [7, 37], []
[2025-01-30 00:08:44,435][__main__][INFO] - [7, 38], []
[2025-01-30 00:08:44,453][__main__][INFO] - [7, 39], []
[2025-01-30 00:08:44,484][__main__][INFO] - [7, 41], []
[2025-01-30 00:08:44,500][__main__][INFO] - [7], [41]
[2025-01-30 00:08:44,528][__main__][INFO] - [7, 42], []
[2025-01-30 00:08:44,543][__main__][INFO] - [7], [42]
[2025-01-30 00:08:44,581][__main__][INFO] - [7, 43], []
[2025-01-30 00:08:44,596][__main__][INFO] - [7], [43]
[2025-01-30 00:08:44,634][__main__][INFO] - [7, 44], []
[2025-01-30 00:08:44,669][__main__][INFO] - [7, 45], []
[2025-01-30 00:08:44,685][__main__][INFO] - [7, 46], []
[2025-01-30 00:08:44,701][__main__][INFO] - [7, 47], []
[2025-01-30 00:08:44,731][__main__][INFO] - [7, 48], []
[2025-01-30 00:08:44,747][__main__][INFO] - [7, 49], []
[2025-01-30 00:08:44,762][__main__][INFO] - [7, 50], []
[2025-01-30 00:08:44,779][__main__][INFO] - [7, 51], []
[2025-01-30 00:08:44,794][__main__][INFO] - [7, 52], []
[2025-01-30 00:08:44,809][__main__][INFO] - [7, 53], []
[2025-01-30 00:08:44,825][__main__][INFO] - [7, 54], []
[2025-01-30 00:08:44,842][__main__][INFO] - [7, 55], []
[2025-01-30 00:08:44,857][__main__][INFO] - [7, 56], []
[2025-01-30 00:08:44,873][__main__][INFO] - [7, 57], []
[2025-01-30 00:08:44,889][__main__][INFO] - [7, 58], []
[2025-01-30 00:08:44,904][__main__][INFO] - [7, 59], []
[2025-01-30 00:08:44,937][__main__][INFO] - [8, 10], []
[2025-01-30 00:08:44,954][__main__][INFO] - [8, 11], []
[2025-01-30 00:08:44,970][__main__][INFO] - [8, 12], []
[2025-01-30 00:08:44,987][__main__][INFO] - [8, 13], []
[2025-01-30 00:08:45,002][__main__][INFO] - [8, 14], []
[2025-01-30 00:08:45,020][__main__][INFO] - [8, 15], []
[2025-01-30 00:08:45,037][__main__][INFO] - [8, 16], []
[2025-01-30 00:08:45,054][__main__][INFO] - [8, 17], []
[2025-01-30 00:08:45,097][__main__][INFO] - [8, 20], []
[2025-01-30 00:08:45,137][__main__][INFO] - [8, 22], []
[2025-01-30 00:08:45,195][__main__][INFO] - [8, 26], []
[2025-01-30 00:08:45,213][__main__][INFO] - [8], [26]
[2025-01-30 00:08:45,238][__main__][INFO] - [8, 27], []
[2025-01-30 00:08:45,264][__main__][INFO] - [8, 28], []
[2025-01-30 00:08:45,280][__main__][INFO] - [8, 29], []
[2025-01-30 00:08:45,324][__main__][INFO] - [8, 32], []
[2025-01-30 00:08:45,349][__main__][INFO] - [8, 33], []
[2025-01-30 00:08:45,394][__main__][INFO] - [8, 36], []
[2025-01-30 00:08:45,412][__main__][INFO] - [8, 37], []
[2025-01-30 00:08:45,436][__main__][INFO] - [8, 38], []
[2025-01-30 00:08:45,453][__main__][INFO] - [8, 39], []
[2025-01-30 00:08:45,485][__main__][INFO] - [8, 41], []
[2025-01-30 00:08:45,500][__main__][INFO] - [8], [41]
[2025-01-30 00:08:45,526][__main__][INFO] - [8, 42], []
[2025-01-30 00:08:45,543][__main__][INFO] - [8], [42]
[2025-01-30 00:08:45,572][__main__][INFO] - [8, 43], []
[2025-01-30 00:08:45,588][__main__][INFO] - [8], [43]
[2025-01-30 00:08:45,617][__main__][INFO] - [8, 44], []
[2025-01-30 00:08:45,645][__main__][INFO] - [8, 45], []
[2025-01-30 00:08:45,662][__main__][INFO] - [8, 46], []
[2025-01-30 00:08:45,679][__main__][INFO] - [8, 47], []
[2025-01-30 00:08:45,703][__main__][INFO] - [8, 48], []
[2025-01-30 00:08:45,735][__main__][INFO] - [8, 50], []
[2025-01-30 00:08:45,752][__main__][INFO] - [8, 51], []
[2025-01-30 00:08:45,769][__main__][INFO] - [8, 52], []
[2025-01-30 00:08:45,784][__main__][INFO] - [8, 53], []
[2025-01-30 00:08:45,801][__main__][INFO] - [8, 54], []
[2025-01-30 00:08:45,818][__main__][INFO] - [8, 55], []
[2025-01-30 00:08:45,833][__main__][INFO] - [8, 56], []
[2025-01-30 00:08:45,850][__main__][INFO] - [8, 57], []
[2025-01-30 00:08:45,866][__main__][INFO] - [8, 58], []
[2025-01-30 00:08:45,882][__main__][INFO] - [8, 59], []
[2025-01-30 00:08:46,053][__main__][INFO] - [9, 20], []
[2025-01-30 00:08:46,165][__main__][INFO] - [9, 27], []
[2025-01-30 00:08:46,236][__main__][INFO] - [9, 32], []
[2025-01-30 00:08:46,376][__main__][INFO] - [9], [41]
[2025-01-30 00:08:46,406][__main__][INFO] - [9], [42]
[2025-01-30 00:08:46,436][__main__][INFO] - [9], [43]
[2025-01-30 00:08:46,452][__main__][INFO] - [9, 44], []
[2025-01-30 00:08:46,496][__main__][INFO] - [9, 47], []
[2025-01-30 00:08:46,690][__main__][INFO] - [10, 20], []
[2025-01-30 00:08:47,008][__main__][INFO] - [10, 21], []
[2025-01-30 00:08:47,034][__main__][INFO] - [10, 22], []
[2025-01-30 00:08:47,059][__main__][INFO] - [10, 23], []
[2025-01-30 00:08:47,075][__main__][INFO] - [10, 24], []
[2025-01-30 00:08:47,090][__main__][INFO] - [10, 25], []
[2025-01-30 00:08:47,105][__main__][INFO] - [10, 26], []
[2025-01-30 00:08:47,132][__main__][INFO] - [10], [26]
[2025-01-30 00:08:47,514][__main__][INFO] - [10, 27], []
[2025-01-30 00:08:47,834][__main__][INFO] - [10, 28], []
[2025-01-30 00:08:47,850][__main__][INFO] - [10, 29], []
[2025-01-30 00:08:47,866][__main__][INFO] - [10, 30], []
[2025-01-30 00:08:47,890][__main__][INFO] - [10, 31], []
[2025-01-30 00:08:47,961][__main__][INFO] - [10, 36], []
[2025-01-30 00:08:48,409][__main__][INFO] - [10, 37], []
[2025-01-30 00:08:48,564][__main__][INFO] - [10, 38], []
[2025-01-30 00:08:48,647][__main__][INFO] - [10, 39], []
[2025-01-30 00:08:48,725][__main__][INFO] - [10, 40], []
[2025-01-30 00:08:48,745][__main__][INFO] - [10, 41], []
[2025-01-30 00:08:48,760][__main__][INFO] - [10], [41]
[2025-01-30 00:08:49,126][__main__][INFO] - [10, 42], []
[2025-01-30 00:08:49,142][__main__][INFO] - [10], [42]
[2025-01-30 00:08:49,566][__main__][INFO] - [10, 43], []
[2025-01-30 00:08:49,586][__main__][INFO] - [10], [43]
[2025-01-30 00:08:50,005][__main__][INFO] - [10, 44], []
[2025-01-30 00:08:50,180][__main__][INFO] - [10, 45], []
[2025-01-30 00:08:50,201][__main__][INFO] - [10, 46], []
[2025-01-30 00:08:50,353][__main__][INFO] - [10, 47], []
[2025-01-30 00:08:50,824][__main__][INFO] - [10, 50], []
[2025-01-30 00:08:50,855][__main__][INFO] - [10, 51], []
[2025-01-30 00:08:50,887][__main__][INFO] - [10, 52], []
[2025-01-30 00:08:50,922][__main__][INFO] - [10, 53], []
[2025-01-30 00:08:50,955][__main__][INFO] - [10, 54], []
[2025-01-30 00:08:50,985][__main__][INFO] - [10, 55], []
[2025-01-30 00:08:51,013][__main__][INFO] - [10, 56], []
[2025-01-30 00:08:51,040][__main__][INFO] - [10, 57], []
[2025-01-30 00:08:51,065][__main__][INFO] - [10, 58], []
[2025-01-30 00:08:51,089][__main__][INFO] - [10, 59], []
[2025-01-30 00:08:51,182][__main__][INFO] - [11, 20], []
[2025-01-30 00:08:51,616][__main__][INFO] - [11, 21], []
[2025-01-30 00:08:51,650][__main__][INFO] - [11, 22], []
[2025-01-30 00:08:51,687][__main__][INFO] - [11, 23], []
[2025-01-30 00:08:51,707][__main__][INFO] - [11, 24], []
[2025-01-30 00:08:51,723][__main__][INFO] - [11, 25], []
[2025-01-30 00:08:51,739][__main__][INFO] - [11, 26], []
[2025-01-30 00:08:51,798][__main__][INFO] - [11], [26]
[2025-01-30 00:08:52,295][__main__][INFO] - [11, 27], []
[2025-01-30 00:08:52,711][__main__][INFO] - [11, 28], []
[2025-01-30 00:08:52,727][__main__][INFO] - [11, 29], []
[2025-01-30 00:08:52,754][__main__][INFO] - [11, 30], []
[2025-01-30 00:08:52,779][__main__][INFO] - [11, 31], []
[2025-01-30 00:08:52,794][__main__][INFO] - [11, 32], []
[2025-01-30 00:08:52,928][__main__][INFO] - [11, 34], []
[2025-01-30 00:08:52,958][__main__][INFO] - [11, 36], []
[2025-01-30 00:08:53,335][__main__][INFO] - [11, 37], []
[2025-01-30 00:08:53,568][__main__][INFO] - [11, 38], []
[2025-01-30 00:08:53,661][__main__][INFO] - [11, 39], []
[2025-01-30 00:08:53,752][__main__][INFO] - [11, 40], []
[2025-01-30 00:08:53,773][__main__][INFO] - [11, 41], []
[2025-01-30 00:08:53,834][__main__][INFO] - [11], [41]
[2025-01-30 00:08:54,322][__main__][INFO] - [11, 42], []
[2025-01-30 00:08:54,342][__main__][INFO] - [11], [42]
[2025-01-30 00:08:54,997][__main__][INFO] - [11, 43], []
[2025-01-30 00:08:55,019][__main__][INFO] - [11], [43]
[2025-01-30 00:08:55,653][__main__][INFO] - [11, 44], []
[2025-01-30 00:08:56,210][__main__][INFO] - [11, 45], []
[2025-01-30 00:08:56,262][__main__][INFO] - [11, 47], []
[2025-01-30 00:08:56,650][__main__][INFO] - [11, 48], []
[2025-01-30 00:08:56,760][__main__][INFO] - [11, 49], []
[2025-01-30 00:08:56,777][__main__][INFO] - [11, 50], []
[2025-01-30 00:08:56,822][__main__][INFO] - [11, 51], []
[2025-01-30 00:08:56,856][__main__][INFO] - [11, 52], []
[2025-01-30 00:08:56,893][__main__][INFO] - [11, 53], []
[2025-01-30 00:08:56,929][__main__][INFO] - [11, 54], []
[2025-01-30 00:08:56,962][__main__][INFO] - [11, 55], []
[2025-01-30 00:08:56,993][__main__][INFO] - [11, 56], []
[2025-01-30 00:08:57,023][__main__][INFO] - [11, 57], []
[2025-01-30 00:08:57,051][__main__][INFO] - [11, 58], []
[2025-01-30 00:08:57,076][__main__][INFO] - [11, 59], []
[2025-01-30 00:08:57,177][__main__][INFO] - [12, 20], []
[2025-01-30 00:08:57,572][__main__][INFO] - [12, 21], []
[2025-01-30 00:08:57,617][__main__][INFO] - [12, 22], []
[2025-01-30 00:08:57,669][__main__][INFO] - [12, 23], []
[2025-01-30 00:08:57,691][__main__][INFO] - [12, 24], []
[2025-01-30 00:08:57,707][__main__][INFO] - [12, 25], []
[2025-01-30 00:08:57,723][__main__][INFO] - [12, 26], []
[2025-01-30 00:08:57,792][__main__][INFO] - [12], [26]
[2025-01-30 00:08:58,302][__main__][INFO] - [12, 27], []
[2025-01-30 00:08:58,694][__main__][INFO] - [12, 28], []
[2025-01-30 00:08:58,753][__main__][INFO] - [12, 29], []
[2025-01-30 00:08:58,795][__main__][INFO] - [12, 30], []
[2025-01-30 00:08:58,819][__main__][INFO] - [12, 31], []
[2025-01-30 00:08:58,835][__main__][INFO] - [12, 32], []
[2025-01-30 00:08:59,441][__main__][INFO] - [12, 33], []
[2025-01-30 00:08:59,463][__main__][INFO] - [12, 34], []
[2025-01-30 00:08:59,485][__main__][INFO] - [12, 35], []
[2025-01-30 00:08:59,518][__main__][INFO] - [12, 37], []
[2025-01-30 00:08:59,787][__main__][INFO] - [12, 38], []
[2025-01-30 00:08:59,884][__main__][INFO] - [12, 39], []
[2025-01-30 00:08:59,975][__main__][INFO] - [12, 40], []
[2025-01-30 00:08:59,996][__main__][INFO] - [12, 41], []
[2025-01-30 00:09:00,110][__main__][INFO] - [12], [41]
[2025-01-30 00:09:00,549][__main__][INFO] - [12, 42], []
[2025-01-30 00:09:00,570][__main__][INFO] - [12], [42]
[2025-01-30 00:09:01,268][__main__][INFO] - [12, 43], []
[2025-01-30 00:09:01,292][__main__][INFO] - [12], [43]
[2025-01-30 00:09:01,960][__main__][INFO] - [12, 44], []
[2025-01-30 00:09:02,566][__main__][INFO] - [12, 45], []
[2025-01-30 00:09:02,617][__main__][INFO] - [12, 47], []
