[2025-01-29 09:17:11,017][gurobipy][INFO] - Set parameter TokenServer to value "147.32.84.36"
[2025-01-29 09:17:12,227][gurobipy][INFO] - Set parameter TimeLimit to value 600
[2025-01-29 09:17:12,233][gurobipy][INFO] - Gurobi Optimizer version 11.0.2 build v11.0.2rc0 (linux64)
[2025-01-29 09:17:12,233][gurobipy][INFO] - 
[2025-01-29 09:17:12,244][gurobipy][INFO] - CPU model: Intel(R) Xeon(R) Gold 6136 CPU @ 3.00GHz, instruction set [SSE2|AVX|AVX2|AVX512]
[2025-01-29 09:17:12,244][gurobipy][INFO] - Thread count: 24 physical cores, 48 logical processors, using up to 24 threads
[2025-01-29 09:17:12,245][gurobipy][INFO] - 
[2025-01-29 09:17:12,245][gurobipy][INFO] - Optimize a model with 22701 rows, 622 columns and 61696 nonzeros
[2025-01-29 09:17:12,245][gurobipy][INFO] - Model fingerprint: 0x0e3b3021
[2025-01-29 09:17:12,245][gurobipy][INFO] - Variable types: 583 continuous, 39 integer (39 binary)
[2025-01-29 09:17:12,245][gurobipy][INFO] - Coefficient statistics:
[2025-01-29 09:17:12,245][gurobipy][INFO] -   Matrix range     [2e-03, 2e+00]
[2025-01-29 09:17:12,245][gurobipy][INFO] -   Objective range  [1e+00, 1e+00]
[2025-01-29 09:17:12,245][gurobipy][INFO] -   Bounds range     [1e+00, 1e+00]
[2025-01-29 09:17:12,245][gurobipy][INFO] -   RHS range        [1e+00, 1e+01]
[2025-01-29 09:17:12,249][gurobipy][INFO] - Found heuristic solution: objective -0.0000000
[2025-01-29 09:17:12,397][gurobipy][INFO] - Presolve removed 7553 rows and 7 columns
[2025-01-29 09:17:12,397][gurobipy][INFO] - Presolve time: 0.15s
[2025-01-29 09:17:12,397][gurobipy][INFO] - Presolved: 15148 rows, 615 columns, 46021 nonzeros
[2025-01-29 09:17:12,408][gurobipy][INFO] - Variable types: 583 continuous, 32 integer (32 binary)
[2025-01-29 09:17:12,429][gurobipy][INFO] - Root relaxation presolved: 15148 rows, 615 columns, 46021 nonzeros
[2025-01-29 09:17:12,429][gurobipy][INFO] - 
[2025-01-29 09:17:12,455][gurobipy][INFO] - 
[2025-01-29 09:17:12,455][gurobipy][INFO] - Root relaxation: objective 1.000000e+00, 290 iterations, 0.05 seconds (0.06 work units)
[2025-01-29 09:17:12,558][gurobipy][INFO] - 
[2025-01-29 09:17:12,558][gurobipy][INFO] -     Nodes    |    Current Node    |     Objective Bounds      |     Work
[2025-01-29 09:17:12,558][gurobipy][INFO] -  Expl Unexpl |  Obj  Depth IntInf | Incumbent    BestBd   Gap | It/Node Time
[2025-01-29 09:17:12,558][gurobipy][INFO] - 
[2025-01-29 09:17:12,558][gurobipy][INFO] -      0     0    1.00000    0    1   -0.00000    1.00000      -     -    0s
[2025-01-29 09:17:12,592][gurobipy][INFO] - H    0     0                       0.0056954    1.00000      -     -    0s
[2025-01-29 09:17:12,665][gurobipy][INFO] - H    0     0                       0.0056954    1.00000      -     -    0s
[2025-01-29 09:17:12,684][gurobipy][INFO] -      0     0    1.00000    0   15    0.00570    1.00000      -     -    0s
[2025-01-29 09:17:13,431][gurobipy][INFO] - H    0     0                       0.0646278    1.00000  1447%     -    1s
[2025-01-29 09:17:13,577][gurobipy][INFO] -      0     0    0.95829    0    1    0.06463    0.95829  1383%     -    1s
[2025-01-29 09:17:13,951][gurobipy][INFO] - H    0     0                       0.0680081    0.94694  1292%     -    1s
[2025-01-29 09:17:13,954][gurobipy][INFO] -      0     0    0.94694    0    1    0.06801    0.94694  1292%     -    1s
[2025-01-29 09:17:14,056][gurobipy][INFO] -      0     0    0.94474    0   13    0.06801    0.94474  1289%     -    1s
[2025-01-29 09:17:14,063][gurobipy][INFO] -      0     0    0.94474    0    8    0.06801    0.94474  1289%     -    1s
[2025-01-29 09:17:14,128][gurobipy][INFO] -      0     0    0.94442    0    8    0.06801    0.94442  1289%     -    1s
[2025-01-29 09:17:14,199][gurobipy][INFO] -      0     0    0.93720    0    6    0.06801    0.93720  1278%     -    1s
[2025-01-29 09:17:15,055][gurobipy][INFO] - H    0     0                       0.0716769    0.83441  1064%     -    2s
[2025-01-29 09:17:15,056][gurobipy][INFO] - H    0     0                       0.0762588    0.83441   994%     -    2s
[2025-01-29 09:17:15,059][gurobipy][INFO] -      0     0    0.83441    0    3    0.07626    0.83441   994%     -    2s
[2025-01-29 09:17:15,254][gurobipy][INFO] -      0     2    0.83303    0    3    0.07626    0.83303   992%     -    3s
[2025-01-29 09:17:17,505][gurobipy][INFO] -     73    38    0.83303   10   13    0.07626    0.83303   992%   165    5s
[2025-01-29 09:17:21,179][gurobipy][INFO] - 
[2025-01-29 09:17:21,179][gurobipy][INFO] - Cutting planes:
[2025-01-29 09:17:21,179][gurobipy][INFO] -   MIR: 7
[2025-01-29 09:17:21,180][gurobipy][INFO] -   RLT: 1
[2025-01-29 09:17:21,180][gurobipy][INFO] - 
[2025-01-29 09:17:21,180][gurobipy][INFO] - Explored 630 nodes (39810 simplex iterations) in 8.94 seconds (9.92 work units)
[2025-01-29 09:17:21,180][gurobipy][INFO] - Thread count was 24 (of 48 available processors)
[2025-01-29 09:17:21,180][gurobipy][INFO] - 
[2025-01-29 09:17:21,180][gurobipy][INFO] - Solution count 6: 0.0762588 0.0716769 0.0680081 ... -0
[2025-01-29 09:17:21,181][gurobipy][INFO] - No other solutions better than 0.0762588
[2025-01-29 09:17:21,181][gurobipy][INFO] - 
[2025-01-29 09:17:21,181][gurobipy][INFO] - Optimal solution found (tolerance 1.00e-04)
[2025-01-29 09:17:21,181][gurobipy][INFO] - Best objective 7.625883144555e-02, best bound 7.625883144555e-02, gap 0.0000%
[2025-01-29 09:17:21,211][__main__][INFO] - Finished size 1000 (1/5)
[2025-01-29 09:17:26,601][gurobipy][INFO] - Set parameter TimeLimit to value 600
[2025-01-29 09:17:26,618][gurobipy][INFO] - Gurobi Optimizer version 11.0.2 build v11.0.2rc0 (linux64)
[2025-01-29 09:17:26,618][gurobipy][INFO] - 
[2025-01-29 09:17:26,631][gurobipy][INFO] - CPU model: Intel(R) Xeon(R) Gold 6136 CPU @ 3.00GHz, instruction set [SSE2|AVX|AVX2|AVX512]
[2025-01-29 09:17:26,631][gurobipy][INFO] - Thread count: 24 physical cores, 48 logical processors, using up to 24 threads
[2025-01-29 09:17:26,631][gurobipy][INFO] - 
[2025-01-29 09:17:26,631][gurobipy][INFO] - Optimize a model with 55656 rows, 1467 columns and 151266 nonzeros
[2025-01-29 09:17:26,632][gurobipy][INFO] - Model fingerprint: 0x78737df9
[2025-01-29 09:17:26,632][gurobipy][INFO] - Variable types: 1428 continuous, 39 integer (39 binary)
[2025-01-29 09:17:26,633][gurobipy][INFO] - Coefficient statistics:
[2025-01-29 09:17:26,633][gurobipy][INFO] -   Matrix range     [5e-04, 2e+00]
[2025-01-29 09:17:26,633][gurobipy][INFO] -   Objective range  [1e+00, 1e+00]
[2025-01-29 09:17:26,633][gurobipy][INFO] -   Bounds range     [1e+00, 1e+00]
[2025-01-29 09:17:26,633][gurobipy][INFO] -   RHS range        [1e+00, 1e+01]
[2025-01-29 09:17:26,644][gurobipy][INFO] - Found heuristic solution: objective -0.0000000
[2025-01-29 09:17:27,054][gurobipy][INFO] - Presolve removed 14254 rows and 4 columns
[2025-01-29 09:17:27,054][gurobipy][INFO] - Presolve time: 0.41s
[2025-01-29 09:17:27,054][gurobipy][INFO] - Presolved: 41402 rows, 1463 columns, 125628 nonzeros
[2025-01-29 09:17:27,088][gurobipy][INFO] - Variable types: 1428 continuous, 35 integer (35 binary)
[2025-01-29 09:17:27,151][gurobipy][INFO] - Root relaxation presolved: 1463 rows, 42865 columns, 127091 nonzeros
[2025-01-29 09:17:27,151][gurobipy][INFO] - 
[2025-01-29 09:17:27,224][gurobipy][INFO] - 
[2025-01-29 09:17:27,224][gurobipy][INFO] - Root relaxation: objective 1.000000e+00, 1465 iterations, 0.13 seconds (0.19 work units)
[2025-01-29 09:17:27,236][gurobipy][INFO] - 
[2025-01-29 09:17:27,236][gurobipy][INFO] -     Nodes    |    Current Node    |     Objective Bounds      |     Work
[2025-01-29 09:17:27,236][gurobipy][INFO] -  Expl Unexpl |  Obj  Depth IntInf | Incumbent    BestBd   Gap | It/Node Time
[2025-01-29 09:17:27,236][gurobipy][INFO] - 
[2025-01-29 09:17:27,236][gurobipy][INFO] -      0     0    1.00000    0    1   -0.00000    1.00000      -     -    0s
[2025-01-29 09:17:27,240][gurobipy][INFO] - H    0     0                       0.0042641    1.00000      -     -    0s
[2025-01-29 09:17:27,344][gurobipy][INFO] - H    0     0                       0.0042641    1.00000      -     -    0s
[2025-01-29 09:17:27,901][gurobipy][INFO] -      0     0    1.00000    0   35    0.00426    1.00000      -     -    1s
[2025-01-29 09:17:28,058][gurobipy][INFO] - H    0     0                       0.0719682    1.00000  1290%     -    1s
[2025-01-29 09:17:35,609][gurobipy][INFO] -      0     0    0.95453    0   19    0.07197    0.95453  1226%     -    8s
[2025-01-29 09:17:39,843][gurobipy][INFO] - H    0     0                       0.0738936    0.94443  1178%     -   13s
[2025-01-29 09:17:39,845][gurobipy][INFO] - H    0     0                       0.0859793    0.94443   998%     -   13s
[2025-01-29 09:17:39,854][gurobipy][INFO] -      0     0    0.94443    0    3    0.08598    0.94443   998%     -   13s
[2025-01-29 09:17:40,205][gurobipy][INFO] -      0     0    0.93747    0    5    0.08598    0.93747   990%     -   13s
[2025-01-29 09:17:40,534][gurobipy][INFO] -      0     0    0.93324    0    5    0.08598    0.93324   985%     -   13s
[2025-01-29 09:17:41,130][gurobipy][INFO] -      0     0    0.92853    0    5    0.08598    0.92853   980%     -   14s
[2025-01-29 09:17:42,032][gurobipy][INFO] -      0     0    0.92816    0    5    0.08598    0.92816   980%     -   15s
[2025-01-29 09:17:43,449][gurobipy][INFO] -      0     2    0.92816    0    5    0.08598    0.92816   980%     -   16s
[2025-01-29 09:17:46,793][gurobipy][INFO] -      9     4    0.92816    5    9    0.08598    0.92816   980%   197   20s
[2025-01-29 09:17:53,061][gurobipy][INFO] -     33    18    0.92816    9   25    0.08598    0.92816   980%   594   26s
[2025-01-29 09:17:59,940][gurobipy][INFO] -    187    87    0.92154   16   18    0.08598    0.92816   980%   208   33s
[2025-01-29 09:18:01,789][gurobipy][INFO] -    410   230    0.88191   21   13    0.08598    0.92816   980%   114   35s
[2025-01-29 09:18:06,719][gurobipy][INFO] -   1229    29    0.42666   17   17    0.08598    0.49195   472%  65.5   40s
[2025-01-29 09:18:07,384][gurobipy][INFO] - 
[2025-01-29 09:18:07,384][gurobipy][INFO] - Cutting planes:
[2025-01-29 09:18:07,384][gurobipy][INFO] -   Cover: 5
[2025-01-29 09:18:07,384][gurobipy][INFO] -   MIR: 12
[2025-01-29 09:18:07,384][gurobipy][INFO] -   RLT: 1
[2025-01-29 09:18:07,387][gurobipy][INFO] - 
[2025-01-29 09:18:07,387][gurobipy][INFO] - Explored 1363 nodes (102649 simplex iterations) in 40.76 seconds (54.84 work units)
[2025-01-29 09:18:07,387][gurobipy][INFO] - Thread count was 24 (of 48 available processors)
[2025-01-29 09:18:07,387][gurobipy][INFO] - 
[2025-01-29 09:18:07,387][gurobipy][INFO] - Solution count 5: 0.0859793 0.0738936 0.0719682 ... -0
[2025-01-29 09:18:07,387][gurobipy][INFO] - No other solutions better than 0.0859793
[2025-01-29 09:18:07,387][gurobipy][INFO] - 
[2025-01-29 09:18:07,387][gurobipy][INFO] - Optimal solution found (tolerance 1.00e-04)
[2025-01-29 09:18:07,388][gurobipy][INFO] - Best objective 8.597927583578e-02, best bound 8.597927583578e-02, gap 0.0000%
[2025-01-29 09:18:07,471][__main__][INFO] - Finished size 3625 (2/5)
[2025-01-29 09:18:18,238][gurobipy][INFO] - Set parameter TimeLimit to value 600
[2025-01-29 09:18:18,266][gurobipy][INFO] - Gurobi Optimizer version 11.0.2 build v11.0.2rc0 (linux64)
[2025-01-29 09:18:18,267][gurobipy][INFO] - 
[2025-01-29 09:18:18,267][gurobipy][INFO] - CPU model: Intel(R) Xeon(R) Gold 6136 CPU @ 3.00GHz, instruction set [SSE2|AVX|AVX2|AVX512]
[2025-01-29 09:18:18,267][gurobipy][INFO] - Thread count: 24 physical cores, 48 logical processors, using up to 24 threads
[2025-01-29 09:18:18,267][gurobipy][INFO] - 
[2025-01-29 09:18:18,267][gurobipy][INFO] - Optimize a model with 114312 rows, 2971 columns and 310690 nonzeros
[2025-01-29 09:18:18,269][gurobipy][INFO] - Model fingerprint: 0x64d86e83
[2025-01-29 09:18:18,269][gurobipy][INFO] - Variable types: 2932 continuous, 39 integer (39 binary)
[2025-01-29 09:18:18,270][gurobipy][INFO] - Coefficient statistics:
[2025-01-29 09:18:18,270][gurobipy][INFO] -   Matrix range     [1e-04, 2e+00]
[2025-01-29 09:18:18,270][gurobipy][INFO] -   Objective range  [1e+00, 1e+00]
[2025-01-29 09:18:18,270][gurobipy][INFO] -   Bounds range     [1e+00, 1e+00]
[2025-01-29 09:18:18,270][gurobipy][INFO] -   RHS range        [1e+00, 1e+01]
[2025-01-29 09:18:18,295][gurobipy][INFO] - Found heuristic solution: objective -0.0000000
[2025-01-29 09:18:19,298][gurobipy][INFO] - Presolve removed 20515 rows and 1 columns
[2025-01-29 09:18:19,298][gurobipy][INFO] - Presolve time: 1.00s
[2025-01-29 09:18:19,298][gurobipy][INFO] - Presolved: 93797 rows, 2970 columns, 284317 nonzeros
[2025-01-29 09:18:19,370][gurobipy][INFO] - Variable types: 2932 continuous, 38 integer (38 binary)
[2025-01-29 09:18:19,545][gurobipy][INFO] - Root relaxation presolved: 2970 rows, 96767 columns, 287287 nonzeros
[2025-01-29 09:18:19,545][gurobipy][INFO] - 
[2025-01-29 09:18:19,600][gurobipy][INFO] - 
[2025-01-29 09:18:19,600][gurobipy][INFO] - Root relaxation: objective 1.000000e+00, 56 iterations, 0.22 seconds (0.23 work units)
[2025-01-29 09:18:19,609][gurobipy][INFO] - 
[2025-01-29 09:18:19,609][gurobipy][INFO] -     Nodes    |    Current Node    |     Objective Bounds      |     Work
[2025-01-29 09:18:19,609][gurobipy][INFO] -  Expl Unexpl |  Obj  Depth IntInf | Incumbent    BestBd   Gap | It/Node Time
[2025-01-29 09:18:19,609][gurobipy][INFO] - 
[2025-01-29 09:18:19,609][gurobipy][INFO] -      0     0    1.00000    0    1   -0.00000    1.00000      -     -    1s
[2025-01-29 09:18:19,683][gurobipy][INFO] - H    0     0                       0.0006956    1.00000      -     -    1s
[2025-01-29 09:18:19,746][gurobipy][INFO] - H    0     0                       0.0018341    1.00000      -     -    1s
[2025-01-29 09:18:19,787][gurobipy][INFO] - H    0     0                       0.0025571    1.00000      -     -    1s
[2025-01-29 09:18:20,100][gurobipy][INFO] -      0     0    1.00000    0    7    0.00256    1.00000      -     -    1s
[2025-01-29 09:18:20,440][gurobipy][INFO] - H    0     0                       0.0125247    1.00000  7884%     -    2s
[2025-01-29 09:18:22,065][gurobipy][INFO] -      0     0    1.00000    0   38    0.01252    1.00000  7884%     -    3s
[2025-01-29 09:18:22,610][gurobipy][INFO] -      0     0    1.00000    0   31    0.01252    1.00000  7884%     -    4s
[2025-01-29 09:18:27,917][gurobipy][INFO] -      0     0    1.00000    0   30    0.01252    1.00000  7884%     -    9s
[2025-01-29 09:18:28,341][gurobipy][INFO] - H    0     0                       0.0510477    1.00000  1859%     -   10s
[2025-01-29 09:18:28,515][gurobipy][INFO] -      0     0    1.00000    0   30    0.05105    1.00000  1859%     -   10s
[2025-01-29 09:18:36,062][gurobipy][INFO] -      0     0    1.00000    0   27    0.05105    1.00000  1859%     -   17s
[2025-01-29 09:18:37,153][gurobipy][INFO] -      0     0    1.00000    0   11    0.05105    1.00000  1859%     -   18s
[2025-01-29 09:18:39,409][gurobipy][INFO] -      0     0    1.00000    0    1    0.05105    1.00000  1859%     -   21s
[2025-01-29 09:18:39,748][gurobipy][INFO] - H    0     0                       0.0576396    1.00000  1635%     -   21s
[2025-01-29 09:18:40,517][gurobipy][INFO] -      0     0    1.00000    0   29    0.05764    1.00000  1635%     -   22s
[2025-01-29 09:18:47,843][gurobipy][INFO] -      0     0    1.00000    0   18    0.05764    1.00000  1635%     -   29s
[2025-01-29 09:18:48,581][gurobipy][INFO] - H    0     0                       0.0588475    1.00000  1599%     -   30s
[2025-01-29 09:18:53,489][gurobipy][INFO] -      0     0    1.00000    0   18    0.05885    1.00000  1599%     -   35s
[2025-01-29 09:18:59,375][gurobipy][INFO] -      0     0    1.00000    0   18    0.05885    1.00000  1599%     -   41s
[2025-01-29 09:19:07,629][gurobipy][INFO] - H    0     0                       0.0609119    1.00000  1542%     -   49s
[2025-01-29 09:19:16,526][gurobipy][INFO] -      0     2    1.00000    0   18    0.06091    1.00000  1542%     -   58s
[2025-01-29 09:19:18,807][gurobipy][INFO] -      3     2    1.00000    2   19    0.06091    1.00000  1542%  1441   60s
[2025-01-29 09:19:24,281][gurobipy][INFO] -     11     8    1.00000    6   14    0.06091    1.00000  1542%   758   66s
[2025-01-29 09:19:38,099][gurobipy][INFO] -     23     8    0.94444    8   24    0.06091    1.00000  1542%   628   79s
[2025-01-29 09:19:39,256][gurobipy][INFO] -     30    10    0.94118    9   23    0.06091    0.94444  1451%   740   80s
[2025-01-29 09:19:43,513][gurobipy][INFO] -     58    14    0.92857   12   20    0.06091    0.93333  1432%   506   85s
[2025-01-29 09:19:49,423][gurobipy][INFO] -    118    20    0.90000   16   16    0.06091    0.90908  1392%   344   91s
[2025-01-29 09:19:54,258][gurobipy][INFO] -    184    33    0.85714   19   11    0.06091    0.87497  1336%   264   95s
[2025-01-29 09:20:02,224][gurobipy][INFO] -    290    90    0.47015   21   11    0.06091    0.84143  1281%   225  103s
[2025-01-29 09:20:03,807][gurobipy][INFO] -    373    93    0.44526   22    8    0.06091    0.82935  1262%   194  105s
[2025-01-29 09:20:10,667][gurobipy][INFO] -    608    56 infeasible   27         0.06091    0.79531  1206%   167  112s
[2025-01-29 09:20:11,930][gurobipy][INFO] - *  700    43              29       0.0667112    0.72403   985%   168  113s
[2025-01-29 09:20:13,583][gurobipy][INFO] -    716    25    0.10989   25    7    0.06671    0.72403   985%   166  115s
[2025-01-29 09:20:13,586][gurobipy][INFO] - H  729    25                       0.0678150    0.47013   593%   165  115s
[2025-01-29 09:20:15,650][gurobipy][INFO] - 
[2025-01-29 09:20:15,650][gurobipy][INFO] - Cutting planes:
[2025-01-29 09:20:15,650][gurobipy][INFO] -   Cover: 2
[2025-01-29 09:20:15,650][gurobipy][INFO] -   MIR: 2
[2025-01-29 09:20:15,650][gurobipy][INFO] -   RLT: 4
[2025-01-29 09:20:15,665][gurobipy][INFO] - 
[2025-01-29 09:20:15,665][gurobipy][INFO] - Explored 824 nodes (160476 simplex iterations) in 117.40 seconds (216.94 work units)
[2025-01-29 09:20:15,665][gurobipy][INFO] - Thread count was 24 (of 48 available processors)
[2025-01-29 09:20:15,665][gurobipy][INFO] - 
[2025-01-29 09:20:15,665][gurobipy][INFO] - Solution count 10: 0.067815 0.0667112 0.0609119 ... 0.000695613
[2025-01-29 09:20:15,665][gurobipy][INFO] - No other solutions better than 0.067815
[2025-01-29 09:20:15,665][gurobipy][INFO] - 
[2025-01-29 09:20:15,665][gurobipy][INFO] - Optimal solution found (tolerance 1.00e-04)
[2025-01-29 09:20:15,667][gurobipy][INFO] - Best objective 6.781500328732e-02, best bound 6.781500328732e-02, gap 0.0000%
[2025-01-29 09:20:15,877][__main__][INFO] - Finished size 13135 (3/5)
[2025-01-29 09:20:34,887][gurobipy][INFO] - Set parameter TimeLimit to value 600
[2025-01-29 09:20:34,933][gurobipy][INFO] - Gurobi Optimizer version 11.0.2 build v11.0.2rc0 (linux64)
[2025-01-29 09:20:34,934][gurobipy][INFO] - 
[2025-01-29 09:20:34,946][gurobipy][INFO] - CPU model: Intel(R) Xeon(R) Gold 6136 CPU @ 3.00GHz, instruction set [SSE2|AVX|AVX2|AVX512]
[2025-01-29 09:20:34,946][gurobipy][INFO] - Thread count: 24 physical cores, 48 logical processors, using up to 24 threads
[2025-01-29 09:20:34,946][gurobipy][INFO] - 
[2025-01-29 09:20:34,946][gurobipy][INFO] - Optimize a model with 198201 rows, 5122 columns and 538696 nonzeros
[2025-01-29 09:20:34,950][gurobipy][INFO] - Model fingerprint: 0xeaebfb4e
[2025-01-29 09:20:34,950][gurobipy][INFO] - Variable types: 5083 continuous, 39 integer (39 binary)
[2025-01-29 09:20:34,951][gurobipy][INFO] - Coefficient statistics:
[2025-01-29 09:20:34,951][gurobipy][INFO] -   Matrix range     [4e-05, 2e+00]
[2025-01-29 09:20:34,951][gurobipy][INFO] -   Objective range  [1e+00, 1e+00]
[2025-01-29 09:20:34,951][gurobipy][INFO] -   Bounds range     [1e+00, 1e+00]
[2025-01-29 09:20:34,951][gurobipy][INFO] -   RHS range        [1e+00, 1e+01]
[2025-01-29 09:20:35,007][gurobipy][INFO] - Found heuristic solution: objective 0.0000000
[2025-01-29 09:20:37,321][gurobipy][INFO] - Presolve removed 35572 rows and 1 columns
[2025-01-29 09:20:37,321][gurobipy][INFO] - Presolve time: 2.31s
[2025-01-29 09:20:37,321][gurobipy][INFO] - Presolved: 162629 rows, 5121 columns, 492964 nonzeros
[2025-01-29 09:20:37,451][gurobipy][INFO] - Variable types: 5083 continuous, 38 integer (38 binary)
[2025-01-29 09:20:37,795][gurobipy][INFO] - Root relaxation presolved: 5121 rows, 167750 columns, 498085 nonzeros
[2025-01-29 09:20:37,796][gurobipy][INFO] - 
[2025-01-29 09:20:37,897][gurobipy][INFO] - 
[2025-01-29 09:20:37,897][gurobipy][INFO] - Root relaxation: objective 1.000000e+00, 27 iterations, 0.44 seconds (0.41 work units)
[2025-01-29 09:20:37,964][gurobipy][INFO] - 
[2025-01-29 09:20:37,965][gurobipy][INFO] -     Nodes    |    Current Node    |     Objective Bounds      |     Work
[2025-01-29 09:20:37,965][gurobipy][INFO] -  Expl Unexpl |  Obj  Depth IntInf | Incumbent    BestBd   Gap | It/Node Time
[2025-01-29 09:20:37,965][gurobipy][INFO] - 
[2025-01-29 09:20:37,965][gurobipy][INFO] -      0     0    1.00000    0    3    0.00000    1.00000      -     -    3s
[2025-01-29 09:20:38,010][gurobipy][INFO] - H    0     0                       0.0003062    1.00000      -     -    3s
[2025-01-29 09:20:38,116][gurobipy][INFO] - H    0     0                       0.0007899    1.00000      -     -    3s
[2025-01-29 09:20:38,590][gurobipy][INFO] -      0     0    1.00000    0    3    0.00079    1.00000      -     -    3s
[2025-01-29 09:20:38,982][gurobipy][INFO] - H    0     0                       0.0025482    1.00000      -     -    4s
[2025-01-29 09:20:39,155][gurobipy][INFO] - H    0     0                       0.0053090    1.00000      -     -    4s
[2025-01-29 09:20:44,214][gurobipy][INFO] -      0     0    1.00000    0   37    0.00531    1.00000      -     -    9s
[2025-01-29 09:20:45,723][gurobipy][INFO] -      0     0    1.00000    0   29    0.00531    1.00000      -     -   10s
[2025-01-29 09:20:52,095][gurobipy][INFO] -      0     0    1.00000    0   29    0.00531    1.00000      -     -   17s
[2025-01-29 09:20:52,894][gurobipy][INFO] - H    0     0                       0.0498565    1.00000  1906%     -   17s
[2025-01-29 09:20:54,118][gurobipy][INFO] - H    0     0                       0.0538989    1.00000  1755%     -   19s
[2025-01-29 09:20:54,214][gurobipy][INFO] -      0     0    1.00000    0   29    0.05390    1.00000  1755%     -   19s
[2025-01-29 09:21:03,932][gurobipy][INFO] -      0     0    1.00000    0   29    0.05390    1.00000  1755%     -   28s
[2025-01-29 09:21:04,943][gurobipy][INFO] -      0     0    1.00000    0   29    0.05390    1.00000  1755%     -   29s
[2025-01-29 09:21:14,000][gurobipy][INFO] -      0     0    1.00000    0   28    0.05390    1.00000  1755%     -   39s
[2025-01-29 09:21:15,114][gurobipy][INFO] -      0     0    1.00000    0   28    0.05390    1.00000  1755%     -   40s
[2025-01-29 09:21:21,345][gurobipy][INFO] -      0     0    1.00000    0   24    0.05390    1.00000  1755%     -   46s
[2025-01-29 09:21:22,123][gurobipy][INFO] -      0     0    1.00000    0   28    0.05390    1.00000  1755%     -   47s
[2025-01-29 09:21:28,383][gurobipy][INFO] -      0     0    1.00000    0   28    0.05390    1.00000  1755%     -   53s
[2025-01-29 09:21:37,145][gurobipy][INFO] -      0     0    1.00000    0   28    0.05390    1.00000  1755%     -   62s
[2025-01-29 09:21:52,212][gurobipy][INFO] -      0     2    1.00000    0   28    0.05390    1.00000  1755%     -   77s
[2025-01-29 09:21:56,262][gurobipy][INFO] -     13     4    1.00000    7   17    0.05390    1.00000  1755%   485   81s
[2025-01-29 09:22:01,563][gurobipy][INFO] -     21    10    1.00000    9   24    0.05390    1.00000  1755%   532   86s
[2025-01-29 09:22:14,979][gurobipy][INFO] -     29    12    0.94444   10   24    0.05390    1.00000  1755%   716  100s
[2025-01-29 09:22:20,976][gurobipy][INFO] -     51    14    0.93750   12   22    0.05390    0.94105  1646%   711  106s
[2025-01-29 09:22:20,982][gurobipy][INFO] - H   55    14                       0.0695218    0.94105  1254%   663  106s
[2025-01-29 09:22:27,151][gurobipy][INFO] -     75    10    0.92857   14   20    0.06952    0.93327  1242%   613  112s
[2025-01-29 09:22:34,225][gurobipy][INFO] -     93    12    0.91667   16   18    0.06952    0.92304  1228%   562  119s
[2025-01-29 09:22:34,230][gurobipy][INFO] - H   95    12                       0.0706306    0.92304  1207%   551  119s
[2025-01-29 09:22:34,238][gurobipy][INFO] - H  101    12                       0.0785434    0.91664  1067%   553  119s
[2025-01-29 09:22:36,226][gurobipy][INFO] -    103    12    0.90909   17   16    0.07854    0.91663  1067%   553  121s
[2025-01-29 09:22:40,906][gurobipy][INFO] -    141    19    0.87500   20   13    0.07854    0.88888  1032%   489  125s
[2025-01-29 09:22:47,452][gurobipy][INFO] -    162    20    0.85714   21   12    0.07854    0.87498  1014%   436  132s
[2025-01-29 09:22:51,807][gurobipy][INFO] -    208    30    0.80383   23   11    0.07854    0.83330   961%   423  136s
[2025-01-29 09:22:55,395][gurobipy][INFO] -    273    30    0.72550   25    9    0.07854    0.77804   891%   398  140s
[2025-01-29 09:23:00,386][gurobipy][INFO] -    370     9    0.44740   28    6    0.07854    0.56864   624%   359  145s
[2025-01-29 09:23:05,170][gurobipy][INFO] -    406     9 infeasible   31         0.07854    0.23864   204%   394  150s
[2025-01-29 09:23:06,009][gurobipy][INFO] - 
[2025-01-29 09:23:06,009][gurobipy][INFO] - Cutting planes:
[2025-01-29 09:23:06,009][gurobipy][INFO] -   Gomory: 1
[2025-01-29 09:23:06,009][gurobipy][INFO] -   Cover: 4
[2025-01-29 09:23:06,009][gurobipy][INFO] -   MIR: 5
[2025-01-29 09:23:06,010][gurobipy][INFO] -   RLT: 5
[2025-01-29 09:23:06,028][gurobipy][INFO] - 
[2025-01-29 09:23:06,028][gurobipy][INFO] - Explored 427 nodes (193859 simplex iterations) in 151.08 seconds (277.58 work units)
[2025-01-29 09:23:06,028][gurobipy][INFO] - Thread count was 24 (of 48 available processors)
[2025-01-29 09:23:06,028][gurobipy][INFO] - 
[2025-01-29 09:23:06,028][gurobipy][INFO] - Solution count 10: 0.0785434 0.0706306 0.0695218 ... 1.13243e-13
[2025-01-29 09:23:06,028][gurobipy][INFO] - No other solutions better than 0.0785434
[2025-01-29 09:23:06,028][gurobipy][INFO] - 
[2025-01-29 09:23:06,028][gurobipy][INFO] - Optimal solution found (tolerance 1.00e-04)
[2025-01-29 09:23:06,039][gurobipy][INFO] - Best objective 7.854342064844e-02, best bound 7.854342064844e-02, gap 0.0000%
[2025-01-29 09:23:06,332][__main__][INFO] - Finished size 47600 (4/5)
[2025-01-29 09:23:37,370][gurobipy][INFO] - Set parameter TimeLimit to value 600
[2025-01-29 09:23:37,448][gurobipy][INFO] - Gurobi Optimizer version 11.0.2 build v11.0.2rc0 (linux64)
[2025-01-29 09:23:37,448][gurobipy][INFO] - 
[2025-01-29 09:23:37,460][gurobipy][INFO] - CPU model: Intel(R) Xeon(R) Gold 6136 CPU @ 3.00GHz, instruction set [SSE2|AVX|AVX2|AVX512]
[2025-01-29 09:23:37,460][gurobipy][INFO] - Thread count: 24 physical cores, 48 logical processors, using up to 24 threads
[2025-01-29 09:23:37,460][gurobipy][INFO] - 
[2025-01-29 09:23:37,460][gurobipy][INFO] - Optimize a model with 315708 rows, 8135 columns and 858074 nonzeros
[2025-01-29 09:23:37,467][gurobipy][INFO] - Model fingerprint: 0xa053b0c1
[2025-01-29 09:23:37,467][gurobipy][INFO] - Variable types: 8096 continuous, 39 integer (39 binary)
[2025-01-29 09:23:37,468][gurobipy][INFO] - Coefficient statistics:
[2025-01-29 09:23:37,469][gurobipy][INFO] -   Matrix range     [1e-05, 2e+00]
[2025-01-29 09:23:37,469][gurobipy][INFO] -   Objective range  [1e+00, 1e+00]
[2025-01-29 09:23:37,469][gurobipy][INFO] -   Bounds range     [1e+00, 1e+00]
[2025-01-29 09:23:37,469][gurobipy][INFO] -   RHS range        [1e+00, 1e+01]
[2025-01-29 09:23:37,574][gurobipy][INFO] - Found heuristic solution: objective 0.0000000
[2025-01-29 09:23:41,734][gurobipy][INFO] - Presolve removed 56657 rows and 1 columns
[2025-01-29 09:23:41,734][gurobipy][INFO] - Presolve time: 4.16s
[2025-01-29 09:23:41,734][gurobipy][INFO] - Presolved: 259051 rows, 8134 columns, 785243 nonzeros
[2025-01-29 09:23:41,945][gurobipy][INFO] - Variable types: 8096 continuous, 38 integer (38 binary)
[2025-01-29 09:23:42,513][gurobipy][INFO] - Root relaxation presolved: 8134 rows, 267185 columns, 793377 nonzeros
[2025-01-29 09:23:42,513][gurobipy][INFO] - 
[2025-01-29 09:23:42,612][gurobipy][INFO] - 
[2025-01-29 09:23:42,612][gurobipy][INFO] - Root simplex log...
[2025-01-29 09:23:42,612][gurobipy][INFO] - 
[2025-01-29 09:23:42,612][gurobipy][INFO] - Iteration    Objective       Primal Inf.    Dual Inf.      Time
[2025-01-29 09:23:42,612][gurobipy][INFO] -        0    1.0000000e+00   0.000000e+00   8.106000e+03      5s
[2025-01-29 09:23:42,674][gurobipy][INFO] -      158    1.0000000e+00   0.000000e+00   0.000000e+00      5s
[2025-01-29 09:23:42,730][gurobipy][INFO] -      158    1.0000000e+00   0.000000e+00   0.000000e+00      5s
[2025-01-29 09:23:42,730][gurobipy][INFO] - 
[2025-01-29 09:23:42,730][gurobipy][INFO] - Root relaxation: objective 1.000000e+00, 158 iterations, 0.77 seconds (0.74 work units)
[2025-01-29 09:23:42,831][gurobipy][INFO] - 
[2025-01-29 09:23:42,831][gurobipy][INFO] -     Nodes    |    Current Node    |     Objective Bounds      |     Work
[2025-01-29 09:23:42,832][gurobipy][INFO] -  Expl Unexpl |  Obj  Depth IntInf | Incumbent    BestBd   Gap | It/Node Time
[2025-01-29 09:23:42,832][gurobipy][INFO] - 
[2025-01-29 09:23:42,832][gurobipy][INFO] -      0     0    1.00000    0    7    0.00000    1.00000      -     -    5s
[2025-01-29 09:23:42,921][gurobipy][INFO] - H    0     0                       0.0020627    1.00000      -     -    5s
[2025-01-29 09:23:44,056][gurobipy][INFO] -      0     0    1.00000    0    7    0.00206    1.00000      -     -    6s
[2025-01-29 09:23:44,838][gurobipy][INFO] - H    0     0                       0.0045467    1.00000      -     -    7s
[2025-01-29 09:23:52,563][gurobipy][INFO] -      0     0    1.00000    0   38    0.00455    1.00000      -     -   15s
[2025-01-29 09:23:55,767][gurobipy][INFO] -      0     0    1.00000    0   29    0.00455    1.00000      -     -   18s
[2025-01-29 09:24:05,253][gurobipy][INFO] -      0     0    1.00000    0   27    0.00455    1.00000      -     -   27s
[2025-01-29 09:24:07,644][gurobipy][INFO] - H    0     0                       0.0076953    1.00000      -     -   30s
[2025-01-29 09:24:08,431][gurobipy][INFO] - H    0     0                       0.0190456    1.00000  5151%     -   30s
[2025-01-29 09:24:25,547][gurobipy][INFO] -      0     0    1.00000    0   34    0.01905    1.00000  5151%     -   48s
[2025-01-29 09:24:39,189][gurobipy][INFO] -      0     0    1.00000    0   34    0.01905    1.00000  5151%     -   61s
[2025-01-29 09:24:43,556][gurobipy][INFO] - H    0     0                       0.0597002    1.00000  1575%     -   66s
[2025-01-29 09:24:49,097][gurobipy][INFO] -      0     0    1.00000    0   34    0.05970    1.00000  1575%     -   71s
[2025-01-29 09:25:06,744][gurobipy][INFO] -      0     0    1.00000    0   34    0.05970    1.00000  1575%     -   89s
[2025-01-29 09:25:08,459][gurobipy][INFO] - H    0     0                       0.0680345    1.00000  1370%     -   90s
[2025-01-29 09:25:16,418][gurobipy][INFO] -      0     0    1.00000    0   33    0.06803    1.00000  1370%     -   98s
[2025-01-29 09:25:25,962][gurobipy][INFO] -      0     0    1.00000    0   33    0.06803    1.00000  1370%     -  108s
[2025-01-29 09:25:30,519][gurobipy][INFO] -      0     0    1.00000    0   14    0.06803    1.00000  1370%     -  113s
[2025-01-29 09:25:36,698][gurobipy][INFO] -      0     0    1.00000    0   13    0.06803    1.00000  1370%     -  119s
[2025-01-29 09:25:50,383][gurobipy][INFO] -      0     0    1.00000    0   13    0.06803    1.00000  1370%     -  132s
[2025-01-29 09:26:16,502][gurobipy][INFO] -      0     2    1.00000    0   13    0.06803    1.00000  1370%     -  159s
[2025-01-29 09:26:17,520][gurobipy][INFO] -      1     2    1.00000    1   12    0.06803    1.00000  1370%  1924  160s
[2025-01-29 09:26:24,401][gurobipy][INFO] -     15     3    1.00000    8    9    0.06803    1.00000  1370%   230  166s
[2025-01-29 09:27:50,014][gurobipy][INFO] -     20     6    1.00000   10   20    0.06803    1.00000  1370%  1156  252s
[2025-01-29 09:29:10,377][gurobipy][INFO] -     24    12    0.94118   11   23    0.06803    1.00000  1370%  1576  332s
[2025-01-29 09:29:24,898][gurobipy][INFO] -     30    16    0.93750   12   22    0.06803    0.94118  1283%  2267  347s
[2025-01-29 09:29:42,405][gurobipy][INFO] -     42    22    0.93333   13   21    0.06803    0.93750  1278%  1900  364s
[2025-01-29 09:29:57,088][gurobipy][INFO] -     58    30    0.93094   14   20    0.06803    0.93333  1272%  1634  379s
[2025-01-29 09:30:14,763][gurobipy][INFO] -     80    40    0.92649   15   19    0.06803    0.93079  1268%  1417  397s
[2025-01-29 09:30:22,399][gurobipy][INFO] -    104    54    0.92092   16   18    0.06803    0.92627  1261%  1263  404s
[2025-01-29 09:30:34,610][gurobipy][INFO] -    128    72    0.91462   17   17    0.06803    0.92615  1261%  1115  417s
[2025-01-29 09:30:40,732][gurobipy][INFO] -    156   107 infeasible   17         0.06803    0.92065  1253%   999  423s
[2025-01-29 09:30:42,814][gurobipy][INFO] -    199   125    0.90476   19   15    0.06803    0.91457  1244%   824  425s
[2025-01-29 09:30:50,045][gurobipy][INFO] -    304   173 infeasible   20         0.06803    0.91457  1244%   574  432s
[2025-01-29 09:30:52,605][gurobipy][INFO] -    365   214    0.87150   22   12    0.06803    0.91457  1244%   506  435s
[2025-01-29 09:31:00,016][gurobipy][INFO] -    502   192    0.83065   24   10    0.06803    0.91457  1244%   409  442s
[2025-01-29 09:31:36,992][gurobipy][INFO] -    580   189    0.80344   25    9    0.06803    0.91457  1244%   382  479s
[2025-01-29 09:31:41,692][gurobipy][INFO] -    645   212    0.76885   26    8    0.06803    0.91457  1244%   380  484s
[2025-01-29 09:32:00,177][gurobipy][INFO] -    749   205 infeasible   26         0.06803    0.91457  1244%   346  502s
[2025-01-29 09:32:20,430][gurobipy][INFO] -    856   145 infeasible   27         0.06803    0.91457  1244%   327  522s
[2025-01-29 09:32:20,441][gurobipy][INFO] - *  932   145              32       0.0681528    0.91457  1242%   315  522s
[2025-01-29 09:32:24,991][gurobipy][INFO] -   1003    67 infeasible   28         0.06815    0.91457  1242%   300  527s
[2025-01-29 09:32:33,260][gurobipy][INFO] -   1124    32    0.49750   29    5    0.06815    0.91457  1242%   276  535s
[2025-01-29 09:32:42,040][gurobipy][INFO] -   1230    20    0.16380   31    3    0.06815    0.91457  1242%   280  544s
[2025-01-29 09:32:46,435][gurobipy][INFO] -   1259    15 infeasible   32         0.06815    0.91457  1242%   282  548s
[2025-01-29 09:32:49,739][gurobipy][INFO] -   1284    16    0.38826   26    8    0.06815    0.91457  1242%   287  552s
[2025-01-29 09:32:58,713][gurobipy][INFO] -   1329     4 infeasible   28         0.06815    0.48241   608%   288  561s
[2025-01-29 09:32:58,719][gurobipy][INFO] - * 1338     4              31       0.0770981    0.48235   526%   292  561s
[2025-01-29 09:33:02,806][gurobipy][INFO] -   1373     0 infeasible   25         0.07710    0.47670   518%   292  565s
[2025-01-29 09:33:02,833][gurobipy][INFO] - 
[2025-01-29 09:33:02,833][gurobipy][INFO] - Cutting planes:
[2025-01-29 09:33:02,833][gurobipy][INFO] -   Cover: 2
[2025-01-29 09:33:02,833][gurobipy][INFO] -   MIR: 2
[2025-01-29 09:33:02,857][gurobipy][INFO] - 
[2025-01-29 09:33:02,857][gurobipy][INFO] - Explored 1397 nodes (428218 simplex iterations) in 565.40 seconds (1022.44 work units)
[2025-01-29 09:33:02,857][gurobipy][INFO] - Thread count was 24 (of 48 available processors)
[2025-01-29 09:33:02,857][gurobipy][INFO] - 
[2025-01-29 09:33:02,857][gurobipy][INFO] - Solution count 9: 0.0770981 0.0681528 0.0680345 ... 6.39488e-14
[2025-01-29 09:33:02,857][gurobipy][INFO] - No other solutions better than 0.0770981
[2025-01-29 09:33:02,857][gurobipy][INFO] - 
[2025-01-29 09:33:02,857][gurobipy][INFO] - Optimal solution found (tolerance 1.00e-04)
[2025-01-29 09:33:02,861][gurobipy][INFO] - Best objective 7.709806150814e-02, best bound 7.709806150814e-02, gap 0.0000%
[2025-01-29 09:33:03,388][__main__][INFO] - Finished size 172508 (5/5)
