[2025-01-29 13:11:54,874][__main__][INFO] - In total, there are 1229 possible subgroups
[2025-01-29 13:11:54,903][__main__][INFO] - [0], []
[2025-01-29 13:11:55,089][__main__][INFO] - [1], []
[2025-01-29 13:11:55,332][__main__][INFO] - [2], []
[2025-01-29 13:11:55,555][__main__][INFO] - [3], []
[2025-01-29 13:11:55,735][__main__][INFO] - [4], []
[2025-01-29 13:11:55,952][__main__][INFO] - [5], []
[2025-01-29 13:11:56,142][__main__][INFO] - [6], []
[2025-01-29 13:11:56,225][__main__][INFO] - [7], []
[2025-01-29 13:11:56,263][__main__][INFO] - [8], []
[2025-01-29 13:11:56,284][__main__][INFO] - [9], []
[2025-01-29 13:11:56,302][__main__][INFO] - [10], []
[2025-01-29 13:11:57,189][__main__][INFO] - [11], []
[2025-01-29 13:11:57,229][__main__][INFO] - [12], []
[2025-01-29 13:11:57,385][__main__][INFO] - [13], []
[2025-01-29 13:11:57,406][__main__][INFO] - [14], []
[2025-01-29 13:11:57,426][__main__][INFO] - [15], []
[2025-01-29 13:11:57,615][__main__][INFO] - [16], []
[2025-01-29 13:11:58,206][__main__][INFO] - [], [16]
[2025-01-29 13:11:58,861][__main__][INFO] - [17], []
[2025-01-29 13:11:58,998][__main__][INFO] - [18], []
[2025-01-29 13:11:59,787][__main__][INFO] - [19], []
[2025-01-29 13:11:59,841][__main__][INFO] - [20], []
[2025-01-29 13:11:59,895][__main__][INFO] - [21], []
[2025-01-29 13:11:59,917][__main__][INFO] - [22], []
[2025-01-29 13:11:59,937][__main__][INFO] - [23], []
[2025-01-29 13:12:00,125][__main__][INFO] - [24], []
[2025-01-29 13:12:00,144][__main__][INFO] - [25], []
[2025-01-29 13:12:00,194][__main__][INFO] - [0, 10], []
[2025-01-29 13:12:00,356][__main__][INFO] - [0, 11], []
[2025-01-29 13:12:00,378][__main__][INFO] - [0, 12], []
[2025-01-29 13:12:00,405][__main__][INFO] - [0, 13], []
[2025-01-29 13:12:00,425][__main__][INFO] - [0, 14], []
[2025-01-29 13:12:00,446][__main__][INFO] - [0, 15], []
[2025-01-29 13:12:00,474][__main__][INFO] - [0, 16], []
[2025-01-29 13:12:00,572][__main__][INFO] - [0], [16]
[2025-01-29 13:12:00,674][__main__][INFO] - [0, 17], []
[2025-01-29 13:12:00,715][__main__][INFO] - [0, 18], []
[2025-01-29 13:12:00,830][__main__][INFO] - [0, 19], []
[2025-01-29 13:12:00,859][__main__][INFO] - [0, 20], []
[2025-01-29 13:12:00,884][__main__][INFO] - [0, 21], []
[2025-01-29 13:12:00,905][__main__][INFO] - [0, 22], []
[2025-01-29 13:12:00,929][__main__][INFO] - [0, 23], []
[2025-01-29 13:12:00,964][__main__][INFO] - [0, 24], []
[2025-01-29 13:12:01,014][__main__][INFO] - [1, 10], []
[2025-01-29 13:12:01,207][__main__][INFO] - [1, 11], []
[2025-01-29 13:12:01,231][__main__][INFO] - [1, 12], []
[2025-01-29 13:12:01,267][__main__][INFO] - [1, 13], []
[2025-01-29 13:12:01,288][__main__][INFO] - [1, 14], []
[2025-01-29 13:12:01,309][__main__][INFO] - [1, 15], []
[2025-01-29 13:12:01,348][__main__][INFO] - [1, 16], []
[2025-01-29 13:12:01,463][__main__][INFO] - [1], [16]
[2025-01-29 13:12:01,589][__main__][INFO] - [1, 17], []
[2025-01-29 13:12:01,634][__main__][INFO] - [1, 18], []
[2025-01-29 13:12:01,780][__main__][INFO] - [1, 19], []
[2025-01-29 13:12:01,809][__main__][INFO] - [1, 20], []
[2025-01-29 13:12:01,836][__main__][INFO] - [1, 21], []
[2025-01-29 13:12:01,857][__main__][INFO] - [1, 22], []
[2025-01-29 13:12:01,878][__main__][INFO] - [1, 23], []
[2025-01-29 13:12:01,925][__main__][INFO] - [1, 24], []
[2025-01-29 13:12:01,974][__main__][INFO] - [2, 10], []
[2025-01-29 13:12:02,126][__main__][INFO] - [2, 11], []
[2025-01-29 13:12:02,151][__main__][INFO] - [2, 12], []
[2025-01-29 13:12:02,196][__main__][INFO] - [2, 13], []
[2025-01-29 13:12:02,217][__main__][INFO] - [2, 14], []
[2025-01-29 13:12:02,238][__main__][INFO] - [2, 15], []
[2025-01-29 13:12:02,287][__main__][INFO] - [2, 16], []
[2025-01-29 13:12:02,393][__main__][INFO] - [2], [16]
[2025-01-29 13:12:02,515][__main__][INFO] - [2, 17], []
[2025-01-29 13:12:02,557][__main__][INFO] - [2, 18], []
[2025-01-29 13:12:02,690][__main__][INFO] - [2, 19], []
[2025-01-29 13:12:02,717][__main__][INFO] - [2, 20], []
[2025-01-29 13:12:02,742][__main__][INFO] - [2, 21], []
[2025-01-29 13:12:02,763][__main__][INFO] - [2, 22], []
[2025-01-29 13:12:02,784][__main__][INFO] - [2, 23], []
[2025-01-29 13:12:02,835][__main__][INFO] - [2, 24], []
[2025-01-29 13:12:02,884][__main__][INFO] - [3, 10], []
[2025-01-29 13:12:02,991][__main__][INFO] - [3, 11], []
[2025-01-29 13:12:03,015][__main__][INFO] - [3, 12], []
[2025-01-29 13:12:03,059][__main__][INFO] - [3, 13], []
[2025-01-29 13:12:03,080][__main__][INFO] - [3, 14], []
[2025-01-29 13:12:03,101][__main__][INFO] - [3, 15], []
[2025-01-29 13:12:03,152][__main__][INFO] - [3, 16], []
[2025-01-29 13:12:03,241][__main__][INFO] - [3], [16]
[2025-01-29 13:12:03,339][__main__][INFO] - [3, 17], []
[2025-01-29 13:12:03,374][__main__][INFO] - [3, 18], []
[2025-01-29 13:12:03,483][__main__][INFO] - [3, 19], []
[2025-01-29 13:12:03,507][__main__][INFO] - [3, 20], []
[2025-01-29 13:12:03,532][__main__][INFO] - [3, 21], []
[2025-01-29 13:12:03,553][__main__][INFO] - [3, 22], []
[2025-01-29 13:12:03,573][__main__][INFO] - [3, 23], []
[2025-01-29 13:12:03,619][__main__][INFO] - [3, 24], []
[2025-01-29 13:12:03,668][__main__][INFO] - [4, 10], []
[2025-01-29 13:12:03,804][__main__][INFO] - [4, 11], []
[2025-01-29 13:12:03,829][__main__][INFO] - [4, 12], []
[2025-01-29 13:12:03,877][__main__][INFO] - [4, 13], []
[2025-01-29 13:12:03,898][__main__][INFO] - [4, 14], []
[2025-01-29 13:12:03,919][__main__][INFO] - [4, 15], []
[2025-01-29 13:12:03,978][__main__][INFO] - [4, 16], []
[2025-01-29 13:12:04,086][__main__][INFO] - [4], [16]
[2025-01-29 13:12:04,205][__main__][INFO] - [4, 17], []
[2025-01-29 13:12:04,244][__main__][INFO] - [4, 18], []
[2025-01-29 13:12:04,384][__main__][INFO] - [4, 19], []
[2025-01-29 13:12:04,408][__main__][INFO] - [4, 20], []
[2025-01-29 13:12:04,434][__main__][INFO] - [4, 21], []
[2025-01-29 13:12:04,455][__main__][INFO] - [4, 22], []
[2025-01-29 13:12:04,476][__main__][INFO] - [4, 23], []
[2025-01-29 13:12:04,525][__main__][INFO] - [4, 24], []
[2025-01-29 13:12:04,574][__main__][INFO] - [5, 10], []
[2025-01-29 13:12:04,701][__main__][INFO] - [5, 11], []
[2025-01-29 13:12:04,726][__main__][INFO] - [5, 12], []
[2025-01-29 13:12:04,769][__main__][INFO] - [5, 13], []
[2025-01-29 13:12:04,790][__main__][INFO] - [5, 14], []
[2025-01-29 13:12:04,811][__main__][INFO] - [5, 15], []
[2025-01-29 13:12:04,856][__main__][INFO] - [5, 16], []
[2025-01-29 13:12:04,951][__main__][INFO] - [5], [16]
[2025-01-29 13:12:05,055][__main__][INFO] - [5, 17], []
[2025-01-29 13:12:05,085][__main__][INFO] - [5, 18], []
[2025-01-29 13:12:05,217][__main__][INFO] - [5, 19], []
[2025-01-29 13:12:05,240][__main__][INFO] - [5, 20], []
[2025-01-29 13:12:05,266][__main__][INFO] - [5, 21], []
[2025-01-29 13:12:05,287][__main__][INFO] - [5, 22], []
[2025-01-29 13:12:05,308][__main__][INFO] - [5, 23], []
[2025-01-29 13:12:05,351][__main__][INFO] - [5, 24], []
[2025-01-29 13:12:05,400][__main__][INFO] - [6, 10], []
[2025-01-29 13:12:05,469][__main__][INFO] - [6, 11], []
[2025-01-29 13:12:05,491][__main__][INFO] - [6, 12], []
[2025-01-29 13:12:05,519][__main__][INFO] - [6, 13], []
[2025-01-29 13:12:05,540][__main__][INFO] - [6, 14], []
[2025-01-29 13:12:05,560][__main__][INFO] - [6, 15], []
[2025-01-29 13:12:05,586][__main__][INFO] - [6, 16], []
[2025-01-29 13:12:05,634][__main__][INFO] - [6], [16]
[2025-01-29 13:12:05,686][__main__][INFO] - [6, 17], []
[2025-01-29 13:12:05,709][__main__][INFO] - [6, 18], []
[2025-01-29 13:12:05,774][__main__][INFO] - [6, 19], []
[2025-01-29 13:12:05,795][__main__][INFO] - [6, 20], []
[2025-01-29 13:12:05,817][__main__][INFO] - [6, 21], []
[2025-01-29 13:12:05,838][__main__][INFO] - [6, 22], []
[2025-01-29 13:12:05,858][__main__][INFO] - [6, 23], []
[2025-01-29 13:12:05,886][__main__][INFO] - [6, 24], []
[2025-01-29 13:12:05,935][__main__][INFO] - [7, 10], []
[2025-01-29 13:12:05,970][__main__][INFO] - [7, 11], []
[2025-01-29 13:12:05,990][__main__][INFO] - [7, 12], []
[2025-01-29 13:12:06,012][__main__][INFO] - [7, 13], []
[2025-01-29 13:12:06,032][__main__][INFO] - [7, 14], []
[2025-01-29 13:12:06,052][__main__][INFO] - [7, 15], []
[2025-01-29 13:12:06,073][__main__][INFO] - [7, 16], []
[2025-01-29 13:12:06,101][__main__][INFO] - [7], [16]
[2025-01-29 13:12:06,131][__main__][INFO] - [7, 17], []
[2025-01-29 13:12:06,152][__main__][INFO] - [7, 18], []
[2025-01-29 13:12:06,186][__main__][INFO] - [7, 19], []
[2025-01-29 13:12:06,207][__main__][INFO] - [7, 20], []
[2025-01-29 13:12:06,227][__main__][INFO] - [7, 21], []
[2025-01-29 13:12:06,262][__main__][INFO] - [7, 23], []
[2025-01-29 13:12:06,328][__main__][INFO] - [8, 10], []
[2025-01-29 13:12:06,350][__main__][INFO] - [8, 11], []
[2025-01-29 13:12:06,370][__main__][INFO] - [8, 12], []
[2025-01-29 13:12:06,420][__main__][INFO] - [8, 15], []
[2025-01-29 13:12:06,440][__main__][INFO] - [8, 16], []
[2025-01-29 13:12:06,461][__main__][INFO] - [8], [16]
[2025-01-29 13:12:06,483][__main__][INFO] - [8, 17], []
[2025-01-29 13:12:06,504][__main__][INFO] - [8, 18], []
[2025-01-29 13:12:06,526][__main__][INFO] - [8, 19], []
[2025-01-29 13:12:06,547][__main__][INFO] - [8, 20], []
[2025-01-29 13:12:06,596][__main__][INFO] - [8, 23], []
[2025-01-29 13:12:06,660][__main__][INFO] - [9, 10], []
[2025-01-29 13:12:06,695][__main__][INFO] - [9, 12], []
[2025-01-29 13:12:06,760][__main__][INFO] - [9, 16], []
[2025-01-29 13:12:06,780][__main__][INFO] - [9], [16]
[2025-01-29 13:12:06,815][__main__][INFO] - [9, 18], []
[2025-01-29 13:12:06,895][__main__][INFO] - [9, 23], []
[2025-01-29 13:12:06,959][__main__][INFO] - [10, 16], []
[2025-01-29 13:12:07,374][__main__][INFO] - [10], [16]
[2025-01-29 13:12:07,828][__main__][INFO] - [10, 17], []
[2025-01-29 13:12:07,904][__main__][INFO] - [10, 18], []
[2025-01-29 13:12:08,541][__main__][INFO] - [10, 19], []
[2025-01-29 13:12:08,591][__main__][INFO] - [10, 20], []
[2025-01-29 13:12:08,644][__main__][INFO] - [10, 21], []
[2025-01-29 13:12:08,668][__main__][INFO] - [10, 22], []
[2025-01-29 13:12:08,689][__main__][INFO] - [10, 23], []
[2025-01-29 13:12:08,750][__main__][INFO] - [10, 24], []
[2025-01-29 13:12:08,772][__main__][INFO] - [10, 25], []
[2025-01-29 13:12:08,806][__main__][INFO] - [11, 16], []
[2025-01-29 13:12:08,835][__main__][INFO] - [11], [16]
[2025-01-29 13:12:08,866][__main__][INFO] - [11, 17], []
[2025-01-29 13:12:08,886][__main__][INFO] - [11, 18], []
[2025-01-29 13:12:08,926][__main__][INFO] - [11, 19], []
[2025-01-29 13:12:08,946][__main__][INFO] - [11, 20], []
[2025-01-29 13:12:08,996][__main__][INFO] - [11, 23], []
[2025-01-29 13:12:09,061][__main__][INFO] - [12, 16], []
[2025-01-29 13:12:09,143][__main__][INFO] - [12], [16]
[2025-01-29 13:12:09,228][__main__][INFO] - [12, 17], []
[2025-01-29 13:12:09,248][__main__][INFO] - [12, 18], []
[2025-01-29 13:12:09,277][__main__][INFO] - [12, 19], []
[2025-01-29 13:12:09,299][__main__][INFO] - [12, 20], []
[2025-01-29 13:12:09,349][__main__][INFO] - [12, 23], []
[2025-01-29 13:12:09,532][__main__][INFO] - [13, 16], []
[2025-01-29 13:12:09,554][__main__][INFO] - [13], [16]
[2025-01-29 13:12:09,576][__main__][INFO] - [13, 17], []
[2025-01-29 13:12:09,596][__main__][INFO] - [13, 18], []
[2025-01-29 13:12:09,617][__main__][INFO] - [13, 19], []
[2025-01-29 13:12:09,637][__main__][INFO] - [13, 20], []
[2025-01-29 13:12:09,688][__main__][INFO] - [13, 23], []
[2025-01-29 13:12:09,756][__main__][INFO] - [14, 16], []
[2025-01-29 13:12:09,777][__main__][INFO] - [14], [16]
[2025-01-29 13:12:09,812][__main__][INFO] - [14, 18], []
[2025-01-29 13:12:09,833][__main__][INFO] - [14, 19], []
[2025-01-29 13:12:09,882][__main__][INFO] - [14, 22], []
[2025-01-29 13:12:09,902][__main__][INFO] - [14, 23], []
[2025-01-29 13:12:09,967][__main__][INFO] - [15, 16], []
[2025-01-29 13:12:10,052][__main__][INFO] - [15], [16]
[2025-01-29 13:12:10,160][__main__][INFO] - [15, 17], []
[2025-01-29 13:12:10,237][__main__][INFO] - [15, 18], []
[2025-01-29 13:12:10,344][__main__][INFO] - [15, 19], []
[2025-01-29 13:12:10,366][__main__][INFO] - [15, 20], []
[2025-01-29 13:12:10,388][__main__][INFO] - [15, 21], []
[2025-01-29 13:12:10,408][__main__][INFO] - [15, 22], []
[2025-01-29 13:12:10,428][__main__][INFO] - [15, 23], []
[2025-01-29 13:12:10,449][__main__][INFO] - [15, 24], []
[2025-01-29 13:12:10,499][__main__][INFO] - [16, 17], []
[2025-01-29 13:12:10,566][__main__][INFO] - [16, 18], []
[2025-01-29 13:12:10,912][__main__][INFO] - [16, 19], []
[2025-01-29 13:12:10,949][__main__][INFO] - [16, 20], []
[2025-01-29 13:12:10,986][__main__][INFO] - [16, 21], []
[2025-01-29 13:12:11,008][__main__][INFO] - [16, 22], []
[2025-01-29 13:12:11,028][__main__][INFO] - [16, 23], []
[2025-01-29 13:12:11,127][__main__][INFO] - [16, 24], []
[2025-01-29 13:12:11,177][__main__][INFO] - [17], [16]
[2025-01-29 13:12:11,257][__main__][INFO] - [18], [16]
[2025-01-29 13:12:11,659][__main__][INFO] - [19], [16]
[2025-01-29 13:12:11,696][__main__][INFO] - [20], [16]
[2025-01-29 13:12:11,732][__main__][INFO] - [21], [16]
[2025-01-29 13:12:11,754][__main__][INFO] - [22], [16]
[2025-01-29 13:12:11,775][__main__][INFO] - [23], [16]
[2025-01-29 13:12:11,871][__main__][INFO] - [24], [16]
[2025-01-29 13:12:11,951][__main__][INFO] - [0, 10, 16], []
[2025-01-29 13:12:12,040][__main__][INFO] - [0, 10], [16]
[2025-01-29 13:12:12,129][__main__][INFO] - [0, 10, 17], []
[2025-01-29 13:12:12,168][__main__][INFO] - [0, 10, 18], []
[2025-01-29 13:12:12,274][__main__][INFO] - [0, 10, 19], []
[2025-01-29 13:12:12,305][__main__][INFO] - [0, 10, 20], []
[2025-01-29 13:12:12,333][__main__][INFO] - [0, 10, 21], []
[2025-01-29 13:12:12,356][__main__][INFO] - [0, 10, 22], []
[2025-01-29 13:12:12,378][__main__][INFO] - [0, 10, 23], []
[2025-01-29 13:12:12,411][__main__][INFO] - [0, 10, 24], []
[2025-01-29 13:12:12,464][__main__][INFO] - [0, 11, 16], []
[2025-01-29 13:12:12,487][__main__][INFO] - [0, 11], [16]
[2025-01-29 13:12:12,526][__main__][INFO] - [0, 11, 18], []
[2025-01-29 13:12:12,549][__main__][INFO] - [0, 11, 19], []
[2025-01-29 13:12:12,617][__main__][INFO] - [0, 11, 23], []
[2025-01-29 13:12:12,685][__main__][INFO] - [0, 12, 16], []
[2025-01-29 13:12:12,710][__main__][INFO] - [0, 12], [16]
[2025-01-29 13:12:12,750][__main__][INFO] - [0, 12, 18], []
[2025-01-29 13:12:12,774][__main__][INFO] - [0, 12, 19], []
[2025-01-29 13:12:12,842][__main__][INFO] - [0, 12, 23], []
[2025-01-29 13:12:12,914][__main__][INFO] - [0, 13, 16], []
[2025-01-29 13:12:12,937][__main__][INFO] - [0, 13], [16]
[2025-01-29 13:12:12,975][__main__][INFO] - [0, 13, 18], []
[2025-01-29 13:12:13,012][__main__][INFO] - [0, 13, 20], []
[2025-01-29 13:12:13,125][__main__][INFO] - [0, 14, 16], []
[2025-01-29 13:12:13,147][__main__][INFO] - [0, 14], [16]
[2025-01-29 13:12:13,184][__main__][INFO] - [0, 14, 18], []
[2025-01-29 13:12:13,251][__main__][INFO] - [0, 14, 22], []
[2025-01-29 13:12:13,339][__main__][INFO] - [0, 15, 16], []
[2025-01-29 13:12:13,365][__main__][INFO] - [0, 15], [16]
[2025-01-29 13:12:13,392][__main__][INFO] - [0, 15, 17], []
[2025-01-29 13:12:13,417][__main__][INFO] - [0, 15, 18], []
[2025-01-29 13:12:13,443][__main__][INFO] - [0, 15, 19], []
[2025-01-29 13:12:13,466][__main__][INFO] - [0, 15, 20], []
[2025-01-29 13:12:13,489][__main__][INFO] - [0, 15, 21], []
[2025-01-29 13:12:13,526][__main__][INFO] - [0, 15, 23], []
[2025-01-29 13:12:13,593][__main__][INFO] - [0, 16, 17], []
[2025-01-29 13:12:13,624][__main__][INFO] - [0, 16, 18], []
[2025-01-29 13:12:13,688][__main__][INFO] - [0, 16, 19], []
[2025-01-29 13:12:13,715][__main__][INFO] - [0, 16, 20], []
[2025-01-29 13:12:13,740][__main__][INFO] - [0, 16, 21], []
[2025-01-29 13:12:13,762][__main__][INFO] - [0, 16, 22], []
[2025-01-29 13:12:13,790][__main__][INFO] - [0, 16, 23], []
[2025-01-29 13:12:13,820][__main__][INFO] - [0, 16, 24], []
[2025-01-29 13:12:13,871][__main__][INFO] - [0, 17], [16]
[2025-01-29 13:12:13,903][__main__][INFO] - [0, 18], [16]
[2025-01-29 13:12:13,969][__main__][INFO] - [0, 19], [16]
[2025-01-29 13:12:13,995][__main__][INFO] - [0, 20], [16]
[2025-01-29 13:12:14,020][__main__][INFO] - [0, 21], [16]
[2025-01-29 13:12:14,043][__main__][INFO] - [0, 22], [16]
[2025-01-29 13:12:14,080][__main__][INFO] - [0, 23], [16]
[2025-01-29 13:12:14,110][__main__][INFO] - [0, 24], [16]
[2025-01-29 13:12:14,177][__main__][INFO] - [1, 10, 16], []
[2025-01-29 13:12:14,275][__main__][INFO] - [1, 10], [16]
[2025-01-29 13:12:14,378][__main__][INFO] - [1, 10, 17], []
[2025-01-29 13:12:14,418][__main__][INFO] - [1, 10, 18], []
[2025-01-29 13:12:14,543][__main__][INFO] - [1, 10, 19], []
[2025-01-29 13:12:14,573][__main__][INFO] - [1, 10, 20], []
[2025-01-29 13:12:14,602][__main__][INFO] - [1, 10, 21], []
[2025-01-29 13:12:14,626][__main__][INFO] - [1, 10, 22], []
[2025-01-29 13:12:14,649][__main__][INFO] - [1, 10, 23], []
[2025-01-29 13:12:14,684][__main__][INFO] - [1, 10, 24], []
[2025-01-29 13:12:14,737][__main__][INFO] - [1, 11, 16], []
[2025-01-29 13:12:14,762][__main__][INFO] - [1, 11], [16]
[2025-01-29 13:12:14,801][__main__][INFO] - [1, 11, 18], []
[2025-01-29 13:12:14,826][__main__][INFO] - [1, 11, 19], []
[2025-01-29 13:12:14,849][__main__][INFO] - [1, 11, 20], []
[2025-01-29 13:12:14,902][__main__][INFO] - [1, 11, 23], []
[2025-01-29 13:12:14,970][__main__][INFO] - [1, 12, 16], []
[2025-01-29 13:12:15,000][__main__][INFO] - [1, 12], [16]
[2025-01-29 13:12:15,045][__main__][INFO] - [1, 12, 18], []
[2025-01-29 13:12:15,069][__main__][INFO] - [1, 12, 19], []
[2025-01-29 13:12:15,137][__main__][INFO] - [1, 12, 23], []
[2025-01-29 13:12:15,219][__main__][INFO] - [1, 13, 16], []
[2025-01-29 13:12:15,242][__main__][INFO] - [1, 13], [16]
[2025-01-29 13:12:15,280][__main__][INFO] - [1, 13, 18], []
[2025-01-29 13:12:15,318][__main__][INFO] - [1, 13, 20], []
[2025-01-29 13:12:15,431][__main__][INFO] - [1, 14, 16], []
[2025-01-29 13:12:15,454][__main__][INFO] - [1, 14], [16]
[2025-01-29 13:12:15,492][__main__][INFO] - [1, 14, 18], []
[2025-01-29 13:12:15,560][__main__][INFO] - [1, 14, 22], []
[2025-01-29 13:12:15,583][__main__][INFO] - [1, 14, 23], []
[2025-01-29 13:12:15,651][__main__][INFO] - [1, 15, 16], []
[2025-01-29 13:12:15,680][__main__][INFO] - [1, 15], [16]
[2025-01-29 13:12:15,713][__main__][INFO] - [1, 15, 17], []
[2025-01-29 13:12:15,741][__main__][INFO] - [1, 15, 18], []
[2025-01-29 13:12:15,774][__main__][INFO] - [1, 15, 19], []
[2025-01-29 13:12:15,797][__main__][INFO] - [1, 15, 20], []
[2025-01-29 13:12:15,820][__main__][INFO] - [1, 15, 21], []
[2025-01-29 13:12:15,858][__main__][INFO] - [1, 15, 23], []
[2025-01-29 13:12:15,881][__main__][INFO] - [1, 15, 24], []
[2025-01-29 13:12:15,933][__main__][INFO] - [1, 16, 17], []
[2025-01-29 13:12:15,966][__main__][INFO] - [1, 16, 18], []
[2025-01-29 13:12:16,041][__main__][INFO] - [1, 16, 19], []
[2025-01-29 13:12:16,067][__main__][INFO] - [1, 16, 20], []
[2025-01-29 13:12:16,093][__main__][INFO] - [1, 16, 21], []
[2025-01-29 13:12:16,116][__main__][INFO] - [1, 16, 22], []
[2025-01-29 13:12:16,139][__main__][INFO] - [1, 16, 23], []
[2025-01-29 13:12:16,174][__main__][INFO] - [1, 16, 24], []
[2025-01-29 13:12:16,228][__main__][INFO] - [1, 17], [16]
[2025-01-29 13:12:16,262][__main__][INFO] - [1, 18], [16]
[2025-01-29 13:12:16,351][__main__][INFO] - [1, 19], [16]
[2025-01-29 13:12:16,377][__main__][INFO] - [1, 20], [16]
[2025-01-29 13:12:16,402][__main__][INFO] - [1, 21], [16]
[2025-01-29 13:12:16,425][__main__][INFO] - [1, 22], [16]
[2025-01-29 13:12:16,448][__main__][INFO] - [1, 23], [16]
[2025-01-29 13:12:16,483][__main__][INFO] - [1, 24], [16]
[2025-01-29 13:12:16,550][__main__][INFO] - [2, 10, 16], []
[2025-01-29 13:12:16,630][__main__][INFO] - [2, 10], [16]
[2025-01-29 13:12:16,718][__main__][INFO] - [2, 10, 17], []
[2025-01-29 13:12:16,750][__main__][INFO] - [2, 10, 18], []
[2025-01-29 13:12:16,866][__main__][INFO] - [2, 10, 19], []
[2025-01-29 13:12:16,894][__main__][INFO] - [2, 10, 20], []
[2025-01-29 13:12:16,922][__main__][INFO] - [2, 10, 21], []
[2025-01-29 13:12:16,945][__main__][INFO] - [2, 10, 22], []
[2025-01-29 13:12:16,969][__main__][INFO] - [2, 10, 23], []
[2025-01-29 13:12:17,000][__main__][INFO] - [2, 10, 24], []
[2025-01-29 13:12:17,053][__main__][INFO] - [2, 11, 16], []
[2025-01-29 13:12:17,078][__main__][INFO] - [2, 11], [16]
[2025-01-29 13:12:17,118][__main__][INFO] - [2, 11, 18], []
[2025-01-29 13:12:17,144][__main__][INFO] - [2, 11, 19], []
[2025-01-29 13:12:17,212][__main__][INFO] - [2, 11, 23], []
[2025-01-29 13:12:17,280][__main__][INFO] - [2, 12, 16], []
[2025-01-29 13:12:17,313][__main__][INFO] - [2, 12], [16]
[2025-01-29 13:12:17,362][__main__][INFO] - [2, 12, 18], []
[2025-01-29 13:12:17,386][__main__][INFO] - [2, 12, 19], []
[2025-01-29 13:12:17,455][__main__][INFO] - [2, 12, 23], []
[2025-01-29 13:12:17,543][__main__][INFO] - [2, 13, 16], []
[2025-01-29 13:12:17,566][__main__][INFO] - [2, 13], [16]
[2025-01-29 13:12:17,604][__main__][INFO] - [2, 13, 18], []
[2025-01-29 13:12:17,642][__main__][INFO] - [2, 13, 20], []
[2025-01-29 13:12:17,695][__main__][INFO] - [2, 13, 23], []
[2025-01-29 13:12:17,764][__main__][INFO] - [2, 14, 16], []
[2025-01-29 13:12:17,786][__main__][INFO] - [2, 14], [16]
[2025-01-29 13:12:17,824][__main__][INFO] - [2, 14, 18], []
[2025-01-29 13:12:17,892][__main__][INFO] - [2, 14, 22], []
[2025-01-29 13:12:17,915][__main__][INFO] - [2, 14, 23], []
[2025-01-29 13:12:17,983][__main__][INFO] - [2, 15, 16], []
[2025-01-29 13:12:18,016][__main__][INFO] - [2, 15], [16]
[2025-01-29 13:12:18,055][__main__][INFO] - [2, 15, 17], []
[2025-01-29 13:12:18,088][__main__][INFO] - [2, 15, 18], []
[2025-01-29 13:12:18,126][__main__][INFO] - [2, 15, 19], []
[2025-01-29 13:12:18,149][__main__][INFO] - [2, 15, 20], []
[2025-01-29 13:12:18,171][__main__][INFO] - [2, 15, 21], []
[2025-01-29 13:12:18,209][__main__][INFO] - [2, 15, 23], []
[2025-01-29 13:12:18,233][__main__][INFO] - [2, 15, 24], []
[2025-01-29 13:12:18,285][__main__][INFO] - [2, 16, 17], []
[2025-01-29 13:12:18,316][__main__][INFO] - [2, 16, 18], []
[2025-01-29 13:12:18,385][__main__][INFO] - [2, 16, 19], []
[2025-01-29 13:12:18,411][__main__][INFO] - [2, 16, 20], []
[2025-01-29 13:12:18,436][__main__][INFO] - [2, 16, 21], []
[2025-01-29 13:12:18,459][__main__][INFO] - [2, 16, 22], []
[2025-01-29 13:12:18,482][__main__][INFO] - [2, 16, 23], []
[2025-01-29 13:12:18,518][__main__][INFO] - [2, 16, 24], []
[2025-01-29 13:12:18,571][__main__][INFO] - [2, 17], [16]
[2025-01-29 13:12:18,604][__main__][INFO] - [2, 18], [16]
[2025-01-29 13:12:18,685][__main__][INFO] - [2, 19], [16]
[2025-01-29 13:12:18,711][__main__][INFO] - [2, 20], [16]
[2025-01-29 13:12:18,736][__main__][INFO] - [2, 21], [16]
[2025-01-29 13:12:18,759][__main__][INFO] - [2, 22], [16]
[2025-01-29 13:12:18,782][__main__][INFO] - [2, 23], [16]
[2025-01-29 13:12:18,818][__main__][INFO] - [2, 24], [16]
[2025-01-29 13:12:18,886][__main__][INFO] - [3, 10, 16], []
[2025-01-29 13:12:18,946][__main__][INFO] - [3, 10], [16]
[2025-01-29 13:12:19,011][__main__][INFO] - [3, 10, 17], []
[2025-01-29 13:12:19,038][__main__][INFO] - [3, 10, 18], []
[2025-01-29 13:12:19,122][__main__][INFO] - [3, 10, 19], []
[2025-01-29 13:12:19,148][__main__][INFO] - [3, 10, 20], []
[2025-01-29 13:12:19,175][__main__][INFO] - [3, 10, 21], []
[2025-01-29 13:12:19,198][__main__][INFO] - [3, 10, 22], []
[2025-01-29 13:12:19,221][__main__][INFO] - [3, 10, 23], []
[2025-01-29 13:12:19,248][__main__][INFO] - [3, 10, 24], []
[2025-01-29 13:12:19,300][__main__][INFO] - [3, 11, 16], []
[2025-01-29 13:12:19,324][__main__][INFO] - [3, 11], [16]
[2025-01-29 13:12:19,364][__main__][INFO] - [3, 11, 18], []
[2025-01-29 13:12:19,390][__main__][INFO] - [3, 11, 19], []
[2025-01-29 13:12:19,458][__main__][INFO] - [3, 11, 23], []
[2025-01-29 13:12:19,526][__main__][INFO] - [3, 12, 16], []
[2025-01-29 13:12:19,560][__main__][INFO] - [3, 12], [16]
[2025-01-29 13:12:19,608][__main__][INFO] - [3, 12, 18], []
[2025-01-29 13:12:19,632][__main__][INFO] - [3, 12, 19], []
[2025-01-29 13:12:19,700][__main__][INFO] - [3, 12, 23], []
[2025-01-29 13:12:19,789][__main__][INFO] - [3, 13, 16], []
[2025-01-29 13:12:19,812][__main__][INFO] - [3, 13], [16]
[2025-01-29 13:12:19,850][__main__][INFO] - [3, 13, 18], []
[2025-01-29 13:12:19,888][__main__][INFO] - [3, 13, 20], []
[2025-01-29 13:12:19,941][__main__][INFO] - [3, 13, 23], []
[2025-01-29 13:12:20,009][__main__][INFO] - [3, 14, 16], []
[2025-01-29 13:12:20,032][__main__][INFO] - [3, 14], [16]
[2025-01-29 13:12:20,070][__main__][INFO] - [3, 14, 18], []
[2025-01-29 13:12:20,092][__main__][INFO] - [3, 14, 19], []
[2025-01-29 13:12:20,145][__main__][INFO] - [3, 14, 22], []
[2025-01-29 13:12:20,168][__main__][INFO] - [3, 14, 23], []
[2025-01-29 13:12:20,236][__main__][INFO] - [3, 15, 16], []
[2025-01-29 13:12:20,271][__main__][INFO] - [3, 15], [16]
[2025-01-29 13:12:20,309][__main__][INFO] - [3, 15, 17], []
[2025-01-29 13:12:20,342][__main__][INFO] - [3, 15, 18], []
[2025-01-29 13:12:20,380][__main__][INFO] - [3, 15, 19], []
[2025-01-29 13:12:20,403][__main__][INFO] - [3, 15, 20], []
[2025-01-29 13:12:20,426][__main__][INFO] - [3, 15, 21], []
[2025-01-29 13:12:20,464][__main__][INFO] - [3, 15, 23], []
[2025-01-29 13:12:20,487][__main__][INFO] - [3, 15, 24], []
[2025-01-29 13:12:20,540][__main__][INFO] - [3, 16, 17], []
[2025-01-29 13:12:20,569][__main__][INFO] - [3, 16, 18], []
[2025-01-29 13:12:20,629][__main__][INFO] - [3, 16, 19], []
[2025-01-29 13:12:20,653][__main__][INFO] - [3, 16, 20], []
[2025-01-29 13:12:20,678][__main__][INFO] - [3, 16, 21], []
[2025-01-29 13:12:20,701][__main__][INFO] - [3, 16, 22], []
[2025-01-29 13:12:20,724][__main__][INFO] - [3, 16, 23], []
[2025-01-29 13:12:20,758][__main__][INFO] - [3, 16, 24], []
[2025-01-29 13:12:20,811][__main__][INFO] - [3, 17], [16]
[2025-01-29 13:12:20,843][__main__][INFO] - [3, 18], [16]
[2025-01-29 13:12:20,910][__main__][INFO] - [3, 19], [16]
[2025-01-29 13:12:20,934][__main__][INFO] - [3, 20], [16]
[2025-01-29 13:12:20,958][__main__][INFO] - [3, 21], [16]
[2025-01-29 13:12:20,981][__main__][INFO] - [3, 22], [16]
[2025-01-29 13:12:21,004][__main__][INFO] - [3, 23], [16]
[2025-01-29 13:12:21,038][__main__][INFO] - [3, 24], [16]
[2025-01-29 13:12:21,105][__main__][INFO] - [4, 10, 16], []
[2025-01-29 13:12:21,177][__main__][INFO] - [4, 10], [16]
[2025-01-29 13:12:21,257][__main__][INFO] - [4, 10, 17], []
[2025-01-29 13:12:21,283][__main__][INFO] - [4, 10, 18], []
[2025-01-29 13:12:21,395][__main__][INFO] - [4, 10, 19], []
[2025-01-29 13:12:21,421][__main__][INFO] - [4, 10, 20], []
[2025-01-29 13:12:21,449][__main__][INFO] - [4, 10, 21], []
[2025-01-29 13:12:21,472][__main__][INFO] - [4, 10, 22], []
[2025-01-29 13:12:21,496][__main__][INFO] - [4, 10, 23], []
[2025-01-29 13:12:21,521][__main__][INFO] - [4, 10, 24], []
[2025-01-29 13:12:21,574][__main__][INFO] - [4, 11, 16], []
[2025-01-29 13:12:21,599][__main__][INFO] - [4, 11], [16]
[2025-01-29 13:12:21,639][__main__][INFO] - [4, 11, 18], []
[2025-01-29 13:12:21,665][__main__][INFO] - [4, 11, 19], []
[2025-01-29 13:12:21,688][__main__][INFO] - [4, 11, 20], []
[2025-01-29 13:12:21,741][__main__][INFO] - [4, 11, 23], []
[2025-01-29 13:12:21,809][__main__][INFO] - [4, 12, 16], []
[2025-01-29 13:12:21,845][__main__][INFO] - [4, 12], [16]
[2025-01-29 13:12:21,895][__main__][INFO] - [4, 12, 18], []
[2025-01-29 13:12:21,920][__main__][INFO] - [4, 12, 19], []
[2025-01-29 13:12:21,988][__main__][INFO] - [4, 12, 23], []
[2025-01-29 13:12:22,081][__main__][INFO] - [4, 13, 16], []
[2025-01-29 13:12:22,104][__main__][INFO] - [4, 13], [16]
[2025-01-29 13:12:22,142][__main__][INFO] - [4, 13, 18], []
[2025-01-29 13:12:22,180][__main__][INFO] - [4, 13, 20], []
[2025-01-29 13:12:22,234][__main__][INFO] - [4, 13, 23], []
[2025-01-29 13:12:22,302][__main__][INFO] - [4, 14, 16], []
[2025-01-29 13:12:22,325][__main__][INFO] - [4, 14], [16]
[2025-01-29 13:12:22,362][__main__][INFO] - [4, 14, 18], []
[2025-01-29 13:12:22,385][__main__][INFO] - [4, 14, 19], []
[2025-01-29 13:12:22,438][__main__][INFO] - [4, 14, 22], []
[2025-01-29 13:12:22,520][__main__][INFO] - [4, 15, 16], []
[2025-01-29 13:12:22,558][__main__][INFO] - [4, 15], [16]
[2025-01-29 13:12:22,600][__main__][INFO] - [4, 15, 17], []
[2025-01-29 13:12:22,637][__main__][INFO] - [4, 15, 18], []
[2025-01-29 13:12:22,678][__main__][INFO] - [4, 15, 19], []
[2025-01-29 13:12:22,702][__main__][INFO] - [4, 15, 20], []
[2025-01-29 13:12:22,724][__main__][INFO] - [4, 15, 21], []
[2025-01-29 13:12:22,762][__main__][INFO] - [4, 15, 23], []
[2025-01-29 13:12:22,785][__main__][INFO] - [4, 15, 24], []
[2025-01-29 13:12:22,838][__main__][INFO] - [4, 16, 17], []
[2025-01-29 13:12:22,868][__main__][INFO] - [4, 16, 18], []
[2025-01-29 13:12:22,941][__main__][INFO] - [4, 16, 19], []
[2025-01-29 13:12:22,965][__main__][INFO] - [4, 16, 20], []
[2025-01-29 13:12:22,990][__main__][INFO] - [4, 16, 21], []
[2025-01-29 13:12:23,013][__main__][INFO] - [4, 16, 22], []
[2025-01-29 13:12:23,036][__main__][INFO] - [4, 16, 23], []
[2025-01-29 13:12:23,073][__main__][INFO] - [4, 16, 24], []
[2025-01-29 13:12:23,126][__main__][INFO] - [4, 17], [16]
[2025-01-29 13:12:23,157][__main__][INFO] - [4, 18], [16]
[2025-01-29 13:12:23,241][__main__][INFO] - [4, 19], [16]
[2025-01-29 13:12:23,265][__main__][INFO] - [4, 20], [16]
[2025-01-29 13:12:23,290][__main__][INFO] - [4, 21], [16]
[2025-01-29 13:12:23,313][__main__][INFO] - [4, 22], [16]
[2025-01-29 13:12:23,336][__main__][INFO] - [4, 23], [16]
[2025-01-29 13:12:23,371][__main__][INFO] - [4, 24], [16]
[2025-01-29 13:12:23,438][__main__][INFO] - [5, 10, 16], []
[2025-01-29 13:12:23,514][__main__][INFO] - [5, 10], [16]
[2025-01-29 13:12:23,590][__main__][INFO] - [5, 10, 17], []
[2025-01-29 13:12:23,615][__main__][INFO] - [5, 10, 18], []
[2025-01-29 13:12:23,726][__main__][INFO] - [5, 10, 19], []
[2025-01-29 13:12:23,751][__main__][INFO] - [5, 10, 20], []
[2025-01-29 13:12:23,779][__main__][INFO] - [5, 10, 21], []
[2025-01-29 13:12:23,802][__main__][INFO] - [5, 10, 22], []
[2025-01-29 13:12:23,825][__main__][INFO] - [5, 10, 23], []
[2025-01-29 13:12:23,850][__main__][INFO] - [5, 10, 24], []
[2025-01-29 13:12:23,903][__main__][INFO] - [5, 11, 16], []
[2025-01-29 13:12:23,928][__main__][INFO] - [5, 11], [16]
[2025-01-29 13:12:23,967][__main__][INFO] - [5, 11, 18], []
[2025-01-29 13:12:23,994][__main__][INFO] - [5, 11, 19], []
[2025-01-29 13:12:24,122][__main__][INFO] - [5, 12, 16], []
[2025-01-29 13:12:24,155][__main__][INFO] - [5, 12], [16]
[2025-01-29 13:12:24,204][__main__][INFO] - [5, 12, 18], []
[2025-01-29 13:12:24,228][__main__][INFO] - [5, 12, 19], []
[2025-01-29 13:12:24,297][__main__][INFO] - [5, 12, 23], []
[2025-01-29 13:12:24,384][__main__][INFO] - [5, 13, 16], []
[2025-01-29 13:12:24,408][__main__][INFO] - [5, 13], [16]
[2025-01-29 13:12:24,446][__main__][INFO] - [5, 13, 18], []
[2025-01-29 13:12:24,484][__main__][INFO] - [5, 13, 20], []
[2025-01-29 13:12:24,537][__main__][INFO] - [5, 13, 23], []
[2025-01-29 13:12:24,605][__main__][INFO] - [5, 14, 16], []
[2025-01-29 13:12:24,628][__main__][INFO] - [5, 14], [16]
[2025-01-29 13:12:24,665][__main__][INFO] - [5, 14, 18], []
[2025-01-29 13:12:24,688][__main__][INFO] - [5, 14, 19], []
[2025-01-29 13:12:24,741][__main__][INFO] - [5, 14, 22], []
[2025-01-29 13:12:24,764][__main__][INFO] - [5, 14, 23], []
[2025-01-29 13:12:24,832][__main__][INFO] - [5, 15, 16], []
[2025-01-29 13:12:24,864][__main__][INFO] - [5, 15], [16]
[2025-01-29 13:12:24,899][__main__][INFO] - [5, 15, 17], []
[2025-01-29 13:12:24,929][__main__][INFO] - [5, 15, 18], []
[2025-01-29 13:12:24,964][__main__][INFO] - [5, 15, 19], []
[2025-01-29 13:12:24,987][__main__][INFO] - [5, 15, 20], []
[2025-01-29 13:12:25,010][__main__][INFO] - [5, 15, 21], []
[2025-01-29 13:12:25,048][__main__][INFO] - [5, 15, 23], []
[2025-01-29 13:12:25,071][__main__][INFO] - [5, 15, 24], []
[2025-01-29 13:12:25,124][__main__][INFO] - [5, 16, 17], []
[2025-01-29 13:12:25,150][__main__][INFO] - [5, 16, 18], []
[2025-01-29 13:12:25,221][__main__][INFO] - [5, 16, 19], []
[2025-01-29 13:12:25,244][__main__][INFO] - [5, 16, 20], []
[2025-01-29 13:12:25,269][__main__][INFO] - [5, 16, 21], []
[2025-01-29 13:12:25,292][__main__][INFO] - [5, 16, 22], []
[2025-01-29 13:12:25,315][__main__][INFO] - [5, 16, 23], []
[2025-01-29 13:12:25,349][__main__][INFO] - [5, 16, 24], []
[2025-01-29 13:12:25,401][__main__][INFO] - [5, 17], [16]
[2025-01-29 13:12:25,429][__main__][INFO] - [5, 18], [16]
[2025-01-29 13:12:25,508][__main__][INFO] - [5, 19], [16]
[2025-01-29 13:12:25,532][__main__][INFO] - [5, 20], [16]
[2025-01-29 13:12:25,556][__main__][INFO] - [5, 21], [16]
[2025-01-29 13:12:25,579][__main__][INFO] - [5, 22], [16]
[2025-01-29 13:12:25,602][__main__][INFO] - [5, 23], [16]
[2025-01-29 13:12:25,635][__main__][INFO] - [5, 24], [16]
[2025-01-29 13:12:25,702][__main__][INFO] - [6, 10, 16], []
[2025-01-29 13:12:25,744][__main__][INFO] - [6, 10], [16]
[2025-01-29 13:12:25,789][__main__][INFO] - [6, 10, 17], []
[2025-01-29 13:12:25,812][__main__][INFO] - [6, 10, 18], []
[2025-01-29 13:12:25,872][__main__][INFO] - [6, 10, 19], []
[2025-01-29 13:12:25,895][__main__][INFO] - [6, 10, 20], []
[2025-01-29 13:12:25,920][__main__][INFO] - [6, 10, 21], []
[2025-01-29 13:12:25,943][__main__][INFO] - [6, 10, 22], []
[2025-01-29 13:12:25,966][__main__][INFO] - [6, 10, 23], []
[2025-01-29 13:12:26,034][__main__][INFO] - [6, 11, 16], []
[2025-01-29 13:12:26,057][__main__][INFO] - [6, 11], [16]
[2025-01-29 13:12:26,096][__main__][INFO] - [6, 11, 18], []
[2025-01-29 13:12:26,240][__main__][INFO] - [6, 12, 16], []
[2025-01-29 13:12:26,266][__main__][INFO] - [6, 12], [16]
[2025-01-29 13:12:26,308][__main__][INFO] - [6, 12, 18], []
[2025-01-29 13:12:26,331][__main__][INFO] - [6, 12, 19], []
[2025-01-29 13:12:26,399][__main__][INFO] - [6, 12, 23], []
[2025-01-29 13:12:26,474][__main__][INFO] - [6, 13, 16], []
[2025-01-29 13:12:26,497][__main__][INFO] - [6, 13], [16]
[2025-01-29 13:12:26,534][__main__][INFO] - [6, 13, 18], []
[2025-01-29 13:12:26,572][__main__][INFO] - [6, 13, 20], []
[2025-01-29 13:12:26,700][__main__][INFO] - [6, 14], [16]
[2025-01-29 13:12:26,873][__main__][INFO] - [6, 15, 16], []
[2025-01-29 13:12:26,897][__main__][INFO] - [6, 15], [16]
[2025-01-29 13:12:26,923][__main__][INFO] - [6, 15, 17], []
[2025-01-29 13:12:26,947][__main__][INFO] - [6, 15, 18], []
[2025-01-29 13:12:26,973][__main__][INFO] - [6, 15, 19], []
[2025-01-29 13:12:26,996][__main__][INFO] - [6, 15, 20], []
[2025-01-29 13:12:27,049][__main__][INFO] - [6, 15, 23], []
[2025-01-29 13:12:27,117][__main__][INFO] - [6, 16, 17], []
[2025-01-29 13:12:27,140][__main__][INFO] - [6, 16, 18], []
[2025-01-29 13:12:27,181][__main__][INFO] - [6, 16, 19], []
[2025-01-29 13:12:27,204][__main__][INFO] - [6, 16, 20], []
[2025-01-29 13:12:27,227][__main__][INFO] - [6, 16, 21], []
[2025-01-29 13:12:27,250][__main__][INFO] - [6, 16, 22], []
[2025-01-29 13:12:27,273][__main__][INFO] - [6, 16, 23], []
[2025-01-29 13:12:27,344][__main__][INFO] - [6, 17], [16]
[2025-01-29 13:12:27,368][__main__][INFO] - [6, 18], [16]
[2025-01-29 13:12:27,413][__main__][INFO] - [6, 19], [16]
[2025-01-29 13:12:27,436][__main__][INFO] - [6, 20], [16]
[2025-01-29 13:12:27,459][__main__][INFO] - [6, 21], [16]
[2025-01-29 13:12:27,482][__main__][INFO] - [6, 22], [16]
[2025-01-29 13:12:27,505][__main__][INFO] - [6, 23], [16]
[2025-01-29 13:12:27,591][__main__][INFO] - [7, 10, 16], []
[2025-01-29 13:12:27,620][__main__][INFO] - [7, 10], [16]
[2025-01-29 13:12:27,650][__main__][INFO] - [7, 10, 17], []
[2025-01-29 13:12:27,673][__main__][INFO] - [7, 10, 18], []
[2025-01-29 13:12:27,709][__main__][INFO] - [7, 10, 19], []
[2025-01-29 13:12:27,732][__main__][INFO] - [7, 10, 20], []
[2025-01-29 13:12:27,755][__main__][INFO] - [7, 10, 21], []
[2025-01-29 13:12:27,793][__main__][INFO] - [7, 10, 23], []
[2025-01-29 13:12:27,861][__main__][INFO] - [7, 11, 16], []
[2025-01-29 13:12:27,884][__main__][INFO] - [7, 11], [16]
[2025-01-29 13:12:27,921][__main__][INFO] - [7, 11, 18], []
[2025-01-29 13:12:28,066][__main__][INFO] - [7, 12, 16], []
[2025-01-29 13:12:28,089][__main__][INFO] - [7, 12], [16]
[2025-01-29 13:12:28,128][__main__][INFO] - [7, 12, 18], []
[2025-01-29 13:12:28,151][__main__][INFO] - [7, 12, 19], []
[2025-01-29 13:12:28,220][__main__][INFO] - [7, 12, 23], []
[2025-01-29 13:12:28,304][__main__][INFO] - [7, 13], [16]
[2025-01-29 13:12:28,342][__main__][INFO] - [7, 13, 18], []
[2025-01-29 13:12:28,665][__main__][INFO] - [7, 15, 16], []
[2025-01-29 13:12:28,688][__main__][INFO] - [7, 15], [16]
[2025-01-29 13:12:28,711][__main__][INFO] - [7, 15, 17], []
[2025-01-29 13:12:28,734][__main__][INFO] - [7, 15, 18], []
[2025-01-29 13:12:28,757][__main__][INFO] - [7, 15, 19], []
[2025-01-29 13:12:28,885][__main__][INFO] - [7, 16, 17], []
[2025-01-29 13:12:28,907][__main__][INFO] - [7, 16, 18], []
[2025-01-29 13:12:28,935][__main__][INFO] - [7, 16, 19], []
[2025-01-29 13:12:28,958][__main__][INFO] - [7, 16, 20], []
[2025-01-29 13:12:28,980][__main__][INFO] - [7, 16, 21], []
[2025-01-29 13:12:29,018][__main__][INFO] - [7, 16, 23], []
[2025-01-29 13:12:29,086][__main__][INFO] - [7, 17], [16]
[2025-01-29 13:12:29,109][__main__][INFO] - [7, 18], [16]
[2025-01-29 13:12:29,139][__main__][INFO] - [7, 19], [16]
[2025-01-29 13:12:29,161][__main__][INFO] - [7, 20], [16]
[2025-01-29 13:12:29,184][__main__][INFO] - [7, 21], [16]
[2025-01-29 13:12:29,222][__main__][INFO] - [7, 23], [16]
[2025-01-29 13:12:29,304][__main__][INFO] - [8, 10, 16], []
[2025-01-29 13:12:29,328][__main__][INFO] - [8, 10], [16]
[2025-01-29 13:12:29,367][__main__][INFO] - [8, 10, 18], []
[2025-01-29 13:12:29,392][__main__][INFO] - [8, 10, 19], []
[2025-01-29 13:12:29,415][__main__][INFO] - [8, 10, 20], []
[2025-01-29 13:12:29,468][__main__][INFO] - [8, 10, 23], []
[2025-01-29 13:12:29,536][__main__][INFO] - [8, 11, 16], []
[2025-01-29 13:12:29,558][__main__][INFO] - [8, 11], [16]
[2025-01-29 13:12:29,596][__main__][INFO] - [8, 11, 18], []
[2025-01-29 13:12:29,738][__main__][INFO] - [8, 12, 16], []
[2025-01-29 13:12:29,761][__main__][INFO] - [8, 12], [16]
[2025-01-29 13:12:29,799][__main__][INFO] - [8, 12, 18], []
[2025-01-29 13:12:29,881][__main__][INFO] - [8, 12, 23], []
[2025-01-29 13:12:29,979][__main__][INFO] - [8, 15, 16], []
[2025-01-29 13:12:30,001][__main__][INFO] - [8, 15], [16]
[2025-01-29 13:12:30,039][__main__][INFO] - [8, 15, 18], []
[2025-01-29 13:12:30,196][__main__][INFO] - [8, 16, 18], []
[2025-01-29 13:12:30,220][__main__][INFO] - [8, 16, 19], []
[2025-01-29 13:12:30,243][__main__][INFO] - [8, 16, 20], []
[2025-01-29 13:12:30,295][__main__][INFO] - [8, 16, 23], []
[2025-01-29 13:12:30,363][__main__][INFO] - [8, 17], [16]
[2025-01-29 13:12:30,386][__main__][INFO] - [8, 18], [16]
[2025-01-29 13:12:30,409][__main__][INFO] - [8, 19], [16]
[2025-01-29 13:12:30,434][__main__][INFO] - [8, 20], [16]
[2025-01-29 13:12:30,486][__main__][INFO] - [8, 23], [16]
[2025-01-29 13:12:30,568][__main__][INFO] - [9, 10, 16], []
[2025-01-29 13:12:30,592][__main__][INFO] - [9, 10], [16]
[2025-01-29 13:12:30,629][__main__][INFO] - [9, 10, 18], []
[2025-01-29 13:12:31,032][__main__][INFO] - [9, 16, 18], []
[2025-01-29 13:12:31,191][__main__][INFO] - [9, 18], [16]
[2025-01-29 13:12:31,348][__main__][INFO] - [10, 16, 17], []
[2025-01-29 13:12:31,394][__main__][INFO] - [10, 16, 18], []
[2025-01-29 13:12:31,691][__main__][INFO] - [10, 16, 19], []
[2025-01-29 13:12:31,726][__main__][INFO] - [10, 16, 20], []
[2025-01-29 13:12:31,764][__main__][INFO] - [10, 16, 21], []
[2025-01-29 13:12:31,788][__main__][INFO] - [10, 16, 22], []
[2025-01-29 13:12:31,811][__main__][INFO] - [10, 16, 23], []
[2025-01-29 13:12:31,852][__main__][INFO] - [10, 16, 24], []
[2025-01-29 13:12:31,906][__main__][INFO] - [10, 17], [16]
[2025-01-29 13:12:31,959][__main__][INFO] - [10, 18], [16]
[2025-01-29 13:12:32,282][__main__][INFO] - [10, 19], [16]
[2025-01-29 13:12:32,318][__main__][INFO] - [10, 20], [16]
[2025-01-29 13:12:32,355][__main__][INFO] - [10, 21], [16]
[2025-01-29 13:12:32,379][__main__][INFO] - [10, 22], [16]
[2025-01-29 13:12:32,402][__main__][INFO] - [10, 23], [16]
[2025-01-29 13:12:32,448][__main__][INFO] - [10, 24], [16]
[2025-01-29 13:12:32,516][__main__][INFO] - [11, 16, 17], []
[2025-01-29 13:12:32,538][__main__][INFO] - [11, 16, 18], []
[2025-01-29 13:12:32,568][__main__][INFO] - [11, 16, 19], []
[2025-01-29 13:12:32,590][__main__][INFO] - [11, 16, 20], []
[2025-01-29 13:12:32,642][__main__][INFO] - [11, 16, 23], []
[2025-01-29 13:12:32,710][__main__][INFO] - [11, 17], [16]
[2025-01-29 13:12:32,732][__main__][INFO] - [11, 18], [16]
[2025-01-29 13:12:32,764][__main__][INFO] - [11, 19], [16]
[2025-01-29 13:12:32,786][__main__][INFO] - [11, 20], [16]
[2025-01-29 13:12:32,839][__main__][INFO] - [11, 23], [16]
[2025-01-29 13:12:32,921][__main__][INFO] - [12, 16, 17], []
[2025-01-29 13:12:32,949][__main__][INFO] - [12, 16, 18], []
[2025-01-29 13:12:32,974][__main__][INFO] - [12, 16, 19], []
[2025-01-29 13:12:33,042][__main__][INFO] - [12, 16, 23], []
[2025-01-29 13:12:33,164][__main__][INFO] - [12, 17], [16]
[2025-01-29 13:12:33,186][__main__][INFO] - [12, 18], [16]
[2025-01-29 13:12:33,213][__main__][INFO] - [12, 19], [16]
[2025-01-29 13:12:33,281][__main__][INFO] - [12, 23], [16]
[2025-01-29 13:12:33,431][__main__][INFO] - [13, 16, 18], []
[2025-01-29 13:12:33,454][__main__][INFO] - [13, 16, 19], []
[2025-01-29 13:12:33,477][__main__][INFO] - [13, 16, 20], []
[2025-01-29 13:12:33,530][__main__][INFO] - [13, 16, 23], []
[2025-01-29 13:12:33,612][__main__][INFO] - [13, 18], [16]
[2025-01-29 13:12:33,635][__main__][INFO] - [13, 19], [16]
[2025-01-29 13:12:33,657][__main__][INFO] - [13, 20], [16]
[2025-01-29 13:12:33,710][__main__][INFO] - [13, 23], [16]
[2025-01-29 13:12:33,807][__main__][INFO] - [14, 16, 18], []
[2025-01-29 13:12:33,829][__main__][INFO] - [14, 16, 19], []
[2025-01-29 13:12:33,881][__main__][INFO] - [14, 16, 22], []
[2025-01-29 13:12:33,903][__main__][INFO] - [14, 16, 23], []
[2025-01-29 13:12:33,986][__main__][INFO] - [14, 18], [16]
[2025-01-29 13:12:34,008][__main__][INFO] - [14, 19], [16]
[2025-01-29 13:12:34,060][__main__][INFO] - [14, 22], [16]
[2025-01-29 13:12:34,082][__main__][INFO] - [14, 23], [16]
[2025-01-29 13:12:34,164][__main__][INFO] - [15, 16, 17], []
[2025-01-29 13:12:34,206][__main__][INFO] - [15, 16, 18], []
[2025-01-29 13:12:34,262][__main__][INFO] - [15, 16, 19], []
[2025-01-29 13:12:34,285][__main__][INFO] - [15, 16, 20], []
[2025-01-29 13:12:34,307][__main__][INFO] - [15, 16, 21], []
[2025-01-29 13:12:34,344][__main__][INFO] - [15, 16, 23], []
[2025-01-29 13:12:34,367][__main__][INFO] - [15, 16, 24], []
[2025-01-29 13:12:34,419][__main__][INFO] - [15, 17], [16]
[2025-01-29 13:12:34,477][__main__][INFO] - [15, 18], [16]
[2025-01-29 13:12:34,543][__main__][INFO] - [15, 19], [16]
[2025-01-29 13:12:34,566][__main__][INFO] - [15, 20], [16]
[2025-01-29 13:12:34,588][__main__][INFO] - [15, 21], [16]
[2025-01-29 13:12:34,625][__main__][INFO] - [15, 23], [16]
[2025-01-29 13:12:34,648][__main__][INFO] - [15, 24], [16]
[2025-01-29 23:42:11,918][__main__][INFO] - In total, there are 1229 possible subgroups
[2025-01-29 23:42:11,948][__main__][INFO] - [0], []
[2025-01-29 23:42:12,132][__main__][INFO] - [1], []
[2025-01-29 23:42:12,367][__main__][INFO] - [2], []
[2025-01-29 23:42:12,594][__main__][INFO] - [3], []
[2025-01-29 23:42:12,774][__main__][INFO] - [4], []
[2025-01-29 23:42:12,992][__main__][INFO] - [5], []
[2025-01-29 23:42:13,183][__main__][INFO] - [6], []
[2025-01-29 23:42:13,267][__main__][INFO] - [7], []
[2025-01-29 23:42:13,305][__main__][INFO] - [8], []
[2025-01-29 23:42:13,327][__main__][INFO] - [9], []
[2025-01-29 23:42:13,347][__main__][INFO] - [10], []
[2025-01-29 23:42:14,237][__main__][INFO] - [11], []
[2025-01-29 23:42:14,278][__main__][INFO] - [12], []
[2025-01-29 23:42:14,435][__main__][INFO] - [13], []
[2025-01-29 23:42:14,458][__main__][INFO] - [14], []
[2025-01-29 23:42:14,478][__main__][INFO] - [15], []
[2025-01-29 23:42:14,668][__main__][INFO] - [16], []
[2025-01-29 23:42:15,258][__main__][INFO] - [], [16]
[2025-01-29 23:42:15,920][__main__][INFO] - [17], []
[2025-01-29 23:42:16,056][__main__][INFO] - [18], []
[2025-01-29 23:42:16,840][__main__][INFO] - [19], []
[2025-01-29 23:42:16,894][__main__][INFO] - [20], []
[2025-01-29 23:42:16,949][__main__][INFO] - [21], []
[2025-01-29 23:42:16,972][__main__][INFO] - [22], []
[2025-01-29 23:42:16,993][__main__][INFO] - [23], []
[2025-01-29 23:42:17,182][__main__][INFO] - [24], []
[2025-01-29 23:42:17,202][__main__][INFO] - [25], []
[2025-01-29 23:42:17,253][__main__][INFO] - [0, 10], []
[2025-01-29 23:42:17,415][__main__][INFO] - [0, 11], []
[2025-01-29 23:42:17,438][__main__][INFO] - [0, 12], []
[2025-01-29 23:42:17,465][__main__][INFO] - [0, 13], []
[2025-01-29 23:42:17,487][__main__][INFO] - [0, 14], []
[2025-01-29 23:42:17,509][__main__][INFO] - [0, 15], []
[2025-01-29 23:42:17,539][__main__][INFO] - [0, 16], []
[2025-01-29 23:42:17,634][__main__][INFO] - [0], [16]
[2025-01-29 23:42:17,734][__main__][INFO] - [0, 17], []
[2025-01-29 23:42:17,775][__main__][INFO] - [0, 18], []
[2025-01-29 23:42:17,888][__main__][INFO] - [0, 19], []
[2025-01-29 23:42:17,918][__main__][INFO] - [0, 20], []
[2025-01-29 23:42:17,945][__main__][INFO] - [0, 21], []
[2025-01-29 23:42:17,967][__main__][INFO] - [0, 22], []
[2025-01-29 23:42:17,993][__main__][INFO] - [0, 23], []
[2025-01-29 23:42:18,030][__main__][INFO] - [0, 24], []
[2025-01-29 23:42:18,082][__main__][INFO] - [1, 10], []
[2025-01-29 23:42:18,273][__main__][INFO] - [1, 11], []
[2025-01-29 23:42:18,297][__main__][INFO] - [1, 12], []
[2025-01-29 23:42:18,334][__main__][INFO] - [1, 13], []
[2025-01-29 23:42:18,356][__main__][INFO] - [1, 14], []
[2025-01-29 23:42:18,378][__main__][INFO] - [1, 15], []
[2025-01-29 23:42:18,418][__main__][INFO] - [1, 16], []
[2025-01-29 23:42:18,533][__main__][INFO] - [1], [16]
[2025-01-29 23:42:18,660][__main__][INFO] - [1, 17], []
[2025-01-29 23:42:18,705][__main__][INFO] - [1, 18], []
[2025-01-29 23:42:18,847][__main__][INFO] - [1, 19], []
[2025-01-29 23:42:18,877][__main__][INFO] - [1, 20], []
[2025-01-29 23:42:18,905][__main__][INFO] - [1, 21], []
[2025-01-29 23:42:18,928][__main__][INFO] - [1, 22], []
[2025-01-29 23:42:18,950][__main__][INFO] - [1, 23], []
[2025-01-29 23:42:18,999][__main__][INFO] - [1, 24], []
[2025-01-29 23:42:19,051][__main__][INFO] - [2, 10], []
[2025-01-29 23:42:19,203][__main__][INFO] - [2, 11], []
[2025-01-29 23:42:19,228][__main__][INFO] - [2, 12], []
[2025-01-29 23:42:19,274][__main__][INFO] - [2, 13], []
[2025-01-29 23:42:19,297][__main__][INFO] - [2, 14], []
[2025-01-29 23:42:19,319][__main__][INFO] - [2, 15], []
[2025-01-29 23:42:19,369][__main__][INFO] - [2, 16], []
[2025-01-29 23:42:19,477][__main__][INFO] - [2], [16]
[2025-01-29 23:42:19,602][__main__][INFO] - [2, 17], []
[2025-01-29 23:42:19,644][__main__][INFO] - [2, 18], []
[2025-01-29 23:42:19,780][__main__][INFO] - [2, 19], []
[2025-01-29 23:42:19,808][__main__][INFO] - [2, 20], []
[2025-01-29 23:42:19,835][__main__][INFO] - [2, 21], []
[2025-01-29 23:42:19,857][__main__][INFO] - [2, 22], []
[2025-01-29 23:42:19,879][__main__][INFO] - [2, 23], []
[2025-01-29 23:42:19,932][__main__][INFO] - [2, 24], []
[2025-01-29 23:42:19,983][__main__][INFO] - [3, 10], []
[2025-01-29 23:42:20,091][__main__][INFO] - [3, 11], []
[2025-01-29 23:42:20,116][__main__][INFO] - [3, 12], []
[2025-01-29 23:42:20,161][__main__][INFO] - [3, 13], []
[2025-01-29 23:42:20,184][__main__][INFO] - [3, 14], []
[2025-01-29 23:42:20,206][__main__][INFO] - [3, 15], []
[2025-01-29 23:42:20,258][__main__][INFO] - [3, 16], []
[2025-01-29 23:42:20,347][__main__][INFO] - [3], [16]
[2025-01-29 23:42:20,447][__main__][INFO] - [3, 17], []
[2025-01-29 23:42:20,484][__main__][INFO] - [3, 18], []
[2025-01-29 23:42:20,594][__main__][INFO] - [3, 19], []
[2025-01-29 23:42:20,619][__main__][INFO] - [3, 20], []
[2025-01-29 23:42:20,645][__main__][INFO] - [3, 21], []
[2025-01-29 23:42:20,668][__main__][INFO] - [3, 22], []
[2025-01-29 23:42:20,690][__main__][INFO] - [3, 23], []
[2025-01-29 23:42:20,737][__main__][INFO] - [3, 24], []
[2025-01-29 23:42:20,788][__main__][INFO] - [4, 10], []
[2025-01-29 23:42:20,922][__main__][INFO] - [4, 11], []
[2025-01-29 23:42:20,948][__main__][INFO] - [4, 12], []
[2025-01-29 23:42:20,998][__main__][INFO] - [4, 13], []
[2025-01-29 23:42:21,020][__main__][INFO] - [4, 14], []
[2025-01-29 23:42:21,042][__main__][INFO] - [4, 15], []
[2025-01-29 23:42:21,102][__main__][INFO] - [4, 16], []
[2025-01-29 23:42:21,212][__main__][INFO] - [4], [16]
[2025-01-29 23:42:21,333][__main__][INFO] - [4, 17], []
[2025-01-29 23:42:21,372][__main__][INFO] - [4, 18], []
[2025-01-29 23:42:21,515][__main__][INFO] - [4, 19], []
[2025-01-29 23:42:21,540][__main__][INFO] - [4, 20], []
[2025-01-29 23:42:21,567][__main__][INFO] - [4, 21], []
[2025-01-29 23:42:21,590][__main__][INFO] - [4, 22], []
[2025-01-29 23:42:21,612][__main__][INFO] - [4, 23], []
[2025-01-29 23:42:21,662][__main__][INFO] - [4, 24], []
[2025-01-29 23:42:21,714][__main__][INFO] - [5, 10], []
[2025-01-29 23:42:21,842][__main__][INFO] - [5, 11], []
[2025-01-29 23:42:21,867][__main__][INFO] - [5, 12], []
[2025-01-29 23:42:21,912][__main__][INFO] - [5, 13], []
[2025-01-29 23:42:21,934][__main__][INFO] - [5, 14], []
[2025-01-29 23:42:21,957][__main__][INFO] - [5, 15], []
[2025-01-29 23:42:22,002][__main__][INFO] - [5, 16], []
[2025-01-29 23:42:22,099][__main__][INFO] - [5], [16]
[2025-01-29 23:42:22,205][__main__][INFO] - [5, 17], []
[2025-01-29 23:42:22,237][__main__][INFO] - [5, 18], []
[2025-01-29 23:42:22,370][__main__][INFO] - [5, 19], []
[2025-01-29 23:42:22,394][__main__][INFO] - [5, 20], []
[2025-01-29 23:42:22,421][__main__][INFO] - [5, 21], []
[2025-01-29 23:42:22,444][__main__][INFO] - [5, 22], []
[2025-01-29 23:42:22,466][__main__][INFO] - [5, 23], []
[2025-01-29 23:42:22,510][__main__][INFO] - [5, 24], []
[2025-01-29 23:42:22,562][__main__][INFO] - [6, 10], []
[2025-01-29 23:42:22,628][__main__][INFO] - [6, 11], []
[2025-01-29 23:42:22,651][__main__][INFO] - [6, 12], []
[2025-01-29 23:42:22,681][__main__][INFO] - [6, 13], []
[2025-01-29 23:42:22,703][__main__][INFO] - [6, 14], []
[2025-01-29 23:42:22,725][__main__][INFO] - [6, 15], []
[2025-01-29 23:42:22,753][__main__][INFO] - [6, 16], []
[2025-01-29 23:42:22,804][__main__][INFO] - [6], [16]
[2025-01-29 23:42:22,858][__main__][INFO] - [6, 17], []
[2025-01-29 23:42:22,882][__main__][INFO] - [6, 18], []
[2025-01-29 23:42:22,949][__main__][INFO] - [6, 19], []
[2025-01-29 23:42:22,971][__main__][INFO] - [6, 20], []
[2025-01-29 23:42:22,995][__main__][INFO] - [6, 21], []
[2025-01-29 23:42:23,017][__main__][INFO] - [6, 22], []
[2025-01-29 23:42:23,038][__main__][INFO] - [6, 23], []
[2025-01-29 23:42:23,068][__main__][INFO] - [6, 24], []
[2025-01-29 23:42:23,120][__main__][INFO] - [7, 10], []
[2025-01-29 23:42:23,156][__main__][INFO] - [7, 11], []
[2025-01-29 23:42:23,178][__main__][INFO] - [7, 12], []
[2025-01-29 23:42:23,201][__main__][INFO] - [7, 13], []
[2025-01-29 23:42:23,223][__main__][INFO] - [7, 14], []
[2025-01-29 23:42:23,245][__main__][INFO] - [7, 15], []
[2025-01-29 23:42:23,268][__main__][INFO] - [7, 16], []
[2025-01-29 23:42:23,297][__main__][INFO] - [7], [16]
[2025-01-29 23:42:23,329][__main__][INFO] - [7, 17], []
[2025-01-29 23:42:23,351][__main__][INFO] - [7, 18], []
[2025-01-29 23:42:23,387][__main__][INFO] - [7, 19], []
[2025-01-29 23:42:23,409][__main__][INFO] - [7, 20], []
[2025-01-29 23:42:23,431][__main__][INFO] - [7, 21], []
[2025-01-29 23:42:23,472][__main__][INFO] - [7, 23], []
[2025-01-29 23:42:23,540][__main__][INFO] - [8, 10], []
[2025-01-29 23:42:23,564][__main__][INFO] - [8, 11], []
[2025-01-29 23:42:23,586][__main__][INFO] - [8, 12], []
[2025-01-29 23:42:23,638][__main__][INFO] - [8, 15], []
[2025-01-29 23:42:23,660][__main__][INFO] - [8, 16], []
[2025-01-29 23:42:23,683][__main__][INFO] - [8], [16]
[2025-01-29 23:42:23,707][__main__][INFO] - [8, 17], []
[2025-01-29 23:42:23,728][__main__][INFO] - [8, 18], []
[2025-01-29 23:42:23,752][__main__][INFO] - [8, 19], []
[2025-01-29 23:42:23,774][__main__][INFO] - [8, 20], []
[2025-01-29 23:42:23,827][__main__][INFO] - [8, 23], []
[2025-01-29 23:42:23,894][__main__][INFO] - [9, 10], []
[2025-01-29 23:42:23,931][__main__][INFO] - [9, 12], []
[2025-01-29 23:42:23,998][__main__][INFO] - [9, 16], []
[2025-01-29 23:42:24,020][__main__][INFO] - [9], [16]
[2025-01-29 23:42:24,057][__main__][INFO] - [9, 18], []
[2025-01-29 23:42:24,140][__main__][INFO] - [9, 23], []
[2025-01-29 23:42:24,207][__main__][INFO] - [10, 16], []
[2025-01-29 23:42:24,614][__main__][INFO] - [10], [16]
[2025-01-29 23:42:25,062][__main__][INFO] - [10, 17], []
[2025-01-29 23:42:25,138][__main__][INFO] - [10, 18], []
[2025-01-29 23:42:25,765][__main__][INFO] - [10, 19], []
[2025-01-29 23:42:25,814][__main__][INFO] - [10, 20], []
[2025-01-29 23:42:25,868][__main__][INFO] - [10, 21], []
[2025-01-29 23:42:25,893][__main__][INFO] - [10, 22], []
[2025-01-29 23:42:25,915][__main__][INFO] - [10, 23], []
[2025-01-29 23:42:25,977][__main__][INFO] - [10, 24], []
[2025-01-29 23:42:26,000][__main__][INFO] - [10, 25], []
[2025-01-29 23:42:26,036][__main__][INFO] - [11, 16], []
[2025-01-29 23:42:26,066][__main__][INFO] - [11], [16]
[2025-01-29 23:42:26,099][__main__][INFO] - [11, 17], []
[2025-01-29 23:42:26,121][__main__][INFO] - [11, 18], []
[2025-01-29 23:42:26,162][__main__][INFO] - [11, 19], []
[2025-01-29 23:42:26,184][__main__][INFO] - [11, 20], []
[2025-01-29 23:42:26,236][__main__][INFO] - [11, 23], []
[2025-01-29 23:42:26,303][__main__][INFO] - [12, 16], []
[2025-01-29 23:42:26,387][__main__][INFO] - [12], [16]
[2025-01-29 23:42:26,473][__main__][INFO] - [12, 17], []
[2025-01-29 23:42:26,495][__main__][INFO] - [12, 18], []
[2025-01-29 23:42:26,525][__main__][INFO] - [12, 19], []
[2025-01-29 23:42:26,549][__main__][INFO] - [12, 20], []
[2025-01-29 23:42:26,601][__main__][INFO] - [12, 23], []
[2025-01-29 23:42:26,787][__main__][INFO] - [13, 16], []
[2025-01-29 23:42:26,810][__main__][INFO] - [13], [16]
[2025-01-29 23:42:26,834][__main__][INFO] - [13, 17], []
[2025-01-29 23:42:26,855][__main__][INFO] - [13, 18], []
[2025-01-29 23:42:26,878][__main__][INFO] - [13, 19], []
[2025-01-29 23:42:26,900][__main__][INFO] - [13, 20], []
[2025-01-29 23:42:26,954][__main__][INFO] - [13, 23], []
[2025-01-29 23:42:27,021][__main__][INFO] - [14, 16], []
[2025-01-29 23:42:27,043][__main__][INFO] - [14], [16]
[2025-01-29 23:42:27,081][__main__][INFO] - [14, 18], []
[2025-01-29 23:42:27,103][__main__][INFO] - [14, 19], []
[2025-01-29 23:42:27,156][__main__][INFO] - [14, 22], []
[2025-01-29 23:42:27,178][__main__][INFO] - [14, 23], []
[2025-01-29 23:42:27,245][__main__][INFO] - [15, 16], []
[2025-01-29 23:42:27,331][__main__][INFO] - [15], [16]
[2025-01-29 23:42:27,441][__main__][INFO] - [15, 17], []
[2025-01-29 23:42:27,519][__main__][INFO] - [15, 18], []
[2025-01-29 23:42:27,626][__main__][INFO] - [15, 19], []
[2025-01-29 23:42:27,650][__main__][INFO] - [15, 20], []
[2025-01-29 23:42:27,673][__main__][INFO] - [15, 21], []
[2025-01-29 23:42:27,695][__main__][INFO] - [15, 22], []
[2025-01-29 23:42:27,717][__main__][INFO] - [15, 23], []
[2025-01-29 23:42:27,739][__main__][INFO] - [15, 24], []
[2025-01-29 23:42:27,791][__main__][INFO] - [16, 17], []
[2025-01-29 23:42:27,859][__main__][INFO] - [16, 18], []
[2025-01-29 23:42:28,205][__main__][INFO] - [16, 19], []
[2025-01-29 23:42:28,243][__main__][INFO] - [16, 20], []
[2025-01-29 23:42:28,281][__main__][INFO] - [16, 21], []
[2025-01-29 23:42:28,304][__main__][INFO] - [16, 22], []
[2025-01-29 23:42:28,327][__main__][INFO] - [16, 23], []
[2025-01-29 23:42:28,427][__main__][INFO] - [16, 24], []
[2025-01-29 23:42:28,479][__main__][INFO] - [17], [16]
[2025-01-29 23:42:28,559][__main__][INFO] - [18], [16]
[2025-01-29 23:42:28,960][__main__][INFO] - [19], [16]
[2025-01-29 23:42:28,998][__main__][INFO] - [20], [16]
[2025-01-29 23:42:29,035][__main__][INFO] - [21], [16]
[2025-01-29 23:42:29,059][__main__][INFO] - [22], [16]
[2025-01-29 23:42:29,081][__main__][INFO] - [23], [16]
[2025-01-29 23:42:29,180][__main__][INFO] - [24], [16]
[2025-01-29 23:42:29,262][__main__][INFO] - [0, 10, 16], []
[2025-01-29 23:42:29,350][__main__][INFO] - [0, 10], [16]
[2025-01-29 23:42:29,440][__main__][INFO] - [0, 10, 17], []
[2025-01-29 23:42:29,480][__main__][INFO] - [0, 10, 18], []
[2025-01-29 23:42:29,586][__main__][INFO] - [0, 10, 19], []
[2025-01-29 23:42:29,618][__main__][INFO] - [0, 10, 20], []
[2025-01-29 23:42:29,647][__main__][INFO] - [0, 10, 21], []
[2025-01-29 23:42:29,671][__main__][INFO] - [0, 10, 22], []
[2025-01-29 23:42:29,694][__main__][INFO] - [0, 10, 23], []
[2025-01-29 23:42:29,729][__main__][INFO] - [0, 10, 24], []
[2025-01-29 23:42:29,784][__main__][INFO] - [0, 11, 16], []
[2025-01-29 23:42:29,808][__main__][INFO] - [0, 11], [16]
[2025-01-29 23:42:29,848][__main__][INFO] - [0, 11, 18], []
[2025-01-29 23:42:29,873][__main__][INFO] - [0, 11, 19], []
[2025-01-29 23:42:29,942][__main__][INFO] - [0, 11, 23], []
[2025-01-29 23:42:30,013][__main__][INFO] - [0, 12, 16], []
[2025-01-29 23:42:30,039][__main__][INFO] - [0, 12], [16]
[2025-01-29 23:42:30,082][__main__][INFO] - [0, 12, 18], []
[2025-01-29 23:42:30,106][__main__][INFO] - [0, 12, 19], []
[2025-01-29 23:42:30,177][__main__][INFO] - [0, 12, 23], []
[2025-01-29 23:42:30,252][__main__][INFO] - [0, 13, 16], []
[2025-01-29 23:42:30,276][__main__][INFO] - [0, 13], [16]
[2025-01-29 23:42:30,316][__main__][INFO] - [0, 13, 18], []
[2025-01-29 23:42:30,355][__main__][INFO] - [0, 13, 20], []
[2025-01-29 23:42:30,471][__main__][INFO] - [0, 14, 16], []
[2025-01-29 23:42:30,494][__main__][INFO] - [0, 14], [16]
[2025-01-29 23:42:30,534][__main__][INFO] - [0, 14, 18], []
[2025-01-29 23:42:30,603][__main__][INFO] - [0, 14, 22], []
[2025-01-29 23:42:30,689][__main__][INFO] - [0, 15, 16], []
[2025-01-29 23:42:30,716][__main__][INFO] - [0, 15], [16]
[2025-01-29 23:42:30,744][__main__][INFO] - [0, 15, 17], []
[2025-01-29 23:42:30,771][__main__][INFO] - [0, 15, 18], []
[2025-01-29 23:42:30,799][__main__][INFO] - [0, 15, 19], []
[2025-01-29 23:42:30,823][__main__][INFO] - [0, 15, 20], []
[2025-01-29 23:42:30,847][__main__][INFO] - [0, 15, 21], []
[2025-01-29 23:42:30,885][__main__][INFO] - [0, 15, 23], []
[2025-01-29 23:42:30,955][__main__][INFO] - [0, 16, 17], []
[2025-01-29 23:42:30,987][__main__][INFO] - [0, 16, 18], []
[2025-01-29 23:42:31,052][__main__][INFO] - [0, 16, 19], []
[2025-01-29 23:42:31,079][__main__][INFO] - [0, 16, 20], []
[2025-01-29 23:42:31,105][__main__][INFO] - [0, 16, 21], []
[2025-01-29 23:42:31,129][__main__][INFO] - [0, 16, 22], []
[2025-01-29 23:42:31,152][__main__][INFO] - [0, 16, 23], []
[2025-01-29 23:42:31,183][__main__][INFO] - [0, 16, 24], []
[2025-01-29 23:42:31,237][__main__][INFO] - [0, 17], [16]
[2025-01-29 23:42:31,270][__main__][INFO] - [0, 18], [16]
[2025-01-29 23:42:31,337][__main__][INFO] - [0, 19], [16]
[2025-01-29 23:42:31,365][__main__][INFO] - [0, 20], [16]
[2025-01-29 23:42:31,391][__main__][INFO] - [0, 21], [16]
[2025-01-29 23:42:31,416][__main__][INFO] - [0, 22], [16]
[2025-01-29 23:42:31,440][__main__][INFO] - [0, 23], [16]
[2025-01-29 23:42:31,471][__main__][INFO] - [0, 24], [16]
[2025-01-29 23:42:31,541][__main__][INFO] - [1, 10, 16], []
[2025-01-29 23:42:31,639][__main__][INFO] - [1, 10], [16]
[2025-01-29 23:42:31,744][__main__][INFO] - [1, 10, 17], []
[2025-01-29 23:42:31,784][__main__][INFO] - [1, 10, 18], []
[2025-01-29 23:42:31,910][__main__][INFO] - [1, 10, 19], []
[2025-01-29 23:42:31,941][__main__][INFO] - [1, 10, 20], []
[2025-01-29 23:42:31,971][__main__][INFO] - [1, 10, 21], []
[2025-01-29 23:42:31,996][__main__][INFO] - [1, 10, 22], []
[2025-01-29 23:42:32,020][__main__][INFO] - [1, 10, 23], []
[2025-01-29 23:42:32,057][__main__][INFO] - [1, 10, 24], []
[2025-01-29 23:42:32,112][__main__][INFO] - [1, 11, 16], []
[2025-01-29 23:42:32,137][__main__][INFO] - [1, 11], [16]
[2025-01-29 23:42:32,178][__main__][INFO] - [1, 11, 18], []
[2025-01-29 23:42:32,205][__main__][INFO] - [1, 11, 19], []
[2025-01-29 23:42:32,229][__main__][INFO] - [1, 11, 20], []
[2025-01-29 23:42:32,284][__main__][INFO] - [1, 11, 23], []
[2025-01-29 23:42:32,354][__main__][INFO] - [1, 12, 16], []
[2025-01-29 23:42:32,385][__main__][INFO] - [1, 12], [16]
[2025-01-29 23:42:32,432][__main__][INFO] - [1, 12, 18], []
[2025-01-29 23:42:32,457][__main__][INFO] - [1, 12, 19], []
[2025-01-29 23:42:32,528][__main__][INFO] - [1, 12, 23], []
[2025-01-29 23:42:32,612][__main__][INFO] - [1, 13, 16], []
[2025-01-29 23:42:32,636][__main__][INFO] - [1, 13], [16]
[2025-01-29 23:42:32,676][__main__][INFO] - [1, 13, 18], []
[2025-01-29 23:42:32,716][__main__][INFO] - [1, 13, 20], []
[2025-01-29 23:42:32,832][__main__][INFO] - [1, 14, 16], []
[2025-01-29 23:42:32,856][__main__][INFO] - [1, 14], [16]
[2025-01-29 23:42:32,896][__main__][INFO] - [1, 14, 18], []
[2025-01-29 23:42:32,967][__main__][INFO] - [1, 14, 22], []
[2025-01-29 23:42:32,991][__main__][INFO] - [1, 14, 23], []
[2025-01-29 23:42:33,061][__main__][INFO] - [1, 15, 16], []
[2025-01-29 23:42:33,092][__main__][INFO] - [1, 15], [16]
[2025-01-29 23:42:33,126][__main__][INFO] - [1, 15, 17], []
[2025-01-29 23:42:33,156][__main__][INFO] - [1, 15, 18], []
[2025-01-29 23:42:33,189][__main__][INFO] - [1, 15, 19], []
[2025-01-29 23:42:33,213][__main__][INFO] - [1, 15, 20], []
[2025-01-29 23:42:33,238][__main__][INFO] - [1, 15, 21], []
[2025-01-29 23:42:33,277][__main__][INFO] - [1, 15, 23], []
[2025-01-29 23:42:33,302][__main__][INFO] - [1, 15, 24], []
[2025-01-29 23:42:33,357][__main__][INFO] - [1, 16, 17], []
[2025-01-29 23:42:33,390][__main__][INFO] - [1, 16, 18], []
[2025-01-29 23:42:33,466][__main__][INFO] - [1, 16, 19], []
[2025-01-29 23:42:33,493][__main__][INFO] - [1, 16, 20], []
[2025-01-29 23:42:33,520][__main__][INFO] - [1, 16, 21], []
[2025-01-29 23:42:33,544][__main__][INFO] - [1, 16, 22], []
[2025-01-29 23:42:33,568][__main__][INFO] - [1, 16, 23], []
[2025-01-29 23:42:33,604][__main__][INFO] - [1, 16, 24], []
[2025-01-29 23:42:33,659][__main__][INFO] - [1, 17], [16]
[2025-01-29 23:42:33,694][__main__][INFO] - [1, 18], [16]
[2025-01-29 23:42:33,777][__main__][INFO] - [1, 19], [16]
[2025-01-29 23:42:33,805][__main__][INFO] - [1, 20], [16]
[2025-01-29 23:42:33,832][__main__][INFO] - [1, 21], [16]
[2025-01-29 23:42:33,857][__main__][INFO] - [1, 22], [16]
[2025-01-29 23:42:33,881][__main__][INFO] - [1, 23], [16]
[2025-01-29 23:42:33,918][__main__][INFO] - [1, 24], [16]
[2025-01-29 23:42:33,988][__main__][INFO] - [2, 10, 16], []
[2025-01-29 23:42:34,068][__main__][INFO] - [2, 10], [16]
[2025-01-29 23:42:34,158][__main__][INFO] - [2, 10, 17], []
[2025-01-29 23:42:34,191][__main__][INFO] - [2, 10, 18], []
[2025-01-29 23:42:34,303][__main__][INFO] - [2, 10, 19], []
[2025-01-29 23:42:34,332][__main__][INFO] - [2, 10, 20], []
[2025-01-29 23:42:34,360][__main__][INFO] - [2, 10, 21], []
[2025-01-29 23:42:34,385][__main__][INFO] - [2, 10, 22], []
[2025-01-29 23:42:34,409][__main__][INFO] - [2, 10, 23], []
[2025-01-29 23:42:34,442][__main__][INFO] - [2, 10, 24], []
[2025-01-29 23:42:34,497][__main__][INFO] - [2, 11, 16], []
[2025-01-29 23:42:34,522][__main__][INFO] - [2, 11], [16]
[2025-01-29 23:42:34,564][__main__][INFO] - [2, 11, 18], []
[2025-01-29 23:42:34,591][__main__][INFO] - [2, 11, 19], []
[2025-01-29 23:42:34,662][__main__][INFO] - [2, 11, 23], []
[2025-01-29 23:42:34,733][__main__][INFO] - [2, 12, 16], []
[2025-01-29 23:42:34,766][__main__][INFO] - [2, 12], [16]
[2025-01-29 23:42:34,817][__main__][INFO] - [2, 12, 18], []
[2025-01-29 23:42:34,843][__main__][INFO] - [2, 12, 19], []
[2025-01-29 23:42:34,914][__main__][INFO] - [2, 12, 23], []
[2025-01-29 23:42:35,004][__main__][INFO] - [2, 13, 16], []
[2025-01-29 23:42:35,029][__main__][INFO] - [2, 13], [16]
[2025-01-29 23:42:35,069][__main__][INFO] - [2, 13, 18], []
[2025-01-29 23:42:35,108][__main__][INFO] - [2, 13, 20], []
[2025-01-29 23:42:35,164][__main__][INFO] - [2, 13, 23], []
[2025-01-29 23:42:35,234][__main__][INFO] - [2, 14, 16], []
[2025-01-29 23:42:35,258][__main__][INFO] - [2, 14], [16]
[2025-01-29 23:42:35,298][__main__][INFO] - [2, 14, 18], []
[2025-01-29 23:42:35,369][__main__][INFO] - [2, 14, 22], []
[2025-01-29 23:42:35,393][__main__][INFO] - [2, 14, 23], []
[2025-01-29 23:42:35,463][__main__][INFO] - [2, 15, 16], []
[2025-01-29 23:42:35,498][__main__][INFO] - [2, 15], [16]
[2025-01-29 23:42:35,538][__main__][INFO] - [2, 15, 17], []
[2025-01-29 23:42:35,572][__main__][INFO] - [2, 15, 18], []
[2025-01-29 23:42:35,611][__main__][INFO] - [2, 15, 19], []
[2025-01-29 23:42:35,635][__main__][INFO] - [2, 15, 20], []
[2025-01-29 23:42:35,660][__main__][INFO] - [2, 15, 21], []
[2025-01-29 23:42:35,699][__main__][INFO] - [2, 15, 23], []
[2025-01-29 23:42:35,723][__main__][INFO] - [2, 15, 24], []
[2025-01-29 23:42:35,778][__main__][INFO] - [2, 16, 17], []
[2025-01-29 23:42:35,810][__main__][INFO] - [2, 16, 18], []
[2025-01-29 23:42:35,881][__main__][INFO] - [2, 16, 19], []
[2025-01-29 23:42:35,908][__main__][INFO] - [2, 16, 20], []
[2025-01-29 23:42:35,934][__main__][INFO] - [2, 16, 21], []
[2025-01-29 23:42:35,958][__main__][INFO] - [2, 16, 22], []
[2025-01-29 23:42:35,983][__main__][INFO] - [2, 16, 23], []
[2025-01-29 23:42:36,021][__main__][INFO] - [2, 16, 24], []
[2025-01-29 23:42:36,076][__main__][INFO] - [2, 17], [16]
[2025-01-29 23:42:36,110][__main__][INFO] - [2, 18], [16]
[2025-01-29 23:42:36,193][__main__][INFO] - [2, 19], [16]
[2025-01-29 23:42:36,220][__main__][INFO] - [2, 20], [16]
[2025-01-29 23:42:36,246][__main__][INFO] - [2, 21], [16]
[2025-01-29 23:42:36,270][__main__][INFO] - [2, 22], [16]
[2025-01-29 23:42:36,295][__main__][INFO] - [2, 23], [16]
[2025-01-29 23:42:36,332][__main__][INFO] - [2, 24], [16]
[2025-01-29 23:42:36,402][__main__][INFO] - [3, 10, 16], []
[2025-01-29 23:42:36,464][__main__][INFO] - [3, 10], [16]
[2025-01-29 23:42:36,530][__main__][INFO] - [3, 10, 17], []
[2025-01-29 23:42:36,558][__main__][INFO] - [3, 10, 18], []
[2025-01-29 23:42:36,644][__main__][INFO] - [3, 10, 19], []
[2025-01-29 23:42:36,670][__main__][INFO] - [3, 10, 20], []
[2025-01-29 23:42:36,698][__main__][INFO] - [3, 10, 21], []
[2025-01-29 23:42:36,723][__main__][INFO] - [3, 10, 22], []
[2025-01-29 23:42:36,747][__main__][INFO] - [3, 10, 23], []
[2025-01-29 23:42:36,775][__main__][INFO] - [3, 10, 24], []
[2025-01-29 23:42:36,830][__main__][INFO] - [3, 11, 16], []
[2025-01-29 23:42:36,855][__main__][INFO] - [3, 11], [16]
[2025-01-29 23:42:36,896][__main__][INFO] - [3, 11, 18], []
[2025-01-29 23:42:36,923][__main__][INFO] - [3, 11, 19], []
[2025-01-29 23:42:36,994][__main__][INFO] - [3, 11, 23], []
[2025-01-29 23:42:37,064][__main__][INFO] - [3, 12, 16], []
[2025-01-29 23:42:37,099][__main__][INFO] - [3, 12], [16]
[2025-01-29 23:42:37,150][__main__][INFO] - [3, 12, 18], []
[2025-01-29 23:42:37,175][__main__][INFO] - [3, 12, 19], []
[2025-01-29 23:42:37,246][__main__][INFO] - [3, 12, 23], []
[2025-01-29 23:42:37,337][__main__][INFO] - [3, 13, 16], []
[2025-01-29 23:42:37,361][__main__][INFO] - [3, 13], [16]
[2025-01-29 23:42:37,401][__main__][INFO] - [3, 13, 18], []
[2025-01-29 23:42:37,441][__main__][INFO] - [3, 13, 20], []
[2025-01-29 23:42:37,496][__main__][INFO] - [3, 13, 23], []
[2025-01-29 23:42:37,567][__main__][INFO] - [3, 14, 16], []
[2025-01-29 23:42:37,591][__main__][INFO] - [3, 14], [16]
[2025-01-29 23:42:37,631][__main__][INFO] - [3, 14, 18], []
[2025-01-29 23:42:37,655][__main__][INFO] - [3, 14, 19], []
[2025-01-29 23:42:37,710][__main__][INFO] - [3, 14, 22], []
[2025-01-29 23:42:37,734][__main__][INFO] - [3, 14, 23], []
[2025-01-29 23:42:37,804][__main__][INFO] - [3, 15, 16], []
[2025-01-29 23:42:37,841][__main__][INFO] - [3, 15], [16]
[2025-01-29 23:42:37,880][__main__][INFO] - [3, 15, 17], []
[2025-01-29 23:42:37,914][__main__][INFO] - [3, 15, 18], []
[2025-01-29 23:42:37,954][__main__][INFO] - [3, 15, 19], []
[2025-01-29 23:42:37,978][__main__][INFO] - [3, 15, 20], []
[2025-01-29 23:42:38,002][__main__][INFO] - [3, 15, 21], []
[2025-01-29 23:42:38,042][__main__][INFO] - [3, 15, 23], []
[2025-01-29 23:42:38,066][__main__][INFO] - [3, 15, 24], []
[2025-01-29 23:42:38,121][__main__][INFO] - [3, 16, 17], []
[2025-01-29 23:42:38,151][__main__][INFO] - [3, 16, 18], []
[2025-01-29 23:42:38,213][__main__][INFO] - [3, 16, 19], []
[2025-01-29 23:42:38,239][__main__][INFO] - [3, 16, 20], []
[2025-01-29 23:42:38,265][__main__][INFO] - [3, 16, 21], []
[2025-01-29 23:42:38,289][__main__][INFO] - [3, 16, 22], []
[2025-01-29 23:42:38,313][__main__][INFO] - [3, 16, 23], []
[2025-01-29 23:42:38,349][__main__][INFO] - [3, 16, 24], []
[2025-01-29 23:42:38,404][__main__][INFO] - [3, 17], [16]
[2025-01-29 23:42:38,435][__main__][INFO] - [3, 18], [16]
[2025-01-29 23:42:38,509][__main__][INFO] - [3, 19], [16]
[2025-01-29 23:42:38,535][__main__][INFO] - [3, 20], [16]
[2025-01-29 23:42:38,561][__main__][INFO] - [3, 21], [16]
[2025-01-29 23:42:38,586][__main__][INFO] - [3, 22], [16]
[2025-01-29 23:42:38,610][__main__][INFO] - [3, 23], [16]
[2025-01-29 23:42:38,646][__main__][INFO] - [3, 24], [16]
[2025-01-29 23:42:38,716][__main__][INFO] - [4, 10, 16], []
[2025-01-29 23:42:38,788][__main__][INFO] - [4, 10], [16]
[2025-01-29 23:42:38,869][__main__][INFO] - [4, 10, 17], []
[2025-01-29 23:42:38,896][__main__][INFO] - [4, 10, 18], []
[2025-01-29 23:42:39,008][__main__][INFO] - [4, 10, 19], []
[2025-01-29 23:42:39,034][__main__][INFO] - [4, 10, 20], []
[2025-01-29 23:42:39,063][__main__][INFO] - [4, 10, 21], []
[2025-01-29 23:42:39,088][__main__][INFO] - [4, 10, 22], []
[2025-01-29 23:42:39,112][__main__][INFO] - [4, 10, 23], []
[2025-01-29 23:42:39,139][__main__][INFO] - [4, 10, 24], []
[2025-01-29 23:42:39,194][__main__][INFO] - [4, 11, 16], []
[2025-01-29 23:42:39,219][__main__][INFO] - [4, 11], [16]
[2025-01-29 23:42:39,261][__main__][INFO] - [4, 11, 18], []
[2025-01-29 23:42:39,289][__main__][INFO] - [4, 11, 19], []
[2025-01-29 23:42:39,313][__main__][INFO] - [4, 11, 20], []
[2025-01-29 23:42:39,368][__main__][INFO] - [4, 11, 23], []
[2025-01-29 23:42:39,439][__main__][INFO] - [4, 12, 16], []
[2025-01-29 23:42:39,476][__main__][INFO] - [4, 12], [16]
[2025-01-29 23:42:39,528][__main__][INFO] - [4, 12, 18], []
[2025-01-29 23:42:39,554][__main__][INFO] - [4, 12, 19], []
[2025-01-29 23:42:39,625][__main__][INFO] - [4, 12, 23], []
[2025-01-29 23:42:39,720][__main__][INFO] - [4, 13, 16], []
[2025-01-29 23:42:39,745][__main__][INFO] - [4, 13], [16]
[2025-01-29 23:42:39,784][__main__][INFO] - [4, 13, 18], []
[2025-01-29 23:42:39,824][__main__][INFO] - [4, 13, 20], []
[2025-01-29 23:42:39,880][__main__][INFO] - [4, 13, 23], []
[2025-01-29 23:42:39,950][__main__][INFO] - [4, 14, 16], []
[2025-01-29 23:42:39,975][__main__][INFO] - [4, 14], [16]
[2025-01-29 23:42:40,014][__main__][INFO] - [4, 14, 18], []
[2025-01-29 23:42:40,038][__main__][INFO] - [4, 14, 19], []
[2025-01-29 23:42:40,094][__main__][INFO] - [4, 14, 22], []
[2025-01-29 23:42:40,180][__main__][INFO] - [4, 15, 16], []
[2025-01-29 23:42:40,219][__main__][INFO] - [4, 15], [16]
[2025-01-29 23:42:40,262][__main__][INFO] - [4, 15, 17], []
[2025-01-29 23:42:40,300][__main__][INFO] - [4, 15, 18], []
[2025-01-29 23:42:40,343][__main__][INFO] - [4, 15, 19], []
[2025-01-29 23:42:40,368][__main__][INFO] - [4, 15, 20], []
[2025-01-29 23:42:40,392][__main__][INFO] - [4, 15, 21], []
[2025-01-29 23:42:40,432][__main__][INFO] - [4, 15, 23], []
[2025-01-29 23:42:40,456][__main__][INFO] - [4, 15, 24], []
[2025-01-29 23:42:40,511][__main__][INFO] - [4, 16, 17], []
[2025-01-29 23:42:40,542][__main__][INFO] - [4, 16, 18], []
[2025-01-29 23:42:40,616][__main__][INFO] - [4, 16, 19], []
[2025-01-29 23:42:40,642][__main__][INFO] - [4, 16, 20], []
[2025-01-29 23:42:40,669][__main__][INFO] - [4, 16, 21], []
[2025-01-29 23:42:40,693][__main__][INFO] - [4, 16, 22], []
[2025-01-29 23:42:40,717][__main__][INFO] - [4, 16, 23], []
[2025-01-29 23:42:40,755][__main__][INFO] - [4, 16, 24], []
[2025-01-29 23:42:40,810][__main__][INFO] - [4, 17], [16]
[2025-01-29 23:42:40,843][__main__][INFO] - [4, 18], [16]
[2025-01-29 23:42:40,928][__main__][INFO] - [4, 19], [16]
[2025-01-29 23:42:40,954][__main__][INFO] - [4, 20], [16]
[2025-01-29 23:42:40,981][__main__][INFO] - [4, 21], [16]
[2025-01-29 23:42:41,005][__main__][INFO] - [4, 22], [16]
[2025-01-29 23:42:41,030][__main__][INFO] - [4, 23], [16]
[2025-01-29 23:42:41,067][__main__][INFO] - [4, 24], [16]
[2025-01-29 23:42:41,136][__main__][INFO] - [5, 10, 16], []
[2025-01-29 23:42:41,208][__main__][INFO] - [5, 10], [16]
[2025-01-29 23:42:41,285][__main__][INFO] - [5, 10, 17], []
[2025-01-29 23:42:41,311][__main__][INFO] - [5, 10, 18], []
[2025-01-29 23:42:41,424][__main__][INFO] - [5, 10, 19], []
[2025-01-29 23:42:41,449][__main__][INFO] - [5, 10, 20], []
[2025-01-29 23:42:41,478][__main__][INFO] - [5, 10, 21], []
[2025-01-29 23:42:41,502][__main__][INFO] - [5, 10, 22], []
[2025-01-29 23:42:41,526][__main__][INFO] - [5, 10, 23], []
[2025-01-29 23:42:41,552][__main__][INFO] - [5, 10, 24], []
[2025-01-29 23:42:41,607][__main__][INFO] - [5, 11, 16], []
[2025-01-29 23:42:41,633][__main__][INFO] - [5, 11], [16]
[2025-01-29 23:42:41,674][__main__][INFO] - [5, 11, 18], []
[2025-01-29 23:42:41,702][__main__][INFO] - [5, 11, 19], []
[2025-01-29 23:42:41,835][__main__][INFO] - [5, 12, 16], []
[2025-01-29 23:42:41,869][__main__][INFO] - [5, 12], [16]
[2025-01-29 23:42:41,920][__main__][INFO] - [5, 12, 18], []
[2025-01-29 23:42:41,945][__main__][INFO] - [5, 12, 19], []
[2025-01-29 23:42:42,016][__main__][INFO] - [5, 12, 23], []
[2025-01-29 23:42:42,107][__main__][INFO] - [5, 13, 16], []
[2025-01-29 23:42:42,131][__main__][INFO] - [5, 13], [16]
[2025-01-29 23:42:42,171][__main__][INFO] - [5, 13, 18], []
[2025-01-29 23:42:42,210][__main__][INFO] - [5, 13, 20], []
[2025-01-29 23:42:42,266][__main__][INFO] - [5, 13, 23], []
[2025-01-29 23:42:42,336][__main__][INFO] - [5, 14, 16], []
[2025-01-29 23:42:42,360][__main__][INFO] - [5, 14], [16]
[2025-01-29 23:42:42,400][__main__][INFO] - [5, 14, 18], []
[2025-01-29 23:42:42,424][__main__][INFO] - [5, 14, 19], []
[2025-01-29 23:42:42,479][__main__][INFO] - [5, 14, 22], []
[2025-01-29 23:42:42,503][__main__][INFO] - [5, 14, 23], []
[2025-01-29 23:42:42,574][__main__][INFO] - [5, 15, 16], []
[2025-01-29 23:42:42,607][__main__][INFO] - [5, 15], [16]
[2025-01-29 23:42:42,644][__main__][INFO] - [5, 15, 17], []
[2025-01-29 23:42:42,675][__main__][INFO] - [5, 15, 18], []
[2025-01-29 23:42:42,712][__main__][INFO] - [5, 15, 19], []
[2025-01-29 23:42:42,736][__main__][INFO] - [5, 15, 20], []
[2025-01-29 23:42:42,761][__main__][INFO] - [5, 15, 21], []
[2025-01-29 23:42:42,800][__main__][INFO] - [5, 15, 23], []
[2025-01-29 23:42:42,825][__main__][INFO] - [5, 15, 24], []
[2025-01-29 23:42:42,879][__main__][INFO] - [5, 16, 17], []
[2025-01-29 23:42:42,907][__main__][INFO] - [5, 16, 18], []
[2025-01-29 23:42:42,979][__main__][INFO] - [5, 16, 19], []
[2025-01-29 23:42:43,004][__main__][INFO] - [5, 16, 20], []
[2025-01-29 23:42:43,031][__main__][INFO] - [5, 16, 21], []
[2025-01-29 23:42:43,055][__main__][INFO] - [5, 16, 22], []
[2025-01-29 23:42:43,079][__main__][INFO] - [5, 16, 23], []
[2025-01-29 23:42:43,114][__main__][INFO] - [5, 16, 24], []
[2025-01-29 23:42:43,169][__main__][INFO] - [5, 17], [16]
[2025-01-29 23:42:43,198][__main__][INFO] - [5, 18], [16]
[2025-01-29 23:42:43,278][__main__][INFO] - [5, 19], [16]
[2025-01-29 23:42:43,304][__main__][INFO] - [5, 20], [16]
[2025-01-29 23:42:43,330][__main__][INFO] - [5, 21], [16]
[2025-01-29 23:42:43,354][__main__][INFO] - [5, 22], [16]
[2025-01-29 23:42:43,379][__main__][INFO] - [5, 23], [16]
[2025-01-29 23:42:43,413][__main__][INFO] - [5, 24], [16]
[2025-01-29 23:42:43,483][__main__][INFO] - [6, 10, 16], []
[2025-01-29 23:42:43,526][__main__][INFO] - [6, 10], [16]
[2025-01-29 23:42:43,572][__main__][INFO] - [6, 10, 17], []
[2025-01-29 23:42:43,596][__main__][INFO] - [6, 10, 18], []
[2025-01-29 23:42:43,658][__main__][INFO] - [6, 10, 19], []
[2025-01-29 23:42:43,682][__main__][INFO] - [6, 10, 20], []
[2025-01-29 23:42:43,708][__main__][INFO] - [6, 10, 21], []
[2025-01-29 23:42:43,732][__main__][INFO] - [6, 10, 22], []
[2025-01-29 23:42:43,756][__main__][INFO] - [6, 10, 23], []
[2025-01-29 23:42:43,828][__main__][INFO] - [6, 11, 16], []
[2025-01-29 23:42:43,852][__main__][INFO] - [6, 11], [16]
[2025-01-29 23:42:43,892][__main__][INFO] - [6, 11, 18], []
[2025-01-29 23:42:44,042][__main__][INFO] - [6, 12, 16], []
[2025-01-29 23:42:44,069][__main__][INFO] - [6, 12], [16]
[2025-01-29 23:42:44,111][__main__][INFO] - [6, 12, 18], []
[2025-01-29 23:42:44,136][__main__][INFO] - [6, 12, 19], []
[2025-01-29 23:42:44,205][__main__][INFO] - [6, 12, 23], []
[2025-01-29 23:42:44,282][__main__][INFO] - [6, 13, 16], []
[2025-01-29 23:42:44,306][__main__][INFO] - [6, 13], [16]
[2025-01-29 23:42:44,346][__main__][INFO] - [6, 13, 18], []
[2025-01-29 23:42:44,386][__main__][INFO] - [6, 13, 20], []
[2025-01-29 23:42:44,518][__main__][INFO] - [6, 14], [16]
[2025-01-29 23:42:44,697][__main__][INFO] - [6, 15, 16], []
[2025-01-29 23:42:44,723][__main__][INFO] - [6, 15], [16]
[2025-01-29 23:42:44,751][__main__][INFO] - [6, 15, 17], []
[2025-01-29 23:42:44,776][__main__][INFO] - [6, 15, 18], []
[2025-01-29 23:42:44,804][__main__][INFO] - [6, 15, 19], []
[2025-01-29 23:42:44,828][__main__][INFO] - [6, 15, 20], []
[2025-01-29 23:42:44,883][__main__][INFO] - [6, 15, 23], []
[2025-01-29 23:42:44,953][__main__][INFO] - [6, 16, 17], []
[2025-01-29 23:42:44,978][__main__][INFO] - [6, 16, 18], []
[2025-01-29 23:42:45,021][__main__][INFO] - [6, 16, 19], []
[2025-01-29 23:42:45,045][__main__][INFO] - [6, 16, 20], []
[2025-01-29 23:42:45,070][__main__][INFO] - [6, 16, 21], []
[2025-01-29 23:42:45,094][__main__][INFO] - [6, 16, 22], []
[2025-01-29 23:42:45,118][__main__][INFO] - [6, 16, 23], []
[2025-01-29 23:42:45,192][__main__][INFO] - [6, 17], [16]
[2025-01-29 23:42:45,217][__main__][INFO] - [6, 18], [16]
[2025-01-29 23:42:45,264][__main__][INFO] - [6, 19], [16]
[2025-01-29 23:42:45,288][__main__][INFO] - [6, 20], [16]
[2025-01-29 23:42:45,313][__main__][INFO] - [6, 21], [16]
[2025-01-29 23:42:45,337][__main__][INFO] - [6, 22], [16]
[2025-01-29 23:42:45,361][__main__][INFO] - [6, 23], [16]
[2025-01-29 23:42:45,450][__main__][INFO] - [7, 10, 16], []
[2025-01-29 23:42:45,480][__main__][INFO] - [7, 10], [16]
[2025-01-29 23:42:45,512][__main__][INFO] - [7, 10, 17], []
[2025-01-29 23:42:45,536][__main__][INFO] - [7, 10, 18], []
[2025-01-29 23:42:45,573][__main__][INFO] - [7, 10, 19], []
[2025-01-29 23:42:45,597][__main__][INFO] - [7, 10, 20], []
[2025-01-29 23:42:45,621][__main__][INFO] - [7, 10, 21], []
[2025-01-29 23:42:45,661][__main__][INFO] - [7, 10, 23], []
[2025-01-29 23:42:45,731][__main__][INFO] - [7, 11, 16], []
[2025-01-29 23:42:45,756][__main__][INFO] - [7, 11], [16]
[2025-01-29 23:42:45,796][__main__][INFO] - [7, 11, 18], []
[2025-01-29 23:42:45,944][__main__][INFO] - [7, 12, 16], []
[2025-01-29 23:42:45,969][__main__][INFO] - [7, 12], [16]
[2025-01-29 23:42:46,009][__main__][INFO] - [7, 12, 18], []
[2025-01-29 23:42:46,033][__main__][INFO] - [7, 12, 19], []
[2025-01-29 23:42:46,104][__main__][INFO] - [7, 12, 23], []
[2025-01-29 23:42:46,191][__main__][INFO] - [7, 13], [16]
[2025-01-29 23:42:46,231][__main__][INFO] - [7, 13, 18], []
[2025-01-29 23:42:46,565][__main__][INFO] - [7, 15, 16], []
[2025-01-29 23:42:46,589][__main__][INFO] - [7, 15], [16]
[2025-01-29 23:42:46,613][__main__][INFO] - [7, 15, 17], []
[2025-01-29 23:42:46,637][__main__][INFO] - [7, 15, 18], []
[2025-01-29 23:42:46,662][__main__][INFO] - [7, 15, 19], []
[2025-01-29 23:42:46,792][__main__][INFO] - [7, 16, 17], []
[2025-01-29 23:42:46,816][__main__][INFO] - [7, 16, 18], []
[2025-01-29 23:42:46,848][__main__][INFO] - [7, 16, 19], []
[2025-01-29 23:42:46,874][__main__][INFO] - [7, 16, 20], []
[2025-01-29 23:42:46,898][__main__][INFO] - [7, 16, 21], []
[2025-01-29 23:42:46,938][__main__][INFO] - [7, 16, 23], []
[2025-01-29 23:42:47,009][__main__][INFO] - [7, 17], [16]
[2025-01-29 23:42:47,034][__main__][INFO] - [7, 18], [16]
[2025-01-29 23:42:47,067][__main__][INFO] - [7, 19], [16]
[2025-01-29 23:42:47,091][__main__][INFO] - [7, 20], [16]
[2025-01-29 23:42:47,115][__main__][INFO] - [7, 21], [16]
[2025-01-29 23:42:47,155][__main__][INFO] - [7, 23], [16]
[2025-01-29 23:42:47,240][__main__][INFO] - [8, 10, 16], []
[2025-01-29 23:42:47,266][__main__][INFO] - [8, 10], [16]
[2025-01-29 23:42:47,307][__main__][INFO] - [8, 10, 18], []
[2025-01-29 23:42:47,334][__main__][INFO] - [8, 10, 19], []
[2025-01-29 23:42:47,358][__main__][INFO] - [8, 10, 20], []
[2025-01-29 23:42:47,413][__main__][INFO] - [8, 10, 23], []
[2025-01-29 23:42:47,484][__main__][INFO] - [8, 11, 16], []
[2025-01-29 23:42:47,508][__main__][INFO] - [8, 11], [16]
[2025-01-29 23:42:47,548][__main__][INFO] - [8, 11, 18], []
[2025-01-29 23:42:47,695][__main__][INFO] - [8, 12, 16], []
[2025-01-29 23:42:47,720][__main__][INFO] - [8, 12], [16]
[2025-01-29 23:42:47,759][__main__][INFO] - [8, 12, 18], []
[2025-01-29 23:42:47,845][__main__][INFO] - [8, 12, 23], []
[2025-01-29 23:42:47,946][__main__][INFO] - [8, 15, 16], []
[2025-01-29 23:42:47,970][__main__][INFO] - [8, 15], [16]
[2025-01-29 23:42:48,010][__main__][INFO] - [8, 15, 18], []
[2025-01-29 23:42:48,173][__main__][INFO] - [8, 16, 18], []
[2025-01-29 23:42:48,198][__main__][INFO] - [8, 16, 19], []
[2025-01-29 23:42:48,222][__main__][INFO] - [8, 16, 20], []
[2025-01-29 23:42:48,277][__main__][INFO] - [8, 16, 23], []
[2025-01-29 23:42:48,347][__main__][INFO] - [8, 17], [16]
[2025-01-29 23:42:48,371][__main__][INFO] - [8, 18], [16]
[2025-01-29 23:42:48,397][__main__][INFO] - [8, 19], [16]
[2025-01-29 23:42:48,421][__main__][INFO] - [8, 20], [16]
[2025-01-29 23:42:48,476][__main__][INFO] - [8, 23], [16]
[2025-01-29 23:42:48,562][__main__][INFO] - [9, 10, 16], []
[2025-01-29 23:42:48,586][__main__][INFO] - [9, 10], [16]
[2025-01-29 23:42:48,626][__main__][INFO] - [9, 10, 18], []
[2025-01-29 23:42:49,036][__main__][INFO] - [9, 16, 18], []
[2025-01-29 23:42:49,197][__main__][INFO] - [9, 18], [16]
[2025-01-29 23:42:49,357][__main__][INFO] - [10, 16, 17], []
[2025-01-29 23:42:49,405][__main__][INFO] - [10, 16, 18], []
[2025-01-29 23:42:49,696][__main__][INFO] - [10, 16, 19], []
[2025-01-29 23:42:49,733][__main__][INFO] - [10, 16, 20], []
[2025-01-29 23:42:49,772][__main__][INFO] - [10, 16, 21], []
[2025-01-29 23:42:49,797][__main__][INFO] - [10, 16, 22], []
[2025-01-29 23:42:49,822][__main__][INFO] - [10, 16, 23], []
[2025-01-29 23:42:49,865][__main__][INFO] - [10, 16, 24], []
[2025-01-29 23:42:49,920][__main__][INFO] - [10, 17], [16]
[2025-01-29 23:42:49,969][__main__][INFO] - [10, 18], [16]
[2025-01-29 23:42:50,295][__main__][INFO] - [10, 19], [16]
[2025-01-29 23:42:50,332][__main__][INFO] - [10, 20], [16]
[2025-01-29 23:42:50,371][__main__][INFO] - [10, 21], [16]
[2025-01-29 23:42:50,396][__main__][INFO] - [10, 22], [16]
[2025-01-29 23:42:50,421][__main__][INFO] - [10, 23], [16]
[2025-01-29 23:42:50,463][__main__][INFO] - [10, 24], [16]
[2025-01-29 23:42:50,533][__main__][INFO] - [11, 16, 17], []
[2025-01-29 23:42:50,557][__main__][INFO] - [11, 16, 18], []
[2025-01-29 23:42:50,588][__main__][INFO] - [11, 16, 19], []
[2025-01-29 23:42:50,612][__main__][INFO] - [11, 16, 20], []
[2025-01-29 23:42:50,667][__main__][INFO] - [11, 16, 23], []
[2025-01-29 23:42:50,737][__main__][INFO] - [11, 17], [16]
[2025-01-29 23:42:50,762][__main__][INFO] - [11, 18], [16]
[2025-01-29 23:42:50,796][__main__][INFO] - [11, 19], [16]
[2025-01-29 23:42:50,820][__main__][INFO] - [11, 20], [16]
[2025-01-29 23:42:50,875][__main__][INFO] - [11, 23], [16]
[2025-01-29 23:42:50,960][__main__][INFO] - [12, 16, 17], []
[2025-01-29 23:42:50,984][__main__][INFO] - [12, 16, 18], []
[2025-01-29 23:42:51,011][__main__][INFO] - [12, 16, 19], []
[2025-01-29 23:42:51,082][__main__][INFO] - [12, 16, 23], []
[2025-01-29 23:42:51,208][__main__][INFO] - [12, 17], [16]
[2025-01-29 23:42:51,232][__main__][INFO] - [12, 18], [16]
[2025-01-29 23:42:51,261][__main__][INFO] - [12, 19], [16]
[2025-01-29 23:42:51,332][__main__][INFO] - [12, 23], [16]
[2025-01-29 23:42:51,488][__main__][INFO] - [13, 16, 18], []
[2025-01-29 23:42:51,512][__main__][INFO] - [13, 16, 19], []
[2025-01-29 23:42:51,536][__main__][INFO] - [13, 16, 20], []
[2025-01-29 23:42:51,592][__main__][INFO] - [13, 16, 23], []
[2025-01-29 23:42:51,678][__main__][INFO] - [13, 18], [16]
[2025-01-29 23:42:51,703][__main__][INFO] - [13, 19], [16]
[2025-01-29 23:42:51,726][__main__][INFO] - [13, 20], [16]
[2025-01-29 23:42:51,781][__main__][INFO] - [13, 23], [16]
[2025-01-29 23:42:51,880][__main__][INFO] - [14, 16, 18], []
[2025-01-29 23:42:51,904][__main__][INFO] - [14, 16, 19], []
[2025-01-29 23:42:51,959][__main__][INFO] - [14, 16, 22], []
[2025-01-29 23:42:51,983][__main__][INFO] - [14, 16, 23], []
[2025-01-29 23:42:52,069][__main__][INFO] - [14, 18], [16]
[2025-01-29 23:42:52,093][__main__][INFO] - [14, 19], [16]
[2025-01-29 23:42:52,148][__main__][INFO] - [14, 22], [16]
[2025-01-29 23:42:52,173][__main__][INFO] - [14, 23], [16]
[2025-01-29 23:42:52,258][__main__][INFO] - [15, 16, 17], []
[2025-01-29 23:42:52,303][__main__][INFO] - [15, 16, 18], []
[2025-01-29 23:42:52,360][__main__][INFO] - [15, 16, 19], []
[2025-01-29 23:42:52,385][__main__][INFO] - [15, 16, 20], []
[2025-01-29 23:42:52,409][__main__][INFO] - [15, 16, 21], []
[2025-01-29 23:42:52,449][__main__][INFO] - [15, 16, 23], []
[2025-01-29 23:42:52,473][__main__][INFO] - [15, 16, 24], []
[2025-01-29 23:42:52,529][__main__][INFO] - [15, 17], [16]
[2025-01-29 23:42:52,583][__main__][INFO] - [15, 18], [16]
[2025-01-29 23:42:52,651][__main__][INFO] - [15, 19], [16]
[2025-01-29 23:42:52,676][__main__][INFO] - [15, 20], [16]
[2025-01-29 23:42:52,700][__main__][INFO] - [15, 21], [16]
[2025-01-29 23:42:52,740][__main__][INFO] - [15, 23], [16]
[2025-01-29 23:42:52,764][__main__][INFO] - [15, 24], [16]
