[2025-01-29 09:43:28,348][gurobipy][INFO] - Set parameter TimeLimit to value 600
[2025-01-29 09:43:28,354][gurobipy][INFO] - Gurobi Optimizer version 11.0.2 build v11.0.2rc0 (linux64)
[2025-01-29 09:43:28,354][gurobipy][INFO] - 
[2025-01-29 09:43:28,365][gurobipy][INFO] - CPU model: Intel(R) Xeon(R) Gold 6136 CPU @ 3.00GHz, instruction set [SSE2|AVX|AVX2|AVX512]
[2025-01-29 09:43:28,365][gurobipy][INFO] - Thread count: 24 physical cores, 48 logical processors, using up to 24 threads
[2025-01-29 09:43:28,366][gurobipy][INFO] - 
[2025-01-29 09:43:28,366][gurobipy][INFO] - Optimize a model with 24020 rows, 559 columns and 61324 nonzeros
[2025-01-29 09:43:28,366][gurobipy][INFO] - Model fingerprint: 0xc4d4b3eb
[2025-01-29 09:43:28,366][gurobipy][INFO] - Variable types: 512 continuous, 47 integer (47 binary)
[2025-01-29 09:43:28,366][gurobipy][INFO] - Coefficient statistics:
[2025-01-29 09:43:28,366][gurobipy][INFO] -   Matrix range     [2e-03, 2e+00]
[2025-01-29 09:43:28,366][gurobipy][INFO] -   Objective range  [1e+00, 1e+00]
[2025-01-29 09:43:28,366][gurobipy][INFO] -   Bounds range     [1e+00, 1e+00]
[2025-01-29 09:43:28,366][gurobipy][INFO] -   RHS range        [1e+00, 1e+01]
[2025-01-29 09:43:28,370][gurobipy][INFO] - Found heuristic solution: objective 0.0000000
[2025-01-29 09:43:28,498][gurobipy][INFO] - Presolve removed 9177 rows and 7 columns
[2025-01-29 09:43:28,499][gurobipy][INFO] - Presolve time: 0.13s
[2025-01-29 09:43:28,499][gurobipy][INFO] - Presolved: 14843 rows, 552 columns, 45035 nonzeros
[2025-01-29 09:43:28,508][gurobipy][INFO] - Variable types: 512 continuous, 40 integer (40 binary)
[2025-01-29 09:43:28,526][gurobipy][INFO] - Root relaxation presolved: 14843 rows, 552 columns, 45035 nonzeros
[2025-01-29 09:43:28,526][gurobipy][INFO] - 
[2025-01-29 09:43:28,548][gurobipy][INFO] - 
[2025-01-29 09:43:28,548][gurobipy][INFO] - Root relaxation: objective 1.000000e+00, 279 iterations, 0.04 seconds (0.06 work units)
[2025-01-29 09:43:28,552][gurobipy][INFO] - 
[2025-01-29 09:43:28,552][gurobipy][INFO] -     Nodes    |    Current Node    |     Objective Bounds      |     Work
[2025-01-29 09:43:28,552][gurobipy][INFO] -  Expl Unexpl |  Obj  Depth IntInf | Incumbent    BestBd   Gap | It/Node Time
[2025-01-29 09:43:28,552][gurobipy][INFO] - 
[2025-01-29 09:43:28,552][gurobipy][INFO] -      0     0    1.00000    0    4    0.00000    1.00000      -     -    0s
[2025-01-29 09:43:28,565][gurobipy][INFO] - H    0     0                       0.0104616    1.00000  9459%     -    0s
[2025-01-29 09:43:28,780][gurobipy][INFO] - H    0     0                       0.3202952    1.00000   212%     -    0s
[2025-01-29 09:43:28,800][gurobipy][INFO] -      0     0    1.00000    0   38    0.32030    1.00000   212%     -    0s
[2025-01-29 09:43:28,887][gurobipy][INFO] -      0     0    1.00000    0   12    0.32030    1.00000   212%     -    0s
[2025-01-29 09:43:28,906][gurobipy][INFO] - H    0     0                       0.4466496    1.00000   124%     -    0s
[2025-01-29 09:43:29,106][gurobipy][INFO] -      0     0    1.00000    0   14    0.44665    1.00000   124%     -    0s
[2025-01-29 09:43:29,208][gurobipy][INFO] -      0     0    0.89493    0    1    0.44665    0.89493   100%     -    0s
[2025-01-29 09:43:29,228][gurobipy][INFO] -      0     0    0.89493    0    3    0.44665    0.89493   100%     -    0s
[2025-01-29 09:43:29,252][gurobipy][INFO] -      0     0    0.44665    0    4    0.44665    0.44665  0.00%     -    0s
[2025-01-29 09:43:29,260][gurobipy][INFO] - 
[2025-01-29 09:43:29,260][gurobipy][INFO] - Cutting planes:
[2025-01-29 09:43:29,260][gurobipy][INFO] -   MIR: 4
[2025-01-29 09:43:29,261][gurobipy][INFO] - 
[2025-01-29 09:43:29,261][gurobipy][INFO] - Explored 1 nodes (2878 simplex iterations) in 0.90 seconds (0.94 work units)
[2025-01-29 09:43:29,261][gurobipy][INFO] - Thread count was 24 (of 48 available processors)
[2025-01-29 09:43:29,261][gurobipy][INFO] - 
[2025-01-29 09:43:29,261][gurobipy][INFO] - Solution count 4: 0.44665 0.320295 0.0104616 1.13243e-14 
[2025-01-29 09:43:29,261][gurobipy][INFO] - No other solutions better than 0.44665
[2025-01-29 09:43:29,261][gurobipy][INFO] - 
[2025-01-29 09:43:29,261][gurobipy][INFO] - Optimal solution found (tolerance 1.00e-04)
[2025-01-29 09:43:29,261][gurobipy][INFO] - Best objective 4.466496056824e-01, best bound 4.466496056824e-01, gap 0.0000%
[2025-01-29 09:43:29,280][__main__][INFO] - Finished size 1000 (1/5)
[2025-01-29 09:43:37,588][gurobipy][INFO] - Set parameter TimeLimit to value 600
[2025-01-29 09:43:37,604][gurobipy][INFO] - Gurobi Optimizer version 11.0.2 build v11.0.2rc0 (linux64)
[2025-01-29 09:43:37,604][gurobipy][INFO] - 
[2025-01-29 09:43:37,616][gurobipy][INFO] - CPU model: Intel(R) Xeon(R) Gold 6136 CPU @ 3.00GHz, instruction set [SSE2|AVX|AVX2|AVX512]
[2025-01-29 09:43:37,616][gurobipy][INFO] - Thread count: 24 physical cores, 48 logical processors, using up to 24 threads
[2025-01-29 09:43:37,616][gurobipy][INFO] - 
[2025-01-29 09:43:37,616][gurobipy][INFO] - Optimize a model with 60774 rows, 1341 columns and 155164 nonzeros
[2025-01-29 09:43:37,617][gurobipy][INFO] - Model fingerprint: 0x54269ba3
[2025-01-29 09:43:37,617][gurobipy][INFO] - Variable types: 1294 continuous, 47 integer (47 binary)
[2025-01-29 09:43:37,617][gurobipy][INFO] - Coefficient statistics:
[2025-01-29 09:43:37,617][gurobipy][INFO] -   Matrix range     [4e-04, 2e+00]
[2025-01-29 09:43:37,617][gurobipy][INFO] -   Objective range  [1e+00, 1e+00]
[2025-01-29 09:43:37,618][gurobipy][INFO] -   Bounds range     [1e+00, 1e+00]
[2025-01-29 09:43:37,618][gurobipy][INFO] -   RHS range        [1e+00, 1e+01]
[2025-01-29 09:43:37,627][gurobipy][INFO] - Found heuristic solution: objective -0.0000000
[2025-01-29 09:43:37,974][gurobipy][INFO] - Presolve removed 18086 rows and 3 columns
[2025-01-29 09:43:37,974][gurobipy][INFO] - Presolve time: 0.35s
[2025-01-29 09:43:37,974][gurobipy][INFO] - Presolved: 42688 rows, 1338 columns, 129352 nonzeros
[2025-01-29 09:43:38,005][gurobipy][INFO] - Variable types: 1294 continuous, 44 integer (44 binary)
[2025-01-29 09:43:38,057][gurobipy][INFO] - Root relaxation presolved: 1338 rows, 44026 columns, 130690 nonzeros
[2025-01-29 09:43:38,057][gurobipy][INFO] - 
[2025-01-29 09:43:38,104][gurobipy][INFO] - 
[2025-01-29 09:43:38,104][gurobipy][INFO] - Root relaxation: objective 1.000000e+00, 946 iterations, 0.10 seconds (0.19 work units)
[2025-01-29 09:43:38,122][gurobipy][INFO] - 
[2025-01-29 09:43:38,122][gurobipy][INFO] -     Nodes    |    Current Node    |     Objective Bounds      |     Work
[2025-01-29 09:43:38,122][gurobipy][INFO] -  Expl Unexpl |  Obj  Depth IntInf | Incumbent    BestBd   Gap | It/Node Time
[2025-01-29 09:43:38,123][gurobipy][INFO] - 
[2025-01-29 09:43:38,123][gurobipy][INFO] -      0     0    1.00000    0    5   -0.00000    1.00000      -     -    0s
[2025-01-29 09:43:38,132][gurobipy][INFO] - H    0     0                       0.0021627    1.00000      -     -    0s
[2025-01-29 09:43:38,263][gurobipy][INFO] - H    0     0                       0.0021627    1.00000      -     -    0s
[2025-01-29 09:43:38,984][gurobipy][INFO] -      0     0    1.00000    0   43    0.00216    1.00000      -     -    1s
[2025-01-29 09:43:39,085][gurobipy][INFO] - H    0     0                       0.0266687    1.00000  3650%     -    1s
[2025-01-29 09:43:39,111][gurobipy][INFO] - H    0     0                       0.1488744    1.00000   572%     -    1s
[2025-01-29 09:43:46,144][gurobipy][INFO] - H    0     0                       0.2442880    1.00000   309%     -    8s
[2025-01-29 09:43:46,145][gurobipy][INFO] - H    0     0                       0.3400005    1.00000   194%     -    8s
[2025-01-29 09:43:46,147][gurobipy][INFO] - H    0     0                       0.4871853    0.95693  96.4%     -    8s
[2025-01-29 09:43:46,157][gurobipy][INFO] -      0     0    0.95693    0    2    0.48719    0.95693  96.4%     -    8s
[2025-01-29 09:43:47,676][gurobipy][INFO] -      0     0    0.48719    0    2    0.48719    0.48719  0.00%     -   10s
[2025-01-29 09:43:47,679][gurobipy][INFO] - 
[2025-01-29 09:43:47,679][gurobipy][INFO] - Cutting planes:
[2025-01-29 09:43:47,679][gurobipy][INFO] -   Cover: 3
[2025-01-29 09:43:47,680][gurobipy][INFO] -   MIR: 3
[2025-01-29 09:43:47,681][gurobipy][INFO] - 
[2025-01-29 09:43:47,681][gurobipy][INFO] - Explored 1 nodes (13191 simplex iterations) in 10.06 seconds (17.29 work units)
[2025-01-29 09:43:47,681][gurobipy][INFO] - Thread count was 24 (of 48 available processors)
[2025-01-29 09:43:47,681][gurobipy][INFO] - 
[2025-01-29 09:43:47,681][gurobipy][INFO] - Solution count 7: 0.487185 0.34 0.244288 ... -0
[2025-01-29 09:43:47,681][gurobipy][INFO] - No other solutions better than 0.487185
[2025-01-29 09:43:47,681][gurobipy][INFO] - 
[2025-01-29 09:43:47,681][gurobipy][INFO] - Optimal solution found (tolerance 1.00e-04)
[2025-01-29 09:43:47,681][gurobipy][INFO] - Best objective 4.871853394696e-01, best bound 4.871853394696e-01, gap 0.0000%
[2025-01-29 09:43:47,741][__main__][INFO] - Finished size 4412 (2/5)
[2025-01-29 09:43:59,920][gurobipy][INFO] - Set parameter TimeLimit to value 600
[2025-01-29 09:43:59,953][gurobipy][INFO] - Gurobi Optimizer version 11.0.2 build v11.0.2rc0 (linux64)
[2025-01-29 09:43:59,954][gurobipy][INFO] - 
[2025-01-29 09:43:59,966][gurobipy][INFO] - CPU model: Intel(R) Xeon(R) Gold 6136 CPU @ 3.00GHz, instruction set [SSE2|AVX|AVX2|AVX512]
[2025-01-29 09:43:59,966][gurobipy][INFO] - Thread count: 24 physical cores, 48 logical processors, using up to 24 threads
[2025-01-29 09:43:59,966][gurobipy][INFO] - 
[2025-01-29 09:43:59,966][gurobipy][INFO] - Optimize a model with 138465 rows, 2994 columns and 353524 nonzeros
[2025-01-29 09:43:59,969][gurobipy][INFO] - Model fingerprint: 0xda611146
[2025-01-29 09:43:59,969][gurobipy][INFO] - Variable types: 2947 continuous, 47 integer (47 binary)
[2025-01-29 09:43:59,970][gurobipy][INFO] - Coefficient statistics:
[2025-01-29 09:43:59,970][gurobipy][INFO] -   Matrix range     [9e-05, 2e+00]
[2025-01-29 09:43:59,970][gurobipy][INFO] -   Objective range  [1e+00, 1e+00]
[2025-01-29 09:43:59,970][gurobipy][INFO] -   Bounds range     [1e+00, 1e+00]
[2025-01-29 09:43:59,970][gurobipy][INFO] -   RHS range        [1e+00, 1e+01]
[2025-01-29 09:43:59,994][gurobipy][INFO] - Found heuristic solution: objective -0.0000000
[2025-01-29 09:44:00,848][gurobipy][INFO] - Presolve removed 35351 rows and 1 columns
[2025-01-29 09:44:00,848][gurobipy][INFO] - Presolve time: 0.85s
[2025-01-29 09:44:00,848][gurobipy][INFO] - Presolved: 103114 rows, 2993 columns, 312283 nonzeros
[2025-01-29 09:44:00,924][gurobipy][INFO] - Variable types: 2947 continuous, 46 integer (46 binary)
[2025-01-29 09:44:01,067][gurobipy][INFO] - Root relaxation presolved: 2993 rows, 106107 columns, 315276 nonzeros
[2025-01-29 09:44:01,067][gurobipy][INFO] - 
[2025-01-29 09:44:01,137][gurobipy][INFO] - 
[2025-01-29 09:44:01,137][gurobipy][INFO] - Root relaxation: objective 1.000000e+00, 171 iterations, 0.21 seconds (0.28 work units)
[2025-01-29 09:44:01,173][gurobipy][INFO] - 
[2025-01-29 09:44:01,173][gurobipy][INFO] -     Nodes    |    Current Node    |     Objective Bounds      |     Work
[2025-01-29 09:44:01,173][gurobipy][INFO] -  Expl Unexpl |  Obj  Depth IntInf | Incumbent    BestBd   Gap | It/Node Time
[2025-01-29 09:44:01,173][gurobipy][INFO] - 
[2025-01-29 09:44:01,173][gurobipy][INFO] -      0     0    1.00000    0    4   -0.00000    1.00000      -     -    1s
[2025-01-29 09:44:01,431][gurobipy][INFO] - H    0     0                       0.0302375    1.00000  3207%     -    1s
[2025-01-29 09:44:03,175][gurobipy][INFO] -      0     0    1.00000    0   46    0.03024    1.00000  3207%     -    3s
[2025-01-29 09:44:03,751][gurobipy][INFO] -      0     0    1.00000    0   36    0.03024    1.00000  3207%     -    3s
[2025-01-29 09:44:04,124][gurobipy][INFO] - H    0     0                       0.1142500    1.00000   775%     -    4s
[2025-01-29 09:44:09,544][gurobipy][INFO] -      0     0    1.00000    0   30    0.11425    1.00000   775%     -    9s
[2025-01-29 09:44:09,906][gurobipy][INFO] - H    0     0                       0.1936126    1.00000   416%     -    9s
[2025-01-29 09:44:09,957][gurobipy][INFO] - H    0     0                       0.4417028    1.00000   126%     -    9s
[2025-01-29 09:44:11,022][gurobipy][INFO] -      0     0    1.00000    0   28    0.44170    1.00000   126%     -   11s
[2025-01-29 09:44:19,144][gurobipy][INFO] -      0     0    1.00000    0   27    0.44170    1.00000   126%     -   19s
[2025-01-29 09:44:20,508][gurobipy][INFO] -      0     0    1.00000    0   27    0.44170    1.00000   126%     -   20s
[2025-01-29 09:44:26,085][gurobipy][INFO] -      0     0    1.00000    0   27    0.44170    1.00000   126%     -   26s
[2025-01-29 09:44:27,311][gurobipy][INFO] -      0     0    1.00000    0   27    0.44170    1.00000   126%     -   27s
[2025-01-29 09:44:32,296][gurobipy][INFO] -      0     0    1.00000    0   28    0.44170    1.00000   126%     -   32s
[2025-01-29 09:44:33,533][gurobipy][INFO] -      0     0    1.00000    0   27    0.44170    1.00000   126%     -   33s
[2025-01-29 09:44:38,542][gurobipy][INFO] -      0     0    1.00000    0   26    0.44170    1.00000   126%     -   38s
[2025-01-29 09:44:44,035][gurobipy][INFO] -      0     0    1.00000    0   26    0.44170    1.00000   126%     -   44s
[2025-01-29 09:44:51,038][gurobipy][INFO] - H    0     0                       0.4448859    1.00000   125%     -   51s
[2025-01-29 09:44:59,974][gurobipy][INFO] -      0     2    1.00000    0   26    0.44489    1.00000   125%     -   60s
[2025-01-29 09:45:05,074][gurobipy][INFO] -     17     2    1.00000    9   10    0.44489    1.00000   125%   458   65s
[2025-01-29 09:45:10,929][gurobipy][INFO] -     23     4    0.86613   12   17    0.44489    1.00000   125%   791   70s
[2025-01-29 09:45:15,032][gurobipy][INFO] -     65     4    0.53378   20   10    0.44489    0.63021  41.7%   487   75s
[2025-01-29 09:45:15,532][gurobipy][INFO] - *   71     0              21       0.4811855    0.53306  10.8%   471   75s
[2025-01-29 09:45:15,557][gurobipy][INFO] - 
[2025-01-29 09:45:15,557][gurobipy][INFO] - Cutting planes:
[2025-01-29 09:45:15,557][gurobipy][INFO] -   MIR: 18
[2025-01-29 09:45:15,557][gurobipy][INFO] -   RLT: 1
[2025-01-29 09:45:15,571][gurobipy][INFO] - 
[2025-01-29 09:45:15,571][gurobipy][INFO] - Explored 75 nodes (70939 simplex iterations) in 75.60 seconds (186.93 work units)
[2025-01-29 09:45:15,571][gurobipy][INFO] - Thread count was 24 (of 48 available processors)
[2025-01-29 09:45:15,572][gurobipy][INFO] - 
[2025-01-29 09:45:15,572][gurobipy][INFO] - Solution count 7: 0.481186 0.444886 0.441703 ... -0
[2025-01-29 09:45:15,572][gurobipy][INFO] - No other solutions better than 0.481186
[2025-01-29 09:45:15,572][gurobipy][INFO] - 
[2025-01-29 09:45:15,572][gurobipy][INFO] - Optimal solution found (tolerance 1.00e-04)
[2025-01-29 09:45:15,575][gurobipy][INFO] - Best objective 4.811855226330e-01, best bound 4.811855226330e-01, gap 0.0000%
[2025-01-29 09:45:15,713][__main__][INFO] - Finished size 19464 (3/5)
[2025-01-29 09:45:42,909][gurobipy][INFO] - Set parameter TimeLimit to value 600
[2025-01-29 09:45:42,976][gurobipy][INFO] - Gurobi Optimizer version 11.0.2 build v11.0.2rc0 (linux64)
[2025-01-29 09:45:42,976][gurobipy][INFO] - 
[2025-01-29 09:45:42,987][gurobipy][INFO] - CPU model: Intel(R) Xeon(R) Gold 6136 CPU @ 3.00GHz, instruction set [SSE2|AVX|AVX2|AVX512]
[2025-01-29 09:45:42,988][gurobipy][INFO] - Thread count: 24 physical cores, 48 logical processors, using up to 24 threads
[2025-01-29 09:45:42,988][gurobipy][INFO] - 
[2025-01-29 09:45:42,988][gurobipy][INFO] - Optimize a model with 289993 rows, 6218 columns and 740404 nonzeros
[2025-01-29 09:45:42,994][gurobipy][INFO] - Model fingerprint: 0x305233ab
[2025-01-29 09:45:42,994][gurobipy][INFO] - Variable types: 6171 continuous, 47 integer (47 binary)
[2025-01-29 09:45:42,995][gurobipy][INFO] - Coefficient statistics:
[2025-01-29 09:45:42,995][gurobipy][INFO] -   Matrix range     [2e-05, 2e+00]
[2025-01-29 09:45:42,995][gurobipy][INFO] -   Objective range  [1e+00, 1e+00]
[2025-01-29 09:45:42,995][gurobipy][INFO] -   Bounds range     [1e+00, 1e+00]
[2025-01-29 09:45:42,995][gurobipy][INFO] -   RHS range        [1e+00, 1e+01]
[2025-01-29 09:45:43,054][gurobipy][INFO] - Found heuristic solution: objective -0.0000000
[2025-01-29 09:45:45,294][gurobipy][INFO] - Presolve removed 74038 rows and 1 columns
[2025-01-29 09:45:45,294][gurobipy][INFO] - Presolve time: 2.24s
[2025-01-29 09:45:45,294][gurobipy][INFO] - Presolved: 215955 rows, 6217 columns, 654030 nonzeros
[2025-01-29 09:45:45,461][gurobipy][INFO] - Variable types: 6171 continuous, 46 integer (46 binary)
[2025-01-29 09:45:45,825][gurobipy][INFO] - Root relaxation presolved: 6217 rows, 222172 columns, 660247 nonzeros
[2025-01-29 09:45:45,825][gurobipy][INFO] - 
[2025-01-29 09:45:45,939][gurobipy][INFO] - 
[2025-01-29 09:45:45,939][gurobipy][INFO] - Root relaxation: objective 1.000000e+00, 34 iterations, 0.47 seconds (0.54 work units)
[2025-01-29 09:45:45,961][gurobipy][INFO] - 
[2025-01-29 09:45:45,961][gurobipy][INFO] -     Nodes    |    Current Node    |     Objective Bounds      |     Work
[2025-01-29 09:45:45,961][gurobipy][INFO] -  Expl Unexpl |  Obj  Depth IntInf | Incumbent    BestBd   Gap | It/Node Time
[2025-01-29 09:45:45,961][gurobipy][INFO] - 
[2025-01-29 09:45:45,961][gurobipy][INFO] -      0     0    1.00000    0    1   -0.00000    1.00000      -     -    2s
[2025-01-29 09:45:45,976][gurobipy][INFO] - H    0     0                       0.0037717    1.00000      -     -    2s
[2025-01-29 09:45:46,761][gurobipy][INFO] - H    0     0                       0.0258289    1.00000  3772%     -    3s
[2025-01-29 09:45:47,242][gurobipy][INFO] -      0     0    1.00000    0    2    0.02583    1.00000  3772%     -    4s
[2025-01-29 09:45:53,987][gurobipy][INFO] -      0     0    1.00000    0    3    0.02583    1.00000  3772%     -   10s
[2025-01-29 09:45:54,635][gurobipy][INFO] -      0     0    1.00000    0    6    0.02583    1.00000  3772%     -   11s
[2025-01-29 09:46:03,408][gurobipy][INFO] -      0     0    1.00000    0   38    0.02583    1.00000  3772%     -   20s
[2025-01-29 09:46:04,709][gurobipy][INFO] -      0     0    1.00000    0   27    0.02583    1.00000  3772%     -   21s
[2025-01-29 09:46:11,066][gurobipy][INFO] -      0     0    1.00000    0   29    0.02583    1.00000  3772%     -   28s
[2025-01-29 09:46:15,712][gurobipy][INFO] -      0     0    1.00000    0   36    0.02583    1.00000  3772%     -   32s
[2025-01-29 09:46:25,730][gurobipy][INFO] -      0     0    1.00000    0   35    0.02583    1.00000  3772%     -   42s
[2025-01-29 09:46:27,092][gurobipy][INFO] - H    0     0                       0.1502323    1.00000   566%     -   44s
[2025-01-29 09:46:31,540][gurobipy][INFO] -      0     0    1.00000    0   29    0.15023    1.00000   566%     -   48s
[2025-01-29 09:46:41,639][gurobipy][INFO] -      0     0    1.00000    0   28    0.15023    1.00000   566%     -   58s
[2025-01-29 09:46:42,618][gurobipy][INFO] - H    0     0                       0.1921472    1.00000   420%     -   59s
[2025-01-29 09:46:46,950][gurobipy][INFO] -      0     0    1.00000    0   29    0.19215    1.00000   420%     -   63s
[2025-01-29 09:46:57,399][gurobipy][INFO] -      0     0    1.00000    0   28    0.19215    1.00000   420%     -   74s
[2025-01-29 09:47:05,441][gurobipy][INFO] -      0     0    1.00000    0   28    0.19215    1.00000   420%     -   82s
[2025-01-29 09:47:07,065][gurobipy][INFO] - H    0     0                       0.3862485    1.00000   159%     -   84s
[2025-01-29 09:47:48,675][gurobipy][INFO] -      0     2    1.00000    0   20    0.38625    1.00000   159%     -  125s
[2025-01-29 09:47:54,373][gurobipy][INFO] -      5     2    1.00000    3   17    0.38625    1.00000   159%  1267  131s
[2025-01-29 09:48:00,583][gurobipy][INFO] -     11     2    1.00000    6   14    0.38625    1.00000   159%   792  137s
[2025-01-29 09:48:04,213][gurobipy][INFO] -     15     2    1.00000    8   16    0.38625    1.00000   159%   771  141s
[2025-01-29 09:48:09,953][gurobipy][INFO] -     23     2    1.00000   12   17    0.38625    1.00000   159%   646  146s
[2025-01-29 09:48:18,836][gurobipy][INFO] -     27     2    1.00000   14   11    0.38625    1.00000   159%   940  155s
[2025-01-29 09:48:24,941][gurobipy][INFO] -     29     4    0.75943   15   14    0.38625    1.00000   159%  1169  161s
[2025-01-29 09:48:29,619][gurobipy][INFO] -     39     4    0.54002   18   11    0.38625    0.62896  62.8%  1132  166s
[2025-01-29 09:48:33,410][gurobipy][INFO] - *   49     0              21       0.4781506    0.47939  0.26%  1088  170s
[2025-01-29 09:48:33,441][gurobipy][INFO] - 
[2025-01-29 09:48:33,441][gurobipy][INFO] - Cutting planes:
[2025-01-29 09:48:33,441][gurobipy][INFO] -   Implied bound: 4
[2025-01-29 09:48:33,441][gurobipy][INFO] -   MIR: 4
[2025-01-29 09:48:33,441][gurobipy][INFO] -   RLT: 2
[2025-01-29 09:48:33,467][gurobipy][INFO] - 
[2025-01-29 09:48:33,467][gurobipy][INFO] - Explored 51 nodes (75422 simplex iterations) in 170.48 seconds (389.30 work units)
[2025-01-29 09:48:33,467][gurobipy][INFO] - Thread count was 24 (of 48 available processors)
[2025-01-29 09:48:33,467][gurobipy][INFO] - 
[2025-01-29 09:48:33,467][gurobipy][INFO] - Solution count 7: 0.478151 0.386248 0.192147 ... -0
[2025-01-29 09:48:33,467][gurobipy][INFO] - No other solutions better than 0.478151
[2025-01-29 09:48:33,467][gurobipy][INFO] - 
[2025-01-29 09:48:33,467][gurobipy][INFO] - Optimal solution found (tolerance 1.00e-04)
[2025-01-29 09:48:33,470][gurobipy][INFO] - Best objective 4.781505679952e-01, best bound 4.781505679952e-01, gap 0.0000%
[2025-01-29 09:48:33,752][__main__][INFO] - Finished size 85867 (4/5)
[2025-01-29 09:49:28,257][gurobipy][INFO] - Set parameter TimeLimit to value 600
[2025-01-29 09:49:28,381][gurobipy][INFO] - Gurobi Optimizer version 11.0.2 build v11.0.2rc0 (linux64)
[2025-01-29 09:49:28,382][gurobipy][INFO] - 
[2025-01-29 09:49:28,394][gurobipy][INFO] - CPU model: Intel(R) Xeon(R) Gold 6136 CPU @ 3.00GHz, instruction set [SSE2|AVX|AVX2|AVX512]
[2025-01-29 09:49:28,394][gurobipy][INFO] - Thread count: 24 physical cores, 48 logical processors, using up to 24 threads
[2025-01-29 09:49:28,394][gurobipy][INFO] - 
[2025-01-29 09:49:28,394][gurobipy][INFO] - Optimize a model with 543276 rows, 11607 columns and 1387084 nonzeros
[2025-01-29 09:49:28,406][gurobipy][INFO] - Model fingerprint: 0x00762f56
[2025-01-29 09:49:28,406][gurobipy][INFO] - Variable types: 11560 continuous, 47 integer (47 binary)
[2025-01-29 09:49:28,407][gurobipy][INFO] - Coefficient statistics:
[2025-01-29 09:49:28,407][gurobipy][INFO] -   Matrix range     [5e-06, 2e+00]
[2025-01-29 09:49:28,408][gurobipy][INFO] -   Objective range  [1e+00, 1e+00]
[2025-01-29 09:49:28,408][gurobipy][INFO] -   Bounds range     [1e+00, 1e+00]
[2025-01-29 09:49:28,408][gurobipy][INFO] -   RHS range        [1e+00, 1e+01]
[2025-01-29 09:49:28,537][gurobipy][INFO] - Found heuristic solution: objective -0.0000000
[2025-01-29 09:49:32,484][gurobipy][INFO] - Presolve removed 127149 rows and 0 columns
[2025-01-29 09:49:32,484][gurobipy][INFO] - Presolve time: 3.95s
[2025-01-29 09:49:32,484][gurobipy][INFO] - Presolved: 416127 rows, 11607 columns, 1259935 nonzeros
[2025-01-29 09:49:32,826][gurobipy][INFO] - Variable types: 11560 continuous, 47 integer (47 binary)
[2025-01-29 09:49:33,688][gurobipy][INFO] - Root relaxation presolved: 11607 rows, 427734 columns, 1271542 nonzeros
[2025-01-29 09:49:33,688][gurobipy][INFO] - 
[2025-01-29 09:49:33,689][gurobipy][INFO] - Deterministic concurrent LP optimizer: primal and dual simplex
[2025-01-29 09:49:33,689][gurobipy][INFO] - Showing primal log only...
[2025-01-29 09:49:33,689][gurobipy][INFO] - 
[2025-01-29 09:49:33,928][gurobipy][INFO] - 
[2025-01-29 09:49:33,928][gurobipy][INFO] - Root simplex log...
[2025-01-29 09:49:33,928][gurobipy][INFO] - 
[2025-01-29 09:49:33,928][gurobipy][INFO] - Iteration    Objective       Primal Inf.    Dual Inf.      Time
[2025-01-29 09:49:33,928][gurobipy][INFO] -        0    1.0000000e+00   0.000000e+00   1.157000e+04      6s
[2025-01-29 09:49:34,018][gurobipy][INFO] -      115    1.0000000e+00   0.000000e+00   0.000000e+00      6s
[2025-01-29 09:49:34,059][gurobipy][INFO] - Concurrent spin time: 0.04s
[2025-01-29 09:49:34,059][gurobipy][INFO] - 
[2025-01-29 09:49:34,059][gurobipy][INFO] - Solved with primal simplex
[2025-01-29 09:49:34,135][gurobipy][INFO] -      115    1.0000000e+00   0.000000e+00   0.000000e+00      6s
[2025-01-29 09:49:34,135][gurobipy][INFO] - 
[2025-01-29 09:49:34,135][gurobipy][INFO] - Root relaxation: objective 1.000000e+00, 115 iterations, 1.29 seconds (1.24 work units)
[2025-01-29 09:49:34,298][gurobipy][INFO] - 
[2025-01-29 09:49:34,299][gurobipy][INFO] -     Nodes    |    Current Node    |     Objective Bounds      |     Work
[2025-01-29 09:49:34,299][gurobipy][INFO] -  Expl Unexpl |  Obj  Depth IntInf | Incumbent    BestBd   Gap | It/Node Time
[2025-01-29 09:49:34,299][gurobipy][INFO] - 
[2025-01-29 09:49:34,299][gurobipy][INFO] -      0     0    1.00000    0    8   -0.00000    1.00000      -     -    5s
[2025-01-29 09:49:34,439][gurobipy][INFO] - H    0     0                       0.0447300    1.00000  2136%     -    6s
[2025-01-29 09:49:35,061][gurobipy][INFO] - H    0     0                       0.0531420    1.00000  1782%     -    6s
[2025-01-29 09:49:36,296][gurobipy][INFO] -      0     0    1.00000    0    5    0.05314    1.00000  1782%     -    7s
[2025-01-29 09:49:36,893][gurobipy][INFO] - H    0     0                       0.0536614    1.00000  1764%     -    8s
[2025-01-29 09:49:37,129][gurobipy][INFO] - H    0     0                       0.1937829    1.00000   416%     -    8s
[2025-01-29 09:49:44,572][gurobipy][INFO] -      0     0    1.00000    0   44    0.19378    1.00000   416%     -   16s
[2025-01-29 09:49:50,216][gurobipy][INFO] -      0     0    1.00000    0   17    0.19378    1.00000   416%     -   21s
[2025-01-29 09:49:59,012][gurobipy][INFO] -      0     0    1.00000    0    8    0.19378    1.00000   416%     -   30s
[2025-01-29 09:49:59,513][gurobipy][INFO] -      0     0    1.00000    0    7    0.19378    1.00000   416%     -   31s
[2025-01-29 09:50:00,284][gurobipy][INFO] - H    0     0                       0.3490603    1.00000   186%     -   31s
[2025-01-29 09:50:01,042][gurobipy][INFO] -      0     0    1.00000    0    9    0.34906    1.00000   186%     -   32s
[2025-01-29 09:50:01,620][gurobipy][INFO] -      0     0    1.00000    0    9    0.34906    1.00000   186%     -   33s
[2025-01-29 09:50:02,437][gurobipy][INFO] -      0     0    1.00000    0    9    0.34906    1.00000   186%     -   34s
[2025-01-29 09:50:03,049][gurobipy][INFO] -      0     0    1.00000    0    9    0.34906    1.00000   186%     -   34s
[2025-01-29 09:50:03,779][gurobipy][INFO] - H    0     0                       0.4801075    1.00000   108%     -   35s
[2025-01-29 09:50:03,789][gurobipy][INFO] -      0     0    1.00000    0    9    0.48011    1.00000   108%     -   35s
[2025-01-29 09:50:04,131][gurobipy][INFO] -      0     0    1.00000    0    9    0.48011    1.00000   108%     -   35s
[2025-01-29 09:50:04,942][gurobipy][INFO] -      0     0    1.00000    0    7    0.48011    1.00000   108%     -   36s
[2025-01-29 09:50:05,172][gurobipy][INFO] -      0     0    1.00000    0    7    0.48011    1.00000   108%     -   36s
[2025-01-29 09:50:06,120][gurobipy][INFO] -      0     0    0.48011    0    9    0.48011    0.48011  0.00%     -   37s
[2025-01-29 09:50:06,123][gurobipy][INFO] - 
[2025-01-29 09:50:06,123][gurobipy][INFO] - Cutting planes:
[2025-01-29 09:50:06,123][gurobipy][INFO] -   Cover: 1
[2025-01-29 09:50:06,123][gurobipy][INFO] -   Implied bound: 1
[2025-01-29 09:50:06,123][gurobipy][INFO] -   MIR: 567
[2025-01-29 09:50:06,123][gurobipy][INFO] -   RLT: 8
[2025-01-29 09:50:06,138][gurobipy][INFO] - 
[2025-01-29 09:50:06,138][gurobipy][INFO] - Explored 1 nodes (10836 simplex iterations) in 37.74 seconds (53.08 work units)
[2025-01-29 09:50:06,138][gurobipy][INFO] - Thread count was 24 (of 48 available processors)
[2025-01-29 09:50:06,138][gurobipy][INFO] - 
[2025-01-29 09:50:06,138][gurobipy][INFO] - Solution count 7: 0.480107 0.34906 0.193783 ... -0
[2025-01-29 09:50:06,138][gurobipy][INFO] - No other solutions better than 0.480107
[2025-01-29 09:50:06,138][gurobipy][INFO] - 
[2025-01-29 09:50:06,138][gurobipy][INFO] - Optimal solution found (tolerance 1.00e-04)
[2025-01-29 09:50:06,143][gurobipy][INFO] - Best objective 4.801074821723e-01, best bound 4.801074821723e-01, gap 0.0000%
[2025-01-29 09:50:06,644][__main__][INFO] - Finished size 378817 (5/5)
