[2025-01-29 09:17:10,805][gurobipy][INFO] - Set parameter TokenServer to value "147.32.84.36"
[2025-01-29 09:17:12,588][gurobipy][INFO] - Set parameter TimeLimit to value 600
[2025-01-29 09:17:12,601][gurobipy][INFO] - Gurobi Optimizer version 11.0.2 build v11.0.2rc0 (linux64)
[2025-01-29 09:17:12,601][gurobipy][INFO] - 
[2025-01-29 09:17:12,613][gurobipy][INFO] - CPU model: Intel(R) Xeon(R) Gold 6136 CPU @ 3.00GHz, instruction set [SSE2|AVX|AVX2|AVX512]
[2025-01-29 09:17:12,613][gurobipy][INFO] - Thread count: 24 physical cores, 48 logical processors, using up to 24 threads
[2025-01-29 09:17:12,613][gurobipy][INFO] - 
[2025-01-29 09:17:12,613][gurobipy][INFO] - Optimize a model with 28325 rows, 628 columns and 71676 nonzeros
[2025-01-29 09:17:12,614][gurobipy][INFO] - Model fingerprint: 0x85e4164f
[2025-01-29 09:17:12,614][gurobipy][INFO] - Variable types: 579 continuous, 49 integer (49 binary)
[2025-01-29 09:17:12,614][gurobipy][INFO] - Coefficient statistics:
[2025-01-29 09:17:12,614][gurobipy][INFO] -   Matrix range     [2e-03, 2e+00]
[2025-01-29 09:17:12,614][gurobipy][INFO] -   Objective range  [1e+00, 1e+00]
[2025-01-29 09:17:12,614][gurobipy][INFO] -   Bounds range     [1e+00, 1e+00]
[2025-01-29 09:17:12,614][gurobipy][INFO] -   RHS range        [1e+00, 1e+01]
[2025-01-29 09:17:12,619][gurobipy][INFO] - Found heuristic solution: objective 0.0000000
[2025-01-29 09:17:12,781][gurobipy][INFO] - Presolve removed 11529 rows and 8 columns
[2025-01-29 09:17:12,781][gurobipy][INFO] - Presolve time: 0.16s
[2025-01-29 09:17:12,781][gurobipy][INFO] - Presolved: 16796 rows, 620 columns, 50961 nonzeros
[2025-01-29 09:17:12,792][gurobipy][INFO] - Variable types: 579 continuous, 41 integer (41 binary)
[2025-01-29 09:17:12,812][gurobipy][INFO] - Root relaxation presolved: 16796 rows, 620 columns, 50961 nonzeros
[2025-01-29 09:17:12,812][gurobipy][INFO] - 
[2025-01-29 09:17:12,836][gurobipy][INFO] - 
[2025-01-29 09:17:12,836][gurobipy][INFO] - Root relaxation: objective 1.000000e+00, 294 iterations, 0.04 seconds (0.07 work units)
[2025-01-29 09:17:12,843][gurobipy][INFO] - 
[2025-01-29 09:17:12,843][gurobipy][INFO] -     Nodes    |    Current Node    |     Objective Bounds      |     Work
[2025-01-29 09:17:12,843][gurobipy][INFO] -  Expl Unexpl |  Obj  Depth IntInf | Incumbent    BestBd   Gap | It/Node Time
[2025-01-29 09:17:12,843][gurobipy][INFO] - 
[2025-01-29 09:17:12,843][gurobipy][INFO] -      0     0    1.00000    0    8    0.00000    1.00000      -     -    0s
[2025-01-29 09:17:12,857][gurobipy][INFO] - H    0     0                       0.0190124    1.00000  5160%     -    0s
[2025-01-29 09:17:12,899][gurobipy][INFO] - H    0     0                       0.0190124    1.00000  5160%     -    0s
[2025-01-29 09:17:12,904][gurobipy][INFO] - H    0     0                       0.0501187    1.00000  1895%     -    0s
[2025-01-29 09:17:13,269][gurobipy][INFO] -      0     0    1.00000    0   38    0.05012    1.00000  1895%     -    0s
[2025-01-29 09:17:13,297][gurobipy][INFO] -      0     0    1.00000    0   34    0.05012    1.00000  1895%     -    0s
[2025-01-29 09:17:13,778][gurobipy][INFO] - H    0     0                       0.1796891    1.00000   457%     -    1s
[2025-01-29 09:17:14,612][gurobipy][INFO] -      0     0    0.95229    0   14    0.17969    0.95229   430%     -    1s
[2025-01-29 09:17:14,690][gurobipy][INFO] -      0     0    0.95193    0   14    0.17969    0.95193   430%     -    2s
[2025-01-29 09:17:15,347][gurobipy][INFO] -      0     0    0.93744    0    1    0.17969    0.93744   422%     -    2s
[2025-01-29 09:17:15,447][gurobipy][INFO] -      0     0    0.93244    0   26    0.17969    0.93244   419%     -    2s
[2025-01-29 09:17:16,009][gurobipy][INFO] -      0     0    0.87833    0    9    0.17969    0.87833   389%     -    3s
[2025-01-29 09:17:16,143][gurobipy][INFO] -      0     0    0.86595    0    7    0.17969    0.86595   382%     -    3s
[2025-01-29 09:17:16,274][gurobipy][INFO] -      0     0    0.86399    0    5    0.17969    0.86399   381%     -    3s
[2025-01-29 09:17:16,343][gurobipy][INFO] -      0     0    0.84673    0    7    0.17969    0.84673   371%     -    3s
[2025-01-29 09:17:16,518][gurobipy][INFO] -      0     0    0.80792    0    5    0.17969    0.80792   350%     -    3s
[2025-01-29 09:17:16,597][gurobipy][INFO] -      0     0    0.17969    0    8    0.17969    0.17969  0.00%     -    3s
[2025-01-29 09:17:16,599][gurobipy][INFO] - 
[2025-01-29 09:17:16,599][gurobipy][INFO] - Cutting planes:
[2025-01-29 09:17:16,599][gurobipy][INFO] -   MIR: 5
[2025-01-29 09:17:16,599][gurobipy][INFO] -   Inf proof: 2
[2025-01-29 09:17:16,599][gurobipy][INFO] -   RLT: 3
[2025-01-29 09:17:16,600][gurobipy][INFO] - 
[2025-01-29 09:17:16,600][gurobipy][INFO] - Explored 1 nodes (9056 simplex iterations) in 3.99 seconds (5.78 work units)
[2025-01-29 09:17:16,600][gurobipy][INFO] - Thread count was 24 (of 48 available processors)
[2025-01-29 09:17:16,600][gurobipy][INFO] - 
[2025-01-29 09:17:16,600][gurobipy][INFO] - Solution count 4: 0.179689 0.0501187 0.0190124 5.32907e-15 
[2025-01-29 09:17:16,600][gurobipy][INFO] - No other solutions better than 0.179689
[2025-01-29 09:17:16,600][gurobipy][INFO] - 
[2025-01-29 09:17:16,600][gurobipy][INFO] - Optimal solution found (tolerance 1.00e-04)
[2025-01-29 09:17:16,601][gurobipy][INFO] - Best objective 1.796891118925e-01, best bound 1.796891118925e-01, gap 0.0000%
[2025-01-29 09:17:16,642][__main__][INFO] - Finished size 1000 (1/5)
[2025-01-29 09:17:23,650][gurobipy][INFO] - Set parameter TimeLimit to value 600
[2025-01-29 09:17:23,674][gurobipy][INFO] - Gurobi Optimizer version 11.0.2 build v11.0.2rc0 (linux64)
[2025-01-29 09:17:23,674][gurobipy][INFO] - 
[2025-01-29 09:17:23,686][gurobipy][INFO] - CPU model: Intel(R) Xeon(R) Gold 6136 CPU @ 3.00GHz, instruction set [SSE2|AVX|AVX2|AVX512]
[2025-01-29 09:17:23,686][gurobipy][INFO] - Thread count: 24 physical cores, 48 logical processors, using up to 24 threads
[2025-01-29 09:17:23,686][gurobipy][INFO] - 
[2025-01-29 09:17:23,686][gurobipy][INFO] - Optimize a model with 62135 rows, 1318 columns and 157236 nonzeros
[2025-01-29 09:17:23,688][gurobipy][INFO] - Model fingerprint: 0xdfcbe22b
[2025-01-29 09:17:23,688][gurobipy][INFO] - Variable types: 1269 continuous, 49 integer (49 binary)
[2025-01-29 09:17:23,688][gurobipy][INFO] - Coefficient statistics:
[2025-01-29 09:17:23,688][gurobipy][INFO] -   Matrix range     [5e-04, 2e+00]
[2025-01-29 09:17:23,688][gurobipy][INFO] -   Objective range  [1e+00, 1e+00]
[2025-01-29 09:17:23,688][gurobipy][INFO] -   Bounds range     [1e+00, 1e+00]
[2025-01-29 09:17:23,688][gurobipy][INFO] -   RHS range        [1e+00, 1e+01]
[2025-01-29 09:17:23,699][gurobipy][INFO] - Found heuristic solution: objective 0.0000000
[2025-01-29 09:17:24,109][gurobipy][INFO] - Presolve removed 17743 rows and 2 columns
[2025-01-29 09:17:24,109][gurobipy][INFO] - Presolve time: 0.41s
[2025-01-29 09:17:24,109][gurobipy][INFO] - Presolved: 44392 rows, 1316 columns, 134439 nonzeros
[2025-01-29 09:17:24,146][gurobipy][INFO] - Variable types: 1269 continuous, 47 integer (47 binary)
[2025-01-29 09:17:24,211][gurobipy][INFO] - Root relaxation presolved: 1316 rows, 45708 columns, 135755 nonzeros
[2025-01-29 09:17:24,211][gurobipy][INFO] - 
[2025-01-29 09:17:24,625][gurobipy][INFO] - 
[2025-01-29 09:17:24,625][gurobipy][INFO] - Root relaxation: objective 1.000000e+00, 1365 iterations, 0.48 seconds (1.05 work units)
[2025-01-29 09:17:24,637][gurobipy][INFO] - 
[2025-01-29 09:17:24,638][gurobipy][INFO] -     Nodes    |    Current Node    |     Objective Bounds      |     Work
[2025-01-29 09:17:24,638][gurobipy][INFO] -  Expl Unexpl |  Obj  Depth IntInf | Incumbent    BestBd   Gap | It/Node Time
[2025-01-29 09:17:24,638][gurobipy][INFO] - 
[2025-01-29 09:17:24,638][gurobipy][INFO] -      0     0    1.00000    0    1    0.00000    1.00000      -     -    0s
[2025-01-29 09:17:24,650][gurobipy][INFO] - H    0     0                       0.0009072    1.00000      -     -    0s
[2025-01-29 09:17:25,503][gurobipy][INFO] -      0     0    1.00000    0   46    0.00091    1.00000      -     -    1s
[2025-01-29 09:17:25,722][gurobipy][INFO] - H    0     0                       0.0290397    1.00000  3344%     -    2s
[2025-01-29 09:17:25,789][gurobipy][INFO] - H    0     0                       0.0518255    1.00000  1830%     -    2s
[2025-01-29 09:17:32,370][gurobipy][INFO] - H    0     0                       0.0923559    1.00000   983%     -    8s
[2025-01-29 09:17:32,571][gurobipy][INFO] -      0     0    0.95231    0   18    0.09236    0.95231   931%     -    8s
[2025-01-29 09:17:32,704][gurobipy][INFO] - H    0     0                       0.1201526    0.95231   693%     -    9s
[2025-01-29 09:17:32,734][gurobipy][INFO] - H    0     0                       0.1799700    0.95231   429%     -    9s
[2025-01-29 09:17:32,818][gurobipy][INFO] -      0     0    0.94997    0   18    0.17997    0.94997   428%     -    9s
[2025-01-29 09:17:35,529][gurobipy][INFO] -      0     0    0.93266    0    1    0.17997    0.93266   418%     -   11s
[2025-01-29 09:17:36,283][gurobipy][INFO] -      0     0    0.92791    0   44    0.17997    0.92791   416%     -   12s
[2025-01-29 09:17:41,698][gurobipy][INFO] -      0     0    0.83828    0   12    0.17997    0.83828   366%     -   18s
[2025-01-29 09:17:42,052][gurobipy][INFO] -      0     0    0.81502    0   12    0.17997    0.81502   353%     -   18s
[2025-01-29 09:17:42,736][gurobipy][INFO] -      0     0    0.74073    0    7    0.17997    0.74073   312%     -   19s
[2025-01-29 09:17:43,148][gurobipy][INFO] -      0     0    0.69663    0    8    0.17997    0.69663   287%     -   19s
[2025-01-29 09:17:47,029][gurobipy][INFO] -      0     0    0.17997    0   12    0.17997    0.17997  0.00%     -   23s
[2025-01-29 09:17:47,030][gurobipy][INFO] - 
[2025-01-29 09:17:47,030][gurobipy][INFO] - Cutting planes:
[2025-01-29 09:17:47,030][gurobipy][INFO] -   Cover: 1
[2025-01-29 09:17:47,030][gurobipy][INFO] -   MIR: 7
[2025-01-29 09:17:47,030][gurobipy][INFO] -   Inf proof: 1
[2025-01-29 09:17:47,032][gurobipy][INFO] - 
[2025-01-29 09:17:47,032][gurobipy][INFO] - Explored 1 nodes (25550 simplex iterations) in 23.35 seconds (37.87 work units)
[2025-01-29 09:17:47,033][gurobipy][INFO] - Thread count was 24 (of 48 available processors)
[2025-01-29 09:17:47,033][gurobipy][INFO] - 
[2025-01-29 09:17:47,033][gurobipy][INFO] - Solution count 7: 0.17997 0.120153 0.0923559 ... 8.43769e-15
[2025-01-29 09:17:47,033][gurobipy][INFO] - No other solutions better than 0.17997
[2025-01-29 09:17:47,033][gurobipy][INFO] - 
[2025-01-29 09:17:47,033][gurobipy][INFO] - Optimal solution found (tolerance 1.00e-04)
[2025-01-29 09:17:47,033][gurobipy][INFO] - Best objective 1.799700480452e-01, best bound 1.799700480452e-01, gap 0.0000%
[2025-01-29 09:17:47,093][__main__][INFO] - Finished size 3431 (2/5)
[2025-01-29 09:18:00,171][gurobipy][INFO] - Set parameter TimeLimit to value 600
[2025-01-29 09:18:00,202][gurobipy][INFO] - Gurobi Optimizer version 11.0.2 build v11.0.2rc0 (linux64)
[2025-01-29 09:18:00,202][gurobipy][INFO] - 
[2025-01-29 09:18:00,214][gurobipy][INFO] - CPU model: Intel(R) Xeon(R) Gold 6136 CPU @ 3.00GHz, instruction set [SSE2|AVX|AVX2|AVX512]
[2025-01-29 09:18:00,214][gurobipy][INFO] - Thread count: 24 physical cores, 48 logical processors, using up to 24 threads
[2025-01-29 09:18:00,214][gurobipy][INFO] - 
[2025-01-29 09:18:00,214][gurobipy][INFO] - Optimize a model with 129657 rows, 2696 columns and 328108 nonzeros
[2025-01-29 09:18:00,217][gurobipy][INFO] - Model fingerprint: 0x588d46bf
[2025-01-29 09:18:00,217][gurobipy][INFO] - Variable types: 2647 continuous, 49 integer (49 binary)
[2025-01-29 09:18:00,217][gurobipy][INFO] - Coefficient statistics:
[2025-01-29 09:18:00,217][gurobipy][INFO] -   Matrix range     [1e-04, 2e+00]
[2025-01-29 09:18:00,217][gurobipy][INFO] -   Objective range  [1e+00, 1e+00]
[2025-01-29 09:18:00,217][gurobipy][INFO] -   Bounds range     [1e+00, 1e+00]
[2025-01-29 09:18:00,217][gurobipy][INFO] -   RHS range        [1e+00, 1e+01]
[2025-01-29 09:18:00,242][gurobipy][INFO] - Found heuristic solution: objective 0.0000000
[2025-01-29 09:18:01,152][gurobipy][INFO] - Presolve removed 34397 rows and 1 columns
[2025-01-29 09:18:01,152][gurobipy][INFO] - Presolve time: 0.91s
[2025-01-29 09:18:01,152][gurobipy][INFO] - Presolved: 95260 rows, 2695 columns, 288421 nonzeros
[2025-01-29 09:18:01,226][gurobipy][INFO] - Variable types: 2647 continuous, 48 integer (48 binary)
[2025-01-29 09:18:01,380][gurobipy][INFO] - Root relaxation presolved: 2695 rows, 97955 columns, 291116 nonzeros
[2025-01-29 09:18:01,380][gurobipy][INFO] - 
[2025-01-29 09:18:01,462][gurobipy][INFO] - 
[2025-01-29 09:18:01,462][gurobipy][INFO] - Root relaxation: objective 1.000000e+00, 234 iterations, 0.23 seconds (0.30 work units)
[2025-01-29 09:18:01,504][gurobipy][INFO] - 
[2025-01-29 09:18:01,504][gurobipy][INFO] -     Nodes    |    Current Node    |     Objective Bounds      |     Work
[2025-01-29 09:18:01,504][gurobipy][INFO] -  Expl Unexpl |  Obj  Depth IntInf | Incumbent    BestBd   Gap | It/Node Time
[2025-01-29 09:18:01,504][gurobipy][INFO] - 
[2025-01-29 09:18:01,504][gurobipy][INFO] -      0     0    1.00000    0    7    0.00000    1.00000      -     -    1s
[2025-01-29 09:18:01,530][gurobipy][INFO] - H    0     0                       0.0102415    1.00000  9664%     -    1s
[2025-01-29 09:18:01,600][gurobipy][INFO] - H    0     0                       0.0194532    1.00000  5041%     -    1s
[2025-01-29 09:18:01,622][gurobipy][INFO] - H    0     0                       0.0321887    1.00000  3007%     -    1s
[2025-01-29 09:18:01,908][gurobipy][INFO] -      0     0    1.00000    0    7    0.03219    1.00000  3007%     -    1s
[2025-01-29 09:18:04,274][gurobipy][INFO] -      0     0    1.00000    0   47    0.03219    1.00000  3007%     -    4s
[2025-01-29 09:18:04,845][gurobipy][INFO] -      0     0    1.00000    0   35    0.03219    1.00000  3007%     -    4s
[2025-01-29 09:18:09,702][gurobipy][INFO] -      0     0    1.00000    0    1    0.03219    1.00000  3007%     -    9s
[2025-01-29 09:18:09,915][gurobipy][INFO] - H    0     0                       0.1785344    1.00000   460%     -    9s
[2025-01-29 09:18:10,012][gurobipy][INFO] - H    0     0                       0.1796535    1.00000   457%     -    9s
[2025-01-29 09:18:11,127][gurobipy][INFO] -      0     0    1.00000    0   29    0.17965    1.00000   457%     -   10s
[2025-01-29 09:18:19,649][gurobipy][INFO] -      0     0    1.00000    0   22    0.17965    1.00000   457%     -   19s
[2025-01-29 09:18:28,605][gurobipy][INFO] -      0     0    1.00000    0   18    0.17965    1.00000   457%     -   28s
[2025-01-29 09:18:34,487][gurobipy][INFO] -      0     0    1.00000    0   26    0.17965    1.00000   457%     -   34s
[2025-01-29 09:18:39,857][gurobipy][INFO] -      0     0    1.00000    0   27    0.17965    1.00000   457%     -   39s
[2025-01-29 09:18:41,196][gurobipy][INFO] -      0     0    1.00000    0   25    0.17965    1.00000   457%     -   40s
[2025-01-29 09:18:48,158][gurobipy][INFO] -      0     0    1.00000    0   25    0.17965    1.00000   457%     -   47s
[2025-01-29 09:18:53,507][gurobipy][INFO] -      0     0    1.00000    0   25    0.17965    1.00000   457%     -   53s
[2025-01-29 09:19:13,262][gurobipy][INFO] -      0     2    1.00000    0   25    0.17965    1.00000   457%     -   73s
[2025-01-29 09:19:15,649][gurobipy][INFO] -      5     2    1.00000    3   23    0.17965    1.00000   457%   938   75s
[2025-01-29 09:19:23,061][gurobipy][INFO] -     21     2    1.00000   11   12    0.17965    1.00000   457%   656   82s
[2025-01-29 09:19:29,125][gurobipy][INFO] -     23     4    0.92857   12   23    0.17965    1.00000   457%   783   88s
[2025-01-29 09:19:31,430][gurobipy][INFO] -     25     8    0.92308   13   22    0.17965    0.92790   416%   916   91s
[2025-01-29 09:19:36,187][gurobipy][INFO] -     37    18    0.91167   15   23    0.17965    0.91661   410%   789   95s
[2025-01-29 09:19:41,427][gurobipy][INFO] -     65    28    0.89658   17   18    0.17965    0.90612   404%   579  101s
[2025-01-29 09:19:45,765][gurobipy][INFO] -    164    56    0.82857   21   13    0.17965    0.87042   384%   312  105s
[2025-01-29 09:19:50,676][gurobipy][INFO] -    246    96 infeasible   23         0.17965    0.87042   384%   245  110s
[2025-01-29 09:19:55,553][gurobipy][INFO] -    332   107 infeasible   26         0.17965    0.87042   384%   208  115s
[2025-01-29 09:20:01,194][gurobipy][INFO] -    524    54    0.25350   29    9    0.17965    0.87042   384%   178  120s
[2025-01-29 09:20:07,877][gurobipy][INFO] -    664    23 infeasible   24         0.17965    0.87042   384%   165  127s
[2025-01-29 09:20:09,572][gurobipy][INFO] - 
[2025-01-29 09:20:09,572][gurobipy][INFO] - Cutting planes:
[2025-01-29 09:20:09,572][gurobipy][INFO] -   Cover: 1
[2025-01-29 09:20:09,572][gurobipy][INFO] -   Implied bound: 1
[2025-01-29 09:20:09,572][gurobipy][INFO] -   MIR: 8
[2025-01-29 09:20:09,572][gurobipy][INFO] -   RLT: 9
[2025-01-29 09:20:09,578][gurobipy][INFO] - 
[2025-01-29 09:20:09,578][gurobipy][INFO] - Explored 745 nodes (153404 simplex iterations) in 129.36 seconds (262.92 work units)
[2025-01-29 09:20:09,578][gurobipy][INFO] - Thread count was 24 (of 48 available processors)
[2025-01-29 09:20:09,578][gurobipy][INFO] - 
[2025-01-29 09:20:09,578][gurobipy][INFO] - Solution count 6: 0.179654 0.178534 0.0321887 ... 7.50511e-14
[2025-01-29 09:20:09,578][gurobipy][INFO] - No other solutions better than 0.179654
[2025-01-29 09:20:09,578][gurobipy][INFO] - 
[2025-01-29 09:20:09,578][gurobipy][INFO] - Optimal solution found (tolerance 1.00e-04)
[2025-01-29 09:20:09,588][gurobipy][INFO] - Best objective 1.796535060548e-01, best bound 1.796535060548e-01, gap 0.0000%
[2025-01-29 09:20:09,779][__main__][INFO] - Finished size 11771 (3/5)
[2025-01-29 09:20:32,775][gurobipy][INFO] - Set parameter TimeLimit to value 600
[2025-01-29 09:20:32,845][gurobipy][INFO] - Gurobi Optimizer version 11.0.2 build v11.0.2rc0 (linux64)
[2025-01-29 09:20:32,845][gurobipy][INFO] - 
[2025-01-29 09:20:32,858][gurobipy][INFO] - CPU model: Intel(R) Xeon(R) Gold 6136 CPU @ 3.00GHz, instruction set [SSE2|AVX|AVX2|AVX512]
[2025-01-29 09:20:32,858][gurobipy][INFO] - Thread count: 24 physical cores, 48 logical processors, using up to 24 threads
[2025-01-29 09:20:32,858][gurobipy][INFO] - 
[2025-01-29 09:20:32,858][gurobipy][INFO] - Optimize a model with 246522 rows, 5081 columns and 623848 nonzeros
[2025-01-29 09:20:32,863][gurobipy][INFO] - Model fingerprint: 0x529ac847
[2025-01-29 09:20:32,863][gurobipy][INFO] - Variable types: 5032 continuous, 49 integer (49 binary)
[2025-01-29 09:20:32,864][gurobipy][INFO] - Coefficient statistics:
[2025-01-29 09:20:32,864][gurobipy][INFO] -   Matrix range     [4e-05, 2e+00]
[2025-01-29 09:20:32,864][gurobipy][INFO] -   Objective range  [1e+00, 1e+00]
[2025-01-29 09:20:32,864][gurobipy][INFO] -   Bounds range     [1e+00, 1e+00]
[2025-01-29 09:20:32,864][gurobipy][INFO] -   RHS range        [1e+00, 1e+01]
[2025-01-29 09:20:32,924][gurobipy][INFO] - Found heuristic solution: objective -0.0000000
[2025-01-29 09:20:35,016][gurobipy][INFO] - Presolve removed 65396 rows and 1 columns
[2025-01-29 09:20:35,016][gurobipy][INFO] - Presolve time: 2.09s
[2025-01-29 09:20:35,016][gurobipy][INFO] - Presolved: 181126 rows, 5080 columns, 548404 nonzeros
[2025-01-29 09:20:35,163][gurobipy][INFO] - Variable types: 5032 continuous, 48 integer (48 binary)
[2025-01-29 09:20:35,513][gurobipy][INFO] - Root relaxation presolved: 5080 rows, 186206 columns, 553484 nonzeros
[2025-01-29 09:20:35,513][gurobipy][INFO] - 
[2025-01-29 09:20:35,629][gurobipy][INFO] - 
[2025-01-29 09:20:35,629][gurobipy][INFO] - Root relaxation: objective 1.000000e+00, 77 iterations, 0.46 seconds (0.46 work units)
[2025-01-29 09:20:35,662][gurobipy][INFO] - 
[2025-01-29 09:20:35,662][gurobipy][INFO] -     Nodes    |    Current Node    |     Objective Bounds      |     Work
[2025-01-29 09:20:35,662][gurobipy][INFO] -  Expl Unexpl |  Obj  Depth IntInf | Incumbent    BestBd   Gap | It/Node Time
[2025-01-29 09:20:35,662][gurobipy][INFO] - 
[2025-01-29 09:20:35,662][gurobipy][INFO] -      0     0    1.00000    0    2   -0.00000    1.00000      -     -    2s
[2025-01-29 09:20:35,711][gurobipy][INFO] - H    0     0                       0.0020375    1.00000      -     -    2s
[2025-01-29 09:20:35,887][gurobipy][INFO] - H    0     0                       0.0101227    1.00000  9779%     -    3s
[2025-01-29 09:20:36,344][gurobipy][INFO] -      0     0    1.00000    0    3    0.01012    1.00000  9779%     -    3s
[2025-01-29 09:20:36,816][gurobipy][INFO] - H    0     0                       0.0116459    1.00000  8487%     -    3s
[2025-01-29 09:20:41,472][gurobipy][INFO] -      0     0    1.00000    0   48    0.01165    1.00000  8487%     -    8s
[2025-01-29 09:20:42,422][gurobipy][INFO] -      0     0    1.00000    0   43    0.01165    1.00000  8487%     -    9s
[2025-01-29 09:20:48,875][gurobipy][INFO] -      0     0    1.00000    0   42    0.01165    1.00000  8487%     -   16s
[2025-01-29 09:20:49,730][gurobipy][INFO] - H    0     0                       0.0293364    1.00000  3309%     -   16s
[2025-01-29 09:20:50,633][gurobipy][INFO] -      0     0    1.00000    0   37    0.02934    1.00000  3309%     -   17s
[2025-01-29 09:20:59,914][gurobipy][INFO] -      0     0    1.00000    0   36    0.02934    1.00000  3309%     -   27s
[2025-01-29 09:21:00,976][gurobipy][INFO] - H    0     0                       0.0484566    1.00000  1964%     -   28s
[2025-01-29 09:21:05,983][gurobipy][INFO] -      0     0    1.00000    0   37    0.04846    1.00000  1964%     -   33s
[2025-01-29 09:21:14,773][gurobipy][INFO] -      0     0    1.00000    0   37    0.04846    1.00000  1964%     -   41s
[2025-01-29 09:21:17,067][gurobipy][INFO] -      0     0    1.00000    0   19    0.04846    1.00000  1964%     -   44s
[2025-01-29 09:21:22,300][gurobipy][INFO] -      0     0    1.00000    0   19    0.04846    1.00000  1964%     -   49s
[2025-01-29 09:21:25,035][gurobipy][INFO] -      0     0    1.00000    0   37    0.04846    1.00000  1964%     -   52s
[2025-01-29 09:21:31,254][gurobipy][INFO] -      0     0    1.00000    0   37    0.04846    1.00000  1964%     -   58s
[2025-01-29 09:21:39,435][gurobipy][INFO] -      0     0    1.00000    0   37    0.04846    1.00000  1964%     -   66s
[2025-01-29 09:22:04,502][gurobipy][INFO] -      0     2    1.00000    0   37    0.04846    1.00000  1964%     -   91s
[2025-01-29 09:22:08,620][gurobipy][INFO] -      3     2    1.00000    2   33    0.04846    1.00000  1964%  1016   95s
[2025-01-29 09:22:13,333][gurobipy][INFO] -      7     4    1.00000    4   30    0.04846    1.00000  1964%   460  100s
[2025-01-29 09:22:19,218][gurobipy][INFO] -     13    12    1.00000    6   26    0.04846    1.00000  1964%   591  106s
[2025-01-29 09:22:35,010][gurobipy][INFO] -     21    14    0.95000    7   29    0.04846    1.00000  1964%   841  122s
[2025-01-29 09:22:40,230][gurobipy][INFO] -     33    18    0.94737    8   28    0.04846    0.95000  1861%   825  127s
[2025-01-29 09:22:43,261][gurobipy][INFO] -     47    22    0.94444    9   27    0.04846    0.94735  1855%   781  130s
[2025-01-29 09:22:48,004][gurobipy][INFO] -     65    24    0.94118   10   26    0.04846    0.94439  1849%   697  135s
[2025-01-29 09:22:52,409][gurobipy][INFO] - H   87    28                       0.0485856    0.94117  1837%   585  139s
[2025-01-29 09:22:52,413][gurobipy][INFO] - H   88    28                       0.0569273    0.94116  1553%   584  139s
[2025-01-29 09:22:52,418][gurobipy][INFO] - H   89    28                       0.0883547    0.94116   965%   578  139s
[2025-01-29 09:22:57,517][gurobipy][INFO] -    111    18    0.93333   12   24    0.08835    0.93748   961%   559  144s
[2025-01-29 09:22:59,530][gurobipy][INFO] - H  132    20                       0.1166186    0.93332   700%   530  146s
[2025-01-29 09:23:06,231][gurobipy][INFO] -    152    17    0.92308   14   21    0.11662    0.92854   696%   475  153s
[2025-01-29 09:23:08,200][gurobipy][INFO] -    172    14    0.91667   15   20    0.11662    0.92308   692%   448  155s
[2025-01-29 09:23:14,666][gurobipy][INFO] -    205    19    0.90000   17   18    0.11662    0.90906   680%   396  161s
[2025-01-29 09:23:19,621][gurobipy][INFO] -    249    23    0.88349   19   20    0.11662    0.89169   665%   370  166s
[2025-01-29 09:23:23,784][gurobipy][INFO] -    272    22    0.86946   20   19    0.11662    0.88538   659%   368  170s
[2025-01-29 09:23:26,468][gurobipy][INFO] - H  305    25                       0.1339051    0.87203   551%   358  173s
[2025-01-29 09:23:34,984][gurobipy][INFO] -    334    16    0.82627   22   16    0.13391    0.85453   538%   365  182s
[2025-01-29 09:23:39,833][gurobipy][INFO] -    382    25    0.76474   24   15    0.13391    0.80281   500%   367  186s
[2025-01-29 09:23:43,820][gurobipy][INFO] -    403    34    0.70651   25   11    0.13391    0.77608   480%   374  190s
[2025-01-29 09:23:43,829][gurobipy][INFO] - H  414    34                       0.1428012    0.77608   443%   372  190s
[2025-01-29 09:23:43,834][gurobipy][INFO] - H  419    34                       0.1760653    0.76471   334%   376  190s
[2025-01-29 09:23:48,670][gurobipy][INFO] -    485    67    0.68341   27    9    0.17607    0.70565   301%   372  195s
[2025-01-29 09:23:54,520][gurobipy][INFO] -    671    25    0.56070   29    7    0.17607    0.69913   297%   341  201s
[2025-01-29 09:23:58,714][gurobipy][INFO] -    749    13    0.27285   31    5    0.17607    0.57892   229%   335  205s
[2025-01-29 09:24:01,687][gurobipy][INFO] - *  808     1              33       0.1780859    0.29509  65.7%   339  208s
[2025-01-29 09:24:01,842][gurobipy][INFO] - 
[2025-01-29 09:24:01,842][gurobipy][INFO] - Cutting planes:
[2025-01-29 09:24:01,842][gurobipy][INFO] -   Cover: 3
[2025-01-29 09:24:01,842][gurobipy][INFO] -   Implied bound: 3
[2025-01-29 09:24:01,842][gurobipy][INFO] -   MIR: 3
[2025-01-29 09:24:01,842][gurobipy][INFO] -   RLT: 5
[2025-01-29 09:24:01,861][gurobipy][INFO] - 
[2025-01-29 09:24:01,861][gurobipy][INFO] - Explored 810 nodes (297373 simplex iterations) in 209.00 seconds (391.09 work units)
[2025-01-29 09:24:01,861][gurobipy][INFO] - Thread count was 24 (of 48 available processors)
[2025-01-29 09:24:01,861][gurobipy][INFO] - 
[2025-01-29 09:24:01,861][gurobipy][INFO] - Solution count 10: 0.178086 0.176065 0.142801 ... 0.0293364
[2025-01-29 09:24:01,861][gurobipy][INFO] - No other solutions better than 0.178086
[2025-01-29 09:24:01,861][gurobipy][INFO] - 
[2025-01-29 09:24:01,861][gurobipy][INFO] - Optimal solution found (tolerance 1.00e-04)
[2025-01-29 09:24:01,864][gurobipy][INFO] - Best objective 1.780858505239e-01, best bound 1.780858505239e-01, gap 0.0000%
[2025-01-29 09:24:02,223][__main__][INFO] - Finished size 40385 (4/5)
[2025-01-29 09:24:43,542][gurobipy][INFO] - Set parameter TimeLimit to value 600
[2025-01-29 09:24:43,668][gurobipy][INFO] - Gurobi Optimizer version 11.0.2 build v11.0.2rc0 (linux64)
[2025-01-29 09:24:43,668][gurobipy][INFO] - 
[2025-01-29 09:24:43,680][gurobipy][INFO] - CPU model: Intel(R) Xeon(R) Gold 6136 CPU @ 3.00GHz, instruction set [SSE2|AVX|AVX2|AVX512]
[2025-01-29 09:24:43,680][gurobipy][INFO] - Thread count: 24 physical cores, 48 logical processors, using up to 24 threads
[2025-01-29 09:24:43,680][gurobipy][INFO] - 
[2025-01-29 09:24:43,680][gurobipy][INFO] - Optimize a model with 440170 rows, 9033 columns and 1113896 nonzeros
[2025-01-29 09:24:43,691][gurobipy][INFO] - Model fingerprint: 0xffdc31ec
[2025-01-29 09:24:43,691][gurobipy][INFO] - Variable types: 8984 continuous, 49 integer (49 binary)
[2025-01-29 09:24:43,692][gurobipy][INFO] - Coefficient statistics:
[2025-01-29 09:24:43,692][gurobipy][INFO] -   Matrix range     [1e-05, 2e+00]
[2025-01-29 09:24:43,692][gurobipy][INFO] -   Objective range  [1e+00, 1e+00]
[2025-01-29 09:24:43,693][gurobipy][INFO] -   Bounds range     [1e+00, 1e+00]
[2025-01-29 09:24:43,693][gurobipy][INFO] -   RHS range        [1e+00, 1e+01]
[2025-01-29 09:24:43,810][gurobipy][INFO] - Found heuristic solution: objective 0.0000000
[2025-01-29 09:24:46,699][gurobipy][INFO] - Presolve removed 107796 rows and 0 columns
[2025-01-29 09:24:46,699][gurobipy][INFO] - Presolve time: 2.89s
[2025-01-29 09:24:46,700][gurobipy][INFO] - Presolved: 332374 rows, 9033 columns, 1006100 nonzeros
[2025-01-29 09:24:46,984][gurobipy][INFO] - Variable types: 8984 continuous, 49 integer (49 binary)
[2025-01-29 09:24:47,726][gurobipy][INFO] - Root relaxation presolved: 9033 rows, 341407 columns, 1015133 nonzeros
[2025-01-29 09:24:47,726][gurobipy][INFO] - 
[2025-01-29 09:24:47,967][gurobipy][INFO] - 
[2025-01-29 09:24:47,967][gurobipy][INFO] - Root relaxation: objective 1.000000e+00, 151 iterations, 0.96 seconds (0.90 work units)
[2025-01-29 09:24:48,167][gurobipy][INFO] - 
[2025-01-29 09:24:48,167][gurobipy][INFO] -     Nodes    |    Current Node    |     Objective Bounds      |     Work
[2025-01-29 09:24:48,167][gurobipy][INFO] -  Expl Unexpl |  Obj  Depth IntInf | Incumbent    BestBd   Gap | It/Node Time
[2025-01-29 09:24:48,167][gurobipy][INFO] - 
[2025-01-29 09:24:48,167][gurobipy][INFO] -      0     0    1.00000    0    6    0.00000    1.00000      -     -    4s
[2025-01-29 09:24:48,288][gurobipy][INFO] - H    0     0                       0.0064989    1.00000      -     -    4s
[2025-01-29 09:24:48,686][gurobipy][INFO] - H    0     0                       0.0162368    1.00000  6059%     -    5s
[2025-01-29 09:24:48,982][gurobipy][INFO] - H    0     0                       0.0395626    1.00000  2428%     -    5s
[2025-01-29 09:24:50,051][gurobipy][INFO] -      0     0    1.00000    0    6    0.03956    1.00000  2428%     -    6s
[2025-01-29 09:25:02,032][gurobipy][INFO] -      0     0    1.00000    0   49    0.03956    1.00000  2428%     -   18s
[2025-01-29 09:25:05,985][gurobipy][INFO] -      0     0    1.00000    0   30    0.03956    1.00000  2428%     -   22s
[2025-01-29 09:25:13,850][gurobipy][INFO] -      0     0    1.00000    0    3    0.03956    1.00000  2428%     -   30s
[2025-01-29 09:25:19,592][gurobipy][INFO] -      0     0    1.00000    0    4    0.03956    1.00000  2428%     -   35s
[2025-01-29 09:25:31,305][gurobipy][INFO] -      0     0    1.00000    0   32    0.03956    1.00000  2428%     -   47s
[2025-01-29 09:25:41,986][gurobipy][INFO] -      0     0    1.00000    0   30    0.03956    1.00000  2428%     -   58s
[2025-01-29 09:25:43,275][gurobipy][INFO] - H    0     0                       0.1056395    1.00000   847%     -   59s
[2025-01-29 09:25:43,471][gurobipy][INFO] - H    0     0                       0.1177292    1.00000   749%     -   59s
[2025-01-29 09:25:44,079][gurobipy][INFO] -      0     0    1.00000    0   30    0.11773    1.00000   749%     -   60s
[2025-01-29 09:25:55,682][gurobipy][INFO] -      0     0    1.00000    0   30    0.11773    1.00000   749%     -   72s
[2025-01-29 09:25:57,206][gurobipy][INFO] - H    0     0                       0.1690253    1.00000   492%     -   73s
[2025-01-29 09:25:57,996][gurobipy][INFO] -      0     0    1.00000    0   31    0.16903    1.00000   492%     -   74s
[2025-01-29 09:26:03,393][gurobipy][INFO] -      0     0    1.00000    0   30    0.16903    1.00000   492%     -   79s
[2025-01-29 09:26:05,221][gurobipy][INFO] -      0     0    1.00000    0   30    0.16903    1.00000   492%     -   81s
[2025-01-29 09:26:10,465][gurobipy][INFO] -      0     0    1.00000    0   29    0.16903    1.00000   492%     -   86s
[2025-01-29 09:26:18,159][gurobipy][INFO] -      0     0    1.00000    0   32    0.16903    1.00000   492%     -   94s
[2025-01-29 09:26:23,836][gurobipy][INFO] -      0     0    1.00000    0   32    0.16903    1.00000   492%     -  100s
[2025-01-29 09:26:33,315][gurobipy][INFO] -      0     0    1.00000    0   32    0.16903    1.00000   492%     -  109s
[2025-01-29 09:26:34,693][gurobipy][INFO] - H    0     0                       0.1739170    1.00000   475%     -  111s
[2025-01-29 09:27:04,537][gurobipy][INFO] -      0     2    1.00000    0   32    0.17392    1.00000   475%     -  140s
[2025-01-29 09:27:08,742][gurobipy][INFO] -      3     2    1.00000    2   29    0.17392    1.00000   475%   609  145s
[2025-01-29 09:27:16,746][gurobipy][INFO] -      9     2    1.00000    5   19    0.17392    1.00000   475%   307  153s
[2025-01-29 09:27:21,089][gurobipy][INFO] -     15     2    1.00000    8   20    0.17392    1.00000   475%   308  157s
[2025-01-29 09:27:44,559][gurobipy][INFO] -     17     4    1.00000    9   18    0.17392    1.00000   475%   289  180s
[2025-01-29 09:27:48,913][gurobipy][INFO] -     23     4    1.00000   11   14    0.17392    1.00000   475%   953  185s
[2025-01-29 09:27:55,651][gurobipy][INFO] -     31     8    1.00000   13   16    0.17392    1.00000   475%   849  191s
[2025-01-29 09:27:58,691][gurobipy][INFO] -     37     6    1.00000   14   17    0.17392    1.00000   475%   889  195s
[2025-01-29 09:28:11,448][gurobipy][INFO] -     45    10    1.00000   15   15    0.17392    1.00000   475%   810  207s
[2025-01-29 09:28:35,382][gurobipy][INFO] -     51    10    1.00000   16   15    0.17392    1.00000   475%  1446  231s
[2025-01-29 09:28:56,337][gurobipy][INFO] -     61    12    0.86664   17   18    0.17392    1.00000   475%  1499  252s
[2025-01-29 09:28:59,701][gurobipy][INFO] -     71    12    0.84866   18   17    0.17392    0.86698   399%  1475  256s
[2025-01-29 09:29:12,348][gurobipy][INFO] -     95    14    0.79574   20   15    0.17392    0.82833   376%  1290  268s
[2025-01-29 09:29:16,807][gurobipy][INFO] -    107    20    0.77811   21   14    0.17392    0.79569   358%  1246  273s
[2025-01-29 09:29:20,562][gurobipy][INFO] -    121    29    0.72804   22   13    0.17392    0.77811   347%  1250  276s
[2025-01-29 09:29:26,582][gurobipy][INFO] -    173    30    0.57477   24   11    0.17392    0.67267   287%  1069  282s
[2025-01-29 09:29:30,357][gurobipy][INFO] -    201    22    0.50582   25   10    0.17392    0.58869   238%  1024  286s
[2025-01-29 09:29:34,058][gurobipy][INFO] -    229    20    0.30424   26    9    0.17392    0.54306   212%  1003  290s
[2025-01-29 09:29:39,807][gurobipy][INFO] -    284     9 infeasible   28         0.17392    0.34345  97.5%   969  296s
[2025-01-29 09:29:41,310][gurobipy][INFO] - 
[2025-01-29 09:29:41,310][gurobipy][INFO] - Cutting planes:
[2025-01-29 09:29:41,310][gurobipy][INFO] -   MIR: 12
[2025-01-29 09:29:41,310][gurobipy][INFO] -   RLT: 8
[2025-01-29 09:29:41,335][gurobipy][INFO] - 
[2025-01-29 09:29:41,335][gurobipy][INFO] - Explored 315 nodes (311140 simplex iterations) in 297.66 seconds (671.77 work units)
[2025-01-29 09:29:41,335][gurobipy][INFO] - Thread count was 24 (of 48 available processors)
[2025-01-29 09:29:41,336][gurobipy][INFO] - 
[2025-01-29 09:29:41,336][gurobipy][INFO] - Solution count 8: 0.173917 0.169025 0.117729 ... 3.55271e-15
[2025-01-29 09:29:41,336][gurobipy][INFO] - No other solutions better than 0.173917
[2025-01-29 09:29:41,336][gurobipy][INFO] - 
[2025-01-29 09:29:41,336][gurobipy][INFO] - Optimal solution found (tolerance 1.00e-04)
[2025-01-29 09:29:41,342][gurobipy][INFO] - Best objective 1.739170232327e-01, best bound 1.739170232327e-01, gap 0.0000%
[2025-01-29 09:29:42,200][__main__][INFO] - Finished size 138554 (5/5)
