[2025-01-29 13:10:30,679][__main__][INFO] - In total, there are 1229 possible subgroups
[2025-01-29 13:10:30,711][__main__][INFO] - [0], []
[2025-01-29 13:10:30,889][__main__][INFO] - [1], []
[2025-01-29 13:10:31,118][__main__][INFO] - [2], []
[2025-01-29 13:10:31,337][__main__][INFO] - [3], []
[2025-01-29 13:10:31,516][__main__][INFO] - [4], []
[2025-01-29 13:10:31,723][__main__][INFO] - [5], []
[2025-01-29 13:10:31,913][__main__][INFO] - [6], []
[2025-01-29 13:10:31,996][__main__][INFO] - [7], []
[2025-01-29 13:10:32,035][__main__][INFO] - [8], []
[2025-01-29 13:10:32,059][__main__][INFO] - [9], []
[2025-01-29 13:10:32,084][__main__][INFO] - [10], []
[2025-01-29 13:10:32,945][__main__][INFO] - [11], []
[2025-01-29 13:10:32,987][__main__][INFO] - [12], []
[2025-01-29 13:10:33,145][__main__][INFO] - [13], []
[2025-01-29 13:10:33,170][__main__][INFO] - [14], []
[2025-01-29 13:10:33,196][__main__][INFO] - [15], []
[2025-01-29 13:10:33,378][__main__][INFO] - [16], []
[2025-01-29 13:10:33,937][__main__][INFO] - [], [16]
[2025-01-29 13:10:34,564][__main__][INFO] - [17], []
[2025-01-29 13:10:34,699][__main__][INFO] - [18], []
[2025-01-29 13:10:35,447][__main__][INFO] - [19], []
[2025-01-29 13:10:35,500][__main__][INFO] - [20], []
[2025-01-29 13:10:35,554][__main__][INFO] - [21], []
[2025-01-29 13:10:35,576][__main__][INFO] - [22], []
[2025-01-29 13:10:35,600][__main__][INFO] - [23], []
[2025-01-29 13:10:35,799][__main__][INFO] - [24], []
[2025-01-29 13:10:35,822][__main__][INFO] - [25], []
[2025-01-29 13:10:35,882][__main__][INFO] - [0, 10], []
[2025-01-29 13:10:36,046][__main__][INFO] - [0, 11], []
[2025-01-29 13:10:36,071][__main__][INFO] - [0, 12], []
[2025-01-29 13:10:36,099][__main__][INFO] - [0, 13], []
[2025-01-29 13:10:36,122][__main__][INFO] - [0, 14], []
[2025-01-29 13:10:36,147][__main__][INFO] - [0, 15], []
[2025-01-29 13:10:36,179][__main__][INFO] - [0, 16], []
[2025-01-29 13:10:36,276][__main__][INFO] - [0], [16]
[2025-01-29 13:10:36,376][__main__][INFO] - [0, 17], []
[2025-01-29 13:10:36,416][__main__][INFO] - [0, 18], []
[2025-01-29 13:10:36,529][__main__][INFO] - [0, 19], []
[2025-01-29 13:10:36,558][__main__][INFO] - [0, 20], []
[2025-01-29 13:10:36,585][__main__][INFO] - [0, 21], []
[2025-01-29 13:10:36,611][__main__][INFO] - [0, 22], []
[2025-01-29 13:10:36,639][__main__][INFO] - [0, 23], []
[2025-01-29 13:10:36,675][__main__][INFO] - [0, 24], []
[2025-01-29 13:10:36,726][__main__][INFO] - [1, 10], []
[2025-01-29 13:10:36,910][__main__][INFO] - [1, 11], []
[2025-01-29 13:10:36,934][__main__][INFO] - [1, 12], []
[2025-01-29 13:10:36,971][__main__][INFO] - [1, 13], []
[2025-01-29 13:10:36,993][__main__][INFO] - [1, 14], []
[2025-01-29 13:10:37,015][__main__][INFO] - [1, 15], []
[2025-01-29 13:10:37,054][__main__][INFO] - [1, 16], []
[2025-01-29 13:10:37,168][__main__][INFO] - [1], [16]
[2025-01-29 13:10:37,294][__main__][INFO] - [1, 17], []
[2025-01-29 13:10:37,339][__main__][INFO] - [1, 18], []
[2025-01-29 13:10:37,478][__main__][INFO] - [1, 19], []
[2025-01-29 13:10:37,508][__main__][INFO] - [1, 20], []
[2025-01-29 13:10:37,536][__main__][INFO] - [1, 21], []
[2025-01-29 13:10:37,558][__main__][INFO] - [1, 22], []
[2025-01-29 13:10:37,584][__main__][INFO] - [1, 23], []
[2025-01-29 13:10:37,632][__main__][INFO] - [1, 24], []
[2025-01-29 13:10:37,684][__main__][INFO] - [2, 10], []
[2025-01-29 13:10:37,831][__main__][INFO] - [2, 11], []
[2025-01-29 13:10:37,857][__main__][INFO] - [2, 12], []
[2025-01-29 13:10:37,901][__main__][INFO] - [2, 13], []
[2025-01-29 13:10:37,927][__main__][INFO] - [2, 14], []
[2025-01-29 13:10:37,952][__main__][INFO] - [2, 15], []
[2025-01-29 13:10:38,006][__main__][INFO] - [2, 16], []
[2025-01-29 13:10:38,110][__main__][INFO] - [2], [16]
[2025-01-29 13:10:38,231][__main__][INFO] - [2, 17], []
[2025-01-29 13:10:38,272][__main__][INFO] - [2, 18], []
[2025-01-29 13:10:38,405][__main__][INFO] - [2, 19], []
[2025-01-29 13:10:38,432][__main__][INFO] - [2, 20], []
[2025-01-29 13:10:38,462][__main__][INFO] - [2, 21], []
[2025-01-29 13:10:38,485][__main__][INFO] - [2, 22], []
[2025-01-29 13:10:38,507][__main__][INFO] - [2, 23], []
[2025-01-29 13:10:38,558][__main__][INFO] - [2, 24], []
[2025-01-29 13:10:38,610][__main__][INFO] - [3, 10], []
[2025-01-29 13:10:38,715][__main__][INFO] - [3, 11], []
[2025-01-29 13:10:38,740][__main__][INFO] - [3, 12], []
[2025-01-29 13:10:38,787][__main__][INFO] - [3, 13], []
[2025-01-29 13:10:38,809][__main__][INFO] - [3, 14], []
[2025-01-29 13:10:38,831][__main__][INFO] - [3, 15], []
[2025-01-29 13:10:38,885][__main__][INFO] - [3, 16], []
[2025-01-29 13:10:38,972][__main__][INFO] - [3], [16]
[2025-01-29 13:10:39,070][__main__][INFO] - [3, 17], []
[2025-01-29 13:10:39,107][__main__][INFO] - [3, 18], []
[2025-01-29 13:10:39,218][__main__][INFO] - [3, 19], []
[2025-01-29 13:10:39,247][__main__][INFO] - [3, 20], []
[2025-01-29 13:10:39,274][__main__][INFO] - [3, 21], []
[2025-01-29 13:10:39,296][__main__][INFO] - [3, 22], []
[2025-01-29 13:10:39,318][__main__][INFO] - [3, 23], []
[2025-01-29 13:10:39,363][__main__][INFO] - [3, 24], []
[2025-01-29 13:10:39,415][__main__][INFO] - [4, 10], []
[2025-01-29 13:10:39,545][__main__][INFO] - [4, 11], []
[2025-01-29 13:10:39,570][__main__][INFO] - [4, 12], []
[2025-01-29 13:10:39,622][__main__][INFO] - [4, 13], []
[2025-01-29 13:10:39,645][__main__][INFO] - [4, 14], []
[2025-01-29 13:10:39,667][__main__][INFO] - [4, 15], []
[2025-01-29 13:10:39,726][__main__][INFO] - [4, 16], []
[2025-01-29 13:10:39,831][__main__][INFO] - [4], [16]
[2025-01-29 13:10:39,947][__main__][INFO] - [4, 17], []
[2025-01-29 13:10:39,986][__main__][INFO] - [4, 18], []
[2025-01-29 13:10:40,123][__main__][INFO] - [4, 19], []
[2025-01-29 13:10:40,152][__main__][INFO] - [4, 20], []
[2025-01-29 13:10:40,182][__main__][INFO] - [4, 21], []
[2025-01-29 13:10:40,205][__main__][INFO] - [4, 22], []
[2025-01-29 13:10:40,227][__main__][INFO] - [4, 23], []
[2025-01-29 13:10:40,277][__main__][INFO] - [4, 24], []
[2025-01-29 13:10:40,328][__main__][INFO] - [5, 10], []
[2025-01-29 13:10:40,455][__main__][INFO] - [5, 11], []
[2025-01-29 13:10:40,479][__main__][INFO] - [5, 12], []
[2025-01-29 13:10:40,523][__main__][INFO] - [5, 13], []
[2025-01-29 13:10:40,546][__main__][INFO] - [5, 14], []
[2025-01-29 13:10:40,568][__main__][INFO] - [5, 15], []
[2025-01-29 13:10:40,613][__main__][INFO] - [5, 16], []
[2025-01-29 13:10:40,707][__main__][INFO] - [5], [16]
[2025-01-29 13:10:40,813][__main__][INFO] - [5, 17], []
[2025-01-29 13:10:40,844][__main__][INFO] - [5, 18], []
[2025-01-29 13:10:40,975][__main__][INFO] - [5, 19], []
[2025-01-29 13:10:41,002][__main__][INFO] - [5, 20], []
[2025-01-29 13:10:41,032][__main__][INFO] - [5, 21], []
[2025-01-29 13:10:41,054][__main__][INFO] - [5, 22], []
[2025-01-29 13:10:41,076][__main__][INFO] - [5, 23], []
[2025-01-29 13:10:41,120][__main__][INFO] - [5, 24], []
[2025-01-29 13:10:41,172][__main__][INFO] - [6, 10], []
[2025-01-29 13:10:41,236][__main__][INFO] - [6, 11], []
[2025-01-29 13:10:41,262][__main__][INFO] - [6, 12], []
[2025-01-29 13:10:41,292][__main__][INFO] - [6, 13], []
[2025-01-29 13:10:41,314][__main__][INFO] - [6, 14], []
[2025-01-29 13:10:41,336][__main__][INFO] - [6, 15], []
[2025-01-29 13:10:41,366][__main__][INFO] - [6, 16], []
[2025-01-29 13:10:41,415][__main__][INFO] - [6], [16]
[2025-01-29 13:10:41,469][__main__][INFO] - [6, 17], []
[2025-01-29 13:10:41,495][__main__][INFO] - [6, 18], []
[2025-01-29 13:10:41,561][__main__][INFO] - [6, 19], []
[2025-01-29 13:10:41,587][__main__][INFO] - [6, 20], []
[2025-01-29 13:10:41,610][__main__][INFO] - [6, 21], []
[2025-01-29 13:10:41,632][__main__][INFO] - [6, 22], []
[2025-01-29 13:10:41,654][__main__][INFO] - [6, 23], []
[2025-01-29 13:10:41,684][__main__][INFO] - [6, 24], []
[2025-01-29 13:10:41,735][__main__][INFO] - [7, 10], []
[2025-01-29 13:10:41,771][__main__][INFO] - [7, 11], []
[2025-01-29 13:10:41,796][__main__][INFO] - [7, 12], []
[2025-01-29 13:10:41,819][__main__][INFO] - [7, 13], []
[2025-01-29 13:10:41,841][__main__][INFO] - [7, 14], []
[2025-01-29 13:10:41,866][__main__][INFO] - [7, 15], []
[2025-01-29 13:10:41,889][__main__][INFO] - [7, 16], []
[2025-01-29 13:10:41,918][__main__][INFO] - [7], [16]
[2025-01-29 13:10:41,949][__main__][INFO] - [7, 17], []
[2025-01-29 13:10:41,971][__main__][INFO] - [7, 18], []
[2025-01-29 13:10:42,007][__main__][INFO] - [7, 19], []
[2025-01-29 13:10:42,028][__main__][INFO] - [7, 20], []
[2025-01-29 13:10:42,050][__main__][INFO] - [7, 21], []
[2025-01-29 13:10:42,086][__main__][INFO] - [7, 23], []
[2025-01-29 13:10:42,156][__main__][INFO] - [8, 10], []
[2025-01-29 13:10:42,181][__main__][INFO] - [8, 11], []
[2025-01-29 13:10:42,202][__main__][INFO] - [8, 12], []
[2025-01-29 13:10:42,255][__main__][INFO] - [8, 15], []
[2025-01-29 13:10:42,277][__main__][INFO] - [8, 16], []
[2025-01-29 13:10:42,302][__main__][INFO] - [8], [16]
[2025-01-29 13:10:42,326][__main__][INFO] - [8, 17], []
[2025-01-29 13:10:42,348][__main__][INFO] - [8, 18], []
[2025-01-29 13:10:42,375][__main__][INFO] - [8, 19], []
[2025-01-29 13:10:42,397][__main__][INFO] - [8, 20], []
[2025-01-29 13:10:42,449][__main__][INFO] - [8, 23], []
[2025-01-29 13:10:42,516][__main__][INFO] - [9, 10], []
[2025-01-29 13:10:42,560][__main__][INFO] - [9, 12], []
[2025-01-29 13:10:42,626][__main__][INFO] - [9, 16], []
[2025-01-29 13:10:42,648][__main__][INFO] - [9], [16]
[2025-01-29 13:10:42,692][__main__][INFO] - [9, 18], []
[2025-01-29 13:10:42,775][__main__][INFO] - [9, 23], []
[2025-01-29 13:10:42,842][__main__][INFO] - [10, 16], []
[2025-01-29 13:10:43,233][__main__][INFO] - [10], [16]
[2025-01-29 13:10:43,659][__main__][INFO] - [10, 17], []
[2025-01-29 13:10:43,733][__main__][INFO] - [10, 18], []
[2025-01-29 13:10:44,350][__main__][INFO] - [10, 19], []
[2025-01-29 13:10:44,399][__main__][INFO] - [10, 20], []
[2025-01-29 13:10:44,452][__main__][INFO] - [10, 21], []
[2025-01-29 13:10:44,480][__main__][INFO] - [10, 22], []
[2025-01-29 13:10:44,503][__main__][INFO] - [10, 23], []
[2025-01-29 13:10:44,572][__main__][INFO] - [10, 24], []
[2025-01-29 13:10:44,595][__main__][INFO] - [10, 25], []
[2025-01-29 13:10:44,632][__main__][INFO] - [11, 16], []
[2025-01-29 13:10:44,665][__main__][INFO] - [11], [16]
[2025-01-29 13:10:44,698][__main__][INFO] - [11, 17], []
[2025-01-29 13:10:44,720][__main__][INFO] - [11, 18], []
[2025-01-29 13:10:44,760][__main__][INFO] - [11, 19], []
[2025-01-29 13:10:44,781][__main__][INFO] - [11, 20], []
[2025-01-29 13:10:44,844][__main__][INFO] - [11, 23], []
[2025-01-29 13:10:44,925][__main__][INFO] - [12, 16], []
[2025-01-29 13:10:45,011][__main__][INFO] - [12], [16]
[2025-01-29 13:10:45,095][__main__][INFO] - [12, 17], []
[2025-01-29 13:10:45,117][__main__][INFO] - [12, 18], []
[2025-01-29 13:10:45,147][__main__][INFO] - [12, 19], []
[2025-01-29 13:10:45,174][__main__][INFO] - [12, 20], []
[2025-01-29 13:10:45,226][__main__][INFO] - [12, 23], []
[2025-01-29 13:10:45,408][__main__][INFO] - [13, 16], []
[2025-01-29 13:10:45,431][__main__][INFO] - [13], [16]
[2025-01-29 13:10:45,455][__main__][INFO] - [13, 17], []
[2025-01-29 13:10:45,480][__main__][INFO] - [13, 18], []
[2025-01-29 13:10:45,506][__main__][INFO] - [13, 19], []
[2025-01-29 13:10:45,528][__main__][INFO] - [13, 20], []
[2025-01-29 13:10:45,592][__main__][INFO] - [13, 23], []
[2025-01-29 13:10:45,659][__main__][INFO] - [14, 16], []
[2025-01-29 13:10:45,682][__main__][INFO] - [14], [16]
[2025-01-29 13:10:45,724][__main__][INFO] - [14, 18], []
[2025-01-29 13:10:45,750][__main__][INFO] - [14, 19], []
[2025-01-29 13:10:45,801][__main__][INFO] - [14, 22], []
[2025-01-29 13:10:45,823][__main__][INFO] - [14, 23], []
[2025-01-29 13:10:45,902][__main__][INFO] - [15, 16], []
[2025-01-29 13:10:45,990][__main__][INFO] - [15], [16]
[2025-01-29 13:10:46,098][__main__][INFO] - [15, 17], []
[2025-01-29 13:10:46,177][__main__][INFO] - [15, 18], []
[2025-01-29 13:10:46,282][__main__][INFO] - [15, 19], []
[2025-01-29 13:10:46,305][__main__][INFO] - [15, 20], []
[2025-01-29 13:10:46,330][__main__][INFO] - [15, 21], []
[2025-01-29 13:10:46,355][__main__][INFO] - [15, 22], []
[2025-01-29 13:10:46,377][__main__][INFO] - [15, 23], []
[2025-01-29 13:10:46,402][__main__][INFO] - [15, 24], []
[2025-01-29 13:10:46,461][__main__][INFO] - [16, 17], []
[2025-01-29 13:10:46,528][__main__][INFO] - [16, 18], []
[2025-01-29 13:10:46,867][__main__][INFO] - [16, 19], []
[2025-01-29 13:10:46,906][__main__][INFO] - [16, 20], []
[2025-01-29 13:10:46,947][__main__][INFO] - [16, 21], []
[2025-01-29 13:10:46,973][__main__][INFO] - [16, 22], []
[2025-01-29 13:10:46,999][__main__][INFO] - [16, 23], []
[2025-01-29 13:10:47,101][__main__][INFO] - [16, 24], []
[2025-01-29 13:10:47,162][__main__][INFO] - [17], [16]
[2025-01-29 13:10:47,244][__main__][INFO] - [18], [16]
[2025-01-29 13:10:47,641][__main__][INFO] - [19], [16]
[2025-01-29 13:10:47,678][__main__][INFO] - [20], [16]
[2025-01-29 13:10:47,716][__main__][INFO] - [21], [16]
[2025-01-29 13:10:47,739][__main__][INFO] - [22], [16]
[2025-01-29 13:10:47,762][__main__][INFO] - [23], [16]
[2025-01-29 13:10:47,858][__main__][INFO] - [24], [16]
[2025-01-29 13:10:47,939][__main__][INFO] - [0, 10, 16], []
[2025-01-29 13:10:48,026][__main__][INFO] - [0, 10], [16]
[2025-01-29 13:10:48,115][__main__][INFO] - [0, 10, 17], []
[2025-01-29 13:10:48,155][__main__][INFO] - [0, 10, 18], []
[2025-01-29 13:10:48,262][__main__][INFO] - [0, 10, 19], []
[2025-01-29 13:10:48,295][__main__][INFO] - [0, 10, 20], []
[2025-01-29 13:10:48,324][__main__][INFO] - [0, 10, 21], []
[2025-01-29 13:10:48,349][__main__][INFO] - [0, 10, 22], []
[2025-01-29 13:10:48,373][__main__][INFO] - [0, 10, 23], []
[2025-01-29 13:10:48,410][__main__][INFO] - [0, 10, 24], []
[2025-01-29 13:10:48,471][__main__][INFO] - [0, 11, 16], []
[2025-01-29 13:10:48,498][__main__][INFO] - [0, 11], [16]
[2025-01-29 13:10:48,538][__main__][INFO] - [0, 11, 18], []
[2025-01-29 13:10:48,566][__main__][INFO] - [0, 11, 19], []
[2025-01-29 13:10:48,649][__main__][INFO] - [0, 11, 23], []
[2025-01-29 13:10:48,722][__main__][INFO] - [0, 12, 16], []
[2025-01-29 13:10:48,749][__main__][INFO] - [0, 12], [16]
[2025-01-29 13:10:48,798][__main__][INFO] - [0, 12, 18], []
[2025-01-29 13:10:48,826][__main__][INFO] - [0, 12, 19], []
[2025-01-29 13:10:48,897][__main__][INFO] - [0, 12, 23], []
[2025-01-29 13:10:48,973][__main__][INFO] - [0, 13, 16], []
[2025-01-29 13:10:48,997][__main__][INFO] - [0, 13], [16]
[2025-01-29 13:10:49,035][__main__][INFO] - [0, 13, 18], []
[2025-01-29 13:10:49,074][__main__][INFO] - [0, 13, 20], []
[2025-01-29 13:10:49,211][__main__][INFO] - [0, 14, 16], []
[2025-01-29 13:10:49,238][__main__][INFO] - [0, 14], [16]
[2025-01-29 13:10:49,284][__main__][INFO] - [0, 14, 18], []
[2025-01-29 13:10:49,355][__main__][INFO] - [0, 14, 22], []
[2025-01-29 13:10:49,449][__main__][INFO] - [0, 15, 16], []
[2025-01-29 13:10:49,477][__main__][INFO] - [0, 15], [16]
[2025-01-29 13:10:49,505][__main__][INFO] - [0, 15, 17], []
[2025-01-29 13:10:49,534][__main__][INFO] - [0, 15, 18], []
[2025-01-29 13:10:49,564][__main__][INFO] - [0, 15, 19], []
[2025-01-29 13:10:49,590][__main__][INFO] - [0, 15, 20], []
[2025-01-29 13:10:49,617][__main__][INFO] - [0, 15, 21], []
[2025-01-29 13:10:49,663][__main__][INFO] - [0, 15, 23], []
[2025-01-29 13:10:49,734][__main__][INFO] - [0, 16, 17], []
[2025-01-29 13:10:49,770][__main__][INFO] - [0, 16, 18], []
[2025-01-29 13:10:49,833][__main__][INFO] - [0, 16, 19], []
[2025-01-29 13:10:49,862][__main__][INFO] - [0, 16, 20], []
[2025-01-29 13:10:49,888][__main__][INFO] - [0, 16, 21], []
[2025-01-29 13:10:49,916][__main__][INFO] - [0, 16, 22], []
[2025-01-29 13:10:49,940][__main__][INFO] - [0, 16, 23], []
[2025-01-29 13:10:49,971][__main__][INFO] - [0, 16, 24], []
[2025-01-29 13:10:50,035][__main__][INFO] - [0, 17], [16]
[2025-01-29 13:10:50,068][__main__][INFO] - [0, 18], [16]
[2025-01-29 13:10:50,137][__main__][INFO] - [0, 19], [16]
[2025-01-29 13:10:50,164][__main__][INFO] - [0, 20], [16]
[2025-01-29 13:10:50,191][__main__][INFO] - [0, 21], [16]
[2025-01-29 13:10:50,217][__main__][INFO] - [0, 22], [16]
[2025-01-29 13:10:50,242][__main__][INFO] - [0, 23], [16]
[2025-01-29 13:10:50,273][__main__][INFO] - [0, 24], [16]
[2025-01-29 13:10:50,353][__main__][INFO] - [1, 10, 16], []
[2025-01-29 13:10:50,452][__main__][INFO] - [1, 10], [16]
[2025-01-29 13:10:50,555][__main__][INFO] - [1, 10, 17], []
[2025-01-29 13:10:50,598][__main__][INFO] - [1, 10, 18], []
[2025-01-29 13:10:50,732][__main__][INFO] - [1, 10, 19], []
[2025-01-29 13:10:50,767][__main__][INFO] - [1, 10, 20], []
[2025-01-29 13:10:50,797][__main__][INFO] - [1, 10, 21], []
[2025-01-29 13:10:50,822][__main__][INFO] - [1, 10, 22], []
[2025-01-29 13:10:50,847][__main__][INFO] - [1, 10, 23], []
[2025-01-29 13:10:50,883][__main__][INFO] - [1, 10, 24], []
[2025-01-29 13:10:50,940][__main__][INFO] - [1, 11, 16], []
[2025-01-29 13:10:50,966][__main__][INFO] - [1, 11], [16]
[2025-01-29 13:10:51,008][__main__][INFO] - [1, 11, 18], []
[2025-01-29 13:10:51,034][__main__][INFO] - [1, 11, 19], []
[2025-01-29 13:10:51,059][__main__][INFO] - [1, 11, 20], []
[2025-01-29 13:10:51,115][__main__][INFO] - [1, 11, 23], []
[2025-01-29 13:10:51,184][__main__][INFO] - [1, 12, 16], []
[2025-01-29 13:10:51,214][__main__][INFO] - [1, 12], [16]
[2025-01-29 13:10:51,262][__main__][INFO] - [1, 12, 18], []
[2025-01-29 13:10:51,288][__main__][INFO] - [1, 12, 19], []
[2025-01-29 13:10:51,371][__main__][INFO] - [1, 12, 23], []
[2025-01-29 13:10:51,468][__main__][INFO] - [1, 13, 16], []
[2025-01-29 13:10:51,496][__main__][INFO] - [1, 13], [16]
[2025-01-29 13:10:51,536][__main__][INFO] - [1, 13, 18], []
[2025-01-29 13:10:51,576][__main__][INFO] - [1, 13, 20], []
[2025-01-29 13:10:51,695][__main__][INFO] - [1, 14, 16], []
[2025-01-29 13:10:51,719][__main__][INFO] - [1, 14], [16]
[2025-01-29 13:10:51,758][__main__][INFO] - [1, 14, 18], []
[2025-01-29 13:10:51,829][__main__][INFO] - [1, 14, 22], []
[2025-01-29 13:10:51,854][__main__][INFO] - [1, 14, 23], []
[2025-01-29 13:10:51,925][__main__][INFO] - [1, 15, 16], []
[2025-01-29 13:10:51,956][__main__][INFO] - [1, 15], [16]
[2025-01-29 13:10:51,990][__main__][INFO] - [1, 15, 17], []
[2025-01-29 13:10:52,023][__main__][INFO] - [1, 15, 18], []
[2025-01-29 13:10:52,057][__main__][INFO] - [1, 15, 19], []
[2025-01-29 13:10:52,081][__main__][INFO] - [1, 15, 20], []
[2025-01-29 13:10:52,106][__main__][INFO] - [1, 15, 21], []
[2025-01-29 13:10:52,152][__main__][INFO] - [1, 15, 23], []
[2025-01-29 13:10:52,177][__main__][INFO] - [1, 15, 24], []
[2025-01-29 13:10:52,240][__main__][INFO] - [1, 16, 17], []
[2025-01-29 13:10:52,276][__main__][INFO] - [1, 16, 18], []
[2025-01-29 13:10:52,353][__main__][INFO] - [1, 16, 19], []
[2025-01-29 13:10:52,381][__main__][INFO] - [1, 16, 20], []
[2025-01-29 13:10:52,408][__main__][INFO] - [1, 16, 21], []
[2025-01-29 13:10:52,433][__main__][INFO] - [1, 16, 22], []
[2025-01-29 13:10:52,458][__main__][INFO] - [1, 16, 23], []
[2025-01-29 13:10:52,494][__main__][INFO] - [1, 16, 24], []
[2025-01-29 13:10:52,553][__main__][INFO] - [1, 17], [16]
[2025-01-29 13:10:52,590][__main__][INFO] - [1, 18], [16]
[2025-01-29 13:10:52,672][__main__][INFO] - [1, 19], [16]
[2025-01-29 13:10:52,703][__main__][INFO] - [1, 20], [16]
[2025-01-29 13:10:52,730][__main__][INFO] - [1, 21], [16]
[2025-01-29 13:10:52,757][__main__][INFO] - [1, 22], [16]
[2025-01-29 13:10:52,780][__main__][INFO] - [1, 23], [16]
[2025-01-29 13:10:52,816][__main__][INFO] - [1, 24], [16]
[2025-01-29 13:10:52,886][__main__][INFO] - [2, 10, 16], []
[2025-01-29 13:10:52,966][__main__][INFO] - [2, 10], [16]
[2025-01-29 13:10:53,054][__main__][INFO] - [2, 10, 17], []
[2025-01-29 13:10:53,087][__main__][INFO] - [2, 10, 18], []
[2025-01-29 13:10:53,197][__main__][INFO] - [2, 10, 19], []
[2025-01-29 13:10:53,226][__main__][INFO] - [2, 10, 20], []
[2025-01-29 13:10:53,254][__main__][INFO] - [2, 10, 21], []
[2025-01-29 13:10:53,282][__main__][INFO] - [2, 10, 22], []
[2025-01-29 13:10:53,309][__main__][INFO] - [2, 10, 23], []
[2025-01-29 13:10:53,340][__main__][INFO] - [2, 10, 24], []
[2025-01-29 13:10:53,395][__main__][INFO] - [2, 11, 16], []
[2025-01-29 13:10:53,424][__main__][INFO] - [2, 11], [16]
[2025-01-29 13:10:53,467][__main__][INFO] - [2, 11, 18], []
[2025-01-29 13:10:53,494][__main__][INFO] - [2, 11, 19], []
[2025-01-29 13:10:53,569][__main__][INFO] - [2, 11, 23], []
[2025-01-29 13:10:53,640][__main__][INFO] - [2, 12, 16], []
[2025-01-29 13:10:53,674][__main__][INFO] - [2, 12], [16]
[2025-01-29 13:10:53,725][__main__][INFO] - [2, 12, 18], []
[2025-01-29 13:10:53,751][__main__][INFO] - [2, 12, 19], []
[2025-01-29 13:10:53,834][__main__][INFO] - [2, 12, 23], []
[2025-01-29 13:10:53,923][__main__][INFO] - [2, 13, 16], []
[2025-01-29 13:10:53,948][__main__][INFO] - [2, 13], [16]
[2025-01-29 13:10:53,988][__main__][INFO] - [2, 13, 18], []
[2025-01-29 13:10:54,032][__main__][INFO] - [2, 13, 20], []
[2025-01-29 13:10:54,093][__main__][INFO] - [2, 13, 23], []
[2025-01-29 13:10:54,166][__main__][INFO] - [2, 14, 16], []
[2025-01-29 13:10:54,191][__main__][INFO] - [2, 14], [16]
[2025-01-29 13:10:54,231][__main__][INFO] - [2, 14, 18], []
[2025-01-29 13:10:54,302][__main__][INFO] - [2, 14, 22], []
[2025-01-29 13:10:54,327][__main__][INFO] - [2, 14, 23], []
[2025-01-29 13:10:54,409][__main__][INFO] - [2, 15, 16], []
[2025-01-29 13:10:54,447][__main__][INFO] - [2, 15], [16]
[2025-01-29 13:10:54,487][__main__][INFO] - [2, 15, 17], []
[2025-01-29 13:10:54,521][__main__][INFO] - [2, 15, 18], []
[2025-01-29 13:10:54,563][__main__][INFO] - [2, 15, 19], []
[2025-01-29 13:10:54,590][__main__][INFO] - [2, 15, 20], []
[2025-01-29 13:10:54,615][__main__][INFO] - [2, 15, 21], []
[2025-01-29 13:10:54,661][__main__][INFO] - [2, 15, 23], []
[2025-01-29 13:10:54,689][__main__][INFO] - [2, 15, 24], []
[2025-01-29 13:10:54,744][__main__][INFO] - [2, 16, 17], []
[2025-01-29 13:10:54,776][__main__][INFO] - [2, 16, 18], []
[2025-01-29 13:10:54,846][__main__][INFO] - [2, 16, 19], []
[2025-01-29 13:10:54,872][__main__][INFO] - [2, 16, 20], []
[2025-01-29 13:10:54,899][__main__][INFO] - [2, 16, 21], []
[2025-01-29 13:10:54,922][__main__][INFO] - [2, 16, 22], []
[2025-01-29 13:10:54,949][__main__][INFO] - [2, 16, 23], []
[2025-01-29 13:10:54,986][__main__][INFO] - [2, 16, 24], []
[2025-01-29 13:10:55,051][__main__][INFO] - [2, 17], [16]
[2025-01-29 13:10:55,086][__main__][INFO] - [2, 18], [16]
[2025-01-29 13:10:55,167][__main__][INFO] - [2, 19], [16]
[2025-01-29 13:10:55,194][__main__][INFO] - [2, 20], [16]
[2025-01-29 13:10:55,221][__main__][INFO] - [2, 21], [16]
[2025-01-29 13:10:55,246][__main__][INFO] - [2, 22], [16]
[2025-01-29 13:10:55,273][__main__][INFO] - [2, 23], [16]
[2025-01-29 13:10:55,312][__main__][INFO] - [2, 24], [16]
[2025-01-29 13:10:55,387][__main__][INFO] - [3, 10, 16], []
[2025-01-29 13:10:55,447][__main__][INFO] - [3, 10], [16]
[2025-01-29 13:10:55,511][__main__][INFO] - [3, 10, 17], []
[2025-01-29 13:10:55,539][__main__][INFO] - [3, 10, 18], []
[2025-01-29 13:10:55,624][__main__][INFO] - [3, 10, 19], []
[2025-01-29 13:10:55,651][__main__][INFO] - [3, 10, 20], []
[2025-01-29 13:10:55,679][__main__][INFO] - [3, 10, 21], []
[2025-01-29 13:10:55,704][__main__][INFO] - [3, 10, 22], []
[2025-01-29 13:10:55,729][__main__][INFO] - [3, 10, 23], []
[2025-01-29 13:10:55,757][__main__][INFO] - [3, 10, 24], []
[2025-01-29 13:10:55,816][__main__][INFO] - [3, 11, 16], []
[2025-01-29 13:10:55,842][__main__][INFO] - [3, 11], [16]
[2025-01-29 13:10:55,884][__main__][INFO] - [3, 11, 18], []
[2025-01-29 13:10:55,914][__main__][INFO] - [3, 11, 19], []
[2025-01-29 13:10:55,985][__main__][INFO] - [3, 11, 23], []
[2025-01-29 13:10:56,064][__main__][INFO] - [3, 12, 16], []
[2025-01-29 13:10:56,099][__main__][INFO] - [3, 12], [16]
[2025-01-29 13:10:56,149][__main__][INFO] - [3, 12, 18], []
[2025-01-29 13:10:56,178][__main__][INFO] - [3, 12, 19], []
[2025-01-29 13:10:56,262][__main__][INFO] - [3, 12, 23], []
[2025-01-29 13:10:56,353][__main__][INFO] - [3, 13, 16], []
[2025-01-29 13:10:56,377][__main__][INFO] - [3, 13], [16]
[2025-01-29 13:10:56,418][__main__][INFO] - [3, 13, 18], []
[2025-01-29 13:10:56,458][__main__][INFO] - [3, 13, 20], []
[2025-01-29 13:10:56,513][__main__][INFO] - [3, 13, 23], []
[2025-01-29 13:10:56,583][__main__][INFO] - [3, 14, 16], []
[2025-01-29 13:10:56,607][__main__][INFO] - [3, 14], [16]
[2025-01-29 13:10:56,651][__main__][INFO] - [3, 14, 18], []
[2025-01-29 13:10:56,675][__main__][INFO] - [3, 14, 19], []
[2025-01-29 13:10:56,740][__main__][INFO] - [3, 14, 22], []
[2025-01-29 13:10:56,768][__main__][INFO] - [3, 14, 23], []
[2025-01-29 13:10:56,839][__main__][INFO] - [3, 15, 16], []
[2025-01-29 13:10:56,878][__main__][INFO] - [3, 15], [16]
[2025-01-29 13:10:56,917][__main__][INFO] - [3, 15, 17], []
[2025-01-29 13:10:56,955][__main__][INFO] - [3, 15, 18], []
[2025-01-29 13:10:56,994][__main__][INFO] - [3, 15, 19], []
[2025-01-29 13:10:57,019][__main__][INFO] - [3, 15, 20], []
[2025-01-29 13:10:57,043][__main__][INFO] - [3, 15, 21], []
[2025-01-29 13:10:57,082][__main__][INFO] - [3, 15, 23], []
[2025-01-29 13:10:57,106][__main__][INFO] - [3, 15, 24], []
[2025-01-29 13:10:57,161][__main__][INFO] - [3, 16, 17], []
[2025-01-29 13:10:57,191][__main__][INFO] - [3, 16, 18], []
[2025-01-29 13:10:57,252][__main__][INFO] - [3, 16, 19], []
[2025-01-29 13:10:57,280][__main__][INFO] - [3, 16, 20], []
[2025-01-29 13:10:57,307][__main__][INFO] - [3, 16, 21], []
[2025-01-29 13:10:57,339][__main__][INFO] - [3, 16, 22], []
[2025-01-29 13:10:57,363][__main__][INFO] - [3, 16, 23], []
[2025-01-29 13:10:57,399][__main__][INFO] - [3, 16, 24], []
[2025-01-29 13:10:57,464][__main__][INFO] - [3, 17], [16]
[2025-01-29 13:10:57,496][__main__][INFO] - [3, 18], [16]
[2025-01-29 13:10:57,564][__main__][INFO] - [3, 19], [16]
[2025-01-29 13:10:57,590][__main__][INFO] - [3, 20], [16]
[2025-01-29 13:10:57,615][__main__][INFO] - [3, 21], [16]
[2025-01-29 13:10:57,638][__main__][INFO] - [3, 22], [16]
[2025-01-29 13:10:57,665][__main__][INFO] - [3, 23], [16]
[2025-01-29 13:10:57,704][__main__][INFO] - [3, 24], [16]
[2025-01-29 13:10:57,781][__main__][INFO] - [4, 10, 16], []
[2025-01-29 13:10:57,853][__main__][INFO] - [4, 10], [16]
[2025-01-29 13:10:57,932][__main__][INFO] - [4, 10, 17], []
[2025-01-29 13:10:57,960][__main__][INFO] - [4, 10, 18], []
[2025-01-29 13:10:58,073][__main__][INFO] - [4, 10, 19], []
[2025-01-29 13:10:58,100][__main__][INFO] - [4, 10, 20], []
[2025-01-29 13:10:58,129][__main__][INFO] - [4, 10, 21], []
[2025-01-29 13:10:58,156][__main__][INFO] - [4, 10, 22], []
[2025-01-29 13:10:58,183][__main__][INFO] - [4, 10, 23], []
[2025-01-29 13:10:58,209][__main__][INFO] - [4, 10, 24], []
[2025-01-29 13:10:58,265][__main__][INFO] - [4, 11, 16], []
[2025-01-29 13:10:58,291][__main__][INFO] - [4, 11], [16]
[2025-01-29 13:10:58,333][__main__][INFO] - [4, 11, 18], []
[2025-01-29 13:10:58,364][__main__][INFO] - [4, 11, 19], []
[2025-01-29 13:10:58,389][__main__][INFO] - [4, 11, 20], []
[2025-01-29 13:10:58,451][__main__][INFO] - [4, 11, 23], []
[2025-01-29 13:10:58,522][__main__][INFO] - [4, 12, 16], []
[2025-01-29 13:10:58,559][__main__][INFO] - [4, 12], [16]
[2025-01-29 13:10:58,611][__main__][INFO] - [4, 12, 18], []
[2025-01-29 13:10:58,637][__main__][INFO] - [4, 12, 19], []
[2025-01-29 13:10:58,714][__main__][INFO] - [4, 12, 23], []
[2025-01-29 13:10:58,812][__main__][INFO] - [4, 13, 16], []
[2025-01-29 13:10:58,836][__main__][INFO] - [4, 13], [16]
[2025-01-29 13:10:58,877][__main__][INFO] - [4, 13, 18], []
[2025-01-29 13:10:58,917][__main__][INFO] - [4, 13, 20], []
[2025-01-29 13:10:58,973][__main__][INFO] - [4, 13, 23], []
[2025-01-29 13:10:59,044][__main__][INFO] - [4, 14, 16], []
[2025-01-29 13:10:59,069][__main__][INFO] - [4, 14], [16]
[2025-01-29 13:10:59,116][__main__][INFO] - [4, 14, 18], []
[2025-01-29 13:10:59,140][__main__][INFO] - [4, 14, 19], []
[2025-01-29 13:10:59,205][__main__][INFO] - [4, 14, 22], []
[2025-01-29 13:10:59,289][__main__][INFO] - [4, 15, 16], []
[2025-01-29 13:10:59,328][__main__][INFO] - [4, 15], [16]
[2025-01-29 13:10:59,372][__main__][INFO] - [4, 15, 17], []
[2025-01-29 13:10:59,410][__main__][INFO] - [4, 15, 18], []
[2025-01-29 13:10:59,453][__main__][INFO] - [4, 15, 19], []
[2025-01-29 13:10:59,479][__main__][INFO] - [4, 15, 20], []
[2025-01-29 13:10:59,503][__main__][INFO] - [4, 15, 21], []
[2025-01-29 13:10:59,550][__main__][INFO] - [4, 15, 23], []
[2025-01-29 13:10:59,575][__main__][INFO] - [4, 15, 24], []
[2025-01-29 13:10:59,640][__main__][INFO] - [4, 16, 17], []
[2025-01-29 13:10:59,675][__main__][INFO] - [4, 16, 18], []
[2025-01-29 13:10:59,756][__main__][INFO] - [4, 16, 19], []
[2025-01-29 13:10:59,782][__main__][INFO] - [4, 16, 20], []
[2025-01-29 13:10:59,808][__main__][INFO] - [4, 16, 21], []
[2025-01-29 13:10:59,831][__main__][INFO] - [4, 16, 22], []
[2025-01-29 13:10:59,855][__main__][INFO] - [4, 16, 23], []
[2025-01-29 13:10:59,896][__main__][INFO] - [4, 16, 24], []
[2025-01-29 13:10:59,952][__main__][INFO] - [4, 17], [16]
[2025-01-29 13:10:59,985][__main__][INFO] - [4, 18], [16]
[2025-01-29 13:11:00,068][__main__][INFO] - [4, 19], [16]
[2025-01-29 13:11:00,094][__main__][INFO] - [4, 20], [16]
[2025-01-29 13:11:00,124][__main__][INFO] - [4, 21], [16]
[2025-01-29 13:11:00,149][__main__][INFO] - [4, 22], [16]
[2025-01-29 13:11:00,174][__main__][INFO] - [4, 23], [16]
[2025-01-29 13:11:00,210][__main__][INFO] - [4, 24], [16]
[2025-01-29 13:11:00,285][__main__][INFO] - [5, 10, 16], []
[2025-01-29 13:11:00,355][__main__][INFO] - [5, 10], [16]
[2025-01-29 13:11:00,429][__main__][INFO] - [5, 10, 17], []
[2025-01-29 13:11:00,457][__main__][INFO] - [5, 10, 18], []
[2025-01-29 13:11:00,567][__main__][INFO] - [5, 10, 19], []
[2025-01-29 13:11:00,593][__main__][INFO] - [5, 10, 20], []
[2025-01-29 13:11:00,622][__main__][INFO] - [5, 10, 21], []
[2025-01-29 13:11:00,650][__main__][INFO] - [5, 10, 22], []
[2025-01-29 13:11:00,674][__main__][INFO] - [5, 10, 23], []
[2025-01-29 13:11:00,701][__main__][INFO] - [5, 10, 24], []
[2025-01-29 13:11:00,763][__main__][INFO] - [5, 11, 16], []
[2025-01-29 13:11:00,792][__main__][INFO] - [5, 11], [16]
[2025-01-29 13:11:00,833][__main__][INFO] - [5, 11, 18], []
[2025-01-29 13:11:00,860][__main__][INFO] - [5, 11, 19], []
[2025-01-29 13:11:01,017][__main__][INFO] - [5, 12, 16], []
[2025-01-29 13:11:01,055][__main__][INFO] - [5, 12], [16]
[2025-01-29 13:11:01,105][__main__][INFO] - [5, 12, 18], []
[2025-01-29 13:11:01,131][__main__][INFO] - [5, 12, 19], []
[2025-01-29 13:11:01,203][__main__][INFO] - [5, 12, 23], []
[2025-01-29 13:11:01,293][__main__][INFO] - [5, 13, 16], []
[2025-01-29 13:11:01,318][__main__][INFO] - [5, 13], [16]
[2025-01-29 13:11:01,358][__main__][INFO] - [5, 13, 18], []
[2025-01-29 13:11:01,397][__main__][INFO] - [5, 13, 20], []
[2025-01-29 13:11:01,452][__main__][INFO] - [5, 13, 23], []
[2025-01-29 13:11:01,535][__main__][INFO] - [5, 14, 16], []
[2025-01-29 13:11:01,563][__main__][INFO] - [5, 14], [16]
[2025-01-29 13:11:01,609][__main__][INFO] - [5, 14, 18], []
[2025-01-29 13:11:01,637][__main__][INFO] - [5, 14, 19], []
[2025-01-29 13:11:01,693][__main__][INFO] - [5, 14, 22], []
[2025-01-29 13:11:01,720][__main__][INFO] - [5, 14, 23], []
[2025-01-29 13:11:01,804][__main__][INFO] - [5, 15, 16], []
[2025-01-29 13:11:01,837][__main__][INFO] - [5, 15], [16]
[2025-01-29 13:11:01,874][__main__][INFO] - [5, 15, 17], []
[2025-01-29 13:11:01,905][__main__][INFO] - [5, 15, 18], []
[2025-01-29 13:11:01,940][__main__][INFO] - [5, 15, 19], []
[2025-01-29 13:11:01,964][__main__][INFO] - [5, 15, 20], []
[2025-01-29 13:11:01,987][__main__][INFO] - [5, 15, 21], []
[2025-01-29 13:11:02,027][__main__][INFO] - [5, 15, 23], []
[2025-01-29 13:11:02,051][__main__][INFO] - [5, 15, 24], []
[2025-01-29 13:11:02,117][__main__][INFO] - [5, 16, 17], []
[2025-01-29 13:11:02,145][__main__][INFO] - [5, 16, 18], []
[2025-01-29 13:11:02,215][__main__][INFO] - [5, 16, 19], []
[2025-01-29 13:11:02,241][__main__][INFO] - [5, 16, 20], []
[2025-01-29 13:11:02,268][__main__][INFO] - [5, 16, 21], []
[2025-01-29 13:11:02,292][__main__][INFO] - [5, 16, 22], []
[2025-01-29 13:11:02,317][__main__][INFO] - [5, 16, 23], []
[2025-01-29 13:11:02,352][__main__][INFO] - [5, 16, 24], []
[2025-01-29 13:11:02,407][__main__][INFO] - [5, 17], [16]
[2025-01-29 13:11:02,437][__main__][INFO] - [5, 18], [16]
[2025-01-29 13:11:02,518][__main__][INFO] - [5, 19], [16]
[2025-01-29 13:11:02,546][__main__][INFO] - [5, 20], [16]
[2025-01-29 13:11:02,573][__main__][INFO] - [5, 21], [16]
[2025-01-29 13:11:02,598][__main__][INFO] - [5, 22], [16]
[2025-01-29 13:11:02,625][__main__][INFO] - [5, 23], [16]
[2025-01-29 13:11:02,660][__main__][INFO] - [5, 24], [16]
[2025-01-29 13:11:02,730][__main__][INFO] - [6, 10, 16], []
[2025-01-29 13:11:02,773][__main__][INFO] - [6, 10], [16]
[2025-01-29 13:11:02,819][__main__][INFO] - [6, 10, 17], []
[2025-01-29 13:11:02,843][__main__][INFO] - [6, 10, 18], []
[2025-01-29 13:11:02,905][__main__][INFO] - [6, 10, 19], []
[2025-01-29 13:11:02,930][__main__][INFO] - [6, 10, 20], []
[2025-01-29 13:11:02,956][__main__][INFO] - [6, 10, 21], []
[2025-01-29 13:11:02,980][__main__][INFO] - [6, 10, 22], []
[2025-01-29 13:11:03,004][__main__][INFO] - [6, 10, 23], []
[2025-01-29 13:11:03,073][__main__][INFO] - [6, 11, 16], []
[2025-01-29 13:11:03,098][__main__][INFO] - [6, 11], [16]
[2025-01-29 13:11:03,139][__main__][INFO] - [6, 11, 18], []
[2025-01-29 13:11:03,290][__main__][INFO] - [6, 12, 16], []
[2025-01-29 13:11:03,321][__main__][INFO] - [6, 12], [16]
[2025-01-29 13:11:03,365][__main__][INFO] - [6, 12, 18], []
[2025-01-29 13:11:03,390][__main__][INFO] - [6, 12, 19], []
[2025-01-29 13:11:03,461][__main__][INFO] - [6, 12, 23], []
[2025-01-29 13:11:03,538][__main__][INFO] - [6, 13, 16], []
[2025-01-29 13:11:03,562][__main__][INFO] - [6, 13], [16]
[2025-01-29 13:11:03,607][__main__][INFO] - [6, 13, 18], []
[2025-01-29 13:11:03,646][__main__][INFO] - [6, 13, 20], []
[2025-01-29 13:11:03,799][__main__][INFO] - [6, 14], [16]
[2025-01-29 13:11:04,001][__main__][INFO] - [6, 15, 16], []
[2025-01-29 13:11:04,028][__main__][INFO] - [6, 15], [16]
[2025-01-29 13:11:04,055][__main__][INFO] - [6, 15, 17], []
[2025-01-29 13:11:04,079][__main__][INFO] - [6, 15, 18], []
[2025-01-29 13:11:04,106][__main__][INFO] - [6, 15, 19], []
[2025-01-29 13:11:04,129][__main__][INFO] - [6, 15, 20], []
[2025-01-29 13:11:04,187][__main__][INFO] - [6, 15, 23], []
[2025-01-29 13:11:04,259][__main__][INFO] - [6, 16, 17], []
[2025-01-29 13:11:04,284][__main__][INFO] - [6, 16, 18], []
[2025-01-29 13:11:04,330][__main__][INFO] - [6, 16, 19], []
[2025-01-29 13:11:04,358][__main__][INFO] - [6, 16, 20], []
[2025-01-29 13:11:04,383][__main__][INFO] - [6, 16, 21], []
[2025-01-29 13:11:04,407][__main__][INFO] - [6, 16, 22], []
[2025-01-29 13:11:04,432][__main__][INFO] - [6, 16, 23], []
[2025-01-29 13:11:04,519][__main__][INFO] - [6, 17], [16]
[2025-01-29 13:11:04,544][__main__][INFO] - [6, 18], [16]
[2025-01-29 13:11:04,591][__main__][INFO] - [6, 19], [16]
[2025-01-29 13:11:04,616][__main__][INFO] - [6, 20], [16]
[2025-01-29 13:11:04,640][__main__][INFO] - [6, 21], [16]
[2025-01-29 13:11:04,663][__main__][INFO] - [6, 22], [16]
[2025-01-29 13:11:04,690][__main__][INFO] - [6, 23], [16]
[2025-01-29 13:11:04,791][__main__][INFO] - [7, 10, 16], []
[2025-01-29 13:11:04,821][__main__][INFO] - [7, 10], [16]
[2025-01-29 13:11:04,853][__main__][INFO] - [7, 10, 17], []
[2025-01-29 13:11:04,878][__main__][INFO] - [7, 10, 18], []
[2025-01-29 13:11:04,914][__main__][INFO] - [7, 10, 19], []
[2025-01-29 13:11:04,939][__main__][INFO] - [7, 10, 20], []
[2025-01-29 13:11:04,964][__main__][INFO] - [7, 10, 21], []
[2025-01-29 13:11:05,004][__main__][INFO] - [7, 10, 23], []
[2025-01-29 13:11:05,076][__main__][INFO] - [7, 11, 16], []
[2025-01-29 13:11:05,104][__main__][INFO] - [7, 11], [16]
[2025-01-29 13:11:05,143][__main__][INFO] - [7, 11, 18], []
[2025-01-29 13:11:05,306][__main__][INFO] - [7, 12, 16], []
[2025-01-29 13:11:05,331][__main__][INFO] - [7, 12], [16]
[2025-01-29 13:11:05,378][__main__][INFO] - [7, 12, 18], []
[2025-01-29 13:11:05,402][__main__][INFO] - [7, 12, 19], []
[2025-01-29 13:11:05,477][__main__][INFO] - [7, 12, 23], []
[2025-01-29 13:11:05,565][__main__][INFO] - [7, 13], [16]
[2025-01-29 13:11:05,605][__main__][INFO] - [7, 13, 18], []
[2025-01-29 13:11:06,016][__main__][INFO] - [7, 15, 16], []
[2025-01-29 13:11:06,044][__main__][INFO] - [7, 15], [16]
[2025-01-29 13:11:06,069][__main__][INFO] - [7, 15, 17], []
[2025-01-29 13:11:06,096][__main__][INFO] - [7, 15, 18], []
[2025-01-29 13:11:06,122][__main__][INFO] - [7, 15, 19], []
[2025-01-29 13:11:06,278][__main__][INFO] - [7, 16, 17], []
[2025-01-29 13:11:06,305][__main__][INFO] - [7, 16, 18], []
[2025-01-29 13:11:06,335][__main__][INFO] - [7, 16, 19], []
[2025-01-29 13:11:06,359][__main__][INFO] - [7, 16, 20], []
[2025-01-29 13:11:06,384][__main__][INFO] - [7, 16, 21], []
[2025-01-29 13:11:06,424][__main__][INFO] - [7, 16, 23], []
[2025-01-29 13:11:06,496][__main__][INFO] - [7, 17], [16]
[2025-01-29 13:11:06,523][__main__][INFO] - [7, 18], [16]
[2025-01-29 13:11:06,559][__main__][INFO] - [7, 19], [16]
[2025-01-29 13:11:06,583][__main__][INFO] - [7, 20], [16]
[2025-01-29 13:11:06,611][__main__][INFO] - [7, 21], [16]
[2025-01-29 13:11:06,651][__main__][INFO] - [7, 23], [16]
[2025-01-29 13:11:06,737][__main__][INFO] - [8, 10, 16], []
[2025-01-29 13:11:06,762][__main__][INFO] - [8, 10], [16]
[2025-01-29 13:11:06,802][__main__][INFO] - [8, 10, 18], []
[2025-01-29 13:11:06,828][__main__][INFO] - [8, 10, 19], []
[2025-01-29 13:11:06,852][__main__][INFO] - [8, 10, 20], []
[2025-01-29 13:11:06,917][__main__][INFO] - [8, 10, 23], []
[2025-01-29 13:11:06,993][__main__][INFO] - [8, 11, 16], []
[2025-01-29 13:11:07,020][__main__][INFO] - [8, 11], [16]
[2025-01-29 13:11:07,067][__main__][INFO] - [8, 11, 18], []
[2025-01-29 13:11:07,216][__main__][INFO] - [8, 12, 16], []
[2025-01-29 13:11:07,241][__main__][INFO] - [8, 12], [16]
[2025-01-29 13:11:07,281][__main__][INFO] - [8, 12, 18], []
[2025-01-29 13:11:07,366][__main__][INFO] - [8, 12, 23], []
[2025-01-29 13:11:07,475][__main__][INFO] - [8, 15, 16], []
[2025-01-29 13:11:07,502][__main__][INFO] - [8, 15], [16]
[2025-01-29 13:11:07,545][__main__][INFO] - [8, 15, 18], []
[2025-01-29 13:11:07,716][__main__][INFO] - [8, 16, 18], []
[2025-01-29 13:11:07,741][__main__][INFO] - [8, 16, 19], []
[2025-01-29 13:11:07,765][__main__][INFO] - [8, 16, 20], []
[2025-01-29 13:11:07,821][__main__][INFO] - [8, 16, 23], []
[2025-01-29 13:11:07,890][__main__][INFO] - [8, 17], [16]
[2025-01-29 13:11:07,914][__main__][INFO] - [8, 18], [16]
[2025-01-29 13:11:07,942][__main__][INFO] - [8, 19], [16]
[2025-01-29 13:11:07,967][__main__][INFO] - [8, 20], [16]
[2025-01-29 13:11:08,023][__main__][INFO] - [8, 23], [16]
[2025-01-29 13:11:08,118][__main__][INFO] - [9, 10, 16], []
[2025-01-29 13:11:08,142][__main__][INFO] - [9, 10], [16]
[2025-01-29 13:11:08,183][__main__][INFO] - [9, 10, 18], []
[2025-01-29 13:11:08,656][__main__][INFO] - [9, 16, 18], []
[2025-01-29 13:11:08,840][__main__][INFO] - [9, 18], [16]
[2025-01-29 13:11:09,034][__main__][INFO] - [10, 16, 17], []
[2025-01-29 13:11:09,081][__main__][INFO] - [10, 16, 18], []
[2025-01-29 13:11:09,358][__main__][INFO] - [10, 16, 19], []
[2025-01-29 13:11:09,395][__main__][INFO] - [10, 16, 20], []
[2025-01-29 13:11:09,433][__main__][INFO] - [10, 16, 21], []
[2025-01-29 13:11:09,461][__main__][INFO] - [10, 16, 22], []
[2025-01-29 13:11:09,485][__main__][INFO] - [10, 16, 23], []
[2025-01-29 13:11:09,526][__main__][INFO] - [10, 16, 24], []
[2025-01-29 13:11:09,581][__main__][INFO] - [10, 17], [16]
[2025-01-29 13:11:09,631][__main__][INFO] - [10, 18], [16]
[2025-01-29 13:11:09,944][__main__][INFO] - [10, 19], [16]
[2025-01-29 13:11:09,980][__main__][INFO] - [10, 20], [16]
[2025-01-29 13:11:10,020][__main__][INFO] - [10, 21], [16]
[2025-01-29 13:11:10,045][__main__][INFO] - [10, 22], [16]
[2025-01-29 13:11:10,070][__main__][INFO] - [10, 23], [16]
[2025-01-29 13:11:10,112][__main__][INFO] - [10, 24], [16]
[2025-01-29 13:11:10,192][__main__][INFO] - [11, 16, 17], []
[2025-01-29 13:11:10,222][__main__][INFO] - [11, 16, 18], []
[2025-01-29 13:11:10,256][__main__][INFO] - [11, 16, 19], []
[2025-01-29 13:11:10,281][__main__][INFO] - [11, 16, 20], []
[2025-01-29 13:11:10,337][__main__][INFO] - [11, 16, 23], []
[2025-01-29 13:11:10,421][__main__][INFO] - [11, 17], [16]
[2025-01-29 13:11:10,448][__main__][INFO] - [11, 18], [16]
[2025-01-29 13:11:10,482][__main__][INFO] - [11, 19], [16]
[2025-01-29 13:11:10,510][__main__][INFO] - [11, 20], [16]
[2025-01-29 13:11:10,563][__main__][INFO] - [11, 23], [16]
[2025-01-29 13:11:10,654][__main__][INFO] - [12, 16, 17], []
[2025-01-29 13:11:10,679][__main__][INFO] - [12, 16, 18], []
[2025-01-29 13:11:10,710][__main__][INFO] - [12, 16, 19], []
[2025-01-29 13:11:10,794][__main__][INFO] - [12, 16, 23], []
[2025-01-29 13:11:10,930][__main__][INFO] - [12, 17], [16]
[2025-01-29 13:11:10,957][__main__][INFO] - [12, 18], [16]
[2025-01-29 13:11:10,989][__main__][INFO] - [12, 19], [16]
[2025-01-29 13:11:11,073][__main__][INFO] - [12, 23], [16]
[2025-01-29 13:11:11,245][__main__][INFO] - [13, 16, 18], []
[2025-01-29 13:11:11,272][__main__][INFO] - [13, 16, 19], []
[2025-01-29 13:11:11,299][__main__][INFO] - [13, 16, 20], []
[2025-01-29 13:11:11,364][__main__][INFO] - [13, 16, 23], []
[2025-01-29 13:11:11,465][__main__][INFO] - [13, 18], [16]
[2025-01-29 13:11:11,492][__main__][INFO] - [13, 19], [16]
[2025-01-29 13:11:11,519][__main__][INFO] - [13, 20], [16]
[2025-01-29 13:11:11,583][__main__][INFO] - [13, 23], [16]
[2025-01-29 13:11:11,703][__main__][INFO] - [14, 16, 18], []
[2025-01-29 13:11:11,730][__main__][INFO] - [14, 16, 19], []
[2025-01-29 13:11:11,786][__main__][INFO] - [14, 16, 22], []
[2025-01-29 13:11:11,810][__main__][INFO] - [14, 16, 23], []
[2025-01-29 13:11:11,897][__main__][INFO] - [14, 18], [16]
[2025-01-29 13:11:11,922][__main__][INFO] - [14, 19], [16]
[2025-01-29 13:11:11,977][__main__][INFO] - [14, 22], [16]
[2025-01-29 13:11:12,002][__main__][INFO] - [14, 23], [16]
[2025-01-29 13:11:12,095][__main__][INFO] - [15, 16, 17], []
[2025-01-29 13:11:12,142][__main__][INFO] - [15, 16, 18], []
[2025-01-29 13:11:12,197][__main__][INFO] - [15, 16, 19], []
[2025-01-29 13:11:12,221][__main__][INFO] - [15, 16, 20], []
[2025-01-29 13:11:12,245][__main__][INFO] - [15, 16, 21], []
[2025-01-29 13:11:12,285][__main__][INFO] - [15, 16, 23], []
[2025-01-29 13:11:12,313][__main__][INFO] - [15, 16, 24], []
[2025-01-29 13:11:12,378][__main__][INFO] - [15, 17], [16]
[2025-01-29 13:11:12,432][__main__][INFO] - [15, 18], [16]
[2025-01-29 13:11:12,499][__main__][INFO] - [15, 19], [16]
[2025-01-29 13:11:12,525][__main__][INFO] - [15, 20], [16]
[2025-01-29 13:11:12,553][__main__][INFO] - [15, 21], [16]
[2025-01-29 13:11:12,593][__main__][INFO] - [15, 23], [16]
[2025-01-29 13:11:12,618][__main__][INFO] - [15, 24], [16]
[2025-01-29 23:40:30,925][__main__][INFO] - In total, there are 1229 possible subgroups
[2025-01-29 23:40:30,953][__main__][INFO] - [0], []
[2025-01-29 23:40:31,129][__main__][INFO] - [1], []
[2025-01-29 23:40:31,352][__main__][INFO] - [2], []
[2025-01-29 23:40:31,565][__main__][INFO] - [3], []
[2025-01-29 23:40:31,736][__main__][INFO] - [4], []
[2025-01-29 23:40:31,938][__main__][INFO] - [5], []
[2025-01-29 23:40:32,119][__main__][INFO] - [6], []
[2025-01-29 23:40:32,198][__main__][INFO] - [7], []
[2025-01-29 23:40:32,237][__main__][INFO] - [8], []
[2025-01-29 23:40:32,257][__main__][INFO] - [9], []
[2025-01-29 23:40:32,278][__main__][INFO] - [10], []
[2025-01-29 23:40:33,126][__main__][INFO] - [11], []
[2025-01-29 23:40:33,165][__main__][INFO] - [12], []
[2025-01-29 23:40:33,316][__main__][INFO] - [13], []
[2025-01-29 23:40:33,337][__main__][INFO] - [14], []
[2025-01-29 23:40:33,360][__main__][INFO] - [15], []
[2025-01-29 23:40:33,534][__main__][INFO] - [16], []
[2025-01-29 23:40:34,084][__main__][INFO] - [], [16]
[2025-01-29 23:40:34,704][__main__][INFO] - [17], []
[2025-01-29 23:40:34,835][__main__][INFO] - [18], []
[2025-01-29 23:40:35,567][__main__][INFO] - [19], []
[2025-01-29 23:40:35,618][__main__][INFO] - [20], []
[2025-01-29 23:40:35,682][__main__][INFO] - [21], []
[2025-01-29 23:40:35,707][__main__][INFO] - [22], []
[2025-01-29 23:40:35,734][__main__][INFO] - [23], []
[2025-01-29 23:40:35,947][__main__][INFO] - [24], []
[2025-01-29 23:40:35,968][__main__][INFO] - [25], []
[2025-01-29 23:40:36,027][__main__][INFO] - [0, 10], []
[2025-01-29 23:40:36,182][__main__][INFO] - [0, 11], []
[2025-01-29 23:40:36,203][__main__][INFO] - [0, 12], []
[2025-01-29 23:40:36,234][__main__][INFO] - [0, 13], []
[2025-01-29 23:40:36,258][__main__][INFO] - [0, 14], []
[2025-01-29 23:40:36,281][__main__][INFO] - [0, 15], []
[2025-01-29 23:40:36,314][__main__][INFO] - [0, 16], []
[2025-01-29 23:40:36,422][__main__][INFO] - [0], [16]
[2025-01-29 23:40:36,532][__main__][INFO] - [0, 17], []
[2025-01-29 23:40:36,576][__main__][INFO] - [0, 18], []
[2025-01-29 23:40:36,701][__main__][INFO] - [0, 19], []
[2025-01-29 23:40:36,734][__main__][INFO] - [0, 20], []
[2025-01-29 23:40:36,763][__main__][INFO] - [0, 21], []
[2025-01-29 23:40:36,786][__main__][INFO] - [0, 22], []
[2025-01-29 23:40:36,809][__main__][INFO] - [0, 23], []
[2025-01-29 23:40:36,843][__main__][INFO] - [0, 24], []
[2025-01-29 23:40:36,891][__main__][INFO] - [1, 10], []
[2025-01-29 23:40:37,071][__main__][INFO] - [1, 11], []
[2025-01-29 23:40:37,094][__main__][INFO] - [1, 12], []
[2025-01-29 23:40:37,129][__main__][INFO] - [1, 13], []
[2025-01-29 23:40:37,150][__main__][INFO] - [1, 14], []
[2025-01-29 23:40:37,170][__main__][INFO] - [1, 15], []
[2025-01-29 23:40:37,207][__main__][INFO] - [1, 16], []
[2025-01-29 23:40:37,318][__main__][INFO] - [1], [16]
[2025-01-29 23:40:37,439][__main__][INFO] - [1, 17], []
[2025-01-29 23:40:37,483][__main__][INFO] - [1, 18], []
[2025-01-29 23:40:37,618][__main__][INFO] - [1, 19], []
[2025-01-29 23:40:37,646][__main__][INFO] - [1, 20], []
[2025-01-29 23:40:37,672][__main__][INFO] - [1, 21], []
[2025-01-29 23:40:37,693][__main__][INFO] - [1, 22], []
[2025-01-29 23:40:37,713][__main__][INFO] - [1, 23], []
[2025-01-29 23:40:37,759][__main__][INFO] - [1, 24], []
[2025-01-29 23:40:37,807][__main__][INFO] - [2, 10], []
[2025-01-29 23:40:37,951][__main__][INFO] - [2, 11], []
[2025-01-29 23:40:37,975][__main__][INFO] - [2, 12], []
[2025-01-29 23:40:38,017][__main__][INFO] - [2, 13], []
[2025-01-29 23:40:38,038][__main__][INFO] - [2, 14], []
[2025-01-29 23:40:38,058][__main__][INFO] - [2, 15], []
[2025-01-29 23:40:38,107][__main__][INFO] - [2, 16], []
[2025-01-29 23:40:38,208][__main__][INFO] - [2], [16]
[2025-01-29 23:40:38,324][__main__][INFO] - [2, 17], []
[2025-01-29 23:40:38,364][__main__][INFO] - [2, 18], []
[2025-01-29 23:40:38,495][__main__][INFO] - [2, 19], []
[2025-01-29 23:40:38,520][__main__][INFO] - [2, 20], []
[2025-01-29 23:40:38,546][__main__][INFO] - [2, 21], []
[2025-01-29 23:40:38,566][__main__][INFO] - [2, 22], []
[2025-01-29 23:40:38,586][__main__][INFO] - [2, 23], []
[2025-01-29 23:40:38,635][__main__][INFO] - [2, 24], []
[2025-01-29 23:40:38,684][__main__][INFO] - [3, 10], []
[2025-01-29 23:40:38,785][__main__][INFO] - [3, 11], []
[2025-01-29 23:40:38,809][__main__][INFO] - [3, 12], []
[2025-01-29 23:40:38,851][__main__][INFO] - [3, 13], []
[2025-01-29 23:40:38,872][__main__][INFO] - [3, 14], []
[2025-01-29 23:40:38,892][__main__][INFO] - [3, 15], []
[2025-01-29 23:40:38,941][__main__][INFO] - [3, 16], []
[2025-01-29 23:40:39,025][__main__][INFO] - [3], [16]
[2025-01-29 23:40:39,119][__main__][INFO] - [3, 17], []
[2025-01-29 23:40:39,154][__main__][INFO] - [3, 18], []
[2025-01-29 23:40:39,258][__main__][INFO] - [3, 19], []
[2025-01-29 23:40:39,281][__main__][INFO] - [3, 20], []
[2025-01-29 23:40:39,306][__main__][INFO] - [3, 21], []
[2025-01-29 23:40:39,326][__main__][INFO] - [3, 22], []
[2025-01-29 23:40:39,346][__main__][INFO] - [3, 23], []
[2025-01-29 23:40:39,390][__main__][INFO] - [3, 24], []
[2025-01-29 23:40:39,439][__main__][INFO] - [4, 10], []
[2025-01-29 23:40:39,565][__main__][INFO] - [4, 11], []
[2025-01-29 23:40:39,589][__main__][INFO] - [4, 12], []
[2025-01-29 23:40:39,636][__main__][INFO] - [4, 13], []
[2025-01-29 23:40:39,656][__main__][INFO] - [4, 14], []
[2025-01-29 23:40:39,677][__main__][INFO] - [4, 15], []
[2025-01-29 23:40:39,733][__main__][INFO] - [4, 16], []
[2025-01-29 23:40:39,836][__main__][INFO] - [4], [16]
[2025-01-29 23:40:39,949][__main__][INFO] - [4, 17], []
[2025-01-29 23:40:39,986][__main__][INFO] - [4, 18], []
[2025-01-29 23:40:40,120][__main__][INFO] - [4, 19], []
[2025-01-29 23:40:40,143][__main__][INFO] - [4, 20], []
[2025-01-29 23:40:40,169][__main__][INFO] - [4, 21], []
[2025-01-29 23:40:40,190][__main__][INFO] - [4, 22], []
[2025-01-29 23:40:40,210][__main__][INFO] - [4, 23], []
[2025-01-29 23:40:40,257][__main__][INFO] - [4, 24], []
[2025-01-29 23:40:40,306][__main__][INFO] - [5, 10], []
[2025-01-29 23:40:40,429][__main__][INFO] - [5, 11], []
[2025-01-29 23:40:40,452][__main__][INFO] - [5, 12], []
[2025-01-29 23:40:40,494][__main__][INFO] - [5, 13], []
[2025-01-29 23:40:40,515][__main__][INFO] - [5, 14], []
[2025-01-29 23:40:40,535][__main__][INFO] - [5, 15], []
[2025-01-29 23:40:40,578][__main__][INFO] - [5, 16], []
[2025-01-29 23:40:40,670][__main__][INFO] - [5], [16]
[2025-01-29 23:40:40,772][__main__][INFO] - [5, 17], []
[2025-01-29 23:40:40,802][__main__][INFO] - [5, 18], []
[2025-01-29 23:40:40,930][__main__][INFO] - [5, 19], []
[2025-01-29 23:40:40,953][__main__][INFO] - [5, 20], []
[2025-01-29 23:40:40,978][__main__][INFO] - [5, 21], []
[2025-01-29 23:40:40,998][__main__][INFO] - [5, 22], []
[2025-01-29 23:40:41,018][__main__][INFO] - [5, 23], []
[2025-01-29 23:40:41,060][__main__][INFO] - [5, 24], []
[2025-01-29 23:40:41,109][__main__][INFO] - [6, 10], []
[2025-01-29 23:40:41,171][__main__][INFO] - [6, 11], []
[2025-01-29 23:40:41,192][__main__][INFO] - [6, 12], []
[2025-01-29 23:40:41,219][__main__][INFO] - [6, 13], []
[2025-01-29 23:40:41,239][__main__][INFO] - [6, 14], []
[2025-01-29 23:40:41,259][__main__][INFO] - [6, 15], []
[2025-01-29 23:40:41,285][__main__][INFO] - [6, 16], []
[2025-01-29 23:40:41,331][__main__][INFO] - [6], [16]
[2025-01-29 23:40:41,382][__main__][INFO] - [6, 17], []
[2025-01-29 23:40:41,404][__main__][INFO] - [6, 18], []
[2025-01-29 23:40:41,468][__main__][INFO] - [6, 19], []
[2025-01-29 23:40:41,488][__main__][INFO] - [6, 20], []
[2025-01-29 23:40:41,510][__main__][INFO] - [6, 21], []
[2025-01-29 23:40:41,530][__main__][INFO] - [6, 22], []
[2025-01-29 23:40:41,550][__main__][INFO] - [6, 23], []
[2025-01-29 23:40:41,577][__main__][INFO] - [6, 24], []
[2025-01-29 23:40:41,626][__main__][INFO] - [7, 10], []
[2025-01-29 23:40:41,659][__main__][INFO] - [7, 11], []
[2025-01-29 23:40:41,679][__main__][INFO] - [7, 12], []
[2025-01-29 23:40:41,700][__main__][INFO] - [7, 13], []
[2025-01-29 23:40:41,720][__main__][INFO] - [7, 14], []
[2025-01-29 23:40:41,740][__main__][INFO] - [7, 15], []
[2025-01-29 23:40:41,761][__main__][INFO] - [7, 16], []
[2025-01-29 23:40:41,788][__main__][INFO] - [7], [16]
[2025-01-29 23:40:41,817][__main__][INFO] - [7, 17], []
[2025-01-29 23:40:41,838][__main__][INFO] - [7, 18], []
[2025-01-29 23:40:41,871][__main__][INFO] - [7, 19], []
[2025-01-29 23:40:41,891][__main__][INFO] - [7, 20], []
[2025-01-29 23:40:41,912][__main__][INFO] - [7, 21], []
[2025-01-29 23:40:41,946][__main__][INFO] - [7, 23], []
[2025-01-29 23:40:42,011][__main__][INFO] - [8, 10], []
[2025-01-29 23:40:42,033][__main__][INFO] - [8, 11], []
[2025-01-29 23:40:42,053][__main__][INFO] - [8, 12], []
[2025-01-29 23:40:42,102][__main__][INFO] - [8, 15], []
[2025-01-29 23:40:42,122][__main__][INFO] - [8, 16], []
[2025-01-29 23:40:42,143][__main__][INFO] - [8], [16]
[2025-01-29 23:40:42,164][__main__][INFO] - [8, 17], []
[2025-01-29 23:40:42,184][__main__][INFO] - [8, 18], []
[2025-01-29 23:40:42,207][__main__][INFO] - [8, 19], []
[2025-01-29 23:40:42,226][__main__][INFO] - [8, 20], []
[2025-01-29 23:40:42,276][__main__][INFO] - [8, 23], []
[2025-01-29 23:40:42,339][__main__][INFO] - [9, 10], []
[2025-01-29 23:40:42,374][__main__][INFO] - [9, 12], []
[2025-01-29 23:40:42,438][__main__][INFO] - [9, 16], []
[2025-01-29 23:40:42,458][__main__][INFO] - [9], [16]
[2025-01-29 23:40:42,493][__main__][INFO] - [9, 18], []
[2025-01-29 23:40:42,571][__main__][INFO] - [9, 23], []
[2025-01-29 23:40:42,635][__main__][INFO] - [10, 16], []
[2025-01-29 23:40:43,017][__main__][INFO] - [10], [16]
[2025-01-29 23:40:43,434][__main__][INFO] - [10, 17], []
[2025-01-29 23:40:43,506][__main__][INFO] - [10, 18], []
[2025-01-29 23:40:44,104][__main__][INFO] - [10, 19], []
[2025-01-29 23:40:44,152][__main__][INFO] - [10, 20], []
[2025-01-29 23:40:44,203][__main__][INFO] - [10, 21], []
[2025-01-29 23:40:44,226][__main__][INFO] - [10, 22], []
[2025-01-29 23:40:44,247][__main__][INFO] - [10, 23], []
[2025-01-29 23:40:44,307][__main__][INFO] - [10, 24], []
[2025-01-29 23:40:44,327][__main__][INFO] - [10, 25], []
[2025-01-29 23:40:44,362][__main__][INFO] - [11, 16], []
[2025-01-29 23:40:44,390][__main__][INFO] - [11], [16]
[2025-01-29 23:40:44,420][__main__][INFO] - [11, 17], []
[2025-01-29 23:40:44,440][__main__][INFO] - [11, 18], []
[2025-01-29 23:40:44,479][__main__][INFO] - [11, 19], []
[2025-01-29 23:40:44,499][__main__][INFO] - [11, 20], []
[2025-01-29 23:40:44,548][__main__][INFO] - [11, 23], []
[2025-01-29 23:40:44,612][__main__][INFO] - [12, 16], []
[2025-01-29 23:40:44,692][__main__][INFO] - [12], [16]
[2025-01-29 23:40:44,774][__main__][INFO] - [12, 17], []
[2025-01-29 23:40:44,794][__main__][INFO] - [12, 18], []
[2025-01-29 23:40:44,822][__main__][INFO] - [12, 19], []
[2025-01-29 23:40:44,846][__main__][INFO] - [12, 20], []
[2025-01-29 23:40:44,896][__main__][INFO] - [12, 23], []
[2025-01-29 23:40:45,074][__main__][INFO] - [13, 16], []
[2025-01-29 23:40:45,096][__main__][INFO] - [13], [16]
[2025-01-29 23:40:45,118][__main__][INFO] - [13, 17], []
[2025-01-29 23:40:45,138][__main__][INFO] - [13, 18], []
[2025-01-29 23:40:45,159][__main__][INFO] - [13, 19], []
[2025-01-29 23:40:45,179][__main__][INFO] - [13, 20], []
[2025-01-29 23:40:45,229][__main__][INFO] - [13, 23], []
[2025-01-29 23:40:45,293][__main__][INFO] - [14, 16], []
[2025-01-29 23:40:45,313][__main__][INFO] - [14], [16]
[2025-01-29 23:40:45,348][__main__][INFO] - [14, 18], []
[2025-01-29 23:40:45,368][__main__][INFO] - [14, 19], []
[2025-01-29 23:40:45,417][__main__][INFO] - [14, 22], []
[2025-01-29 23:40:45,437][__main__][INFO] - [14, 23], []
[2025-01-29 23:40:45,501][__main__][INFO] - [15, 16], []
[2025-01-29 23:40:45,581][__main__][INFO] - [15], [16]
[2025-01-29 23:40:45,687][__main__][INFO] - [15, 17], []
[2025-01-29 23:40:45,760][__main__][INFO] - [15, 18], []
[2025-01-29 23:40:45,862][__main__][INFO] - [15, 19], []
[2025-01-29 23:40:45,884][__main__][INFO] - [15, 20], []
[2025-01-29 23:40:45,905][__main__][INFO] - [15, 21], []
[2025-01-29 23:40:45,925][__main__][INFO] - [15, 22], []
[2025-01-29 23:40:45,945][__main__][INFO] - [15, 23], []
[2025-01-29 23:40:45,965][__main__][INFO] - [15, 24], []
[2025-01-29 23:40:46,015][__main__][INFO] - [16, 17], []
[2025-01-29 23:40:46,079][__main__][INFO] - [16, 18], []
[2025-01-29 23:40:46,411][__main__][INFO] - [16, 19], []
[2025-01-29 23:40:46,447][__main__][INFO] - [16, 20], []
[2025-01-29 23:40:46,483][__main__][INFO] - [16, 21], []
[2025-01-29 23:40:46,505][__main__][INFO] - [16, 22], []
[2025-01-29 23:40:46,525][__main__][INFO] - [16, 23], []
[2025-01-29 23:40:46,622][__main__][INFO] - [16, 24], []
[2025-01-29 23:40:46,671][__main__][INFO] - [17], [16]
[2025-01-29 23:40:46,747][__main__][INFO] - [18], [16]
[2025-01-29 23:40:47,129][__main__][INFO] - [19], [16]
[2025-01-29 23:40:47,165][__main__][INFO] - [20], [16]
[2025-01-29 23:40:47,200][__main__][INFO] - [21], [16]
[2025-01-29 23:40:47,221][__main__][INFO] - [22], [16]
[2025-01-29 23:40:47,241][__main__][INFO] - [23], [16]
[2025-01-29 23:40:47,333][__main__][INFO] - [24], [16]
[2025-01-29 23:40:47,412][__main__][INFO] - [0, 10, 16], []
[2025-01-29 23:40:47,498][__main__][INFO] - [0, 10], [16]
[2025-01-29 23:40:47,585][__main__][INFO] - [0, 10, 17], []
[2025-01-29 23:40:47,622][__main__][INFO] - [0, 10, 18], []
[2025-01-29 23:40:47,725][__main__][INFO] - [0, 10, 19], []
[2025-01-29 23:40:47,756][__main__][INFO] - [0, 10, 20], []
[2025-01-29 23:40:47,783][__main__][INFO] - [0, 10, 21], []
[2025-01-29 23:40:47,806][__main__][INFO] - [0, 10, 22], []
[2025-01-29 23:40:47,828][__main__][INFO] - [0, 10, 23], []
[2025-01-29 23:40:47,860][__main__][INFO] - [0, 10, 24], []
[2025-01-29 23:40:47,912][__main__][INFO] - [0, 11, 16], []
[2025-01-29 23:40:47,935][__main__][INFO] - [0, 11], [16]
[2025-01-29 23:40:47,973][__main__][INFO] - [0, 11, 18], []
[2025-01-29 23:40:47,997][__main__][INFO] - [0, 11, 19], []
[2025-01-29 23:40:48,063][__main__][INFO] - [0, 11, 23], []
[2025-01-29 23:40:48,130][__main__][INFO] - [0, 12, 16], []
[2025-01-29 23:40:48,155][__main__][INFO] - [0, 12], [16]
[2025-01-29 23:40:48,195][__main__][INFO] - [0, 12, 18], []
[2025-01-29 23:40:48,218][__main__][INFO] - [0, 12, 19], []
[2025-01-29 23:40:48,285][__main__][INFO] - [0, 12, 23], []
[2025-01-29 23:40:48,357][__main__][INFO] - [0, 13, 16], []
[2025-01-29 23:40:48,380][__main__][INFO] - [0, 13], [16]
[2025-01-29 23:40:48,417][__main__][INFO] - [0, 13, 18], []
[2025-01-29 23:40:48,454][__main__][INFO] - [0, 13, 20], []
[2025-01-29 23:40:48,565][__main__][INFO] - [0, 14, 16], []
[2025-01-29 23:40:48,587][__main__][INFO] - [0, 14], [16]
[2025-01-29 23:40:48,624][__main__][INFO] - [0, 14, 18], []
[2025-01-29 23:40:48,691][__main__][INFO] - [0, 14, 22], []
[2025-01-29 23:40:48,773][__main__][INFO] - [0, 15, 16], []
[2025-01-29 23:40:48,799][__main__][INFO] - [0, 15], [16]
[2025-01-29 23:40:48,825][__main__][INFO] - [0, 15, 17], []
[2025-01-29 23:40:48,849][__main__][INFO] - [0, 15, 18], []
[2025-01-29 23:40:48,875][__main__][INFO] - [0, 15, 19], []
[2025-01-29 23:40:48,897][__main__][INFO] - [0, 15, 20], []
[2025-01-29 23:40:48,920][__main__][INFO] - [0, 15, 21], []
[2025-01-29 23:40:48,956][__main__][INFO] - [0, 15, 23], []
[2025-01-29 23:40:49,023][__main__][INFO] - [0, 16, 17], []
[2025-01-29 23:40:49,054][__main__][INFO] - [0, 16, 18], []
[2025-01-29 23:40:49,115][__main__][INFO] - [0, 16, 19], []
[2025-01-29 23:40:49,141][__main__][INFO] - [0, 16, 20], []
[2025-01-29 23:40:49,166][__main__][INFO] - [0, 16, 21], []
[2025-01-29 23:40:49,188][__main__][INFO] - [0, 16, 22], []
[2025-01-29 23:40:49,210][__main__][INFO] - [0, 16, 23], []
[2025-01-29 23:40:49,238][__main__][INFO] - [0, 16, 24], []
[2025-01-29 23:40:49,290][__main__][INFO] - [0, 17], [16]
[2025-01-29 23:40:49,321][__main__][INFO] - [0, 18], [16]
[2025-01-29 23:40:49,385][__main__][INFO] - [0, 19], [16]
[2025-01-29 23:40:49,411][__main__][INFO] - [0, 20], [16]
[2025-01-29 23:40:49,435][__main__][INFO] - [0, 21], [16]
[2025-01-29 23:40:49,458][__main__][INFO] - [0, 22], [16]
[2025-01-29 23:40:49,480][__main__][INFO] - [0, 23], [16]
[2025-01-29 23:40:49,509][__main__][INFO] - [0, 24], [16]
[2025-01-29 23:40:49,576][__main__][INFO] - [1, 10, 16], []
[2025-01-29 23:40:49,671][__main__][INFO] - [1, 10], [16]
[2025-01-29 23:40:49,769][__main__][INFO] - [1, 10, 17], []
[2025-01-29 23:40:49,808][__main__][INFO] - [1, 10, 18], []
[2025-01-29 23:40:49,928][__main__][INFO] - [1, 10, 19], []
[2025-01-29 23:40:49,957][__main__][INFO] - [1, 10, 20], []
[2025-01-29 23:40:49,986][__main__][INFO] - [1, 10, 21], []
[2025-01-29 23:40:50,009][__main__][INFO] - [1, 10, 22], []
[2025-01-29 23:40:50,032][__main__][INFO] - [1, 10, 23], []
[2025-01-29 23:40:50,066][__main__][INFO] - [1, 10, 24], []
[2025-01-29 23:40:50,119][__main__][INFO] - [1, 11, 16], []
[2025-01-29 23:40:50,142][__main__][INFO] - [1, 11], [16]
[2025-01-29 23:40:50,181][__main__][INFO] - [1, 11, 18], []
[2025-01-29 23:40:50,206][__main__][INFO] - [1, 11, 19], []
[2025-01-29 23:40:50,229][__main__][INFO] - [1, 11, 20], []
[2025-01-29 23:40:50,281][__main__][INFO] - [1, 11, 23], []
[2025-01-29 23:40:50,348][__main__][INFO] - [1, 12, 16], []
[2025-01-29 23:40:50,377][__main__][INFO] - [1, 12], [16]
[2025-01-29 23:40:50,422][__main__][INFO] - [1, 12, 18], []
[2025-01-29 23:40:50,445][__main__][INFO] - [1, 12, 19], []
[2025-01-29 23:40:50,513][__main__][INFO] - [1, 12, 23], []
[2025-01-29 23:40:50,592][__main__][INFO] - [1, 13, 16], []
[2025-01-29 23:40:50,615][__main__][INFO] - [1, 13], [16]
[2025-01-29 23:40:50,656][__main__][INFO] - [1, 13, 18], []
[2025-01-29 23:40:50,694][__main__][INFO] - [1, 13, 20], []
[2025-01-29 23:40:50,806][__main__][INFO] - [1, 14, 16], []
[2025-01-29 23:40:50,829][__main__][INFO] - [1, 14], [16]
[2025-01-29 23:40:50,866][__main__][INFO] - [1, 14, 18], []
[2025-01-29 23:40:50,933][__main__][INFO] - [1, 14, 22], []
[2025-01-29 23:40:50,955][__main__][INFO] - [1, 14, 23], []
[2025-01-29 23:40:51,022][__main__][INFO] - [1, 15, 16], []
[2025-01-29 23:40:51,051][__main__][INFO] - [1, 15], [16]
[2025-01-29 23:40:51,088][__main__][INFO] - [1, 15, 17], []
[2025-01-29 23:40:51,121][__main__][INFO] - [1, 15, 18], []
[2025-01-29 23:40:51,159][__main__][INFO] - [1, 15, 19], []
[2025-01-29 23:40:51,184][__main__][INFO] - [1, 15, 20], []
[2025-01-29 23:40:51,209][__main__][INFO] - [1, 15, 21], []
[2025-01-29 23:40:51,253][__main__][INFO] - [1, 15, 23], []
[2025-01-29 23:40:51,276][__main__][INFO] - [1, 15, 24], []
[2025-01-29 23:40:51,328][__main__][INFO] - [1, 16, 17], []
[2025-01-29 23:40:51,360][__main__][INFO] - [1, 16, 18], []
[2025-01-29 23:40:51,433][__main__][INFO] - [1, 16, 19], []
[2025-01-29 23:40:51,458][__main__][INFO] - [1, 16, 20], []
[2025-01-29 23:40:51,488][__main__][INFO] - [1, 16, 21], []
[2025-01-29 23:40:51,513][__main__][INFO] - [1, 16, 22], []
[2025-01-29 23:40:51,539][__main__][INFO] - [1, 16, 23], []
[2025-01-29 23:40:51,580][__main__][INFO] - [1, 16, 24], []
[2025-01-29 23:40:51,641][__main__][INFO] - [1, 17], [16]
[2025-01-29 23:40:51,679][__main__][INFO] - [1, 18], [16]
[2025-01-29 23:40:51,770][__main__][INFO] - [1, 19], [16]
[2025-01-29 23:40:51,800][__main__][INFO] - [1, 20], [16]
[2025-01-29 23:40:51,828][__main__][INFO] - [1, 21], [16]
[2025-01-29 23:40:51,853][__main__][INFO] - [1, 22], [16]
[2025-01-29 23:40:51,879][__main__][INFO] - [1, 23], [16]
[2025-01-29 23:40:51,917][__main__][INFO] - [1, 24], [16]
[2025-01-29 23:40:51,995][__main__][INFO] - [2, 10, 16], []
[2025-01-29 23:40:52,085][__main__][INFO] - [2, 10], [16]
[2025-01-29 23:40:52,183][__main__][INFO] - [2, 10, 17], []
[2025-01-29 23:40:52,218][__main__][INFO] - [2, 10, 18], []
[2025-01-29 23:40:52,342][__main__][INFO] - [2, 10, 19], []
[2025-01-29 23:40:52,373][__main__][INFO] - [2, 10, 20], []
[2025-01-29 23:40:52,403][__main__][INFO] - [2, 10, 21], []
[2025-01-29 23:40:52,429][__main__][INFO] - [2, 10, 22], []
[2025-01-29 23:40:52,456][__main__][INFO] - [2, 10, 23], []
[2025-01-29 23:40:52,493][__main__][INFO] - [2, 10, 24], []
[2025-01-29 23:40:52,553][__main__][INFO] - [2, 11, 16], []
[2025-01-29 23:40:52,581][__main__][INFO] - [2, 11], [16]
[2025-01-29 23:40:52,627][__main__][INFO] - [2, 11, 18], []
[2025-01-29 23:40:52,656][__main__][INFO] - [2, 11, 19], []
[2025-01-29 23:40:52,736][__main__][INFO] - [2, 11, 23], []
[2025-01-29 23:40:52,806][__main__][INFO] - [2, 12, 16], []
[2025-01-29 23:40:52,838][__main__][INFO] - [2, 12], [16]
[2025-01-29 23:40:52,886][__main__][INFO] - [2, 12, 18], []
[2025-01-29 23:40:52,910][__main__][INFO] - [2, 12, 19], []
[2025-01-29 23:40:52,978][__main__][INFO] - [2, 12, 23], []
[2025-01-29 23:40:53,065][__main__][INFO] - [2, 13, 16], []
[2025-01-29 23:40:53,087][__main__][INFO] - [2, 13], [16]
[2025-01-29 23:40:53,125][__main__][INFO] - [2, 13, 18], []
[2025-01-29 23:40:53,162][__main__][INFO] - [2, 13, 20], []
[2025-01-29 23:40:53,216][__main__][INFO] - [2, 13, 23], []
[2025-01-29 23:40:53,283][__main__][INFO] - [2, 14, 16], []
[2025-01-29 23:40:53,306][__main__][INFO] - [2, 14], [16]
[2025-01-29 23:40:53,343][__main__][INFO] - [2, 14, 18], []
[2025-01-29 23:40:53,411][__main__][INFO] - [2, 14, 22], []
[2025-01-29 23:40:53,433][__main__][INFO] - [2, 14, 23], []
[2025-01-29 23:40:53,501][__main__][INFO] - [2, 15, 16], []
[2025-01-29 23:40:53,533][__main__][INFO] - [2, 15], [16]
[2025-01-29 23:40:53,571][__main__][INFO] - [2, 15, 17], []
[2025-01-29 23:40:53,603][__main__][INFO] - [2, 15, 18], []
[2025-01-29 23:40:53,639][__main__][INFO] - [2, 15, 19], []
[2025-01-29 23:40:53,665][__main__][INFO] - [2, 15, 20], []
[2025-01-29 23:40:53,692][__main__][INFO] - [2, 15, 21], []
[2025-01-29 23:40:53,740][__main__][INFO] - [2, 15, 23], []
[2025-01-29 23:40:53,768][__main__][INFO] - [2, 15, 24], []
[2025-01-29 23:40:53,825][__main__][INFO] - [2, 16, 17], []
[2025-01-29 23:40:53,855][__main__][INFO] - [2, 16, 18], []
[2025-01-29 23:40:53,922][__main__][INFO] - [2, 16, 19], []
[2025-01-29 23:40:53,947][__main__][INFO] - [2, 16, 20], []
[2025-01-29 23:40:53,971][__main__][INFO] - [2, 16, 21], []
[2025-01-29 23:40:53,994][__main__][INFO] - [2, 16, 22], []
[2025-01-29 23:40:54,016][__main__][INFO] - [2, 16, 23], []
[2025-01-29 23:40:54,052][__main__][INFO] - [2, 16, 24], []
[2025-01-29 23:40:54,105][__main__][INFO] - [2, 17], [16]
[2025-01-29 23:40:54,138][__main__][INFO] - [2, 18], [16]
[2025-01-29 23:40:54,216][__main__][INFO] - [2, 19], [16]
[2025-01-29 23:40:54,242][__main__][INFO] - [2, 20], [16]
[2025-01-29 23:40:54,267][__main__][INFO] - [2, 21], [16]
[2025-01-29 23:40:54,290][__main__][INFO] - [2, 22], [16]
[2025-01-29 23:40:54,312][__main__][INFO] - [2, 23], [16]
[2025-01-29 23:40:54,348][__main__][INFO] - [2, 24], [16]
[2025-01-29 23:40:54,415][__main__][INFO] - [3, 10, 16], []
[2025-01-29 23:40:54,473][__main__][INFO] - [3, 10], [16]
[2025-01-29 23:40:54,535][__main__][INFO] - [3, 10, 17], []
[2025-01-29 23:40:54,562][__main__][INFO] - [3, 10, 18], []
[2025-01-29 23:40:54,644][__main__][INFO] - [3, 10, 19], []
[2025-01-29 23:40:54,670][__main__][INFO] - [3, 10, 20], []
[2025-01-29 23:40:54,696][__main__][INFO] - [3, 10, 21], []
[2025-01-29 23:40:54,719][__main__][INFO] - [3, 10, 22], []
[2025-01-29 23:40:54,742][__main__][INFO] - [3, 10, 23], []
[2025-01-29 23:40:54,767][__main__][INFO] - [3, 10, 24], []
[2025-01-29 23:40:54,820][__main__][INFO] - [3, 11, 16], []
[2025-01-29 23:40:54,843][__main__][INFO] - [3, 11], [16]
[2025-01-29 23:40:54,883][__main__][INFO] - [3, 11, 18], []
[2025-01-29 23:40:54,908][__main__][INFO] - [3, 11, 19], []
[2025-01-29 23:40:54,976][__main__][INFO] - [3, 11, 23], []
[2025-01-29 23:40:55,043][__main__][INFO] - [3, 12, 16], []
[2025-01-29 23:40:55,076][__main__][INFO] - [3, 12], [16]
[2025-01-29 23:40:55,124][__main__][INFO] - [3, 12, 18], []
[2025-01-29 23:40:55,147][__main__][INFO] - [3, 12, 19], []
[2025-01-29 23:40:55,215][__main__][INFO] - [3, 12, 23], []
[2025-01-29 23:40:55,301][__main__][INFO] - [3, 13, 16], []
[2025-01-29 23:40:55,324][__main__][INFO] - [3, 13], [16]
[2025-01-29 23:40:55,362][__main__][INFO] - [3, 13, 18], []
[2025-01-29 23:40:55,399][__main__][INFO] - [3, 13, 20], []
[2025-01-29 23:40:55,452][__main__][INFO] - [3, 13, 23], []
[2025-01-29 23:40:55,519][__main__][INFO] - [3, 14, 16], []
[2025-01-29 23:40:55,542][__main__][INFO] - [3, 14], [16]
[2025-01-29 23:40:55,579][__main__][INFO] - [3, 14, 18], []
[2025-01-29 23:40:55,602][__main__][INFO] - [3, 14, 19], []
[2025-01-29 23:40:55,654][__main__][INFO] - [3, 14, 22], []
[2025-01-29 23:40:55,676][__main__][INFO] - [3, 14, 23], []
[2025-01-29 23:40:55,743][__main__][INFO] - [3, 15, 16], []
[2025-01-29 23:40:55,778][__main__][INFO] - [3, 15], [16]
[2025-01-29 23:40:55,814][__main__][INFO] - [3, 15, 17], []
[2025-01-29 23:40:55,846][__main__][INFO] - [3, 15, 18], []
[2025-01-29 23:40:55,884][__main__][INFO] - [3, 15, 19], []
[2025-01-29 23:40:55,906][__main__][INFO] - [3, 15, 20], []
[2025-01-29 23:40:55,929][__main__][INFO] - [3, 15, 21], []
[2025-01-29 23:40:55,966][__main__][INFO] - [3, 15, 23], []
[2025-01-29 23:40:55,989][__main__][INFO] - [3, 15, 24], []
[2025-01-29 23:40:56,041][__main__][INFO] - [3, 16, 17], []
[2025-01-29 23:40:56,069][__main__][INFO] - [3, 16, 18], []
[2025-01-29 23:40:56,127][__main__][INFO] - [3, 16, 19], []
[2025-01-29 23:40:56,150][__main__][INFO] - [3, 16, 20], []
[2025-01-29 23:40:56,175][__main__][INFO] - [3, 16, 21], []
[2025-01-29 23:40:56,197][__main__][INFO] - [3, 16, 22], []
[2025-01-29 23:40:56,220][__main__][INFO] - [3, 16, 23], []
[2025-01-29 23:40:56,254][__main__][INFO] - [3, 16, 24], []
[2025-01-29 23:40:56,306][__main__][INFO] - [3, 17], [16]
[2025-01-29 23:40:56,335][__main__][INFO] - [3, 18], [16]
[2025-01-29 23:40:56,399][__main__][INFO] - [3, 19], [16]
[2025-01-29 23:40:56,423][__main__][INFO] - [3, 20], [16]
[2025-01-29 23:40:56,447][__main__][INFO] - [3, 21], [16]
[2025-01-29 23:40:56,469][__main__][INFO] - [3, 22], [16]
[2025-01-29 23:40:56,492][__main__][INFO] - [3, 23], [16]
[2025-01-29 23:40:56,525][__main__][INFO] - [3, 24], [16]
[2025-01-29 23:40:56,592][__main__][INFO] - [4, 10, 16], []
[2025-01-29 23:40:56,661][__main__][INFO] - [4, 10], [16]
[2025-01-29 23:40:56,737][__main__][INFO] - [4, 10, 17], []
[2025-01-29 23:40:56,763][__main__][INFO] - [4, 10, 18], []
[2025-01-29 23:40:56,869][__main__][INFO] - [4, 10, 19], []
[2025-01-29 23:40:56,894][__main__][INFO] - [4, 10, 20], []
[2025-01-29 23:40:56,922][__main__][INFO] - [4, 10, 21], []
[2025-01-29 23:40:56,945][__main__][INFO] - [4, 10, 22], []
[2025-01-29 23:40:56,968][__main__][INFO] - [4, 10, 23], []
[2025-01-29 23:40:56,994][__main__][INFO] - [4, 10, 24], []
[2025-01-29 23:40:57,046][__main__][INFO] - [4, 11, 16], []
[2025-01-29 23:40:57,070][__main__][INFO] - [4, 11], [16]
[2025-01-29 23:40:57,109][__main__][INFO] - [4, 11, 18], []
[2025-01-29 23:40:57,135][__main__][INFO] - [4, 11, 19], []
[2025-01-29 23:40:57,158][__main__][INFO] - [4, 11, 20], []
[2025-01-29 23:40:57,210][__main__][INFO] - [4, 11, 23], []
[2025-01-29 23:40:57,278][__main__][INFO] - [4, 12, 16], []
[2025-01-29 23:40:57,313][__main__][INFO] - [4, 12], [16]
[2025-01-29 23:40:57,362][__main__][INFO] - [4, 12, 18], []
[2025-01-29 23:40:57,386][__main__][INFO] - [4, 12, 19], []
[2025-01-29 23:40:57,454][__main__][INFO] - [4, 12, 23], []
[2025-01-29 23:40:57,544][__main__][INFO] - [4, 13, 16], []
[2025-01-29 23:40:57,567][__main__][INFO] - [4, 13], [16]
[2025-01-29 23:40:57,605][__main__][INFO] - [4, 13, 18], []
[2025-01-29 23:40:57,643][__main__][INFO] - [4, 13, 20], []
[2025-01-29 23:40:57,696][__main__][INFO] - [4, 13, 23], []
[2025-01-29 23:40:57,764][__main__][INFO] - [4, 14, 16], []
[2025-01-29 23:40:57,786][__main__][INFO] - [4, 14], [16]
[2025-01-29 23:40:57,824][__main__][INFO] - [4, 14, 18], []
[2025-01-29 23:40:57,846][__main__][INFO] - [4, 14, 19], []
[2025-01-29 23:40:57,898][__main__][INFO] - [4, 14, 22], []
[2025-01-29 23:40:57,980][__main__][INFO] - [4, 15, 16], []
[2025-01-29 23:40:58,017][__main__][INFO] - [4, 15], [16]
[2025-01-29 23:40:58,058][__main__][INFO] - [4, 15, 17], []
[2025-01-29 23:40:58,093][__main__][INFO] - [4, 15, 18], []
[2025-01-29 23:40:58,134][__main__][INFO] - [4, 15, 19], []
[2025-01-29 23:40:58,156][__main__][INFO] - [4, 15, 20], []
[2025-01-29 23:40:58,179][__main__][INFO] - [4, 15, 21], []
[2025-01-29 23:40:58,217][__main__][INFO] - [4, 15, 23], []
[2025-01-29 23:40:58,239][__main__][INFO] - [4, 15, 24], []
[2025-01-29 23:40:58,292][__main__][INFO] - [4, 16, 17], []
[2025-01-29 23:40:58,321][__main__][INFO] - [4, 16, 18], []
[2025-01-29 23:40:58,391][__main__][INFO] - [4, 16, 19], []
[2025-01-29 23:40:58,415][__main__][INFO] - [4, 16, 20], []
[2025-01-29 23:40:58,440][__main__][INFO] - [4, 16, 21], []
[2025-01-29 23:40:58,462][__main__][INFO] - [4, 16, 22], []
[2025-01-29 23:40:58,485][__main__][INFO] - [4, 16, 23], []
[2025-01-29 23:40:58,520][__main__][INFO] - [4, 16, 24], []
[2025-01-29 23:40:58,573][__main__][INFO] - [4, 17], [16]
[2025-01-29 23:40:58,604][__main__][INFO] - [4, 18], [16]
[2025-01-29 23:40:58,683][__main__][INFO] - [4, 19], [16]
[2025-01-29 23:40:58,707][__main__][INFO] - [4, 20], [16]
[2025-01-29 23:40:58,732][__main__][INFO] - [4, 21], [16]
[2025-01-29 23:40:58,754][__main__][INFO] - [4, 22], [16]
[2025-01-29 23:40:58,777][__main__][INFO] - [4, 23], [16]
[2025-01-29 23:40:58,812][__main__][INFO] - [4, 24], [16]
[2025-01-29 23:40:58,883][__main__][INFO] - [5, 10, 16], []
[2025-01-29 23:40:58,955][__main__][INFO] - [5, 10], [16]
[2025-01-29 23:40:59,035][__main__][INFO] - [5, 10, 17], []
[2025-01-29 23:40:59,060][__main__][INFO] - [5, 10, 18], []
[2025-01-29 23:40:59,172][__main__][INFO] - [5, 10, 19], []
[2025-01-29 23:40:59,199][__main__][INFO] - [5, 10, 20], []
[2025-01-29 23:40:59,227][__main__][INFO] - [5, 10, 21], []
[2025-01-29 23:40:59,251][__main__][INFO] - [5, 10, 22], []
[2025-01-29 23:40:59,274][__main__][INFO] - [5, 10, 23], []
[2025-01-29 23:40:59,298][__main__][INFO] - [5, 10, 24], []
[2025-01-29 23:40:59,351][__main__][INFO] - [5, 11, 16], []
[2025-01-29 23:40:59,375][__main__][INFO] - [5, 11], [16]
[2025-01-29 23:40:59,414][__main__][INFO] - [5, 11, 18], []
[2025-01-29 23:40:59,440][__main__][INFO] - [5, 11, 19], []
[2025-01-29 23:40:59,567][__main__][INFO] - [5, 12, 16], []
[2025-01-29 23:40:59,600][__main__][INFO] - [5, 12], [16]
[2025-01-29 23:40:59,647][__main__][INFO] - [5, 12, 18], []
[2025-01-29 23:40:59,671][__main__][INFO] - [5, 12, 19], []
[2025-01-29 23:40:59,739][__main__][INFO] - [5, 12, 23], []
[2025-01-29 23:40:59,828][__main__][INFO] - [5, 13, 16], []
[2025-01-29 23:40:59,851][__main__][INFO] - [5, 13], [16]
[2025-01-29 23:40:59,889][__main__][INFO] - [5, 13, 18], []
[2025-01-29 23:40:59,926][__main__][INFO] - [5, 13, 20], []
[2025-01-29 23:40:59,979][__main__][INFO] - [5, 13, 23], []
[2025-01-29 23:41:00,049][__main__][INFO] - [5, 14, 16], []
[2025-01-29 23:41:00,072][__main__][INFO] - [5, 14], [16]
[2025-01-29 23:41:00,109][__main__][INFO] - [5, 14, 18], []
[2025-01-29 23:41:00,132][__main__][INFO] - [5, 14, 19], []
[2025-01-29 23:41:00,184][__main__][INFO] - [5, 14, 22], []
[2025-01-29 23:41:00,206][__main__][INFO] - [5, 14, 23], []
[2025-01-29 23:41:00,274][__main__][INFO] - [5, 15, 16], []
[2025-01-29 23:41:00,305][__main__][INFO] - [5, 15], [16]
[2025-01-29 23:41:00,339][__main__][INFO] - [5, 15, 17], []
[2025-01-29 23:41:00,368][__main__][INFO] - [5, 15, 18], []
[2025-01-29 23:41:00,403][__main__][INFO] - [5, 15, 19], []
[2025-01-29 23:41:00,425][__main__][INFO] - [5, 15, 20], []
[2025-01-29 23:41:00,448][__main__][INFO] - [5, 15, 21], []
[2025-01-29 23:41:00,485][__main__][INFO] - [5, 15, 23], []
[2025-01-29 23:41:00,508][__main__][INFO] - [5, 15, 24], []
[2025-01-29 23:41:00,560][__main__][INFO] - [5, 16, 17], []
[2025-01-29 23:41:00,586][__main__][INFO] - [5, 16, 18], []
[2025-01-29 23:41:00,654][__main__][INFO] - [5, 16, 19], []
[2025-01-29 23:41:00,677][__main__][INFO] - [5, 16, 20], []
[2025-01-29 23:41:00,702][__main__][INFO] - [5, 16, 21], []
[2025-01-29 23:41:00,725][__main__][INFO] - [5, 16, 22], []
[2025-01-29 23:41:00,747][__main__][INFO] - [5, 16, 23], []
[2025-01-29 23:41:00,780][__main__][INFO] - [5, 16, 24], []
[2025-01-29 23:41:00,832][__main__][INFO] - [5, 17], [16]
[2025-01-29 23:41:00,860][__main__][INFO] - [5, 18], [16]
[2025-01-29 23:41:00,936][__main__][INFO] - [5, 19], [16]
[2025-01-29 23:41:00,960][__main__][INFO] - [5, 20], [16]
[2025-01-29 23:41:00,984][__main__][INFO] - [5, 21], [16]
[2025-01-29 23:41:01,007][__main__][INFO] - [5, 22], [16]
[2025-01-29 23:41:01,029][__main__][INFO] - [5, 23], [16]
[2025-01-29 23:41:01,061][__main__][INFO] - [5, 24], [16]
[2025-01-29 23:41:01,128][__main__][INFO] - [6, 10, 16], []
[2025-01-29 23:41:01,168][__main__][INFO] - [6, 10], [16]
[2025-01-29 23:41:01,212][__main__][INFO] - [6, 10, 17], []
[2025-01-29 23:41:01,235][__main__][INFO] - [6, 10, 18], []
[2025-01-29 23:41:01,294][__main__][INFO] - [6, 10, 19], []
[2025-01-29 23:41:01,318][__main__][INFO] - [6, 10, 20], []
[2025-01-29 23:41:01,344][__main__][INFO] - [6, 10, 21], []
[2025-01-29 23:41:01,368][__main__][INFO] - [6, 10, 22], []
[2025-01-29 23:41:01,391][__main__][INFO] - [6, 10, 23], []
[2025-01-29 23:41:01,462][__main__][INFO] - [6, 11, 16], []
[2025-01-29 23:41:01,485][__main__][INFO] - [6, 11], [16]
[2025-01-29 23:41:01,527][__main__][INFO] - [6, 11, 18], []
[2025-01-29 23:41:01,673][__main__][INFO] - [6, 12, 16], []
[2025-01-29 23:41:01,699][__main__][INFO] - [6, 12], [16]
[2025-01-29 23:41:01,740][__main__][INFO] - [6, 12, 18], []
[2025-01-29 23:41:01,763][__main__][INFO] - [6, 12, 19], []
[2025-01-29 23:41:01,830][__main__][INFO] - [6, 12, 23], []
[2025-01-29 23:41:01,905][__main__][INFO] - [6, 13, 16], []
[2025-01-29 23:41:01,927][__main__][INFO] - [6, 13], [16]
[2025-01-29 23:41:01,964][__main__][INFO] - [6, 13, 18], []
[2025-01-29 23:41:02,002][__main__][INFO] - [6, 13, 20], []
[2025-01-29 23:41:02,129][__main__][INFO] - [6, 14], [16]
[2025-01-29 23:41:02,300][__main__][INFO] - [6, 15, 16], []
[2025-01-29 23:41:02,325][__main__][INFO] - [6, 15], [16]
[2025-01-29 23:41:02,350][__main__][INFO] - [6, 15, 17], []
[2025-01-29 23:41:02,374][__main__][INFO] - [6, 15, 18], []
[2025-01-29 23:41:02,399][__main__][INFO] - [6, 15, 19], []
[2025-01-29 23:41:02,422][__main__][INFO] - [6, 15, 20], []
[2025-01-29 23:41:02,474][__main__][INFO] - [6, 15, 23], []
[2025-01-29 23:41:02,541][__main__][INFO] - [6, 16, 17], []
[2025-01-29 23:41:02,564][__main__][INFO] - [6, 16, 18], []
[2025-01-29 23:41:02,605][__main__][INFO] - [6, 16, 19], []
[2025-01-29 23:41:02,627][__main__][INFO] - [6, 16, 20], []
[2025-01-29 23:41:02,650][__main__][INFO] - [6, 16, 21], []
[2025-01-29 23:41:02,673][__main__][INFO] - [6, 16, 22], []
[2025-01-29 23:41:02,695][__main__][INFO] - [6, 16, 23], []
[2025-01-29 23:41:02,765][__main__][INFO] - [6, 17], [16]
[2025-01-29 23:41:02,789][__main__][INFO] - [6, 18], [16]
[2025-01-29 23:41:02,833][__main__][INFO] - [6, 19], [16]
[2025-01-29 23:41:02,855][__main__][INFO] - [6, 20], [16]
[2025-01-29 23:41:02,878][__main__][INFO] - [6, 21], [16]
[2025-01-29 23:41:02,900][__main__][INFO] - [6, 22], [16]
[2025-01-29 23:41:02,922][__main__][INFO] - [6, 23], [16]
[2025-01-29 23:41:03,007][__main__][INFO] - [7, 10, 16], []
[2025-01-29 23:41:03,035][__main__][INFO] - [7, 10], [16]
[2025-01-29 23:41:03,065][__main__][INFO] - [7, 10, 17], []
[2025-01-29 23:41:03,087][__main__][INFO] - [7, 10, 18], []
[2025-01-29 23:41:03,121][__main__][INFO] - [7, 10, 19], []
[2025-01-29 23:41:03,144][__main__][INFO] - [7, 10, 20], []
[2025-01-29 23:41:03,167][__main__][INFO] - [7, 10, 21], []
[2025-01-29 23:41:03,204][__main__][INFO] - [7, 10, 23], []
[2025-01-29 23:41:03,271][__main__][INFO] - [7, 11, 16], []
[2025-01-29 23:41:03,294][__main__][INFO] - [7, 11], [16]
[2025-01-29 23:41:03,332][__main__][INFO] - [7, 11, 18], []
[2025-01-29 23:41:03,474][__main__][INFO] - [7, 12, 16], []
[2025-01-29 23:41:03,497][__main__][INFO] - [7, 12], [16]
[2025-01-29 23:41:03,535][__main__][INFO] - [7, 12, 18], []
[2025-01-29 23:41:03,557][__main__][INFO] - [7, 12, 19], []
[2025-01-29 23:41:03,625][__main__][INFO] - [7, 12, 23], []
[2025-01-29 23:41:03,708][__main__][INFO] - [7, 13], [16]
[2025-01-29 23:41:03,745][__main__][INFO] - [7, 13, 18], []
[2025-01-29 23:41:04,064][__main__][INFO] - [7, 15, 16], []
[2025-01-29 23:41:04,087][__main__][INFO] - [7, 15], [16]
[2025-01-29 23:41:04,110][__main__][INFO] - [7, 15, 17], []
[2025-01-29 23:41:04,132][__main__][INFO] - [7, 15, 18], []
[2025-01-29 23:41:04,155][__main__][INFO] - [7, 15, 19], []
[2025-01-29 23:41:04,281][__main__][INFO] - [7, 16, 17], []
[2025-01-29 23:41:04,303][__main__][INFO] - [7, 16, 18], []
[2025-01-29 23:41:04,331][__main__][INFO] - [7, 16, 19], []
[2025-01-29 23:41:04,353][__main__][INFO] - [7, 16, 20], []
[2025-01-29 23:41:04,375][__main__][INFO] - [7, 16, 21], []
[2025-01-29 23:41:04,412][__main__][INFO] - [7, 16, 23], []
[2025-01-29 23:41:04,479][__main__][INFO] - [7, 17], [16]
[2025-01-29 23:41:04,502][__main__][INFO] - [7, 18], [16]
[2025-01-29 23:41:04,532][__main__][INFO] - [7, 19], [16]
[2025-01-29 23:41:04,554][__main__][INFO] - [7, 20], [16]
[2025-01-29 23:41:04,576][__main__][INFO] - [7, 21], [16]
[2025-01-29 23:41:04,613][__main__][INFO] - [7, 23], [16]
[2025-01-29 23:41:04,695][__main__][INFO] - [8, 10, 16], []
[2025-01-29 23:41:04,718][__main__][INFO] - [8, 10], [16]
[2025-01-29 23:41:04,757][__main__][INFO] - [8, 10, 18], []
[2025-01-29 23:41:04,782][__main__][INFO] - [8, 10, 19], []
[2025-01-29 23:41:04,804][__main__][INFO] - [8, 10, 20], []
[2025-01-29 23:41:04,856][__main__][INFO] - [8, 10, 23], []
[2025-01-29 23:41:04,924][__main__][INFO] - [8, 11, 16], []
[2025-01-29 23:41:04,946][__main__][INFO] - [8, 11], [16]
[2025-01-29 23:41:04,983][__main__][INFO] - [8, 11, 18], []
[2025-01-29 23:41:05,124][__main__][INFO] - [8, 12, 16], []
[2025-01-29 23:41:05,146][__main__][INFO] - [8, 12], [16]
[2025-01-29 23:41:05,184][__main__][INFO] - [8, 12, 18], []
[2025-01-29 23:41:05,265][__main__][INFO] - [8, 12, 23], []
[2025-01-29 23:41:05,362][__main__][INFO] - [8, 15, 16], []
[2025-01-29 23:41:05,384][__main__][INFO] - [8, 15], [16]
[2025-01-29 23:41:05,421][__main__][INFO] - [8, 15, 18], []
[2025-01-29 23:41:05,577][__main__][INFO] - [8, 16, 18], []
[2025-01-29 23:41:05,600][__main__][INFO] - [8, 16, 19], []
[2025-01-29 23:41:05,622][__main__][INFO] - [8, 16, 20], []
[2025-01-29 23:41:05,680][__main__][INFO] - [8, 16, 23], []
[2025-01-29 23:41:05,749][__main__][INFO] - [8, 17], [16]
[2025-01-29 23:41:05,771][__main__][INFO] - [8, 18], [16]
[2025-01-29 23:41:05,795][__main__][INFO] - [8, 19], [16]
[2025-01-29 23:41:05,817][__main__][INFO] - [8, 20], [16]
[2025-01-29 23:41:05,869][__main__][INFO] - [8, 23], [16]
[2025-01-29 23:41:05,950][__main__][INFO] - [9, 10, 16], []
[2025-01-29 23:41:05,973][__main__][INFO] - [9, 10], [16]
[2025-01-29 23:41:06,010][__main__][INFO] - [9, 10, 18], []
[2025-01-29 23:41:06,403][__main__][INFO] - [9, 16, 18], []
[2025-01-29 23:41:06,559][__main__][INFO] - [9, 18], [16]
[2025-01-29 23:41:06,716][__main__][INFO] - [10, 16, 17], []
[2025-01-29 23:41:06,760][__main__][INFO] - [10, 16, 18], []
[2025-01-29 23:41:07,038][__main__][INFO] - [10, 16, 19], []
[2025-01-29 23:41:07,073][__main__][INFO] - [10, 16, 20], []
[2025-01-29 23:41:07,109][__main__][INFO] - [10, 16, 21], []
[2025-01-29 23:41:07,133][__main__][INFO] - [10, 16, 22], []
[2025-01-29 23:41:07,156][__main__][INFO] - [10, 16, 23], []
[2025-01-29 23:41:07,196][__main__][INFO] - [10, 16, 24], []
[2025-01-29 23:41:07,249][__main__][INFO] - [10, 17], [16]
[2025-01-29 23:41:07,295][__main__][INFO] - [10, 18], [16]
[2025-01-29 23:41:07,602][__main__][INFO] - [10, 19], [16]
[2025-01-29 23:41:07,637][__main__][INFO] - [10, 20], [16]
[2025-01-29 23:41:07,673][__main__][INFO] - [10, 21], [16]
[2025-01-29 23:41:07,696][__main__][INFO] - [10, 22], [16]
[2025-01-29 23:41:07,719][__main__][INFO] - [10, 23], [16]
[2025-01-29 23:41:07,759][__main__][INFO] - [10, 24], [16]
[2025-01-29 23:41:07,826][__main__][INFO] - [11, 16, 17], []
[2025-01-29 23:41:07,847][__main__][INFO] - [11, 16, 18], []
[2025-01-29 23:41:07,876][__main__][INFO] - [11, 16, 19], []
[2025-01-29 23:41:07,898][__main__][INFO] - [11, 16, 20], []
[2025-01-29 23:41:07,950][__main__][INFO] - [11, 16, 23], []
[2025-01-29 23:41:08,017][__main__][INFO] - [11, 17], [16]
[2025-01-29 23:41:08,039][__main__][INFO] - [11, 18], [16]
[2025-01-29 23:41:08,070][__main__][INFO] - [11, 19], [16]
[2025-01-29 23:41:08,092][__main__][INFO] - [11, 20], [16]
[2025-01-29 23:41:08,144][__main__][INFO] - [11, 23], [16]
[2025-01-29 23:41:08,226][__main__][INFO] - [12, 16, 17], []
[2025-01-29 23:41:08,247][__main__][INFO] - [12, 16, 18], []
[2025-01-29 23:41:08,272][__main__][INFO] - [12, 16, 19], []
[2025-01-29 23:41:08,339][__main__][INFO] - [12, 16, 23], []
[2025-01-29 23:41:08,458][__main__][INFO] - [12, 17], [16]
[2025-01-29 23:41:08,480][__main__][INFO] - [12, 18], [16]
[2025-01-29 23:41:08,506][__main__][INFO] - [12, 19], [16]
[2025-01-29 23:41:08,573][__main__][INFO] - [12, 23], [16]
[2025-01-29 23:41:08,721][__main__][INFO] - [13, 16, 18], []
[2025-01-29 23:41:08,743][__main__][INFO] - [13, 16, 19], []
[2025-01-29 23:41:08,765][__main__][INFO] - [13, 16, 20], []
[2025-01-29 23:41:08,817][__main__][INFO] - [13, 16, 23], []
[2025-01-29 23:41:08,899][__main__][INFO] - [13, 18], [16]
[2025-01-29 23:41:08,922][__main__][INFO] - [13, 19], [16]
[2025-01-29 23:41:08,944][__main__][INFO] - [13, 20], [16]
[2025-01-29 23:41:08,999][__main__][INFO] - [13, 23], [16]
[2025-01-29 23:41:09,105][__main__][INFO] - [14, 16, 18], []
[2025-01-29 23:41:09,126][__main__][INFO] - [14, 16, 19], []
[2025-01-29 23:41:09,178][__main__][INFO] - [14, 16, 22], []
[2025-01-29 23:41:09,200][__main__][INFO] - [14, 16, 23], []
[2025-01-29 23:41:09,281][__main__][INFO] - [14, 18], [16]
[2025-01-29 23:41:09,304][__main__][INFO] - [14, 19], [16]
[2025-01-29 23:41:09,355][__main__][INFO] - [14, 22], [16]
[2025-01-29 23:41:09,377][__main__][INFO] - [14, 23], [16]
[2025-01-29 23:41:09,457][__main__][INFO] - [15, 16, 17], []
[2025-01-29 23:41:09,498][__main__][INFO] - [15, 16, 18], []
[2025-01-29 23:41:09,552][__main__][INFO] - [15, 16, 19], []
[2025-01-29 23:41:09,574][__main__][INFO] - [15, 16, 20], []
[2025-01-29 23:41:09,596][__main__][INFO] - [15, 16, 21], []
[2025-01-29 23:41:09,632][__main__][INFO] - [15, 16, 23], []
[2025-01-29 23:41:09,655][__main__][INFO] - [15, 16, 24], []
[2025-01-29 23:41:09,707][__main__][INFO] - [15, 17], [16]
[2025-01-29 23:41:09,758][__main__][INFO] - [15, 18], [16]
[2025-01-29 23:41:09,822][__main__][INFO] - [15, 19], [16]
[2025-01-29 23:41:09,845][__main__][INFO] - [15, 20], [16]
[2025-01-29 23:41:09,866][__main__][INFO] - [15, 21], [16]
[2025-01-29 23:41:09,903][__main__][INFO] - [15, 23], [16]
[2025-01-29 23:41:09,925][__main__][INFO] - [15, 24], [16]
