[2025-01-29 09:50:57,848][gurobipy][INFO] - Set parameter TimeLimit to value 600
[2025-01-29 09:50:57,854][gurobipy][INFO] - Gurobi Optimizer version 11.0.2 build v11.0.2rc0 (linux64)
[2025-01-29 09:50:57,854][gurobipy][INFO] - 
[2025-01-29 09:50:57,865][gurobipy][INFO] - CPU model: Intel(R) Xeon(R) Gold 6136 CPU @ 3.00GHz, instruction set [SSE2|AVX|AVX2|AVX512]
[2025-01-29 09:50:57,865][gurobipy][INFO] - Thread count: 24 physical cores, 48 logical processors, using up to 24 threads
[2025-01-29 09:50:57,866][gurobipy][INFO] - 
[2025-01-29 09:50:57,866][gurobipy][INFO] - Optimize a model with 21828 rows, 531 columns and 55294 nonzeros
[2025-01-29 09:50:57,866][gurobipy][INFO] - Model fingerprint: 0xcfe4df9b
[2025-01-29 09:50:57,866][gurobipy][INFO] - Variable types: 486 continuous, 45 integer (45 binary)
[2025-01-29 09:50:57,866][gurobipy][INFO] - Coefficient statistics:
[2025-01-29 09:50:57,866][gurobipy][INFO] -   Matrix range     [1e-03, 2e+00]
[2025-01-29 09:50:57,866][gurobipy][INFO] -   Objective range  [1e+00, 1e+00]
[2025-01-29 09:50:57,866][gurobipy][INFO] -   Bounds range     [1e+00, 1e+00]
[2025-01-29 09:50:57,866][gurobipy][INFO] -   RHS range        [1e+00, 1e+01]
[2025-01-29 09:50:57,870][gurobipy][INFO] - Found heuristic solution: objective -0.0000000
[2025-01-29 09:50:57,981][gurobipy][INFO] - Presolve removed 8709 rows and 7 columns
[2025-01-29 09:50:57,981][gurobipy][INFO] - Presolve time: 0.11s
[2025-01-29 09:50:57,982][gurobipy][INFO] - Presolved: 13119 rows, 524 columns, 39837 nonzeros
[2025-01-29 09:50:57,990][gurobipy][INFO] - Variable types: 486 continuous, 38 integer (38 binary)
[2025-01-29 09:50:58,006][gurobipy][INFO] - Root relaxation presolved: 13119 rows, 524 columns, 39837 nonzeros
[2025-01-29 09:50:58,006][gurobipy][INFO] - 
[2025-01-29 09:50:58,025][gurobipy][INFO] - 
[2025-01-29 09:50:58,025][gurobipy][INFO] - Root relaxation: objective 1.000000e+00, 264 iterations, 0.03 seconds (0.05 work units)
[2025-01-29 09:50:58,030][gurobipy][INFO] - 
[2025-01-29 09:50:58,030][gurobipy][INFO] -     Nodes    |    Current Node    |     Objective Bounds      |     Work
[2025-01-29 09:50:58,030][gurobipy][INFO] -  Expl Unexpl |  Obj  Depth IntInf | Incumbent    BestBd   Gap | It/Node Time
[2025-01-29 09:50:58,030][gurobipy][INFO] - 
[2025-01-29 09:50:58,030][gurobipy][INFO] -      0     0    1.00000    0    6   -0.00000    1.00000      -     -    0s
[2025-01-29 09:50:58,044][gurobipy][INFO] - H    0     0                       0.0301960    1.00000  3212%     -    0s
[2025-01-29 09:50:58,337][gurobipy][INFO] - H    0     0                       0.0440763    1.00000  2169%     -    0s
[2025-01-29 09:50:58,374][gurobipy][INFO] -      0     0    1.00000    0   26    0.04408    1.00000  2169%     -    0s
[2025-01-29 09:50:58,385][gurobipy][INFO] -      0     0    1.00000    0   26    0.04408    1.00000  2169%     -    0s
[2025-01-29 09:50:58,447][gurobipy][INFO] - H    0     0                       0.0455626    1.00000  2095%     -    0s
[2025-01-29 09:50:59,227][gurobipy][INFO] - H    0     0                       0.0523542    0.94587  1707%     -    1s
[2025-01-29 09:50:59,262][gurobipy][INFO] -      0     0    0.94587    0   13    0.05235    0.94587  1707%     -    1s
[2025-01-29 09:50:59,311][gurobipy][INFO] -      0     0    0.94317    0   13    0.05235    0.94317  1702%     -    1s
[2025-01-29 09:50:59,507][gurobipy][INFO] - H    0     0                       0.0582653    0.94096  1515%     -    1s
[2025-01-29 09:50:59,508][gurobipy][INFO] - H    0     0                       0.0842080    0.94096  1017%     -    1s
[2025-01-29 09:50:59,683][gurobipy][INFO] - H    0     0                       0.0893760    0.93750   949%     -    1s
[2025-01-29 09:50:59,684][gurobipy][INFO] - H    0     0                       0.1164506    0.93750   705%     -    1s
[2025-01-29 09:50:59,686][gurobipy][INFO] -      0     0    0.93750    0    2    0.11645    0.93750   705%     -    1s
[2025-01-29 09:50:59,723][gurobipy][INFO] -      0     0    0.93750    0    2    0.11645    0.93750   705%     -    1s
[2025-01-29 09:51:00,131][gurobipy][INFO] -      0     0    0.92691    0    3    0.11645    0.92691   696%     -    2s
[2025-01-29 09:51:00,213][gurobipy][INFO] -      0     0    0.21776    0    6    0.11645    0.21776  87.0%     -    2s
[2025-01-29 09:51:00,321][gurobipy][INFO] -      0     0    0.11645    0    7    0.11645    0.11645  0.00%     -    2s
[2025-01-29 09:51:00,322][gurobipy][INFO] - 
[2025-01-29 09:51:00,322][gurobipy][INFO] - Cutting planes:
[2025-01-29 09:51:00,322][gurobipy][INFO] -   Cover: 1
[2025-01-29 09:51:00,322][gurobipy][INFO] -   Implied bound: 1
[2025-01-29 09:51:00,322][gurobipy][INFO] -   MIR: 9
[2025-01-29 09:51:00,322][gurobipy][INFO] -   Inf proof: 1
[2025-01-29 09:51:00,322][gurobipy][INFO] - 
[2025-01-29 09:51:00,323][gurobipy][INFO] - Explored 1 nodes (6935 simplex iterations) in 2.46 seconds (3.62 work units)
[2025-01-29 09:51:00,323][gurobipy][INFO] - Thread count was 24 (of 48 available processors)
[2025-01-29 09:51:00,323][gurobipy][INFO] - 
[2025-01-29 09:51:00,323][gurobipy][INFO] - Solution count 9: 0.116451 0.089376 0.084208 ... -0
[2025-01-29 09:51:00,323][gurobipy][INFO] - No other solutions better than 0.116451
[2025-01-29 09:51:00,323][gurobipy][INFO] - 
[2025-01-29 09:51:00,323][gurobipy][INFO] - Optimal solution found (tolerance 1.00e-04)
[2025-01-29 09:51:00,323][gurobipy][INFO] - Best objective 1.164505728202e-01, best bound 1.164505728202e-01, gap 0.0000%
[2025-01-29 09:51:00,341][__main__][INFO] - Finished size 1000 (1/5)
[2025-01-29 09:51:04,332][gurobipy][INFO] - Set parameter TimeLimit to value 600
[2025-01-29 09:51:04,343][gurobipy][INFO] - Gurobi Optimizer version 11.0.2 build v11.0.2rc0 (linux64)
[2025-01-29 09:51:04,343][gurobipy][INFO] - 
[2025-01-29 09:51:04,355][gurobipy][INFO] - CPU model: Intel(R) Xeon(R) Gold 6136 CPU @ 3.00GHz, instruction set [SSE2|AVX|AVX2|AVX512]
[2025-01-29 09:51:04,355][gurobipy][INFO] - Thread count: 24 physical cores, 48 logical processors, using up to 24 threads
[2025-01-29 09:51:04,356][gurobipy][INFO] - 
[2025-01-29 09:51:04,356][gurobipy][INFO] - Optimize a model with 44193 rows, 1028 columns and 111952 nonzeros
[2025-01-29 09:51:04,357][gurobipy][INFO] - Model fingerprint: 0xc2265a0c
[2025-01-29 09:51:04,357][gurobipy][INFO] - Variable types: 983 continuous, 45 integer (45 binary)
[2025-01-29 09:51:04,357][gurobipy][INFO] - Coefficient statistics:
[2025-01-29 09:51:04,357][gurobipy][INFO] -   Matrix range     [4e-04, 2e+00]
[2025-01-29 09:51:04,357][gurobipy][INFO] -   Objective range  [1e+00, 1e+00]
[2025-01-29 09:51:04,357][gurobipy][INFO] -   Bounds range     [1e+00, 1e+00]
[2025-01-29 09:51:04,357][gurobipy][INFO] -   RHS range        [1e+00, 1e+01]
[2025-01-29 09:51:04,364][gurobipy][INFO] - Found heuristic solution: objective -0.0000000
[2025-01-29 09:51:04,623][gurobipy][INFO] - Presolve removed 12761 rows and 2 columns
[2025-01-29 09:51:04,624][gurobipy][INFO] - Presolve time: 0.26s
[2025-01-29 09:51:04,624][gurobipy][INFO] - Presolved: 31432 rows, 1026 columns, 95273 nonzeros
[2025-01-29 09:51:04,646][gurobipy][INFO] - Variable types: 983 continuous, 43 integer (43 binary)
[2025-01-29 09:51:04,684][gurobipy][INFO] - Root relaxation presolved: 1026 rows, 32458 columns, 96299 nonzeros
[2025-01-29 09:51:04,684][gurobipy][INFO] - 
[2025-01-29 09:51:04,722][gurobipy][INFO] - 
[2025-01-29 09:51:04,722][gurobipy][INFO] - Root relaxation: objective 1.000000e+00, 627 iterations, 0.08 seconds (0.15 work units)
[2025-01-29 09:51:04,733][gurobipy][INFO] - 
[2025-01-29 09:51:04,733][gurobipy][INFO] -     Nodes    |    Current Node    |     Objective Bounds      |     Work
[2025-01-29 09:51:04,733][gurobipy][INFO] -  Expl Unexpl |  Obj  Depth IntInf | Incumbent    BestBd   Gap | It/Node Time
[2025-01-29 09:51:04,733][gurobipy][INFO] - 
[2025-01-29 09:51:04,733][gurobipy][INFO] -      0     0    1.00000    0    5   -0.00000    1.00000      -     -    0s
[2025-01-29 09:51:04,741][gurobipy][INFO] - H    0     0                       0.0012793    1.00000      -     -    0s
[2025-01-29 09:51:05,238][gurobipy][INFO] - H    0     0                       0.0012793    1.00000      -     -    0s
[2025-01-29 09:51:05,294][gurobipy][INFO] -      0     0    1.00000    0   39    0.00128    1.00000      -     -    0s
[2025-01-29 09:51:05,421][gurobipy][INFO] - H    0     0                       0.0244371    1.00000  3992%     -    1s
[2025-01-29 09:51:05,456][gurobipy][INFO] - H    0     0                       0.0487408    1.00000  1952%     -    1s
[2025-01-29 09:51:08,300][gurobipy][INFO] -      0     0    1.00000    0    1    0.04874    1.00000  1952%     -    3s
[2025-01-29 09:51:08,366][gurobipy][INFO] - H    0     0                       0.0534257    1.00000  1772%     -    4s
[2025-01-29 09:51:08,599][gurobipy][INFO] -      0     0    1.00000    0   41    0.05343    1.00000  1772%     -    4s
[2025-01-29 09:51:10,793][gurobipy][INFO] -      0     0    1.00000    0    1    0.05343    1.00000  1772%     -    6s
[2025-01-29 09:51:11,615][gurobipy][INFO] - H    0     0                       0.0534257    1.00000  1772%     -    7s
[2025-01-29 09:51:11,616][gurobipy][INFO] - H    0     0                       0.0852109    0.95453  1020%     -    7s
[2025-01-29 09:51:11,617][gurobipy][INFO] - H    0     0                       0.0923499    0.95453   934%     -    7s
[2025-01-29 09:51:11,618][gurobipy][INFO] - H    0     0                       0.1127256    0.95453   747%     -    7s
[2025-01-29 09:51:11,624][gurobipy][INFO] -      0     0    0.95453    0   40    0.11273    0.95453   747%     -    7s
[2025-01-29 09:51:15,263][gurobipy][INFO] -      0     0    0.11273    0   22    0.11273    0.11273  0.00%     -   10s
[2025-01-29 09:51:15,264][gurobipy][INFO] - 
[2025-01-29 09:51:15,264][gurobipy][INFO] - Cutting planes:
[2025-01-29 09:51:15,264][gurobipy][INFO] -   MIR: 11
[2025-01-29 09:51:15,264][gurobipy][INFO] -   Inf proof: 2
[2025-01-29 09:51:15,264][gurobipy][INFO] -   RLT: 2
[2025-01-29 09:51:15,265][gurobipy][INFO] - 
[2025-01-29 09:51:15,265][gurobipy][INFO] - Explored 1 nodes (18017 simplex iterations) in 10.91 seconds (16.61 work units)
[2025-01-29 09:51:15,265][gurobipy][INFO] - Thread count was 24 (of 48 available processors)
[2025-01-29 09:51:15,265][gurobipy][INFO] - 
[2025-01-29 09:51:15,265][gurobipy][INFO] - Solution count 8: 0.112726 0.0923499 0.0852109 ... -0
[2025-01-29 09:51:15,265][gurobipy][INFO] - No other solutions better than 0.112726
[2025-01-29 09:51:15,265][gurobipy][INFO] - 
[2025-01-29 09:51:15,265][gurobipy][INFO] - Optimal solution found (tolerance 1.00e-04)
[2025-01-29 09:51:15,265][gurobipy][INFO] - Best objective 1.127255953413e-01, best bound 1.127255953413e-01, gap 0.0000%
[2025-01-29 09:51:15,297][__main__][INFO] - Finished size 2994 (2/5)
[2025-01-29 09:51:22,742][gurobipy][INFO] - Set parameter TimeLimit to value 600
[2025-01-29 09:51:22,763][gurobipy][INFO] - Gurobi Optimizer version 11.0.2 build v11.0.2rc0 (linux64)
[2025-01-29 09:51:22,763][gurobipy][INFO] - 
[2025-01-29 09:51:22,774][gurobipy][INFO] - CPU model: Intel(R) Xeon(R) Gold 6136 CPU @ 3.00GHz, instruction set [SSE2|AVX|AVX2|AVX512]
[2025-01-29 09:51:22,774][gurobipy][INFO] - Thread count: 24 physical cores, 48 logical processors, using up to 24 threads
[2025-01-29 09:51:22,775][gurobipy][INFO] - 
[2025-01-29 09:51:22,775][gurobipy][INFO] - Optimize a model with 81948 rows, 1867 columns and 207598 nonzeros
[2025-01-29 09:51:22,776][gurobipy][INFO] - Model fingerprint: 0x5848bfde
[2025-01-29 09:51:22,776][gurobipy][INFO] - Variable types: 1822 continuous, 45 integer (45 binary)
[2025-01-29 09:51:22,777][gurobipy][INFO] - Coefficient statistics:
[2025-01-29 09:51:22,777][gurobipy][INFO] -   Matrix range     [1e-04, 2e+00]
[2025-01-29 09:51:22,777][gurobipy][INFO] -   Objective range  [1e+00, 1e+00]
[2025-01-29 09:51:22,777][gurobipy][INFO] -   Bounds range     [1e+00, 1e+00]
[2025-01-29 09:51:22,777][gurobipy][INFO] -   RHS range        [1e+00, 1e+01]
[2025-01-29 09:51:22,792][gurobipy][INFO] - Found heuristic solution: objective -0.0000000
[2025-01-29 09:51:23,292][gurobipy][INFO] - Presolve removed 21852 rows and 1 columns
[2025-01-29 09:51:23,293][gurobipy][INFO] - Presolve time: 0.50s
[2025-01-29 09:51:23,293][gurobipy][INFO] - Presolved: 60096 rows, 1866 columns, 182104 nonzeros
[2025-01-29 09:51:23,336][gurobipy][INFO] - Variable types: 1822 continuous, 44 integer (44 binary)
[2025-01-29 09:51:23,416][gurobipy][INFO] - Root relaxation presolved: 1866 rows, 61962 columns, 183970 nonzeros
[2025-01-29 09:51:23,417][gurobipy][INFO] - 
[2025-01-29 09:51:23,555][gurobipy][INFO] - 
[2025-01-29 09:51:23,555][gurobipy][INFO] - Root relaxation: objective 1.000000e+00, 1880 iterations, 0.22 seconds (0.41 work units)
[2025-01-29 09:51:23,578][gurobipy][INFO] - 
[2025-01-29 09:51:23,578][gurobipy][INFO] -     Nodes    |    Current Node    |     Objective Bounds      |     Work
[2025-01-29 09:51:23,578][gurobipy][INFO] -  Expl Unexpl |  Obj  Depth IntInf | Incumbent    BestBd   Gap | It/Node Time
[2025-01-29 09:51:23,578][gurobipy][INFO] - 
[2025-01-29 09:51:23,578][gurobipy][INFO] -      0     0    1.00000    0    2   -0.00000    1.00000      -     -    0s
[2025-01-29 09:51:23,592][gurobipy][INFO] - H    0     0                       0.0020159    1.00000      -     -    0s
[2025-01-29 09:51:23,646][gurobipy][INFO] - H    0     0                       0.0024544    1.00000      -     -    0s
[2025-01-29 09:51:24,431][gurobipy][INFO] -      0     0    1.00000    0   40    0.00245    1.00000      -     -    1s
[2025-01-29 09:51:24,690][gurobipy][INFO] - H    0     0                       0.0139601    1.00000  7063%     -    1s
[2025-01-29 09:51:24,889][gurobipy][INFO] -      0     0    1.00000    0   36    0.01396    1.00000  7063%     -    2s
[2025-01-29 09:51:36,568][gurobipy][INFO] - H    0     0                       0.0194592    0.96285  4848%     -   13s
[2025-01-29 09:51:36,570][gurobipy][INFO] - H    0     0                       0.0216017    0.96285  4357%     -   13s
[2025-01-29 09:51:41,177][gurobipy][INFO] -      0     0    0.96285    0   41    0.02160    0.96285  4357%     -   18s
[2025-01-29 09:51:41,618][gurobipy][INFO] - H    0     0                       0.0377068    0.96285  2454%     -   18s
[2025-01-29 09:51:41,641][gurobipy][INFO] - H    0     0                       0.0378704    0.96285  2442%     -   18s
[2025-01-29 09:52:03,284][gurobipy][INFO] -      0     0    0.87338    0   38    0.03787    0.87338  2206%     -   40s
[2025-01-29 09:52:04,117][gurobipy][INFO] -      0     0    0.85687    0   38    0.03787    0.85687  2163%     -   41s
[2025-01-29 09:52:15,161][gurobipy][INFO] - H    0     0                       0.0596331    0.85656  1336%     -   52s
[2025-01-29 09:52:15,163][gurobipy][INFO] - H    0     0                       0.0648892    0.19969   208%     -   52s
[2025-01-29 09:52:15,164][gurobipy][INFO] - H    0     0                       0.0657705    0.19969   204%     -   52s
[2025-01-29 09:52:19,673][gurobipy][INFO] -      0     0    0.19969    0   43    0.06577    0.19969   204%     -   56s
[2025-01-29 09:52:25,393][gurobipy][INFO] -      0     0    0.06577    0   43    0.06577    0.06577  0.00%     -   62s
[2025-01-29 09:52:25,393][gurobipy][INFO] - 
[2025-01-29 09:52:25,393][gurobipy][INFO] - Cutting planes:
[2025-01-29 09:52:25,393][gurobipy][INFO] -   MIR: 18
[2025-01-29 09:52:25,393][gurobipy][INFO] -   RLT: 3
[2025-01-29 09:52:25,395][gurobipy][INFO] - 
[2025-01-29 09:52:25,396][gurobipy][INFO] - Explored 1 nodes (39454 simplex iterations) in 62.62 seconds (80.64 work units)
[2025-01-29 09:52:25,396][gurobipy][INFO] - Thread count was 24 (of 48 available processors)
[2025-01-29 09:52:25,396][gurobipy][INFO] - 
[2025-01-29 09:52:25,396][gurobipy][INFO] - Solution count 10: 0.0657705 0.0648892 0.0596331 ... 0.0020159
[2025-01-29 09:52:25,396][gurobipy][INFO] - No other solutions better than 0.0657705
[2025-01-29 09:52:25,396][gurobipy][INFO] - 
[2025-01-29 09:52:25,396][gurobipy][INFO] - Optimal solution found (tolerance 1.00e-04)
[2025-01-29 09:52:25,396][gurobipy][INFO] - Best objective 6.577048816245e-02, best bound 6.577048816245e-02, gap 0.0000%
[2025-01-29 09:52:25,482][__main__][INFO] - Finished size 8963 (3/5)
[2025-01-29 09:52:38,739][gurobipy][INFO] - Set parameter TimeLimit to value 600
[2025-01-29 09:52:38,773][gurobipy][INFO] - Gurobi Optimizer version 11.0.2 build v11.0.2rc0 (linux64)
[2025-01-29 09:52:38,773][gurobipy][INFO] - 
[2025-01-29 09:52:38,773][gurobipy][INFO] - CPU model: Intel(R) Xeon(R) Gold 6136 CPU @ 3.00GHz, instruction set [SSE2|AVX|AVX2|AVX512]
[2025-01-29 09:52:38,773][gurobipy][INFO] - Thread count: 24 physical cores, 48 logical processors, using up to 24 threads
[2025-01-29 09:52:38,773][gurobipy][INFO] - 
[2025-01-29 09:52:38,773][gurobipy][INFO] - Optimize a model with 138918 rows, 3133 columns and 351922 nonzeros
[2025-01-29 09:52:38,776][gurobipy][INFO] - Model fingerprint: 0xa29b797a
[2025-01-29 09:52:38,776][gurobipy][INFO] - Variable types: 3088 continuous, 45 integer (45 binary)
[2025-01-29 09:52:38,777][gurobipy][INFO] - Coefficient statistics:
[2025-01-29 09:52:38,777][gurobipy][INFO] -   Matrix range     [5e-05, 2e+00]
[2025-01-29 09:52:38,777][gurobipy][INFO] -   Objective range  [1e+00, 1e+00]
[2025-01-29 09:52:38,777][gurobipy][INFO] -   Bounds range     [1e+00, 1e+00]
[2025-01-29 09:52:38,777][gurobipy][INFO] -   RHS range        [1e+00, 1e+01]
[2025-01-29 09:52:38,805][gurobipy][INFO] - Found heuristic solution: objective -0.0000000
[2025-01-29 09:52:39,910][gurobipy][INFO] - Presolve removed 37043 rows and 1 columns
[2025-01-29 09:52:39,910][gurobipy][INFO] - Presolve time: 1.10s
[2025-01-29 09:52:39,910][gurobipy][INFO] - Presolved: 101875 rows, 3132 columns, 308707 nonzeros
[2025-01-29 09:52:39,989][gurobipy][INFO] - Variable types: 3088 continuous, 44 integer (44 binary)
[2025-01-29 09:52:40,152][gurobipy][INFO] - Root relaxation presolved: 3132 rows, 105007 columns, 311839 nonzeros
[2025-01-29 09:52:40,152][gurobipy][INFO] - 
[2025-01-29 09:52:40,216][gurobipy][INFO] - 
[2025-01-29 09:52:40,216][gurobipy][INFO] - Root relaxation: objective 1.000000e+00, 90 iterations, 0.22 seconds (0.27 work units)
[2025-01-29 09:52:40,248][gurobipy][INFO] - 
[2025-01-29 09:52:40,248][gurobipy][INFO] -     Nodes    |    Current Node    |     Objective Bounds      |     Work
[2025-01-29 09:52:40,248][gurobipy][INFO] -  Expl Unexpl |  Obj  Depth IntInf | Incumbent    BestBd   Gap | It/Node Time
[2025-01-29 09:52:40,248][gurobipy][INFO] - 
[2025-01-29 09:52:40,248][gurobipy][INFO] -      0     0    1.00000    0    7   -0.00000    1.00000      -     -    1s
[2025-01-29 09:52:40,277][gurobipy][INFO] - H    0     0                       0.0015433    1.00000      -     -    1s
[2025-01-29 09:52:40,443][gurobipy][INFO] - H    0     0                       0.0038078    1.00000      -     -    1s
[2025-01-29 09:52:40,718][gurobipy][INFO] -      0     0    1.00000    0    6    0.00381    1.00000      -     -    1s
[2025-01-29 09:52:40,951][gurobipy][INFO] - H    0     0                       0.0273465    1.00000  3557%     -    2s
[2025-01-29 09:52:42,477][gurobipy][INFO] -      0     0    1.00000    0   44    0.02735    1.00000  3557%     -    3s
[2025-01-29 09:52:43,178][gurobipy][INFO] -      0     0    1.00000    0   29    0.02735    1.00000  3557%     -    4s
[2025-01-29 09:52:48,605][gurobipy][INFO] -      0     0    1.00000    0   31    0.02735    1.00000  3557%     -    9s
[2025-01-29 09:52:50,458][gurobipy][INFO] -      0     0    1.00000    0   31    0.02735    1.00000  3557%     -   11s
[2025-01-29 09:52:58,665][gurobipy][INFO] -      0     0    1.00000    0   31    0.02735    1.00000  3557%     -   19s
[2025-01-29 09:52:59,775][gurobipy][INFO] -      0     0    1.00000    0   27    0.02735    1.00000  3557%     -   21s
[2025-01-29 09:53:08,040][gurobipy][INFO] -      0     0    1.00000    0   26    0.02735    1.00000  3557%     -   29s
[2025-01-29 09:53:08,507][gurobipy][INFO] - H    0     0                       0.0274032    1.00000  3549%     -   29s
[2025-01-29 09:53:08,962][gurobipy][INFO] -      0     0    1.00000    0   25    0.02740    1.00000  3549%     -   30s
[2025-01-29 09:53:13,820][gurobipy][INFO] -      0     0    1.00000    0   24    0.02740    1.00000  3549%     -   35s
[2025-01-29 09:53:15,214][gurobipy][INFO] -      0     0    1.00000    0   31    0.02740    1.00000  3549%     -   36s
[2025-01-29 09:53:20,174][gurobipy][INFO] -      0     0    1.00000    0   29    0.02740    1.00000  3549%     -   41s
[2025-01-29 09:53:26,122][gurobipy][INFO] -      0     0    1.00000    0   29    0.02740    1.00000  3549%     -   47s
[2025-01-29 09:53:42,005][gurobipy][INFO] -      0     2    1.00000    0   29    0.02740    1.00000  3549%     -   63s
[2025-01-29 09:53:44,640][gurobipy][INFO] -      3     6    1.00000    2   21    0.02740    1.00000  3549%  2294   65s
[2025-01-29 09:53:55,993][gurobipy][INFO] -      7     8    0.95000    3   28    0.02740    1.00000  3549%  2147   77s
[2025-01-29 09:54:00,419][gurobipy][INFO] -     21    24    0.94444    5   25    0.02740    0.94726  3357%  1375   81s
[2025-01-29 09:54:02,698][gurobipy][INFO] - H   41    32                       0.0410022    0.94443  2203%   873   83s
[2025-01-29 09:54:02,701][gurobipy][INFO] - H   45    32                       0.0639310    0.94443  1377%   799   83s
[2025-01-29 09:54:03,957][gurobipy][INFO] -     57    26    0.93750    7   23    0.06393    0.94118  1372%   777   85s
[2025-01-29 09:54:05,465][gurobipy][INFO] - H   81    28                       0.0660076    0.93750  1320%   559   86s
[2025-01-29 09:54:09,102][gurobipy][INFO] -    162    60    0.91667   11   19    0.06601    0.92299  1298%   357   90s
[2025-01-29 09:54:14,585][gurobipy][INFO] -    341   102    0.86728   16   17    0.06601    0.92295  1298%   218   95s
[2025-01-29 09:54:19,003][gurobipy][INFO] -    569    43    0.79338   19   12    0.06601    0.92295  1298%   179  100s
[2025-01-29 09:54:28,134][gurobipy][INFO] -    773    19    0.35446   24    6    0.06601    0.92295  1298%   178  109s
[2025-01-29 09:54:28,830][gurobipy][INFO] -    799    13    0.21073   25    9    0.06601    0.92295  1298%   184  110s
[2025-01-29 09:54:32,972][gurobipy][INFO] - 
[2025-01-29 09:54:32,972][gurobipy][INFO] - Cutting planes:
[2025-01-29 09:54:32,972][gurobipy][INFO] -   Cover: 3
[2025-01-29 09:54:32,972][gurobipy][INFO] -   MIR: 18
[2025-01-29 09:54:32,972][gurobipy][INFO] -   RLT: 10
[2025-01-29 09:54:32,976][gurobipy][INFO] - 
[2025-01-29 09:54:32,976][gurobipy][INFO] - Explored 885 nodes (193013 simplex iterations) in 114.20 seconds (223.85 work units)
[2025-01-29 09:54:32,976][gurobipy][INFO] - Thread count was 24 (of 48 available processors)
[2025-01-29 09:54:32,976][gurobipy][INFO] - 
[2025-01-29 09:54:32,977][gurobipy][INFO] - Solution count 8: 0.0660076 0.063931 0.0410022 ... -0
[2025-01-29 09:54:32,977][gurobipy][INFO] - No other solutions better than 0.0660076
[2025-01-29 09:54:32,977][gurobipy][INFO] - 
[2025-01-29 09:54:32,977][gurobipy][INFO] - Optimal solution found (tolerance 1.00e-04)
[2025-01-29 09:54:32,978][gurobipy][INFO] - Best objective 6.600758545948e-02, best bound 6.600758545948e-02, gap 0.0000%
[2025-01-29 09:54:33,205][__main__][INFO] - Finished size 26833 (4/5)
[2025-01-29 09:54:54,877][gurobipy][INFO] - Set parameter TimeLimit to value 600
[2025-01-29 09:54:54,931][gurobipy][INFO] - Gurobi Optimizer version 11.0.2 build v11.0.2rc0 (linux64)
[2025-01-29 09:54:54,931][gurobipy][INFO] - 
[2025-01-29 09:54:54,942][gurobipy][INFO] - CPU model: Intel(R) Xeon(R) Gold 6136 CPU @ 3.00GHz, instruction set [SSE2|AVX|AVX2|AVX512]
[2025-01-29 09:54:54,943][gurobipy][INFO] - Thread count: 24 physical cores, 48 logical processors, using up to 24 threads
[2025-01-29 09:54:54,943][gurobipy][INFO] - 
[2025-01-29 09:54:54,943][gurobipy][INFO] - Optimize a model with 231213 rows, 5184 columns and 585736 nonzeros
[2025-01-29 09:54:54,948][gurobipy][INFO] - Model fingerprint: 0x25150881
[2025-01-29 09:54:54,948][gurobipy][INFO] - Variable types: 5139 continuous, 45 integer (45 binary)
[2025-01-29 09:54:54,949][gurobipy][INFO] - Coefficient statistics:
[2025-01-29 09:54:54,949][gurobipy][INFO] -   Matrix range     [2e-05, 2e+00]
[2025-01-29 09:54:54,949][gurobipy][INFO] -   Objective range  [1e+00, 1e+00]
[2025-01-29 09:54:54,949][gurobipy][INFO] -   Bounds range     [1e+00, 1e+00]
[2025-01-29 09:54:54,949][gurobipy][INFO] -   RHS range        [1e+00, 1e+01]
[2025-01-29 09:54:54,998][gurobipy][INFO] - Found heuristic solution: objective -0.0000000
[2025-01-29 09:54:56,868][gurobipy][INFO] - Presolve removed 61651 rows and 1 columns
[2025-01-29 09:54:56,869][gurobipy][INFO] - Presolve time: 1.87s
[2025-01-29 09:54:56,869][gurobipy][INFO] - Presolved: 169562 rows, 5183 columns, 513819 nonzeros
[2025-01-29 09:54:57,001][gurobipy][INFO] - Variable types: 5139 continuous, 44 integer (44 binary)
[2025-01-29 09:54:57,302][gurobipy][INFO] - Root relaxation presolved: 5183 rows, 174745 columns, 519002 nonzeros
[2025-01-29 09:54:57,302][gurobipy][INFO] - 
[2025-01-29 09:54:57,406][gurobipy][INFO] - 
[2025-01-29 09:54:57,406][gurobipy][INFO] - Root relaxation: objective 1.000000e+00, 82 iterations, 0.40 seconds (0.44 work units)
[2025-01-29 09:54:57,459][gurobipy][INFO] - 
[2025-01-29 09:54:57,459][gurobipy][INFO] -     Nodes    |    Current Node    |     Objective Bounds      |     Work
[2025-01-29 09:54:57,459][gurobipy][INFO] -  Expl Unexpl |  Obj  Depth IntInf | Incumbent    BestBd   Gap | It/Node Time
[2025-01-29 09:54:57,459][gurobipy][INFO] - 
[2025-01-29 09:54:57,459][gurobipy][INFO] -      0     0    1.00000    0    6   -0.00000    1.00000      -     -    2s
[2025-01-29 09:54:57,509][gurobipy][INFO] - H    0     0                       0.0004151    1.00000      -     -    2s
[2025-01-29 09:54:57,777][gurobipy][INFO] - H    0     0                       0.0009875    1.00000      -     -    2s
[2025-01-29 09:54:58,255][gurobipy][INFO] -      0     0    1.00000    0    5    0.00099    1.00000      -     -    3s
[2025-01-29 09:55:00,948][gurobipy][INFO] -      0     0    1.00000    0   41    0.00099    1.00000      -     -    6s
[2025-01-29 09:55:07,314][gurobipy][INFO] -      0     0    1.00000    0   40    0.00099    1.00000      -     -   12s
[2025-01-29 09:55:08,516][gurobipy][INFO] - H    0     0                       0.0215728    1.00000  4535%     -   13s
[2025-01-29 09:55:08,899][gurobipy][INFO] -      0     0    1.00000    0   40    0.02157    1.00000  4535%     -   13s
[2025-01-29 09:55:16,276][gurobipy][INFO] -      0     0    1.00000    0   40    0.02157    1.00000  4535%     -   21s
[2025-01-29 09:55:17,866][gurobipy][INFO] -      0     0    1.00000    0   39    0.02157    1.00000  4535%     -   22s
[2025-01-29 09:55:26,792][gurobipy][INFO] -      0     0    1.00000    0   31    0.02157    1.00000  4535%     -   31s
[2025-01-29 09:55:29,448][gurobipy][INFO] -      0     0    1.00000    0   31    0.02157    1.00000  4535%     -   34s
[2025-01-29 09:55:36,015][gurobipy][INFO] -      0     0    1.00000    0   31    0.02157    1.00000  4535%     -   41s
[2025-01-29 09:55:37,810][gurobipy][INFO] -      0     0    1.00000    0   31    0.02157    1.00000  4535%     -   42s
[2025-01-29 09:55:43,617][gurobipy][INFO] -      0     0    1.00000    0   31    0.02157    1.00000  4535%     -   48s
[2025-01-29 09:55:50,534][gurobipy][INFO] -      0     0    1.00000    0   31    0.02157    1.00000  4535%     -   55s
[2025-01-29 09:55:52,109][gurobipy][INFO] - H    0     0                       0.0504778    1.00000  1881%     -   57s
[2025-01-29 09:56:06,094][gurobipy][INFO] -      0     2    1.00000    0   31    0.05048    1.00000  1881%     -   71s
[2025-01-29 09:56:11,839][gurobipy][INFO] -      7     4    1.00000    4   16    0.05048    1.00000  1881%   733   76s
[2025-01-29 09:56:24,450][gurobipy][INFO] -     10     6    1.00000    5   14    0.05048    1.00000  1881%   558   89s
[2025-01-29 09:56:25,899][gurobipy][INFO] -     14     6    1.00000    6   13    0.05048    1.00000  1881%  1301   90s
[2025-01-29 09:56:49,361][gurobipy][INFO] -     20     8    0.96153    7   34    0.05048    1.00000  1881%  1245  114s
[2025-01-29 09:56:52,713][gurobipy][INFO] -     26    10    0.95999    8   33    0.05048    0.96145  1805%  1474  117s
[2025-01-29 09:56:56,368][gurobipy][INFO] -     44    10    0.95651   10   30    0.05048    0.95947  1801%   966  121s
[2025-01-29 09:57:28,703][gurobipy][INFO] -     54    12    0.95454   11   29    0.05048    0.95785  1798%   819  153s
[2025-01-29 09:57:32,915][gurobipy][INFO] -     64    14    0.95237   12   28    0.05048    0.95603  1794%   809  157s
[2025-01-29 09:57:40,921][gurobipy][INFO] - H   90    18                       0.0517918    0.95199  1738%   638  165s
[2025-01-29 09:57:40,926][gurobipy][INFO] - H   90    18                       0.0619577    0.95199  1437%   638  165s
[2025-01-29 09:57:49,414][gurobipy][INFO] - H  138    14                       0.0638066    0.94390  1379%   485  174s
[2025-01-29 09:57:50,934][gurobipy][INFO] -    156    18    0.93333   18   21    0.06381    0.94078  1374%   461  175s
[2025-01-29 09:57:57,671][gurobipy][INFO] -    174    22    0.92857   19   20    0.06381    0.93706  1369%   422  182s
[2025-01-29 09:58:00,769][gurobipy][INFO] - H  194    29                       0.0645650    0.93306  1345%   427  185s
[2025-01-29 09:58:07,532][gurobipy][INFO] -    300    74    0.90000   23   16    0.06456    0.92200  1328%   363  192s
[2025-01-29 09:58:10,166][gurobipy][INFO] -    352    67    0.88889   24   15    0.06456    0.92200  1328%   325  195s
[2025-01-29 09:58:16,920][gurobipy][INFO] -    515    32    0.84546   27   14    0.06456    0.92200  1328%   271  201s
[2025-01-29 09:58:21,987][gurobipy][INFO] -    598    51    0.78582   29   11    0.06456    0.92200  1328%   281  207s
[2025-01-29 09:58:26,182][gurobipy][INFO] -    646    48    0.73431   30   10    0.06456    0.92200  1328%   282  211s
[2025-01-29 09:58:26,188][gurobipy][INFO] - H  647    48                       0.0652794    0.92200  1312%   281  211s
[2025-01-29 09:58:30,299][gurobipy][INFO] -    750    51    0.65871   31    9    0.06528    0.92200  1312%   274  215s
[2025-01-29 09:58:35,093][gurobipy][INFO] -    891    43 infeasible   32         0.06528    0.92200  1312%   260  220s
[2025-01-29 09:58:43,712][gurobipy][INFO] -    938    45    0.26691   35    5    0.06528    0.78933  1109%   267  228s
[2025-01-29 09:58:44,961][gurobipy][INFO] -    976    24    0.14230   36    4    0.06528    0.78933  1109%   268  230s
[2025-01-29 09:58:49,475][gurobipy][INFO] - 
[2025-01-29 09:58:49,475][gurobipy][INFO] - Cutting planes:
[2025-01-29 09:58:49,475][gurobipy][INFO] -   Cover: 13
[2025-01-29 09:58:49,475][gurobipy][INFO] -   MIR: 18
[2025-01-29 09:58:49,475][gurobipy][INFO] -   RLT: 9
[2025-01-29 09:58:49,482][gurobipy][INFO] - 
[2025-01-29 09:58:49,482][gurobipy][INFO] - Explored 1118 nodes (337558 simplex iterations) in 234.54 seconds (467.12 work units)
[2025-01-29 09:58:49,483][gurobipy][INFO] - Thread count was 24 (of 48 available processors)
[2025-01-29 09:58:49,483][gurobipy][INFO] - 
[2025-01-29 09:58:49,483][gurobipy][INFO] - Solution count 10: 0.0652794 0.064565 0.0638066 ... -0
[2025-01-29 09:58:49,483][gurobipy][INFO] - No other solutions better than 0.0652794
[2025-01-29 09:58:49,483][gurobipy][INFO] - 
[2025-01-29 09:58:49,483][gurobipy][INFO] - Optimal solution found (tolerance 1.00e-04)
[2025-01-29 09:58:49,485][gurobipy][INFO] - Best objective 6.527939196256e-02, best bound 6.527939196256e-02, gap 0.0000%
[2025-01-29 09:58:49,860][__main__][INFO] - Finished size 80329 (5/5)
