[2025-01-29 09:29:52,567][gurobipy][INFO] - Set parameter TimeLimit to value 600
[2025-01-29 09:29:52,573][gurobipy][INFO] - Gurobi Optimizer version 11.0.2 build v11.0.2rc0 (linux64)
[2025-01-29 09:29:52,574][gurobipy][INFO] - 
[2025-01-29 09:29:52,586][gurobipy][INFO] - CPU model: Intel(R) Xeon(R) Gold 6136 CPU @ 3.00GHz, instruction set [SSE2|AVX|AVX2|AVX512]
[2025-01-29 09:29:52,586][gurobipy][INFO] - Thread count: 24 physical cores, 48 logical processors, using up to 24 threads
[2025-01-29 09:29:52,586][gurobipy][INFO] - 
[2025-01-29 09:29:52,586][gurobipy][INFO] - Optimize a model with 29011 rows, 642 columns and 73412 nonzeros
[2025-01-29 09:29:52,587][gurobipy][INFO] - Model fingerprint: 0x35dde8a7
[2025-01-29 09:29:52,587][gurobipy][INFO] - Variable types: 593 continuous, 49 integer (49 binary)
[2025-01-29 09:29:52,587][gurobipy][INFO] - Coefficient statistics:
[2025-01-29 09:29:52,587][gurobipy][INFO] -   Matrix range     [2e-03, 2e+00]
[2025-01-29 09:29:52,587][gurobipy][INFO] -   Objective range  [1e+00, 1e+00]
[2025-01-29 09:29:52,587][gurobipy][INFO] -   Bounds range     [1e+00, 1e+00]
[2025-01-29 09:29:52,587][gurobipy][INFO] -   RHS range        [1e+00, 1e+01]
[2025-01-29 09:29:52,592][gurobipy][INFO] - Found heuristic solution: objective -0.0000000
[2025-01-29 09:29:52,764][gurobipy][INFO] - Presolve removed 11220 rows and 7 columns
[2025-01-29 09:29:52,764][gurobipy][INFO] - Presolve time: 0.17s
[2025-01-29 09:29:52,764][gurobipy][INFO] - Presolved: 17791 rows, 635 columns, 53960 nonzeros
[2025-01-29 09:29:52,776][gurobipy][INFO] - Variable types: 593 continuous, 42 integer (42 binary)
[2025-01-29 09:29:52,798][gurobipy][INFO] - Root relaxation presolved: 17791 rows, 635 columns, 53960 nonzeros
[2025-01-29 09:29:52,798][gurobipy][INFO] - 
[2025-01-29 09:29:52,828][gurobipy][INFO] - 
[2025-01-29 09:29:52,828][gurobipy][INFO] - Root relaxation: objective 1.000000e+00, 316 iterations, 0.05 seconds (0.08 work units)
[2025-01-29 09:29:52,834][gurobipy][INFO] - 
[2025-01-29 09:29:52,834][gurobipy][INFO] -     Nodes    |    Current Node    |     Objective Bounds      |     Work
[2025-01-29 09:29:52,834][gurobipy][INFO] -  Expl Unexpl |  Obj  Depth IntInf | Incumbent    BestBd   Gap | It/Node Time
[2025-01-29 09:29:52,834][gurobipy][INFO] - 
[2025-01-29 09:29:52,834][gurobipy][INFO] -      0     0    1.00000    0    4   -0.00000    1.00000      -     -    0s
[2025-01-29 09:29:52,855][gurobipy][INFO] - H    0     0                       0.0738966    1.00000  1253%     -    0s
[2025-01-29 09:29:52,864][gurobipy][INFO] - H    0     0                       0.0825137    1.00000  1112%     -    0s
[2025-01-29 09:29:53,331][gurobipy][INFO] -      0     0    1.00000    0   35    0.08251    1.00000  1112%     -    0s
[2025-01-29 09:29:53,408][gurobipy][INFO] -      0     0    1.00000    0   24    0.08251    1.00000  1112%     -    0s
[2025-01-29 09:29:53,495][gurobipy][INFO] - H    0     0                       0.1313157    1.00000   662%     -    0s
[2025-01-29 09:29:54,980][gurobipy][INFO] -      0     0    0.85582    0   13    0.13132    0.85582   552%     -    2s
[2025-01-29 09:29:55,058][gurobipy][INFO] - H    0     0                       0.1377470    0.85582   521%     -    2s
[2025-01-29 09:29:55,409][gurobipy][INFO] - H    0     0                       0.1794031    0.76616   327%     -    2s
[2025-01-29 09:29:55,761][gurobipy][INFO] -      0     0    0.44956    0    2    0.17940    0.44956   151%     -    3s
[2025-01-29 09:29:55,832][gurobipy][INFO] -      0     0    0.20887    0    8    0.17940    0.20887  16.4%     -    3s
[2025-01-29 09:29:55,881][gurobipy][INFO] - 
[2025-01-29 09:29:55,881][gurobipy][INFO] - Cutting planes:
[2025-01-29 09:29:55,881][gurobipy][INFO] -   Cover: 1
[2025-01-29 09:29:55,881][gurobipy][INFO] -   Implied bound: 1
[2025-01-29 09:29:55,881][gurobipy][INFO] -   MIR: 2
[2025-01-29 09:29:55,881][gurobipy][INFO] -   Inf proof: 1
[2025-01-29 09:29:55,881][gurobipy][INFO] -   RLT: 3
[2025-01-29 09:29:55,882][gurobipy][INFO] - 
[2025-01-29 09:29:55,882][gurobipy][INFO] - Explored 1 nodes (7375 simplex iterations) in 3.30 seconds (4.79 work units)
[2025-01-29 09:29:55,882][gurobipy][INFO] - Thread count was 24 (of 48 available processors)
[2025-01-29 09:29:55,882][gurobipy][INFO] - 
[2025-01-29 09:29:55,882][gurobipy][INFO] - Solution count 6: 0.179403 0.137747 0.131316 ... -0
[2025-01-29 09:29:55,882][gurobipy][INFO] - No other solutions better than 0.179403
[2025-01-29 09:29:55,882][gurobipy][INFO] - 
[2025-01-29 09:29:55,882][gurobipy][INFO] - Optimal solution found (tolerance 1.00e-04)
[2025-01-29 09:29:55,882][gurobipy][INFO] - Best objective 1.794031105507e-01, best bound 1.794031105507e-01, gap 0.0000%
[2025-01-29 09:29:55,920][__main__][INFO] - Finished size 1000 (1/5)
[2025-01-29 09:30:04,403][gurobipy][INFO] - Set parameter TimeLimit to value 600
[2025-01-29 09:30:04,421][gurobipy][INFO] - Gurobi Optimizer version 11.0.2 build v11.0.2rc0 (linux64)
[2025-01-29 09:30:04,421][gurobipy][INFO] - 
[2025-01-29 09:30:04,433][gurobipy][INFO] - CPU model: Intel(R) Xeon(R) Gold 6136 CPU @ 3.00GHz, instruction set [SSE2|AVX|AVX2|AVX512]
[2025-01-29 09:30:04,433][gurobipy][INFO] - Thread count: 24 physical cores, 48 logical processors, using up to 24 threads
[2025-01-29 09:30:04,433][gurobipy][INFO] - 
[2025-01-29 09:30:04,433][gurobipy][INFO] - Optimize a model with 64487 rows, 1366 columns and 163188 nonzeros
[2025-01-29 09:30:04,434][gurobipy][INFO] - Model fingerprint: 0xd056c2d1
[2025-01-29 09:30:04,434][gurobipy][INFO] - Variable types: 1317 continuous, 49 integer (49 binary)
[2025-01-29 09:30:04,435][gurobipy][INFO] - Coefficient statistics:
[2025-01-29 09:30:04,435][gurobipy][INFO] -   Matrix range     [5e-04, 2e+00]
[2025-01-29 09:30:04,435][gurobipy][INFO] -   Objective range  [1e+00, 1e+00]
[2025-01-29 09:30:04,435][gurobipy][INFO] -   Bounds range     [1e+00, 1e+00]
[2025-01-29 09:30:04,435][gurobipy][INFO] -   RHS range        [1e+00, 1e+01]
[2025-01-29 09:30:04,446][gurobipy][INFO] - Found heuristic solution: objective -0.0000000
[2025-01-29 09:30:04,834][gurobipy][INFO] - Presolve removed 21032 rows and 4 columns
[2025-01-29 09:30:04,834][gurobipy][INFO] - Presolve time: 0.39s
[2025-01-29 09:30:04,834][gurobipy][INFO] - Presolved: 43455 rows, 1362 columns, 131676 nonzeros
[2025-01-29 09:30:04,865][gurobipy][INFO] - Variable types: 1317 continuous, 45 integer (45 binary)
[2025-01-29 09:30:04,925][gurobipy][INFO] - Root relaxation presolved: 1362 rows, 44817 columns, 133038 nonzeros
[2025-01-29 09:30:04,925][gurobipy][INFO] - 
[2025-01-29 09:30:05,202][gurobipy][INFO] - 
[2025-01-29 09:30:05,202][gurobipy][INFO] - Root relaxation: objective 1.000000e+00, 2060 iterations, 0.33 seconds (0.79 work units)
[2025-01-29 09:30:05,212][gurobipy][INFO] - 
[2025-01-29 09:30:05,213][gurobipy][INFO] -     Nodes    |    Current Node    |     Objective Bounds      |     Work
[2025-01-29 09:30:05,213][gurobipy][INFO] -  Expl Unexpl |  Obj  Depth IntInf | Incumbent    BestBd   Gap | It/Node Time
[2025-01-29 09:30:05,213][gurobipy][INFO] - 
[2025-01-29 09:30:05,213][gurobipy][INFO] -      0     0    1.00000    0    1   -0.00000    1.00000      -     -    0s
[2025-01-29 09:30:05,215][gurobipy][INFO] - H    0     0                       0.0074766    1.00000      -     -    0s
[2025-01-29 09:30:05,343][gurobipy][INFO] - H    0     0                       0.1143785    1.00000   774%     -    0s
[2025-01-29 09:30:05,359][gurobipy][INFO] - H    0     0                       0.1303963    1.00000   667%     -    0s
[2025-01-29 09:30:06,629][gurobipy][INFO] -      0     0    1.00000    0   38    0.13040    1.00000   667%     -    2s
[2025-01-29 09:30:07,020][gurobipy][INFO] -      0     0    1.00000    0   23    0.13040    1.00000   667%     -    2s
[2025-01-29 09:30:07,660][gurobipy][INFO] -      0     0    1.00000    0   23    0.13040    1.00000   667%     -    3s
[2025-01-29 09:30:08,490][gurobipy][INFO] -      0     0    1.00000    0    4    0.13040    1.00000   667%     -    4s
[2025-01-29 09:30:09,449][gurobipy][INFO] -      0     0    1.00000    0   16    0.13040    1.00000   667%     -    5s
[2025-01-29 09:30:09,643][gurobipy][INFO] -      0     0    1.00000    0   16    0.13040    1.00000   667%     -    5s
[2025-01-29 09:30:09,984][gurobipy][INFO] - H    0     0                       0.1778651    1.00000   462%     -    5s
[2025-01-29 09:30:11,015][gurobipy][INFO] -      0     0    0.80465    0    7    0.17787    0.80465   352%     -    6s
[2025-01-29 09:30:11,076][gurobipy][INFO] - H    0     0                       0.1867168    0.80465   331%     -    6s
[2025-01-29 09:30:11,096][gurobipy][INFO] -      0     0    0.76794    0    7    0.18672    0.76794   311%     -    6s
[2025-01-29 09:30:11,807][gurobipy][INFO] -      0     0    0.54370    0    6    0.18672    0.54370   191%     -    7s
[2025-01-29 09:30:11,914][gurobipy][INFO] -      0     0    0.50765    0    6    0.18672    0.50765   172%     -    7s
[2025-01-29 09:30:12,003][gurobipy][INFO] -      0     0    0.48882    0    6    0.18672    0.48882   162%     -    7s
[2025-01-29 09:30:12,206][gurobipy][INFO] -      0     0    0.44078    0   16    0.18672    0.44078   136%     -    7s
[2025-01-29 09:30:13,060][gurobipy][INFO] -      0     0    0.18672    0    4    0.18672    0.18672  0.00%     -    8s
[2025-01-29 09:30:13,061][gurobipy][INFO] - 
[2025-01-29 09:30:13,061][gurobipy][INFO] - Cutting planes:
[2025-01-29 09:30:13,061][gurobipy][INFO] -   MIR: 39
[2025-01-29 09:30:13,061][gurobipy][INFO] -   RLT: 6
[2025-01-29 09:30:13,061][gurobipy][INFO] -   Relax-and-lift: 7
[2025-01-29 09:30:13,063][gurobipy][INFO] - 
[2025-01-29 09:30:13,063][gurobipy][INFO] - Explored 1 nodes (18881 simplex iterations) in 8.63 seconds (11.20 work units)
[2025-01-29 09:30:13,063][gurobipy][INFO] - Thread count was 24 (of 48 available processors)
[2025-01-29 09:30:13,063][gurobipy][INFO] - 
[2025-01-29 09:30:13,063][gurobipy][INFO] - Solution count 7: 0.186717 0.177865 0.130396 ... -0
[2025-01-29 09:30:13,063][gurobipy][INFO] - No other solutions better than 0.186717
[2025-01-29 09:30:13,063][gurobipy][INFO] - 
[2025-01-29 09:30:13,063][gurobipy][INFO] - Optimal solution found (tolerance 1.00e-04)
[2025-01-29 09:30:13,063][gurobipy][INFO] - Best objective 1.867168101233e-01, best bound 1.867168101233e-01, gap 0.0000%
[2025-01-29 09:30:13,140][__main__][INFO] - Finished size 3431 (2/5)
[2025-01-29 09:30:24,955][gurobipy][INFO] - Set parameter TimeLimit to value 600
[2025-01-29 09:30:24,992][gurobipy][INFO] - Gurobi Optimizer version 11.0.2 build v11.0.2rc0 (linux64)
[2025-01-29 09:30:24,992][gurobipy][INFO] - 
[2025-01-29 09:30:25,004][gurobipy][INFO] - CPU model: Intel(R) Xeon(R) Gold 6136 CPU @ 3.00GHz, instruction set [SSE2|AVX|AVX2|AVX512]
[2025-01-29 09:30:25,004][gurobipy][INFO] - Thread count: 24 physical cores, 48 logical processors, using up to 24 threads
[2025-01-29 09:30:25,004][gurobipy][INFO] - 
[2025-01-29 09:30:25,004][gurobipy][INFO] - Optimize a model with 129216 rows, 2687 columns and 326992 nonzeros
[2025-01-29 09:30:25,007][gurobipy][INFO] - Model fingerprint: 0xea6109fb
[2025-01-29 09:30:25,007][gurobipy][INFO] - Variable types: 2638 continuous, 49 integer (49 binary)
[2025-01-29 09:30:25,007][gurobipy][INFO] - Coefficient statistics:
[2025-01-29 09:30:25,007][gurobipy][INFO] -   Matrix range     [1e-04, 2e+00]
[2025-01-29 09:30:25,007][gurobipy][INFO] -   Objective range  [1e+00, 1e+00]
[2025-01-29 09:30:25,007][gurobipy][INFO] -   Bounds range     [1e+00, 1e+00]
[2025-01-29 09:30:25,007][gurobipy][INFO] -   RHS range        [1e+00, 1e+01]
[2025-01-29 09:30:25,032][gurobipy][INFO] - Found heuristic solution: objective 0.0000000
[2025-01-29 09:30:25,887][gurobipy][INFO] - Presolve removed 34281 rows and 1 columns
[2025-01-29 09:30:25,887][gurobipy][INFO] - Presolve time: 0.85s
[2025-01-29 09:30:25,887][gurobipy][INFO] - Presolved: 94935 rows, 2686 columns, 287437 nonzeros
[2025-01-29 09:30:25,960][gurobipy][INFO] - Variable types: 2638 continuous, 48 integer (48 binary)
[2025-01-29 09:30:26,097][gurobipy][INFO] - Root relaxation presolved: 2686 rows, 97621 columns, 290123 nonzeros
[2025-01-29 09:30:26,097][gurobipy][INFO] - 
[2025-01-29 09:30:26,152][gurobipy][INFO] - 
[2025-01-29 09:30:26,152][gurobipy][INFO] - Root relaxation: objective 1.000000e+00, 88 iterations, 0.19 seconds (0.24 work units)
[2025-01-29 09:30:26,166][gurobipy][INFO] - 
[2025-01-29 09:30:26,166][gurobipy][INFO] -     Nodes    |    Current Node    |     Objective Bounds      |     Work
[2025-01-29 09:30:26,166][gurobipy][INFO] -  Expl Unexpl |  Obj  Depth IntInf | Incumbent    BestBd   Gap | It/Node Time
[2025-01-29 09:30:26,166][gurobipy][INFO] - 
[2025-01-29 09:30:26,166][gurobipy][INFO] -      0     0    1.00000    0    2    0.00000    1.00000      -     -    1s
[2025-01-29 09:30:26,189][gurobipy][INFO] - H    0     0                       0.0010180    1.00000      -     -    1s
[2025-01-29 09:30:26,257][gurobipy][INFO] - H    0     0                       0.0025008    1.00000      -     -    1s
[2025-01-29 09:30:26,278][gurobipy][INFO] - H    0     0                       0.0055298    1.00000      -     -    1s
[2025-01-29 09:30:26,310][gurobipy][INFO] - H    0     0                       0.0123736    1.00000  7982%     -    1s
[2025-01-29 09:30:26,551][gurobipy][INFO] -      0     0    1.00000    0    3    0.01237    1.00000  7982%     -    1s
[2025-01-29 09:30:26,838][gurobipy][INFO] - H    0     0                       0.0197010    1.00000  4976%     -    1s
[2025-01-29 09:30:28,625][gurobipy][INFO] -      0     0    1.00000    0   47    0.01970    1.00000  4976%     -    3s
[2025-01-29 09:30:29,024][gurobipy][INFO] -      0     0    1.00000    0   38    0.01970    1.00000  4976%     -    4s
[2025-01-29 09:30:33,975][gurobipy][INFO] -      0     0    1.00000    0   35    0.01970    1.00000  4976%     -    8s
[2025-01-29 09:30:34,416][gurobipy][INFO] - H    0     0                       0.0343995    1.00000  2807%     -    9s
[2025-01-29 09:30:34,507][gurobipy][INFO] - H    0     0                       0.0403857    1.00000  2376%     -    9s
[2025-01-29 09:30:34,743][gurobipy][INFO] -      0     0    1.00000    0   33    0.04039    1.00000  2376%     -    9s
[2025-01-29 09:30:40,931][gurobipy][INFO] -      0     0    1.00000    0    1    0.04039    1.00000  2376%     -   15s
[2025-01-29 09:30:40,962][gurobipy][INFO] - H    0     0                       0.1739178    1.00000   475%     -   15s
[2025-01-29 09:30:42,401][gurobipy][INFO] -      0     0    1.00000    0   32    0.17392    1.00000   475%     -   17s
[2025-01-29 09:30:49,257][gurobipy][INFO] -      0     0    1.00000    0   26    0.17392    1.00000   475%     -   24s
[2025-01-29 09:30:49,749][gurobipy][INFO] - H    0     0                       0.1783482    1.00000   461%     -   24s
[2025-01-29 09:30:57,884][gurobipy][INFO] -      0     0    1.00000    0   25    0.17835    1.00000   461%     -   32s
[2025-01-29 09:30:58,365][gurobipy][INFO] -      0     0    1.00000    0   25    0.17835    1.00000   461%     -   33s
[2025-01-29 09:31:06,186][gurobipy][INFO] -      0     0    1.00000    0   17    0.17835    1.00000   461%     -   41s
[2025-01-29 09:31:06,704][gurobipy][INFO] -      0     0    1.00000    0   17    0.17835    1.00000   461%     -   41s
[2025-01-29 09:31:12,772][gurobipy][INFO] -      0     0    1.00000    0   13    0.17835    1.00000   461%     -   47s
[2025-01-29 09:31:17,567][gurobipy][INFO] -      0     0    1.00000    0   13    0.17835    1.00000   461%     -   52s
[2025-01-29 09:31:25,660][gurobipy][INFO] -      0     2    1.00000    0    8    0.17835    1.00000   461%     -   60s
[2025-01-29 09:31:39,650][gurobipy][INFO] -      5     4    1.00000    3    5    0.17835    1.00000   461%  46.4   74s
[2025-01-29 09:31:40,171][gurobipy][INFO] -      7     4    1.00000    4    4    0.17835    1.00000   461%  1376   75s
[2025-01-29 09:31:47,090][gurobipy][INFO] -     23     6    1.00000    8   18    0.17835    1.00000   461%   501   82s
[2025-01-29 09:31:57,701][gurobipy][INFO] -     27     8    0.93750    9   24    0.17835    1.00000   461%   830   92s
[2025-01-29 09:32:00,430][gurobipy][INFO] -     65     8    0.90909   14   18    0.17835    0.91654   414%   464   95s
[2025-01-29 09:32:05,889][gurobipy][INFO] -    113     8    0.82118   20   13    0.17835    0.84614   374%   309  100s
[2025-01-29 09:32:10,216][gurobipy][INFO] -    149    10    0.60741   24    9    0.17835    0.69341   289%   296  105s
[2025-01-29 09:32:15,495][gurobipy][INFO] -    199    10    0.27596   28    9    0.17835    0.42930   141%   294  110s
[2025-01-29 09:32:16,765][gurobipy][INFO] - 
[2025-01-29 09:32:16,766][gurobipy][INFO] - Cutting planes:
[2025-01-29 09:32:16,766][gurobipy][INFO] -   Implied bound: 1
[2025-01-29 09:32:16,766][gurobipy][INFO] -   MIR: 11
[2025-01-29 09:32:16,766][gurobipy][INFO] -   RLT: 3
[2025-01-29 09:32:16,778][gurobipy][INFO] - 
[2025-01-29 09:32:16,778][gurobipy][INFO] - Explored 225 nodes (100319 simplex iterations) in 111.77 seconds (223.12 work units)
[2025-01-29 09:32:16,778][gurobipy][INFO] - Thread count was 24 (of 48 available processors)
[2025-01-29 09:32:16,778][gurobipy][INFO] - 
[2025-01-29 09:32:16,778][gurobipy][INFO] - Solution count 10: 0.178348 0.173918 0.0403857 ... 8.43769e-15
[2025-01-29 09:32:16,778][gurobipy][INFO] - No other solutions better than 0.178348
[2025-01-29 09:32:16,778][gurobipy][INFO] - 
[2025-01-29 09:32:16,778][gurobipy][INFO] - Optimal solution found (tolerance 1.00e-04)
[2025-01-29 09:32:16,779][gurobipy][INFO] - Best objective 1.783481653080e-01, best bound 1.783481653080e-01, gap 0.0000%
[2025-01-29 09:32:16,933][__main__][INFO] - Finished size 11771 (3/5)
[2025-01-29 09:32:39,182][gurobipy][INFO] - Set parameter TimeLimit to value 600
[2025-01-29 09:32:39,262][gurobipy][INFO] - Gurobi Optimizer version 11.0.2 build v11.0.2rc0 (linux64)
[2025-01-29 09:32:39,262][gurobipy][INFO] - 
[2025-01-29 09:32:39,274][gurobipy][INFO] - CPU model: Intel(R) Xeon(R) Gold 6136 CPU @ 3.00GHz, instruction set [SSE2|AVX|AVX2|AVX512]
[2025-01-29 09:32:39,274][gurobipy][INFO] - Thread count: 24 physical cores, 48 logical processors, using up to 24 threads
[2025-01-29 09:32:39,274][gurobipy][INFO] - 
[2025-01-29 09:32:39,274][gurobipy][INFO] - Optimize a model with 247698 rows, 5105 columns and 626824 nonzeros
[2025-01-29 09:32:39,279][gurobipy][INFO] - Model fingerprint: 0x5adadb1e
[2025-01-29 09:32:39,279][gurobipy][INFO] - Variable types: 5056 continuous, 49 integer (49 binary)
[2025-01-29 09:32:39,280][gurobipy][INFO] - Coefficient statistics:
[2025-01-29 09:32:39,280][gurobipy][INFO] -   Matrix range     [4e-05, 2e+00]
[2025-01-29 09:32:39,280][gurobipy][INFO] -   Objective range  [1e+00, 1e+00]
[2025-01-29 09:32:39,280][gurobipy][INFO] -   Bounds range     [1e+00, 1e+00]
[2025-01-29 09:32:39,280][gurobipy][INFO] -   RHS range        [1e+00, 1e+01]
[2025-01-29 09:32:39,332][gurobipy][INFO] - Found heuristic solution: objective -0.0000000
[2025-01-29 09:32:41,323][gurobipy][INFO] - Presolve removed 65710 rows and 1 columns
[2025-01-29 09:32:41,323][gurobipy][INFO] - Presolve time: 1.99s
[2025-01-29 09:32:41,323][gurobipy][INFO] - Presolved: 181988 rows, 5104 columns, 551014 nonzeros
[2025-01-29 09:32:41,468][gurobipy][INFO] - Variable types: 5056 continuous, 48 integer (48 binary)
[2025-01-29 09:32:41,811][gurobipy][INFO] - Root relaxation presolved: 5104 rows, 187092 columns, 556118 nonzeros
[2025-01-29 09:32:41,811][gurobipy][INFO] - 
[2025-01-29 09:32:41,945][gurobipy][INFO] - 
[2025-01-29 09:32:41,945][gurobipy][INFO] - Root relaxation: objective 1.000000e+00, 185 iterations, 0.47 seconds (0.49 work units)
[2025-01-29 09:32:41,985][gurobipy][INFO] - 
[2025-01-29 09:32:41,985][gurobipy][INFO] -     Nodes    |    Current Node    |     Objective Bounds      |     Work
[2025-01-29 09:32:41,985][gurobipy][INFO] -  Expl Unexpl |  Obj  Depth IntInf | Incumbent    BestBd   Gap | It/Node Time
[2025-01-29 09:32:41,985][gurobipy][INFO] - 
[2025-01-29 09:32:41,985][gurobipy][INFO] -      0     0    1.00000    0    2   -0.00000    1.00000      -     -    2s
[2025-01-29 09:32:42,032][gurobipy][INFO] - H    0     0                       0.0026862    1.00000      -     -    2s
[2025-01-29 09:32:42,214][gurobipy][INFO] - H    0     0                       0.0046006    1.00000      -     -    2s
[2025-01-29 09:32:42,666][gurobipy][INFO] -      0     0    1.00000    0    4    0.00460    1.00000      -     -    3s
[2025-01-29 09:32:43,037][gurobipy][INFO] - H    0     0                       0.0057263    1.00000      -     -    3s
[2025-01-29 09:32:44,774][gurobipy][INFO] - H    0     0                       0.0191487    1.00000  5122%     -    5s
[2025-01-29 09:32:50,489][gurobipy][INFO] -      0     0    1.00000    0   48    0.01915    1.00000  5122%     -   11s
[2025-01-29 09:32:51,407][gurobipy][INFO] -      0     0    1.00000    0   41    0.01915    1.00000  5122%     -   12s
[2025-01-29 09:32:58,318][gurobipy][INFO] -      0     0    1.00000    0   40    0.01915    1.00000  5122%     -   19s
[2025-01-29 09:32:59,663][gurobipy][INFO] - H    0     0                       0.1043350    1.00000   858%     -   20s
[2025-01-29 09:33:00,249][gurobipy][INFO] -      0     0    1.00000    0   35    0.10434    1.00000   858%     -   20s
[2025-01-29 09:33:10,233][gurobipy][INFO] -      0     0    1.00000    0   33    0.10434    1.00000   858%     -   30s
[2025-01-29 09:33:16,680][gurobipy][INFO] -      0     0    1.00000    0   35    0.10434    1.00000   858%     -   37s
[2025-01-29 09:33:25,143][gurobipy][INFO] -      0     0    1.00000    0   35    0.10434    1.00000   858%     -   45s
[2025-01-29 09:33:29,045][gurobipy][INFO] -      0     0    1.00000    0   35    0.10434    1.00000   858%     -   49s
[2025-01-29 09:33:35,243][gurobipy][INFO] -      0     0    1.00000    0   35    0.10434    1.00000   858%     -   55s
[2025-01-29 09:33:37,321][gurobipy][INFO] -      0     0    1.00000    0   11    0.10434    1.00000   858%     -   58s
[2025-01-29 09:33:45,239][gurobipy][INFO] -      0     0    1.00000    0   35    0.10434    1.00000   858%     -   65s
[2025-01-29 09:33:53,408][gurobipy][INFO] -      0     0    1.00000    0   35    0.10434    1.00000   858%     -   74s
[2025-01-29 09:34:15,349][gurobipy][INFO] - H    0     0                       0.1687065    1.00000   493%     -   96s
[2025-01-29 09:34:26,763][gurobipy][INFO] -      0     2    1.00000    0   35    0.16871    1.00000   493%     -  107s
[2025-01-29 09:34:30,301][gurobipy][INFO] -      3     2    1.00000    2   33    0.16871    1.00000   493%   904  111s
[2025-01-29 09:34:34,922][gurobipy][INFO] -      7     2    1.00000    4   25    0.16871    1.00000   493%   522  115s
[2025-01-29 09:34:40,467][gurobipy][INFO] -     17     2    1.00000    9   16    0.16871    1.00000   493%   398  121s
[2025-01-29 09:34:46,013][gurobipy][INFO] -     21     4    1.00000   11   22    0.16871    1.00000   493%   350  126s
[2025-01-29 09:34:49,639][gurobipy][INFO] -     35     4    1.00000   15   17    0.16871    1.00000   493%   361  130s
[2025-01-29 09:34:56,128][gurobipy][INFO] -     45     6    0.87969   17   20    0.16871    1.00000   493%   491  136s
[2025-01-29 09:35:02,974][gurobipy][INFO] -     49    10    0.86481   18   16    0.16871    0.88050   422%   571  143s
[2025-01-29 09:35:04,763][gurobipy][INFO] -     55    10    0.84723   19   15    0.16871    0.86516   413%   702  145s
[2025-01-29 09:35:09,818][gurobipy][INFO] -     65    12    0.82177   20   13    0.16871    0.84717   402%   627  150s
[2025-01-29 09:35:13,810][gurobipy][INFO] - H   87    10                       0.1748920    0.78949   351%   539  154s
[2025-01-29 09:35:15,614][gurobipy][INFO] -     97    14    0.68096   23   14    0.17489    0.74084   324%   521  156s
[2025-01-29 09:35:19,793][gurobipy][INFO] -    107    18    0.67941   24   13    0.17489    0.70141   301%   493  160s
[2025-01-29 09:35:25,030][gurobipy][INFO] -    157    22    0.40759   27   10    0.17489    0.58357   234%   481  165s
[2025-01-29 09:35:29,387][gurobipy][INFO] -    223     2     cutoff   31         0.17489    0.25481  45.7%   495  170s
[2025-01-29 09:35:30,333][gurobipy][INFO] - 
[2025-01-29 09:35:30,333][gurobipy][INFO] - Cutting planes:
[2025-01-29 09:35:30,333][gurobipy][INFO] -   Implied bound: 1
[2025-01-29 09:35:30,333][gurobipy][INFO] -   MIR: 2
[2025-01-29 09:35:30,353][gurobipy][INFO] - 
[2025-01-29 09:35:30,353][gurobipy][INFO] - Explored 231 nodes (139067 simplex iterations) in 171.08 seconds (356.31 work units)
[2025-01-29 09:35:30,353][gurobipy][INFO] - Thread count was 24 (of 48 available processors)
[2025-01-29 09:35:30,353][gurobipy][INFO] - 
[2025-01-29 09:35:30,353][gurobipy][INFO] - Solution count 8: 0.174892 0.168706 0.104335 ... -0
[2025-01-29 09:35:30,353][gurobipy][INFO] - No other solutions better than 0.174892
[2025-01-29 09:35:30,353][gurobipy][INFO] - 
[2025-01-29 09:35:30,353][gurobipy][INFO] - Optimal solution found (tolerance 1.00e-04)
[2025-01-29 09:35:30,356][gurobipy][INFO] - Best objective 1.748919940671e-01, best bound 1.748919940671e-01, gap 0.0000%
[2025-01-29 09:35:30,694][__main__][INFO] - Finished size 40385 (4/5)
[2025-01-29 09:36:12,531][gurobipy][INFO] - Set parameter TimeLimit to value 600
[2025-01-29 09:36:12,657][gurobipy][INFO] - Gurobi Optimizer version 11.0.2 build v11.0.2rc0 (linux64)
[2025-01-29 09:36:12,657][gurobipy][INFO] - 
[2025-01-29 09:36:12,669][gurobipy][INFO] - CPU model: Intel(R) Xeon(R) Gold 6136 CPU @ 3.00GHz, instruction set [SSE2|AVX|AVX2|AVX512]
[2025-01-29 09:36:12,669][gurobipy][INFO] - Thread count: 24 physical cores, 48 logical processors, using up to 24 threads
[2025-01-29 09:36:12,669][gurobipy][INFO] - 
[2025-01-29 09:36:12,669][gurobipy][INFO] - Optimize a model with 440170 rows, 9033 columns and 1113896 nonzeros
[2025-01-29 09:36:12,678][gurobipy][INFO] - Model fingerprint: 0xffdc31ec
[2025-01-29 09:36:12,678][gurobipy][INFO] - Variable types: 8984 continuous, 49 integer (49 binary)
[2025-01-29 09:36:12,680][gurobipy][INFO] - Coefficient statistics:
[2025-01-29 09:36:12,680][gurobipy][INFO] -   Matrix range     [1e-05, 2e+00]
[2025-01-29 09:36:12,680][gurobipy][INFO] -   Objective range  [1e+00, 1e+00]
[2025-01-29 09:36:12,680][gurobipy][INFO] -   Bounds range     [1e+00, 1e+00]
[2025-01-29 09:36:12,680][gurobipy][INFO] -   RHS range        [1e+00, 1e+01]
[2025-01-29 09:36:12,798][gurobipy][INFO] - Found heuristic solution: objective 0.0000000
[2025-01-29 09:36:15,769][gurobipy][INFO] - Presolve removed 107796 rows and 0 columns
[2025-01-29 09:36:15,769][gurobipy][INFO] - Presolve time: 2.97s
[2025-01-29 09:36:15,769][gurobipy][INFO] - Presolved: 332374 rows, 9033 columns, 1006100 nonzeros
[2025-01-29 09:36:16,054][gurobipy][INFO] - Variable types: 8984 continuous, 49 integer (49 binary)
[2025-01-29 09:36:16,792][gurobipy][INFO] - Root relaxation presolved: 9033 rows, 341407 columns, 1015133 nonzeros
[2025-01-29 09:36:16,792][gurobipy][INFO] - 
[2025-01-29 09:36:17,038][gurobipy][INFO] - 
[2025-01-29 09:36:17,039][gurobipy][INFO] - Root relaxation: objective 1.000000e+00, 151 iterations, 0.97 seconds (0.90 work units)
[2025-01-29 09:36:17,236][gurobipy][INFO] - 
[2025-01-29 09:36:17,237][gurobipy][INFO] -     Nodes    |    Current Node    |     Objective Bounds      |     Work
[2025-01-29 09:36:17,237][gurobipy][INFO] -  Expl Unexpl |  Obj  Depth IntInf | Incumbent    BestBd   Gap | It/Node Time
[2025-01-29 09:36:17,237][gurobipy][INFO] - 
[2025-01-29 09:36:17,237][gurobipy][INFO] -      0     0    1.00000    0    6    0.00000    1.00000      -     -    4s
[2025-01-29 09:36:17,359][gurobipy][INFO] - H    0     0                       0.0064989    1.00000      -     -    4s
[2025-01-29 09:36:17,756][gurobipy][INFO] - H    0     0                       0.0162368    1.00000  6059%     -    5s
[2025-01-29 09:36:18,052][gurobipy][INFO] - H    0     0                       0.0395626    1.00000  2428%     -    5s
[2025-01-29 09:36:19,067][gurobipy][INFO] -      0     0    1.00000    0    6    0.03956    1.00000  2428%     -    6s
[2025-01-29 09:36:31,312][gurobipy][INFO] -      0     0    1.00000    0   49    0.03956    1.00000  2428%     -   18s
[2025-01-29 09:36:35,263][gurobipy][INFO] -      0     0    1.00000    0   30    0.03956    1.00000  2428%     -   22s
[2025-01-29 09:36:42,258][gurobipy][INFO] -      0     0    1.00000    0    3    0.03956    1.00000  2428%     -   29s
[2025-01-29 09:36:48,147][gurobipy][INFO] -      0     0    1.00000    0    4    0.03956    1.00000  2428%     -   35s
[2025-01-29 09:36:59,951][gurobipy][INFO] -      0     0    1.00000    0   32    0.03956    1.00000  2428%     -   47s
[2025-01-29 09:37:10,639][gurobipy][INFO] -      0     0    1.00000    0   30    0.03956    1.00000  2428%     -   57s
[2025-01-29 09:37:11,932][gurobipy][INFO] - H    0     0                       0.1056395    1.00000   847%     -   59s
[2025-01-29 09:37:12,141][gurobipy][INFO] - H    0     0                       0.1177292    1.00000   749%     -   59s
[2025-01-29 09:37:12,751][gurobipy][INFO] -      0     0    1.00000    0   30    0.11773    1.00000   749%     -   60s
[2025-01-29 09:37:24,114][gurobipy][INFO] -      0     0    1.00000    0   30    0.11773    1.00000   749%     -   71s
[2025-01-29 09:37:25,737][gurobipy][INFO] - H    0     0                       0.1690253    1.00000   492%     -   73s
[2025-01-29 09:37:26,554][gurobipy][INFO] -      0     0    1.00000    0   31    0.16903    1.00000   492%     -   73s
[2025-01-29 09:37:31,924][gurobipy][INFO] -      0     0    1.00000    0   30    0.16903    1.00000   492%     -   79s
[2025-01-29 09:37:33,676][gurobipy][INFO] -      0     0    1.00000    0   30    0.16903    1.00000   492%     -   81s
[2025-01-29 09:37:38,861][gurobipy][INFO] -      0     0    1.00000    0   29    0.16903    1.00000   492%     -   86s
[2025-01-29 09:37:47,046][gurobipy][INFO] -      0     0    1.00000    0   32    0.16903    1.00000   492%     -   94s
[2025-01-29 09:37:52,756][gurobipy][INFO] -      0     0    1.00000    0   32    0.16903    1.00000   492%     -  100s
[2025-01-29 09:38:02,354][gurobipy][INFO] -      0     0    1.00000    0   32    0.16903    1.00000   492%     -  109s
[2025-01-29 09:38:03,726][gurobipy][INFO] - H    0     0                       0.1739170    1.00000   475%     -  111s
[2025-01-29 09:38:33,598][gurobipy][INFO] -      0     2    1.00000    0   32    0.17392    1.00000   475%     -  140s
[2025-01-29 09:38:38,654][gurobipy][INFO] -      5     2    1.00000    3   28    0.17392    1.00000   475%   394  145s
[2025-01-29 09:38:43,826][gurobipy][INFO] -      9     2    1.00000    5   19    0.17392    1.00000   475%   307  151s
[2025-01-29 09:38:48,215][gurobipy][INFO] -     15     2    1.00000    8   20    0.17392    1.00000   475%   308  155s
[2025-01-29 09:39:12,298][gurobipy][INFO] -     17     4    1.00000    9   18    0.17392    1.00000   475%   289  179s
[2025-01-29 09:39:13,790][gurobipy][INFO] -     19     4    1.00000   10   15    0.17392    1.00000   475%  1126  181s
[2025-01-29 09:39:19,893][gurobipy][INFO] -     27     6    1.00000   12   13    0.17392    1.00000   475%   862  187s
[2025-01-29 09:39:23,932][gurobipy][INFO] -     31     8    1.00000   13   16    0.17392    1.00000   475%   849  191s
[2025-01-29 09:39:39,271][gurobipy][INFO] -     45    10    1.00000   15   15    0.17392    1.00000   475%   810  206s
[2025-01-29 09:40:03,561][gurobipy][INFO] -     51    10    1.00000   16   15    0.17392    1.00000   475%  1446  230s
[2025-01-29 09:40:24,653][gurobipy][INFO] -     61    12    0.86664   17   18    0.17392    1.00000   475%  1499  251s
[2025-01-29 09:40:28,373][gurobipy][INFO] -     71    12    0.84866   18   17    0.17392    0.86698   399%  1475  255s
[2025-01-29 09:40:40,656][gurobipy][INFO] -     95    14    0.79574   20   15    0.17392    0.82833   376%  1290  267s
[2025-01-29 09:40:44,774][gurobipy][INFO] -    107    20    0.77811   21   14    0.17392    0.79569   358%  1246  272s
[2025-01-29 09:40:48,807][gurobipy][INFO] -    121    29    0.72804   22   13    0.17392    0.77811   347%  1250  276s
[2025-01-29 09:40:54,590][gurobipy][INFO] -    173    30    0.57477   24   11    0.17392    0.67267   287%  1069  281s
[2025-01-29 09:40:58,304][gurobipy][INFO] -    201    22    0.50582   25   10    0.17392    0.58869   238%  1024  285s
[2025-01-29 09:41:05,659][gurobipy][INFO] -    253    11    0.23425   27    5    0.17392    0.38596   122%  1015  292s
[2025-01-29 09:41:07,859][gurobipy][INFO] -    284     9 infeasible   28         0.17392    0.34345  97.5%   969  295s
[2025-01-29 09:41:09,456][gurobipy][INFO] - 
[2025-01-29 09:41:09,456][gurobipy][INFO] - Cutting planes:
[2025-01-29 09:41:09,456][gurobipy][INFO] -   MIR: 12
[2025-01-29 09:41:09,456][gurobipy][INFO] -   RLT: 8
[2025-01-29 09:41:09,506][gurobipy][INFO] - 
[2025-01-29 09:41:09,506][gurobipy][INFO] - Explored 315 nodes (311140 simplex iterations) in 296.84 seconds (671.77 work units)
[2025-01-29 09:41:09,507][gurobipy][INFO] - Thread count was 24 (of 48 available processors)
[2025-01-29 09:41:09,507][gurobipy][INFO] - 
[2025-01-29 09:41:09,507][gurobipy][INFO] - Solution count 8: 0.173917 0.169025 0.117729 ... 3.55271e-15
[2025-01-29 09:41:09,507][gurobipy][INFO] - No other solutions better than 0.173917
[2025-01-29 09:41:09,507][gurobipy][INFO] - 
[2025-01-29 09:41:09,507][gurobipy][INFO] - Optimal solution found (tolerance 1.00e-04)
[2025-01-29 09:41:09,529][gurobipy][INFO] - Best objective 1.739170232327e-01, best bound 1.739170232327e-01, gap 0.0000%
[2025-01-29 09:41:10,138][__main__][INFO] - Finished size 138554 (5/5)
