[2025-01-29 09:28:13,404][gurobipy][INFO] - Set parameter TimeLimit to value 600
[2025-01-29 09:28:13,416][gurobipy][INFO] - Gurobi Optimizer version 11.0.2 build v11.0.2rc0 (linux64)
[2025-01-29 09:28:13,416][gurobipy][INFO] - 
[2025-01-29 09:28:13,428][gurobipy][INFO] - CPU model: AMD EPYC 7543 32-Core Processor, instruction set [SSE2|AVX|AVX2]
[2025-01-29 09:28:13,428][gurobipy][INFO] - Thread count: 64 physical cores, 128 logical processors, using up to 32 threads
[2025-01-29 09:28:13,428][gurobipy][INFO] - 
[2025-01-29 09:28:13,428][gurobipy][INFO] - Optimize a model with 52935 rows, 869 columns and 137146 nonzeros
[2025-01-29 09:28:13,430][gurobipy][INFO] - Model fingerprint: 0xf6382612
[2025-01-29 09:28:13,430][gurobipy][INFO] - Variable types: 803 continuous, 66 integer (66 binary)
[2025-01-29 09:28:13,430][gurobipy][INFO] - Coefficient statistics:
[2025-01-29 09:28:13,430][gurobipy][INFO] -   Matrix range     [1e-03, 2e+00]
[2025-01-29 09:28:13,430][gurobipy][INFO] -   Objective range  [1e+00, 1e+00]
[2025-01-29 09:28:13,430][gurobipy][INFO] -   Bounds range     [1e+00, 1e+00]
[2025-01-29 09:28:13,430][gurobipy][INFO] -   RHS range        [1e+00, 1e+01]
[2025-01-29 09:28:13,437][gurobipy][INFO] - Found heuristic solution: objective -0.0000000
[2025-01-29 09:28:13,687][gurobipy][INFO] - Presolve removed 17621 rows and 8 columns
[2025-01-29 09:28:13,687][gurobipy][INFO] - Presolve time: 0.25s
[2025-01-29 09:28:13,687][gurobipy][INFO] - Presolved: 35314 rows, 861 columns, 106739 nonzeros
[2025-01-29 09:28:13,710][gurobipy][INFO] - Variable types: 803 continuous, 58 integer (58 binary)
[2025-01-29 09:28:13,741][gurobipy][INFO] - Root relaxation presolved: 861 rows, 36175 columns, 107600 nonzeros
[2025-01-29 09:28:13,742][gurobipy][INFO] - 
[2025-01-29 09:28:13,845][gurobipy][INFO] - 
[2025-01-29 09:28:13,845][gurobipy][INFO] - Root relaxation: objective 1.000000e+00, 1358 iterations, 0.13 seconds (0.39 work units)
[2025-01-29 09:28:13,852][gurobipy][INFO] - 
[2025-01-29 09:28:13,852][gurobipy][INFO] -     Nodes    |    Current Node    |     Objective Bounds      |     Work
[2025-01-29 09:28:13,852][gurobipy][INFO] -  Expl Unexpl |  Obj  Depth IntInf | Incumbent    BestBd   Gap | It/Node Time
[2025-01-29 09:28:13,852][gurobipy][INFO] - 
[2025-01-29 09:28:13,852][gurobipy][INFO] -      0     0    1.00000    0    1   -0.00000    1.00000      -     -    0s
[2025-01-29 09:28:13,858][gurobipy][INFO] - H    0     0                       0.0056343    1.00000      -     -    0s
[2025-01-29 09:28:13,877][gurobipy][INFO] - H    0     0                       0.0240392    1.00000  4060%     -    0s
[2025-01-29 09:28:14,086][gurobipy][INFO] - H    0     0                       0.0240392    1.00000  4060%     -    0s
[2025-01-29 09:28:14,112][gurobipy][INFO] - H    0     0                       0.0994065    1.00000   906%     -    0s
[2025-01-29 09:28:14,159][gurobipy][INFO] -      0     0    1.00000    0   39    0.09941    1.00000   906%     -    0s
[2025-01-29 09:28:14,226][gurobipy][INFO] -      0     0    1.00000    0   23    0.09941    1.00000   906%     -    0s
[2025-01-29 09:28:14,238][gurobipy][INFO] - H    0     0                       0.1444995    1.00000   592%     -    0s
[2025-01-29 09:28:14,392][gurobipy][INFO] -      0     0    1.00000    0   19    0.14450    1.00000   592%     -    0s
[2025-01-29 09:28:14,649][gurobipy][INFO] -      0     0    1.00000    0    5    0.14450    1.00000   592%     -    1s
[2025-01-29 09:28:15,029][gurobipy][INFO] -      0     0    1.00000    0   13    0.14450    1.00000   592%     -    1s
[2025-01-29 09:28:15,253][gurobipy][INFO] -      0     0    1.00000    0   13    0.14450    1.00000   592%     -    1s
[2025-01-29 09:28:15,371][gurobipy][INFO] -      0     0    1.00000    0    5    0.14450    1.00000   592%     -    1s
[2025-01-29 09:28:15,890][gurobipy][INFO] -      0     0    1.00000    0   14    0.14450    1.00000   592%     -    2s
[2025-01-29 09:28:15,978][gurobipy][INFO] - H    0     0                       0.2476015    1.00000   304%     -    2s
[2025-01-29 09:28:15,978][gurobipy][INFO] - H    0     0                       0.2993301    1.00000   234%     -    2s
[2025-01-29 09:28:15,979][gurobipy][INFO] -      0     0    1.00000    0   12    0.29933    1.00000   234%     -    2s
[2025-01-29 09:28:16,257][gurobipy][INFO] -      0     0    0.72851    0    4    0.29933    0.72851   143%     -    2s
[2025-01-29 09:28:16,271][gurobipy][INFO] -      0     0    0.64799    0    4    0.29933    0.64799   116%     -    2s
[2025-01-29 09:28:16,309][gurobipy][INFO] -      0     0    0.47624    0    7    0.29933    0.47624  59.1%     -    2s
[2025-01-29 09:28:16,338][gurobipy][INFO] -      0     0    0.38156    0    8    0.29933    0.38156  27.5%     -    2s
[2025-01-29 09:28:16,387][gurobipy][INFO] -      0     0    0.29933    0    7    0.29933    0.29933  0.00%     -    2s
[2025-01-29 09:28:16,388][gurobipy][INFO] - 
[2025-01-29 09:28:16,388][gurobipy][INFO] - Cutting planes:
[2025-01-29 09:28:16,388][gurobipy][INFO] -   MIR: 48
[2025-01-29 09:28:16,388][gurobipy][INFO] -   RLT: 12
[2025-01-29 09:28:16,388][gurobipy][INFO] -   Relax-and-lift: 6
[2025-01-29 09:28:16,389][gurobipy][INFO] - 
[2025-01-29 09:28:16,389][gurobipy][INFO] - Explored 1 nodes (8549 simplex iterations) in 2.96 seconds (3.53 work units)
[2025-01-29 09:28:16,389][gurobipy][INFO] - Thread count was 32 (of 128 available processors)
[2025-01-29 09:28:16,389][gurobipy][INFO] - 
[2025-01-29 09:28:16,389][gurobipy][INFO] - Solution count 7: 0.29933 0.247602 0.144499 ... -0
[2025-01-29 09:28:16,389][gurobipy][INFO] - No other solutions better than 0.29933
[2025-01-29 09:28:16,389][gurobipy][INFO] - 
[2025-01-29 09:28:16,389][gurobipy][INFO] - Optimal solution found (tolerance 1.00e-04)
[2025-01-29 09:28:16,389][gurobipy][INFO] - Best objective 2.993300686316e-01, best bound 2.993300686317e-01, gap 0.0000%
[2025-01-29 09:28:16,432][__main__][INFO] - Finished size 1000 (1/5)
[2025-01-29 09:28:25,679][gurobipy][INFO] - Set parameter TimeLimit to value 600
[2025-01-29 09:28:25,702][gurobipy][INFO] - Gurobi Optimizer version 11.0.2 build v11.0.2rc0 (linux64)
[2025-01-29 09:28:25,702][gurobipy][INFO] - 
[2025-01-29 09:28:25,714][gurobipy][INFO] - CPU model: AMD EPYC 7543 32-Core Processor, instruction set [SSE2|AVX|AVX2]
[2025-01-29 09:28:25,714][gurobipy][INFO] - Thread count: 64 physical cores, 128 logical processors, using up to 32 threads
[2025-01-29 09:28:25,714][gurobipy][INFO] - 
[2025-01-29 09:28:25,714][gurobipy][INFO] - Optimize a model with 114843 rows, 1807 columns and 297544 nonzeros
[2025-01-29 09:28:25,717][gurobipy][INFO] - Model fingerprint: 0x12ebb0b6
[2025-01-29 09:28:25,717][gurobipy][INFO] - Variable types: 1741 continuous, 66 integer (66 binary)
[2025-01-29 09:28:25,717][gurobipy][INFO] - Coefficient statistics:
[2025-01-29 09:28:25,717][gurobipy][INFO] -   Matrix range     [6e-04, 2e+00]
[2025-01-29 09:28:25,717][gurobipy][INFO] -   Objective range  [1e+00, 1e+00]
[2025-01-29 09:28:25,717][gurobipy][INFO] -   Bounds range     [1e+00, 1e+00]
[2025-01-29 09:28:25,717][gurobipy][INFO] -   RHS range        [1e+00, 1e+01]
[2025-01-29 09:28:25,732][gurobipy][INFO] - Found heuristic solution: objective -0.0000000
[2025-01-29 09:28:26,281][gurobipy][INFO] - Presolve removed 36514 rows and 7 columns
[2025-01-29 09:28:26,282][gurobipy][INFO] - Presolve time: 0.55s
[2025-01-29 09:28:26,282][gurobipy][INFO] - Presolved: 78329 rows, 1800 columns, 236722 nonzeros
[2025-01-29 09:28:26,333][gurobipy][INFO] - Variable types: 1741 continuous, 59 integer (59 binary)
[2025-01-29 09:28:26,411][gurobipy][INFO] - Root relaxation presolved: 1800 rows, 80129 columns, 238522 nonzeros
[2025-01-29 09:28:26,411][gurobipy][INFO] - 
[2025-01-29 09:28:26,448][gurobipy][INFO] - 
[2025-01-29 09:28:26,448][gurobipy][INFO] - Root relaxation: objective 1.000000e+00, 167 iterations, 0.11 seconds (0.22 work units)
[2025-01-29 09:28:31,254][gurobipy][INFO] - Total elapsed time = 5.54s (DegenMoves)
[2025-01-29 09:28:31,312][gurobipy][INFO] - 
[2025-01-29 09:28:31,312][gurobipy][INFO] -     Nodes    |    Current Node    |     Objective Bounds      |     Work
[2025-01-29 09:28:31,312][gurobipy][INFO] -  Expl Unexpl |  Obj  Depth IntInf | Incumbent    BestBd   Gap | It/Node Time
[2025-01-29 09:28:31,312][gurobipy][INFO] - 
[2025-01-29 09:28:31,312][gurobipy][INFO] -      0     0    1.00000    0    1   -0.00000    1.00000      -     -    5s
[2025-01-29 09:28:31,354][gurobipy][INFO] - H    0     0                       0.0203025    1.00000  4825%     -    5s
[2025-01-29 09:28:31,907][gurobipy][INFO] -      0     0    1.00000    0   27    0.02030    1.00000  4825%     -    6s
[2025-01-29 09:28:32,126][gurobipy][INFO] -      0     0    1.00000    0   24    0.02030    1.00000  4825%     -    6s
[2025-01-29 09:28:32,505][gurobipy][INFO] - H    0     0                       0.0243265    1.00000  4011%     -    6s
[2025-01-29 09:28:39,053][gurobipy][INFO] -      0     0    1.00000    0    3    0.02433    1.00000  4011%     -   13s
[2025-01-29 09:28:39,197][gurobipy][INFO] - H    0     0                       0.0426987    1.00000  2242%     -   13s
[2025-01-29 09:28:39,246][gurobipy][INFO] - H    0     0                       0.0663193    1.00000  1408%     -   13s
[2025-01-29 09:28:39,475][gurobipy][INFO] -      0     0    1.00000    0    2    0.06632    1.00000  1408%     -   13s
[2025-01-29 09:28:42,954][gurobipy][INFO] -      0     0    1.00000    0   27    0.06632    1.00000  1408%     -   17s
[2025-01-29 09:28:43,185][gurobipy][INFO] -      0     0    1.00000    0   24    0.06632    1.00000  1408%     -   17s
[2025-01-29 09:28:43,543][gurobipy][INFO] - H    0     0                       0.0679760    1.00000  1371%     -   17s
[2025-01-29 09:28:47,032][gurobipy][INFO] -      0     0    1.00000    0   11    0.06798    1.00000  1371%     -   21s
[2025-01-29 09:28:47,229][gurobipy][INFO] - H    0     0                       0.1215318    1.00000   723%     -   21s
[2025-01-29 09:28:47,646][gurobipy][INFO] -      0     0    1.00000    0   29    0.12153    1.00000   723%     -   21s
[2025-01-29 09:28:47,704][gurobipy][INFO] -      0     0    1.00000    0    9    0.12153    1.00000   723%     -   21s
[2025-01-29 09:28:50,968][gurobipy][INFO] -      0     0    1.00000    0   28    0.12153    1.00000   723%     -   25s
[2025-01-29 09:28:54,017][gurobipy][INFO] -      0     0    1.00000    0   28    0.12153    1.00000   723%     -   28s
[2025-01-29 09:28:58,707][gurobipy][INFO] - H    0     0                       0.2548187    1.00000   292%     -   32s
[2025-01-29 09:29:05,885][gurobipy][INFO] -      0     2    1.00000    0   25    0.25482    1.00000   292%     -   40s
[2025-01-29 09:29:12,284][gurobipy][INFO] -     31     4    0.91066   16   22    0.25482    1.00000   292%   399   46s
[2025-01-29 09:29:16,040][gurobipy][INFO] -     83    12    0.82593   23   12    0.25482    0.84131   230%   274   50s
[2025-01-29 09:29:21,564][gurobipy][INFO] -    191    12    0.46939   30   10    0.25482    0.52217   105%   206   55s
[2025-01-29 09:29:22,772][gurobipy][INFO] - 
[2025-01-29 09:29:22,772][gurobipy][INFO] - Cutting planes:
[2025-01-29 09:29:22,772][gurobipy][INFO] -   Implied bound: 2
[2025-01-29 09:29:22,772][gurobipy][INFO] -   MIR: 4
[2025-01-29 09:29:22,775][gurobipy][INFO] - 
[2025-01-29 09:29:22,775][gurobipy][INFO] - Explored 249 nodes (84312 simplex iterations) in 57.06 seconds (181.59 work units)
[2025-01-29 09:29:22,775][gurobipy][INFO] - Thread count was 32 (of 128 available processors)
[2025-01-29 09:29:22,775][gurobipy][INFO] - 
[2025-01-29 09:29:22,775][gurobipy][INFO] - Solution count 8: 0.254819 0.121532 0.067976 ... -0
[2025-01-29 09:29:22,775][gurobipy][INFO] - No other solutions better than 0.254819
[2025-01-29 09:29:22,775][gurobipy][INFO] - 
[2025-01-29 09:29:22,776][gurobipy][INFO] - Optimal solution found (tolerance 1.00e-04)
[2025-01-29 09:29:22,776][gurobipy][INFO] - Best objective 2.548187274910e-01, best bound 2.548187274910e-01, gap 0.0000%
[2025-01-29 09:29:22,883][__main__][INFO] - Finished size 2583 (2/5)
[2025-01-29 09:29:41,181][gurobipy][INFO] - Set parameter TimeLimit to value 600
[2025-01-29 09:29:41,228][gurobipy][INFO] - Gurobi Optimizer version 11.0.2 build v11.0.2rc0 (linux64)
[2025-01-29 09:29:41,228][gurobipy][INFO] - 
[2025-01-29 09:29:41,240][gurobipy][INFO] - CPU model: AMD EPYC 7543 32-Core Processor, instruction set [SSE2|AVX|AVX2]
[2025-01-29 09:29:41,240][gurobipy][INFO] - Thread count: 64 physical cores, 128 logical processors, using up to 32 threads
[2025-01-29 09:29:41,240][gurobipy][INFO] - 
[2025-01-29 09:29:41,240][gurobipy][INFO] - Optimize a model with 231465 rows, 3574 columns and 599701 nonzeros
[2025-01-29 09:29:41,245][gurobipy][INFO] - Model fingerprint: 0xe8d3d63a
[2025-01-29 09:29:41,245][gurobipy][INFO] - Variable types: 3508 continuous, 66 integer (66 binary)
[2025-01-29 09:29:41,246][gurobipy][INFO] - Coefficient statistics:
[2025-01-29 09:29:41,246][gurobipy][INFO] -   Matrix range     [2e-04, 2e+00]
[2025-01-29 09:29:41,246][gurobipy][INFO] -   Objective range  [1e+00, 1e+00]
[2025-01-29 09:29:41,246][gurobipy][INFO] -   Bounds range     [1e+00, 1e+00]
[2025-01-29 09:29:41,246][gurobipy][INFO] -   RHS range        [1e+00, 1e+01]
[2025-01-29 09:29:41,278][gurobipy][INFO] - Found heuristic solution: objective 0.0000000
[2025-01-29 09:29:42,407][gurobipy][INFO] - Presolve removed 63120 rows and 4 columns
[2025-01-29 09:29:42,408][gurobipy][INFO] - Presolve time: 1.13s
[2025-01-29 09:29:42,408][gurobipy][INFO] - Presolved: 168345 rows, 3570 columns, 508537 nonzeros
[2025-01-29 09:29:42,518][gurobipy][INFO] - Variable types: 3508 continuous, 62 integer (62 binary)
[2025-01-29 09:29:42,687][gurobipy][INFO] - Root relaxation presolved: 3570 rows, 171915 columns, 512107 nonzeros
[2025-01-29 09:29:42,688][gurobipy][INFO] - 
[2025-01-29 09:29:42,744][gurobipy][INFO] - 
[2025-01-29 09:29:42,744][gurobipy][INFO] - Root relaxation: objective 1.000000e+00, 106 iterations, 0.22 seconds (0.42 work units)
[2025-01-29 09:29:42,755][gurobipy][INFO] - 
[2025-01-29 09:29:42,755][gurobipy][INFO] -     Nodes    |    Current Node    |     Objective Bounds      |     Work
[2025-01-29 09:29:42,755][gurobipy][INFO] -  Expl Unexpl |  Obj  Depth IntInf | Incumbent    BestBd   Gap | It/Node Time
[2025-01-29 09:29:42,755][gurobipy][INFO] - 
[2025-01-29 09:29:42,755][gurobipy][INFO] -      0     0    1.00000    0    1    0.00000    1.00000      -     -    1s
[2025-01-29 09:29:42,762][gurobipy][INFO] - H    0     0                       0.0267121    1.00000  3644%     -    1s
[2025-01-29 09:29:42,871][gurobipy][INFO] - H    0     0                       0.0502199    1.00000  1891%     -    1s
[2025-01-29 09:29:42,929][gurobipy][INFO] - H    0     0                       0.0506670    1.00000  1874%     -    1s
[2025-01-29 09:29:43,144][gurobipy][INFO] -      0     0    1.00000    0    2    0.05067    1.00000  1874%     -    1s
[2025-01-29 09:29:44,704][gurobipy][INFO] - H    0     0                       0.0573909    1.00000  1642%     -    3s
[2025-01-29 09:29:48,742][gurobipy][INFO] -      0     0    1.00000    0   62    0.05739    1.00000  1642%     -    7s
[2025-01-29 09:29:50,962][gurobipy][INFO] -      0     0    1.00000    0   38    0.05739    1.00000  1642%     -    9s
[2025-01-29 09:29:51,739][gurobipy][INFO] -      0     0    1.00000    0   38    0.05739    1.00000  1642%     -   10s
[2025-01-29 09:29:54,967][gurobipy][INFO] -      0     0    1.00000    0    1    0.05739    1.00000  1642%     -   13s
[2025-01-29 09:29:56,150][gurobipy][INFO] -      0     0    1.00000    0    4    0.05739    1.00000  1642%     -   14s
[2025-01-29 09:29:59,576][gurobipy][INFO] -      0     0    1.00000    0   35    0.05739    1.00000  1642%     -   18s
[2025-01-29 09:30:07,291][gurobipy][INFO] -      0     0    1.00000    0   32    0.05739    1.00000  1642%     -   26s
[2025-01-29 09:30:07,787][gurobipy][INFO] - H    0     0                       0.1053213    1.00000   849%     -   26s
[2025-01-29 09:30:07,842][gurobipy][INFO] - H    0     0                       0.1114629    1.00000   797%     -   26s
[2025-01-29 09:30:08,383][gurobipy][INFO] -      0     0    1.00000    0   27    0.11146    1.00000   797%     -   27s
[2025-01-29 09:30:15,418][gurobipy][INFO] -      0     0    1.00000    0   27    0.11146    1.00000   797%     -   34s
[2025-01-29 09:30:16,166][gurobipy][INFO] -      0     0    1.00000    0   26    0.11146    1.00000   797%     -   34s
[2025-01-29 09:30:22,062][gurobipy][INFO] -      0     0    1.00000    0   25    0.11146    1.00000   797%     -   40s
[2025-01-29 09:30:22,337][gurobipy][INFO] - H    0     0                       0.1123235    1.00000   790%     -   41s
[2025-01-29 09:30:22,362][gurobipy][INFO] -      0     0    1.00000    0   25    0.11232    1.00000   790%     -   41s
[2025-01-29 09:30:25,667][gurobipy][INFO] -      0     0    1.00000    0   21    0.11232    1.00000   790%     -   44s
[2025-01-29 09:30:25,950][gurobipy][INFO] -      0     0    1.00000    0   23    0.11232    1.00000   790%     -   44s
[2025-01-29 09:30:29,405][gurobipy][INFO] -      0     0    1.00000    0   23    0.11232    1.00000   790%     -   48s
[2025-01-29 09:30:33,689][gurobipy][INFO] -      0     0    1.00000    0   23    0.11232    1.00000   790%     -   52s
[2025-01-29 09:30:42,506][gurobipy][INFO] -      0     2    1.00000    0   23    0.11232    1.00000   790%     -   61s
[2025-01-29 09:30:49,156][gurobipy][INFO] -     10    10    0.93327    4   23    0.11232    1.00000   790%  1887   67s
[2025-01-29 09:30:51,724][gurobipy][INFO] -     26    14    0.92304    6   20    0.11232    0.92785   726%  1054   70s
[2025-01-29 09:30:59,884][gurobipy][INFO] -     36    14    0.91667    7   19    0.11232    0.92279   722%   950   78s
[2025-01-29 09:31:01,341][gurobipy][INFO] -     50    18    0.90909    8   17    0.11232    0.91648   716%   711   80s
[2025-01-29 09:31:06,865][gurobipy][INFO] -    140    20    0.85337   13   15    0.11232    0.86933   674%   431   85s
[2025-01-29 09:31:11,365][gurobipy][INFO] -    209    24    0.79317   16   12    0.11232    0.82625   636%   344   90s
[2025-01-29 09:31:11,369][gurobipy][INFO] - H  211    24                       0.1350739    0.82625   512%   344   90s
[2025-01-29 09:31:12,604][gurobipy][INFO] - H  230    23                       0.1383366    0.79344   474%   346   91s
[2025-01-29 09:31:16,933][gurobipy][INFO] -    305    27    0.53977   20   12    0.13834    0.63789   361%   310   95s
[2025-01-29 09:31:20,925][gurobipy][INFO] - H  421    45                       0.1983895    0.43625   120%   293   99s
[2025-01-29 09:31:20,928][gurobipy][INFO] - *  425    45              23       0.2800380    0.40402  44.3%   300   99s
[2025-01-29 09:31:21,165][gurobipy][INFO] - 
[2025-01-29 09:31:21,165][gurobipy][INFO] - Cutting planes:
[2025-01-29 09:31:21,165][gurobipy][INFO] -   Gomory: 1
[2025-01-29 09:31:21,166][gurobipy][INFO] -   Implied bound: 2
[2025-01-29 09:31:21,166][gurobipy][INFO] -   MIR: 24
[2025-01-29 09:31:21,166][gurobipy][INFO] -   RLT: 15
[2025-01-29 09:31:21,172][gurobipy][INFO] - 
[2025-01-29 09:31:21,172][gurobipy][INFO] - Explored 483 nodes (176225 simplex iterations) in 99.93 seconds (267.04 work units)
[2025-01-29 09:31:21,172][gurobipy][INFO] - Thread count was 32 (of 128 available processors)
[2025-01-29 09:31:21,173][gurobipy][INFO] - 
[2025-01-29 09:31:21,173][gurobipy][INFO] - Solution count 10: 0.280038 0.19839 0.138337 ... 0.0502199
[2025-01-29 09:31:21,173][gurobipy][INFO] - No other solutions better than 0.280038
[2025-01-29 09:31:21,173][gurobipy][INFO] - 
[2025-01-29 09:31:21,173][gurobipy][INFO] - Optimal solution found (tolerance 1.00e-04)
[2025-01-29 09:31:21,175][gurobipy][INFO] - Best objective 2.800379525337e-01, best bound 2.800379525337e-01, gap 0.0000%
[2025-01-29 09:31:21,410][__main__][INFO] - Finished size 6670 (3/5)
[2025-01-29 09:31:55,560][gurobipy][INFO] - Set parameter TimeLimit to value 600
[2025-01-29 09:31:55,653][gurobipy][INFO] - Gurobi Optimizer version 11.0.2 build v11.0.2rc0 (linux64)
[2025-01-29 09:31:55,653][gurobipy][INFO] - 
[2025-01-29 09:31:55,664][gurobipy][INFO] - CPU model: AMD EPYC 7543 32-Core Processor, instruction set [SSE2|AVX|AVX2]
[2025-01-29 09:31:55,664][gurobipy][INFO] - Thread count: 64 physical cores, 128 logical processors, using up to 32 threads
[2025-01-29 09:31:55,664][gurobipy][INFO] - 
[2025-01-29 09:31:55,664][gurobipy][INFO] - Optimize a model with 435867 rows, 6671 columns and 1129288 nonzeros
[2025-01-29 09:31:55,673][gurobipy][INFO] - Model fingerprint: 0x30753c48
[2025-01-29 09:31:55,673][gurobipy][INFO] - Variable types: 6605 continuous, 66 integer (66 binary)
[2025-01-29 09:31:55,674][gurobipy][INFO] - Coefficient statistics:
[2025-01-29 09:31:55,674][gurobipy][INFO] -   Matrix range     [9e-05, 2e+00]
[2025-01-29 09:31:55,674][gurobipy][INFO] -   Objective range  [1e+00, 1e+00]
[2025-01-29 09:31:55,674][gurobipy][INFO] -   Bounds range     [1e+00, 1e+00]
[2025-01-29 09:31:55,674][gurobipy][INFO] -   RHS range        [1e+00, 1e+01]
[2025-01-29 09:31:55,739][gurobipy][INFO] - Found heuristic solution: objective -0.0000000
[2025-01-29 09:31:58,070][gurobipy][INFO] - Presolve removed 112252 rows and 3 columns
[2025-01-29 09:31:58,070][gurobipy][INFO] - Presolve time: 2.33s
[2025-01-29 09:31:58,070][gurobipy][INFO] - Presolved: 323615 rows, 6668 columns, 977444 nonzeros
[2025-01-29 09:31:58,277][gurobipy][INFO] - Variable types: 6605 continuous, 63 integer (63 binary)
[2025-01-29 09:31:58,623][gurobipy][INFO] - Root relaxation presolved: 6668 rows, 330283 columns, 984112 nonzeros
[2025-01-29 09:31:58,623][gurobipy][INFO] - 
[2025-01-29 09:31:58,823][gurobipy][INFO] - 
[2025-01-29 09:31:58,823][gurobipy][INFO] - Root relaxation: objective 1.000000e+00, 583 iterations, 0.54 seconds (1.03 work units)
[2025-01-29 09:31:58,878][gurobipy][INFO] - 
[2025-01-29 09:31:58,878][gurobipy][INFO] -     Nodes    |    Current Node    |     Objective Bounds      |     Work
[2025-01-29 09:31:58,878][gurobipy][INFO] -  Expl Unexpl |  Obj  Depth IntInf | Incumbent    BestBd   Gap | It/Node Time
[2025-01-29 09:31:58,878][gurobipy][INFO] - 
[2025-01-29 09:31:58,878][gurobipy][INFO] -      0     0    1.00000    0    2   -0.00000    1.00000      -     -    3s
[2025-01-29 09:32:03,501][gurobipy][INFO] - H    0     0                       0.0107765    1.00000  9179%     -    7s
[2025-01-29 09:32:04,124][gurobipy][INFO] -      0     0    1.00000    0    3    0.01078    1.00000  9179%     -    8s
[2025-01-29 09:32:20,443][gurobipy][INFO] -      0     0    1.00000    0   63    0.01078    1.00000  9179%     -   24s
[2025-01-29 09:32:21,513][gurobipy][INFO] -      0     0    1.00000    0   59    0.01078    1.00000  9179%     -   25s
[2025-01-29 09:32:28,496][gurobipy][INFO] -      0     0    1.00000    0   58    0.01078    1.00000  9179%     -   32s
[2025-01-29 09:33:00,530][gurobipy][INFO] -      0     0    1.00000    0   58    0.01078    1.00000  9179%     -   64s
[2025-01-29 09:33:26,802][gurobipy][INFO] -      0     0    1.00000    0   57    0.01078    1.00000  9179%     -   91s
[2025-01-29 09:33:29,459][gurobipy][INFO] - H    0     0                       0.1220770    1.00000   719%     -   93s
[2025-01-29 09:33:42,629][gurobipy][INFO] -      0     0    1.00000    0   49    0.12208    1.00000   719%     -  106s
[2025-01-29 09:34:11,665][gurobipy][INFO] -      0     0    1.00000    0   49    0.12208    1.00000   719%     -  136s
[2025-01-29 09:34:15,326][gurobipy][INFO] -      0     0    1.00000    0   49    0.12208    1.00000   719%     -  139s
[2025-01-29 09:34:27,354][gurobipy][INFO] -      0     0    1.00000    0   49    0.12208    1.00000   719%     -  151s
[2025-01-29 09:34:32,538][gurobipy][INFO] -      0     0    1.00000    0   49    0.12208    1.00000   719%     -  156s
[2025-01-29 09:34:47,370][gurobipy][INFO] -      0     0    1.00000    0   49    0.12208    1.00000   719%     -  171s
[2025-01-29 09:34:58,226][gurobipy][INFO] -      0     0    1.00000    0   49    0.12208    1.00000   719%     -  182s
[2025-01-29 09:35:34,036][gurobipy][INFO] - H    0     0                       0.2656566    1.00000   276%     -  218s
[2025-01-29 09:35:45,836][gurobipy][INFO] -      0     2    1.00000    0   49    0.26566    1.00000   276%     -  230s
[2025-01-29 09:35:51,947][gurobipy][INFO] -      5     2    1.00000    3   46    0.26566    1.00000   276%   480  236s
[2025-01-29 09:35:55,876][gurobipy][INFO] -      9     2    1.00000    5   44    0.26566    1.00000   276%   336  240s
[2025-01-29 09:36:01,000][gurobipy][INFO] -     17     2    1.00000    9   39    0.26566    1.00000   276%   215  245s
[2025-01-29 09:36:06,083][gurobipy][INFO] -     25     2    1.00000   13   35    0.26566    1.00000   276%   205  250s
[2025-01-29 09:36:10,826][gurobipy][INFO] -     31     2    1.00000   16   30    0.26566    1.00000   276%   249  255s
[2025-01-29 09:36:30,173][gurobipy][INFO] -     33     2    1.00000   17    9    0.26566    1.00000   276%   640  274s
[2025-01-29 09:36:51,755][gurobipy][INFO] -     35     4    0.94444   18   28    0.26566    1.00000   276%   925  296s
[2025-01-29 09:36:56,747][gurobipy][INFO] -     41     4    0.93750   20   25    0.26566    0.94115   254%  1017  301s
[2025-01-29 09:37:02,185][gurobipy][INFO] -     49     4    0.92857   22   22    0.26566    0.93319   251%   894  306s
[2025-01-29 09:37:05,936][gurobipy][INFO] -     53     4    0.92308   23   21    0.26566    0.92842   249%   852  310s
[2025-01-29 09:37:10,681][gurobipy][INFO] -     61     4    0.90909   25   18    0.26566    0.91652   245%   779  315s
[2025-01-29 09:37:15,927][gurobipy][INFO] -     69     4    0.89060   27   21    0.26566    0.89989   239%   732  320s
[2025-01-29 09:37:22,122][gurobipy][INFO] -     77     6    0.86656   29   19    0.26566    0.88019   231%   712  326s
[2025-01-29 09:37:25,875][gurobipy][INFO] -     81     6    0.84750   30   18    0.26566    0.86652   226%   736  330s
[2025-01-29 09:37:30,674][gurobipy][INFO] -     87     6    0.82280   31   14    0.26566    0.84582   218%   715  335s
[2025-01-29 09:37:36,026][gurobipy][INFO] -     99     4    0.76371   33   16    0.26566    0.79542   199%   671  340s
[2025-01-29 09:37:49,108][gurobipy][INFO] -    109     8    0.70028   35   14    0.26566    0.75046   182%   678  353s
[2025-01-29 09:37:52,267][gurobipy][INFO] -    115     8    0.62696   36   14    0.26566    0.70025   164%   705  356s
[2025-01-29 09:37:59,808][gurobipy][INFO] -    131    10    0.38539   38   11    0.26566    0.53832   103%   710  364s
[2025-01-29 09:38:02,434][gurobipy][INFO] -    139     6    0.29473   39    8    0.26566    0.42170  58.7%   744  366s
[2025-01-29 09:38:05,426][gurobipy][INFO] - 
[2025-01-29 09:38:05,426][gurobipy][INFO] - Cutting planes:
[2025-01-29 09:38:05,427][gurobipy][INFO] -   Implied bound: 2
[2025-01-29 09:38:05,427][gurobipy][INFO] -   MIR: 6
[2025-01-29 09:38:05,427][gurobipy][INFO] -   RLT: 6
[2025-01-29 09:38:05,440][gurobipy][INFO] - 
[2025-01-29 09:38:05,440][gurobipy][INFO] - Explored 157 nodes (156476 simplex iterations) in 369.78 seconds (1090.91 work units)
[2025-01-29 09:38:05,441][gurobipy][INFO] - Thread count was 32 (of 128 available processors)
[2025-01-29 09:38:05,441][gurobipy][INFO] - 
[2025-01-29 09:38:05,441][gurobipy][INFO] - Solution count 4: 0.265657 0.122077 0.0107765 -0 
[2025-01-29 09:38:05,441][gurobipy][INFO] - No other solutions better than 0.265657
[2025-01-29 09:38:05,441][gurobipy][INFO] - 
[2025-01-29 09:38:05,441][gurobipy][INFO] - Optimal solution found (tolerance 1.00e-04)
[2025-01-29 09:38:05,444][gurobipy][INFO] - Best objective 2.656565547919e-01, best bound 2.656565547919e-01, gap 0.0000%
[2025-01-29 09:38:05,748][__main__][INFO] - Finished size 17225 (4/5)
[2025-01-29 09:39:09,025][gurobipy][INFO] - Set parameter TimeLimit to value 600
[2025-01-29 09:39:09,210][gurobipy][INFO] - Gurobi Optimizer version 11.0.2 build v11.0.2rc0 (linux64)
[2025-01-29 09:39:09,210][gurobipy][INFO] - 
[2025-01-29 09:39:09,221][gurobipy][INFO] - CPU model: AMD EPYC 7543 32-Core Processor, instruction set [SSE2|AVX|AVX2]
[2025-01-29 09:39:09,221][gurobipy][INFO] - Thread count: 64 physical cores, 128 logical processors, using up to 32 threads
[2025-01-29 09:39:09,221][gurobipy][INFO] - 
[2025-01-29 09:39:09,221][gurobipy][INFO] - Optimize a model with 783357 rows, 11936 columns and 2029603 nonzeros
[2025-01-29 09:39:09,238][gurobipy][INFO] - Model fingerprint: 0xe7f6923c
[2025-01-29 09:39:09,238][gurobipy][INFO] - Variable types: 11870 continuous, 66 integer (66 binary)
[2025-01-29 09:39:09,239][gurobipy][INFO] - Coefficient statistics:
[2025-01-29 09:39:09,239][gurobipy][INFO] -   Matrix range     [3e-05, 2e+00]
[2025-01-29 09:39:09,239][gurobipy][INFO] -   Objective range  [1e+00, 1e+00]
[2025-01-29 09:39:09,239][gurobipy][INFO] -   Bounds range     [1e+00, 1e+00]
[2025-01-29 09:39:09,239][gurobipy][INFO] -   RHS range        [1e+00, 1e+01]
[2025-01-29 09:39:09,358][gurobipy][INFO] - Found heuristic solution: objective 0.0000000
[2025-01-29 09:39:12,485][gurobipy][INFO] - Presolve removed 178035 rows and 1 columns
[2025-01-29 09:39:12,485][gurobipy][INFO] - Presolve time: 3.13s
[2025-01-29 09:39:12,486][gurobipy][INFO] - Presolved: 605322 rows, 11935 columns, 1827830 nonzeros
[2025-01-29 09:39:12,874][gurobipy][INFO] - Variable types: 11870 continuous, 65 integer (65 binary)
[2025-01-29 09:39:13,643][gurobipy][INFO] - Root relaxation presolved: 11935 rows, 617257 columns, 1839765 nonzeros
[2025-01-29 09:39:13,643][gurobipy][INFO] - 
[2025-01-29 09:39:13,644][gurobipy][INFO] - Deterministic concurrent LP optimizer: primal and dual simplex
[2025-01-29 09:39:13,644][gurobipy][INFO] - Showing primal log only...
[2025-01-29 09:39:13,644][gurobipy][INFO] - 
[2025-01-29 09:39:13,837][gurobipy][INFO] - Concurrent spin time: 0.02s
[2025-01-29 09:39:13,837][gurobipy][INFO] - 
[2025-01-29 09:39:13,837][gurobipy][INFO] - Solved with dual simplex
[2025-01-29 09:39:13,886][gurobipy][INFO] - 
[2025-01-29 09:39:13,886][gurobipy][INFO] - Root relaxation: objective 1.000000e+00, 73 iterations, 0.99 seconds (1.53 work units)
[2025-01-29 09:39:13,963][gurobipy][INFO] - 
[2025-01-29 09:39:13,963][gurobipy][INFO] -     Nodes    |    Current Node    |     Objective Bounds      |     Work
[2025-01-29 09:39:13,963][gurobipy][INFO] -  Expl Unexpl |  Obj  Depth IntInf | Incumbent    BestBd   Gap | It/Node Time
[2025-01-29 09:39:13,963][gurobipy][INFO] - 
[2025-01-29 09:39:13,963][gurobipy][INFO] -      0     0    1.00000    0    3    0.00000    1.00000      -     -    4s
[2025-01-29 09:39:14,068][gurobipy][INFO] - H    0     0                       0.0000261    1.00000      -     -    4s
[2025-01-29 09:39:14,334][gurobipy][INFO] - H    0     0                       0.0002935    1.00000      -     -    5s
[2025-01-29 09:39:15,315][gurobipy][INFO] -      0     0    1.00000    0    4    0.00029    1.00000      -     -    6s
[2025-01-29 09:39:16,102][gurobipy][INFO] - H    0     0                       0.0030150    1.00000      -     -    6s
[2025-01-29 09:39:47,993][gurobipy][INFO] -      0     0    1.00000    0   65    0.00301    1.00000      -     -   38s
[2025-01-29 09:39:50,014][gurobipy][INFO] -      0     0    1.00000    0   63    0.00301    1.00000      -     -   40s
[2025-01-29 09:40:02,931][gurobipy][INFO] -      0     0    1.00000    0   62    0.00301    1.00000      -     -   53s
[2025-01-29 09:40:06,156][gurobipy][INFO] - H    0     0                       0.0033680    1.00000      -     -   56s
[2025-01-29 09:40:06,475][gurobipy][INFO] - H    0     0                       0.0146849    1.00000  6710%     -   57s
[2025-01-29 09:40:12,301][gurobipy][INFO] - H    0     0                       0.0556235    1.00000  1698%     -   63s
[2025-01-29 09:42:34,037][gurobipy][INFO] -      0     0    1.00000    0   61    0.05562    1.00000  1698%     -  204s
[2025-01-29 09:42:55,250][gurobipy][INFO] -      0     0    1.00000    0   61    0.05562    1.00000  1698%     -  226s
[2025-01-29 09:42:59,113][gurobipy][INFO] - H    0     0                       0.0656420    1.00000  1423%     -  229s
[2025-01-29 09:44:24,476][gurobipy][INFO] -      0     0    1.00000    0   61    0.06564    1.00000  1423%     -  315s
[2025-01-29 09:45:24,131][gurobipy][INFO] -      0     0    1.00000    0   61    0.06564    1.00000  1423%     -  374s
[2025-01-29 09:45:26,995][gurobipy][INFO] - H    0     0                       0.1097411    1.00000   811%     -  377s
[2025-01-29 09:47:49,672][gurobipy][INFO] -      0     0    1.00000    0   61    0.10974    1.00000   811%     -  520s
[2025-01-29 09:48:00,338][gurobipy][INFO] -      0     0    1.00000    0   61    0.10974    1.00000   811%     -  531s
[2025-01-29 09:49:09,225][gurobipy][INFO] -      0     0          -    0         0.10974    1.00000   811%     -  600s
[2025-01-29 09:49:09,227][gurobipy][INFO] - 
[2025-01-29 09:49:09,227][gurobipy][INFO] - Cutting planes:
[2025-01-29 09:49:09,227][gurobipy][INFO] -   Implied bound: 1
[2025-01-29 09:49:09,227][gurobipy][INFO] -   MIR: 6
[2025-01-29 09:49:09,227][gurobipy][INFO] -   RLT: 3
[2025-01-29 09:49:09,243][gurobipy][INFO] - 
[2025-01-29 09:49:09,243][gurobipy][INFO] - Explored 1 nodes (72532 simplex iterations) in 600.02 seconds (1089.11 work units)
[2025-01-29 09:49:09,243][gurobipy][INFO] - Thread count was 32 (of 128 available processors)
[2025-01-29 09:49:09,243][gurobipy][INFO] - 
[2025-01-29 09:49:09,243][gurobipy][INFO] - Solution count 9: 0.109741 0.065642 0.0556235 ... 3.81917e-14
[2025-01-29 09:49:09,243][gurobipy][INFO] - 
[2025-01-29 09:49:09,243][gurobipy][INFO] - Time limit reached
[2025-01-29 09:49:09,249][gurobipy][INFO] - Best objective 1.097410840449e-01, best bound 1.000000000002e+00, gap 811.2358%
[2025-01-29 09:49:09,283][pyomo.core][WARNING] - Loading a SolverResults object with an 'aborted' status, but containing a solution
[2025-01-29 09:49:09,755][one_rule][INFO] - Solver did not find an optimal sollution
[2025-01-29 09:49:09,756][__main__][INFO] - Finished size 44482 (5/5)
