[2025-01-29 23:38:53,095][__main__][INFO] - In total, there are 1229 possible subgroups
[2025-01-29 23:38:53,125][__main__][INFO] - [0], []
[2025-01-29 23:38:53,150][__main__][INFO] - [1], []
[2025-01-29 23:38:53,172][__main__][INFO] - [2], []
[2025-01-29 23:38:53,195][__main__][INFO] - [3], []
[2025-01-29 23:38:53,217][__main__][INFO] - [4], []
[2025-01-29 23:38:53,239][__main__][INFO] - [5], []
[2025-01-29 23:38:53,261][__main__][INFO] - [6], []
[2025-01-29 23:38:53,281][__main__][INFO] - [7], []
[2025-01-29 23:38:53,301][__main__][INFO] - [8], []
[2025-01-29 23:38:53,320][__main__][INFO] - [9], []
[2025-01-29 23:38:53,340][__main__][INFO] - [10], []
[2025-01-29 23:38:53,366][__main__][INFO] - [11], []
[2025-01-29 23:38:53,386][__main__][INFO] - [12], []
[2025-01-29 23:38:53,407][__main__][INFO] - [13], []
[2025-01-29 23:38:53,427][__main__][INFO] - [14], []
[2025-01-29 23:38:53,446][__main__][INFO] - [15], []
[2025-01-29 23:38:53,468][__main__][INFO] - [16], []
[2025-01-29 23:38:53,494][__main__][INFO] - [], [16]
[2025-01-29 23:38:53,520][__main__][INFO] - [17], []
[2025-01-29 23:38:53,541][__main__][INFO] - [18], []
[2025-01-29 23:38:53,567][__main__][INFO] - [19], []
[2025-01-29 23:38:53,588][__main__][INFO] - [20], []
[2025-01-29 23:38:53,608][__main__][INFO] - [21], []
[2025-01-29 23:38:53,627][__main__][INFO] - [22], []
[2025-01-29 23:38:53,647][__main__][INFO] - [23], []
[2025-01-29 23:38:53,669][__main__][INFO] - [24], []
[2025-01-29 23:38:53,688][__main__][INFO] - [25], []
[2025-01-29 23:38:53,738][__main__][INFO] - [0, 10], []
[2025-01-29 23:38:53,763][__main__][INFO] - [0, 11], []
[2025-01-29 23:38:53,785][__main__][INFO] - [0, 12], []
[2025-01-29 23:38:53,807][__main__][INFO] - [0, 13], []
[2025-01-29 23:38:53,829][__main__][INFO] - [0, 14], []
[2025-01-29 23:38:53,852][__main__][INFO] - [0, 15], []
[2025-01-29 23:38:53,874][__main__][INFO] - [0, 16], []
[2025-01-29 23:38:53,897][__main__][INFO] - [0], [16]
[2025-01-29 23:38:53,921][__main__][INFO] - [0, 17], []
[2025-01-29 23:38:53,943][__main__][INFO] - [0, 18], []
[2025-01-29 23:38:53,967][__main__][INFO] - [0, 19], []
[2025-01-29 23:38:53,989][__main__][INFO] - [0, 20], []
[2025-01-29 23:38:54,012][__main__][INFO] - [0, 21], []
[2025-01-29 23:38:54,034][__main__][INFO] - [0, 22], []
[2025-01-29 23:38:54,056][__main__][INFO] - [0, 23], []
[2025-01-29 23:38:54,078][__main__][INFO] - [0, 24], []
[2025-01-29 23:38:54,129][__main__][INFO] - [1, 10], []
[2025-01-29 23:38:54,153][__main__][INFO] - [1, 11], []
[2025-01-29 23:38:54,175][__main__][INFO] - [1, 12], []
[2025-01-29 23:38:54,198][__main__][INFO] - [1, 13], []
[2025-01-29 23:38:54,220][__main__][INFO] - [1, 14], []
[2025-01-29 23:38:54,242][__main__][INFO] - [1, 15], []
[2025-01-29 23:38:54,265][__main__][INFO] - [1, 16], []
[2025-01-29 23:38:54,289][__main__][INFO] - [1], [16]
[2025-01-29 23:38:54,312][__main__][INFO] - [1, 17], []
[2025-01-29 23:38:54,335][__main__][INFO] - [1, 18], []
[2025-01-29 23:38:54,359][__main__][INFO] - [1, 19], []
[2025-01-29 23:38:54,381][__main__][INFO] - [1, 20], []
[2025-01-29 23:38:54,404][__main__][INFO] - [1, 21], []
[2025-01-29 23:38:54,426][__main__][INFO] - [1, 22], []
[2025-01-29 23:38:54,448][__main__][INFO] - [1, 23], []
[2025-01-29 23:38:54,470][__main__][INFO] - [1, 24], []
[2025-01-29 23:38:54,521][__main__][INFO] - [2, 10], []
[2025-01-29 23:38:54,545][__main__][INFO] - [2, 11], []
[2025-01-29 23:38:54,568][__main__][INFO] - [2, 12], []
[2025-01-29 23:38:54,590][__main__][INFO] - [2, 13], []
[2025-01-29 23:38:54,612][__main__][INFO] - [2, 14], []
[2025-01-29 23:38:54,635][__main__][INFO] - [2, 15], []
[2025-01-29 23:38:54,657][__main__][INFO] - [2, 16], []
[2025-01-29 23:38:54,681][__main__][INFO] - [2], [16]
[2025-01-29 23:38:54,705][__main__][INFO] - [2, 17], []
[2025-01-29 23:38:54,727][__main__][INFO] - [2, 18], []
[2025-01-29 23:38:54,751][__main__][INFO] - [2, 19], []
[2025-01-29 23:38:54,773][__main__][INFO] - [2, 20], []
[2025-01-29 23:38:54,796][__main__][INFO] - [2, 21], []
[2025-01-29 23:38:54,818][__main__][INFO] - [2, 22], []
[2025-01-29 23:38:54,840][__main__][INFO] - [2, 23], []
[2025-01-29 23:38:54,863][__main__][INFO] - [2, 24], []
[2025-01-29 23:38:54,914][__main__][INFO] - [3, 10], []
[2025-01-29 23:38:54,938][__main__][INFO] - [3, 11], []
[2025-01-29 23:38:54,960][__main__][INFO] - [3, 12], []
[2025-01-29 23:38:54,983][__main__][INFO] - [3, 13], []
[2025-01-29 23:38:55,005][__main__][INFO] - [3, 14], []
[2025-01-29 23:38:55,027][__main__][INFO] - [3, 15], []
[2025-01-29 23:38:55,050][__main__][INFO] - [3, 16], []
[2025-01-29 23:38:55,073][__main__][INFO] - [3], [16]
[2025-01-29 23:38:55,097][__main__][INFO] - [3, 17], []
[2025-01-29 23:38:55,119][__main__][INFO] - [3, 18], []
[2025-01-29 23:38:55,143][__main__][INFO] - [3, 19], []
[2025-01-29 23:38:55,165][__main__][INFO] - [3, 20], []
[2025-01-29 23:38:55,187][__main__][INFO] - [3, 21], []
[2025-01-29 23:38:55,209][__main__][INFO] - [3, 22], []
[2025-01-29 23:38:55,232][__main__][INFO] - [3, 23], []
[2025-01-29 23:38:55,254][__main__][INFO] - [3, 24], []
[2025-01-29 23:38:55,305][__main__][INFO] - [4, 10], []
[2025-01-29 23:38:55,329][__main__][INFO] - [4, 11], []
[2025-01-29 23:38:55,351][__main__][INFO] - [4, 12], []
[2025-01-29 23:38:55,374][__main__][INFO] - [4, 13], []
[2025-01-29 23:38:55,396][__main__][INFO] - [4, 14], []
[2025-01-29 23:38:55,419][__main__][INFO] - [4, 15], []
[2025-01-29 23:38:55,441][__main__][INFO] - [4, 16], []
[2025-01-29 23:38:55,465][__main__][INFO] - [4], [16]
[2025-01-29 23:38:55,489][__main__][INFO] - [4, 17], []
[2025-01-29 23:38:55,511][__main__][INFO] - [4, 18], []
[2025-01-29 23:38:55,535][__main__][INFO] - [4, 19], []
[2025-01-29 23:38:55,557][__main__][INFO] - [4, 20], []
[2025-01-29 23:38:55,580][__main__][INFO] - [4, 21], []
[2025-01-29 23:38:55,602][__main__][INFO] - [4, 22], []
[2025-01-29 23:38:55,624][__main__][INFO] - [4, 23], []
[2025-01-29 23:38:55,647][__main__][INFO] - [4, 24], []
[2025-01-29 23:38:55,698][__main__][INFO] - [5, 10], []
[2025-01-29 23:38:55,722][__main__][INFO] - [5, 11], []
[2025-01-29 23:38:55,744][__main__][INFO] - [5, 12], []
[2025-01-29 23:38:55,767][__main__][INFO] - [5, 13], []
[2025-01-29 23:38:55,789][__main__][INFO] - [5, 14], []
[2025-01-29 23:38:55,811][__main__][INFO] - [5, 15], []
[2025-01-29 23:38:55,834][__main__][INFO] - [5, 16], []
[2025-01-29 23:38:55,857][__main__][INFO] - [5], [16]
[2025-01-29 23:38:55,880][__main__][INFO] - [5, 17], []
[2025-01-29 23:38:55,903][__main__][INFO] - [5, 18], []
[2025-01-29 23:38:55,927][__main__][INFO] - [5, 19], []
[2025-01-29 23:38:55,949][__main__][INFO] - [5, 20], []
[2025-01-29 23:38:55,971][__main__][INFO] - [5, 21], []
[2025-01-29 23:38:55,993][__main__][INFO] - [5, 22], []
[2025-01-29 23:38:56,015][__main__][INFO] - [5, 23], []
[2025-01-29 23:38:56,038][__main__][INFO] - [5, 24], []
[2025-01-29 23:38:56,089][__main__][INFO] - [6, 10], []
[2025-01-29 23:38:56,112][__main__][INFO] - [6, 11], []
[2025-01-29 23:38:56,134][__main__][INFO] - [6, 12], []
[2025-01-29 23:38:56,157][__main__][INFO] - [6, 13], []
[2025-01-29 23:38:56,178][__main__][INFO] - [6, 14], []
[2025-01-29 23:38:56,201][__main__][INFO] - [6, 15], []
[2025-01-29 23:38:56,223][__main__][INFO] - [6, 16], []
[2025-01-29 23:38:56,246][__main__][INFO] - [6], [16]
[2025-01-29 23:38:56,268][__main__][INFO] - [6, 17], []
[2025-01-29 23:38:56,291][__main__][INFO] - [6, 18], []
[2025-01-29 23:38:56,314][__main__][INFO] - [6, 19], []
[2025-01-29 23:38:56,337][__main__][INFO] - [6, 20], []
[2025-01-29 23:38:56,362][__main__][INFO] - [6, 21], []
[2025-01-29 23:38:56,385][__main__][INFO] - [6, 22], []
[2025-01-29 23:38:56,407][__main__][INFO] - [6, 23], []
[2025-01-29 23:38:56,429][__main__][INFO] - [6, 24], []
[2025-01-29 23:38:56,481][__main__][INFO] - [7, 10], []
[2025-01-29 23:38:56,503][__main__][INFO] - [7, 11], []
[2025-01-29 23:38:56,525][__main__][INFO] - [7, 12], []
[2025-01-29 23:38:56,547][__main__][INFO] - [7, 13], []
[2025-01-29 23:38:56,569][__main__][INFO] - [7, 14], []
[2025-01-29 23:38:56,591][__main__][INFO] - [7, 15], []
[2025-01-29 23:38:56,613][__main__][INFO] - [7, 16], []
[2025-01-29 23:38:56,636][__main__][INFO] - [7], [16]
[2025-01-29 23:38:56,659][__main__][INFO] - [7, 17], []
[2025-01-29 23:38:56,681][__main__][INFO] - [7, 18], []
[2025-01-29 23:38:56,703][__main__][INFO] - [7, 19], []
[2025-01-29 23:38:56,725][__main__][INFO] - [7, 20], []
[2025-01-29 23:38:56,748][__main__][INFO] - [7, 21], []
[2025-01-29 23:38:56,784][__main__][INFO] - [7, 23], []
[2025-01-29 23:38:56,850][__main__][INFO] - [8, 10], []
[2025-01-29 23:38:56,873][__main__][INFO] - [8, 11], []
[2025-01-29 23:38:56,894][__main__][INFO] - [8, 12], []
[2025-01-29 23:38:56,946][__main__][INFO] - [8, 15], []
[2025-01-29 23:38:56,968][__main__][INFO] - [8, 16], []
[2025-01-29 23:38:56,990][__main__][INFO] - [8], [16]
[2025-01-29 23:38:57,012][__main__][INFO] - [8, 17], []
[2025-01-29 23:38:57,034][__main__][INFO] - [8, 18], []
[2025-01-29 23:38:57,056][__main__][INFO] - [8, 19], []
[2025-01-29 23:38:57,079][__main__][INFO] - [8, 20], []
[2025-01-29 23:38:57,130][__main__][INFO] - [8, 23], []
[2025-01-29 23:38:57,196][__main__][INFO] - [9, 10], []
[2025-01-29 23:38:57,233][__main__][INFO] - [9, 12], []
[2025-01-29 23:38:57,299][__main__][INFO] - [9, 16], []
[2025-01-29 23:38:57,321][__main__][INFO] - [9], [16]
[2025-01-29 23:38:57,358][__main__][INFO] - [9, 18], []
[2025-01-29 23:38:57,439][__main__][INFO] - [9, 23], []
[2025-01-29 23:38:57,505][__main__][INFO] - [10, 16], []
[2025-01-29 23:38:57,536][__main__][INFO] - [10], [16]
[2025-01-29 23:38:57,563][__main__][INFO] - [10, 17], []
[2025-01-29 23:38:57,587][__main__][INFO] - [10, 18], []
[2025-01-29 23:38:57,616][__main__][INFO] - [10, 19], []
[2025-01-29 23:38:57,639][__main__][INFO] - [10, 20], []
[2025-01-29 23:38:57,662][__main__][INFO] - [10, 21], []
[2025-01-29 23:38:57,685][__main__][INFO] - [10, 22], []
[2025-01-29 23:38:57,707][__main__][INFO] - [10, 23], []
[2025-01-29 23:38:57,730][__main__][INFO] - [10, 24], []
[2025-01-29 23:38:57,752][__main__][INFO] - [10, 25], []
[2025-01-29 23:38:57,789][__main__][INFO] - [11, 16], []
[2025-01-29 23:38:57,811][__main__][INFO] - [11], [16]
[2025-01-29 23:38:57,834][__main__][INFO] - [11, 17], []
[2025-01-29 23:38:57,856][__main__][INFO] - [11, 18], []
[2025-01-29 23:38:57,879][__main__][INFO] - [11, 19], []
[2025-01-29 23:38:57,901][__main__][INFO] - [11, 20], []
[2025-01-29 23:38:57,952][__main__][INFO] - [11, 23], []
[2025-01-29 23:38:58,018][__main__][INFO] - [12, 16], []
[2025-01-29 23:38:58,042][__main__][INFO] - [12], [16]
[2025-01-29 23:38:58,065][__main__][INFO] - [12, 17], []
[2025-01-29 23:38:58,087][__main__][INFO] - [12, 18], []
[2025-01-29 23:38:58,109][__main__][INFO] - [12, 19], []
[2025-01-29 23:38:58,131][__main__][INFO] - [12, 20], []
[2025-01-29 23:38:58,183][__main__][INFO] - [12, 23], []
[2025-01-29 23:38:58,252][__main__][INFO] - [13, 16], []
[2025-01-29 23:38:58,274][__main__][INFO] - [13], [16]
[2025-01-29 23:38:58,296][__main__][INFO] - [13, 17], []
[2025-01-29 23:38:58,318][__main__][INFO] - [13, 18], []
[2025-01-29 23:38:58,340][__main__][INFO] - [13, 19], []
[2025-01-29 23:38:58,362][__main__][INFO] - [13, 20], []
[2025-01-29 23:38:58,414][__main__][INFO] - [13, 23], []
[2025-01-29 23:38:58,480][__main__][INFO] - [14, 16], []
[2025-01-29 23:38:58,502][__main__][INFO] - [14], [16]
[2025-01-29 23:38:58,538][__main__][INFO] - [14, 18], []
[2025-01-29 23:38:58,560][__main__][INFO] - [14, 19], []
[2025-01-29 23:38:58,611][__main__][INFO] - [14, 22], []
[2025-01-29 23:38:58,633][__main__][INFO] - [14, 23], []
[2025-01-29 23:38:58,699][__main__][INFO] - [15, 16], []
[2025-01-29 23:38:58,722][__main__][INFO] - [15], [16]
[2025-01-29 23:38:58,746][__main__][INFO] - [15, 17], []
[2025-01-29 23:38:58,769][__main__][INFO] - [15, 18], []
[2025-01-29 23:38:58,792][__main__][INFO] - [15, 19], []
[2025-01-29 23:38:58,814][__main__][INFO] - [15, 20], []
[2025-01-29 23:38:58,836][__main__][INFO] - [15, 21], []
[2025-01-29 23:38:58,858][__main__][INFO] - [15, 22], []
[2025-01-29 23:38:58,880][__main__][INFO] - [15, 23], []
[2025-01-29 23:38:58,902][__main__][INFO] - [15, 24], []
[2025-01-29 23:38:58,953][__main__][INFO] - [16, 17], []
[2025-01-29 23:38:58,976][__main__][INFO] - [16, 18], []
[2025-01-29 23:38:59,005][__main__][INFO] - [16, 19], []
[2025-01-29 23:38:59,027][__main__][INFO] - [16, 20], []
[2025-01-29 23:38:59,049][__main__][INFO] - [16, 21], []
[2025-01-29 23:38:59,071][__main__][INFO] - [16, 22], []
[2025-01-29 23:38:59,093][__main__][INFO] - [16, 23], []
[2025-01-29 23:38:59,116][__main__][INFO] - [16, 24], []
[2025-01-29 23:38:59,168][__main__][INFO] - [17], [16]
[2025-01-29 23:38:59,191][__main__][INFO] - [18], [16]
[2025-01-29 23:38:59,218][__main__][INFO] - [19], [16]
[2025-01-29 23:38:59,240][__main__][INFO] - [20], [16]
[2025-01-29 23:38:59,262][__main__][INFO] - [21], [16]
[2025-01-29 23:38:59,283][__main__][INFO] - [22], [16]
[2025-01-29 23:38:59,305][__main__][INFO] - [23], [16]
[2025-01-29 23:38:59,327][__main__][INFO] - [24], [16]
[2025-01-29 23:38:59,408][__main__][INFO] - [0, 10, 16], []
[2025-01-29 23:38:59,434][__main__][INFO] - [0, 10], [16]
[2025-01-29 23:38:59,460][__main__][INFO] - [0, 10, 17], []
[2025-01-29 23:38:59,485][__main__][INFO] - [0, 10, 18], []
[2025-01-29 23:38:59,511][__main__][INFO] - [0, 10, 19], []
[2025-01-29 23:38:59,537][__main__][INFO] - [0, 10, 20], []
[2025-01-29 23:38:59,562][__main__][INFO] - [0, 10, 21], []
[2025-01-29 23:38:59,588][__main__][INFO] - [0, 10, 22], []
[2025-01-29 23:38:59,609][__main__][INFO] - [0, 10, 23], []
[2025-01-29 23:38:59,635][__main__][INFO] - [0, 10, 24], []
[2025-01-29 23:38:59,691][__main__][INFO] - [0, 11, 16], []
[2025-01-29 23:38:59,717][__main__][INFO] - [0, 11], [16]
[2025-01-29 23:38:59,759][__main__][INFO] - [0, 11, 18], []
[2025-01-29 23:38:59,784][__main__][INFO] - [0, 11, 19], []
[2025-01-29 23:38:59,852][__main__][INFO] - [0, 11, 23], []
[2025-01-29 23:38:59,922][__main__][INFO] - [0, 12, 16], []
[2025-01-29 23:38:59,947][__main__][INFO] - [0, 12], [16]
[2025-01-29 23:38:59,987][__main__][INFO] - [0, 12, 18], []
[2025-01-29 23:39:00,012][__main__][INFO] - [0, 12, 19], []
[2025-01-29 23:39:00,083][__main__][INFO] - [0, 12, 23], []
[2025-01-29 23:39:00,154][__main__][INFO] - [0, 13, 16], []
[2025-01-29 23:39:00,179][__main__][INFO] - [0, 13], [16]
[2025-01-29 23:39:00,222][__main__][INFO] - [0, 13, 18], []
[2025-01-29 23:39:00,259][__main__][INFO] - [0, 13, 20], []
[2025-01-29 23:39:00,374][__main__][INFO] - [0, 14, 16], []
[2025-01-29 23:39:00,396][__main__][INFO] - [0, 14], [16]
[2025-01-29 23:39:00,435][__main__][INFO] - [0, 14, 18], []
[2025-01-29 23:39:00,502][__main__][INFO] - [0, 14, 22], []
[2025-01-29 23:39:00,587][__main__][INFO] - [0, 15, 16], []
[2025-01-29 23:39:00,612][__main__][INFO] - [0, 15], [16]
[2025-01-29 23:39:00,637][__main__][INFO] - [0, 15, 17], []
[2025-01-29 23:39:00,661][__main__][INFO] - [0, 15, 18], []
[2025-01-29 23:39:00,686][__main__][INFO] - [0, 15, 19], []
[2025-01-29 23:39:00,711][__main__][INFO] - [0, 15, 20], []
[2025-01-29 23:39:00,735][__main__][INFO] - [0, 15, 21], []
[2025-01-29 23:39:00,772][__main__][INFO] - [0, 15, 23], []
[2025-01-29 23:39:00,842][__main__][INFO] - [0, 16, 17], []
[2025-01-29 23:39:00,867][__main__][INFO] - [0, 16, 18], []
[2025-01-29 23:39:00,892][__main__][INFO] - [0, 16, 19], []
[2025-01-29 23:39:00,917][__main__][INFO] - [0, 16, 20], []
[2025-01-29 23:39:00,941][__main__][INFO] - [0, 16, 21], []
[2025-01-29 23:39:00,966][__main__][INFO] - [0, 16, 22], []
[2025-01-29 23:39:00,987][__main__][INFO] - [0, 16, 23], []
[2025-01-29 23:39:01,012][__main__][INFO] - [0, 16, 24], []
[2025-01-29 23:39:01,064][__main__][INFO] - [0, 17], [16]
[2025-01-29 23:39:01,089][__main__][INFO] - [0, 18], [16]
[2025-01-29 23:39:01,114][__main__][INFO] - [0, 19], [16]
[2025-01-29 23:39:01,138][__main__][INFO] - [0, 20], [16]
[2025-01-29 23:39:01,163][__main__][INFO] - [0, 21], [16]
[2025-01-29 23:39:01,188][__main__][INFO] - [0, 22], [16]
[2025-01-29 23:39:01,212][__main__][INFO] - [0, 23], [16]
[2025-01-29 23:39:01,237][__main__][INFO] - [0, 24], [16]
[2025-01-29 23:39:01,307][__main__][INFO] - [1, 10, 16], []
[2025-01-29 23:39:01,333][__main__][INFO] - [1, 10], [16]
[2025-01-29 23:39:01,359][__main__][INFO] - [1, 10, 17], []
[2025-01-29 23:39:01,384][__main__][INFO] - [1, 10, 18], []
[2025-01-29 23:39:01,411][__main__][INFO] - [1, 10, 19], []
[2025-01-29 23:39:01,436][__main__][INFO] - [1, 10, 20], []
[2025-01-29 23:39:01,461][__main__][INFO] - [1, 10, 21], []
[2025-01-29 23:39:01,486][__main__][INFO] - [1, 10, 22], []
[2025-01-29 23:39:01,511][__main__][INFO] - [1, 10, 23], []
[2025-01-29 23:39:01,537][__main__][INFO] - [1, 10, 24], []
[2025-01-29 23:39:01,591][__main__][INFO] - [1, 11, 16], []
[2025-01-29 23:39:01,617][__main__][INFO] - [1, 11], [16]
[2025-01-29 23:39:01,658][__main__][INFO] - [1, 11, 18], []
[2025-01-29 23:39:01,683][__main__][INFO] - [1, 11, 19], []
[2025-01-29 23:39:01,709][__main__][INFO] - [1, 11, 20], []
[2025-01-29 23:39:01,764][__main__][INFO] - [1, 11, 23], []
[2025-01-29 23:39:01,834][__main__][INFO] - [1, 12, 16], []
[2025-01-29 23:39:01,859][__main__][INFO] - [1, 12], [16]
[2025-01-29 23:39:01,899][__main__][INFO] - [1, 12, 18], []
[2025-01-29 23:39:01,924][__main__][INFO] - [1, 12, 19], []
[2025-01-29 23:39:01,995][__main__][INFO] - [1, 12, 23], []
[2025-01-29 23:39:02,065][__main__][INFO] - [1, 13, 16], []
[2025-01-29 23:39:02,090][__main__][INFO] - [1, 13], [16]
[2025-01-29 23:39:02,130][__main__][INFO] - [1, 13, 18], []
[2025-01-29 23:39:02,170][__main__][INFO] - [1, 13, 20], []
[2025-01-29 23:39:02,286][__main__][INFO] - [1, 14, 16], []
[2025-01-29 23:39:02,310][__main__][INFO] - [1, 14], [16]
[2025-01-29 23:39:02,350][__main__][INFO] - [1, 14, 18], []
[2025-01-29 23:39:02,420][__main__][INFO] - [1, 14, 22], []
[2025-01-29 23:39:02,445][__main__][INFO] - [1, 14, 23], []
[2025-01-29 23:39:02,515][__main__][INFO] - [1, 15, 16], []
[2025-01-29 23:39:02,545][__main__][INFO] - [1, 15], [16]
[2025-01-29 23:39:02,573][__main__][INFO] - [1, 15, 17], []
[2025-01-29 23:39:02,598][__main__][INFO] - [1, 15, 18], []
[2025-01-29 23:39:02,623][__main__][INFO] - [1, 15, 19], []
[2025-01-29 23:39:02,648][__main__][INFO] - [1, 15, 20], []
[2025-01-29 23:39:02,673][__main__][INFO] - [1, 15, 21], []
[2025-01-29 23:39:02,713][__main__][INFO] - [1, 15, 23], []
[2025-01-29 23:39:02,738][__main__][INFO] - [1, 15, 24], []
[2025-01-29 23:39:02,793][__main__][INFO] - [1, 16, 17], []
[2025-01-29 23:39:02,818][__main__][INFO] - [1, 16, 18], []
[2025-01-29 23:39:02,844][__main__][INFO] - [1, 16, 19], []
[2025-01-29 23:39:02,868][__main__][INFO] - [1, 16, 20], []
[2025-01-29 23:39:02,893][__main__][INFO] - [1, 16, 21], []
[2025-01-29 23:39:02,918][__main__][INFO] - [1, 16, 22], []
[2025-01-29 23:39:02,943][__main__][INFO] - [1, 16, 23], []
[2025-01-29 23:39:02,968][__main__][INFO] - [1, 16, 24], []
[2025-01-29 23:39:03,023][__main__][INFO] - [1, 17], [16]
[2025-01-29 23:39:03,048][__main__][INFO] - [1, 18], [16]
[2025-01-29 23:39:03,073][__main__][INFO] - [1, 19], [16]
[2025-01-29 23:39:03,098][__main__][INFO] - [1, 20], [16]
[2025-01-29 23:39:03,123][__main__][INFO] - [1, 21], [16]
[2025-01-29 23:39:03,147][__main__][INFO] - [1, 22], [16]
[2025-01-29 23:39:03,172][__main__][INFO] - [1, 23], [16]
[2025-01-29 23:39:03,197][__main__][INFO] - [1, 24], [16]
[2025-01-29 23:39:03,266][__main__][INFO] - [2, 10, 16], []
[2025-01-29 23:39:03,292][__main__][INFO] - [2, 10], [16]
[2025-01-29 23:39:03,319][__main__][INFO] - [2, 10, 17], []
[2025-01-29 23:39:03,344][__main__][INFO] - [2, 10, 18], []
[2025-01-29 23:39:03,371][__main__][INFO] - [2, 10, 19], []
[2025-01-29 23:39:03,397][__main__][INFO] - [2, 10, 20], []
[2025-01-29 23:39:03,423][__main__][INFO] - [2, 10, 21], []
[2025-01-29 23:39:03,448][__main__][INFO] - [2, 10, 22], []
[2025-01-29 23:39:03,475][__main__][INFO] - [2, 10, 23], []
[2025-01-29 23:39:03,503][__main__][INFO] - [2, 10, 24], []
[2025-01-29 23:39:03,562][__main__][INFO] - [2, 11, 16], []
[2025-01-29 23:39:03,590][__main__][INFO] - [2, 11], [16]
[2025-01-29 23:39:03,632][__main__][INFO] - [2, 11, 18], []
[2025-01-29 23:39:03,660][__main__][INFO] - [2, 11, 19], []
[2025-01-29 23:39:03,732][__main__][INFO] - [2, 11, 23], []
[2025-01-29 23:39:03,802][__main__][INFO] - [2, 12, 16], []
[2025-01-29 23:39:03,827][__main__][INFO] - [2, 12], [16]
[2025-01-29 23:39:03,868][__main__][INFO] - [2, 12, 18], []
[2025-01-29 23:39:03,893][__main__][INFO] - [2, 12, 19], []
[2025-01-29 23:39:03,963][__main__][INFO] - [2, 12, 23], []
[2025-01-29 23:39:04,033][__main__][INFO] - [2, 13, 16], []
[2025-01-29 23:39:04,058][__main__][INFO] - [2, 13], [16]
[2025-01-29 23:39:04,099][__main__][INFO] - [2, 13, 18], []
[2025-01-29 23:39:04,141][__main__][INFO] - [2, 13, 20], []
[2025-01-29 23:39:04,198][__main__][INFO] - [2, 13, 23], []
[2025-01-29 23:39:04,270][__main__][INFO] - [2, 14, 16], []
[2025-01-29 23:39:04,305][__main__][INFO] - [2, 14], [16]
[2025-01-29 23:39:04,345][__main__][INFO] - [2, 14, 18], []
[2025-01-29 23:39:04,415][__main__][INFO] - [2, 14, 22], []
[2025-01-29 23:39:04,440][__main__][INFO] - [2, 14, 23], []
[2025-01-29 23:39:04,510][__main__][INFO] - [2, 15, 16], []
[2025-01-29 23:39:04,535][__main__][INFO] - [2, 15], [16]
[2025-01-29 23:39:04,560][__main__][INFO] - [2, 15, 17], []
[2025-01-29 23:39:04,585][__main__][INFO] - [2, 15, 18], []
[2025-01-29 23:39:04,611][__main__][INFO] - [2, 15, 19], []
[2025-01-29 23:39:04,637][__main__][INFO] - [2, 15, 20], []
[2025-01-29 23:39:04,663][__main__][INFO] - [2, 15, 21], []
[2025-01-29 23:39:04,704][__main__][INFO] - [2, 15, 23], []
[2025-01-29 23:39:04,729][__main__][INFO] - [2, 15, 24], []
[2025-01-29 23:39:04,784][__main__][INFO] - [2, 16, 17], []
[2025-01-29 23:39:04,809][__main__][INFO] - [2, 16, 18], []
[2025-01-29 23:39:04,835][__main__][INFO] - [2, 16, 19], []
[2025-01-29 23:39:04,859][__main__][INFO] - [2, 16, 20], []
[2025-01-29 23:39:04,884][__main__][INFO] - [2, 16, 21], []
[2025-01-29 23:39:04,909][__main__][INFO] - [2, 16, 22], []
[2025-01-29 23:39:04,934][__main__][INFO] - [2, 16, 23], []
[2025-01-29 23:39:04,959][__main__][INFO] - [2, 16, 24], []
[2025-01-29 23:39:05,014][__main__][INFO] - [2, 17], [16]
[2025-01-29 23:39:05,039][__main__][INFO] - [2, 18], [16]
[2025-01-29 23:39:05,064][__main__][INFO] - [2, 19], [16]
[2025-01-29 23:39:05,089][__main__][INFO] - [2, 20], [16]
[2025-01-29 23:39:05,114][__main__][INFO] - [2, 21], [16]
[2025-01-29 23:39:05,138][__main__][INFO] - [2, 22], [16]
[2025-01-29 23:39:05,163][__main__][INFO] - [2, 23], [16]
[2025-01-29 23:39:05,190][__main__][INFO] - [2, 24], [16]
[2025-01-29 23:39:05,260][__main__][INFO] - [3, 10, 16], []
[2025-01-29 23:39:05,286][__main__][INFO] - [3, 10], [16]
[2025-01-29 23:39:05,312][__main__][INFO] - [3, 10, 17], []
[2025-01-29 23:39:05,337][__main__][INFO] - [3, 10, 18], []
[2025-01-29 23:39:05,363][__main__][INFO] - [3, 10, 19], []
[2025-01-29 23:39:05,388][__main__][INFO] - [3, 10, 20], []
[2025-01-29 23:39:05,413][__main__][INFO] - [3, 10, 21], []
[2025-01-29 23:39:05,439][__main__][INFO] - [3, 10, 22], []
[2025-01-29 23:39:05,464][__main__][INFO] - [3, 10, 23], []
[2025-01-29 23:39:05,489][__main__][INFO] - [3, 10, 24], []
[2025-01-29 23:39:05,544][__main__][INFO] - [3, 11, 16], []
[2025-01-29 23:39:05,569][__main__][INFO] - [3, 11], [16]
[2025-01-29 23:39:05,609][__main__][INFO] - [3, 11, 18], []
[2025-01-29 23:39:05,634][__main__][INFO] - [3, 11, 19], []
[2025-01-29 23:39:05,705][__main__][INFO] - [3, 11, 23], []
[2025-01-29 23:39:05,775][__main__][INFO] - [3, 12, 16], []
[2025-01-29 23:39:05,800][__main__][INFO] - [3, 12], [16]
[2025-01-29 23:39:05,841][__main__][INFO] - [3, 12, 18], []
[2025-01-29 23:39:05,866][__main__][INFO] - [3, 12, 19], []
[2025-01-29 23:39:05,936][__main__][INFO] - [3, 12, 23], []
[2025-01-29 23:39:06,007][__main__][INFO] - [3, 13, 16], []
[2025-01-29 23:39:06,035][__main__][INFO] - [3, 13], [16]
[2025-01-29 23:39:06,079][__main__][INFO] - [3, 13, 18], []
[2025-01-29 23:39:06,124][__main__][INFO] - [3, 13, 20], []
[2025-01-29 23:39:06,184][__main__][INFO] - [3, 13, 23], []
[2025-01-29 23:39:06,255][__main__][INFO] - [3, 14, 16], []
[2025-01-29 23:39:06,280][__main__][INFO] - [3, 14], [16]
[2025-01-29 23:39:06,319][__main__][INFO] - [3, 14, 18], []
[2025-01-29 23:39:06,344][__main__][INFO] - [3, 14, 19], []
[2025-01-29 23:39:06,399][__main__][INFO] - [3, 14, 22], []
[2025-01-29 23:39:06,424][__main__][INFO] - [3, 14, 23], []
[2025-01-29 23:39:06,494][__main__][INFO] - [3, 15, 16], []
[2025-01-29 23:39:06,519][__main__][INFO] - [3, 15], [16]
[2025-01-29 23:39:06,544][__main__][INFO] - [3, 15, 17], []
[2025-01-29 23:39:06,569][__main__][INFO] - [3, 15, 18], []
[2025-01-29 23:39:06,594][__main__][INFO] - [3, 15, 19], []
[2025-01-29 23:39:06,619][__main__][INFO] - [3, 15, 20], []
[2025-01-29 23:39:06,644][__main__][INFO] - [3, 15, 21], []
[2025-01-29 23:39:06,684][__main__][INFO] - [3, 15, 23], []
[2025-01-29 23:39:06,709][__main__][INFO] - [3, 15, 24], []
[2025-01-29 23:39:06,764][__main__][INFO] - [3, 16, 17], []
[2025-01-29 23:39:06,789][__main__][INFO] - [3, 16, 18], []
[2025-01-29 23:39:06,814][__main__][INFO] - [3, 16, 19], []
[2025-01-29 23:39:06,839][__main__][INFO] - [3, 16, 20], []
[2025-01-29 23:39:06,863][__main__][INFO] - [3, 16, 21], []
[2025-01-29 23:39:06,888][__main__][INFO] - [3, 16, 22], []
[2025-01-29 23:39:06,913][__main__][INFO] - [3, 16, 23], []
[2025-01-29 23:39:06,938][__main__][INFO] - [3, 16, 24], []
[2025-01-29 23:39:06,993][__main__][INFO] - [3, 17], [16]
[2025-01-29 23:39:07,018][__main__][INFO] - [3, 18], [16]
[2025-01-29 23:39:07,043][__main__][INFO] - [3, 19], [16]
[2025-01-29 23:39:07,068][__main__][INFO] - [3, 20], [16]
[2025-01-29 23:39:07,093][__main__][INFO] - [3, 21], [16]
[2025-01-29 23:39:07,117][__main__][INFO] - [3, 22], [16]
[2025-01-29 23:39:07,142][__main__][INFO] - [3, 23], [16]
[2025-01-29 23:39:07,167][__main__][INFO] - [3, 24], [16]
[2025-01-29 23:39:07,237][__main__][INFO] - [4, 10, 16], []
[2025-01-29 23:39:07,263][__main__][INFO] - [4, 10], [16]
[2025-01-29 23:39:07,288][__main__][INFO] - [4, 10, 17], []
[2025-01-29 23:39:07,313][__main__][INFO] - [4, 10, 18], []
[2025-01-29 23:39:07,340][__main__][INFO] - [4, 10, 19], []
[2025-01-29 23:39:07,365][__main__][INFO] - [4, 10, 20], []
[2025-01-29 23:39:07,390][__main__][INFO] - [4, 10, 21], []
[2025-01-29 23:39:07,415][__main__][INFO] - [4, 10, 22], []
[2025-01-29 23:39:07,440][__main__][INFO] - [4, 10, 23], []
[2025-01-29 23:39:07,466][__main__][INFO] - [4, 10, 24], []
[2025-01-29 23:39:07,521][__main__][INFO] - [4, 11, 16], []
[2025-01-29 23:39:07,546][__main__][INFO] - [4, 11], [16]
[2025-01-29 23:39:07,586][__main__][INFO] - [4, 11, 18], []
[2025-01-29 23:39:07,611][__main__][INFO] - [4, 11, 19], []
[2025-01-29 23:39:07,636][__main__][INFO] - [4, 11, 20], []
[2025-01-29 23:39:07,694][__main__][INFO] - [4, 11, 23], []
[2025-01-29 23:39:07,776][__main__][INFO] - [4, 12, 16], []
[2025-01-29 23:39:07,802][__main__][INFO] - [4, 12], [16]
[2025-01-29 23:39:07,843][__main__][INFO] - [4, 12, 18], []
[2025-01-29 23:39:07,868][__main__][INFO] - [4, 12, 19], []
[2025-01-29 23:39:07,938][__main__][INFO] - [4, 12, 23], []
[2025-01-29 23:39:08,009][__main__][INFO] - [4, 13, 16], []
[2025-01-29 23:39:08,034][__main__][INFO] - [4, 13], [16]
[2025-01-29 23:39:08,074][__main__][INFO] - [4, 13, 18], []
[2025-01-29 23:39:08,114][__main__][INFO] - [4, 13, 20], []
[2025-01-29 23:39:08,170][__main__][INFO] - [4, 13, 23], []
[2025-01-29 23:39:08,242][__main__][INFO] - [4, 14, 16], []
[2025-01-29 23:39:08,267][__main__][INFO] - [4, 14], [16]
[2025-01-29 23:39:08,306][__main__][INFO] - [4, 14, 18], []
[2025-01-29 23:39:08,331][__main__][INFO] - [4, 14, 19], []
[2025-01-29 23:39:08,386][__main__][INFO] - [4, 14, 22], []
[2025-01-29 23:39:08,471][__main__][INFO] - [4, 15, 16], []
[2025-01-29 23:39:08,496][__main__][INFO] - [4, 15], [16]
[2025-01-29 23:39:08,522][__main__][INFO] - [4, 15, 17], []
[2025-01-29 23:39:08,547][__main__][INFO] - [4, 15, 18], []
[2025-01-29 23:39:08,572][__main__][INFO] - [4, 15, 19], []
[2025-01-29 23:39:08,597][__main__][INFO] - [4, 15, 20], []
[2025-01-29 23:39:08,622][__main__][INFO] - [4, 15, 21], []
[2025-01-29 23:39:08,662][__main__][INFO] - [4, 15, 23], []
[2025-01-29 23:39:08,687][__main__][INFO] - [4, 15, 24], []
[2025-01-29 23:39:08,742][__main__][INFO] - [4, 16, 17], []
[2025-01-29 23:39:08,767][__main__][INFO] - [4, 16, 18], []
[2025-01-29 23:39:08,792][__main__][INFO] - [4, 16, 19], []
[2025-01-29 23:39:08,817][__main__][INFO] - [4, 16, 20], []
[2025-01-29 23:39:08,842][__main__][INFO] - [4, 16, 21], []
[2025-01-29 23:39:08,867][__main__][INFO] - [4, 16, 22], []
[2025-01-29 23:39:08,892][__main__][INFO] - [4, 16, 23], []
[2025-01-29 23:39:08,917][__main__][INFO] - [4, 16, 24], []
[2025-01-29 23:39:08,972][__main__][INFO] - [4, 17], [16]
[2025-01-29 23:39:08,997][__main__][INFO] - [4, 18], [16]
[2025-01-29 23:39:09,023][__main__][INFO] - [4, 19], [16]
[2025-01-29 23:39:09,048][__main__][INFO] - [4, 20], [16]
[2025-01-29 23:39:09,072][__main__][INFO] - [4, 21], [16]
[2025-01-29 23:39:09,097][__main__][INFO] - [4, 22], [16]
[2025-01-29 23:39:09,122][__main__][INFO] - [4, 23], [16]
[2025-01-29 23:39:09,147][__main__][INFO] - [4, 24], [16]
[2025-01-29 23:39:09,216][__main__][INFO] - [5, 10, 16], []
[2025-01-29 23:39:09,242][__main__][INFO] - [5, 10], [16]
[2025-01-29 23:39:09,268][__main__][INFO] - [5, 10, 17], []
[2025-01-29 23:39:09,293][__main__][INFO] - [5, 10, 18], []
[2025-01-29 23:39:09,319][__main__][INFO] - [5, 10, 19], []
[2025-01-29 23:39:09,345][__main__][INFO] - [5, 10, 20], []
[2025-01-29 23:39:09,370][__main__][INFO] - [5, 10, 21], []
[2025-01-29 23:39:09,395][__main__][INFO] - [5, 10, 22], []
[2025-01-29 23:39:09,421][__main__][INFO] - [5, 10, 23], []
[2025-01-29 23:39:09,446][__main__][INFO] - [5, 10, 24], []
[2025-01-29 23:39:09,501][__main__][INFO] - [5, 11, 16], []
[2025-01-29 23:39:09,526][__main__][INFO] - [5, 11], [16]
[2025-01-29 23:39:09,566][__main__][INFO] - [5, 11, 18], []
[2025-01-29 23:39:09,591][__main__][INFO] - [5, 11, 19], []
[2025-01-29 23:39:09,721][__main__][INFO] - [5, 12, 16], []
[2025-01-29 23:39:09,746][__main__][INFO] - [5, 12], [16]
[2025-01-29 23:39:09,786][__main__][INFO] - [5, 12, 18], []
[2025-01-29 23:39:09,811][__main__][INFO] - [5, 12, 19], []
[2025-01-29 23:39:09,881][__main__][INFO] - [5, 12, 23], []
[2025-01-29 23:39:09,952][__main__][INFO] - [5, 13, 16], []
[2025-01-29 23:39:09,977][__main__][INFO] - [5, 13], [16]
[2025-01-29 23:39:10,017][__main__][INFO] - [5, 13, 18], []
[2025-01-29 23:39:10,057][__main__][INFO] - [5, 13, 20], []
[2025-01-29 23:39:10,112][__main__][INFO] - [5, 13, 23], []
[2025-01-29 23:39:10,182][__main__][INFO] - [5, 14, 16], []
[2025-01-29 23:39:10,207][__main__][INFO] - [5, 14], [16]
[2025-01-29 23:39:10,247][__main__][INFO] - [5, 14, 18], []
[2025-01-29 23:39:10,272][__main__][INFO] - [5, 14, 19], []
[2025-01-29 23:39:10,327][__main__][INFO] - [5, 14, 22], []
[2025-01-29 23:39:10,352][__main__][INFO] - [5, 14, 23], []
[2025-01-29 23:39:10,422][__main__][INFO] - [5, 15, 16], []
[2025-01-29 23:39:10,447][__main__][INFO] - [5, 15], [16]
[2025-01-29 23:39:10,472][__main__][INFO] - [5, 15, 17], []
[2025-01-29 23:39:10,497][__main__][INFO] - [5, 15, 18], []
[2025-01-29 23:39:10,522][__main__][INFO] - [5, 15, 19], []
[2025-01-29 23:39:10,547][__main__][INFO] - [5, 15, 20], []
[2025-01-29 23:39:10,571][__main__][INFO] - [5, 15, 21], []
[2025-01-29 23:39:10,612][__main__][INFO] - [5, 15, 23], []
[2025-01-29 23:39:10,637][__main__][INFO] - [5, 15, 24], []
[2025-01-29 23:39:10,692][__main__][INFO] - [5, 16, 17], []
[2025-01-29 23:39:10,717][__main__][INFO] - [5, 16, 18], []
[2025-01-29 23:39:10,742][__main__][INFO] - [5, 16, 19], []
[2025-01-29 23:39:10,767][__main__][INFO] - [5, 16, 20], []
[2025-01-29 23:39:10,792][__main__][INFO] - [5, 16, 21], []
[2025-01-29 23:39:10,816][__main__][INFO] - [5, 16, 22], []
[2025-01-29 23:39:10,841][__main__][INFO] - [5, 16, 23], []
[2025-01-29 23:39:10,867][__main__][INFO] - [5, 16, 24], []
[2025-01-29 23:39:10,922][__main__][INFO] - [5, 17], [16]
[2025-01-29 23:39:10,946][__main__][INFO] - [5, 18], [16]
[2025-01-29 23:39:10,972][__main__][INFO] - [5, 19], [16]
[2025-01-29 23:39:10,996][__main__][INFO] - [5, 20], [16]
[2025-01-29 23:39:11,021][__main__][INFO] - [5, 21], [16]
[2025-01-29 23:39:11,046][__main__][INFO] - [5, 22], [16]
[2025-01-29 23:39:11,071][__main__][INFO] - [5, 23], [16]
[2025-01-29 23:39:11,096][__main__][INFO] - [5, 24], [16]
[2025-01-29 23:39:11,166][__main__][INFO] - [6, 10, 16], []
[2025-01-29 23:39:11,192][__main__][INFO] - [6, 10], [16]
[2025-01-29 23:39:11,217][__main__][INFO] - [6, 10, 17], []
[2025-01-29 23:39:11,242][__main__][INFO] - [6, 10, 18], []
[2025-01-29 23:39:11,268][__main__][INFO] - [6, 10, 19], []
[2025-01-29 23:39:11,293][__main__][INFO] - [6, 10, 20], []
[2025-01-29 23:39:11,318][__main__][INFO] - [6, 10, 21], []
[2025-01-29 23:39:11,343][__main__][INFO] - [6, 10, 22], []
[2025-01-29 23:39:11,368][__main__][INFO] - [6, 10, 23], []
[2025-01-29 23:39:11,438][__main__][INFO] - [6, 11, 16], []
[2025-01-29 23:39:11,463][__main__][INFO] - [6, 11], [16]
[2025-01-29 23:39:11,503][__main__][INFO] - [6, 11, 18], []
[2025-01-29 23:39:11,648][__main__][INFO] - [6, 12, 16], []
[2025-01-29 23:39:11,673][__main__][INFO] - [6, 12], [16]
[2025-01-29 23:39:11,713][__main__][INFO] - [6, 12, 18], []
[2025-01-29 23:39:11,738][__main__][INFO] - [6, 12, 19], []
[2025-01-29 23:39:11,808][__main__][INFO] - [6, 12, 23], []
[2025-01-29 23:39:11,878][__main__][INFO] - [6, 13, 16], []
[2025-01-29 23:39:11,903][__main__][INFO] - [6, 13], [16]
[2025-01-29 23:39:11,943][__main__][INFO] - [6, 13, 18], []
[2025-01-29 23:39:11,983][__main__][INFO] - [6, 13, 20], []
[2025-01-29 23:39:12,113][__main__][INFO] - [6, 14], [16]
[2025-01-29 23:39:12,288][__main__][INFO] - [6, 15, 16], []
[2025-01-29 23:39:12,313][__main__][INFO] - [6, 15], [16]
[2025-01-29 23:39:12,338][__main__][INFO] - [6, 15, 17], []
[2025-01-29 23:39:12,362][__main__][INFO] - [6, 15, 18], []
[2025-01-29 23:39:12,387][__main__][INFO] - [6, 15, 19], []
[2025-01-29 23:39:12,412][__main__][INFO] - [6, 15, 20], []
[2025-01-29 23:39:12,467][__main__][INFO] - [6, 15, 23], []
[2025-01-29 23:39:12,537][__main__][INFO] - [6, 16, 17], []
[2025-01-29 23:39:12,562][__main__][INFO] - [6, 16, 18], []
[2025-01-29 23:39:12,587][__main__][INFO] - [6, 16, 19], []
[2025-01-29 23:39:12,611][__main__][INFO] - [6, 16, 20], []
[2025-01-29 23:39:12,636][__main__][INFO] - [6, 16, 21], []
[2025-01-29 23:39:12,661][__main__][INFO] - [6, 16, 22], []
[2025-01-29 23:39:12,686][__main__][INFO] - [6, 16, 23], []
[2025-01-29 23:39:12,756][__main__][INFO] - [6, 17], [16]
[2025-01-29 23:39:12,781][__main__][INFO] - [6, 18], [16]
[2025-01-29 23:39:12,806][__main__][INFO] - [6, 19], [16]
[2025-01-29 23:39:12,830][__main__][INFO] - [6, 20], [16]
[2025-01-29 23:39:12,855][__main__][INFO] - [6, 21], [16]
[2025-01-29 23:39:12,880][__main__][INFO] - [6, 22], [16]
[2025-01-29 23:39:12,905][__main__][INFO] - [6, 23], [16]
[2025-01-29 23:39:12,989][__main__][INFO] - [7, 10, 16], []
[2025-01-29 23:39:13,015][__main__][INFO] - [7, 10], [16]
[2025-01-29 23:39:13,040][__main__][INFO] - [7, 10, 17], []
[2025-01-29 23:39:13,069][__main__][INFO] - [7, 10, 18], []
[2025-01-29 23:39:13,097][__main__][INFO] - [7, 10, 19], []
[2025-01-29 23:39:13,122][__main__][INFO] - [7, 10, 20], []
[2025-01-29 23:39:13,149][__main__][INFO] - [7, 10, 21], []
[2025-01-29 23:39:13,194][__main__][INFO] - [7, 10, 23], []
[2025-01-29 23:39:13,264][__main__][INFO] - [7, 11, 16], []
[2025-01-29 23:39:13,289][__main__][INFO] - [7, 11], [16]
[2025-01-29 23:39:13,329][__main__][INFO] - [7, 11, 18], []
[2025-01-29 23:39:13,474][__main__][INFO] - [7, 12, 16], []
[2025-01-29 23:39:13,499][__main__][INFO] - [7, 12], [16]
[2025-01-29 23:39:13,539][__main__][INFO] - [7, 12, 18], []
[2025-01-29 23:39:13,564][__main__][INFO] - [7, 12, 19], []
[2025-01-29 23:39:13,634][__main__][INFO] - [7, 12, 23], []
[2025-01-29 23:39:13,719][__main__][INFO] - [7, 13], [16]
[2025-01-29 23:39:13,759][__main__][INFO] - [7, 13, 18], []
[2025-01-29 23:39:14,084][__main__][INFO] - [7, 15, 16], []
[2025-01-29 23:39:14,109][__main__][INFO] - [7, 15], [16]
[2025-01-29 23:39:14,134][__main__][INFO] - [7, 15, 17], []
[2025-01-29 23:39:14,159][__main__][INFO] - [7, 15, 18], []
[2025-01-29 23:39:14,183][__main__][INFO] - [7, 15, 19], []
[2025-01-29 23:39:14,313][__main__][INFO] - [7, 16, 17], []
[2025-01-29 23:39:14,338][__main__][INFO] - [7, 16, 18], []
[2025-01-29 23:39:14,362][__main__][INFO] - [7, 16, 19], []
[2025-01-29 23:39:14,387][__main__][INFO] - [7, 16, 20], []
[2025-01-29 23:39:14,412][__main__][INFO] - [7, 16, 21], []
[2025-01-29 23:39:14,451][__main__][INFO] - [7, 16, 23], []
[2025-01-29 23:39:14,521][__main__][INFO] - [7, 17], [16]
[2025-01-29 23:39:14,546][__main__][INFO] - [7, 18], [16]
[2025-01-29 23:39:14,571][__main__][INFO] - [7, 19], [16]
[2025-01-29 23:39:14,595][__main__][INFO] - [7, 20], [16]
[2025-01-29 23:39:14,620][__main__][INFO] - [7, 21], [16]
[2025-01-29 23:39:14,660][__main__][INFO] - [7, 23], [16]
[2025-01-29 23:39:14,744][__main__][INFO] - [8, 10, 16], []
[2025-01-29 23:39:14,769][__main__][INFO] - [8, 10], [16]
[2025-01-29 23:39:14,809][__main__][INFO] - [8, 10, 18], []
[2025-01-29 23:39:14,834][__main__][INFO] - [8, 10, 19], []
[2025-01-29 23:39:14,859][__main__][INFO] - [8, 10, 20], []
[2025-01-29 23:39:14,914][__main__][INFO] - [8, 10, 23], []
[2025-01-29 23:39:14,984][__main__][INFO] - [8, 11, 16], []
[2025-01-29 23:39:15,009][__main__][INFO] - [8, 11], [16]
[2025-01-29 23:39:15,049][__main__][INFO] - [8, 11, 18], []
[2025-01-29 23:39:15,194][__main__][INFO] - [8, 12, 16], []
[2025-01-29 23:39:15,218][__main__][INFO] - [8, 12], [16]
[2025-01-29 23:39:15,258][__main__][INFO] - [8, 12, 18], []
[2025-01-29 23:39:15,343][__main__][INFO] - [8, 12, 23], []
[2025-01-29 23:39:15,443][__main__][INFO] - [8, 15, 16], []
[2025-01-29 23:39:15,467][__main__][INFO] - [8, 15], [16]
[2025-01-29 23:39:15,510][__main__][INFO] - [8, 15, 18], []
[2025-01-29 23:39:15,681][__main__][INFO] - [8, 16, 18], []
[2025-01-29 23:39:15,706][__main__][INFO] - [8, 16, 19], []
[2025-01-29 23:39:15,731][__main__][INFO] - [8, 16, 20], []
[2025-01-29 23:39:15,786][__main__][INFO] - [8, 16, 23], []
[2025-01-29 23:39:15,856][__main__][INFO] - [8, 17], [16]
[2025-01-29 23:39:15,881][__main__][INFO] - [8, 18], [16]
[2025-01-29 23:39:15,905][__main__][INFO] - [8, 19], [16]
[2025-01-29 23:39:15,930][__main__][INFO] - [8, 20], [16]
[2025-01-29 23:39:15,984][__main__][INFO] - [8, 23], [16]
[2025-01-29 23:39:16,069][__main__][INFO] - [9, 10, 16], []
[2025-01-29 23:39:16,094][__main__][INFO] - [9, 10], [16]
[2025-01-29 23:39:16,134][__main__][INFO] - [9, 10, 18], []
[2025-01-29 23:39:16,533][__main__][INFO] - [9, 16, 18], []
[2025-01-29 23:39:16,693][__main__][INFO] - [9, 18], [16]
[2025-01-29 23:39:16,852][__main__][INFO] - [10, 16, 17], []
[2025-01-29 23:39:16,877][__main__][INFO] - [10, 16, 18], []
[2025-01-29 23:39:16,908][__main__][INFO] - [10, 16, 19], []
[2025-01-29 23:39:16,933][__main__][INFO] - [10, 16, 20], []
[2025-01-29 23:39:16,958][__main__][INFO] - [10, 16, 21], []
[2025-01-29 23:39:16,983][__main__][INFO] - [10, 16, 22], []
[2025-01-29 23:39:17,008][__main__][INFO] - [10, 16, 23], []
[2025-01-29 23:39:17,033][__main__][INFO] - [10, 16, 24], []
[2025-01-29 23:39:17,088][__main__][INFO] - [10, 17], [16]
[2025-01-29 23:39:17,114][__main__][INFO] - [10, 18], [16]
[2025-01-29 23:39:17,143][__main__][INFO] - [10, 19], [16]
[2025-01-29 23:39:17,169][__main__][INFO] - [10, 20], [16]
[2025-01-29 23:39:17,194][__main__][INFO] - [10, 21], [16]
[2025-01-29 23:39:17,218][__main__][INFO] - [10, 22], [16]
[2025-01-29 23:39:17,243][__main__][INFO] - [10, 23], [16]
[2025-01-29 23:39:17,268][__main__][INFO] - [10, 24], [16]
[2025-01-29 23:39:17,338][__main__][INFO] - [11, 16, 17], []
[2025-01-29 23:39:17,362][__main__][INFO] - [11, 16, 18], []
[2025-01-29 23:39:17,387][__main__][INFO] - [11, 16, 19], []
[2025-01-29 23:39:17,411][__main__][INFO] - [11, 16, 20], []
[2025-01-29 23:39:17,466][__main__][INFO] - [11, 16, 23], []
[2025-01-29 23:39:17,536][__main__][INFO] - [11, 17], [16]
[2025-01-29 23:39:17,562][__main__][INFO] - [11, 18], [16]
[2025-01-29 23:39:17,587][__main__][INFO] - [11, 19], [16]
[2025-01-29 23:39:17,612][__main__][INFO] - [11, 20], [16]
[2025-01-29 23:39:17,669][__main__][INFO] - [11, 23], [16]
[2025-01-29 23:39:17,754][__main__][INFO] - [12, 16, 17], []
[2025-01-29 23:39:17,778][__main__][INFO] - [12, 16, 18], []
[2025-01-29 23:39:17,803][__main__][INFO] - [12, 16, 19], []
[2025-01-29 23:39:17,872][__main__][INFO] - [12, 16, 23], []
[2025-01-29 23:39:17,943][__main__][INFO] - [12, 17], [16]
[2025-01-29 23:39:17,967][__main__][INFO] - [12, 18], [16]
[2025-01-29 23:39:17,992][__main__][INFO] - [12, 19], [16]
[2025-01-29 23:39:18,061][__main__][INFO] - [12, 23], [16]
[2025-01-29 23:39:18,161][__main__][INFO] - [13, 16, 18], []
[2025-01-29 23:39:18,185][__main__][INFO] - [13, 16, 19], []
[2025-01-29 23:39:18,210][__main__][INFO] - [13, 16, 20], []
[2025-01-29 23:39:18,265][__main__][INFO] - [13, 16, 23], []
[2025-01-29 23:39:18,349][__main__][INFO] - [13, 18], [16]
[2025-01-29 23:39:18,374][__main__][INFO] - [13, 19], [16]
[2025-01-29 23:39:18,398][__main__][INFO] - [13, 20], [16]
[2025-01-29 23:39:18,452][__main__][INFO] - [13, 23], [16]
[2025-01-29 23:39:18,551][__main__][INFO] - [14, 16, 18], []
[2025-01-29 23:39:18,576][__main__][INFO] - [14, 16, 19], []
[2025-01-29 23:39:18,630][__main__][INFO] - [14, 16, 22], []
[2025-01-29 23:39:18,654][__main__][INFO] - [14, 16, 23], []
[2025-01-29 23:39:18,739][__main__][INFO] - [14, 18], [16]
[2025-01-29 23:39:18,763][__main__][INFO] - [14, 19], [16]
[2025-01-29 23:39:18,817][__main__][INFO] - [14, 22], [16]
[2025-01-29 23:39:18,841][__main__][INFO] - [14, 23], [16]
[2025-01-29 23:39:18,925][__main__][INFO] - [15, 16, 17], []
[2025-01-29 23:39:18,950][__main__][INFO] - [15, 16, 18], []
[2025-01-29 23:39:18,974][__main__][INFO] - [15, 16, 19], []
[2025-01-29 23:39:18,998][__main__][INFO] - [15, 16, 20], []
[2025-01-29 23:39:19,022][__main__][INFO] - [15, 16, 21], []
[2025-01-29 23:39:19,062][__main__][INFO] - [15, 16, 23], []
[2025-01-29 23:39:19,086][__main__][INFO] - [15, 16, 24], []
[2025-01-29 23:39:19,141][__main__][INFO] - [15, 17], [16]
[2025-01-29 23:39:19,166][__main__][INFO] - [15, 18], [16]
[2025-01-29 23:39:19,190][__main__][INFO] - [15, 19], [16]
[2025-01-29 23:39:19,214][__main__][INFO] - [15, 20], [16]
[2025-01-29 23:39:19,238][__main__][INFO] - [15, 21], [16]
[2025-01-29 23:39:19,277][__main__][INFO] - [15, 23], [16]
[2025-01-29 23:39:19,302][__main__][INFO] - [15, 24], [16]
