[2025-01-29 09:17:08,879][gurobipy][INFO] - Set parameter TokenServer to value "147.32.84.36"
[2025-01-29 09:17:10,061][gurobipy][INFO] - Set parameter TimeLimit to value 600
[2025-01-29 09:17:10,066][gurobipy][INFO] - Gurobi Optimizer version 11.0.2 build v11.0.2rc0 (linux64)
[2025-01-29 09:17:10,066][gurobipy][INFO] - 
[2025-01-29 09:17:10,077][gurobipy][INFO] - CPU model: Intel(R) Xeon(R) Gold 6136 CPU @ 3.00GHz, instruction set [SSE2|AVX|AVX2|AVX512]
[2025-01-29 09:17:10,078][gurobipy][INFO] - Thread count: 24 physical cores, 48 logical processors, using up to 24 threads
[2025-01-29 09:17:10,078][gurobipy][INFO] - 
[2025-01-29 09:17:10,078][gurobipy][INFO] - Optimize a model with 24067 rows, 560 columns and 61444 nonzeros
[2025-01-29 09:17:10,078][gurobipy][INFO] - Model fingerprint: 0xcde8f8ca
[2025-01-29 09:17:10,078][gurobipy][INFO] - Variable types: 513 continuous, 47 integer (47 binary)
[2025-01-29 09:17:10,078][gurobipy][INFO] - Coefficient statistics:
[2025-01-29 09:17:10,078][gurobipy][INFO] -   Matrix range     [2e-03, 2e+00]
[2025-01-29 09:17:10,079][gurobipy][INFO] -   Objective range  [1e+00, 1e+00]
[2025-01-29 09:17:10,079][gurobipy][INFO] -   Bounds range     [1e+00, 1e+00]
[2025-01-29 09:17:10,079][gurobipy][INFO] -   RHS range        [1e+00, 1e+01]
[2025-01-29 09:17:10,082][gurobipy][INFO] - Found heuristic solution: objective -0.0000000
[2025-01-29 09:17:10,213][gurobipy][INFO] - Presolve removed 9706 rows and 8 columns
[2025-01-29 09:17:10,213][gurobipy][INFO] - Presolve time: 0.13s
[2025-01-29 09:17:10,213][gurobipy][INFO] - Presolved: 14361 rows, 552 columns, 43590 nonzeros
[2025-01-29 09:17:10,223][gurobipy][INFO] - Variable types: 513 continuous, 39 integer (39 binary)
[2025-01-29 09:17:10,239][gurobipy][INFO] - Root relaxation presolved: 14361 rows, 552 columns, 43590 nonzeros
[2025-01-29 09:17:10,239][gurobipy][INFO] - 
[2025-01-29 09:17:10,256][gurobipy][INFO] - 
[2025-01-29 09:17:10,256][gurobipy][INFO] - Root relaxation: objective 1.000000e+00, 264 iterations, 0.03 seconds (0.05 work units)
[2025-01-29 09:17:10,262][gurobipy][INFO] - 
[2025-01-29 09:17:10,262][gurobipy][INFO] -     Nodes    |    Current Node    |     Objective Bounds      |     Work
[2025-01-29 09:17:10,262][gurobipy][INFO] -  Expl Unexpl |  Obj  Depth IntInf | Incumbent    BestBd   Gap | It/Node Time
[2025-01-29 09:17:10,262][gurobipy][INFO] - 
[2025-01-29 09:17:10,262][gurobipy][INFO] -      0     0    1.00000    0    6   -0.00000    1.00000      -     -    0s
[2025-01-29 09:17:10,286][gurobipy][INFO] - H    0     0                       0.0073930    1.00000      -     -    0s
[2025-01-29 09:17:10,291][gurobipy][INFO] - H    0     0                       0.0203800    1.00000  4807%     -    0s
[2025-01-29 09:17:10,325][gurobipy][INFO] - H    0     0                       0.3348653    1.00000   199%     -    0s
[2025-01-29 09:17:10,576][gurobipy][INFO] -      0     0    1.00000    0   31    0.33487    1.00000   199%     -    0s
[2025-01-29 09:17:10,646][gurobipy][INFO] -      0     0    1.00000    0   14    0.33487    1.00000   199%     -    0s
[2025-01-29 09:17:10,676][gurobipy][INFO] - H    0     0                       0.4142161    1.00000   141%     -    0s
[2025-01-29 09:17:10,712][gurobipy][INFO] -      0     0    1.00000    0   12    0.41422    1.00000   141%     -    0s
[2025-01-29 09:17:10,815][gurobipy][INFO] - H    0     0                       0.5019861    1.00000  99.2%     -    0s
[2025-01-29 09:17:10,825][gurobipy][INFO] - 
[2025-01-29 09:17:10,825][gurobipy][INFO] - Explored 1 nodes (1851 simplex iterations) in 0.75 seconds (0.97 work units)
[2025-01-29 09:17:10,825][gurobipy][INFO] - Thread count was 24 (of 48 available processors)
[2025-01-29 09:17:10,825][gurobipy][INFO] - 
[2025-01-29 09:17:10,826][gurobipy][INFO] - Solution count 6: 0.501986 0.414216 0.334865 ... -0
[2025-01-29 09:17:10,826][gurobipy][INFO] - No other solutions better than 0.501986
[2025-01-29 09:17:10,826][gurobipy][INFO] - 
[2025-01-29 09:17:10,826][gurobipy][INFO] - Optimal solution found (tolerance 1.00e-04)
[2025-01-29 09:17:10,826][gurobipy][INFO] - Best objective 5.019860833310e-01, best bound 5.019860833310e-01, gap 0.0000%
[2025-01-29 09:17:10,844][__main__][INFO] - Finished size 1000 (1/5)
[2025-01-29 09:17:16,424][gurobipy][INFO] - Set parameter TimeLimit to value 600
[2025-01-29 09:17:16,437][gurobipy][INFO] - Gurobi Optimizer version 11.0.2 build v11.0.2rc0 (linux64)
[2025-01-29 09:17:16,438][gurobipy][INFO] - 
[2025-01-29 09:17:16,450][gurobipy][INFO] - CPU model: Intel(R) Xeon(R) Gold 6136 CPU @ 3.00GHz, instruction set [SSE2|AVX|AVX2|AVX512]
[2025-01-29 09:17:16,450][gurobipy][INFO] - Thread count: 24 physical cores, 48 logical processors, using up to 24 threads
[2025-01-29 09:17:16,450][gurobipy][INFO] - 
[2025-01-29 09:17:16,450][gurobipy][INFO] - Optimize a model with 61244 rows, 1351 columns and 156364 nonzeros
[2025-01-29 09:17:16,451][gurobipy][INFO] - Model fingerprint: 0x7f2c6a7e
[2025-01-29 09:17:16,451][gurobipy][INFO] - Variable types: 1304 continuous, 47 integer (47 binary)
[2025-01-29 09:17:16,451][gurobipy][INFO] - Coefficient statistics:
[2025-01-29 09:17:16,452][gurobipy][INFO] -   Matrix range     [4e-04, 2e+00]
[2025-01-29 09:17:16,452][gurobipy][INFO] -   Objective range  [1e+00, 1e+00]
[2025-01-29 09:17:16,452][gurobipy][INFO] -   Bounds range     [1e+00, 1e+00]
[2025-01-29 09:17:16,452][gurobipy][INFO] -   RHS range        [1e+00, 1e+01]
[2025-01-29 09:17:16,461][gurobipy][INFO] - Found heuristic solution: objective 0.0000000
[2025-01-29 09:17:16,830][gurobipy][INFO] - Presolve removed 16933 rows and 2 columns
[2025-01-29 09:17:16,830][gurobipy][INFO] - Presolve time: 0.37s
[2025-01-29 09:17:16,830][gurobipy][INFO] - Presolved: 44311 rows, 1349 columns, 134231 nonzeros
[2025-01-29 09:17:16,862][gurobipy][INFO] - Variable types: 1304 continuous, 45 integer (45 binary)
[2025-01-29 09:17:16,918][gurobipy][INFO] - Root relaxation presolved: 1349 rows, 45660 columns, 135580 nonzeros
[2025-01-29 09:17:16,918][gurobipy][INFO] - 
[2025-01-29 09:17:17,064][gurobipy][INFO] - 
[2025-01-29 09:17:17,064][gurobipy][INFO] - Root relaxation: objective 1.000000e+00, 1337 iterations, 0.20 seconds (0.44 work units)
[2025-01-29 09:17:17,081][gurobipy][INFO] - 
[2025-01-29 09:17:17,081][gurobipy][INFO] -     Nodes    |    Current Node    |     Objective Bounds      |     Work
[2025-01-29 09:17:17,081][gurobipy][INFO] -  Expl Unexpl |  Obj  Depth IntInf | Incumbent    BestBd   Gap | It/Node Time
[2025-01-29 09:17:17,081][gurobipy][INFO] - 
[2025-01-29 09:17:17,081][gurobipy][INFO] -      0     0    1.00000    0    5    0.00000    1.00000      -     -    0s
[2025-01-29 09:17:17,092][gurobipy][INFO] - H    0     0                       0.0080203    1.00000      -     -    0s
[2025-01-29 09:17:17,231][gurobipy][INFO] - H    0     0                       0.1693596    1.00000   490%     -    0s
[2025-01-29 09:17:18,034][gurobipy][INFO] -      0     0    1.00000    0   45    0.16936    1.00000   490%     -    1s
[2025-01-29 09:17:18,251][gurobipy][INFO] -      0     0    1.00000    0   21    0.16936    1.00000   490%     -    1s
[2025-01-29 09:17:20,194][gurobipy][INFO] -      0     0    1.00000    0    5    0.16936    1.00000   490%     -    3s
[2025-01-29 09:17:20,211][gurobipy][INFO] - H    0     0                       0.1802000    1.00000   455%     -    3s
[2025-01-29 09:17:20,480][gurobipy][INFO] -      0     0    1.00000    0   16    0.18020    1.00000   455%     -    4s
[2025-01-29 09:17:20,528][gurobipy][INFO] -      0     0    1.00000    0   14    0.18020    1.00000   455%     -    4s
[2025-01-29 09:17:20,573][gurobipy][INFO] - H    0     0                       0.1870797    1.00000   435%     -    4s
[2025-01-29 09:17:20,758][gurobipy][INFO] - H    0     0                       0.3569602    1.00000   180%     -    4s
[2025-01-29 09:17:21,422][gurobipy][INFO] - H    0     0                       0.4776685    1.00000   109%     -    4s
[2025-01-29 09:17:21,553][gurobipy][INFO] -      0     0    0.47767    0    4    0.47767    0.47767  0.00%     -    5s
[2025-01-29 09:17:21,554][gurobipy][INFO] - 
[2025-01-29 09:17:21,554][gurobipy][INFO] - Cutting planes:
[2025-01-29 09:17:21,554][gurobipy][INFO] -   Gomory: 3
[2025-01-29 09:17:21,554][gurobipy][INFO] -   Implied bound: 1
[2025-01-29 09:17:21,554][gurobipy][INFO] -   MIR: 75
[2025-01-29 09:17:21,555][gurobipy][INFO] -   RLT: 16
[2025-01-29 09:17:21,557][gurobipy][INFO] - 
[2025-01-29 09:17:21,558][gurobipy][INFO] - Explored 1 nodes (8319 simplex iterations) in 5.11 seconds (6.71 work units)
[2025-01-29 09:17:21,558][gurobipy][INFO] - Thread count was 24 (of 48 available processors)
[2025-01-29 09:17:21,558][gurobipy][INFO] - 
[2025-01-29 09:17:21,558][gurobipy][INFO] - Solution count 7: 0.477668 0.35696 0.18708 ... 3.01981e-14
[2025-01-29 09:17:21,558][gurobipy][INFO] - No other solutions better than 0.477668
[2025-01-29 09:17:21,558][gurobipy][INFO] - 
[2025-01-29 09:17:21,558][gurobipy][INFO] - Optimal solution found (tolerance 1.00e-04)
[2025-01-29 09:17:21,558][gurobipy][INFO] - Best objective 4.776684979153e-01, best bound 4.776684979153e-01, gap 0.0000%
[2025-01-29 09:17:21,626][__main__][INFO] - Finished size 4412 (2/5)
[2025-01-29 09:17:33,875][gurobipy][INFO] - Set parameter TimeLimit to value 600
[2025-01-29 09:17:33,908][gurobipy][INFO] - Gurobi Optimizer version 11.0.2 build v11.0.2rc0 (linux64)
[2025-01-29 09:17:33,908][gurobipy][INFO] - 
[2025-01-29 09:17:33,920][gurobipy][INFO] - CPU model: Intel(R) Xeon(R) Gold 6136 CPU @ 3.00GHz, instruction set [SSE2|AVX|AVX2|AVX512]
[2025-01-29 09:17:33,920][gurobipy][INFO] - Thread count: 24 physical cores, 48 logical processors, using up to 24 threads
[2025-01-29 09:17:33,920][gurobipy][INFO] - 
[2025-01-29 09:17:33,920][gurobipy][INFO] - Optimize a model with 138935 rows, 3004 columns and 354724 nonzeros
[2025-01-29 09:17:33,923][gurobipy][INFO] - Model fingerprint: 0x1f4313b7
[2025-01-29 09:17:33,923][gurobipy][INFO] - Variable types: 2957 continuous, 47 integer (47 binary)
[2025-01-29 09:17:33,924][gurobipy][INFO] - Coefficient statistics:
[2025-01-29 09:17:33,924][gurobipy][INFO] -   Matrix range     [1e-04, 2e+00]
[2025-01-29 09:17:33,924][gurobipy][INFO] -   Objective range  [1e+00, 1e+00]
[2025-01-29 09:17:33,924][gurobipy][INFO] -   Bounds range     [1e+00, 1e+00]
[2025-01-29 09:17:33,924][gurobipy][INFO] -   RHS range        [1e+00, 1e+01]
[2025-01-29 09:17:33,953][gurobipy][INFO] - Found heuristic solution: objective -0.0000000
[2025-01-29 09:17:34,883][gurobipy][INFO] - Presolve removed 35472 rows and 1 columns
[2025-01-29 09:17:34,883][gurobipy][INFO] - Presolve time: 0.93s
[2025-01-29 09:17:34,883][gurobipy][INFO] - Presolved: 103463 rows, 3003 columns, 313340 nonzeros
[2025-01-29 09:17:34,963][gurobipy][INFO] - Variable types: 2957 continuous, 46 integer (46 binary)
[2025-01-29 09:17:35,128][gurobipy][INFO] - Root relaxation presolved: 3003 rows, 106466 columns, 316343 nonzeros
[2025-01-29 09:17:35,128][gurobipy][INFO] - 
[2025-01-29 09:17:35,224][gurobipy][INFO] - 
[2025-01-29 09:17:35,224][gurobipy][INFO] - Root relaxation: objective 1.000000e+00, 352 iterations, 0.26 seconds (0.31 work units)
[2025-01-29 09:17:35,265][gurobipy][INFO] - 
[2025-01-29 09:17:35,265][gurobipy][INFO] -     Nodes    |    Current Node    |     Objective Bounds      |     Work
[2025-01-29 09:17:35,265][gurobipy][INFO] -  Expl Unexpl |  Obj  Depth IntInf | Incumbent    BestBd   Gap | It/Node Time
[2025-01-29 09:17:35,265][gurobipy][INFO] - 
[2025-01-29 09:17:35,265][gurobipy][INFO] -      0     0    1.00000    0    9   -0.00000    1.00000      -     -    1s
[2025-01-29 09:17:35,325][gurobipy][INFO] - H    0     0                       0.0129389    1.00000  7629%     -    1s
[2025-01-29 09:17:35,817][gurobipy][INFO] -      0     0    1.00000    0    8    0.01294    1.00000  7629%     -    1s
[2025-01-29 09:17:36,071][gurobipy][INFO] - H    0     0                       0.0174822    1.00000  5620%     -    2s
[2025-01-29 09:17:37,509][gurobipy][INFO] -      0     0    1.00000    0   43    0.01748    1.00000  5620%     -    3s
[2025-01-29 09:17:38,132][gurobipy][INFO] -      0     0    1.00000    0   32    0.01748    1.00000  5620%     -    4s
[2025-01-29 09:17:42,804][gurobipy][INFO] -      0     0    1.00000    0    1    0.01748    1.00000  5620%     -    8s
[2025-01-29 09:17:43,048][gurobipy][INFO] - H    0     0                       0.1497911    1.00000   568%     -    9s
[2025-01-29 09:17:43,152][gurobipy][INFO] - H    0     0                       0.4909992    1.00000   104%     -    9s
[2025-01-29 09:17:44,743][gurobipy][INFO] -      0     0    1.00000    0   24    0.49100    1.00000   104%     -   10s
[2025-01-29 09:17:51,758][gurobipy][INFO] -      0     0    1.00000    0   23    0.49100    1.00000   104%     -   17s
[2025-01-29 09:17:52,798][gurobipy][INFO] -      0     0    1.00000    0   21    0.49100    1.00000   104%     -   18s
[2025-01-29 09:18:00,710][gurobipy][INFO] -      0     0    1.00000    0   18    0.49100    1.00000   104%     -   26s
[2025-01-29 09:18:01,789][gurobipy][INFO] -      0     0    1.00000    0   18    0.49100    1.00000   104%     -   27s
[2025-01-29 09:18:06,656][gurobipy][INFO] -      0     0    1.00000    0   12    0.49100    1.00000   104%     -   32s
[2025-01-29 09:18:07,647][gurobipy][INFO] -      0     0    1.00000    0   16    0.49100    1.00000   104%     -   33s
[2025-01-29 09:18:13,628][gurobipy][INFO] -      0     0    1.00000    0   25    0.49100    1.00000   104%     -   39s
[2025-01-29 09:18:15,097][gurobipy][INFO] -      0     0    1.00000    0   25    0.49100    1.00000   104%     -   41s
[2025-01-29 09:18:20,622][gurobipy][INFO] -      0     0    1.00000    0   23    0.49100    1.00000   104%     -   46s
[2025-01-29 09:18:25,633][gurobipy][INFO] -      0     0    1.00000    0   23    0.49100    1.00000   104%     -   51s
[2025-01-29 09:18:44,786][gurobipy][INFO] -      0     2    1.00000    0   23    0.49100    1.00000   104%     -   70s
[2025-01-29 09:18:49,160][gurobipy][INFO] -     11     2    1.00000    6   15    0.49100    1.00000   104%   611   75s
[2025-01-29 09:18:57,298][gurobipy][INFO] -     23     4    0.90000   12   18    0.49100    1.00000   104%   431   83s
[2025-01-29 09:18:59,454][gurobipy][INFO] -     29     6    0.88361   14   19    0.49100    0.89498  82.3%   567   85s
[2025-01-29 09:19:03,923][gurobipy][INFO] -     65     8    0.79032   19   11    0.49100    0.81767  66.5%   367   90s
[2025-01-29 09:19:09,395][gurobipy][INFO] -    113     0     cutoff   27         0.49100    0.50310  2.47%   295   95s
[2025-01-29 09:19:09,413][gurobipy][INFO] - 
[2025-01-29 09:19:09,413][gurobipy][INFO] - Cutting planes:
[2025-01-29 09:19:09,413][gurobipy][INFO] -   Implied bound: 1
[2025-01-29 09:19:09,413][gurobipy][INFO] -   MIR: 7
[2025-01-29 09:19:09,418][gurobipy][INFO] - 
[2025-01-29 09:19:09,418][gurobipy][INFO] - Explored 129 nodes (69298 simplex iterations) in 95.50 seconds (226.19 work units)
[2025-01-29 09:19:09,418][gurobipy][INFO] - Thread count was 24 (of 48 available processors)
[2025-01-29 09:19:09,418][gurobipy][INFO] - 
[2025-01-29 09:19:09,418][gurobipy][INFO] - Solution count 5: 0.490999 0.149791 0.0174822 ... -0
[2025-01-29 09:19:09,418][gurobipy][INFO] - No other solutions better than 0.490999
[2025-01-29 09:19:09,418][gurobipy][INFO] - 
[2025-01-29 09:19:09,418][gurobipy][INFO] - Optimal solution found (tolerance 1.00e-04)
[2025-01-29 09:19:09,420][gurobipy][INFO] - Best objective 4.909991935605e-01, best bound 4.909991935605e-01, gap 0.0000%
[2025-01-29 09:19:09,630][__main__][INFO] - Finished size 19464 (3/5)
[2025-01-29 09:19:39,456][gurobipy][INFO] - Set parameter TimeLimit to value 600
[2025-01-29 09:19:39,542][gurobipy][INFO] - Gurobi Optimizer version 11.0.2 build v11.0.2rc0 (linux64)
[2025-01-29 09:19:39,543][gurobipy][INFO] - 
[2025-01-29 09:19:39,555][gurobipy][INFO] - CPU model: Intel(R) Xeon(R) Gold 6136 CPU @ 3.00GHz, instruction set [SSE2|AVX|AVX2|AVX512]
[2025-01-29 09:19:39,555][gurobipy][INFO] - Thread count: 24 physical cores, 48 logical processors, using up to 24 threads
[2025-01-29 09:19:39,555][gurobipy][INFO] - 
[2025-01-29 09:19:39,555][gurobipy][INFO] - Optimize a model with 287032 rows, 6155 columns and 732844 nonzeros
[2025-01-29 09:19:39,561][gurobipy][INFO] - Model fingerprint: 0x249142d2
[2025-01-29 09:19:39,561][gurobipy][INFO] - Variable types: 6108 continuous, 47 integer (47 binary)
[2025-01-29 09:19:39,562][gurobipy][INFO] - Coefficient statistics:
[2025-01-29 09:19:39,562][gurobipy][INFO] -   Matrix range     [2e-05, 2e+00]
[2025-01-29 09:19:39,562][gurobipy][INFO] -   Objective range  [1e+00, 1e+00]
[2025-01-29 09:19:39,562][gurobipy][INFO] -   Bounds range     [1e+00, 1e+00]
[2025-01-29 09:19:39,562][gurobipy][INFO] -   RHS range        [1e+00, 1e+01]
[2025-01-29 09:19:39,634][gurobipy][INFO] - Found heuristic solution: objective 0.0000000
[2025-01-29 09:19:42,081][gurobipy][INFO] - Presolve removed 73276 rows and 1 columns
[2025-01-29 09:19:42,081][gurobipy][INFO] - Presolve time: 2.45s
[2025-01-29 09:19:42,081][gurobipy][INFO] - Presolved: 213756 rows, 6154 columns, 647370 nonzeros
[2025-01-29 09:19:42,246][gurobipy][INFO] - Variable types: 6108 continuous, 46 integer (46 binary)
[2025-01-29 09:19:42,667][gurobipy][INFO] - Root relaxation presolved: 6154 rows, 219910 columns, 653524 nonzeros
[2025-01-29 09:19:42,667][gurobipy][INFO] - 
[2025-01-29 09:19:42,793][gurobipy][INFO] - 
[2025-01-29 09:19:42,793][gurobipy][INFO] - Root relaxation: objective 1.000000e+00, 34 iterations, 0.54 seconds (0.54 work units)
[2025-01-29 09:19:42,825][gurobipy][INFO] - 
[2025-01-29 09:19:42,825][gurobipy][INFO] -     Nodes    |    Current Node    |     Objective Bounds      |     Work
[2025-01-29 09:19:42,825][gurobipy][INFO] -  Expl Unexpl |  Obj  Depth IntInf | Incumbent    BestBd   Gap | It/Node Time
[2025-01-29 09:19:42,825][gurobipy][INFO] - 
[2025-01-29 09:19:42,825][gurobipy][INFO] -      0     0    1.00000    0    1    0.00000    1.00000      -     -    3s
[2025-01-29 09:19:42,841][gurobipy][INFO] - H    0     0                       0.0000370    1.00000      -     -    3s
[2025-01-29 09:19:43,018][gurobipy][INFO] - H    0     0                       0.0003141    1.00000      -     -    3s
[2025-01-29 09:19:43,456][gurobipy][INFO] -      0     0    1.00000    0    2    0.00031    1.00000      -     -    3s
[2025-01-29 09:19:43,786][gurobipy][INFO] - H    0     0                       0.0003355    1.00000      -     -    4s
[2025-01-29 09:19:43,879][gurobipy][INFO] - H    0     0                       0.0004534    1.00000      -     -    4s
[2025-01-29 09:19:47,811][gurobipy][INFO] -      0     0    1.00000    0   46    0.00045    1.00000      -     -    8s
[2025-01-29 09:19:56,142][gurobipy][INFO] -      0     0    1.00000    0   45    0.00045    1.00000      -     -   16s
[2025-01-29 09:19:59,193][gurobipy][INFO] - H    0     0                       0.0017096    1.00000      -     -   19s
[2025-01-29 09:19:59,459][gurobipy][INFO] -      0     0    1.00000    0   44    0.00171    1.00000      -     -   19s
[2025-01-29 09:20:08,343][gurobipy][INFO] -      0     0    1.00000    0   41    0.00171    1.00000      -     -   28s
[2025-01-29 09:20:11,699][gurobipy][INFO] - H    0     0                       0.0377200    1.00000  2551%     -   32s
[2025-01-29 09:20:12,139][gurobipy][INFO] -      0     0    1.00000    0   42    0.03772    1.00000  2551%     -   32s
[2025-01-29 09:20:20,230][gurobipy][INFO] -      0     0    1.00000    0   37    0.03772    1.00000  2551%     -   40s
[2025-01-29 09:20:24,129][gurobipy][INFO] - H    0     0                       0.1395306    1.00000   617%     -   44s
[2025-01-29 09:20:31,482][gurobipy][INFO] -      0     0    1.00000    0   43    0.13953    1.00000   617%     -   51s
[2025-01-29 09:20:41,230][gurobipy][INFO] -      0     0    1.00000    0   42    0.13953    1.00000   617%     -   61s
[2025-01-29 09:20:42,561][gurobipy][INFO] -      0     0    1.00000    0   42    0.13953    1.00000   617%     -   63s
[2025-01-29 09:20:49,215][gurobipy][INFO] -      0     0    1.00000    0   42    0.13953    1.00000   617%     -   69s
[2025-01-29 09:20:59,217][gurobipy][INFO] -      0     0    1.00000    0   42    0.13953    1.00000   617%     -   79s
[2025-01-29 09:21:00,681][gurobipy][INFO] - H    0     0                       0.1930267    1.00000   418%     -   81s
[2025-01-29 09:21:49,053][gurobipy][INFO] -      0     2    1.00000    0   42    0.19303    1.00000   418%     -  129s
[2025-01-29 09:21:50,929][gurobipy][INFO] -      1     2    1.00000    1   41    0.19303    1.00000   418%  3701  131s
[2025-01-29 09:21:59,156][gurobipy][INFO] -      7     2    1.00000    4   28    0.19303    1.00000   418%   679  139s
[2025-01-29 09:22:03,577][gurobipy][INFO] -      9     2    1.00000    5   18    0.19303    1.00000   418%   658  144s
[2025-01-29 09:22:04,667][gurobipy][INFO] -     13     2    1.00000    7   18    0.19303    1.00000   418%   503  145s
[2025-01-29 09:22:09,983][gurobipy][INFO] -     25     2    1.00000   13   28    0.19303    1.00000   418%   321  150s
[2025-01-29 09:22:11,280][gurobipy][INFO] - *   30     2              15       0.3472028    1.00000   188%   305  151s
[2025-01-29 09:22:24,187][gurobipy][INFO] -     39     4    0.91667   20   20    0.34720    1.00000   188%   337  164s
[2025-01-29 09:22:25,030][gurobipy][INFO] -     41     4    0.90909   21   19    0.34720    0.91666   164%   543  165s
[2025-01-29 09:22:30,969][gurobipy][INFO] -     57     4    0.86762   25   15    0.34720    0.87966   153%   453  171s
[2025-01-29 09:22:34,795][gurobipy][INFO] -     65     4    0.82738   27   13    0.34720    0.85075   145%   455  175s
[2025-01-29 09:22:40,025][gurobipy][INFO] -     77     4    0.71118   30   13    0.34720    0.76063   119%   450  180s
[2025-01-29 09:22:47,523][gurobipy][INFO] -     89     2    0.48328   33   10    0.34720    0.53938  55.4%   484  187s
[2025-01-29 09:22:48,371][gurobipy][INFO] - *   93     0              34       0.4774819    0.48317  1.19%   554  188s
[2025-01-29 09:22:48,393][gurobipy][INFO] - 
[2025-01-29 09:22:48,393][gurobipy][INFO] - Cutting planes:
[2025-01-29 09:22:48,393][gurobipy][INFO] -   Implied bound: 3
[2025-01-29 09:22:48,393][gurobipy][INFO] -   MIR: 7
[2025-01-29 09:22:48,393][gurobipy][INFO] -   RLT: 2
[2025-01-29 09:22:48,413][gurobipy][INFO] - 
[2025-01-29 09:22:48,413][gurobipy][INFO] - Explored 95 nodes (67666 simplex iterations) in 188.86 seconds (432.80 work units)
[2025-01-29 09:22:48,413][gurobipy][INFO] - Thread count was 24 (of 48 available processors)
[2025-01-29 09:22:48,413][gurobipy][INFO] - 
[2025-01-29 09:22:48,413][gurobipy][INFO] - Solution count 10: 0.477482 0.347203 0.193027 ... 3.70357e-05
[2025-01-29 09:22:48,413][gurobipy][INFO] - No other solutions better than 0.477482
[2025-01-29 09:22:48,413][gurobipy][INFO] - 
[2025-01-29 09:22:48,414][gurobipy][INFO] - Optimal solution found (tolerance 1.00e-04)
[2025-01-29 09:22:48,425][gurobipy][INFO] - Best objective 4.774819411230e-01, best bound 4.774819411230e-01, gap 0.0000%
[2025-01-29 09:22:48,714][__main__][INFO] - Finished size 85867 (4/5)
[2025-01-29 09:23:40,015][gurobipy][INFO] - Set parameter TimeLimit to value 600
[2025-01-29 09:23:40,144][gurobipy][INFO] - Gurobi Optimizer version 11.0.2 build v11.0.2rc0 (linux64)
[2025-01-29 09:23:40,144][gurobipy][INFO] - 
[2025-01-29 09:23:40,155][gurobipy][INFO] - CPU model: Intel(R) Xeon(R) Gold 6136 CPU @ 3.00GHz, instruction set [SSE2|AVX|AVX2|AVX512]
[2025-01-29 09:23:40,156][gurobipy][INFO] - Thread count: 24 physical cores, 48 logical processors, using up to 24 threads
[2025-01-29 09:23:40,156][gurobipy][INFO] - 
[2025-01-29 09:23:40,156][gurobipy][INFO] - Optimize a model with 543276 rows, 11607 columns and 1387084 nonzeros
[2025-01-29 09:23:40,168][gurobipy][INFO] - Model fingerprint: 0x00762f56
[2025-01-29 09:23:40,168][gurobipy][INFO] - Variable types: 11560 continuous, 47 integer (47 binary)
[2025-01-29 09:23:40,170][gurobipy][INFO] - Coefficient statistics:
[2025-01-29 09:23:40,170][gurobipy][INFO] -   Matrix range     [5e-06, 2e+00]
[2025-01-29 09:23:40,170][gurobipy][INFO] -   Objective range  [1e+00, 1e+00]
[2025-01-29 09:23:40,170][gurobipy][INFO] -   Bounds range     [1e+00, 1e+00]
[2025-01-29 09:23:40,170][gurobipy][INFO] -   RHS range        [1e+00, 1e+01]
[2025-01-29 09:23:40,301][gurobipy][INFO] - Found heuristic solution: objective -0.0000000
[2025-01-29 09:23:44,045][gurobipy][INFO] - Presolve removed 127149 rows and 0 columns
[2025-01-29 09:23:44,045][gurobipy][INFO] - Presolve time: 3.74s
[2025-01-29 09:23:44,045][gurobipy][INFO] - Presolved: 416127 rows, 11607 columns, 1259935 nonzeros
[2025-01-29 09:23:44,384][gurobipy][INFO] - Variable types: 11560 continuous, 47 integer (47 binary)
[2025-01-29 09:23:45,369][gurobipy][INFO] - Root relaxation presolved: 11607 rows, 427734 columns, 1271542 nonzeros
[2025-01-29 09:23:45,370][gurobipy][INFO] - 
[2025-01-29 09:23:45,372][gurobipy][INFO] - Deterministic concurrent LP optimizer: primal and dual simplex
[2025-01-29 09:23:45,372][gurobipy][INFO] - Showing primal log only...
[2025-01-29 09:23:45,373][gurobipy][INFO] - 
[2025-01-29 09:23:45,640][gurobipy][INFO] - 
[2025-01-29 09:23:45,641][gurobipy][INFO] - Root simplex log...
[2025-01-29 09:23:45,641][gurobipy][INFO] - 
[2025-01-29 09:23:45,641][gurobipy][INFO] - Iteration    Objective       Primal Inf.    Dual Inf.      Time
[2025-01-29 09:23:45,641][gurobipy][INFO] -        0    1.0000000e+00   0.000000e+00   1.157000e+04      5s
[2025-01-29 09:23:45,731][gurobipy][INFO] -      115    1.0000000e+00   0.000000e+00   0.000000e+00      6s
[2025-01-29 09:23:45,745][gurobipy][INFO] - Concurrent spin time: 0.01s
[2025-01-29 09:23:45,745][gurobipy][INFO] - 
[2025-01-29 09:23:45,745][gurobipy][INFO] - Solved with primal simplex
[2025-01-29 09:23:45,824][gurobipy][INFO] -      115    1.0000000e+00   0.000000e+00   0.000000e+00      6s
[2025-01-29 09:23:45,824][gurobipy][INFO] - 
[2025-01-29 09:23:45,824][gurobipy][INFO] - Root relaxation: objective 1.000000e+00, 115 iterations, 1.42 seconds (1.24 work units)
[2025-01-29 09:23:46,008][gurobipy][INFO] - 
[2025-01-29 09:23:46,008][gurobipy][INFO] -     Nodes    |    Current Node    |     Objective Bounds      |     Work
[2025-01-29 09:23:46,008][gurobipy][INFO] -  Expl Unexpl |  Obj  Depth IntInf | Incumbent    BestBd   Gap | It/Node Time
[2025-01-29 09:23:46,008][gurobipy][INFO] - 
[2025-01-29 09:23:46,008][gurobipy][INFO] -      0     0    1.00000    0    8   -0.00000    1.00000      -     -    5s
[2025-01-29 09:23:46,153][gurobipy][INFO] - H    0     0                       0.0447300    1.00000  2136%     -    5s
[2025-01-29 09:23:46,776][gurobipy][INFO] - H    0     0                       0.0531420    1.00000  1782%     -    6s
[2025-01-29 09:23:48,100][gurobipy][INFO] -      0     0    1.00000    0    5    0.05314    1.00000  1782%     -    7s
[2025-01-29 09:23:48,709][gurobipy][INFO] - H    0     0                       0.0536614    1.00000  1764%     -    8s
[2025-01-29 09:23:48,945][gurobipy][INFO] - H    0     0                       0.1937829    1.00000   416%     -    8s
[2025-01-29 09:23:56,403][gurobipy][INFO] -      0     0    1.00000    0   44    0.19378    1.00000   416%     -   16s
[2025-01-29 09:24:02,095][gurobipy][INFO] -      0     0    1.00000    0   17    0.19378    1.00000   416%     -   21s
[2025-01-29 09:24:09,631][gurobipy][INFO] -      0     0    1.00000    0    8    0.19378    1.00000   416%     -   29s
[2025-01-29 09:24:10,144][gurobipy][INFO] -      0     0    1.00000    0    7    0.19378    1.00000   416%     -   29s
[2025-01-29 09:24:10,912][gurobipy][INFO] - H    0     0                       0.3490603    1.00000   186%     -   30s
[2025-01-29 09:24:11,638][gurobipy][INFO] -      0     0    1.00000    0    9    0.34906    1.00000   186%     -   31s
[2025-01-29 09:24:12,217][gurobipy][INFO] -      0     0    1.00000    0    9    0.34906    1.00000   186%     -   32s
[2025-01-29 09:24:13,017][gurobipy][INFO] -      0     0    1.00000    0    9    0.34906    1.00000   186%     -   32s
[2025-01-29 09:24:13,624][gurobipy][INFO] -      0     0    1.00000    0    9    0.34906    1.00000   186%     -   33s
[2025-01-29 09:24:14,356][gurobipy][INFO] - H    0     0                       0.4801075    1.00000   108%     -   34s
[2025-01-29 09:24:14,366][gurobipy][INFO] -      0     0    1.00000    0    9    0.48011    1.00000   108%     -   34s
[2025-01-29 09:24:14,709][gurobipy][INFO] -      0     0    1.00000    0    9    0.48011    1.00000   108%     -   34s
[2025-01-29 09:24:15,513][gurobipy][INFO] -      0     0    1.00000    0    7    0.48011    1.00000   108%     -   35s
[2025-01-29 09:24:15,736][gurobipy][INFO] -      0     0    1.00000    0    7    0.48011    1.00000   108%     -   35s
[2025-01-29 09:24:16,672][gurobipy][INFO] -      0     0    0.48011    0    9    0.48011    0.48011  0.00%     -   36s
[2025-01-29 09:24:16,677][gurobipy][INFO] - 
[2025-01-29 09:24:16,677][gurobipy][INFO] - Cutting planes:
[2025-01-29 09:24:16,677][gurobipy][INFO] -   Cover: 1
[2025-01-29 09:24:16,677][gurobipy][INFO] -   Implied bound: 1
[2025-01-29 09:24:16,677][gurobipy][INFO] -   MIR: 567
[2025-01-29 09:24:16,677][gurobipy][INFO] -   RLT: 8
[2025-01-29 09:24:16,695][gurobipy][INFO] - 
[2025-01-29 09:24:16,696][gurobipy][INFO] - Explored 1 nodes (10836 simplex iterations) in 36.54 seconds (53.08 work units)
[2025-01-29 09:24:16,696][gurobipy][INFO] - Thread count was 24 (of 48 available processors)
[2025-01-29 09:24:16,696][gurobipy][INFO] - 
[2025-01-29 09:24:16,696][gurobipy][INFO] - Solution count 7: 0.480107 0.34906 0.193783 ... -0
[2025-01-29 09:24:16,696][gurobipy][INFO] - No other solutions better than 0.480107
[2025-01-29 09:24:16,696][gurobipy][INFO] - 
[2025-01-29 09:24:16,696][gurobipy][INFO] - Optimal solution found (tolerance 1.00e-04)
[2025-01-29 09:24:16,700][gurobipy][INFO] - Best objective 4.801074821723e-01, best bound 4.801074821723e-01, gap 0.0000%
[2025-01-29 09:24:17,205][__main__][INFO] - Finished size 378817 (5/5)
