[2025-01-29 09:17:16,366][gurobipy][INFO] - Set parameter TokenServer to value "147.32.84.36"
[2025-01-29 09:17:18,525][gurobipy][INFO] - Set parameter TimeLimit to value 600
[2025-01-29 09:17:18,536][gurobipy][INFO] - Gurobi Optimizer version 11.0.2 build v11.0.2rc0 (linux64)
[2025-01-29 09:17:18,536][gurobipy][INFO] - 
[2025-01-29 09:17:18,548][gurobipy][INFO] - CPU model: AMD EPYC 7543 32-Core Processor, instruction set [SSE2|AVX|AVX2]
[2025-01-29 09:17:18,549][gurobipy][INFO] - Thread count: 64 physical cores, 128 logical processors, using up to 32 threads
[2025-01-29 09:17:18,549][gurobipy][INFO] - 
[2025-01-29 09:17:18,549][gurobipy][INFO] - Optimize a model with 52737 rows, 866 columns and 136633 nonzeros
[2025-01-29 09:17:18,550][gurobipy][INFO] - Model fingerprint: 0xaf7172dc
[2025-01-29 09:17:18,550][gurobipy][INFO] - Variable types: 800 continuous, 66 integer (66 binary)
[2025-01-29 09:17:18,550][gurobipy][INFO] - Coefficient statistics:
[2025-01-29 09:17:18,550][gurobipy][INFO] -   Matrix range     [2e-03, 2e+00]
[2025-01-29 09:17:18,550][gurobipy][INFO] -   Objective range  [1e+00, 1e+00]
[2025-01-29 09:17:18,550][gurobipy][INFO] -   Bounds range     [1e+00, 1e+00]
[2025-01-29 09:17:18,550][gurobipy][INFO] -   RHS range        [1e+00, 1e+01]
[2025-01-29 09:17:18,558][gurobipy][INFO] - Found heuristic solution: objective 0.0000000
[2025-01-29 09:17:18,806][gurobipy][INFO] - Presolve removed 18349 rows and 9 columns
[2025-01-29 09:17:18,806][gurobipy][INFO] - Presolve time: 0.25s
[2025-01-29 09:17:18,806][gurobipy][INFO] - Presolved: 34388 rows, 857 columns, 103958 nonzeros
[2025-01-29 09:17:18,832][gurobipy][INFO] - Variable types: 800 continuous, 57 integer (57 binary)
[2025-01-29 09:17:18,870][gurobipy][INFO] - Root relaxation presolved: 857 rows, 35245 columns, 104815 nonzeros
[2025-01-29 09:17:18,870][gurobipy][INFO] - 
[2025-01-29 09:17:18,905][gurobipy][INFO] - 
[2025-01-29 09:17:18,905][gurobipy][INFO] - Root relaxation: objective 1.000000e+00, 1152 iterations, 0.07 seconds (0.15 work units)
[2025-01-29 09:17:18,914][gurobipy][INFO] - 
[2025-01-29 09:17:18,915][gurobipy][INFO] -     Nodes    |    Current Node    |     Objective Bounds      |     Work
[2025-01-29 09:17:18,915][gurobipy][INFO] -  Expl Unexpl |  Obj  Depth IntInf | Incumbent    BestBd   Gap | It/Node Time
[2025-01-29 09:17:18,915][gurobipy][INFO] - 
[2025-01-29 09:17:18,915][gurobipy][INFO] -      0     0    1.00000    0    2    0.00000    1.00000      -     -    0s
[2025-01-29 09:17:18,921][gurobipy][INFO] - H    0     0                       0.0103467    1.00000  9565%     -    0s
[2025-01-29 09:17:18,934][gurobipy][INFO] - H    0     0                       0.1287114    1.00000   677%     -    0s
[2025-01-29 09:17:19,621][gurobipy][INFO] -      0     0    1.00000    0   49    0.12871    1.00000   677%     -    1s
[2025-01-29 09:17:19,809][gurobipy][INFO] -      0     0    1.00000    0   20    0.12871    1.00000   677%     -    1s
[2025-01-29 09:17:19,848][gurobipy][INFO] - H    0     0                       0.2250423    1.00000   344%     -    1s
[2025-01-29 09:17:19,993][gurobipy][INFO] -      0     0    1.00000    0   16    0.22504    1.00000   344%     -    1s
[2025-01-29 09:17:20,344][gurobipy][INFO] -      0     0    1.00000    0    5    0.22504    1.00000   344%     -    1s
[2025-01-29 09:17:20,622][gurobipy][INFO] -      0     0    1.00000    0   11    0.22504    1.00000   344%     -    2s
[2025-01-29 09:17:20,850][gurobipy][INFO] - H    0     0                       0.2311775    1.00000   333%     -    2s
[2025-01-29 09:17:20,850][gurobipy][INFO] -      0     0    0.23118    0    5    0.23118    0.23118  0.00%     -    2s
[2025-01-29 09:17:20,851][gurobipy][INFO] - 
[2025-01-29 09:17:20,851][gurobipy][INFO] - Cutting planes:
[2025-01-29 09:17:20,851][gurobipy][INFO] -   Gomory: 3
[2025-01-29 09:17:20,851][gurobipy][INFO] -   Implied bound: 2
[2025-01-29 09:17:20,851][gurobipy][INFO] -   MIR: 94
[2025-01-29 09:17:20,851][gurobipy][INFO] -   RLT: 17
[2025-01-29 09:17:20,851][gurobipy][INFO] -   Relax-and-lift: 2
[2025-01-29 09:17:20,853][gurobipy][INFO] - 
[2025-01-29 09:17:20,853][gurobipy][INFO] - Explored 1 nodes (5723 simplex iterations) in 2.30 seconds (3.22 work units)
[2025-01-29 09:17:20,853][gurobipy][INFO] - Thread count was 32 (of 128 available processors)
[2025-01-29 09:17:20,853][gurobipy][INFO] - 
[2025-01-29 09:17:20,853][gurobipy][INFO] - Solution count 5: 0.231178 0.225042 0.128711 ... 3.10862e-14
[2025-01-29 09:17:20,853][gurobipy][INFO] - No other solutions better than 0.231178
[2025-01-29 09:17:20,853][gurobipy][INFO] - 
[2025-01-29 09:17:20,853][gurobipy][INFO] - Optimal solution found (tolerance 1.00e-04)
[2025-01-29 09:17:20,853][gurobipy][INFO] - Best objective 2.311775243154e-01, best bound 2.311775243154e-01, gap 0.0000%
[2025-01-29 09:17:20,898][__main__][INFO] - Finished size 1000 (1/5)
[2025-01-29 09:17:29,412][gurobipy][INFO] - Set parameter TimeLimit to value 600
[2025-01-29 09:17:29,437][gurobipy][INFO] - Gurobi Optimizer version 11.0.2 build v11.0.2rc0 (linux64)
[2025-01-29 09:17:29,437][gurobipy][INFO] - 
[2025-01-29 09:17:29,450][gurobipy][INFO] - CPU model: AMD EPYC 7543 32-Core Processor, instruction set [SSE2|AVX|AVX2]
[2025-01-29 09:17:29,450][gurobipy][INFO] - Thread count: 64 physical cores, 128 logical processors, using up to 32 threads
[2025-01-29 09:17:29,450][gurobipy][INFO] - 
[2025-01-29 09:17:29,450][gurobipy][INFO] - Optimize a model with 105933 rows, 1672 columns and 274459 nonzeros
[2025-01-29 09:17:29,452][gurobipy][INFO] - Model fingerprint: 0x338fd47f
[2025-01-29 09:17:29,452][gurobipy][INFO] - Variable types: 1606 continuous, 66 integer (66 binary)
[2025-01-29 09:17:29,452][gurobipy][INFO] - Coefficient statistics:
[2025-01-29 09:17:29,452][gurobipy][INFO] -   Matrix range     [7e-04, 2e+00]
[2025-01-29 09:17:29,452][gurobipy][INFO] -   Objective range  [1e+00, 1e+00]
[2025-01-29 09:17:29,453][gurobipy][INFO] -   Bounds range     [1e+00, 1e+00]
[2025-01-29 09:17:29,453][gurobipy][INFO] -   RHS range        [1e+00, 1e+01]
[2025-01-29 09:17:29,468][gurobipy][INFO] - Found heuristic solution: objective 0.0000000
[2025-01-29 09:17:30,003][gurobipy][INFO] - Presolve removed 30482 rows and 5 columns
[2025-01-29 09:17:30,004][gurobipy][INFO] - Presolve time: 0.54s
[2025-01-29 09:17:30,004][gurobipy][INFO] - Presolved: 75451 rows, 1667 columns, 227953 nonzeros
[2025-01-29 09:17:30,057][gurobipy][INFO] - Variable types: 1606 continuous, 61 integer (61 binary)
[2025-01-29 09:17:30,141][gurobipy][INFO] - Root relaxation presolved: 1667 rows, 77118 columns, 229620 nonzeros
[2025-01-29 09:17:30,141][gurobipy][INFO] - 
[2025-01-29 09:17:30,161][gurobipy][INFO] - 
[2025-01-29 09:17:30,161][gurobipy][INFO] - Root relaxation: objective 1.000000e+00, 46 iterations, 0.10 seconds (0.16 work units)
[2025-01-29 09:17:30,190][gurobipy][INFO] - 
[2025-01-29 09:17:30,190][gurobipy][INFO] -     Nodes    |    Current Node    |     Objective Bounds      |     Work
[2025-01-29 09:17:30,190][gurobipy][INFO] -  Expl Unexpl |  Obj  Depth IntInf | Incumbent    BestBd   Gap | It/Node Time
[2025-01-29 09:17:30,190][gurobipy][INFO] - 
[2025-01-29 09:17:30,190][gurobipy][INFO] -      0     0    1.00000    0    7    0.00000    1.00000      -     -    0s
[2025-01-29 09:17:30,205][gurobipy][INFO] - H    0     0                       0.0028375    1.00000      -     -    0s
[2025-01-29 09:17:30,236][gurobipy][INFO] - H    0     0                       0.0330735    1.00000  2924%     -    0s
[2025-01-29 09:17:32,795][gurobipy][INFO] - H    0     0                       0.0330735    1.00000  2924%     -    3s
[2025-01-29 09:17:32,797][gurobipy][INFO] - H    0     0                       0.0563701    1.00000  1674%     -    3s
[2025-01-29 09:17:32,911][gurobipy][INFO] -      0     0    1.00000    0   60    0.05637    1.00000  1674%     -    3s
[2025-01-29 09:17:33,424][gurobipy][INFO] -      0     0    1.00000    0   38    0.05637    1.00000  1674%     -    3s
[2025-01-29 09:17:33,475][gurobipy][INFO] - H    0     0                       0.1422451    1.00000   603%     -    4s
[2025-01-29 09:17:33,495][gurobipy][INFO] - H    0     0                       0.1462344    1.00000   584%     -    4s
[2025-01-29 09:17:33,803][gurobipy][INFO] -      0     0    1.00000    0   34    0.14623    1.00000   584%     -    4s
[2025-01-29 09:17:34,597][gurobipy][INFO] -      0     0    1.00000    0    6    0.14623    1.00000   584%     -    5s
[2025-01-29 09:17:34,727][gurobipy][INFO] - H    0     0                       0.1471192    1.00000   580%     -    5s
[2025-01-29 09:17:35,177][gurobipy][INFO] -      0     0    1.00000    0   15    0.14712    1.00000   580%     -    5s
[2025-01-29 09:17:35,950][gurobipy][INFO] -      0     0    1.00000    0   16    0.14712    1.00000   580%     -    6s
[2025-01-29 09:17:36,188][gurobipy][INFO] -      0     0    1.00000    0    5    0.14712    1.00000   580%     -    6s
[2025-01-29 09:17:36,681][gurobipy][INFO] - H    0     0                       0.2459581    1.00000   307%     -    7s
[2025-01-29 09:17:36,734][gurobipy][INFO] -      0     0    1.00000    0   12    0.24596    1.00000   307%     -    7s
[2025-01-29 09:17:36,798][gurobipy][INFO] -      0     0    1.00000    0   11    0.24596    1.00000   307%     -    7s
[2025-01-29 09:17:36,960][gurobipy][INFO] -      0     0    1.00000    0   12    0.24596    1.00000   307%     -    7s
[2025-01-29 09:17:37,630][gurobipy][INFO] - H    0     0                       0.2815588    1.00000   255%     -    8s
[2025-01-29 09:17:37,630][gurobipy][INFO] - H    0     0                       0.2815588    1.00000   255%     -    8s
[2025-01-29 09:17:37,633][gurobipy][INFO] -      0     0    0.36196    0    3    0.28156    0.36196  28.6%     -    8s
[2025-01-29 09:17:37,684][gurobipy][INFO] -      0     0    0.28157    0    3    0.28156    0.28157  0.01%     -    8s
[2025-01-29 09:17:37,684][gurobipy][INFO] - 
[2025-01-29 09:17:37,684][gurobipy][INFO] - Cutting planes:
[2025-01-29 09:17:37,684][gurobipy][INFO] -   Implied bound: 1
[2025-01-29 09:17:37,684][gurobipy][INFO] -   MIR: 13
[2025-01-29 09:17:37,684][gurobipy][INFO] -   RLT: 6
[2025-01-29 09:17:37,687][gurobipy][INFO] - 
[2025-01-29 09:17:37,687][gurobipy][INFO] - Explored 1 nodes (15376 simplex iterations) in 8.24 seconds (14.13 work units)
[2025-01-29 09:17:37,687][gurobipy][INFO] - Thread count was 32 (of 128 available processors)
[2025-01-29 09:17:37,687][gurobipy][INFO] - 
[2025-01-29 09:17:37,687][gurobipy][INFO] - Solution count 9: 0.281559 0.245958 0.147119 ... 7.90479e-14
[2025-01-29 09:17:37,687][gurobipy][INFO] - 
[2025-01-29 09:17:37,687][gurobipy][INFO] - Optimal solution found (tolerance 1.00e-04)
[2025-01-29 09:17:37,688][gurobipy][INFO] - Best objective 2.815588342316e-01, best bound 2.815741468156e-01, gap 0.0054%
[2025-01-29 09:17:37,775][__main__][INFO] - Finished size 2477 (2/5)
[2025-01-29 09:17:54,377][gurobipy][INFO] - Set parameter TimeLimit to value 600
[2025-01-29 09:17:54,420][gurobipy][INFO] - Gurobi Optimizer version 11.0.2 build v11.0.2rc0 (linux64)
[2025-01-29 09:17:54,420][gurobipy][INFO] - 
[2025-01-29 09:17:54,431][gurobipy][INFO] - CPU model: AMD EPYC 7543 32-Core Processor, instruction set [SSE2|AVX|AVX2]
[2025-01-29 09:17:54,432][gurobipy][INFO] - Thread count: 64 physical cores, 128 logical processors, using up to 32 threads
[2025-01-29 09:17:54,432][gurobipy][INFO] - 
[2025-01-29 09:17:54,432][gurobipy][INFO] - Optimize a model with 202293 rows, 3132 columns and 524119 nonzeros
[2025-01-29 09:17:54,436][gurobipy][INFO] - Model fingerprint: 0x38fa7fee
[2025-01-29 09:17:54,436][gurobipy][INFO] - Variable types: 3066 continuous, 66 integer (66 binary)
[2025-01-29 09:17:54,436][gurobipy][INFO] - Coefficient statistics:
[2025-01-29 09:17:54,436][gurobipy][INFO] -   Matrix range     [3e-04, 2e+00]
[2025-01-29 09:17:54,436][gurobipy][INFO] -   Objective range  [1e+00, 1e+00]
[2025-01-29 09:17:54,436][gurobipy][INFO] -   Bounds range     [1e+00, 1e+00]
[2025-01-29 09:17:54,437][gurobipy][INFO] -   RHS range        [1e+00, 1e+01]
[2025-01-29 09:17:54,465][gurobipy][INFO] - Found heuristic solution: objective -0.0000000
[2025-01-29 09:17:55,474][gurobipy][INFO] - Presolve removed 55151 rows and 4 columns
[2025-01-29 09:17:55,474][gurobipy][INFO] - Presolve time: 1.01s
[2025-01-29 09:17:55,474][gurobipy][INFO] - Presolved: 147142 rows, 3128 columns, 444486 nonzeros
[2025-01-29 09:17:55,570][gurobipy][INFO] - Variable types: 3066 continuous, 62 integer (62 binary)
[2025-01-29 09:17:55,744][gurobipy][INFO] - Root relaxation presolved: 3128 rows, 150270 columns, 447614 nonzeros
[2025-01-29 09:17:55,744][gurobipy][INFO] - 
[2025-01-29 09:17:55,837][gurobipy][INFO] - 
[2025-01-29 09:17:55,837][gurobipy][INFO] - Root relaxation: objective 1.000000e+00, 140 iterations, 0.26 seconds (0.40 work units)
[2025-01-29 09:17:55,865][gurobipy][INFO] - 
[2025-01-29 09:17:55,865][gurobipy][INFO] -     Nodes    |    Current Node    |     Objective Bounds      |     Work
[2025-01-29 09:17:55,865][gurobipy][INFO] -  Expl Unexpl |  Obj  Depth IntInf | Incumbent    BestBd   Gap | It/Node Time
[2025-01-29 09:17:55,865][gurobipy][INFO] - 
[2025-01-29 09:17:55,865][gurobipy][INFO] -      0     0    1.00000    0    5   -0.00000    1.00000      -     -    1s
[2025-01-29 09:17:55,891][gurobipy][INFO] - H    0     0                       0.0200685    1.00000  4883%     -    1s
[2025-01-29 09:17:55,965][gurobipy][INFO] - H    0     0                       0.0202654    1.00000  4835%     -    1s
[2025-01-29 09:17:56,038][gurobipy][INFO] - H    0     0                       0.0225406    1.00000  4336%     -    1s
[2025-01-29 09:17:56,118][gurobipy][INFO] - H    0     0                       0.0450107    1.00000  2122%     -    1s
[2025-01-29 09:17:56,392][gurobipy][INFO] -      0     0    1.00000    0    3    0.04501    1.00000  2122%     -    1s
[2025-01-29 09:18:05,817][gurobipy][INFO] -      0     0    1.00000    0   62    0.04501    1.00000  2122%     -   11s
[2025-01-29 09:18:07,531][gurobipy][INFO] -      0     0    1.00000    0   42    0.04501    1.00000  2122%     -   13s
[2025-01-29 09:18:11,339][gurobipy][INFO] -      0     0    1.00000    0    6    0.04501    1.00000  2122%     -   16s
[2025-01-29 09:18:11,636][gurobipy][INFO] -      0     0    1.00000    0    4    0.04501    1.00000  2122%     -   17s
[2025-01-29 09:18:16,194][gurobipy][INFO] -      0     0    1.00000    0   36    0.04501    1.00000  2122%     -   21s
[2025-01-29 09:18:27,111][gurobipy][INFO] -      0     0    1.00000    0   34    0.04501    1.00000  2122%     -   32s
[2025-01-29 09:18:27,940][gurobipy][INFO] - H    0     0                       0.0515836    1.00000  1839%     -   33s
[2025-01-29 09:18:28,056][gurobipy][INFO] -      0     0    1.00000    0   34    0.05158    1.00000  1839%     -   33s
[2025-01-29 09:18:38,452][gurobipy][INFO] -      0     0    1.00000    0   33    0.05158    1.00000  1839%     -   44s
[2025-01-29 09:18:42,876][gurobipy][INFO] -      0     0    1.00000    0   33    0.05158    1.00000  1839%     -   48s
[2025-01-29 09:18:47,923][gurobipy][INFO] -      0     0    1.00000    0   32    0.05158    1.00000  1839%     -   53s
[2025-01-29 09:18:48,290][gurobipy][INFO] - H    0     0                       0.0752006    1.00000  1230%     -   53s
[2025-01-29 09:18:48,323][gurobipy][INFO] -      0     0    1.00000    0   32    0.07520    1.00000  1230%     -   53s
[2025-01-29 09:18:53,708][gurobipy][INFO] -      0     0    1.00000    0   31    0.07520    1.00000  1230%     -   59s
[2025-01-29 09:18:55,494][gurobipy][INFO] -      0     0    1.00000    0   29    0.07520    1.00000  1230%     -   61s
[2025-01-29 09:19:01,114][gurobipy][INFO] -      0     0    1.00000    0   31    0.07520    1.00000  1230%     -   66s
[2025-01-29 09:19:06,793][gurobipy][INFO] -      0     0    1.00000    0   31    0.07520    1.00000  1230%     -   72s
[2025-01-29 09:19:07,685][gurobipy][INFO] - H    0     0                       0.2433519    1.00000   311%     -   73s
[2025-01-29 09:19:15,765][gurobipy][INFO] - H    0     0                       0.2632425    1.00000   280%     -   81s
[2025-01-29 09:19:24,489][gurobipy][INFO] -      0     2    1.00000    0   31    0.26324    1.00000   280%     -   90s
[2025-01-29 09:19:29,564][gurobipy][INFO] -     13     2    1.00000    7   20    0.26324    1.00000   280%   618   95s
[2025-01-29 09:19:35,505][gurobipy][INFO] -     23     2    1.00000   12   21    0.26324    1.00000   280%   713  101s
[2025-01-29 09:19:41,160][gurobipy][INFO] -     51     8    1.00000   25   11    0.26324    1.00000   280%   714  106s
[2025-01-29 09:19:45,116][gurobipy][INFO] -     65     4    0.37590   27   10    0.26324    1.00000   280%   914  110s
[2025-01-29 09:19:45,482][gurobipy][INFO] - 
[2025-01-29 09:19:45,483][gurobipy][INFO] - Cutting planes:
[2025-01-29 09:19:45,483][gurobipy][INFO] -   Implied bound: 5
[2025-01-29 09:19:45,483][gurobipy][INFO] -   MIR: 6
[2025-01-29 09:19:45,483][gurobipy][INFO] -   Inf proof: 1
[2025-01-29 09:19:45,483][gurobipy][INFO] -   RLT: 2
[2025-01-29 09:19:45,496][gurobipy][INFO] - 
[2025-01-29 09:19:45,496][gurobipy][INFO] - Explored 84 nodes (122012 simplex iterations) in 111.06 seconds (281.69 work units)
[2025-01-29 09:19:45,496][gurobipy][INFO] - Thread count was 32 (of 128 available processors)
[2025-01-29 09:19:45,496][gurobipy][INFO] - 
[2025-01-29 09:19:45,496][gurobipy][INFO] - Solution count 9: 0.263243 0.243352 0.0752006 ... -0
[2025-01-29 09:19:45,496][gurobipy][INFO] - No other solutions better than 0.263243
[2025-01-29 09:19:45,497][gurobipy][INFO] - 
[2025-01-29 09:19:45,497][gurobipy][INFO] - Optimal solution found (tolerance 1.00e-04)
[2025-01-29 09:19:45,500][gurobipy][INFO] - Best objective 2.632425444860e-01, best bound 2.632425444860e-01, gap 0.0000%
[2025-01-29 09:19:45,656][__main__][INFO] - Finished size 6132 (3/5)
[2025-01-29 09:20:15,856][gurobipy][INFO] - Set parameter TimeLimit to value 600
[2025-01-29 09:20:15,932][gurobipy][INFO] - Gurobi Optimizer version 11.0.2 build v11.0.2rc0 (linux64)
[2025-01-29 09:20:15,932][gurobipy][INFO] - 
[2025-01-29 09:20:15,943][gurobipy][INFO] - CPU model: AMD EPYC 7543 32-Core Processor, instruction set [SSE2|AVX|AVX2]
[2025-01-29 09:20:15,944][gurobipy][INFO] - Thread count: 64 physical cores, 128 logical processors, using up to 32 threads
[2025-01-29 09:20:15,944][gurobipy][INFO] - 
[2025-01-29 09:20:15,944][gurobipy][INFO] - Optimize a model with 364983 rows, 5597 columns and 945634 nonzeros
[2025-01-29 09:20:15,951][gurobipy][INFO] - Model fingerprint: 0x75b705c8
[2025-01-29 09:20:15,951][gurobipy][INFO] - Variable types: 5531 continuous, 66 integer (66 binary)
[2025-01-29 09:20:15,952][gurobipy][INFO] - Coefficient statistics:
[2025-01-29 09:20:15,952][gurobipy][INFO] -   Matrix range     [1e-04, 2e+00]
[2025-01-29 09:20:15,952][gurobipy][INFO] -   Objective range  [1e+00, 1e+00]
[2025-01-29 09:20:15,952][gurobipy][INFO] -   Bounds range     [1e+00, 1e+00]
[2025-01-29 09:20:15,952][gurobipy][INFO] -   RHS range        [1e+00, 1e+01]
[2025-01-29 09:20:16,009][gurobipy][INFO] - Found heuristic solution: objective -0.0000000
[2025-01-29 09:20:18,020][gurobipy][INFO] - Presolve removed 82948 rows and 1 columns
[2025-01-29 09:20:18,020][gurobipy][INFO] - Presolve time: 2.01s
[2025-01-29 09:20:18,023][gurobipy][INFO] - Presolved: 282035 rows, 5596 columns, 851630 nonzeros
[2025-01-29 09:20:18,207][gurobipy][INFO] - Variable types: 5531 continuous, 65 integer (65 binary)
[2025-01-29 09:20:18,578][gurobipy][INFO] - Root relaxation presolved: 5596 rows, 287631 columns, 857226 nonzeros
[2025-01-29 09:20:18,578][gurobipy][INFO] - 
[2025-01-29 09:20:18,730][gurobipy][INFO] - 
[2025-01-29 09:20:18,730][gurobipy][INFO] - Root relaxation: objective 1.000000e+00, 70 iterations, 0.51 seconds (0.71 work units)
[2025-01-29 09:20:18,760][gurobipy][INFO] - 
[2025-01-29 09:20:18,760][gurobipy][INFO] -     Nodes    |    Current Node    |     Objective Bounds      |     Work
[2025-01-29 09:20:18,760][gurobipy][INFO] -  Expl Unexpl |  Obj  Depth IntInf | Incumbent    BestBd   Gap | It/Node Time
[2025-01-29 09:20:18,760][gurobipy][INFO] - 
[2025-01-29 09:20:18,760][gurobipy][INFO] -      0     0    1.00000    0    1   -0.00000    1.00000      -     -    2s
[2025-01-29 09:20:18,773][gurobipy][INFO] - H    0     0                       0.0006561    1.00000      -     -    2s
[2025-01-29 09:20:18,972][gurobipy][INFO] - H    0     0                       0.0094803    1.00000      -     -    3s
[2025-01-29 09:20:19,087][gurobipy][INFO] - H    0     0                       0.0127921    1.00000  7717%     -    3s
[2025-01-29 09:20:19,517][gurobipy][INFO] -      0     0    1.00000    0    2    0.01279    1.00000  7717%     -    3s
[2025-01-29 09:20:20,013][gurobipy][INFO] - H    0     0                       0.0136152    1.00000  7245%     -    4s
[2025-01-29 09:20:29,676][gurobipy][INFO] -      0     0    1.00000    0   65    0.01362    1.00000  7245%     -   13s
[2025-01-29 09:20:31,344][gurobipy][INFO] -      0     0    1.00000    0   56    0.01362    1.00000  7245%     -   15s
[2025-01-29 09:20:37,698][gurobipy][INFO] -      0     0    1.00000    0   54    0.01362    1.00000  7245%     -   21s
[2025-01-29 09:20:38,996][gurobipy][INFO] - H    0     0                       0.0244868    1.00000  3984%     -   23s
[2025-01-29 09:20:39,296][gurobipy][INFO] -      0     0    1.00000    0   54    0.02449    1.00000  3984%     -   23s
[2025-01-29 09:20:49,799][gurobipy][INFO] -      0     0    1.00000    0   53    0.02449    1.00000  3984%     -   33s
[2025-01-29 09:20:51,262][gurobipy][INFO] -      0     0    1.00000    0   53    0.02449    1.00000  3984%     -   35s
[2025-01-29 09:20:59,148][gurobipy][INFO] -      0     0    1.00000    0   51    0.02449    1.00000  3984%     -   43s
[2025-01-29 09:21:03,201][gurobipy][INFO] - H    0     0                       0.0447643    1.00000  2134%     -   47s
[2025-01-29 09:21:03,324][gurobipy][INFO] - H    0     0                       0.0518202    1.00000  1830%     -   47s
[2025-01-29 09:21:17,257][gurobipy][INFO] -      0     0    1.00000    0   52    0.05182    1.00000  1830%     -   61s
[2025-01-29 09:21:25,327][gurobipy][INFO] -      0     0    1.00000    0   51    0.05182    1.00000  1830%     -   69s
[2025-01-29 09:21:39,215][gurobipy][INFO] -      0     0    1.00000    0   51    0.05182    1.00000  1830%     -   83s
[2025-01-29 09:21:53,880][gurobipy][INFO] -      0     0    1.00000    0   51    0.05182    1.00000  1830%     -   97s
[2025-01-29 09:22:02,362][gurobipy][INFO] -      0     0    1.00000    0   51    0.05182    1.00000  1830%     -  106s
[2025-01-29 09:22:05,913][gurobipy][INFO] - H    0     0                       0.2581889    1.00000   287%     -  109s
[2025-01-29 09:22:55,209][gurobipy][INFO] -      0     2    1.00000    0   51    0.25819    1.00000   287%     -  159s
[2025-01-29 09:22:56,625][gurobipy][INFO] -      1     2    1.00000    1   50    0.25819    1.00000   287%  2002  160s
[2025-01-29 09:23:01,218][gurobipy][INFO] -      5     2    1.00000    3   48    0.25819    1.00000   287%   473  165s
[2025-01-29 09:23:07,016][gurobipy][INFO] -      9     2    1.00000    5   43    0.25819    1.00000   287%   400  171s
[2025-01-29 09:23:13,258][gurobipy][INFO] -     13     2    1.00000    7   34    0.25819    1.00000   287%   379  177s
[2025-01-29 09:23:16,004][gurobipy][INFO] -     15     2    1.00000    8   33    0.25819    1.00000   287%   357  180s
[2025-01-29 09:23:22,144][gurobipy][INFO] -     21     2    1.00000   11   34    0.25819    1.00000   287%   366  186s
[2025-01-29 09:23:26,500][gurobipy][INFO] -     31     2    1.00000   16   28    0.25819    1.00000   287%   327  190s
[2025-01-29 09:23:49,079][gurobipy][INFO] -     33     2    1.00000   17   31    0.25819    1.00000   287%   657  213s
[2025-01-29 09:23:50,988][gurobipy][INFO] -     41     2    1.00000   21   23    0.25819    1.00000   287%   580  215s
[2025-01-29 09:23:57,092][gurobipy][INFO] -     63     3    1.00000   32    7    0.25819    1.00000   287%   485  221s
[2025-01-29 09:24:03,126][gurobipy][INFO] -     68     4    1.00000   34    9    0.25819    1.00000   287%   570  227s
[2025-01-29 09:24:06,862][gurobipy][INFO] -     76     2    1.00000   36   10    0.25819    1.00000   287%   632  230s
[2025-01-29 09:24:14,281][gurobipy][INFO] -     78     4    1.00000   37   10    0.25819    1.00000   287%   640  238s
[2025-01-29 09:24:19,357][gurobipy][INFO] -     80     6    1.00000   38   10    0.25819    1.00000   287%   800  243s
[2025-01-29 09:24:21,965][gurobipy][INFO] -     84     6    1.00000   39   10    0.25819    1.00000   287%   861  246s
[2025-01-29 09:24:26,948][gurobipy][INFO] -     90     6    1.00000   40   11    0.25819    1.00000   287%   999  251s
[2025-01-29 09:24:33,978][gurobipy][INFO] -     96     8    0.44123   41   11    0.25819    1.00000   287%  1084  258s
[2025-01-29 09:24:36,720][gurobipy][INFO] -    102     4 infeasible   42         0.25819    0.42876  66.1%  1234  260s
[2025-01-29 09:24:37,608][gurobipy][INFO] - 
[2025-01-29 09:24:37,608][gurobipy][INFO] - Cutting planes:
[2025-01-29 09:24:37,609][gurobipy][INFO] -   Implied bound: 4
[2025-01-29 09:24:37,609][gurobipy][INFO] -   MIR: 5
[2025-01-29 09:24:37,609][gurobipy][INFO] -   RLT: 1
[2025-01-29 09:24:37,667][gurobipy][INFO] - 
[2025-01-29 09:24:37,667][gurobipy][INFO] - Explored 114 nodes (161974 simplex iterations) in 261.72 seconds (826.93 work units)
[2025-01-29 09:24:37,667][gurobipy][INFO] - Thread count was 32 (of 128 available processors)
[2025-01-29 09:24:37,667][gurobipy][INFO] - 
[2025-01-29 09:24:37,667][gurobipy][INFO] - Solution count 9: 0.258189 0.0518202 0.0447643 ... -0
[2025-01-29 09:24:37,667][gurobipy][INFO] - No other solutions better than 0.258189
[2025-01-29 09:24:37,667][gurobipy][INFO] - 
[2025-01-29 09:24:37,667][gurobipy][INFO] - Optimal solution found (tolerance 1.00e-04)
[2025-01-29 09:24:37,693][gurobipy][INFO] - Best objective 2.581889338699e-01, best bound 2.581889338699e-01, gap 0.0000%
[2025-01-29 09:24:38,053][__main__][INFO] - Finished size 15183 (4/5)
[2025-01-29 09:25:30,788][gurobipy][INFO] - Set parameter TimeLimit to value 600
[2025-01-29 09:25:30,934][gurobipy][INFO] - Gurobi Optimizer version 11.0.2 build v11.0.2rc0 (linux64)
[2025-01-29 09:25:30,934][gurobipy][INFO] - 
[2025-01-29 09:25:30,946][gurobipy][INFO] - CPU model: AMD EPYC 7543 32-Core Processor, instruction set [SSE2|AVX|AVX2]
[2025-01-29 09:25:30,947][gurobipy][INFO] - Thread count: 64 physical cores, 128 logical processors, using up to 32 threads
[2025-01-29 09:25:30,947][gurobipy][INFO] - 
[2025-01-29 09:25:30,947][gurobipy][INFO] - Optimize a model with 635913 rows, 9702 columns and 1647589 nonzeros
[2025-01-29 09:25:30,960][gurobipy][INFO] - Model fingerprint: 0xdb170c49
[2025-01-29 09:25:30,960][gurobipy][INFO] - Variable types: 9636 continuous, 66 integer (66 binary)
[2025-01-29 09:25:30,961][gurobipy][INFO] - Coefficient statistics:
[2025-01-29 09:25:30,961][gurobipy][INFO] -   Matrix range     [5e-05, 2e+00]
[2025-01-29 09:25:30,961][gurobipy][INFO] -   Objective range  [1e+00, 1e+00]
[2025-01-29 09:25:30,961][gurobipy][INFO] -   Bounds range     [1e+00, 1e+00]
[2025-01-29 09:25:30,961][gurobipy][INFO] -   RHS range        [1e+00, 1e+01]
[2025-01-29 09:25:31,060][gurobipy][INFO] - Found heuristic solution: objective -0.0000000
[2025-01-29 09:25:34,660][gurobipy][INFO] - Presolve removed 144521 rows and 1 columns
[2025-01-29 09:25:34,660][gurobipy][INFO] - Presolve time: 3.60s
[2025-01-29 09:25:34,661][gurobipy][INFO] - Presolved: 491392 rows, 9701 columns, 1483806 nonzeros
[2025-01-29 09:25:34,991][gurobipy][INFO] - Variable types: 9636 continuous, 65 integer (65 binary)
[2025-01-29 09:25:35,618][gurobipy][INFO] - Root relaxation presolved: 9701 rows, 501093 columns, 1493507 nonzeros
[2025-01-29 09:25:35,618][gurobipy][INFO] - 
[2025-01-29 09:25:35,900][gurobipy][INFO] - 
[2025-01-29 09:25:35,900][gurobipy][INFO] - Root relaxation: objective 1.000000e+00, 253 iterations, 0.89 seconds (1.35 work units)
[2025-01-29 09:25:36,055][gurobipy][INFO] - 
[2025-01-29 09:25:36,055][gurobipy][INFO] -     Nodes    |    Current Node    |     Objective Bounds      |     Work
[2025-01-29 09:25:36,055][gurobipy][INFO] -  Expl Unexpl |  Obj  Depth IntInf | Incumbent    BestBd   Gap | It/Node Time
[2025-01-29 09:25:36,055][gurobipy][INFO] - 
[2025-01-29 09:25:36,055][gurobipy][INFO] -      0     0    1.00000    0    5   -0.00000    1.00000      -     -    5s
[2025-01-29 09:25:36,162][gurobipy][INFO] - H    0     0                       0.0080368    1.00000      -     -    5s
[2025-01-29 09:25:37,463][gurobipy][INFO] - H    0     0                       0.0118295    1.00000  8353%     -    6s
[2025-01-29 09:25:38,391][gurobipy][INFO] -      0     0    1.00000    0    2    0.01183    1.00000  8353%     -    7s
[2025-01-29 09:26:04,290][gurobipy][INFO] -      0     0    1.00000    0   62    0.01183    1.00000  8353%     -   33s
[2025-01-29 09:26:06,172][gurobipy][INFO] -      0     0    1.00000    0   55    0.01183    1.00000  8353%     -   35s
[2025-01-29 09:26:14,358][gurobipy][INFO] -      0     0    1.00000    0   54    0.01183    1.00000  8353%     -   43s
[2025-01-29 09:26:15,309][gurobipy][INFO] - H    0     0                       0.0755213    1.00000  1224%     -   44s
[2025-01-29 09:26:15,900][gurobipy][INFO] -      0     0    1.00000    0   53    0.07552    1.00000  1224%     -   44s
[2025-01-29 09:26:33,459][gurobipy][INFO] -      0     0    1.00000    0   50    0.07552    1.00000  1224%     -   62s
[2025-01-29 09:27:32,133][gurobipy][INFO] -      0     0    1.00000    0   55    0.07552    1.00000  1224%     -  121s
[2025-01-29 09:27:44,389][gurobipy][INFO] -      0     0    1.00000    0   55    0.07552    1.00000  1224%     -  133s
[2025-01-29 09:28:48,429][gurobipy][INFO] -      0     0    1.00000    0   55    0.07552    1.00000  1224%     -  197s
[2025-01-29 09:28:57,244][gurobipy][INFO] -      0     0    1.00000    0   55    0.07552    1.00000  1224%     -  206s
[2025-01-29 09:29:00,446][gurobipy][INFO] - H    0     0                       0.2572570    1.00000   289%     -  209s
[2025-01-29 09:29:44,677][gurobipy][INFO] -      0     0    1.00000    0   55    0.25726    1.00000   289%     -  253s
[2025-01-29 09:29:54,528][gurobipy][INFO] -      0     0    1.00000    0   55    0.25726    1.00000   289%     -  263s
[2025-01-29 09:30:11,742][gurobipy][INFO] -      0     0    1.00000    0   55    0.25726    1.00000   289%     -  280s
[2025-01-29 09:32:15,573][gurobipy][INFO] -      0     2    1.00000    0   55    0.25726    1.00000   289%     -  404s
[2025-01-29 09:32:19,540][gurobipy][INFO] -      1     2    1.00000    1   54    0.25726    1.00000   289%  1530  408s
[2025-01-29 09:32:25,057][gurobipy][INFO] -      3     2    1.00000    2   53    0.25726    1.00000   289%   663  414s
[2025-01-29 09:32:31,299][gurobipy][INFO] -      5     2    1.00000    3   52    0.25726    1.00000   289%   518  420s
[2025-01-29 09:32:39,239][gurobipy][INFO] -      7     2    1.00000    4   51    0.25726    1.00000   289%   521  428s
[2025-01-29 09:32:42,265][gurobipy][INFO] -      9     2    1.00000    5   50    0.25726    1.00000   289%   417  431s
[2025-01-29 09:32:59,192][gurobipy][INFO] -     11     2    1.00000    6   47    0.25726    1.00000   289%   632  448s
[2025-01-29 09:33:01,018][gurobipy][INFO] -     13     2    1.00000    7   46    0.25726    1.00000   289%   544  450s
[2025-01-29 09:33:23,175][gurobipy][INFO] -     17     2    1.00000    9   39    0.25726    1.00000   289%   670  472s
[2025-01-29 09:33:27,664][gurobipy][INFO] -     19     2    1.00000   10   38    0.25726    1.00000   289%   628  476s
[2025-01-29 09:33:35,440][gurobipy][INFO] -     21     2    1.00000   11   42    0.25726    1.00000   289%   616  484s
[2025-01-29 09:35:30,950][gurobipy][INFO] -     23     3    0.96664   12   44    0.25726    1.00000   289%  1118  600s
[2025-01-29 09:35:30,982][gurobipy][INFO] - 
[2025-01-29 09:35:30,982][gurobipy][INFO] - Cutting planes:
[2025-01-29 09:35:30,982][gurobipy][INFO] -   Implied bound: 2
[2025-01-29 09:35:30,982][gurobipy][INFO] -   MIR: 8
[2025-01-29 09:35:30,982][gurobipy][INFO] -   RLT: 4
[2025-01-29 09:35:31,003][gurobipy][INFO] - 
[2025-01-29 09:35:31,003][gurobipy][INFO] - Explored 24 nodes (82111 simplex iterations) in 600.06 seconds (1648.38 work units)
[2025-01-29 09:35:31,003][gurobipy][INFO] - Thread count was 32 (of 128 available processors)
[2025-01-29 09:35:31,003][gurobipy][INFO] - 
[2025-01-29 09:35:31,004][gurobipy][INFO] - Solution count 5: 0.257257 0.0755213 0.0118295 ... -0
[2025-01-29 09:35:31,004][gurobipy][INFO] - 
[2025-01-29 09:35:31,004][gurobipy][INFO] - Time limit reached
[2025-01-29 09:35:31,009][gurobipy][INFO] - Best objective 2.572570151748e-01, best bound 1.000000000000e+00, gap 288.7163%
[2025-01-29 09:35:31,040][pyomo.core][WARNING] - Loading a SolverResults object with an 'aborted' status, but containing a solution
[2025-01-29 09:35:31,546][one_rule][INFO] - Solver did not find an optimal sollution
[2025-01-29 09:35:31,547][__main__][INFO] - Finished size 37595 (5/5)
