[2025-01-29 09:35:29,127][gurobipy][INFO] - Set parameter TimeLimit to value 600
[2025-01-29 09:35:29,132][gurobipy][INFO] - Gurobi Optimizer version 11.0.2 build v11.0.2rc0 (linux64)
[2025-01-29 09:35:29,132][gurobipy][INFO] - 
[2025-01-29 09:35:29,144][gurobipy][INFO] - CPU model: Intel(R) Xeon(R) Gold 6136 CPU @ 3.00GHz, instruction set [SSE2|AVX|AVX2|AVX512]
[2025-01-29 09:35:29,145][gurobipy][INFO] - Thread count: 24 physical cores, 48 logical processors, using up to 24 threads
[2025-01-29 09:35:29,145][gurobipy][INFO] - 
[2025-01-29 09:35:29,145][gurobipy][INFO] - Optimize a model with 23550 rows, 549 columns and 60124 nonzeros
[2025-01-29 09:35:29,145][gurobipy][INFO] - Model fingerprint: 0x2eeaba4f
[2025-01-29 09:35:29,145][gurobipy][INFO] - Variable types: 502 continuous, 47 integer (47 binary)
[2025-01-29 09:35:29,145][gurobipy][INFO] - Coefficient statistics:
[2025-01-29 09:35:29,145][gurobipy][INFO] -   Matrix range     [2e-03, 2e+00]
[2025-01-29 09:35:29,146][gurobipy][INFO] -   Objective range  [1e+00, 1e+00]
[2025-01-29 09:35:29,146][gurobipy][INFO] -   Bounds range     [1e+00, 1e+00]
[2025-01-29 09:35:29,146][gurobipy][INFO] -   RHS range        [1e+00, 1e+01]
[2025-01-29 09:35:29,149][gurobipy][INFO] - Found heuristic solution: objective -0.0000000
[2025-01-29 09:35:29,273][gurobipy][INFO] - Presolve removed 9486 rows and 8 columns
[2025-01-29 09:35:29,273][gurobipy][INFO] - Presolve time: 0.12s
[2025-01-29 09:35:29,273][gurobipy][INFO] - Presolved: 14064 rows, 541 columns, 42688 nonzeros
[2025-01-29 09:35:29,282][gurobipy][INFO] - Variable types: 502 continuous, 39 integer (39 binary)
[2025-01-29 09:35:29,299][gurobipy][INFO] - Root relaxation presolved: 14064 rows, 541 columns, 42688 nonzeros
[2025-01-29 09:35:29,299][gurobipy][INFO] - 
[2025-01-29 09:35:29,318][gurobipy][INFO] - 
[2025-01-29 09:35:29,318][gurobipy][INFO] - Root relaxation: objective 1.000000e+00, 274 iterations, 0.04 seconds (0.05 work units)
[2025-01-29 09:35:29,323][gurobipy][INFO] - 
[2025-01-29 09:35:29,323][gurobipy][INFO] -     Nodes    |    Current Node    |     Objective Bounds      |     Work
[2025-01-29 09:35:29,323][gurobipy][INFO] -  Expl Unexpl |  Obj  Depth IntInf | Incumbent    BestBd   Gap | It/Node Time
[2025-01-29 09:35:29,324][gurobipy][INFO] - 
[2025-01-29 09:35:29,324][gurobipy][INFO] -      0     0    1.00000    0    8   -0.00000    1.00000      -     -    0s
[2025-01-29 09:35:29,341][gurobipy][INFO] - H    0     0                       0.0376743    1.00000  2554%     -    0s
[2025-01-29 09:35:29,615][gurobipy][INFO] - H    0     0                       0.0608138    1.00000  1544%     -    0s
[2025-01-29 09:35:29,616][gurobipy][INFO] - H    0     0                       0.1033835    1.00000   867%     -    0s
[2025-01-29 09:35:29,617][gurobipy][INFO] - H    0     0                       0.1033835    1.00000   867%     -    0s
[2025-01-29 09:35:29,653][gurobipy][INFO] - H    0     0                       0.1380213    1.00000   625%     -    0s
[2025-01-29 09:35:29,698][gurobipy][INFO] -      0     0    1.00000    0   31    0.13802    1.00000   625%     -    0s
[2025-01-29 09:35:29,729][gurobipy][INFO] -      0     0    1.00000    0   20    0.13802    1.00000   625%     -    0s
[2025-01-29 09:35:30,125][gurobipy][INFO] - H    0     0                       0.1745550    1.00000   473%     -    0s
[2025-01-29 09:35:30,456][gurobipy][INFO] - H    0     0                       0.3418482    1.00000   193%     -    1s
[2025-01-29 09:35:30,781][gurobipy][INFO] -      0     0    0.75000    0    7    0.34185    0.75000   119%     -    1s
[2025-01-29 09:35:31,062][gurobipy][INFO] - H    0     0                       0.4838217    0.75000  55.0%     -    1s
[2025-01-29 09:35:31,063][gurobipy][INFO] - 
[2025-01-29 09:35:31,063][gurobipy][INFO] - Cutting planes:
[2025-01-29 09:35:31,063][gurobipy][INFO] -   Cover: 1
[2025-01-29 09:35:31,063][gurobipy][INFO] -   MIR: 6
[2025-01-29 09:35:31,064][gurobipy][INFO] - 
[2025-01-29 09:35:31,064][gurobipy][INFO] - Explored 1 nodes (5179 simplex iterations) in 1.92 seconds (2.65 work units)
[2025-01-29 09:35:31,064][gurobipy][INFO] - Thread count was 24 (of 48 available processors)
[2025-01-29 09:35:31,064][gurobipy][INFO] - 
[2025-01-29 09:35:31,064][gurobipy][INFO] - Solution count 7: 0.483822 0.341848 0.174555 ... -0
[2025-01-29 09:35:31,064][gurobipy][INFO] - No other solutions better than 0.483822
[2025-01-29 09:35:31,064][gurobipy][INFO] - 
[2025-01-29 09:35:31,064][gurobipy][INFO] - Optimal solution found (tolerance 1.00e-04)
[2025-01-29 09:35:31,064][gurobipy][INFO] - Best objective 4.838217338217e-01, best bound 4.838217338217e-01, gap 0.0000%
[2025-01-29 09:35:31,082][__main__][INFO] - Finished size 1000 (1/5)
[2025-01-29 09:35:35,626][gurobipy][INFO] - Set parameter TimeLimit to value 600
[2025-01-29 09:35:35,639][gurobipy][INFO] - Gurobi Optimizer version 11.0.2 build v11.0.2rc0 (linux64)
[2025-01-29 09:35:35,639][gurobipy][INFO] - 
[2025-01-29 09:35:35,640][gurobipy][INFO] - CPU model: Intel(R) Xeon(R) Gold 6136 CPU @ 3.00GHz, instruction set [SSE2|AVX|AVX2|AVX512]
[2025-01-29 09:35:35,640][gurobipy][INFO] - Thread count: 24 physical cores, 48 logical processors, using up to 24 threads
[2025-01-29 09:35:35,640][gurobipy][INFO] - 
[2025-01-29 09:35:35,640][gurobipy][INFO] - Optimize a model with 61902 rows, 1365 columns and 158044 nonzeros
[2025-01-29 09:35:35,641][gurobipy][INFO] - Model fingerprint: 0x8e3d37f5
[2025-01-29 09:35:35,641][gurobipy][INFO] - Variable types: 1318 continuous, 47 integer (47 binary)
[2025-01-29 09:35:35,641][gurobipy][INFO] - Coefficient statistics:
[2025-01-29 09:35:35,641][gurobipy][INFO] -   Matrix range     [4e-04, 2e+00]
[2025-01-29 09:35:35,641][gurobipy][INFO] -   Objective range  [1e+00, 1e+00]
[2025-01-29 09:35:35,641][gurobipy][INFO] -   Bounds range     [1e+00, 1e+00]
[2025-01-29 09:35:35,641][gurobipy][INFO] -   RHS range        [1e+00, 1e+01]
[2025-01-29 09:35:35,651][gurobipy][INFO] - Found heuristic solution: objective -0.0000000
[2025-01-29 09:35:36,005][gurobipy][INFO] - Presolve removed 18423 rows and 3 columns
[2025-01-29 09:35:36,005][gurobipy][INFO] - Presolve time: 0.35s
[2025-01-29 09:35:36,005][gurobipy][INFO] - Presolved: 43479 rows, 1362 columns, 131749 nonzeros
[2025-01-29 09:35:36,035][gurobipy][INFO] - Variable types: 1318 continuous, 44 integer (44 binary)
[2025-01-29 09:35:36,087][gurobipy][INFO] - Root relaxation presolved: 1362 rows, 44841 columns, 133111 nonzeros
[2025-01-29 09:35:36,088][gurobipy][INFO] - 
[2025-01-29 09:35:36,174][gurobipy][INFO] - 
[2025-01-29 09:35:36,174][gurobipy][INFO] - Root relaxation: objective 1.000000e+00, 1385 iterations, 0.14 seconds (0.27 work units)
[2025-01-29 09:35:36,181][gurobipy][INFO] - 
[2025-01-29 09:35:36,181][gurobipy][INFO] -     Nodes    |    Current Node    |     Objective Bounds      |     Work
[2025-01-29 09:35:36,181][gurobipy][INFO] -  Expl Unexpl |  Obj  Depth IntInf | Incumbent    BestBd   Gap | It/Node Time
[2025-01-29 09:35:36,181][gurobipy][INFO] - 
[2025-01-29 09:35:36,181][gurobipy][INFO] -      0     0    1.00000    0    1   -0.00000    1.00000      -     -    0s
[2025-01-29 09:35:36,184][gurobipy][INFO] - H    0     0                       0.0005160    1.00000      -     -    0s
[2025-01-29 09:35:36,248][gurobipy][INFO] - H    0     0                       0.4106306    1.00000   144%     -    0s
[2025-01-29 09:35:36,732][gurobipy][INFO] - H    0     0                       0.4172022    1.00000   140%     -    1s
[2025-01-29 09:35:36,928][gurobipy][INFO] -      0     0    1.00000    0   22    0.41720    1.00000   140%     -    1s
[2025-01-29 09:35:37,226][gurobipy][INFO] -      0     0    1.00000    0   10    0.41720    1.00000   140%     -    1s
[2025-01-29 09:35:37,329][gurobipy][INFO] - H    0     0                       0.4953590    1.00000   102%     -    1s
[2025-01-29 09:35:37,619][gurobipy][INFO] - 
[2025-01-29 09:35:37,619][gurobipy][INFO] - Cutting planes:
[2025-01-29 09:35:37,619][gurobipy][INFO] -   MIR: 2
[2025-01-29 09:35:37,620][gurobipy][INFO] - 
[2025-01-29 09:35:37,621][gurobipy][INFO] - Explored 1 nodes (3556 simplex iterations) in 1.98 seconds (2.64 work units)
[2025-01-29 09:35:37,621][gurobipy][INFO] - Thread count was 24 (of 48 available processors)
[2025-01-29 09:35:37,621][gurobipy][INFO] - 
[2025-01-29 09:35:37,621][gurobipy][INFO] - Solution count 5: 0.495359 0.417202 0.410631 ... -0
[2025-01-29 09:35:37,621][gurobipy][INFO] - No other solutions better than 0.495359
[2025-01-29 09:35:37,621][gurobipy][INFO] - 
[2025-01-29 09:35:37,621][gurobipy][INFO] - Optimal solution found (tolerance 1.00e-04)
[2025-01-29 09:35:37,621][gurobipy][INFO] - Best objective 4.953590090385e-01, best bound 4.953590090385e-01, gap 0.0000%
[2025-01-29 09:35:37,661][__main__][INFO] - Finished size 4412 (2/5)
[2025-01-29 09:35:52,732][gurobipy][INFO] - Set parameter TimeLimit to value 600
[2025-01-29 09:35:52,765][gurobipy][INFO] - Gurobi Optimizer version 11.0.2 build v11.0.2rc0 (linux64)
[2025-01-29 09:35:52,765][gurobipy][INFO] - 
[2025-01-29 09:35:52,776][gurobipy][INFO] - CPU model: Intel(R) Xeon(R) Gold 6136 CPU @ 3.00GHz, instruction set [SSE2|AVX|AVX2|AVX512]
[2025-01-29 09:35:52,777][gurobipy][INFO] - Thread count: 24 physical cores, 48 logical processors, using up to 24 threads
[2025-01-29 09:35:52,777][gurobipy][INFO] - 
[2025-01-29 09:35:52,777][gurobipy][INFO] - Optimize a model with 137102 rows, 2965 columns and 350044 nonzeros
[2025-01-29 09:35:52,780][gurobipy][INFO] - Model fingerprint: 0xe86f00c8
[2025-01-29 09:35:52,780][gurobipy][INFO] - Variable types: 2918 continuous, 47 integer (47 binary)
[2025-01-29 09:35:52,780][gurobipy][INFO] - Coefficient statistics:
[2025-01-29 09:35:52,780][gurobipy][INFO] -   Matrix range     [9e-05, 2e+00]
[2025-01-29 09:35:52,780][gurobipy][INFO] -   Objective range  [1e+00, 1e+00]
[2025-01-29 09:35:52,780][gurobipy][INFO] -   Bounds range     [1e+00, 1e+00]
[2025-01-29 09:35:52,780][gurobipy][INFO] -   RHS range        [1e+00, 1e+01]
[2025-01-29 09:35:52,806][gurobipy][INFO] - Found heuristic solution: objective 0.0000000
[2025-01-29 09:35:53,674][gurobipy][INFO] - Presolve removed 35002 rows and 1 columns
[2025-01-29 09:35:53,674][gurobipy][INFO] - Presolve time: 0.87s
[2025-01-29 09:35:53,674][gurobipy][INFO] - Presolved: 102100 rows, 2964 columns, 309212 nonzeros
[2025-01-29 09:35:53,749][gurobipy][INFO] - Variable types: 2918 continuous, 46 integer (46 binary)
[2025-01-29 09:35:53,893][gurobipy][INFO] - Root relaxation presolved: 2964 rows, 105064 columns, 312176 nonzeros
[2025-01-29 09:35:53,893][gurobipy][INFO] - 
[2025-01-29 09:35:53,943][gurobipy][INFO] - 
[2025-01-29 09:35:53,943][gurobipy][INFO] - Root relaxation: objective 1.000000e+00, 17 iterations, 0.19 seconds (0.25 work units)
[2025-01-29 09:35:53,953][gurobipy][INFO] - 
[2025-01-29 09:35:53,953][gurobipy][INFO] -     Nodes    |    Current Node    |     Objective Bounds      |     Work
[2025-01-29 09:35:53,953][gurobipy][INFO] -  Expl Unexpl |  Obj  Depth IntInf | Incumbent    BestBd   Gap | It/Node Time
[2025-01-29 09:35:53,953][gurobipy][INFO] - 
[2025-01-29 09:35:53,953][gurobipy][INFO] -      0     0    1.00000    0    1    0.00000    1.00000      -     -    1s
[2025-01-29 09:35:53,959][gurobipy][INFO] - H    0     0                       0.0000771    1.00000      -     -    1s
[2025-01-29 09:35:54,047][gurobipy][INFO] - H    0     0                       0.0010971    1.00000      -     -    1s
[2025-01-29 09:35:55,657][gurobipy][INFO] -      0     0    1.00000    0   44    0.00110    1.00000      -     -    2s
[2025-01-29 09:35:55,916][gurobipy][INFO] - H    0     0                       0.0198267    1.00000  4944%     -    3s
[2025-01-29 09:35:55,987][gurobipy][INFO] - H    0     0                       0.1446899    1.00000   591%     -    3s
[2025-01-29 09:36:02,762][gurobipy][INFO] -      0     0    1.00000    0   42    0.14469    1.00000   591%     -    9s
[2025-01-29 09:36:02,955][gurobipy][INFO] -      0     0    1.00000    0   40    0.14469    1.00000   591%     -   10s
[2025-01-29 09:36:03,349][gurobipy][INFO] - H    0     0                       0.1679189    1.00000   496%     -   10s
[2025-01-29 09:36:05,060][gurobipy][INFO] -      0     0    1.00000    0   41    0.16792    1.00000   496%     -   12s
[2025-01-29 09:36:15,282][gurobipy][INFO] -      0     0    1.00000    0   40    0.16792    1.00000   496%     -   22s
[2025-01-29 09:36:16,159][gurobipy][INFO] - H    0     0                       0.4801661    1.00000   108%     -   23s
[2025-01-29 09:36:17,271][gurobipy][INFO] -      0     0    1.00000    0   34    0.48017    1.00000   108%     -   24s
[2025-01-29 09:36:28,032][gurobipy][INFO] -      0     0    1.00000    0   40    0.48017    1.00000   108%     -   35s
[2025-01-29 09:36:29,633][gurobipy][INFO] -      0     0    1.00000    0   37    0.48017    1.00000   108%     -   36s
[2025-01-29 09:36:35,289][gurobipy][INFO] -      0     0    1.00000    0   32    0.48017    1.00000   108%     -   42s
[2025-01-29 09:36:38,067][gurobipy][INFO] -      0     0    1.00000    0   40    0.48017    1.00000   108%     -   45s
[2025-01-29 09:36:46,750][gurobipy][INFO] -      0     0    1.00000    0   40    0.48017    1.00000   108%     -   53s
[2025-01-29 09:36:53,589][gurobipy][INFO] -      0     0    1.00000    0   40    0.48017    1.00000   108%     -   60s
[2025-01-29 09:37:16,159][gurobipy][INFO] -      0     2    1.00000    0   40    0.48017    1.00000   108%     -   83s
[2025-01-29 09:37:18,824][gurobipy][INFO] -      3     2    1.00000    2   38    0.48017    1.00000   108%  1231   86s
[2025-01-29 09:37:23,530][gurobipy][INFO] -      9     2    1.00000    5   25    0.48017    1.00000   108%   588   90s
[2025-01-29 09:37:28,608][gurobipy][INFO] -     21     2    1.00000   11   28    0.48017    1.00000   108%   434   95s
[2025-01-29 09:37:34,848][gurobipy][INFO] -     31     4    0.92857   16   22    0.48017    1.00000   108%   424  102s
[2025-01-29 09:37:38,449][gurobipy][INFO] -     53     4    0.87515   22   19    0.48017    0.88887  85.1%   403  105s
[2025-01-29 09:37:43,427][gurobipy][INFO] -     85     2    0.53693   30   11    0.48017    0.61989  29.1%   343  110s
[2025-01-29 09:37:43,989][gurobipy][INFO] - 
[2025-01-29 09:37:43,990][gurobipy][INFO] - Cutting planes:
[2025-01-29 09:37:43,990][gurobipy][INFO] -   Implied bound: 1
[2025-01-29 09:37:43,990][gurobipy][INFO] -   MIR: 8
[2025-01-29 09:37:43,994][gurobipy][INFO] - 
[2025-01-29 09:37:43,994][gurobipy][INFO] - Explored 93 nodes (66244 simplex iterations) in 111.22 seconds (250.00 work units)
[2025-01-29 09:37:43,994][gurobipy][INFO] - Thread count was 24 (of 48 available processors)
[2025-01-29 09:37:43,994][gurobipy][INFO] - 
[2025-01-29 09:37:43,994][gurobipy][INFO] - Solution count 7: 0.480166 0.167919 0.14469 ... 7.03881e-14
[2025-01-29 09:37:43,994][gurobipy][INFO] - No other solutions better than 0.480166
[2025-01-29 09:37:43,994][gurobipy][INFO] - 
[2025-01-29 09:37:43,994][gurobipy][INFO] - Optimal solution found (tolerance 1.00e-04)
[2025-01-29 09:37:43,995][gurobipy][INFO] - Best objective 4.801661357176e-01, best bound 4.801661357176e-01, gap 0.0000%
[2025-01-29 09:37:44,127][__main__][INFO] - Finished size 19464 (3/5)
[2025-01-29 09:38:09,558][gurobipy][INFO] - Set parameter TimeLimit to value 600
[2025-01-29 09:38:09,621][gurobipy][INFO] - Gurobi Optimizer version 11.0.2 build v11.0.2rc0 (linux64)
[2025-01-29 09:38:09,621][gurobipy][INFO] - 
[2025-01-29 09:38:09,632][gurobipy][INFO] - CPU model: Intel(R) Xeon(R) Gold 6136 CPU @ 3.00GHz, instruction set [SSE2|AVX|AVX2|AVX512]
[2025-01-29 09:38:09,633][gurobipy][INFO] - Thread count: 24 physical cores, 48 logical processors, using up to 24 threads
[2025-01-29 09:38:09,633][gurobipy][INFO] - 
[2025-01-29 09:38:09,633][gurobipy][INFO] - Optimize a model with 285716 rows, 6127 columns and 729484 nonzeros
[2025-01-29 09:38:09,639][gurobipy][INFO] - Model fingerprint: 0x1cf72813
[2025-01-29 09:38:09,639][gurobipy][INFO] - Variable types: 6080 continuous, 47 integer (47 binary)
[2025-01-29 09:38:09,640][gurobipy][INFO] - Coefficient statistics:
[2025-01-29 09:38:09,640][gurobipy][INFO] -   Matrix range     [2e-05, 2e+00]
[2025-01-29 09:38:09,640][gurobipy][INFO] -   Objective range  [1e+00, 1e+00]
[2025-01-29 09:38:09,640][gurobipy][INFO] -   Bounds range     [1e+00, 1e+00]
[2025-01-29 09:38:09,640][gurobipy][INFO] -   RHS range        [1e+00, 1e+01]
[2025-01-29 09:38:09,699][gurobipy][INFO] - Found heuristic solution: objective 0.0000000
[2025-01-29 09:38:12,233][gurobipy][INFO] - Presolve removed 72940 rows and 1 columns
[2025-01-29 09:38:12,234][gurobipy][INFO] - Presolve time: 2.53s
[2025-01-29 09:38:12,234][gurobipy][INFO] - Presolved: 212776 rows, 6126 columns, 644402 nonzeros
[2025-01-29 09:38:12,395][gurobipy][INFO] - Variable types: 6080 continuous, 46 integer (46 binary)
[2025-01-29 09:38:12,755][gurobipy][INFO] - Root relaxation presolved: 6126 rows, 218902 columns, 650528 nonzeros
[2025-01-29 09:38:12,755][gurobipy][INFO] - 
[2025-01-29 09:38:12,868][gurobipy][INFO] - 
[2025-01-29 09:38:12,868][gurobipy][INFO] - Root relaxation: objective 1.000000e+00, 41 iterations, 0.46 seconds (0.53 work units)
[2025-01-29 09:38:12,890][gurobipy][INFO] - 
[2025-01-29 09:38:12,890][gurobipy][INFO] -     Nodes    |    Current Node    |     Objective Bounds      |     Work
[2025-01-29 09:38:12,890][gurobipy][INFO] -  Expl Unexpl |  Obj  Depth IntInf | Incumbent    BestBd   Gap | It/Node Time
[2025-01-29 09:38:12,890][gurobipy][INFO] - 
[2025-01-29 09:38:12,890][gurobipy][INFO] -      0     0    1.00000    0    1    0.00000    1.00000      -     -    3s
[2025-01-29 09:38:12,904][gurobipy][INFO] - H    0     0                       0.0003135    1.00000      -     -    3s
[2025-01-29 09:38:13,105][gurobipy][INFO] - H    0     0                       0.0004349    1.00000      -     -    3s
[2025-01-29 09:38:13,523][gurobipy][INFO] -      0     0    1.00000    0    2    0.00043    1.00000      -     -    3s
[2025-01-29 09:38:17,083][gurobipy][INFO] -      0     0    1.00000    0   46    0.00043    1.00000      -     -    7s
[2025-01-29 09:38:23,979][gurobipy][INFO] -      0     0    1.00000    0   41    0.00043    1.00000      -     -   14s
[2025-01-29 09:38:26,623][gurobipy][INFO] - H    0     0                       0.0014256    1.00000      -     -   16s
[2025-01-29 09:38:26,789][gurobipy][INFO] - H    0     0                       0.0461525    1.00000  2067%     -   17s
[2025-01-29 09:38:27,026][gurobipy][INFO] -      0     0    1.00000    0   40    0.04615    1.00000  2067%     -   17s
[2025-01-29 09:38:34,297][gurobipy][INFO] -      0     0    1.00000    0   39    0.04615    1.00000  2067%     -   24s
[2025-01-29 09:38:36,715][gurobipy][INFO] -      0     0    1.00000    0   39    0.04615    1.00000  2067%     -   27s
[2025-01-29 09:38:45,603][gurobipy][INFO] -      0     0    1.00000    0   38    0.04615    1.00000  2067%     -   35s
[2025-01-29 09:38:49,032][gurobipy][INFO] - H    0     0                       0.1432556    1.00000   598%     -   39s
[2025-01-29 09:38:49,333][gurobipy][INFO] -      0     0    1.00000    0   38    0.14326    1.00000   598%     -   39s
[2025-01-29 09:38:58,332][gurobipy][INFO] -      0     0    1.00000    0   31    0.14326    1.00000   598%     -   48s
[2025-01-29 09:39:00,207][gurobipy][INFO] -      0     0    1.00000    0   31    0.14326    1.00000   598%     -   50s
[2025-01-29 09:39:06,694][gurobipy][INFO] -      0     0    1.00000    0   29    0.14326    1.00000   598%     -   57s
[2025-01-29 09:39:15,868][gurobipy][INFO] -      0     0    1.00000    0   29    0.14326    1.00000   598%     -   66s
[2025-01-29 09:39:17,727][gurobipy][INFO] - H    0     0                       0.1467560    1.00000   581%     -   68s
[2025-01-29 09:39:23,574][gurobipy][INFO] - H    0     0                       0.1847424    1.00000   441%     -   73s
[2025-01-29 09:39:36,589][gurobipy][INFO] -      0     2    1.00000    0   29    0.18474    1.00000   441%     -   86s
[2025-01-29 09:39:40,140][gurobipy][INFO] -      3     2    1.00000    2   26    0.18474    1.00000   441%  1784   90s
[2025-01-29 09:39:46,305][gurobipy][INFO] -     23     4    1.00000   12   20    0.18474    1.00000   441%   293   96s
[2025-01-29 09:39:54,350][gurobipy][INFO] -     27     6    1.00000   13   19    0.18474    1.00000   441%   338  104s
[2025-01-29 09:39:57,980][gurobipy][INFO] -     31     6    1.00000   14    1    0.18474    1.00000   441%   610  108s
[2025-01-29 09:40:20,712][gurobipy][INFO] -     37     8    0.94444   15   26    0.18474    1.00000   441%   806  131s
[2025-01-29 09:40:27,560][gurobipy][INFO] -     43    10    0.94118   16   25    0.18474    0.94444   411%  1014  137s
[2025-01-29 09:40:35,653][gurobipy][INFO] -     51    12    0.93750   17   24    0.18474    0.94117   409%   975  146s
[2025-01-29 09:40:35,657][gurobipy][INFO] - *   60    12              17       0.1905027    0.93749   392%   975  146s
[2025-01-29 09:40:45,535][gurobipy][INFO] -     61    14    0.93333   18   22    0.19050    0.93749   392%   965  155s
[2025-01-29 09:40:58,183][gurobipy][INFO] -     87    20    0.92421   20   20    0.19050    0.93330   390%   755  168s
[2025-01-29 09:40:58,190][gurobipy][INFO] - H   91    20                       0.3474307    0.93202   168%   729  168s
[2025-01-29 09:41:06,790][gurobipy][INFO] -    101    14    0.92379   21   23    0.34743    0.92942   168%   776  177s
[2025-01-29 09:41:21,321][gurobipy][INFO] -    131    22    0.91733   23   21    0.34743    0.92109   165%   641  191s
[2025-01-29 09:41:21,329][gurobipy][INFO] - H  140    22                       0.3682864    0.91732   149%   653  191s
[2025-01-29 09:41:25,658][gurobipy][INFO] -    175    26    0.90242   25   19    0.36829    0.90953   147%   547  196s
[2025-01-29 09:41:30,077][gurobipy][INFO] -    226    26    0.86965   27   13    0.36829    0.88932   141%   459  200s
[2025-01-29 09:41:30,083][gurobipy][INFO] - H  228    26                       0.3930341    0.88932   126%   457  200s
[2025-01-29 09:41:36,458][gurobipy][INFO] -    304    18    0.80195   30   10    0.39303    0.85682   118%   391  206s
[2025-01-29 09:41:41,194][gurobipy][INFO] -    342    12    0.72196   32    8    0.39303    0.79992   104%   381  211s
[2025-01-29 09:41:45,039][gurobipy][INFO] - H  370    10                       0.4766942    0.69438  45.7%   377  215s
[2025-01-29 09:41:47,581][gurobipy][INFO] - 
[2025-01-29 09:41:47,581][gurobipy][INFO] - Cutting planes:
[2025-01-29 09:41:47,581][gurobipy][INFO] -   Gomory: 1
[2025-01-29 09:41:47,581][gurobipy][INFO] -   Cover: 1
[2025-01-29 09:41:47,581][gurobipy][INFO] -   Implied bound: 3
[2025-01-29 09:41:47,581][gurobipy][INFO] -   MIR: 30
[2025-01-29 09:41:47,581][gurobipy][INFO] -   RLT: 2
[2025-01-29 09:41:47,582][gurobipy][INFO] -   Relax-and-lift: 1
[2025-01-29 09:41:47,589][gurobipy][INFO] - 
[2025-01-29 09:41:47,590][gurobipy][INFO] - Explored 392 nodes (174734 simplex iterations) in 217.96 seconds (393.06 work units)
[2025-01-29 09:41:47,590][gurobipy][INFO] - Thread count was 24 (of 48 available processors)
[2025-01-29 09:41:47,590][gurobipy][INFO] - 
[2025-01-29 09:41:47,590][gurobipy][INFO] - Solution count 10: 0.476694 0.393034 0.368286 ... 0.00142564
[2025-01-29 09:41:47,590][gurobipy][INFO] - No other solutions better than 0.476694
[2025-01-29 09:41:47,590][gurobipy][INFO] - 
[2025-01-29 09:41:47,590][gurobipy][INFO] - Optimal solution found (tolerance 1.00e-04)
[2025-01-29 09:41:47,592][gurobipy][INFO] - Best objective 4.766942432756e-01, best bound 4.766942432756e-01, gap 0.0000%
[2025-01-29 09:41:47,966][__main__][INFO] - Finished size 85867 (4/5)
[2025-01-29 09:42:41,959][gurobipy][INFO] - Set parameter TimeLimit to value 600
[2025-01-29 09:42:42,081][gurobipy][INFO] - Gurobi Optimizer version 11.0.2 build v11.0.2rc0 (linux64)
[2025-01-29 09:42:42,081][gurobipy][INFO] - 
[2025-01-29 09:42:42,094][gurobipy][INFO] - CPU model: Intel(R) Xeon(R) Gold 6136 CPU @ 3.00GHz, instruction set [SSE2|AVX|AVX2|AVX512]
[2025-01-29 09:42:42,094][gurobipy][INFO] - Thread count: 24 physical cores, 48 logical processors, using up to 24 threads
[2025-01-29 09:42:42,094][gurobipy][INFO] - 
[2025-01-29 09:42:42,094][gurobipy][INFO] - Optimize a model with 543276 rows, 11607 columns and 1387084 nonzeros
[2025-01-29 09:42:42,106][gurobipy][INFO] - Model fingerprint: 0x00762f56
[2025-01-29 09:42:42,106][gurobipy][INFO] - Variable types: 11560 continuous, 47 integer (47 binary)
[2025-01-29 09:42:42,108][gurobipy][INFO] - Coefficient statistics:
[2025-01-29 09:42:42,108][gurobipy][INFO] -   Matrix range     [5e-06, 2e+00]
[2025-01-29 09:42:42,108][gurobipy][INFO] -   Objective range  [1e+00, 1e+00]
[2025-01-29 09:42:42,108][gurobipy][INFO] -   Bounds range     [1e+00, 1e+00]
[2025-01-29 09:42:42,108][gurobipy][INFO] -   RHS range        [1e+00, 1e+01]
[2025-01-29 09:42:42,233][gurobipy][INFO] - Found heuristic solution: objective -0.0000000
[2025-01-29 09:42:46,021][gurobipy][INFO] - Presolve removed 127149 rows and 0 columns
[2025-01-29 09:42:46,021][gurobipy][INFO] - Presolve time: 3.79s
[2025-01-29 09:42:46,021][gurobipy][INFO] - Presolved: 416127 rows, 11607 columns, 1259935 nonzeros
[2025-01-29 09:42:46,361][gurobipy][INFO] - Variable types: 11560 continuous, 47 integer (47 binary)
[2025-01-29 09:42:47,217][gurobipy][INFO] - Root relaxation presolved: 11607 rows, 427734 columns, 1271542 nonzeros
[2025-01-29 09:42:47,217][gurobipy][INFO] - 
[2025-01-29 09:42:47,218][gurobipy][INFO] - Deterministic concurrent LP optimizer: primal and dual simplex
[2025-01-29 09:42:47,218][gurobipy][INFO] - Showing primal log only...
[2025-01-29 09:42:47,218][gurobipy][INFO] - 
[2025-01-29 09:42:47,446][gurobipy][INFO] - 
[2025-01-29 09:42:47,446][gurobipy][INFO] - Root simplex log...
[2025-01-29 09:42:47,446][gurobipy][INFO] - 
[2025-01-29 09:42:47,446][gurobipy][INFO] - Iteration    Objective       Primal Inf.    Dual Inf.      Time
[2025-01-29 09:42:47,446][gurobipy][INFO] -        0    1.0000000e+00   0.000000e+00   1.157000e+04      5s
[2025-01-29 09:42:47,535][gurobipy][INFO] -      115    1.0000000e+00   0.000000e+00   0.000000e+00      5s
[2025-01-29 09:42:47,585][gurobipy][INFO] - Concurrent spin time: 0.05s
[2025-01-29 09:42:47,585][gurobipy][INFO] - 
[2025-01-29 09:42:47,585][gurobipy][INFO] - Solved with primal simplex
[2025-01-29 09:42:47,660][gurobipy][INFO] -      115    1.0000000e+00   0.000000e+00   0.000000e+00      6s
[2025-01-29 09:42:47,660][gurobipy][INFO] - 
[2025-01-29 09:42:47,660][gurobipy][INFO] - Root relaxation: objective 1.000000e+00, 115 iterations, 1.28 seconds (1.24 work units)
[2025-01-29 09:42:47,819][gurobipy][INFO] - 
[2025-01-29 09:42:47,819][gurobipy][INFO] -     Nodes    |    Current Node    |     Objective Bounds      |     Work
[2025-01-29 09:42:47,819][gurobipy][INFO] -  Expl Unexpl |  Obj  Depth IntInf | Incumbent    BestBd   Gap | It/Node Time
[2025-01-29 09:42:47,819][gurobipy][INFO] - 
[2025-01-29 09:42:47,819][gurobipy][INFO] -      0     0    1.00000    0    8   -0.00000    1.00000      -     -    5s
[2025-01-29 09:42:47,946][gurobipy][INFO] - H    0     0                       0.0447300    1.00000  2136%     -    5s
[2025-01-29 09:42:48,550][gurobipy][INFO] - H    0     0                       0.0531420    1.00000  1782%     -    6s
[2025-01-29 09:42:49,764][gurobipy][INFO] -      0     0    1.00000    0    5    0.05314    1.00000  1782%     -    7s
[2025-01-29 09:42:50,346][gurobipy][INFO] - H    0     0                       0.0536614    1.00000  1764%     -    8s
[2025-01-29 09:42:50,578][gurobipy][INFO] - H    0     0                       0.1937829    1.00000   416%     -    8s
[2025-01-29 09:42:57,734][gurobipy][INFO] -      0     0    1.00000    0   44    0.19378    1.00000   416%     -   15s
[2025-01-29 09:43:03,191][gurobipy][INFO] -      0     0    1.00000    0   17    0.19378    1.00000   416%     -   21s
[2025-01-29 09:43:11,560][gurobipy][INFO] -      0     0    1.00000    0    8    0.19378    1.00000   416%     -   29s
[2025-01-29 09:43:12,083][gurobipy][INFO] -      0     0    1.00000    0    7    0.19378    1.00000   416%     -   29s
[2025-01-29 09:43:12,850][gurobipy][INFO] - H    0     0                       0.3490603    1.00000   186%     -   30s
[2025-01-29 09:43:13,568][gurobipy][INFO] -      0     0    1.00000    0    9    0.34906    1.00000   186%     -   31s
[2025-01-29 09:43:14,152][gurobipy][INFO] -      0     0    1.00000    0    9    0.34906    1.00000   186%     -   32s
[2025-01-29 09:43:14,981][gurobipy][INFO] -      0     0    1.00000    0    9    0.34906    1.00000   186%     -   32s
[2025-01-29 09:43:15,592][gurobipy][INFO] -      0     0    1.00000    0    9    0.34906    1.00000   186%     -   33s
[2025-01-29 09:43:16,324][gurobipy][INFO] - H    0     0                       0.4801075    1.00000   108%     -   34s
[2025-01-29 09:43:16,334][gurobipy][INFO] -      0     0    1.00000    0    9    0.48011    1.00000   108%     -   34s
[2025-01-29 09:43:16,676][gurobipy][INFO] -      0     0    1.00000    0    9    0.48011    1.00000   108%     -   34s
[2025-01-29 09:43:17,488][gurobipy][INFO] -      0     0    1.00000    0    7    0.48011    1.00000   108%     -   35s
[2025-01-29 09:43:17,692][gurobipy][INFO] -      0     0    1.00000    0    7    0.48011    1.00000   108%     -   35s
[2025-01-29 09:43:18,629][gurobipy][INFO] -      0     0    0.48011    0    9    0.48011    0.48011  0.00%     -   36s
[2025-01-29 09:43:18,631][gurobipy][INFO] - 
[2025-01-29 09:43:18,631][gurobipy][INFO] - Cutting planes:
[2025-01-29 09:43:18,631][gurobipy][INFO] -   Cover: 1
[2025-01-29 09:43:18,631][gurobipy][INFO] -   Implied bound: 1
[2025-01-29 09:43:18,631][gurobipy][INFO] -   MIR: 567
[2025-01-29 09:43:18,631][gurobipy][INFO] -   RLT: 8
[2025-01-29 09:43:18,646][gurobipy][INFO] - 
[2025-01-29 09:43:18,646][gurobipy][INFO] - Explored 1 nodes (10836 simplex iterations) in 36.55 seconds (53.08 work units)
[2025-01-29 09:43:18,646][gurobipy][INFO] - Thread count was 24 (of 48 available processors)
[2025-01-29 09:43:18,646][gurobipy][INFO] - 
[2025-01-29 09:43:18,646][gurobipy][INFO] - Solution count 7: 0.480107 0.34906 0.193783 ... -0
[2025-01-29 09:43:18,646][gurobipy][INFO] - No other solutions better than 0.480107
[2025-01-29 09:43:18,646][gurobipy][INFO] - 
[2025-01-29 09:43:18,646][gurobipy][INFO] - Optimal solution found (tolerance 1.00e-04)
[2025-01-29 09:43:18,651][gurobipy][INFO] - Best objective 4.801074821723e-01, best bound 4.801074821723e-01, gap 0.0000%
[2025-01-29 09:43:19,168][__main__][INFO] - Finished size 378817 (5/5)
