[2025-01-29 13:08:45,979][__main__][INFO] - In total, there are 1229 possible subgroups
[2025-01-29 13:08:46,015][__main__][INFO] - [0], []
[2025-01-29 13:08:46,198][__main__][INFO] - [1], []
[2025-01-29 13:08:46,438][__main__][INFO] - [2], []
[2025-01-29 13:08:46,664][__main__][INFO] - [3], []
[2025-01-29 13:08:46,843][__main__][INFO] - [4], []
[2025-01-29 13:08:47,064][__main__][INFO] - [5], []
[2025-01-29 13:08:47,255][__main__][INFO] - [6], []
[2025-01-29 13:08:47,340][__main__][INFO] - [7], []
[2025-01-29 13:08:47,381][__main__][INFO] - [8], []
[2025-01-29 13:08:47,403][__main__][INFO] - [9], []
[2025-01-29 13:08:47,425][__main__][INFO] - [10], []
[2025-01-29 13:08:48,316][__main__][INFO] - [11], []
[2025-01-29 13:08:48,357][__main__][INFO] - [12], []
[2025-01-29 13:08:48,516][__main__][INFO] - [13], []
[2025-01-29 13:08:48,542][__main__][INFO] - [14], []
[2025-01-29 13:08:48,566][__main__][INFO] - [15], []
[2025-01-29 13:08:48,755][__main__][INFO] - [16], []
[2025-01-29 13:08:49,334][__main__][INFO] - [], [16]
[2025-01-29 13:08:49,985][__main__][INFO] - [17], []
[2025-01-29 13:08:50,122][__main__][INFO] - [18], []
[2025-01-29 13:08:50,902][__main__][INFO] - [19], []
[2025-01-29 13:08:50,956][__main__][INFO] - [20], []
[2025-01-29 13:08:51,011][__main__][INFO] - [21], []
[2025-01-29 13:08:51,037][__main__][INFO] - [22], []
[2025-01-29 13:08:51,058][__main__][INFO] - [23], []
[2025-01-29 13:08:51,244][__main__][INFO] - [24], []
[2025-01-29 13:08:51,267][__main__][INFO] - [25], []
[2025-01-29 13:08:51,318][__main__][INFO] - [0, 10], []
[2025-01-29 13:08:51,477][__main__][INFO] - [0, 11], []
[2025-01-29 13:08:51,500][__main__][INFO] - [0, 12], []
[2025-01-29 13:08:51,531][__main__][INFO] - [0, 13], []
[2025-01-29 13:08:51,553][__main__][INFO] - [0, 14], []
[2025-01-29 13:08:51,575][__main__][INFO] - [0, 15], []
[2025-01-29 13:08:51,604][__main__][INFO] - [0, 16], []
[2025-01-29 13:08:51,705][__main__][INFO] - [0], [16]
[2025-01-29 13:08:51,808][__main__][INFO] - [0, 17], []
[2025-01-29 13:08:51,851][__main__][INFO] - [0, 18], []
[2025-01-29 13:08:51,970][__main__][INFO] - [0, 19], []
[2025-01-29 13:08:52,003][__main__][INFO] - [0, 20], []
[2025-01-29 13:08:52,033][__main__][INFO] - [0, 21], []
[2025-01-29 13:08:52,058][__main__][INFO] - [0, 22], []
[2025-01-29 13:08:52,086][__main__][INFO] - [0, 23], []
[2025-01-29 13:08:52,126][__main__][INFO] - [0, 24], []
[2025-01-29 13:08:52,186][__main__][INFO] - [1, 10], []
[2025-01-29 13:08:52,375][__main__][INFO] - [1, 11], []
[2025-01-29 13:08:52,403][__main__][INFO] - [1, 12], []
[2025-01-29 13:08:52,442][__main__][INFO] - [1, 13], []
[2025-01-29 13:08:52,466][__main__][INFO] - [1, 14], []
[2025-01-29 13:08:52,491][__main__][INFO] - [1, 15], []
[2025-01-29 13:08:52,533][__main__][INFO] - [1, 16], []
[2025-01-29 13:08:52,653][__main__][INFO] - [1], [16]
[2025-01-29 13:08:52,781][__main__][INFO] - [1, 17], []
[2025-01-29 13:08:52,827][__main__][INFO] - [1, 18], []
[2025-01-29 13:08:52,965][__main__][INFO] - [1, 19], []
[2025-01-29 13:08:52,995][__main__][INFO] - [1, 20], []
[2025-01-29 13:08:53,027][__main__][INFO] - [1, 21], []
[2025-01-29 13:08:53,060][__main__][INFO] - [1, 22], []
[2025-01-29 13:08:53,082][__main__][INFO] - [1, 23], []
[2025-01-29 13:08:53,131][__main__][INFO] - [1, 24], []
[2025-01-29 13:08:53,183][__main__][INFO] - [2, 10], []
[2025-01-29 13:08:53,335][__main__][INFO] - [2, 11], []
[2025-01-29 13:08:53,364][__main__][INFO] - [2, 12], []
[2025-01-29 13:08:53,409][__main__][INFO] - [2, 13], []
[2025-01-29 13:08:53,431][__main__][INFO] - [2, 14], []
[2025-01-29 13:08:53,452][__main__][INFO] - [2, 15], []
[2025-01-29 13:08:53,506][__main__][INFO] - [2, 16], []
[2025-01-29 13:08:53,612][__main__][INFO] - [2], [16]
[2025-01-29 13:08:53,735][__main__][INFO] - [2, 17], []
[2025-01-29 13:08:53,777][__main__][INFO] - [2, 18], []
[2025-01-29 13:08:53,913][__main__][INFO] - [2, 19], []
[2025-01-29 13:08:53,940][__main__][INFO] - [2, 20], []
[2025-01-29 13:08:53,967][__main__][INFO] - [2, 21], []
[2025-01-29 13:08:53,989][__main__][INFO] - [2, 22], []
[2025-01-29 13:08:54,010][__main__][INFO] - [2, 23], []
[2025-01-29 13:08:54,065][__main__][INFO] - [2, 24], []
[2025-01-29 13:08:54,125][__main__][INFO] - [3, 10], []
[2025-01-29 13:08:54,236][__main__][INFO] - [3, 11], []
[2025-01-29 13:08:54,264][__main__][INFO] - [3, 12], []
[2025-01-29 13:08:54,312][__main__][INFO] - [3, 13], []
[2025-01-29 13:08:54,337][__main__][INFO] - [3, 14], []
[2025-01-29 13:08:54,362][__main__][INFO] - [3, 15], []
[2025-01-29 13:08:54,417][__main__][INFO] - [3, 16], []
[2025-01-29 13:08:54,508][__main__][INFO] - [3], [16]
[2025-01-29 13:08:54,610][__main__][INFO] - [3, 17], []
[2025-01-29 13:08:54,650][__main__][INFO] - [3, 18], []
[2025-01-29 13:08:54,762][__main__][INFO] - [3, 19], []
[2025-01-29 13:08:54,790][__main__][INFO] - [3, 20], []
[2025-01-29 13:08:54,819][__main__][INFO] - [3, 21], []
[2025-01-29 13:08:54,844][__main__][INFO] - [3, 22], []
[2025-01-29 13:08:54,869][__main__][INFO] - [3, 23], []
[2025-01-29 13:08:54,920][__main__][INFO] - [3, 24], []
[2025-01-29 13:08:54,981][__main__][INFO] - [4, 10], []
[2025-01-29 13:08:55,116][__main__][INFO] - [4, 11], []
[2025-01-29 13:08:55,144][__main__][INFO] - [4, 12], []
[2025-01-29 13:08:55,194][__main__][INFO] - [4, 13], []
[2025-01-29 13:08:55,216][__main__][INFO] - [4, 14], []
[2025-01-29 13:08:55,242][__main__][INFO] - [4, 15], []
[2025-01-29 13:08:55,304][__main__][INFO] - [4, 16], []
[2025-01-29 13:08:55,413][__main__][INFO] - [4], [16]
[2025-01-29 13:08:55,532][__main__][INFO] - [4, 17], []
[2025-01-29 13:08:55,571][__main__][INFO] - [4, 18], []
[2025-01-29 13:08:55,710][__main__][INFO] - [4, 19], []
[2025-01-29 13:08:55,739][__main__][INFO] - [4, 20], []
[2025-01-29 13:08:55,766][__main__][INFO] - [4, 21], []
[2025-01-29 13:08:55,789][__main__][INFO] - [4, 22], []
[2025-01-29 13:08:55,811][__main__][INFO] - [4, 23], []
[2025-01-29 13:08:55,861][__main__][INFO] - [4, 24], []
[2025-01-29 13:08:55,913][__main__][INFO] - [5, 10], []
[2025-01-29 13:08:56,043][__main__][INFO] - [5, 11], []
[2025-01-29 13:08:56,069][__main__][INFO] - [5, 12], []
[2025-01-29 13:08:56,114][__main__][INFO] - [5, 13], []
[2025-01-29 13:08:56,135][__main__][INFO] - [5, 14], []
[2025-01-29 13:08:56,157][__main__][INFO] - [5, 15], []
[2025-01-29 13:08:56,201][__main__][INFO] - [5, 16], []
[2025-01-29 13:08:56,298][__main__][INFO] - [5], [16]
[2025-01-29 13:08:56,406][__main__][INFO] - [5, 17], []
[2025-01-29 13:08:56,437][__main__][INFO] - [5, 18], []
[2025-01-29 13:08:56,571][__main__][INFO] - [5, 19], []
[2025-01-29 13:08:56,596][__main__][INFO] - [5, 20], []
[2025-01-29 13:08:56,622][__main__][INFO] - [5, 21], []
[2025-01-29 13:08:56,647][__main__][INFO] - [5, 22], []
[2025-01-29 13:08:56,668][__main__][INFO] - [5, 23], []
[2025-01-29 13:08:56,716][__main__][INFO] - [5, 24], []
[2025-01-29 13:08:56,776][__main__][INFO] - [6, 10], []
[2025-01-29 13:08:56,842][__main__][INFO] - [6, 11], []
[2025-01-29 13:08:56,865][__main__][INFO] - [6, 12], []
[2025-01-29 13:08:56,895][__main__][INFO] - [6, 13], []
[2025-01-29 13:08:56,917][__main__][INFO] - [6, 14], []
[2025-01-29 13:08:56,938][__main__][INFO] - [6, 15], []
[2025-01-29 13:08:56,966][__main__][INFO] - [6, 16], []
[2025-01-29 13:08:57,019][__main__][INFO] - [6], [16]
[2025-01-29 13:08:57,073][__main__][INFO] - [6, 17], []
[2025-01-29 13:08:57,097][__main__][INFO] - [6, 18], []
[2025-01-29 13:08:57,162][__main__][INFO] - [6, 19], []
[2025-01-29 13:08:57,185][__main__][INFO] - [6, 20], []
[2025-01-29 13:08:57,211][__main__][INFO] - [6, 21], []
[2025-01-29 13:08:57,232][__main__][INFO] - [6, 22], []
[2025-01-29 13:08:57,254][__main__][INFO] - [6, 23], []
[2025-01-29 13:08:57,286][__main__][INFO] - [6, 24], []
[2025-01-29 13:08:57,338][__main__][INFO] - [7, 10], []
[2025-01-29 13:08:57,373][__main__][INFO] - [7, 11], []
[2025-01-29 13:08:57,398][__main__][INFO] - [7, 12], []
[2025-01-29 13:08:57,422][__main__][INFO] - [7, 13], []
[2025-01-29 13:08:57,444][__main__][INFO] - [7, 14], []
[2025-01-29 13:08:57,466][__main__][INFO] - [7, 15], []
[2025-01-29 13:08:57,488][__main__][INFO] - [7, 16], []
[2025-01-29 13:08:57,521][__main__][INFO] - [7], [16]
[2025-01-29 13:08:57,552][__main__][INFO] - [7, 17], []
[2025-01-29 13:08:57,575][__main__][INFO] - [7, 18], []
[2025-01-29 13:08:57,611][__main__][INFO] - [7, 19], []
[2025-01-29 13:08:57,633][__main__][INFO] - [7, 20], []
[2025-01-29 13:08:57,656][__main__][INFO] - [7, 21], []
[2025-01-29 13:08:57,694][__main__][INFO] - [7, 23], []
[2025-01-29 13:08:57,773][__main__][INFO] - [8, 10], []
[2025-01-29 13:08:57,800][__main__][INFO] - [8, 11], []
[2025-01-29 13:08:57,824][__main__][INFO] - [8, 12], []
[2025-01-29 13:08:57,886][__main__][INFO] - [8, 15], []
[2025-01-29 13:08:57,911][__main__][INFO] - [8, 16], []
[2025-01-29 13:08:57,937][__main__][INFO] - [8], [16]
[2025-01-29 13:08:57,964][__main__][INFO] - [8, 17], []
[2025-01-29 13:08:57,988][__main__][INFO] - [8, 18], []
[2025-01-29 13:08:58,015][__main__][INFO] - [8, 19], []
[2025-01-29 13:08:58,040][__main__][INFO] - [8, 20], []
[2025-01-29 13:08:58,102][__main__][INFO] - [8, 23], []
[2025-01-29 13:08:58,181][__main__][INFO] - [9, 10], []
[2025-01-29 13:08:58,224][__main__][INFO] - [9, 12], []
[2025-01-29 13:08:58,303][__main__][INFO] - [9, 16], []
[2025-01-29 13:08:58,327][__main__][INFO] - [9], [16]
[2025-01-29 13:08:58,370][__main__][INFO] - [9, 18], []
[2025-01-29 13:08:58,469][__main__][INFO] - [9, 23], []
[2025-01-29 13:08:58,549][__main__][INFO] - [10, 16], []
[2025-01-29 13:08:58,959][__main__][INFO] - [10], [16]
[2025-01-29 13:08:59,418][__main__][INFO] - [10, 17], []
[2025-01-29 13:08:59,497][__main__][INFO] - [10, 18], []
[2025-01-29 13:09:00,125][__main__][INFO] - [10, 19], []
[2025-01-29 13:09:00,175][__main__][INFO] - [10, 20], []
[2025-01-29 13:09:00,233][__main__][INFO] - [10, 21], []
[2025-01-29 13:09:00,259][__main__][INFO] - [10, 22], []
[2025-01-29 13:09:00,282][__main__][INFO] - [10, 23], []
[2025-01-29 13:09:00,347][__main__][INFO] - [10, 24], []
[2025-01-29 13:09:00,370][__main__][INFO] - [10, 25], []
[2025-01-29 13:09:00,409][__main__][INFO] - [11, 16], []
[2025-01-29 13:09:00,438][__main__][INFO] - [11], [16]
[2025-01-29 13:09:00,470][__main__][INFO] - [11, 17], []
[2025-01-29 13:09:00,492][__main__][INFO] - [11, 18], []
[2025-01-29 13:09:00,533][__main__][INFO] - [11, 19], []
[2025-01-29 13:09:00,555][__main__][INFO] - [11, 20], []
[2025-01-29 13:09:00,611][__main__][INFO] - [11, 23], []
[2025-01-29 13:09:00,678][__main__][INFO] - [12, 16], []
[2025-01-29 13:09:00,762][__main__][INFO] - [12], [16]
[2025-01-29 13:09:00,848][__main__][INFO] - [12, 17], []
[2025-01-29 13:09:00,869][__main__][INFO] - [12, 18], []
[2025-01-29 13:09:00,900][__main__][INFO] - [12, 19], []
[2025-01-29 13:09:00,923][__main__][INFO] - [12, 20], []
[2025-01-29 13:09:00,974][__main__][INFO] - [12, 23], []
[2025-01-29 13:09:01,168][__main__][INFO] - [13, 16], []
[2025-01-29 13:09:01,192][__main__][INFO] - [13], [16]
[2025-01-29 13:09:01,219][__main__][INFO] - [13, 17], []
[2025-01-29 13:09:01,241][__main__][INFO] - [13, 18], []
[2025-01-29 13:09:01,264][__main__][INFO] - [13, 19], []
[2025-01-29 13:09:01,285][__main__][INFO] - [13, 20], []
[2025-01-29 13:09:01,340][__main__][INFO] - [13, 23], []
[2025-01-29 13:09:01,411][__main__][INFO] - [14, 16], []
[2025-01-29 13:09:01,434][__main__][INFO] - [14], [16]
[2025-01-29 13:09:01,471][__main__][INFO] - [14, 18], []
[2025-01-29 13:09:01,493][__main__][INFO] - [14, 19], []
[2025-01-29 13:09:01,544][__main__][INFO] - [14, 22], []
[2025-01-29 13:09:01,566][__main__][INFO] - [14, 23], []
[2025-01-29 13:09:01,633][__main__][INFO] - [15, 16], []
[2025-01-29 13:09:01,721][__main__][INFO] - [15], [16]
[2025-01-29 13:09:01,831][__main__][INFO] - [15, 17], []
[2025-01-29 13:09:01,908][__main__][INFO] - [15, 18], []
[2025-01-29 13:09:02,013][__main__][INFO] - [15, 19], []
[2025-01-29 13:09:02,037][__main__][INFO] - [15, 20], []
[2025-01-29 13:09:02,059][__main__][INFO] - [15, 21], []
[2025-01-29 13:09:02,081][__main__][INFO] - [15, 22], []
[2025-01-29 13:09:02,103][__main__][INFO] - [15, 23], []
[2025-01-29 13:09:02,126][__main__][INFO] - [15, 24], []
[2025-01-29 13:09:02,178][__main__][INFO] - [16, 17], []
[2025-01-29 13:09:02,246][__main__][INFO] - [16, 18], []
[2025-01-29 13:09:02,588][__main__][INFO] - [16, 19], []
[2025-01-29 13:09:02,624][__main__][INFO] - [16, 20], []
[2025-01-29 13:09:02,663][__main__][INFO] - [16, 21], []
[2025-01-29 13:09:02,686][__main__][INFO] - [16, 22], []
[2025-01-29 13:09:02,709][__main__][INFO] - [16, 23], []
[2025-01-29 13:09:02,810][__main__][INFO] - [16, 24], []
[2025-01-29 13:09:02,862][__main__][INFO] - [17], [16]
[2025-01-29 13:09:02,942][__main__][INFO] - [18], [16]
[2025-01-29 13:09:03,339][__main__][INFO] - [19], [16]
[2025-01-29 13:09:03,376][__main__][INFO] - [20], [16]
[2025-01-29 13:09:03,414][__main__][INFO] - [21], [16]
[2025-01-29 13:09:03,438][__main__][INFO] - [22], [16]
[2025-01-29 13:09:03,460][__main__][INFO] - [23], [16]
[2025-01-29 13:09:03,563][__main__][INFO] - [24], [16]
[2025-01-29 13:09:03,643][__main__][INFO] - [0, 10, 16], []
[2025-01-29 13:09:03,732][__main__][INFO] - [0, 10], [16]
[2025-01-29 13:09:03,822][__main__][INFO] - [0, 10, 17], []
[2025-01-29 13:09:03,862][__main__][INFO] - [0, 10, 18], []
[2025-01-29 13:09:03,969][__main__][INFO] - [0, 10, 19], []
[2025-01-29 13:09:04,001][__main__][INFO] - [0, 10, 20], []
[2025-01-29 13:09:04,030][__main__][INFO] - [0, 10, 21], []
[2025-01-29 13:09:04,055][__main__][INFO] - [0, 10, 22], []
[2025-01-29 13:09:04,079][__main__][INFO] - [0, 10, 23], []
[2025-01-29 13:09:04,116][__main__][INFO] - [0, 10, 24], []
[2025-01-29 13:09:04,170][__main__][INFO] - [0, 11, 16], []
[2025-01-29 13:09:04,194][__main__][INFO] - [0, 11], [16]
[2025-01-29 13:09:04,235][__main__][INFO] - [0, 11, 18], []
[2025-01-29 13:09:04,260][__main__][INFO] - [0, 11, 19], []
[2025-01-29 13:09:04,331][__main__][INFO] - [0, 11, 23], []
[2025-01-29 13:09:04,402][__main__][INFO] - [0, 12, 16], []
[2025-01-29 13:09:04,429][__main__][INFO] - [0, 12], [16]
[2025-01-29 13:09:04,471][__main__][INFO] - [0, 12, 18], []
[2025-01-29 13:09:04,496][__main__][INFO] - [0, 12, 19], []
[2025-01-29 13:09:04,567][__main__][INFO] - [0, 12, 23], []
[2025-01-29 13:09:04,652][__main__][INFO] - [0, 13, 16], []
[2025-01-29 13:09:04,676][__main__][INFO] - [0, 13], [16]
[2025-01-29 13:09:04,714][__main__][INFO] - [0, 13, 18], []
[2025-01-29 13:09:04,757][__main__][INFO] - [0, 13, 20], []
[2025-01-29 13:09:04,889][__main__][INFO] - [0, 14, 16], []
[2025-01-29 13:09:04,912][__main__][INFO] - [0, 14], [16]
[2025-01-29 13:09:04,959][__main__][INFO] - [0, 14, 18], []
[2025-01-29 13:09:05,029][__main__][INFO] - [0, 14, 22], []
[2025-01-29 13:09:05,128][__main__][INFO] - [0, 15, 16], []
[2025-01-29 13:09:05,155][__main__][INFO] - [0, 15], [16]
[2025-01-29 13:09:05,184][__main__][INFO] - [0, 15, 17], []
[2025-01-29 13:09:05,214][__main__][INFO] - [0, 15, 18], []
[2025-01-29 13:09:05,241][__main__][INFO] - [0, 15, 19], []
[2025-01-29 13:09:05,264][__main__][INFO] - [0, 15, 20], []
[2025-01-29 13:09:05,287][__main__][INFO] - [0, 15, 21], []
[2025-01-29 13:09:05,326][__main__][INFO] - [0, 15, 23], []
[2025-01-29 13:09:05,397][__main__][INFO] - [0, 16, 17], []
[2025-01-29 13:09:05,429][__main__][INFO] - [0, 16, 18], []
[2025-01-29 13:09:05,494][__main__][INFO] - [0, 16, 19], []
[2025-01-29 13:09:05,522][__main__][INFO] - [0, 16, 20], []
[2025-01-29 13:09:05,549][__main__][INFO] - [0, 16, 21], []
[2025-01-29 13:09:05,573][__main__][INFO] - [0, 16, 22], []
[2025-01-29 13:09:05,600][__main__][INFO] - [0, 16, 23], []
[2025-01-29 13:09:05,642][__main__][INFO] - [0, 16, 24], []
[2025-01-29 13:09:05,705][__main__][INFO] - [0, 17], [16]
[2025-01-29 13:09:05,742][__main__][INFO] - [0, 18], [16]
[2025-01-29 13:09:05,812][__main__][INFO] - [0, 19], [16]
[2025-01-29 13:09:05,842][__main__][INFO] - [0, 20], [16]
[2025-01-29 13:09:05,871][__main__][INFO] - [0, 21], [16]
[2025-01-29 13:09:05,899][__main__][INFO] - [0, 22], [16]
[2025-01-29 13:09:05,926][__main__][INFO] - [0, 23], [16]
[2025-01-29 13:09:05,960][__main__][INFO] - [0, 24], [16]
[2025-01-29 13:09:06,042][__main__][INFO] - [1, 10, 16], []
[2025-01-29 13:09:06,145][__main__][INFO] - [1, 10], [16]
[2025-01-29 13:09:06,267][__main__][INFO] - [1, 10, 17], []
[2025-01-29 13:09:06,312][__main__][INFO] - [1, 10, 18], []
[2025-01-29 13:09:06,440][__main__][INFO] - [1, 10, 19], []
[2025-01-29 13:09:06,474][__main__][INFO] - [1, 10, 20], []
[2025-01-29 13:09:06,507][__main__][INFO] - [1, 10, 21], []
[2025-01-29 13:09:06,535][__main__][INFO] - [1, 10, 22], []
[2025-01-29 13:09:06,562][__main__][INFO] - [1, 10, 23], []
[2025-01-29 13:09:06,601][__main__][INFO] - [1, 10, 24], []
[2025-01-29 13:09:06,664][__main__][INFO] - [1, 11, 16], []
[2025-01-29 13:09:06,694][__main__][INFO] - [1, 11], [16]
[2025-01-29 13:09:06,741][__main__][INFO] - [1, 11, 18], []
[2025-01-29 13:09:06,771][__main__][INFO] - [1, 11, 19], []
[2025-01-29 13:09:06,796][__main__][INFO] - [1, 11, 20], []
[2025-01-29 13:09:06,860][__main__][INFO] - [1, 11, 23], []
[2025-01-29 13:09:06,930][__main__][INFO] - [1, 12, 16], []
[2025-01-29 13:09:06,960][__main__][INFO] - [1, 12], [16]
[2025-01-29 13:09:07,011][__main__][INFO] - [1, 12, 18], []
[2025-01-29 13:09:07,037][__main__][INFO] - [1, 12, 19], []
[2025-01-29 13:09:07,121][__main__][INFO] - [1, 12, 23], []
[2025-01-29 13:09:07,218][__main__][INFO] - [1, 13, 16], []
[2025-01-29 13:09:07,245][__main__][INFO] - [1, 13], [16]
[2025-01-29 13:09:07,290][__main__][INFO] - [1, 13, 18], []
[2025-01-29 13:09:07,337][__main__][INFO] - [1, 13, 20], []
[2025-01-29 13:09:07,474][__main__][INFO] - [1, 14, 16], []
[2025-01-29 13:09:07,501][__main__][INFO] - [1, 14], [16]
[2025-01-29 13:09:07,547][__main__][INFO] - [1, 14, 18], []
[2025-01-29 13:09:07,632][__main__][INFO] - [1, 14, 22], []
[2025-01-29 13:09:07,656][__main__][INFO] - [1, 14, 23], []
[2025-01-29 13:09:07,733][__main__][INFO] - [1, 15, 16], []
[2025-01-29 13:09:07,764][__main__][INFO] - [1, 15], [16]
[2025-01-29 13:09:07,798][__main__][INFO] - [1, 15, 17], []
[2025-01-29 13:09:07,829][__main__][INFO] - [1, 15, 18], []
[2025-01-29 13:09:07,863][__main__][INFO] - [1, 15, 19], []
[2025-01-29 13:09:07,887][__main__][INFO] - [1, 15, 20], []
[2025-01-29 13:09:07,914][__main__][INFO] - [1, 15, 21], []
[2025-01-29 13:09:07,952][__main__][INFO] - [1, 15, 23], []
[2025-01-29 13:09:07,980][__main__][INFO] - [1, 15, 24], []
[2025-01-29 13:09:08,035][__main__][INFO] - [1, 16, 17], []
[2025-01-29 13:09:08,069][__main__][INFO] - [1, 16, 18], []
[2025-01-29 13:09:08,146][__main__][INFO] - [1, 16, 19], []
[2025-01-29 13:09:08,174][__main__][INFO] - [1, 16, 20], []
[2025-01-29 13:09:08,202][__main__][INFO] - [1, 16, 21], []
[2025-01-29 13:09:08,229][__main__][INFO] - [1, 16, 22], []
[2025-01-29 13:09:08,257][__main__][INFO] - [1, 16, 23], []
[2025-01-29 13:09:08,297][__main__][INFO] - [1, 16, 24], []
[2025-01-29 13:09:08,352][__main__][INFO] - [1, 17], [16]
[2025-01-29 13:09:08,389][__main__][INFO] - [1, 18], [16]
[2025-01-29 13:09:08,473][__main__][INFO] - [1, 19], [16]
[2025-01-29 13:09:08,500][__main__][INFO] - [1, 20], [16]
[2025-01-29 13:09:08,529][__main__][INFO] - [1, 21], [16]
[2025-01-29 13:09:08,553][__main__][INFO] - [1, 22], [16]
[2025-01-29 13:09:08,578][__main__][INFO] - [1, 23], [16]
[2025-01-29 13:09:08,618][__main__][INFO] - [1, 24], [16]
[2025-01-29 13:09:08,689][__main__][INFO] - [2, 10, 16], []
[2025-01-29 13:09:08,772][__main__][INFO] - [2, 10], [16]
[2025-01-29 13:09:08,862][__main__][INFO] - [2, 10, 17], []
[2025-01-29 13:09:08,895][__main__][INFO] - [2, 10, 18], []
[2025-01-29 13:09:09,007][__main__][INFO] - [2, 10, 19], []
[2025-01-29 13:09:09,035][__main__][INFO] - [2, 10, 20], []
[2025-01-29 13:09:09,063][__main__][INFO] - [2, 10, 21], []
[2025-01-29 13:09:09,091][__main__][INFO] - [2, 10, 22], []
[2025-01-29 13:09:09,116][__main__][INFO] - [2, 10, 23], []
[2025-01-29 13:09:09,148][__main__][INFO] - [2, 10, 24], []
[2025-01-29 13:09:09,204][__main__][INFO] - [2, 11, 16], []
[2025-01-29 13:09:09,233][__main__][INFO] - [2, 11], [16]
[2025-01-29 13:09:09,275][__main__][INFO] - [2, 11, 18], []
[2025-01-29 13:09:09,303][__main__][INFO] - [2, 11, 19], []
[2025-01-29 13:09:09,388][__main__][INFO] - [2, 11, 23], []
[2025-01-29 13:09:09,459][__main__][INFO] - [2, 12, 16], []
[2025-01-29 13:09:09,493][__main__][INFO] - [2, 12], [16]
[2025-01-29 13:09:09,543][__main__][INFO] - [2, 12, 18], []
[2025-01-29 13:09:09,571][__main__][INFO] - [2, 12, 19], []
[2025-01-29 13:09:09,643][__main__][INFO] - [2, 12, 23], []
[2025-01-29 13:09:09,734][__main__][INFO] - [2, 13, 16], []
[2025-01-29 13:09:09,759][__main__][INFO] - [2, 13], [16]
[2025-01-29 13:09:09,799][__main__][INFO] - [2, 13, 18], []
[2025-01-29 13:09:09,846][__main__][INFO] - [2, 13, 20], []
[2025-01-29 13:09:09,902][__main__][INFO] - [2, 13, 23], []
[2025-01-29 13:09:09,975][__main__][INFO] - [2, 14, 16], []
[2025-01-29 13:09:10,000][__main__][INFO] - [2, 14], [16]
[2025-01-29 13:09:10,040][__main__][INFO] - [2, 14, 18], []
[2025-01-29 13:09:10,109][__main__][INFO] - [2, 14, 22], []
[2025-01-29 13:09:10,136][__main__][INFO] - [2, 14, 23], []
[2025-01-29 13:09:10,213][__main__][INFO] - [2, 15, 16], []
[2025-01-29 13:09:10,249][__main__][INFO] - [2, 15], [16]
[2025-01-29 13:09:10,289][__main__][INFO] - [2, 15, 17], []
[2025-01-29 13:09:10,325][__main__][INFO] - [2, 15, 18], []
[2025-01-29 13:09:10,367][__main__][INFO] - [2, 15, 19], []
[2025-01-29 13:09:10,392][__main__][INFO] - [2, 15, 20], []
[2025-01-29 13:09:10,419][__main__][INFO] - [2, 15, 21], []
[2025-01-29 13:09:10,460][__main__][INFO] - [2, 15, 23], []
[2025-01-29 13:09:10,484][__main__][INFO] - [2, 15, 24], []
[2025-01-29 13:09:10,540][__main__][INFO] - [2, 16, 17], []
[2025-01-29 13:09:10,572][__main__][INFO] - [2, 16, 18], []
[2025-01-29 13:09:10,641][__main__][INFO] - [2, 16, 19], []
[2025-01-29 13:09:10,667][__main__][INFO] - [2, 16, 20], []
[2025-01-29 13:09:10,693][__main__][INFO] - [2, 16, 21], []
[2025-01-29 13:09:10,718][__main__][INFO] - [2, 16, 22], []
[2025-01-29 13:09:10,743][__main__][INFO] - [2, 16, 23], []
[2025-01-29 13:09:10,781][__main__][INFO] - [2, 16, 24], []
[2025-01-29 13:09:10,836][__main__][INFO] - [2, 17], [16]
[2025-01-29 13:09:10,871][__main__][INFO] - [2, 18], [16]
[2025-01-29 13:09:10,953][__main__][INFO] - [2, 19], [16]
[2025-01-29 13:09:10,980][__main__][INFO] - [2, 20], [16]
[2025-01-29 13:09:11,010][__main__][INFO] - [2, 21], [16]
[2025-01-29 13:09:11,035][__main__][INFO] - [2, 22], [16]
[2025-01-29 13:09:11,060][__main__][INFO] - [2, 23], [16]
[2025-01-29 13:09:11,098][__main__][INFO] - [2, 24], [16]
[2025-01-29 13:09:11,173][__main__][INFO] - [3, 10, 16], []
[2025-01-29 13:09:11,237][__main__][INFO] - [3, 10], [16]
[2025-01-29 13:09:11,303][__main__][INFO] - [3, 10, 17], []
[2025-01-29 13:09:11,334][__main__][INFO] - [3, 10, 18], []
[2025-01-29 13:09:11,424][__main__][INFO] - [3, 10, 19], []
[2025-01-29 13:09:11,451][__main__][INFO] - [3, 10, 20], []
[2025-01-29 13:09:11,482][__main__][INFO] - [3, 10, 21], []
[2025-01-29 13:09:11,507][__main__][INFO] - [3, 10, 22], []
[2025-01-29 13:09:11,531][__main__][INFO] - [3, 10, 23], []
[2025-01-29 13:09:11,559][__main__][INFO] - [3, 10, 24], []
[2025-01-29 13:09:11,615][__main__][INFO] - [3, 11, 16], []
[2025-01-29 13:09:11,640][__main__][INFO] - [3, 11], [16]
[2025-01-29 13:09:11,681][__main__][INFO] - [3, 11, 18], []
[2025-01-29 13:09:11,711][__main__][INFO] - [3, 11, 19], []
[2025-01-29 13:09:11,793][__main__][INFO] - [3, 11, 23], []
[2025-01-29 13:09:11,876][__main__][INFO] - [3, 12, 16], []
[2025-01-29 13:09:11,914][__main__][INFO] - [3, 12], [16]
[2025-01-29 13:09:11,970][__main__][INFO] - [3, 12, 18], []
[2025-01-29 13:09:11,999][__main__][INFO] - [3, 12, 19], []
[2025-01-29 13:09:12,083][__main__][INFO] - [3, 12, 23], []
[2025-01-29 13:09:12,187][__main__][INFO] - [3, 13, 16], []
[2025-01-29 13:09:12,213][__main__][INFO] - [3, 13], [16]
[2025-01-29 13:09:12,258][__main__][INFO] - [3, 13, 18], []
[2025-01-29 13:09:12,303][__main__][INFO] - [3, 13, 20], []
[2025-01-29 13:09:12,368][__main__][INFO] - [3, 13, 23], []
[2025-01-29 13:09:12,452][__main__][INFO] - [3, 14, 16], []
[2025-01-29 13:09:12,479][__main__][INFO] - [3, 14], [16]
[2025-01-29 13:09:12,525][__main__][INFO] - [3, 14, 18], []
[2025-01-29 13:09:12,552][__main__][INFO] - [3, 14, 19], []
[2025-01-29 13:09:12,617][__main__][INFO] - [3, 14, 22], []
[2025-01-29 13:09:12,645][__main__][INFO] - [3, 14, 23], []
[2025-01-29 13:09:12,728][__main__][INFO] - [3, 15, 16], []
[2025-01-29 13:09:12,764][__main__][INFO] - [3, 15], [16]
[2025-01-29 13:09:12,803][__main__][INFO] - [3, 15, 17], []
[2025-01-29 13:09:12,837][__main__][INFO] - [3, 15, 18], []
[2025-01-29 13:09:12,877][__main__][INFO] - [3, 15, 19], []
[2025-01-29 13:09:12,901][__main__][INFO] - [3, 15, 20], []
[2025-01-29 13:09:12,929][__main__][INFO] - [3, 15, 21], []
[2025-01-29 13:09:12,969][__main__][INFO] - [3, 15, 23], []
[2025-01-29 13:09:12,997][__main__][INFO] - [3, 15, 24], []
[2025-01-29 13:09:13,052][__main__][INFO] - [3, 16, 17], []
[2025-01-29 13:09:13,082][__main__][INFO] - [3, 16, 18], []
[2025-01-29 13:09:13,143][__main__][INFO] - [3, 16, 19], []
[2025-01-29 13:09:13,169][__main__][INFO] - [3, 16, 20], []
[2025-01-29 13:09:13,197][__main__][INFO] - [3, 16, 21], []
[2025-01-29 13:09:13,222][__main__][INFO] - [3, 16, 22], []
[2025-01-29 13:09:13,246][__main__][INFO] - [3, 16, 23], []
[2025-01-29 13:09:13,282][__main__][INFO] - [3, 16, 24], []
[2025-01-29 13:09:13,345][__main__][INFO] - [3, 17], [16]
[2025-01-29 13:09:13,376][__main__][INFO] - [3, 18], [16]
[2025-01-29 13:09:13,443][__main__][INFO] - [3, 19], [16]
[2025-01-29 13:09:13,471][__main__][INFO] - [3, 20], [16]
[2025-01-29 13:09:13,498][__main__][INFO] - [3, 21], [16]
[2025-01-29 13:09:13,522][__main__][INFO] - [3, 22], [16]
[2025-01-29 13:09:13,547][__main__][INFO] - [3, 23], [16]
[2025-01-29 13:09:13,583][__main__][INFO] - [3, 24], [16]
[2025-01-29 13:09:13,658][__main__][INFO] - [4, 10, 16], []
[2025-01-29 13:09:13,730][__main__][INFO] - [4, 10], [16]
[2025-01-29 13:09:13,813][__main__][INFO] - [4, 10, 17], []
[2025-01-29 13:09:13,840][__main__][INFO] - [4, 10, 18], []
[2025-01-29 13:09:13,951][__main__][INFO] - [4, 10, 19], []
[2025-01-29 13:09:13,980][__main__][INFO] - [4, 10, 20], []
[2025-01-29 13:09:14,010][__main__][INFO] - [4, 10, 21], []
[2025-01-29 13:09:14,035][__main__][INFO] - [4, 10, 22], []
[2025-01-29 13:09:14,059][__main__][INFO] - [4, 10, 23], []
[2025-01-29 13:09:14,087][__main__][INFO] - [4, 10, 24], []
[2025-01-29 13:09:14,142][__main__][INFO] - [4, 11, 16], []
[2025-01-29 13:09:14,168][__main__][INFO] - [4, 11], [16]
[2025-01-29 13:09:14,210][__main__][INFO] - [4, 11, 18], []
[2025-01-29 13:09:14,241][__main__][INFO] - [4, 11, 19], []
[2025-01-29 13:09:14,266][__main__][INFO] - [4, 11, 20], []
[2025-01-29 13:09:14,321][__main__][INFO] - [4, 11, 23], []
[2025-01-29 13:09:14,391][__main__][INFO] - [4, 12, 16], []
[2025-01-29 13:09:14,431][__main__][INFO] - [4, 12], [16]
[2025-01-29 13:09:14,486][__main__][INFO] - [4, 12, 18], []
[2025-01-29 13:09:14,512][__main__][INFO] - [4, 12, 19], []
[2025-01-29 13:09:14,584][__main__][INFO] - [4, 12, 23], []
[2025-01-29 13:09:14,682][__main__][INFO] - [4, 13, 16], []
[2025-01-29 13:09:14,707][__main__][INFO] - [4, 13], [16]
[2025-01-29 13:09:14,747][__main__][INFO] - [4, 13, 18], []
[2025-01-29 13:09:14,788][__main__][INFO] - [4, 13, 20], []
[2025-01-29 13:09:14,844][__main__][INFO] - [4, 13, 23], []
[2025-01-29 13:09:14,914][__main__][INFO] - [4, 14, 16], []
[2025-01-29 13:09:14,937][__main__][INFO] - [4, 14], [16]
[2025-01-29 13:09:14,976][__main__][INFO] - [4, 14, 18], []
[2025-01-29 13:09:15,000][__main__][INFO] - [4, 14, 19], []
[2025-01-29 13:09:15,056][__main__][INFO] - [4, 14, 22], []
[2025-01-29 13:09:15,143][__main__][INFO] - [4, 15, 16], []
[2025-01-29 13:09:15,183][__main__][INFO] - [4, 15], [16]
[2025-01-29 13:09:15,227][__main__][INFO] - [4, 15, 17], []
[2025-01-29 13:09:15,265][__main__][INFO] - [4, 15, 18], []
[2025-01-29 13:09:15,308][__main__][INFO] - [4, 15, 19], []
[2025-01-29 13:09:15,333][__main__][INFO] - [4, 15, 20], []
[2025-01-29 13:09:15,357][__main__][INFO] - [4, 15, 21], []
[2025-01-29 13:09:15,398][__main__][INFO] - [4, 15, 23], []
[2025-01-29 13:09:15,422][__main__][INFO] - [4, 15, 24], []
[2025-01-29 13:09:15,478][__main__][INFO] - [4, 16, 17], []
[2025-01-29 13:09:15,508][__main__][INFO] - [4, 16, 18], []
[2025-01-29 13:09:15,583][__main__][INFO] - [4, 16, 19], []
[2025-01-29 13:09:15,623][__main__][INFO] - [4, 16, 20], []
[2025-01-29 13:09:15,650][__main__][INFO] - [4, 16, 21], []
[2025-01-29 13:09:15,678][__main__][INFO] - [4, 16, 22], []
[2025-01-29 13:09:15,703][__main__][INFO] - [4, 16, 23], []
[2025-01-29 13:09:15,741][__main__][INFO] - [4, 16, 24], []
[2025-01-29 13:09:15,796][__main__][INFO] - [4, 17], [16]
[2025-01-29 13:09:15,831][__main__][INFO] - [4, 18], [16]
[2025-01-29 13:09:15,916][__main__][INFO] - [4, 19], [16]
[2025-01-29 13:09:15,942][__main__][INFO] - [4, 20], [16]
[2025-01-29 13:09:15,972][__main__][INFO] - [4, 21], [16]
[2025-01-29 13:09:15,996][__main__][INFO] - [4, 22], [16]
[2025-01-29 13:09:16,022][__main__][INFO] - [4, 23], [16]
[2025-01-29 13:09:16,061][__main__][INFO] - [4, 24], [16]
[2025-01-29 13:09:16,138][__main__][INFO] - [5, 10, 16], []
[2025-01-29 13:09:16,209][__main__][INFO] - [5, 10], [16]
[2025-01-29 13:09:16,288][__main__][INFO] - [5, 10, 17], []
[2025-01-29 13:09:16,315][__main__][INFO] - [5, 10, 18], []
[2025-01-29 13:09:16,429][__main__][INFO] - [5, 10, 19], []
[2025-01-29 13:09:16,455][__main__][INFO] - [5, 10, 20], []
[2025-01-29 13:09:16,484][__main__][INFO] - [5, 10, 21], []
[2025-01-29 13:09:16,509][__main__][INFO] - [5, 10, 22], []
[2025-01-29 13:09:16,532][__main__][INFO] - [5, 10, 23], []
[2025-01-29 13:09:16,557][__main__][INFO] - [5, 10, 24], []
[2025-01-29 13:09:16,621][__main__][INFO] - [5, 11, 16], []
[2025-01-29 13:09:16,647][__main__][INFO] - [5, 11], [16]
[2025-01-29 13:09:16,689][__main__][INFO] - [5, 11, 18], []
[2025-01-29 13:09:16,717][__main__][INFO] - [5, 11, 19], []
[2025-01-29 13:09:16,875][__main__][INFO] - [5, 12, 16], []
[2025-01-29 13:09:16,911][__main__][INFO] - [5, 12], [16]
[2025-01-29 13:09:16,968][__main__][INFO] - [5, 12, 18], []
[2025-01-29 13:09:16,994][__main__][INFO] - [5, 12, 19], []
[2025-01-29 13:09:17,065][__main__][INFO] - [5, 12, 23], []
[2025-01-29 13:09:17,155][__main__][INFO] - [5, 13, 16], []
[2025-01-29 13:09:17,179][__main__][INFO] - [5, 13], [16]
[2025-01-29 13:09:17,220][__main__][INFO] - [5, 13, 18], []
[2025-01-29 13:09:17,260][__main__][INFO] - [5, 13, 20], []
[2025-01-29 13:09:17,316][__main__][INFO] - [5, 13, 23], []
[2025-01-29 13:09:17,387][__main__][INFO] - [5, 14, 16], []
[2025-01-29 13:09:17,411][__main__][INFO] - [5, 14], [16]
[2025-01-29 13:09:17,451][__main__][INFO] - [5, 14, 18], []
[2025-01-29 13:09:17,478][__main__][INFO] - [5, 14, 19], []
[2025-01-29 13:09:17,534][__main__][INFO] - [5, 14, 22], []
[2025-01-29 13:09:17,558][__main__][INFO] - [5, 14, 23], []
[2025-01-29 13:09:17,640][__main__][INFO] - [5, 15, 16], []
[2025-01-29 13:09:17,672][__main__][INFO] - [5, 15], [16]
[2025-01-29 13:09:17,709][__main__][INFO] - [5, 15, 17], []
[2025-01-29 13:09:17,740][__main__][INFO] - [5, 15, 18], []
[2025-01-29 13:09:17,777][__main__][INFO] - [5, 15, 19], []
[2025-01-29 13:09:17,802][__main__][INFO] - [5, 15, 20], []
[2025-01-29 13:09:17,827][__main__][INFO] - [5, 15, 21], []
[2025-01-29 13:09:17,867][__main__][INFO] - [5, 15, 23], []
[2025-01-29 13:09:17,891][__main__][INFO] - [5, 15, 24], []
[2025-01-29 13:09:17,947][__main__][INFO] - [5, 16, 17], []
[2025-01-29 13:09:17,975][__main__][INFO] - [5, 16, 18], []
[2025-01-29 13:09:18,048][__main__][INFO] - [5, 16, 19], []
[2025-01-29 13:09:18,077][__main__][INFO] - [5, 16, 20], []
[2025-01-29 13:09:18,104][__main__][INFO] - [5, 16, 21], []
[2025-01-29 13:09:18,131][__main__][INFO] - [5, 16, 22], []
[2025-01-29 13:09:18,154][__main__][INFO] - [5, 16, 23], []
[2025-01-29 13:09:18,188][__main__][INFO] - [5, 16, 24], []
[2025-01-29 13:09:18,243][__main__][INFO] - [5, 17], [16]
[2025-01-29 13:09:18,272][__main__][INFO] - [5, 18], [16]
[2025-01-29 13:09:18,352][__main__][INFO] - [5, 19], [16]
[2025-01-29 13:09:18,378][__main__][INFO] - [5, 20], [16]
[2025-01-29 13:09:18,407][__main__][INFO] - [5, 21], [16]
[2025-01-29 13:09:18,432][__main__][INFO] - [5, 22], [16]
[2025-01-29 13:09:18,456][__main__][INFO] - [5, 23], [16]
[2025-01-29 13:09:18,494][__main__][INFO] - [5, 24], [16]
[2025-01-29 13:09:18,577][__main__][INFO] - [6, 10, 16], []
[2025-01-29 13:09:18,624][__main__][INFO] - [6, 10], [16]
[2025-01-29 13:09:18,670][__main__][INFO] - [6, 10, 17], []
[2025-01-29 13:09:18,697][__main__][INFO] - [6, 10, 18], []
[2025-01-29 13:09:18,757][__main__][INFO] - [6, 10, 19], []
[2025-01-29 13:09:18,781][__main__][INFO] - [6, 10, 20], []
[2025-01-29 13:09:18,807][__main__][INFO] - [6, 10, 21], []
[2025-01-29 13:09:18,832][__main__][INFO] - [6, 10, 22], []
[2025-01-29 13:09:18,856][__main__][INFO] - [6, 10, 23], []
[2025-01-29 13:09:18,941][__main__][INFO] - [6, 11, 16], []
[2025-01-29 13:09:18,969][__main__][INFO] - [6, 11], [16]
[2025-01-29 13:09:19,010][__main__][INFO] - [6, 11, 18], []
[2025-01-29 13:09:19,187][__main__][INFO] - [6, 12, 16], []
[2025-01-29 13:09:19,214][__main__][INFO] - [6, 12], [16]
[2025-01-29 13:09:19,257][__main__][INFO] - [6, 12, 18], []
[2025-01-29 13:09:19,281][__main__][INFO] - [6, 12, 19], []
[2025-01-29 13:09:19,365][__main__][INFO] - [6, 12, 23], []
[2025-01-29 13:09:19,443][__main__][INFO] - [6, 13, 16], []
[2025-01-29 13:09:19,467][__main__][INFO] - [6, 13], [16]
[2025-01-29 13:09:19,507][__main__][INFO] - [6, 13, 18], []
[2025-01-29 13:09:19,553][__main__][INFO] - [6, 13, 20], []
[2025-01-29 13:09:19,708][__main__][INFO] - [6, 14], [16]
[2025-01-29 13:09:19,885][__main__][INFO] - [6, 15, 16], []
[2025-01-29 13:09:19,911][__main__][INFO] - [6, 15], [16]
[2025-01-29 13:09:19,939][__main__][INFO] - [6, 15, 17], []
[2025-01-29 13:09:19,965][__main__][INFO] - [6, 15, 18], []
[2025-01-29 13:09:19,992][__main__][INFO] - [6, 15, 19], []
[2025-01-29 13:09:20,017][__main__][INFO] - [6, 15, 20], []
[2025-01-29 13:09:20,081][__main__][INFO] - [6, 15, 23], []
[2025-01-29 13:09:20,163][__main__][INFO] - [6, 16, 17], []
[2025-01-29 13:09:20,190][__main__][INFO] - [6, 16, 18], []
[2025-01-29 13:09:20,236][__main__][INFO] - [6, 16, 19], []
[2025-01-29 13:09:20,264][__main__][INFO] - [6, 16, 20], []
[2025-01-29 13:09:20,291][__main__][INFO] - [6, 16, 21], []
[2025-01-29 13:09:20,317][__main__][INFO] - [6, 16, 22], []
[2025-01-29 13:09:20,343][__main__][INFO] - [6, 16, 23], []
[2025-01-29 13:09:20,429][__main__][INFO] - [6, 17], [16]
[2025-01-29 13:09:20,457][__main__][INFO] - [6, 18], [16]
[2025-01-29 13:09:20,507][__main__][INFO] - [6, 19], [16]
[2025-01-29 13:09:20,535][__main__][INFO] - [6, 20], [16]
[2025-01-29 13:09:20,563][__main__][INFO] - [6, 21], [16]
[2025-01-29 13:09:20,591][__main__][INFO] - [6, 22], [16]
[2025-01-29 13:09:20,619][__main__][INFO] - [6, 23], [16]
[2025-01-29 13:09:20,716][__main__][INFO] - [7, 10, 16], []
[2025-01-29 13:09:20,746][__main__][INFO] - [7, 10], [16]
[2025-01-29 13:09:20,781][__main__][INFO] - [7, 10, 17], []
[2025-01-29 13:09:20,806][__main__][INFO] - [7, 10, 18], []
[2025-01-29 13:09:20,842][__main__][INFO] - [7, 10, 19], []
[2025-01-29 13:09:20,865][__main__][INFO] - [7, 10, 20], []
[2025-01-29 13:09:20,889][__main__][INFO] - [7, 10, 21], []
[2025-01-29 13:09:20,935][__main__][INFO] - [7, 10, 23], []
[2025-01-29 13:09:21,011][__main__][INFO] - [7, 11, 16], []
[2025-01-29 13:09:21,036][__main__][INFO] - [7, 11], [16]
[2025-01-29 13:09:21,076][__main__][INFO] - [7, 11, 18], []
[2025-01-29 13:09:21,236][__main__][INFO] - [7, 12, 16], []
[2025-01-29 13:09:21,261][__main__][INFO] - [7, 12], [16]
[2025-01-29 13:09:21,302][__main__][INFO] - [7, 12, 18], []
[2025-01-29 13:09:21,330][__main__][INFO] - [7, 12, 19], []
[2025-01-29 13:09:21,399][__main__][INFO] - [7, 12, 23], []
[2025-01-29 13:09:21,498][__main__][INFO] - [7, 13], [16]
[2025-01-29 13:09:21,541][__main__][INFO] - [7, 13, 18], []
[2025-01-29 13:09:21,938][__main__][INFO] - [7, 15, 16], []
[2025-01-29 13:09:21,962][__main__][INFO] - [7, 15], [16]
[2025-01-29 13:09:21,986][__main__][INFO] - [7, 15, 17], []
[2025-01-29 13:09:22,013][__main__][INFO] - [7, 15, 18], []
[2025-01-29 13:09:22,038][__main__][INFO] - [7, 15, 19], []
[2025-01-29 13:09:22,171][__main__][INFO] - [7, 16, 17], []
[2025-01-29 13:09:22,195][__main__][INFO] - [7, 16, 18], []
[2025-01-29 13:09:22,225][__main__][INFO] - [7, 16, 19], []
[2025-01-29 13:09:22,249][__main__][INFO] - [7, 16, 20], []
[2025-01-29 13:09:22,274][__main__][INFO] - [7, 16, 21], []
[2025-01-29 13:09:22,314][__main__][INFO] - [7, 16, 23], []
[2025-01-29 13:09:22,386][__main__][INFO] - [7, 17], [16]
[2025-01-29 13:09:22,413][__main__][INFO] - [7, 18], [16]
[2025-01-29 13:09:22,445][__main__][INFO] - [7, 19], [16]
[2025-01-29 13:09:22,468][__main__][INFO] - [7, 20], [16]
[2025-01-29 13:09:22,491][__main__][INFO] - [7, 21], [16]
[2025-01-29 13:09:22,530][__main__][INFO] - [7, 23], [16]
[2025-01-29 13:09:22,632][__main__][INFO] - [8, 10, 16], []
[2025-01-29 13:09:22,657][__main__][INFO] - [8, 10], [16]
[2025-01-29 13:09:22,699][__main__][INFO] - [8, 10, 18], []
[2025-01-29 13:09:22,726][__main__][INFO] - [8, 10, 19], []
[2025-01-29 13:09:22,750][__main__][INFO] - [8, 10, 20], []
[2025-01-29 13:09:22,806][__main__][INFO] - [8, 10, 23], []
[2025-01-29 13:09:22,877][__main__][INFO] - [8, 11, 16], []
[2025-01-29 13:09:22,904][__main__][INFO] - [8, 11], [16]
[2025-01-29 13:09:22,950][__main__][INFO] - [8, 11, 18], []
[2025-01-29 13:09:23,128][__main__][INFO] - [8, 12, 16], []
[2025-01-29 13:09:23,152][__main__][INFO] - [8, 12], [16]
[2025-01-29 13:09:23,192][__main__][INFO] - [8, 12, 18], []
[2025-01-29 13:09:23,295][__main__][INFO] - [8, 12, 23], []
[2025-01-29 13:09:23,396][__main__][INFO] - [8, 15, 16], []
[2025-01-29 13:09:23,420][__main__][INFO] - [8, 15], [16]
[2025-01-29 13:09:23,461][__main__][INFO] - [8, 15, 18], []
[2025-01-29 13:09:23,654][__main__][INFO] - [8, 16, 18], []
[2025-01-29 13:09:23,679][__main__][INFO] - [8, 16, 19], []
[2025-01-29 13:09:23,703][__main__][INFO] - [8, 16, 20], []
[2025-01-29 13:09:23,759][__main__][INFO] - [8, 16, 23], []
[2025-01-29 13:09:23,830][__main__][INFO] - [8, 17], [16]
[2025-01-29 13:09:23,857][__main__][INFO] - [8, 18], [16]
[2025-01-29 13:09:23,883][__main__][INFO] - [8, 19], [16]
[2025-01-29 13:09:23,908][__main__][INFO] - [8, 20], [16]
[2025-01-29 13:09:23,963][__main__][INFO] - [8, 23], [16]
[2025-01-29 13:09:24,048][__main__][INFO] - [9, 10, 16], []
[2025-01-29 13:09:24,075][__main__][INFO] - [9, 10], [16]
[2025-01-29 13:09:24,114][__main__][INFO] - [9, 10, 18], []
[2025-01-29 13:09:24,584][__main__][INFO] - [9, 16, 18], []
[2025-01-29 13:09:24,759][__main__][INFO] - [9, 18], [16]
[2025-01-29 13:09:24,955][__main__][INFO] - [10, 16, 17], []
[2025-01-29 13:09:25,005][__main__][INFO] - [10, 16, 18], []
[2025-01-29 13:09:25,298][__main__][INFO] - [10, 16, 19], []
[2025-01-29 13:09:25,337][__main__][INFO] - [10, 16, 20], []
[2025-01-29 13:09:25,379][__main__][INFO] - [10, 16, 21], []
[2025-01-29 13:09:25,408][__main__][INFO] - [10, 16, 22], []
[2025-01-29 13:09:25,435][__main__][INFO] - [10, 16, 23], []
[2025-01-29 13:09:25,482][__main__][INFO] - [10, 16, 24], []
[2025-01-29 13:09:25,547][__main__][INFO] - [10, 17], [16]
[2025-01-29 13:09:25,600][__main__][INFO] - [10, 18], [16]
[2025-01-29 13:09:25,919][__main__][INFO] - [10, 19], [16]
[2025-01-29 13:09:25,956][__main__][INFO] - [10, 20], [16]
[2025-01-29 13:09:25,998][__main__][INFO] - [10, 21], [16]
[2025-01-29 13:09:26,024][__main__][INFO] - [10, 22], [16]
[2025-01-29 13:09:26,049][__main__][INFO] - [10, 23], [16]
[2025-01-29 13:09:26,092][__main__][INFO] - [10, 24], [16]
[2025-01-29 13:09:26,163][__main__][INFO] - [11, 16, 17], []
[2025-01-29 13:09:26,187][__main__][INFO] - [11, 16, 18], []
[2025-01-29 13:09:26,217][__main__][INFO] - [11, 16, 19], []
[2025-01-29 13:09:26,242][__main__][INFO] - [11, 16, 20], []
[2025-01-29 13:09:26,297][__main__][INFO] - [11, 16, 23], []
[2025-01-29 13:09:26,370][__main__][INFO] - [11, 17], [16]
[2025-01-29 13:09:26,394][__main__][INFO] - [11, 18], [16]
[2025-01-29 13:09:26,428][__main__][INFO] - [11, 19], [16]
[2025-01-29 13:09:26,453][__main__][INFO] - [11, 20], [16]
[2025-01-29 13:09:26,515][__main__][INFO] - [11, 23], [16]
[2025-01-29 13:09:26,601][__main__][INFO] - [12, 16, 17], []
[2025-01-29 13:09:26,625][__main__][INFO] - [12, 16, 18], []
[2025-01-29 13:09:26,652][__main__][INFO] - [12, 16, 19], []
[2025-01-29 13:09:26,724][__main__][INFO] - [12, 16, 23], []
[2025-01-29 13:09:26,849][__main__][INFO] - [12, 17], [16]
[2025-01-29 13:09:26,873][__main__][INFO] - [12, 18], [16]
[2025-01-29 13:09:26,902][__main__][INFO] - [12, 19], [16]
[2025-01-29 13:09:26,974][__main__][INFO] - [12, 23], [16]
[2025-01-29 13:09:27,128][__main__][INFO] - [13, 16, 18], []
[2025-01-29 13:09:27,153][__main__][INFO] - [13, 16, 19], []
[2025-01-29 13:09:27,177][__main__][INFO] - [13, 16, 20], []
[2025-01-29 13:09:27,233][__main__][INFO] - [13, 16, 23], []
[2025-01-29 13:09:27,317][__main__][INFO] - [13, 18], [16]
[2025-01-29 13:09:27,341][__main__][INFO] - [13, 19], [16]
[2025-01-29 13:09:27,365][__main__][INFO] - [13, 20], [16]
[2025-01-29 13:09:27,422][__main__][INFO] - [13, 23], [16]
[2025-01-29 13:09:27,526][__main__][INFO] - [14, 16, 18], []
[2025-01-29 13:09:27,551][__main__][INFO] - [14, 16, 19], []
[2025-01-29 13:09:27,606][__main__][INFO] - [14, 16, 22], []
[2025-01-29 13:09:27,634][__main__][INFO] - [14, 16, 23], []
[2025-01-29 13:09:27,730][__main__][INFO] - [14, 18], [16]
[2025-01-29 13:09:27,755][__main__][INFO] - [14, 19], [16]
[2025-01-29 13:09:27,813][__main__][INFO] - [14, 22], [16]
[2025-01-29 13:09:27,849][__main__][INFO] - [14, 23], [16]
[2025-01-29 13:09:27,947][__main__][INFO] - [15, 16, 17], []
[2025-01-29 13:09:27,992][__main__][INFO] - [15, 16, 18], []
[2025-01-29 13:09:28,050][__main__][INFO] - [15, 16, 19], []
[2025-01-29 13:09:28,075][__main__][INFO] - [15, 16, 20], []
[2025-01-29 13:09:28,103][__main__][INFO] - [15, 16, 21], []
[2025-01-29 13:09:28,143][__main__][INFO] - [15, 16, 23], []
[2025-01-29 13:09:28,170][__main__][INFO] - [15, 16, 24], []
[2025-01-29 13:09:28,226][__main__][INFO] - [15, 17], [16]
[2025-01-29 13:09:28,281][__main__][INFO] - [15, 18], [16]
[2025-01-29 13:09:28,350][__main__][INFO] - [15, 19], [16]
[2025-01-29 13:09:28,374][__main__][INFO] - [15, 20], [16]
[2025-01-29 13:09:28,398][__main__][INFO] - [15, 21], [16]
[2025-01-29 13:09:28,437][__main__][INFO] - [15, 23], [16]
[2025-01-29 13:09:28,462][__main__][INFO] - [15, 24], [16]
[2025-01-29 23:38:55,782][__main__][INFO] - In total, there are 1229 possible subgroups
[2025-01-29 23:38:55,812][__main__][INFO] - [0], []
[2025-01-29 23:38:55,992][__main__][INFO] - [1], []
[2025-01-29 23:38:56,225][__main__][INFO] - [2], []
[2025-01-29 23:38:56,442][__main__][INFO] - [3], []
[2025-01-29 23:38:56,614][__main__][INFO] - [4], []
[2025-01-29 23:38:56,826][__main__][INFO] - [5], []
[2025-01-29 23:38:57,012][__main__][INFO] - [6], []
[2025-01-29 23:38:57,092][__main__][INFO] - [7], []
[2025-01-29 23:38:57,131][__main__][INFO] - [8], []
[2025-01-29 23:38:57,152][__main__][INFO] - [9], []
[2025-01-29 23:38:57,172][__main__][INFO] - [10], []
[2025-01-29 23:38:58,027][__main__][INFO] - [11], []
[2025-01-29 23:38:58,066][__main__][INFO] - [12], []
[2025-01-29 23:38:58,217][__main__][INFO] - [13], []
[2025-01-29 23:38:58,239][__main__][INFO] - [14], []
[2025-01-29 23:38:58,261][__main__][INFO] - [15], []
[2025-01-29 23:38:58,442][__main__][INFO] - [16], []
[2025-01-29 23:38:59,016][__main__][INFO] - [], [16]
[2025-01-29 23:38:59,658][__main__][INFO] - [17], []
[2025-01-29 23:38:59,791][__main__][INFO] - [18], []
[2025-01-29 23:39:00,543][__main__][INFO] - [19], []
[2025-01-29 23:39:00,596][__main__][INFO] - [20], []
[2025-01-29 23:39:00,650][__main__][INFO] - [21], []
[2025-01-29 23:39:00,671][__main__][INFO] - [22], []
[2025-01-29 23:39:00,691][__main__][INFO] - [23], []
[2025-01-29 23:39:00,872][__main__][INFO] - [24], []
[2025-01-29 23:39:00,891][__main__][INFO] - [25], []
[2025-01-29 23:39:00,940][__main__][INFO] - [0, 10], []
[2025-01-29 23:39:01,096][__main__][INFO] - [0, 11], []
[2025-01-29 23:39:01,117][__main__][INFO] - [0, 12], []
[2025-01-29 23:39:01,143][__main__][INFO] - [0, 13], []
[2025-01-29 23:39:01,163][__main__][INFO] - [0, 14], []
[2025-01-29 23:39:01,183][__main__][INFO] - [0, 15], []
[2025-01-29 23:39:01,210][__main__][INFO] - [0, 16], []
[2025-01-29 23:39:01,305][__main__][INFO] - [0], [16]
[2025-01-29 23:39:01,400][__main__][INFO] - [0, 17], []
[2025-01-29 23:39:01,439][__main__][INFO] - [0, 18], []
[2025-01-29 23:39:01,549][__main__][INFO] - [0, 19], []
[2025-01-29 23:39:01,578][__main__][INFO] - [0, 20], []
[2025-01-29 23:39:01,603][__main__][INFO] - [0, 21], []
[2025-01-29 23:39:01,623][__main__][INFO] - [0, 22], []
[2025-01-29 23:39:01,646][__main__][INFO] - [0, 23], []
[2025-01-29 23:39:01,681][__main__][INFO] - [0, 24], []
[2025-01-29 23:39:01,730][__main__][INFO] - [1, 10], []
[2025-01-29 23:39:01,910][__main__][INFO] - [1, 11], []
[2025-01-29 23:39:01,934][__main__][INFO] - [1, 12], []
[2025-01-29 23:39:01,969][__main__][INFO] - [1, 13], []
[2025-01-29 23:39:01,989][__main__][INFO] - [1, 14], []
[2025-01-29 23:39:02,009][__main__][INFO] - [1, 15], []
[2025-01-29 23:39:02,046][__main__][INFO] - [1, 16], []
[2025-01-29 23:39:02,158][__main__][INFO] - [1], [16]
[2025-01-29 23:39:02,281][__main__][INFO] - [1, 17], []
[2025-01-29 23:39:02,324][__main__][INFO] - [1, 18], []
[2025-01-29 23:39:02,460][__main__][INFO] - [1, 19], []
[2025-01-29 23:39:02,488][__main__][INFO] - [1, 20], []
[2025-01-29 23:39:02,514][__main__][INFO] - [1, 21], []
[2025-01-29 23:39:02,534][__main__][INFO] - [1, 22], []
[2025-01-29 23:39:02,555][__main__][INFO] - [1, 23], []
[2025-01-29 23:39:02,601][__main__][INFO] - [1, 24], []
[2025-01-29 23:39:02,650][__main__][INFO] - [2, 10], []
[2025-01-29 23:39:02,797][__main__][INFO] - [2, 11], []
[2025-01-29 23:39:02,820][__main__][INFO] - [2, 12], []
[2025-01-29 23:39:02,863][__main__][INFO] - [2, 13], []
[2025-01-29 23:39:02,884][__main__][INFO] - [2, 14], []
[2025-01-29 23:39:02,904][__main__][INFO] - [2, 15], []
[2025-01-29 23:39:02,952][__main__][INFO] - [2, 16], []
[2025-01-29 23:39:03,055][__main__][INFO] - [2], [16]
[2025-01-29 23:39:03,174][__main__][INFO] - [2, 17], []
[2025-01-29 23:39:03,214][__main__][INFO] - [2, 18], []
[2025-01-29 23:39:03,343][__main__][INFO] - [2, 19], []
[2025-01-29 23:39:03,369][__main__][INFO] - [2, 20], []
[2025-01-29 23:39:03,394][__main__][INFO] - [2, 21], []
[2025-01-29 23:39:03,415][__main__][INFO] - [2, 22], []
[2025-01-29 23:39:03,435][__main__][INFO] - [2, 23], []
[2025-01-29 23:39:03,484][__main__][INFO] - [2, 24], []
[2025-01-29 23:39:03,533][__main__][INFO] - [3, 10], []
[2025-01-29 23:39:03,636][__main__][INFO] - [3, 11], []
[2025-01-29 23:39:03,659][__main__][INFO] - [3, 12], []
[2025-01-29 23:39:03,702][__main__][INFO] - [3, 13], []
[2025-01-29 23:39:03,722][__main__][INFO] - [3, 14], []
[2025-01-29 23:39:03,742][__main__][INFO] - [3, 15], []
[2025-01-29 23:39:03,791][__main__][INFO] - [3, 16], []
[2025-01-29 23:39:03,875][__main__][INFO] - [3], [16]
[2025-01-29 23:39:03,972][__main__][INFO] - [3, 17], []
[2025-01-29 23:39:04,007][__main__][INFO] - [3, 18], []
[2025-01-29 23:39:04,112][__main__][INFO] - [3, 19], []
[2025-01-29 23:39:04,136][__main__][INFO] - [3, 20], []
[2025-01-29 23:39:04,160][__main__][INFO] - [3, 21], []
[2025-01-29 23:39:04,180][__main__][INFO] - [3, 22], []
[2025-01-29 23:39:04,200][__main__][INFO] - [3, 23], []
[2025-01-29 23:39:04,245][__main__][INFO] - [3, 24], []
[2025-01-29 23:39:04,294][__main__][INFO] - [4, 10], []
[2025-01-29 23:39:04,423][__main__][INFO] - [4, 11], []
[2025-01-29 23:39:04,447][__main__][INFO] - [4, 12], []
[2025-01-29 23:39:04,494][__main__][INFO] - [4, 13], []
[2025-01-29 23:39:04,515][__main__][INFO] - [4, 14], []
[2025-01-29 23:39:04,535][__main__][INFO] - [4, 15], []
[2025-01-29 23:39:04,591][__main__][INFO] - [4, 16], []
[2025-01-29 23:39:04,694][__main__][INFO] - [4], [16]
[2025-01-29 23:39:04,809][__main__][INFO] - [4, 17], []
[2025-01-29 23:39:04,846][__main__][INFO] - [4, 18], []
[2025-01-29 23:39:04,981][__main__][INFO] - [4, 19], []
[2025-01-29 23:39:05,004][__main__][INFO] - [4, 20], []
[2025-01-29 23:39:05,030][__main__][INFO] - [4, 21], []
[2025-01-29 23:39:05,050][__main__][INFO] - [4, 22], []
[2025-01-29 23:39:05,070][__main__][INFO] - [4, 23], []
[2025-01-29 23:39:05,118][__main__][INFO] - [4, 24], []
[2025-01-29 23:39:05,167][__main__][INFO] - [5, 10], []
[2025-01-29 23:39:05,294][__main__][INFO] - [5, 11], []
[2025-01-29 23:39:05,318][__main__][INFO] - [5, 12], []
[2025-01-29 23:39:05,360][__main__][INFO] - [5, 13], []
[2025-01-29 23:39:05,381][__main__][INFO] - [5, 14], []
[2025-01-29 23:39:05,401][__main__][INFO] - [5, 15], []
[2025-01-29 23:39:05,443][__main__][INFO] - [5, 16], []
[2025-01-29 23:39:05,536][__main__][INFO] - [5], [16]
[2025-01-29 23:39:05,657][__main__][INFO] - [5, 17], []
[2025-01-29 23:39:05,695][__main__][INFO] - [5, 18], []
[2025-01-29 23:39:05,828][__main__][INFO] - [5, 19], []
[2025-01-29 23:39:05,851][__main__][INFO] - [5, 20], []
[2025-01-29 23:39:05,876][__main__][INFO] - [5, 21], []
[2025-01-29 23:39:05,897][__main__][INFO] - [5, 22], []
[2025-01-29 23:39:05,917][__main__][INFO] - [5, 23], []
[2025-01-29 23:39:05,959][__main__][INFO] - [5, 24], []
[2025-01-29 23:39:06,008][__main__][INFO] - [6, 10], []
[2025-01-29 23:39:06,071][__main__][INFO] - [6, 11], []
[2025-01-29 23:39:06,092][__main__][INFO] - [6, 12], []
[2025-01-29 23:39:06,120][__main__][INFO] - [6, 13], []
[2025-01-29 23:39:06,140][__main__][INFO] - [6, 14], []
[2025-01-29 23:39:06,160][__main__][INFO] - [6, 15], []
[2025-01-29 23:39:06,185][__main__][INFO] - [6, 16], []
[2025-01-29 23:39:06,232][__main__][INFO] - [6], [16]
[2025-01-29 23:39:06,283][__main__][INFO] - [6, 17], []
[2025-01-29 23:39:06,306][__main__][INFO] - [6, 18], []
[2025-01-29 23:39:06,369][__main__][INFO] - [6, 19], []
[2025-01-29 23:39:06,389][__main__][INFO] - [6, 20], []
[2025-01-29 23:39:06,411][__main__][INFO] - [6, 21], []
[2025-01-29 23:39:06,431][__main__][INFO] - [6, 22], []
[2025-01-29 23:39:06,451][__main__][INFO] - [6, 23], []
[2025-01-29 23:39:06,478][__main__][INFO] - [6, 24], []
[2025-01-29 23:39:06,527][__main__][INFO] - [7, 10], []
[2025-01-29 23:39:06,561][__main__][INFO] - [7, 11], []
[2025-01-29 23:39:06,582][__main__][INFO] - [7, 12], []
[2025-01-29 23:39:06,604][__main__][INFO] - [7, 13], []
[2025-01-29 23:39:06,624][__main__][INFO] - [7, 14], []
[2025-01-29 23:39:06,644][__main__][INFO] - [7, 15], []
[2025-01-29 23:39:06,664][__main__][INFO] - [7, 16], []
[2025-01-29 23:39:06,691][__main__][INFO] - [7], [16]
[2025-01-29 23:39:06,721][__main__][INFO] - [7, 17], []
[2025-01-29 23:39:06,741][__main__][INFO] - [7, 18], []
[2025-01-29 23:39:06,775][__main__][INFO] - [7, 19], []
[2025-01-29 23:39:06,795][__main__][INFO] - [7, 20], []
[2025-01-29 23:39:06,815][__main__][INFO] - [7, 21], []
[2025-01-29 23:39:06,849][__main__][INFO] - [7, 23], []
[2025-01-29 23:39:06,914][__main__][INFO] - [8, 10], []
[2025-01-29 23:39:06,937][__main__][INFO] - [8, 11], []
[2025-01-29 23:39:06,956][__main__][INFO] - [8, 12], []
[2025-01-29 23:39:07,005][__main__][INFO] - [8, 15], []
[2025-01-29 23:39:07,025][__main__][INFO] - [8, 16], []
[2025-01-29 23:39:07,046][__main__][INFO] - [8], [16]
[2025-01-29 23:39:07,067][__main__][INFO] - [8, 17], []
[2025-01-29 23:39:07,087][__main__][INFO] - [8, 18], []
[2025-01-29 23:39:07,109][__main__][INFO] - [8, 19], []
[2025-01-29 23:39:07,129][__main__][INFO] - [8, 20], []
[2025-01-29 23:39:07,179][__main__][INFO] - [8, 23], []
[2025-01-29 23:39:07,242][__main__][INFO] - [9, 10], []
[2025-01-29 23:39:07,277][__main__][INFO] - [9, 12], []
[2025-01-29 23:39:07,341][__main__][INFO] - [9, 16], []
[2025-01-29 23:39:07,360][__main__][INFO] - [9], [16]
[2025-01-29 23:39:07,395][__main__][INFO] - [9, 18], []
[2025-01-29 23:39:07,474][__main__][INFO] - [9, 23], []
[2025-01-29 23:39:07,538][__main__][INFO] - [10, 16], []
[2025-01-29 23:39:07,931][__main__][INFO] - [10], [16]
[2025-01-29 23:39:08,362][__main__][INFO] - [10, 17], []
[2025-01-29 23:39:08,436][__main__][INFO] - [10, 18], []
[2025-01-29 23:39:09,057][__main__][INFO] - [10, 19], []
[2025-01-29 23:39:09,106][__main__][INFO] - [10, 20], []
[2025-01-29 23:39:09,159][__main__][INFO] - [10, 21], []
[2025-01-29 23:39:09,182][__main__][INFO] - [10, 22], []
[2025-01-29 23:39:09,204][__main__][INFO] - [10, 23], []
[2025-01-29 23:39:09,263][__main__][INFO] - [10, 24], []
[2025-01-29 23:39:09,284][__main__][INFO] - [10, 25], []
[2025-01-29 23:39:09,318][__main__][INFO] - [11, 16], []
[2025-01-29 23:39:09,347][__main__][INFO] - [11], [16]
[2025-01-29 23:39:09,377][__main__][INFO] - [11, 17], []
[2025-01-29 23:39:09,397][__main__][INFO] - [11, 18], []
[2025-01-29 23:39:09,435][__main__][INFO] - [11, 19], []
[2025-01-29 23:39:09,455][__main__][INFO] - [11, 20], []
[2025-01-29 23:39:09,504][__main__][INFO] - [11, 23], []
[2025-01-29 23:39:09,568][__main__][INFO] - [12, 16], []
[2025-01-29 23:39:09,648][__main__][INFO] - [12], [16]
[2025-01-29 23:39:09,730][__main__][INFO] - [12, 17], []
[2025-01-29 23:39:09,750][__main__][INFO] - [12, 18], []
[2025-01-29 23:39:09,778][__main__][INFO] - [12, 19], []
[2025-01-29 23:39:09,800][__main__][INFO] - [12, 20], []
[2025-01-29 23:39:09,849][__main__][INFO] - [12, 23], []
[2025-01-29 23:39:10,030][__main__][INFO] - [13, 16], []
[2025-01-29 23:39:10,063][__main__][INFO] - [13], [16]
[2025-01-29 23:39:10,085][__main__][INFO] - [13, 17], []
[2025-01-29 23:39:10,104][__main__][INFO] - [13, 18], []
[2025-01-29 23:39:10,125][__main__][INFO] - [13, 19], []
[2025-01-29 23:39:10,145][__main__][INFO] - [13, 20], []
[2025-01-29 23:39:10,196][__main__][INFO] - [13, 23], []
[2025-01-29 23:39:10,260][__main__][INFO] - [14, 16], []
[2025-01-29 23:39:10,280][__main__][INFO] - [14], [16]
[2025-01-29 23:39:10,315][__main__][INFO] - [14, 18], []
[2025-01-29 23:39:10,335][__main__][INFO] - [14, 19], []
[2025-01-29 23:39:10,384][__main__][INFO] - [14, 22], []
[2025-01-29 23:39:10,404][__main__][INFO] - [14, 23], []
[2025-01-29 23:39:10,468][__main__][INFO] - [15, 16], []
[2025-01-29 23:39:10,552][__main__][INFO] - [15], [16]
[2025-01-29 23:39:10,658][__main__][INFO] - [15, 17], []
[2025-01-29 23:39:10,732][__main__][INFO] - [15, 18], []
[2025-01-29 23:39:10,835][__main__][INFO] - [15, 19], []
[2025-01-29 23:39:10,857][__main__][INFO] - [15, 20], []
[2025-01-29 23:39:10,877][__main__][INFO] - [15, 21], []
[2025-01-29 23:39:10,898][__main__][INFO] - [15, 22], []
[2025-01-29 23:39:10,917][__main__][INFO] - [15, 23], []
[2025-01-29 23:39:10,938][__main__][INFO] - [15, 24], []
[2025-01-29 23:39:10,987][__main__][INFO] - [16, 17], []
[2025-01-29 23:39:11,052][__main__][INFO] - [16, 18], []
[2025-01-29 23:39:11,392][__main__][INFO] - [16, 19], []
[2025-01-29 23:39:11,428][__main__][INFO] - [16, 20], []
[2025-01-29 23:39:11,465][__main__][INFO] - [16, 21], []
[2025-01-29 23:39:11,487][__main__][INFO] - [16, 22], []
[2025-01-29 23:39:11,507][__main__][INFO] - [16, 23], []
[2025-01-29 23:39:11,603][__main__][INFO] - [16, 24], []
[2025-01-29 23:39:11,653][__main__][INFO] - [17], [16]
[2025-01-29 23:39:11,731][__main__][INFO] - [18], [16]
[2025-01-29 23:39:12,115][__main__][INFO] - [19], [16]
[2025-01-29 23:39:12,151][__main__][INFO] - [20], [16]
[2025-01-29 23:39:12,186][__main__][INFO] - [21], [16]
[2025-01-29 23:39:12,207][__main__][INFO] - [22], [16]
[2025-01-29 23:39:12,227][__main__][INFO] - [23], [16]
[2025-01-29 23:39:12,322][__main__][INFO] - [24], [16]
[2025-01-29 23:39:12,400][__main__][INFO] - [0, 10, 16], []
[2025-01-29 23:39:12,486][__main__][INFO] - [0, 10], [16]
[2025-01-29 23:39:12,573][__main__][INFO] - [0, 10, 17], []
[2025-01-29 23:39:12,610][__main__][INFO] - [0, 10, 18], []
[2025-01-29 23:39:12,714][__main__][INFO] - [0, 10, 19], []
[2025-01-29 23:39:12,744][__main__][INFO] - [0, 10, 20], []
[2025-01-29 23:39:12,772][__main__][INFO] - [0, 10, 21], []
[2025-01-29 23:39:12,795][__main__][INFO] - [0, 10, 22], []
[2025-01-29 23:39:12,817][__main__][INFO] - [0, 10, 23], []
[2025-01-29 23:39:12,848][__main__][INFO] - [0, 10, 24], []
[2025-01-29 23:39:12,901][__main__][INFO] - [0, 11, 16], []
[2025-01-29 23:39:12,924][__main__][INFO] - [0, 11], [16]
[2025-01-29 23:39:12,961][__main__][INFO] - [0, 11, 18], []
[2025-01-29 23:39:12,985][__main__][INFO] - [0, 11, 19], []
[2025-01-29 23:39:13,052][__main__][INFO] - [0, 11, 23], []
[2025-01-29 23:39:13,119][__main__][INFO] - [0, 12, 16], []
[2025-01-29 23:39:13,144][__main__][INFO] - [0, 12], [16]
[2025-01-29 23:39:13,184][__main__][INFO] - [0, 12, 18], []
[2025-01-29 23:39:13,207][__main__][INFO] - [0, 12, 19], []
[2025-01-29 23:39:13,274][__main__][INFO] - [0, 12, 23], []
[2025-01-29 23:39:13,346][__main__][INFO] - [0, 13, 16], []
[2025-01-29 23:39:13,370][__main__][INFO] - [0, 13], [16]
[2025-01-29 23:39:13,408][__main__][INFO] - [0, 13, 18], []
[2025-01-29 23:39:13,445][__main__][INFO] - [0, 13, 20], []
[2025-01-29 23:39:13,557][__main__][INFO] - [0, 14, 16], []
[2025-01-29 23:39:13,579][__main__][INFO] - [0, 14], [16]
[2025-01-29 23:39:13,616][__main__][INFO] - [0, 14, 18], []
[2025-01-29 23:39:13,682][__main__][INFO] - [0, 14, 22], []
[2025-01-29 23:39:13,765][__main__][INFO] - [0, 15, 16], []
[2025-01-29 23:39:13,790][__main__][INFO] - [0, 15], [16]
[2025-01-29 23:39:13,816][__main__][INFO] - [0, 15, 17], []
[2025-01-29 23:39:13,841][__main__][INFO] - [0, 15, 18], []
[2025-01-29 23:39:13,867][__main__][INFO] - [0, 15, 19], []
[2025-01-29 23:39:13,889][__main__][INFO] - [0, 15, 20], []
[2025-01-29 23:39:13,911][__main__][INFO] - [0, 15, 21], []
[2025-01-29 23:39:13,948][__main__][INFO] - [0, 15, 23], []
[2025-01-29 23:39:14,015][__main__][INFO] - [0, 16, 17], []
[2025-01-29 23:39:14,045][__main__][INFO] - [0, 16, 18], []
[2025-01-29 23:39:14,108][__main__][INFO] - [0, 16, 19], []
[2025-01-29 23:39:14,134][__main__][INFO] - [0, 16, 20], []
[2025-01-29 23:39:14,158][__main__][INFO] - [0, 16, 21], []
[2025-01-29 23:39:14,181][__main__][INFO] - [0, 16, 22], []
[2025-01-29 23:39:14,202][__main__][INFO] - [0, 16, 23], []
[2025-01-29 23:39:14,232][__main__][INFO] - [0, 16, 24], []
[2025-01-29 23:39:14,283][__main__][INFO] - [0, 17], [16]
[2025-01-29 23:39:14,314][__main__][INFO] - [0, 18], [16]
[2025-01-29 23:39:14,378][__main__][INFO] - [0, 19], [16]
[2025-01-29 23:39:14,403][__main__][INFO] - [0, 20], [16]
[2025-01-29 23:39:14,428][__main__][INFO] - [0, 21], [16]
[2025-01-29 23:39:14,450][__main__][INFO] - [0, 22], [16]
[2025-01-29 23:39:14,472][__main__][INFO] - [0, 23], [16]
[2025-01-29 23:39:14,501][__main__][INFO] - [0, 24], [16]
[2025-01-29 23:39:14,568][__main__][INFO] - [1, 10, 16], []
[2025-01-29 23:39:14,663][__main__][INFO] - [1, 10], [16]
[2025-01-29 23:39:14,762][__main__][INFO] - [1, 10, 17], []
[2025-01-29 23:39:14,801][__main__][INFO] - [1, 10, 18], []
[2025-01-29 23:39:14,923][__main__][INFO] - [1, 10, 19], []
[2025-01-29 23:39:14,953][__main__][INFO] - [1, 10, 20], []
[2025-01-29 23:39:14,981][__main__][INFO] - [1, 10, 21], []
[2025-01-29 23:39:15,004][__main__][INFO] - [1, 10, 22], []
[2025-01-29 23:39:15,027][__main__][INFO] - [1, 10, 23], []
[2025-01-29 23:39:15,061][__main__][INFO] - [1, 10, 24], []
[2025-01-29 23:39:15,113][__main__][INFO] - [1, 11, 16], []
[2025-01-29 23:39:15,137][__main__][INFO] - [1, 11], [16]
[2025-01-29 23:39:15,176][__main__][INFO] - [1, 11, 18], []
[2025-01-29 23:39:15,200][__main__][INFO] - [1, 11, 19], []
[2025-01-29 23:39:15,223][__main__][INFO] - [1, 11, 20], []
[2025-01-29 23:39:15,276][__main__][INFO] - [1, 11, 23], []
[2025-01-29 23:39:15,343][__main__][INFO] - [1, 12, 16], []
[2025-01-29 23:39:15,372][__main__][INFO] - [1, 12], [16]
[2025-01-29 23:39:15,417][__main__][INFO] - [1, 12, 18], []
[2025-01-29 23:39:15,440][__main__][INFO] - [1, 12, 19], []
[2025-01-29 23:39:15,507][__main__][INFO] - [1, 12, 23], []
[2025-01-29 23:39:15,587][__main__][INFO] - [1, 13, 16], []
[2025-01-29 23:39:15,610][__main__][INFO] - [1, 13], [16]
[2025-01-29 23:39:15,647][__main__][INFO] - [1, 13, 18], []
[2025-01-29 23:39:15,685][__main__][INFO] - [1, 13, 20], []
[2025-01-29 23:39:15,797][__main__][INFO] - [1, 14, 16], []
[2025-01-29 23:39:15,820][__main__][INFO] - [1, 14], [16]
[2025-01-29 23:39:15,857][__main__][INFO] - [1, 14, 18], []
[2025-01-29 23:39:15,924][__main__][INFO] - [1, 14, 22], []
[2025-01-29 23:39:15,946][__main__][INFO] - [1, 14, 23], []
[2025-01-29 23:39:16,014][__main__][INFO] - [1, 15, 16], []
[2025-01-29 23:39:16,042][__main__][INFO] - [1, 15], [16]
[2025-01-29 23:39:16,074][__main__][INFO] - [1, 15, 17], []
[2025-01-29 23:39:16,102][__main__][INFO] - [1, 15, 18], []
[2025-01-29 23:39:16,133][__main__][INFO] - [1, 15, 19], []
[2025-01-29 23:39:16,156][__main__][INFO] - [1, 15, 20], []
[2025-01-29 23:39:16,178][__main__][INFO] - [1, 15, 21], []
[2025-01-29 23:39:16,215][__main__][INFO] - [1, 15, 23], []
[2025-01-29 23:39:16,238][__main__][INFO] - [1, 15, 24], []
[2025-01-29 23:39:16,290][__main__][INFO] - [1, 16, 17], []
[2025-01-29 23:39:16,322][__main__][INFO] - [1, 16, 18], []
[2025-01-29 23:39:16,395][__main__][INFO] - [1, 16, 19], []
[2025-01-29 23:39:16,420][__main__][INFO] - [1, 16, 20], []
[2025-01-29 23:39:16,445][__main__][INFO] - [1, 16, 21], []
[2025-01-29 23:39:16,468][__main__][INFO] - [1, 16, 22], []
[2025-01-29 23:39:16,490][__main__][INFO] - [1, 16, 23], []
[2025-01-29 23:39:16,524][__main__][INFO] - [1, 16, 24], []
[2025-01-29 23:39:16,576][__main__][INFO] - [1, 17], [16]
[2025-01-29 23:39:16,611][__main__][INFO] - [1, 18], [16]
[2025-01-29 23:39:16,690][__main__][INFO] - [1, 19], [16]
[2025-01-29 23:39:16,716][__main__][INFO] - [1, 20], [16]
[2025-01-29 23:39:16,741][__main__][INFO] - [1, 21], [16]
[2025-01-29 23:39:16,763][__main__][INFO] - [1, 22], [16]
[2025-01-29 23:39:16,785][__main__][INFO] - [1, 23], [16]
[2025-01-29 23:39:16,820][__main__][INFO] - [1, 24], [16]
[2025-01-29 23:39:16,886][__main__][INFO] - [2, 10, 16], []
[2025-01-29 23:39:16,964][__main__][INFO] - [2, 10], [16]
[2025-01-29 23:39:17,050][__main__][INFO] - [2, 10, 17], []
[2025-01-29 23:39:17,081][__main__][INFO] - [2, 10, 18], []
[2025-01-29 23:39:17,189][__main__][INFO] - [2, 10, 19], []
[2025-01-29 23:39:17,217][__main__][INFO] - [2, 10, 20], []
[2025-01-29 23:39:17,244][__main__][INFO] - [2, 10, 21], []
[2025-01-29 23:39:17,267][__main__][INFO] - [2, 10, 22], []
[2025-01-29 23:39:17,290][__main__][INFO] - [2, 10, 23], []
[2025-01-29 23:39:17,320][__main__][INFO] - [2, 10, 24], []
[2025-01-29 23:39:17,372][__main__][INFO] - [2, 11, 16], []
[2025-01-29 23:39:17,396][__main__][INFO] - [2, 11], [16]
[2025-01-29 23:39:17,436][__main__][INFO] - [2, 11, 18], []
[2025-01-29 23:39:17,461][__main__][INFO] - [2, 11, 19], []
[2025-01-29 23:39:17,529][__main__][INFO] - [2, 11, 23], []
[2025-01-29 23:39:17,597][__main__][INFO] - [2, 12, 16], []
[2025-01-29 23:39:17,629][__main__][INFO] - [2, 12], [16]
[2025-01-29 23:39:17,677][__main__][INFO] - [2, 12, 18], []
[2025-01-29 23:39:17,700][__main__][INFO] - [2, 12, 19], []
[2025-01-29 23:39:17,768][__main__][INFO] - [2, 12, 23], []
[2025-01-29 23:39:17,869][__main__][INFO] - [2, 13, 16], []
[2025-01-29 23:39:17,892][__main__][INFO] - [2, 13], [16]
[2025-01-29 23:39:17,930][__main__][INFO] - [2, 13, 18], []
[2025-01-29 23:39:17,967][__main__][INFO] - [2, 13, 20], []
[2025-01-29 23:39:18,020][__main__][INFO] - [2, 13, 23], []
[2025-01-29 23:39:18,087][__main__][INFO] - [2, 14, 16], []
[2025-01-29 23:39:18,110][__main__][INFO] - [2, 14], [16]
[2025-01-29 23:39:18,147][__main__][INFO] - [2, 14, 18], []
[2025-01-29 23:39:18,214][__main__][INFO] - [2, 14, 22], []
[2025-01-29 23:39:18,237][__main__][INFO] - [2, 14, 23], []
[2025-01-29 23:39:18,304][__main__][INFO] - [2, 15, 16], []
[2025-01-29 23:39:18,337][__main__][INFO] - [2, 15], [16]
[2025-01-29 23:39:18,374][__main__][INFO] - [2, 15, 17], []
[2025-01-29 23:39:18,406][__main__][INFO] - [2, 15, 18], []
[2025-01-29 23:39:18,443][__main__][INFO] - [2, 15, 19], []
[2025-01-29 23:39:18,465][__main__][INFO] - [2, 15, 20], []
[2025-01-29 23:39:18,487][__main__][INFO] - [2, 15, 21], []
[2025-01-29 23:39:18,525][__main__][INFO] - [2, 15, 23], []
[2025-01-29 23:39:18,547][__main__][INFO] - [2, 15, 24], []
[2025-01-29 23:39:18,600][__main__][INFO] - [2, 16, 17], []
[2025-01-29 23:39:18,630][__main__][INFO] - [2, 16, 18], []
[2025-01-29 23:39:18,698][__main__][INFO] - [2, 16, 19], []
[2025-01-29 23:39:18,722][__main__][INFO] - [2, 16, 20], []
[2025-01-29 23:39:18,747][__main__][INFO] - [2, 16, 21], []
[2025-01-29 23:39:18,769][__main__][INFO] - [2, 16, 22], []
[2025-01-29 23:39:18,792][__main__][INFO] - [2, 16, 23], []
[2025-01-29 23:39:18,827][__main__][INFO] - [2, 16, 24], []
[2025-01-29 23:39:18,879][__main__][INFO] - [2, 17], [16]
[2025-01-29 23:39:18,912][__main__][INFO] - [2, 18], [16]
[2025-01-29 23:39:18,991][__main__][INFO] - [2, 19], [16]
[2025-01-29 23:39:19,016][__main__][INFO] - [2, 20], [16]
[2025-01-29 23:39:19,041][__main__][INFO] - [2, 21], [16]
[2025-01-29 23:39:19,063][__main__][INFO] - [2, 22], [16]
[2025-01-29 23:39:19,085][__main__][INFO] - [2, 23], [16]
[2025-01-29 23:39:19,121][__main__][INFO] - [2, 24], [16]
[2025-01-29 23:39:19,188][__main__][INFO] - [3, 10, 16], []
[2025-01-29 23:39:19,248][__main__][INFO] - [3, 10], [16]
[2025-01-29 23:39:19,310][__main__][INFO] - [3, 10, 17], []
[2025-01-29 23:39:19,337][__main__][INFO] - [3, 10, 18], []
[2025-01-29 23:39:19,420][__main__][INFO] - [3, 10, 19], []
[2025-01-29 23:39:19,445][__main__][INFO] - [3, 10, 20], []
[2025-01-29 23:39:19,471][__main__][INFO] - [3, 10, 21], []
[2025-01-29 23:39:19,494][__main__][INFO] - [3, 10, 22], []
[2025-01-29 23:39:19,517][__main__][INFO] - [3, 10, 23], []
[2025-01-29 23:39:19,543][__main__][INFO] - [3, 10, 24], []
[2025-01-29 23:39:19,595][__main__][INFO] - [3, 11, 16], []
[2025-01-29 23:39:19,619][__main__][INFO] - [3, 11], [16]
[2025-01-29 23:39:19,658][__main__][INFO] - [3, 11, 18], []
[2025-01-29 23:39:19,683][__main__][INFO] - [3, 11, 19], []
[2025-01-29 23:39:19,751][__main__][INFO] - [3, 11, 23], []
[2025-01-29 23:39:19,818][__main__][INFO] - [3, 12, 16], []
[2025-01-29 23:39:19,851][__main__][INFO] - [3, 12], [16]
[2025-01-29 23:39:19,899][__main__][INFO] - [3, 12, 18], []
[2025-01-29 23:39:19,922][__main__][INFO] - [3, 12, 19], []
[2025-01-29 23:39:19,990][__main__][INFO] - [3, 12, 23], []
[2025-01-29 23:39:20,077][__main__][INFO] - [3, 13, 16], []
[2025-01-29 23:39:20,100][__main__][INFO] - [3, 13], [16]
[2025-01-29 23:39:20,138][__main__][INFO] - [3, 13, 18], []
[2025-01-29 23:39:20,175][__main__][INFO] - [3, 13, 20], []
[2025-01-29 23:39:20,228][__main__][INFO] - [3, 13, 23], []
[2025-01-29 23:39:20,295][__main__][INFO] - [3, 14, 16], []
[2025-01-29 23:39:20,318][__main__][INFO] - [3, 14], [16]
[2025-01-29 23:39:20,355][__main__][INFO] - [3, 14, 18], []
[2025-01-29 23:39:20,377][__main__][INFO] - [3, 14, 19], []
[2025-01-29 23:39:20,429][__main__][INFO] - [3, 14, 22], []
[2025-01-29 23:39:20,452][__main__][INFO] - [3, 14, 23], []
[2025-01-29 23:39:20,519][__main__][INFO] - [3, 15, 16], []
[2025-01-29 23:39:20,553][__main__][INFO] - [3, 15], [16]
[2025-01-29 23:39:20,591][__main__][INFO] - [3, 15, 17], []
[2025-01-29 23:39:20,623][__main__][INFO] - [3, 15, 18], []
[2025-01-29 23:39:20,684][__main__][INFO] - [3, 15, 19], []
[2025-01-29 23:39:20,709][__main__][INFO] - [3, 15, 20], []
[2025-01-29 23:39:20,733][__main__][INFO] - [3, 15, 21], []
[2025-01-29 23:39:20,771][__main__][INFO] - [3, 15, 23], []
[2025-01-29 23:39:20,794][__main__][INFO] - [3, 15, 24], []
[2025-01-29 23:39:20,846][__main__][INFO] - [3, 16, 17], []
[2025-01-29 23:39:20,874][__main__][INFO] - [3, 16, 18], []
[2025-01-29 23:39:20,933][__main__][INFO] - [3, 16, 19], []
[2025-01-29 23:39:20,956][__main__][INFO] - [3, 16, 20], []
[2025-01-29 23:39:20,981][__main__][INFO] - [3, 16, 21], []
[2025-01-29 23:39:21,003][__main__][INFO] - [3, 16, 22], []
[2025-01-29 23:39:21,025][__main__][INFO] - [3, 16, 23], []
[2025-01-29 23:39:21,059][__main__][INFO] - [3, 16, 24], []
[2025-01-29 23:39:21,111][__main__][INFO] - [3, 17], [16]
[2025-01-29 23:39:21,141][__main__][INFO] - [3, 18], [16]
[2025-01-29 23:39:21,204][__main__][INFO] - [3, 19], [16]
[2025-01-29 23:39:21,228][__main__][INFO] - [3, 20], [16]
[2025-01-29 23:39:21,252][__main__][INFO] - [3, 21], [16]
[2025-01-29 23:39:21,274][__main__][INFO] - [3, 22], [16]
[2025-01-29 23:39:21,296][__main__][INFO] - [3, 23], [16]
[2025-01-29 23:39:21,330][__main__][INFO] - [3, 24], [16]
[2025-01-29 23:39:21,397][__main__][INFO] - [4, 10, 16], []
[2025-01-29 23:39:21,466][__main__][INFO] - [4, 10], [16]
[2025-01-29 23:39:21,543][__main__][INFO] - [4, 10, 17], []
[2025-01-29 23:39:21,569][__main__][INFO] - [4, 10, 18], []
[2025-01-29 23:39:21,677][__main__][INFO] - [4, 10, 19], []
[2025-01-29 23:39:21,702][__main__][INFO] - [4, 10, 20], []
[2025-01-29 23:39:21,730][__main__][INFO] - [4, 10, 21], []
[2025-01-29 23:39:21,753][__main__][INFO] - [4, 10, 22], []
[2025-01-29 23:39:21,775][__main__][INFO] - [4, 10, 23], []
[2025-01-29 23:39:21,801][__main__][INFO] - [4, 10, 24], []
[2025-01-29 23:39:21,853][__main__][INFO] - [4, 11, 16], []
[2025-01-29 23:39:21,877][__main__][INFO] - [4, 11], [16]
[2025-01-29 23:39:21,916][__main__][INFO] - [4, 11, 18], []
[2025-01-29 23:39:21,942][__main__][INFO] - [4, 11, 19], []
[2025-01-29 23:39:21,964][__main__][INFO] - [4, 11, 20], []
[2025-01-29 23:39:22,017][__main__][INFO] - [4, 11, 23], []
[2025-01-29 23:39:22,084][__main__][INFO] - [4, 12, 16], []
[2025-01-29 23:39:22,120][__main__][INFO] - [4, 12], [16]
[2025-01-29 23:39:22,169][__main__][INFO] - [4, 12, 18], []
[2025-01-29 23:39:22,194][__main__][INFO] - [4, 12, 19], []
[2025-01-29 23:39:22,264][__main__][INFO] - [4, 12, 23], []
[2025-01-29 23:39:22,358][__main__][INFO] - [4, 13, 16], []
[2025-01-29 23:39:22,385][__main__][INFO] - [4, 13], [16]
[2025-01-29 23:39:22,424][__main__][INFO] - [4, 13, 18], []
[2025-01-29 23:39:22,463][__main__][INFO] - [4, 13, 20], []
[2025-01-29 23:39:22,518][__main__][INFO] - [4, 13, 23], []
[2025-01-29 23:39:22,585][__main__][INFO] - [4, 14, 16], []
[2025-01-29 23:39:22,608][__main__][INFO] - [4, 14], [16]
[2025-01-29 23:39:22,646][__main__][INFO] - [4, 14, 18], []
[2025-01-29 23:39:22,669][__main__][INFO] - [4, 14, 19], []
[2025-01-29 23:39:22,726][__main__][INFO] - [4, 14, 22], []
[2025-01-29 23:39:22,812][__main__][INFO] - [4, 15, 16], []
[2025-01-29 23:39:22,851][__main__][INFO] - [4, 15], [16]
[2025-01-29 23:39:22,894][__main__][INFO] - [4, 15, 17], []
[2025-01-29 23:39:22,931][__main__][INFO] - [4, 15, 18], []
[2025-01-29 23:39:22,973][__main__][INFO] - [4, 15, 19], []
[2025-01-29 23:39:22,996][__main__][INFO] - [4, 15, 20], []
[2025-01-29 23:39:23,021][__main__][INFO] - [4, 15, 21], []
[2025-01-29 23:39:23,060][__main__][INFO] - [4, 15, 23], []
[2025-01-29 23:39:23,083][__main__][INFO] - [4, 15, 24], []
[2025-01-29 23:39:23,138][__main__][INFO] - [4, 16, 17], []
[2025-01-29 23:39:23,168][__main__][INFO] - [4, 16, 18], []
[2025-01-29 23:39:23,243][__main__][INFO] - [4, 16, 19], []
[2025-01-29 23:39:23,267][__main__][INFO] - [4, 16, 20], []
[2025-01-29 23:39:23,291][__main__][INFO] - [4, 16, 21], []
[2025-01-29 23:39:23,314][__main__][INFO] - [4, 16, 22], []
[2025-01-29 23:39:23,336][__main__][INFO] - [4, 16, 23], []
[2025-01-29 23:39:23,372][__main__][INFO] - [4, 16, 24], []
[2025-01-29 23:39:23,425][__main__][INFO] - [4, 17], [16]
[2025-01-29 23:39:23,455][__main__][INFO] - [4, 18], [16]
[2025-01-29 23:39:23,536][__main__][INFO] - [4, 19], [16]
[2025-01-29 23:39:23,560][__main__][INFO] - [4, 20], [16]
[2025-01-29 23:39:23,584][__main__][INFO] - [4, 21], [16]
[2025-01-29 23:39:23,607][__main__][INFO] - [4, 22], [16]
[2025-01-29 23:39:23,629][__main__][INFO] - [4, 23], [16]
[2025-01-29 23:39:23,663][__main__][INFO] - [4, 24], [16]
[2025-01-29 23:39:23,730][__main__][INFO] - [5, 10, 16], []
[2025-01-29 23:39:23,799][__main__][INFO] - [5, 10], [16]
[2025-01-29 23:39:23,872][__main__][INFO] - [5, 10, 17], []
[2025-01-29 23:39:23,897][__main__][INFO] - [5, 10, 18], []
[2025-01-29 23:39:24,006][__main__][INFO] - [5, 10, 19], []
[2025-01-29 23:39:24,030][__main__][INFO] - [5, 10, 20], []
[2025-01-29 23:39:24,057][__main__][INFO] - [5, 10, 21], []
[2025-01-29 23:39:24,080][__main__][INFO] - [5, 10, 22], []
[2025-01-29 23:39:24,103][__main__][INFO] - [5, 10, 23], []
[2025-01-29 23:39:24,127][__main__][INFO] - [5, 10, 24], []
[2025-01-29 23:39:24,180][__main__][INFO] - [5, 11, 16], []
[2025-01-29 23:39:24,204][__main__][INFO] - [5, 11], [16]
[2025-01-29 23:39:24,243][__main__][INFO] - [5, 11, 18], []
[2025-01-29 23:39:24,269][__main__][INFO] - [5, 11, 19], []
[2025-01-29 23:39:24,396][__main__][INFO] - [5, 12, 16], []
[2025-01-29 23:39:24,429][__main__][INFO] - [5, 12], [16]
[2025-01-29 23:39:24,476][__main__][INFO] - [5, 12, 18], []
[2025-01-29 23:39:24,500][__main__][INFO] - [5, 12, 19], []
[2025-01-29 23:39:24,568][__main__][INFO] - [5, 12, 23], []
[2025-01-29 23:39:24,655][__main__][INFO] - [5, 13, 16], []
[2025-01-29 23:39:24,678][__main__][INFO] - [5, 13], [16]
[2025-01-29 23:39:24,715][__main__][INFO] - [5, 13, 18], []
[2025-01-29 23:39:24,753][__main__][INFO] - [5, 13, 20], []
[2025-01-29 23:39:24,805][__main__][INFO] - [5, 13, 23], []
[2025-01-29 23:39:24,873][__main__][INFO] - [5, 14, 16], []
[2025-01-29 23:39:24,895][__main__][INFO] - [5, 14], [16]
[2025-01-29 23:39:24,932][__main__][INFO] - [5, 14, 18], []
[2025-01-29 23:39:24,955][__main__][INFO] - [5, 14, 19], []
[2025-01-29 23:39:25,007][__main__][INFO] - [5, 14, 22], []
[2025-01-29 23:39:25,030][__main__][INFO] - [5, 14, 23], []
[2025-01-29 23:39:25,097][__main__][INFO] - [5, 15, 16], []
[2025-01-29 23:39:25,128][__main__][INFO] - [5, 15], [16]
[2025-01-29 23:39:25,163][__main__][INFO] - [5, 15, 17], []
[2025-01-29 23:39:25,192][__main__][INFO] - [5, 15, 18], []
[2025-01-29 23:39:25,226][__main__][INFO] - [5, 15, 19], []
[2025-01-29 23:39:25,249][__main__][INFO] - [5, 15, 20], []
[2025-01-29 23:39:25,271][__main__][INFO] - [5, 15, 21], []
[2025-01-29 23:39:25,309][__main__][INFO] - [5, 15, 23], []
[2025-01-29 23:39:25,331][__main__][INFO] - [5, 15, 24], []
[2025-01-29 23:39:25,383][__main__][INFO] - [5, 16, 17], []
[2025-01-29 23:39:25,409][__main__][INFO] - [5, 16, 18], []
[2025-01-29 23:39:25,479][__main__][INFO] - [5, 16, 19], []
[2025-01-29 23:39:25,503][__main__][INFO] - [5, 16, 20], []
[2025-01-29 23:39:25,527][__main__][INFO] - [5, 16, 21], []
[2025-01-29 23:39:25,549][__main__][INFO] - [5, 16, 22], []
[2025-01-29 23:39:25,572][__main__][INFO] - [5, 16, 23], []
[2025-01-29 23:39:25,605][__main__][INFO] - [5, 16, 24], []
[2025-01-29 23:39:25,657][__main__][INFO] - [5, 17], [16]
[2025-01-29 23:39:25,684][__main__][INFO] - [5, 18], [16]
[2025-01-29 23:39:25,761][__main__][INFO] - [5, 19], [16]
[2025-01-29 23:39:25,784][__main__][INFO] - [5, 20], [16]
[2025-01-29 23:39:25,808][__main__][INFO] - [5, 21], [16]
[2025-01-29 23:39:25,830][__main__][INFO] - [5, 22], [16]
[2025-01-29 23:39:25,853][__main__][INFO] - [5, 23], [16]
[2025-01-29 23:39:25,884][__main__][INFO] - [5, 24], [16]
[2025-01-29 23:39:25,951][__main__][INFO] - [6, 10, 16], []
[2025-01-29 23:39:25,992][__main__][INFO] - [6, 10], [16]
[2025-01-29 23:39:26,036][__main__][INFO] - [6, 10, 17], []
[2025-01-29 23:39:26,059][__main__][INFO] - [6, 10, 18], []
[2025-01-29 23:39:26,117][__main__][INFO] - [6, 10, 19], []
[2025-01-29 23:39:26,140][__main__][INFO] - [6, 10, 20], []
[2025-01-29 23:39:26,164][__main__][INFO] - [6, 10, 21], []
[2025-01-29 23:39:26,187][__main__][INFO] - [6, 10, 22], []
[2025-01-29 23:39:26,210][__main__][INFO] - [6, 10, 23], []
[2025-01-29 23:39:26,279][__main__][INFO] - [6, 11, 16], []
[2025-01-29 23:39:26,303][__main__][INFO] - [6, 11], [16]
[2025-01-29 23:39:26,342][__main__][INFO] - [6, 11, 18], []
[2025-01-29 23:39:26,502][__main__][INFO] - [6, 12, 16], []
[2025-01-29 23:39:26,531][__main__][INFO] - [6, 12], [16]
[2025-01-29 23:39:26,573][__main__][INFO] - [6, 12, 18], []
[2025-01-29 23:39:26,597][__main__][INFO] - [6, 12, 19], []
[2025-01-29 23:39:26,668][__main__][INFO] - [6, 12, 23], []
[2025-01-29 23:39:26,751][__main__][INFO] - [6, 13, 16], []
[2025-01-29 23:39:26,774][__main__][INFO] - [6, 13], [16]
[2025-01-29 23:39:26,812][__main__][INFO] - [6, 13, 18], []
[2025-01-29 23:39:26,851][__main__][INFO] - [6, 13, 20], []
[2025-01-29 23:39:26,988][__main__][INFO] - [6, 14], [16]
[2025-01-29 23:39:27,178][__main__][INFO] - [6, 15, 16], []
[2025-01-29 23:39:27,204][__main__][INFO] - [6, 15], [16]
[2025-01-29 23:39:27,230][__main__][INFO] - [6, 15, 17], []
[2025-01-29 23:39:27,255][__main__][INFO] - [6, 15, 18], []
[2025-01-29 23:39:27,283][__main__][INFO] - [6, 15, 19], []
[2025-01-29 23:39:27,306][__main__][INFO] - [6, 15, 20], []
[2025-01-29 23:39:27,361][__main__][INFO] - [6, 15, 23], []
[2025-01-29 23:39:27,433][__main__][INFO] - [6, 16, 17], []
[2025-01-29 23:39:27,457][__main__][INFO] - [6, 16, 18], []
[2025-01-29 23:39:27,499][__main__][INFO] - [6, 16, 19], []
[2025-01-29 23:39:27,525][__main__][INFO] - [6, 16, 20], []
[2025-01-29 23:39:27,548][__main__][INFO] - [6, 16, 21], []
[2025-01-29 23:39:27,573][__main__][INFO] - [6, 16, 22], []
[2025-01-29 23:39:27,596][__main__][INFO] - [6, 16, 23], []
[2025-01-29 23:39:27,672][__main__][INFO] - [6, 17], [16]
[2025-01-29 23:39:27,700][__main__][INFO] - [6, 18], [16]
[2025-01-29 23:39:27,747][__main__][INFO] - [6, 19], [16]
[2025-01-29 23:39:27,770][__main__][INFO] - [6, 20], [16]
[2025-01-29 23:39:27,795][__main__][INFO] - [6, 21], [16]
[2025-01-29 23:39:27,817][__main__][INFO] - [6, 22], [16]
[2025-01-29 23:39:27,840][__main__][INFO] - [6, 23], [16]
[2025-01-29 23:39:27,935][__main__][INFO] - [7, 10, 16], []
[2025-01-29 23:39:27,975][__main__][INFO] - [7, 10], [16]
[2025-01-29 23:39:28,007][__main__][INFO] - [7, 10, 17], []
[2025-01-29 23:39:28,033][__main__][INFO] - [7, 10, 18], []
[2025-01-29 23:39:28,072][__main__][INFO] - [7, 10, 19], []
[2025-01-29 23:39:28,095][__main__][INFO] - [7, 10, 20], []
[2025-01-29 23:39:28,118][__main__][INFO] - [7, 10, 21], []
[2025-01-29 23:39:28,158][__main__][INFO] - [7, 10, 23], []
[2025-01-29 23:39:28,234][__main__][INFO] - [7, 11, 16], []
[2025-01-29 23:39:28,257][__main__][INFO] - [7, 11], [16]
[2025-01-29 23:39:28,296][__main__][INFO] - [7, 11, 18], []
[2025-01-29 23:39:28,452][__main__][INFO] - [7, 12, 16], []
[2025-01-29 23:39:28,476][__main__][INFO] - [7, 12], [16]
[2025-01-29 23:39:28,517][__main__][INFO] - [7, 12, 18], []
[2025-01-29 23:39:28,540][__main__][INFO] - [7, 12, 19], []
[2025-01-29 23:39:28,609][__main__][INFO] - [7, 12, 23], []
[2025-01-29 23:39:28,704][__main__][INFO] - [7, 13], [16]
[2025-01-29 23:39:28,743][__main__][INFO] - [7, 13, 18], []
[2025-01-29 23:39:29,064][__main__][INFO] - [7, 15, 16], []
[2025-01-29 23:39:29,086][__main__][INFO] - [7, 15], [16]
[2025-01-29 23:39:29,109][__main__][INFO] - [7, 15, 17], []
[2025-01-29 23:39:29,131][__main__][INFO] - [7, 15, 18], []
[2025-01-29 23:39:29,154][__main__][INFO] - [7, 15, 19], []
[2025-01-29 23:39:29,281][__main__][INFO] - [7, 16, 17], []
[2025-01-29 23:39:29,304][__main__][INFO] - [7, 16, 18], []
[2025-01-29 23:39:29,332][__main__][INFO] - [7, 16, 19], []
[2025-01-29 23:39:29,355][__main__][INFO] - [7, 16, 20], []
[2025-01-29 23:39:29,379][__main__][INFO] - [7, 16, 21], []
[2025-01-29 23:39:29,418][__main__][INFO] - [7, 16, 23], []
[2025-01-29 23:39:29,490][__main__][INFO] - [7, 17], [16]
[2025-01-29 23:39:29,515][__main__][INFO] - [7, 18], [16]
[2025-01-29 23:39:29,546][__main__][INFO] - [7, 19], [16]
[2025-01-29 23:39:29,569][__main__][INFO] - [7, 20], [16]
[2025-01-29 23:39:29,592][__main__][INFO] - [7, 21], [16]
[2025-01-29 23:39:29,631][__main__][INFO] - [7, 23], [16]
[2025-01-29 23:39:29,719][__main__][INFO] - [8, 10, 16], []
[2025-01-29 23:39:29,743][__main__][INFO] - [8, 10], [16]
[2025-01-29 23:39:29,783][__main__][INFO] - [8, 10, 18], []
[2025-01-29 23:39:29,808][__main__][INFO] - [8, 10, 19], []
[2025-01-29 23:39:29,830][__main__][INFO] - [8, 10, 20], []
[2025-01-29 23:39:29,887][__main__][INFO] - [8, 10, 23], []
[2025-01-29 23:39:29,958][__main__][INFO] - [8, 11, 16], []
[2025-01-29 23:39:29,981][__main__][INFO] - [8, 11], [16]
[2025-01-29 23:39:30,028][__main__][INFO] - [8, 11, 18], []
[2025-01-29 23:39:30,176][__main__][INFO] - [8, 12, 16], []
[2025-01-29 23:39:30,205][__main__][INFO] - [8, 12], [16]
[2025-01-29 23:39:30,243][__main__][INFO] - [8, 12, 18], []
[2025-01-29 23:39:30,329][__main__][INFO] - [8, 12, 23], []
[2025-01-29 23:39:30,431][__main__][INFO] - [8, 15, 16], []
[2025-01-29 23:39:30,453][__main__][INFO] - [8, 15], [16]
[2025-01-29 23:39:30,491][__main__][INFO] - [8, 15, 18], []
[2025-01-29 23:39:30,659][__main__][INFO] - [8, 16, 18], []
[2025-01-29 23:39:30,682][__main__][INFO] - [8, 16, 19], []
[2025-01-29 23:39:30,705][__main__][INFO] - [8, 16, 20], []
[2025-01-29 23:39:30,759][__main__][INFO] - [8, 16, 23], []
[2025-01-29 23:39:30,828][__main__][INFO] - [8, 17], [16]
[2025-01-29 23:39:30,850][__main__][INFO] - [8, 18], [16]
[2025-01-29 23:39:30,876][__main__][INFO] - [8, 19], [16]
[2025-01-29 23:39:30,899][__main__][INFO] - [8, 20], [16]
[2025-01-29 23:39:30,952][__main__][INFO] - [8, 23], [16]
[2025-01-29 23:39:31,041][__main__][INFO] - [9, 10, 16], []
[2025-01-29 23:39:31,065][__main__][INFO] - [9, 10], [16]
[2025-01-29 23:39:31,103][__main__][INFO] - [9, 10, 18], []
[2025-01-29 23:39:31,523][__main__][INFO] - [9, 16, 18], []
[2025-01-29 23:39:31,685][__main__][INFO] - [9, 18], [16]
[2025-01-29 23:39:31,848][__main__][INFO] - [10, 16, 17], []
[2025-01-29 23:39:31,896][__main__][INFO] - [10, 16, 18], []
[2025-01-29 23:39:32,188][__main__][INFO] - [10, 16, 19], []
[2025-01-29 23:39:32,224][__main__][INFO] - [10, 16, 20], []
[2025-01-29 23:39:32,262][__main__][INFO] - [10, 16, 21], []
[2025-01-29 23:39:32,286][__main__][INFO] - [10, 16, 22], []
[2025-01-29 23:39:32,309][__main__][INFO] - [10, 16, 23], []
[2025-01-29 23:39:32,351][__main__][INFO] - [10, 16, 24], []
[2025-01-29 23:39:32,406][__main__][INFO] - [10, 17], [16]
[2025-01-29 23:39:32,455][__main__][INFO] - [10, 18], [16]
[2025-01-29 23:39:32,783][__main__][INFO] - [10, 19], [16]
[2025-01-29 23:39:32,818][__main__][INFO] - [10, 20], [16]
[2025-01-29 23:39:32,854][__main__][INFO] - [10, 21], [16]
[2025-01-29 23:39:32,877][__main__][INFO] - [10, 22], [16]
[2025-01-29 23:39:32,900][__main__][INFO] - [10, 23], [16]
[2025-01-29 23:39:32,940][__main__][INFO] - [10, 24], [16]
[2025-01-29 23:39:33,007][__main__][INFO] - [11, 16, 17], []
[2025-01-29 23:39:33,029][__main__][INFO] - [11, 16, 18], []
[2025-01-29 23:39:33,057][__main__][INFO] - [11, 16, 19], []
[2025-01-29 23:39:33,079][__main__][INFO] - [11, 16, 20], []
[2025-01-29 23:39:33,131][__main__][INFO] - [11, 16, 23], []
[2025-01-29 23:39:33,198][__main__][INFO] - [11, 17], [16]
[2025-01-29 23:39:33,220][__main__][INFO] - [11, 18], [16]
[2025-01-29 23:39:33,251][__main__][INFO] - [11, 19], [16]
[2025-01-29 23:39:33,273][__main__][INFO] - [11, 20], [16]
[2025-01-29 23:39:33,325][__main__][INFO] - [11, 23], [16]
[2025-01-29 23:39:33,407][__main__][INFO] - [12, 16, 17], []
[2025-01-29 23:39:33,428][__main__][INFO] - [12, 16, 18], []
[2025-01-29 23:39:33,453][__main__][INFO] - [12, 16, 19], []
[2025-01-29 23:39:33,520][__main__][INFO] - [12, 16, 23], []
[2025-01-29 23:39:33,642][__main__][INFO] - [12, 17], [16]
[2025-01-29 23:39:33,665][__main__][INFO] - [12, 18], [16]
[2025-01-29 23:39:33,691][__main__][INFO] - [12, 19], [16]
[2025-01-29 23:39:33,758][__main__][INFO] - [12, 23], [16]
[2025-01-29 23:39:33,906][__main__][INFO] - [13, 16, 18], []
[2025-01-29 23:39:33,929][__main__][INFO] - [13, 16, 19], []
[2025-01-29 23:39:33,950][__main__][INFO] - [13, 16, 20], []
[2025-01-29 23:39:34,003][__main__][INFO] - [13, 16, 23], []
[2025-01-29 23:39:34,085][__main__][INFO] - [13, 18], [16]
[2025-01-29 23:39:34,107][__main__][INFO] - [13, 19], [16]
[2025-01-29 23:39:34,129][__main__][INFO] - [13, 20], [16]
[2025-01-29 23:39:34,182][__main__][INFO] - [13, 23], [16]
[2025-01-29 23:39:34,278][__main__][INFO] - [14, 16, 18], []
[2025-01-29 23:39:34,300][__main__][INFO] - [14, 16, 19], []
[2025-01-29 23:39:34,352][__main__][INFO] - [14, 16, 22], []
[2025-01-29 23:39:34,374][__main__][INFO] - [14, 16, 23], []
[2025-01-29 23:39:34,456][__main__][INFO] - [14, 18], [16]
[2025-01-29 23:39:34,477][__main__][INFO] - [14, 19], [16]
[2025-01-29 23:39:34,529][__main__][INFO] - [14, 22], [16]
[2025-01-29 23:39:34,551][__main__][INFO] - [14, 23], [16]
[2025-01-29 23:39:34,632][__main__][INFO] - [15, 16, 17], []
[2025-01-29 23:39:34,674][__main__][INFO] - [15, 16, 18], []
[2025-01-29 23:39:34,728][__main__][INFO] - [15, 16, 19], []
[2025-01-29 23:39:34,750][__main__][INFO] - [15, 16, 20], []
[2025-01-29 23:39:34,772][__main__][INFO] - [15, 16, 21], []
[2025-01-29 23:39:34,808][__main__][INFO] - [15, 16, 23], []
[2025-01-29 23:39:34,831][__main__][INFO] - [15, 16, 24], []
[2025-01-29 23:39:34,883][__main__][INFO] - [15, 17], [16]
[2025-01-29 23:39:34,933][__main__][INFO] - [15, 18], [16]
[2025-01-29 23:39:34,998][__main__][INFO] - [15, 19], [16]
[2025-01-29 23:39:35,020][__main__][INFO] - [15, 20], [16]
[2025-01-29 23:39:35,042][__main__][INFO] - [15, 21], [16]
[2025-01-29 23:39:35,079][__main__][INFO] - [15, 23], [16]
[2025-01-29 23:39:35,100][__main__][INFO] - [15, 24], [16]
