[2025-01-29 09:34:49,060][gurobipy][INFO] - Set parameter TimeLimit to value 600
[2025-01-29 09:34:49,065][gurobipy][INFO] - Gurobi Optimizer version 11.0.2 build v11.0.2rc0 (linux64)
[2025-01-29 09:34:49,065][gurobipy][INFO] - 
[2025-01-29 09:34:49,077][gurobipy][INFO] - CPU model: Intel(R) Xeon(R) Gold 6136 CPU @ 3.00GHz, instruction set [SSE2|AVX|AVX2|AVX512]
[2025-01-29 09:34:49,077][gurobipy][INFO] - Thread count: 24 physical cores, 48 logical processors, using up to 24 threads
[2025-01-29 09:34:49,077][gurobipy][INFO] - 
[2025-01-29 09:34:49,077][gurobipy][INFO] - Optimize a model with 22323 rows, 542 columns and 56548 nonzeros
[2025-01-29 09:34:49,078][gurobipy][INFO] - Model fingerprint: 0xda5cc195
[2025-01-29 09:34:49,078][gurobipy][INFO] - Variable types: 497 continuous, 45 integer (45 binary)
[2025-01-29 09:34:49,078][gurobipy][INFO] - Coefficient statistics:
[2025-01-29 09:34:49,078][gurobipy][INFO] -   Matrix range     [1e-03, 2e+00]
[2025-01-29 09:34:49,078][gurobipy][INFO] -   Objective range  [1e+00, 1e+00]
[2025-01-29 09:34:49,078][gurobipy][INFO] -   Bounds range     [1e+00, 1e+00]
[2025-01-29 09:34:49,078][gurobipy][INFO] -   RHS range        [1e+00, 1e+01]
[2025-01-29 09:34:49,082][gurobipy][INFO] - Found heuristic solution: objective 0.0000000
[2025-01-29 09:34:49,202][gurobipy][INFO] - Presolve removed 10369 rows and 10 columns
[2025-01-29 09:34:49,202][gurobipy][INFO] - Presolve time: 0.12s
[2025-01-29 09:34:49,202][gurobipy][INFO] - Presolved: 11954 rows, 532 columns, 36353 nonzeros
[2025-01-29 09:34:49,211][gurobipy][INFO] - Variable types: 497 continuous, 35 integer (35 binary)
[2025-01-29 09:34:49,224][gurobipy][INFO] - Root relaxation presolved: 11954 rows, 532 columns, 36353 nonzeros
[2025-01-29 09:34:49,225][gurobipy][INFO] - 
[2025-01-29 09:34:49,245][gurobipy][INFO] - 
[2025-01-29 09:34:49,245][gurobipy][INFO] - Root relaxation: objective 1.000000e+00, 286 iterations, 0.03 seconds (0.05 work units)
[2025-01-29 09:34:49,250][gurobipy][INFO] - 
[2025-01-29 09:34:49,250][gurobipy][INFO] -     Nodes    |    Current Node    |     Objective Bounds      |     Work
[2025-01-29 09:34:49,250][gurobipy][INFO] -  Expl Unexpl |  Obj  Depth IntInf | Incumbent    BestBd   Gap | It/Node Time
[2025-01-29 09:34:49,250][gurobipy][INFO] - 
[2025-01-29 09:34:49,250][gurobipy][INFO] -      0     0    1.00000    0    6    0.00000    1.00000      -     -    0s
[2025-01-29 09:34:49,257][gurobipy][INFO] - H    0     0                       0.0118331    1.00000  8351%     -    0s
[2025-01-29 09:34:49,264][gurobipy][INFO] - H    0     0                       0.0585589    1.00000  1608%     -    0s
[2025-01-29 09:34:49,268][gurobipy][INFO] - H    0     0                       0.0614592    1.00000  1527%     -    0s
[2025-01-29 09:34:49,501][gurobipy][INFO] -      0     0    1.00000    0   26    0.06146    1.00000  1527%     -    0s
[2025-01-29 09:34:49,505][gurobipy][INFO] -      0     0    1.00000    0   24    0.06146    1.00000  1527%     -    0s
[2025-01-29 09:34:49,879][gurobipy][INFO] - H    0     0                       0.0796775    1.00000  1155%     -    0s
[2025-01-29 09:34:50,376][gurobipy][INFO] -      0     0    0.86012    0   15    0.07968    0.86012   980%     -    1s
[2025-01-29 09:34:50,419][gurobipy][INFO] - H    0     0                       0.0809568    0.86012   962%     -    1s
[2025-01-29 09:34:50,429][gurobipy][INFO] - H    0     0                       0.0822691    0.86012   945%     -    1s
[2025-01-29 09:34:50,439][gurobipy][INFO] -      0     0    0.85192    0   15    0.08227    0.85192   936%     -    1s
[2025-01-29 09:34:50,706][gurobipy][INFO] - H    0     0                       0.0841439    0.84095   899%     -    1s
[2025-01-29 09:34:50,706][gurobipy][INFO] - H    0     0                       0.0846732    0.84095   893%     -    1s
[2025-01-29 09:34:50,835][gurobipy][INFO] - H    0     0                       0.1005426    0.81609   712%     -    1s
[2025-01-29 09:34:50,837][gurobipy][INFO] -      0     0    0.81609    0    1    0.10054    0.81609   712%     -    1s
[2025-01-29 09:34:50,913][gurobipy][INFO] -      0     0    0.78719    0   20    0.10054    0.78719   683%     -    1s
[2025-01-29 09:34:51,024][gurobipy][INFO] -      0     0    0.74590    0    9    0.10054    0.74590   642%     -    1s
[2025-01-29 09:34:51,088][gurobipy][INFO] -      0     0    0.73623    0    9    0.10054    0.73623   632%     -    2s
[2025-01-29 09:34:51,820][gurobipy][INFO] -      0     0    0.10054    0    3    0.10054    0.10054  0.00%     -    2s
[2025-01-29 09:34:51,821][gurobipy][INFO] - 
[2025-01-29 09:34:51,821][gurobipy][INFO] - Cutting planes:
[2025-01-29 09:34:51,821][gurobipy][INFO] -   Implied bound: 1
[2025-01-29 09:34:51,821][gurobipy][INFO] -   MIR: 12
[2025-01-29 09:34:51,822][gurobipy][INFO] -   RLT: 5
[2025-01-29 09:34:51,822][gurobipy][INFO] - 
[2025-01-29 09:34:51,822][gurobipy][INFO] - Explored 1 nodes (8613 simplex iterations) in 2.74 seconds (3.96 work units)
[2025-01-29 09:34:51,822][gurobipy][INFO] - Thread count was 24 (of 48 available processors)
[2025-01-29 09:34:51,822][gurobipy][INFO] - 
[2025-01-29 09:34:51,822][gurobipy][INFO] - Solution count 10: 0.100543 0.0846732 0.0841439 ... 1.06581e-14
[2025-01-29 09:34:51,822][gurobipy][INFO] - No other solutions better than 0.100543
[2025-01-29 09:34:51,822][gurobipy][INFO] - 
[2025-01-29 09:34:51,822][gurobipy][INFO] - Optimal solution found (tolerance 1.00e-04)
[2025-01-29 09:34:51,822][gurobipy][INFO] - Best objective 1.005425792364e-01, best bound 1.005425792364e-01, gap 0.0000%
[2025-01-29 09:34:51,839][__main__][INFO] - Finished size 1000 (1/5)
[2025-01-29 09:34:56,902][gurobipy][INFO] - Set parameter TimeLimit to value 600
[2025-01-29 09:34:56,914][gurobipy][INFO] - Gurobi Optimizer version 11.0.2 build v11.0.2rc0 (linux64)
[2025-01-29 09:34:56,914][gurobipy][INFO] - 
[2025-01-29 09:34:56,926][gurobipy][INFO] - CPU model: Intel(R) Xeon(R) Gold 6136 CPU @ 3.00GHz, instruction set [SSE2|AVX|AVX2|AVX512]
[2025-01-29 09:34:56,926][gurobipy][INFO] - Thread count: 24 physical cores, 48 logical processors, using up to 24 threads
[2025-01-29 09:34:56,926][gurobipy][INFO] - 
[2025-01-29 09:34:56,926][gurobipy][INFO] - Optimize a model with 44508 rows, 1035 columns and 112750 nonzeros
[2025-01-29 09:34:56,928][gurobipy][INFO] - Model fingerprint: 0x77a54c2f
[2025-01-29 09:34:56,928][gurobipy][INFO] - Variable types: 990 continuous, 45 integer (45 binary)
[2025-01-29 09:34:56,928][gurobipy][INFO] - Coefficient statistics:
[2025-01-29 09:34:56,928][gurobipy][INFO] -   Matrix range     [4e-04, 2e+00]
[2025-01-29 09:34:56,928][gurobipy][INFO] -   Objective range  [1e+00, 1e+00]
[2025-01-29 09:34:56,928][gurobipy][INFO] -   Bounds range     [1e+00, 1e+00]
[2025-01-29 09:34:56,928][gurobipy][INFO] -   RHS range        [1e+00, 1e+01]
[2025-01-29 09:34:56,935][gurobipy][INFO] - Found heuristic solution: objective -0.0000000
[2025-01-29 09:34:57,223][gurobipy][INFO] - Presolve removed 13835 rows and 3 columns
[2025-01-29 09:34:57,223][gurobipy][INFO] - Presolve time: 0.29s
[2025-01-29 09:34:57,223][gurobipy][INFO] - Presolved: 30673 rows, 1032 columns, 93003 nonzeros
[2025-01-29 09:34:57,246][gurobipy][INFO] - Variable types: 990 continuous, 42 integer (42 binary)
[2025-01-29 09:34:57,287][gurobipy][INFO] - Root relaxation presolved: 1032 rows, 31705 columns, 94035 nonzeros
[2025-01-29 09:34:57,287][gurobipy][INFO] - 
[2025-01-29 09:34:57,333][gurobipy][INFO] - 
[2025-01-29 09:34:57,333][gurobipy][INFO] - Root relaxation: objective 1.000000e+00, 993 iterations, 0.09 seconds (0.15 work units)
[2025-01-29 09:34:57,345][gurobipy][INFO] - 
[2025-01-29 09:34:57,345][gurobipy][INFO] -     Nodes    |    Current Node    |     Objective Bounds      |     Work
[2025-01-29 09:34:57,345][gurobipy][INFO] -  Expl Unexpl |  Obj  Depth IntInf | Incumbent    BestBd   Gap | It/Node Time
[2025-01-29 09:34:57,345][gurobipy][INFO] - 
[2025-01-29 09:34:57,345][gurobipy][INFO] -      0     0    1.00000    0    4   -0.00000    1.00000      -     -    0s
[2025-01-29 09:34:57,353][gurobipy][INFO] - H    0     0                       0.0010860    1.00000      -     -    0s
[2025-01-29 09:34:57,371][gurobipy][INFO] - H    0     0                       0.0028177    1.00000      -     -    0s
[2025-01-29 09:34:57,441][gurobipy][INFO] - H    0     0                       0.0028177    1.00000      -     -    0s
[2025-01-29 09:34:57,910][gurobipy][INFO] -      0     0    1.00000    0   36    0.00282    1.00000      -     -    0s
[2025-01-29 09:34:58,011][gurobipy][INFO] - H    0     0                       0.0508924    1.00000  1865%     -    1s
[2025-01-29 09:35:00,838][gurobipy][INFO] -      0     0    0.95614    0   11    0.05089    0.95614  1779%     -    3s
[2025-01-29 09:35:00,974][gurobipy][INFO] - H    0     0                       0.0548796    0.95614  1642%     -    4s
[2025-01-29 09:35:00,988][gurobipy][INFO] -      0     0    0.95455    0   11    0.05488    0.95455  1639%     -    4s
[2025-01-29 09:35:02,393][gurobipy][INFO] -      0     0    0.94012    0   11    0.05488    0.94012  1613%     -    5s
[2025-01-29 09:35:02,628][gurobipy][INFO] -      0     0    0.93740    0   11    0.05488    0.93740  1608%     -    5s
[2025-01-29 09:35:07,825][gurobipy][INFO] - H    0     0                       0.0611567    0.81818  1238%     -   10s
[2025-01-29 09:35:07,827][gurobipy][INFO] - H    0     0                       0.0617605    0.81818  1225%     -   10s
[2025-01-29 09:35:07,829][gurobipy][INFO] - H    0     0                       0.0686641    0.81818  1092%     -   10s
[2025-01-29 09:35:07,831][gurobipy][INFO] - H    0     0                       0.0688274    0.81818  1089%     -   10s
[2025-01-29 09:35:10,552][gurobipy][INFO] -      0     0    0.81818    0   12    0.06883    0.81818  1089%     -   13s
[2025-01-29 09:35:11,307][gurobipy][INFO] -      0     0    0.06883    0    8    0.06883    0.06883  0.00%     -   14s
[2025-01-29 09:35:11,307][gurobipy][INFO] - 
[2025-01-29 09:35:11,307][gurobipy][INFO] - Cutting planes:
[2025-01-29 09:35:11,307][gurobipy][INFO] -   Cover: 2
[2025-01-29 09:35:11,307][gurobipy][INFO] -   MIR: 5
[2025-01-29 09:35:11,309][gurobipy][INFO] - 
[2025-01-29 09:35:11,309][gurobipy][INFO] - Explored 1 nodes (20249 simplex iterations) in 14.38 seconds (20.82 work units)
[2025-01-29 09:35:11,309][gurobipy][INFO] - Thread count was 24 (of 48 available processors)
[2025-01-29 09:35:11,309][gurobipy][INFO] - 
[2025-01-29 09:35:11,309][gurobipy][INFO] - Solution count 9: 0.0688274 0.0686641 0.0617605 ... -0
[2025-01-29 09:35:11,309][gurobipy][INFO] - No other solutions better than 0.0688274
[2025-01-29 09:35:11,309][gurobipy][INFO] - 
[2025-01-29 09:35:11,309][gurobipy][INFO] - Optimal solution found (tolerance 1.00e-04)
[2025-01-29 09:35:11,310][gurobipy][INFO] - Best objective 6.882737145895e-02, best bound 6.882737145895e-02, gap 0.0000%
[2025-01-29 09:35:11,580][__main__][INFO] - Finished size 2994 (2/5)
[2025-01-29 09:35:19,031][gurobipy][INFO] - Set parameter TimeLimit to value 600
[2025-01-29 09:35:19,050][gurobipy][INFO] - Gurobi Optimizer version 11.0.2 build v11.0.2rc0 (linux64)
[2025-01-29 09:35:19,050][gurobipy][INFO] - 
[2025-01-29 09:35:19,062][gurobipy][INFO] - CPU model: Intel(R) Xeon(R) Gold 6136 CPU @ 3.00GHz, instruction set [SSE2|AVX|AVX2|AVX512]
[2025-01-29 09:35:19,063][gurobipy][INFO] - Thread count: 24 physical cores, 48 logical processors, using up to 24 threads
[2025-01-29 09:35:19,063][gurobipy][INFO] - 
[2025-01-29 09:35:19,063][gurobipy][INFO] - Optimize a model with 79698 rows, 1817 columns and 201898 nonzeros
[2025-01-29 09:35:19,064][gurobipy][INFO] - Model fingerprint: 0x68854cc8
[2025-01-29 09:35:19,065][gurobipy][INFO] - Variable types: 1772 continuous, 45 integer (45 binary)
[2025-01-29 09:35:19,065][gurobipy][INFO] - Coefficient statistics:
[2025-01-29 09:35:19,065][gurobipy][INFO] -   Matrix range     [1e-04, 2e+00]
[2025-01-29 09:35:19,065][gurobipy][INFO] -   Objective range  [1e+00, 1e+00]
[2025-01-29 09:35:19,065][gurobipy][INFO] -   Bounds range     [1e+00, 1e+00]
[2025-01-29 09:35:19,065][gurobipy][INFO] -   RHS range        [1e+00, 1e+01]
[2025-01-29 09:35:19,080][gurobipy][INFO] - Found heuristic solution: objective -0.0000000
[2025-01-29 09:35:19,651][gurobipy][INFO] - Presolve removed 21252 rows and 1 columns
[2025-01-29 09:35:19,652][gurobipy][INFO] - Presolve time: 0.57s
[2025-01-29 09:35:19,652][gurobipy][INFO] - Presolved: 58446 rows, 1816 columns, 177104 nonzeros
[2025-01-29 09:35:19,697][gurobipy][INFO] - Variable types: 1772 continuous, 44 integer (44 binary)
[2025-01-29 09:35:19,781][gurobipy][INFO] - Root relaxation presolved: 1816 rows, 60262 columns, 178920 nonzeros
[2025-01-29 09:35:19,781][gurobipy][INFO] - 
[2025-01-29 09:35:20,024][gurobipy][INFO] - 
[2025-01-29 09:35:20,024][gurobipy][INFO] - Root relaxation: objective 1.000000e+00, 1820 iterations, 0.32 seconds (0.64 work units)
[2025-01-29 09:35:20,038][gurobipy][INFO] - 
[2025-01-29 09:35:20,038][gurobipy][INFO] -     Nodes    |    Current Node    |     Objective Bounds      |     Work
[2025-01-29 09:35:20,038][gurobipy][INFO] -  Expl Unexpl |  Obj  Depth IntInf | Incumbent    BestBd   Gap | It/Node Time
[2025-01-29 09:35:20,038][gurobipy][INFO] - 
[2025-01-29 09:35:20,038][gurobipy][INFO] -      0     0    1.00000    0    2   -0.00000    1.00000      -     -    0s
[2025-01-29 09:35:20,053][gurobipy][INFO] - H    0     0                       0.0007326    1.00000      -     -    0s
[2025-01-29 09:35:20,199][gurobipy][INFO] - H    0     0                       0.0007326    1.00000      -     -    1s
[2025-01-29 09:35:21,118][gurobipy][INFO] -      0     0    1.00000    0   43    0.00073    1.00000      -     -    2s
[2025-01-29 09:35:21,409][gurobipy][INFO] - H    0     0                       0.0101158    1.00000  9786%     -    2s
[2025-01-29 09:35:21,449][gurobipy][INFO] - H    0     0                       0.0113191    1.00000  8735%     -    2s
[2025-01-29 09:35:31,024][gurobipy][INFO] - H    0     0                       0.0134827    0.96652  7069%     -   11s
[2025-01-29 09:35:31,026][gurobipy][INFO] - H    0     0                       0.0146667    0.96652  6490%     -   11s
[2025-01-29 09:35:31,267][gurobipy][INFO] -      0     0    0.96652    0   17    0.01467    0.96652  6490%     -   12s
[2025-01-29 09:35:31,422][gurobipy][INFO] - H    0     0                       0.0354570    0.96652  2626%     -   12s
[2025-01-29 09:35:31,523][gurobipy][INFO] -      0     0    0.96627    0   17    0.03546    0.96627  2625%     -   12s
[2025-01-29 09:35:43,452][gurobipy][INFO] - H    0     0                       0.0497499    0.95191  1813%     -   24s
[2025-01-29 09:35:43,455][gurobipy][INFO] - H    0     0                       0.0511170    0.95191  1762%     -   24s
[2025-01-29 09:35:43,478][gurobipy][INFO] -      0     0    0.95191    0    2    0.05112    0.95191  1762%     -   24s
[2025-01-29 09:35:44,028][gurobipy][INFO] - H    0     0                       0.0609494    0.95177  1462%     -   24s
[2025-01-29 09:35:44,030][gurobipy][INFO] - H    0     0                       0.0627506    0.95177  1417%     -   24s
[2025-01-29 09:35:52,946][gurobipy][INFO] -      0     0    0.06275    0   14    0.06275    0.06275  0.00%     -   33s
[2025-01-29 09:35:52,950][gurobipy][INFO] - 
[2025-01-29 09:35:52,950][gurobipy][INFO] - Cutting planes:
[2025-01-29 09:35:52,950][gurobipy][INFO] -   Cover: 1
[2025-01-29 09:35:52,950][gurobipy][INFO] -   MIR: 4
[2025-01-29 09:35:52,954][gurobipy][INFO] - 
[2025-01-29 09:35:52,954][gurobipy][INFO] - Explored 1 nodes (23588 simplex iterations) in 33.89 seconds (45.47 work units)
[2025-01-29 09:35:52,954][gurobipy][INFO] - Thread count was 24 (of 48 available processors)
[2025-01-29 09:35:52,954][gurobipy][INFO] - 
[2025-01-29 09:35:52,954][gurobipy][INFO] - Solution count 10: 0.0627506 0.0609494 0.051117 ... 0.000732644
[2025-01-29 09:35:52,954][gurobipy][INFO] - No other solutions better than 0.0627506
[2025-01-29 09:35:52,954][gurobipy][INFO] - 
[2025-01-29 09:35:52,954][gurobipy][INFO] - Optimal solution found (tolerance 1.00e-04)
[2025-01-29 09:35:52,955][gurobipy][INFO] - Best objective 6.275056537562e-02, best bound 6.275056537562e-02, gap 0.0000%
[2025-01-29 09:35:53,048][__main__][INFO] - Finished size 8963 (3/5)
[2025-01-29 09:36:06,529][gurobipy][INFO] - Set parameter TimeLimit to value 600
[2025-01-29 09:36:06,563][gurobipy][INFO] - Gurobi Optimizer version 11.0.2 build v11.0.2rc0 (linux64)
[2025-01-29 09:36:06,563][gurobipy][INFO] - 
[2025-01-29 09:36:06,575][gurobipy][INFO] - CPU model: Intel(R) Xeon(R) Gold 6136 CPU @ 3.00GHz, instruction set [SSE2|AVX|AVX2|AVX512]
[2025-01-29 09:36:06,575][gurobipy][INFO] - Thread count: 24 physical cores, 48 logical processors, using up to 24 threads
[2025-01-29 09:36:06,576][gurobipy][INFO] - 
[2025-01-29 09:36:06,576][gurobipy][INFO] - Optimize a model with 140943 rows, 3178 columns and 357052 nonzeros
[2025-01-29 09:36:06,579][gurobipy][INFO] - Model fingerprint: 0x4f8a0b76
[2025-01-29 09:36:06,579][gurobipy][INFO] - Variable types: 3133 continuous, 45 integer (45 binary)
[2025-01-29 09:36:06,579][gurobipy][INFO] - Coefficient statistics:
[2025-01-29 09:36:06,579][gurobipy][INFO] -   Matrix range     [5e-05, 2e+00]
[2025-01-29 09:36:06,580][gurobipy][INFO] -   Objective range  [1e+00, 1e+00]
[2025-01-29 09:36:06,580][gurobipy][INFO] -   Bounds range     [1e+00, 1e+00]
[2025-01-29 09:36:06,580][gurobipy][INFO] -   RHS range        [1e+00, 1e+01]
[2025-01-29 09:36:06,611][gurobipy][INFO] - Found heuristic solution: objective -0.0000000
[2025-01-29 09:36:07,828][gurobipy][INFO] - Presolve removed 37582 rows and 1 columns
[2025-01-29 09:36:07,828][gurobipy][INFO] - Presolve time: 1.22s
[2025-01-29 09:36:07,828][gurobipy][INFO] - Presolved: 103361 rows, 3177 columns, 313210 nonzeros
[2025-01-29 09:36:07,912][gurobipy][INFO] - Variable types: 3133 continuous, 44 integer (44 binary)
[2025-01-29 09:36:08,114][gurobipy][INFO] - Root relaxation presolved: 3177 rows, 106538 columns, 316387 nonzeros
[2025-01-29 09:36:08,114][gurobipy][INFO] - 
[2025-01-29 09:36:08,211][gurobipy][INFO] - 
[2025-01-29 09:36:08,211][gurobipy][INFO] - Root relaxation: objective 1.000000e+00, 236 iterations, 0.29 seconds (0.31 work units)
[2025-01-29 09:36:08,243][gurobipy][INFO] - 
[2025-01-29 09:36:08,244][gurobipy][INFO] -     Nodes    |    Current Node    |     Objective Bounds      |     Work
[2025-01-29 09:36:08,244][gurobipy][INFO] -  Expl Unexpl |  Obj  Depth IntInf | Incumbent    BestBd   Gap | It/Node Time
[2025-01-29 09:36:08,244][gurobipy][INFO] - 
[2025-01-29 09:36:08,244][gurobipy][INFO] -      0     0    1.00000    0    6   -0.00000    1.00000      -     -    1s
[2025-01-29 09:36:08,295][gurobipy][INFO] - H    0     0                       0.0013468    1.00000      -     -    1s
[2025-01-29 09:36:08,799][gurobipy][INFO] - H    0     0                       0.0131217    1.00000  7521%     -    2s
[2025-01-29 09:36:09,085][gurobipy][INFO] -      0     0    1.00000    0    6    0.01312    1.00000  7521%     -    2s
[2025-01-29 09:36:09,524][gurobipy][INFO] - H    0     0                       0.0241573    1.00000  4040%     -    2s
[2025-01-29 09:36:10,953][gurobipy][INFO] -      0     0    1.00000    0   43    0.02416    1.00000  4040%     -    4s
[2025-01-29 09:36:11,689][gurobipy][INFO] -      0     0    1.00000    0   27    0.02416    1.00000  4040%     -    5s
[2025-01-29 09:36:16,827][gurobipy][INFO] -      0     0    1.00000    0   25    0.02416    1.00000  4040%     -   10s
[2025-01-29 09:36:17,393][gurobipy][INFO] - H    0     0                       0.0269293    1.00000  3613%     -   10s
[2025-01-29 09:36:19,780][gurobipy][INFO] -      0     0    1.00000    0   32    0.02693    1.00000  3613%     -   13s
[2025-01-29 09:36:27,927][gurobipy][INFO] -      0     0    1.00000    0   31    0.02693    1.00000  3613%     -   21s
[2025-01-29 09:36:31,292][gurobipy][INFO] -      0     0    1.00000    0   32    0.02693    1.00000  3613%     -   24s
[2025-01-29 09:36:39,831][gurobipy][INFO] -      0     0    1.00000    0   30    0.02693    1.00000  3613%     -   33s
[2025-01-29 09:36:40,657][gurobipy][INFO] -      0     0    1.00000    0   30    0.02693    1.00000  3613%     -   34s
[2025-01-29 09:36:45,760][gurobipy][INFO] -      0     0    1.00000    0   30    0.02693    1.00000  3613%     -   39s
[2025-01-29 09:36:46,782][gurobipy][INFO] -      0     0    1.00000    0    9    0.02693    1.00000  3613%     -   40s
[2025-01-29 09:36:52,987][gurobipy][INFO] -      0     0    1.00000    0   30    0.02693    1.00000  3613%     -   46s
[2025-01-29 09:36:59,230][gurobipy][INFO] -      0     0    1.00000    0   30    0.02693    1.00000  3613%     -   52s
[2025-01-29 09:37:18,752][gurobipy][INFO] -      0     2    1.00000    0   30    0.02693    1.00000  3613%     -   72s
[2025-01-29 09:37:21,739][gurobipy][INFO] -      5     8    1.00000    3   27    0.02693    1.00000  3613%  1100   75s
[2025-01-29 09:37:27,638][gurobipy][INFO] -     17    16    0.94737    5   28    0.02693    1.00000  3613%   927   81s
[2025-01-29 09:37:33,715][gurobipy][INFO] -     61    30    0.93750    8   23    0.02693    0.94071  3393%   467   87s
[2025-01-29 09:37:36,914][gurobipy][INFO] -     85    40    0.93333    9   22    0.02693    0.93737  3381%   395   90s
[2025-01-29 09:37:41,716][gurobipy][INFO] -    133    64    0.92308   11   19    0.02693    0.93257  3363%   313   95s
[2025-01-29 09:37:44,642][gurobipy][INFO] - H  198   103                       0.0710861    0.93257  1212%   233   98s
[2025-01-29 09:37:46,962][gurobipy][INFO] -    218    82    0.90000   14   16    0.07109    0.93257  1212%   230  100s
[2025-01-29 09:37:51,437][gurobipy][INFO] - H  260    66                       0.0717535    0.93257  1200%   202  104s
[2025-01-29 09:37:52,691][gurobipy][INFO] -    308    68    0.87671   16   19    0.07175    0.93257  1200%   196  106s
[2025-01-29 09:37:57,721][gurobipy][INFO] -    548    38    0.80000   20    9    0.07175    0.93257  1200%   141  111s
[2025-01-29 09:38:02,134][gurobipy][INFO] -    608    36    0.13727   20    9    0.07175    0.93257  1200%   138  115s
[2025-01-29 09:38:06,730][gurobipy][INFO] -    774    16    0.08236   24    3    0.07175    0.93257  1200%   140  120s
[2025-01-29 09:38:13,154][gurobipy][INFO] -    813    18    0.12412   11   19    0.07175    0.30058   319%   151  126s
[2025-01-29 09:38:14,166][gurobipy][INFO] - 
[2025-01-29 09:38:14,166][gurobipy][INFO] - Cutting planes:
[2025-01-29 09:38:14,166][gurobipy][INFO] -   Gomory: 1
[2025-01-29 09:38:14,166][gurobipy][INFO] -   Lift-and-project: 1
[2025-01-29 09:38:14,166][gurobipy][INFO] -   Cover: 2
[2025-01-29 09:38:14,167][gurobipy][INFO] -   Implied bound: 1
[2025-01-29 09:38:14,167][gurobipy][INFO] -   MIR: 51
[2025-01-29 09:38:14,167][gurobipy][INFO] -   RLT: 7
[2025-01-29 09:38:14,182][gurobipy][INFO] - 
[2025-01-29 09:38:14,182][gurobipy][INFO] - Explored 884 nodes (168243 simplex iterations) in 127.61 seconds (218.90 work units)
[2025-01-29 09:38:14,183][gurobipy][INFO] - Thread count was 24 (of 48 available processors)
[2025-01-29 09:38:14,183][gurobipy][INFO] - 
[2025-01-29 09:38:14,183][gurobipy][INFO] - Solution count 7: 0.0717535 0.0710861 0.0269293 ... -0
[2025-01-29 09:38:14,183][gurobipy][INFO] - No other solutions better than 0.0717535
[2025-01-29 09:38:14,183][gurobipy][INFO] - 
[2025-01-29 09:38:14,183][gurobipy][INFO] - Optimal solution found (tolerance 1.00e-04)
[2025-01-29 09:38:14,184][gurobipy][INFO] - Best objective 7.175354400366e-02, best bound 7.175354400366e-02, gap 0.0000%
[2025-01-29 09:38:14,428][__main__][INFO] - Finished size 26833 (4/5)
[2025-01-29 09:38:36,697][gurobipy][INFO] - Set parameter TimeLimit to value 600
[2025-01-29 09:38:36,754][gurobipy][INFO] - Gurobi Optimizer version 11.0.2 build v11.0.2rc0 (linux64)
[2025-01-29 09:38:36,754][gurobipy][INFO] - 
[2025-01-29 09:38:36,765][gurobipy][INFO] - CPU model: Intel(R) Xeon(R) Gold 6136 CPU @ 3.00GHz, instruction set [SSE2|AVX|AVX2|AVX512]
[2025-01-29 09:38:36,765][gurobipy][INFO] - Thread count: 24 physical cores, 48 logical processors, using up to 24 threads
[2025-01-29 09:38:36,765][gurobipy][INFO] - 
[2025-01-29 09:38:36,765][gurobipy][INFO] - Optimize a model with 231213 rows, 5184 columns and 585736 nonzeros
[2025-01-29 09:38:36,770][gurobipy][INFO] - Model fingerprint: 0x25150881
[2025-01-29 09:38:36,771][gurobipy][INFO] - Variable types: 5139 continuous, 45 integer (45 binary)
[2025-01-29 09:38:36,771][gurobipy][INFO] - Coefficient statistics:
[2025-01-29 09:38:36,772][gurobipy][INFO] -   Matrix range     [2e-05, 2e+00]
[2025-01-29 09:38:36,772][gurobipy][INFO] -   Objective range  [1e+00, 1e+00]
[2025-01-29 09:38:36,772][gurobipy][INFO] -   Bounds range     [1e+00, 1e+00]
[2025-01-29 09:38:36,772][gurobipy][INFO] -   RHS range        [1e+00, 1e+01]
[2025-01-29 09:38:36,828][gurobipy][INFO] - Found heuristic solution: objective -0.0000000
[2025-01-29 09:38:39,073][gurobipy][INFO] - Presolve removed 61651 rows and 1 columns
[2025-01-29 09:38:39,073][gurobipy][INFO] - Presolve time: 2.24s
[2025-01-29 09:38:39,073][gurobipy][INFO] - Presolved: 169562 rows, 5183 columns, 513819 nonzeros
[2025-01-29 09:38:39,215][gurobipy][INFO] - Variable types: 5139 continuous, 44 integer (44 binary)
[2025-01-29 09:38:39,566][gurobipy][INFO] - Root relaxation presolved: 5183 rows, 174745 columns, 519002 nonzeros
[2025-01-29 09:38:39,566][gurobipy][INFO] - 
[2025-01-29 09:38:39,681][gurobipy][INFO] - 
[2025-01-29 09:38:39,681][gurobipy][INFO] - Root relaxation: objective 1.000000e+00, 82 iterations, 0.46 seconds (0.44 work units)
[2025-01-29 09:38:39,747][gurobipy][INFO] - 
[2025-01-29 09:38:39,747][gurobipy][INFO] -     Nodes    |    Current Node    |     Objective Bounds      |     Work
[2025-01-29 09:38:39,747][gurobipy][INFO] -  Expl Unexpl |  Obj  Depth IntInf | Incumbent    BestBd   Gap | It/Node Time
[2025-01-29 09:38:39,747][gurobipy][INFO] - 
[2025-01-29 09:38:39,747][gurobipy][INFO] -      0     0    1.00000    0    6   -0.00000    1.00000      -     -    2s
[2025-01-29 09:38:39,801][gurobipy][INFO] - H    0     0                       0.0004151    1.00000      -     -    3s
[2025-01-29 09:38:40,093][gurobipy][INFO] - H    0     0                       0.0009875    1.00000      -     -    3s
[2025-01-29 09:38:40,637][gurobipy][INFO] -      0     0    1.00000    0    5    0.00099    1.00000      -     -    3s
[2025-01-29 09:38:43,707][gurobipy][INFO] -      0     0    1.00000    0   41    0.00099    1.00000      -     -    6s
[2025-01-29 09:38:50,831][gurobipy][INFO] -      0     0    1.00000    0   40    0.00099    1.00000      -     -   14s
[2025-01-29 09:38:52,146][gurobipy][INFO] - H    0     0                       0.0215728    1.00000  4535%     -   15s
[2025-01-29 09:38:52,579][gurobipy][INFO] -      0     0    1.00000    0   40    0.02157    1.00000  4535%     -   15s
[2025-01-29 09:39:00,820][gurobipy][INFO] -      0     0    1.00000    0   40    0.02157    1.00000  4535%     -   24s
[2025-01-29 09:39:02,640][gurobipy][INFO] -      0     0    1.00000    0   39    0.02157    1.00000  4535%     -   25s
[2025-01-29 09:39:12,231][gurobipy][INFO] -      0     0    1.00000    0   31    0.02157    1.00000  4535%     -   35s
[2025-01-29 09:39:15,284][gurobipy][INFO] -      0     0    1.00000    0   31    0.02157    1.00000  4535%     -   38s
[2025-01-29 09:39:22,626][gurobipy][INFO] -      0     0    1.00000    0   31    0.02157    1.00000  4535%     -   45s
[2025-01-29 09:39:24,637][gurobipy][INFO] -      0     0    1.00000    0   31    0.02157    1.00000  4535%     -   47s
[2025-01-29 09:39:30,953][gurobipy][INFO] -      0     0    1.00000    0   31    0.02157    1.00000  4535%     -   54s
[2025-01-29 09:39:38,522][gurobipy][INFO] -      0     0    1.00000    0   31    0.02157    1.00000  4535%     -   61s
[2025-01-29 09:39:40,303][gurobipy][INFO] - H    0     0                       0.0504778    1.00000  1881%     -   63s
[2025-01-29 09:39:55,405][gurobipy][INFO] -      0     2    1.00000    0   31    0.05048    1.00000  1881%     -   78s
[2025-01-29 09:39:57,956][gurobipy][INFO] -      3     2    1.00000    2   29    0.05048    1.00000  1881%  1319   81s
[2025-01-29 09:40:01,898][gurobipy][INFO] -      7     4    1.00000    4   16    0.05048    1.00000  1881%   733   85s
[2025-01-29 09:40:16,421][gurobipy][INFO] -     10     6    1.00000    5   14    0.05048    1.00000  1881%   558   99s
[2025-01-29 09:40:18,088][gurobipy][INFO] -     14     6    1.00000    6   13    0.05048    1.00000  1881%  1301  101s
[2025-01-29 09:40:41,294][gurobipy][INFO] -     20     8    0.96153    7   34    0.05048    1.00000  1881%  1245  124s
[2025-01-29 09:40:44,559][gurobipy][INFO] -     26    10    0.95999    8   33    0.05048    0.96145  1805%  1474  127s
[2025-01-29 09:40:48,576][gurobipy][INFO] -     44    10    0.95651   10   30    0.05048    0.95947  1801%   966  131s
[2025-01-29 09:41:21,432][gurobipy][INFO] -     54    12    0.95454   11   29    0.05048    0.95785  1798%   819  164s
[2025-01-29 09:41:25,932][gurobipy][INFO] -     64    14    0.95237   12   28    0.05048    0.95603  1794%   809  169s
[2025-01-29 09:41:27,673][gurobipy][INFO] -     76    14    0.94999   13   27    0.05048    0.95417  1790%   743  170s
[2025-01-29 09:41:34,627][gurobipy][INFO] - H   90    18                       0.0517918    0.95199  1738%   638  177s
[2025-01-29 09:41:34,633][gurobipy][INFO] - H   90    18                       0.0619577    0.95199  1437%   638  177s
[2025-01-29 09:41:37,978][gurobipy][INFO] -    120    18    0.94117   16   23    0.06196    0.94695  1428%   551  181s
[2025-01-29 09:41:43,919][gurobipy][INFO] - H  138    14                       0.0638066    0.94390  1379%   485  187s
[2025-01-29 09:41:52,345][gurobipy][INFO] -    174    22    0.92857   19   20    0.06381    0.93706  1369%   422  195s
[2025-01-29 09:41:55,401][gurobipy][INFO] - H  194    29                       0.0645650    0.93306  1345%   427  198s
[2025-01-29 09:41:58,279][gurobipy][INFO] -    221    43    0.91667   21   18    0.06456    0.92831  1338%   418  201s
[2025-01-29 09:42:02,694][gurobipy][INFO] -    300    74    0.90000   23   16    0.06456    0.92200  1328%   363  205s
[2025-01-29 09:42:08,030][gurobipy][INFO] -    403    51    0.87627   25   16    0.06456    0.92200  1328%   297  211s
[2025-01-29 09:42:12,571][gurobipy][INFO] -    515    32    0.84546   27   14    0.06456    0.92200  1328%   271  215s
[2025-01-29 09:42:18,172][gurobipy][INFO] -    598    51    0.78582   29   11    0.06456    0.92200  1328%   281  221s
[2025-01-29 09:42:22,606][gurobipy][INFO] -    646    48    0.73431   30   10    0.06456    0.92200  1328%   282  225s
[2025-01-29 09:42:22,612][gurobipy][INFO] - H  647    48                       0.0652794    0.92200  1312%   281  225s
[2025-01-29 09:42:28,926][gurobipy][INFO] -    830    38    0.12744   31   11    0.06528    0.92200  1312%   262  232s
[2025-01-29 09:42:39,596][gurobipy][INFO] -    938    45    0.26691   35    5    0.06528    0.78933  1109%   267  242s
[2025-01-29 09:42:42,370][gurobipy][INFO] -   1035    15     cutoff   37         0.06528    0.66544   919%   270  245s
[2025-01-29 09:42:45,335][gurobipy][INFO] - 
[2025-01-29 09:42:45,335][gurobipy][INFO] - Cutting planes:
[2025-01-29 09:42:45,335][gurobipy][INFO] -   Cover: 13
[2025-01-29 09:42:45,335][gurobipy][INFO] -   MIR: 18
[2025-01-29 09:42:45,335][gurobipy][INFO] -   RLT: 9
[2025-01-29 09:42:45,345][gurobipy][INFO] - 
[2025-01-29 09:42:45,345][gurobipy][INFO] - Explored 1118 nodes (337558 simplex iterations) in 248.58 seconds (467.12 work units)
[2025-01-29 09:42:45,346][gurobipy][INFO] - Thread count was 24 (of 48 available processors)
[2025-01-29 09:42:45,346][gurobipy][INFO] - 
[2025-01-29 09:42:45,346][gurobipy][INFO] - Solution count 10: 0.0652794 0.064565 0.0638066 ... -0
[2025-01-29 09:42:45,346][gurobipy][INFO] - No other solutions better than 0.0652794
[2025-01-29 09:42:45,346][gurobipy][INFO] - 
[2025-01-29 09:42:45,346][gurobipy][INFO] - Optimal solution found (tolerance 1.00e-04)
[2025-01-29 09:42:45,349][gurobipy][INFO] - Best objective 6.527939196256e-02, best bound 6.527939196256e-02, gap 0.0000%
[2025-01-29 09:42:45,714][__main__][INFO] - Finished size 80329 (5/5)
