[2025-01-29 13:08:43,419][__main__][INFO] - In total, there are 1229 possible subgroups
[2025-01-29 13:08:43,448][__main__][INFO] - [0], []
[2025-01-29 13:08:43,628][__main__][INFO] - [1], []
[2025-01-29 13:08:43,864][__main__][INFO] - [2], []
[2025-01-29 13:08:44,083][__main__][INFO] - [3], []
[2025-01-29 13:08:44,261][__main__][INFO] - [4], []
[2025-01-29 13:08:44,474][__main__][INFO] - [5], []
[2025-01-29 13:08:44,662][__main__][INFO] - [6], []
[2025-01-29 13:08:44,744][__main__][INFO] - [7], []
[2025-01-29 13:08:44,780][__main__][INFO] - [8], []
[2025-01-29 13:08:44,801][__main__][INFO] - [9], []
[2025-01-29 13:08:44,819][__main__][INFO] - [10], []
[2025-01-29 13:08:45,690][__main__][INFO] - [11], []
[2025-01-29 13:08:45,729][__main__][INFO] - [12], []
[2025-01-29 13:08:45,883][__main__][INFO] - [13], []
[2025-01-29 13:08:45,905][__main__][INFO] - [14], []
[2025-01-29 13:08:45,925][__main__][INFO] - [15], []
[2025-01-29 13:08:46,112][__main__][INFO] - [16], []
[2025-01-29 13:08:46,687][__main__][INFO] - [], [16]
[2025-01-29 13:08:47,338][__main__][INFO] - [17], []
[2025-01-29 13:08:47,472][__main__][INFO] - [18], []
[2025-01-29 13:08:48,237][__main__][INFO] - [19], []
[2025-01-29 13:08:48,290][__main__][INFO] - [20], []
[2025-01-29 13:08:48,345][__main__][INFO] - [21], []
[2025-01-29 13:08:48,366][__main__][INFO] - [22], []
[2025-01-29 13:08:48,386][__main__][INFO] - [23], []
[2025-01-29 13:08:48,571][__main__][INFO] - [24], []
[2025-01-29 13:08:48,589][__main__][INFO] - [25], []
[2025-01-29 13:08:48,639][__main__][INFO] - [0, 10], []
[2025-01-29 13:08:48,797][__main__][INFO] - [0, 11], []
[2025-01-29 13:08:48,819][__main__][INFO] - [0, 12], []
[2025-01-29 13:08:48,845][__main__][INFO] - [0, 13], []
[2025-01-29 13:08:48,866][__main__][INFO] - [0, 14], []
[2025-01-29 13:08:48,886][__main__][INFO] - [0, 15], []
[2025-01-29 13:08:48,914][__main__][INFO] - [0, 16], []
[2025-01-29 13:08:49,008][__main__][INFO] - [0], [16]
[2025-01-29 13:08:49,104][__main__][INFO] - [0, 17], []
[2025-01-29 13:08:49,144][__main__][INFO] - [0, 18], []
[2025-01-29 13:08:49,254][__main__][INFO] - [0, 19], []
[2025-01-29 13:08:49,283][__main__][INFO] - [0, 20], []
[2025-01-29 13:08:49,308][__main__][INFO] - [0, 21], []
[2025-01-29 13:08:49,329][__main__][INFO] - [0, 22], []
[2025-01-29 13:08:49,352][__main__][INFO] - [0, 23], []
[2025-01-29 13:08:49,387][__main__][INFO] - [0, 24], []
[2025-01-29 13:08:49,436][__main__][INFO] - [1, 10], []
[2025-01-29 13:08:49,621][__main__][INFO] - [1, 11], []
[2025-01-29 13:08:49,645][__main__][INFO] - [1, 12], []
[2025-01-29 13:08:49,680][__main__][INFO] - [1, 13], []
[2025-01-29 13:08:49,701][__main__][INFO] - [1, 14], []
[2025-01-29 13:08:49,722][__main__][INFO] - [1, 15], []
[2025-01-29 13:08:49,759][__main__][INFO] - [1, 16], []
[2025-01-29 13:08:49,872][__main__][INFO] - [1], [16]
[2025-01-29 13:08:49,996][__main__][INFO] - [1, 17], []
[2025-01-29 13:08:50,040][__main__][INFO] - [1, 18], []
[2025-01-29 13:08:50,178][__main__][INFO] - [1, 19], []
[2025-01-29 13:08:50,206][__main__][INFO] - [1, 20], []
[2025-01-29 13:08:50,233][__main__][INFO] - [1, 21], []
[2025-01-29 13:08:50,254][__main__][INFO] - [1, 22], []
[2025-01-29 13:08:50,274][__main__][INFO] - [1, 23], []
[2025-01-29 13:08:50,321][__main__][INFO] - [1, 24], []
[2025-01-29 13:08:50,370][__main__][INFO] - [2, 10], []
[2025-01-29 13:08:50,520][__main__][INFO] - [2, 11], []
[2025-01-29 13:08:50,544][__main__][INFO] - [2, 12], []
[2025-01-29 13:08:50,587][__main__][INFO] - [2, 13], []
[2025-01-29 13:08:50,608][__main__][INFO] - [2, 14], []
[2025-01-29 13:08:50,628][__main__][INFO] - [2, 15], []
[2025-01-29 13:08:50,677][__main__][INFO] - [2, 16], []
[2025-01-29 13:08:50,782][__main__][INFO] - [2], [16]
[2025-01-29 13:08:50,902][__main__][INFO] - [2, 17], []
[2025-01-29 13:08:50,943][__main__][INFO] - [2, 18], []
[2025-01-29 13:08:51,074][__main__][INFO] - [2, 19], []
[2025-01-29 13:08:51,100][__main__][INFO] - [2, 20], []
[2025-01-29 13:08:51,126][__main__][INFO] - [2, 21], []
[2025-01-29 13:08:51,146][__main__][INFO] - [2, 22], []
[2025-01-29 13:08:51,167][__main__][INFO] - [2, 23], []
[2025-01-29 13:08:51,218][__main__][INFO] - [2, 24], []
[2025-01-29 13:08:51,267][__main__][INFO] - [3, 10], []
[2025-01-29 13:08:51,373][__main__][INFO] - [3, 11], []
[2025-01-29 13:08:51,397][__main__][INFO] - [3, 12], []
[2025-01-29 13:08:51,440][__main__][INFO] - [3, 13], []
[2025-01-29 13:08:51,460][__main__][INFO] - [3, 14], []
[2025-01-29 13:08:51,481][__main__][INFO] - [3, 15], []
[2025-01-29 13:08:51,531][__main__][INFO] - [3, 16], []
[2025-01-29 13:08:51,617][__main__][INFO] - [3], [16]
[2025-01-29 13:08:51,715][__main__][INFO] - [3, 17], []
[2025-01-29 13:08:51,750][__main__][INFO] - [3, 18], []
[2025-01-29 13:08:51,857][__main__][INFO] - [3, 19], []
[2025-01-29 13:08:51,881][__main__][INFO] - [3, 20], []
[2025-01-29 13:08:51,906][__main__][INFO] - [3, 21], []
[2025-01-29 13:08:51,926][__main__][INFO] - [3, 22], []
[2025-01-29 13:08:51,947][__main__][INFO] - [3, 23], []
[2025-01-29 13:08:51,992][__main__][INFO] - [3, 24], []
[2025-01-29 13:08:52,041][__main__][INFO] - [4, 10], []
[2025-01-29 13:08:52,176][__main__][INFO] - [4, 11], []
[2025-01-29 13:08:52,208][__main__][INFO] - [4, 12], []
[2025-01-29 13:08:52,256][__main__][INFO] - [4, 13], []
[2025-01-29 13:08:52,277][__main__][INFO] - [4, 14], []
[2025-01-29 13:08:52,297][__main__][INFO] - [4, 15], []
[2025-01-29 13:08:52,355][__main__][INFO] - [4, 16], []
[2025-01-29 13:08:52,460][__main__][INFO] - [4], [16]
[2025-01-29 13:08:52,577][__main__][INFO] - [4, 17], []
[2025-01-29 13:08:52,614][__main__][INFO] - [4, 18], []
[2025-01-29 13:08:52,753][__main__][INFO] - [4, 19], []
[2025-01-29 13:08:52,776][__main__][INFO] - [4, 20], []
[2025-01-29 13:08:52,802][__main__][INFO] - [4, 21], []
[2025-01-29 13:08:52,823][__main__][INFO] - [4, 22], []
[2025-01-29 13:08:52,843][__main__][INFO] - [4, 23], []
[2025-01-29 13:08:52,892][__main__][INFO] - [4, 24], []
[2025-01-29 13:08:52,941][__main__][INFO] - [5, 10], []
[2025-01-29 13:08:53,068][__main__][INFO] - [5, 11], []
[2025-01-29 13:08:53,092][__main__][INFO] - [5, 12], []
[2025-01-29 13:08:53,135][__main__][INFO] - [5, 13], []
[2025-01-29 13:08:53,156][__main__][INFO] - [5, 14], []
[2025-01-29 13:08:53,177][__main__][INFO] - [5, 15], []
[2025-01-29 13:08:53,220][__main__][INFO] - [5, 16], []
[2025-01-29 13:08:53,315][__main__][INFO] - [5], [16]
[2025-01-29 13:08:53,420][__main__][INFO] - [5, 17], []
[2025-01-29 13:08:53,450][__main__][INFO] - [5, 18], []
[2025-01-29 13:08:53,592][__main__][INFO] - [5, 19], []
[2025-01-29 13:08:53,616][__main__][INFO] - [5, 20], []
[2025-01-29 13:08:53,642][__main__][INFO] - [5, 21], []
[2025-01-29 13:08:53,662][__main__][INFO] - [5, 22], []
[2025-01-29 13:08:53,683][__main__][INFO] - [5, 23], []
[2025-01-29 13:08:53,726][__main__][INFO] - [5, 24], []
[2025-01-29 13:08:53,775][__main__][INFO] - [6, 10], []
[2025-01-29 13:08:53,839][__main__][INFO] - [6, 11], []
[2025-01-29 13:08:53,861][__main__][INFO] - [6, 12], []
[2025-01-29 13:08:53,889][__main__][INFO] - [6, 13], []
[2025-01-29 13:08:53,910][__main__][INFO] - [6, 14], []
[2025-01-29 13:08:53,930][__main__][INFO] - [6, 15], []
[2025-01-29 13:08:53,956][__main__][INFO] - [6, 16], []
[2025-01-29 13:08:54,003][__main__][INFO] - [6], [16]
[2025-01-29 13:08:54,055][__main__][INFO] - [6, 17], []
[2025-01-29 13:08:54,077][__main__][INFO] - [6, 18], []
[2025-01-29 13:08:54,142][__main__][INFO] - [6, 19], []
[2025-01-29 13:08:54,163][__main__][INFO] - [6, 20], []
[2025-01-29 13:08:54,185][__main__][INFO] - [6, 21], []
[2025-01-29 13:08:54,205][__main__][INFO] - [6, 22], []
[2025-01-29 13:08:54,226][__main__][INFO] - [6, 23], []
[2025-01-29 13:08:54,253][__main__][INFO] - [6, 24], []
[2025-01-29 13:08:54,303][__main__][INFO] - [7, 10], []
[2025-01-29 13:08:54,337][__main__][INFO] - [7, 11], []
[2025-01-29 13:08:54,357][__main__][INFO] - [7, 12], []
[2025-01-29 13:08:54,378][__main__][INFO] - [7, 13], []
[2025-01-29 13:08:54,398][__main__][INFO] - [7, 14], []
[2025-01-29 13:08:54,418][__main__][INFO] - [7, 15], []
[2025-01-29 13:08:54,439][__main__][INFO] - [7, 16], []
[2025-01-29 13:08:54,467][__main__][INFO] - [7], [16]
[2025-01-29 13:08:54,497][__main__][INFO] - [7, 17], []
[2025-01-29 13:08:54,517][__main__][INFO] - [7, 18], []
[2025-01-29 13:08:54,552][__main__][INFO] - [7, 19], []
[2025-01-29 13:08:54,572][__main__][INFO] - [7, 20], []
[2025-01-29 13:08:54,592][__main__][INFO] - [7, 21], []
[2025-01-29 13:08:54,627][__main__][INFO] - [7, 23], []
[2025-01-29 13:08:54,693][__main__][INFO] - [8, 10], []
[2025-01-29 13:08:54,715][__main__][INFO] - [8, 11], []
[2025-01-29 13:08:54,735][__main__][INFO] - [8, 12], []
[2025-01-29 13:08:54,785][__main__][INFO] - [8, 15], []
[2025-01-29 13:08:54,807][__main__][INFO] - [8, 16], []
[2025-01-29 13:08:54,828][__main__][INFO] - [8], [16]
[2025-01-29 13:08:54,850][__main__][INFO] - [8, 17], []
[2025-01-29 13:08:54,870][__main__][INFO] - [8, 18], []
[2025-01-29 13:08:54,893][__main__][INFO] - [8, 19], []
[2025-01-29 13:08:54,913][__main__][INFO] - [8, 20], []
[2025-01-29 13:08:54,962][__main__][INFO] - [8, 23], []
[2025-01-29 13:08:55,027][__main__][INFO] - [9, 10], []
[2025-01-29 13:08:55,061][__main__][INFO] - [9, 12], []
[2025-01-29 13:08:55,126][__main__][INFO] - [9, 16], []
[2025-01-29 13:08:55,146][__main__][INFO] - [9], [16]
[2025-01-29 13:08:55,181][__main__][INFO] - [9, 18], []
[2025-01-29 13:08:55,260][__main__][INFO] - [9, 23], []
[2025-01-29 13:08:55,325][__main__][INFO] - [10, 16], []
[2025-01-29 13:08:55,722][__main__][INFO] - [10], [16]
[2025-01-29 13:08:56,158][__main__][INFO] - [10, 17], []
[2025-01-29 13:08:56,233][__main__][INFO] - [10, 18], []
[2025-01-29 13:08:56,850][__main__][INFO] - [10, 19], []
[2025-01-29 13:08:56,898][__main__][INFO] - [10, 20], []
[2025-01-29 13:08:56,951][__main__][INFO] - [10, 21], []
[2025-01-29 13:08:56,975][__main__][INFO] - [10, 22], []
[2025-01-29 13:08:56,996][__main__][INFO] - [10, 23], []
[2025-01-29 13:08:57,056][__main__][INFO] - [10, 24], []
[2025-01-29 13:08:57,077][__main__][INFO] - [10, 25], []
[2025-01-29 13:08:57,113][__main__][INFO] - [11, 16], []
[2025-01-29 13:08:57,141][__main__][INFO] - [11], [16]
[2025-01-29 13:08:57,172][__main__][INFO] - [11, 17], []
[2025-01-29 13:08:57,192][__main__][INFO] - [11, 18], []
[2025-01-29 13:08:57,231][__main__][INFO] - [11, 19], []
[2025-01-29 13:08:57,252][__main__][INFO] - [11, 20], []
[2025-01-29 13:08:57,301][__main__][INFO] - [11, 23], []
[2025-01-29 13:08:57,366][__main__][INFO] - [12, 16], []
[2025-01-29 13:08:57,448][__main__][INFO] - [12], [16]
[2025-01-29 13:08:57,531][__main__][INFO] - [12, 17], []
[2025-01-29 13:08:57,552][__main__][INFO] - [12, 18], []
[2025-01-29 13:08:57,580][__main__][INFO] - [12, 19], []
[2025-01-29 13:08:57,602][__main__][INFO] - [12, 20], []
[2025-01-29 13:08:57,652][__main__][INFO] - [12, 23], []
[2025-01-29 13:08:57,832][__main__][INFO] - [13, 16], []
[2025-01-29 13:08:57,854][__main__][INFO] - [13], [16]
[2025-01-29 13:08:57,876][__main__][INFO] - [13, 17], []
[2025-01-29 13:08:57,896][__main__][INFO] - [13, 18], []
[2025-01-29 13:08:57,917][__main__][INFO] - [13, 19], []
[2025-01-29 13:08:57,937][__main__][INFO] - [13, 20], []
[2025-01-29 13:08:57,988][__main__][INFO] - [13, 23], []
[2025-01-29 13:08:58,053][__main__][INFO] - [14, 16], []
[2025-01-29 13:08:58,073][__main__][INFO] - [14], [16]
[2025-01-29 13:08:58,109][__main__][INFO] - [14, 18], []
[2025-01-29 13:08:58,129][__main__][INFO] - [14, 19], []
[2025-01-29 13:08:58,178][__main__][INFO] - [14, 22], []
[2025-01-29 13:08:58,199][__main__][INFO] - [14, 23], []
[2025-01-29 13:08:58,263][__main__][INFO] - [15, 16], []
[2025-01-29 13:08:58,346][__main__][INFO] - [15], [16]
[2025-01-29 13:08:58,453][__main__][INFO] - [15, 17], []
[2025-01-29 13:08:58,527][__main__][INFO] - [15, 18], []
[2025-01-29 13:08:58,632][__main__][INFO] - [15, 19], []
[2025-01-29 13:08:58,654][__main__][INFO] - [15, 20], []
[2025-01-29 13:08:58,675][__main__][INFO] - [15, 21], []
[2025-01-29 13:08:58,696][__main__][INFO] - [15, 22], []
[2025-01-29 13:08:58,716][__main__][INFO] - [15, 23], []
[2025-01-29 13:08:58,737][__main__][INFO] - [15, 24], []
[2025-01-29 13:08:58,786][__main__][INFO] - [16, 17], []
[2025-01-29 13:08:58,852][__main__][INFO] - [16, 18], []
[2025-01-29 13:08:59,194][__main__][INFO] - [16, 19], []
[2025-01-29 13:08:59,230][__main__][INFO] - [16, 20], []
[2025-01-29 13:08:59,267][__main__][INFO] - [16, 21], []
[2025-01-29 13:08:59,289][__main__][INFO] - [16, 22], []
[2025-01-29 13:08:59,309][__main__][INFO] - [16, 23], []
[2025-01-29 13:08:59,408][__main__][INFO] - [16, 24], []
[2025-01-29 13:08:59,459][__main__][INFO] - [17], [16]
[2025-01-29 13:08:59,538][__main__][INFO] - [18], [16]
[2025-01-29 13:08:59,929][__main__][INFO] - [19], [16]
[2025-01-29 13:08:59,966][__main__][INFO] - [20], [16]
[2025-01-29 13:09:00,002][__main__][INFO] - [21], [16]
[2025-01-29 13:09:00,023][__main__][INFO] - [22], [16]
[2025-01-29 13:09:00,044][__main__][INFO] - [23], [16]
[2025-01-29 13:09:00,141][__main__][INFO] - [24], [16]
[2025-01-29 13:09:00,221][__main__][INFO] - [0, 10, 16], []
[2025-01-29 13:09:00,307][__main__][INFO] - [0, 10], [16]
[2025-01-29 13:09:00,396][__main__][INFO] - [0, 10, 17], []
[2025-01-29 13:09:00,434][__main__][INFO] - [0, 10, 18], []
[2025-01-29 13:09:00,539][__main__][INFO] - [0, 10, 19], []
[2025-01-29 13:09:00,570][__main__][INFO] - [0, 10, 20], []
[2025-01-29 13:09:00,597][__main__][INFO] - [0, 10, 21], []
[2025-01-29 13:09:00,621][__main__][INFO] - [0, 10, 22], []
[2025-01-29 13:09:00,643][__main__][INFO] - [0, 10, 23], []
[2025-01-29 13:09:00,675][__main__][INFO] - [0, 10, 24], []
[2025-01-29 13:09:00,728][__main__][INFO] - [0, 11, 16], []
[2025-01-29 13:09:00,751][__main__][INFO] - [0, 11], [16]
[2025-01-29 13:09:00,795][__main__][INFO] - [0, 11, 18], []
[2025-01-29 13:09:00,828][__main__][INFO] - [0, 11, 19], []
[2025-01-29 13:09:00,895][__main__][INFO] - [0, 11, 23], []
[2025-01-29 13:09:00,963][__main__][INFO] - [0, 12, 16], []
[2025-01-29 13:09:00,988][__main__][INFO] - [0, 12], [16]
[2025-01-29 13:09:01,029][__main__][INFO] - [0, 12, 18], []
[2025-01-29 13:09:01,052][__main__][INFO] - [0, 12, 19], []
[2025-01-29 13:09:01,120][__main__][INFO] - [0, 12, 23], []
[2025-01-29 13:09:01,193][__main__][INFO] - [0, 13, 16], []
[2025-01-29 13:09:01,216][__main__][INFO] - [0, 13], [16]
[2025-01-29 13:09:01,254][__main__][INFO] - [0, 13, 18], []
[2025-01-29 13:09:01,291][__main__][INFO] - [0, 13, 20], []
[2025-01-29 13:09:01,404][__main__][INFO] - [0, 14, 16], []
[2025-01-29 13:09:01,425][__main__][INFO] - [0, 14], [16]
[2025-01-29 13:09:01,463][__main__][INFO] - [0, 14, 18], []
[2025-01-29 13:09:01,529][__main__][INFO] - [0, 14, 22], []
[2025-01-29 13:09:01,612][__main__][INFO] - [0, 15, 16], []
[2025-01-29 13:09:01,638][__main__][INFO] - [0, 15], [16]
[2025-01-29 13:09:01,665][__main__][INFO] - [0, 15, 17], []
[2025-01-29 13:09:01,690][__main__][INFO] - [0, 15, 18], []
[2025-01-29 13:09:01,716][__main__][INFO] - [0, 15, 19], []
[2025-01-29 13:09:01,739][__main__][INFO] - [0, 15, 20], []
[2025-01-29 13:09:01,761][__main__][INFO] - [0, 15, 21], []
[2025-01-29 13:09:01,798][__main__][INFO] - [0, 15, 23], []
[2025-01-29 13:09:01,866][__main__][INFO] - [0, 16, 17], []
[2025-01-29 13:09:01,897][__main__][INFO] - [0, 16, 18], []
[2025-01-29 13:09:01,961][__main__][INFO] - [0, 16, 19], []
[2025-01-29 13:09:01,987][__main__][INFO] - [0, 16, 20], []
[2025-01-29 13:09:02,012][__main__][INFO] - [0, 16, 21], []
[2025-01-29 13:09:02,035][__main__][INFO] - [0, 16, 22], []
[2025-01-29 13:09:02,056][__main__][INFO] - [0, 16, 23], []
[2025-01-29 13:09:02,086][__main__][INFO] - [0, 16, 24], []
[2025-01-29 13:09:02,138][__main__][INFO] - [0, 17], [16]
[2025-01-29 13:09:02,170][__main__][INFO] - [0, 18], [16]
[2025-01-29 13:09:02,236][__main__][INFO] - [0, 19], [16]
[2025-01-29 13:09:02,262][__main__][INFO] - [0, 20], [16]
[2025-01-29 13:09:02,287][__main__][INFO] - [0, 21], [16]
[2025-01-29 13:09:02,310][__main__][INFO] - [0, 22], [16]
[2025-01-29 13:09:02,332][__main__][INFO] - [0, 23], [16]
[2025-01-29 13:09:02,362][__main__][INFO] - [0, 24], [16]
[2025-01-29 13:09:02,429][__main__][INFO] - [1, 10, 16], []
[2025-01-29 13:09:02,529][__main__][INFO] - [1, 10], [16]
[2025-01-29 13:09:02,632][__main__][INFO] - [1, 10, 17], []
[2025-01-29 13:09:02,672][__main__][INFO] - [1, 10, 18], []
[2025-01-29 13:09:02,799][__main__][INFO] - [1, 10, 19], []
[2025-01-29 13:09:02,830][__main__][INFO] - [1, 10, 20], []
[2025-01-29 13:09:02,859][__main__][INFO] - [1, 10, 21], []
[2025-01-29 13:09:02,882][__main__][INFO] - [1, 10, 22], []
[2025-01-29 13:09:02,905][__main__][INFO] - [1, 10, 23], []
[2025-01-29 13:09:02,940][__main__][INFO] - [1, 10, 24], []
[2025-01-29 13:09:02,993][__main__][INFO] - [1, 11, 16], []
[2025-01-29 13:09:03,017][__main__][INFO] - [1, 11], [16]
[2025-01-29 13:09:03,056][__main__][INFO] - [1, 11, 18], []
[2025-01-29 13:09:03,082][__main__][INFO] - [1, 11, 19], []
[2025-01-29 13:09:03,105][__main__][INFO] - [1, 11, 20], []
[2025-01-29 13:09:03,158][__main__][INFO] - [1, 11, 23], []
[2025-01-29 13:09:03,226][__main__][INFO] - [1, 12, 16], []
[2025-01-29 13:09:03,255][__main__][INFO] - [1, 12], [16]
[2025-01-29 13:09:03,301][__main__][INFO] - [1, 12, 18], []
[2025-01-29 13:09:03,324][__main__][INFO] - [1, 12, 19], []
[2025-01-29 13:09:03,392][__main__][INFO] - [1, 12, 23], []
[2025-01-29 13:09:03,474][__main__][INFO] - [1, 13, 16], []
[2025-01-29 13:09:03,497][__main__][INFO] - [1, 13], [16]
[2025-01-29 13:09:03,534][__main__][INFO] - [1, 13, 18], []
[2025-01-29 13:09:03,572][__main__][INFO] - [1, 13, 20], []
[2025-01-29 13:09:03,685][__main__][INFO] - [1, 14, 16], []
[2025-01-29 13:09:03,708][__main__][INFO] - [1, 14], [16]
[2025-01-29 13:09:03,746][__main__][INFO] - [1, 14, 18], []
[2025-01-29 13:09:03,813][__main__][INFO] - [1, 14, 22], []
[2025-01-29 13:09:03,836][__main__][INFO] - [1, 14, 23], []
[2025-01-29 13:09:03,904][__main__][INFO] - [1, 15, 16], []
[2025-01-29 13:09:03,933][__main__][INFO] - [1, 15], [16]
[2025-01-29 13:09:03,966][__main__][INFO] - [1, 15, 17], []
[2025-01-29 13:09:03,994][__main__][INFO] - [1, 15, 18], []
[2025-01-29 13:09:04,026][__main__][INFO] - [1, 15, 19], []
[2025-01-29 13:09:04,049][__main__][INFO] - [1, 15, 20], []
[2025-01-29 13:09:04,072][__main__][INFO] - [1, 15, 21], []
[2025-01-29 13:09:04,110][__main__][INFO] - [1, 15, 23], []
[2025-01-29 13:09:04,132][__main__][INFO] - [1, 15, 24], []
[2025-01-29 13:09:04,186][__main__][INFO] - [1, 16, 17], []
[2025-01-29 13:09:04,219][__main__][INFO] - [1, 16, 18], []
[2025-01-29 13:09:04,294][__main__][INFO] - [1, 16, 19], []
[2025-01-29 13:09:04,321][__main__][INFO] - [1, 16, 20], []
[2025-01-29 13:09:04,346][__main__][INFO] - [1, 16, 21], []
[2025-01-29 13:09:04,369][__main__][INFO] - [1, 16, 22], []
[2025-01-29 13:09:04,392][__main__][INFO] - [1, 16, 23], []
[2025-01-29 13:09:04,427][__main__][INFO] - [1, 16, 24], []
[2025-01-29 13:09:04,480][__main__][INFO] - [1, 17], [16]
[2025-01-29 13:09:04,515][__main__][INFO] - [1, 18], [16]
[2025-01-29 13:09:04,598][__main__][INFO] - [1, 19], [16]
[2025-01-29 13:09:04,624][__main__][INFO] - [1, 20], [16]
[2025-01-29 13:09:04,649][__main__][INFO] - [1, 21], [16]
[2025-01-29 13:09:04,672][__main__][INFO] - [1, 22], [16]
[2025-01-29 13:09:04,695][__main__][INFO] - [1, 23], [16]
[2025-01-29 13:09:04,730][__main__][INFO] - [1, 24], [16]
[2025-01-29 13:09:04,797][__main__][INFO] - [2, 10, 16], []
[2025-01-29 13:09:04,878][__main__][INFO] - [2, 10], [16]
[2025-01-29 13:09:04,966][__main__][INFO] - [2, 10, 17], []
[2025-01-29 13:09:04,998][__main__][INFO] - [2, 10, 18], []
[2025-01-29 13:09:05,111][__main__][INFO] - [2, 10, 19], []
[2025-01-29 13:09:05,139][__main__][INFO] - [2, 10, 20], []
[2025-01-29 13:09:05,167][__main__][INFO] - [2, 10, 21], []
[2025-01-29 13:09:05,190][__main__][INFO] - [2, 10, 22], []
[2025-01-29 13:09:05,213][__main__][INFO] - [2, 10, 23], []
[2025-01-29 13:09:05,245][__main__][INFO] - [2, 10, 24], []
[2025-01-29 13:09:05,298][__main__][INFO] - [2, 11, 16], []
[2025-01-29 13:09:05,322][__main__][INFO] - [2, 11], [16]
[2025-01-29 13:09:05,362][__main__][INFO] - [2, 11, 18], []
[2025-01-29 13:09:05,388][__main__][INFO] - [2, 11, 19], []
[2025-01-29 13:09:05,456][__main__][INFO] - [2, 11, 23], []
[2025-01-29 13:09:05,524][__main__][INFO] - [2, 12, 16], []
[2025-01-29 13:09:05,557][__main__][INFO] - [2, 12], [16]
[2025-01-29 13:09:05,606][__main__][INFO] - [2, 12, 18], []
[2025-01-29 13:09:05,630][__main__][INFO] - [2, 12, 19], []
[2025-01-29 13:09:05,698][__main__][INFO] - [2, 12, 23], []
[2025-01-29 13:09:05,787][__main__][INFO] - [2, 13, 16], []
[2025-01-29 13:09:05,810][__main__][INFO] - [2, 13], [16]
[2025-01-29 13:09:05,848][__main__][INFO] - [2, 13, 18], []
[2025-01-29 13:09:05,886][__main__][INFO] - [2, 13, 20], []
[2025-01-29 13:09:05,940][__main__][INFO] - [2, 13, 23], []
[2025-01-29 13:09:06,008][__main__][INFO] - [2, 14, 16], []
[2025-01-29 13:09:06,030][__main__][INFO] - [2, 14], [16]
[2025-01-29 13:09:06,068][__main__][INFO] - [2, 14, 18], []
[2025-01-29 13:09:06,136][__main__][INFO] - [2, 14, 22], []
[2025-01-29 13:09:06,159][__main__][INFO] - [2, 14, 23], []
[2025-01-29 13:09:06,227][__main__][INFO] - [2, 15, 16], []
[2025-01-29 13:09:06,260][__main__][INFO] - [2, 15], [16]
[2025-01-29 13:09:06,299][__main__][INFO] - [2, 15, 17], []
[2025-01-29 13:09:06,331][__main__][INFO] - [2, 15, 18], []
[2025-01-29 13:09:06,369][__main__][INFO] - [2, 15, 19], []
[2025-01-29 13:09:06,392][__main__][INFO] - [2, 15, 20], []
[2025-01-29 13:09:06,414][__main__][INFO] - [2, 15, 21], []
[2025-01-29 13:09:06,452][__main__][INFO] - [2, 15, 23], []
[2025-01-29 13:09:06,475][__main__][INFO] - [2, 15, 24], []
[2025-01-29 13:09:06,528][__main__][INFO] - [2, 16, 17], []
[2025-01-29 13:09:06,559][__main__][INFO] - [2, 16, 18], []
[2025-01-29 13:09:06,628][__main__][INFO] - [2, 16, 19], []
[2025-01-29 13:09:06,654][__main__][INFO] - [2, 16, 20], []
[2025-01-29 13:09:06,679][__main__][INFO] - [2, 16, 21], []
[2025-01-29 13:09:06,703][__main__][INFO] - [2, 16, 22], []
[2025-01-29 13:09:06,726][__main__][INFO] - [2, 16, 23], []
[2025-01-29 13:09:06,763][__main__][INFO] - [2, 16, 24], []
[2025-01-29 13:09:06,816][__main__][INFO] - [2, 17], [16]
[2025-01-29 13:09:06,849][__main__][INFO] - [2, 18], [16]
[2025-01-29 13:09:06,931][__main__][INFO] - [2, 19], [16]
[2025-01-29 13:09:06,957][__main__][INFO] - [2, 20], [16]
[2025-01-29 13:09:06,982][__main__][INFO] - [2, 21], [16]
[2025-01-29 13:09:07,004][__main__][INFO] - [2, 22], [16]
[2025-01-29 13:09:07,027][__main__][INFO] - [2, 23], [16]
[2025-01-29 13:09:07,064][__main__][INFO] - [2, 24], [16]
[2025-01-29 13:09:07,131][__main__][INFO] - [3, 10, 16], []
[2025-01-29 13:09:07,193][__main__][INFO] - [3, 10], [16]
[2025-01-29 13:09:07,258][__main__][INFO] - [3, 10, 17], []
[2025-01-29 13:09:07,285][__main__][INFO] - [3, 10, 18], []
[2025-01-29 13:09:07,371][__main__][INFO] - [3, 10, 19], []
[2025-01-29 13:09:07,397][__main__][INFO] - [3, 10, 20], []
[2025-01-29 13:09:07,424][__main__][INFO] - [3, 10, 21], []
[2025-01-29 13:09:07,447][__main__][INFO] - [3, 10, 22], []
[2025-01-29 13:09:07,470][__main__][INFO] - [3, 10, 23], []
[2025-01-29 13:09:07,497][__main__][INFO] - [3, 10, 24], []
[2025-01-29 13:09:07,549][__main__][INFO] - [3, 11, 16], []
[2025-01-29 13:09:07,573][__main__][INFO] - [3, 11], [16]
[2025-01-29 13:09:07,613][__main__][INFO] - [3, 11, 18], []
[2025-01-29 13:09:07,639][__main__][INFO] - [3, 11, 19], []
[2025-01-29 13:09:07,707][__main__][INFO] - [3, 11, 23], []
[2025-01-29 13:09:07,775][__main__][INFO] - [3, 12, 16], []
[2025-01-29 13:09:07,809][__main__][INFO] - [3, 12], [16]
[2025-01-29 13:09:07,858][__main__][INFO] - [3, 12, 18], []
[2025-01-29 13:09:07,882][__main__][INFO] - [3, 12, 19], []
[2025-01-29 13:09:07,950][__main__][INFO] - [3, 12, 23], []
[2025-01-29 13:09:08,039][__main__][INFO] - [3, 13, 16], []
[2025-01-29 13:09:08,062][__main__][INFO] - [3, 13], [16]
[2025-01-29 13:09:08,100][__main__][INFO] - [3, 13, 18], []
[2025-01-29 13:09:08,138][__main__][INFO] - [3, 13, 20], []
[2025-01-29 13:09:08,191][__main__][INFO] - [3, 13, 23], []
[2025-01-29 13:09:08,259][__main__][INFO] - [3, 14, 16], []
[2025-01-29 13:09:08,281][__main__][INFO] - [3, 14], [16]
[2025-01-29 13:09:08,319][__main__][INFO] - [3, 14, 18], []
[2025-01-29 13:09:08,341][__main__][INFO] - [3, 14, 19], []
[2025-01-29 13:09:08,394][__main__][INFO] - [3, 14, 22], []
[2025-01-29 13:09:08,417][__main__][INFO] - [3, 14, 23], []
[2025-01-29 13:09:08,495][__main__][INFO] - [3, 15, 16], []
[2025-01-29 13:09:08,531][__main__][INFO] - [3, 15], [16]
[2025-01-29 13:09:08,570][__main__][INFO] - [3, 15, 17], []
[2025-01-29 13:09:08,606][__main__][INFO] - [3, 15, 18], []
[2025-01-29 13:09:08,656][__main__][INFO] - [3, 15, 19], []
[2025-01-29 13:09:08,680][__main__][INFO] - [3, 15, 20], []
[2025-01-29 13:09:08,703][__main__][INFO] - [3, 15, 21], []
[2025-01-29 13:09:08,741][__main__][INFO] - [3, 15, 23], []
[2025-01-29 13:09:08,764][__main__][INFO] - [3, 15, 24], []
[2025-01-29 13:09:08,817][__main__][INFO] - [3, 16, 17], []
[2025-01-29 13:09:08,845][__main__][INFO] - [3, 16, 18], []
[2025-01-29 13:09:08,906][__main__][INFO] - [3, 16, 19], []
[2025-01-29 13:09:08,931][__main__][INFO] - [3, 16, 20], []
[2025-01-29 13:09:08,955][__main__][INFO] - [3, 16, 21], []
[2025-01-29 13:09:08,978][__main__][INFO] - [3, 16, 22], []
[2025-01-29 13:09:09,001][__main__][INFO] - [3, 16, 23], []
[2025-01-29 13:09:09,036][__main__][INFO] - [3, 16, 24], []
[2025-01-29 13:09:09,088][__main__][INFO] - [3, 17], [16]
[2025-01-29 13:09:09,119][__main__][INFO] - [3, 18], [16]
[2025-01-29 13:09:09,187][__main__][INFO] - [3, 19], [16]
[2025-01-29 13:09:09,212][__main__][INFO] - [3, 20], [16]
[2025-01-29 13:09:09,236][__main__][INFO] - [3, 21], [16]
[2025-01-29 13:09:09,259][__main__][INFO] - [3, 22], [16]
[2025-01-29 13:09:09,282][__main__][INFO] - [3, 23], [16]
[2025-01-29 13:09:09,316][__main__][INFO] - [3, 24], [16]
[2025-01-29 13:09:09,383][__main__][INFO] - [4, 10, 16], []
[2025-01-29 13:09:09,456][__main__][INFO] - [4, 10], [16]
[2025-01-29 13:09:09,537][__main__][INFO] - [4, 10, 17], []
[2025-01-29 13:09:09,563][__main__][INFO] - [4, 10, 18], []
[2025-01-29 13:09:09,675][__main__][INFO] - [4, 10, 19], []
[2025-01-29 13:09:09,701][__main__][INFO] - [4, 10, 20], []
[2025-01-29 13:09:09,729][__main__][INFO] - [4, 10, 21], []
[2025-01-29 13:09:09,752][__main__][INFO] - [4, 10, 22], []
[2025-01-29 13:09:09,776][__main__][INFO] - [4, 10, 23], []
[2025-01-29 13:09:09,801][__main__][INFO] - [4, 10, 24], []
[2025-01-29 13:09:09,854][__main__][INFO] - [4, 11, 16], []
[2025-01-29 13:09:09,878][__main__][INFO] - [4, 11], [16]
[2025-01-29 13:09:09,918][__main__][INFO] - [4, 11, 18], []
[2025-01-29 13:09:09,944][__main__][INFO] - [4, 11, 19], []
[2025-01-29 13:09:09,967][__main__][INFO] - [4, 11, 20], []
[2025-01-29 13:09:10,020][__main__][INFO] - [4, 11, 23], []
[2025-01-29 13:09:10,088][__main__][INFO] - [4, 12, 16], []
[2025-01-29 13:09:10,124][__main__][INFO] - [4, 12], [16]
[2025-01-29 13:09:10,174][__main__][INFO] - [4, 12, 18], []
[2025-01-29 13:09:10,199][__main__][INFO] - [4, 12, 19], []
[2025-01-29 13:09:10,267][__main__][INFO] - [4, 12, 23], []
[2025-01-29 13:09:10,360][__main__][INFO] - [4, 13, 16], []
[2025-01-29 13:09:10,383][__main__][INFO] - [4, 13], [16]
[2025-01-29 13:09:10,421][__main__][INFO] - [4, 13, 18], []
[2025-01-29 13:09:10,459][__main__][INFO] - [4, 13, 20], []
[2025-01-29 13:09:10,512][__main__][INFO] - [4, 13, 23], []
[2025-01-29 13:09:10,580][__main__][INFO] - [4, 14, 16], []
[2025-01-29 13:09:10,603][__main__][INFO] - [4, 14], [16]
[2025-01-29 13:09:10,640][__main__][INFO] - [4, 14, 18], []
[2025-01-29 13:09:10,663][__main__][INFO] - [4, 14, 19], []
[2025-01-29 13:09:10,715][__main__][INFO] - [4, 14, 22], []
[2025-01-29 13:09:10,798][__main__][INFO] - [4, 15, 16], []
[2025-01-29 13:09:10,836][__main__][INFO] - [4, 15], [16]
[2025-01-29 13:09:10,878][__main__][INFO] - [4, 15, 17], []
[2025-01-29 13:09:10,914][__main__][INFO] - [4, 15, 18], []
[2025-01-29 13:09:10,956][__main__][INFO] - [4, 15, 19], []
[2025-01-29 13:09:10,979][__main__][INFO] - [4, 15, 20], []
[2025-01-29 13:09:11,002][__main__][INFO] - [4, 15, 21], []
[2025-01-29 13:09:11,040][__main__][INFO] - [4, 15, 23], []
[2025-01-29 13:09:11,063][__main__][INFO] - [4, 15, 24], []
[2025-01-29 13:09:11,115][__main__][INFO] - [4, 16, 17], []
[2025-01-29 13:09:11,145][__main__][INFO] - [4, 16, 18], []
[2025-01-29 13:09:11,219][__main__][INFO] - [4, 16, 19], []
[2025-01-29 13:09:11,243][__main__][INFO] - [4, 16, 20], []
[2025-01-29 13:09:11,268][__main__][INFO] - [4, 16, 21], []
[2025-01-29 13:09:11,291][__main__][INFO] - [4, 16, 22], []
[2025-01-29 13:09:11,314][__main__][INFO] - [4, 16, 23], []
[2025-01-29 13:09:11,350][__main__][INFO] - [4, 16, 24], []
[2025-01-29 13:09:11,403][__main__][INFO] - [4, 17], [16]
[2025-01-29 13:09:11,435][__main__][INFO] - [4, 18], [16]
[2025-01-29 13:09:11,519][__main__][INFO] - [4, 19], [16]
[2025-01-29 13:09:11,543][__main__][INFO] - [4, 20], [16]
[2025-01-29 13:09:11,569][__main__][INFO] - [4, 21], [16]
[2025-01-29 13:09:11,591][__main__][INFO] - [4, 22], [16]
[2025-01-29 13:09:11,614][__main__][INFO] - [4, 23], [16]
[2025-01-29 13:09:11,649][__main__][INFO] - [4, 24], [16]
[2025-01-29 13:09:11,717][__main__][INFO] - [5, 10, 16], []
[2025-01-29 13:09:11,788][__main__][INFO] - [5, 10], [16]
[2025-01-29 13:09:11,864][__main__][INFO] - [5, 10, 17], []
[2025-01-29 13:09:11,889][__main__][INFO] - [5, 10, 18], []
[2025-01-29 13:09:12,002][__main__][INFO] - [5, 10, 19], []
[2025-01-29 13:09:12,027][__main__][INFO] - [5, 10, 20], []
[2025-01-29 13:09:12,055][__main__][INFO] - [5, 10, 21], []
[2025-01-29 13:09:12,078][__main__][INFO] - [5, 10, 22], []
[2025-01-29 13:09:12,101][__main__][INFO] - [5, 10, 23], []
[2025-01-29 13:09:12,126][__main__][INFO] - [5, 10, 24], []
[2025-01-29 13:09:12,178][__main__][INFO] - [5, 11, 16], []
[2025-01-29 13:09:12,203][__main__][INFO] - [5, 11], [16]
[2025-01-29 13:09:12,242][__main__][INFO] - [5, 11, 18], []
[2025-01-29 13:09:12,269][__main__][INFO] - [5, 11, 19], []
[2025-01-29 13:09:12,396][__main__][INFO] - [5, 12, 16], []
[2025-01-29 13:09:12,430][__main__][INFO] - [5, 12], [16]
[2025-01-29 13:09:12,478][__main__][INFO] - [5, 12, 18], []
[2025-01-29 13:09:12,502][__main__][INFO] - [5, 12, 19], []
[2025-01-29 13:09:12,570][__main__][INFO] - [5, 12, 23], []
[2025-01-29 13:09:12,659][__main__][INFO] - [5, 13, 16], []
[2025-01-29 13:09:12,682][__main__][INFO] - [5, 13], [16]
[2025-01-29 13:09:12,720][__main__][INFO] - [5, 13, 18], []
[2025-01-29 13:09:12,758][__main__][INFO] - [5, 13, 20], []
[2025-01-29 13:09:12,811][__main__][INFO] - [5, 13, 23], []
[2025-01-29 13:09:12,879][__main__][INFO] - [5, 14, 16], []
[2025-01-29 13:09:12,901][__main__][INFO] - [5, 14], [16]
[2025-01-29 13:09:12,939][__main__][INFO] - [5, 14, 18], []
[2025-01-29 13:09:12,961][__main__][INFO] - [5, 14, 19], []
[2025-01-29 13:09:13,015][__main__][INFO] - [5, 14, 22], []
[2025-01-29 13:09:13,038][__main__][INFO] - [5, 14, 23], []
[2025-01-29 13:09:13,106][__main__][INFO] - [5, 15, 16], []
[2025-01-29 13:09:13,138][__main__][INFO] - [5, 15], [16]
[2025-01-29 13:09:13,174][__main__][INFO] - [5, 15, 17], []
[2025-01-29 13:09:13,203][__main__][INFO] - [5, 15, 18], []
[2025-01-29 13:09:13,239][__main__][INFO] - [5, 15, 19], []
[2025-01-29 13:09:13,262][__main__][INFO] - [5, 15, 20], []
[2025-01-29 13:09:13,284][__main__][INFO] - [5, 15, 21], []
[2025-01-29 13:09:13,322][__main__][INFO] - [5, 15, 23], []
[2025-01-29 13:09:13,345][__main__][INFO] - [5, 15, 24], []
[2025-01-29 13:09:13,398][__main__][INFO] - [5, 16, 17], []
[2025-01-29 13:09:13,424][__main__][INFO] - [5, 16, 18], []
[2025-01-29 13:09:13,496][__main__][INFO] - [5, 16, 19], []
[2025-01-29 13:09:13,520][__main__][INFO] - [5, 16, 20], []
[2025-01-29 13:09:13,545][__main__][INFO] - [5, 16, 21], []
[2025-01-29 13:09:13,568][__main__][INFO] - [5, 16, 22], []
[2025-01-29 13:09:13,591][__main__][INFO] - [5, 16, 23], []
[2025-01-29 13:09:13,624][__main__][INFO] - [5, 16, 24], []
[2025-01-29 13:09:13,677][__main__][INFO] - [5, 17], [16]
[2025-01-29 13:09:13,704][__main__][INFO] - [5, 18], [16]
[2025-01-29 13:09:13,784][__main__][INFO] - [5, 19], [16]
[2025-01-29 13:09:13,808][__main__][INFO] - [5, 20], [16]
[2025-01-29 13:09:13,833][__main__][INFO] - [5, 21], [16]
[2025-01-29 13:09:13,855][__main__][INFO] - [5, 22], [16]
[2025-01-29 13:09:13,878][__main__][INFO] - [5, 23], [16]
[2025-01-29 13:09:13,911][__main__][INFO] - [5, 24], [16]
[2025-01-29 13:09:13,978][__main__][INFO] - [6, 10, 16], []
[2025-01-29 13:09:14,020][__main__][INFO] - [6, 10], [16]
[2025-01-29 13:09:14,065][__main__][INFO] - [6, 10, 17], []
[2025-01-29 13:09:14,088][__main__][INFO] - [6, 10, 18], []
[2025-01-29 13:09:14,149][__main__][INFO] - [6, 10, 19], []
[2025-01-29 13:09:14,173][__main__][INFO] - [6, 10, 20], []
[2025-01-29 13:09:14,197][__main__][INFO] - [6, 10, 21], []
[2025-01-29 13:09:14,220][__main__][INFO] - [6, 10, 22], []
[2025-01-29 13:09:14,243][__main__][INFO] - [6, 10, 23], []
[2025-01-29 13:09:14,311][__main__][INFO] - [6, 11, 16], []
[2025-01-29 13:09:14,334][__main__][INFO] - [6, 11], [16]
[2025-01-29 13:09:14,373][__main__][INFO] - [6, 11, 18], []
[2025-01-29 13:09:14,516][__main__][INFO] - [6, 12, 16], []
[2025-01-29 13:09:14,542][__main__][INFO] - [6, 12], [16]
[2025-01-29 13:09:14,584][__main__][INFO] - [6, 12, 18], []
[2025-01-29 13:09:14,607][__main__][INFO] - [6, 12, 19], []
[2025-01-29 13:09:14,675][__main__][INFO] - [6, 12, 23], []
[2025-01-29 13:09:14,750][__main__][INFO] - [6, 13, 16], []
[2025-01-29 13:09:14,773][__main__][INFO] - [6, 13], [16]
[2025-01-29 13:09:14,810][__main__][INFO] - [6, 13, 18], []
[2025-01-29 13:09:14,848][__main__][INFO] - [6, 13, 20], []
[2025-01-29 13:09:14,975][__main__][INFO] - [6, 14], [16]
[2025-01-29 13:09:15,148][__main__][INFO] - [6, 15, 16], []
[2025-01-29 13:09:15,173][__main__][INFO] - [6, 15], [16]
[2025-01-29 13:09:15,199][__main__][INFO] - [6, 15, 17], []
[2025-01-29 13:09:15,222][__main__][INFO] - [6, 15, 18], []
[2025-01-29 13:09:15,248][__main__][INFO] - [6, 15, 19], []
[2025-01-29 13:09:15,271][__main__][INFO] - [6, 15, 20], []
[2025-01-29 13:09:15,324][__main__][INFO] - [6, 15, 23], []
[2025-01-29 13:09:15,392][__main__][INFO] - [6, 16, 17], []
[2025-01-29 13:09:15,415][__main__][INFO] - [6, 16, 18], []
[2025-01-29 13:09:15,456][__main__][INFO] - [6, 16, 19], []
[2025-01-29 13:09:15,479][__main__][INFO] - [6, 16, 20], []
[2025-01-29 13:09:15,502][__main__][INFO] - [6, 16, 21], []
[2025-01-29 13:09:15,525][__main__][INFO] - [6, 16, 22], []
[2025-01-29 13:09:15,547][__main__][INFO] - [6, 16, 23], []
[2025-01-29 13:09:15,618][__main__][INFO] - [6, 17], [16]
[2025-01-29 13:09:15,642][__main__][INFO] - [6, 18], [16]
[2025-01-29 13:09:15,687][__main__][INFO] - [6, 19], [16]
[2025-01-29 13:09:15,710][__main__][INFO] - [6, 20], [16]
[2025-01-29 13:09:15,733][__main__][INFO] - [6, 21], [16]
[2025-01-29 13:09:15,756][__main__][INFO] - [6, 22], [16]
[2025-01-29 13:09:15,778][__main__][INFO] - [6, 23], [16]
[2025-01-29 13:09:15,864][__main__][INFO] - [7, 10, 16], []
[2025-01-29 13:09:15,892][__main__][INFO] - [7, 10], [16]
[2025-01-29 13:09:15,923][__main__][INFO] - [7, 10, 17], []
[2025-01-29 13:09:15,945][__main__][INFO] - [7, 10, 18], []
[2025-01-29 13:09:15,981][__main__][INFO] - [7, 10, 19], []
[2025-01-29 13:09:16,004][__main__][INFO] - [7, 10, 20], []
[2025-01-29 13:09:16,027][__main__][INFO] - [7, 10, 21], []
[2025-01-29 13:09:16,065][__main__][INFO] - [7, 10, 23], []
[2025-01-29 13:09:16,132][__main__][INFO] - [7, 11, 16], []
[2025-01-29 13:09:16,155][__main__][INFO] - [7, 11], [16]
[2025-01-29 13:09:16,193][__main__][INFO] - [7, 11, 18], []
[2025-01-29 13:09:16,336][__main__][INFO] - [7, 12, 16], []
[2025-01-29 13:09:16,359][__main__][INFO] - [7, 12], [16]
[2025-01-29 13:09:16,398][__main__][INFO] - [7, 12, 18], []
[2025-01-29 13:09:16,420][__main__][INFO] - [7, 12, 19], []
[2025-01-29 13:09:16,488][__main__][INFO] - [7, 12, 23], []
[2025-01-29 13:09:16,572][__main__][INFO] - [7, 13], [16]
[2025-01-29 13:09:16,610][__main__][INFO] - [7, 13, 18], []
[2025-01-29 13:09:16,932][__main__][INFO] - [7, 15, 16], []
[2025-01-29 13:09:16,955][__main__][INFO] - [7, 15], [16]
[2025-01-29 13:09:16,978][__main__][INFO] - [7, 15, 17], []
[2025-01-29 13:09:17,001][__main__][INFO] - [7, 15, 18], []
[2025-01-29 13:09:17,024][__main__][INFO] - [7, 15, 19], []
[2025-01-29 13:09:17,151][__main__][INFO] - [7, 16, 17], []
[2025-01-29 13:09:17,174][__main__][INFO] - [7, 16, 18], []
[2025-01-29 13:09:17,201][__main__][INFO] - [7, 16, 19], []
[2025-01-29 13:09:17,224][__main__][INFO] - [7, 16, 20], []
[2025-01-29 13:09:17,246][__main__][INFO] - [7, 16, 21], []
[2025-01-29 13:09:17,284][__main__][INFO] - [7, 16, 23], []
[2025-01-29 13:09:17,352][__main__][INFO] - [7, 17], [16]
[2025-01-29 13:09:17,374][__main__][INFO] - [7, 18], [16]
[2025-01-29 13:09:17,405][__main__][INFO] - [7, 19], [16]
[2025-01-29 13:09:17,427][__main__][INFO] - [7, 20], [16]
[2025-01-29 13:09:17,449][__main__][INFO] - [7, 21], [16]
[2025-01-29 13:09:17,487][__main__][INFO] - [7, 23], [16]
[2025-01-29 13:09:17,569][__main__][INFO] - [8, 10, 16], []
[2025-01-29 13:09:17,593][__main__][INFO] - [8, 10], [16]
[2025-01-29 13:09:17,632][__main__][INFO] - [8, 10, 18], []
[2025-01-29 13:09:17,657][__main__][INFO] - [8, 10, 19], []
[2025-01-29 13:09:17,680][__main__][INFO] - [8, 10, 20], []
[2025-01-29 13:09:17,732][__main__][INFO] - [8, 10, 23], []
[2025-01-29 13:09:17,800][__main__][INFO] - [8, 11, 16], []
[2025-01-29 13:09:17,823][__main__][INFO] - [8, 11], [16]
[2025-01-29 13:09:17,860][__main__][INFO] - [8, 11, 18], []
[2025-01-29 13:09:18,003][__main__][INFO] - [8, 12, 16], []
[2025-01-29 13:09:18,025][__main__][INFO] - [8, 12], [16]
[2025-01-29 13:09:18,062][__main__][INFO] - [8, 12, 18], []
[2025-01-29 13:09:18,145][__main__][INFO] - [8, 12, 23], []
[2025-01-29 13:09:18,242][__main__][INFO] - [8, 15, 16], []
[2025-01-29 13:09:18,265][__main__][INFO] - [8, 15], [16]
[2025-01-29 13:09:18,302][__main__][INFO] - [8, 15, 18], []
[2025-01-29 13:09:18,459][__main__][INFO] - [8, 16, 18], []
[2025-01-29 13:09:18,483][__main__][INFO] - [8, 16, 19], []
[2025-01-29 13:09:18,505][__main__][INFO] - [8, 16, 20], []
[2025-01-29 13:09:18,557][__main__][INFO] - [8, 16, 23], []
[2025-01-29 13:09:18,625][__main__][INFO] - [8, 17], [16]
[2025-01-29 13:09:18,647][__main__][INFO] - [8, 18], [16]
[2025-01-29 13:09:18,671][__main__][INFO] - [8, 19], [16]
[2025-01-29 13:09:18,694][__main__][INFO] - [8, 20], [16]
[2025-01-29 13:09:18,749][__main__][INFO] - [8, 23], [16]
[2025-01-29 13:09:18,842][__main__][INFO] - [9, 10, 16], []
[2025-01-29 13:09:18,866][__main__][INFO] - [9, 10], [16]
[2025-01-29 13:09:18,903][__main__][INFO] - [9, 10, 18], []
[2025-01-29 13:09:19,300][__main__][INFO] - [9, 16, 18], []
[2025-01-29 13:09:19,457][__main__][INFO] - [9, 18], [16]
[2025-01-29 13:09:19,614][__main__][INFO] - [10, 16, 17], []
[2025-01-29 13:09:19,660][__main__][INFO] - [10, 16, 18], []
[2025-01-29 13:09:19,953][__main__][INFO] - [10, 16, 19], []
[2025-01-29 13:09:19,989][__main__][INFO] - [10, 16, 20], []
[2025-01-29 13:09:20,027][__main__][INFO] - [10, 16, 21], []
[2025-01-29 13:09:20,051][__main__][INFO] - [10, 16, 22], []
[2025-01-29 13:09:20,074][__main__][INFO] - [10, 16, 23], []
[2025-01-29 13:09:20,115][__main__][INFO] - [10, 16, 24], []
[2025-01-29 13:09:20,168][__main__][INFO] - [10, 17], [16]
[2025-01-29 13:09:20,216][__main__][INFO] - [10, 18], [16]
[2025-01-29 13:09:20,536][__main__][INFO] - [10, 19], [16]
[2025-01-29 13:09:20,572][__main__][INFO] - [10, 20], [16]
[2025-01-29 13:09:20,608][__main__][INFO] - [10, 21], [16]
[2025-01-29 13:09:20,632][__main__][INFO] - [10, 22], [16]
[2025-01-29 13:09:20,655][__main__][INFO] - [10, 23], [16]
[2025-01-29 13:09:20,697][__main__][INFO] - [10, 24], [16]
[2025-01-29 13:09:20,764][__main__][INFO] - [11, 16, 17], []
[2025-01-29 13:09:20,786][__main__][INFO] - [11, 16, 18], []
[2025-01-29 13:09:20,816][__main__][INFO] - [11, 16, 19], []
[2025-01-29 13:09:20,838][__main__][INFO] - [11, 16, 20], []
[2025-01-29 13:09:20,890][__main__][INFO] - [11, 16, 23], []
[2025-01-29 13:09:20,958][__main__][INFO] - [11, 17], [16]
[2025-01-29 13:09:20,980][__main__][INFO] - [11, 18], [16]
[2025-01-29 13:09:21,012][__main__][INFO] - [11, 19], [16]
[2025-01-29 13:09:21,034][__main__][INFO] - [11, 20], [16]
[2025-01-29 13:09:21,086][__main__][INFO] - [11, 23], [16]
[2025-01-29 13:09:21,169][__main__][INFO] - [12, 16, 17], []
[2025-01-29 13:09:21,192][__main__][INFO] - [12, 16, 18], []
[2025-01-29 13:09:21,216][__main__][INFO] - [12, 16, 19], []
[2025-01-29 13:09:21,284][__main__][INFO] - [12, 16, 23], []
[2025-01-29 13:09:21,408][__main__][INFO] - [12, 17], [16]
[2025-01-29 13:09:21,430][__main__][INFO] - [12, 18], [16]
[2025-01-29 13:09:21,457][__main__][INFO] - [12, 19], [16]
[2025-01-29 13:09:21,524][__main__][INFO] - [12, 23], [16]
[2025-01-29 13:09:21,675][__main__][INFO] - [13, 16, 18], []
[2025-01-29 13:09:21,698][__main__][INFO] - [13, 16, 19], []
[2025-01-29 13:09:21,720][__main__][INFO] - [13, 16, 20], []
[2025-01-29 13:09:21,773][__main__][INFO] - [13, 16, 23], []
[2025-01-29 13:09:21,855][__main__][INFO] - [13, 18], [16]
[2025-01-29 13:09:21,878][__main__][INFO] - [13, 19], [16]
[2025-01-29 13:09:21,900][__main__][INFO] - [13, 20], [16]
[2025-01-29 13:09:21,953][__main__][INFO] - [13, 23], [16]
[2025-01-29 13:09:22,049][__main__][INFO] - [14, 16, 18], []
[2025-01-29 13:09:22,071][__main__][INFO] - [14, 16, 19], []
[2025-01-29 13:09:22,123][__main__][INFO] - [14, 16, 22], []
[2025-01-29 13:09:22,145][__main__][INFO] - [14, 16, 23], []
[2025-01-29 13:09:22,228][__main__][INFO] - [14, 18], [16]
[2025-01-29 13:09:22,250][__main__][INFO] - [14, 19], [16]
[2025-01-29 13:09:22,301][__main__][INFO] - [14, 22], [16]
[2025-01-29 13:09:22,324][__main__][INFO] - [14, 23], [16]
[2025-01-29 13:09:22,405][__main__][INFO] - [15, 16, 17], []
[2025-01-29 13:09:22,447][__main__][INFO] - [15, 16, 18], []
[2025-01-29 13:09:22,503][__main__][INFO] - [15, 16, 19], []
[2025-01-29 13:09:22,525][__main__][INFO] - [15, 16, 20], []
[2025-01-29 13:09:22,548][__main__][INFO] - [15, 16, 21], []
[2025-01-29 13:09:22,585][__main__][INFO] - [15, 16, 23], []
[2025-01-29 13:09:22,607][__main__][INFO] - [15, 16, 24], []
[2025-01-29 13:09:22,660][__main__][INFO] - [15, 17], [16]
[2025-01-29 13:09:22,712][__main__][INFO] - [15, 18], [16]
[2025-01-29 13:09:22,778][__main__][INFO] - [15, 19], [16]
[2025-01-29 13:09:22,801][__main__][INFO] - [15, 20], [16]
[2025-01-29 13:09:22,823][__main__][INFO] - [15, 21], [16]
[2025-01-29 13:09:22,860][__main__][INFO] - [15, 23], [16]
[2025-01-29 13:09:22,882][__main__][INFO] - [15, 24], [16]
[2025-01-29 23:38:55,562][__main__][INFO] - In total, there are 1229 possible subgroups
[2025-01-29 23:38:55,591][__main__][INFO] - [0], []
[2025-01-29 23:38:55,767][__main__][INFO] - [1], []
[2025-01-29 23:38:55,993][__main__][INFO] - [2], []
[2025-01-29 23:38:56,210][__main__][INFO] - [3], []
[2025-01-29 23:38:56,378][__main__][INFO] - [4], []
[2025-01-29 23:38:56,586][__main__][INFO] - [5], []
[2025-01-29 23:38:56,768][__main__][INFO] - [6], []
[2025-01-29 23:38:56,847][__main__][INFO] - [7], []
[2025-01-29 23:38:56,882][__main__][INFO] - [8], []
[2025-01-29 23:38:56,903][__main__][INFO] - [9], []
[2025-01-29 23:38:56,921][__main__][INFO] - [10], []
[2025-01-29 23:38:57,775][__main__][INFO] - [11], []
[2025-01-29 23:38:57,824][__main__][INFO] - [12], []
[2025-01-29 23:38:57,976][__main__][INFO] - [13], []
[2025-01-29 23:38:57,997][__main__][INFO] - [14], []
[2025-01-29 23:38:58,017][__main__][INFO] - [15], []
[2025-01-29 23:38:58,199][__main__][INFO] - [16], []
[2025-01-29 23:38:58,762][__main__][INFO] - [], [16]
[2025-01-29 23:38:59,383][__main__][INFO] - [17], []
[2025-01-29 23:38:59,515][__main__][INFO] - [18], []
[2025-01-29 23:39:00,250][__main__][INFO] - [19], []
[2025-01-29 23:39:00,302][__main__][INFO] - [20], []
[2025-01-29 23:39:00,354][__main__][INFO] - [21], []
[2025-01-29 23:39:00,376][__main__][INFO] - [22], []
[2025-01-29 23:39:00,395][__main__][INFO] - [23], []
[2025-01-29 23:39:00,576][__main__][INFO] - [24], []
[2025-01-29 23:39:00,595][__main__][INFO] - [25], []
[2025-01-29 23:39:00,644][__main__][INFO] - [0, 10], []
[2025-01-29 23:39:00,797][__main__][INFO] - [0, 11], []
[2025-01-29 23:39:00,819][__main__][INFO] - [0, 12], []
[2025-01-29 23:39:00,845][__main__][INFO] - [0, 13], []
[2025-01-29 23:39:00,866][__main__][INFO] - [0, 14], []
[2025-01-29 23:39:00,886][__main__][INFO] - [0, 15], []
[2025-01-29 23:39:00,913][__main__][INFO] - [0, 16], []
[2025-01-29 23:39:01,004][__main__][INFO] - [0], [16]
[2025-01-29 23:39:01,098][__main__][INFO] - [0, 17], []
[2025-01-29 23:39:01,138][__main__][INFO] - [0, 18], []
[2025-01-29 23:39:01,246][__main__][INFO] - [0, 19], []
[2025-01-29 23:39:01,274][__main__][INFO] - [0, 20], []
[2025-01-29 23:39:01,299][__main__][INFO] - [0, 21], []
[2025-01-29 23:39:01,320][__main__][INFO] - [0, 22], []
[2025-01-29 23:39:01,343][__main__][INFO] - [0, 23], []
[2025-01-29 23:39:01,378][__main__][INFO] - [0, 24], []
[2025-01-29 23:39:01,426][__main__][INFO] - [1, 10], []
[2025-01-29 23:39:01,602][__main__][INFO] - [1, 11], []
[2025-01-29 23:39:01,626][__main__][INFO] - [1, 12], []
[2025-01-29 23:39:01,661][__main__][INFO] - [1, 13], []
[2025-01-29 23:39:01,682][__main__][INFO] - [1, 14], []
[2025-01-29 23:39:01,702][__main__][INFO] - [1, 15], []
[2025-01-29 23:39:01,740][__main__][INFO] - [1, 16], []
[2025-01-29 23:39:01,849][__main__][INFO] - [1], [16]
[2025-01-29 23:39:01,969][__main__][INFO] - [1, 17], []
[2025-01-29 23:39:02,013][__main__][INFO] - [1, 18], []
[2025-01-29 23:39:02,151][__main__][INFO] - [1, 19], []
[2025-01-29 23:39:02,179][__main__][INFO] - [1, 20], []
[2025-01-29 23:39:02,206][__main__][INFO] - [1, 21], []
[2025-01-29 23:39:02,227][__main__][INFO] - [1, 22], []
[2025-01-29 23:39:02,247][__main__][INFO] - [1, 23], []
[2025-01-29 23:39:02,294][__main__][INFO] - [1, 24], []
[2025-01-29 23:39:02,343][__main__][INFO] - [2, 10], []
[2025-01-29 23:39:02,488][__main__][INFO] - [2, 11], []
[2025-01-29 23:39:02,512][__main__][INFO] - [2, 12], []
[2025-01-29 23:39:02,554][__main__][INFO] - [2, 13], []
[2025-01-29 23:39:02,575][__main__][INFO] - [2, 14], []
[2025-01-29 23:39:02,596][__main__][INFO] - [2, 15], []
[2025-01-29 23:39:02,644][__main__][INFO] - [2, 16], []
[2025-01-29 23:39:02,744][__main__][INFO] - [2], [16]
[2025-01-29 23:39:02,861][__main__][INFO] - [2, 17], []
[2025-01-29 23:39:02,900][__main__][INFO] - [2, 18], []
[2025-01-29 23:39:03,028][__main__][INFO] - [2, 19], []
[2025-01-29 23:39:03,054][__main__][INFO] - [2, 20], []
[2025-01-29 23:39:03,079][__main__][INFO] - [2, 21], []
[2025-01-29 23:39:03,100][__main__][INFO] - [2, 22], []
[2025-01-29 23:39:03,120][__main__][INFO] - [2, 23], []
[2025-01-29 23:39:03,169][__main__][INFO] - [2, 24], []
[2025-01-29 23:39:03,219][__main__][INFO] - [3, 10], []
[2025-01-29 23:39:03,320][__main__][INFO] - [3, 11], []
[2025-01-29 23:39:03,343][__main__][INFO] - [3, 12], []
[2025-01-29 23:39:03,385][__main__][INFO] - [3, 13], []
[2025-01-29 23:39:03,406][__main__][INFO] - [3, 14], []
[2025-01-29 23:39:03,427][__main__][INFO] - [3, 15], []
[2025-01-29 23:39:03,475][__main__][INFO] - [3, 16], []
[2025-01-29 23:39:03,558][__main__][INFO] - [3], [16]
[2025-01-29 23:39:03,652][__main__][INFO] - [3, 17], []
[2025-01-29 23:39:03,687][__main__][INFO] - [3, 18], []
[2025-01-29 23:39:03,790][__main__][INFO] - [3, 19], []
[2025-01-29 23:39:03,814][__main__][INFO] - [3, 20], []
[2025-01-29 23:39:03,839][__main__][INFO] - [3, 21], []
[2025-01-29 23:39:03,859][__main__][INFO] - [3, 22], []
[2025-01-29 23:39:03,880][__main__][INFO] - [3, 23], []
[2025-01-29 23:39:03,923][__main__][INFO] - [3, 24], []
[2025-01-29 23:39:03,972][__main__][INFO] - [4, 10], []
[2025-01-29 23:39:04,100][__main__][INFO] - [4, 11], []
[2025-01-29 23:39:04,125][__main__][INFO] - [4, 12], []
[2025-01-29 23:39:04,171][__main__][INFO] - [4, 13], []
[2025-01-29 23:39:04,193][__main__][INFO] - [4, 14], []
[2025-01-29 23:39:04,213][__main__][INFO] - [4, 15], []
[2025-01-29 23:39:04,270][__main__][INFO] - [4, 16], []
[2025-01-29 23:39:04,372][__main__][INFO] - [4], [16]
[2025-01-29 23:39:04,484][__main__][INFO] - [4, 17], []
[2025-01-29 23:39:04,521][__main__][INFO] - [4, 18], []
[2025-01-29 23:39:04,658][__main__][INFO] - [4, 19], []
[2025-01-29 23:39:04,682][__main__][INFO] - [4, 20], []
[2025-01-29 23:39:04,708][__main__][INFO] - [4, 21], []
[2025-01-29 23:39:04,729][__main__][INFO] - [4, 22], []
[2025-01-29 23:39:04,750][__main__][INFO] - [4, 23], []
[2025-01-29 23:39:04,797][__main__][INFO] - [4, 24], []
[2025-01-29 23:39:04,847][__main__][INFO] - [5, 10], []
[2025-01-29 23:39:04,969][__main__][INFO] - [5, 11], []
[2025-01-29 23:39:04,993][__main__][INFO] - [5, 12], []
[2025-01-29 23:39:05,035][__main__][INFO] - [5, 13], []
[2025-01-29 23:39:05,056][__main__][INFO] - [5, 14], []
[2025-01-29 23:39:05,077][__main__][INFO] - [5, 15], []
[2025-01-29 23:39:05,119][__main__][INFO] - [5, 16], []
[2025-01-29 23:39:05,211][__main__][INFO] - [5], [16]
[2025-01-29 23:39:05,313][__main__][INFO] - [5, 17], []
[2025-01-29 23:39:05,343][__main__][INFO] - [5, 18], []
[2025-01-29 23:39:05,470][__main__][INFO] - [5, 19], []
[2025-01-29 23:39:05,493][__main__][INFO] - [5, 20], []
[2025-01-29 23:39:05,519][__main__][INFO] - [5, 21], []
[2025-01-29 23:39:05,539][__main__][INFO] - [5, 22], []
[2025-01-29 23:39:05,560][__main__][INFO] - [5, 23], []
[2025-01-29 23:39:05,602][__main__][INFO] - [5, 24], []
[2025-01-29 23:39:05,659][__main__][INFO] - [6, 10], []
[2025-01-29 23:39:05,722][__main__][INFO] - [6, 11], []
[2025-01-29 23:39:05,744][__main__][INFO] - [6, 12], []
[2025-01-29 23:39:05,772][__main__][INFO] - [6, 13], []
[2025-01-29 23:39:05,792][__main__][INFO] - [6, 14], []
[2025-01-29 23:39:05,813][__main__][INFO] - [6, 15], []
[2025-01-29 23:39:05,839][__main__][INFO] - [6, 16], []
[2025-01-29 23:39:05,885][__main__][INFO] - [6], [16]
[2025-01-29 23:39:05,936][__main__][INFO] - [6, 17], []
[2025-01-29 23:39:05,958][__main__][INFO] - [6, 18], []
[2025-01-29 23:39:06,021][__main__][INFO] - [6, 19], []
[2025-01-29 23:39:06,042][__main__][INFO] - [6, 20], []
[2025-01-29 23:39:06,064][__main__][INFO] - [6, 21], []
[2025-01-29 23:39:06,084][__main__][INFO] - [6, 22], []
[2025-01-29 23:39:06,105][__main__][INFO] - [6, 23], []
[2025-01-29 23:39:06,132][__main__][INFO] - [6, 24], []
[2025-01-29 23:39:06,181][__main__][INFO] - [7, 10], []
[2025-01-29 23:39:06,215][__main__][INFO] - [7, 11], []
[2025-01-29 23:39:06,235][__main__][INFO] - [7, 12], []
[2025-01-29 23:39:06,257][__main__][INFO] - [7, 13], []
[2025-01-29 23:39:06,277][__main__][INFO] - [7, 14], []
[2025-01-29 23:39:06,297][__main__][INFO] - [7, 15], []
[2025-01-29 23:39:06,318][__main__][INFO] - [7, 16], []
[2025-01-29 23:39:06,345][__main__][INFO] - [7], [16]
[2025-01-29 23:39:06,375][__main__][INFO] - [7, 17], []
[2025-01-29 23:39:06,395][__main__][INFO] - [7, 18], []
[2025-01-29 23:39:06,429][__main__][INFO] - [7, 19], []
[2025-01-29 23:39:06,450][__main__][INFO] - [7, 20], []
[2025-01-29 23:39:06,470][__main__][INFO] - [7, 21], []
[2025-01-29 23:39:06,505][__main__][INFO] - [7, 23], []
[2025-01-29 23:39:06,570][__main__][INFO] - [8, 10], []
[2025-01-29 23:39:06,593][__main__][INFO] - [8, 11], []
[2025-01-29 23:39:06,612][__main__][INFO] - [8, 12], []
[2025-01-29 23:39:06,662][__main__][INFO] - [8, 15], []
[2025-01-29 23:39:06,682][__main__][INFO] - [8, 16], []
[2025-01-29 23:39:06,703][__main__][INFO] - [8], [16]
[2025-01-29 23:39:06,725][__main__][INFO] - [8, 17], []
[2025-01-29 23:39:06,745][__main__][INFO] - [8, 18], []
[2025-01-29 23:39:06,768][__main__][INFO] - [8, 19], []
[2025-01-29 23:39:06,789][__main__][INFO] - [8, 20], []
[2025-01-29 23:39:06,838][__main__][INFO] - [8, 23], []
[2025-01-29 23:39:06,902][__main__][INFO] - [9, 10], []
[2025-01-29 23:39:06,937][__main__][INFO] - [9, 12], []
[2025-01-29 23:39:07,001][__main__][INFO] - [9, 16], []
[2025-01-29 23:39:07,022][__main__][INFO] - [9], [16]
[2025-01-29 23:39:07,057][__main__][INFO] - [9, 18], []
[2025-01-29 23:39:07,136][__main__][INFO] - [9, 23], []
[2025-01-29 23:39:07,200][__main__][INFO] - [10, 16], []
[2025-01-29 23:39:07,584][__main__][INFO] - [10], [16]
[2025-01-29 23:39:08,007][__main__][INFO] - [10, 17], []
[2025-01-29 23:39:08,080][__main__][INFO] - [10, 18], []
[2025-01-29 23:39:08,669][__main__][INFO] - [10, 19], []
[2025-01-29 23:39:08,717][__main__][INFO] - [10, 20], []
[2025-01-29 23:39:08,769][__main__][INFO] - [10, 21], []
[2025-01-29 23:39:08,792][__main__][INFO] - [10, 22], []
[2025-01-29 23:39:08,814][__main__][INFO] - [10, 23], []
[2025-01-29 23:39:08,872][__main__][INFO] - [10, 24], []
[2025-01-29 23:39:08,893][__main__][INFO] - [10, 25], []
[2025-01-29 23:39:08,928][__main__][INFO] - [11, 16], []
[2025-01-29 23:39:08,956][__main__][INFO] - [11], [16]
[2025-01-29 23:39:08,986][__main__][INFO] - [11, 17], []
[2025-01-29 23:39:09,006][__main__][INFO] - [11, 18], []
[2025-01-29 23:39:09,045][__main__][INFO] - [11, 19], []
[2025-01-29 23:39:09,065][__main__][INFO] - [11, 20], []
[2025-01-29 23:39:09,115][__main__][INFO] - [11, 23], []
[2025-01-29 23:39:09,179][__main__][INFO] - [12, 16], []
[2025-01-29 23:39:09,258][__main__][INFO] - [12], [16]
[2025-01-29 23:39:09,338][__main__][INFO] - [12, 17], []
[2025-01-29 23:39:09,359][__main__][INFO] - [12, 18], []
[2025-01-29 23:39:09,387][__main__][INFO] - [12, 19], []
[2025-01-29 23:39:09,409][__main__][INFO] - [12, 20], []
[2025-01-29 23:39:09,458][__main__][INFO] - [12, 23], []
[2025-01-29 23:39:09,635][__main__][INFO] - [13, 16], []
[2025-01-29 23:39:09,657][__main__][INFO] - [13], [16]
[2025-01-29 23:39:09,679][__main__][INFO] - [13, 17], []
[2025-01-29 23:39:09,699][__main__][INFO] - [13, 18], []
[2025-01-29 23:39:09,720][__main__][INFO] - [13, 19], []
[2025-01-29 23:39:09,740][__main__][INFO] - [13, 20], []
[2025-01-29 23:39:09,791][__main__][INFO] - [13, 23], []
[2025-01-29 23:39:09,855][__main__][INFO] - [14, 16], []
[2025-01-29 23:39:09,875][__main__][INFO] - [14], [16]
[2025-01-29 23:39:09,911][__main__][INFO] - [14, 18], []
[2025-01-29 23:39:09,931][__main__][INFO] - [14, 19], []
[2025-01-29 23:39:09,980][__main__][INFO] - [14, 22], []
[2025-01-29 23:39:10,001][__main__][INFO] - [14, 23], []
[2025-01-29 23:39:10,065][__main__][INFO] - [15, 16], []
[2025-01-29 23:39:10,151][__main__][INFO] - [15], [16]
[2025-01-29 23:39:10,271][__main__][INFO] - [15, 17], []
[2025-01-29 23:39:10,346][__main__][INFO] - [15, 18], []
[2025-01-29 23:39:10,450][__main__][INFO] - [15, 19], []
[2025-01-29 23:39:10,472][__main__][INFO] - [15, 20], []
[2025-01-29 23:39:10,493][__main__][INFO] - [15, 21], []
[2025-01-29 23:39:10,514][__main__][INFO] - [15, 22], []
[2025-01-29 23:39:10,534][__main__][INFO] - [15, 23], []
[2025-01-29 23:39:10,555][__main__][INFO] - [15, 24], []
[2025-01-29 23:39:10,604][__main__][INFO] - [16, 17], []
[2025-01-29 23:39:10,669][__main__][INFO] - [16, 18], []
[2025-01-29 23:39:11,011][__main__][INFO] - [16, 19], []
[2025-01-29 23:39:11,048][__main__][INFO] - [16, 20], []
[2025-01-29 23:39:11,084][__main__][INFO] - [16, 21], []
[2025-01-29 23:39:11,106][__main__][INFO] - [16, 22], []
[2025-01-29 23:39:11,127][__main__][INFO] - [16, 23], []
[2025-01-29 23:39:11,223][__main__][INFO] - [16, 24], []
[2025-01-29 23:39:11,273][__main__][INFO] - [17], [16]
[2025-01-29 23:39:11,350][__main__][INFO] - [18], [16]
[2025-01-29 23:39:11,736][__main__][INFO] - [19], [16]
[2025-01-29 23:39:11,772][__main__][INFO] - [20], [16]
[2025-01-29 23:39:11,808][__main__][INFO] - [21], [16]
[2025-01-29 23:39:11,830][__main__][INFO] - [22], [16]
[2025-01-29 23:39:11,850][__main__][INFO] - [23], [16]
[2025-01-29 23:39:11,946][__main__][INFO] - [24], [16]
[2025-01-29 23:39:12,025][__main__][INFO] - [0, 10, 16], []
[2025-01-29 23:39:12,110][__main__][INFO] - [0, 10], [16]
[2025-01-29 23:39:12,198][__main__][INFO] - [0, 10, 17], []
[2025-01-29 23:39:12,236][__main__][INFO] - [0, 10, 18], []
[2025-01-29 23:39:12,340][__main__][INFO] - [0, 10, 19], []
[2025-01-29 23:39:12,371][__main__][INFO] - [0, 10, 20], []
[2025-01-29 23:39:12,399][__main__][INFO] - [0, 10, 21], []
[2025-01-29 23:39:12,422][__main__][INFO] - [0, 10, 22], []
[2025-01-29 23:39:12,444][__main__][INFO] - [0, 10, 23], []
[2025-01-29 23:39:12,477][__main__][INFO] - [0, 10, 24], []
[2025-01-29 23:39:12,529][__main__][INFO] - [0, 11, 16], []
[2025-01-29 23:39:12,553][__main__][INFO] - [0, 11], [16]
[2025-01-29 23:39:12,591][__main__][INFO] - [0, 11, 18], []
[2025-01-29 23:39:12,615][__main__][INFO] - [0, 11, 19], []
[2025-01-29 23:39:12,682][__main__][INFO] - [0, 11, 23], []
[2025-01-29 23:39:12,750][__main__][INFO] - [0, 12, 16], []
[2025-01-29 23:39:12,775][__main__][INFO] - [0, 12], [16]
[2025-01-29 23:39:12,815][__main__][INFO] - [0, 12, 18], []
[2025-01-29 23:39:12,838][__main__][INFO] - [0, 12, 19], []
[2025-01-29 23:39:12,906][__main__][INFO] - [0, 12, 23], []
[2025-01-29 23:39:12,978][__main__][INFO] - [0, 13, 16], []
[2025-01-29 23:39:13,001][__main__][INFO] - [0, 13], [16]
[2025-01-29 23:39:13,039][__main__][INFO] - [0, 13, 18], []
[2025-01-29 23:39:13,076][__main__][INFO] - [0, 13, 20], []
[2025-01-29 23:39:13,188][__main__][INFO] - [0, 14, 16], []
[2025-01-29 23:39:13,210][__main__][INFO] - [0, 14], [16]
[2025-01-29 23:39:13,247][__main__][INFO] - [0, 14, 18], []
[2025-01-29 23:39:13,314][__main__][INFO] - [0, 14, 22], []
[2025-01-29 23:39:13,397][__main__][INFO] - [0, 15, 16], []
[2025-01-29 23:39:13,424][__main__][INFO] - [0, 15], [16]
[2025-01-29 23:39:13,450][__main__][INFO] - [0, 15, 17], []
[2025-01-29 23:39:13,475][__main__][INFO] - [0, 15, 18], []
[2025-01-29 23:39:13,502][__main__][INFO] - [0, 15, 19], []
[2025-01-29 23:39:13,525][__main__][INFO] - [0, 15, 20], []
[2025-01-29 23:39:13,547][__main__][INFO] - [0, 15, 21], []
[2025-01-29 23:39:13,584][__main__][INFO] - [0, 15, 23], []
[2025-01-29 23:39:13,652][__main__][INFO] - [0, 16, 17], []
[2025-01-29 23:39:13,683][__main__][INFO] - [0, 16, 18], []
[2025-01-29 23:39:13,745][__main__][INFO] - [0, 16, 19], []
[2025-01-29 23:39:13,771][__main__][INFO] - [0, 16, 20], []
[2025-01-29 23:39:13,796][__main__][INFO] - [0, 16, 21], []
[2025-01-29 23:39:13,819][__main__][INFO] - [0, 16, 22], []
[2025-01-29 23:39:13,841][__main__][INFO] - [0, 16, 23], []
[2025-01-29 23:39:13,871][__main__][INFO] - [0, 16, 24], []
[2025-01-29 23:39:13,922][__main__][INFO] - [0, 17], [16]
[2025-01-29 23:39:13,953][__main__][INFO] - [0, 18], [16]
[2025-01-29 23:39:14,018][__main__][INFO] - [0, 19], [16]
[2025-01-29 23:39:14,044][__main__][INFO] - [0, 20], [16]
[2025-01-29 23:39:14,069][__main__][INFO] - [0, 21], [16]
[2025-01-29 23:39:14,092][__main__][INFO] - [0, 22], [16]
[2025-01-29 23:39:14,115][__main__][INFO] - [0, 23], [16]
[2025-01-29 23:39:14,145][__main__][INFO] - [0, 24], [16]
[2025-01-29 23:39:14,211][__main__][INFO] - [1, 10, 16], []
[2025-01-29 23:39:14,306][__main__][INFO] - [1, 10], [16]
[2025-01-29 23:39:14,407][__main__][INFO] - [1, 10, 17], []
[2025-01-29 23:39:14,446][__main__][INFO] - [1, 10, 18], []
[2025-01-29 23:39:14,569][__main__][INFO] - [1, 10, 19], []
[2025-01-29 23:39:14,598][__main__][INFO] - [1, 10, 20], []
[2025-01-29 23:39:14,627][__main__][INFO] - [1, 10, 21], []
[2025-01-29 23:39:14,651][__main__][INFO] - [1, 10, 22], []
[2025-01-29 23:39:14,674][__main__][INFO] - [1, 10, 23], []
[2025-01-29 23:39:14,709][__main__][INFO] - [1, 10, 24], []
[2025-01-29 23:39:14,762][__main__][INFO] - [1, 11, 16], []
[2025-01-29 23:39:14,786][__main__][INFO] - [1, 11], [16]
[2025-01-29 23:39:14,825][__main__][INFO] - [1, 11, 18], []
[2025-01-29 23:39:14,850][__main__][INFO] - [1, 11, 19], []
[2025-01-29 23:39:14,874][__main__][INFO] - [1, 11, 20], []
[2025-01-29 23:39:14,926][__main__][INFO] - [1, 11, 23], []
[2025-01-29 23:39:14,994][__main__][INFO] - [1, 12, 16], []
[2025-01-29 23:39:15,023][__main__][INFO] - [1, 12], [16]
[2025-01-29 23:39:15,068][__main__][INFO] - [1, 12, 18], []
[2025-01-29 23:39:15,092][__main__][INFO] - [1, 12, 19], []
[2025-01-29 23:39:15,160][__main__][INFO] - [1, 12, 23], []
[2025-01-29 23:39:15,240][__main__][INFO] - [1, 13, 16], []
[2025-01-29 23:39:15,263][__main__][INFO] - [1, 13], [16]
[2025-01-29 23:39:15,301][__main__][INFO] - [1, 13, 18], []
[2025-01-29 23:39:15,339][__main__][INFO] - [1, 13, 20], []
[2025-01-29 23:39:15,451][__main__][INFO] - [1, 14, 16], []
[2025-01-29 23:39:15,474][__main__][INFO] - [1, 14], [16]
[2025-01-29 23:39:15,512][__main__][INFO] - [1, 14, 18], []
[2025-01-29 23:39:15,579][__main__][INFO] - [1, 14, 22], []
[2025-01-29 23:39:15,602][__main__][INFO] - [1, 14, 23], []
[2025-01-29 23:39:15,670][__main__][INFO] - [1, 15, 16], []
[2025-01-29 23:39:15,699][__main__][INFO] - [1, 15], [16]
[2025-01-29 23:39:15,731][__main__][INFO] - [1, 15, 17], []
[2025-01-29 23:39:15,760][__main__][INFO] - [1, 15, 18], []
[2025-01-29 23:39:15,792][__main__][INFO] - [1, 15, 19], []
[2025-01-29 23:39:15,814][__main__][INFO] - [1, 15, 20], []
[2025-01-29 23:39:15,837][__main__][INFO] - [1, 15, 21], []
[2025-01-29 23:39:15,875][__main__][INFO] - [1, 15, 23], []
[2025-01-29 23:39:15,898][__main__][INFO] - [1, 15, 24], []
[2025-01-29 23:39:15,951][__main__][INFO] - [1, 16, 17], []
[2025-01-29 23:39:15,983][__main__][INFO] - [1, 16, 18], []
[2025-01-29 23:39:16,055][__main__][INFO] - [1, 16, 19], []
[2025-01-29 23:39:16,081][__main__][INFO] - [1, 16, 20], []
[2025-01-29 23:39:16,107][__main__][INFO] - [1, 16, 21], []
[2025-01-29 23:39:16,130][__main__][INFO] - [1, 16, 22], []
[2025-01-29 23:39:16,153][__main__][INFO] - [1, 16, 23], []
[2025-01-29 23:39:16,188][__main__][INFO] - [1, 16, 24], []
[2025-01-29 23:39:16,240][__main__][INFO] - [1, 17], [16]
[2025-01-29 23:39:16,275][__main__][INFO] - [1, 18], [16]
[2025-01-29 23:39:16,355][__main__][INFO] - [1, 19], [16]
[2025-01-29 23:39:16,381][__main__][INFO] - [1, 20], [16]
[2025-01-29 23:39:16,406][__main__][INFO] - [1, 21], [16]
[2025-01-29 23:39:16,429][__main__][INFO] - [1, 22], [16]
[2025-01-29 23:39:16,452][__main__][INFO] - [1, 23], [16]
[2025-01-29 23:39:16,487][__main__][INFO] - [1, 24], [16]
[2025-01-29 23:39:16,554][__main__][INFO] - [2, 10, 16], []
[2025-01-29 23:39:16,631][__main__][INFO] - [2, 10], [16]
[2025-01-29 23:39:16,717][__main__][INFO] - [2, 10, 17], []
[2025-01-29 23:39:16,749][__main__][INFO] - [2, 10, 18], []
[2025-01-29 23:39:16,858][__main__][INFO] - [2, 10, 19], []
[2025-01-29 23:39:16,886][__main__][INFO] - [2, 10, 20], []
[2025-01-29 23:39:16,913][__main__][INFO] - [2, 10, 21], []
[2025-01-29 23:39:16,937][__main__][INFO] - [2, 10, 22], []
[2025-01-29 23:39:16,960][__main__][INFO] - [2, 10, 23], []
[2025-01-29 23:39:16,991][__main__][INFO] - [2, 10, 24], []
[2025-01-29 23:39:17,043][__main__][INFO] - [2, 11, 16], []
[2025-01-29 23:39:17,068][__main__][INFO] - [2, 11], [16]
[2025-01-29 23:39:17,108][__main__][INFO] - [2, 11, 18], []
[2025-01-29 23:39:17,134][__main__][INFO] - [2, 11, 19], []
[2025-01-29 23:39:17,202][__main__][INFO] - [2, 11, 23], []
[2025-01-29 23:39:17,270][__main__][INFO] - [2, 12, 16], []
[2025-01-29 23:39:17,302][__main__][INFO] - [2, 12], [16]
[2025-01-29 23:39:17,350][__main__][INFO] - [2, 12, 18], []
[2025-01-29 23:39:17,375][__main__][INFO] - [2, 12, 19], []
[2025-01-29 23:39:17,446][__main__][INFO] - [2, 12, 23], []
[2025-01-29 23:39:17,546][__main__][INFO] - [2, 13, 16], []
[2025-01-29 23:39:17,569][__main__][INFO] - [2, 13], [16]
[2025-01-29 23:39:17,608][__main__][INFO] - [2, 13, 18], []
[2025-01-29 23:39:17,646][__main__][INFO] - [2, 13, 20], []
[2025-01-29 23:39:17,699][__main__][INFO] - [2, 13, 23], []
[2025-01-29 23:39:17,767][__main__][INFO] - [2, 14, 16], []
[2025-01-29 23:39:17,790][__main__][INFO] - [2, 14], [16]
[2025-01-29 23:39:17,827][__main__][INFO] - [2, 14, 18], []
[2025-01-29 23:39:17,895][__main__][INFO] - [2, 14, 22], []
[2025-01-29 23:39:17,918][__main__][INFO] - [2, 14, 23], []
[2025-01-29 23:39:17,985][__main__][INFO] - [2, 15, 16], []
[2025-01-29 23:39:18,019][__main__][INFO] - [2, 15], [16]
[2025-01-29 23:39:18,057][__main__][INFO] - [2, 15, 17], []
[2025-01-29 23:39:18,090][__main__][INFO] - [2, 15, 18], []
[2025-01-29 23:39:18,126][__main__][INFO] - [2, 15, 19], []
[2025-01-29 23:39:18,150][__main__][INFO] - [2, 15, 20], []
[2025-01-29 23:39:18,173][__main__][INFO] - [2, 15, 21], []
[2025-01-29 23:39:18,211][__main__][INFO] - [2, 15, 23], []
[2025-01-29 23:39:18,234][__main__][INFO] - [2, 15, 24], []
[2025-01-29 23:39:18,286][__main__][INFO] - [2, 16, 17], []
[2025-01-29 23:39:18,317][__main__][INFO] - [2, 16, 18], []
[2025-01-29 23:39:18,386][__main__][INFO] - [2, 16, 19], []
[2025-01-29 23:39:18,411][__main__][INFO] - [2, 16, 20], []
[2025-01-29 23:39:18,436][__main__][INFO] - [2, 16, 21], []
[2025-01-29 23:39:18,459][__main__][INFO] - [2, 16, 22], []
[2025-01-29 23:39:18,482][__main__][INFO] - [2, 16, 23], []
[2025-01-29 23:39:18,518][__main__][INFO] - [2, 16, 24], []
[2025-01-29 23:39:18,570][__main__][INFO] - [2, 17], [16]
[2025-01-29 23:39:18,604][__main__][INFO] - [2, 18], [16]
[2025-01-29 23:39:18,682][__main__][INFO] - [2, 19], [16]
[2025-01-29 23:39:18,708][__main__][INFO] - [2, 20], [16]
[2025-01-29 23:39:18,733][__main__][INFO] - [2, 21], [16]
[2025-01-29 23:39:18,756][__main__][INFO] - [2, 22], [16]
[2025-01-29 23:39:18,779][__main__][INFO] - [2, 23], [16]
[2025-01-29 23:39:18,815][__main__][INFO] - [2, 24], [16]
[2025-01-29 23:39:18,882][__main__][INFO] - [3, 10, 16], []
[2025-01-29 23:39:18,942][__main__][INFO] - [3, 10], [16]
[2025-01-29 23:39:19,005][__main__][INFO] - [3, 10, 17], []
[2025-01-29 23:39:19,032][__main__][INFO] - [3, 10, 18], []
[2025-01-29 23:39:19,115][__main__][INFO] - [3, 10, 19], []
[2025-01-29 23:39:19,141][__main__][INFO] - [3, 10, 20], []
[2025-01-29 23:39:19,167][__main__][INFO] - [3, 10, 21], []
[2025-01-29 23:39:19,191][__main__][INFO] - [3, 10, 22], []
[2025-01-29 23:39:19,214][__main__][INFO] - [3, 10, 23], []
[2025-01-29 23:39:19,240][__main__][INFO] - [3, 10, 24], []
[2025-01-29 23:39:19,293][__main__][INFO] - [3, 11, 16], []
[2025-01-29 23:39:19,317][__main__][INFO] - [3, 11], [16]
[2025-01-29 23:39:19,356][__main__][INFO] - [3, 11, 18], []
[2025-01-29 23:39:19,383][__main__][INFO] - [3, 11, 19], []
[2025-01-29 23:39:19,450][__main__][INFO] - [3, 11, 23], []
[2025-01-29 23:39:19,518][__main__][INFO] - [3, 12, 16], []
[2025-01-29 23:39:19,551][__main__][INFO] - [3, 12], [16]
[2025-01-29 23:39:19,600][__main__][INFO] - [3, 12, 18], []
[2025-01-29 23:39:19,624][__main__][INFO] - [3, 12, 19], []
[2025-01-29 23:39:19,692][__main__][INFO] - [3, 12, 23], []
[2025-01-29 23:39:19,779][__main__][INFO] - [3, 13, 16], []
[2025-01-29 23:39:19,802][__main__][INFO] - [3, 13], [16]
[2025-01-29 23:39:19,840][__main__][INFO] - [3, 13, 18], []
[2025-01-29 23:39:19,878][__main__][INFO] - [3, 13, 20], []
[2025-01-29 23:39:19,931][__main__][INFO] - [3, 13, 23], []
[2025-01-29 23:39:19,999][__main__][INFO] - [3, 14, 16], []
[2025-01-29 23:39:20,022][__main__][INFO] - [3, 14], [16]
[2025-01-29 23:39:20,059][__main__][INFO] - [3, 14, 18], []
[2025-01-29 23:39:20,082][__main__][INFO] - [3, 14, 19], []
[2025-01-29 23:39:20,134][__main__][INFO] - [3, 14, 22], []
[2025-01-29 23:39:20,158][__main__][INFO] - [3, 14, 23], []
[2025-01-29 23:39:20,225][__main__][INFO] - [3, 15, 16], []
[2025-01-29 23:39:20,260][__main__][INFO] - [3, 15], [16]
[2025-01-29 23:39:20,298][__main__][INFO] - [3, 15, 17], []
[2025-01-29 23:39:20,331][__main__][INFO] - [3, 15, 18], []
[2025-01-29 23:39:20,369][__main__][INFO] - [3, 15, 19], []
[2025-01-29 23:39:20,392][__main__][INFO] - [3, 15, 20], []
[2025-01-29 23:39:20,415][__main__][INFO] - [3, 15, 21], []
[2025-01-29 23:39:20,453][__main__][INFO] - [3, 15, 23], []
[2025-01-29 23:39:20,476][__main__][INFO] - [3, 15, 24], []
[2025-01-29 23:39:20,528][__main__][INFO] - [3, 16, 17], []
[2025-01-29 23:39:20,557][__main__][INFO] - [3, 16, 18], []
[2025-01-29 23:39:20,616][__main__][INFO] - [3, 16, 19], []
[2025-01-29 23:39:20,643][__main__][INFO] - [3, 16, 20], []
[2025-01-29 23:39:20,669][__main__][INFO] - [3, 16, 21], []
[2025-01-29 23:39:20,692][__main__][INFO] - [3, 16, 22], []
[2025-01-29 23:39:20,715][__main__][INFO] - [3, 16, 23], []
[2025-01-29 23:39:20,750][__main__][INFO] - [3, 16, 24], []
[2025-01-29 23:39:20,802][__main__][INFO] - [3, 17], [16]
[2025-01-29 23:39:20,832][__main__][INFO] - [3, 18], [16]
[2025-01-29 23:39:20,896][__main__][INFO] - [3, 19], [16]
[2025-01-29 23:39:20,921][__main__][INFO] - [3, 20], [16]
[2025-01-29 23:39:20,945][__main__][INFO] - [3, 21], [16]
[2025-01-29 23:39:20,968][__main__][INFO] - [3, 22], [16]
[2025-01-29 23:39:20,991][__main__][INFO] - [3, 23], [16]
[2025-01-29 23:39:21,025][__main__][INFO] - [3, 24], [16]
[2025-01-29 23:39:21,093][__main__][INFO] - [4, 10, 16], []
[2025-01-29 23:39:21,163][__main__][INFO] - [4, 10], [16]
[2025-01-29 23:39:21,239][__main__][INFO] - [4, 10, 17], []
[2025-01-29 23:39:21,265][__main__][INFO] - [4, 10, 18], []
[2025-01-29 23:39:21,373][__main__][INFO] - [4, 10, 19], []
[2025-01-29 23:39:21,398][__main__][INFO] - [4, 10, 20], []
[2025-01-29 23:39:21,426][__main__][INFO] - [4, 10, 21], []
[2025-01-29 23:39:21,450][__main__][INFO] - [4, 10, 22], []
[2025-01-29 23:39:21,473][__main__][INFO] - [4, 10, 23], []
[2025-01-29 23:39:21,500][__main__][INFO] - [4, 10, 24], []
[2025-01-29 23:39:21,553][__main__][INFO] - [4, 11, 16], []
[2025-01-29 23:39:21,578][__main__][INFO] - [4, 11], [16]
[2025-01-29 23:39:21,618][__main__][INFO] - [4, 11, 18], []
[2025-01-29 23:39:21,644][__main__][INFO] - [4, 11, 19], []
[2025-01-29 23:39:21,667][__main__][INFO] - [4, 11, 20], []
[2025-01-29 23:39:21,720][__main__][INFO] - [4, 11, 23], []
[2025-01-29 23:39:21,788][__main__][INFO] - [4, 12, 16], []
[2025-01-29 23:39:21,824][__main__][INFO] - [4, 12], [16]
[2025-01-29 23:39:21,873][__main__][INFO] - [4, 12, 18], []
[2025-01-29 23:39:21,898][__main__][INFO] - [4, 12, 19], []
[2025-01-29 23:39:21,965][__main__][INFO] - [4, 12, 23], []
[2025-01-29 23:39:22,057][__main__][INFO] - [4, 13, 16], []
[2025-01-29 23:39:22,080][__main__][INFO] - [4, 13], [16]
[2025-01-29 23:39:22,118][__main__][INFO] - [4, 13, 18], []
[2025-01-29 23:39:22,156][__main__][INFO] - [4, 13, 20], []
[2025-01-29 23:39:22,209][__main__][INFO] - [4, 13, 23], []
[2025-01-29 23:39:22,277][__main__][INFO] - [4, 14, 16], []
[2025-01-29 23:39:22,300][__main__][INFO] - [4, 14], [16]
[2025-01-29 23:39:22,337][__main__][INFO] - [4, 14, 18], []
[2025-01-29 23:39:22,360][__main__][INFO] - [4, 14, 19], []
[2025-01-29 23:39:22,413][__main__][INFO] - [4, 14, 22], []
[2025-01-29 23:39:22,495][__main__][INFO] - [4, 15, 16], []
[2025-01-29 23:39:22,532][__main__][INFO] - [4, 15], [16]
[2025-01-29 23:39:22,574][__main__][INFO] - [4, 15, 17], []
[2025-01-29 23:39:22,610][__main__][INFO] - [4, 15, 18], []
[2025-01-29 23:39:22,651][__main__][INFO] - [4, 15, 19], []
[2025-01-29 23:39:22,674][__main__][INFO] - [4, 15, 20], []
[2025-01-29 23:39:22,697][__main__][INFO] - [4, 15, 21], []
[2025-01-29 23:39:22,735][__main__][INFO] - [4, 15, 23], []
[2025-01-29 23:39:22,759][__main__][INFO] - [4, 15, 24], []
[2025-01-29 23:39:22,811][__main__][INFO] - [4, 16, 17], []
[2025-01-29 23:39:22,841][__main__][INFO] - [4, 16, 18], []
[2025-01-29 23:39:22,911][__main__][INFO] - [4, 16, 19], []
[2025-01-29 23:39:22,935][__main__][INFO] - [4, 16, 20], []
[2025-01-29 23:39:22,960][__main__][INFO] - [4, 16, 21], []
[2025-01-29 23:39:22,983][__main__][INFO] - [4, 16, 22], []
[2025-01-29 23:39:23,006][__main__][INFO] - [4, 16, 23], []
[2025-01-29 23:39:23,042][__main__][INFO] - [4, 16, 24], []
[2025-01-29 23:39:23,095][__main__][INFO] - [4, 17], [16]
[2025-01-29 23:39:23,127][__main__][INFO] - [4, 18], [16]
[2025-01-29 23:39:23,207][__main__][INFO] - [4, 19], [16]
[2025-01-29 23:39:23,231][__main__][INFO] - [4, 20], [16]
[2025-01-29 23:39:23,256][__main__][INFO] - [4, 21], [16]
[2025-01-29 23:39:23,279][__main__][INFO] - [4, 22], [16]
[2025-01-29 23:39:23,302][__main__][INFO] - [4, 23], [16]
[2025-01-29 23:39:23,337][__main__][INFO] - [4, 24], [16]
[2025-01-29 23:39:23,404][__main__][INFO] - [5, 10, 16], []
[2025-01-29 23:39:23,473][__main__][INFO] - [5, 10], [16]
[2025-01-29 23:39:23,546][__main__][INFO] - [5, 10, 17], []
[2025-01-29 23:39:23,572][__main__][INFO] - [5, 10, 18], []
[2025-01-29 23:39:23,680][__main__][INFO] - [5, 10, 19], []
[2025-01-29 23:39:23,705][__main__][INFO] - [5, 10, 20], []
[2025-01-29 23:39:23,733][__main__][INFO] - [5, 10, 21], []
[2025-01-29 23:39:23,756][__main__][INFO] - [5, 10, 22], []
[2025-01-29 23:39:23,779][__main__][INFO] - [5, 10, 23], []
[2025-01-29 23:39:23,804][__main__][INFO] - [5, 10, 24], []
[2025-01-29 23:39:23,856][__main__][INFO] - [5, 11, 16], []
[2025-01-29 23:39:23,881][__main__][INFO] - [5, 11], [16]
[2025-01-29 23:39:23,920][__main__][INFO] - [5, 11, 18], []
[2025-01-29 23:39:23,947][__main__][INFO] - [5, 11, 19], []
[2025-01-29 23:39:24,073][__main__][INFO] - [5, 12, 16], []
[2025-01-29 23:39:24,107][__main__][INFO] - [5, 12], [16]
[2025-01-29 23:39:24,155][__main__][INFO] - [5, 12, 18], []
[2025-01-29 23:39:24,179][__main__][INFO] - [5, 12, 19], []
[2025-01-29 23:39:24,247][__main__][INFO] - [5, 12, 23], []
[2025-01-29 23:39:24,334][__main__][INFO] - [5, 13, 16], []
[2025-01-29 23:39:24,357][__main__][INFO] - [5, 13], [16]
[2025-01-29 23:39:24,395][__main__][INFO] - [5, 13, 18], []
[2025-01-29 23:39:24,433][__main__][INFO] - [5, 13, 20], []
[2025-01-29 23:39:24,486][__main__][INFO] - [5, 13, 23], []
[2025-01-29 23:39:24,554][__main__][INFO] - [5, 14, 16], []
[2025-01-29 23:39:24,576][__main__][INFO] - [5, 14], [16]
[2025-01-29 23:39:24,614][__main__][INFO] - [5, 14, 18], []
[2025-01-29 23:39:24,637][__main__][INFO] - [5, 14, 19], []
[2025-01-29 23:39:24,689][__main__][INFO] - [5, 14, 22], []
[2025-01-29 23:39:24,713][__main__][INFO] - [5, 14, 23], []
[2025-01-29 23:39:24,780][__main__][INFO] - [5, 15, 16], []
[2025-01-29 23:39:24,812][__main__][INFO] - [5, 15], [16]
[2025-01-29 23:39:24,846][__main__][INFO] - [5, 15, 17], []
[2025-01-29 23:39:24,876][__main__][INFO] - [5, 15, 18], []
[2025-01-29 23:39:24,911][__main__][INFO] - [5, 15, 19], []
[2025-01-29 23:39:24,934][__main__][INFO] - [5, 15, 20], []
[2025-01-29 23:39:24,957][__main__][INFO] - [5, 15, 21], []
[2025-01-29 23:39:24,995][__main__][INFO] - [5, 15, 23], []
[2025-01-29 23:39:25,018][__main__][INFO] - [5, 15, 24], []
[2025-01-29 23:39:25,071][__main__][INFO] - [5, 16, 17], []
[2025-01-29 23:39:25,097][__main__][INFO] - [5, 16, 18], []
[2025-01-29 23:39:25,168][__main__][INFO] - [5, 16, 19], []
[2025-01-29 23:39:25,191][__main__][INFO] - [5, 16, 20], []
[2025-01-29 23:39:25,217][__main__][INFO] - [5, 16, 21], []
[2025-01-29 23:39:25,239][__main__][INFO] - [5, 16, 22], []
[2025-01-29 23:39:25,262][__main__][INFO] - [5, 16, 23], []
[2025-01-29 23:39:25,296][__main__][INFO] - [5, 16, 24], []
[2025-01-29 23:39:25,348][__main__][INFO] - [5, 17], [16]
[2025-01-29 23:39:25,376][__main__][INFO] - [5, 18], [16]
[2025-01-29 23:39:25,454][__main__][INFO] - [5, 19], [16]
[2025-01-29 23:39:25,478][__main__][INFO] - [5, 20], [16]
[2025-01-29 23:39:25,502][__main__][INFO] - [5, 21], [16]
[2025-01-29 23:39:25,525][__main__][INFO] - [5, 22], [16]
[2025-01-29 23:39:25,548][__main__][INFO] - [5, 23], [16]
[2025-01-29 23:39:25,581][__main__][INFO] - [5, 24], [16]
[2025-01-29 23:39:25,648][__main__][INFO] - [6, 10, 16], []
[2025-01-29 23:39:25,690][__main__][INFO] - [6, 10], [16]
[2025-01-29 23:39:25,734][__main__][INFO] - [6, 10, 17], []
[2025-01-29 23:39:25,757][__main__][INFO] - [6, 10, 18], []
[2025-01-29 23:39:25,817][__main__][INFO] - [6, 10, 19], []
[2025-01-29 23:39:25,840][__main__][INFO] - [6, 10, 20], []
[2025-01-29 23:39:25,865][__main__][INFO] - [6, 10, 21], []
[2025-01-29 23:39:25,888][__main__][INFO] - [6, 10, 22], []
[2025-01-29 23:39:25,911][__main__][INFO] - [6, 10, 23], []
[2025-01-29 23:39:25,979][__main__][INFO] - [6, 11, 16], []
[2025-01-29 23:39:26,002][__main__][INFO] - [6, 11], [16]
[2025-01-29 23:39:26,040][__main__][INFO] - [6, 11, 18], []
[2025-01-29 23:39:26,184][__main__][INFO] - [6, 12, 16], []
[2025-01-29 23:39:26,210][__main__][INFO] - [6, 12], [16]
[2025-01-29 23:39:26,252][__main__][INFO] - [6, 12, 18], []
[2025-01-29 23:39:26,275][__main__][INFO] - [6, 12, 19], []
[2025-01-29 23:39:26,342][__main__][INFO] - [6, 12, 23], []
[2025-01-29 23:39:26,416][__main__][INFO] - [6, 13, 16], []
[2025-01-29 23:39:26,439][__main__][INFO] - [6, 13], [16]
[2025-01-29 23:39:26,477][__main__][INFO] - [6, 13, 18], []
[2025-01-29 23:39:26,515][__main__][INFO] - [6, 13, 20], []
[2025-01-29 23:39:26,641][__main__][INFO] - [6, 14], [16]
[2025-01-29 23:39:26,816][__main__][INFO] - [6, 15, 16], []
[2025-01-29 23:39:26,853][__main__][INFO] - [6, 15], [16]
[2025-01-29 23:39:26,880][__main__][INFO] - [6, 15, 17], []
[2025-01-29 23:39:26,904][__main__][INFO] - [6, 15, 18], []
[2025-01-29 23:39:26,930][__main__][INFO] - [6, 15, 19], []
[2025-01-29 23:39:26,952][__main__][INFO] - [6, 15, 20], []
[2025-01-29 23:39:27,005][__main__][INFO] - [6, 15, 23], []
[2025-01-29 23:39:27,073][__main__][INFO] - [6, 16, 17], []
[2025-01-29 23:39:27,096][__main__][INFO] - [6, 16, 18], []
[2025-01-29 23:39:27,137][__main__][INFO] - [6, 16, 19], []
[2025-01-29 23:39:27,160][__main__][INFO] - [6, 16, 20], []
[2025-01-29 23:39:27,183][__main__][INFO] - [6, 16, 21], []
[2025-01-29 23:39:27,206][__main__][INFO] - [6, 16, 22], []
[2025-01-29 23:39:27,229][__main__][INFO] - [6, 16, 23], []
[2025-01-29 23:39:27,299][__main__][INFO] - [6, 17], [16]
[2025-01-29 23:39:27,323][__main__][INFO] - [6, 18], [16]
[2025-01-29 23:39:27,368][__main__][INFO] - [6, 19], [16]
[2025-01-29 23:39:27,391][__main__][INFO] - [6, 20], [16]
[2025-01-29 23:39:27,414][__main__][INFO] - [6, 21], [16]
[2025-01-29 23:39:27,437][__main__][INFO] - [6, 22], [16]
[2025-01-29 23:39:27,459][__main__][INFO] - [6, 23], [16]
[2025-01-29 23:39:27,544][__main__][INFO] - [7, 10, 16], []
[2025-01-29 23:39:27,573][__main__][INFO] - [7, 10], [16]
[2025-01-29 23:39:27,603][__main__][INFO] - [7, 10, 17], []
[2025-01-29 23:39:27,626][__main__][INFO] - [7, 10, 18], []
[2025-01-29 23:39:27,661][__main__][INFO] - [7, 10, 19], []
[2025-01-29 23:39:27,684][__main__][INFO] - [7, 10, 20], []
[2025-01-29 23:39:27,707][__main__][INFO] - [7, 10, 21], []
[2025-01-29 23:39:27,745][__main__][INFO] - [7, 10, 23], []
[2025-01-29 23:39:27,813][__main__][INFO] - [7, 11, 16], []
[2025-01-29 23:39:27,836][__main__][INFO] - [7, 11], [16]
[2025-01-29 23:39:27,873][__main__][INFO] - [7, 11, 18], []
[2025-01-29 23:39:28,015][__main__][INFO] - [7, 12, 16], []
[2025-01-29 23:39:28,039][__main__][INFO] - [7, 12], [16]
[2025-01-29 23:39:28,077][__main__][INFO] - [7, 12, 18], []
[2025-01-29 23:39:28,100][__main__][INFO] - [7, 12, 19], []
[2025-01-29 23:39:28,167][__main__][INFO] - [7, 12, 23], []
[2025-01-29 23:39:28,251][__main__][INFO] - [7, 13], [16]
[2025-01-29 23:39:28,289][__main__][INFO] - [7, 13, 18], []
[2025-01-29 23:39:28,608][__main__][INFO] - [7, 15, 16], []
[2025-01-29 23:39:28,632][__main__][INFO] - [7, 15], [16]
[2025-01-29 23:39:28,655][__main__][INFO] - [7, 15, 17], []
[2025-01-29 23:39:28,677][__main__][INFO] - [7, 15, 18], []
[2025-01-29 23:39:28,701][__main__][INFO] - [7, 15, 19], []
[2025-01-29 23:39:28,827][__main__][INFO] - [7, 16, 17], []
[2025-01-29 23:39:28,850][__main__][INFO] - [7, 16, 18], []
[2025-01-29 23:39:28,877][__main__][INFO] - [7, 16, 19], []
[2025-01-29 23:39:28,900][__main__][INFO] - [7, 16, 20], []
[2025-01-29 23:39:28,923][__main__][INFO] - [7, 16, 21], []
[2025-01-29 23:39:28,960][__main__][INFO] - [7, 16, 23], []
[2025-01-29 23:39:29,028][__main__][INFO] - [7, 17], [16]
[2025-01-29 23:39:29,050][__main__][INFO] - [7, 18], [16]
[2025-01-29 23:39:29,081][__main__][INFO] - [7, 19], [16]
[2025-01-29 23:39:29,103][__main__][INFO] - [7, 20], [16]
[2025-01-29 23:39:29,126][__main__][INFO] - [7, 21], [16]
[2025-01-29 23:39:29,163][__main__][INFO] - [7, 23], [16]
[2025-01-29 23:39:29,245][__main__][INFO] - [8, 10, 16], []
[2025-01-29 23:39:29,270][__main__][INFO] - [8, 10], [16]
[2025-01-29 23:39:29,309][__main__][INFO] - [8, 10, 18], []
[2025-01-29 23:39:29,333][__main__][INFO] - [8, 10, 19], []
[2025-01-29 23:39:29,356][__main__][INFO] - [8, 10, 20], []
[2025-01-29 23:39:29,409][__main__][INFO] - [8, 10, 23], []
[2025-01-29 23:39:29,476][__main__][INFO] - [8, 11, 16], []
[2025-01-29 23:39:29,499][__main__][INFO] - [8, 11], [16]
[2025-01-29 23:39:29,536][__main__][INFO] - [8, 11, 18], []
[2025-01-29 23:39:29,678][__main__][INFO] - [8, 12, 16], []
[2025-01-29 23:39:29,701][__main__][INFO] - [8, 12], [16]
[2025-01-29 23:39:29,738][__main__][INFO] - [8, 12, 18], []
[2025-01-29 23:39:29,821][__main__][INFO] - [8, 12, 23], []
[2025-01-29 23:39:29,917][__main__][INFO] - [8, 15, 16], []
[2025-01-29 23:39:29,940][__main__][INFO] - [8, 15], [16]
[2025-01-29 23:39:29,977][__main__][INFO] - [8, 15, 18], []
[2025-01-29 23:39:30,134][__main__][INFO] - [8, 16, 18], []
[2025-01-29 23:39:30,157][__main__][INFO] - [8, 16, 19], []
[2025-01-29 23:39:30,179][__main__][INFO] - [8, 16, 20], []
[2025-01-29 23:39:30,232][__main__][INFO] - [8, 16, 23], []
[2025-01-29 23:39:30,299][__main__][INFO] - [8, 17], [16]
[2025-01-29 23:39:30,322][__main__][INFO] - [8, 18], [16]
[2025-01-29 23:39:30,346][__main__][INFO] - [8, 19], [16]
[2025-01-29 23:39:30,368][__main__][INFO] - [8, 20], [16]
[2025-01-29 23:39:30,421][__main__][INFO] - [8, 23], [16]
[2025-01-29 23:39:30,502][__main__][INFO] - [9, 10, 16], []
[2025-01-29 23:39:30,525][__main__][INFO] - [9, 10], [16]
[2025-01-29 23:39:30,563][__main__][INFO] - [9, 10, 18], []
[2025-01-29 23:39:30,956][__main__][INFO] - [9, 16, 18], []
[2025-01-29 23:39:31,112][__main__][INFO] - [9, 18], [16]
[2025-01-29 23:39:31,268][__main__][INFO] - [10, 16, 17], []
[2025-01-29 23:39:31,313][__main__][INFO] - [10, 16, 18], []
[2025-01-29 23:39:31,596][__main__][INFO] - [10, 16, 19], []
[2025-01-29 23:39:31,631][__main__][INFO] - [10, 16, 20], []
[2025-01-29 23:39:31,668][__main__][INFO] - [10, 16, 21], []
[2025-01-29 23:39:31,692][__main__][INFO] - [10, 16, 22], []
[2025-01-29 23:39:31,716][__main__][INFO] - [10, 16, 23], []
[2025-01-29 23:39:31,756][__main__][INFO] - [10, 16, 24], []
[2025-01-29 23:39:31,809][__main__][INFO] - [10, 17], [16]
[2025-01-29 23:39:31,856][__main__][INFO] - [10, 18], [16]
[2025-01-29 23:39:32,170][__main__][INFO] - [10, 19], [16]
[2025-01-29 23:39:32,206][__main__][INFO] - [10, 20], [16]
[2025-01-29 23:39:32,243][__main__][INFO] - [10, 21], [16]
[2025-01-29 23:39:32,267][__main__][INFO] - [10, 22], [16]
[2025-01-29 23:39:32,290][__main__][INFO] - [10, 23], [16]
[2025-01-29 23:39:32,331][__main__][INFO] - [10, 24], [16]
[2025-01-29 23:39:32,398][__main__][INFO] - [11, 16, 17], []
[2025-01-29 23:39:32,421][__main__][INFO] - [11, 16, 18], []
[2025-01-29 23:39:32,450][__main__][INFO] - [11, 16, 19], []
[2025-01-29 23:39:32,472][__main__][INFO] - [11, 16, 20], []
[2025-01-29 23:39:32,525][__main__][INFO] - [11, 16, 23], []
[2025-01-29 23:39:32,592][__main__][INFO] - [11, 17], [16]
[2025-01-29 23:39:32,614][__main__][INFO] - [11, 18], [16]
[2025-01-29 23:39:32,646][__main__][INFO] - [11, 19], [16]
[2025-01-29 23:39:32,668][__main__][INFO] - [11, 20], [16]
[2025-01-29 23:39:32,720][__main__][INFO] - [11, 23], [16]
[2025-01-29 23:39:32,802][__main__][INFO] - [12, 16, 17], []
[2025-01-29 23:39:32,824][__main__][INFO] - [12, 16, 18], []
[2025-01-29 23:39:32,849][__main__][INFO] - [12, 16, 19], []
[2025-01-29 23:39:32,916][__main__][INFO] - [12, 16, 23], []
[2025-01-29 23:39:33,036][__main__][INFO] - [12, 17], [16]
[2025-01-29 23:39:33,058][__main__][INFO] - [12, 18], [16]
[2025-01-29 23:39:33,085][__main__][INFO] - [12, 19], [16]
[2025-01-29 23:39:33,152][__main__][INFO] - [12, 23], [16]
[2025-01-29 23:39:33,300][__main__][INFO] - [13, 16, 18], []
[2025-01-29 23:39:33,323][__main__][INFO] - [13, 16, 19], []
[2025-01-29 23:39:33,345][__main__][INFO] - [13, 16, 20], []
[2025-01-29 23:39:33,398][__main__][INFO] - [13, 16, 23], []
[2025-01-29 23:39:33,480][__main__][INFO] - [13, 18], [16]
[2025-01-29 23:39:33,503][__main__][INFO] - [13, 19], [16]
[2025-01-29 23:39:33,525][__main__][INFO] - [13, 20], [16]
[2025-01-29 23:39:33,578][__main__][INFO] - [13, 23], [16]
[2025-01-29 23:39:33,674][__main__][INFO] - [14, 16, 18], []
[2025-01-29 23:39:33,696][__main__][INFO] - [14, 16, 19], []
[2025-01-29 23:39:33,748][__main__][INFO] - [14, 16, 22], []
[2025-01-29 23:39:33,770][__main__][INFO] - [14, 16, 23], []
[2025-01-29 23:39:33,852][__main__][INFO] - [14, 18], [16]
[2025-01-29 23:39:33,875][__main__][INFO] - [14, 19], [16]
[2025-01-29 23:39:33,926][__main__][INFO] - [14, 22], [16]
[2025-01-29 23:39:33,949][__main__][INFO] - [14, 23], [16]
[2025-01-29 23:39:34,030][__main__][INFO] - [15, 16, 17], []
[2025-01-29 23:39:34,072][__main__][INFO] - [15, 16, 18], []
[2025-01-29 23:39:34,125][__main__][INFO] - [15, 16, 19], []
[2025-01-29 23:39:34,148][__main__][INFO] - [15, 16, 20], []
[2025-01-29 23:39:34,170][__main__][INFO] - [15, 16, 21], []
[2025-01-29 23:39:34,207][__main__][INFO] - [15, 16, 23], []
[2025-01-29 23:39:34,230][__main__][INFO] - [15, 16, 24], []
[2025-01-29 23:39:34,282][__main__][INFO] - [15, 17], [16]
[2025-01-29 23:39:34,333][__main__][INFO] - [15, 18], [16]
[2025-01-29 23:39:34,398][__main__][INFO] - [15, 19], [16]
[2025-01-29 23:39:34,421][__main__][INFO] - [15, 20], [16]
[2025-01-29 23:39:34,443][__main__][INFO] - [15, 21], [16]
[2025-01-29 23:39:34,480][__main__][INFO] - [15, 23], [16]
[2025-01-29 23:39:34,503][__main__][INFO] - [15, 24], [16]
