[2025-01-29 09:17:10,344][gurobipy][INFO] - Set parameter TokenServer to value "147.32.84.36"
[2025-01-29 09:17:11,510][gurobipy][INFO] - Set parameter TimeLimit to value 600
[2025-01-29 09:17:11,516][gurobipy][INFO] - Gurobi Optimizer version 11.0.2 build v11.0.2rc0 (linux64)
[2025-01-29 09:17:11,516][gurobipy][INFO] - 
[2025-01-29 09:17:11,527][gurobipy][INFO] - CPU model: Intel(R) Xeon(R) Gold 6136 CPU @ 3.00GHz, instruction set [SSE2|AVX|AVX2|AVX512]
[2025-01-29 09:17:11,527][gurobipy][INFO] - Thread count: 24 physical cores, 48 logical processors, using up to 24 threads
[2025-01-29 09:17:11,527][gurobipy][INFO] - 
[2025-01-29 09:17:11,528][gurobipy][INFO] - Optimize a model with 22323 rows, 542 columns and 56548 nonzeros
[2025-01-29 09:17:11,528][gurobipy][INFO] - Model fingerprint: 0x6566d6c5
[2025-01-29 09:17:11,528][gurobipy][INFO] - Variable types: 497 continuous, 45 integer (45 binary)
[2025-01-29 09:17:11,528][gurobipy][INFO] - Coefficient statistics:
[2025-01-29 09:17:11,528][gurobipy][INFO] -   Matrix range     [1e-03, 2e+00]
[2025-01-29 09:17:11,528][gurobipy][INFO] -   Objective range  [1e+00, 1e+00]
[2025-01-29 09:17:11,528][gurobipy][INFO] -   Bounds range     [1e+00, 1e+00]
[2025-01-29 09:17:11,528][gurobipy][INFO] -   RHS range        [1e+00, 1e+01]
[2025-01-29 09:17:11,532][gurobipy][INFO] - Found heuristic solution: objective -0.0000000
[2025-01-29 09:17:11,656][gurobipy][INFO] - Presolve removed 8902 rows and 7 columns
[2025-01-29 09:17:11,656][gurobipy][INFO] - Presolve time: 0.12s
[2025-01-29 09:17:11,656][gurobipy][INFO] - Presolved: 13421 rows, 535 columns, 40754 nonzeros
[2025-01-29 09:17:11,666][gurobipy][INFO] - Variable types: 497 continuous, 38 integer (38 binary)
[2025-01-29 09:17:11,682][gurobipy][INFO] - Root relaxation presolved: 13421 rows, 535 columns, 40754 nonzeros
[2025-01-29 09:17:11,682][gurobipy][INFO] - 
[2025-01-29 09:17:11,697][gurobipy][INFO] - 
[2025-01-29 09:17:11,697][gurobipy][INFO] - Root relaxation: objective 1.000000e+00, 235 iterations, 0.03 seconds (0.05 work units)
[2025-01-29 09:17:11,701][gurobipy][INFO] - 
[2025-01-29 09:17:11,701][gurobipy][INFO] -     Nodes    |    Current Node    |     Objective Bounds      |     Work
[2025-01-29 09:17:11,701][gurobipy][INFO] -  Expl Unexpl |  Obj  Depth IntInf | Incumbent    BestBd   Gap | It/Node Time
[2025-01-29 09:17:11,701][gurobipy][INFO] - 
[2025-01-29 09:17:11,701][gurobipy][INFO] -      0     0    1.00000    0    1   -0.00000    1.00000      -     -    0s
[2025-01-29 09:17:11,702][gurobipy][INFO] - H    0     0                       0.0288280    1.00000  3369%     -    0s
[2025-01-29 09:17:11,714][gurobipy][INFO] - H    0     0                       0.0301386    1.00000  3218%     -    0s
[2025-01-29 09:17:11,951][gurobipy][INFO] -      0     0    1.00000    0   26    0.03014    1.00000  3218%     -    0s
[2025-01-29 09:17:11,956][gurobipy][INFO] -      0     0    1.00000    0   25    0.03014    1.00000  3218%     -    0s
[2025-01-29 09:17:11,998][gurobipy][INFO] - H    0     0                       0.0446384    1.00000  2140%     -    0s
[2025-01-29 09:17:12,006][gurobipy][INFO] - H    0     0                       0.0858205    1.00000  1065%     -    0s
[2025-01-29 09:17:12,122][gurobipy][INFO] -      0     0    1.00000    0   24    0.08582    1.00000  1065%     -    0s
[2025-01-29 09:17:12,679][gurobipy][INFO] -      0     0    0.94995    0    2    0.08582    0.94995  1007%     -    1s
[2025-01-29 09:17:12,706][gurobipy][INFO] - H    0     0                       0.0971349    0.94995   878%     -    1s
[2025-01-29 09:17:12,720][gurobipy][INFO] - H    0     0                       0.1118061    0.94995   750%     -    1s
[2025-01-29 09:17:12,726][gurobipy][INFO] -      0     0    0.94961    0    2    0.11181    0.94961   749%     -    1s
[2025-01-29 09:17:12,772][gurobipy][INFO] -      0     0    0.94961    0    8    0.11181    0.94961   749%     -    1s
[2025-01-29 09:17:12,826][gurobipy][INFO] -      0     0    0.94722    0    8    0.11181    0.94722   747%     -    1s
[2025-01-29 09:17:12,936][gurobipy][INFO] -      0     0    0.94444    0    4    0.11181    0.94444   745%     -    1s
[2025-01-29 09:17:13,014][gurobipy][INFO] -      0     0    0.94444    0    5    0.11181    0.94444   745%     -    1s
[2025-01-29 09:17:13,427][gurobipy][INFO] -      0     0    0.94070    0    5    0.11181    0.94070   741%     -    1s
[2025-01-29 09:17:13,461][gurobipy][INFO] -      0     0    0.93748    0    5    0.11181    0.93748   738%     -    1s
[2025-01-29 09:17:13,575][gurobipy][INFO] -      0     0    0.93671    0    8    0.11181    0.93671   738%     -    2s
[2025-01-29 09:17:13,855][gurobipy][INFO] -      0     2    0.93327    0    8    0.11181    0.93327   735%     -    2s
[2025-01-29 09:17:16,589][gurobipy][INFO] -    481    85    0.69831   19   10    0.11181    0.88086   688%  60.8    5s
[2025-01-29 09:17:18,487][gurobipy][INFO] - 
[2025-01-29 09:17:18,487][gurobipy][INFO] - Cutting planes:
[2025-01-29 09:17:18,487][gurobipy][INFO] -   Cover: 2
[2025-01-29 09:17:18,488][gurobipy][INFO] -   MIR: 29
[2025-01-29 09:17:18,488][gurobipy][INFO] -   Inf proof: 1
[2025-01-29 09:17:18,488][gurobipy][INFO] -   RLT: 4
[2025-01-29 09:17:18,489][gurobipy][INFO] - 
[2025-01-29 09:17:18,489][gurobipy][INFO] - Explored 790 nodes (44322 simplex iterations) in 6.96 seconds (6.85 work units)
[2025-01-29 09:17:18,489][gurobipy][INFO] - Thread count was 24 (of 48 available processors)
[2025-01-29 09:17:18,489][gurobipy][INFO] - 
[2025-01-29 09:17:18,489][gurobipy][INFO] - Solution count 7: 0.111806 0.0971349 0.0858205 ... -0
[2025-01-29 09:17:18,489][gurobipy][INFO] - No other solutions better than 0.111806
[2025-01-29 09:17:18,489][gurobipy][INFO] - 
[2025-01-29 09:17:18,489][gurobipy][INFO] - Optimal solution found (tolerance 1.00e-04)
[2025-01-29 09:17:18,489][gurobipy][INFO] - Best objective 1.118060509537e-01, best bound 1.118060509537e-01, gap 0.0000%
[2025-01-29 09:17:18,526][__main__][INFO] - Finished size 1000 (1/5)
[2025-01-29 09:17:22,798][gurobipy][INFO] - Set parameter TimeLimit to value 600
[2025-01-29 09:17:22,809][gurobipy][INFO] - Gurobi Optimizer version 11.0.2 build v11.0.2rc0 (linux64)
[2025-01-29 09:17:22,809][gurobipy][INFO] - 
[2025-01-29 09:17:22,809][gurobipy][INFO] - CPU model: Intel(R) Xeon(R) Gold 6136 CPU @ 3.00GHz, instruction set [SSE2|AVX|AVX2|AVX512]
[2025-01-29 09:17:22,809][gurobipy][INFO] - Thread count: 24 physical cores, 48 logical processors, using up to 24 threads
[2025-01-29 09:17:22,809][gurobipy][INFO] - 
[2025-01-29 09:17:22,809][gurobipy][INFO] - Optimize a model with 44013 rows, 1024 columns and 111496 nonzeros
[2025-01-29 09:17:22,810][gurobipy][INFO] - Model fingerprint: 0xcc5bb169
[2025-01-29 09:17:22,810][gurobipy][INFO] - Variable types: 979 continuous, 45 integer (45 binary)
[2025-01-29 09:17:22,810][gurobipy][INFO] - Coefficient statistics:
[2025-01-29 09:17:22,810][gurobipy][INFO] -   Matrix range     [4e-04, 2e+00]
[2025-01-29 09:17:22,810][gurobipy][INFO] -   Objective range  [1e+00, 1e+00]
[2025-01-29 09:17:22,810][gurobipy][INFO] -   Bounds range     [1e+00, 1e+00]
[2025-01-29 09:17:22,810][gurobipy][INFO] -   RHS range        [1e+00, 1e+01]
[2025-01-29 09:17:22,818][gurobipy][INFO] - Found heuristic solution: objective 0.0000000
[2025-01-29 09:17:23,103][gurobipy][INFO] - Presolve removed 12709 rows and 2 columns
[2025-01-29 09:17:23,103][gurobipy][INFO] - Presolve time: 0.28s
[2025-01-29 09:17:23,103][gurobipy][INFO] - Presolved: 31304 rows, 1022 columns, 94885 nonzeros
[2025-01-29 09:17:23,128][gurobipy][INFO] - Variable types: 979 continuous, 43 integer (43 binary)
[2025-01-29 09:17:23,174][gurobipy][INFO] - Root relaxation presolved: 1022 rows, 32326 columns, 95907 nonzeros
[2025-01-29 09:17:23,174][gurobipy][INFO] - 
[2025-01-29 09:17:23,217][gurobipy][INFO] - 
[2025-01-29 09:17:23,217][gurobipy][INFO] - Root relaxation: objective 1.000000e+00, 1010 iterations, 0.09 seconds (0.15 work units)
[2025-01-29 09:17:23,228][gurobipy][INFO] - 
[2025-01-29 09:17:23,228][gurobipy][INFO] -     Nodes    |    Current Node    |     Objective Bounds      |     Work
[2025-01-29 09:17:23,228][gurobipy][INFO] -  Expl Unexpl |  Obj  Depth IntInf | Incumbent    BestBd   Gap | It/Node Time
[2025-01-29 09:17:23,228][gurobipy][INFO] - 
[2025-01-29 09:17:23,228][gurobipy][INFO] -      0     0    1.00000    0    2    0.00000    1.00000      -     -    0s
[2025-01-29 09:17:23,236][gurobipy][INFO] - H    0     0                       0.0010598    1.00000      -     -    0s
[2025-01-29 09:17:23,255][gurobipy][INFO] - H    0     0                       0.0014896    1.00000      -     -    0s
[2025-01-29 09:17:23,901][gurobipy][INFO] -      0     0    1.00000    0   43    0.00149    1.00000      -     -    1s
[2025-01-29 09:17:24,012][gurobipy][INFO] - H    0     0                       0.0078100    1.00000      -     -    1s
[2025-01-29 09:17:26,859][gurobipy][INFO] - H    0     0                       0.0113910    1.00000  8679%     -    4s
[2025-01-29 09:17:27,403][gurobipy][INFO] -      0     0    0.96048    0   12    0.01139    0.96048  8332%     -    4s
[2025-01-29 09:17:27,467][gurobipy][INFO] - H    0     0                       0.0311074    0.96048  2988%     -    4s
[2025-01-29 09:17:27,511][gurobipy][INFO] -      0     0    0.95652    0   12    0.03111    0.95652  2975%     -    4s
[2025-01-29 09:17:29,344][gurobipy][INFO] - H    0     0                       0.0761435    0.95621  1156%     -    6s
[2025-01-29 09:17:29,346][gurobipy][INFO] - H    0     0                       0.0849096    0.95621  1026%     -    6s
[2025-01-29 09:17:30,506][gurobipy][INFO] -      0     0    0.93316    0   12    0.08491    0.93316   999%     -    7s
[2025-01-29 09:17:31,385][gurobipy][INFO] -      0     0    0.85529    0   12    0.08491    0.85529   907%     -    8s
[2025-01-29 09:17:36,049][gurobipy][INFO] -      0     0    0.08491    0   10    0.08491    0.08491  0.00%     -   13s
[2025-01-29 09:17:36,051][gurobipy][INFO] - 
[2025-01-29 09:17:36,051][gurobipy][INFO] - Cutting planes:
[2025-01-29 09:17:36,051][gurobipy][INFO] -   Cover: 1
[2025-01-29 09:17:36,051][gurobipy][INFO] -   MIR: 5
[2025-01-29 09:17:36,051][gurobipy][INFO] -   RLT: 3
[2025-01-29 09:17:36,053][gurobipy][INFO] - 
[2025-01-29 09:17:36,053][gurobipy][INFO] - Explored 1 nodes (18660 simplex iterations) in 13.24 seconds (19.29 work units)
[2025-01-29 09:17:36,053][gurobipy][INFO] - Thread count was 24 (of 48 available processors)
[2025-01-29 09:17:36,053][gurobipy][INFO] - 
[2025-01-29 09:17:36,053][gurobipy][INFO] - Solution count 8: 0.0849096 0.0761435 0.0311074 ... 1.53211e-14
[2025-01-29 09:17:36,053][gurobipy][INFO] - No other solutions better than 0.0849096
[2025-01-29 09:17:36,053][gurobipy][INFO] - 
[2025-01-29 09:17:36,053][gurobipy][INFO] - Optimal solution found (tolerance 1.00e-04)
[2025-01-29 09:17:36,054][gurobipy][INFO] - Best objective 8.490962941391e-02, best bound 8.490962941391e-02, gap 0.0000%
[2025-01-29 09:17:36,104][__main__][INFO] - Finished size 2994 (2/5)
[2025-01-29 09:17:43,532][gurobipy][INFO] - Set parameter TimeLimit to value 600
[2025-01-29 09:17:43,552][gurobipy][INFO] - Gurobi Optimizer version 11.0.2 build v11.0.2rc0 (linux64)
[2025-01-29 09:17:43,552][gurobipy][INFO] - 
[2025-01-29 09:17:43,563][gurobipy][INFO] - CPU model: Intel(R) Xeon(R) Gold 6136 CPU @ 3.00GHz, instruction set [SSE2|AVX|AVX2|AVX512]
[2025-01-29 09:17:43,563][gurobipy][INFO] - Thread count: 24 physical cores, 48 logical processors, using up to 24 threads
[2025-01-29 09:17:43,564][gurobipy][INFO] - 
[2025-01-29 09:17:43,564][gurobipy][INFO] - Optimize a model with 78393 rows, 1788 columns and 198592 nonzeros
[2025-01-29 09:17:43,565][gurobipy][INFO] - Model fingerprint: 0xc6f61521
[2025-01-29 09:17:43,565][gurobipy][INFO] - Variable types: 1743 continuous, 45 integer (45 binary)
[2025-01-29 09:17:43,566][gurobipy][INFO] - Coefficient statistics:
[2025-01-29 09:17:43,566][gurobipy][INFO] -   Matrix range     [1e-04, 2e+00]
[2025-01-29 09:17:43,566][gurobipy][INFO] -   Objective range  [1e+00, 1e+00]
[2025-01-29 09:17:43,566][gurobipy][INFO] -   Bounds range     [1e+00, 1e+00]
[2025-01-29 09:17:43,566][gurobipy][INFO] -   RHS range        [1e+00, 1e+01]
[2025-01-29 09:17:43,579][gurobipy][INFO] - Found heuristic solution: objective -0.0000000
[2025-01-29 09:17:44,142][gurobipy][INFO] - Presolve removed 22638 rows and 2 columns
[2025-01-29 09:17:44,142][gurobipy][INFO] - Presolve time: 0.56s
[2025-01-29 09:17:44,142][gurobipy][INFO] - Presolved: 55755 rows, 1786 columns, 169002 nonzeros
[2025-01-29 09:17:44,185][gurobipy][INFO] - Variable types: 1743 continuous, 43 integer (43 binary)
[2025-01-29 09:17:44,278][gurobipy][INFO] - Root relaxation presolved: 1786 rows, 57541 columns, 170788 nonzeros
[2025-01-29 09:17:44,278][gurobipy][INFO] - 
[2025-01-29 09:17:44,304][gurobipy][INFO] - 
[2025-01-29 09:17:44,304][gurobipy][INFO] - Root relaxation: objective 1.000000e+00, 39 iterations, 0.12 seconds (0.12 work units)
[2025-01-29 09:17:44,337][gurobipy][INFO] - 
[2025-01-29 09:17:44,337][gurobipy][INFO] -     Nodes    |    Current Node    |     Objective Bounds      |     Work
[2025-01-29 09:17:44,337][gurobipy][INFO] -  Expl Unexpl |  Obj  Depth IntInf | Incumbent    BestBd   Gap | It/Node Time
[2025-01-29 09:17:44,338][gurobipy][INFO] - 
[2025-01-29 09:17:44,338][gurobipy][INFO] -      0     0    1.00000    0    5   -0.00000    1.00000      -     -    0s
[2025-01-29 09:17:44,353][gurobipy][INFO] - H    0     0                       0.0016820    1.00000      -     -    0s
[2025-01-29 09:17:44,433][gurobipy][INFO] - H    0     0                       0.0021551    1.00000      -     -    0s
[2025-01-29 09:17:45,972][gurobipy][INFO] - H    0     0                       0.0056130    1.00000      -     -    2s
[2025-01-29 09:17:46,040][gurobipy][INFO] -      0     0    1.00000    0   41    0.00561    1.00000      -     -    2s
[2025-01-29 09:17:54,175][gurobipy][INFO] - H    0     0                       0.0092187    1.00000      -     -   10s
[2025-01-29 09:17:55,006][gurobipy][INFO] - H    0     0                       0.0138963    0.96152  6819%     -   11s
[2025-01-29 09:17:59,297][gurobipy][INFO] -      0     0    0.96152    0   41    0.01390    0.96152  6819%     -   15s
[2025-01-29 09:17:59,499][gurobipy][INFO] - H    0     0                       0.0318511    0.96152  2919%     -   15s
[2025-01-29 09:18:03,706][gurobipy][INFO] - H    0     0                       0.0506354    0.96152  1799%     -   20s
[2025-01-29 09:18:03,725][gurobipy][INFO] -      0     0    0.94111    0   40    0.05064    0.94111  1759%     -   20s
[2025-01-29 09:18:09,906][gurobipy][INFO] - H    0     0                       0.0655679    0.93304  1323%     -   26s
[2025-01-29 09:18:15,393][gurobipy][INFO] -      0     0    0.10846    0   40    0.06557    0.10846  65.4%     -   31s
[2025-01-29 09:18:16,295][gurobipy][INFO] -      0     0    0.06557    0   41    0.06557    0.06557  0.00%     -   32s
[2025-01-29 09:18:16,297][gurobipy][INFO] - 
[2025-01-29 09:18:16,297][gurobipy][INFO] - Cutting planes:
[2025-01-29 09:18:16,297][gurobipy][INFO] -   Implied bound: 1
[2025-01-29 09:18:16,297][gurobipy][INFO] -   MIR: 12
[2025-01-29 09:18:16,297][gurobipy][INFO] -   RLT: 2
[2025-01-29 09:18:16,300][gurobipy][INFO] - 
[2025-01-29 09:18:16,300][gurobipy][INFO] - Explored 1 nodes (23344 simplex iterations) in 32.74 seconds (44.45 work units)
[2025-01-29 09:18:16,300][gurobipy][INFO] - Thread count was 24 (of 48 available processors)
[2025-01-29 09:18:16,300][gurobipy][INFO] - 
[2025-01-29 09:18:16,300][gurobipy][INFO] - Solution count 9: 0.0655679 0.0506354 0.0318511 ... -0
[2025-01-29 09:18:16,300][gurobipy][INFO] - No other solutions better than 0.0655679
[2025-01-29 09:18:16,300][gurobipy][INFO] - 
[2025-01-29 09:18:16,300][gurobipy][INFO] - Optimal solution found (tolerance 1.00e-04)
[2025-01-29 09:18:16,300][gurobipy][INFO] - Best objective 6.556792814024e-02, best bound 6.556792814024e-02, gap 0.0000%
[2025-01-29 09:18:16,387][__main__][INFO] - Finished size 8963 (3/5)
[2025-01-29 09:18:29,491][gurobipy][INFO] - Set parameter TimeLimit to value 600
[2025-01-29 09:18:29,526][gurobipy][INFO] - Gurobi Optimizer version 11.0.2 build v11.0.2rc0 (linux64)
[2025-01-29 09:18:29,526][gurobipy][INFO] - 
[2025-01-29 09:18:29,537][gurobipy][INFO] - CPU model: Intel(R) Xeon(R) Gold 6136 CPU @ 3.00GHz, instruction set [SSE2|AVX|AVX2|AVX512]
[2025-01-29 09:18:29,538][gurobipy][INFO] - Thread count: 24 physical cores, 48 logical processors, using up to 24 threads
[2025-01-29 09:18:29,538][gurobipy][INFO] - 
[2025-01-29 09:18:29,538][gurobipy][INFO] - Optimize a model with 138018 rows, 3113 columns and 349642 nonzeros
[2025-01-29 09:18:29,541][gurobipy][INFO] - Model fingerprint: 0x8db89ce7
[2025-01-29 09:18:29,541][gurobipy][INFO] - Variable types: 3068 continuous, 45 integer (45 binary)
[2025-01-29 09:18:29,541][gurobipy][INFO] - Coefficient statistics:
[2025-01-29 09:18:29,541][gurobipy][INFO] -   Matrix range     [5e-05, 2e+00]
[2025-01-29 09:18:29,541][gurobipy][INFO] -   Objective range  [1e+00, 1e+00]
[2025-01-29 09:18:29,542][gurobipy][INFO] -   Bounds range     [1e+00, 1e+00]
[2025-01-29 09:18:29,542][gurobipy][INFO] -   RHS range        [1e+00, 1e+01]
[2025-01-29 09:18:29,572][gurobipy][INFO] - Found heuristic solution: objective 0.0000000
[2025-01-29 09:18:30,749][gurobipy][INFO] - Presolve removed 36802 rows and 1 columns
[2025-01-29 09:18:30,749][gurobipy][INFO] - Presolve time: 1.18s
[2025-01-29 09:18:30,749][gurobipy][INFO] - Presolved: 101216 rows, 3112 columns, 306710 nonzeros
[2025-01-29 09:18:30,832][gurobipy][INFO] - Variable types: 3068 continuous, 44 integer (44 binary)
[2025-01-29 09:18:31,011][gurobipy][INFO] - Root relaxation presolved: 3112 rows, 104328 columns, 309822 nonzeros
[2025-01-29 09:18:31,011][gurobipy][INFO] - 
[2025-01-29 09:18:31,093][gurobipy][INFO] - 
[2025-01-29 09:18:31,093][gurobipy][INFO] - Root relaxation: objective 1.000000e+00, 173 iterations, 0.26 seconds (0.29 work units)
[2025-01-29 09:18:31,127][gurobipy][INFO] - 
[2025-01-29 09:18:31,128][gurobipy][INFO] -     Nodes    |    Current Node    |     Objective Bounds      |     Work
[2025-01-29 09:18:31,128][gurobipy][INFO] -  Expl Unexpl |  Obj  Depth IntInf | Incumbent    BestBd   Gap | It/Node Time
[2025-01-29 09:18:31,128][gurobipy][INFO] - 
[2025-01-29 09:18:31,128][gurobipy][INFO] -      0     0    1.00000    0    7    0.00000    1.00000      -     -    1s
[2025-01-29 09:18:31,238][gurobipy][INFO] - H    0     0                       0.0018943    1.00000      -     -    1s
[2025-01-29 09:18:31,314][gurobipy][INFO] - H    0     0                       0.0025611    1.00000      -     -    1s
[2025-01-29 09:18:31,380][gurobipy][INFO] - H    0     0                       0.0032893    1.00000      -     -    1s
[2025-01-29 09:18:31,723][gurobipy][INFO] -      0     0    1.00000    0    5    0.00329    1.00000      -     -    2s
[2025-01-29 09:18:31,880][gurobipy][INFO] - H    0     0                       0.0041584    1.00000      -     -    2s
[2025-01-29 09:18:31,908][gurobipy][INFO] - H    0     0                       0.0053039    1.00000      -     -    2s
[2025-01-29 09:18:33,360][gurobipy][INFO] -      0     0    1.00000    0   42    0.00530    1.00000      -     -    3s
[2025-01-29 09:18:34,075][gurobipy][INFO] -      0     0    1.00000    0   29    0.00530    1.00000      -     -    4s
[2025-01-29 09:18:41,257][gurobipy][INFO] -      0     0    1.00000    0   40    0.00530    1.00000      -     -   11s
[2025-01-29 09:18:41,892][gurobipy][INFO] - H    0     0                       0.0153719    1.00000  6405%     -   12s
[2025-01-29 09:18:41,970][gurobipy][INFO] - H    0     0                       0.0163405    1.00000  6020%     -   12s
[2025-01-29 09:18:42,029][gurobipy][INFO] -      0     0    1.00000    0   40    0.01634    1.00000  6020%     -   12s
[2025-01-29 09:18:52,813][gurobipy][INFO] -      0     0    1.00000    0   40    0.01634    1.00000  6020%     -   23s
[2025-01-29 09:18:53,609][gurobipy][INFO] - H    0     0                       0.0164719    1.00000  5971%     -   24s
[2025-01-29 09:18:55,618][gurobipy][INFO] -      0     0    1.00000    0   40    0.01647    1.00000  5971%     -   26s
[2025-01-29 09:19:09,780][gurobipy][INFO] -      0     0    1.00000    0   40    0.01647    1.00000  5971%     -   40s
[2025-01-29 09:19:10,813][gurobipy][INFO] - H    0     0                       0.0166101    1.00000  5920%     -   41s
[2025-01-29 09:19:12,339][gurobipy][INFO] -      0     0    1.00000    0   40    0.01661    1.00000  5920%     -   42s
[2025-01-29 09:19:19,445][gurobipy][INFO] -      0     0    1.00000    0   40    0.01661    1.00000  5920%     -   49s
[2025-01-29 09:19:21,399][gurobipy][INFO] -      0     0    1.00000    0   40    0.01661    1.00000  5920%     -   51s
[2025-01-29 09:19:31,546][gurobipy][INFO] -      0     0    1.00000    0   39    0.01661    1.00000  5920%     -   62s
[2025-01-29 09:19:39,052][gurobipy][INFO] -      0     0    1.00000    0   39    0.01661    1.00000  5920%     -   69s
[2025-01-29 09:19:58,177][gurobipy][INFO] -      0     2    1.00000    0   39    0.01661    1.00000  5920%     -   88s
[2025-01-29 09:20:00,869][gurobipy][INFO] -      3     2    1.00000    2   37    0.01661    1.00000  5920%  1324   91s
[2025-01-29 09:20:06,268][gurobipy][INFO] -     11     6    1.00000    5   21    0.01661    1.00000  5920%   786   96s
[2025-01-29 09:20:09,906][gurobipy][INFO] -     23    12    1.00000    7   30    0.01661    1.00000  5920%   496  100s
[2025-01-29 09:20:17,457][gurobipy][INFO] -     43    16    0.95000    9   28    0.01661    1.00000  5920%   526  107s
[2025-01-29 09:20:22,091][gurobipy][INFO] -     73    24    0.94444   11   26    0.01661    0.94729  5603%   483  112s
[2025-01-29 09:20:26,070][gurobipy][INFO] -    117    36    0.93750   13   24    0.01661    0.94117  5566%   414  116s
[2025-01-29 09:20:30,487][gurobipy][INFO] -    217   100 infeasible   15         0.01661    0.93735  5543%   278  120s
[2025-01-29 09:20:33,577][gurobipy][INFO] - H  301   129                       0.0201719    0.93735  4547%   233  124s
[2025-01-29 09:20:34,766][gurobipy][INFO] -    320   160    0.91667   17   18    0.02017    0.93735  4547%   223  125s
[2025-01-29 09:20:36,205][gurobipy][INFO] - H  406   204                       0.0204907    0.93735  4475%   193  126s
[2025-01-29 09:20:38,892][gurobipy][INFO] - H  551   272                       0.0283995    0.93735  3201%   165  129s
[2025-01-29 09:20:38,896][gurobipy][INFO] - H  556   272                       0.0407054    0.93735  2203%   164  129s
[2025-01-29 09:20:40,376][gurobipy][INFO] -    602   226    0.87709   21   16    0.04071    0.93735  2203%   156  130s
[2025-01-29 09:21:13,307][gurobipy][INFO] -    717   196    0.04624   20   15    0.04071    0.93735  2203%   141  163s
[2025-01-29 09:21:13,312][gurobipy][INFO] - H  726   196                       0.0630116    0.93735  1388%   144  163s
[2025-01-29 09:21:15,080][gurobipy][INFO] -    789   149    0.14768   21   14    0.06301    0.93735  1388%   143  165s
[2025-01-29 09:21:15,085][gurobipy][INFO] - H  809   149                       0.0637605    0.93735  1370%   142  165s
[2025-01-29 09:21:20,041][gurobipy][INFO] -   1165    47    0.12168   27    9    0.06376    0.93735  1370%   116  170s
[2025-01-29 09:21:24,666][gurobipy][INFO] -   1406    46    0.08703   33    7    0.06376    0.58378   816%   121  175s
[2025-01-29 09:21:27,523][gurobipy][INFO] - * 1680     5              34       0.0658323    0.20535   212%   120  177s
[2025-01-29 09:21:27,623][gurobipy][INFO] - 
[2025-01-29 09:21:27,623][gurobipy][INFO] - Cutting planes:
[2025-01-29 09:21:27,623][gurobipy][INFO] -   Gomory: 1
[2025-01-29 09:21:27,623][gurobipy][INFO] -   Cover: 5
[2025-01-29 09:21:27,623][gurobipy][INFO] -   MIR: 29
[2025-01-29 09:21:27,623][gurobipy][INFO] -   Inf proof: 4
[2025-01-29 09:21:27,623][gurobipy][INFO] -   RLT: 8
[2025-01-29 09:21:27,629][gurobipy][INFO] - 
[2025-01-29 09:21:27,629][gurobipy][INFO] - Explored 1690 nodes (236135 simplex iterations) in 178.09 seconds (303.29 work units)
[2025-01-29 09:21:27,630][gurobipy][INFO] - Thread count was 24 (of 48 available processors)
[2025-01-29 09:21:27,630][gurobipy][INFO] - 
[2025-01-29 09:21:27,630][gurobipy][INFO] - Solution count 10: 0.0658323 0.0637605 0.0630116 ... 0.0163405
[2025-01-29 09:21:27,630][gurobipy][INFO] - No other solutions better than 0.0658323
[2025-01-29 09:21:27,630][gurobipy][INFO] - 
[2025-01-29 09:21:27,630][gurobipy][INFO] - Optimal solution found (tolerance 1.00e-04)
[2025-01-29 09:21:27,631][gurobipy][INFO] - Best objective 6.583227935975e-02, best bound 6.583227935975e-02, gap 0.0000%
[2025-01-29 09:21:27,817][__main__][INFO] - Finished size 26833 (4/5)
[2025-01-29 09:21:50,049][gurobipy][INFO] - Set parameter TimeLimit to value 600
[2025-01-29 09:21:50,108][gurobipy][INFO] - Gurobi Optimizer version 11.0.2 build v11.0.2rc0 (linux64)
[2025-01-29 09:21:50,108][gurobipy][INFO] - 
[2025-01-29 09:21:50,119][gurobipy][INFO] - CPU model: Intel(R) Xeon(R) Gold 6136 CPU @ 3.00GHz, instruction set [SSE2|AVX|AVX2|AVX512]
[2025-01-29 09:21:50,120][gurobipy][INFO] - Thread count: 24 physical cores, 48 logical processors, using up to 24 threads
[2025-01-29 09:21:50,120][gurobipy][INFO] - 
[2025-01-29 09:21:50,120][gurobipy][INFO] - Optimize a model with 231213 rows, 5184 columns and 585736 nonzeros
[2025-01-29 09:21:50,125][gurobipy][INFO] - Model fingerprint: 0x25150881
[2025-01-29 09:21:50,125][gurobipy][INFO] - Variable types: 5139 continuous, 45 integer (45 binary)
[2025-01-29 09:21:50,126][gurobipy][INFO] - Coefficient statistics:
[2025-01-29 09:21:50,126][gurobipy][INFO] -   Matrix range     [2e-05, 2e+00]
[2025-01-29 09:21:50,126][gurobipy][INFO] -   Objective range  [1e+00, 1e+00]
[2025-01-29 09:21:50,126][gurobipy][INFO] -   Bounds range     [1e+00, 1e+00]
[2025-01-29 09:21:50,126][gurobipy][INFO] -   RHS range        [1e+00, 1e+01]
[2025-01-29 09:21:50,189][gurobipy][INFO] - Found heuristic solution: objective -0.0000000
[2025-01-29 09:21:52,563][gurobipy][INFO] - Presolve removed 61651 rows and 1 columns
[2025-01-29 09:21:52,563][gurobipy][INFO] - Presolve time: 2.37s
[2025-01-29 09:21:52,563][gurobipy][INFO] - Presolved: 169562 rows, 5183 columns, 513819 nonzeros
[2025-01-29 09:21:52,704][gurobipy][INFO] - Variable types: 5139 continuous, 44 integer (44 binary)
[2025-01-29 09:21:53,061][gurobipy][INFO] - Root relaxation presolved: 5183 rows, 174745 columns, 519002 nonzeros
[2025-01-29 09:21:53,061][gurobipy][INFO] - 
[2025-01-29 09:21:53,178][gurobipy][INFO] - 
[2025-01-29 09:21:53,178][gurobipy][INFO] - Root relaxation: objective 1.000000e+00, 82 iterations, 0.47 seconds (0.44 work units)
[2025-01-29 09:21:53,235][gurobipy][INFO] - 
[2025-01-29 09:21:53,236][gurobipy][INFO] -     Nodes    |    Current Node    |     Objective Bounds      |     Work
[2025-01-29 09:21:53,236][gurobipy][INFO] -  Expl Unexpl |  Obj  Depth IntInf | Incumbent    BestBd   Gap | It/Node Time
[2025-01-29 09:21:53,236][gurobipy][INFO] - 
[2025-01-29 09:21:53,236][gurobipy][INFO] -      0     0    1.00000    0    6   -0.00000    1.00000      -     -    3s
[2025-01-29 09:21:53,290][gurobipy][INFO] - H    0     0                       0.0004151    1.00000      -     -    3s
[2025-01-29 09:21:53,576][gurobipy][INFO] - H    0     0                       0.0009875    1.00000      -     -    3s
[2025-01-29 09:21:54,162][gurobipy][INFO] -      0     0    1.00000    0    5    0.00099    1.00000      -     -    4s
[2025-01-29 09:21:57,217][gurobipy][INFO] -      0     0    1.00000    0   41    0.00099    1.00000      -     -    7s
[2025-01-29 09:22:04,333][gurobipy][INFO] -      0     0    1.00000    0   40    0.00099    1.00000      -     -   14s
[2025-01-29 09:22:05,646][gurobipy][INFO] - H    0     0                       0.0215728    1.00000  4535%     -   15s
[2025-01-29 09:22:06,070][gurobipy][INFO] -      0     0    1.00000    0   40    0.02157    1.00000  4535%     -   15s
[2025-01-29 09:22:14,354][gurobipy][INFO] -      0     0    1.00000    0   40    0.02157    1.00000  4535%     -   24s
[2025-01-29 09:22:16,167][gurobipy][INFO] -      0     0    1.00000    0   39    0.02157    1.00000  4535%     -   26s
[2025-01-29 09:22:25,776][gurobipy][INFO] -      0     0    1.00000    0   31    0.02157    1.00000  4535%     -   35s
[2025-01-29 09:22:28,801][gurobipy][INFO] -      0     0    1.00000    0   31    0.02157    1.00000  4535%     -   38s
[2025-01-29 09:22:36,139][gurobipy][INFO] -      0     0    1.00000    0   31    0.02157    1.00000  4535%     -   46s
[2025-01-29 09:22:38,149][gurobipy][INFO] -      0     0    1.00000    0   31    0.02157    1.00000  4535%     -   48s
[2025-01-29 09:22:44,459][gurobipy][INFO] -      0     0    1.00000    0   31    0.02157    1.00000  4535%     -   54s
[2025-01-29 09:22:52,002][gurobipy][INFO] -      0     0    1.00000    0   31    0.02157    1.00000  4535%     -   61s
[2025-01-29 09:22:53,790][gurobipy][INFO] - H    0     0                       0.0504778    1.00000  1881%     -   63s
[2025-01-29 09:23:08,993][gurobipy][INFO] -      0     2    1.00000    0   31    0.05048    1.00000  1881%     -   78s
[2025-01-29 09:23:11,132][gurobipy][INFO] -      3     2    1.00000    2   29    0.05048    1.00000  1881%  1319   81s
[2025-01-29 09:23:15,300][gurobipy][INFO] -      7     4    1.00000    4   16    0.05048    1.00000  1881%   733   85s
[2025-01-29 09:23:29,374][gurobipy][INFO] -     10     6    1.00000    5   14    0.05048    1.00000  1881%   558   99s
[2025-01-29 09:23:31,333][gurobipy][INFO] -     14     6    1.00000    6   13    0.05048    1.00000  1881%  1301  101s
[2025-01-29 09:23:54,982][gurobipy][INFO] -     20     8    0.96153    7   34    0.05048    1.00000  1881%  1245  124s
[2025-01-29 09:23:58,259][gurobipy][INFO] -     26    10    0.95999    8   33    0.05048    0.96145  1805%  1474  128s
[2025-01-29 09:24:00,333][gurobipy][INFO] -     34    10    0.95832    9   32    0.05048    0.96106  1804%  1191  130s
[2025-01-29 09:24:32,972][gurobipy][INFO] -     54    12    0.95454   11   29    0.05048    0.95785  1798%   819  162s
[2025-01-29 09:24:37,247][gurobipy][INFO] -     64    14    0.95237   12   28    0.05048    0.95603  1794%   809  167s
[2025-01-29 09:24:45,069][gurobipy][INFO] - H   90    18                       0.0517918    0.95199  1738%   638  174s
[2025-01-29 09:24:45,074][gurobipy][INFO] - H   90    18                       0.0619577    0.95199  1437%   638  174s
[2025-01-29 09:24:46,656][gurobipy][INFO] -    104    14    0.94444   15   25    0.06196    0.94960  1433%   625  176s
[2025-01-29 09:24:53,503][gurobipy][INFO] - H  138    14                       0.0638066    0.94390  1379%   485  183s
[2025-01-29 09:24:55,145][gurobipy][INFO] -    156    18    0.93333   18   21    0.06381    0.94078  1374%   461  185s
[2025-01-29 09:25:01,878][gurobipy][INFO] -    174    22    0.92857   19   20    0.06381    0.93706  1369%   422  191s
[2025-01-29 09:25:04,842][gurobipy][INFO] - H  194    29                       0.0645650    0.93306  1345%   427  194s
[2025-01-29 09:25:07,203][gurobipy][INFO] -    221    43    0.91667   21   18    0.06456    0.92831  1338%   418  197s
[2025-01-29 09:25:10,998][gurobipy][INFO] -    300    74    0.90000   23   16    0.06456    0.92200  1328%   363  200s
[2025-01-29 09:25:15,658][gurobipy][INFO] -    403    51    0.87627   25   16    0.06456    0.92200  1328%   297  205s
[2025-01-29 09:25:20,402][gurobipy][INFO] -    515    32    0.84546   27   14    0.06456    0.92200  1328%   271  210s
[2025-01-29 09:25:29,284][gurobipy][INFO] -    646    48    0.73431   30   10    0.06456    0.92200  1328%   282  219s
[2025-01-29 09:25:29,290][gurobipy][INFO] - H  647    48                       0.0652794    0.92200  1312%   281  219s
[2025-01-29 09:25:31,383][gurobipy][INFO] -    691    61    0.12745   30   10    0.06528    0.92200  1312%   274  221s
[2025-01-29 09:25:35,246][gurobipy][INFO] -    830    38    0.12744   31   11    0.06528    0.92200  1312%   262  225s
[2025-01-29 09:25:45,767][gurobipy][INFO] -    938    45    0.26691   35    5    0.06528    0.78933  1109%   267  235s
[2025-01-29 09:25:50,631][gurobipy][INFO] -   1067    16    0.14392   29   11    0.06528    0.39931   512%   277  240s
[2025-01-29 09:25:51,664][gurobipy][INFO] - 
[2025-01-29 09:25:51,665][gurobipy][INFO] - Cutting planes:
[2025-01-29 09:25:51,665][gurobipy][INFO] -   Cover: 13
[2025-01-29 09:25:51,665][gurobipy][INFO] -   MIR: 18
[2025-01-29 09:25:51,665][gurobipy][INFO] -   RLT: 9
[2025-01-29 09:25:51,684][gurobipy][INFO] - 
[2025-01-29 09:25:51,684][gurobipy][INFO] - Explored 1118 nodes (337558 simplex iterations) in 241.56 seconds (467.12 work units)
[2025-01-29 09:25:51,684][gurobipy][INFO] - Thread count was 24 (of 48 available processors)
[2025-01-29 09:25:51,684][gurobipy][INFO] - 
[2025-01-29 09:25:51,684][gurobipy][INFO] - Solution count 10: 0.0652794 0.064565 0.0638066 ... -0
[2025-01-29 09:25:51,684][gurobipy][INFO] - No other solutions better than 0.0652794
[2025-01-29 09:25:51,684][gurobipy][INFO] - 
[2025-01-29 09:25:51,684][gurobipy][INFO] - Optimal solution found (tolerance 1.00e-04)
[2025-01-29 09:25:51,686][gurobipy][INFO] - Best objective 6.527939196256e-02, best bound 6.527939196256e-02, gap 0.0000%
[2025-01-29 09:25:52,051][__main__][INFO] - Finished size 80329 (5/5)
