[2025-01-29 09:35:41,739][gurobipy][INFO] - Set parameter TimeLimit to value 600
[2025-01-29 09:35:41,752][gurobipy][INFO] - Gurobi Optimizer version 11.0.2 build v11.0.2rc0 (linux64)
[2025-01-29 09:35:41,752][gurobipy][INFO] - 
[2025-01-29 09:35:41,765][gurobipy][INFO] - CPU model: AMD EPYC 7543 32-Core Processor, instruction set [SSE2|AVX|AVX2]
[2025-01-29 09:35:41,766][gurobipy][INFO] - Thread count: 64 physical cores, 128 logical processors, using up to 32 threads
[2025-01-29 09:35:41,766][gurobipy][INFO] - 
[2025-01-29 09:35:41,766][gurobipy][INFO] - Optimize a model with 52275 rows, 859 columns and 135436 nonzeros
[2025-01-29 09:35:41,767][gurobipy][INFO] - Model fingerprint: 0x5489258d
[2025-01-29 09:35:41,767][gurobipy][INFO] - Variable types: 793 continuous, 66 integer (66 binary)
[2025-01-29 09:35:41,767][gurobipy][INFO] - Coefficient statistics:
[2025-01-29 09:35:41,767][gurobipy][INFO] -   Matrix range     [2e-03, 2e+00]
[2025-01-29 09:35:41,767][gurobipy][INFO] -   Objective range  [1e+00, 1e+00]
[2025-01-29 09:35:41,767][gurobipy][INFO] -   Bounds range     [1e+00, 1e+00]
[2025-01-29 09:35:41,767][gurobipy][INFO] -   RHS range        [1e+00, 1e+01]
[2025-01-29 09:35:41,775][gurobipy][INFO] - Found heuristic solution: objective 0.0000000
[2025-01-29 09:35:42,037][gurobipy][INFO] - Presolve removed 18979 rows and 10 columns
[2025-01-29 09:35:42,037][gurobipy][INFO] - Presolve time: 0.26s
[2025-01-29 09:35:42,037][gurobipy][INFO] - Presolved: 33296 rows, 849 columns, 100675 nonzeros
[2025-01-29 09:35:42,059][gurobipy][INFO] - Variable types: 793 continuous, 56 integer (56 binary)
[2025-01-29 09:35:42,091][gurobipy][INFO] - Root relaxation presolved: 849 rows, 34145 columns, 101524 nonzeros
[2025-01-29 09:35:42,091][gurobipy][INFO] - 
[2025-01-29 09:35:42,101][gurobipy][INFO] - 
[2025-01-29 09:35:42,102][gurobipy][INFO] - Root relaxation: objective 1.000000e+00, 56 iterations, 0.04 seconds (0.07 work units)
[2025-01-29 09:35:42,110][gurobipy][INFO] - 
[2025-01-29 09:35:42,110][gurobipy][INFO] -     Nodes    |    Current Node    |     Objective Bounds      |     Work
[2025-01-29 09:35:42,110][gurobipy][INFO] -  Expl Unexpl |  Obj  Depth IntInf | Incumbent    BestBd   Gap | It/Node Time
[2025-01-29 09:35:42,110][gurobipy][INFO] - 
[2025-01-29 09:35:42,110][gurobipy][INFO] -      0     0    1.00000    0    6    0.00000    1.00000      -     -    0s
[2025-01-29 09:35:42,137][gurobipy][INFO] - H    0     0                       0.0131266    1.00000  7518%     -    0s
[2025-01-29 09:35:42,776][gurobipy][INFO] - H    0     0                       0.0467439    1.00000  2039%     -    1s
[2025-01-29 09:35:42,777][gurobipy][INFO] - H    0     0                       0.0705370    1.00000  1318%     -    1s
[2025-01-29 09:35:42,778][gurobipy][INFO] - H    0     0                       0.0737072    1.00000  1257%     -    1s
[2025-01-29 09:35:42,914][gurobipy][INFO] -      0     0    1.00000    0   44    0.07371    1.00000  1257%     -    1s
[2025-01-29 09:35:43,007][gurobipy][INFO] -      0     0    1.00000    0   33    0.07371    1.00000  1257%     -    1s
[2025-01-29 09:35:43,302][gurobipy][INFO] -      0     0    1.00000    0   33    0.07371    1.00000  1257%     -    1s
[2025-01-29 09:35:45,144][gurobipy][INFO] - H    0     0                       0.0737072    1.00000  1257%     -    3s
[2025-01-29 09:35:45,145][gurobipy][INFO] - H    0     0                       0.0909781    1.00000   999%     -    3s
[2025-01-29 09:35:45,492][gurobipy][INFO] - H    0     0                       0.0910772    0.92193   912%     -    3s
[2025-01-29 09:35:45,551][gurobipy][INFO] -      0     0    0.92193    0   13    0.09108    0.92193   912%     -    3s
[2025-01-29 09:35:45,667][gurobipy][INFO] - H    0     0                       0.1175121    0.92193   685%     -    3s
[2025-01-29 09:35:45,687][gurobipy][INFO] - H    0     0                       0.1235883    0.92193   646%     -    3s
[2025-01-29 09:35:45,709][gurobipy][INFO] -      0     0    0.91658    0    9    0.12359    0.91658   642%     -    3s
[2025-01-29 09:35:46,151][gurobipy][INFO] - H    0     0                       0.1302754    0.91658   604%     -    4s
[2025-01-29 09:35:46,164][gurobipy][INFO] -      0     0    0.89975    0    9    0.13028    0.89975   591%     -    4s
[2025-01-29 09:35:46,314][gurobipy][INFO] -      0     0    0.86644    0    9    0.13028    0.86644   565%     -    4s
[2025-01-29 09:35:46,641][gurobipy][INFO] -      0     0    0.82428    0    5    0.13028    0.82428   533%     -    4s
[2025-01-29 09:35:46,771][gurobipy][INFO] -      0     0    0.79625    0    4    0.13028    0.79625   511%     -    5s
[2025-01-29 09:35:46,963][gurobipy][INFO] -      0     0    0.75745    0    4    0.13028    0.75745   481%     -    5s
[2025-01-29 09:35:47,035][gurobipy][INFO] -      0     0    0.75212    0    4    0.13028    0.75212   477%     -    5s
[2025-01-29 09:35:47,258][gurobipy][INFO] -      0     0    0.70591    0    5    0.13028    0.70591   442%     -    5s
[2025-01-29 09:35:47,400][gurobipy][INFO] -      0     0    0.63934    0    7    0.13028    0.63934   391%     -    5s
[2025-01-29 09:35:47,534][gurobipy][INFO] -      0     0    0.56620    0    6    0.13028    0.56620   335%     -    5s
[2025-01-29 09:35:47,755][gurobipy][INFO] -      0     0    0.49067    0   11    0.13028    0.49067   277%     -    5s
[2025-01-29 09:35:48,077][gurobipy][INFO] -      0     0    0.35893    0    9    0.13028    0.35893   176%     -    6s
[2025-01-29 09:35:48,300][gurobipy][INFO] -      0     0    0.29197    0    9    0.13028    0.29197   124%     -    6s
[2025-01-29 09:35:49,144][gurobipy][INFO] -      0     2    0.29197    0    9    0.13028    0.29197   124%     -    7s
[2025-01-29 09:35:52,151][gurobipy][INFO] -     24    14    0.29197    6   18    0.13028    0.29197   124%   428   10s
[2025-01-29 09:35:53,609][gurobipy][INFO] - H  101    24                       0.2733307    0.29197  6.82%   147   11s
[2025-01-29 09:35:56,579][gurobipy][INFO] - 
[2025-01-29 09:35:56,579][gurobipy][INFO] - Cutting planes:
[2025-01-29 09:35:56,579][gurobipy][INFO] -   Implied bound: 2
[2025-01-29 09:35:56,579][gurobipy][INFO] -   MIR: 11
[2025-01-29 09:35:56,579][gurobipy][INFO] -   RLT: 3
[2025-01-29 09:35:56,581][gurobipy][INFO] - 
[2025-01-29 09:35:56,581][gurobipy][INFO] - Explored 267 nodes (37756 simplex iterations) in 14.81 seconds (20.59 work units)
[2025-01-29 09:35:56,581][gurobipy][INFO] - Thread count was 32 (of 128 available processors)
[2025-01-29 09:35:56,581][gurobipy][INFO] - 
[2025-01-29 09:35:56,581][gurobipy][INFO] - Solution count 10: 0.273331 0.130275 0.123588 ... 0.0131266
[2025-01-29 09:35:56,581][gurobipy][INFO] - No other solutions better than 0.273331
[2025-01-29 09:35:56,581][gurobipy][INFO] - 
[2025-01-29 09:35:56,581][gurobipy][INFO] - Optimal solution found (tolerance 1.00e-04)
[2025-01-29 09:35:56,582][gurobipy][INFO] - Best objective 2.733306914999e-01, best bound 2.733306914999e-01, gap 0.0000%
[2025-01-29 09:35:56,622][__main__][INFO] - Finished size 1000 (1/5)
[2025-01-29 09:36:05,319][gurobipy][INFO] - Set parameter TimeLimit to value 600
[2025-01-29 09:36:05,347][gurobipy][INFO] - Gurobi Optimizer version 11.0.2 build v11.0.2rc0 (linux64)
[2025-01-29 09:36:05,347][gurobipy][INFO] - 
[2025-01-29 09:36:05,358][gurobipy][INFO] - CPU model: AMD EPYC 7543 32-Core Processor, instruction set [SSE2|AVX|AVX2]
[2025-01-29 09:36:05,359][gurobipy][INFO] - Thread count: 64 physical cores, 128 logical processors, using up to 32 threads
[2025-01-29 09:36:05,359][gurobipy][INFO] - 
[2025-01-29 09:36:05,359][gurobipy][INFO] - Optimize a model with 107055 rows, 1689 columns and 277366 nonzeros
[2025-01-29 09:36:05,361][gurobipy][INFO] - Model fingerprint: 0xaaaf81ba
[2025-01-29 09:36:05,361][gurobipy][INFO] - Variable types: 1623 continuous, 66 integer (66 binary)
[2025-01-29 09:36:05,361][gurobipy][INFO] - Coefficient statistics:
[2025-01-29 09:36:05,361][gurobipy][INFO] -   Matrix range     [7e-04, 2e+00]
[2025-01-29 09:36:05,361][gurobipy][INFO] -   Objective range  [1e+00, 1e+00]
[2025-01-29 09:36:05,361][gurobipy][INFO] -   Bounds range     [1e+00, 1e+00]
[2025-01-29 09:36:05,361][gurobipy][INFO] -   RHS range        [1e+00, 1e+01]
[2025-01-29 09:36:05,376][gurobipy][INFO] - Found heuristic solution: objective -0.0000000
[2025-01-29 09:36:05,882][gurobipy][INFO] - Presolve removed 34027 rows and 7 columns
[2025-01-29 09:36:05,882][gurobipy][INFO] - Presolve time: 0.51s
[2025-01-29 09:36:05,882][gurobipy][INFO] - Presolved: 73028 rows, 1682 columns, 220701 nonzeros
[2025-01-29 09:36:05,930][gurobipy][INFO] - Variable types: 1623 continuous, 59 integer (59 binary)
[2025-01-29 09:36:06,002][gurobipy][INFO] - Root relaxation presolved: 1682 rows, 74710 columns, 222383 nonzeros
[2025-01-29 09:36:06,002][gurobipy][INFO] - 
[2025-01-29 09:36:06,104][gurobipy][INFO] - 
[2025-01-29 09:36:06,104][gurobipy][INFO] - Root relaxation: objective 1.000000e+00, 1655 iterations, 0.17 seconds (0.54 work units)
[2025-01-29 09:36:06,118][gurobipy][INFO] - 
[2025-01-29 09:36:06,118][gurobipy][INFO] -     Nodes    |    Current Node    |     Objective Bounds      |     Work
[2025-01-29 09:36:06,118][gurobipy][INFO] -  Expl Unexpl |  Obj  Depth IntInf | Incumbent    BestBd   Gap | It/Node Time
[2025-01-29 09:36:06,118][gurobipy][INFO] - 
[2025-01-29 09:36:06,118][gurobipy][INFO] -      0     0    1.00000    0    2   -0.00000    1.00000      -     -    0s
[2025-01-29 09:36:06,130][gurobipy][INFO] - H    0     0                       0.0056579    1.00000      -     -    0s
[2025-01-29 09:36:06,160][gurobipy][INFO] - H    0     0                       0.0068842    1.00000      -     -    0s
[2025-01-29 09:36:08,169][gurobipy][INFO] - H    0     0                       0.0068842    1.00000      -     -    2s
[2025-01-29 09:36:08,863][gurobipy][INFO] - H    0     0                       0.0256653    1.00000  3796%     -    3s
[2025-01-29 09:36:08,962][gurobipy][INFO] -      0     0    1.00000    0   59    0.02567    1.00000  3796%     -    3s
[2025-01-29 09:36:09,205][gurobipy][INFO] -      0     0    1.00000    0   51    0.02567    1.00000  3796%     -    3s
[2025-01-29 09:36:09,391][gurobipy][INFO] - H    0     0                       0.1036160    1.00000   865%     -    4s
[2025-01-29 09:36:16,745][gurobipy][INFO] -      0     0    0.97467    0   43    0.10362    0.97467   841%     -   11s
[2025-01-29 09:36:17,192][gurobipy][INFO] - H    0     0                       0.1291257    0.97467   655%     -   11s
[2025-01-29 09:36:17,795][gurobipy][INFO] -      0     0    0.97360    0   43    0.12913    0.97360   654%     -   12s
[2025-01-29 09:36:25,853][gurobipy][INFO] - H    0     0                       0.2609140    0.97297   273%     -   20s
[2025-01-29 09:36:31,964][gurobipy][INFO] -      0     0    0.96428    0    2    0.26091    0.96428   270%     -   26s
[2025-01-29 09:36:37,722][gurobipy][INFO] -      0     0    0.26091    0   16    0.26091    0.26091  0.00%     -   32s
[2025-01-29 09:36:37,723][gurobipy][INFO] - 
[2025-01-29 09:36:37,723][gurobipy][INFO] - Cutting planes:
[2025-01-29 09:36:37,723][gurobipy][INFO] -   Implied bound: 1
[2025-01-29 09:36:37,723][gurobipy][INFO] -   MIR: 2
[2025-01-29 09:36:37,726][gurobipy][INFO] - 
[2025-01-29 09:36:37,726][gurobipy][INFO] - Explored 1 nodes (30990 simplex iterations) in 32.37 seconds (65.48 work units)
[2025-01-29 09:36:37,726][gurobipy][INFO] - Thread count was 32 (of 128 available processors)
[2025-01-29 09:36:37,726][gurobipy][INFO] - 
[2025-01-29 09:36:37,726][gurobipy][INFO] - Solution count 7: 0.260914 0.129126 0.103616 ... -0
[2025-01-29 09:36:37,726][gurobipy][INFO] - No other solutions better than 0.260914
[2025-01-29 09:36:37,726][gurobipy][INFO] - 
[2025-01-29 09:36:37,726][gurobipy][INFO] - Optimal solution found (tolerance 1.00e-04)
[2025-01-29 09:36:37,726][gurobipy][INFO] - Best objective 2.609140116206e-01, best bound 2.609140116206e-01, gap 0.0000%
[2025-01-29 09:36:37,854][__main__][INFO] - Finished size 2477 (2/5)
[2025-01-29 09:36:53,904][gurobipy][INFO] - Set parameter TimeLimit to value 600
[2025-01-29 09:36:53,946][gurobipy][INFO] - Gurobi Optimizer version 11.0.2 build v11.0.2rc0 (linux64)
[2025-01-29 09:36:53,946][gurobipy][INFO] - 
[2025-01-29 09:36:53,958][gurobipy][INFO] - CPU model: AMD EPYC 7543 32-Core Processor, instruction set [SSE2|AVX|AVX2]
[2025-01-29 09:36:53,959][gurobipy][INFO] - Thread count: 64 physical cores, 128 logical processors, using up to 32 threads
[2025-01-29 09:36:53,959][gurobipy][INFO] - 
[2025-01-29 09:36:53,959][gurobipy][INFO] - Optimize a model with 203019 rows, 3143 columns and 526000 nonzeros
[2025-01-29 09:36:53,963][gurobipy][INFO] - Model fingerprint: 0x548a3023
[2025-01-29 09:36:53,963][gurobipy][INFO] - Variable types: 3077 continuous, 66 integer (66 binary)
[2025-01-29 09:36:53,964][gurobipy][INFO] - Coefficient statistics:
[2025-01-29 09:36:53,964][gurobipy][INFO] -   Matrix range     [3e-04, 2e+00]
[2025-01-29 09:36:53,964][gurobipy][INFO] -   Objective range  [1e+00, 1e+00]
[2025-01-29 09:36:53,964][gurobipy][INFO] -   Bounds range     [1e+00, 1e+00]
[2025-01-29 09:36:53,964][gurobipy][INFO] -   RHS range        [1e+00, 1e+01]
[2025-01-29 09:36:53,993][gurobipy][INFO] - Found heuristic solution: objective -0.0000000
[2025-01-29 09:36:55,034][gurobipy][INFO] - Presolve removed 52279 rows and 3 columns
[2025-01-29 09:36:55,034][gurobipy][INFO] - Presolve time: 1.04s
[2025-01-29 09:36:55,034][gurobipy][INFO] - Presolved: 150740 rows, 3140 columns, 455291 nonzeros
[2025-01-29 09:36:55,138][gurobipy][INFO] - Variable types: 3077 continuous, 63 integer (63 binary)
[2025-01-29 09:36:55,299][gurobipy][INFO] - Root relaxation presolved: 3140 rows, 153880 columns, 458431 nonzeros
[2025-01-29 09:36:55,299][gurobipy][INFO] - 
[2025-01-29 09:36:55,359][gurobipy][INFO] - 
[2025-01-29 09:36:55,359][gurobipy][INFO] - Root relaxation: objective 1.000000e+00, 75 iterations, 0.22 seconds (0.38 work units)
[2025-01-29 09:36:55,394][gurobipy][INFO] - 
[2025-01-29 09:36:55,394][gurobipy][INFO] -     Nodes    |    Current Node    |     Objective Bounds      |     Work
[2025-01-29 09:36:55,394][gurobipy][INFO] -  Expl Unexpl |  Obj  Depth IntInf | Incumbent    BestBd   Gap | It/Node Time
[2025-01-29 09:36:55,394][gurobipy][INFO] - 
[2025-01-29 09:36:55,394][gurobipy][INFO] -      0     0    1.00000    0    5   -0.00000    1.00000      -     -    1s
[2025-01-29 09:36:55,422][gurobipy][INFO] - H    0     0                       0.0006280    1.00000      -     -    1s
[2025-01-29 09:36:57,630][gurobipy][INFO] - H    0     0                       0.0146005    1.00000  6749%     -    3s
[2025-01-29 09:36:57,692][gurobipy][INFO] - H    0     0                       0.0240024    1.00000  4066%     -    3s
[2025-01-29 09:36:57,973][gurobipy][INFO] -      0     0    1.00000    0    3    0.02400    1.00000  4066%     -    4s
[2025-01-29 09:37:05,692][gurobipy][INFO] -      0     0    1.00000    0   63    0.02400    1.00000  4066%     -   11s
[2025-01-29 09:37:06,804][gurobipy][INFO] -      0     0    1.00000    0   50    0.02400    1.00000  4066%     -   12s
[2025-01-29 09:37:09,506][gurobipy][INFO] -      0     0    1.00000    0    8    0.02400    1.00000  4066%     -   15s
[2025-01-29 09:37:09,925][gurobipy][INFO] -      0     0    1.00000    0    7    0.02400    1.00000  4066%     -   15s
[2025-01-29 09:37:10,154][gurobipy][INFO] - H    0     0                       0.0308323    1.00000  3143%     -   16s
[2025-01-29 09:37:10,187][gurobipy][INFO] -      0     0    1.00000    0    5    0.03083    1.00000  3143%     -   16s
[2025-01-29 09:37:10,352][gurobipy][INFO] -      0     0    1.00000    0    2    0.03083    1.00000  3143%     -   16s
[2025-01-29 09:37:11,069][gurobipy][INFO] - H    0     0                       0.0334876    1.00000  2886%     -   17s
[2025-01-29 09:37:14,105][gurobipy][INFO] -      0     0    1.00000    0   46    0.03349    1.00000  2886%     -   20s
[2025-01-29 09:37:22,533][gurobipy][INFO] -      0     0    1.00000    0   41    0.03349    1.00000  2886%     -   28s
[2025-01-29 09:37:27,023][gurobipy][INFO] -      0     0    1.00000    0   41    0.03349    1.00000  2886%     -   33s
[2025-01-29 09:37:33,476][gurobipy][INFO] -      0     0    1.00000    0   37    0.03349    1.00000  2886%     -   39s
[2025-01-29 09:37:34,015][gurobipy][INFO] - H    0     0                       0.0589266    1.00000  1597%     -   40s
[2025-01-29 09:37:35,954][gurobipy][INFO] -      0     0    1.00000    0   36    0.05893    1.00000  1597%     -   41s
[2025-01-29 09:37:42,970][gurobipy][INFO] -      0     0    1.00000    0   38    0.05893    1.00000  1597%     -   49s
[2025-01-29 09:37:45,655][gurobipy][INFO] -      0     0    1.00000    0   38    0.05893    1.00000  1597%     -   51s
[2025-01-29 09:37:54,319][gurobipy][INFO] -      0     0    1.00000    0   38    0.05893    1.00000  1597%     -   60s
[2025-01-29 09:37:55,523][gurobipy][INFO] -      0     0    1.00000    0   37    0.05893    1.00000  1597%     -   61s
[2025-01-29 09:38:03,304][gurobipy][INFO] -      0     0    1.00000    0   38    0.05893    1.00000  1597%     -   69s
[2025-01-29 09:38:09,237][gurobipy][INFO] -      0     0    1.00000    0   38    0.05893    1.00000  1597%     -   75s
[2025-01-29 09:38:10,859][gurobipy][INFO] - H    0     0                       0.2144964    1.00000   366%     -   76s
[2025-01-29 09:38:22,228][gurobipy][INFO] - H    0     0                       0.2246137    1.00000   345%     -   88s
[2025-01-29 09:38:31,540][gurobipy][INFO] -      0     2    1.00000    0   38    0.22461    1.00000   345%     -   97s
[2025-01-29 09:38:34,526][gurobipy][INFO] -      5     2    1.00000    3   34    0.22461    1.00000   345%   762  100s
[2025-01-29 09:38:39,780][gurobipy][INFO] -     13     2    1.00000    7   24    0.22461    1.00000   345%   543  105s
[2025-01-29 09:38:44,203][gurobipy][INFO] -     25     2    1.00000   13   23    0.22461    1.00000   345%   422  110s
[2025-01-29 09:38:44,687][gurobipy][INFO] - H   27     2                       0.2296904    1.00000   335%   390  110s
[2025-01-29 09:38:49,113][gurobipy][INFO] -     43     2    1.00000   22   13    0.22969    1.00000   335%   449  115s
[2025-01-29 09:38:55,117][gurobipy][INFO] -     51     4    1.00000   26   14    0.22969    1.00000   335%   534  121s
[2025-01-29 09:39:00,232][gurobipy][INFO] -     59     4    0.60765   29    9    0.22969    1.00000   335%   681  126s
[2025-01-29 09:39:02,767][gurobipy][INFO] - *   70    10              31       0.2465358    0.38791  57.3%   724  128s
[2025-01-29 09:39:03,418][gurobipy][INFO] - *   73     4              32       0.2484083    0.38791  56.2%   712  129s
[2025-01-29 09:39:04,496][gurobipy][INFO] -     85     2     cutoff   34         0.24841    0.26100  5.07%   631  130s
[2025-01-29 09:39:04,577][gurobipy][INFO] - 
[2025-01-29 09:39:04,578][gurobipy][INFO] - Cutting planes:
[2025-01-29 09:39:04,578][gurobipy][INFO] -   Implied bound: 4
[2025-01-29 09:39:04,578][gurobipy][INFO] -   MIR: 12
[2025-01-29 09:39:04,595][gurobipy][INFO] - 
[2025-01-29 09:39:04,595][gurobipy][INFO] - Explored 91 nodes (107299 simplex iterations) in 130.63 seconds (350.26 work units)
[2025-01-29 09:39:04,595][gurobipy][INFO] - Thread count was 32 (of 128 available processors)
[2025-01-29 09:39:04,595][gurobipy][INFO] - 
[2025-01-29 09:39:04,596][gurobipy][INFO] - Solution count 10: 0.248408 0.246536 0.22969 ... 0.0146005
[2025-01-29 09:39:04,596][gurobipy][INFO] - No other solutions better than 0.248408
[2025-01-29 09:39:04,596][gurobipy][INFO] - 
[2025-01-29 09:39:04,596][gurobipy][INFO] - Optimal solution found (tolerance 1.00e-04)
[2025-01-29 09:39:04,599][gurobipy][INFO] - Best objective 2.484083047052e-01, best bound 2.484083047052e-01, gap 0.0000%
[2025-01-29 09:39:04,748][__main__][INFO] - Finished size 6132 (3/5)
[2025-01-29 09:39:34,405][gurobipy][INFO] - Set parameter TimeLimit to value 600
[2025-01-29 09:39:34,482][gurobipy][INFO] - Gurobi Optimizer version 11.0.2 build v11.0.2rc0 (linux64)
[2025-01-29 09:39:34,482][gurobipy][INFO] - 
[2025-01-29 09:39:34,482][gurobipy][INFO] - CPU model: AMD EPYC 7543 32-Core Processor, instruction set [SSE2|AVX|AVX2]
[2025-01-29 09:39:34,482][gurobipy][INFO] - Thread count: 64 physical cores, 128 logical processors, using up to 32 threads
[2025-01-29 09:39:34,482][gurobipy][INFO] - 
[2025-01-29 09:39:34,482][gurobipy][INFO] - Optimize a model with 361683 rows, 5547 columns and 937084 nonzeros
[2025-01-29 09:39:34,489][gurobipy][INFO] - Model fingerprint: 0xe46d490d
[2025-01-29 09:39:34,489][gurobipy][INFO] - Variable types: 5481 continuous, 66 integer (66 binary)
[2025-01-29 09:39:34,490][gurobipy][INFO] - Coefficient statistics:
[2025-01-29 09:39:34,490][gurobipy][INFO] -   Matrix range     [1e-04, 2e+00]
[2025-01-29 09:39:34,490][gurobipy][INFO] -   Objective range  [1e+00, 1e+00]
[2025-01-29 09:39:34,490][gurobipy][INFO] -   Bounds range     [1e+00, 1e+00]
[2025-01-29 09:39:34,490][gurobipy][INFO] -   RHS range        [1e+00, 1e+01]
[2025-01-29 09:39:34,544][gurobipy][INFO] - Found heuristic solution: objective 0.0000000
[2025-01-29 09:39:36,441][gurobipy][INFO] - Presolve removed 82199 rows and 1 columns
[2025-01-29 09:39:36,441][gurobipy][INFO] - Presolve time: 1.90s
[2025-01-29 09:39:36,441][gurobipy][INFO] - Presolved: 279484 rows, 5546 columns, 843927 nonzeros
[2025-01-29 09:39:36,623][gurobipy][INFO] - Variable types: 5481 continuous, 65 integer (65 binary)
[2025-01-29 09:39:36,927][gurobipy][INFO] - Root relaxation presolved: 5546 rows, 285030 columns, 849473 nonzeros
[2025-01-29 09:39:36,927][gurobipy][INFO] - 
[2025-01-29 09:39:37,026][gurobipy][INFO] - 
[2025-01-29 09:39:37,026][gurobipy][INFO] - Root relaxation: objective 1.000000e+00, 168 iterations, 0.39 seconds (0.71 work units)
[2025-01-29 09:39:37,043][gurobipy][INFO] - 
[2025-01-29 09:39:37,044][gurobipy][INFO] -     Nodes    |    Current Node    |     Objective Bounds      |     Work
[2025-01-29 09:39:37,044][gurobipy][INFO] -  Expl Unexpl |  Obj  Depth IntInf | Incumbent    BestBd   Gap | It/Node Time
[2025-01-29 09:39:37,044][gurobipy][INFO] - 
[2025-01-29 09:39:37,044][gurobipy][INFO] -      0     0    1.00000    0    1    0.00000    1.00000      -     -    2s
[2025-01-29 09:39:37,056][gurobipy][INFO] - H    0     0                       0.0012577    1.00000      -     -    2s
[2025-01-29 09:39:37,097][gurobipy][INFO] - H    0     0                       0.0036717    1.00000      -     -    2s
[2025-01-29 09:39:37,242][gurobipy][INFO] - H    0     0                       0.0051927    1.00000      -     -    2s
[2025-01-29 09:39:39,216][gurobipy][INFO] - H    0     0                       0.0290412    1.00000  3343%     -    4s
[2025-01-29 09:39:39,602][gurobipy][INFO] -      0     0    1.00000    0    2    0.02904    1.00000  3343%     -    5s
[2025-01-29 09:39:40,113][gurobipy][INFO] - H    0     0                       0.0326072    1.00000  2967%     -    5s
[2025-01-29 09:39:49,505][gurobipy][INFO] -      0     0    1.00000    0   65    0.03261    1.00000  2967%     -   15s
[2025-01-29 09:39:53,603][gurobipy][INFO] -      0     0    1.00000    0   43    0.03261    1.00000  2967%     -   19s
[2025-01-29 09:39:55,587][gurobipy][INFO] -      0     0    1.00000    0   45    0.03261    1.00000  2967%     -   21s
[2025-01-29 09:40:02,897][gurobipy][INFO] -      0     0    1.00000    0    4    0.03261    1.00000  2967%     -   28s
[2025-01-29 09:40:04,618][gurobipy][INFO] -      0     0    1.00000    0    3    0.03261    1.00000  2967%     -   30s
[2025-01-29 09:40:06,201][gurobipy][INFO] - H    0     0                       0.0352195    1.00000  2739%     -   31s
[2025-01-29 09:40:11,741][gurobipy][INFO] -      0     0    1.00000    0   41    0.03522    1.00000  2739%     -   37s
[2025-01-29 09:40:24,003][gurobipy][INFO] -      0     0    1.00000    0   39    0.03522    1.00000  2739%     -   49s
[2025-01-29 09:40:25,248][gurobipy][INFO] - H    0     0                       0.0413958    1.00000  2316%     -   50s
[2025-01-29 09:40:25,611][gurobipy][INFO] -      0     0    1.00000    0   39    0.04140    1.00000  2316%     -   51s
[2025-01-29 09:40:35,651][gurobipy][INFO] -      0     0    1.00000    0   37    0.04140    1.00000  2316%     -   61s
[2025-01-29 09:40:36,524][gurobipy][INFO] - H    0     0                       0.2154702    1.00000   364%     -   62s
[2025-01-29 09:40:36,584][gurobipy][INFO] -      0     0    1.00000    0   37    0.21547    1.00000   364%     -   62s
[2025-01-29 09:40:42,009][gurobipy][INFO] -      0     0    1.00000    0   34    0.21547    1.00000   364%     -   67s
[2025-01-29 09:40:42,739][gurobipy][INFO] - H    0     0                       0.2248069    1.00000   345%     -   68s
[2025-01-29 09:40:43,451][gurobipy][INFO] -      0     0    1.00000    0    9    0.22481    1.00000   345%     -   68s
[2025-01-29 09:40:43,972][gurobipy][INFO] -      0     0    1.00000    0    9    0.22481    1.00000   345%     -   69s
[2025-01-29 09:40:44,565][gurobipy][INFO] -      0     0    1.00000    0    9    0.22481    1.00000   345%     -   70s
[2025-01-29 09:40:45,066][gurobipy][INFO] -      0     0    1.00000    0    8    0.22481    1.00000   345%     -   70s
[2025-01-29 09:40:47,259][gurobipy][INFO] -      0     0    1.00000    0    8    0.22481    1.00000   345%     -   72s
[2025-01-29 09:40:55,337][gurobipy][INFO] -      0     2    1.00000    0    8    0.22481    1.00000   345%     -   80s
[2025-01-29 09:41:01,327][gurobipy][INFO] -      3     4    1.00000    2   11    0.22481    1.00000   345%  78.7   86s
[2025-01-29 09:41:04,891][gurobipy][INFO] -      5     6    1.00000    3    8    0.22481    1.00000   345%   766   90s
[2025-01-29 09:41:29,087][gurobipy][INFO] -     39    10    0.94737    9   26    0.22481    1.00000   345%   670  114s
[2025-01-29 09:41:32,954][gurobipy][INFO] -     47    10    0.94444   10   24    0.22481    1.00000   345%  1018  118s
[2025-01-29 09:41:38,683][gurobipy][INFO] -     57    12    0.94118   11   23    0.22481    1.00000   345%   872  124s
[2025-01-29 09:41:40,194][gurobipy][INFO] -     67    12    0.93750   12   22    0.22481    0.94116   319%   924  125s
[2025-01-29 09:41:51,833][gurobipy][INFO] -    103    14    0.92857   15   19    0.22481    0.92922   313%   644  137s
[2025-01-29 09:41:56,692][gurobipy][INFO] -    129    14    0.91887   17   21    0.22481    0.92434   311%   606  142s
[2025-01-29 09:42:02,153][gurobipy][INFO] -    157    16    0.90786   19   19    0.22481    0.91356   306%   523  147s
[2025-01-29 09:42:05,342][gurobipy][INFO] -    171    18    0.89864   20   18    0.22481    0.90805   304%   503  150s
[2025-01-29 09:42:05,351][gurobipy][INFO] - H  185    18                       0.2588039    0.89929   247%   482  150s
[2025-01-29 09:42:10,984][gurobipy][INFO] -    222    14    0.85556   23   14    0.25880    0.87430   238%   445  156s
[2025-01-29 09:42:15,393][gurobipy][INFO] -    251    16    0.80665   25   14    0.25880    0.83758   224%   418  160s
[2025-01-29 09:42:20,922][gurobipy][INFO] -    268    19    0.79617   26   11    0.25880    0.81249   214%   419  166s
[2025-01-29 09:42:28,738][gurobipy][INFO] -    322    19    0.61689   29   10    0.25880    0.70527   173%   411  174s
[2025-01-29 09:42:32,539][gurobipy][INFO] -    341    17    0.56451   30   11    0.25880    0.61682   138%   416  178s
[2025-01-29 09:42:34,814][gurobipy][INFO] -    365     8    0.37715   31   10    0.25880    0.59258   129%   425  180s
[2025-01-29 09:42:39,357][gurobipy][INFO] - 
[2025-01-29 09:42:39,357][gurobipy][INFO] - Cutting planes:
[2025-01-29 09:42:39,357][gurobipy][INFO] -   Cover: 2
[2025-01-29 09:42:39,357][gurobipy][INFO] -   Implied bound: 3
[2025-01-29 09:42:39,357][gurobipy][INFO] -   MIR: 6
[2025-01-29 09:42:39,357][gurobipy][INFO] -   RLT: 1
[2025-01-29 09:42:39,378][gurobipy][INFO] - 
[2025-01-29 09:42:39,382][gurobipy][INFO] - Explored 400 nodes (194994 simplex iterations) in 184.90 seconds (433.78 work units)
[2025-01-29 09:42:39,382][gurobipy][INFO] - Thread count was 32 (of 128 available processors)
[2025-01-29 09:42:39,382][gurobipy][INFO] - 
[2025-01-29 09:42:39,382][gurobipy][INFO] - Solution count 10: 0.258804 0.224807 0.21547 ... 0.00125767
[2025-01-29 09:42:39,382][gurobipy][INFO] - 
[2025-01-29 09:42:39,382][gurobipy][INFO] - Optimal solution found (tolerance 1.00e-04)
[2025-01-29 09:42:39,385][gurobipy][INFO] - Best objective 2.588039444796e-01, best bound 2.588195187204e-01, gap 0.0060%
[2025-01-29 09:42:39,765][__main__][INFO] - Finished size 15183 (4/5)
[2025-01-29 09:43:34,418][gurobipy][INFO] - Set parameter TimeLimit to value 600
[2025-01-29 09:43:34,569][gurobipy][INFO] - Gurobi Optimizer version 11.0.2 build v11.0.2rc0 (linux64)
[2025-01-29 09:43:34,569][gurobipy][INFO] - 
[2025-01-29 09:43:34,569][gurobipy][INFO] - CPU model: AMD EPYC 7543 32-Core Processor, instruction set [SSE2|AVX|AVX2]
[2025-01-29 09:43:34,569][gurobipy][INFO] - Thread count: 64 physical cores, 128 logical processors, using up to 32 threads
[2025-01-29 09:43:34,570][gurobipy][INFO] - 
[2025-01-29 09:43:34,570][gurobipy][INFO] - Optimize a model with 641325 rows, 9784 columns and 1661611 nonzeros
[2025-01-29 09:43:34,583][gurobipy][INFO] - Model fingerprint: 0xd03f3700
[2025-01-29 09:43:34,584][gurobipy][INFO] - Variable types: 9718 continuous, 66 integer (66 binary)
[2025-01-29 09:43:34,585][gurobipy][INFO] - Coefficient statistics:
[2025-01-29 09:43:34,585][gurobipy][INFO] -   Matrix range     [5e-05, 2e+00]
[2025-01-29 09:43:34,585][gurobipy][INFO] -   Objective range  [1e+00, 1e+00]
[2025-01-29 09:43:34,585][gurobipy][INFO] -   Bounds range     [1e+00, 1e+00]
[2025-01-29 09:43:34,585][gurobipy][INFO] -   RHS range        [1e+00, 1e+01]
[2025-01-29 09:43:34,692][gurobipy][INFO] - Found heuristic solution: objective -0.0000000
[2025-01-29 09:43:38,484][gurobipy][INFO] - Presolve removed 145752 rows and 1 columns
[2025-01-29 09:43:38,484][gurobipy][INFO] - Presolve time: 3.79s
[2025-01-29 09:43:38,484][gurobipy][INFO] - Presolved: 495573 rows, 9783 columns, 1496431 nonzeros
[2025-01-29 09:43:38,808][gurobipy][INFO] - Variable types: 9718 continuous, 65 integer (65 binary)
[2025-01-29 09:43:39,480][gurobipy][INFO] - Root relaxation presolved: 9783 rows, 505356 columns, 1506214 nonzeros
[2025-01-29 09:43:39,480][gurobipy][INFO] - 
[2025-01-29 09:43:39,651][gurobipy][INFO] - 
[2025-01-29 09:43:39,651][gurobipy][INFO] - Root simplex log...
[2025-01-29 09:43:39,651][gurobipy][INFO] - 
[2025-01-29 09:43:39,651][gurobipy][INFO] - Iteration    Objective       Primal Inf.    Dual Inf.      Time
[2025-01-29 09:43:39,651][gurobipy][INFO] -        0    1.0000000e+00   0.000000e+00   9.728000e+03      5s
[2025-01-29 09:43:39,714][gurobipy][INFO] -      250    1.0000000e+00   0.000000e+00   0.000000e+00      5s
[2025-01-29 09:43:39,768][gurobipy][INFO] -      250    1.0000000e+00   0.000000e+00   0.000000e+00      5s
[2025-01-29 09:43:39,768][gurobipy][INFO] - 
[2025-01-29 09:43:39,768][gurobipy][INFO] - Root relaxation: objective 1.000000e+00, 250 iterations, 0.94 seconds (1.36 work units)
[2025-01-29 09:43:39,931][gurobipy][INFO] - 
[2025-01-29 09:43:39,931][gurobipy][INFO] -     Nodes    |    Current Node    |     Objective Bounds      |     Work
[2025-01-29 09:43:39,931][gurobipy][INFO] -  Expl Unexpl |  Obj  Depth IntInf | Incumbent    BestBd   Gap | It/Node Time
[2025-01-29 09:43:39,931][gurobipy][INFO] - 
[2025-01-29 09:43:39,931][gurobipy][INFO] -      0     0    1.00000    0    5   -0.00000    1.00000      -     -    5s
[2025-01-29 09:43:40,038][gurobipy][INFO] - H    0     0                       0.0097645    1.00000      -     -    5s
[2025-01-29 09:43:41,402][gurobipy][INFO] - H    0     0                       0.0129306    1.00000  7634%     -    6s
[2025-01-29 09:43:42,478][gurobipy][INFO] -      0     0    1.00000    0    2    0.01293    1.00000  7634%     -    7s
[2025-01-29 09:44:16,478][gurobipy][INFO] -      0     0    1.00000    0   65    0.01293    1.00000  7634%     -   41s
[2025-01-29 09:44:20,745][gurobipy][INFO] -      0     0    1.00000    0   57    0.01293    1.00000  7634%     -   46s
[2025-01-29 09:44:30,637][gurobipy][INFO] -      0     0    1.00000    0   56    0.01293    1.00000  7634%     -   56s
[2025-01-29 09:44:34,684][gurobipy][INFO] - H    0     0                       0.0200043    1.00000  4899%     -   60s
[2025-01-29 09:45:12,759][gurobipy][INFO] -      0     0    1.00000    0   56    0.02000    1.00000  4899%     -   98s
[2025-01-29 09:45:39,202][gurobipy][INFO] -      0     0    1.00000    0   55    0.02000    1.00000  4899%     -  124s
[2025-01-29 09:45:46,165][gurobipy][INFO] - H    0     0                       0.1225653    1.00000   716%     -  131s
[2025-01-29 09:46:29,597][gurobipy][INFO] -      0     0    1.00000    0   55    0.12257    1.00000   716%     -  175s
[2025-01-29 09:46:57,423][gurobipy][INFO] -      0     0    1.00000    0   52    0.12257    1.00000   716%     -  202s
[2025-01-29 09:46:59,466][gurobipy][INFO] - H    0     0                       0.2572459    1.00000   289%     -  204s
[2025-01-29 09:47:47,193][gurobipy][INFO] -      0     0    1.00000    0   54    0.25725    1.00000   289%     -  252s
[2025-01-29 09:47:58,073][gurobipy][INFO] -      0     0    1.00000    0   54    0.25725    1.00000   289%     -  263s
[2025-01-29 09:48:46,317][gurobipy][INFO] -      0     0    1.00000    0   54    0.25725    1.00000   289%     -  311s
[2025-01-29 09:48:56,786][gurobipy][INFO] -      0     0    1.00000    0   54    0.25725    1.00000   289%     -  322s
[2025-01-29 09:49:15,529][gurobipy][INFO] -      0     0    1.00000    0   54    0.25725    1.00000   289%     -  340s
[2025-01-29 09:51:09,761][gurobipy][INFO] -      0     2    1.00000    0   54    0.25725    1.00000   289%     -  455s
[2025-01-29 09:51:15,541][gurobipy][INFO] -      1     2    1.00000    1   53    0.25725    1.00000   289%  1877  460s
[2025-01-29 09:51:19,916][gurobipy][INFO] -      5     2    1.00000    3   51    0.25725    1.00000   289%   478  465s
[2025-01-29 09:51:41,474][gurobipy][INFO] -      9     2    1.00000    5   47    0.25725    1.00000   289%   639  486s
[2025-01-29 09:51:46,011][gurobipy][INFO] -     11     2    1.00000    6   46    0.25725    1.00000   289%   561  491s
[2025-01-29 09:51:50,553][gurobipy][INFO] -     13     2    1.00000    7   45    0.25725    1.00000   289%   510  495s
[2025-01-29 09:52:01,587][gurobipy][INFO] -     15     2    1.00000    8   42    0.25725    1.00000   289%   571  507s
[2025-01-29 09:52:18,984][gurobipy][INFO] -     17     2    1.00000    9   38    0.25725    1.00000   289%   734  524s
[2025-01-29 09:52:25,276][gurobipy][INFO] -     19     2    1.00000   10   35    0.25725    1.00000   289%   735  530s
[2025-01-29 09:53:34,575][gurobipy][INFO] -     21     1 infeasible   11         0.25725    1.00000   289%   665  600s
[2025-01-29 09:53:34,609][gurobipy][INFO] - 
[2025-01-29 09:53:34,610][gurobipy][INFO] - Cutting planes:
[2025-01-29 09:53:34,610][gurobipy][INFO] -   Implied bound: 3
[2025-01-29 09:53:34,610][gurobipy][INFO] -   MIR: 4
[2025-01-29 09:53:34,610][gurobipy][INFO] -   RLT: 5
[2025-01-29 09:53:34,629][gurobipy][INFO] - 
[2025-01-29 09:53:34,629][gurobipy][INFO] - Explored 22 nodes (71101 simplex iterations) in 600.06 seconds (1553.44 work units)
[2025-01-29 09:53:34,629][gurobipy][INFO] - Thread count was 32 (of 128 available processors)
[2025-01-29 09:53:34,629][gurobipy][INFO] - 
[2025-01-29 09:53:34,630][gurobipy][INFO] - Solution count 6: 0.257246 0.122565 0.0200043 ... -0
[2025-01-29 09:53:34,630][gurobipy][INFO] - 
[2025-01-29 09:53:34,630][gurobipy][INFO] - Time limit reached
[2025-01-29 09:53:34,635][gurobipy][INFO] - Best objective 2.572459368740e-01, best bound 1.000000000001e+00, gap 288.7331%
[2025-01-29 09:53:34,669][pyomo.core][WARNING] - Loading a SolverResults object with an 'aborted' status, but containing a solution
[2025-01-29 09:53:35,113][one_rule][INFO] - Solver did not find an optimal sollution
[2025-01-29 09:53:35,114][__main__][INFO] - Finished size 37595 (5/5)
