[2025-01-29 09:17:41,609][gurobipy][INFO] - Set parameter TimeLimit to value 600
[2025-01-29 09:17:41,612][gurobipy][INFO] - Gurobi Optimizer version 11.0.2 build v11.0.2rc0 (linux64)
[2025-01-29 09:17:41,612][gurobipy][INFO] - 
[2025-01-29 09:17:41,623][gurobipy][INFO] - CPU model: Intel(R) Xeon(R) Gold 6136 CPU @ 3.00GHz, instruction set [SSE2|AVX|AVX2|AVX512]
[2025-01-29 09:17:41,623][gurobipy][INFO] - Thread count: 24 physical cores, 48 logical processors, using up to 24 threads
[2025-01-29 09:17:41,623][gurobipy][INFO] - 
[2025-01-29 09:17:41,623][gurobipy][INFO] - Optimize a model with 6695 rows, 268 columns and 18407 nonzeros
[2025-01-29 09:17:41,624][gurobipy][INFO] - Model fingerprint: 0x94fbfc15
[2025-01-29 09:17:41,624][gurobipy][INFO] - Variable types: 240 continuous, 28 integer (28 binary)
[2025-01-29 09:17:41,624][gurobipy][INFO] - Coefficient statistics:
[2025-01-29 09:17:41,624][gurobipy][INFO] -   Matrix range     [2e-03, 2e+00]
[2025-01-29 09:17:41,624][gurobipy][INFO] -   Objective range  [1e+00, 1e+00]
[2025-01-29 09:17:41,624][gurobipy][INFO] -   Bounds range     [1e+00, 1e+00]
[2025-01-29 09:17:41,624][gurobipy][INFO] -   RHS range        [1e+00, 1e+01]
[2025-01-29 09:17:41,625][gurobipy][INFO] - Found heuristic solution: objective 0.0000000
[2025-01-29 09:17:41,655][gurobipy][INFO] - Presolve removed 2837 rows and 8 columns
[2025-01-29 09:17:41,655][gurobipy][INFO] - Presolve time: 0.03s
[2025-01-29 09:17:41,655][gurobipy][INFO] - Presolved: 3858 rows, 260 columns, 11808 nonzeros
[2025-01-29 09:17:41,658][gurobipy][INFO] - Variable types: 240 continuous, 20 integer (20 binary)
[2025-01-29 09:17:41,665][gurobipy][INFO] - 
[2025-01-29 09:17:41,665][gurobipy][INFO] - Root relaxation: objective 1.000000e+00, 156 iterations, 0.01 seconds (0.01 work units)
[2025-01-29 09:17:41,668][gurobipy][INFO] - 
[2025-01-29 09:17:41,668][gurobipy][INFO] -     Nodes    |    Current Node    |     Objective Bounds      |     Work
[2025-01-29 09:17:41,668][gurobipy][INFO] -  Expl Unexpl |  Obj  Depth IntInf | Incumbent    BestBd   Gap | It/Node Time
[2025-01-29 09:17:41,668][gurobipy][INFO] - 
[2025-01-29 09:17:41,668][gurobipy][INFO] -      0     0    1.00000    0    8    0.00000    1.00000      -     -    0s
[2025-01-29 09:17:41,689][gurobipy][INFO] - H    0     0                       0.0198631    1.00000  4934%     -    0s
[2025-01-29 09:17:41,689][gurobipy][INFO] - H    0     0                       0.0945135    1.00000   958%     -    0s
[2025-01-29 09:17:41,715][gurobipy][INFO] -      0     0    1.00000    0   14    0.09451    1.00000   958%     -    0s
[2025-01-29 09:17:41,730][gurobipy][INFO] - H    0     0                       0.1147330    1.00000   772%     -    0s
[2025-01-29 09:17:41,748][gurobipy][INFO] - H    0     0                       0.1762971    1.00000   467%     -    0s
[2025-01-29 09:17:41,750][gurobipy][INFO] -      0     0    1.00000    0   11    0.17630    1.00000   467%     -    0s
[2025-01-29 09:17:41,913][gurobipy][INFO] -      0     0    0.17630    0    9    0.17630    0.17630  0.00%     -    0s
[2025-01-29 09:17:41,913][gurobipy][INFO] - 
[2025-01-29 09:17:41,913][gurobipy][INFO] - Cutting planes:
[2025-01-29 09:17:41,913][gurobipy][INFO] -   Gomory: 1
[2025-01-29 09:17:41,913][gurobipy][INFO] -   Implied bound: 1
[2025-01-29 09:17:41,913][gurobipy][INFO] -   MIR: 53
[2025-01-29 09:17:41,913][gurobipy][INFO] -   RLT: 7
[2025-01-29 09:17:41,914][gurobipy][INFO] - 
[2025-01-29 09:17:41,914][gurobipy][INFO] - Explored 1 nodes (1651 simplex iterations) in 0.29 seconds (0.35 work units)
[2025-01-29 09:17:41,914][gurobipy][INFO] - Thread count was 24 (of 48 available processors)
[2025-01-29 09:17:41,914][gurobipy][INFO] - 
[2025-01-29 09:17:41,914][gurobipy][INFO] - Solution count 5: 0.176297 0.114733 0.0945135 ... 2.88658e-15
[2025-01-29 09:17:41,914][gurobipy][INFO] - No other solutions better than 0.176297
[2025-01-29 09:17:41,914][gurobipy][INFO] - 
[2025-01-29 09:17:41,914][gurobipy][INFO] - Optimal solution found (tolerance 1.00e-04)
[2025-01-29 09:17:41,914][gurobipy][INFO] - Best objective 1.762970611011e-01, best bound 1.762970611011e-01, gap 0.0000%
[2025-01-29 09:17:41,921][__main__][INFO] - Finished size 1000 (1/5)
[2025-01-29 09:17:43,217][gurobipy][INFO] - Set parameter TimeLimit to value 600
[2025-01-29 09:17:43,220][gurobipy][INFO] - Gurobi Optimizer version 11.0.2 build v11.0.2rc0 (linux64)
[2025-01-29 09:17:43,220][gurobipy][INFO] - 
[2025-01-29 09:17:43,231][gurobipy][INFO] - CPU model: Intel(R) Xeon(R) Gold 6136 CPU @ 3.00GHz, instruction set [SSE2|AVX|AVX2|AVX512]
[2025-01-29 09:17:43,231][gurobipy][INFO] - Thread count: 24 physical cores, 48 logical processors, using up to 24 threads
[2025-01-29 09:17:43,231][gurobipy][INFO] - 
[2025-01-29 09:17:43,231][gurobipy][INFO] - Optimize a model with 10363 rows, 399 columns and 28494 nonzeros
[2025-01-29 09:17:43,232][gurobipy][INFO] - Model fingerprint: 0xb95ec41b
[2025-01-29 09:17:43,232][gurobipy][INFO] - Variable types: 371 continuous, 28 integer (28 binary)
[2025-01-29 09:17:43,232][gurobipy][INFO] - Coefficient statistics:
[2025-01-29 09:17:43,232][gurobipy][INFO] -   Matrix range     [5e-04, 2e+00]
[2025-01-29 09:17:43,232][gurobipy][INFO] -   Objective range  [1e+00, 1e+00]
[2025-01-29 09:17:43,232][gurobipy][INFO] -   Bounds range     [1e+00, 1e+00]
[2025-01-29 09:17:43,232][gurobipy][INFO] -   RHS range        [1e+00, 1e+01]
[2025-01-29 09:17:43,234][gurobipy][INFO] - Found heuristic solution: objective 0.0000000
[2025-01-29 09:17:43,289][gurobipy][INFO] - Presolve removed 3667 rows and 6 columns
[2025-01-29 09:17:43,289][gurobipy][INFO] - Presolve time: 0.06s
[2025-01-29 09:17:43,289][gurobipy][INFO] - Presolved: 6696 rows, 393 columns, 20453 nonzeros
[2025-01-29 09:17:43,293][gurobipy][INFO] - Variable types: 371 continuous, 22 integer (22 binary)
[2025-01-29 09:17:43,304][gurobipy][INFO] - 
[2025-01-29 09:17:43,304][gurobipy][INFO] - Root relaxation: objective 1.000000e+00, 185 iterations, 0.01 seconds (0.02 work units)
[2025-01-29 09:17:43,307][gurobipy][INFO] - 
[2025-01-29 09:17:43,307][gurobipy][INFO] -     Nodes    |    Current Node    |     Objective Bounds      |     Work
[2025-01-29 09:17:43,307][gurobipy][INFO] -  Expl Unexpl |  Obj  Depth IntInf | Incumbent    BestBd   Gap | It/Node Time
[2025-01-29 09:17:43,307][gurobipy][INFO] - 
[2025-01-29 09:17:43,307][gurobipy][INFO] -      0     0    1.00000    0    8    0.00000    1.00000      -     -    0s
[2025-01-29 09:17:43,323][gurobipy][INFO] - H    0     0                       0.0001741    1.00000      -     -    0s
[2025-01-29 09:17:43,327][gurobipy][INFO] - H    0     0                       0.0022504    1.00000      -     -    0s
[2025-01-29 09:17:43,351][gurobipy][INFO] - H    0     0                       0.1943077    1.00000   415%     -    0s
[2025-01-29 09:17:43,401][gurobipy][INFO] -      0     0    1.00000    0   20    0.19431    1.00000   415%     -    0s
[2025-01-29 09:17:43,415][gurobipy][INFO] -      0     0    1.00000    0   11    0.19431    1.00000   415%     -    0s
[2025-01-29 09:17:43,684][gurobipy][INFO] -      0     0    0.19431    0    9    0.19431    0.19431  0.00%     -    0s
[2025-01-29 09:17:43,684][gurobipy][INFO] - 
[2025-01-29 09:17:43,684][gurobipy][INFO] - Cutting planes:
[2025-01-29 09:17:43,684][gurobipy][INFO] -   Implied bound: 1
[2025-01-29 09:17:43,684][gurobipy][INFO] -   MIR: 32
[2025-01-29 09:17:43,684][gurobipy][INFO] -   RLT: 3
[2025-01-29 09:17:43,685][gurobipy][INFO] - 
[2025-01-29 09:17:43,685][gurobipy][INFO] - Explored 1 nodes (2001 simplex iterations) in 0.45 seconds (0.61 work units)
[2025-01-29 09:17:43,685][gurobipy][INFO] - Thread count was 24 (of 48 available processors)
[2025-01-29 09:17:43,685][gurobipy][INFO] - 
[2025-01-29 09:17:43,685][gurobipy][INFO] - Solution count 4: 0.194308 0.00225036 0.00017412 1.33227e-14 
[2025-01-29 09:17:43,685][gurobipy][INFO] - No other solutions better than 0.194308
[2025-01-29 09:17:43,685][gurobipy][INFO] - 
[2025-01-29 09:17:43,685][gurobipy][INFO] - Optimal solution found (tolerance 1.00e-04)
[2025-01-29 09:17:43,685][gurobipy][INFO] - Best objective 1.943076990723e-01, best bound 1.943076990723e-01, gap 0.0000%
[2025-01-29 09:17:43,695][__main__][INFO] - Finished size 3741 (2/5)
[2025-01-29 09:17:45,290][gurobipy][INFO] - Set parameter TimeLimit to value 600
[2025-01-29 09:17:45,294][gurobipy][INFO] - Gurobi Optimizer version 11.0.2 build v11.0.2rc0 (linux64)
[2025-01-29 09:17:45,294][gurobipy][INFO] - 
[2025-01-29 09:17:45,306][gurobipy][INFO] - CPU model: Intel(R) Xeon(R) Gold 6136 CPU @ 3.00GHz, instruction set [SSE2|AVX|AVX2|AVX512]
[2025-01-29 09:17:45,306][gurobipy][INFO] - Thread count: 24 physical cores, 48 logical processors, using up to 24 threads
[2025-01-29 09:17:45,306][gurobipy][INFO] - 
[2025-01-29 09:17:45,306][gurobipy][INFO] - Optimize a model with 16131 rows, 605 columns and 44356 nonzeros
[2025-01-29 09:17:45,307][gurobipy][INFO] - Model fingerprint: 0x35758ccd
[2025-01-29 09:17:45,307][gurobipy][INFO] - Variable types: 577 continuous, 28 integer (28 binary)
[2025-01-29 09:17:45,307][gurobipy][INFO] - Coefficient statistics:
[2025-01-29 09:17:45,307][gurobipy][INFO] -   Matrix range     [1e-04, 2e+00]
[2025-01-29 09:17:45,307][gurobipy][INFO] -   Objective range  [1e+00, 1e+00]
[2025-01-29 09:17:45,307][gurobipy][INFO] -   Bounds range     [1e+00, 1e+00]
[2025-01-29 09:17:45,307][gurobipy][INFO] -   RHS range        [1e+00, 1e+01]
[2025-01-29 09:17:45,310][gurobipy][INFO] - Found heuristic solution: objective 0.0000000
[2025-01-29 09:17:45,407][gurobipy][INFO] - Presolve removed 3450 rows and 2 columns
[2025-01-29 09:17:45,407][gurobipy][INFO] - Presolve time: 0.10s
[2025-01-29 09:17:45,408][gurobipy][INFO] - Presolved: 12681 rows, 603 columns, 38614 nonzeros
[2025-01-29 09:17:45,416][gurobipy][INFO] - Variable types: 577 continuous, 26 integer (26 binary)
[2025-01-29 09:17:45,431][gurobipy][INFO] - Root relaxation presolved: 12681 rows, 603 columns, 38614 nonzeros
[2025-01-29 09:17:45,431][gurobipy][INFO] - 
[2025-01-29 09:17:45,447][gurobipy][INFO] - 
[2025-01-29 09:17:45,447][gurobipy][INFO] - Root relaxation: objective 1.000000e+00, 261 iterations, 0.03 seconds (0.05 work units)
[2025-01-29 09:17:45,453][gurobipy][INFO] - 
[2025-01-29 09:17:45,453][gurobipy][INFO] -     Nodes    |    Current Node    |     Objective Bounds      |     Work
[2025-01-29 09:17:45,453][gurobipy][INFO] -  Expl Unexpl |  Obj  Depth IntInf | Incumbent    BestBd   Gap | It/Node Time
[2025-01-29 09:17:45,453][gurobipy][INFO] - 
[2025-01-29 09:17:45,453][gurobipy][INFO] -      0     0    1.00000    0    9    0.00000    1.00000      -     -    0s
[2025-01-29 09:17:45,608][gurobipy][INFO] - H    0     0                       0.0949024    1.00000   954%     -    0s
[2025-01-29 09:17:45,642][gurobipy][INFO] -      0     0    1.00000    0   19    0.09490    1.00000   954%     -    0s
[2025-01-29 09:17:45,758][gurobipy][INFO] - H    0     0                       0.1250003    1.00000   700%     -    0s
[2025-01-29 09:17:45,760][gurobipy][INFO] -      0     0    1.00000    0   18    0.12500    1.00000   700%     -    0s
[2025-01-29 09:17:45,985][gurobipy][INFO] - H    0     0                       0.1433766    1.00000   597%     -    0s
[2025-01-29 09:17:46,408][gurobipy][INFO] - H    0     0                       0.1935295    1.00000   417%     -    1s
[2025-01-29 09:17:46,467][gurobipy][INFO] -      0     0    0.19353    0   10    0.19353    0.19353  0.00%     -    1s
[2025-01-29 09:17:46,468][gurobipy][INFO] - 
[2025-01-29 09:17:46,468][gurobipy][INFO] - Cutting planes:
[2025-01-29 09:17:46,468][gurobipy][INFO] -   Gomory: 14
[2025-01-29 09:17:46,468][gurobipy][INFO] -   Implied bound: 1
[2025-01-29 09:17:46,468][gurobipy][INFO] -   MIR: 20
[2025-01-29 09:17:46,468][gurobipy][INFO] -   RLT: 4
[2025-01-29 09:17:46,468][gurobipy][INFO] - 
[2025-01-29 09:17:46,469][gurobipy][INFO] - Explored 1 nodes (3197 simplex iterations) in 1.16 seconds (1.61 work units)
[2025-01-29 09:17:46,469][gurobipy][INFO] - Thread count was 24 (of 48 available processors)
[2025-01-29 09:17:46,469][gurobipy][INFO] - 
[2025-01-29 09:17:46,469][gurobipy][INFO] - Solution count 5: 0.19353 0.143377 0.125 ... 2.15383e-14
[2025-01-29 09:17:46,469][gurobipy][INFO] - No other solutions better than 0.19353
[2025-01-29 09:17:46,469][gurobipy][INFO] - 
[2025-01-29 09:17:46,469][gurobipy][INFO] - Optimal solution found (tolerance 1.00e-04)
[2025-01-29 09:17:46,469][gurobipy][INFO] - Best objective 1.935295334179e-01, best bound 1.935295334179e-01, gap 0.0000%
[2025-01-29 09:17:46,482][__main__][INFO] - Finished size 13989 (3/5)
[2025-01-29 09:17:49,030][gurobipy][INFO] - Set parameter TimeLimit to value 600
[2025-01-29 09:17:49,037][gurobipy][INFO] - Gurobi Optimizer version 11.0.2 build v11.0.2rc0 (linux64)
[2025-01-29 09:17:49,037][gurobipy][INFO] - 
[2025-01-29 09:17:49,048][gurobipy][INFO] - CPU model: Intel(R) Xeon(R) Gold 6136 CPU @ 3.00GHz, instruction set [SSE2|AVX|AVX2|AVX512]
[2025-01-29 09:17:49,048][gurobipy][INFO] - Thread count: 24 physical cores, 48 logical processors, using up to 24 threads
[2025-01-29 09:17:49,049][gurobipy][INFO] - 
[2025-01-29 09:17:49,049][gurobipy][INFO] - Optimize a model with 22543 rows, 834 columns and 61989 nonzeros
[2025-01-29 09:17:49,049][gurobipy][INFO] - Model fingerprint: 0x90f3947a
[2025-01-29 09:17:49,049][gurobipy][INFO] - Variable types: 806 continuous, 28 integer (28 binary)
[2025-01-29 09:17:49,049][gurobipy][INFO] - Coefficient statistics:
[2025-01-29 09:17:49,049][gurobipy][INFO] -   Matrix range     [3e-05, 2e+00]
[2025-01-29 09:17:49,049][gurobipy][INFO] -   Objective range  [1e+00, 1e+00]
[2025-01-29 09:17:49,049][gurobipy][INFO] -   Bounds range     [1e+00, 1e+00]
[2025-01-29 09:17:49,049][gurobipy][INFO] -   RHS range        [1e+00, 1e+01]
[2025-01-29 09:17:49,053][gurobipy][INFO] - Found heuristic solution: objective 0.0000000
[2025-01-29 09:17:49,194][gurobipy][INFO] - Presolve removed 4020 rows and 1 columns
[2025-01-29 09:17:49,194][gurobipy][INFO] - Presolve time: 0.14s
[2025-01-29 09:17:49,194][gurobipy][INFO] - Presolved: 18523 rows, 833 columns, 56369 nonzeros
[2025-01-29 09:17:49,206][gurobipy][INFO] - Variable types: 806 continuous, 27 integer (27 binary)
[2025-01-29 09:17:49,230][gurobipy][INFO] - Root relaxation presolved: 18523 rows, 833 columns, 56369 nonzeros
[2025-01-29 09:17:49,230][gurobipy][INFO] - 
[2025-01-29 09:17:49,256][gurobipy][INFO] - 
[2025-01-29 09:17:49,257][gurobipy][INFO] - Root relaxation: objective 1.000000e+00, 342 iterations, 0.05 seconds (0.07 work units)
[2025-01-29 09:17:49,265][gurobipy][INFO] - 
[2025-01-29 09:17:49,265][gurobipy][INFO] -     Nodes    |    Current Node    |     Objective Bounds      |     Work
[2025-01-29 09:17:49,265][gurobipy][INFO] -  Expl Unexpl |  Obj  Depth IntInf | Incumbent    BestBd   Gap | It/Node Time
[2025-01-29 09:17:49,265][gurobipy][INFO] - 
[2025-01-29 09:17:49,265][gurobipy][INFO] -      0     0    1.00000    0    9    0.00000    1.00000      -     -    0s
[2025-01-29 09:17:49,468][gurobipy][INFO] -      0     0    1.00000    0   25    0.00000    1.00000      -     -    0s
[2025-01-29 09:17:49,554][gurobipy][INFO] -      0     0    1.00000    0   25    0.00000    1.00000      -     -    0s
[2025-01-29 09:17:49,810][gurobipy][INFO] - H    0     0                       0.0315080    1.00000  3074%     -    0s
[2025-01-29 09:17:51,403][gurobipy][INFO] - H    0     0                       0.0394699    1.00000  2434%     -    2s
[2025-01-29 09:17:51,403][gurobipy][INFO] - H    0     0                       0.1930941    1.00000   418%     -    2s
[2025-01-29 09:17:51,541][gurobipy][INFO] -      0     0    0.88875    0   13    0.19309    0.88875   360%     -    2s
[2025-01-29 09:17:52,150][gurobipy][INFO] - 
[2025-01-29 09:17:52,150][gurobipy][INFO] - Cutting planes:
[2025-01-29 09:17:52,150][gurobipy][INFO] -   Cover: 1
[2025-01-29 09:17:52,150][gurobipy][INFO] -   MIR: 8
[2025-01-29 09:17:52,151][gurobipy][INFO] - 
[2025-01-29 09:17:52,151][gurobipy][INFO] - Explored 1 nodes (6006 simplex iterations) in 3.10 seconds (4.34 work units)
[2025-01-29 09:17:52,151][gurobipy][INFO] - Thread count was 24 (of 48 available processors)
[2025-01-29 09:17:52,151][gurobipy][INFO] - 
[2025-01-29 09:17:52,151][gurobipy][INFO] - Solution count 4: 0.193094 0.0394699 0.031508 1.44329e-14 
[2025-01-29 09:17:52,151][gurobipy][INFO] - No other solutions better than 0.193094
[2025-01-29 09:17:52,151][gurobipy][INFO] - 
[2025-01-29 09:17:52,151][gurobipy][INFO] - Optimal solution found (tolerance 1.00e-04)
[2025-01-29 09:17:52,151][gurobipy][INFO] - Best objective 1.930940820728e-01, best bound 1.930940820728e-01, gap 0.0000%
[2025-01-29 09:17:52,172][__main__][INFO] - Finished size 52317 (4/5)
[2025-01-29 09:17:56,838][gurobipy][INFO] - Set parameter TimeLimit to value 600
[2025-01-29 09:17:56,847][gurobipy][INFO] - Gurobi Optimizer version 11.0.2 build v11.0.2rc0 (linux64)
[2025-01-29 09:17:56,847][gurobipy][INFO] - 
[2025-01-29 09:17:56,859][gurobipy][INFO] - CPU model: Intel(R) Xeon(R) Gold 6136 CPU @ 3.00GHz, instruction set [SSE2|AVX|AVX2|AVX512]
[2025-01-29 09:17:56,859][gurobipy][INFO] - Thread count: 24 physical cores, 48 logical processors, using up to 24 threads
[2025-01-29 09:17:56,859][gurobipy][INFO] - 
[2025-01-29 09:17:56,859][gurobipy][INFO] - Optimize a model with 29319 rows, 1076 columns and 80623 nonzeros
[2025-01-29 09:17:56,860][gurobipy][INFO] - Model fingerprint: 0xdf29cd0d
[2025-01-29 09:17:56,860][gurobipy][INFO] - Variable types: 1048 continuous, 28 integer (28 binary)
[2025-01-29 09:17:56,860][gurobipy][INFO] - Coefficient statistics:
[2025-01-29 09:17:56,860][gurobipy][INFO] -   Matrix range     [9e-06, 2e+00]
[2025-01-29 09:17:56,860][gurobipy][INFO] -   Objective range  [1e+00, 1e+00]
[2025-01-29 09:17:56,861][gurobipy][INFO] -   Bounds range     [1e+00, 1e+00]
[2025-01-29 09:17:56,861][gurobipy][INFO] -   RHS range        [1e+00, 1e+01]
[2025-01-29 09:17:56,866][gurobipy][INFO] - Found heuristic solution: objective 0.0000000
[2025-01-29 09:17:57,002][gurobipy][INFO] - Presolve removed 4188 rows and 0 columns
[2025-01-29 09:17:57,002][gurobipy][INFO] - Presolve time: 0.14s
[2025-01-29 09:17:57,002][gurobipy][INFO] - Presolved: 25131 rows, 1076 columns, 76435 nonzeros
[2025-01-29 09:17:57,019][gurobipy][INFO] - Variable types: 1048 continuous, 28 integer (28 binary)
[2025-01-29 09:17:57,052][gurobipy][INFO] - Root relaxation presolved: 1076 rows, 26207 columns, 77511 nonzeros
[2025-01-29 09:17:57,052][gurobipy][INFO] - 
[2025-01-29 09:17:57,092][gurobipy][INFO] - 
[2025-01-29 09:17:57,092][gurobipy][INFO] - Root relaxation: objective 1.000000e+00, 1096 iterations, 0.07 seconds (0.11 work units)
[2025-01-29 09:17:57,098][gurobipy][INFO] - 
[2025-01-29 09:17:57,098][gurobipy][INFO] -     Nodes    |    Current Node    |     Objective Bounds      |     Work
[2025-01-29 09:17:57,098][gurobipy][INFO] -  Expl Unexpl |  Obj  Depth IntInf | Incumbent    BestBd   Gap | It/Node Time
[2025-01-29 09:17:57,098][gurobipy][INFO] - 
[2025-01-29 09:17:57,098][gurobipy][INFO] -      0     0    1.00000    0    1    0.00000    1.00000      -     -    0s
[2025-01-29 09:17:57,099][gurobipy][INFO] - H    0     0                       0.0000071    1.00000      -     -    0s
[2025-01-29 09:17:57,281][gurobipy][INFO] -      0     0    1.00000    0   18    0.00001    1.00000      -     -    0s
[2025-01-29 09:17:57,395][gurobipy][INFO] - H    0     0                       0.0838000    1.00000  1093%     -    0s
[2025-01-29 09:18:00,302][gurobipy][INFO] - H    0     0                       0.1938762    0.94400   387%     -    3s
[2025-01-29 09:18:00,478][gurobipy][INFO] -      0     0    0.94400    0   15    0.19388    0.94400   387%     -    3s
[2025-01-29 09:18:01,013][gurobipy][INFO] -      0     0    0.94400    0   20    0.19388    0.94400   387%     -    4s
[2025-01-29 09:18:01,354][gurobipy][INFO] -      0     0    0.19388    0   20    0.19388    0.19388  0.00%     -    4s
[2025-01-29 09:18:01,355][gurobipy][INFO] - 
[2025-01-29 09:18:01,355][gurobipy][INFO] - Cutting planes:
[2025-01-29 09:18:01,355][gurobipy][INFO] -   MIR: 4
[2025-01-29 09:18:01,356][gurobipy][INFO] - 
[2025-01-29 09:18:01,356][gurobipy][INFO] - Explored 1 nodes (8732 simplex iterations) in 4.50 seconds (6.73 work units)
[2025-01-29 09:18:01,356][gurobipy][INFO] - Thread count was 24 (of 48 available processors)
[2025-01-29 09:18:01,357][gurobipy][INFO] - 
[2025-01-29 09:18:01,357][gurobipy][INFO] - Solution count 4: 0.193876 0.0838 7.12679e-06 8.21565e-15 
[2025-01-29 09:18:01,357][gurobipy][INFO] - No other solutions better than 0.193876
[2025-01-29 09:18:01,357][gurobipy][INFO] - 
[2025-01-29 09:18:01,357][gurobipy][INFO] - Optimal solution found (tolerance 1.00e-04)
[2025-01-29 09:18:01,357][gurobipy][INFO] - Best objective 1.938762318093e-01, best bound 1.938762318093e-01, gap 0.0000%
[2025-01-29 09:18:01,391][__main__][INFO] - Finished size 195665 (5/5)
