[2025-01-29 09:38:18,232][gurobipy][INFO] - Set parameter TimeLimit to value 600
[2025-01-29 09:38:18,243][gurobipy][INFO] - Gurobi Optimizer version 11.0.2 build v11.0.2rc0 (linux64)
[2025-01-29 09:38:18,243][gurobipy][INFO] - 
[2025-01-29 09:38:18,256][gurobipy][INFO] - CPU model: AMD EPYC 7543 32-Core Processor, instruction set [SSE2|AVX|AVX2]
[2025-01-29 09:38:18,256][gurobipy][INFO] - Thread count: 64 physical cores, 128 logical processors, using up to 32 threads
[2025-01-29 09:38:18,256][gurobipy][INFO] - 
[2025-01-29 09:38:18,256][gurobipy][INFO] - Optimize a model with 53793 rows, 882 columns and 139369 nonzeros
[2025-01-29 09:38:18,258][gurobipy][INFO] - Model fingerprint: 0x415b7f48
[2025-01-29 09:38:18,258][gurobipy][INFO] - Variable types: 816 continuous, 66 integer (66 binary)
[2025-01-29 09:38:18,258][gurobipy][INFO] - Coefficient statistics:
[2025-01-29 09:38:18,258][gurobipy][INFO] -   Matrix range     [2e-03, 2e+00]
[2025-01-29 09:38:18,258][gurobipy][INFO] -   Objective range  [1e+00, 1e+00]
[2025-01-29 09:38:18,258][gurobipy][INFO] -   Bounds range     [1e+00, 1e+00]
[2025-01-29 09:38:18,258][gurobipy][INFO] -   RHS range        [1e+00, 1e+01]
[2025-01-29 09:38:18,265][gurobipy][INFO] - Found heuristic solution: objective 0.0000000
[2025-01-29 09:38:18,520][gurobipy][INFO] - Presolve removed 17094 rows and 7 columns
[2025-01-29 09:38:18,520][gurobipy][INFO] - Presolve time: 0.25s
[2025-01-29 09:38:18,520][gurobipy][INFO] - Presolved: 36699 rows, 875 columns, 110907 nonzeros
[2025-01-29 09:38:18,544][gurobipy][INFO] - Variable types: 816 continuous, 59 integer (59 binary)
[2025-01-29 09:38:18,576][gurobipy][INFO] - Root relaxation presolved: 875 rows, 37574 columns, 111782 nonzeros
[2025-01-29 09:38:18,576][gurobipy][INFO] - 
[2025-01-29 09:38:18,601][gurobipy][INFO] - 
[2025-01-29 09:38:18,601][gurobipy][INFO] - Root relaxation: objective 1.000000e+00, 846 iterations, 0.06 seconds (0.14 work units)
[2025-01-29 09:38:18,608][gurobipy][INFO] - 
[2025-01-29 09:38:18,608][gurobipy][INFO] -     Nodes    |    Current Node    |     Objective Bounds      |     Work
[2025-01-29 09:38:18,608][gurobipy][INFO] -  Expl Unexpl |  Obj  Depth IntInf | Incumbent    BestBd   Gap | It/Node Time
[2025-01-29 09:38:18,608][gurobipy][INFO] - 
[2025-01-29 09:38:18,609][gurobipy][INFO] -      0     0    1.00000    0    2    0.00000    1.00000      -     -    0s
[2025-01-29 09:38:18,614][gurobipy][INFO] - H    0     0                       0.0114549    1.00000  8630%     -    0s
[2025-01-29 09:38:18,637][gurobipy][INFO] - H    0     0                       0.0133346    1.00000  7399%     -    0s
[2025-01-29 09:38:19,470][gurobipy][INFO] - H    0     0                       0.1483998    1.00000   574%     -    1s
[2025-01-29 09:38:19,525][gurobipy][INFO] -      0     0    1.00000    0   59    0.14840    1.00000   574%     -    1s
[2025-01-29 09:38:19,767][gurobipy][INFO] -      0     0    1.00000    0   23    0.14840    1.00000   574%     -    1s
[2025-01-29 09:38:19,777][gurobipy][INFO] - H    0     0                       0.1541193    1.00000   549%     -    1s
[2025-01-29 09:38:20,218][gurobipy][INFO] - H    0     0                       0.7338378    1.00000  36.3%     -    1s
[2025-01-29 09:38:20,465][gurobipy][INFO] -      0     0    1.00000    0   15    0.73384    1.00000  36.3%     -    2s
[2025-01-29 09:38:20,515][gurobipy][INFO] - 
[2025-01-29 09:38:20,516][gurobipy][INFO] - Cutting planes:
[2025-01-29 09:38:20,516][gurobipy][INFO] -   MIR: 4
[2025-01-29 09:38:20,517][gurobipy][INFO] - 
[2025-01-29 09:38:20,517][gurobipy][INFO] - Explored 1 nodes (5133 simplex iterations) in 2.26 seconds (3.68 work units)
[2025-01-29 09:38:20,517][gurobipy][INFO] - Thread count was 32 (of 128 available processors)
[2025-01-29 09:38:20,517][gurobipy][INFO] - 
[2025-01-29 09:38:20,517][gurobipy][INFO] - Solution count 6: 0.733838 0.154119 0.1484 ... 1.4877e-14
[2025-01-29 09:38:20,517][gurobipy][INFO] - No other solutions better than 0.733838
[2025-01-29 09:38:20,517][gurobipy][INFO] - 
[2025-01-29 09:38:20,517][gurobipy][INFO] - Optimal solution found (tolerance 1.00e-04)
[2025-01-29 09:38:20,517][gurobipy][INFO] - Best objective 7.338377996273e-01, best bound 7.338377996273e-01, gap 0.0000%
[2025-01-29 09:38:20,549][__main__][INFO] - Finished size 1000 (1/5)
[2025-01-29 09:38:29,456][gurobipy][INFO] - Set parameter TimeLimit to value 600
[2025-01-29 09:38:29,476][gurobipy][INFO] - Gurobi Optimizer version 11.0.2 build v11.0.2rc0 (linux64)
[2025-01-29 09:38:29,476][gurobipy][INFO] - 
[2025-01-29 09:38:29,487][gurobipy][INFO] - CPU model: AMD EPYC 7543 32-Core Processor, instruction set [SSE2|AVX|AVX2]
[2025-01-29 09:38:29,487][gurobipy][INFO] - Thread count: 64 physical cores, 128 logical processors, using up to 32 threads
[2025-01-29 09:38:29,487][gurobipy][INFO] - 
[2025-01-29 09:38:29,487][gurobipy][INFO] - Optimize a model with 91941 rows, 1460 columns and 238207 nonzeros
[2025-01-29 09:38:29,489][gurobipy][INFO] - Model fingerprint: 0x0eb876c7
[2025-01-29 09:38:29,489][gurobipy][INFO] - Variable types: 1394 continuous, 66 integer (66 binary)
[2025-01-29 09:38:29,489][gurobipy][INFO] - Coefficient statistics:
[2025-01-29 09:38:29,490][gurobipy][INFO] -   Matrix range     [1e-03, 2e+00]
[2025-01-29 09:38:29,490][gurobipy][INFO] -   Objective range  [1e+00, 1e+00]
[2025-01-29 09:38:29,490][gurobipy][INFO] -   Bounds range     [1e+00, 1e+00]
[2025-01-29 09:38:29,490][gurobipy][INFO] -   RHS range        [1e+00, 1e+01]
[2025-01-29 09:38:29,502][gurobipy][INFO] - Found heuristic solution: objective -0.0000000
[2025-01-29 09:38:30,027][gurobipy][INFO] - Presolve removed 25068 rows and 4 columns
[2025-01-29 09:38:30,027][gurobipy][INFO] - Presolve time: 0.53s
[2025-01-29 09:38:30,028][gurobipy][INFO] - Presolved: 66873 rows, 1456 columns, 202007 nonzeros
[2025-01-29 09:38:30,074][gurobipy][INFO] - Variable types: 1394 continuous, 62 integer (62 binary)
[2025-01-29 09:38:30,135][gurobipy][INFO] - Root relaxation presolved: 1456 rows, 68329 columns, 203463 nonzeros
[2025-01-29 09:38:30,136][gurobipy][INFO] - 
[2025-01-29 09:38:30,466][gurobipy][INFO] - 
[2025-01-29 09:38:30,466][gurobipy][INFO] - Root relaxation: objective 1.000000e+00, 2159 iterations, 0.39 seconds (1.30 work units)
[2025-01-29 09:38:30,475][gurobipy][INFO] - 
[2025-01-29 09:38:30,475][gurobipy][INFO] -     Nodes    |    Current Node    |     Objective Bounds      |     Work
[2025-01-29 09:38:30,475][gurobipy][INFO] -  Expl Unexpl |  Obj  Depth IntInf | Incumbent    BestBd   Gap | It/Node Time
[2025-01-29 09:38:30,475][gurobipy][INFO] - 
[2025-01-29 09:38:30,475][gurobipy][INFO] -      0     0    1.00000    0    1   -0.00000    1.00000      -     -    0s
[2025-01-29 09:38:30,485][gurobipy][INFO] - H    0     0                       0.0097182    1.00000      -     -    0s
[2025-01-29 09:38:30,520][gurobipy][INFO] - H    0     0                       0.0533852    1.00000  1773%     -    1s
[2025-01-29 09:38:30,575][gurobipy][INFO] - H    0     0                       0.0683576    1.00000  1363%     -    1s
[2025-01-29 09:38:31,430][gurobipy][INFO] -      0     0    1.00000    0   40    0.06836    1.00000  1363%     -    1s
[2025-01-29 09:38:31,479][gurobipy][INFO] -      0     0    1.00000    0   25    0.06836    1.00000  1363%     -    1s
[2025-01-29 09:38:31,500][gurobipy][INFO] - H    0     0                       0.1321510    1.00000   657%     -    2s
[2025-01-29 09:38:31,686][gurobipy][INFO] -      0     0    1.00000    0   20    0.13215    1.00000   657%     -    2s
[2025-01-29 09:38:32,498][gurobipy][INFO] -      0     0    1.00000    0    6    0.13215    1.00000   657%     -    3s
[2025-01-29 09:38:33,051][gurobipy][INFO] -      0     0    1.00000    0   18    0.13215    1.00000   657%     -    3s
[2025-01-29 09:38:33,101][gurobipy][INFO] - H    0     0                       0.1420019    1.00000   604%     -    3s
[2025-01-29 09:38:33,195][gurobipy][INFO] - H    0     0                       0.6985779    1.00000  43.1%     -    3s
[2025-01-29 09:38:33,809][gurobipy][INFO] -      0     0    1.00000    0   15    0.69858    1.00000  43.1%     -    4s
[2025-01-29 09:38:33,941][gurobipy][INFO] - 
[2025-01-29 09:38:33,941][gurobipy][INFO] - Cutting planes:
[2025-01-29 09:38:33,941][gurobipy][INFO] -   Implied bound: 1
[2025-01-29 09:38:33,941][gurobipy][INFO] -   MIR: 12
[2025-01-29 09:38:33,942][gurobipy][INFO] -   RLT: 4
[2025-01-29 09:38:33,945][gurobipy][INFO] - 
[2025-01-29 09:38:33,945][gurobipy][INFO] - Explored 1 nodes (9338 simplex iterations) in 4.46 seconds (7.98 work units)
[2025-01-29 09:38:33,945][gurobipy][INFO] - Thread count was 32 (of 128 available processors)
[2025-01-29 09:38:33,946][gurobipy][INFO] - 
[2025-01-29 09:38:33,946][gurobipy][INFO] - Solution count 7: 0.698578 0.142002 0.132151 ... -0
[2025-01-29 09:38:33,946][gurobipy][INFO] - No other solutions better than 0.698578
[2025-01-29 09:38:33,946][gurobipy][INFO] - 
[2025-01-29 09:38:33,946][gurobipy][INFO] - Optimal solution found (tolerance 1.00e-04)
[2025-01-29 09:38:33,947][gurobipy][INFO] - Best objective 6.985779073534e-01, best bound 6.985779073534e-01, gap 0.0000%
[2025-01-29 09:38:34,001][__main__][INFO] - Finished size 1929 (2/5)
[2025-01-29 09:38:46,530][gurobipy][INFO] - Set parameter TimeLimit to value 600
[2025-01-29 09:38:46,561][gurobipy][INFO] - Gurobi Optimizer version 11.0.2 build v11.0.2rc0 (linux64)
[2025-01-29 09:38:46,561][gurobipy][INFO] - 
[2025-01-29 09:38:46,573][gurobipy][INFO] - CPU model: AMD EPYC 7543 32-Core Processor, instruction set [SSE2|AVX|AVX2]
[2025-01-29 09:38:46,573][gurobipy][INFO] - Thread count: 64 physical cores, 128 logical processors, using up to 32 threads
[2025-01-29 09:38:46,573][gurobipy][INFO] - 
[2025-01-29 09:38:46,573][gurobipy][INFO] - Optimize a model with 154707 rows, 2411 columns and 400828 nonzeros
[2025-01-29 09:38:46,577][gurobipy][INFO] - Model fingerprint: 0xda9368f7
[2025-01-29 09:38:46,577][gurobipy][INFO] - Variable types: 2345 continuous, 66 integer (66 binary)
[2025-01-29 09:38:46,577][gurobipy][INFO] - Coefficient statistics:
[2025-01-29 09:38:46,577][gurobipy][INFO] -   Matrix range     [5e-04, 2e+00]
[2025-01-29 09:38:46,577][gurobipy][INFO] -   Objective range  [1e+00, 1e+00]
[2025-01-29 09:38:46,577][gurobipy][INFO] -   Bounds range     [1e+00, 1e+00]
[2025-01-29 09:38:46,577][gurobipy][INFO] -   RHS range        [1e+00, 1e+01]
[2025-01-29 09:38:46,598][gurobipy][INFO] - Found heuristic solution: objective 0.0000000
[2025-01-29 09:38:47,338][gurobipy][INFO] - Presolve removed 42174 rows and 4 columns
[2025-01-29 09:38:47,338][gurobipy][INFO] - Presolve time: 0.74s
[2025-01-29 09:38:47,338][gurobipy][INFO] - Presolved: 112533 rows, 2407 columns, 339938 nonzeros
[2025-01-29 09:38:47,411][gurobipy][INFO] - Variable types: 2345 continuous, 62 integer (62 binary)
[2025-01-29 09:38:47,518][gurobipy][INFO] - Root relaxation presolved: 2407 rows, 114940 columns, 342345 nonzeros
[2025-01-29 09:38:47,518][gurobipy][INFO] - 
[2025-01-29 09:38:47,577][gurobipy][INFO] - 
[2025-01-29 09:38:47,577][gurobipy][INFO] - Root relaxation: objective 1.000000e+00, 280 iterations, 0.16 seconds (0.34 work units)
[2025-01-29 09:38:47,594][gurobipy][INFO] - 
[2025-01-29 09:38:47,594][gurobipy][INFO] -     Nodes    |    Current Node    |     Objective Bounds      |     Work
[2025-01-29 09:38:47,594][gurobipy][INFO] -  Expl Unexpl |  Obj  Depth IntInf | Incumbent    BestBd   Gap | It/Node Time
[2025-01-29 09:38:47,594][gurobipy][INFO] - 
[2025-01-29 09:38:47,594][gurobipy][INFO] -      0     0    1.00000    0    3    0.00000    1.00000      -     -    1s
[2025-01-29 09:38:47,722][gurobipy][INFO] - H    0     0                       0.0317484    1.00000  3050%     -    1s
[2025-01-29 09:38:47,763][gurobipy][INFO] - H    0     0                       0.0637610    1.00000  1468%     -    1s
[2025-01-29 09:38:47,811][gurobipy][INFO] - H    0     0                       0.0675720    1.00000  1380%     -    1s
[2025-01-29 09:38:52,570][gurobipy][INFO] -      0     0    1.00000    0   62    0.06757    1.00000  1380%     -    5s
[2025-01-29 09:38:53,152][gurobipy][INFO] -      0     0    1.00000    0   44    0.06757    1.00000  1380%     -    6s
[2025-01-29 09:38:53,221][gurobipy][INFO] - H    0     0                       0.1492193    1.00000   570%     -    6s
[2025-01-29 09:38:53,691][gurobipy][INFO] -      0     0    1.00000    0   35    0.14922    1.00000   570%     -    7s
[2025-01-29 09:38:54,919][gurobipy][INFO] -      0     0    1.00000    0    8    0.14922    1.00000   570%     -    8s
[2025-01-29 09:38:54,943][gurobipy][INFO] - H    0     0                       0.3599093    1.00000   178%     -    8s
[2025-01-29 09:38:55,827][gurobipy][INFO] -      0     0    1.00000    0   14    0.35991    1.00000   178%     -    9s
[2025-01-29 09:38:56,109][gurobipy][INFO] -      0     0    1.00000    0   15    0.35991    1.00000   178%     -    9s
[2025-01-29 09:38:57,085][gurobipy][INFO] -      0     0    1.00000    0   14    0.35991    1.00000   178%     -   10s
[2025-01-29 09:38:57,871][gurobipy][INFO] -      0     0    1.00000    0    1    0.35991    1.00000   178%     -   11s
[2025-01-29 09:38:58,217][gurobipy][INFO] -      0     0    1.00000    0   30    0.35991    1.00000   178%     -   11s
[2025-01-29 09:38:58,235][gurobipy][INFO] - H    0     0                       0.6883925    1.00000  45.3%     -   11s
[2025-01-29 09:38:58,293][gurobipy][INFO] -      0     0    1.00000    0   31    0.68839    1.00000  45.3%     -   11s
[2025-01-29 09:38:58,716][gurobipy][INFO] - H    0     0                       0.7009518    1.00000  42.7%     -   12s
[2025-01-29 09:38:58,716][gurobipy][INFO] -      0     0    0.70095    0   17    0.70095    0.70095  0.00%     -   12s
[2025-01-29 09:38:58,717][gurobipy][INFO] - 
[2025-01-29 09:38:58,717][gurobipy][INFO] - Cutting planes:
[2025-01-29 09:38:58,717][gurobipy][INFO] -   Gomory: 1
[2025-01-29 09:38:58,717][gurobipy][INFO] -   Cover: 1
[2025-01-29 09:38:58,717][gurobipy][INFO] -   MIR: 79
[2025-01-29 09:38:58,717][gurobipy][INFO] -   GUB cover: 1
[2025-01-29 09:38:58,717][gurobipy][INFO] -   RLT: 8
[2025-01-29 09:38:58,720][gurobipy][INFO] - 
[2025-01-29 09:38:58,720][gurobipy][INFO] - Explored 1 nodes (24469 simplex iterations) in 12.15 seconds (25.02 work units)
[2025-01-29 09:38:58,720][gurobipy][INFO] - Thread count was 32 (of 128 available processors)
[2025-01-29 09:38:58,720][gurobipy][INFO] - 
[2025-01-29 09:38:58,720][gurobipy][INFO] - Solution count 9: 0.700952 0.688392 0.359909 ... 4.81837e-14
[2025-01-29 09:38:58,720][gurobipy][INFO] - No other solutions better than 0.700952
[2025-01-29 09:38:58,720][gurobipy][INFO] - 
[2025-01-29 09:38:58,720][gurobipy][INFO] - Optimal solution found (tolerance 1.00e-04)
[2025-01-29 09:38:58,721][gurobipy][INFO] - Best objective 7.009518025369e-01, best bound 7.009518025369e-01, gap 0.0000%
[2025-01-29 09:38:58,814][__main__][INFO] - Finished size 3720 (3/5)
[2025-01-29 09:39:18,503][gurobipy][INFO] - Set parameter TimeLimit to value 600
[2025-01-29 09:39:18,551][gurobipy][INFO] - Gurobi Optimizer version 11.0.2 build v11.0.2rc0 (linux64)
[2025-01-29 09:39:18,551][gurobipy][INFO] - 
[2025-01-29 09:39:18,563][gurobipy][INFO] - CPU model: AMD EPYC 7543 32-Core Processor, instruction set [SSE2|AVX|AVX2]
[2025-01-29 09:39:18,563][gurobipy][INFO] - Thread count: 64 physical cores, 128 logical processors, using up to 32 threads
[2025-01-29 09:39:18,563][gurobipy][INFO] - 
[2025-01-29 09:39:18,563][gurobipy][INFO] - Optimize a model with 242619 rows, 3743 columns and 628600 nonzeros
[2025-01-29 09:39:18,568][gurobipy][INFO] - Model fingerprint: 0x6fad64a5
[2025-01-29 09:39:18,569][gurobipy][INFO] - Variable types: 3677 continuous, 66 integer (66 binary)
[2025-01-29 09:39:18,569][gurobipy][INFO] - Coefficient statistics:
[2025-01-29 09:39:18,569][gurobipy][INFO] -   Matrix range     [3e-04, 2e+00]
[2025-01-29 09:39:18,569][gurobipy][INFO] -   Objective range  [1e+00, 1e+00]
[2025-01-29 09:39:18,569][gurobipy][INFO] -   Bounds range     [1e+00, 1e+00]
[2025-01-29 09:39:18,569][gurobipy][INFO] -   RHS range        [1e+00, 1e+01]
[2025-01-29 09:39:18,602][gurobipy][INFO] - Found heuristic solution: objective 0.0000000
[2025-01-29 09:39:19,774][gurobipy][INFO] - Presolve removed 58814 rows and 2 columns
[2025-01-29 09:39:19,774][gurobipy][INFO] - Presolve time: 1.17s
[2025-01-29 09:39:19,774][gurobipy][INFO] - Presolved: 183805 rows, 3741 columns, 555086 nonzeros
[2025-01-29 09:39:19,891][gurobipy][INFO] - Variable types: 3677 continuous, 64 integer (64 binary)
[2025-01-29 09:39:20,066][gurobipy][INFO] - Root relaxation presolved: 3741 rows, 187546 columns, 558827 nonzeros
[2025-01-29 09:39:20,066][gurobipy][INFO] - 
[2025-01-29 09:39:20,150][gurobipy][INFO] - 
[2025-01-29 09:39:20,150][gurobipy][INFO] - Root relaxation: objective 1.000000e+00, 199 iterations, 0.25 seconds (0.51 work units)
[2025-01-29 09:39:20,191][gurobipy][INFO] - 
[2025-01-29 09:39:20,191][gurobipy][INFO] -     Nodes    |    Current Node    |     Objective Bounds      |     Work
[2025-01-29 09:39:20,191][gurobipy][INFO] -  Expl Unexpl |  Obj  Depth IntInf | Incumbent    BestBd   Gap | It/Node Time
[2025-01-29 09:39:20,191][gurobipy][INFO] - 
[2025-01-29 09:39:20,191][gurobipy][INFO] -      0     0    1.00000    0    6    0.00000    1.00000      -     -    1s
[2025-01-29 09:39:20,224][gurobipy][INFO] - H    0     0                       0.0286891    1.00000  3386%     -    1s
[2025-01-29 09:39:20,307][gurobipy][INFO] - H    0     0                       0.0578015    1.00000  1630%     -    1s
[2025-01-29 09:39:20,786][gurobipy][INFO] -      0     0    1.00000    0    5    0.05780    1.00000  1630%     -    2s
[2025-01-29 09:39:31,487][gurobipy][INFO] -      0     0    1.00000    0   64    0.05780    1.00000  1630%     -   12s
[2025-01-29 09:39:33,993][gurobipy][INFO] -      0     0    1.00000    0   46    0.05780    1.00000  1630%     -   15s
[2025-01-29 09:39:34,014][gurobipy][INFO] -      0     0    1.00000    0   46    0.05780    1.00000  1630%     -   15s
[2025-01-29 09:39:36,876][gurobipy][INFO] -      0     0    1.00000    0    4    0.05780    1.00000  1630%     -   18s
[2025-01-29 09:39:38,571][gurobipy][INFO] -      0     0    1.00000    0    3    0.05780    1.00000  1630%     -   20s
[2025-01-29 09:39:44,084][gurobipy][INFO] -      0     0    1.00000    0   42    0.05780    1.00000  1630%     -   25s
[2025-01-29 09:39:59,238][gurobipy][INFO] -      0     0    1.00000    0   41    0.05780    1.00000  1630%     -   40s
[2025-01-29 09:40:06,790][gurobipy][INFO] -      0     0    1.00000    0   41    0.05780    1.00000  1630%     -   48s
[2025-01-29 09:40:28,756][gurobipy][INFO] -      0     0    1.00000    0   39    0.05780    1.00000  1630%     -   70s
[2025-01-29 09:40:29,672][gurobipy][INFO] - H    0     0                       0.0616054    1.00000  1523%     -   71s
[2025-01-29 09:40:31,457][gurobipy][INFO] -      0     0    1.00000    0   39    0.06161    1.00000  1523%     -   72s
[2025-01-29 09:40:39,429][gurobipy][INFO] -      0     0    1.00000    0   38    0.06161    1.00000  1523%     -   80s
[2025-01-29 09:40:40,158][gurobipy][INFO] - H    0     0                       0.7070199    1.00000  41.4%     -   81s
[2025-01-29 09:40:43,097][gurobipy][INFO] -      0     0    1.00000    0   29    0.70702    1.00000  41.4%     -   84s
[2025-01-29 09:40:46,962][gurobipy][INFO] -      0     0    1.00000    0   29    0.70702    1.00000  41.4%     -   88s
[2025-01-29 09:40:49,180][gurobipy][INFO] -      0     0    1.00000    0   29    0.70702    1.00000  41.4%     -   90s
[2025-01-29 09:40:54,133][gurobipy][INFO] -      0     0    1.00000    0   29    0.70702    1.00000  41.4%     -   95s
[2025-01-29 09:41:00,110][gurobipy][INFO] -      0     0    1.00000    0   29    0.70702    1.00000  41.4%     -  101s
[2025-01-29 09:41:20,966][gurobipy][INFO] -      0     2    1.00000    0   29    0.70702    1.00000  41.4%     -  122s
[2025-01-29 09:41:28,400][gurobipy][INFO] -      1     4    0.95238    1   28    0.70702    1.00000  41.4%  8342  129s
[2025-01-29 09:41:29,366][gurobipy][INFO] -      3     4    0.95000    2   27    0.70702    0.95198  34.6%  5746  130s
[2025-01-29 09:41:34,229][gurobipy][INFO] -     15     6    0.94356    5   28    0.70702    0.94708  34.0%  1363  135s
[2025-01-29 09:41:39,602][gurobipy][INFO] -     37    18    0.94290    8   26    0.70702    0.94390  33.5%   718  141s
[2025-01-29 09:41:44,390][gurobipy][INFO] -    103    18    0.92745   12   22    0.70702    0.93258  31.9%   374  145s
[2025-01-29 09:41:48,711][gurobipy][INFO] -    175    16    0.90191   16   17    0.70702    0.90900  28.6%   281  150s
[2025-01-29 09:41:53,841][gurobipy][INFO] -    248     8    0.82704   21   14    0.70702    0.85091  20.4%   248  155s
[2025-01-29 09:41:59,025][gurobipy][INFO] -    287     3    0.71473   26    9    0.70702    0.71571  1.23%   249  160s
[2025-01-29 09:41:59,086][gurobipy][INFO] - 
[2025-01-29 09:41:59,086][gurobipy][INFO] - Cutting planes:
[2025-01-29 09:41:59,086][gurobipy][INFO] -   Implied bound: 4
[2025-01-29 09:41:59,086][gurobipy][INFO] -   MIR: 7
[2025-01-29 09:41:59,086][gurobipy][INFO] -   RLT: 3
[2025-01-29 09:41:59,091][gurobipy][INFO] - 
[2025-01-29 09:41:59,091][gurobipy][INFO] - Explored 299 nodes (123448 simplex iterations) in 160.53 seconds (368.82 work units)
[2025-01-29 09:41:59,092][gurobipy][INFO] - Thread count was 32 (of 128 available processors)
[2025-01-29 09:41:59,092][gurobipy][INFO] - 
[2025-01-29 09:41:59,092][gurobipy][INFO] - Solution count 5: 0.70702 0.0616054 0.0578015 ... 2.06501e-14
[2025-01-29 09:41:59,092][gurobipy][INFO] - No other solutions better than 0.70702
[2025-01-29 09:41:59,092][gurobipy][INFO] - 
[2025-01-29 09:41:59,092][gurobipy][INFO] - Optimal solution found (tolerance 1.00e-04)
[2025-01-29 09:41:59,094][gurobipy][INFO] - Best objective 7.070199263038e-01, best bound 7.070199263038e-01, gap 0.0000%
[2025-01-29 09:41:59,296][__main__][INFO] - Finished size 7175 (4/5)
[2025-01-29 09:42:29,465][gurobipy][INFO] - Set parameter TimeLimit to value 600
[2025-01-29 09:42:29,545][gurobipy][INFO] - Gurobi Optimizer version 11.0.2 build v11.0.2rc0 (linux64)
[2025-01-29 09:42:29,545][gurobipy][INFO] - 
[2025-01-29 09:42:29,557][gurobipy][INFO] - CPU model: AMD EPYC 7543 32-Core Processor, instruction set [SSE2|AVX|AVX2]
[2025-01-29 09:42:29,557][gurobipy][INFO] - Thread count: 64 physical cores, 128 logical processors, using up to 32 threads
[2025-01-29 09:42:29,557][gurobipy][INFO] - 
[2025-01-29 09:42:29,557][gurobipy][INFO] - Optimize a model with 380889 rows, 5838 columns and 986845 nonzeros
[2025-01-29 09:42:29,566][gurobipy][INFO] - Model fingerprint: 0x9ca1c34b
[2025-01-29 09:42:29,566][gurobipy][INFO] - Variable types: 5772 continuous, 66 integer (66 binary)
[2025-01-29 09:42:29,566][gurobipy][INFO] - Coefficient statistics:
[2025-01-29 09:42:29,566][gurobipy][INFO] -   Matrix range     [1e-04, 2e+00]
[2025-01-29 09:42:29,566][gurobipy][INFO] -   Objective range  [1e+00, 1e+00]
[2025-01-29 09:42:29,566][gurobipy][INFO] -   Bounds range     [1e+00, 1e+00]
[2025-01-29 09:42:29,566][gurobipy][INFO] -   RHS range        [1e+00, 1e+01]
[2025-01-29 09:42:29,620][gurobipy][INFO] - Found heuristic solution: objective -0.0000000
[2025-01-29 09:42:31,571][gurobipy][INFO] - Presolve removed 92331 rows and 2 columns
[2025-01-29 09:42:31,572][gurobipy][INFO] - Presolve time: 1.95s
[2025-01-29 09:42:31,572][gurobipy][INFO] - Presolved: 288558 rows, 5836 columns, 871440 nonzeros
[2025-01-29 09:42:31,755][gurobipy][INFO] - Variable types: 5772 continuous, 64 integer (64 binary)
[2025-01-29 09:42:32,056][gurobipy][INFO] - Root relaxation presolved: 5836 rows, 294394 columns, 877276 nonzeros
[2025-01-29 09:42:32,056][gurobipy][INFO] - 
[2025-01-29 09:42:32,188][gurobipy][INFO] - 
[2025-01-29 09:42:32,188][gurobipy][INFO] - Root relaxation: objective 1.000000e+00, 204 iterations, 0.42 seconds (0.78 work units)
[2025-01-29 09:42:32,257][gurobipy][INFO] - 
[2025-01-29 09:42:32,258][gurobipy][INFO] -     Nodes    |    Current Node    |     Objective Bounds      |     Work
[2025-01-29 09:42:32,258][gurobipy][INFO] -  Expl Unexpl |  Obj  Depth IntInf | Incumbent    BestBd   Gap | It/Node Time
[2025-01-29 09:42:32,258][gurobipy][INFO] - 
[2025-01-29 09:42:32,258][gurobipy][INFO] -      0     0    1.00000    0    4   -0.00000    1.00000      -     -    2s
[2025-01-29 09:42:32,309][gurobipy][INFO] - H    0     0                       0.0041526    1.00000      -     -    2s
[2025-01-29 09:42:32,604][gurobipy][INFO] - H    0     0                       0.0303629    1.00000  3193%     -    3s
[2025-01-29 09:42:33,110][gurobipy][INFO] -      0     0    1.00000    0    4    0.03036    1.00000  3193%     -    3s
[2025-01-29 09:42:37,852][gurobipy][INFO] - H    0     0                       0.0637628    1.00000  1468%     -    8s
[2025-01-29 09:42:37,925][gurobipy][INFO] -      0     0    1.00000    0    3    0.06376    1.00000  1468%     -    8s
[2025-01-29 09:42:38,290][gurobipy][INFO] -      0     0    1.00000    0    3    0.06376    1.00000  1468%     -    8s
[2025-01-29 09:42:44,173][gurobipy][INFO] -      0     0    1.00000    0    2    0.06376    1.00000  1468%     -   14s
[2025-01-29 09:42:44,462][gurobipy][INFO] -      0     0    1.00000    0    3    0.06376    1.00000  1468%     -   14s
[2025-01-29 09:43:12,986][gurobipy][INFO] -      0     0    1.00000    0   64    0.06376    1.00000  1468%     -   43s
[2025-01-29 09:43:17,379][gurobipy][INFO] -      0     0    1.00000    0   42    0.06376    1.00000  1468%     -   47s
[2025-01-29 09:43:18,466][gurobipy][INFO] -      0     0    1.00000    0   42    0.06376    1.00000  1468%     -   48s
[2025-01-29 09:43:30,735][gurobipy][INFO] -      0     0    1.00000    0    3    0.06376    1.00000  1468%     -   61s
[2025-01-29 09:43:34,437][gurobipy][INFO] -      0     0    1.00000    0    6    0.06376    1.00000  1468%     -   64s
[2025-01-29 09:43:42,195][gurobipy][INFO] -      0     0    1.00000    0   39    0.06376    1.00000  1468%     -   72s
[2025-01-29 09:44:01,185][gurobipy][INFO] -      0     0    1.00000    0   40    0.06376    1.00000  1468%     -   91s
[2025-01-29 09:44:02,093][gurobipy][INFO] - H    0     0                       0.0915525    1.00000   992%     -   92s
[2025-01-29 09:44:02,616][gurobipy][INFO] -      0     0    1.00000    0   39    0.09155    1.00000   992%     -   93s
[2025-01-29 09:44:13,593][gurobipy][INFO] -      0     0    1.00000    0   38    0.09155    1.00000   992%     -  104s
[2025-01-29 09:44:15,637][gurobipy][INFO] - H    0     0                       0.7078234    1.00000  41.3%     -  106s
[2025-01-29 09:44:16,919][gurobipy][INFO] -      0     0    1.00000    0   31    0.70782    1.00000  41.3%     -  107s
[2025-01-29 09:44:21,806][gurobipy][INFO] -      0     0    1.00000    0   31    0.70782    1.00000  41.3%     -  112s
[2025-01-29 09:44:22,863][gurobipy][INFO] -      0     0    1.00000    0   31    0.70782    1.00000  41.3%     -  113s
[2025-01-29 09:44:27,724][gurobipy][INFO] -      0     0    1.00000    0   32    0.70782    1.00000  41.3%     -  118s
[2025-01-29 09:44:28,813][gurobipy][INFO] -      0     0    1.00000    0   32    0.70782    1.00000  41.3%     -  119s
[2025-01-29 09:44:34,181][gurobipy][INFO] -      0     0    1.00000    0   32    0.70782    1.00000  41.3%     -  124s
[2025-01-29 09:44:39,955][gurobipy][INFO] -      0     0    1.00000    0   32    0.70782    1.00000  41.3%     -  130s
[2025-01-29 09:45:06,681][gurobipy][INFO] -      0     2    1.00000    0   32    0.70782    1.00000  41.3%     -  157s
[2025-01-29 09:45:11,438][gurobipy][INFO] -      3     2    1.00000    2   24    0.70782    1.00000  41.3%  1483  161s
[2025-01-29 09:45:15,317][gurobipy][INFO] -      7     2    1.00000    4   22    0.70782    1.00000  41.3%   878  165s
[2025-01-29 09:45:20,239][gurobipy][INFO] -     17     2    1.00000    9   16    0.70782    1.00000  41.3%   601  170s
[2025-01-29 09:45:31,897][gurobipy][INFO] -     23     4    0.86152   12   19    0.70782    1.00000  41.3%   692  182s
[2025-01-29 09:45:34,916][gurobipy][INFO] -     29     4    0.81796   14   14    0.70782    0.85485  20.8%   828  185s
[2025-01-29 09:45:40,591][gurobipy][INFO] -     45     2 infeasible   18         0.70782    0.75098  6.10%   663  191s
[2025-01-29 09:45:41,783][gurobipy][INFO] - 
[2025-01-29 09:45:41,784][gurobipy][INFO] - Cutting planes:
[2025-01-29 09:45:41,784][gurobipy][INFO] -   Implied bound: 2
[2025-01-29 09:45:41,784][gurobipy][INFO] -   MIR: 31
[2025-01-29 09:45:41,784][gurobipy][INFO] -   RLT: 7
[2025-01-29 09:45:41,798][gurobipy][INFO] - 
[2025-01-29 09:45:41,798][gurobipy][INFO] - Explored 53 nodes (65870 simplex iterations) in 192.24 seconds (461.26 work units)
[2025-01-29 09:45:41,798][gurobipy][INFO] - Thread count was 32 (of 128 available processors)
[2025-01-29 09:45:41,798][gurobipy][INFO] - 
[2025-01-29 09:45:41,798][gurobipy][INFO] - Solution count 6: 0.707823 0.0915525 0.0637628 ... -0
[2025-01-29 09:45:41,798][gurobipy][INFO] - No other solutions better than 0.707823
[2025-01-29 09:45:41,798][gurobipy][INFO] - 
[2025-01-29 09:45:41,798][gurobipy][INFO] - Optimal solution found (tolerance 1.00e-04)
[2025-01-29 09:45:41,801][gurobipy][INFO] - Best objective 7.078233765255e-01, best bound 7.078233765255e-01, gap 0.0000%
[2025-01-29 09:45:42,065][__main__][INFO] - Finished size 13837 (5/5)
